Looking in indexes: https://us-python.pkg.dev/artifact-foundry-prod/ah-3p-staging-python/simple/
Processing /usr/local/google/home/ssreenithi/my_forks/grpc
  Installing build dependencies: started
  Installing build dependencies: finished with status 'done'
  Getting requirements to build wheel: started
  Getting requirements to build wheel: finished with status 'done'
  Preparing metadata (pyproject.toml): started
  Preparing metadata (pyproject.toml): finished with status 'done'
Requirement already satisfied: typing-extensions~=4.12 in /usr/local/google/home/ssreenithi/.pyenv/versions/3.12.0/envs/pyvenv_312/lib/python3.12/site-packages (from grpcio==1.79.0.dev0) (4.15.0)
Building wheels for collected packages: grpcio
  Building wheel for grpcio (pyproject.toml): started
  Building wheel for grpcio (pyproject.toml): still running...
  Building wheel for grpcio (pyproject.toml): still running...
  Building wheel for grpcio (pyproject.toml): finished with status 'error'
  error: subprocess-exited-with-error
  
  × Building wheel for grpcio (pyproject.toml) did not run successfully.
  │ exit code: 1
  ╰─> [7531 lines of output]
      Found cython-generated files...
      SSE2 not enabled on linux-x86_64 platform
      running bdist_wheel
      running build
      running build_py
      running build_project_metadata
      copying src/python/grpcio/grpc/_utilities.py -> pyb/lib.linux-x86_64-cpython-312/grpc
      copying src/python/grpcio/grpc/_observability.py -> pyb/lib.linux-x86_64-cpython-312/grpc
      copying src/python/grpcio/grpc/_compression.py -> pyb/lib.linux-x86_64-cpython-312/grpc
      copying src/python/grpcio/grpc/_runtime_protos.py -> pyb/lib.linux-x86_64-cpython-312/grpc
      copying src/python/grpcio/grpc/_server.py -> pyb/lib.linux-x86_64-cpython-312/grpc
      copying src/python/grpcio/grpc/_plugin_wrapping.py -> pyb/lib.linux-x86_64-cpython-312/grpc
      copying src/python/grpcio/grpc/_channel.py -> pyb/lib.linux-x86_64-cpython-312/grpc
      copying src/python/grpcio/grpc/__init__.py -> pyb/lib.linux-x86_64-cpython-312/grpc
      copying src/python/grpcio/grpc/_grpcio_metadata.py -> pyb/lib.linux-x86_64-cpython-312/grpc
      copying src/python/grpcio/grpc/_typing.py -> pyb/lib.linux-x86_64-cpython-312/grpc
      copying src/python/grpcio/grpc/_auth.py -> pyb/lib.linux-x86_64-cpython-312/grpc
      copying src/python/grpcio/grpc/_common.py -> pyb/lib.linux-x86_64-cpython-312/grpc
      copying src/python/grpcio/grpc/_interceptor.py -> pyb/lib.linux-x86_64-cpython-312/grpc
      copying src/python/grpcio/grpc/_simple_stubs.py -> pyb/lib.linux-x86_64-cpython-312/grpc
      copying src/python/grpcio/grpc/experimental/gevent.py -> pyb/lib.linux-x86_64-cpython-312/grpc/experimental
      copying src/python/grpcio/grpc/experimental/__init__.py -> pyb/lib.linux-x86_64-cpython-312/grpc/experimental
      copying src/python/grpcio/grpc/experimental/session_cache.py -> pyb/lib.linux-x86_64-cpython-312/grpc/experimental
      copying src/python/grpcio/grpc/beta/_server_adaptations.py -> pyb/lib.linux-x86_64-cpython-312/grpc/beta
      copying src/python/grpcio/grpc/beta/_client_adaptations.py -> pyb/lib.linux-x86_64-cpython-312/grpc/beta
      copying src/python/grpcio/grpc/beta/utilities.py -> pyb/lib.linux-x86_64-cpython-312/grpc/beta
      copying src/python/grpcio/grpc/beta/__init__.py -> pyb/lib.linux-x86_64-cpython-312/grpc/beta
      copying src/python/grpcio/grpc/beta/_metadata.py -> pyb/lib.linux-x86_64-cpython-312/grpc/beta
      copying src/python/grpcio/grpc/beta/implementations.py -> pyb/lib.linux-x86_64-cpython-312/grpc/beta
      copying src/python/grpcio/grpc/beta/interfaces.py -> pyb/lib.linux-x86_64-cpython-312/grpc/beta
      copying src/python/grpcio/grpc/_cython/__init__.py -> pyb/lib.linux-x86_64-cpython-312/grpc/_cython
      copying src/python/grpcio/grpc/aio/_base_channel.py -> pyb/lib.linux-x86_64-cpython-312/grpc/aio
      copying src/python/grpcio/grpc/aio/_server.py -> pyb/lib.linux-x86_64-cpython-312/grpc/aio
      copying src/python/grpcio/grpc/aio/_base_call.py -> pyb/lib.linux-x86_64-cpython-312/grpc/aio
      copying src/python/grpcio/grpc/aio/_channel.py -> pyb/lib.linux-x86_64-cpython-312/grpc/aio
      copying src/python/grpcio/grpc/aio/_call.py -> pyb/lib.linux-x86_64-cpython-312/grpc/aio
      copying src/python/grpcio/grpc/aio/__init__.py -> pyb/lib.linux-x86_64-cpython-312/grpc/aio
      copying src/python/grpcio/grpc/aio/_typing.py -> pyb/lib.linux-x86_64-cpython-312/grpc/aio
      copying src/python/grpcio/grpc/aio/_metadata.py -> pyb/lib.linux-x86_64-cpython-312/grpc/aio
      copying src/python/grpcio/grpc/aio/_utils.py -> pyb/lib.linux-x86_64-cpython-312/grpc/aio
      copying src/python/grpcio/grpc/aio/_base_server.py -> pyb/lib.linux-x86_64-cpython-312/grpc/aio
      copying src/python/grpcio/grpc/aio/_interceptor.py -> pyb/lib.linux-x86_64-cpython-312/grpc/aio
      copying src/python/grpcio/grpc/framework/__init__.py -> pyb/lib.linux-x86_64-cpython-312/grpc/framework
      copying src/python/grpcio/grpc/experimental/aio/__init__.py -> pyb/lib.linux-x86_64-cpython-312/grpc/experimental/aio
      copying src/python/grpcio/grpc/_cython/_cygrpc/__init__.py -> pyb/lib.linux-x86_64-cpython-312/grpc/_cython/_cygrpc
      copying src/python/grpcio/grpc/framework/foundation/stream.py -> pyb/lib.linux-x86_64-cpython-312/grpc/framework/foundation
      copying src/python/grpcio/grpc/framework/foundation/future.py -> pyb/lib.linux-x86_64-cpython-312/grpc/framework/foundation
      copying src/python/grpcio/grpc/framework/foundation/callable_util.py -> pyb/lib.linux-x86_64-cpython-312/grpc/framework/foundation
      copying src/python/grpcio/grpc/framework/foundation/__init__.py -> pyb/lib.linux-x86_64-cpython-312/grpc/framework/foundation
      copying src/python/grpcio/grpc/framework/foundation/logging_pool.py -> pyb/lib.linux-x86_64-cpython-312/grpc/framework/foundation
      copying src/python/grpcio/grpc/framework/foundation/stream_util.py -> pyb/lib.linux-x86_64-cpython-312/grpc/framework/foundation
      copying src/python/grpcio/grpc/framework/foundation/abandonment.py -> pyb/lib.linux-x86_64-cpython-312/grpc/framework/foundation
      copying src/python/grpcio/grpc/framework/interfaces/__init__.py -> pyb/lib.linux-x86_64-cpython-312/grpc/framework/interfaces
      copying src/python/grpcio/grpc/framework/common/style.py -> pyb/lib.linux-x86_64-cpython-312/grpc/framework/common
      copying src/python/grpcio/grpc/framework/common/__init__.py -> pyb/lib.linux-x86_64-cpython-312/grpc/framework/common
      copying src/python/grpcio/grpc/framework/common/cardinality.py -> pyb/lib.linux-x86_64-cpython-312/grpc/framework/common
      copying src/python/grpcio/grpc/framework/interfaces/face/utilities.py -> pyb/lib.linux-x86_64-cpython-312/grpc/framework/interfaces/face
      copying src/python/grpcio/grpc/framework/interfaces/face/__init__.py -> pyb/lib.linux-x86_64-cpython-312/grpc/framework/interfaces/face
      copying src/python/grpcio/grpc/framework/interfaces/face/face.py -> pyb/lib.linux-x86_64-cpython-312/grpc/framework/interfaces/face
      copying src/python/grpcio/grpc/framework/interfaces/base/utilities.py -> pyb/lib.linux-x86_64-cpython-312/grpc/framework/interfaces/base
      copying src/python/grpcio/grpc/framework/interfaces/base/base.py -> pyb/lib.linux-x86_64-cpython-312/grpc/framework/interfaces/base
      copying src/python/grpcio/grpc/framework/interfaces/base/__init__.py -> pyb/lib.linux-x86_64-cpython-312/grpc/framework/interfaces/base
      running egg_info
      writing src/python/grpcio/grpcio.egg-info/PKG-INFO
      writing dependency_links to src/python/grpcio/grpcio.egg-info/dependency_links.txt
      writing requirements to src/python/grpcio/grpcio.egg-info/requires.txt
      writing top-level names to src/python/grpcio/grpcio.egg-info/top_level.txt
      reading manifest file 'src/python/grpcio/grpcio.egg-info/SOURCES.txt'
      reading manifest template 'PYTHON-MANIFEST.in'
      warning: no files found matching '*.c' under directory 'src/python/grpcio/grpc'
      warning: no files found matching '*.h' under directory 'src/python/grpcio/grpc'
      warning: no files found matching '*.inc' under directory 'src/python/grpcio/grpc'
      warning: no files found matching '*.python' under directory 'src/python/grpcio/grpc'
      warning: no previously-included files matching '*.so' found under directory 'src/python/grpcio/grpc/_cython'
      warning: no previously-included files matching '*.pyd' found under directory 'src/python/grpcio/grpc/_cython'
      warning: no files found matching 'src/python/grpcio/precompiled.py'
      adding license file 'LICENSE'
      writing manifest file 'src/python/grpcio/grpcio.egg-info/SOURCES.txt'
      copying src/python/grpcio/grpc/_cython/_credentials/roots.pem -> pyb/lib.linux-x86_64-cpython-312/grpc/_cython/_credentials
      copying src/python/grpcio/grpc/_cython/_credentials/roots.pem -> pyb/lib.linux-x86_64-cpython-312/grpc/_cython/_credentials
      running build_ext
      Found cython-generated files...
      building 'grpc._cython.cygrpc' extension
      g++ -fno-strict-overflow -Wsign-compare -DNDEBUG -g -O3 -Wall -fPIC -D_WIN32_WINNT=1536 -DGRPC_XDS_USER_AGENT_NAME_SUFFIX=\"Python\" -DGRPC_XDS_USER_AGENT_VERSION_SUFFIX=\"1.79.0.dev0\" -DHAVE_CONFIG_H=1 -DGRPC_ENABLE_FORK_SUPPORT=1 -DGRPC_ENABLE_FORK_SUPPORT_DEFAULT=false -DGRPC_PYTHON_BUILD=1 -D__STDC_FORMAT_MACROS "-DPyMODINIT_FUNC=extern \"C\" __attribute__((visibility (\"default\"))) PyObject*" -DGRPC_POSIX_FORK_ALLOW_PTHREAD_ATFORK=1 -Isrc/python/grpcio -Iinclude -I. -Ithird_party/abseil-cpp -Ithird_party/address_sorting/include -Ithird_party/cares/cares/include -Ithird_party/cares -Ithird_party/cares/cares -Ithird_party/cares/cares/src/lib/include -Ithird_party/cares/cares/src/lib -Ithird_party/cares/config_linux -Ithird_party/re2 -Ithird_party/boringssl-with-bazel/src/include -Ithird_party/upb -Isrc/core/ext/upb-gen -Isrc/core/ext/upbdefs-gen -Ithird_party/utf8_range -Ithird_party/xxhash -Ithird_party/zlib -I/usr/local/google/home/ssreenithi/.pyenv/versions/3.12.0/envs/pyvenv_312/include -I/usr/local/google/home/ssreenithi/.pyenv/versions/3.12.0/include/python3.12 -c src/core/call/call_arena_allocator.cc -o pyb/temp.linux-x86_64-cpython-312/src/core/call/call_arena_allocator.o -std=c++17 -fvisibility=hidden -fno-wrapv -fno-exceptions -pthread
      g++ -fno-strict-overflow -Wsign-compare -DNDEBUG -g -O3 -Wall -fPIC -D_WIN32_WINNT=1536 -DGRPC_XDS_USER_AGENT_NAME_SUFFIX=\"Python\" -DGRPC_XDS_USER_AGENT_VERSION_SUFFIX=\"1.79.0.dev0\" -DHAVE_CONFIG_H=1 -DGRPC_ENABLE_FORK_SUPPORT=1 -DGRPC_ENABLE_FORK_SUPPORT_DEFAULT=false -DGRPC_PYTHON_BUILD=1 -D__STDC_FORMAT_MACROS "-DPyMODINIT_FUNC=extern \"C\" __attribute__((visibility (\"default\"))) PyObject*" -DGRPC_POSIX_FORK_ALLOW_PTHREAD_ATFORK=1 -Isrc/python/grpcio -Iinclude -I. -Ithird_party/abseil-cpp -Ithird_party/address_sorting/include -Ithird_party/cares/cares/include -Ithird_party/cares -Ithird_party/cares/cares -Ithird_party/cares/cares/src/lib/include -Ithird_party/cares/cares/src/lib -Ithird_party/cares/config_linux -Ithird_party/re2 -Ithird_party/boringssl-with-bazel/src/include -Ithird_party/upb -Isrc/core/ext/upb-gen -Isrc/core/ext/upbdefs-gen -Ithird_party/utf8_range -Ithird_party/xxhash -Ithird_party/zlib -I/usr/local/google/home/ssreenithi/.pyenv/versions/3.12.0/envs/pyvenv_312/include -I/usr/local/google/home/ssreenithi/.pyenv/versions/3.12.0/include/python3.12 -c src/core/call/metadata.cc -o pyb/temp.linux-x86_64-cpython-312/src/core/call/metadata.o -std=c++17 -fvisibility=hidden -fno-wrapv -fno-exceptions -pthread
      g++ -fno-strict-overflow -Wsign-compare -DNDEBUG -g -O3 -Wall -fPIC -D_WIN32_WINNT=1536 -DGRPC_XDS_USER_AGENT_NAME_SUFFIX=\"Python\" -DGRPC_XDS_USER_AGENT_VERSION_SUFFIX=\"1.79.0.dev0\" -DHAVE_CONFIG_H=1 -DGRPC_ENABLE_FORK_SUPPORT=1 -DGRPC_ENABLE_FORK_SUPPORT_DEFAULT=false -DGRPC_PYTHON_BUILD=1 -D__STDC_FORMAT_MACROS "-DPyMODINIT_FUNC=extern \"C\" __attribute__((visibility (\"default\"))) PyObject*" -DGRPC_POSIX_FORK_ALLOW_PTHREAD_ATFORK=1 -Isrc/python/grpcio -Iinclude -I. -Ithird_party/abseil-cpp -Ithird_party/address_sorting/include -Ithird_party/cares/cares/include -Ithird_party/cares -Ithird_party/cares/cares -Ithird_party/cares/cares/src/lib/include -Ithird_party/cares/cares/src/lib -Ithird_party/cares/config_linux -Ithird_party/re2 -Ithird_party/boringssl-with-bazel/src/include -Ithird_party/upb -Isrc/core/ext/upb-gen -Isrc/core/ext/upbdefs-gen -Ithird_party/utf8_range -Ithird_party/xxhash -Ithird_party/zlib -I/usr/local/google/home/ssreenithi/.pyenv/versions/3.12.0/envs/pyvenv_312/include -I/usr/local/google/home/ssreenithi/.pyenv/versions/3.12.0/include/python3.12 -c src/core/call/status_util.cc -o pyb/temp.linux-x86_64-cpython-312/src/core/call/status_util.o -std=c++17 -fvisibility=hidden -fno-wrapv -fno-exceptions -pthread
      g++ -fno-strict-overflow -Wsign-compare -DNDEBUG -g -O3 -Wall -fPIC -D_WIN32_WINNT=1536 -DGRPC_XDS_USER_AGENT_NAME_SUFFIX=\"Python\" -DGRPC_XDS_USER_AGENT_VERSION_SUFFIX=\"1.79.0.dev0\" -DHAVE_CONFIG_H=1 -DGRPC_ENABLE_FORK_SUPPORT=1 -DGRPC_ENABLE_FORK_SUPPORT_DEFAULT=false -DGRPC_PYTHON_BUILD=1 -D__STDC_FORMAT_MACROS "-DPyMODINIT_FUNC=extern \"C\" __attribute__((visibility (\"default\"))) PyObject*" -DGRPC_POSIX_FORK_ALLOW_PTHREAD_ATFORK=1 -Isrc/python/grpcio -Iinclude -I. -Ithird_party/abseil-cpp -Ithird_party/address_sorting/include -Ithird_party/cares/cares/include -Ithird_party/cares -Ithird_party/cares/cares -Ithird_party/cares/cares/src/lib/include -Ithird_party/cares/cares/src/lib -Ithird_party/cares/config_linux -Ithird_party/re2 -Ithird_party/boringssl-with-bazel/src/include -Ithird_party/upb -Isrc/core/ext/upb-gen -Isrc/core/ext/upbdefs-gen -Ithird_party/utf8_range -Ithird_party/xxhash -Ithird_party/zlib -I/usr/local/google/home/ssreenithi/.pyenv/versions/3.12.0/envs/pyvenv_312/include -I/usr/local/google/home/ssreenithi/.pyenv/versions/3.12.0/include/python3.12 -c src/core/channelz/v2tov1/legacy_api.cc -o pyb/temp.linux-x86_64-cpython-312/src/core/channelz/v2tov1/legacy_api.o -std=c++17 -fvisibility=hidden -fno-wrapv -fno-exceptions -pthread
      g++ -fno-strict-overflow -Wsign-compare -DNDEBUG -g -O3 -Wall -fPIC -D_WIN32_WINNT=1536 -DGRPC_XDS_USER_AGENT_NAME_SUFFIX=\"Python\" -DGRPC_XDS_USER_AGENT_VERSION_SUFFIX=\"1.79.0.dev0\" -DHAVE_CONFIG_H=1 -DGRPC_ENABLE_FORK_SUPPORT=1 -DGRPC_ENABLE_FORK_SUPPORT_DEFAULT=false -DGRPC_PYTHON_BUILD=1 -D__STDC_FORMAT_MACROS "-DPyMODINIT_FUNC=extern \"C\" __attribute__((visibility (\"default\"))) PyObject*" -DGRPC_POSIX_FORK_ALLOW_PTHREAD_ATFORK=1 -Isrc/python/grpcio -Iinclude -I. -Ithird_party/abseil-cpp -Ithird_party/address_sorting/include -Ithird_party/cares/cares/include -Ithird_party/cares -Ithird_party/cares/cares -Ithird_party/cares/cares/src/lib/include -Ithird_party/cares/cares/src/lib -Ithird_party/cares/config_linux -Ithird_party/re2 -Ithird_party/boringssl-with-bazel/src/include -Ithird_party/upb -Isrc/core/ext/upb-gen -Isrc/core/ext/upbdefs-gen -Ithird_party/utf8_range -Ithird_party/xxhash -Ithird_party/zlib -I/usr/local/google/home/ssreenithi/.pyenv/versions/3.12.0/envs/pyvenv_312/include -I/usr/local/google/home/ssreenithi/.pyenv/versions/3.12.0/include/python3.12 -c src/core/client_channel/client_channel_plugin.cc -o pyb/temp.linux-x86_64-cpython-312/src/core/client_channel/client_channel_plugin.o -std=c++17 -fvisibility=hidden -fno-wrapv -fno-exceptions -pthread
      g++ -fno-strict-overflow -Wsign-compare -DNDEBUG -g -O3 -Wall -fPIC -D_WIN32_WINNT=1536 -DGRPC_XDS_USER_AGENT_NAME_SUFFIX=\"Python\" -DGRPC_XDS_USER_AGENT_VERSION_SUFFIX=\"1.79.0.dev0\" -DHAVE_CONFIG_H=1 -DGRPC_ENABLE_FORK_SUPPORT=1 -DGRPC_ENABLE_FORK_SUPPORT_DEFAULT=false -DGRPC_PYTHON_BUILD=1 -D__STDC_FORMAT_MACROS "-DPyMODINIT_FUNC=extern \"C\" __attribute__((visibility (\"default\"))) PyObject*" -DGRPC_POSIX_FORK_ALLOW_PTHREAD_ATFORK=1 -Isrc/python/grpcio -Iinclude -I. -Ithird_party/abseil-cpp -Ithird_party/address_sorting/include -Ithird_party/cares/cares/include -Ithird_party/cares -Ithird_party/cares/cares -Ithird_party/cares/cares/src/lib/include -Ithird_party/cares/cares/src/lib -Ithird_party/cares/config_linux -Ithird_party/re2 -Ithird_party/boringssl-with-bazel/src/include -Ithird_party/upb -Isrc/core/ext/upb-gen -Isrc/core/ext/upbdefs-gen -Ithird_party/utf8_range -Ithird_party/xxhash -Ithird_party/zlib -I/usr/local/google/home/ssreenithi/.pyenv/versions/3.12.0/envs/pyvenv_312/include -I/usr/local/google/home/ssreenithi/.pyenv/versions/3.12.0/include/python3.12 -c src/core/client_channel/local_subchannel_pool.cc -o pyb/temp.linux-x86_64-cpython-312/src/core/client_channel/local_subchannel_pool.o -std=c++17 -fvisibility=hidden -fno-wrapv -fno-exceptions -pthread
      g++ -fno-strict-overflow -Wsign-compare -DNDEBUG -g -O3 -Wall -fPIC -D_WIN32_WINNT=1536 -DGRPC_XDS_USER_AGENT_NAME_SUFFIX=\"Python\" -DGRPC_XDS_USER_AGENT_VERSION_SUFFIX=\"1.79.0.dev0\" -DHAVE_CONFIG_H=1 -DGRPC_ENABLE_FORK_SUPPORT=1 -DGRPC_ENABLE_FORK_SUPPORT_DEFAULT=false -DGRPC_PYTHON_BUILD=1 -D__STDC_FORMAT_MACROS "-DPyMODINIT_FUNC=extern \"C\" __attribute__((visibility (\"default\"))) PyObject*" -DGRPC_POSIX_FORK_ALLOW_PTHREAD_ATFORK=1 -Isrc/python/grpcio -Iinclude -I. -Ithird_party/abseil-cpp -Ithird_party/address_sorting/include -Ithird_party/cares/cares/include -Ithird_party/cares -Ithird_party/cares/cares -Ithird_party/cares/cares/src/lib/include -Ithird_party/cares/cares/src/lib -Ithird_party/cares/config_linux -Ithird_party/re2 -Ithird_party/boringssl-with-bazel/src/include -Ithird_party/upb -Isrc/core/ext/upb-gen -Isrc/core/ext/upbdefs-gen -Ithird_party/utf8_range -Ithird_party/xxhash -Ithird_party/zlib -I/usr/local/google/home/ssreenithi/.pyenv/versions/3.12.0/envs/pyvenv_312/include -I/usr/local/google/home/ssreenithi/.pyenv/versions/3.12.0/include/python3.12 -c src/core/client_channel/subchannel_pool_interface.cc -o pyb/temp.linux-x86_64-cpython-312/src/core/client_channel/subchannel_pool_interface.o -std=c++17 -fvisibility=hidden -fno-wrapv -fno-exceptions -pthread
      g++ -fno-strict-overflow -Wsign-compare -DNDEBUG -g -O3 -Wall -fPIC -D_WIN32_WINNT=1536 -DGRPC_XDS_USER_AGENT_NAME_SUFFIX=\"Python\" -DGRPC_XDS_USER_AGENT_VERSION_SUFFIX=\"1.79.0.dev0\" -DHAVE_CONFIG_H=1 -DGRPC_ENABLE_FORK_SUPPORT=1 -DGRPC_ENABLE_FORK_SUPPORT_DEFAULT=false -DGRPC_PYTHON_BUILD=1 -D__STDC_FORMAT_MACROS "-DPyMODINIT_FUNC=extern \"C\" __attribute__((visibility (\"default\"))) PyObject*" -DGRPC_POSIX_FORK_ALLOW_PTHREAD_ATFORK=1 -Isrc/python/grpcio -Iinclude -I. -Ithird_party/abseil-cpp -Ithird_party/address_sorting/include -Ithird_party/cares/cares/include -Ithird_party/cares -Ithird_party/cares/cares -Ithird_party/cares/cares/src/lib/include -Ithird_party/cares/cares/src/lib -Ithird_party/cares/config_linux -Ithird_party/re2 -Ithird_party/boringssl-with-bazel/src/include -Ithird_party/upb -Isrc/core/ext/upb-gen -Isrc/core/ext/upbdefs-gen -Ithird_party/utf8_range -Ithird_party/xxhash -Ithird_party/zlib -I/usr/local/google/home/ssreenithi/.pyenv/versions/3.12.0/envs/pyvenv_312/include -I/usr/local/google/home/ssreenithi/.pyenv/versions/3.12.0/include/python3.12 -c src/core/credentials/call/call_creds_registry_init.cc -o pyb/temp.linux-x86_64-cpython-312/src/core/credentials/call/call_creds_registry_init.o -std=c++17 -fvisibility=hidden -fno-wrapv -fno-exceptions -pthread
      g++ -fno-strict-overflow -Wsign-compare -DNDEBUG -g -O3 -Wall -fPIC -D_WIN32_WINNT=1536 -DGRPC_XDS_USER_AGENT_NAME_SUFFIX=\"Python\" -DGRPC_XDS_USER_AGENT_VERSION_SUFFIX=\"1.79.0.dev0\" -DHAVE_CONFIG_H=1 -DGRPC_ENABLE_FORK_SUPPORT=1 -DGRPC_ENABLE_FORK_SUPPORT_DEFAULT=false -DGRPC_PYTHON_BUILD=1 -D__STDC_FORMAT_MACROS "-DPyMODINIT_FUNC=extern \"C\" __attribute__((visibility (\"default\"))) PyObject*" -DGRPC_POSIX_FORK_ALLOW_PTHREAD_ATFORK=1 -Isrc/python/grpcio -Iinclude -I. -Ithird_party/abseil-cpp -Ithird_party/address_sorting/include -Ithird_party/cares/cares/include -Ithird_party/cares -Ithird_party/cares/cares -Ithird_party/cares/cares/src/lib/include -Ithird_party/cares/cares/src/lib -Ithird_party/cares/config_linux -Ithird_party/re2 -Ithird_party/boringssl-with-bazel/src/include -Ithird_party/upb -Isrc/core/ext/upb-gen -Isrc/core/ext/upbdefs-gen -Ithird_party/utf8_range -Ithird_party/xxhash -Ithird_party/zlib -I/usr/local/google/home/ssreenithi/.pyenv/versions/3.12.0/envs/pyvenv_312/include -I/usr/local/google/home/ssreenithi/.pyenv/versions/3.12.0/include/python3.12 -c src/core/credentials/call/external/url_external_account_credentials.cc -o pyb/temp.linux-x86_64-cpython-312/src/core/credentials/call/external/url_external_account_credentials.o -std=c++17 -fvisibility=hidden -fno-wrapv -fno-exceptions -pthread
      g++ -fno-strict-overflow -Wsign-compare -DNDEBUG -g -O3 -Wall -fPIC -D_WIN32_WINNT=1536 -DGRPC_XDS_USER_AGENT_NAME_SUFFIX=\"Python\" -DGRPC_XDS_USER_AGENT_VERSION_SUFFIX=\"1.79.0.dev0\" -DHAVE_CONFIG_H=1 -DGRPC_ENABLE_FORK_SUPPORT=1 -DGRPC_ENABLE_FORK_SUPPORT_DEFAULT=false -DGRPC_PYTHON_BUILD=1 -D__STDC_FORMAT_MACROS "-DPyMODINIT_FUNC=extern \"C\" __attribute__((visibility (\"default\"))) PyObject*" -DGRPC_POSIX_FORK_ALLOW_PTHREAD_ATFORK=1 -Isrc/python/grpcio -Iinclude -I. -Ithird_party/abseil-cpp -Ithird_party/address_sorting/include -Ithird_party/cares/cares/include -Ithird_party/cares -Ithird_party/cares/cares -Ithird_party/cares/cares/src/lib/include -Ithird_party/cares/cares/src/lib -Ithird_party/cares/config_linux -Ithird_party/re2 -Ithird_party/boringssl-with-bazel/src/include -Ithird_party/upb -Isrc/core/ext/upb-gen -Isrc/core/ext/upbdefs-gen -Ithird_party/utf8_range -Ithird_party/xxhash -Ithird_party/zlib -I/usr/local/google/home/ssreenithi/.pyenv/versions/3.12.0/envs/pyvenv_312/include -I/usr/local/google/home/ssreenithi/.pyenv/versions/3.12.0/include/python3.12 -c src/core/credentials/call/jwt_token_file/jwt_token_file_call_credentials.cc -o pyb/temp.linux-x86_64-cpython-312/src/core/credentials/call/jwt_token_file/jwt_token_file_call_credentials.o -std=c++17 -fvisibility=hidden -fno-wrapv -fno-exceptions -pthread
      g++ -fno-strict-overflow -Wsign-compare -DNDEBUG -g -O3 -Wall -fPIC -D_WIN32_WINNT=1536 -DGRPC_XDS_USER_AGENT_NAME_SUFFIX=\"Python\" -DGRPC_XDS_USER_AGENT_VERSION_SUFFIX=\"1.79.0.dev0\" -DHAVE_CONFIG_H=1 -DGRPC_ENABLE_FORK_SUPPORT=1 -DGRPC_ENABLE_FORK_SUPPORT_DEFAULT=false -DGRPC_PYTHON_BUILD=1 -D__STDC_FORMAT_MACROS "-DPyMODINIT_FUNC=extern \"C\" __attribute__((visibility (\"default\"))) PyObject*" -DGRPC_POSIX_FORK_ALLOW_PTHREAD_ATFORK=1 -Isrc/python/grpcio -Iinclude -I. -Ithird_party/abseil-cpp -Ithird_party/address_sorting/include -Ithird_party/cares/cares/include -Ithird_party/cares -Ithird_party/cares/cares -Ithird_party/cares/cares/src/lib/include -Ithird_party/cares/cares/src/lib -Ithird_party/cares/config_linux -Ithird_party/re2 -Ithird_party/boringssl-with-bazel/src/include -Ithird_party/upb -Isrc/core/ext/upb-gen -Isrc/core/ext/upbdefs-gen -Ithird_party/utf8_range -Ithird_party/xxhash -Ithird_party/zlib -I/usr/local/google/home/ssreenithi/.pyenv/versions/3.12.0/envs/pyvenv_312/include -I/usr/local/google/home/ssreenithi/.pyenv/versions/3.12.0/include/python3.12 -c src/core/credentials/transport/alts/check_gcp_environment.cc -o pyb/temp.linux-x86_64-cpython-312/src/core/credentials/transport/alts/check_gcp_environment.o -std=c++17 -fvisibility=hidden -fno-wrapv -fno-exceptions -pthread
      g++ -fno-strict-overflow -Wsign-compare -DNDEBUG -g -O3 -Wall -fPIC -D_WIN32_WINNT=1536 -DGRPC_XDS_USER_AGENT_NAME_SUFFIX=\"Python\" -DGRPC_XDS_USER_AGENT_VERSION_SUFFIX=\"1.79.0.dev0\" -DHAVE_CONFIG_H=1 -DGRPC_ENABLE_FORK_SUPPORT=1 -DGRPC_ENABLE_FORK_SUPPORT_DEFAULT=false -DGRPC_PYTHON_BUILD=1 -D__STDC_FORMAT_MACROS "-DPyMODINIT_FUNC=extern \"C\" __attribute__((visibility (\"default\"))) PyObject*" -DGRPC_POSIX_FORK_ALLOW_PTHREAD_ATFORK=1 -Isrc/python/grpcio -Iinclude -I. -Ithird_party/abseil-cpp -Ithird_party/address_sorting/include -Ithird_party/cares/cares/include -Ithird_party/cares -Ithird_party/cares/cares -Ithird_party/cares/cares/src/lib/include -Ithird_party/cares/cares/src/lib -Ithird_party/cares/config_linux -Ithird_party/re2 -Ithird_party/boringssl-with-bazel/src/include -Ithird_party/upb -Isrc/core/ext/upb-gen -Isrc/core/ext/upbdefs-gen -Ithird_party/utf8_range -Ithird_party/xxhash -Ithird_party/zlib -I/usr/local/google/home/ssreenithi/.pyenv/versions/3.12.0/envs/pyvenv_312/include -I/usr/local/google/home/ssreenithi/.pyenv/versions/3.12.0/include/python3.12 -c src/core/credentials/transport/channel_creds_registry_init.cc -o pyb/temp.linux-x86_64-cpython-312/src/core/credentials/transport/channel_creds_registry_init.o -std=c++17 -fvisibility=hidden -fno-wrapv -fno-exceptions -pthread
      g++ -fno-strict-overflow -Wsign-compare -DNDEBUG -g -O3 -Wall -fPIC -D_WIN32_WINNT=1536 -DGRPC_XDS_USER_AGENT_NAME_SUFFIX=\"Python\" -DGRPC_XDS_USER_AGENT_VERSION_SUFFIX=\"1.79.0.dev0\" -DHAVE_CONFIG_H=1 -DGRPC_ENABLE_FORK_SUPPORT=1 -DGRPC_ENABLE_FORK_SUPPORT_DEFAULT=false -DGRPC_PYTHON_BUILD=1 -D__STDC_FORMAT_MACROS "-DPyMODINIT_FUNC=extern \"C\" __attribute__((visibility (\"default\"))) PyObject*" -DGRPC_POSIX_FORK_ALLOW_PTHREAD_ATFORK=1 -Isrc/python/grpcio -Iinclude -I. -Ithird_party/abseil-cpp -Ithird_party/address_sorting/include -Ithird_party/cares/cares/include -Ithird_party/cares -Ithird_party/cares/cares -Ithird_party/cares/cares/src/lib/include -Ithird_party/cares/cares/src/lib -Ithird_party/cares/config_linux -Ithird_party/re2 -Ithird_party/boringssl-with-bazel/src/include -Ithird_party/upb -Isrc/core/ext/upb-gen -Isrc/core/ext/upbdefs-gen -Ithird_party/utf8_range -Ithird_party/xxhash -Ithird_party/zlib -I/usr/local/google/home/ssreenithi/.pyenv/versions/3.12.0/envs/pyvenv_312/include -I/usr/local/google/home/ssreenithi/.pyenv/versions/3.12.0/include/python3.12 -c src/core/credentials/transport/insecure/insecure_security_connector.cc -o pyb/temp.linux-x86_64-cpython-312/src/core/credentials/transport/insecure/insecure_security_connector.o -std=c++17 -fvisibility=hidden -fno-wrapv -fno-exceptions -pthread
      g++ -fno-strict-overflow -Wsign-compare -DNDEBUG -g -O3 -Wall -fPIC -D_WIN32_WINNT=1536 -DGRPC_XDS_USER_AGENT_NAME_SUFFIX=\"Python\" -DGRPC_XDS_USER_AGENT_VERSION_SUFFIX=\"1.79.0.dev0\" -DHAVE_CONFIG_H=1 -DGRPC_ENABLE_FORK_SUPPORT=1 -DGRPC_ENABLE_FORK_SUPPORT_DEFAULT=false -DGRPC_PYTHON_BUILD=1 -D__STDC_FORMAT_MACROS "-DPyMODINIT_FUNC=extern \"C\" __attribute__((visibility (\"default\"))) PyObject*" -DGRPC_POSIX_FORK_ALLOW_PTHREAD_ATFORK=1 -Isrc/python/grpcio -Iinclude -I. -Ithird_party/abseil-cpp -Ithird_party/address_sorting/include -Ithird_party/cares/cares/include -Ithird_party/cares -Ithird_party/cares/cares -Ithird_party/cares/cares/src/lib/include -Ithird_party/cares/cares/src/lib -Ithird_party/cares/config_linux -Ithird_party/re2 -Ithird_party/boringssl-with-bazel/src/include -Ithird_party/upb -Isrc/core/ext/upb-gen -Isrc/core/ext/upbdefs-gen -Ithird_party/utf8_range -Ithird_party/xxhash -Ithird_party/zlib -I/usr/local/google/home/ssreenithi/.pyenv/versions/3.12.0/envs/pyvenv_312/include -I/usr/local/google/home/ssreenithi/.pyenv/versions/3.12.0/include/python3.12 -c src/core/credentials/transport/tls/grpc_tls_certificate_distributor.cc -o pyb/temp.linux-x86_64-cpython-312/src/core/credentials/transport/tls/grpc_tls_certificate_distributor.o -std=c++17 -fvisibility=hidden -fno-wrapv -fno-exceptions -pthread
      g++ -fno-strict-overflow -Wsign-compare -DNDEBUG -g -O3 -Wall -fPIC -D_WIN32_WINNT=1536 -DGRPC_XDS_USER_AGENT_NAME_SUFFIX=\"Python\" -DGRPC_XDS_USER_AGENT_VERSION_SUFFIX=\"1.79.0.dev0\" -DHAVE_CONFIG_H=1 -DGRPC_ENABLE_FORK_SUPPORT=1 -DGRPC_ENABLE_FORK_SUPPORT_DEFAULT=false -DGRPC_PYTHON_BUILD=1 -D__STDC_FORMAT_MACROS "-DPyMODINIT_FUNC=extern \"C\" __attribute__((visibility (\"default\"))) PyObject*" -DGRPC_POSIX_FORK_ALLOW_PTHREAD_ATFORK=1 -Isrc/python/grpcio -Iinclude -I. -Ithird_party/abseil-cpp -Ithird_party/address_sorting/include -Ithird_party/cares/cares/include -Ithird_party/cares -Ithird_party/cares/cares -Ithird_party/cares/cares/src/lib/include -Ithird_party/cares/cares/src/lib -Ithird_party/cares/config_linux -Ithird_party/re2 -Ithird_party/boringssl-with-bazel/src/include -Ithird_party/upb -Isrc/core/ext/upb-gen -Isrc/core/ext/upbdefs-gen -Ithird_party/utf8_range -Ithird_party/xxhash -Ithird_party/zlib -I/usr/local/google/home/ssreenithi/.pyenv/versions/3.12.0/envs/pyvenv_312/include -I/usr/local/google/home/ssreenithi/.pyenv/versions/3.12.0/include/python3.12 -c src/core/credentials/transport/tls/load_system_roots_supported.cc -o pyb/temp.linux-x86_64-cpython-312/src/core/credentials/transport/tls/load_system_roots_supported.o -std=c++17 -fvisibility=hidden -fno-wrapv -fno-exceptions -pthread
      g++ -fno-strict-overflow -Wsign-compare -DNDEBUG -g -O3 -Wall -fPIC -D_WIN32_WINNT=1536 -DGRPC_XDS_USER_AGENT_NAME_SUFFIX=\"Python\" -DGRPC_XDS_USER_AGENT_VERSION_SUFFIX=\"1.79.0.dev0\" -DHAVE_CONFIG_H=1 -DGRPC_ENABLE_FORK_SUPPORT=1 -DGRPC_ENABLE_FORK_SUPPORT_DEFAULT=false -DGRPC_PYTHON_BUILD=1 -D__STDC_FORMAT_MACROS "-DPyMODINIT_FUNC=extern \"C\" __attribute__((visibility (\"default\"))) PyObject*" -DGRPC_POSIX_FORK_ALLOW_PTHREAD_ATFORK=1 -Isrc/python/grpcio -Iinclude -I. -Ithird_party/abseil-cpp -Ithird_party/address_sorting/include -Ithird_party/cares/cares/include -Ithird_party/cares -Ithird_party/cares/cares -Ithird_party/cares/cares/src/lib/include -Ithird_party/cares/cares/src/lib -Ithird_party/cares/config_linux -Ithird_party/re2 -Ithird_party/boringssl-with-bazel/src/include -Ithird_party/upb -Isrc/core/ext/upb-gen -Isrc/core/ext/upbdefs-gen -Ithird_party/utf8_range -Ithird_party/xxhash -Ithird_party/zlib -I/usr/local/google/home/ssreenithi/.pyenv/versions/3.12.0/envs/pyvenv_312/include -I/usr/local/google/home/ssreenithi/.pyenv/versions/3.12.0/include/python3.12 -c src/core/credentials/transport/transport_credentials.cc -o pyb/temp.linux-x86_64-cpython-312/src/core/credentials/transport/transport_credentials.o -std=c++17 -fvisibility=hidden -fno-wrapv -fno-exceptions -pthread
      g++ -fno-strict-overflow -Wsign-compare -DNDEBUG -g -O3 -Wall -fPIC -D_WIN32_WINNT=1536 -DGRPC_XDS_USER_AGENT_NAME_SUFFIX=\"Python\" -DGRPC_XDS_USER_AGENT_VERSION_SUFFIX=\"1.79.0.dev0\" -DHAVE_CONFIG_H=1 -DGRPC_ENABLE_FORK_SUPPORT=1 -DGRPC_ENABLE_FORK_SUPPORT_DEFAULT=false -DGRPC_PYTHON_BUILD=1 -D__STDC_FORMAT_MACROS "-DPyMODINIT_FUNC=extern \"C\" __attribute__((visibility (\"default\"))) PyObject*" -DGRPC_POSIX_FORK_ALLOW_PTHREAD_ATFORK=1 -Isrc/python/grpcio -Iinclude -I. -Ithird_party/abseil-cpp -Ithird_party/address_sorting/include -Ithird_party/cares/cares/include -Ithird_party/cares -Ithird_party/cares/cares -Ithird_party/cares/cares/src/lib/include -Ithird_party/cares/cares/src/lib -Ithird_party/cares/config_linux -Ithird_party/re2 -Ithird_party/boringssl-with-bazel/src/include -Ithird_party/upb -Isrc/core/ext/upb-gen -Isrc/core/ext/upbdefs-gen -Ithird_party/utf8_range -Ithird_party/xxhash -Ithird_party/zlib -I/usr/local/google/home/ssreenithi/.pyenv/versions/3.12.0/envs/pyvenv_312/include -I/usr/local/google/home/ssreenithi/.pyenv/versions/3.12.0/include/python3.12 -c src/core/ext/filters/fault_injection/fault_injection_service_config_parser.cc -o pyb/temp.linux-x86_64-cpython-312/src/core/ext/filters/fault_injection/fault_injection_service_config_parser.o -std=c++17 -fvisibility=hidden -fno-wrapv -fno-exceptions -pthread
      g++ -fno-strict-overflow -Wsign-compare -DNDEBUG -g -O3 -Wall -fPIC -D_WIN32_WINNT=1536 -DGRPC_XDS_USER_AGENT_NAME_SUFFIX=\"Python\" -DGRPC_XDS_USER_AGENT_VERSION_SUFFIX=\"1.79.0.dev0\" -DHAVE_CONFIG_H=1 -DGRPC_ENABLE_FORK_SUPPORT=1 -DGRPC_ENABLE_FORK_SUPPORT_DEFAULT=false -DGRPC_PYTHON_BUILD=1 -D__STDC_FORMAT_MACROS "-DPyMODINIT_FUNC=extern \"C\" __attribute__((visibility (\"default\"))) PyObject*" -DGRPC_POSIX_FORK_ALLOW_PTHREAD_ATFORK=1 -Isrc/python/grpcio -Iinclude -I. -Ithird_party/abseil-cpp -Ithird_party/address_sorting/include -Ithird_party/cares/cares/include -Ithird_party/cares -Ithird_party/cares/cares -Ithird_party/cares/cares/src/lib/include -Ithird_party/cares/cares/src/lib -Ithird_party/cares/config_linux -Ithird_party/re2 -Ithird_party/boringssl-with-bazel/src/include -Ithird_party/upb -Isrc/core/ext/upb-gen -Isrc/core/ext/upbdefs-gen -Ithird_party/utf8_range -Ithird_party/xxhash -Ithird_party/zlib -I/usr/local/google/home/ssreenithi/.pyenv/versions/3.12.0/envs/pyvenv_312/include -I/usr/local/google/home/ssreenithi/.pyenv/versions/3.12.0/include/python3.12 -c src/core/ext/filters/http/server/http_server_filter.cc -o pyb/temp.linux-x86_64-cpython-312/src/core/ext/filters/http/server/http_server_filter.o -std=c++17 -fvisibility=hidden -fno-wrapv -fno-exceptions -pthread
      g++ -fno-strict-overflow -Wsign-compare -DNDEBUG -g -O3 -Wall -fPIC -D_WIN32_WINNT=1536 -DGRPC_XDS_USER_AGENT_NAME_SUFFIX=\"Python\" -DGRPC_XDS_USER_AGENT_VERSION_SUFFIX=\"1.79.0.dev0\" -DHAVE_CONFIG_H=1 -DGRPC_ENABLE_FORK_SUPPORT=1 -DGRPC_ENABLE_FORK_SUPPORT_DEFAULT=false -DGRPC_PYTHON_BUILD=1 -D__STDC_FORMAT_MACROS "-DPyMODINIT_FUNC=extern \"C\" __attribute__((visibility (\"default\"))) PyObject*" -DGRPC_POSIX_FORK_ALLOW_PTHREAD_ATFORK=1 -Isrc/python/grpcio -Iinclude -I. -Ithird_party/abseil-cpp -Ithird_party/address_sorting/include -Ithird_party/cares/cares/include -Ithird_party/cares -Ithird_party/cares/cares -Ithird_party/cares/cares/src/lib/include -Ithird_party/cares/cares/src/lib -Ithird_party/cares/config_linux -Ithird_party/re2 -Ithird_party/boringssl-with-bazel/src/include -Ithird_party/upb -Isrc/core/ext/upb-gen -Isrc/core/ext/upbdefs-gen -Ithird_party/utf8_range -Ithird_party/xxhash -Ithird_party/zlib -I/usr/local/google/home/ssreenithi/.pyenv/versions/3.12.0/envs/pyvenv_312/include -I/usr/local/google/home/ssreenithi/.pyenv/versions/3.12.0/include/python3.12 -c src/core/ext/transport/chttp2/chttp2_plugin.cc -o pyb/temp.linux-x86_64-cpython-312/src/core/ext/transport/chttp2/chttp2_plugin.o -std=c++17 -fvisibility=hidden -fno-wrapv -fno-exceptions -pthread
      g++ -fno-strict-overflow -Wsign-compare -DNDEBUG -g -O3 -Wall -fPIC -D_WIN32_WINNT=1536 -DGRPC_XDS_USER_AGENT_NAME_SUFFIX=\"Python\" -DGRPC_XDS_USER_AGENT_VERSION_SUFFIX=\"1.79.0.dev0\" -DHAVE_CONFIG_H=1 -DGRPC_ENABLE_FORK_SUPPORT=1 -DGRPC_ENABLE_FORK_SUPPORT_DEFAULT=false -DGRPC_PYTHON_BUILD=1 -D__STDC_FORMAT_MACROS "-DPyMODINIT_FUNC=extern \"C\" __attribute__((visibility (\"default\"))) PyObject*" -DGRPC_POSIX_FORK_ALLOW_PTHREAD_ATFORK=1 -Isrc/python/grpcio -Iinclude -I. -Ithird_party/abseil-cpp -Ithird_party/address_sorting/include -Ithird_party/cares/cares/include -Ithird_party/cares -Ithird_party/cares/cares -Ithird_party/cares/cares/src/lib/include -Ithird_party/cares/cares/src/lib -Ithird_party/cares/config_linux -Ithird_party/re2 -Ithird_party/boringssl-with-bazel/src/include -Ithird_party/upb -Isrc/core/ext/upb-gen -Isrc/core/ext/upbdefs-gen -Ithird_party/utf8_range -Ithird_party/xxhash -Ithird_party/zlib -I/usr/local/google/home/ssreenithi/.pyenv/versions/3.12.0/envs/pyvenv_312/include -I/usr/local/google/home/ssreenithi/.pyenv/versions/3.12.0/include/python3.12 -c src/core/ext/transport/chttp2/transport/decode_huff.cc -o pyb/temp.linux-x86_64-cpython-312/src/core/ext/transport/chttp2/transport/decode_huff.o -std=c++17 -fvisibility=hidden -fno-wrapv -fno-exceptions -pthread
      g++ -fno-strict-overflow -Wsign-compare -DNDEBUG -g -O3 -Wall -fPIC -D_WIN32_WINNT=1536 -DGRPC_XDS_USER_AGENT_NAME_SUFFIX=\"Python\" -DGRPC_XDS_USER_AGENT_VERSION_SUFFIX=\"1.79.0.dev0\" -DHAVE_CONFIG_H=1 -DGRPC_ENABLE_FORK_SUPPORT=1 -DGRPC_ENABLE_FORK_SUPPORT_DEFAULT=false -DGRPC_PYTHON_BUILD=1 -D__STDC_FORMAT_MACROS "-DPyMODINIT_FUNC=extern \"C\" __attribute__((visibility (\"default\"))) PyObject*" -DGRPC_POSIX_FORK_ALLOW_PTHREAD_ATFORK=1 -Isrc/python/grpcio -Iinclude -I. -Ithird_party/abseil-cpp -Ithird_party/address_sorting/include -Ithird_party/cares/cares/include -Ithird_party/cares -Ithird_party/cares/cares -Ithird_party/cares/cares/src/lib/include -Ithird_party/cares/cares/src/lib -Ithird_party/cares/config_linux -Ithird_party/re2 -Ithird_party/boringssl-with-bazel/src/include -Ithird_party/upb -Isrc/core/ext/upb-gen -Isrc/core/ext/upbdefs-gen -Ithird_party/utf8_range -Ithird_party/xxhash -Ithird_party/zlib -I/usr/local/google/home/ssreenithi/.pyenv/versions/3.12.0/envs/pyvenv_312/include -I/usr/local/google/home/ssreenithi/.pyenv/versions/3.12.0/include/python3.12 -c src/core/ext/transport/chttp2/transport/frame_security.cc -o pyb/temp.linux-x86_64-cpython-312/src/core/ext/transport/chttp2/transport/frame_security.o -std=c++17 -fvisibility=hidden -fno-wrapv -fno-exceptions -pthread
      g++ -fno-strict-overflow -Wsign-compare -DNDEBUG -g -O3 -Wall -fPIC -D_WIN32_WINNT=1536 -DGRPC_XDS_USER_AGENT_NAME_SUFFIX=\"Python\" -DGRPC_XDS_USER_AGENT_VERSION_SUFFIX=\"1.79.0.dev0\" -DHAVE_CONFIG_H=1 -DGRPC_ENABLE_FORK_SUPPORT=1 -DGRPC_ENABLE_FORK_SUPPORT_DEFAULT=false -DGRPC_PYTHON_BUILD=1 -D__STDC_FORMAT_MACROS "-DPyMODINIT_FUNC=extern \"C\" __attribute__((visibility (\"default\"))) PyObject*" -DGRPC_POSIX_FORK_ALLOW_PTHREAD_ATFORK=1 -Isrc/python/grpcio -Iinclude -I. -Ithird_party/abseil-cpp -Ithird_party/address_sorting/include -Ithird_party/cares/cares/include -Ithird_party/cares -Ithird_party/cares/cares -Ithird_party/cares/cares/src/lib/include -Ithird_party/cares/cares/src/lib -Ithird_party/cares/config_linux -Ithird_party/re2 -Ithird_party/boringssl-with-bazel/src/include -Ithird_party/upb -Isrc/core/ext/upb-gen -Isrc/core/ext/upbdefs-gen -Ithird_party/utf8_range -Ithird_party/xxhash -Ithird_party/zlib -I/usr/local/google/home/ssreenithi/.pyenv/versions/3.12.0/envs/pyvenv_312/include -I/usr/local/google/home/ssreenithi/.pyenv/versions/3.12.0/include/python3.12 -c src/core/ext/transport/chttp2/transport/hpack_parser.cc -o pyb/temp.linux-x86_64-cpython-312/src/core/ext/transport/chttp2/transport/hpack_parser.o -std=c++17 -fvisibility=hidden -fno-wrapv -fno-exceptions -pthread
      g++ -fno-strict-overflow -Wsign-compare -DNDEBUG -g -O3 -Wall -fPIC -D_WIN32_WINNT=1536 -DGRPC_XDS_USER_AGENT_NAME_SUFFIX=\"Python\" -DGRPC_XDS_USER_AGENT_VERSION_SUFFIX=\"1.79.0.dev0\" -DHAVE_CONFIG_H=1 -DGRPC_ENABLE_FORK_SUPPORT=1 -DGRPC_ENABLE_FORK_SUPPORT_DEFAULT=false -DGRPC_PYTHON_BUILD=1 -D__STDC_FORMAT_MACROS "-DPyMODINIT_FUNC=extern \"C\" __attribute__((visibility (\"default\"))) PyObject*" -DGRPC_POSIX_FORK_ALLOW_PTHREAD_ATFORK=1 -Isrc/python/grpcio -Iinclude -I. -Ithird_party/abseil-cpp -Ithird_party/address_sorting/include -Ithird_party/cares/cares/include -Ithird_party/cares -Ithird_party/cares/cares -Ithird_party/cares/cares/src/lib/include -Ithird_party/cares/cares/src/lib -Ithird_party/cares/config_linux -Ithird_party/re2 -Ithird_party/boringssl-with-bazel/src/include -Ithird_party/upb -Isrc/core/ext/upb-gen -Isrc/core/ext/upbdefs-gen -Ithird_party/utf8_range -Ithird_party/xxhash -Ithird_party/zlib -I/usr/local/google/home/ssreenithi/.pyenv/versions/3.12.0/envs/pyvenv_312/include -I/usr/local/google/home/ssreenithi/.pyenv/versions/3.12.0/include/python3.12 -c src/core/ext/transport/chttp2/transport/huffsyms.cc -o pyb/temp.linux-x86_64-cpython-312/src/core/ext/transport/chttp2/transport/huffsyms.o -std=c++17 -fvisibility=hidden -fno-wrapv -fno-exceptions -pthread
      g++ -fno-strict-overflow -Wsign-compare -DNDEBUG -g -O3 -Wall -fPIC -D_WIN32_WINNT=1536 -DGRPC_XDS_USER_AGENT_NAME_SUFFIX=\"Python\" -DGRPC_XDS_USER_AGENT_VERSION_SUFFIX=\"1.79.0.dev0\" -DHAVE_CONFIG_H=1 -DGRPC_ENABLE_FORK_SUPPORT=1 -DGRPC_ENABLE_FORK_SUPPORT_DEFAULT=false -DGRPC_PYTHON_BUILD=1 -D__STDC_FORMAT_MACROS "-DPyMODINIT_FUNC=extern \"C\" __attribute__((visibility (\"default\"))) PyObject*" -DGRPC_POSIX_FORK_ALLOW_PTHREAD_ATFORK=1 -Isrc/python/grpcio -Iinclude -I. -Ithird_party/abseil-cpp -Ithird_party/address_sorting/include -Ithird_party/cares/cares/include -Ithird_party/cares -Ithird_party/cares/cares -Ithird_party/cares/cares/src/lib/include -Ithird_party/cares/cares/src/lib -Ithird_party/cares/config_linux -Ithird_party/re2 -Ithird_party/boringssl-with-bazel/src/include -Ithird_party/upb -Isrc/core/ext/upb-gen -Isrc/core/ext/upbdefs-gen -Ithird_party/utf8_range -Ithird_party/xxhash -Ithird_party/zlib -I/usr/local/google/home/ssreenithi/.pyenv/versions/3.12.0/envs/pyvenv_312/include -I/usr/local/google/home/ssreenithi/.pyenv/versions/3.12.0/include/python3.12 -c src/core/ext/transport/chttp2/transport/stream_lists.cc -o pyb/temp.linux-x86_64-cpython-312/src/core/ext/transport/chttp2/transport/stream_lists.o -std=c++17 -fvisibility=hidden -fno-wrapv -fno-exceptions -pthread
      g++ -fno-strict-overflow -Wsign-compare -DNDEBUG -g -O3 -Wall -fPIC -D_WIN32_WINNT=1536 -DGRPC_XDS_USER_AGENT_NAME_SUFFIX=\"Python\" -DGRPC_XDS_USER_AGENT_VERSION_SUFFIX=\"1.79.0.dev0\" -DHAVE_CONFIG_H=1 -DGRPC_ENABLE_FORK_SUPPORT=1 -DGRPC_ENABLE_FORK_SUPPORT_DEFAULT=false -DGRPC_PYTHON_BUILD=1 -D__STDC_FORMAT_MACROS "-DPyMODINIT_FUNC=extern \"C\" __attribute__((visibility (\"default\"))) PyObject*" -DGRPC_POSIX_FORK_ALLOW_PTHREAD_ATFORK=1 -Isrc/python/grpcio -Iinclude -I. -Ithird_party/abseil-cpp -Ithird_party/address_sorting/include -Ithird_party/cares/cares/include -Ithird_party/cares -Ithird_party/cares/cares -Ithird_party/cares/cares/src/lib/include -Ithird_party/cares/cares/src/lib -Ithird_party/cares/config_linux -Ithird_party/re2 -Ithird_party/boringssl-with-bazel/src/include -Ithird_party/upb -Isrc/core/ext/upb-gen -Isrc/core/ext/upbdefs-gen -Ithird_party/utf8_range -Ithird_party/xxhash -Ithird_party/zlib -I/usr/local/google/home/ssreenithi/.pyenv/versions/3.12.0/envs/pyvenv_312/include -I/usr/local/google/home/ssreenithi/.pyenv/versions/3.12.0/include/python3.12 -c src/core/ext/transport/inproc/legacy_inproc_transport.cc -o pyb/temp.linux-x86_64-cpython-312/src/core/ext/transport/inproc/legacy_inproc_transport.o -std=c++17 -fvisibility=hidden -fno-wrapv -fno-exceptions -pthread
      gcc -fno-strict-overflow -Wsign-compare -DNDEBUG -g -O3 -Wall -fPIC -D_WIN32_WINNT=1536 -DGRPC_XDS_USER_AGENT_NAME_SUFFIX=\"Python\" -DGRPC_XDS_USER_AGENT_VERSION_SUFFIX=\"1.79.0.dev0\" -DHAVE_CONFIG_H=1 -DGRPC_ENABLE_FORK_SUPPORT=1 -DGRPC_ENABLE_FORK_SUPPORT_DEFAULT=false -DGRPC_PYTHON_BUILD=1 -D__STDC_FORMAT_MACROS "-DPyMODINIT_FUNC=extern \"C\" __attribute__((visibility (\"default\"))) PyObject*" -DGRPC_POSIX_FORK_ALLOW_PTHREAD_ATFORK=1 -Isrc/python/grpcio -Iinclude -I. -Ithird_party/abseil-cpp -Ithird_party/address_sorting/include -Ithird_party/cares/cares/include -Ithird_party/cares -Ithird_party/cares/cares -Ithird_party/cares/cares/src/lib/include -Ithird_party/cares/cares/src/lib -Ithird_party/cares/config_linux -Ithird_party/re2 -Ithird_party/boringssl-with-bazel/src/include -Ithird_party/upb -Isrc/core/ext/upb-gen -Isrc/core/ext/upbdefs-gen -Ithird_party/utf8_range -Ithird_party/xxhash -Ithird_party/zlib -I/usr/local/google/home/ssreenithi/.pyenv/versions/3.12.0/envs/pyvenv_312/include -I/usr/local/google/home/ssreenithi/.pyenv/versions/3.12.0/include/python3.12 -c src/core/ext/upb-gen/envoy/admin/v3/init_dump.upb_minitable.c -o pyb/temp.linux-x86_64-cpython-312/src/core/ext/upb-gen/envoy/admin/v3/init_dump.upb_minitable.o -fvisibility=hidden -fno-wrapv -fno-exceptions -pthread
      gcc -fno-strict-overflow -Wsign-compare -DNDEBUG -g -O3 -Wall -fPIC -D_WIN32_WINNT=1536 -DGRPC_XDS_USER_AGENT_NAME_SUFFIX=\"Python\" -DGRPC_XDS_USER_AGENT_VERSION_SUFFIX=\"1.79.0.dev0\" -DHAVE_CONFIG_H=1 -DGRPC_ENABLE_FORK_SUPPORT=1 -DGRPC_ENABLE_FORK_SUPPORT_DEFAULT=false -DGRPC_PYTHON_BUILD=1 -D__STDC_FORMAT_MACROS "-DPyMODINIT_FUNC=extern \"C\" __attribute__((visibility (\"default\"))) PyObject*" -DGRPC_POSIX_FORK_ALLOW_PTHREAD_ATFORK=1 -Isrc/python/grpcio -Iinclude -I. -Ithird_party/abseil-cpp -Ithird_party/address_sorting/include -Ithird_party/cares/cares/include -Ithird_party/cares -Ithird_party/cares/cares -Ithird_party/cares/cares/src/lib/include -Ithird_party/cares/cares/src/lib -Ithird_party/cares/config_linux -Ithird_party/re2 -Ithird_party/boringssl-with-bazel/src/include -Ithird_party/upb -Isrc/core/ext/upb-gen -Isrc/core/ext/upbdefs-gen -Ithird_party/utf8_range -Ithird_party/xxhash -Ithird_party/zlib -I/usr/local/google/home/ssreenithi/.pyenv/versions/3.12.0/envs/pyvenv_312/include -I/usr/local/google/home/ssreenithi/.pyenv/versions/3.12.0/include/python3.12 -c src/core/ext/upb-gen/envoy/annotations/deprecation.upb_minitable.c -o pyb/temp.linux-x86_64-cpython-312/src/core/ext/upb-gen/envoy/annotations/deprecation.upb_minitable.o -fvisibility=hidden -fno-wrapv -fno-exceptions -pthread
      gcc -fno-strict-overflow -Wsign-compare -DNDEBUG -g -O3 -Wall -fPIC -D_WIN32_WINNT=1536 -DGRPC_XDS_USER_AGENT_NAME_SUFFIX=\"Python\" -DGRPC_XDS_USER_AGENT_VERSION_SUFFIX=\"1.79.0.dev0\" -DHAVE_CONFIG_H=1 -DGRPC_ENABLE_FORK_SUPPORT=1 -DGRPC_ENABLE_FORK_SUPPORT_DEFAULT=false -DGRPC_PYTHON_BUILD=1 -D__STDC_FORMAT_MACROS "-DPyMODINIT_FUNC=extern \"C\" __attribute__((visibility (\"default\"))) PyObject*" -DGRPC_POSIX_FORK_ALLOW_PTHREAD_ATFORK=1 -Isrc/python/grpcio -Iinclude -I. -Ithird_party/abseil-cpp -Ithird_party/address_sorting/include -Ithird_party/cares/cares/include -Ithird_party/cares -Ithird_party/cares/cares -Ithird_party/cares/cares/src/lib/include -Ithird_party/cares/cares/src/lib -Ithird_party/cares/config_linux -Ithird_party/re2 -Ithird_party/boringssl-with-bazel/src/include -Ithird_party/upb -Isrc/core/ext/upb-gen -Isrc/core/ext/upbdefs-gen -Ithird_party/utf8_range -Ithird_party/xxhash -Ithird_party/zlib -I/usr/local/google/home/ssreenithi/.pyenv/versions/3.12.0/envs/pyvenv_312/include -I/usr/local/google/home/ssreenithi/.pyenv/versions/3.12.0/include/python3.12 -c src/core/ext/upb-gen/envoy/config/cluster/v3/outlier_detection.upb_minitable.c -o pyb/temp.linux-x86_64-cpython-312/src/core/ext/upb-gen/envoy/config/cluster/v3/outlier_detection.upb_minitable.o -fvisibility=hidden -fno-wrapv -fno-exceptions -pthread
      gcc -fno-strict-overflow -Wsign-compare -DNDEBUG -g -O3 -Wall -fPIC -D_WIN32_WINNT=1536 -DGRPC_XDS_USER_AGENT_NAME_SUFFIX=\"Python\" -DGRPC_XDS_USER_AGENT_VERSION_SUFFIX=\"1.79.0.dev0\" -DHAVE_CONFIG_H=1 -DGRPC_ENABLE_FORK_SUPPORT=1 -DGRPC_ENABLE_FORK_SUPPORT_DEFAULT=false -DGRPC_PYTHON_BUILD=1 -D__STDC_FORMAT_MACROS "-DPyMODINIT_FUNC=extern \"C\" __attribute__((visibility (\"default\"))) PyObject*" -DGRPC_POSIX_FORK_ALLOW_PTHREAD_ATFORK=1 -Isrc/python/grpcio -Iinclude -I. -Ithird_party/abseil-cpp -Ithird_party/address_sorting/include -Ithird_party/cares/cares/include -Ithird_party/cares -Ithird_party/cares/cares -Ithird_party/cares/cares/src/lib/include -Ithird_party/cares/cares/src/lib -Ithird_party/cares/config_linux -Ithird_party/re2 -Ithird_party/boringssl-with-bazel/src/include -Ithird_party/upb -Isrc/core/ext/upb-gen -Isrc/core/ext/upbdefs-gen -Ithird_party/utf8_range -Ithird_party/xxhash -Ithird_party/zlib -I/usr/local/google/home/ssreenithi/.pyenv/versions/3.12.0/envs/pyvenv_312/include -I/usr/local/google/home/ssreenithi/.pyenv/versions/3.12.0/include/python3.12 -c src/core/ext/upb-gen/envoy/config/core/v3/config_source.upb_minitable.c -o pyb/temp.linux-x86_64-cpython-312/src/core/ext/upb-gen/envoy/config/core/v3/config_source.upb_minitable.o -fvisibility=hidden -fno-wrapv -fno-exceptions -pthread
      g++ -fno-strict-overflow -Wsign-compare -DNDEBUG -g -O3 -Wall -fPIC -D_WIN32_WINNT=1536 -DGRPC_XDS_USER_AGENT_NAME_SUFFIX=\"Python\" -DGRPC_XDS_USER_AGENT_VERSION_SUFFIX=\"1.79.0.dev0\" -DHAVE_CONFIG_H=1 -DGRPC_ENABLE_FORK_SUPPORT=1 -DGRPC_ENABLE_FORK_SUPPORT_DEFAULT=false -DGRPC_PYTHON_BUILD=1 -D__STDC_FORMAT_MACROS "-DPyMODINIT_FUNC=extern \"C\" __attribute__((visibility (\"default\"))) PyObject*" -DGRPC_POSIX_FORK_ALLOW_PTHREAD_ATFORK=1 -Isrc/python/grpcio -Iinclude -I. -Ithird_party/abseil-cpp -Ithird_party/address_sorting/include -Ithird_party/cares/cares/include -Ithird_party/cares -Ithird_party/cares/cares -Ithird_party/cares/cares/src/lib/include -Ithird_party/cares/cares/src/lib -Ithird_party/cares/config_linux -Ithird_party/re2 -Ithird_party/boringssl-with-bazel/src/include -Ithird_party/upb -Isrc/core/ext/upb-gen -Isrc/core/ext/upbdefs-gen -Ithird_party/utf8_range -Ithird_party/xxhash -Ithird_party/zlib -I/usr/local/google/home/ssreenithi/.pyenv/versions/3.12.0/envs/pyvenv_312/include -I/usr/local/google/home/ssreenithi/.pyenv/versions/3.12.0/include/python3.12 -c src/core/ext/transport/chttp2/transport/keepalive.cc -o pyb/temp.linux-x86_64-cpython-312/src/core/ext/transport/chttp2/transport/keepalive.o -std=c++17 -fvisibility=hidden -fno-wrapv -fno-exceptions -pthread
      gcc -fno-strict-overflow -Wsign-compare -DNDEBUG -g -O3 -Wall -fPIC -D_WIN32_WINNT=1536 -DGRPC_XDS_USER_AGENT_NAME_SUFFIX=\"Python\" -DGRPC_XDS_USER_AGENT_VERSION_SUFFIX=\"1.79.0.dev0\" -DHAVE_CONFIG_H=1 -DGRPC_ENABLE_FORK_SUPPORT=1 -DGRPC_ENABLE_FORK_SUPPORT_DEFAULT=false -DGRPC_PYTHON_BUILD=1 -D__STDC_FORMAT_MACROS "-DPyMODINIT_FUNC=extern \"C\" __attribute__((visibility (\"default\"))) PyObject*" -DGRPC_POSIX_FORK_ALLOW_PTHREAD_ATFORK=1 -Isrc/python/grpcio -Iinclude -I. -Ithird_party/abseil-cpp -Ithird_party/address_sorting/include -Ithird_party/cares/cares/include -Ithird_party/cares -Ithird_party/cares/cares -Ithird_party/cares/cares/src/lib/include -Ithird_party/cares/cares/src/lib -Ithird_party/cares/config_linux -Ithird_party/re2 -Ithird_party/boringssl-with-bazel/src/include -Ithird_party/upb -Isrc/core/ext/upb-gen -Isrc/core/ext/upbdefs-gen -Ithird_party/utf8_range -Ithird_party/xxhash -Ithird_party/zlib -I/usr/local/google/home/ssreenithi/.pyenv/versions/3.12.0/envs/pyvenv_312/include -I/usr/local/google/home/ssreenithi/.pyenv/versions/3.12.0/include/python3.12 -c src/core/ext/upb-gen/envoy/config/core/v3/http_uri.upb_minitable.c -o pyb/temp.linux-x86_64-cpython-312/src/core/ext/upb-gen/envoy/config/core/v3/http_uri.upb_minitable.o -fvisibility=hidden -fno-wrapv -fno-exceptions -pthread
      gcc -fno-strict-overflow -Wsign-compare -DNDEBUG -g -O3 -Wall -fPIC -D_WIN32_WINNT=1536 -DGRPC_XDS_USER_AGENT_NAME_SUFFIX=\"Python\" -DGRPC_XDS_USER_AGENT_VERSION_SUFFIX=\"1.79.0.dev0\" -DHAVE_CONFIG_H=1 -DGRPC_ENABLE_FORK_SUPPORT=1 -DGRPC_ENABLE_FORK_SUPPORT_DEFAULT=false -DGRPC_PYTHON_BUILD=1 -D__STDC_FORMAT_MACROS "-DPyMODINIT_FUNC=extern \"C\" __attribute__((visibility (\"default\"))) PyObject*" -DGRPC_POSIX_FORK_ALLOW_PTHREAD_ATFORK=1 -Isrc/python/grpcio -Iinclude -I. -Ithird_party/abseil-cpp -Ithird_party/address_sorting/include -Ithird_party/cares/cares/include -Ithird_party/cares -Ithird_party/cares/cares -Ithird_party/cares/cares/src/lib/include -Ithird_party/cares/cares/src/lib -Ithird_party/cares/config_linux -Ithird_party/re2 -Ithird_party/boringssl-with-bazel/src/include -Ithird_party/upb -Isrc/core/ext/upb-gen -Isrc/core/ext/upbdefs-gen -Ithird_party/utf8_range -Ithird_party/xxhash -Ithird_party/zlib -I/usr/local/google/home/ssreenithi/.pyenv/versions/3.12.0/envs/pyvenv_312/include -I/usr/local/google/home/ssreenithi/.pyenv/versions/3.12.0/include/python3.12 -c src/core/ext/upb-gen/envoy/config/core/v3/udp_socket_config.upb_minitable.c -o pyb/temp.linux-x86_64-cpython-312/src/core/ext/upb-gen/envoy/config/core/v3/udp_socket_config.upb_minitable.o -fvisibility=hidden -fno-wrapv -fno-exceptions -pthread
      gcc -fno-strict-overflow -Wsign-compare -DNDEBUG -g -O3 -Wall -fPIC -D_WIN32_WINNT=1536 -DGRPC_XDS_USER_AGENT_NAME_SUFFIX=\"Python\" -DGRPC_XDS_USER_AGENT_VERSION_SUFFIX=\"1.79.0.dev0\" -DHAVE_CONFIG_H=1 -DGRPC_ENABLE_FORK_SUPPORT=1 -DGRPC_ENABLE_FORK_SUPPORT_DEFAULT=false -DGRPC_PYTHON_BUILD=1 -D__STDC_FORMAT_MACROS "-DPyMODINIT_FUNC=extern \"C\" __attribute__((visibility (\"default\"))) PyObject*" -DGRPC_POSIX_FORK_ALLOW_PTHREAD_ATFORK=1 -Isrc/python/grpcio -Iinclude -I. -Ithird_party/abseil-cpp -Ithird_party/address_sorting/include -Ithird_party/cares/cares/include -Ithird_party/cares -Ithird_party/cares/cares -Ithird_party/cares/cares/src/lib/include -Ithird_party/cares/cares/src/lib -Ithird_party/cares/config_linux -Ithird_party/re2 -Ithird_party/boringssl-with-bazel/src/include -Ithird_party/upb -Isrc/core/ext/upb-gen -Isrc/core/ext/upbdefs-gen -Ithird_party/utf8_range -Ithird_party/xxhash -Ithird_party/zlib -I/usr/local/google/home/ssreenithi/.pyenv/versions/3.12.0/envs/pyvenv_312/include -I/usr/local/google/home/ssreenithi/.pyenv/versions/3.12.0/include/python3.12 -c src/core/ext/upb-gen/envoy/config/listener/v3/quic_config.upb_minitable.c -o pyb/temp.linux-x86_64-cpython-312/src/core/ext/upb-gen/envoy/config/listener/v3/quic_config.upb_minitable.o -fvisibility=hidden -fno-wrapv -fno-exceptions -pthread
      gcc -fno-strict-overflow -Wsign-compare -DNDEBUG -g -O3 -Wall -fPIC -D_WIN32_WINNT=1536 -DGRPC_XDS_USER_AGENT_NAME_SUFFIX=\"Python\" -DGRPC_XDS_USER_AGENT_VERSION_SUFFIX=\"1.79.0.dev0\" -DHAVE_CONFIG_H=1 -DGRPC_ENABLE_FORK_SUPPORT=1 -DGRPC_ENABLE_FORK_SUPPORT_DEFAULT=false -DGRPC_PYTHON_BUILD=1 -D__STDC_FORMAT_MACROS "-DPyMODINIT_FUNC=extern \"C\" __attribute__((visibility (\"default\"))) PyObject*" -DGRPC_POSIX_FORK_ALLOW_PTHREAD_ATFORK=1 -Isrc/python/grpcio -Iinclude -I. -Ithird_party/abseil-cpp -Ithird_party/address_sorting/include -Ithird_party/cares/cares/include -Ithird_party/cares -Ithird_party/cares/cares -Ithird_party/cares/cares/src/lib/include -Ithird_party/cares/cares/src/lib -Ithird_party/cares/config_linux -Ithird_party/re2 -Ithird_party/boringssl-with-bazel/src/include -Ithird_party/upb -Isrc/core/ext/upb-gen -Isrc/core/ext/upbdefs-gen -Ithird_party/utf8_range -Ithird_party/xxhash -Ithird_party/zlib -I/usr/local/google/home/ssreenithi/.pyenv/versions/3.12.0/envs/pyvenv_312/include -I/usr/local/google/home/ssreenithi/.pyenv/versions/3.12.0/include/python3.12 -c src/core/ext/upb-gen/envoy/config/route/v3/route_components.upb_minitable.c -o pyb/temp.linux-x86_64-cpython-312/src/core/ext/upb-gen/envoy/config/route/v3/route_components.upb_minitable.o -fvisibility=hidden -fno-wrapv -fno-exceptions -pthread
      gcc -fno-strict-overflow -Wsign-compare -DNDEBUG -g -O3 -Wall -fPIC -D_WIN32_WINNT=1536 -DGRPC_XDS_USER_AGENT_NAME_SUFFIX=\"Python\" -DGRPC_XDS_USER_AGENT_VERSION_SUFFIX=\"1.79.0.dev0\" -DHAVE_CONFIG_H=1 -DGRPC_ENABLE_FORK_SUPPORT=1 -DGRPC_ENABLE_FORK_SUPPORT_DEFAULT=false -DGRPC_PYTHON_BUILD=1 -D__STDC_FORMAT_MACROS "-DPyMODINIT_FUNC=extern \"C\" __attribute__((visibility (\"default\"))) PyObject*" -DGRPC_POSIX_FORK_ALLOW_PTHREAD_ATFORK=1 -Isrc/python/grpcio -Iinclude -I. -Ithird_party/abseil-cpp -Ithird_party/address_sorting/include -Ithird_party/cares/cares/include -Ithird_party/cares -Ithird_party/cares/cares -Ithird_party/cares/cares/src/lib/include -Ithird_party/cares/cares/src/lib -Ithird_party/cares/config_linux -Ithird_party/re2 -Ithird_party/boringssl-with-bazel/src/include -Ithird_party/upb -Isrc/core/ext/upb-gen -Isrc/core/ext/upbdefs-gen -Ithird_party/utf8_range -Ithird_party/xxhash -Ithird_party/zlib -I/usr/local/google/home/ssreenithi/.pyenv/versions/3.12.0/envs/pyvenv_312/include -I/usr/local/google/home/ssreenithi/.pyenv/versions/3.12.0/include/python3.12 -c src/core/ext/upb-gen/envoy/config/trace/v3/opentelemetry.upb_minitable.c -o pyb/temp.linux-x86_64-cpython-312/src/core/ext/upb-gen/envoy/config/trace/v3/opentelemetry.upb_minitable.o -fvisibility=hidden -fno-wrapv -fno-exceptions -pthread
      gcc -fno-strict-overflow -Wsign-compare -DNDEBUG -g -O3 -Wall -fPIC -D_WIN32_WINNT=1536 -DGRPC_XDS_USER_AGENT_NAME_SUFFIX=\"Python\" -DGRPC_XDS_USER_AGENT_VERSION_SUFFIX=\"1.79.0.dev0\" -DHAVE_CONFIG_H=1 -DGRPC_ENABLE_FORK_SUPPORT=1 -DGRPC_ENABLE_FORK_SUPPORT_DEFAULT=false -DGRPC_PYTHON_BUILD=1 -D__STDC_FORMAT_MACROS "-DPyMODINIT_FUNC=extern \"C\" __attribute__((visibility (\"default\"))) PyObject*" -DGRPC_POSIX_FORK_ALLOW_PTHREAD_ATFORK=1 -Isrc/python/grpcio -Iinclude -I. -Ithird_party/abseil-cpp -Ithird_party/address_sorting/include -Ithird_party/cares/cares/include -Ithird_party/cares -Ithird_party/cares/cares -Ithird_party/cares/cares/src/lib/include -Ithird_party/cares/cares/src/lib -Ithird_party/cares/config_linux -Ithird_party/re2 -Ithird_party/boringssl-with-bazel/src/include -Ithird_party/upb -Isrc/core/ext/upb-gen -Isrc/core/ext/upbdefs-gen -Ithird_party/utf8_range -Ithird_party/xxhash -Ithird_party/zlib -I/usr/local/google/home/ssreenithi/.pyenv/versions/3.12.0/envs/pyvenv_312/include -I/usr/local/google/home/ssreenithi/.pyenv/versions/3.12.0/include/python3.12 -c src/core/ext/upb-gen/envoy/extensions/clusters/aggregate/v3/cluster.upb_minitable.c -o pyb/temp.linux-x86_64-cpython-312/src/core/ext/upb-gen/envoy/extensions/clusters/aggregate/v3/cluster.upb_minitable.o -fvisibility=hidden -fno-wrapv -fno-exceptions -pthread
      gcc -fno-strict-overflow -Wsign-compare -DNDEBUG -g -O3 -Wall -fPIC -D_WIN32_WINNT=1536 -DGRPC_XDS_USER_AGENT_NAME_SUFFIX=\"Python\" -DGRPC_XDS_USER_AGENT_VERSION_SUFFIX=\"1.79.0.dev0\" -DHAVE_CONFIG_H=1 -DGRPC_ENABLE_FORK_SUPPORT=1 -DGRPC_ENABLE_FORK_SUPPORT_DEFAULT=false -DGRPC_PYTHON_BUILD=1 -D__STDC_FORMAT_MACROS "-DPyMODINIT_FUNC=extern \"C\" __attribute__((visibility (\"default\"))) PyObject*" -DGRPC_POSIX_FORK_ALLOW_PTHREAD_ATFORK=1 -Isrc/python/grpcio -Iinclude -I. -Ithird_party/abseil-cpp -Ithird_party/address_sorting/include -Ithird_party/cares/cares/include -Ithird_party/cares -Ithird_party/cares/cares -Ithird_party/cares/cares/src/lib/include -Ithird_party/cares/cares/src/lib -Ithird_party/cares/config_linux -Ithird_party/re2 -Ithird_party/boringssl-with-bazel/src/include -Ithird_party/upb -Isrc/core/ext/upb-gen -Isrc/core/ext/upbdefs-gen -Ithird_party/utf8_range -Ithird_party/xxhash -Ithird_party/zlib -I/usr/local/google/home/ssreenithi/.pyenv/versions/3.12.0/envs/pyvenv_312/include -I/usr/local/google/home/ssreenithi/.pyenv/versions/3.12.0/include/python3.12 -c src/core/ext/upb-gen/envoy/extensions/filters/network/http_connection_manager/v3/http_connection_manager.upb_minitable.c -o pyb/temp.linux-x86_64-cpython-312/src/core/ext/upb-gen/envoy/extensions/filters/network/http_connection_manager/v3/http_connection_manager.upb_minitable.o -fvisibility=hidden -fno-wrapv -fno-exceptions -pthread
      gcc -fno-strict-overflow -Wsign-compare -DNDEBUG -g -O3 -Wall -fPIC -D_WIN32_WINNT=1536 -DGRPC_XDS_USER_AGENT_NAME_SUFFIX=\"Python\" -DGRPC_XDS_USER_AGENT_VERSION_SUFFIX=\"1.79.0.dev0\" -DHAVE_CONFIG_H=1 -DGRPC_ENABLE_FORK_SUPPORT=1 -DGRPC_ENABLE_FORK_SUPPORT_DEFAULT=false -DGRPC_PYTHON_BUILD=1 -D__STDC_FORMAT_MACROS "-DPyMODINIT_FUNC=extern \"C\" __attribute__((visibility (\"default\"))) PyObject*" -DGRPC_POSIX_FORK_ALLOW_PTHREAD_ATFORK=1 -Isrc/python/grpcio -Iinclude -I. -Ithird_party/abseil-cpp -Ithird_party/address_sorting/include -Ithird_party/cares/cares/include -Ithird_party/cares -Ithird_party/cares/cares -Ithird_party/cares/cares/src/lib/include -Ithird_party/cares/cares/src/lib -Ithird_party/cares/config_linux -Ithird_party/re2 -Ithird_party/boringssl-with-bazel/src/include -Ithird_party/upb -Isrc/core/ext/upb-gen -Isrc/core/ext/upbdefs-gen -Ithird_party/utf8_range -Ithird_party/xxhash -Ithird_party/zlib -I/usr/local/google/home/ssreenithi/.pyenv/versions/3.12.0/envs/pyvenv_312/include -I/usr/local/google/home/ssreenithi/.pyenv/versions/3.12.0/include/python3.12 -c src/core/ext/upb-gen/envoy/extensions/load_balancing_policies/pick_first/v3/pick_first.upb_minitable.c -o pyb/temp.linux-x86_64-cpython-312/src/core/ext/upb-gen/envoy/extensions/load_balancing_policies/pick_first/v3/pick_first.upb_minitable.o -fvisibility=hidden -fno-wrapv -fno-exceptions -pthread
      gcc -fno-strict-overflow -Wsign-compare -DNDEBUG -g -O3 -Wall -fPIC -D_WIN32_WINNT=1536 -DGRPC_XDS_USER_AGENT_NAME_SUFFIX=\"Python\" -DGRPC_XDS_USER_AGENT_VERSION_SUFFIX=\"1.79.0.dev0\" -DHAVE_CONFIG_H=1 -DGRPC_ENABLE_FORK_SUPPORT=1 -DGRPC_ENABLE_FORK_SUPPORT_DEFAULT=false -DGRPC_PYTHON_BUILD=1 -D__STDC_FORMAT_MACROS "-DPyMODINIT_FUNC=extern \"C\" __attribute__((visibility (\"default\"))) PyObject*" -DGRPC_POSIX_FORK_ALLOW_PTHREAD_ATFORK=1 -Isrc/python/grpcio -Iinclude -I. -Ithird_party/abseil-cpp -Ithird_party/address_sorting/include -Ithird_party/cares/cares/include -Ithird_party/cares -Ithird_party/cares/cares -Ithird_party/cares/cares/src/lib/include -Ithird_party/cares/cares/src/lib -Ithird_party/cares/config_linux -Ithird_party/re2 -Ithird_party/boringssl-with-bazel/src/include -Ithird_party/upb -Isrc/core/ext/upb-gen -Isrc/core/ext/upbdefs-gen -Ithird_party/utf8_range -Ithird_party/xxhash -Ithird_party/zlib -I/usr/local/google/home/ssreenithi/.pyenv/versions/3.12.0/envs/pyvenv_312/include -I/usr/local/google/home/ssreenithi/.pyenv/versions/3.12.0/include/python3.12 -c src/core/ext/upb-gen/envoy/extensions/transport_sockets/tls/v3/tls.upb_minitable.c -o pyb/temp.linux-x86_64-cpython-312/src/core/ext/upb-gen/envoy/extensions/transport_sockets/tls/v3/tls.upb_minitable.o -fvisibility=hidden -fno-wrapv -fno-exceptions -pthread
      gcc -fno-strict-overflow -Wsign-compare -DNDEBUG -g -O3 -Wall -fPIC -D_WIN32_WINNT=1536 -DGRPC_XDS_USER_AGENT_NAME_SUFFIX=\"Python\" -DGRPC_XDS_USER_AGENT_VERSION_SUFFIX=\"1.79.0.dev0\" -DHAVE_CONFIG_H=1 -DGRPC_ENABLE_FORK_SUPPORT=1 -DGRPC_ENABLE_FORK_SUPPORT_DEFAULT=false -DGRPC_PYTHON_BUILD=1 -D__STDC_FORMAT_MACROS "-DPyMODINIT_FUNC=extern \"C\" __attribute__((visibility (\"default\"))) PyObject*" -DGRPC_POSIX_FORK_ALLOW_PTHREAD_ATFORK=1 -Isrc/python/grpcio -Iinclude -I. -Ithird_party/abseil-cpp -Ithird_party/address_sorting/include -Ithird_party/cares/cares/include -Ithird_party/cares -Ithird_party/cares/cares -Ithird_party/cares/cares/src/lib/include -Ithird_party/cares/cares/src/lib -Ithird_party/cares/config_linux -Ithird_party/re2 -Ithird_party/boringssl-with-bazel/src/include -Ithird_party/upb -Isrc/core/ext/upb-gen -Isrc/core/ext/upbdefs-gen -Ithird_party/utf8_range -Ithird_party/xxhash -Ithird_party/zlib -I/usr/local/google/home/ssreenithi/.pyenv/versions/3.12.0/envs/pyvenv_312/include -I/usr/local/google/home/ssreenithi/.pyenv/versions/3.12.0/include/python3.12 -c src/core/ext/upb-gen/envoy/type/http/v3/cookie.upb_minitable.c -o pyb/temp.linux-x86_64-cpython-312/src/core/ext/upb-gen/envoy/type/http/v3/cookie.upb_minitable.o -fvisibility=hidden -fno-wrapv -fno-exceptions -pthread
      gcc -fno-strict-overflow -Wsign-compare -DNDEBUG -g -O3 -Wall -fPIC -D_WIN32_WINNT=1536 -DGRPC_XDS_USER_AGENT_NAME_SUFFIX=\"Python\" -DGRPC_XDS_USER_AGENT_VERSION_SUFFIX=\"1.79.0.dev0\" -DHAVE_CONFIG_H=1 -DGRPC_ENABLE_FORK_SUPPORT=1 -DGRPC_ENABLE_FORK_SUPPORT_DEFAULT=false -DGRPC_PYTHON_BUILD=1 -D__STDC_FORMAT_MACROS "-DPyMODINIT_FUNC=extern \"C\" __attribute__((visibility (\"default\"))) PyObject*" -DGRPC_POSIX_FORK_ALLOW_PTHREAD_ATFORK=1 -Isrc/python/grpcio -Iinclude -I. -Ithird_party/abseil-cpp -Ithird_party/address_sorting/include -Ithird_party/cares/cares/include -Ithird_party/cares -Ithird_party/cares/cares -Ithird_party/cares/cares/src/lib/include -Ithird_party/cares/cares/src/lib -Ithird_party/cares/config_linux -Ithird_party/re2 -Ithird_party/boringssl-with-bazel/src/include -Ithird_party/upb -Isrc/core/ext/upb-gen -Isrc/core/ext/upbdefs-gen -Ithird_party/utf8_range -Ithird_party/xxhash -Ithird_party/zlib -I/usr/local/google/home/ssreenithi/.pyenv/versions/3.12.0/envs/pyvenv_312/include -I/usr/local/google/home/ssreenithi/.pyenv/versions/3.12.0/include/python3.12 -c src/core/ext/upb-gen/envoy/type/matcher/v3/number.upb_minitable.c -o pyb/temp.linux-x86_64-cpython-312/src/core/ext/upb-gen/envoy/type/matcher/v3/number.upb_minitable.o -fvisibility=hidden -fno-wrapv -fno-exceptions -pthread
      gcc -fno-strict-overflow -Wsign-compare -DNDEBUG -g -O3 -Wall -fPIC -D_WIN32_WINNT=1536 -DGRPC_XDS_USER_AGENT_NAME_SUFFIX=\"Python\" -DGRPC_XDS_USER_AGENT_VERSION_SUFFIX=\"1.79.0.dev0\" -DHAVE_CONFIG_H=1 -DGRPC_ENABLE_FORK_SUPPORT=1 -DGRPC_ENABLE_FORK_SUPPORT_DEFAULT=false -DGRPC_PYTHON_BUILD=1 -D__STDC_FORMAT_MACROS "-DPyMODINIT_FUNC=extern \"C\" __attribute__((visibility (\"default\"))) PyObject*" -DGRPC_POSIX_FORK_ALLOW_PTHREAD_ATFORK=1 -Isrc/python/grpcio -Iinclude -I. -Ithird_party/abseil-cpp -Ithird_party/address_sorting/include -Ithird_party/cares/cares/include -Ithird_party/cares -Ithird_party/cares/cares -Ithird_party/cares/cares/src/lib/include -Ithird_party/cares/cares/src/lib -Ithird_party/cares/config_linux -Ithird_party/re2 -Ithird_party/boringssl-with-bazel/src/include -Ithird_party/upb -Isrc/core/ext/upb-gen -Isrc/core/ext/upbdefs-gen -Ithird_party/utf8_range -Ithird_party/xxhash -Ithird_party/zlib -I/usr/local/google/home/ssreenithi/.pyenv/versions/3.12.0/envs/pyvenv_312/include -I/usr/local/google/home/ssreenithi/.pyenv/versions/3.12.0/include/python3.12 -c src/core/ext/upb-gen/envoy/type/metadata/v3/metadata.upb_minitable.c -o pyb/temp.linux-x86_64-cpython-312/src/core/ext/upb-gen/envoy/type/metadata/v3/metadata.upb_minitable.o -fvisibility=hidden -fno-wrapv -fno-exceptions -pthread
      gcc -fno-strict-overflow -Wsign-compare -DNDEBUG -g -O3 -Wall -fPIC -D_WIN32_WINNT=1536 -DGRPC_XDS_USER_AGENT_NAME_SUFFIX=\"Python\" -DGRPC_XDS_USER_AGENT_VERSION_SUFFIX=\"1.79.0.dev0\" -DHAVE_CONFIG_H=1 -DGRPC_ENABLE_FORK_SUPPORT=1 -DGRPC_ENABLE_FORK_SUPPORT_DEFAULT=false -DGRPC_PYTHON_BUILD=1 -D__STDC_FORMAT_MACROS "-DPyMODINIT_FUNC=extern \"C\" __attribute__((visibility (\"default\"))) PyObject*" -DGRPC_POSIX_FORK_ALLOW_PTHREAD_ATFORK=1 -Isrc/python/grpcio -Iinclude -I. -Ithird_party/abseil-cpp -Ithird_party/address_sorting/include -Ithird_party/cares/cares/include -Ithird_party/cares -Ithird_party/cares/cares -Ithird_party/cares/cares/src/lib/include -Ithird_party/cares/cares/src/lib -Ithird_party/cares/config_linux -Ithird_party/re2 -Ithird_party/boringssl-with-bazel/src/include -Ithird_party/upb -Isrc/core/ext/upb-gen -Isrc/core/ext/upbdefs-gen -Ithird_party/utf8_range -Ithird_party/xxhash -Ithird_party/zlib -I/usr/local/google/home/ssreenithi/.pyenv/versions/3.12.0/envs/pyvenv_312/include -I/usr/local/google/home/ssreenithi/.pyenv/versions/3.12.0/include/python3.12 -c src/core/ext/upb-gen/envoy/type/v3/ratelimit_strategy.upb_minitable.c -o pyb/temp.linux-x86_64-cpython-312/src/core/ext/upb-gen/envoy/type/v3/ratelimit_strategy.upb_minitable.o -fvisibility=hidden -fno-wrapv -fno-exceptions -pthread
      gcc -fno-strict-overflow -Wsign-compare -DNDEBUG -g -O3 -Wall -fPIC -D_WIN32_WINNT=1536 -DGRPC_XDS_USER_AGENT_NAME_SUFFIX=\"Python\" -DGRPC_XDS_USER_AGENT_VERSION_SUFFIX=\"1.79.0.dev0\" -DHAVE_CONFIG_H=1 -DGRPC_ENABLE_FORK_SUPPORT=1 -DGRPC_ENABLE_FORK_SUPPORT_DEFAULT=false -DGRPC_PYTHON_BUILD=1 -D__STDC_FORMAT_MACROS "-DPyMODINIT_FUNC=extern \"C\" __attribute__((visibility (\"default\"))) PyObject*" -DGRPC_POSIX_FORK_ALLOW_PTHREAD_ATFORK=1 -Isrc/python/grpcio -Iinclude -I. -Ithird_party/abseil-cpp -Ithird_party/address_sorting/include -Ithird_party/cares/cares/include -Ithird_party/cares -Ithird_party/cares/cares -Ithird_party/cares/cares/src/lib/include -Ithird_party/cares/cares/src/lib -Ithird_party/cares/config_linux -Ithird_party/re2 -Ithird_party/boringssl-with-bazel/src/include -Ithird_party/upb -Isrc/core/ext/upb-gen -Isrc/core/ext/upbdefs-gen -Ithird_party/utf8_range -Ithird_party/xxhash -Ithird_party/zlib -I/usr/local/google/home/ssreenithi/.pyenv/versions/3.12.0/envs/pyvenv_312/include -I/usr/local/google/home/ssreenithi/.pyenv/versions/3.12.0/include/python3.12 -c src/core/ext/upb-gen/envoy/admin/v3/listeners.upb_minitable.c -o pyb/temp.linux-x86_64-cpython-312/src/core/ext/upb-gen/envoy/admin/v3/listeners.upb_minitable.o -fvisibility=hidden -fno-wrapv -fno-exceptions -pthread
      gcc -fno-strict-overflow -Wsign-compare -DNDEBUG -g -O3 -Wall -fPIC -D_WIN32_WINNT=1536 -DGRPC_XDS_USER_AGENT_NAME_SUFFIX=\"Python\" -DGRPC_XDS_USER_AGENT_VERSION_SUFFIX=\"1.79.0.dev0\" -DHAVE_CONFIG_H=1 -DGRPC_ENABLE_FORK_SUPPORT=1 -DGRPC_ENABLE_FORK_SUPPORT_DEFAULT=false -DGRPC_PYTHON_BUILD=1 -D__STDC_FORMAT_MACROS "-DPyMODINIT_FUNC=extern \"C\" __attribute__((visibility (\"default\"))) PyObject*" -DGRPC_POSIX_FORK_ALLOW_PTHREAD_ATFORK=1 -Isrc/python/grpcio -Iinclude -I. -Ithird_party/abseil-cpp -Ithird_party/address_sorting/include -Ithird_party/cares/cares/include -Ithird_party/cares -Ithird_party/cares/cares -Ithird_party/cares/cares/src/lib/include -Ithird_party/cares/cares/src/lib -Ithird_party/cares/config_linux -Ithird_party/re2 -Ithird_party/boringssl-with-bazel/src/include -Ithird_party/upb -Isrc/core/ext/upb-gen -Isrc/core/ext/upbdefs-gen -Ithird_party/utf8_range -Ithird_party/xxhash -Ithird_party/zlib -I/usr/local/google/home/ssreenithi/.pyenv/versions/3.12.0/envs/pyvenv_312/include -I/usr/local/google/home/ssreenithi/.pyenv/versions/3.12.0/include/python3.12 -c src/core/ext/upb-gen/google/api/http.upb_minitable.c -o pyb/temp.linux-x86_64-cpython-312/src/core/ext/upb-gen/google/api/http.upb_minitable.o -fvisibility=hidden -fno-wrapv -fno-exceptions -pthread
      gcc -fno-strict-overflow -Wsign-compare -DNDEBUG -g -O3 -Wall -fPIC -D_WIN32_WINNT=1536 -DGRPC_XDS_USER_AGENT_NAME_SUFFIX=\"Python\" -DGRPC_XDS_USER_AGENT_VERSION_SUFFIX=\"1.79.0.dev0\" -DHAVE_CONFIG_H=1 -DGRPC_ENABLE_FORK_SUPPORT=1 -DGRPC_ENABLE_FORK_SUPPORT_DEFAULT=false -DGRPC_PYTHON_BUILD=1 -D__STDC_FORMAT_MACROS "-DPyMODINIT_FUNC=extern \"C\" __attribute__((visibility (\"default\"))) PyObject*" -DGRPC_POSIX_FORK_ALLOW_PTHREAD_ATFORK=1 -Isrc/python/grpcio -Iinclude -I. -Ithird_party/abseil-cpp -Ithird_party/address_sorting/include -Ithird_party/cares/cares/include -Ithird_party/cares -Ithird_party/cares/cares -Ithird_party/cares/cares/src/lib/include -Ithird_party/cares/cares/src/lib -Ithird_party/cares/config_linux -Ithird_party/re2 -Ithird_party/boringssl-with-bazel/src/include -Ithird_party/upb -Isrc/core/ext/upb-gen -Isrc/core/ext/upbdefs-gen -Ithird_party/utf8_range -Ithird_party/xxhash -Ithird_party/zlib -I/usr/local/google/home/ssreenithi/.pyenv/versions/3.12.0/envs/pyvenv_312/include -I/usr/local/google/home/ssreenithi/.pyenv/versions/3.12.0/include/python3.12 -c src/core/ext/upb-gen/google/protobuf/timestamp.upb_minitable.c -o pyb/temp.linux-x86_64-cpython-312/src/core/ext/upb-gen/google/protobuf/timestamp.upb_minitable.o -fvisibility=hidden -fno-wrapv -fno-exceptions -pthread
      gcc -fno-strict-overflow -Wsign-compare -DNDEBUG -g -O3 -Wall -fPIC -D_WIN32_WINNT=1536 -DGRPC_XDS_USER_AGENT_NAME_SUFFIX=\"Python\" -DGRPC_XDS_USER_AGENT_VERSION_SUFFIX=\"1.79.0.dev0\" -DHAVE_CONFIG_H=1 -DGRPC_ENABLE_FORK_SUPPORT=1 -DGRPC_ENABLE_FORK_SUPPORT_DEFAULT=false -DGRPC_PYTHON_BUILD=1 -D__STDC_FORMAT_MACROS "-DPyMODINIT_FUNC=extern \"C\" __attribute__((visibility (\"default\"))) PyObject*" -DGRPC_POSIX_FORK_ALLOW_PTHREAD_ATFORK=1 -Isrc/python/grpcio -Iinclude -I. -Ithird_party/abseil-cpp -Ithird_party/address_sorting/include -Ithird_party/cares/cares/include -Ithird_party/cares -Ithird_party/cares/cares -Ithird_party/cares/cares/src/lib/include -Ithird_party/cares/cares/src/lib -Ithird_party/cares/config_linux -Ithird_party/re2 -Ithird_party/boringssl-with-bazel/src/include -Ithird_party/upb -Isrc/core/ext/upb-gen -Isrc/core/ext/upbdefs-gen -Ithird_party/utf8_range -Ithird_party/xxhash -Ithird_party/zlib -I/usr/local/google/home/ssreenithi/.pyenv/versions/3.12.0/envs/pyvenv_312/include -I/usr/local/google/home/ssreenithi/.pyenv/versions/3.12.0/include/python3.12 -c src/core/ext/upb-gen/src/proto/grpc/channelz/v2/service.upb_minitable.c -o pyb/temp.linux-x86_64-cpython-312/src/core/ext/upb-gen/src/proto/grpc/channelz/v2/service.upb_minitable.o -fvisibility=hidden -fno-wrapv -fno-exceptions -pthread
      gcc -fno-strict-overflow -Wsign-compare -DNDEBUG -g -O3 -Wall -fPIC -D_WIN32_WINNT=1536 -DGRPC_XDS_USER_AGENT_NAME_SUFFIX=\"Python\" -DGRPC_XDS_USER_AGENT_VERSION_SUFFIX=\"1.79.0.dev0\" -DHAVE_CONFIG_H=1 -DGRPC_ENABLE_FORK_SUPPORT=1 -DGRPC_ENABLE_FORK_SUPPORT_DEFAULT=false -DGRPC_PYTHON_BUILD=1 -D__STDC_FORMAT_MACROS "-DPyMODINIT_FUNC=extern \"C\" __attribute__((visibility (\"default\"))) PyObject*" -DGRPC_POSIX_FORK_ALLOW_PTHREAD_ATFORK=1 -Isrc/python/grpcio -Iinclude -I. -Ithird_party/abseil-cpp -Ithird_party/address_sorting/include -Ithird_party/cares/cares/include -Ithird_party/cares -Ithird_party/cares/cares -Ithird_party/cares/cares/src/lib/include -Ithird_party/cares/cares/src/lib -Ithird_party/cares/config_linux -Ithird_party/re2 -Ithird_party/boringssl-with-bazel/src/include -Ithird_party/upb -Isrc/core/ext/upb-gen -Isrc/core/ext/upbdefs-gen -Ithird_party/utf8_range -Ithird_party/xxhash -Ithird_party/zlib -I/usr/local/google/home/ssreenithi/.pyenv/versions/3.12.0/envs/pyvenv_312/include -I/usr/local/google/home/ssreenithi/.pyenv/versions/3.12.0/include/python3.12 -c src/core/ext/upb-gen/src/proto/grpc/lookup/v1/rls_config.upb_minitable.c -o pyb/temp.linux-x86_64-cpython-312/src/core/ext/upb-gen/src/proto/grpc/lookup/v1/rls_config.upb_minitable.o -fvisibility=hidden -fno-wrapv -fno-exceptions -pthread
      gcc -fno-strict-overflow -Wsign-compare -DNDEBUG -g -O3 -Wall -fPIC -D_WIN32_WINNT=1536 -DGRPC_XDS_USER_AGENT_NAME_SUFFIX=\"Python\" -DGRPC_XDS_USER_AGENT_VERSION_SUFFIX=\"1.79.0.dev0\" -DHAVE_CONFIG_H=1 -DGRPC_ENABLE_FORK_SUPPORT=1 -DGRPC_ENABLE_FORK_SUPPORT_DEFAULT=false -DGRPC_PYTHON_BUILD=1 -D__STDC_FORMAT_MACROS "-DPyMODINIT_FUNC=extern \"C\" __attribute__((visibility (\"default\"))) PyObject*" -DGRPC_POSIX_FORK_ALLOW_PTHREAD_ATFORK=1 -Isrc/python/grpcio -Iinclude -I. -Ithird_party/abseil-cpp -Ithird_party/address_sorting/include -Ithird_party/cares/cares/include -Ithird_party/cares -Ithird_party/cares/cares -Ithird_party/cares/cares/src/lib/include -Ithird_party/cares/cares/src/lib -Ithird_party/cares/config_linux -Ithird_party/re2 -Ithird_party/boringssl-with-bazel/src/include -Ithird_party/upb -Isrc/core/ext/upb-gen -Isrc/core/ext/upbdefs-gen -Ithird_party/utf8_range -Ithird_party/xxhash -Ithird_party/zlib -I/usr/local/google/home/ssreenithi/.pyenv/versions/3.12.0/envs/pyvenv_312/include -I/usr/local/google/home/ssreenithi/.pyenv/versions/3.12.0/include/python3.12 -c src/core/ext/upb-gen/envoy/annotations/resource.upb_minitable.c -o pyb/temp.linux-x86_64-cpython-312/src/core/ext/upb-gen/envoy/annotations/resource.upb_minitable.o -fvisibility=hidden -fno-wrapv -fno-exceptions -pthread
      gcc -fno-strict-overflow -Wsign-compare -DNDEBUG -g -O3 -Wall -fPIC -D_WIN32_WINNT=1536 -DGRPC_XDS_USER_AGENT_NAME_SUFFIX=\"Python\" -DGRPC_XDS_USER_AGENT_VERSION_SUFFIX=\"1.79.0.dev0\" -DHAVE_CONFIG_H=1 -DGRPC_ENABLE_FORK_SUPPORT=1 -DGRPC_ENABLE_FORK_SUPPORT_DEFAULT=false -DGRPC_PYTHON_BUILD=1 -D__STDC_FORMAT_MACROS "-DPyMODINIT_FUNC=extern \"C\" __attribute__((visibility (\"default\"))) PyObject*" -DGRPC_POSIX_FORK_ALLOW_PTHREAD_ATFORK=1 -Isrc/python/grpcio -Iinclude -I. -Ithird_party/abseil-cpp -Ithird_party/address_sorting/include -Ithird_party/cares/cares/include -Ithird_party/cares -Ithird_party/cares/cares -Ithird_party/cares/cares/src/lib/include -Ithird_party/cares/cares/src/lib -Ithird_party/cares/config_linux -Ithird_party/re2 -Ithird_party/boringssl-with-bazel/src/include -Ithird_party/upb -Isrc/core/ext/upb-gen -Isrc/core/ext/upbdefs-gen -Ithird_party/utf8_range -Ithird_party/xxhash -Ithird_party/zlib -I/usr/local/google/home/ssreenithi/.pyenv/versions/3.12.0/envs/pyvenv_312/include -I/usr/local/google/home/ssreenithi/.pyenv/versions/3.12.0/include/python3.12 -c src/core/ext/upb-gen/xds/annotations/v3/migrate.upb_minitable.c -o pyb/temp.linux-x86_64-cpython-312/src/core/ext/upb-gen/xds/annotations/v3/migrate.upb_minitable.o -fvisibility=hidden -fno-wrapv -fno-exceptions -pthread
      gcc -fno-strict-overflow -Wsign-compare -DNDEBUG -g -O3 -Wall -fPIC -D_WIN32_WINNT=1536 -DGRPC_XDS_USER_AGENT_NAME_SUFFIX=\"Python\" -DGRPC_XDS_USER_AGENT_VERSION_SUFFIX=\"1.79.0.dev0\" -DHAVE_CONFIG_H=1 -DGRPC_ENABLE_FORK_SUPPORT=1 -DGRPC_ENABLE_FORK_SUPPORT_DEFAULT=false -DGRPC_PYTHON_BUILD=1 -D__STDC_FORMAT_MACROS "-DPyMODINIT_FUNC=extern \"C\" __attribute__((visibility (\"default\"))) PyObject*" -DGRPC_POSIX_FORK_ALLOW_PTHREAD_ATFORK=1 -Isrc/python/grpcio -Iinclude -I. -Ithird_party/abseil-cpp -Ithird_party/address_sorting/include -Ithird_party/cares/cares/include -Ithird_party/cares -Ithird_party/cares/cares -Ithird_party/cares/cares/src/lib/include -Ithird_party/cares/cares/src/lib -Ithird_party/cares/config_linux -Ithird_party/re2 -Ithird_party/boringssl-with-bazel/src/include -Ithird_party/upb -Isrc/core/ext/upb-gen -Isrc/core/ext/upbdefs-gen -Ithird_party/utf8_range -Ithird_party/xxhash -Ithird_party/zlib -I/usr/local/google/home/ssreenithi/.pyenv/versions/3.12.0/envs/pyvenv_312/include -I/usr/local/google/home/ssreenithi/.pyenv/versions/3.12.0/include/python3.12 -c src/core/ext/upb-gen/xds/core/v3/collection_entry.upb_minitable.c -o pyb/temp.linux-x86_64-cpython-312/src/core/ext/upb-gen/xds/core/v3/collection_entry.upb_minitable.o -fvisibility=hidden -fno-wrapv -fno-exceptions -pthread
      g++ -fno-strict-overflow -Wsign-compare -DNDEBUG -g -O3 -Wall -fPIC -D_WIN32_WINNT=1536 -DGRPC_XDS_USER_AGENT_NAME_SUFFIX=\"Python\" -DGRPC_XDS_USER_AGENT_VERSION_SUFFIX=\"1.79.0.dev0\" -DHAVE_CONFIG_H=1 -DGRPC_ENABLE_FORK_SUPPORT=1 -DGRPC_ENABLE_FORK_SUPPORT_DEFAULT=false -DGRPC_PYTHON_BUILD=1 -D__STDC_FORMAT_MACROS "-DPyMODINIT_FUNC=extern \"C\" __attribute__((visibility (\"default\"))) PyObject*" -DGRPC_POSIX_FORK_ALLOW_PTHREAD_ATFORK=1 -Isrc/python/grpcio -Iinclude -I. -Ithird_party/abseil-cpp -Ithird_party/address_sorting/include -Ithird_party/cares/cares/include -Ithird_party/cares -Ithird_party/cares/cares -Ithird_party/cares/cares/src/lib/include -Ithird_party/cares/cares/src/lib -Ithird_party/cares/config_linux -Ithird_party/re2 -Ithird_party/boringssl-with-bazel/src/include -Ithird_party/upb -Isrc/core/ext/upb-gen -Isrc/core/ext/upbdefs-gen -Ithird_party/utf8_range -Ithird_party/xxhash -Ithird_party/zlib -I/usr/local/google/home/ssreenithi/.pyenv/versions/3.12.0/envs/pyvenv_312/include -I/usr/local/google/home/ssreenithi/.pyenv/versions/3.12.0/include/python3.12 -c src/core/ext/transport/chttp2/transport/flow_control.cc -o pyb/temp.linux-x86_64-cpython-312/src/core/ext/transport/chttp2/transport/flow_control.o -std=c++17 -fvisibility=hidden -fno-wrapv -fno-exceptions -pthread
      gcc -fno-strict-overflow -Wsign-compare -DNDEBUG -g -O3 -Wall -fPIC -D_WIN32_WINNT=1536 -DGRPC_XDS_USER_AGENT_NAME_SUFFIX=\"Python\" -DGRPC_XDS_USER_AGENT_VERSION_SUFFIX=\"1.79.0.dev0\" -DHAVE_CONFIG_H=1 -DGRPC_ENABLE_FORK_SUPPORT=1 -DGRPC_ENABLE_FORK_SUPPORT_DEFAULT=false -DGRPC_PYTHON_BUILD=1 -D__STDC_FORMAT_MACROS "-DPyMODINIT_FUNC=extern \"C\" __attribute__((visibility (\"default\"))) PyObject*" -DGRPC_POSIX_FORK_ALLOW_PTHREAD_ATFORK=1 -Isrc/python/grpcio -Iinclude -I. -Ithird_party/abseil-cpp -Ithird_party/address_sorting/include -Ithird_party/cares/cares/include -Ithird_party/cares -Ithird_party/cares/cares -Ithird_party/cares/cares/src/lib/include -Ithird_party/cares/cares/src/lib -Ithird_party/cares/config_linux -Ithird_party/re2 -Ithird_party/boringssl-with-bazel/src/include -Ithird_party/upb -Isrc/core/ext/upb-gen -Isrc/core/ext/upbdefs-gen -Ithird_party/utf8_range -Ithird_party/xxhash -Ithird_party/zlib -I/usr/local/google/home/ssreenithi/.pyenv/versions/3.12.0/envs/pyvenv_312/include -I/usr/local/google/home/ssreenithi/.pyenv/versions/3.12.0/include/python3.12 -c src/core/ext/upb-gen/envoy/config/core/v3/event_service_config.upb_minitable.c -o pyb/temp.linux-x86_64-cpython-312/src/core/ext/upb-gen/envoy/config/core/v3/event_service_config.upb_minitable.o -fvisibility=hidden -fno-wrapv -fno-exceptions -pthread
      gcc -fno-strict-overflow -Wsign-compare -DNDEBUG -g -O3 -Wall -fPIC -D_WIN32_WINNT=1536 -DGRPC_XDS_USER_AGENT_NAME_SUFFIX=\"Python\" -DGRPC_XDS_USER_AGENT_VERSION_SUFFIX=\"1.79.0.dev0\" -DHAVE_CONFIG_H=1 -DGRPC_ENABLE_FORK_SUPPORT=1 -DGRPC_ENABLE_FORK_SUPPORT_DEFAULT=false -DGRPC_PYTHON_BUILD=1 -D__STDC_FORMAT_MACROS "-DPyMODINIT_FUNC=extern \"C\" __attribute__((visibility (\"default\"))) PyObject*" -DGRPC_POSIX_FORK_ALLOW_PTHREAD_ATFORK=1 -Isrc/python/grpcio -Iinclude -I. -Ithird_party/abseil-cpp -Ithird_party/address_sorting/include -Ithird_party/cares/cares/include -Ithird_party/cares -Ithird_party/cares/cares -Ithird_party/cares/cares/src/lib/include -Ithird_party/cares/cares/src/lib -Ithird_party/cares/config_linux -Ithird_party/re2 -Ithird_party/boringssl-with-bazel/src/include -Ithird_party/upb -Isrc/core/ext/upb-gen -Isrc/core/ext/upbdefs-gen -Ithird_party/utf8_range -Ithird_party/xxhash -Ithird_party/zlib -I/usr/local/google/home/ssreenithi/.pyenv/versions/3.12.0/envs/pyvenv_312/include -I/usr/local/google/home/ssreenithi/.pyenv/versions/3.12.0/include/python3.12 -c src/core/ext/upb-gen/envoy/config/common/matcher/v3/matcher.upb_minitable.c -o pyb/temp.linux-x86_64-cpython-312/src/core/ext/upb-gen/envoy/config/common/matcher/v3/matcher.upb_minitable.o -fvisibility=hidden -fno-wrapv -fno-exceptions -pthread
      gcc -fno-strict-overflow -Wsign-compare -DNDEBUG -g -O3 -Wall -fPIC -D_WIN32_WINNT=1536 -DGRPC_XDS_USER_AGENT_NAME_SUFFIX=\"Python\" -DGRPC_XDS_USER_AGENT_VERSION_SUFFIX=\"1.79.0.dev0\" -DHAVE_CONFIG_H=1 -DGRPC_ENABLE_FORK_SUPPORT=1 -DGRPC_ENABLE_FORK_SUPPORT_DEFAULT=false -DGRPC_PYTHON_BUILD=1 -D__STDC_FORMAT_MACROS "-DPyMODINIT_FUNC=extern \"C\" __attribute__((visibility (\"default\"))) PyObject*" -DGRPC_POSIX_FORK_ALLOW_PTHREAD_ATFORK=1 -Isrc/python/grpcio -Iinclude -I. -Ithird_party/abseil-cpp -Ithird_party/address_sorting/include -Ithird_party/cares/cares/include -Ithird_party/cares -Ithird_party/cares/cares -Ithird_party/cares/cares/src/lib/include -Ithird_party/cares/cares/src/lib -Ithird_party/cares/config_linux -Ithird_party/re2 -Ithird_party/boringssl-with-bazel/src/include -Ithird_party/upb -Isrc/core/ext/upb-gen -Isrc/core/ext/upbdefs-gen -Ithird_party/utf8_range -Ithird_party/xxhash -Ithird_party/zlib -I/usr/local/google/home/ssreenithi/.pyenv/versions/3.12.0/envs/pyvenv_312/include -I/usr/local/google/home/ssreenithi/.pyenv/versions/3.12.0/include/python3.12 -c src/core/ext/upb-gen/xds/service/orca/v3/orca.upb_minitable.c -o pyb/temp.linux-x86_64-cpython-312/src/core/ext/upb-gen/xds/service/orca/v3/orca.upb_minitable.o -fvisibility=hidden -fno-wrapv -fno-exceptions -pthread
      gcc -fno-strict-overflow -Wsign-compare -DNDEBUG -g -O3 -Wall -fPIC -D_WIN32_WINNT=1536 -DGRPC_XDS_USER_AGENT_NAME_SUFFIX=\"Python\" -DGRPC_XDS_USER_AGENT_VERSION_SUFFIX=\"1.79.0.dev0\" -DHAVE_CONFIG_H=1 -DGRPC_ENABLE_FORK_SUPPORT=1 -DGRPC_ENABLE_FORK_SUPPORT_DEFAULT=false -DGRPC_PYTHON_BUILD=1 -D__STDC_FORMAT_MACROS "-DPyMODINIT_FUNC=extern \"C\" __attribute__((visibility (\"default\"))) PyObject*" -DGRPC_POSIX_FORK_ALLOW_PTHREAD_ATFORK=1 -Isrc/python/grpcio -Iinclude -I. -Ithird_party/abseil-cpp -Ithird_party/address_sorting/include -Ithird_party/cares/cares/include -Ithird_party/cares -Ithird_party/cares/cares -Ithird_party/cares/cares/src/lib/include -Ithird_party/cares/cares/src/lib -Ithird_party/cares/config_linux -Ithird_party/re2 -Ithird_party/boringssl-with-bazel/src/include -Ithird_party/upb -Isrc/core/ext/upb-gen -Isrc/core/ext/upbdefs-gen -Ithird_party/utf8_range -Ithird_party/xxhash -Ithird_party/zlib -I/usr/local/google/home/ssreenithi/.pyenv/versions/3.12.0/envs/pyvenv_312/include -I/usr/local/google/home/ssreenithi/.pyenv/versions/3.12.0/include/python3.12 -c src/core/ext/upb-gen/envoy/config/endpoint/v3/endpoint.upb_minitable.c -o pyb/temp.linux-x86_64-cpython-312/src/core/ext/upb-gen/envoy/config/endpoint/v3/endpoint.upb_minitable.o -fvisibility=hidden -fno-wrapv -fno-exceptions -pthread
      gcc -fno-strict-overflow -Wsign-compare -DNDEBUG -g -O3 -Wall -fPIC -D_WIN32_WINNT=1536 -DGRPC_XDS_USER_AGENT_NAME_SUFFIX=\"Python\" -DGRPC_XDS_USER_AGENT_VERSION_SUFFIX=\"1.79.0.dev0\" -DHAVE_CONFIG_H=1 -DGRPC_ENABLE_FORK_SUPPORT=1 -DGRPC_ENABLE_FORK_SUPPORT_DEFAULT=false -DGRPC_PYTHON_BUILD=1 -D__STDC_FORMAT_MACROS "-DPyMODINIT_FUNC=extern \"C\" __attribute__((visibility (\"default\"))) PyObject*" -DGRPC_POSIX_FORK_ALLOW_PTHREAD_ATFORK=1 -Isrc/python/grpcio -Iinclude -I. -Ithird_party/abseil-cpp -Ithird_party/address_sorting/include -Ithird_party/cares/cares/include -Ithird_party/cares -Ithird_party/cares/cares -Ithird_party/cares/cares/src/lib/include -Ithird_party/cares/cares/src/lib -Ithird_party/cares/config_linux -Ithird_party/re2 -Ithird_party/boringssl-with-bazel/src/include -Ithird_party/upb -Isrc/core/ext/upb-gen -Isrc/core/ext/upbdefs-gen -Ithird_party/utf8_range -Ithird_party/xxhash -Ithird_party/zlib -I/usr/local/google/home/ssreenithi/.pyenv/versions/3.12.0/envs/pyvenv_312/include -I/usr/local/google/home/ssreenithi/.pyenv/versions/3.12.0/include/python3.12 -c src/core/ext/upb-gen/envoy/config/core/v3/protocol.upb_minitable.c -o pyb/temp.linux-x86_64-cpython-312/src/core/ext/upb-gen/envoy/config/core/v3/protocol.upb_minitable.o -fvisibility=hidden -fno-wrapv -fno-exceptions -pthread
      gcc -fno-strict-overflow -Wsign-compare -DNDEBUG -g -O3 -Wall -fPIC -D_WIN32_WINNT=1536 -DGRPC_XDS_USER_AGENT_NAME_SUFFIX=\"Python\" -DGRPC_XDS_USER_AGENT_VERSION_SUFFIX=\"1.79.0.dev0\" -DHAVE_CONFIG_H=1 -DGRPC_ENABLE_FORK_SUPPORT=1 -DGRPC_ENABLE_FORK_SUPPORT_DEFAULT=false -DGRPC_PYTHON_BUILD=1 -D__STDC_FORMAT_MACROS "-DPyMODINIT_FUNC=extern \"C\" __attribute__((visibility (\"default\"))) PyObject*" -DGRPC_POSIX_FORK_ALLOW_PTHREAD_ATFORK=1 -Isrc/python/grpcio -Iinclude -I. -Ithird_party/abseil-cpp -Ithird_party/address_sorting/include -Ithird_party/cares/cares/include -Ithird_party/cares -Ithird_party/cares/cares -Ithird_party/cares/cares/src/lib/include -Ithird_party/cares/cares/src/lib -Ithird_party/cares/config_linux -Ithird_party/re2 -Ithird_party/boringssl-with-bazel/src/include -Ithird_party/upb -Isrc/core/ext/upb-gen -Isrc/core/ext/upbdefs-gen -Ithird_party/utf8_range -Ithird_party/xxhash -Ithird_party/zlib -I/usr/local/google/home/ssreenithi/.pyenv/versions/3.12.0/envs/pyvenv_312/include -I/usr/local/google/home/ssreenithi/.pyenv/versions/3.12.0/include/python3.12 -c src/core/ext/upb-gen/xds/type/matcher/v3/regex.upb_minitable.c -o pyb/temp.linux-x86_64-cpython-312/src/core/ext/upb-gen/xds/type/matcher/v3/regex.upb_minitable.o -fvisibility=hidden -fno-wrapv -fno-exceptions -pthread
      gcc -fno-strict-overflow -Wsign-compare -DNDEBUG -g -O3 -Wall -fPIC -D_WIN32_WINNT=1536 -DGRPC_XDS_USER_AGENT_NAME_SUFFIX=\"Python\" -DGRPC_XDS_USER_AGENT_VERSION_SUFFIX=\"1.79.0.dev0\" -DHAVE_CONFIG_H=1 -DGRPC_ENABLE_FORK_SUPPORT=1 -DGRPC_ENABLE_FORK_SUPPORT_DEFAULT=false -DGRPC_PYTHON_BUILD=1 -D__STDC_FORMAT_MACROS "-DPyMODINIT_FUNC=extern \"C\" __attribute__((visibility (\"default\"))) PyObject*" -DGRPC_POSIX_FORK_ALLOW_PTHREAD_ATFORK=1 -Isrc/python/grpcio -Iinclude -I. -Ithird_party/abseil-cpp -Ithird_party/address_sorting/include -Ithird_party/cares/cares/include -Ithird_party/cares -Ithird_party/cares/cares -Ithird_party/cares/cares/src/lib/include -Ithird_party/cares/cares/src/lib -Ithird_party/cares/config_linux -Ithird_party/re2 -Ithird_party/boringssl-with-bazel/src/include -Ithird_party/upb -Isrc/core/ext/upb-gen -Isrc/core/ext/upbdefs-gen -Ithird_party/utf8_range -Ithird_party/xxhash -Ithird_party/zlib -I/usr/local/google/home/ssreenithi/.pyenv/versions/3.12.0/envs/pyvenv_312/include -I/usr/local/google/home/ssreenithi/.pyenv/versions/3.12.0/include/python3.12 -c src/core/ext/upb-gen/envoy/config/listener/v3/udp_listener_config.upb_minitable.c -o pyb/temp.linux-x86_64-cpython-312/src/core/ext/upb-gen/envoy/config/listener/v3/udp_listener_config.upb_minitable.o -fvisibility=hidden -fno-wrapv -fno-exceptions -pthread
      gcc -fno-strict-overflow -Wsign-compare -DNDEBUG -g -O3 -Wall -fPIC -D_WIN32_WINNT=1536 -DGRPC_XDS_USER_AGENT_NAME_SUFFIX=\"Python\" -DGRPC_XDS_USER_AGENT_VERSION_SUFFIX=\"1.79.0.dev0\" -DHAVE_CONFIG_H=1 -DGRPC_ENABLE_FORK_SUPPORT=1 -DGRPC_ENABLE_FORK_SUPPORT_DEFAULT=false -DGRPC_PYTHON_BUILD=1 -D__STDC_FORMAT_MACROS "-DPyMODINIT_FUNC=extern \"C\" __attribute__((visibility (\"default\"))) PyObject*" -DGRPC_POSIX_FORK_ALLOW_PTHREAD_ATFORK=1 -Isrc/python/grpcio -Iinclude -I. -Ithird_party/abseil-cpp -Ithird_party/address_sorting/include -Ithird_party/cares/cares/include -Ithird_party/cares -Ithird_party/cares/cares -Ithird_party/cares/cares/src/lib/include -Ithird_party/cares/cares/src/lib -Ithird_party/cares/config_linux -Ithird_party/re2 -Ithird_party/boringssl-with-bazel/src/include -Ithird_party/upb -Isrc/core/ext/upb-gen -Isrc/core/ext/upbdefs-gen -Ithird_party/utf8_range -Ithird_party/xxhash -Ithird_party/zlib -I/usr/local/google/home/ssreenithi/.pyenv/versions/3.12.0/envs/pyvenv_312/include -I/usr/local/google/home/ssreenithi/.pyenv/versions/3.12.0/include/python3.12 -c src/core/ext/upbdefs-gen/envoy/admin/v3/certs.upbdefs.c -o pyb/temp.linux-x86_64-cpython-312/src/core/ext/upbdefs-gen/envoy/admin/v3/certs.upbdefs.o -fvisibility=hidden -fno-wrapv -fno-exceptions -pthread
      gcc -fno-strict-overflow -Wsign-compare -DNDEBUG -g -O3 -Wall -fPIC -D_WIN32_WINNT=1536 -DGRPC_XDS_USER_AGENT_NAME_SUFFIX=\"Python\" -DGRPC_XDS_USER_AGENT_VERSION_SUFFIX=\"1.79.0.dev0\" -DHAVE_CONFIG_H=1 -DGRPC_ENABLE_FORK_SUPPORT=1 -DGRPC_ENABLE_FORK_SUPPORT_DEFAULT=false -DGRPC_PYTHON_BUILD=1 -D__STDC_FORMAT_MACROS "-DPyMODINIT_FUNC=extern \"C\" __attribute__((visibility (\"default\"))) PyObject*" -DGRPC_POSIX_FORK_ALLOW_PTHREAD_ATFORK=1 -Isrc/python/grpcio -Iinclude -I. -Ithird_party/abseil-cpp -Ithird_party/address_sorting/include -Ithird_party/cares/cares/include -Ithird_party/cares -Ithird_party/cares/cares -Ithird_party/cares/cares/src/lib/include -Ithird_party/cares/cares/src/lib -Ithird_party/cares/config_linux -Ithird_party/re2 -Ithird_party/boringssl-with-bazel/src/include -Ithird_party/upb -Isrc/core/ext/upb-gen -Isrc/core/ext/upbdefs-gen -Ithird_party/utf8_range -Ithird_party/xxhash -Ithird_party/zlib -I/usr/local/google/home/ssreenithi/.pyenv/versions/3.12.0/envs/pyvenv_312/include -I/usr/local/google/home/ssreenithi/.pyenv/versions/3.12.0/include/python3.12 -c src/core/ext/upbdefs-gen/envoy/admin/v3/metrics.upbdefs.c -o pyb/temp.linux-x86_64-cpython-312/src/core/ext/upbdefs-gen/envoy/admin/v3/metrics.upbdefs.o -fvisibility=hidden -fno-wrapv -fno-exceptions -pthread
      gcc -fno-strict-overflow -Wsign-compare -DNDEBUG -g -O3 -Wall -fPIC -D_WIN32_WINNT=1536 -DGRPC_XDS_USER_AGENT_NAME_SUFFIX=\"Python\" -DGRPC_XDS_USER_AGENT_VERSION_SUFFIX=\"1.79.0.dev0\" -DHAVE_CONFIG_H=1 -DGRPC_ENABLE_FORK_SUPPORT=1 -DGRPC_ENABLE_FORK_SUPPORT_DEFAULT=false -DGRPC_PYTHON_BUILD=1 -D__STDC_FORMAT_MACROS "-DPyMODINIT_FUNC=extern \"C\" __attribute__((visibility (\"default\"))) PyObject*" -DGRPC_POSIX_FORK_ALLOW_PTHREAD_ATFORK=1 -Isrc/python/grpcio -Iinclude -I. -Ithird_party/abseil-cpp -Ithird_party/address_sorting/include -Ithird_party/cares/cares/include -Ithird_party/cares -Ithird_party/cares/cares -Ithird_party/cares/cares/src/lib/include -Ithird_party/cares/cares/src/lib -Ithird_party/cares/config_linux -Ithird_party/re2 -Ithird_party/boringssl-with-bazel/src/include -Ithird_party/upb -Isrc/core/ext/upb-gen -Isrc/core/ext/upbdefs-gen -Ithird_party/utf8_range -Ithird_party/xxhash -Ithird_party/zlib -I/usr/local/google/home/ssreenithi/.pyenv/versions/3.12.0/envs/pyvenv_312/include -I/usr/local/google/home/ssreenithi/.pyenv/versions/3.12.0/include/python3.12 -c src/core/ext/upbdefs-gen/envoy/config/bootstrap/v3/bootstrap.upbdefs.c -o pyb/temp.linux-x86_64-cpython-312/src/core/ext/upbdefs-gen/envoy/config/bootstrap/v3/bootstrap.upbdefs.o -fvisibility=hidden -fno-wrapv -fno-exceptions -pthread
      gcc -fno-strict-overflow -Wsign-compare -DNDEBUG -g -O3 -Wall -fPIC -D_WIN32_WINNT=1536 -DGRPC_XDS_USER_AGENT_NAME_SUFFIX=\"Python\" -DGRPC_XDS_USER_AGENT_VERSION_SUFFIX=\"1.79.0.dev0\" -DHAVE_CONFIG_H=1 -DGRPC_ENABLE_FORK_SUPPORT=1 -DGRPC_ENABLE_FORK_SUPPORT_DEFAULT=false -DGRPC_PYTHON_BUILD=1 -D__STDC_FORMAT_MACROS "-DPyMODINIT_FUNC=extern \"C\" __attribute__((visibility (\"default\"))) PyObject*" -DGRPC_POSIX_FORK_ALLOW_PTHREAD_ATFORK=1 -Isrc/python/grpcio -Iinclude -I. -Ithird_party/abseil-cpp -Ithird_party/address_sorting/include -Ithird_party/cares/cares/include -Ithird_party/cares -Ithird_party/cares/cares -Ithird_party/cares/cares/src/lib/include -Ithird_party/cares/cares/src/lib -Ithird_party/cares/config_linux -Ithird_party/re2 -Ithird_party/boringssl-with-bazel/src/include -Ithird_party/upb -Isrc/core/ext/upb-gen -Isrc/core/ext/upbdefs-gen -Ithird_party/utf8_range -Ithird_party/xxhash -Ithird_party/zlib -I/usr/local/google/home/ssreenithi/.pyenv/versions/3.12.0/envs/pyvenv_312/include -I/usr/local/google/home/ssreenithi/.pyenv/versions/3.12.0/include/python3.12 -c src/core/ext/upb-gen/envoy/config/trace/v3/service.upb_minitable.c -o pyb/temp.linux-x86_64-cpython-312/src/core/ext/upb-gen/envoy/config/trace/v3/service.upb_minitable.o -fvisibility=hidden -fno-wrapv -fno-exceptions -pthread
      gcc -fno-strict-overflow -Wsign-compare -DNDEBUG -g -O3 -Wall -fPIC -D_WIN32_WINNT=1536 -DGRPC_XDS_USER_AGENT_NAME_SUFFIX=\"Python\" -DGRPC_XDS_USER_AGENT_VERSION_SUFFIX=\"1.79.0.dev0\" -DHAVE_CONFIG_H=1 -DGRPC_ENABLE_FORK_SUPPORT=1 -DGRPC_ENABLE_FORK_SUPPORT_DEFAULT=false -DGRPC_PYTHON_BUILD=1 -D__STDC_FORMAT_MACROS "-DPyMODINIT_FUNC=extern \"C\" __attribute__((visibility (\"default\"))) PyObject*" -DGRPC_POSIX_FORK_ALLOW_PTHREAD_ATFORK=1 -Isrc/python/grpcio -Iinclude -I. -Ithird_party/abseil-cpp -Ithird_party/address_sorting/include -Ithird_party/cares/cares/include -Ithird_party/cares -Ithird_party/cares/cares -Ithird_party/cares/cares/src/lib/include -Ithird_party/cares/cares/src/lib -Ithird_party/cares/config_linux -Ithird_party/re2 -Ithird_party/boringssl-with-bazel/src/include -Ithird_party/upb -Isrc/core/ext/upb-gen -Isrc/core/ext/upbdefs-gen -Ithird_party/utf8_range -Ithird_party/xxhash -Ithird_party/zlib -I/usr/local/google/home/ssreenithi/.pyenv/versions/3.12.0/envs/pyvenv_312/include -I/usr/local/google/home/ssreenithi/.pyenv/versions/3.12.0/include/python3.12 -c src/core/ext/upbdefs-gen/envoy/config/core/v3/address.upbdefs.c -o pyb/temp.linux-x86_64-cpython-312/src/core/ext/upbdefs-gen/envoy/config/core/v3/address.upbdefs.o -fvisibility=hidden -fno-wrapv -fno-exceptions -pthread
      gcc -fno-strict-overflow -Wsign-compare -DNDEBUG -g -O3 -Wall -fPIC -D_WIN32_WINNT=1536 -DGRPC_XDS_USER_AGENT_NAME_SUFFIX=\"Python\" -DGRPC_XDS_USER_AGENT_VERSION_SUFFIX=\"1.79.0.dev0\" -DHAVE_CONFIG_H=1 -DGRPC_ENABLE_FORK_SUPPORT=1 -DGRPC_ENABLE_FORK_SUPPORT_DEFAULT=false -DGRPC_PYTHON_BUILD=1 -D__STDC_FORMAT_MACROS "-DPyMODINIT_FUNC=extern \"C\" __attribute__((visibility (\"default\"))) PyObject*" -DGRPC_POSIX_FORK_ALLOW_PTHREAD_ATFORK=1 -Isrc/python/grpcio -Iinclude -I. -Ithird_party/abseil-cpp -Ithird_party/address_sorting/include -Ithird_party/cares/cares/include -Ithird_party/cares -Ithird_party/cares/cares -Ithird_party/cares/cares/src/lib/include -Ithird_party/cares/cares/src/lib -Ithird_party/cares/config_linux -Ithird_party/re2 -Ithird_party/boringssl-with-bazel/src/include -Ithird_party/upb -Isrc/core/ext/upb-gen -Isrc/core/ext/upbdefs-gen -Ithird_party/utf8_range -Ithird_party/xxhash -Ithird_party/zlib -I/usr/local/google/home/ssreenithi/.pyenv/versions/3.12.0/envs/pyvenv_312/include -I/usr/local/google/home/ssreenithi/.pyenv/versions/3.12.0/include/python3.12 -c src/core/ext/upbdefs-gen/envoy/config/core/v3/grpc_method_list.upbdefs.c -o pyb/temp.linux-x86_64-cpython-312/src/core/ext/upbdefs-gen/envoy/config/core/v3/grpc_method_list.upbdefs.o -fvisibility=hidden -fno-wrapv -fno-exceptions -pthread
      gcc -fno-strict-overflow -Wsign-compare -DNDEBUG -g -O3 -Wall -fPIC -D_WIN32_WINNT=1536 -DGRPC_XDS_USER_AGENT_NAME_SUFFIX=\"Python\" -DGRPC_XDS_USER_AGENT_VERSION_SUFFIX=\"1.79.0.dev0\" -DHAVE_CONFIG_H=1 -DGRPC_ENABLE_FORK_SUPPORT=1 -DGRPC_ENABLE_FORK_SUPPORT_DEFAULT=false -DGRPC_PYTHON_BUILD=1 -D__STDC_FORMAT_MACROS "-DPyMODINIT_FUNC=extern \"C\" __attribute__((visibility (\"default\"))) PyObject*" -DGRPC_POSIX_FORK_ALLOW_PTHREAD_ATFORK=1 -Isrc/python/grpcio -Iinclude -I. -Ithird_party/abseil-cpp -Ithird_party/address_sorting/include -Ithird_party/cares/cares/include -Ithird_party/cares -Ithird_party/cares/cares -Ithird_party/cares/cares/src/lib/include -Ithird_party/cares/cares/src/lib -Ithird_party/cares/config_linux -Ithird_party/re2 -Ithird_party/boringssl-with-bazel/src/include -Ithird_party/upb -Isrc/core/ext/upb-gen -Isrc/core/ext/upbdefs-gen -Ithird_party/utf8_range -Ithird_party/xxhash -Ithird_party/zlib -I/usr/local/google/home/ssreenithi/.pyenv/versions/3.12.0/envs/pyvenv_312/include -I/usr/local/google/home/ssreenithi/.pyenv/versions/3.12.0/include/python3.12 -c src/core/ext/upbdefs-gen/envoy/config/core/v3/resolver.upbdefs.c -o pyb/temp.linux-x86_64-cpython-312/src/core/ext/upbdefs-gen/envoy/config/core/v3/resolver.upbdefs.o -fvisibility=hidden -fno-wrapv -fno-exceptions -pthread
      gcc -fno-strict-overflow -Wsign-compare -DNDEBUG -g -O3 -Wall -fPIC -D_WIN32_WINNT=1536 -DGRPC_XDS_USER_AGENT_NAME_SUFFIX=\"Python\" -DGRPC_XDS_USER_AGENT_VERSION_SUFFIX=\"1.79.0.dev0\" -DHAVE_CONFIG_H=1 -DGRPC_ENABLE_FORK_SUPPORT=1 -DGRPC_ENABLE_FORK_SUPPORT_DEFAULT=false -DGRPC_PYTHON_BUILD=1 -D__STDC_FORMAT_MACROS "-DPyMODINIT_FUNC=extern \"C\" __attribute__((visibility (\"default\"))) PyObject*" -DGRPC_POSIX_FORK_ALLOW_PTHREAD_ATFORK=1 -Isrc/python/grpcio -Iinclude -I. -Ithird_party/abseil-cpp -Ithird_party/address_sorting/include -Ithird_party/cares/cares/include -Ithird_party/cares -Ithird_party/cares/cares -Ithird_party/cares/cares/src/lib/include -Ithird_party/cares/cares/src/lib -Ithird_party/cares/config_linux -Ithird_party/re2 -Ithird_party/boringssl-with-bazel/src/include -Ithird_party/upb -Isrc/core/ext/upb-gen -Isrc/core/ext/upbdefs-gen -Ithird_party/utf8_range -Ithird_party/xxhash -Ithird_party/zlib -I/usr/local/google/home/ssreenithi/.pyenv/versions/3.12.0/envs/pyvenv_312/include -I/usr/local/google/home/ssreenithi/.pyenv/versions/3.12.0/include/python3.12 -c src/core/ext/upbdefs-gen/envoy/config/endpoint/v3/load_report.upbdefs.c -o pyb/temp.linux-x86_64-cpython-312/src/core/ext/upbdefs-gen/envoy/config/endpoint/v3/load_report.upbdefs.o -fvisibility=hidden -fno-wrapv -fno-exceptions -pthread
      gcc -fno-strict-overflow -Wsign-compare -DNDEBUG -g -O3 -Wall -fPIC -D_WIN32_WINNT=1536 -DGRPC_XDS_USER_AGENT_NAME_SUFFIX=\"Python\" -DGRPC_XDS_USER_AGENT_VERSION_SUFFIX=\"1.79.0.dev0\" -DHAVE_CONFIG_H=1 -DGRPC_ENABLE_FORK_SUPPORT=1 -DGRPC_ENABLE_FORK_SUPPORT_DEFAULT=false -DGRPC_PYTHON_BUILD=1 -D__STDC_FORMAT_MACROS "-DPyMODINIT_FUNC=extern \"C\" __attribute__((visibility (\"default\"))) PyObject*" -DGRPC_POSIX_FORK_ALLOW_PTHREAD_ATFORK=1 -Isrc/python/grpcio -Iinclude -I. -Ithird_party/abseil-cpp -Ithird_party/address_sorting/include -Ithird_party/cares/cares/include -Ithird_party/cares -Ithird_party/cares/cares -Ithird_party/cares/cares/src/lib/include -Ithird_party/cares/cares/src/lib -Ithird_party/cares/config_linux -Ithird_party/re2 -Ithird_party/boringssl-with-bazel/src/include -Ithird_party/upb -Isrc/core/ext/upb-gen -Isrc/core/ext/upbdefs-gen -Ithird_party/utf8_range -Ithird_party/xxhash -Ithird_party/zlib -I/usr/local/google/home/ssreenithi/.pyenv/versions/3.12.0/envs/pyvenv_312/include -I/usr/local/google/home/ssreenithi/.pyenv/versions/3.12.0/include/python3.12 -c src/core/ext/upbdefs-gen/envoy/config/metrics/v3/stats.upbdefs.c -o pyb/temp.linux-x86_64-cpython-312/src/core/ext/upbdefs-gen/envoy/config/metrics/v3/stats.upbdefs.o -fvisibility=hidden -fno-wrapv -fno-exceptions -pthread
      gcc -fno-strict-overflow -Wsign-compare -DNDEBUG -g -O3 -Wall -fPIC -D_WIN32_WINNT=1536 -DGRPC_XDS_USER_AGENT_NAME_SUFFIX=\"Python\" -DGRPC_XDS_USER_AGENT_VERSION_SUFFIX=\"1.79.0.dev0\" -DHAVE_CONFIG_H=1 -DGRPC_ENABLE_FORK_SUPPORT=1 -DGRPC_ENABLE_FORK_SUPPORT_DEFAULT=false -DGRPC_PYTHON_BUILD=1 -D__STDC_FORMAT_MACROS "-DPyMODINIT_FUNC=extern \"C\" __attribute__((visibility (\"default\"))) PyObject*" -DGRPC_POSIX_FORK_ALLOW_PTHREAD_ATFORK=1 -Isrc/python/grpcio -Iinclude -I. -Ithird_party/abseil-cpp -Ithird_party/address_sorting/include -Ithird_party/cares/cares/include -Ithird_party/cares -Ithird_party/cares/cares -Ithird_party/cares/cares/src/lib/include -Ithird_party/cares/cares/src/lib -Ithird_party/cares/config_linux -Ithird_party/re2 -Ithird_party/boringssl-with-bazel/src/include -Ithird_party/upb -Isrc/core/ext/upb-gen -Isrc/core/ext/upbdefs-gen -Ithird_party/utf8_range -Ithird_party/xxhash -Ithird_party/zlib -I/usr/local/google/home/ssreenithi/.pyenv/versions/3.12.0/envs/pyvenv_312/include -I/usr/local/google/home/ssreenithi/.pyenv/versions/3.12.0/include/python3.12 -c src/core/ext/upbdefs-gen/envoy/config/trace/v3/datadog.upbdefs.c -o pyb/temp.linux-x86_64-cpython-312/src/core/ext/upbdefs-gen/envoy/config/trace/v3/datadog.upbdefs.o -fvisibility=hidden -fno-wrapv -fno-exceptions -pthread
      gcc -fno-strict-overflow -Wsign-compare -DNDEBUG -g -O3 -Wall -fPIC -D_WIN32_WINNT=1536 -DGRPC_XDS_USER_AGENT_NAME_SUFFIX=\"Python\" -DGRPC_XDS_USER_AGENT_VERSION_SUFFIX=\"1.79.0.dev0\" -DHAVE_CONFIG_H=1 -DGRPC_ENABLE_FORK_SUPPORT=1 -DGRPC_ENABLE_FORK_SUPPORT_DEFAULT=false -DGRPC_PYTHON_BUILD=1 -D__STDC_FORMAT_MACROS "-DPyMODINIT_FUNC=extern \"C\" __attribute__((visibility (\"default\"))) PyObject*" -DGRPC_POSIX_FORK_ALLOW_PTHREAD_ATFORK=1 -Isrc/python/grpcio -Iinclude -I. -Ithird_party/abseil-cpp -Ithird_party/address_sorting/include -Ithird_party/cares/cares/include -Ithird_party/cares -Ithird_party/cares/cares -Ithird_party/cares/cares/src/lib/include -Ithird_party/cares/cares/src/lib -Ithird_party/cares/config_linux -Ithird_party/re2 -Ithird_party/boringssl-with-bazel/src/include -Ithird_party/upb -Isrc/core/ext/upb-gen -Isrc/core/ext/upbdefs-gen -Ithird_party/utf8_range -Ithird_party/xxhash -Ithird_party/zlib -I/usr/local/google/home/ssreenithi/.pyenv/versions/3.12.0/envs/pyvenv_312/include -I/usr/local/google/home/ssreenithi/.pyenv/versions/3.12.0/include/python3.12 -c src/core/ext/upbdefs-gen/envoy/config/trace/v3/trace.upbdefs.c -o pyb/temp.linux-x86_64-cpython-312/src/core/ext/upbdefs-gen/envoy/config/trace/v3/trace.upbdefs.o -fvisibility=hidden -fno-wrapv -fno-exceptions -pthread
      gcc -fno-strict-overflow -Wsign-compare -DNDEBUG -g -O3 -Wall -fPIC -D_WIN32_WINNT=1536 -DGRPC_XDS_USER_AGENT_NAME_SUFFIX=\"Python\" -DGRPC_XDS_USER_AGENT_VERSION_SUFFIX=\"1.79.0.dev0\" -DHAVE_CONFIG_H=1 -DGRPC_ENABLE_FORK_SUPPORT=1 -DGRPC_ENABLE_FORK_SUPPORT_DEFAULT=false -DGRPC_PYTHON_BUILD=1 -D__STDC_FORMAT_MACROS "-DPyMODINIT_FUNC=extern \"C\" __attribute__((visibility (\"default\"))) PyObject*" -DGRPC_POSIX_FORK_ALLOW_PTHREAD_ATFORK=1 -Isrc/python/grpcio -Iinclude -I. -Ithird_party/abseil-cpp -Ithird_party/address_sorting/include -Ithird_party/cares/cares/include -Ithird_party/cares -Ithird_party/cares/cares -Ithird_party/cares/cares/src/lib/include -Ithird_party/cares/cares/src/lib -Ithird_party/cares/config_linux -Ithird_party/re2 -Ithird_party/boringssl-with-bazel/src/include -Ithird_party/upb -Isrc/core/ext/upb-gen -Isrc/core/ext/upbdefs-gen -Ithird_party/utf8_range -Ithird_party/xxhash -Ithird_party/zlib -I/usr/local/google/home/ssreenithi/.pyenv/versions/3.12.0/envs/pyvenv_312/include -I/usr/local/google/home/ssreenithi/.pyenv/versions/3.12.0/include/python3.12 -c src/core/ext/upb-gen/envoy/config/route/v3/scoped_route.upb_minitable.c -o pyb/temp.linux-x86_64-cpython-312/src/core/ext/upb-gen/envoy/config/route/v3/scoped_route.upb_minitable.o -fvisibility=hidden -fno-wrapv -fno-exceptions -pthread
      gcc -fno-strict-overflow -Wsign-compare -DNDEBUG -g -O3 -Wall -fPIC -D_WIN32_WINNT=1536 -DGRPC_XDS_USER_AGENT_NAME_SUFFIX=\"Python\" -DGRPC_XDS_USER_AGENT_VERSION_SUFFIX=\"1.79.0.dev0\" -DHAVE_CONFIG_H=1 -DGRPC_ENABLE_FORK_SUPPORT=1 -DGRPC_ENABLE_FORK_SUPPORT_DEFAULT=false -DGRPC_PYTHON_BUILD=1 -D__STDC_FORMAT_MACROS "-DPyMODINIT_FUNC=extern \"C\" __attribute__((visibility (\"default\"))) PyObject*" -DGRPC_POSIX_FORK_ALLOW_PTHREAD_ATFORK=1 -Isrc/python/grpcio -Iinclude -I. -Ithird_party/abseil-cpp -Ithird_party/address_sorting/include -Ithird_party/cares/cares/include -Ithird_party/cares -Ithird_party/cares/cares -Ithird_party/cares/cares/src/lib/include -Ithird_party/cares/cares/src/lib -Ithird_party/cares/config_linux -Ithird_party/re2 -Ithird_party/boringssl-with-bazel/src/include -Ithird_party/upb -Isrc/core/ext/upb-gen -Isrc/core/ext/upbdefs-gen -Ithird_party/utf8_range -Ithird_party/xxhash -Ithird_party/zlib -I/usr/local/google/home/ssreenithi/.pyenv/versions/3.12.0/envs/pyvenv_312/include -I/usr/local/google/home/ssreenithi/.pyenv/versions/3.12.0/include/python3.12 -c src/core/ext/upb-gen/envoy/extensions/load_balancing_policies/ring_hash/v3/ring_hash.upb_minitable.c -o pyb/temp.linux-x86_64-cpython-312/src/core/ext/upb-gen/envoy/extensions/load_balancing_policies/ring_hash/v3/ring_hash.upb_minitable.o -fvisibility=hidden -fno-wrapv -fno-exceptions -pthread
      gcc -fno-strict-overflow -Wsign-compare -DNDEBUG -g -O3 -Wall -fPIC -D_WIN32_WINNT=1536 -DGRPC_XDS_USER_AGENT_NAME_SUFFIX=\"Python\" -DGRPC_XDS_USER_AGENT_VERSION_SUFFIX=\"1.79.0.dev0\" -DHAVE_CONFIG_H=1 -DGRPC_ENABLE_FORK_SUPPORT=1 -DGRPC_ENABLE_FORK_SUPPORT_DEFAULT=false -DGRPC_PYTHON_BUILD=1 -D__STDC_FORMAT_MACROS "-DPyMODINIT_FUNC=extern \"C\" __attribute__((visibility (\"default\"))) PyObject*" -DGRPC_POSIX_FORK_ALLOW_PTHREAD_ATFORK=1 -Isrc/python/grpcio -Iinclude -I. -Ithird_party/abseil-cpp -Ithird_party/address_sorting/include -Ithird_party/cares/cares/include -Ithird_party/cares -Ithird_party/cares/cares -Ithird_party/cares/cares/src/lib/include -Ithird_party/cares/cares/src/lib -Ithird_party/cares/config_linux -Ithird_party/re2 -Ithird_party/boringssl-with-bazel/src/include -Ithird_party/upb -Isrc/core/ext/upb-gen -Isrc/core/ext/upbdefs-gen -Ithird_party/utf8_range -Ithird_party/xxhash -Ithird_party/zlib -I/usr/local/google/home/ssreenithi/.pyenv/versions/3.12.0/envs/pyvenv_312/include -I/usr/local/google/home/ssreenithi/.pyenv/versions/3.12.0/include/python3.12 -c src/core/ext/upb-gen/envoy/type/v3/ratelimit_unit.upb_minitable.c -o pyb/temp.linux-x86_64-cpython-312/src/core/ext/upb-gen/envoy/type/v3/ratelimit_unit.upb_minitable.o -fvisibility=hidden -fno-wrapv -fno-exceptions -pthread
      gcc -fno-strict-overflow -Wsign-compare -DNDEBUG -g -O3 -Wall -fPIC -D_WIN32_WINNT=1536 -DGRPC_XDS_USER_AGENT_NAME_SUFFIX=\"Python\" -DGRPC_XDS_USER_AGENT_VERSION_SUFFIX=\"1.79.0.dev0\" -DHAVE_CONFIG_H=1 -DGRPC_ENABLE_FORK_SUPPORT=1 -DGRPC_ENABLE_FORK_SUPPORT_DEFAULT=false -DGRPC_PYTHON_BUILD=1 -D__STDC_FORMAT_MACROS "-DPyMODINIT_FUNC=extern \"C\" __attribute__((visibility (\"default\"))) PyObject*" -DGRPC_POSIX_FORK_ALLOW_PTHREAD_ATFORK=1 -Isrc/python/grpcio -Iinclude -I. -Ithird_party/abseil-cpp -Ithird_party/address_sorting/include -Ithird_party/cares/cares/include -Ithird_party/cares -Ithird_party/cares/cares -Ithird_party/cares/cares/src/lib/include -Ithird_party/cares/cares/src/lib -Ithird_party/cares/config_linux -Ithird_party/re2 -Ithird_party/boringssl-with-bazel/src/include -Ithird_party/upb -Isrc/core/ext/upb-gen -Isrc/core/ext/upbdefs-gen -Ithird_party/utf8_range -Ithird_party/xxhash -Ithird_party/zlib -I/usr/local/google/home/ssreenithi/.pyenv/versions/3.12.0/envs/pyvenv_312/include -I/usr/local/google/home/ssreenithi/.pyenv/versions/3.12.0/include/python3.12 -c src/core/ext/upb-gen/envoy/extensions/filters/common/fault/v3/fault.upb_minitable.c -o pyb/temp.linux-x86_64-cpython-312/src/core/ext/upb-gen/envoy/extensions/filters/common/fault/v3/fault.upb_minitable.o -fvisibility=hidden -fno-wrapv -fno-exceptions -pthread
      gcc -fno-strict-overflow -Wsign-compare -DNDEBUG -g -O3 -Wall -fPIC -D_WIN32_WINNT=1536 -DGRPC_XDS_USER_AGENT_NAME_SUFFIX=\"Python\" -DGRPC_XDS_USER_AGENT_VERSION_SUFFIX=\"1.79.0.dev0\" -DHAVE_CONFIG_H=1 -DGRPC_ENABLE_FORK_SUPPORT=1 -DGRPC_ENABLE_FORK_SUPPORT_DEFAULT=false -DGRPC_PYTHON_BUILD=1 -D__STDC_FORMAT_MACROS "-DPyMODINIT_FUNC=extern \"C\" __attribute__((visibility (\"default\"))) PyObject*" -DGRPC_POSIX_FORK_ALLOW_PTHREAD_ATFORK=1 -Isrc/python/grpcio -Iinclude -I. -Ithird_party/abseil-cpp -Ithird_party/address_sorting/include -Ithird_party/cares/cares/include -Ithird_party/cares -Ithird_party/cares/cares -Ithird_party/cares/cares/src/lib/include -Ithird_party/cares/cares/src/lib -Ithird_party/cares/config_linux -Ithird_party/re2 -Ithird_party/boringssl-with-bazel/src/include -Ithird_party/upb -Isrc/core/ext/upb-gen -Isrc/core/ext/upbdefs-gen -Ithird_party/utf8_range -Ithird_party/xxhash -Ithird_party/zlib -I/usr/local/google/home/ssreenithi/.pyenv/versions/3.12.0/envs/pyvenv_312/include -I/usr/local/google/home/ssreenithi/.pyenv/versions/3.12.0/include/python3.12 -c src/core/ext/upb-gen/envoy/type/http/v3/path_transformation.upb_minitable.c -o pyb/temp.linux-x86_64-cpython-312/src/core/ext/upb-gen/envoy/type/http/v3/path_transformation.upb_minitable.o -fvisibility=hidden -fno-wrapv -fno-exceptions -pthread
      gcc -fno-strict-overflow -Wsign-compare -DNDEBUG -g -O3 -Wall -fPIC -D_WIN32_WINNT=1536 -DGRPC_XDS_USER_AGENT_NAME_SUFFIX=\"Python\" -DGRPC_XDS_USER_AGENT_VERSION_SUFFIX=\"1.79.0.dev0\" -DHAVE_CONFIG_H=1 -DGRPC_ENABLE_FORK_SUPPORT=1 -DGRPC_ENABLE_FORK_SUPPORT_DEFAULT=false -DGRPC_PYTHON_BUILD=1 -D__STDC_FORMAT_MACROS "-DPyMODINIT_FUNC=extern \"C\" __attribute__((visibility (\"default\"))) PyObject*" -DGRPC_POSIX_FORK_ALLOW_PTHREAD_ATFORK=1 -Isrc/python/grpcio -Iinclude -I. -Ithird_party/abseil-cpp -Ithird_party/address_sorting/include -Ithird_party/cares/cares/include -Ithird_party/cares -Ithird_party/cares/cares -Ithird_party/cares/cares/src/lib/include -Ithird_party/cares/cares/src/lib -Ithird_party/cares/config_linux -Ithird_party/re2 -Ithird_party/boringssl-with-bazel/src/include -Ithird_party/upb -Isrc/core/ext/upb-gen -Isrc/core/ext/upbdefs-gen -Ithird_party/utf8_range -Ithird_party/xxhash -Ithird_party/zlib -I/usr/local/google/home/ssreenithi/.pyenv/versions/3.12.0/envs/pyvenv_312/include -I/usr/local/google/home/ssreenithi/.pyenv/versions/3.12.0/include/python3.12 -c src/core/ext/upb-gen/envoy/type/tracing/v3/custom_tag.upb_minitable.c -o pyb/temp.linux-x86_64-cpython-312/src/core/ext/upb-gen/envoy/type/tracing/v3/custom_tag.upb_minitable.o -fvisibility=hidden -fno-wrapv -fno-exceptions -pthread
      gcc -fno-strict-overflow -Wsign-compare -DNDEBUG -g -O3 -Wall -fPIC -D_WIN32_WINNT=1536 -DGRPC_XDS_USER_AGENT_NAME_SUFFIX=\"Python\" -DGRPC_XDS_USER_AGENT_VERSION_SUFFIX=\"1.79.0.dev0\" -DHAVE_CONFIG_H=1 -DGRPC_ENABLE_FORK_SUPPORT=1 -DGRPC_ENABLE_FORK_SUPPORT_DEFAULT=false -DGRPC_PYTHON_BUILD=1 -D__STDC_FORMAT_MACROS "-DPyMODINIT_FUNC=extern \"C\" __attribute__((visibility (\"default\"))) PyObject*" -DGRPC_POSIX_FORK_ALLOW_PTHREAD_ATFORK=1 -Isrc/python/grpcio -Iinclude -I. -Ithird_party/abseil-cpp -Ithird_party/address_sorting/include -Ithird_party/cares/cares/include -Ithird_party/cares -Ithird_party/cares/cares -Ithird_party/cares/cares/src/lib/include -Ithird_party/cares/cares/src/lib -Ithird_party/cares/config_linux -Ithird_party/re2 -Ithird_party/boringssl-with-bazel/src/include -Ithird_party/upb -Isrc/core/ext/upb-gen -Isrc/core/ext/upbdefs-gen -Ithird_party/utf8_range -Ithird_party/xxhash -Ithird_party/zlib -I/usr/local/google/home/ssreenithi/.pyenv/versions/3.12.0/envs/pyvenv_312/include -I/usr/local/google/home/ssreenithi/.pyenv/versions/3.12.0/include/python3.12 -c src/core/ext/upbdefs-gen/envoy/extensions/filters/http/gcp_authn/v3/gcp_authn.upbdefs.c -o pyb/temp.linux-x86_64-cpython-312/src/core/ext/upbdefs-gen/envoy/extensions/filters/http/gcp_authn/v3/gcp_authn.upbdefs.o -fvisibility=hidden -fno-wrapv -fno-exceptions -pthread
      gcc -fno-strict-overflow -Wsign-compare -DNDEBUG -g -O3 -Wall -fPIC -D_WIN32_WINNT=1536 -DGRPC_XDS_USER_AGENT_NAME_SUFFIX=\"Python\" -DGRPC_XDS_USER_AGENT_VERSION_SUFFIX=\"1.79.0.dev0\" -DHAVE_CONFIG_H=1 -DGRPC_ENABLE_FORK_SUPPORT=1 -DGRPC_ENABLE_FORK_SUPPORT_DEFAULT=false -DGRPC_PYTHON_BUILD=1 -D__STDC_FORMAT_MACROS "-DPyMODINIT_FUNC=extern \"C\" __attribute__((visibility (\"default\"))) PyObject*" -DGRPC_POSIX_FORK_ALLOW_PTHREAD_ATFORK=1 -Isrc/python/grpcio -Iinclude -I. -Ithird_party/abseil-cpp -Ithird_party/address_sorting/include -Ithird_party/cares/cares/include -Ithird_party/cares -Ithird_party/cares/cares -Ithird_party/cares/cares/src/lib/include -Ithird_party/cares/cares/src/lib -Ithird_party/cares/config_linux -Ithird_party/re2 -Ithird_party/boringssl-with-bazel/src/include -Ithird_party/upb -Isrc/core/ext/upb-gen -Isrc/core/ext/upbdefs-gen -Ithird_party/utf8_range -Ithird_party/xxhash -Ithird_party/zlib -I/usr/local/google/home/ssreenithi/.pyenv/versions/3.12.0/envs/pyvenv_312/include -I/usr/local/google/home/ssreenithi/.pyenv/versions/3.12.0/include/python3.12 -c src/core/ext/upbdefs-gen/envoy/extensions/transport_sockets/tls/v3/cert.upbdefs.c -o pyb/temp.linux-x86_64-cpython-312/src/core/ext/upbdefs-gen/envoy/extensions/transport_sockets/tls/v3/cert.upbdefs.o -fvisibility=hidden -fno-wrapv -fno-exceptions -pthread
      gcc -fno-strict-overflow -Wsign-compare -DNDEBUG -g -O3 -Wall -fPIC -D_WIN32_WINNT=1536 -DGRPC_XDS_USER_AGENT_NAME_SUFFIX=\"Python\" -DGRPC_XDS_USER_AGENT_VERSION_SUFFIX=\"1.79.0.dev0\" -DHAVE_CONFIG_H=1 -DGRPC_ENABLE_FORK_SUPPORT=1 -DGRPC_ENABLE_FORK_SUPPORT_DEFAULT=false -DGRPC_PYTHON_BUILD=1 -D__STDC_FORMAT_MACROS "-DPyMODINIT_FUNC=extern \"C\" __attribute__((visibility (\"default\"))) PyObject*" -DGRPC_POSIX_FORK_ALLOW_PTHREAD_ATFORK=1 -Isrc/python/grpcio -Iinclude -I. -Ithird_party/abseil-cpp -Ithird_party/address_sorting/include -Ithird_party/cares/cares/include -Ithird_party/cares -Ithird_party/cares/cares -Ithird_party/cares/cares/src/lib/include -Ithird_party/cares/cares/src/lib -Ithird_party/cares/config_linux -Ithird_party/re2 -Ithird_party/boringssl-with-bazel/src/include -Ithird_party/upb -Isrc/core/ext/upb-gen -Isrc/core/ext/upbdefs-gen -Ithird_party/utf8_range -Ithird_party/xxhash -Ithird_party/zlib -I/usr/local/google/home/ssreenithi/.pyenv/versions/3.12.0/envs/pyvenv_312/include -I/usr/local/google/home/ssreenithi/.pyenv/versions/3.12.0/include/python3.12 -c src/core/ext/upb-gen/envoy/extensions/grpc_service/call_credentials/access_token/v3/access_token_credentials.upb_minitable.c -o pyb/temp.linux-x86_64-cpython-312/src/core/ext/upb-gen/envoy/extensions/grpc_service/call_credentials/access_token/v3/access_token_credentials.upb_minitable.o -fvisibility=hidden -fno-wrapv -fno-exceptions -pthread
      gcc -fno-strict-overflow -Wsign-compare -DNDEBUG -g -O3 -Wall -fPIC -D_WIN32_WINNT=1536 -DGRPC_XDS_USER_AGENT_NAME_SUFFIX=\"Python\" -DGRPC_XDS_USER_AGENT_VERSION_SUFFIX=\"1.79.0.dev0\" -DHAVE_CONFIG_H=1 -DGRPC_ENABLE_FORK_SUPPORT=1 -DGRPC_ENABLE_FORK_SUPPORT_DEFAULT=false -DGRPC_PYTHON_BUILD=1 -D__STDC_FORMAT_MACROS "-DPyMODINIT_FUNC=extern \"C\" __attribute__((visibility (\"default\"))) PyObject*" -DGRPC_POSIX_FORK_ALLOW_PTHREAD_ATFORK=1 -Isrc/python/grpcio -Iinclude -I. -Ithird_party/abseil-cpp -Ithird_party/address_sorting/include -Ithird_party/cares/cares/include -Ithird_party/cares -Ithird_party/cares/cares -Ithird_party/cares/cares/src/lib/include -Ithird_party/cares/cares/src/lib -Ithird_party/cares/config_linux -Ithird_party/re2 -Ithird_party/boringssl-with-bazel/src/include -Ithird_party/upb -Isrc/core/ext/upb-gen -Isrc/core/ext/upbdefs-gen -Ithird_party/utf8_range -Ithird_party/xxhash -Ithird_party/zlib -I/usr/local/google/home/ssreenithi/.pyenv/versions/3.12.0/envs/pyvenv_312/include -I/usr/local/google/home/ssreenithi/.pyenv/versions/3.12.0/include/python3.12 -c src/core/ext/upb-gen/envoy/type/matcher/v3/path.upb_minitable.c -o pyb/temp.linux-x86_64-cpython-312/src/core/ext/upb-gen/envoy/type/matcher/v3/path.upb_minitable.o -fvisibility=hidden -fno-wrapv -fno-exceptions -pthread
      gcc -fno-strict-overflow -Wsign-compare -DNDEBUG -g -O3 -Wall -fPIC -D_WIN32_WINNT=1536 -DGRPC_XDS_USER_AGENT_NAME_SUFFIX=\"Python\" -DGRPC_XDS_USER_AGENT_VERSION_SUFFIX=\"1.79.0.dev0\" -DHAVE_CONFIG_H=1 -DGRPC_ENABLE_FORK_SUPPORT=1 -DGRPC_ENABLE_FORK_SUPPORT_DEFAULT=false -DGRPC_PYTHON_BUILD=1 -D__STDC_FORMAT_MACROS "-DPyMODINIT_FUNC=extern \"C\" __attribute__((visibility (\"default\"))) PyObject*" -DGRPC_POSIX_FORK_ALLOW_PTHREAD_ATFORK=1 -Isrc/python/grpcio -Iinclude -I. -Ithird_party/abseil-cpp -Ithird_party/address_sorting/include -Ithird_party/cares/cares/include -Ithird_party/cares -Ithird_party/cares/cares -Ithird_party/cares/cares/src/lib/include -Ithird_party/cares/cares/src/lib -Ithird_party/cares/config_linux -Ithird_party/re2 -Ithird_party/boringssl-with-bazel/src/include -Ithird_party/upb -Isrc/core/ext/upb-gen -Isrc/core/ext/upbdefs-gen -Ithird_party/utf8_range -Ithird_party/xxhash -Ithird_party/zlib -I/usr/local/google/home/ssreenithi/.pyenv/versions/3.12.0/envs/pyvenv_312/include -I/usr/local/google/home/ssreenithi/.pyenv/versions/3.12.0/include/python3.12 -c src/core/ext/upbdefs-gen/envoy/service/discovery/v3/discovery.upbdefs.c -o pyb/temp.linux-x86_64-cpython-312/src/core/ext/upbdefs-gen/envoy/service/discovery/v3/discovery.upbdefs.o -fvisibility=hidden -fno-wrapv -fno-exceptions -pthread
      gcc -fno-strict-overflow -Wsign-compare -DNDEBUG -g -O3 -Wall -fPIC -D_WIN32_WINNT=1536 -DGRPC_XDS_USER_AGENT_NAME_SUFFIX=\"Python\" -DGRPC_XDS_USER_AGENT_VERSION_SUFFIX=\"1.79.0.dev0\" -DHAVE_CONFIG_H=1 -DGRPC_ENABLE_FORK_SUPPORT=1 -DGRPC_ENABLE_FORK_SUPPORT_DEFAULT=false -DGRPC_PYTHON_BUILD=1 -D__STDC_FORMAT_MACROS "-DPyMODINIT_FUNC=extern \"C\" __attribute__((visibility (\"default\"))) PyObject*" -DGRPC_POSIX_FORK_ALLOW_PTHREAD_ATFORK=1 -Isrc/python/grpcio -Iinclude -I. -Ithird_party/abseil-cpp -Ithird_party/address_sorting/include -Ithird_party/cares/cares/include -Ithird_party/cares -Ithird_party/cares/cares -Ithird_party/cares/cares/src/lib/include -Ithird_party/cares/cares/src/lib -Ithird_party/cares/config_linux -Ithird_party/re2 -Ithird_party/boringssl-with-bazel/src/include -Ithird_party/upb -Isrc/core/ext/upb-gen -Isrc/core/ext/upbdefs-gen -Ithird_party/utf8_range -Ithird_party/xxhash -Ithird_party/zlib -I/usr/local/google/home/ssreenithi/.pyenv/versions/3.12.0/envs/pyvenv_312/include -I/usr/local/google/home/ssreenithi/.pyenv/versions/3.12.0/include/python3.12 -c src/core/ext/upb-gen/envoy/admin/v3/memory.upb_minitable.c -o pyb/temp.linux-x86_64-cpython-312/src/core/ext/upb-gen/envoy/admin/v3/memory.upb_minitable.o -fvisibility=hidden -fno-wrapv -fno-exceptions -pthread
      gcc -fno-strict-overflow -Wsign-compare -DNDEBUG -g -O3 -Wall -fPIC -D_WIN32_WINNT=1536 -DGRPC_XDS_USER_AGENT_NAME_SUFFIX=\"Python\" -DGRPC_XDS_USER_AGENT_VERSION_SUFFIX=\"1.79.0.dev0\" -DHAVE_CONFIG_H=1 -DGRPC_ENABLE_FORK_SUPPORT=1 -DGRPC_ENABLE_FORK_SUPPORT_DEFAULT=false -DGRPC_PYTHON_BUILD=1 -D__STDC_FORMAT_MACROS "-DPyMODINIT_FUNC=extern \"C\" __attribute__((visibility (\"default\"))) PyObject*" -DGRPC_POSIX_FORK_ALLOW_PTHREAD_ATFORK=1 -Isrc/python/grpcio -Iinclude -I. -Ithird_party/abseil-cpp -Ithird_party/address_sorting/include -Ithird_party/cares/cares/include -Ithird_party/cares -Ithird_party/cares/cares -Ithird_party/cares/cares/src/lib/include -Ithird_party/cares/cares/src/lib -Ithird_party/cares/config_linux -Ithird_party/re2 -Ithird_party/boringssl-with-bazel/src/include -Ithird_party/upb -Isrc/core/ext/upb-gen -Isrc/core/ext/upbdefs-gen -Ithird_party/utf8_range -Ithird_party/xxhash -Ithird_party/zlib -I/usr/local/google/home/ssreenithi/.pyenv/versions/3.12.0/envs/pyvenv_312/include -I/usr/local/google/home/ssreenithi/.pyenv/versions/3.12.0/include/python3.12 -c src/core/ext/upb-gen/envoy/extensions/transport_sockets/tls/v3/tls_spiffe_validator_config.upb_minitable.c -o pyb/temp.linux-x86_64-cpython-312/src/core/ext/upb-gen/envoy/extensions/transport_sockets/tls/v3/tls_spiffe_validator_config.upb_minitable.o -fvisibility=hidden -fno-wrapv -fno-exceptions -pthread
      gcc -fno-strict-overflow -Wsign-compare -DNDEBUG -g -O3 -Wall -fPIC -D_WIN32_WINNT=1536 -DGRPC_XDS_USER_AGENT_NAME_SUFFIX=\"Python\" -DGRPC_XDS_USER_AGENT_VERSION_SUFFIX=\"1.79.0.dev0\" -DHAVE_CONFIG_H=1 -DGRPC_ENABLE_FORK_SUPPORT=1 -DGRPC_ENABLE_FORK_SUPPORT_DEFAULT=false -DGRPC_PYTHON_BUILD=1 -D__STDC_FORMAT_MACROS "-DPyMODINIT_FUNC=extern \"C\" __attribute__((visibility (\"default\"))) PyObject*" -DGRPC_POSIX_FORK_ALLOW_PTHREAD_ATFORK=1 -Isrc/python/grpcio -Iinclude -I. -Ithird_party/abseil-cpp -Ithird_party/address_sorting/include -Ithird_party/cares/cares/include -Ithird_party/cares -Ithird_party/cares/cares -Ithird_party/cares/cares/src/lib/include -Ithird_party/cares/cares/src/lib -Ithird_party/cares/config_linux -Ithird_party/re2 -Ithird_party/boringssl-with-bazel/src/include -Ithird_party/upb -Isrc/core/ext/upb-gen -Isrc/core/ext/upbdefs-gen -Ithird_party/utf8_range -Ithird_party/xxhash -Ithird_party/zlib -I/usr/local/google/home/ssreenithi/.pyenv/versions/3.12.0/envs/pyvenv_312/include -I/usr/local/google/home/ssreenithi/.pyenv/versions/3.12.0/include/python3.12 -c src/core/ext/upbdefs-gen/envoy/type/matcher/v3/http_inputs.upbdefs.c -o pyb/temp.linux-x86_64-cpython-312/src/core/ext/upbdefs-gen/envoy/type/matcher/v3/http_inputs.upbdefs.o -fvisibility=hidden -fno-wrapv -fno-exceptions -pthread
      gcc -fno-strict-overflow -Wsign-compare -DNDEBUG -g -O3 -Wall -fPIC -D_WIN32_WINNT=1536 -DGRPC_XDS_USER_AGENT_NAME_SUFFIX=\"Python\" -DGRPC_XDS_USER_AGENT_VERSION_SUFFIX=\"1.79.0.dev0\" -DHAVE_CONFIG_H=1 -DGRPC_ENABLE_FORK_SUPPORT=1 -DGRPC_ENABLE_FORK_SUPPORT_DEFAULT=false -DGRPC_PYTHON_BUILD=1 -D__STDC_FORMAT_MACROS "-DPyMODINIT_FUNC=extern \"C\" __attribute__((visibility (\"default\"))) PyObject*" -DGRPC_POSIX_FORK_ALLOW_PTHREAD_ATFORK=1 -Isrc/python/grpcio -Iinclude -I. -Ithird_party/abseil-cpp -Ithird_party/address_sorting/include -Ithird_party/cares/cares/include -Ithird_party/cares -Ithird_party/cares/cares -Ithird_party/cares/cares/src/lib/include -Ithird_party/cares/cares/src/lib -Ithird_party/cares/config_linux -Ithird_party/re2 -Ithird_party/boringssl-with-bazel/src/include -Ithird_party/upb -Isrc/core/ext/upb-gen -Isrc/core/ext/upbdefs-gen -Ithird_party/utf8_range -Ithird_party/xxhash -Ithird_party/zlib -I/usr/local/google/home/ssreenithi/.pyenv/versions/3.12.0/envs/pyvenv_312/include -I/usr/local/google/home/ssreenithi/.pyenv/versions/3.12.0/include/python3.12 -c src/core/ext/upb-gen/google/api/httpbody.upb_minitable.c -o pyb/temp.linux-x86_64-cpython-312/src/core/ext/upb-gen/google/api/httpbody.upb_minitable.o -fvisibility=hidden -fno-wrapv -fno-exceptions -pthread
      gcc -fno-strict-overflow -Wsign-compare -DNDEBUG -g -O3 -Wall -fPIC -D_WIN32_WINNT=1536 -DGRPC_XDS_USER_AGENT_NAME_SUFFIX=\"Python\" -DGRPC_XDS_USER_AGENT_VERSION_SUFFIX=\"1.79.0.dev0\" -DHAVE_CONFIG_H=1 -DGRPC_ENABLE_FORK_SUPPORT=1 -DGRPC_ENABLE_FORK_SUPPORT_DEFAULT=false -DGRPC_PYTHON_BUILD=1 -D__STDC_FORMAT_MACROS "-DPyMODINIT_FUNC=extern \"C\" __attribute__((visibility (\"default\"))) PyObject*" -DGRPC_POSIX_FORK_ALLOW_PTHREAD_ATFORK=1 -Isrc/python/grpcio -Iinclude -I. -Ithird_party/abseil-cpp -Ithird_party/address_sorting/include -Ithird_party/cares/cares/include -Ithird_party/cares -Ithird_party/cares/cares -Ithird_party/cares/cares/src/lib/include -Ithird_party/cares/cares/src/lib -Ithird_party/cares/config_linux -Ithird_party/re2 -Ithird_party/boringssl-with-bazel/src/include -Ithird_party/upb -Isrc/core/ext/upb-gen -Isrc/core/ext/upbdefs-gen -Ithird_party/utf8_range -Ithird_party/xxhash -Ithird_party/zlib -I/usr/local/google/home/ssreenithi/.pyenv/versions/3.12.0/envs/pyvenv_312/include -I/usr/local/google/home/ssreenithi/.pyenv/versions/3.12.0/include/python3.12 -c src/core/ext/upb-gen/google/protobuf/wrappers.upb_minitable.c -o pyb/temp.linux-x86_64-cpython-312/src/core/ext/upb-gen/google/protobuf/wrappers.upb_minitable.o -fvisibility=hidden -fno-wrapv -fno-exceptions -pthread
      gcc -fno-strict-overflow -Wsign-compare -DNDEBUG -g -O3 -Wall -fPIC -D_WIN32_WINNT=1536 -DGRPC_XDS_USER_AGENT_NAME_SUFFIX=\"Python\" -DGRPC_XDS_USER_AGENT_VERSION_SUFFIX=\"1.79.0.dev0\" -DHAVE_CONFIG_H=1 -DGRPC_ENABLE_FORK_SUPPORT=1 -DGRPC_ENABLE_FORK_SUPPORT_DEFAULT=false -DGRPC_PYTHON_BUILD=1 -D__STDC_FORMAT_MACROS "-DPyMODINIT_FUNC=extern \"C\" __attribute__((visibility (\"default\"))) PyObject*" -DGRPC_POSIX_FORK_ALLOW_PTHREAD_ATFORK=1 -Isrc/python/grpcio -Iinclude -I. -Ithird_party/abseil-cpp -Ithird_party/address_sorting/include -Ithird_party/cares/cares/include -Ithird_party/cares -Ithird_party/cares/cares -Ithird_party/cares/cares/src/lib/include -Ithird_party/cares/cares/src/lib -Ithird_party/cares/config_linux -Ithird_party/re2 -Ithird_party/boringssl-with-bazel/src/include -Ithird_party/upb -Isrc/core/ext/upb-gen -Isrc/core/ext/upbdefs-gen -Ithird_party/utf8_range -Ithird_party/xxhash -Ithird_party/zlib -I/usr/local/google/home/ssreenithi/.pyenv/versions/3.12.0/envs/pyvenv_312/include -I/usr/local/google/home/ssreenithi/.pyenv/versions/3.12.0/include/python3.12 -c src/core/ext/upb-gen/src/proto/grpc/gcp/altscontext.upb_minitable.c -o pyb/temp.linux-x86_64-cpython-312/src/core/ext/upb-gen/src/proto/grpc/gcp/altscontext.upb_minitable.o -fvisibility=hidden -fno-wrapv -fno-exceptions -pthread
      gcc -fno-strict-overflow -Wsign-compare -DNDEBUG -g -O3 -Wall -fPIC -D_WIN32_WINNT=1536 -DGRPC_XDS_USER_AGENT_NAME_SUFFIX=\"Python\" -DGRPC_XDS_USER_AGENT_VERSION_SUFFIX=\"1.79.0.dev0\" -DHAVE_CONFIG_H=1 -DGRPC_ENABLE_FORK_SUPPORT=1 -DGRPC_ENABLE_FORK_SUPPORT_DEFAULT=false -DGRPC_PYTHON_BUILD=1 -D__STDC_FORMAT_MACROS "-DPyMODINIT_FUNC=extern \"C\" __attribute__((visibility (\"default\"))) PyObject*" -DGRPC_POSIX_FORK_ALLOW_PTHREAD_ATFORK=1 -Isrc/python/grpcio -Iinclude -I. -Ithird_party/abseil-cpp -Ithird_party/address_sorting/include -Ithird_party/cares/cares/include -Ithird_party/cares -Ithird_party/cares/cares -Ithird_party/cares/cares/src/lib/include -Ithird_party/cares/cares/src/lib -Ithird_party/cares/config_linux -Ithird_party/re2 -Ithird_party/boringssl-with-bazel/src/include -Ithird_party/upb -Isrc/core/ext/upb-gen -Isrc/core/ext/upbdefs-gen -Ithird_party/utf8_range -Ithird_party/xxhash -Ithird_party/zlib -I/usr/local/google/home/ssreenithi/.pyenv/versions/3.12.0/envs/pyvenv_312/include -I/usr/local/google/home/ssreenithi/.pyenv/versions/3.12.0/include/python3.12 -c src/core/ext/upb-gen/envoy/config/accesslog/v3/accesslog.upb_minitable.c -o pyb/temp.linux-x86_64-cpython-312/src/core/ext/upb-gen/envoy/config/accesslog/v3/accesslog.upb_minitable.o -fvisibility=hidden -fno-wrapv -fno-exceptions -pthread
      gcc -fno-strict-overflow -Wsign-compare -DNDEBUG -g -O3 -Wall -fPIC -D_WIN32_WINNT=1536 -DGRPC_XDS_USER_AGENT_NAME_SUFFIX=\"Python\" -DGRPC_XDS_USER_AGENT_VERSION_SUFFIX=\"1.79.0.dev0\" -DHAVE_CONFIG_H=1 -DGRPC_ENABLE_FORK_SUPPORT=1 -DGRPC_ENABLE_FORK_SUPPORT_DEFAULT=false -DGRPC_PYTHON_BUILD=1 -D__STDC_FORMAT_MACROS "-DPyMODINIT_FUNC=extern \"C\" __attribute__((visibility (\"default\"))) PyObject*" -DGRPC_POSIX_FORK_ALLOW_PTHREAD_ATFORK=1 -Isrc/python/grpcio -Iinclude -I. -Ithird_party/abseil-cpp -Ithird_party/address_sorting/include -Ithird_party/cares/cares/include -Ithird_party/cares -Ithird_party/cares/cares -Ithird_party/cares/cares/src/lib/include -Ithird_party/cares/cares/src/lib -Ithird_party/cares/config_linux -Ithird_party/re2 -Ithird_party/boringssl-with-bazel/src/include -Ithird_party/upb -Isrc/core/ext/upb-gen -Isrc/core/ext/upbdefs-gen -Ithird_party/utf8_range -Ithird_party/xxhash -Ithird_party/zlib -I/usr/local/google/home/ssreenithi/.pyenv/versions/3.12.0/envs/pyvenv_312/include -I/usr/local/google/home/ssreenithi/.pyenv/versions/3.12.0/include/python3.12 -c src/core/ext/upb-gen/xds/annotations/v3/security.upb_minitable.c -o pyb/temp.linux-x86_64-cpython-312/src/core/ext/upb-gen/xds/annotations/v3/security.upb_minitable.o -fvisibility=hidden -fno-wrapv -fno-exceptions -pthread
      gcc -fno-strict-overflow -Wsign-compare -DNDEBUG -g -O3 -Wall -fPIC -D_WIN32_WINNT=1536 -DGRPC_XDS_USER_AGENT_NAME_SUFFIX=\"Python\" -DGRPC_XDS_USER_AGENT_VERSION_SUFFIX=\"1.79.0.dev0\" -DHAVE_CONFIG_H=1 -DGRPC_ENABLE_FORK_SUPPORT=1 -DGRPC_ENABLE_FORK_SUPPORT_DEFAULT=false -DGRPC_PYTHON_BUILD=1 -D__STDC_FORMAT_MACROS "-DPyMODINIT_FUNC=extern \"C\" __attribute__((visibility (\"default\"))) PyObject*" -DGRPC_POSIX_FORK_ALLOW_PTHREAD_ATFORK=1 -Isrc/python/grpcio -Iinclude -I. -Ithird_party/abseil-cpp -Ithird_party/address_sorting/include -Ithird_party/cares/cares/include -Ithird_party/cares -Ithird_party/cares/cares -Ithird_party/cares/cares/src/lib/include -Ithird_party/cares/cares/src/lib -Ithird_party/cares/config_linux -Ithird_party/re2 -Ithird_party/boringssl-with-bazel/src/include -Ithird_party/upb -Isrc/core/ext/upb-gen -Isrc/core/ext/upbdefs-gen -Ithird_party/utf8_range -Ithird_party/xxhash -Ithird_party/zlib -I/usr/local/google/home/ssreenithi/.pyenv/versions/3.12.0/envs/pyvenv_312/include -I/usr/local/google/home/ssreenithi/.pyenv/versions/3.12.0/include/python3.12 -c src/core/ext/upb-gen/envoy/config/common/mutation_rules/v3/mutation_rules.upb_minitable.c -o pyb/temp.linux-x86_64-cpython-312/src/core/ext/upb-gen/envoy/config/common/mutation_rules/v3/mutation_rules.upb_minitable.o -fvisibility=hidden -fno-wrapv -fno-exceptions -pthread
      gcc -fno-strict-overflow -Wsign-compare -DNDEBUG -g -O3 -Wall -fPIC -D_WIN32_WINNT=1536 -DGRPC_XDS_USER_AGENT_NAME_SUFFIX=\"Python\" -DGRPC_XDS_USER_AGENT_VERSION_SUFFIX=\"1.79.0.dev0\" -DHAVE_CONFIG_H=1 -DGRPC_ENABLE_FORK_SUPPORT=1 -DGRPC_ENABLE_FORK_SUPPORT_DEFAULT=false -DGRPC_PYTHON_BUILD=1 -D__STDC_FORMAT_MACROS "-DPyMODINIT_FUNC=extern \"C\" __attribute__((visibility (\"default\"))) PyObject*" -DGRPC_POSIX_FORK_ALLOW_PTHREAD_ATFORK=1 -Isrc/python/grpcio -Iinclude -I. -Ithird_party/abseil-cpp -Ithird_party/address_sorting/include -Ithird_party/cares/cares/include -Ithird_party/cares -Ithird_party/cares/cares -Ithird_party/cares/cares/src/lib/include -Ithird_party/cares/cares/src/lib -Ithird_party/cares/config_linux -Ithird_party/re2 -Ithird_party/boringssl-with-bazel/src/include -Ithird_party/upb -Isrc/core/ext/upb-gen -Isrc/core/ext/upbdefs-gen -Ithird_party/utf8_range -Ithird_party/xxhash -Ithird_party/zlib -I/usr/local/google/home/ssreenithi/.pyenv/versions/3.12.0/envs/pyvenv_312/include -I/usr/local/google/home/ssreenithi/.pyenv/versions/3.12.0/include/python3.12 -c src/core/ext/upb-gen/udpa/annotations/migrate.upb_minitable.c -o pyb/temp.linux-x86_64-cpython-312/src/core/ext/upb-gen/udpa/annotations/migrate.upb_minitable.o -fvisibility=hidden -fno-wrapv -fno-exceptions -pthread
      gcc -fno-strict-overflow -Wsign-compare -DNDEBUG -g -O3 -Wall -fPIC -D_WIN32_WINNT=1536 -DGRPC_XDS_USER_AGENT_NAME_SUFFIX=\"Python\" -DGRPC_XDS_USER_AGENT_VERSION_SUFFIX=\"1.79.0.dev0\" -DHAVE_CONFIG_H=1 -DGRPC_ENABLE_FORK_SUPPORT=1 -DGRPC_ENABLE_FORK_SUPPORT_DEFAULT=false -DGRPC_PYTHON_BUILD=1 -D__STDC_FORMAT_MACROS "-DPyMODINIT_FUNC=extern \"C\" __attribute__((visibility (\"default\"))) PyObject*" -DGRPC_POSIX_FORK_ALLOW_PTHREAD_ATFORK=1 -Isrc/python/grpcio -Iinclude -I. -Ithird_party/abseil-cpp -Ithird_party/address_sorting/include -Ithird_party/cares/cares/include -Ithird_party/cares -Ithird_party/cares/cares -Ithird_party/cares/cares/src/lib/include -Ithird_party/cares/cares/src/lib -Ithird_party/cares/config_linux -Ithird_party/re2 -Ithird_party/boringssl-with-bazel/src/include -Ithird_party/upb -Isrc/core/ext/upb-gen -Isrc/core/ext/upbdefs-gen -Ithird_party/utf8_range -Ithird_party/xxhash -Ithird_party/zlib -I/usr/local/google/home/ssreenithi/.pyenv/versions/3.12.0/envs/pyvenv_312/include -I/usr/local/google/home/ssreenithi/.pyenv/versions/3.12.0/include/python3.12 -c src/core/ext/upb-gen/xds/core/v3/context_params.upb_minitable.c -o pyb/temp.linux-x86_64-cpython-312/src/core/ext/upb-gen/xds/core/v3/context_params.upb_minitable.o -fvisibility=hidden -fno-wrapv -fno-exceptions -pthread
      gcc -fno-strict-overflow -Wsign-compare -DNDEBUG -g -O3 -Wall -fPIC -D_WIN32_WINNT=1536 -DGRPC_XDS_USER_AGENT_NAME_SUFFIX=\"Python\" -DGRPC_XDS_USER_AGENT_VERSION_SUFFIX=\"1.79.0.dev0\" -DHAVE_CONFIG_H=1 -DGRPC_ENABLE_FORK_SUPPORT=1 -DGRPC_ENABLE_FORK_SUPPORT_DEFAULT=false -DGRPC_PYTHON_BUILD=1 -D__STDC_FORMAT_MACROS "-DPyMODINIT_FUNC=extern \"C\" __attribute__((visibility (\"default\"))) PyObject*" -DGRPC_POSIX_FORK_ALLOW_PTHREAD_ATFORK=1 -Isrc/python/grpcio -Iinclude -I. -Ithird_party/abseil-cpp -Ithird_party/address_sorting/include -Ithird_party/cares/cares/include -Ithird_party/cares -Ithird_party/cares/cares -Ithird_party/cares/cares/src/lib/include -Ithird_party/cares/cares/src/lib -Ithird_party/cares/config_linux -Ithird_party/re2 -Ithird_party/boringssl-with-bazel/src/include -Ithird_party/upb -Isrc/core/ext/upb-gen -Isrc/core/ext/upbdefs-gen -Ithird_party/utf8_range -Ithird_party/xxhash -Ithird_party/zlib -I/usr/local/google/home/ssreenithi/.pyenv/versions/3.12.0/envs/pyvenv_312/include -I/usr/local/google/home/ssreenithi/.pyenv/versions/3.12.0/include/python3.12 -c src/core/ext/upb-gen/envoy/config/core/v3/proxy_protocol.upb_minitable.c -o pyb/temp.linux-x86_64-cpython-312/src/core/ext/upb-gen/envoy/config/core/v3/proxy_protocol.upb_minitable.o -fvisibility=hidden -fno-wrapv -fno-exceptions -pthread
      gcc -fno-strict-overflow -Wsign-compare -DNDEBUG -g -O3 -Wall -fPIC -D_WIN32_WINNT=1536 -DGRPC_XDS_USER_AGENT_NAME_SUFFIX=\"Python\" -DGRPC_XDS_USER_AGENT_VERSION_SUFFIX=\"1.79.0.dev0\" -DHAVE_CONFIG_H=1 -DGRPC_ENABLE_FORK_SUPPORT=1 -DGRPC_ENABLE_FORK_SUPPORT_DEFAULT=false -DGRPC_PYTHON_BUILD=1 -D__STDC_FORMAT_MACROS "-DPyMODINIT_FUNC=extern \"C\" __attribute__((visibility (\"default\"))) PyObject*" -DGRPC_POSIX_FORK_ALLOW_PTHREAD_ATFORK=1 -Isrc/python/grpcio -Iinclude -I. -Ithird_party/abseil-cpp -Ithird_party/address_sorting/include -Ithird_party/cares/cares/include -Ithird_party/cares -Ithird_party/cares/cares -Ithird_party/cares/cares/src/lib/include -Ithird_party/cares/cares/src/lib -Ithird_party/cares/config_linux -Ithird_party/re2 -Ithird_party/boringssl-with-bazel/src/include -Ithird_party/upb -Isrc/core/ext/upb-gen -Isrc/core/ext/upbdefs-gen -Ithird_party/utf8_range -Ithird_party/xxhash -Ithird_party/zlib -I/usr/local/google/home/ssreenithi/.pyenv/versions/3.12.0/envs/pyvenv_312/include -I/usr/local/google/home/ssreenithi/.pyenv/versions/3.12.0/include/python3.12 -c src/core/ext/upb-gen/envoy/config/endpoint/v3/endpoint_components.upb_minitable.c -o pyb/temp.linux-x86_64-cpython-312/src/core/ext/upb-gen/envoy/config/endpoint/v3/endpoint_components.upb_minitable.o -fvisibility=hidden -fno-wrapv -fno-exceptions -pthread
      gcc -fno-strict-overflow -Wsign-compare -DNDEBUG -g -O3 -Wall -fPIC -D_WIN32_WINNT=1536 -DGRPC_XDS_USER_AGENT_NAME_SUFFIX=\"Python\" -DGRPC_XDS_USER_AGENT_VERSION_SUFFIX=\"1.79.0.dev0\" -DHAVE_CONFIG_H=1 -DGRPC_ENABLE_FORK_SUPPORT=1 -DGRPC_ENABLE_FORK_SUPPORT_DEFAULT=false -DGRPC_PYTHON_BUILD=1 -D__STDC_FORMAT_MACROS "-DPyMODINIT_FUNC=extern \"C\" __attribute__((visibility (\"default\"))) PyObject*" -DGRPC_POSIX_FORK_ALLOW_PTHREAD_ATFORK=1 -Isrc/python/grpcio -Iinclude -I. -Ithird_party/abseil-cpp -Ithird_party/address_sorting/include -Ithird_party/cares/cares/include -Ithird_party/cares -Ithird_party/cares/cares -Ithird_party/cares/cares/src/lib/include -Ithird_party/cares/cares/src/lib -Ithird_party/cares/config_linux -Ithird_party/re2 -Ithird_party/boringssl-with-bazel/src/include -Ithird_party/upb -Isrc/core/ext/upb-gen -Isrc/core/ext/upbdefs-gen -Ithird_party/utf8_range -Ithird_party/xxhash -Ithird_party/zlib -I/usr/local/google/home/ssreenithi/.pyenv/versions/3.12.0/envs/pyvenv_312/include -I/usr/local/google/home/ssreenithi/.pyenv/versions/3.12.0/include/python3.12 -c src/core/ext/upb-gen/envoy/config/core/v3/extension.upb_minitable.c -o pyb/temp.linux-x86_64-cpython-312/src/core/ext/upb-gen/envoy/config/core/v3/extension.upb_minitable.o -fvisibility=hidden -fno-wrapv -fno-exceptions -pthread
      gcc -fno-strict-overflow -Wsign-compare -DNDEBUG -g -O3 -Wall -fPIC -D_WIN32_WINNT=1536 -DGRPC_XDS_USER_AGENT_NAME_SUFFIX=\"Python\" -DGRPC_XDS_USER_AGENT_VERSION_SUFFIX=\"1.79.0.dev0\" -DHAVE_CONFIG_H=1 -DGRPC_ENABLE_FORK_SUPPORT=1 -DGRPC_ENABLE_FORK_SUPPORT_DEFAULT=false -DGRPC_PYTHON_BUILD=1 -D__STDC_FORMAT_MACROS "-DPyMODINIT_FUNC=extern \"C\" __attribute__((visibility (\"default\"))) PyObject*" -DGRPC_POSIX_FORK_ALLOW_PTHREAD_ATFORK=1 -Isrc/python/grpcio -Iinclude -I. -Ithird_party/abseil-cpp -Ithird_party/address_sorting/include -Ithird_party/cares/cares/include -Ithird_party/cares -Ithird_party/cares/cares -Ithird_party/cares/cares/src/lib/include -Ithird_party/cares/cares/src/lib -Ithird_party/cares/config_linux -Ithird_party/re2 -Ithird_party/boringssl-with-bazel/src/include -Ithird_party/upb -Isrc/core/ext/upb-gen -Isrc/core/ext/upbdefs-gen -Ithird_party/utf8_range -Ithird_party/xxhash -Ithird_party/zlib -I/usr/local/google/home/ssreenithi/.pyenv/versions/3.12.0/envs/pyvenv_312/include -I/usr/local/google/home/ssreenithi/.pyenv/versions/3.12.0/include/python3.12 -c src/core/ext/upb-gen/xds/type/matcher/v3/string.upb_minitable.c -o pyb/temp.linux-x86_64-cpython-312/src/core/ext/upb-gen/xds/type/matcher/v3/string.upb_minitable.o -fvisibility=hidden -fno-wrapv -fno-exceptions -pthread
      gcc -fno-strict-overflow -Wsign-compare -DNDEBUG -g -O3 -Wall -fPIC -D_WIN32_WINNT=1536 -DGRPC_XDS_USER_AGENT_NAME_SUFFIX=\"Python\" -DGRPC_XDS_USER_AGENT_VERSION_SUFFIX=\"1.79.0.dev0\" -DHAVE_CONFIG_H=1 -DGRPC_ENABLE_FORK_SUPPORT=1 -DGRPC_ENABLE_FORK_SUPPORT_DEFAULT=false -DGRPC_PYTHON_BUILD=1 -D__STDC_FORMAT_MACROS "-DPyMODINIT_FUNC=extern \"C\" __attribute__((visibility (\"default\"))) PyObject*" -DGRPC_POSIX_FORK_ALLOW_PTHREAD_ATFORK=1 -Isrc/python/grpcio -Iinclude -I. -Ithird_party/abseil-cpp -Ithird_party/address_sorting/include -Ithird_party/cares/cares/include -Ithird_party/cares -Ithird_party/cares/cares -Ithird_party/cares/cares/src/lib/include -Ithird_party/cares/cares/src/lib -Ithird_party/cares/config_linux -Ithird_party/re2 -Ithird_party/boringssl-with-bazel/src/include -Ithird_party/upb -Isrc/core/ext/upb-gen -Isrc/core/ext/upbdefs-gen -Ithird_party/utf8_range -Ithird_party/xxhash -Ithird_party/zlib -I/usr/local/google/home/ssreenithi/.pyenv/versions/3.12.0/envs/pyvenv_312/include -I/usr/local/google/home/ssreenithi/.pyenv/versions/3.12.0/include/python3.12 -c src/core/ext/upb-gen/envoy/config/metrics/v3/metrics_service.upb_minitable.c -o pyb/temp.linux-x86_64-cpython-312/src/core/ext/upb-gen/envoy/config/metrics/v3/metrics_service.upb_minitable.o -fvisibility=hidden -fno-wrapv -fno-exceptions -pthread
      gcc -fno-strict-overflow -Wsign-compare -DNDEBUG -g -O3 -Wall -fPIC -D_WIN32_WINNT=1536 -DGRPC_XDS_USER_AGENT_NAME_SUFFIX=\"Python\" -DGRPC_XDS_USER_AGENT_VERSION_SUFFIX=\"1.79.0.dev0\" -DHAVE_CONFIG_H=1 -DGRPC_ENABLE_FORK_SUPPORT=1 -DGRPC_ENABLE_FORK_SUPPORT_DEFAULT=false -DGRPC_PYTHON_BUILD=1 -D__STDC_FORMAT_MACROS "-DPyMODINIT_FUNC=extern \"C\" __attribute__((visibility (\"default\"))) PyObject*" -DGRPC_POSIX_FORK_ALLOW_PTHREAD_ATFORK=1 -Isrc/python/grpcio -Iinclude -I. -Ithird_party/abseil-cpp -Ithird_party/address_sorting/include -Ithird_party/cares/cares/include -Ithird_party/cares -Ithird_party/cares/cares -Ithird_party/cares/cares/src/lib/include -Ithird_party/cares/cares/src/lib -Ithird_party/cares/config_linux -Ithird_party/re2 -Ithird_party/boringssl-with-bazel/src/include -Ithird_party/upb -Isrc/core/ext/upb-gen -Isrc/core/ext/upbdefs-gen -Ithird_party/utf8_range -Ithird_party/xxhash -Ithird_party/zlib -I/usr/local/google/home/ssreenithi/.pyenv/versions/3.12.0/envs/pyvenv_312/include -I/usr/local/google/home/ssreenithi/.pyenv/versions/3.12.0/include/python3.12 -c src/core/ext/upb-gen/xds/type/matcher/v3/cel.upb_minitable.c -o pyb/temp.linux-x86_64-cpython-312/src/core/ext/upb-gen/xds/type/matcher/v3/cel.upb_minitable.o -fvisibility=hidden -fno-wrapv -fno-exceptions -pthread
      gcc -fno-strict-overflow -Wsign-compare -DNDEBUG -g -O3 -Wall -fPIC -D_WIN32_WINNT=1536 -DGRPC_XDS_USER_AGENT_NAME_SUFFIX=\"Python\" -DGRPC_XDS_USER_AGENT_VERSION_SUFFIX=\"1.79.0.dev0\" -DHAVE_CONFIG_H=1 -DGRPC_ENABLE_FORK_SUPPORT=1 -DGRPC_ENABLE_FORK_SUPPORT_DEFAULT=false -DGRPC_PYTHON_BUILD=1 -D__STDC_FORMAT_MACROS "-DPyMODINIT_FUNC=extern \"C\" __attribute__((visibility (\"default\"))) PyObject*" -DGRPC_POSIX_FORK_ALLOW_PTHREAD_ATFORK=1 -Isrc/python/grpcio -Iinclude -I. -Ithird_party/abseil-cpp -Ithird_party/address_sorting/include -Ithird_party/cares/cares/include -Ithird_party/cares -Ithird_party/cares/cares -Ithird_party/cares/cares/src/lib/include -Ithird_party/cares/cares/src/lib -Ithird_party/cares/config_linux -Ithird_party/re2 -Ithird_party/boringssl-with-bazel/src/include -Ithird_party/upb -Isrc/core/ext/upb-gen -Isrc/core/ext/upbdefs-gen -Ithird_party/utf8_range -Ithird_party/xxhash -Ithird_party/zlib -I/usr/local/google/home/ssreenithi/.pyenv/versions/3.12.0/envs/pyvenv_312/include -I/usr/local/google/home/ssreenithi/.pyenv/versions/3.12.0/include/python3.12 -c src/core/ext/upb-gen/envoy/config/trace/v3/skywalking.upb_minitable.c -o pyb/temp.linux-x86_64-cpython-312/src/core/ext/upb-gen/envoy/config/trace/v3/skywalking.upb_minitable.o -fvisibility=hidden -fno-wrapv -fno-exceptions -pthread
      gcc -fno-strict-overflow -Wsign-compare -DNDEBUG -g -O3 -Wall -fPIC -D_WIN32_WINNT=1536 -DGRPC_XDS_USER_AGENT_NAME_SUFFIX=\"Python\" -DGRPC_XDS_USER_AGENT_VERSION_SUFFIX=\"1.79.0.dev0\" -DHAVE_CONFIG_H=1 -DGRPC_ENABLE_FORK_SUPPORT=1 -DGRPC_ENABLE_FORK_SUPPORT_DEFAULT=false -DGRPC_PYTHON_BUILD=1 -D__STDC_FORMAT_MACROS "-DPyMODINIT_FUNC=extern \"C\" __attribute__((visibility (\"default\"))) PyObject*" -DGRPC_POSIX_FORK_ALLOW_PTHREAD_ATFORK=1 -Isrc/python/grpcio -Iinclude -I. -Ithird_party/abseil-cpp -Ithird_party/address_sorting/include -Ithird_party/cares/cares/include -Ithird_party/cares -Ithird_party/cares/cares -Ithird_party/cares/cares/src/lib/include -Ithird_party/cares/cares/src/lib -Ithird_party/cares/config_linux -Ithird_party/re2 -Ithird_party/boringssl-with-bazel/src/include -Ithird_party/upb -Isrc/core/ext/upb-gen -Isrc/core/ext/upbdefs-gen -Ithird_party/utf8_range -Ithird_party/xxhash -Ithird_party/zlib -I/usr/local/google/home/ssreenithi/.pyenv/versions/3.12.0/envs/pyvenv_312/include -I/usr/local/google/home/ssreenithi/.pyenv/versions/3.12.0/include/python3.12 -c src/core/ext/upb-gen/envoy/config/tap/v3/common.upb_minitable.c -o pyb/temp.linux-x86_64-cpython-312/src/core/ext/upb-gen/envoy/config/tap/v3/common.upb_minitable.o -fvisibility=hidden -fno-wrapv -fno-exceptions -pthread
      gcc -fno-strict-overflow -Wsign-compare -DNDEBUG -g -O3 -Wall -fPIC -D_WIN32_WINNT=1536 -DGRPC_XDS_USER_AGENT_NAME_SUFFIX=\"Python\" -DGRPC_XDS_USER_AGENT_VERSION_SUFFIX=\"1.79.0.dev0\" -DHAVE_CONFIG_H=1 -DGRPC_ENABLE_FORK_SUPPORT=1 -DGRPC_ENABLE_FORK_SUPPORT_DEFAULT=false -DGRPC_PYTHON_BUILD=1 -D__STDC_FORMAT_MACROS "-DPyMODINIT_FUNC=extern \"C\" __attribute__((visibility (\"default\"))) PyObject*" -DGRPC_POSIX_FORK_ALLOW_PTHREAD_ATFORK=1 -Isrc/python/grpcio -Iinclude -I. -Ithird_party/abseil-cpp -Ithird_party/address_sorting/include -Ithird_party/cares/cares/include -Ithird_party/cares -Ithird_party/cares/cares -Ithird_party/cares/cares/src/lib/include -Ithird_party/cares/cares/src/lib -Ithird_party/cares/config_linux -Ithird_party/re2 -Ithird_party/boringssl-with-bazel/src/include -Ithird_party/upb -Isrc/core/ext/upb-gen -Isrc/core/ext/upbdefs-gen -Ithird_party/utf8_range -Ithird_party/xxhash -Ithird_party/zlib -I/usr/local/google/home/ssreenithi/.pyenv/versions/3.12.0/envs/pyvenv_312/include -I/usr/local/google/home/ssreenithi/.pyenv/versions/3.12.0/include/python3.12 -c src/core/ext/upbdefs-gen/envoy/config/cluster/v3/circuit_breaker.upbdefs.c -o pyb/temp.linux-x86_64-cpython-312/src/core/ext/upbdefs-gen/envoy/config/cluster/v3/circuit_breaker.upbdefs.o -fvisibility=hidden -fno-wrapv -fno-exceptions -pthread
      gcc -fno-strict-overflow -Wsign-compare -DNDEBUG -g -O3 -Wall -fPIC -D_WIN32_WINNT=1536 -DGRPC_XDS_USER_AGENT_NAME_SUFFIX=\"Python\" -DGRPC_XDS_USER_AGENT_VERSION_SUFFIX=\"1.79.0.dev0\" -DHAVE_CONFIG_H=1 -DGRPC_ENABLE_FORK_SUPPORT=1 -DGRPC_ENABLE_FORK_SUPPORT_DEFAULT=false -DGRPC_PYTHON_BUILD=1 -D__STDC_FORMAT_MACROS "-DPyMODINIT_FUNC=extern \"C\" __attribute__((visibility (\"default\"))) PyObject*" -DGRPC_POSIX_FORK_ALLOW_PTHREAD_ATFORK=1 -Isrc/python/grpcio -Iinclude -I. -Ithird_party/abseil-cpp -Ithird_party/address_sorting/include -Ithird_party/cares/cares/include -Ithird_party/cares -Ithird_party/cares/cares -Ithird_party/cares/cares/src/lib/include -Ithird_party/cares/cares/src/lib -Ithird_party/cares/config_linux -Ithird_party/re2 -Ithird_party/boringssl-with-bazel/src/include -Ithird_party/upb -Isrc/core/ext/upb-gen -Isrc/core/ext/upbdefs-gen -Ithird_party/utf8_range -Ithird_party/xxhash -Ithird_party/zlib -I/usr/local/google/home/ssreenithi/.pyenv/versions/3.12.0/envs/pyvenv_312/include -I/usr/local/google/home/ssreenithi/.pyenv/versions/3.12.0/include/python3.12 -c src/core/ext/upbdefs-gen/envoy/admin/v3/clusters.upbdefs.c -o pyb/temp.linux-x86_64-cpython-312/src/core/ext/upbdefs-gen/envoy/admin/v3/clusters.upbdefs.o -fvisibility=hidden -fno-wrapv -fno-exceptions -pthread
      gcc -fno-strict-overflow -Wsign-compare -DNDEBUG -g -O3 -Wall -fPIC -D_WIN32_WINNT=1536 -DGRPC_XDS_USER_AGENT_NAME_SUFFIX=\"Python\" -DGRPC_XDS_USER_AGENT_VERSION_SUFFIX=\"1.79.0.dev0\" -DHAVE_CONFIG_H=1 -DGRPC_ENABLE_FORK_SUPPORT=1 -DGRPC_ENABLE_FORK_SUPPORT_DEFAULT=false -DGRPC_PYTHON_BUILD=1 -D__STDC_FORMAT_MACROS "-DPyMODINIT_FUNC=extern \"C\" __attribute__((visibility (\"default\"))) PyObject*" -DGRPC_POSIX_FORK_ALLOW_PTHREAD_ATFORK=1 -Isrc/python/grpcio -Iinclude -I. -Ithird_party/abseil-cpp -Ithird_party/address_sorting/include -Ithird_party/cares/cares/include -Ithird_party/cares -Ithird_party/cares/cares -Ithird_party/cares/cares/src/lib/include -Ithird_party/cares/cares/src/lib -Ithird_party/cares/config_linux -Ithird_party/re2 -Ithird_party/boringssl-with-bazel/src/include -Ithird_party/upb -Isrc/core/ext/upb-gen -Isrc/core/ext/upbdefs-gen -Ithird_party/utf8_range -Ithird_party/xxhash -Ithird_party/zlib -I/usr/local/google/home/ssreenithi/.pyenv/versions/3.12.0/envs/pyvenv_312/include -I/usr/local/google/home/ssreenithi/.pyenv/versions/3.12.0/include/python3.12 -c src/core/ext/upbdefs-gen/envoy/config/core/v3/socket_cmsg_headers.upbdefs.c -o pyb/temp.linux-x86_64-cpython-312/src/core/ext/upbdefs-gen/envoy/config/core/v3/socket_cmsg_headers.upbdefs.o -fvisibility=hidden -fno-wrapv -fno-exceptions -pthread
      gcc -fno-strict-overflow -Wsign-compare -DNDEBUG -g -O3 -Wall -fPIC -D_WIN32_WINNT=1536 -DGRPC_XDS_USER_AGENT_NAME_SUFFIX=\"Python\" -DGRPC_XDS_USER_AGENT_VERSION_SUFFIX=\"1.79.0.dev0\" -DHAVE_CONFIG_H=1 -DGRPC_ENABLE_FORK_SUPPORT=1 -DGRPC_ENABLE_FORK_SUPPORT_DEFAULT=false -DGRPC_PYTHON_BUILD=1 -D__STDC_FORMAT_MACROS "-DPyMODINIT_FUNC=extern \"C\" __attribute__((visibility (\"default\"))) PyObject*" -DGRPC_POSIX_FORK_ALLOW_PTHREAD_ATFORK=1 -Isrc/python/grpcio -Iinclude -I. -Ithird_party/abseil-cpp -Ithird_party/address_sorting/include -Ithird_party/cares/cares/include -Ithird_party/cares -Ithird_party/cares/cares -Ithird_party/cares/cares/src/lib/include -Ithird_party/cares/cares/src/lib -Ithird_party/cares/config_linux -Ithird_party/re2 -Ithird_party/boringssl-with-bazel/src/include -Ithird_party/upb -Isrc/core/ext/upb-gen -Isrc/core/ext/upbdefs-gen -Ithird_party/utf8_range -Ithird_party/xxhash -Ithird_party/zlib -I/usr/local/google/home/ssreenithi/.pyenv/versions/3.12.0/envs/pyvenv_312/include -I/usr/local/google/home/ssreenithi/.pyenv/versions/3.12.0/include/python3.12 -c src/core/ext/upb-gen/envoy/type/v3/semantic_version.upb_minitable.c -o pyb/temp.linux-x86_64-cpython-312/src/core/ext/upb-gen/envoy/type/v3/semantic_version.upb_minitable.o -fvisibility=hidden -fno-wrapv -fno-exceptions -pthread
      gcc -fno-strict-overflow -Wsign-compare -DNDEBUG -g -O3 -Wall -fPIC -D_WIN32_WINNT=1536 -DGRPC_XDS_USER_AGENT_NAME_SUFFIX=\"Python\" -DGRPC_XDS_USER_AGENT_VERSION_SUFFIX=\"1.79.0.dev0\" -DHAVE_CONFIG_H=1 -DGRPC_ENABLE_FORK_SUPPORT=1 -DGRPC_ENABLE_FORK_SUPPORT_DEFAULT=false -DGRPC_PYTHON_BUILD=1 -D__STDC_FORMAT_MACROS "-DPyMODINIT_FUNC=extern \"C\" __attribute__((visibility (\"default\"))) PyObject*" -DGRPC_POSIX_FORK_ALLOW_PTHREAD_ATFORK=1 -Isrc/python/grpcio -Iinclude -I. -Ithird_party/abseil-cpp -Ithird_party/address_sorting/include -Ithird_party/cares/cares/include -Ithird_party/cares -Ithird_party/cares/cares -Ithird_party/cares/cares/src/lib/include -Ithird_party/cares/cares/src/lib -Ithird_party/cares/config_linux -Ithird_party/re2 -Ithird_party/boringssl-with-bazel/src/include -Ithird_party/upb -Isrc/core/ext/upb-gen -Isrc/core/ext/upbdefs-gen -Ithird_party/utf8_range -Ithird_party/xxhash -Ithird_party/zlib -I/usr/local/google/home/ssreenithi/.pyenv/versions/3.12.0/envs/pyvenv_312/include -I/usr/local/google/home/ssreenithi/.pyenv/versions/3.12.0/include/python3.12 -c src/core/ext/upbdefs-gen/envoy/config/trace/v3/dynamic_ot.upbdefs.c -o pyb/temp.linux-x86_64-cpython-312/src/core/ext/upbdefs-gen/envoy/config/trace/v3/dynamic_ot.upbdefs.o -fvisibility=hidden -fno-wrapv -fno-exceptions -pthread
      gcc -fno-strict-overflow -Wsign-compare -DNDEBUG -g -O3 -Wall -fPIC -D_WIN32_WINNT=1536 -DGRPC_XDS_USER_AGENT_NAME_SUFFIX=\"Python\" -DGRPC_XDS_USER_AGENT_VERSION_SUFFIX=\"1.79.0.dev0\" -DHAVE_CONFIG_H=1 -DGRPC_ENABLE_FORK_SUPPORT=1 -DGRPC_ENABLE_FORK_SUPPORT_DEFAULT=false -DGRPC_PYTHON_BUILD=1 -D__STDC_FORMAT_MACROS "-DPyMODINIT_FUNC=extern \"C\" __attribute__((visibility (\"default\"))) PyObject*" -DGRPC_POSIX_FORK_ALLOW_PTHREAD_ATFORK=1 -Isrc/python/grpcio -Iinclude -I. -Ithird_party/abseil-cpp -Ithird_party/address_sorting/include -Ithird_party/cares/cares/include -Ithird_party/cares -Ithird_party/cares/cares -Ithird_party/cares/cares/src/lib/include -Ithird_party/cares/cares/src/lib -Ithird_party/cares/config_linux -Ithird_party/re2 -Ithird_party/boringssl-with-bazel/src/include -Ithird_party/upb -Isrc/core/ext/upb-gen -Isrc/core/ext/upbdefs-gen -Ithird_party/utf8_range -Ithird_party/xxhash -Ithird_party/zlib -I/usr/local/google/home/ssreenithi/.pyenv/versions/3.12.0/envs/pyvenv_312/include -I/usr/local/google/home/ssreenithi/.pyenv/versions/3.12.0/include/python3.12 -c src/core/ext/upb-gen/envoy/extensions/load_balancing_policies/wrr_locality/v3/wrr_locality.upb_minitable.c -o pyb/temp.linux-x86_64-cpython-312/src/core/ext/upb-gen/envoy/extensions/load_balancing_policies/wrr_locality/v3/wrr_locality.upb_minitable.o -fvisibility=hidden -fno-wrapv -fno-exceptions -pthread
      gcc -fno-strict-overflow -Wsign-compare -DNDEBUG -g -O3 -Wall -fPIC -D_WIN32_WINNT=1536 -DGRPC_XDS_USER_AGENT_NAME_SUFFIX=\"Python\" -DGRPC_XDS_USER_AGENT_VERSION_SUFFIX=\"1.79.0.dev0\" -DHAVE_CONFIG_H=1 -DGRPC_ENABLE_FORK_SUPPORT=1 -DGRPC_ENABLE_FORK_SUPPORT_DEFAULT=false -DGRPC_PYTHON_BUILD=1 -D__STDC_FORMAT_MACROS "-DPyMODINIT_FUNC=extern \"C\" __attribute__((visibility (\"default\"))) PyObject*" -DGRPC_POSIX_FORK_ALLOW_PTHREAD_ATFORK=1 -Isrc/python/grpcio -Iinclude -I. -Ithird_party/abseil-cpp -Ithird_party/address_sorting/include -Ithird_party/cares/cares/include -Ithird_party/cares -Ithird_party/cares/cares -Ithird_party/cares/cares/src/lib/include -Ithird_party/cares/cares/src/lib -Ithird_party/cares/config_linux -Ithird_party/re2 -Ithird_party/boringssl-with-bazel/src/include -Ithird_party/upb -Isrc/core/ext/upb-gen -Isrc/core/ext/upbdefs-gen -Ithird_party/utf8_range -Ithird_party/xxhash -Ithird_party/zlib -I/usr/local/google/home/ssreenithi/.pyenv/versions/3.12.0/envs/pyvenv_312/include -I/usr/local/google/home/ssreenithi/.pyenv/versions/3.12.0/include/python3.12 -c src/core/ext/upb-gen/envoy/type/matcher/v3/address.upb_minitable.c -o pyb/temp.linux-x86_64-cpython-312/src/core/ext/upb-gen/envoy/type/matcher/v3/address.upb_minitable.o -fvisibility=hidden -fno-wrapv -fno-exceptions -pthread
      gcc -fno-strict-overflow -Wsign-compare -DNDEBUG -g -O3 -Wall -fPIC -D_WIN32_WINNT=1536 -DGRPC_XDS_USER_AGENT_NAME_SUFFIX=\"Python\" -DGRPC_XDS_USER_AGENT_VERSION_SUFFIX=\"1.79.0.dev0\" -DHAVE_CONFIG_H=1 -DGRPC_ENABLE_FORK_SUPPORT=1 -DGRPC_ENABLE_FORK_SUPPORT_DEFAULT=false -DGRPC_PYTHON_BUILD=1 -D__STDC_FORMAT_MACROS "-DPyMODINIT_FUNC=extern \"C\" __attribute__((visibility (\"default\"))) PyObject*" -DGRPC_POSIX_FORK_ALLOW_PTHREAD_ATFORK=1 -Isrc/python/grpcio -Iinclude -I. -Ithird_party/abseil-cpp -Ithird_party/address_sorting/include -Ithird_party/cares/cares/include -Ithird_party/cares -Ithird_party/cares/cares -Ithird_party/cares/cares/src/lib/include -Ithird_party/cares/cares/src/lib -Ithird_party/cares/config_linux -Ithird_party/re2 -Ithird_party/boringssl-with-bazel/src/include -Ithird_party/upb -Isrc/core/ext/upb-gen -Isrc/core/ext/upbdefs-gen -Ithird_party/utf8_range -Ithird_party/xxhash -Ithird_party/zlib -I/usr/local/google/home/ssreenithi/.pyenv/versions/3.12.0/envs/pyvenv_312/include -I/usr/local/google/home/ssreenithi/.pyenv/versions/3.12.0/include/python3.12 -c src/core/ext/upb-gen/envoy/type/v3/hash_policy.upb_minitable.c -o pyb/temp.linux-x86_64-cpython-312/src/core/ext/upb-gen/envoy/type/v3/hash_policy.upb_minitable.o -fvisibility=hidden -fno-wrapv -fno-exceptions -pthread
      gcc -fno-strict-overflow -Wsign-compare -DNDEBUG -g -O3 -Wall -fPIC -D_WIN32_WINNT=1536 -DGRPC_XDS_USER_AGENT_NAME_SUFFIX=\"Python\" -DGRPC_XDS_USER_AGENT_VERSION_SUFFIX=\"1.79.0.dev0\" -DHAVE_CONFIG_H=1 -DGRPC_ENABLE_FORK_SUPPORT=1 -DGRPC_ENABLE_FORK_SUPPORT_DEFAULT=false -DGRPC_PYTHON_BUILD=1 -D__STDC_FORMAT_MACROS "-DPyMODINIT_FUNC=extern \"C\" __attribute__((visibility (\"default\"))) PyObject*" -DGRPC_POSIX_FORK_ALLOW_PTHREAD_ATFORK=1 -Isrc/python/grpcio -Iinclude -I. -Ithird_party/abseil-cpp -Ithird_party/address_sorting/include -Ithird_party/cares/cares/include -Ithird_party/cares -Ithird_party/cares/cares -Ithird_party/cares/cares/src/lib/include -Ithird_party/cares/cares/src/lib -Ithird_party/cares/config_linux -Ithird_party/re2 -Ithird_party/boringssl-with-bazel/src/include -Ithird_party/upb -Isrc/core/ext/upb-gen -Isrc/core/ext/upbdefs-gen -Ithird_party/utf8_range -Ithird_party/xxhash -Ithird_party/zlib -I/usr/local/google/home/ssreenithi/.pyenv/versions/3.12.0/envs/pyvenv_312/include -I/usr/local/google/home/ssreenithi/.pyenv/versions/3.12.0/include/python3.12 -c src/core/ext/upbdefs-gen/envoy/config/core/v3/grpc_service.upbdefs.c -o pyb/temp.linux-x86_64-cpython-312/src/core/ext/upbdefs-gen/envoy/config/core/v3/grpc_service.upbdefs.o -fvisibility=hidden -fno-wrapv -fno-exceptions -pthread
      gcc -fno-strict-overflow -Wsign-compare -DNDEBUG -g -O3 -Wall -fPIC -D_WIN32_WINNT=1536 -DGRPC_XDS_USER_AGENT_NAME_SUFFIX=\"Python\" -DGRPC_XDS_USER_AGENT_VERSION_SUFFIX=\"1.79.0.dev0\" -DHAVE_CONFIG_H=1 -DGRPC_ENABLE_FORK_SUPPORT=1 -DGRPC_ENABLE_FORK_SUPPORT_DEFAULT=false -DGRPC_PYTHON_BUILD=1 -D__STDC_FORMAT_MACROS "-DPyMODINIT_FUNC=extern \"C\" __attribute__((visibility (\"default\"))) PyObject*" -DGRPC_POSIX_FORK_ALLOW_PTHREAD_ATFORK=1 -Isrc/python/grpcio -Iinclude -I. -Ithird_party/abseil-cpp -Ithird_party/address_sorting/include -Ithird_party/cares/cares/include -Ithird_party/cares -Ithird_party/cares/cares -Ithird_party/cares/cares/src/lib/include -Ithird_party/cares/cares/src/lib -Ithird_party/cares/config_linux -Ithird_party/re2 -Ithird_party/boringssl-with-bazel/src/include -Ithird_party/upb -Isrc/core/ext/upb-gen -Isrc/core/ext/upbdefs-gen -Ithird_party/utf8_range -Ithird_party/xxhash -Ithird_party/zlib -I/usr/local/google/home/ssreenithi/.pyenv/versions/3.12.0/envs/pyvenv_312/include -I/usr/local/google/home/ssreenithi/.pyenv/versions/3.12.0/include/python3.12 -c src/core/ext/upbdefs-gen/envoy/admin/v3/mutex_stats.upbdefs.c -o pyb/temp.linux-x86_64-cpython-312/src/core/ext/upbdefs-gen/envoy/admin/v3/mutex_stats.upbdefs.o -fvisibility=hidden -fno-wrapv -fno-exceptions -pthread
      gcc -fno-strict-overflow -Wsign-compare -DNDEBUG -g -O3 -Wall -fPIC -D_WIN32_WINNT=1536 -DGRPC_XDS_USER_AGENT_NAME_SUFFIX=\"Python\" -DGRPC_XDS_USER_AGENT_VERSION_SUFFIX=\"1.79.0.dev0\" -DHAVE_CONFIG_H=1 -DGRPC_ENABLE_FORK_SUPPORT=1 -DGRPC_ENABLE_FORK_SUPPORT_DEFAULT=false -DGRPC_PYTHON_BUILD=1 -D__STDC_FORMAT_MACROS "-DPyMODINIT_FUNC=extern \"C\" __attribute__((visibility (\"default\"))) PyObject*" -DGRPC_POSIX_FORK_ALLOW_PTHREAD_ATFORK=1 -Isrc/python/grpcio -Iinclude -I. -Ithird_party/abseil-cpp -Ithird_party/address_sorting/include -Ithird_party/cares/cares/include -Ithird_party/cares -Ithird_party/cares/cares -Ithird_party/cares/cares/src/lib/include -Ithird_party/cares/cares/src/lib -Ithird_party/cares/config_linux -Ithird_party/re2 -Ithird_party/boringssl-with-bazel/src/include -Ithird_party/upb -Isrc/core/ext/upb-gen -Isrc/core/ext/upbdefs-gen -Ithird_party/utf8_range -Ithird_party/xxhash -Ithird_party/zlib -I/usr/local/google/home/ssreenithi/.pyenv/versions/3.12.0/envs/pyvenv_312/include -I/usr/local/google/home/ssreenithi/.pyenv/versions/3.12.0/include/python3.12 -c src/core/ext/upb-gen/envoy/extensions/filters/http/fault/v3/fault.upb_minitable.c -o pyb/temp.linux-x86_64-cpython-312/src/core/ext/upb-gen/envoy/extensions/filters/http/fault/v3/fault.upb_minitable.o -fvisibility=hidden -fno-wrapv -fno-exceptions -pthread
      gcc -fno-strict-overflow -Wsign-compare -DNDEBUG -g -O3 -Wall -fPIC -D_WIN32_WINNT=1536 -DGRPC_XDS_USER_AGENT_NAME_SUFFIX=\"Python\" -DGRPC_XDS_USER_AGENT_VERSION_SUFFIX=\"1.79.0.dev0\" -DHAVE_CONFIG_H=1 -DGRPC_ENABLE_FORK_SUPPORT=1 -DGRPC_ENABLE_FORK_SUPPORT_DEFAULT=false -DGRPC_PYTHON_BUILD=1 -D__STDC_FORMAT_MACROS "-DPyMODINIT_FUNC=extern \"C\" __attribute__((visibility (\"default\"))) PyObject*" -DGRPC_POSIX_FORK_ALLOW_PTHREAD_ATFORK=1 -Isrc/python/grpcio -Iinclude -I. -Ithird_party/abseil-cpp -Ithird_party/address_sorting/include -Ithird_party/cares/cares/include -Ithird_party/cares -Ithird_party/cares/cares -Ithird_party/cares/cares/src/lib/include -Ithird_party/cares/cares/src/lib -Ithird_party/cares/config_linux -Ithird_party/re2 -Ithird_party/boringssl-with-bazel/src/include -Ithird_party/upb -Isrc/core/ext/upb-gen -Isrc/core/ext/upbdefs-gen -Ithird_party/utf8_range -Ithird_party/xxhash -Ithird_party/zlib -I/usr/local/google/home/ssreenithi/.pyenv/versions/3.12.0/envs/pyvenv_312/include -I/usr/local/google/home/ssreenithi/.pyenv/versions/3.12.0/include/python3.12 -c src/core/ext/upb-gen/envoy/extensions/grpc_service/channel_credentials/tls/v3/tls_credentials.upb_minitable.c -o pyb/temp.linux-x86_64-cpython-312/src/core/ext/upb-gen/envoy/extensions/grpc_service/channel_credentials/tls/v3/tls_credentials.upb_minitable.o -fvisibility=hidden -fno-wrapv -fno-exceptions -pthread
      gcc -fno-strict-overflow -Wsign-compare -DNDEBUG -g -O3 -Wall -fPIC -D_WIN32_WINNT=1536 -DGRPC_XDS_USER_AGENT_NAME_SUFFIX=\"Python\" -DGRPC_XDS_USER_AGENT_VERSION_SUFFIX=\"1.79.0.dev0\" -DHAVE_CONFIG_H=1 -DGRPC_ENABLE_FORK_SUPPORT=1 -DGRPC_ENABLE_FORK_SUPPORT_DEFAULT=false -DGRPC_PYTHON_BUILD=1 -D__STDC_FORMAT_MACROS "-DPyMODINIT_FUNC=extern \"C\" __attribute__((visibility (\"default\"))) PyObject*" -DGRPC_POSIX_FORK_ALLOW_PTHREAD_ATFORK=1 -Isrc/python/grpcio -Iinclude -I. -Ithird_party/abseil-cpp -Ithird_party/address_sorting/include -Ithird_party/cares/cares/include -Ithird_party/cares -Ithird_party/cares/cares -Ithird_party/cares/cares/src/lib/include -Ithird_party/cares/cares/src/lib -Ithird_party/cares/config_linux -Ithird_party/re2 -Ithird_party/boringssl-with-bazel/src/include -Ithird_party/upb -Isrc/core/ext/upb-gen -Isrc/core/ext/upbdefs-gen -Ithird_party/utf8_range -Ithird_party/xxhash -Ithird_party/zlib -I/usr/local/google/home/ssreenithi/.pyenv/versions/3.12.0/envs/pyvenv_312/include -I/usr/local/google/home/ssreenithi/.pyenv/versions/3.12.0/include/python3.12 -c src/core/ext/upbdefs-gen/envoy/config/trace/v3/xray.upbdefs.c -o pyb/temp.linux-x86_64-cpython-312/src/core/ext/upbdefs-gen/envoy/config/trace/v3/xray.upbdefs.o -fvisibility=hidden -fno-wrapv -fno-exceptions -pthread
      gcc -fno-strict-overflow -Wsign-compare -DNDEBUG -g -O3 -Wall -fPIC -D_WIN32_WINNT=1536 -DGRPC_XDS_USER_AGENT_NAME_SUFFIX=\"Python\" -DGRPC_XDS_USER_AGENT_VERSION_SUFFIX=\"1.79.0.dev0\" -DHAVE_CONFIG_H=1 -DGRPC_ENABLE_FORK_SUPPORT=1 -DGRPC_ENABLE_FORK_SUPPORT_DEFAULT=false -DGRPC_PYTHON_BUILD=1 -D__STDC_FORMAT_MACROS "-DPyMODINIT_FUNC=extern \"C\" __attribute__((visibility (\"default\"))) PyObject*" -DGRPC_POSIX_FORK_ALLOW_PTHREAD_ATFORK=1 -Isrc/python/grpcio -Iinclude -I. -Ithird_party/abseil-cpp -Ithird_party/address_sorting/include -Ithird_party/cares/cares/include -Ithird_party/cares -Ithird_party/cares/cares -Ithird_party/cares/cares/src/lib/include -Ithird_party/cares/cares/src/lib -Ithird_party/cares/config_linux -Ithird_party/re2 -Ithird_party/boringssl-with-bazel/src/include -Ithird_party/upb -Isrc/core/ext/upb-gen -Isrc/core/ext/upbdefs-gen -Ithird_party/utf8_range -Ithird_party/xxhash -Ithird_party/zlib -I/usr/local/google/home/ssreenithi/.pyenv/versions/3.12.0/envs/pyvenv_312/include -I/usr/local/google/home/ssreenithi/.pyenv/versions/3.12.0/include/python3.12 -c src/core/ext/upb-gen/envoy/type/matcher/v3/regex.upb_minitable.c -o pyb/temp.linux-x86_64-cpython-312/src/core/ext/upb-gen/envoy/type/matcher/v3/regex.upb_minitable.o -fvisibility=hidden -fno-wrapv -fno-exceptions -pthread
      gcc -fno-strict-overflow -Wsign-compare -DNDEBUG -g -O3 -Wall -fPIC -D_WIN32_WINNT=1536 -DGRPC_XDS_USER_AGENT_NAME_SUFFIX=\"Python\" -DGRPC_XDS_USER_AGENT_VERSION_SUFFIX=\"1.79.0.dev0\" -DHAVE_CONFIG_H=1 -DGRPC_ENABLE_FORK_SUPPORT=1 -DGRPC_ENABLE_FORK_SUPPORT_DEFAULT=false -DGRPC_PYTHON_BUILD=1 -D__STDC_FORMAT_MACROS "-DPyMODINIT_FUNC=extern \"C\" __attribute__((visibility (\"default\"))) PyObject*" -DGRPC_POSIX_FORK_ALLOW_PTHREAD_ATFORK=1 -Isrc/python/grpcio -Iinclude -I. -Ithird_party/abseil-cpp -Ithird_party/address_sorting/include -Ithird_party/cares/cares/include -Ithird_party/cares -Ithird_party/cares/cares -Ithird_party/cares/cares/src/lib/include -Ithird_party/cares/cares/src/lib -Ithird_party/cares/config_linux -Ithird_party/re2 -Ithird_party/boringssl-with-bazel/src/include -Ithird_party/upb -Isrc/core/ext/upb-gen -Isrc/core/ext/upbdefs-gen -Ithird_party/utf8_range -Ithird_party/xxhash -Ithird_party/zlib -I/usr/local/google/home/ssreenithi/.pyenv/versions/3.12.0/envs/pyvenv_312/include -I/usr/local/google/home/ssreenithi/.pyenv/versions/3.12.0/include/python3.12 -c src/core/ext/upbdefs-gen/envoy/config/core/v3/backoff.upbdefs.c -o pyb/temp.linux-x86_64-cpython-312/src/core/ext/upbdefs-gen/envoy/config/core/v3/backoff.upbdefs.o -fvisibility=hidden -fno-wrapv -fno-exceptions -pthread
      gcc -fno-strict-overflow -Wsign-compare -DNDEBUG -g -O3 -Wall -fPIC -D_WIN32_WINNT=1536 -DGRPC_XDS_USER_AGENT_NAME_SUFFIX=\"Python\" -DGRPC_XDS_USER_AGENT_VERSION_SUFFIX=\"1.79.0.dev0\" -DHAVE_CONFIG_H=1 -DGRPC_ENABLE_FORK_SUPPORT=1 -DGRPC_ENABLE_FORK_SUPPORT_DEFAULT=false -DGRPC_PYTHON_BUILD=1 -D__STDC_FORMAT_MACROS "-DPyMODINIT_FUNC=extern \"C\" __attribute__((visibility (\"default\"))) PyObject*" -DGRPC_POSIX_FORK_ALLOW_PTHREAD_ATFORK=1 -Isrc/python/grpcio -Iinclude -I. -Ithird_party/abseil-cpp -Ithird_party/address_sorting/include -Ithird_party/cares/cares/include -Ithird_party/cares -Ithird_party/cares/cares -Ithird_party/cares/cares/src/lib/include -Ithird_party/cares/cares/src/lib -Ithird_party/cares/config_linux -Ithird_party/re2 -Ithird_party/boringssl-with-bazel/src/include -Ithird_party/upb -Isrc/core/ext/upb-gen -Isrc/core/ext/upbdefs-gen -Ithird_party/utf8_range -Ithird_party/xxhash -Ithird_party/zlib -I/usr/local/google/home/ssreenithi/.pyenv/versions/3.12.0/envs/pyvenv_312/include -I/usr/local/google/home/ssreenithi/.pyenv/versions/3.12.0/include/python3.12 -c src/core/ext/upb-gen/envoy/extensions/upstreams/http/v3/http_protocol_options.upb_minitable.c -o pyb/temp.linux-x86_64-cpython-312/src/core/ext/upb-gen/envoy/extensions/upstreams/http/v3/http_protocol_options.upb_minitable.o -fvisibility=hidden -fno-wrapv -fno-exceptions -pthread
      gcc -fno-strict-overflow -Wsign-compare -DNDEBUG -g -O3 -Wall -fPIC -D_WIN32_WINNT=1536 -DGRPC_XDS_USER_AGENT_NAME_SUFFIX=\"Python\" -DGRPC_XDS_USER_AGENT_VERSION_SUFFIX=\"1.79.0.dev0\" -DHAVE_CONFIG_H=1 -DGRPC_ENABLE_FORK_SUPPORT=1 -DGRPC_ENABLE_FORK_SUPPORT_DEFAULT=false -DGRPC_PYTHON_BUILD=1 -D__STDC_FORMAT_MACROS "-DPyMODINIT_FUNC=extern \"C\" __attribute__((visibility (\"default\"))) PyObject*" -DGRPC_POSIX_FORK_ALLOW_PTHREAD_ATFORK=1 -Isrc/python/grpcio -Iinclude -I. -Ithird_party/abseil-cpp -Ithird_party/address_sorting/include -Ithird_party/cares/cares/include -Ithird_party/cares -Ithird_party/cares/cares -Ithird_party/cares/cares/src/lib/include -Ithird_party/cares/cares/src/lib -Ithird_party/cares/config_linux -Ithird_party/re2 -Ithird_party/boringssl-with-bazel/src/include -Ithird_party/upb -Isrc/core/ext/upb-gen -Isrc/core/ext/upbdefs-gen -Ithird_party/utf8_range -Ithird_party/xxhash -Ithird_party/zlib -I/usr/local/google/home/ssreenithi/.pyenv/versions/3.12.0/envs/pyvenv_312/include -I/usr/local/google/home/ssreenithi/.pyenv/versions/3.12.0/include/python3.12 -c src/core/ext/upbdefs-gen/envoy/extensions/filters/http/rbac/v3/rbac.upbdefs.c -o pyb/temp.linux-x86_64-cpython-312/src/core/ext/upbdefs-gen/envoy/extensions/filters/http/rbac/v3/rbac.upbdefs.o -fvisibility=hidden -fno-wrapv -fno-exceptions -pthread
      gcc -fno-strict-overflow -Wsign-compare -DNDEBUG -g -O3 -Wall -fPIC -D_WIN32_WINNT=1536 -DGRPC_XDS_USER_AGENT_NAME_SUFFIX=\"Python\" -DGRPC_XDS_USER_AGENT_VERSION_SUFFIX=\"1.79.0.dev0\" -DHAVE_CONFIG_H=1 -DGRPC_ENABLE_FORK_SUPPORT=1 -DGRPC_ENABLE_FORK_SUPPORT_DEFAULT=false -DGRPC_PYTHON_BUILD=1 -D__STDC_FORMAT_MACROS "-DPyMODINIT_FUNC=extern \"C\" __attribute__((visibility (\"default\"))) PyObject*" -DGRPC_POSIX_FORK_ALLOW_PTHREAD_ATFORK=1 -Isrc/python/grpcio -Iinclude -I. -Ithird_party/abseil-cpp -Ithird_party/address_sorting/include -Ithird_party/cares/cares/include -Ithird_party/cares -Ithird_party/cares/cares -Ithird_party/cares/cares/src/lib/include -Ithird_party/cares/cares/src/lib -Ithird_party/cares/config_linux -Ithird_party/re2 -Ithird_party/boringssl-with-bazel/src/include -Ithird_party/upb -Isrc/core/ext/upb-gen -Isrc/core/ext/upbdefs-gen -Ithird_party/utf8_range -Ithird_party/xxhash -Ithird_party/zlib -I/usr/local/google/home/ssreenithi/.pyenv/versions/3.12.0/envs/pyvenv_312/include -I/usr/local/google/home/ssreenithi/.pyenv/versions/3.12.0/include/python3.12 -c src/core/ext/upbdefs-gen/envoy/config/listener/v3/api_listener.upbdefs.c -o pyb/temp.linux-x86_64-cpython-312/src/core/ext/upbdefs-gen/envoy/config/listener/v3/api_listener.upbdefs.o -fvisibility=hidden -fno-wrapv -fno-exceptions -pthread
      gcc -fno-strict-overflow -Wsign-compare -DNDEBUG -g -O3 -Wall -fPIC -D_WIN32_WINNT=1536 -DGRPC_XDS_USER_AGENT_NAME_SUFFIX=\"Python\" -DGRPC_XDS_USER_AGENT_VERSION_SUFFIX=\"1.79.0.dev0\" -DHAVE_CONFIG_H=1 -DGRPC_ENABLE_FORK_SUPPORT=1 -DGRPC_ENABLE_FORK_SUPPORT_DEFAULT=false -DGRPC_PYTHON_BUILD=1 -D__STDC_FORMAT_MACROS "-DPyMODINIT_FUNC=extern \"C\" __attribute__((visibility (\"default\"))) PyObject*" -DGRPC_POSIX_FORK_ALLOW_PTHREAD_ATFORK=1 -Isrc/python/grpcio -Iinclude -I. -Ithird_party/abseil-cpp -Ithird_party/address_sorting/include -Ithird_party/cares/cares/include -Ithird_party/cares -Ithird_party/cares/cares -Ithird_party/cares/cares/src/lib/include -Ithird_party/cares/cares/src/lib -Ithird_party/cares/config_linux -Ithird_party/re2 -Ithird_party/boringssl-with-bazel/src/include -Ithird_party/upb -Isrc/core/ext/upb-gen -Isrc/core/ext/upbdefs-gen -Ithird_party/utf8_range -Ithird_party/xxhash -Ithird_party/zlib -I/usr/local/google/home/ssreenithi/.pyenv/versions/3.12.0/envs/pyvenv_312/include -I/usr/local/google/home/ssreenithi/.pyenv/versions/3.12.0/include/python3.12 -c src/core/ext/upb-gen/envoy/admin/v3/metrics.upb_minitable.c -o pyb/temp.linux-x86_64-cpython-312/src/core/ext/upb-gen/envoy/admin/v3/metrics.upb_minitable.o -fvisibility=hidden -fno-wrapv -fno-exceptions -pthread
      gcc -fno-strict-overflow -Wsign-compare -DNDEBUG -g -O3 -Wall -fPIC -D_WIN32_WINNT=1536 -DGRPC_XDS_USER_AGENT_NAME_SUFFIX=\"Python\" -DGRPC_XDS_USER_AGENT_VERSION_SUFFIX=\"1.79.0.dev0\" -DHAVE_CONFIG_H=1 -DGRPC_ENABLE_FORK_SUPPORT=1 -DGRPC_ENABLE_FORK_SUPPORT_DEFAULT=false -DGRPC_PYTHON_BUILD=1 -D__STDC_FORMAT_MACROS "-DPyMODINIT_FUNC=extern \"C\" __attribute__((visibility (\"default\"))) PyObject*" -DGRPC_POSIX_FORK_ALLOW_PTHREAD_ATFORK=1 -Isrc/python/grpcio -Iinclude -I. -Ithird_party/abseil-cpp -Ithird_party/address_sorting/include -Ithird_party/cares/cares/include -Ithird_party/cares -Ithird_party/cares/cares -Ithird_party/cares/cares/src/lib/include -Ithird_party/cares/cares/src/lib -Ithird_party/cares/config_linux -Ithird_party/re2 -Ithird_party/boringssl-with-bazel/src/include -Ithird_party/upb -Isrc/core/ext/upb-gen -Isrc/core/ext/upbdefs-gen -Ithird_party/utf8_range -Ithird_party/xxhash -Ithird_party/zlib -I/usr/local/google/home/ssreenithi/.pyenv/versions/3.12.0/envs/pyvenv_312/include -I/usr/local/google/home/ssreenithi/.pyenv/versions/3.12.0/include/python3.12 -c src/core/ext/upb-gen/envoy/config/core/v3/address.upb_minitable.c -o pyb/temp.linux-x86_64-cpython-312/src/core/ext/upb-gen/envoy/config/core/v3/address.upb_minitable.o -fvisibility=hidden -fno-wrapv -fno-exceptions -pthread
      gcc -fno-strict-overflow -Wsign-compare -DNDEBUG -g -O3 -Wall -fPIC -D_WIN32_WINNT=1536 -DGRPC_XDS_USER_AGENT_NAME_SUFFIX=\"Python\" -DGRPC_XDS_USER_AGENT_VERSION_SUFFIX=\"1.79.0.dev0\" -DHAVE_CONFIG_H=1 -DGRPC_ENABLE_FORK_SUPPORT=1 -DGRPC_ENABLE_FORK_SUPPORT_DEFAULT=false -DGRPC_PYTHON_BUILD=1 -D__STDC_FORMAT_MACROS "-DPyMODINIT_FUNC=extern \"C\" __attribute__((visibility (\"default\"))) PyObject*" -DGRPC_POSIX_FORK_ALLOW_PTHREAD_ATFORK=1 -Isrc/python/grpcio -Iinclude -I. -Ithird_party/abseil-cpp -Ithird_party/address_sorting/include -Ithird_party/cares/cares/include -Ithird_party/cares -Ithird_party/cares/cares -Ithird_party/cares/cares/src/lib/include -Ithird_party/cares/cares/src/lib -Ithird_party/cares/config_linux -Ithird_party/re2 -Ithird_party/boringssl-with-bazel/src/include -Ithird_party/upb -Isrc/core/ext/upb-gen -Isrc/core/ext/upbdefs-gen -Ithird_party/utf8_range -Ithird_party/xxhash -Ithird_party/zlib -I/usr/local/google/home/ssreenithi/.pyenv/versions/3.12.0/envs/pyvenv_312/include -I/usr/local/google/home/ssreenithi/.pyenv/versions/3.12.0/include/python3.12 -c src/core/ext/upbdefs-gen/envoy/config/overload/v3/overload.upbdefs.c -o pyb/temp.linux-x86_64-cpython-312/src/core/ext/upbdefs-gen/envoy/config/overload/v3/overload.upbdefs.o -fvisibility=hidden -fno-wrapv -fno-exceptions -pthread
      gcc -fno-strict-overflow -Wsign-compare -DNDEBUG -g -O3 -Wall -fPIC -D_WIN32_WINNT=1536 -DGRPC_XDS_USER_AGENT_NAME_SUFFIX=\"Python\" -DGRPC_XDS_USER_AGENT_VERSION_SUFFIX=\"1.79.0.dev0\" -DHAVE_CONFIG_H=1 -DGRPC_ENABLE_FORK_SUPPORT=1 -DGRPC_ENABLE_FORK_SUPPORT_DEFAULT=false -DGRPC_PYTHON_BUILD=1 -D__STDC_FORMAT_MACROS "-DPyMODINIT_FUNC=extern \"C\" __attribute__((visibility (\"default\"))) PyObject*" -DGRPC_POSIX_FORK_ALLOW_PTHREAD_ATFORK=1 -Isrc/python/grpcio -Iinclude -I. -Ithird_party/abseil-cpp -Ithird_party/address_sorting/include -Ithird_party/cares/cares/include -Ithird_party/cares -Ithird_party/cares/cares -Ithird_party/cares/cares/src/lib/include -Ithird_party/cares/cares/src/lib -Ithird_party/cares/config_linux -Ithird_party/re2 -Ithird_party/boringssl-with-bazel/src/include -Ithird_party/upb -Isrc/core/ext/upb-gen -Isrc/core/ext/upbdefs-gen -Ithird_party/utf8_range -Ithird_party/xxhash -Ithird_party/zlib -I/usr/local/google/home/ssreenithi/.pyenv/versions/3.12.0/envs/pyvenv_312/include -I/usr/local/google/home/ssreenithi/.pyenv/versions/3.12.0/include/python3.12 -c src/core/ext/upb-gen/xds/annotations/v3/sensitive.upb_minitable.c -o pyb/temp.linux-x86_64-cpython-312/src/core/ext/upb-gen/xds/annotations/v3/sensitive.upb_minitable.o -fvisibility=hidden -fno-wrapv -fno-exceptions -pthread
      gcc -fno-strict-overflow -Wsign-compare -DNDEBUG -g -O3 -Wall -fPIC -D_WIN32_WINNT=1536 -DGRPC_XDS_USER_AGENT_NAME_SUFFIX=\"Python\" -DGRPC_XDS_USER_AGENT_VERSION_SUFFIX=\"1.79.0.dev0\" -DHAVE_CONFIG_H=1 -DGRPC_ENABLE_FORK_SUPPORT=1 -DGRPC_ENABLE_FORK_SUPPORT_DEFAULT=false -DGRPC_PYTHON_BUILD=1 -D__STDC_FORMAT_MACROS "-DPyMODINIT_FUNC=extern \"C\" __attribute__((visibility (\"default\"))) PyObject*" -DGRPC_POSIX_FORK_ALLOW_PTHREAD_ATFORK=1 -Isrc/python/grpcio -Iinclude -I. -Ithird_party/abseil-cpp -Ithird_party/address_sorting/include -Ithird_party/cares/cares/include -Ithird_party/cares -Ithird_party/cares/cares -Ithird_party/cares/cares/src/lib/include -Ithird_party/cares/cares/src/lib -Ithird_party/cares/config_linux -Ithird_party/re2 -Ithird_party/boringssl-with-bazel/src/include -Ithird_party/upb -Isrc/core/ext/upb-gen -Isrc/core/ext/upbdefs-gen -Ithird_party/utf8_range -Ithird_party/xxhash -Ithird_party/zlib -I/usr/local/google/home/ssreenithi/.pyenv/versions/3.12.0/envs/pyvenv_312/include -I/usr/local/google/home/ssreenithi/.pyenv/versions/3.12.0/include/python3.12 -c src/core/ext/upb-gen/src/proto/grpc/gcp/handshaker.upb_minitable.c -o pyb/temp.linux-x86_64-cpython-312/src/core/ext/upb-gen/src/proto/grpc/gcp/handshaker.upb_minitable.o -fvisibility=hidden -fno-wrapv -fno-exceptions -pthread
      gcc -fno-strict-overflow -Wsign-compare -DNDEBUG -g -O3 -Wall -fPIC -D_WIN32_WINNT=1536 -DGRPC_XDS_USER_AGENT_NAME_SUFFIX=\"Python\" -DGRPC_XDS_USER_AGENT_VERSION_SUFFIX=\"1.79.0.dev0\" -DHAVE_CONFIG_H=1 -DGRPC_ENABLE_FORK_SUPPORT=1 -DGRPC_ENABLE_FORK_SUPPORT_DEFAULT=false -DGRPC_PYTHON_BUILD=1 -D__STDC_FORMAT_MACROS "-DPyMODINIT_FUNC=extern \"C\" __attribute__((visibility (\"default\"))) PyObject*" -DGRPC_POSIX_FORK_ALLOW_PTHREAD_ATFORK=1 -Isrc/python/grpcio -Iinclude -I. -Ithird_party/abseil-cpp -Ithird_party/address_sorting/include -Ithird_party/cares/cares/include -Ithird_party/cares -Ithird_party/cares/cares -Ithird_party/cares/cares/src/lib/include -Ithird_party/cares/cares/src/lib -Ithird_party/cares/config_linux -Ithird_party/re2 -Ithird_party/boringssl-with-bazel/src/include -Ithird_party/upb -Isrc/core/ext/upb-gen -Isrc/core/ext/upbdefs-gen -Ithird_party/utf8_range -Ithird_party/xxhash -Ithird_party/zlib -I/usr/local/google/home/ssreenithi/.pyenv/versions/3.12.0/envs/pyvenv_312/include -I/usr/local/google/home/ssreenithi/.pyenv/versions/3.12.0/include/python3.12 -c src/core/ext/upbdefs-gen/envoy/extensions/transport_sockets/tls/v3/common.upbdefs.c -o pyb/temp.linux-x86_64-cpython-312/src/core/ext/upbdefs-gen/envoy/extensions/transport_sockets/tls/v3/common.upbdefs.o -fvisibility=hidden -fno-wrapv -fno-exceptions -pthread
      gcc -fno-strict-overflow -Wsign-compare -DNDEBUG -g -O3 -Wall -fPIC -D_WIN32_WINNT=1536 -DGRPC_XDS_USER_AGENT_NAME_SUFFIX=\"Python\" -DGRPC_XDS_USER_AGENT_VERSION_SUFFIX=\"1.79.0.dev0\" -DHAVE_CONFIG_H=1 -DGRPC_ENABLE_FORK_SUPPORT=1 -DGRPC_ENABLE_FORK_SUPPORT_DEFAULT=false -DGRPC_PYTHON_BUILD=1 -D__STDC_FORMAT_MACROS "-DPyMODINIT_FUNC=extern \"C\" __attribute__((visibility (\"default\"))) PyObject*" -DGRPC_POSIX_FORK_ALLOW_PTHREAD_ATFORK=1 -Isrc/python/grpcio -Iinclude -I. -Ithird_party/abseil-cpp -Ithird_party/address_sorting/include -Ithird_party/cares/cares/include -Ithird_party/cares -Ithird_party/cares/cares -Ithird_party/cares/cares/src/lib/include -Ithird_party/cares/cares/src/lib -Ithird_party/cares/config_linux -Ithird_party/re2 -Ithird_party/boringssl-with-bazel/src/include -Ithird_party/upb -Isrc/core/ext/upb-gen -Isrc/core/ext/upbdefs-gen -Ithird_party/utf8_range -Ithird_party/xxhash -Ithird_party/zlib -I/usr/local/google/home/ssreenithi/.pyenv/versions/3.12.0/envs/pyvenv_312/include -I/usr/local/google/home/ssreenithi/.pyenv/versions/3.12.0/include/python3.12 -c src/core/ext/upb-gen/xds/core/v3/extension.upb_minitable.c -o pyb/temp.linux-x86_64-cpython-312/src/core/ext/upb-gen/xds/core/v3/extension.upb_minitable.o -fvisibility=hidden -fno-wrapv -fno-exceptions -pthread
      gcc -fno-strict-overflow -Wsign-compare -DNDEBUG -g -O3 -Wall -fPIC -D_WIN32_WINNT=1536 -DGRPC_XDS_USER_AGENT_NAME_SUFFIX=\"Python\" -DGRPC_XDS_USER_AGENT_VERSION_SUFFIX=\"1.79.0.dev0\" -DHAVE_CONFIG_H=1 -DGRPC_ENABLE_FORK_SUPPORT=1 -DGRPC_ENABLE_FORK_SUPPORT_DEFAULT=false -DGRPC_PYTHON_BUILD=1 -D__STDC_FORMAT_MACROS "-DPyMODINIT_FUNC=extern \"C\" __attribute__((visibility (\"default\"))) PyObject*" -DGRPC_POSIX_FORK_ALLOW_PTHREAD_ATFORK=1 -Isrc/python/grpcio -Iinclude -I. -Ithird_party/abseil-cpp -Ithird_party/address_sorting/include -Ithird_party/cares/cares/include -Ithird_party/cares -Ithird_party/cares/cares -Ithird_party/cares/cares/src/lib/include -Ithird_party/cares/cares/src/lib -Ithird_party/cares/config_linux -Ithird_party/re2 -Ithird_party/boringssl-with-bazel/src/include -Ithird_party/upb -Isrc/core/ext/upb-gen -Isrc/core/ext/upbdefs-gen -Ithird_party/utf8_range -Ithird_party/xxhash -Ithird_party/zlib -I/usr/local/google/home/ssreenithi/.pyenv/versions/3.12.0/envs/pyvenv_312/include -I/usr/local/google/home/ssreenithi/.pyenv/versions/3.12.0/include/python3.12 -c src/core/ext/upb-gen/google/protobuf/any.upb_minitable.c -o pyb/temp.linux-x86_64-cpython-312/src/core/ext/upb-gen/google/protobuf/any.upb_minitable.o -fvisibility=hidden -fno-wrapv -fno-exceptions -pthread
      gcc -fno-strict-overflow -Wsign-compare -DNDEBUG -g -O3 -Wall -fPIC -D_WIN32_WINNT=1536 -DGRPC_XDS_USER_AGENT_NAME_SUFFIX=\"Python\" -DGRPC_XDS_USER_AGENT_VERSION_SUFFIX=\"1.79.0.dev0\" -DHAVE_CONFIG_H=1 -DGRPC_ENABLE_FORK_SUPPORT=1 -DGRPC_ENABLE_FORK_SUPPORT_DEFAULT=false -DGRPC_PYTHON_BUILD=1 -D__STDC_FORMAT_MACROS "-DPyMODINIT_FUNC=extern \"C\" __attribute__((visibility (\"default\"))) PyObject*" -DGRPC_POSIX_FORK_ALLOW_PTHREAD_ATFORK=1 -Isrc/python/grpcio -Iinclude -I. -Ithird_party/abseil-cpp -Ithird_party/address_sorting/include -Ithird_party/cares/cares/include -Ithird_party/cares -Ithird_party/cares/cares -Ithird_party/cares/cares/src/lib/include -Ithird_party/cares/cares/src/lib -Ithird_party/cares/config_linux -Ithird_party/re2 -Ithird_party/boringssl-with-bazel/src/include -Ithird_party/upb -Isrc/core/ext/upb-gen -Isrc/core/ext/upbdefs-gen -Ithird_party/utf8_range -Ithird_party/xxhash -Ithird_party/zlib -I/usr/local/google/home/ssreenithi/.pyenv/versions/3.12.0/envs/pyvenv_312/include -I/usr/local/google/home/ssreenithi/.pyenv/versions/3.12.0/include/python3.12 -c src/core/ext/upb-gen/google/rpc/status.upb_minitable.c -o pyb/temp.linux-x86_64-cpython-312/src/core/ext/upb-gen/google/rpc/status.upb_minitable.o -fvisibility=hidden -fno-wrapv -fno-exceptions -pthread
      gcc -fno-strict-overflow -Wsign-compare -DNDEBUG -g -O3 -Wall -fPIC -D_WIN32_WINNT=1536 -DGRPC_XDS_USER_AGENT_NAME_SUFFIX=\"Python\" -DGRPC_XDS_USER_AGENT_VERSION_SUFFIX=\"1.79.0.dev0\" -DHAVE_CONFIG_H=1 -DGRPC_ENABLE_FORK_SUPPORT=1 -DGRPC_ENABLE_FORK_SUPPORT_DEFAULT=false -DGRPC_PYTHON_BUILD=1 -D__STDC_FORMAT_MACROS "-DPyMODINIT_FUNC=extern \"C\" __attribute__((visibility (\"default\"))) PyObject*" -DGRPC_POSIX_FORK_ALLOW_PTHREAD_ATFORK=1 -Isrc/python/grpcio -Iinclude -I. -Ithird_party/abseil-cpp -Ithird_party/address_sorting/include -Ithird_party/cares/cares/include -Ithird_party/cares -Ithird_party/cares/cares -Ithird_party/cares/cares/src/lib/include -Ithird_party/cares/cares/src/lib -Ithird_party/cares/config_linux -Ithird_party/re2 -Ithird_party/boringssl-with-bazel/src/include -Ithird_party/upb -Isrc/core/ext/upb-gen -Isrc/core/ext/upbdefs-gen -Ithird_party/utf8_range -Ithird_party/xxhash -Ithird_party/zlib -I/usr/local/google/home/ssreenithi/.pyenv/versions/3.12.0/envs/pyvenv_312/include -I/usr/local/google/home/ssreenithi/.pyenv/versions/3.12.0/include/python3.12 -c src/core/ext/upb-gen/envoy/config/bootstrap/v3/bootstrap.upb_minitable.c -o pyb/temp.linux-x86_64-cpython-312/src/core/ext/upb-gen/envoy/config/bootstrap/v3/bootstrap.upb_minitable.o -fvisibility=hidden -fno-wrapv -fno-exceptions -pthread
      gcc -fno-strict-overflow -Wsign-compare -DNDEBUG -g -O3 -Wall -fPIC -D_WIN32_WINNT=1536 -DGRPC_XDS_USER_AGENT_NAME_SUFFIX=\"Python\" -DGRPC_XDS_USER_AGENT_VERSION_SUFFIX=\"1.79.0.dev0\" -DHAVE_CONFIG_H=1 -DGRPC_ENABLE_FORK_SUPPORT=1 -DGRPC_ENABLE_FORK_SUPPORT_DEFAULT=false -DGRPC_PYTHON_BUILD=1 -D__STDC_FORMAT_MACROS "-DPyMODINIT_FUNC=extern \"C\" __attribute__((visibility (\"default\"))) PyObject*" -DGRPC_POSIX_FORK_ALLOW_PTHREAD_ATFORK=1 -Isrc/python/grpcio -Iinclude -I. -Ithird_party/abseil-cpp -Ithird_party/address_sorting/include -Ithird_party/cares/cares/include -Ithird_party/cares -Ithird_party/cares/cares -Ithird_party/cares/cares/src/lib/include -Ithird_party/cares/cares/src/lib -Ithird_party/cares/config_linux -Ithird_party/re2 -Ithird_party/boringssl-with-bazel/src/include -Ithird_party/upb -Isrc/core/ext/upb-gen -Isrc/core/ext/upbdefs-gen -Ithird_party/utf8_range -Ithird_party/xxhash -Ithird_party/zlib -I/usr/local/google/home/ssreenithi/.pyenv/versions/3.12.0/envs/pyvenv_312/include -I/usr/local/google/home/ssreenithi/.pyenv/versions/3.12.0/include/python3.12 -c src/core/ext/upbdefs-gen/envoy/service/load_stats/v3/lrs.upbdefs.c -o pyb/temp.linux-x86_64-cpython-312/src/core/ext/upbdefs-gen/envoy/service/load_stats/v3/lrs.upbdefs.o -fvisibility=hidden -fno-wrapv -fno-exceptions -pthread
      gcc -fno-strict-overflow -Wsign-compare -DNDEBUG -g -O3 -Wall -fPIC -D_WIN32_WINNT=1536 -DGRPC_XDS_USER_AGENT_NAME_SUFFIX=\"Python\" -DGRPC_XDS_USER_AGENT_VERSION_SUFFIX=\"1.79.0.dev0\" -DHAVE_CONFIG_H=1 -DGRPC_ENABLE_FORK_SUPPORT=1 -DGRPC_ENABLE_FORK_SUPPORT_DEFAULT=false -DGRPC_PYTHON_BUILD=1 -D__STDC_FORMAT_MACROS "-DPyMODINIT_FUNC=extern \"C\" __attribute__((visibility (\"default\"))) PyObject*" -DGRPC_POSIX_FORK_ALLOW_PTHREAD_ATFORK=1 -Isrc/python/grpcio -Iinclude -I. -Ithird_party/abseil-cpp -Ithird_party/address_sorting/include -Ithird_party/cares/cares/include -Ithird_party/cares -Ithird_party/cares/cares -Ithird_party/cares/cares/src/lib/include -Ithird_party/cares/cares/src/lib -Ithird_party/cares/config_linux -Ithird_party/re2 -Ithird_party/boringssl-with-bazel/src/include -Ithird_party/upb -Isrc/core/ext/upb-gen -Isrc/core/ext/upbdefs-gen -Ithird_party/utf8_range -Ithird_party/xxhash -Ithird_party/zlib -I/usr/local/google/home/ssreenithi/.pyenv/versions/3.12.0/envs/pyvenv_312/include -I/usr/local/google/home/ssreenithi/.pyenv/versions/3.12.0/include/python3.12 -c src/core/ext/upb-gen/udpa/annotations/security.upb_minitable.c -o pyb/temp.linux-x86_64-cpython-312/src/core/ext/upb-gen/udpa/annotations/security.upb_minitable.o -fvisibility=hidden -fno-wrapv -fno-exceptions -pthread
      gcc -fno-strict-overflow -Wsign-compare -DNDEBUG -g -O3 -Wall -fPIC -D_WIN32_WINNT=1536 -DGRPC_XDS_USER_AGENT_NAME_SUFFIX=\"Python\" -DGRPC_XDS_USER_AGENT_VERSION_SUFFIX=\"1.79.0.dev0\" -DHAVE_CONFIG_H=1 -DGRPC_ENABLE_FORK_SUPPORT=1 -DGRPC_ENABLE_FORK_SUPPORT_DEFAULT=false -DGRPC_PYTHON_BUILD=1 -D__STDC_FORMAT_MACROS "-DPyMODINIT_FUNC=extern \"C\" __attribute__((visibility (\"default\"))) PyObject*" -DGRPC_POSIX_FORK_ALLOW_PTHREAD_ATFORK=1 -Isrc/python/grpcio -Iinclude -I. -Ithird_party/abseil-cpp -Ithird_party/address_sorting/include -Ithird_party/cares/cares/include -Ithird_party/cares -Ithird_party/cares/cares -Ithird_party/cares/cares/src/lib/include -Ithird_party/cares/cares/src/lib -Ithird_party/cares/config_linux -Ithird_party/re2 -Ithird_party/boringssl-with-bazel/src/include -Ithird_party/upb -Isrc/core/ext/upb-gen -Isrc/core/ext/upbdefs-gen -Ithird_party/utf8_range -Ithird_party/xxhash -Ithird_party/zlib -I/usr/local/google/home/ssreenithi/.pyenv/versions/3.12.0/envs/pyvenv_312/include -I/usr/local/google/home/ssreenithi/.pyenv/versions/3.12.0/include/python3.12 -c src/core/ext/upb-gen/xds/type/matcher/v3/domain.upb_minitable.c -o pyb/temp.linux-x86_64-cpython-312/src/core/ext/upb-gen/xds/type/matcher/v3/domain.upb_minitable.o -fvisibility=hidden -fno-wrapv -fno-exceptions -pthread
      gcc -fno-strict-overflow -Wsign-compare -DNDEBUG -g -O3 -Wall -fPIC -D_WIN32_WINNT=1536 -DGRPC_XDS_USER_AGENT_NAME_SUFFIX=\"Python\" -DGRPC_XDS_USER_AGENT_VERSION_SUFFIX=\"1.79.0.dev0\" -DHAVE_CONFIG_H=1 -DGRPC_ENABLE_FORK_SUPPORT=1 -DGRPC_ENABLE_FORK_SUPPORT_DEFAULT=false -DGRPC_PYTHON_BUILD=1 -D__STDC_FORMAT_MACROS "-DPyMODINIT_FUNC=extern \"C\" __attribute__((visibility (\"default\"))) PyObject*" -DGRPC_POSIX_FORK_ALLOW_PTHREAD_ATFORK=1 -Isrc/python/grpcio -Iinclude -I. -Ithird_party/abseil-cpp -Ithird_party/address_sorting/include -Ithird_party/cares/cares/include -Ithird_party/cares -Ithird_party/cares/cares -Ithird_party/cares/cares/src/lib/include -Ithird_party/cares/cares/src/lib -Ithird_party/cares/config_linux -Ithird_party/re2 -Ithird_party/boringssl-with-bazel/src/include -Ithird_party/upb -Isrc/core/ext/upb-gen -Isrc/core/ext/upbdefs-gen -Ithird_party/utf8_range -Ithird_party/xxhash -Ithird_party/zlib -I/usr/local/google/home/ssreenithi/.pyenv/versions/3.12.0/envs/pyvenv_312/include -I/usr/local/google/home/ssreenithi/.pyenv/versions/3.12.0/include/python3.12 -c src/core/ext/upb-gen/envoy/config/core/v3/resolver.upb_minitable.c -o pyb/temp.linux-x86_64-cpython-312/src/core/ext/upb-gen/envoy/config/core/v3/resolver.upb_minitable.o -fvisibility=hidden -fno-wrapv -fno-exceptions -pthread
      gcc -fno-strict-overflow -Wsign-compare -DNDEBUG -g -O3 -Wall -fPIC -D_WIN32_WINNT=1536 -DGRPC_XDS_USER_AGENT_NAME_SUFFIX=\"Python\" -DGRPC_XDS_USER_AGENT_VERSION_SUFFIX=\"1.79.0.dev0\" -DHAVE_CONFIG_H=1 -DGRPC_ENABLE_FORK_SUPPORT=1 -DGRPC_ENABLE_FORK_SUPPORT_DEFAULT=false -DGRPC_PYTHON_BUILD=1 -D__STDC_FORMAT_MACROS "-DPyMODINIT_FUNC=extern \"C\" __attribute__((visibility (\"default\"))) PyObject*" -DGRPC_POSIX_FORK_ALLOW_PTHREAD_ATFORK=1 -Isrc/python/grpcio -Iinclude -I. -Ithird_party/abseil-cpp -Ithird_party/address_sorting/include -Ithird_party/cares/cares/include -Ithird_party/cares -Ithird_party/cares/cares -Ithird_party/cares/cares/src/lib/include -Ithird_party/cares/cares/src/lib -Ithird_party/cares/config_linux -Ithird_party/re2 -Ithird_party/boringssl-with-bazel/src/include -Ithird_party/upb -Isrc/core/ext/upb-gen -Isrc/core/ext/upbdefs-gen -Ithird_party/utf8_range -Ithird_party/xxhash -Ithird_party/zlib -I/usr/local/google/home/ssreenithi/.pyenv/versions/3.12.0/envs/pyvenv_312/include -I/usr/local/google/home/ssreenithi/.pyenv/versions/3.12.0/include/python3.12 -c src/core/ext/upbdefs-gen/envoy/type/matcher/v3/metadata.upbdefs.c -o pyb/temp.linux-x86_64-cpython-312/src/core/ext/upbdefs-gen/envoy/type/matcher/v3/metadata.upbdefs.o -fvisibility=hidden -fno-wrapv -fno-exceptions -pthread
      gcc -fno-strict-overflow -Wsign-compare -DNDEBUG -g -O3 -Wall -fPIC -D_WIN32_WINNT=1536 -DGRPC_XDS_USER_AGENT_NAME_SUFFIX=\"Python\" -DGRPC_XDS_USER_AGENT_VERSION_SUFFIX=\"1.79.0.dev0\" -DHAVE_CONFIG_H=1 -DGRPC_ENABLE_FORK_SUPPORT=1 -DGRPC_ENABLE_FORK_SUPPORT_DEFAULT=false -DGRPC_PYTHON_BUILD=1 -D__STDC_FORMAT_MACROS "-DPyMODINIT_FUNC=extern \"C\" __attribute__((visibility (\"default\"))) PyObject*" -DGRPC_POSIX_FORK_ALLOW_PTHREAD_ATFORK=1 -Isrc/python/grpcio -Iinclude -I. -Ithird_party/abseil-cpp -Ithird_party/address_sorting/include -Ithird_party/cares/cares/include -Ithird_party/cares -Ithird_party/cares/cares -Ithird_party/cares/cares/src/lib/include -Ithird_party/cares/cares/src/lib -Ithird_party/cares/config_linux -Ithird_party/re2 -Ithird_party/boringssl-with-bazel/src/include -Ithird_party/upb -Isrc/core/ext/upb-gen -Isrc/core/ext/upbdefs-gen -Ithird_party/utf8_range -Ithird_party/xxhash -Ithird_party/zlib -I/usr/local/google/home/ssreenithi/.pyenv/versions/3.12.0/envs/pyvenv_312/include -I/usr/local/google/home/ssreenithi/.pyenv/versions/3.12.0/include/python3.12 -c src/core/ext/upb-gen/envoy/config/core/v3/grpc_method_list.upb_minitable.c -o pyb/temp.linux-x86_64-cpython-312/src/core/ext/upb-gen/envoy/config/core/v3/grpc_method_list.upb_minitable.o -fvisibility=hidden -fno-wrapv -fno-exceptions -pthread
      gcc -fno-strict-overflow -Wsign-compare -DNDEBUG -g -O3 -Wall -fPIC -D_WIN32_WINNT=1536 -DGRPC_XDS_USER_AGENT_NAME_SUFFIX=\"Python\" -DGRPC_XDS_USER_AGENT_VERSION_SUFFIX=\"1.79.0.dev0\" -DHAVE_CONFIG_H=1 -DGRPC_ENABLE_FORK_SUPPORT=1 -DGRPC_ENABLE_FORK_SUPPORT_DEFAULT=false -DGRPC_PYTHON_BUILD=1 -D__STDC_FORMAT_MACROS "-DPyMODINIT_FUNC=extern \"C\" __attribute__((visibility (\"default\"))) PyObject*" -DGRPC_POSIX_FORK_ALLOW_PTHREAD_ATFORK=1 -Isrc/python/grpcio -Iinclude -I. -Ithird_party/abseil-cpp -Ithird_party/address_sorting/include -Ithird_party/cares/cares/include -Ithird_party/cares -Ithird_party/cares/cares -Ithird_party/cares/cares/src/lib/include -Ithird_party/cares/cares/src/lib -Ithird_party/cares/config_linux -Ithird_party/re2 -Ithird_party/boringssl-with-bazel/src/include -Ithird_party/upb -Isrc/core/ext/upb-gen -Isrc/core/ext/upbdefs-gen -Ithird_party/utf8_range -Ithird_party/xxhash -Ithird_party/zlib -I/usr/local/google/home/ssreenithi/.pyenv/versions/3.12.0/envs/pyvenv_312/include -I/usr/local/google/home/ssreenithi/.pyenv/versions/3.12.0/include/python3.12 -c src/core/ext/upb-gen/envoy/config/metrics/v3/stats.upb_minitable.c -o pyb/temp.linux-x86_64-cpython-312/src/core/ext/upb-gen/envoy/config/metrics/v3/stats.upb_minitable.o -fvisibility=hidden -fno-wrapv -fno-exceptions -pthread
      gcc -fno-strict-overflow -Wsign-compare -DNDEBUG -g -O3 -Wall -fPIC -D_WIN32_WINNT=1536 -DGRPC_XDS_USER_AGENT_NAME_SUFFIX=\"Python\" -DGRPC_XDS_USER_AGENT_VERSION_SUFFIX=\"1.79.0.dev0\" -DHAVE_CONFIG_H=1 -DGRPC_ENABLE_FORK_SUPPORT=1 -DGRPC_ENABLE_FORK_SUPPORT_DEFAULT=false -DGRPC_PYTHON_BUILD=1 -D__STDC_FORMAT_MACROS "-DPyMODINIT_FUNC=extern \"C\" __attribute__((visibility (\"default\"))) PyObject*" -DGRPC_POSIX_FORK_ALLOW_PTHREAD_ATFORK=1 -Isrc/python/grpcio -Iinclude -I. -Ithird_party/abseil-cpp -Ithird_party/address_sorting/include -Ithird_party/cares/cares/include -Ithird_party/cares -Ithird_party/cares/cares -Ithird_party/cares/cares/src/lib/include -Ithird_party/cares/cares/src/lib -Ithird_party/cares/config_linux -Ithird_party/re2 -Ithird_party/boringssl-with-bazel/src/include -Ithird_party/upb -Isrc/core/ext/upb-gen -Isrc/core/ext/upbdefs-gen -Ithird_party/utf8_range -Ithird_party/xxhash -Ithird_party/zlib -I/usr/local/google/home/ssreenithi/.pyenv/versions/3.12.0/envs/pyvenv_312/include -I/usr/local/google/home/ssreenithi/.pyenv/versions/3.12.0/include/python3.12 -c src/core/ext/upb-gen/xds/type/v3/cel.upb_minitable.c -o pyb/temp.linux-x86_64-cpython-312/src/core/ext/upb-gen/xds/type/v3/cel.upb_minitable.o -fvisibility=hidden -fno-wrapv -fno-exceptions -pthread
      gcc -fno-strict-overflow -Wsign-compare -DNDEBUG -g -O3 -Wall -fPIC -D_WIN32_WINNT=1536 -DGRPC_XDS_USER_AGENT_NAME_SUFFIX=\"Python\" -DGRPC_XDS_USER_AGENT_VERSION_SUFFIX=\"1.79.0.dev0\" -DHAVE_CONFIG_H=1 -DGRPC_ENABLE_FORK_SUPPORT=1 -DGRPC_ENABLE_FORK_SUPPORT_DEFAULT=false -DGRPC_PYTHON_BUILD=1 -D__STDC_FORMAT_MACROS "-DPyMODINIT_FUNC=extern \"C\" __attribute__((visibility (\"default\"))) PyObject*" -DGRPC_POSIX_FORK_ALLOW_PTHREAD_ATFORK=1 -Isrc/python/grpcio -Iinclude -I. -Ithird_party/abseil-cpp -Ithird_party/address_sorting/include -Ithird_party/cares/cares/include -Ithird_party/cares -Ithird_party/cares/cares -Ithird_party/cares/cares/src/lib/include -Ithird_party/cares/cares/src/lib -Ithird_party/cares/config_linux -Ithird_party/re2 -Ithird_party/boringssl-with-bazel/src/include -Ithird_party/upb -Isrc/core/ext/upb-gen -Isrc/core/ext/upbdefs-gen -Ithird_party/utf8_range -Ithird_party/xxhash -Ithird_party/zlib -I/usr/local/google/home/ssreenithi/.pyenv/versions/3.12.0/envs/pyvenv_312/include -I/usr/local/google/home/ssreenithi/.pyenv/versions/3.12.0/include/python3.12 -c src/core/ext/upb-gen/envoy/config/trace/v3/trace.upb_minitable.c -o pyb/temp.linux-x86_64-cpython-312/src/core/ext/upb-gen/envoy/config/trace/v3/trace.upb_minitable.o -fvisibility=hidden -fno-wrapv -fno-exceptions -pthread
      gcc -fno-strict-overflow -Wsign-compare -DNDEBUG -g -O3 -Wall -fPIC -D_WIN32_WINNT=1536 -DGRPC_XDS_USER_AGENT_NAME_SUFFIX=\"Python\" -DGRPC_XDS_USER_AGENT_VERSION_SUFFIX=\"1.79.0.dev0\" -DHAVE_CONFIG_H=1 -DGRPC_ENABLE_FORK_SUPPORT=1 -DGRPC_ENABLE_FORK_SUPPORT_DEFAULT=false -DGRPC_PYTHON_BUILD=1 -D__STDC_FORMAT_MACROS "-DPyMODINIT_FUNC=extern \"C\" __attribute__((visibility (\"default\"))) PyObject*" -DGRPC_POSIX_FORK_ALLOW_PTHREAD_ATFORK=1 -Isrc/python/grpcio -Iinclude -I. -Ithird_party/abseil-cpp -Ithird_party/address_sorting/include -Ithird_party/cares/cares/include -Ithird_party/cares -Ithird_party/cares/cares -Ithird_party/cares/cares/src/lib/include -Ithird_party/cares/cares/src/lib -Ithird_party/cares/config_linux -Ithird_party/re2 -Ithird_party/boringssl-with-bazel/src/include -Ithird_party/upb -Isrc/core/ext/upb-gen -Isrc/core/ext/upbdefs-gen -Ithird_party/utf8_range -Ithird_party/xxhash -Ithird_party/zlib -I/usr/local/google/home/ssreenithi/.pyenv/versions/3.12.0/envs/pyvenv_312/include -I/usr/local/google/home/ssreenithi/.pyenv/versions/3.12.0/include/python3.12 -c src/core/ext/upb-gen/envoy/config/trace/v3/datadog.upb_minitable.c -o pyb/temp.linux-x86_64-cpython-312/src/core/ext/upb-gen/envoy/config/trace/v3/datadog.upb_minitable.o -fvisibility=hidden -fno-wrapv -fno-exceptions -pthread
      gcc -fno-strict-overflow -Wsign-compare -DNDEBUG -g -O3 -Wall -fPIC -D_WIN32_WINNT=1536 -DGRPC_XDS_USER_AGENT_NAME_SUFFIX=\"Python\" -DGRPC_XDS_USER_AGENT_VERSION_SUFFIX=\"1.79.0.dev0\" -DHAVE_CONFIG_H=1 -DGRPC_ENABLE_FORK_SUPPORT=1 -DGRPC_ENABLE_FORK_SUPPORT_DEFAULT=false -DGRPC_PYTHON_BUILD=1 -D__STDC_FORMAT_MACROS "-DPyMODINIT_FUNC=extern \"C\" __attribute__((visibility (\"default\"))) PyObject*" -DGRPC_POSIX_FORK_ALLOW_PTHREAD_ATFORK=1 -Isrc/python/grpcio -Iinclude -I. -Ithird_party/abseil-cpp -Ithird_party/address_sorting/include -Ithird_party/cares/cares/include -Ithird_party/cares -Ithird_party/cares/cares -Ithird_party/cares/cares/src/lib/include -Ithird_party/cares/cares/src/lib -Ithird_party/cares/config_linux -Ithird_party/re2 -Ithird_party/boringssl-with-bazel/src/include -Ithird_party/upb -Isrc/core/ext/upb-gen -Isrc/core/ext/upbdefs-gen -Ithird_party/utf8_range -Ithird_party/xxhash -Ithird_party/zlib -I/usr/local/google/home/ssreenithi/.pyenv/versions/3.12.0/envs/pyvenv_312/include -I/usr/local/google/home/ssreenithi/.pyenv/versions/3.12.0/include/python3.12 -c src/core/ext/upb-gen/envoy/config/endpoint/v3/load_report.upb_minitable.c -o pyb/temp.linux-x86_64-cpython-312/src/core/ext/upb-gen/envoy/config/endpoint/v3/load_report.upb_minitable.o -fvisibility=hidden -fno-wrapv -fno-exceptions -pthread
      gcc -fno-strict-overflow -Wsign-compare -DNDEBUG -g -O3 -Wall -fPIC -D_WIN32_WINNT=1536 -DGRPC_XDS_USER_AGENT_NAME_SUFFIX=\"Python\" -DGRPC_XDS_USER_AGENT_VERSION_SUFFIX=\"1.79.0.dev0\" -DHAVE_CONFIG_H=1 -DGRPC_ENABLE_FORK_SUPPORT=1 -DGRPC_ENABLE_FORK_SUPPORT_DEFAULT=false -DGRPC_PYTHON_BUILD=1 -D__STDC_FORMAT_MACROS "-DPyMODINIT_FUNC=extern \"C\" __attribute__((visibility (\"default\"))) PyObject*" -DGRPC_POSIX_FORK_ALLOW_PTHREAD_ATFORK=1 -Isrc/python/grpcio -Iinclude -I. -Ithird_party/abseil-cpp -Ithird_party/address_sorting/include -Ithird_party/cares/cares/include -Ithird_party/cares -Ithird_party/cares/cares -Ithird_party/cares/cares/src/lib/include -Ithird_party/cares/cares/src/lib -Ithird_party/cares/config_linux -Ithird_party/re2 -Ithird_party/boringssl-with-bazel/src/include -Ithird_party/upb -Isrc/core/ext/upb-gen -Isrc/core/ext/upbdefs-gen -Ithird_party/utf8_range -Ithird_party/xxhash -Ithird_party/zlib -I/usr/local/google/home/ssreenithi/.pyenv/versions/3.12.0/envs/pyvenv_312/include -I/usr/local/google/home/ssreenithi/.pyenv/versions/3.12.0/include/python3.12 -c src/core/ext/upb-gen/envoy/type/matcher/v3/filter_state.upb_minitable.c -o pyb/temp.linux-x86_64-cpython-312/src/core/ext/upb-gen/envoy/type/matcher/v3/filter_state.upb_minitable.o -fvisibility=hidden -fno-wrapv -fno-exceptions -pthread
      gcc -fno-strict-overflow -Wsign-compare -DNDEBUG -g -O3 -Wall -fPIC -D_WIN32_WINNT=1536 -DGRPC_XDS_USER_AGENT_NAME_SUFFIX=\"Python\" -DGRPC_XDS_USER_AGENT_VERSION_SUFFIX=\"1.79.0.dev0\" -DHAVE_CONFIG_H=1 -DGRPC_ENABLE_FORK_SUPPORT=1 -DGRPC_ENABLE_FORK_SUPPORT_DEFAULT=false -DGRPC_PYTHON_BUILD=1 -D__STDC_FORMAT_MACROS "-DPyMODINIT_FUNC=extern \"C\" __attribute__((visibility (\"default\"))) PyObject*" -DGRPC_POSIX_FORK_ALLOW_PTHREAD_ATFORK=1 -Isrc/python/grpcio -Iinclude -I. -Ithird_party/abseil-cpp -Ithird_party/address_sorting/include -Ithird_party/cares/cares/include -Ithird_party/cares -Ithird_party/cares/cares -Ithird_party/cares/cares/src/lib/include -Ithird_party/cares/cares/src/lib -Ithird_party/cares/config_linux -Ithird_party/re2 -Ithird_party/boringssl-with-bazel/src/include -Ithird_party/upb -Isrc/core/ext/upb-gen -Isrc/core/ext/upbdefs-gen -Ithird_party/utf8_range -Ithird_party/xxhash -Ithird_party/zlib -I/usr/local/google/home/ssreenithi/.pyenv/versions/3.12.0/envs/pyvenv_312/include -I/usr/local/google/home/ssreenithi/.pyenv/versions/3.12.0/include/python3.12 -c src/core/ext/upbdefs-gen/envoy/admin/v3/config_dump.upbdefs.c -o pyb/temp.linux-x86_64-cpython-312/src/core/ext/upbdefs-gen/envoy/admin/v3/config_dump.upbdefs.o -fvisibility=hidden -fno-wrapv -fno-exceptions -pthread
      gcc -fno-strict-overflow -Wsign-compare -DNDEBUG -g -O3 -Wall -fPIC -D_WIN32_WINNT=1536 -DGRPC_XDS_USER_AGENT_NAME_SUFFIX=\"Python\" -DGRPC_XDS_USER_AGENT_VERSION_SUFFIX=\"1.79.0.dev0\" -DHAVE_CONFIG_H=1 -DGRPC_ENABLE_FORK_SUPPORT=1 -DGRPC_ENABLE_FORK_SUPPORT_DEFAULT=false -DGRPC_PYTHON_BUILD=1 -D__STDC_FORMAT_MACROS "-DPyMODINIT_FUNC=extern \"C\" __attribute__((visibility (\"default\"))) PyObject*" -DGRPC_POSIX_FORK_ALLOW_PTHREAD_ATFORK=1 -Isrc/python/grpcio -Iinclude -I. -Ithird_party/abseil-cpp -Ithird_party/address_sorting/include -Ithird_party/cares/cares/include -Ithird_party/cares -Ithird_party/cares/cares -Ithird_party/cares/cares/src/lib/include -Ithird_party/cares/cares/src/lib -Ithird_party/cares/config_linux -Ithird_party/re2 -Ithird_party/boringssl-with-bazel/src/include -Ithird_party/upb -Isrc/core/ext/upb-gen -Isrc/core/ext/upbdefs-gen -Ithird_party/utf8_range -Ithird_party/xxhash -Ithird_party/zlib -I/usr/local/google/home/ssreenithi/.pyenv/versions/3.12.0/envs/pyvenv_312/include -I/usr/local/google/home/ssreenithi/.pyenv/versions/3.12.0/include/python3.12 -c src/core/ext/upb-gen/envoy/type/v3/http.upb_minitable.c -o pyb/temp.linux-x86_64-cpython-312/src/core/ext/upb-gen/envoy/type/v3/http.upb_minitable.o -fvisibility=hidden -fno-wrapv -fno-exceptions -pthread
      gcc -fno-strict-overflow -Wsign-compare -DNDEBUG -g -O3 -Wall -fPIC -D_WIN32_WINNT=1536 -DGRPC_XDS_USER_AGENT_NAME_SUFFIX=\"Python\" -DGRPC_XDS_USER_AGENT_VERSION_SUFFIX=\"1.79.0.dev0\" -DHAVE_CONFIG_H=1 -DGRPC_ENABLE_FORK_SUPPORT=1 -DGRPC_ENABLE_FORK_SUPPORT_DEFAULT=false -DGRPC_PYTHON_BUILD=1 -D__STDC_FORMAT_MACROS "-DPyMODINIT_FUNC=extern \"C\" __attribute__((visibility (\"default\"))) PyObject*" -DGRPC_POSIX_FORK_ALLOW_PTHREAD_ATFORK=1 -Isrc/python/grpcio -Iinclude -I. -Ithird_party/abseil-cpp -Ithird_party/address_sorting/include -Ithird_party/cares/cares/include -Ithird_party/cares -Ithird_party/cares/cares -Ithird_party/cares/cares/src/lib/include -Ithird_party/cares/cares/src/lib -Ithird_party/cares/config_linux -Ithird_party/re2 -Ithird_party/boringssl-with-bazel/src/include -Ithird_party/upb -Isrc/core/ext/upb-gen -Isrc/core/ext/upbdefs-gen -Ithird_party/utf8_range -Ithird_party/xxhash -Ithird_party/zlib -I/usr/local/google/home/ssreenithi/.pyenv/versions/3.12.0/envs/pyvenv_312/include -I/usr/local/google/home/ssreenithi/.pyenv/versions/3.12.0/include/python3.12 -c src/core/ext/upbdefs-gen/envoy/config/core/v3/socket_option.upbdefs.c -o pyb/temp.linux-x86_64-cpython-312/src/core/ext/upbdefs-gen/envoy/config/core/v3/socket_option.upbdefs.o -fvisibility=hidden -fno-wrapv -fno-exceptions -pthread
      g++ -fno-strict-overflow -Wsign-compare -DNDEBUG -g -O3 -Wall -fPIC -D_WIN32_WINNT=1536 -DGRPC_XDS_USER_AGENT_NAME_SUFFIX=\"Python\" -DGRPC_XDS_USER_AGENT_VERSION_SUFFIX=\"1.79.0.dev0\" -DHAVE_CONFIG_H=1 -DGRPC_ENABLE_FORK_SUPPORT=1 -DGRPC_ENABLE_FORK_SUPPORT_DEFAULT=false -DGRPC_PYTHON_BUILD=1 -D__STDC_FORMAT_MACROS "-DPyMODINIT_FUNC=extern \"C\" __attribute__((visibility (\"default\"))) PyObject*" -DGRPC_POSIX_FORK_ALLOW_PTHREAD_ATFORK=1 -Isrc/python/grpcio -Iinclude -I. -Ithird_party/abseil-cpp -Ithird_party/address_sorting/include -Ithird_party/cares/cares/include -Ithird_party/cares -Ithird_party/cares/cares -Ithird_party/cares/cares/src/lib/include -Ithird_party/cares/cares/src/lib -Ithird_party/cares/config_linux -Ithird_party/re2 -Ithird_party/boringssl-with-bazel/src/include -Ithird_party/upb -Isrc/core/ext/upb-gen -Isrc/core/ext/upbdefs-gen -Ithird_party/utf8_range -Ithird_party/xxhash -Ithird_party/zlib -I/usr/local/google/home/ssreenithi/.pyenv/versions/3.12.0/envs/pyvenv_312/include -I/usr/local/google/home/ssreenithi/.pyenv/versions/3.12.0/include/python3.12 -c src/core/credentials/transport/alts/check_gcp_environment_linux.cc -o pyb/temp.linux-x86_64-cpython-312/src/core/credentials/transport/alts/check_gcp_environment_linux.o -std=c++17 -fvisibility=hidden -fno-wrapv -fno-exceptions -pthread
      gcc -fno-strict-overflow -Wsign-compare -DNDEBUG -g -O3 -Wall -fPIC -D_WIN32_WINNT=1536 -DGRPC_XDS_USER_AGENT_NAME_SUFFIX=\"Python\" -DGRPC_XDS_USER_AGENT_VERSION_SUFFIX=\"1.79.0.dev0\" -DHAVE_CONFIG_H=1 -DGRPC_ENABLE_FORK_SUPPORT=1 -DGRPC_ENABLE_FORK_SUPPORT_DEFAULT=false -DGRPC_PYTHON_BUILD=1 -D__STDC_FORMAT_MACROS "-DPyMODINIT_FUNC=extern \"C\" __attribute__((visibility (\"default\"))) PyObject*" -DGRPC_POSIX_FORK_ALLOW_PTHREAD_ATFORK=1 -Isrc/python/grpcio -Iinclude -I. -Ithird_party/abseil-cpp -Ithird_party/address_sorting/include -Ithird_party/cares/cares/include -Ithird_party/cares -Ithird_party/cares/cares -Ithird_party/cares/cares/src/lib/include -Ithird_party/cares/cares/src/lib -Ithird_party/cares/config_linux -Ithird_party/re2 -Ithird_party/boringssl-with-bazel/src/include -Ithird_party/upb -Isrc/core/ext/upb-gen -Isrc/core/ext/upbdefs-gen -Ithird_party/utf8_range -Ithird_party/xxhash -Ithird_party/zlib -I/usr/local/google/home/ssreenithi/.pyenv/versions/3.12.0/envs/pyvenv_312/include -I/usr/local/google/home/ssreenithi/.pyenv/versions/3.12.0/include/python3.12 -c src/core/ext/upb-gen/envoy/type/v3/token_bucket.upb_minitable.c -o pyb/temp.linux-x86_64-cpython-312/src/core/ext/upb-gen/envoy/type/v3/token_bucket.upb_minitable.o -fvisibility=hidden -fno-wrapv -fno-exceptions -pthread
      gcc -fno-strict-overflow -Wsign-compare -DNDEBUG -g -O3 -Wall -fPIC -D_WIN32_WINNT=1536 -DGRPC_XDS_USER_AGENT_NAME_SUFFIX=\"Python\" -DGRPC_XDS_USER_AGENT_VERSION_SUFFIX=\"1.79.0.dev0\" -DHAVE_CONFIG_H=1 -DGRPC_ENABLE_FORK_SUPPORT=1 -DGRPC_ENABLE_FORK_SUPPORT_DEFAULT=false -DGRPC_PYTHON_BUILD=1 -D__STDC_FORMAT_MACROS "-DPyMODINIT_FUNC=extern \"C\" __attribute__((visibility (\"default\"))) PyObject*" -DGRPC_POSIX_FORK_ALLOW_PTHREAD_ATFORK=1 -Isrc/python/grpcio -Iinclude -I. -Ithird_party/abseil-cpp -Ithird_party/address_sorting/include -Ithird_party/cares/cares/include -Ithird_party/cares -Ithird_party/cares/cares -Ithird_party/cares/cares/src/lib/include -Ithird_party/cares/cares/src/lib -Ithird_party/cares/config_linux -Ithird_party/re2 -Ithird_party/boringssl-with-bazel/src/include -Ithird_party/upb -Isrc/core/ext/upb-gen -Isrc/core/ext/upbdefs-gen -Ithird_party/utf8_range -Ithird_party/xxhash -Ithird_party/zlib -I/usr/local/google/home/ssreenithi/.pyenv/versions/3.12.0/envs/pyvenv_312/include -I/usr/local/google/home/ssreenithi/.pyenv/versions/3.12.0/include/python3.12 -c src/core/ext/upb-gen/envoy/extensions/transport_sockets/http_11_proxy/v3/upstream_http_11_connect.upb_minitable.c -o pyb/temp.linux-x86_64-cpython-312/src/core/ext/upb-gen/envoy/extensions/transport_sockets/http_11_proxy/v3/upstream_http_11_connect.upb_minitable.o -fvisibility=hidden -fno-wrapv -fno-exceptions -pthread
      gcc -fno-strict-overflow -Wsign-compare -DNDEBUG -g -O3 -Wall -fPIC -D_WIN32_WINNT=1536 -DGRPC_XDS_USER_AGENT_NAME_SUFFIX=\"Python\" -DGRPC_XDS_USER_AGENT_VERSION_SUFFIX=\"1.79.0.dev0\" -DHAVE_CONFIG_H=1 -DGRPC_ENABLE_FORK_SUPPORT=1 -DGRPC_ENABLE_FORK_SUPPORT_DEFAULT=false -DGRPC_PYTHON_BUILD=1 -D__STDC_FORMAT_MACROS "-DPyMODINIT_FUNC=extern \"C\" __attribute__((visibility (\"default\"))) PyObject*" -DGRPC_POSIX_FORK_ALLOW_PTHREAD_ATFORK=1 -Isrc/python/grpcio -Iinclude -I. -Ithird_party/abseil-cpp -Ithird_party/address_sorting/include -Ithird_party/cares/cares/include -Ithird_party/cares -Ithird_party/cares/cares -Ithird_party/cares/cares/src/lib/include -Ithird_party/cares/cares/src/lib -Ithird_party/cares/config_linux -Ithird_party/re2 -Ithird_party/boringssl-with-bazel/src/include -Ithird_party/upb -Isrc/core/ext/upb-gen -Isrc/core/ext/upbdefs-gen -Ithird_party/utf8_range -Ithird_party/xxhash -Ithird_party/zlib -I/usr/local/google/home/ssreenithi/.pyenv/versions/3.12.0/envs/pyvenv_312/include -I/usr/local/google/home/ssreenithi/.pyenv/versions/3.12.0/include/python3.12 -c src/core/ext/upb-gen/envoy/extensions/filters/http/gcp_authn/v3/gcp_authn.upb_minitable.c -o pyb/temp.linux-x86_64-cpython-312/src/core/ext/upb-gen/envoy/extensions/filters/http/gcp_authn/v3/gcp_authn.upb_minitable.o -fvisibility=hidden -fno-wrapv -fno-exceptions -pthread
      gcc -fno-strict-overflow -Wsign-compare -DNDEBUG -g -O3 -Wall -fPIC -D_WIN32_WINNT=1536 -DGRPC_XDS_USER_AGENT_NAME_SUFFIX=\"Python\" -DGRPC_XDS_USER_AGENT_VERSION_SUFFIX=\"1.79.0.dev0\" -DHAVE_CONFIG_H=1 -DGRPC_ENABLE_FORK_SUPPORT=1 -DGRPC_ENABLE_FORK_SUPPORT_DEFAULT=false -DGRPC_PYTHON_BUILD=1 -D__STDC_FORMAT_MACROS "-DPyMODINIT_FUNC=extern \"C\" __attribute__((visibility (\"default\"))) PyObject*" -DGRPC_POSIX_FORK_ALLOW_PTHREAD_ATFORK=1 -Isrc/python/grpcio -Iinclude -I. -Ithird_party/abseil-cpp -Ithird_party/address_sorting/include -Ithird_party/cares/cares/include -Ithird_party/cares -Ithird_party/cares/cares -Ithird_party/cares/cares/src/lib/include -Ithird_party/cares/cares/src/lib -Ithird_party/cares/config_linux -Ithird_party/re2 -Ithird_party/boringssl-with-bazel/src/include -Ithird_party/upb -Isrc/core/ext/upb-gen -Isrc/core/ext/upbdefs-gen -Ithird_party/utf8_range -Ithird_party/xxhash -Ithird_party/zlib -I/usr/local/google/home/ssreenithi/.pyenv/versions/3.12.0/envs/pyvenv_312/include -I/usr/local/google/home/ssreenithi/.pyenv/versions/3.12.0/include/python3.12 -c src/core/ext/upb-gen/envoy/extensions/grpc_service/channel_credentials/xds/v3/xds_credentials.upb_minitable.c -o pyb/temp.linux-x86_64-cpython-312/src/core/ext/upb-gen/envoy/extensions/grpc_service/channel_credentials/xds/v3/xds_credentials.upb_minitable.o -fvisibility=hidden -fno-wrapv -fno-exceptions -pthread
      gcc -fno-strict-overflow -Wsign-compare -DNDEBUG -g -O3 -Wall -fPIC -D_WIN32_WINNT=1536 -DGRPC_XDS_USER_AGENT_NAME_SUFFIX=\"Python\" -DGRPC_XDS_USER_AGENT_VERSION_SUFFIX=\"1.79.0.dev0\" -DHAVE_CONFIG_H=1 -DGRPC_ENABLE_FORK_SUPPORT=1 -DGRPC_ENABLE_FORK_SUPPORT_DEFAULT=false -DGRPC_PYTHON_BUILD=1 -D__STDC_FORMAT_MACROS "-DPyMODINIT_FUNC=extern \"C\" __attribute__((visibility (\"default\"))) PyObject*" -DGRPC_POSIX_FORK_ALLOW_PTHREAD_ATFORK=1 -Isrc/python/grpcio -Iinclude -I. -Ithird_party/abseil-cpp -Ithird_party/address_sorting/include -Ithird_party/cares/cares/include -Ithird_party/cares -Ithird_party/cares/cares -Ithird_party/cares/cares/src/lib/include -Ithird_party/cares/cares/src/lib -Ithird_party/cares/config_linux -Ithird_party/re2 -Ithird_party/boringssl-with-bazel/src/include -Ithird_party/upb -Isrc/core/ext/upb-gen -Isrc/core/ext/upbdefs-gen -Ithird_party/utf8_range -Ithird_party/xxhash -Ithird_party/zlib -I/usr/local/google/home/ssreenithi/.pyenv/versions/3.12.0/envs/pyvenv_312/include -I/usr/local/google/home/ssreenithi/.pyenv/versions/3.12.0/include/python3.12 -c src/core/ext/upbdefs-gen/envoy/config/cluster/v3/cluster.upbdefs.c -o pyb/temp.linux-x86_64-cpython-312/src/core/ext/upbdefs-gen/envoy/config/cluster/v3/cluster.upbdefs.o -fvisibility=hidden -fno-wrapv -fno-exceptions -pthread
      gcc -fno-strict-overflow -Wsign-compare -DNDEBUG -g -O3 -Wall -fPIC -D_WIN32_WINNT=1536 -DGRPC_XDS_USER_AGENT_NAME_SUFFIX=\"Python\" -DGRPC_XDS_USER_AGENT_VERSION_SUFFIX=\"1.79.0.dev0\" -DHAVE_CONFIG_H=1 -DGRPC_ENABLE_FORK_SUPPORT=1 -DGRPC_ENABLE_FORK_SUPPORT_DEFAULT=false -DGRPC_PYTHON_BUILD=1 -D__STDC_FORMAT_MACROS "-DPyMODINIT_FUNC=extern \"C\" __attribute__((visibility (\"default\"))) PyObject*" -DGRPC_POSIX_FORK_ALLOW_PTHREAD_ATFORK=1 -Isrc/python/grpcio -Iinclude -I. -Ithird_party/abseil-cpp -Ithird_party/address_sorting/include -Ithird_party/cares/cares/include -Ithird_party/cares -Ithird_party/cares/cares -Ithird_party/cares/cares/src/lib/include -Ithird_party/cares/cares/src/lib -Ithird_party/cares/config_linux -Ithird_party/re2 -Ithird_party/boringssl-with-bazel/src/include -Ithird_party/upb -Isrc/core/ext/upb-gen -Isrc/core/ext/upbdefs-gen -Ithird_party/utf8_range -Ithird_party/xxhash -Ithird_party/zlib -I/usr/local/google/home/ssreenithi/.pyenv/versions/3.12.0/envs/pyvenv_312/include -I/usr/local/google/home/ssreenithi/.pyenv/versions/3.12.0/include/python3.12 -c src/core/ext/upb-gen/envoy/type/matcher/v3/status_code_input.upb_minitable.c -o pyb/temp.linux-x86_64-cpython-312/src/core/ext/upb-gen/envoy/type/matcher/v3/status_code_input.upb_minitable.o -fvisibility=hidden -fno-wrapv -fno-exceptions -pthread
      gcc -fno-strict-overflow -Wsign-compare -DNDEBUG -g -O3 -Wall -fPIC -D_WIN32_WINNT=1536 -DGRPC_XDS_USER_AGENT_NAME_SUFFIX=\"Python\" -DGRPC_XDS_USER_AGENT_VERSION_SUFFIX=\"1.79.0.dev0\" -DHAVE_CONFIG_H=1 -DGRPC_ENABLE_FORK_SUPPORT=1 -DGRPC_ENABLE_FORK_SUPPORT_DEFAULT=false -DGRPC_PYTHON_BUILD=1 -D__STDC_FORMAT_MACROS "-DPyMODINIT_FUNC=extern \"C\" __attribute__((visibility (\"default\"))) PyObject*" -DGRPC_POSIX_FORK_ALLOW_PTHREAD_ATFORK=1 -Isrc/python/grpcio -Iinclude -I. -Ithird_party/abseil-cpp -Ithird_party/address_sorting/include -Ithird_party/cares/cares/include -Ithird_party/cares -Ithird_party/cares/cares -Ithird_party/cares/cares/src/lib/include -Ithird_party/cares/cares/src/lib -Ithird_party/cares/config_linux -Ithird_party/re2 -Ithird_party/boringssl-with-bazel/src/include -Ithird_party/upb -Isrc/core/ext/upb-gen -Isrc/core/ext/upbdefs-gen -Ithird_party/utf8_range -Ithird_party/xxhash -Ithird_party/zlib -I/usr/local/google/home/ssreenithi/.pyenv/versions/3.12.0/envs/pyvenv_312/include -I/usr/local/google/home/ssreenithi/.pyenv/versions/3.12.0/include/python3.12 -c src/core/ext/upb-gen/envoy/service/discovery/v3/ads.upb_minitable.c -o pyb/temp.linux-x86_64-cpython-312/src/core/ext/upb-gen/envoy/service/discovery/v3/ads.upb_minitable.o -fvisibility=hidden -fno-wrapv -fno-exceptions -pthread
      gcc -fno-strict-overflow -Wsign-compare -DNDEBUG -g -O3 -Wall -fPIC -D_WIN32_WINNT=1536 -DGRPC_XDS_USER_AGENT_NAME_SUFFIX=\"Python\" -DGRPC_XDS_USER_AGENT_VERSION_SUFFIX=\"1.79.0.dev0\" -DHAVE_CONFIG_H=1 -DGRPC_ENABLE_FORK_SUPPORT=1 -DGRPC_ENABLE_FORK_SUPPORT_DEFAULT=false -DGRPC_PYTHON_BUILD=1 -D__STDC_FORMAT_MACROS "-DPyMODINIT_FUNC=extern \"C\" __attribute__((visibility (\"default\"))) PyObject*" -DGRPC_POSIX_FORK_ALLOW_PTHREAD_ATFORK=1 -Isrc/python/grpcio -Iinclude -I. -Ithird_party/abseil-cpp -Ithird_party/address_sorting/include -Ithird_party/cares/cares/include -Ithird_party/cares -Ithird_party/cares/cares -Ithird_party/cares/cares/src/lib/include -Ithird_party/cares/cares/src/lib -Ithird_party/cares/config_linux -Ithird_party/re2 -Ithird_party/boringssl-with-bazel/src/include -Ithird_party/upb -Isrc/core/ext/upb-gen -Isrc/core/ext/upbdefs-gen -Ithird_party/utf8_range -Ithird_party/xxhash -Ithird_party/zlib -I/usr/local/google/home/ssreenithi/.pyenv/versions/3.12.0/envs/pyvenv_312/include -I/usr/local/google/home/ssreenithi/.pyenv/versions/3.12.0/include/python3.12 -c src/core/ext/upbdefs-gen/envoy/admin/v3/server_info.upbdefs.c -o pyb/temp.linux-x86_64-cpython-312/src/core/ext/upbdefs-gen/envoy/admin/v3/server_info.upbdefs.o -fvisibility=hidden -fno-wrapv -fno-exceptions -pthread
      gcc -fno-strict-overflow -Wsign-compare -DNDEBUG -g -O3 -Wall -fPIC -D_WIN32_WINNT=1536 -DGRPC_XDS_USER_AGENT_NAME_SUFFIX=\"Python\" -DGRPC_XDS_USER_AGENT_VERSION_SUFFIX=\"1.79.0.dev0\" -DHAVE_CONFIG_H=1 -DGRPC_ENABLE_FORK_SUPPORT=1 -DGRPC_ENABLE_FORK_SUPPORT_DEFAULT=false -DGRPC_PYTHON_BUILD=1 -D__STDC_FORMAT_MACROS "-DPyMODINIT_FUNC=extern \"C\" __attribute__((visibility (\"default\"))) PyObject*" -DGRPC_POSIX_FORK_ALLOW_PTHREAD_ATFORK=1 -Isrc/python/grpcio -Iinclude -I. -Ithird_party/abseil-cpp -Ithird_party/address_sorting/include -Ithird_party/cares/cares/include -Ithird_party/cares -Ithird_party/cares/cares -Ithird_party/cares/cares/src/lib/include -Ithird_party/cares/cares/src/lib -Ithird_party/cares/config_linux -Ithird_party/re2 -Ithird_party/boringssl-with-bazel/src/include -Ithird_party/upb -Isrc/core/ext/upb-gen -Isrc/core/ext/upbdefs-gen -Ithird_party/utf8_range -Ithird_party/xxhash -Ithird_party/zlib -I/usr/local/google/home/ssreenithi/.pyenv/versions/3.12.0/envs/pyvenv_312/include -I/usr/local/google/home/ssreenithi/.pyenv/versions/3.12.0/include/python3.12 -c src/core/ext/upb-gen/envoy/admin/v3/mutex_stats.upb_minitable.c -o pyb/temp.linux-x86_64-cpython-312/src/core/ext/upb-gen/envoy/admin/v3/mutex_stats.upb_minitable.o -fvisibility=hidden -fno-wrapv -fno-exceptions -pthread
      gcc -fno-strict-overflow -Wsign-compare -DNDEBUG -g -O3 -Wall -fPIC -D_WIN32_WINNT=1536 -DGRPC_XDS_USER_AGENT_NAME_SUFFIX=\"Python\" -DGRPC_XDS_USER_AGENT_VERSION_SUFFIX=\"1.79.0.dev0\" -DHAVE_CONFIG_H=1 -DGRPC_ENABLE_FORK_SUPPORT=1 -DGRPC_ENABLE_FORK_SUPPORT_DEFAULT=false -DGRPC_PYTHON_BUILD=1 -D__STDC_FORMAT_MACROS "-DPyMODINIT_FUNC=extern \"C\" __attribute__((visibility (\"default\"))) PyObject*" -DGRPC_POSIX_FORK_ALLOW_PTHREAD_ATFORK=1 -Isrc/python/grpcio -Iinclude -I. -Ithird_party/abseil-cpp -Ithird_party/address_sorting/include -Ithird_party/cares/cares/include -Ithird_party/cares -Ithird_party/cares/cares -Ithird_party/cares/cares/src/lib/include -Ithird_party/cares/cares/src/lib -Ithird_party/cares/config_linux -Ithird_party/re2 -Ithird_party/boringssl-with-bazel/src/include -Ithird_party/upb -Isrc/core/ext/upb-gen -Isrc/core/ext/upbdefs-gen -Ithird_party/utf8_range -Ithird_party/xxhash -Ithird_party/zlib -I/usr/local/google/home/ssreenithi/.pyenv/versions/3.12.0/envs/pyvenv_312/include -I/usr/local/google/home/ssreenithi/.pyenv/versions/3.12.0/include/python3.12 -c src/core/ext/upb-gen/envoy/config/core/v3/backoff.upb_minitable.c -o pyb/temp.linux-x86_64-cpython-312/src/core/ext/upb-gen/envoy/config/core/v3/backoff.upb_minitable.o -fvisibility=hidden -fno-wrapv -fno-exceptions -pthread
      gcc -fno-strict-overflow -Wsign-compare -DNDEBUG -g -O3 -Wall -fPIC -D_WIN32_WINNT=1536 -DGRPC_XDS_USER_AGENT_NAME_SUFFIX=\"Python\" -DGRPC_XDS_USER_AGENT_VERSION_SUFFIX=\"1.79.0.dev0\" -DHAVE_CONFIG_H=1 -DGRPC_ENABLE_FORK_SUPPORT=1 -DGRPC_ENABLE_FORK_SUPPORT_DEFAULT=false -DGRPC_PYTHON_BUILD=1 -D__STDC_FORMAT_MACROS "-DPyMODINIT_FUNC=extern \"C\" __attribute__((visibility (\"default\"))) PyObject*" -DGRPC_POSIX_FORK_ALLOW_PTHREAD_ATFORK=1 -Isrc/python/grpcio -Iinclude -I. -Ithird_party/abseil-cpp -Ithird_party/address_sorting/include -Ithird_party/cares/cares/include -Ithird_party/cares -Ithird_party/cares/cares -Ithird_party/cares/cares/src/lib/include -Ithird_party/cares/cares/src/lib -Ithird_party/cares/config_linux -Ithird_party/re2 -Ithird_party/boringssl-with-bazel/src/include -Ithird_party/upb -Isrc/core/ext/upb-gen -Isrc/core/ext/upbdefs-gen -Ithird_party/utf8_range -Ithird_party/xxhash -Ithird_party/zlib -I/usr/local/google/home/ssreenithi/.pyenv/versions/3.12.0/envs/pyvenv_312/include -I/usr/local/google/home/ssreenithi/.pyenv/versions/3.12.0/include/python3.12 -c src/core/ext/upbdefs-gen/envoy/config/trace/v3/http_tracer.upbdefs.c -o pyb/temp.linux-x86_64-cpython-312/src/core/ext/upbdefs-gen/envoy/config/trace/v3/http_tracer.upbdefs.o -fvisibility=hidden -fno-wrapv -fno-exceptions -pthread
      gcc -fno-strict-overflow -Wsign-compare -DNDEBUG -g -O3 -Wall -fPIC -D_WIN32_WINNT=1536 -DGRPC_XDS_USER_AGENT_NAME_SUFFIX=\"Python\" -DGRPC_XDS_USER_AGENT_VERSION_SUFFIX=\"1.79.0.dev0\" -DHAVE_CONFIG_H=1 -DGRPC_ENABLE_FORK_SUPPORT=1 -DGRPC_ENABLE_FORK_SUPPORT_DEFAULT=false -DGRPC_PYTHON_BUILD=1 -D__STDC_FORMAT_MACROS "-DPyMODINIT_FUNC=extern \"C\" __attribute__((visibility (\"default\"))) PyObject*" -DGRPC_POSIX_FORK_ALLOW_PTHREAD_ATFORK=1 -Isrc/python/grpcio -Iinclude -I. -Ithird_party/abseil-cpp -Ithird_party/address_sorting/include -Ithird_party/cares/cares/include -Ithird_party/cares -Ithird_party/cares/cares -Ithird_party/cares/cares/src/lib/include -Ithird_party/cares/cares/src/lib -Ithird_party/cares/config_linux -Ithird_party/re2 -Ithird_party/boringssl-with-bazel/src/include -Ithird_party/upb -Isrc/core/ext/upb-gen -Isrc/core/ext/upbdefs-gen -Ithird_party/utf8_range -Ithird_party/xxhash -Ithird_party/zlib -I/usr/local/google/home/ssreenithi/.pyenv/versions/3.12.0/envs/pyvenv_312/include -I/usr/local/google/home/ssreenithi/.pyenv/versions/3.12.0/include/python3.12 -c src/core/ext/upb-gen/xds/annotations/v3/status.upb_minitable.c -o pyb/temp.linux-x86_64-cpython-312/src/core/ext/upb-gen/xds/annotations/v3/status.upb_minitable.o -fvisibility=hidden -fno-wrapv -fno-exceptions -pthread
      gcc -fno-strict-overflow -Wsign-compare -DNDEBUG -g -O3 -Wall -fPIC -D_WIN32_WINNT=1536 -DGRPC_XDS_USER_AGENT_NAME_SUFFIX=\"Python\" -DGRPC_XDS_USER_AGENT_VERSION_SUFFIX=\"1.79.0.dev0\" -DHAVE_CONFIG_H=1 -DGRPC_ENABLE_FORK_SUPPORT=1 -DGRPC_ENABLE_FORK_SUPPORT_DEFAULT=false -DGRPC_PYTHON_BUILD=1 -D__STDC_FORMAT_MACROS "-DPyMODINIT_FUNC=extern \"C\" __attribute__((visibility (\"default\"))) PyObject*" -DGRPC_POSIX_FORK_ALLOW_PTHREAD_ATFORK=1 -Isrc/python/grpcio -Iinclude -I. -Ithird_party/abseil-cpp -Ithird_party/address_sorting/include -Ithird_party/cares/cares/include -Ithird_party/cares -Ithird_party/cares/cares -Ithird_party/cares/cares/src/lib/include -Ithird_party/cares/cares/src/lib -Ithird_party/cares/config_linux -Ithird_party/re2 -Ithird_party/boringssl-with-bazel/src/include -Ithird_party/upb -Isrc/core/ext/upb-gen -Isrc/core/ext/upbdefs-gen -Ithird_party/utf8_range -Ithird_party/xxhash -Ithird_party/zlib -I/usr/local/google/home/ssreenithi/.pyenv/versions/3.12.0/envs/pyvenv_312/include -I/usr/local/google/home/ssreenithi/.pyenv/versions/3.12.0/include/python3.12 -c src/core/ext/upb-gen/xds/core/v3/resource.upb_minitable.c -o pyb/temp.linux-x86_64-cpython-312/src/core/ext/upb-gen/xds/core/v3/resource.upb_minitable.o -fvisibility=hidden -fno-wrapv -fno-exceptions -pthread
      gcc -fno-strict-overflow -Wsign-compare -DNDEBUG -g -O3 -Wall -fPIC -D_WIN32_WINNT=1536 -DGRPC_XDS_USER_AGENT_NAME_SUFFIX=\"Python\" -DGRPC_XDS_USER_AGENT_VERSION_SUFFIX=\"1.79.0.dev0\" -DHAVE_CONFIG_H=1 -DGRPC_ENABLE_FORK_SUPPORT=1 -DGRPC_ENABLE_FORK_SUPPORT_DEFAULT=false -DGRPC_PYTHON_BUILD=1 -D__STDC_FORMAT_MACROS "-DPyMODINIT_FUNC=extern \"C\" __attribute__((visibility (\"default\"))) PyObject*" -DGRPC_POSIX_FORK_ALLOW_PTHREAD_ATFORK=1 -Isrc/python/grpcio -Iinclude -I. -Ithird_party/abseil-cpp -Ithird_party/address_sorting/include -Ithird_party/cares/cares/include -Ithird_party/cares -Ithird_party/cares/cares -Ithird_party/cares/cares/src/lib/include -Ithird_party/cares/cares/src/lib -Ithird_party/cares/config_linux -Ithird_party/re2 -Ithird_party/boringssl-with-bazel/src/include -Ithird_party/upb -Isrc/core/ext/upb-gen -Isrc/core/ext/upbdefs-gen -Ithird_party/utf8_range -Ithird_party/xxhash -Ithird_party/zlib -I/usr/local/google/home/ssreenithi/.pyenv/versions/3.12.0/envs/pyvenv_312/include -I/usr/local/google/home/ssreenithi/.pyenv/versions/3.12.0/include/python3.12 -c src/core/ext/upb-gen/src/proto/grpc/gcp/transport_security_common.upb_minitable.c -o pyb/temp.linux-x86_64-cpython-312/src/core/ext/upb-gen/src/proto/grpc/gcp/transport_security_common.upb_minitable.o -fvisibility=hidden -fno-wrapv -fno-exceptions -pthread
      gcc -fno-strict-overflow -Wsign-compare -DNDEBUG -g -O3 -Wall -fPIC -D_WIN32_WINNT=1536 -DGRPC_XDS_USER_AGENT_NAME_SUFFIX=\"Python\" -DGRPC_XDS_USER_AGENT_VERSION_SUFFIX=\"1.79.0.dev0\" -DHAVE_CONFIG_H=1 -DGRPC_ENABLE_FORK_SUPPORT=1 -DGRPC_ENABLE_FORK_SUPPORT_DEFAULT=false -DGRPC_PYTHON_BUILD=1 -D__STDC_FORMAT_MACROS "-DPyMODINIT_FUNC=extern \"C\" __attribute__((visibility (\"default\"))) PyObject*" -DGRPC_POSIX_FORK_ALLOW_PTHREAD_ATFORK=1 -Isrc/python/grpcio -Iinclude -I. -Ithird_party/abseil-cpp -Ithird_party/address_sorting/include -Ithird_party/cares/cares/include -Ithird_party/cares -Ithird_party/cares/cares -Ithird_party/cares/cares/src/lib/include -Ithird_party/cares/cares/src/lib -Ithird_party/cares/config_linux -Ithird_party/re2 -Ithird_party/boringssl-with-bazel/src/include -Ithird_party/upb -Isrc/core/ext/upb-gen -Isrc/core/ext/upbdefs-gen -Ithird_party/utf8_range -Ithird_party/xxhash -Ithird_party/zlib -I/usr/local/google/home/ssreenithi/.pyenv/versions/3.12.0/envs/pyvenv_312/include -I/usr/local/google/home/ssreenithi/.pyenv/versions/3.12.0/include/python3.12 -c src/core/ext/upb-gen/google/protobuf/descriptor.upb_minitable.c -o pyb/temp.linux-x86_64-cpython-312/src/core/ext/upb-gen/google/protobuf/descriptor.upb_minitable.o -fvisibility=hidden -fno-wrapv -fno-exceptions -pthread
      gcc -fno-strict-overflow -Wsign-compare -DNDEBUG -g -O3 -Wall -fPIC -D_WIN32_WINNT=1536 -DGRPC_XDS_USER_AGENT_NAME_SUFFIX=\"Python\" -DGRPC_XDS_USER_AGENT_VERSION_SUFFIX=\"1.79.0.dev0\" -DHAVE_CONFIG_H=1 -DGRPC_ENABLE_FORK_SUPPORT=1 -DGRPC_ENABLE_FORK_SUPPORT_DEFAULT=false -DGRPC_PYTHON_BUILD=1 -D__STDC_FORMAT_MACROS "-DPyMODINIT_FUNC=extern \"C\" __attribute__((visibility (\"default\"))) PyObject*" -DGRPC_POSIX_FORK_ALLOW_PTHREAD_ATFORK=1 -Isrc/python/grpcio -Iinclude -I. -Ithird_party/abseil-cpp -Ithird_party/address_sorting/include -Ithird_party/cares/cares/include -Ithird_party/cares -Ithird_party/cares/cares -Ithird_party/cares/cares/src/lib/include -Ithird_party/cares/cares/src/lib -Ithird_party/cares/config_linux -Ithird_party/re2 -Ithird_party/boringssl-with-bazel/src/include -Ithird_party/upb -Isrc/core/ext/upb-gen -Isrc/core/ext/upbdefs-gen -Ithird_party/utf8_range -Ithird_party/xxhash -Ithird_party/zlib -I/usr/local/google/home/ssreenithi/.pyenv/versions/3.12.0/envs/pyvenv_312/include -I/usr/local/google/home/ssreenithi/.pyenv/versions/3.12.0/include/python3.12 -c src/core/ext/upb-gen/src/proto/grpc/channelz/channelz.upb_minitable.c -o pyb/temp.linux-x86_64-cpython-312/src/core/ext/upb-gen/src/proto/grpc/channelz/channelz.upb_minitable.o -fvisibility=hidden -fno-wrapv -fno-exceptions -pthread
      gcc -fno-strict-overflow -Wsign-compare -DNDEBUG -g -O3 -Wall -fPIC -D_WIN32_WINNT=1536 -DGRPC_XDS_USER_AGENT_NAME_SUFFIX=\"Python\" -DGRPC_XDS_USER_AGENT_VERSION_SUFFIX=\"1.79.0.dev0\" -DHAVE_CONFIG_H=1 -DGRPC_ENABLE_FORK_SUPPORT=1 -DGRPC_ENABLE_FORK_SUPPORT_DEFAULT=false -DGRPC_PYTHON_BUILD=1 -D__STDC_FORMAT_MACROS "-DPyMODINIT_FUNC=extern \"C\" __attribute__((visibility (\"default\"))) PyObject*" -DGRPC_POSIX_FORK_ALLOW_PTHREAD_ATFORK=1 -Isrc/python/grpcio -Iinclude -I. -Ithird_party/abseil-cpp -Ithird_party/address_sorting/include -Ithird_party/cares/cares/include -Ithird_party/cares -Ithird_party/cares/cares -Ithird_party/cares/cares/src/lib/include -Ithird_party/cares/cares/src/lib -Ithird_party/cares/config_linux -Ithird_party/re2 -Ithird_party/boringssl-with-bazel/src/include -Ithird_party/upb -Isrc/core/ext/upb-gen -Isrc/core/ext/upbdefs-gen -Ithird_party/utf8_range -Ithird_party/xxhash -Ithird_party/zlib -I/usr/local/google/home/ssreenithi/.pyenv/versions/3.12.0/envs/pyvenv_312/include -I/usr/local/google/home/ssreenithi/.pyenv/versions/3.12.0/include/python3.12 -c src/core/ext/upb-gen/envoy/config/cluster/v3/circuit_breaker.upb_minitable.c -o pyb/temp.linux-x86_64-cpython-312/src/core/ext/upb-gen/envoy/config/cluster/v3/circuit_breaker.upb_minitable.o -fvisibility=hidden -fno-wrapv -fno-exceptions -pthread
      gcc -fno-strict-overflow -Wsign-compare -DNDEBUG -g -O3 -Wall -fPIC -D_WIN32_WINNT=1536 -DGRPC_XDS_USER_AGENT_NAME_SUFFIX=\"Python\" -DGRPC_XDS_USER_AGENT_VERSION_SUFFIX=\"1.79.0.dev0\" -DHAVE_CONFIG_H=1 -DGRPC_ENABLE_FORK_SUPPORT=1 -DGRPC_ENABLE_FORK_SUPPORT_DEFAULT=false -DGRPC_PYTHON_BUILD=1 -D__STDC_FORMAT_MACROS "-DPyMODINIT_FUNC=extern \"C\" __attribute__((visibility (\"default\"))) PyObject*" -DGRPC_POSIX_FORK_ALLOW_PTHREAD_ATFORK=1 -Isrc/python/grpcio -Iinclude -I. -Ithird_party/abseil-cpp -Ithird_party/address_sorting/include -Ithird_party/cares/cares/include -Ithird_party/cares -Ithird_party/cares/cares -Ithird_party/cares/cares/src/lib/include -Ithird_party/cares/cares/src/lib -Ithird_party/cares/config_linux -Ithird_party/re2 -Ithird_party/boringssl-with-bazel/src/include -Ithird_party/upb -Isrc/core/ext/upb-gen -Isrc/core/ext/upbdefs-gen -Ithird_party/utf8_range -Ithird_party/xxhash -Ithird_party/zlib -I/usr/local/google/home/ssreenithi/.pyenv/versions/3.12.0/envs/pyvenv_312/include -I/usr/local/google/home/ssreenithi/.pyenv/versions/3.12.0/include/python3.12 -c src/core/ext/upbdefs-gen/envoy/config/core/v3/health_check.upbdefs.c -o pyb/temp.linux-x86_64-cpython-312/src/core/ext/upbdefs-gen/envoy/config/core/v3/health_check.upbdefs.o -fvisibility=hidden -fno-wrapv -fno-exceptions -pthread
      gcc -fno-strict-overflow -Wsign-compare -DNDEBUG -g -O3 -Wall -fPIC -D_WIN32_WINNT=1536 -DGRPC_XDS_USER_AGENT_NAME_SUFFIX=\"Python\" -DGRPC_XDS_USER_AGENT_VERSION_SUFFIX=\"1.79.0.dev0\" -DHAVE_CONFIG_H=1 -DGRPC_ENABLE_FORK_SUPPORT=1 -DGRPC_ENABLE_FORK_SUPPORT_DEFAULT=false -DGRPC_PYTHON_BUILD=1 -D__STDC_FORMAT_MACROS "-DPyMODINIT_FUNC=extern \"C\" __attribute__((visibility (\"default\"))) PyObject*" -DGRPC_POSIX_FORK_ALLOW_PTHREAD_ATFORK=1 -Isrc/python/grpcio -Iinclude -I. -Ithird_party/abseil-cpp -Ithird_party/address_sorting/include -Ithird_party/cares/cares/include -Ithird_party/cares -Ithird_party/cares/cares -Ithird_party/cares/cares/src/lib/include -Ithird_party/cares/cares/src/lib -Ithird_party/cares/config_linux -Ithird_party/re2 -Ithird_party/boringssl-with-bazel/src/include -Ithird_party/upb -Isrc/core/ext/upb-gen -Isrc/core/ext/upbdefs-gen -Ithird_party/utf8_range -Ithird_party/xxhash -Ithird_party/zlib -I/usr/local/google/home/ssreenithi/.pyenv/versions/3.12.0/envs/pyvenv_312/include -I/usr/local/google/home/ssreenithi/.pyenv/versions/3.12.0/include/python3.12 -c src/core/ext/upbdefs-gen/envoy/config/core/v3/base.upbdefs.c -o pyb/temp.linux-x86_64-cpython-312/src/core/ext/upbdefs-gen/envoy/config/core/v3/base.upbdefs.o -fvisibility=hidden -fno-wrapv -fno-exceptions -pthread
      gcc -fno-strict-overflow -Wsign-compare -DNDEBUG -g -O3 -Wall -fPIC -D_WIN32_WINNT=1536 -DGRPC_XDS_USER_AGENT_NAME_SUFFIX=\"Python\" -DGRPC_XDS_USER_AGENT_VERSION_SUFFIX=\"1.79.0.dev0\" -DHAVE_CONFIG_H=1 -DGRPC_ENABLE_FORK_SUPPORT=1 -DGRPC_ENABLE_FORK_SUPPORT_DEFAULT=false -DGRPC_PYTHON_BUILD=1 -D__STDC_FORMAT_MACROS "-DPyMODINIT_FUNC=extern \"C\" __attribute__((visibility (\"default\"))) PyObject*" -DGRPC_POSIX_FORK_ALLOW_PTHREAD_ATFORK=1 -Isrc/python/grpcio -Iinclude -I. -Ithird_party/abseil-cpp -Ithird_party/address_sorting/include -Ithird_party/cares/cares/include -Ithird_party/cares -Ithird_party/cares/cares -Ithird_party/cares/cares/src/lib/include -Ithird_party/cares/cares/src/lib -Ithird_party/cares/config_linux -Ithird_party/re2 -Ithird_party/boringssl-with-bazel/src/include -Ithird_party/upb -Isrc/core/ext/upb-gen -Isrc/core/ext/upbdefs-gen -Ithird_party/utf8_range -Ithird_party/xxhash -Ithird_party/zlib -I/usr/local/google/home/ssreenithi/.pyenv/versions/3.12.0/envs/pyvenv_312/include -I/usr/local/google/home/ssreenithi/.pyenv/versions/3.12.0/include/python3.12 -c src/core/ext/upbdefs-gen/envoy/config/trace/v3/zipkin.upbdefs.c -o pyb/temp.linux-x86_64-cpython-312/src/core/ext/upbdefs-gen/envoy/config/trace/v3/zipkin.upbdefs.o -fvisibility=hidden -fno-wrapv -fno-exceptions -pthread
      gcc -fno-strict-overflow -Wsign-compare -DNDEBUG -g -O3 -Wall -fPIC -D_WIN32_WINNT=1536 -DGRPC_XDS_USER_AGENT_NAME_SUFFIX=\"Python\" -DGRPC_XDS_USER_AGENT_VERSION_SUFFIX=\"1.79.0.dev0\" -DHAVE_CONFIG_H=1 -DGRPC_ENABLE_FORK_SUPPORT=1 -DGRPC_ENABLE_FORK_SUPPORT_DEFAULT=false -DGRPC_PYTHON_BUILD=1 -D__STDC_FORMAT_MACROS "-DPyMODINIT_FUNC=extern \"C\" __attribute__((visibility (\"default\"))) PyObject*" -DGRPC_POSIX_FORK_ALLOW_PTHREAD_ATFORK=1 -Isrc/python/grpcio -Iinclude -I. -Ithird_party/abseil-cpp -Ithird_party/address_sorting/include -Ithird_party/cares/cares/include -Ithird_party/cares -Ithird_party/cares/cares -Ithird_party/cares/cares/src/lib/include -Ithird_party/cares/cares/src/lib -Ithird_party/cares/config_linux -Ithird_party/re2 -Ithird_party/boringssl-with-bazel/src/include -Ithird_party/upb -Isrc/core/ext/upb-gen -Isrc/core/ext/upbdefs-gen -Ithird_party/utf8_range -Ithird_party/xxhash -Ithird_party/zlib -I/usr/local/google/home/ssreenithi/.pyenv/versions/3.12.0/envs/pyvenv_312/include -I/usr/local/google/home/ssreenithi/.pyenv/versions/3.12.0/include/python3.12 -c src/core/ext/upb-gen/envoy/config/trace/v3/dynamic_ot.upb_minitable.c -o pyb/temp.linux-x86_64-cpython-312/src/core/ext/upb-gen/envoy/config/trace/v3/dynamic_ot.upb_minitable.o -fvisibility=hidden -fno-wrapv -fno-exceptions -pthread
      gcc -fno-strict-overflow -Wsign-compare -DNDEBUG -g -O3 -Wall -fPIC -D_WIN32_WINNT=1536 -DGRPC_XDS_USER_AGENT_NAME_SUFFIX=\"Python\" -DGRPC_XDS_USER_AGENT_VERSION_SUFFIX=\"1.79.0.dev0\" -DHAVE_CONFIG_H=1 -DGRPC_ENABLE_FORK_SUPPORT=1 -DGRPC_ENABLE_FORK_SUPPORT_DEFAULT=false -DGRPC_PYTHON_BUILD=1 -D__STDC_FORMAT_MACROS "-DPyMODINIT_FUNC=extern \"C\" __attribute__((visibility (\"default\"))) PyObject*" -DGRPC_POSIX_FORK_ALLOW_PTHREAD_ATFORK=1 -Isrc/python/grpcio -Iinclude -I. -Ithird_party/abseil-cpp -Ithird_party/address_sorting/include -Ithird_party/cares/cares/include -Ithird_party/cares -Ithird_party/cares/cares -Ithird_party/cares/cares/src/lib/include -Ithird_party/cares/cares/src/lib -Ithird_party/cares/config_linux -Ithird_party/re2 -Ithird_party/boringssl-with-bazel/src/include -Ithird_party/upb -Isrc/core/ext/upb-gen -Isrc/core/ext/upbdefs-gen -Ithird_party/utf8_range -Ithird_party/xxhash -Ithird_party/zlib -I/usr/local/google/home/ssreenithi/.pyenv/versions/3.12.0/envs/pyvenv_312/include -I/usr/local/google/home/ssreenithi/.pyenv/versions/3.12.0/include/python3.12 -c src/core/ext/upb-gen/envoy/config/overload/v3/overload.upb_minitable.c -o pyb/temp.linux-x86_64-cpython-312/src/core/ext/upb-gen/envoy/config/overload/v3/overload.upb_minitable.o -fvisibility=hidden -fno-wrapv -fno-exceptions -pthread
      gcc -fno-strict-overflow -Wsign-compare -DNDEBUG -g -O3 -Wall -fPIC -D_WIN32_WINNT=1536 -DGRPC_XDS_USER_AGENT_NAME_SUFFIX=\"Python\" -DGRPC_XDS_USER_AGENT_VERSION_SUFFIX=\"1.79.0.dev0\" -DHAVE_CONFIG_H=1 -DGRPC_ENABLE_FORK_SUPPORT=1 -DGRPC_ENABLE_FORK_SUPPORT_DEFAULT=false -DGRPC_PYTHON_BUILD=1 -D__STDC_FORMAT_MACROS "-DPyMODINIT_FUNC=extern \"C\" __attribute__((visibility (\"default\"))) PyObject*" -DGRPC_POSIX_FORK_ALLOW_PTHREAD_ATFORK=1 -Isrc/python/grpcio -Iinclude -I. -Ithird_party/abseil-cpp -Ithird_party/address_sorting/include -Ithird_party/cares/cares/include -Ithird_party/cares -Ithird_party/cares/cares -Ithird_party/cares/cares/src/lib/include -Ithird_party/cares/cares/src/lib -Ithird_party/cares/config_linux -Ithird_party/re2 -Ithird_party/boringssl-with-bazel/src/include -Ithird_party/upb -Isrc/core/ext/upb-gen -Isrc/core/ext/upbdefs-gen -Ithird_party/utf8_range -Ithird_party/xxhash -Ithird_party/zlib -I/usr/local/google/home/ssreenithi/.pyenv/versions/3.12.0/envs/pyvenv_312/include -I/usr/local/google/home/ssreenithi/.pyenv/versions/3.12.0/include/python3.12 -c src/core/ext/upbdefs-gen/envoy/extensions/filters/http/router/v3/router.upbdefs.c -o pyb/temp.linux-x86_64-cpython-312/src/core/ext/upbdefs-gen/envoy/extensions/filters/http/router/v3/router.upbdefs.o -fvisibility=hidden -fno-wrapv -fno-exceptions -pthread
      gcc -fno-strict-overflow -Wsign-compare -DNDEBUG -g -O3 -Wall -fPIC -D_WIN32_WINNT=1536 -DGRPC_XDS_USER_AGENT_NAME_SUFFIX=\"Python\" -DGRPC_XDS_USER_AGENT_VERSION_SUFFIX=\"1.79.0.dev0\" -DHAVE_CONFIG_H=1 -DGRPC_ENABLE_FORK_SUPPORT=1 -DGRPC_ENABLE_FORK_SUPPORT_DEFAULT=false -DGRPC_PYTHON_BUILD=1 -D__STDC_FORMAT_MACROS "-DPyMODINIT_FUNC=extern \"C\" __attribute__((visibility (\"default\"))) PyObject*" -DGRPC_POSIX_FORK_ALLOW_PTHREAD_ATFORK=1 -Isrc/python/grpcio -Iinclude -I. -Ithird_party/abseil-cpp -Ithird_party/address_sorting/include -Ithird_party/cares/cares/include -Ithird_party/cares -Ithird_party/cares/cares -Ithird_party/cares/cares/src/lib/include -Ithird_party/cares/cares/src/lib -Ithird_party/cares/config_linux -Ithird_party/re2 -Ithird_party/boringssl-with-bazel/src/include -Ithird_party/upb -Isrc/core/ext/upb-gen -Isrc/core/ext/upbdefs-gen -Ithird_party/utf8_range -Ithird_party/xxhash -Ithird_party/zlib -I/usr/local/google/home/ssreenithi/.pyenv/versions/3.12.0/envs/pyvenv_312/include -I/usr/local/google/home/ssreenithi/.pyenv/versions/3.12.0/include/python3.12 -c src/core/ext/upb-gen/envoy/config/core/v3/socket_cmsg_headers.upb_minitable.c -o pyb/temp.linux-x86_64-cpython-312/src/core/ext/upb-gen/envoy/config/core/v3/socket_cmsg_headers.upb_minitable.o -fvisibility=hidden -fno-wrapv -fno-exceptions -pthread
      gcc -fno-strict-overflow -Wsign-compare -DNDEBUG -g -O3 -Wall -fPIC -D_WIN32_WINNT=1536 -DGRPC_XDS_USER_AGENT_NAME_SUFFIX=\"Python\" -DGRPC_XDS_USER_AGENT_VERSION_SUFFIX=\"1.79.0.dev0\" -DHAVE_CONFIG_H=1 -DGRPC_ENABLE_FORK_SUPPORT=1 -DGRPC_ENABLE_FORK_SUPPORT_DEFAULT=false -DGRPC_PYTHON_BUILD=1 -D__STDC_FORMAT_MACROS "-DPyMODINIT_FUNC=extern \"C\" __attribute__((visibility (\"default\"))) PyObject*" -DGRPC_POSIX_FORK_ALLOW_PTHREAD_ATFORK=1 -Isrc/python/grpcio -Iinclude -I. -Ithird_party/abseil-cpp -Ithird_party/address_sorting/include -Ithird_party/cares/cares/include -Ithird_party/cares -Ithird_party/cares/cares -Ithird_party/cares/cares/src/lib/include -Ithird_party/cares/cares/src/lib -Ithird_party/cares/config_linux -Ithird_party/re2 -Ithird_party/boringssl-with-bazel/src/include -Ithird_party/upb -Isrc/core/ext/upb-gen -Isrc/core/ext/upbdefs-gen -Ithird_party/utf8_range -Ithird_party/xxhash -Ithird_party/zlib -I/usr/local/google/home/ssreenithi/.pyenv/versions/3.12.0/envs/pyvenv_312/include -I/usr/local/google/home/ssreenithi/.pyenv/versions/3.12.0/include/python3.12 -c src/core/ext/upbdefs-gen/envoy/config/listener/v3/listener.upbdefs.c -o pyb/temp.linux-x86_64-cpython-312/src/core/ext/upbdefs-gen/envoy/config/listener/v3/listener.upbdefs.o -fvisibility=hidden -fno-wrapv -fno-exceptions -pthread
      gcc -fno-strict-overflow -Wsign-compare -DNDEBUG -g -O3 -Wall -fPIC -D_WIN32_WINNT=1536 -DGRPC_XDS_USER_AGENT_NAME_SUFFIX=\"Python\" -DGRPC_XDS_USER_AGENT_VERSION_SUFFIX=\"1.79.0.dev0\" -DHAVE_CONFIG_H=1 -DGRPC_ENABLE_FORK_SUPPORT=1 -DGRPC_ENABLE_FORK_SUPPORT_DEFAULT=false -DGRPC_PYTHON_BUILD=1 -D__STDC_FORMAT_MACROS "-DPyMODINIT_FUNC=extern \"C\" __attribute__((visibility (\"default\"))) PyObject*" -DGRPC_POSIX_FORK_ALLOW_PTHREAD_ATFORK=1 -Isrc/python/grpcio -Iinclude -I. -Ithird_party/abseil-cpp -Ithird_party/address_sorting/include -Ithird_party/cares/cares/include -Ithird_party/cares -Ithird_party/cares/cares -Ithird_party/cares/cares/src/lib/include -Ithird_party/cares/cares/src/lib -Ithird_party/cares/config_linux -Ithird_party/re2 -Ithird_party/boringssl-with-bazel/src/include -Ithird_party/upb -Isrc/core/ext/upb-gen -Isrc/core/ext/upbdefs-gen -Ithird_party/utf8_range -Ithird_party/xxhash -Ithird_party/zlib -I/usr/local/google/home/ssreenithi/.pyenv/versions/3.12.0/envs/pyvenv_312/include -I/usr/local/google/home/ssreenithi/.pyenv/versions/3.12.0/include/python3.12 -c src/core/ext/upb-gen/udpa/annotations/sensitive.upb_minitable.c -o pyb/temp.linux-x86_64-cpython-312/src/core/ext/upb-gen/udpa/annotations/sensitive.upb_minitable.o -fvisibility=hidden -fno-wrapv -fno-exceptions -pthread
      gcc -fno-strict-overflow -Wsign-compare -DNDEBUG -g -O3 -Wall -fPIC -D_WIN32_WINNT=1536 -DGRPC_XDS_USER_AGENT_NAME_SUFFIX=\"Python\" -DGRPC_XDS_USER_AGENT_VERSION_SUFFIX=\"1.79.0.dev0\" -DHAVE_CONFIG_H=1 -DGRPC_ENABLE_FORK_SUPPORT=1 -DGRPC_ENABLE_FORK_SUPPORT_DEFAULT=false -DGRPC_PYTHON_BUILD=1 -D__STDC_FORMAT_MACROS "-DPyMODINIT_FUNC=extern \"C\" __attribute__((visibility (\"default\"))) PyObject*" -DGRPC_POSIX_FORK_ALLOW_PTHREAD_ATFORK=1 -Isrc/python/grpcio -Iinclude -I. -Ithird_party/abseil-cpp -Ithird_party/address_sorting/include -Ithird_party/cares/cares/include -Ithird_party/cares -Ithird_party/cares/cares -Ithird_party/cares/cares/src/lib/include -Ithird_party/cares/cares/src/lib -Ithird_party/cares/config_linux -Ithird_party/re2 -Ithird_party/boringssl-with-bazel/src/include -Ithird_party/upb -Isrc/core/ext/upb-gen -Isrc/core/ext/upbdefs-gen -Ithird_party/utf8_range -Ithird_party/xxhash -Ithird_party/zlib -I/usr/local/google/home/ssreenithi/.pyenv/versions/3.12.0/envs/pyvenv_312/include -I/usr/local/google/home/ssreenithi/.pyenv/versions/3.12.0/include/python3.12 -c src/core/ext/upbdefs-gen/envoy/extensions/transport_sockets/tls/v3/secret.upbdefs.c -o pyb/temp.linux-x86_64-cpython-312/src/core/ext/upbdefs-gen/envoy/extensions/transport_sockets/tls/v3/secret.upbdefs.o -fvisibility=hidden -fno-wrapv -fno-exceptions -pthread
      gcc -fno-strict-overflow -Wsign-compare -DNDEBUG -g -O3 -Wall -fPIC -D_WIN32_WINNT=1536 -DGRPC_XDS_USER_AGENT_NAME_SUFFIX=\"Python\" -DGRPC_XDS_USER_AGENT_VERSION_SUFFIX=\"1.79.0.dev0\" -DHAVE_CONFIG_H=1 -DGRPC_ENABLE_FORK_SUPPORT=1 -DGRPC_ENABLE_FORK_SUPPORT_DEFAULT=false -DGRPC_PYTHON_BUILD=1 -D__STDC_FORMAT_MACROS "-DPyMODINIT_FUNC=extern \"C\" __attribute__((visibility (\"default\"))) PyObject*" -DGRPC_POSIX_FORK_ALLOW_PTHREAD_ATFORK=1 -Isrc/python/grpcio -Iinclude -I. -Ithird_party/abseil-cpp -Ithird_party/address_sorting/include -Ithird_party/cares/cares/include -Ithird_party/cares -Ithird_party/cares/cares -Ithird_party/cares/cares/src/lib/include -Ithird_party/cares/cares/src/lib -Ithird_party/cares/config_linux -Ithird_party/re2 -Ithird_party/boringssl-with-bazel/src/include -Ithird_party/upb -Isrc/core/ext/upb-gen -Isrc/core/ext/upbdefs-gen -Ithird_party/utf8_range -Ithird_party/xxhash -Ithird_party/zlib -I/usr/local/google/home/ssreenithi/.pyenv/versions/3.12.0/envs/pyvenv_312/include -I/usr/local/google/home/ssreenithi/.pyenv/versions/3.12.0/include/python3.12 -c src/core/ext/upb-gen/envoy/config/trace/v3/xray.upb_minitable.c -o pyb/temp.linux-x86_64-cpython-312/src/core/ext/upb-gen/envoy/config/trace/v3/xray.upb_minitable.o -fvisibility=hidden -fno-wrapv -fno-exceptions -pthread
      g++ -fno-strict-overflow -Wsign-compare -DNDEBUG -g -O3 -Wall -fPIC -D_WIN32_WINNT=1536 -DGRPC_XDS_USER_AGENT_NAME_SUFFIX=\"Python\" -DGRPC_XDS_USER_AGENT_VERSION_SUFFIX=\"1.79.0.dev0\" -DHAVE_CONFIG_H=1 -DGRPC_ENABLE_FORK_SUPPORT=1 -DGRPC_ENABLE_FORK_SUPPORT_DEFAULT=false -DGRPC_PYTHON_BUILD=1 -D__STDC_FORMAT_MACROS "-DPyMODINIT_FUNC=extern \"C\" __attribute__((visibility (\"default\"))) PyObject*" -DGRPC_POSIX_FORK_ALLOW_PTHREAD_ATFORK=1 -Isrc/python/grpcio -Iinclude -I. -Ithird_party/abseil-cpp -Ithird_party/address_sorting/include -Ithird_party/cares/cares/include -Ithird_party/cares -Ithird_party/cares/cares -Ithird_party/cares/cares/src/lib/include -Ithird_party/cares/cares/src/lib -Ithird_party/cares/config_linux -Ithird_party/re2 -Ithird_party/boringssl-with-bazel/src/include -Ithird_party/upb -Isrc/core/ext/upb-gen -Isrc/core/ext/upbdefs-gen -Ithird_party/utf8_range -Ithird_party/xxhash -Ithird_party/zlib -I/usr/local/google/home/ssreenithi/.pyenv/versions/3.12.0/envs/pyvenv_312/include -I/usr/local/google/home/ssreenithi/.pyenv/versions/3.12.0/include/python3.12 -c src/core/credentials/transport/alts/check_gcp_environment_no_op.cc -o pyb/temp.linux-x86_64-cpython-312/src/core/credentials/transport/alts/check_gcp_environment_no_op.o -std=c++17 -fvisibility=hidden -fno-wrapv -fno-exceptions -pthread
      gcc -fno-strict-overflow -Wsign-compare -DNDEBUG -g -O3 -Wall -fPIC -D_WIN32_WINNT=1536 -DGRPC_XDS_USER_AGENT_NAME_SUFFIX=\"Python\" -DGRPC_XDS_USER_AGENT_VERSION_SUFFIX=\"1.79.0.dev0\" -DHAVE_CONFIG_H=1 -DGRPC_ENABLE_FORK_SUPPORT=1 -DGRPC_ENABLE_FORK_SUPPORT_DEFAULT=false -DGRPC_PYTHON_BUILD=1 -D__STDC_FORMAT_MACROS "-DPyMODINIT_FUNC=extern \"C\" __attribute__((visibility (\"default\"))) PyObject*" -DGRPC_POSIX_FORK_ALLOW_PTHREAD_ATFORK=1 -Isrc/python/grpcio -Iinclude -I. -Ithird_party/abseil-cpp -Ithird_party/address_sorting/include -Ithird_party/cares/cares/include -Ithird_party/cares -Ithird_party/cares/cares -Ithird_party/cares/cares/src/lib/include -Ithird_party/cares/cares/src/lib -Ithird_party/cares/config_linux -Ithird_party/re2 -Ithird_party/boringssl-with-bazel/src/include -Ithird_party/upb -Isrc/core/ext/upb-gen -Isrc/core/ext/upbdefs-gen -Ithird_party/utf8_range -Ithird_party/xxhash -Ithird_party/zlib -I/usr/local/google/home/ssreenithi/.pyenv/versions/3.12.0/envs/pyvenv_312/include -I/usr/local/google/home/ssreenithi/.pyenv/versions/3.12.0/include/python3.12 -c src/core/ext/upbdefs-gen/envoy/config/rbac/v3/rbac.upbdefs.c -o pyb/temp.linux-x86_64-cpython-312/src/core/ext/upbdefs-gen/envoy/config/rbac/v3/rbac.upbdefs.o -fvisibility=hidden -fno-wrapv -fno-exceptions -pthread
      gcc -fno-strict-overflow -Wsign-compare -DNDEBUG -g -O3 -Wall -fPIC -D_WIN32_WINNT=1536 -DGRPC_XDS_USER_AGENT_NAME_SUFFIX=\"Python\" -DGRPC_XDS_USER_AGENT_VERSION_SUFFIX=\"1.79.0.dev0\" -DHAVE_CONFIG_H=1 -DGRPC_ENABLE_FORK_SUPPORT=1 -DGRPC_ENABLE_FORK_SUPPORT_DEFAULT=false -DGRPC_PYTHON_BUILD=1 -D__STDC_FORMAT_MACROS "-DPyMODINIT_FUNC=extern \"C\" __attribute__((visibility (\"default\"))) PyObject*" -DGRPC_POSIX_FORK_ALLOW_PTHREAD_ATFORK=1 -Isrc/python/grpcio -Iinclude -I. -Ithird_party/abseil-cpp -Ithird_party/address_sorting/include -Ithird_party/cares/cares/include -Ithird_party/cares -Ithird_party/cares/cares -Ithird_party/cares/cares/src/lib/include -Ithird_party/cares/cares/src/lib -Ithird_party/cares/config_linux -Ithird_party/re2 -Ithird_party/boringssl-with-bazel/src/include -Ithird_party/upb -Isrc/core/ext/upb-gen -Isrc/core/ext/upbdefs-gen -Ithird_party/utf8_range -Ithird_party/xxhash -Ithird_party/zlib -I/usr/local/google/home/ssreenithi/.pyenv/versions/3.12.0/envs/pyvenv_312/include -I/usr/local/google/home/ssreenithi/.pyenv/versions/3.12.0/include/python3.12 -c src/core/ext/upb-gen/envoy/config/core/v3/grpc_service.upb_minitable.c -o pyb/temp.linux-x86_64-cpython-312/src/core/ext/upb-gen/envoy/config/core/v3/grpc_service.upb_minitable.o -fvisibility=hidden -fno-wrapv -fno-exceptions -pthread
      gcc -fno-strict-overflow -Wsign-compare -DNDEBUG -g -O3 -Wall -fPIC -D_WIN32_WINNT=1536 -DGRPC_XDS_USER_AGENT_NAME_SUFFIX=\"Python\" -DGRPC_XDS_USER_AGENT_VERSION_SUFFIX=\"1.79.0.dev0\" -DHAVE_CONFIG_H=1 -DGRPC_ENABLE_FORK_SUPPORT=1 -DGRPC_ENABLE_FORK_SUPPORT_DEFAULT=false -DGRPC_PYTHON_BUILD=1 -D__STDC_FORMAT_MACROS "-DPyMODINIT_FUNC=extern \"C\" __attribute__((visibility (\"default\"))) PyObject*" -DGRPC_POSIX_FORK_ALLOW_PTHREAD_ATFORK=1 -Isrc/python/grpcio -Iinclude -I. -Ithird_party/abseil-cpp -Ithird_party/address_sorting/include -Ithird_party/cares/cares/include -Ithird_party/cares -Ithird_party/cares/cares -Ithird_party/cares/cares/src/lib/include -Ithird_party/cares/cares/src/lib -Ithird_party/cares/config_linux -Ithird_party/re2 -Ithird_party/boringssl-with-bazel/src/include -Ithird_party/upb -Isrc/core/ext/upb-gen -Isrc/core/ext/upbdefs-gen -Ithird_party/utf8_range -Ithird_party/xxhash -Ithird_party/zlib -I/usr/local/google/home/ssreenithi/.pyenv/versions/3.12.0/envs/pyvenv_312/include -I/usr/local/google/home/ssreenithi/.pyenv/versions/3.12.0/include/python3.12 -c src/core/ext/upb-gen/envoy/type/matcher/v3/http_inputs.upb_minitable.c -o pyb/temp.linux-x86_64-cpython-312/src/core/ext/upb-gen/envoy/type/matcher/v3/http_inputs.upb_minitable.o -fvisibility=hidden -fno-wrapv -fno-exceptions -pthread
      gcc -fno-strict-overflow -Wsign-compare -DNDEBUG -g -O3 -Wall -fPIC -D_WIN32_WINNT=1536 -DGRPC_XDS_USER_AGENT_NAME_SUFFIX=\"Python\" -DGRPC_XDS_USER_AGENT_VERSION_SUFFIX=\"1.79.0.dev0\" -DHAVE_CONFIG_H=1 -DGRPC_ENABLE_FORK_SUPPORT=1 -DGRPC_ENABLE_FORK_SUPPORT_DEFAULT=false -DGRPC_PYTHON_BUILD=1 -D__STDC_FORMAT_MACROS "-DPyMODINIT_FUNC=extern \"C\" __attribute__((visibility (\"default\"))) PyObject*" -DGRPC_POSIX_FORK_ALLOW_PTHREAD_ATFORK=1 -Isrc/python/grpcio -Iinclude -I. -Ithird_party/abseil-cpp -Ithird_party/address_sorting/include -Ithird_party/cares/cares/include -Ithird_party/cares -Ithird_party/cares/cares -Ithird_party/cares/cares/src/lib/include -Ithird_party/cares/cares/src/lib -Ithird_party/cares/config_linux -Ithird_party/re2 -Ithird_party/boringssl-with-bazel/src/include -Ithird_party/upb -Isrc/core/ext/upb-gen -Isrc/core/ext/upbdefs-gen -Ithird_party/utf8_range -Ithird_party/xxhash -Ithird_party/zlib -I/usr/local/google/home/ssreenithi/.pyenv/versions/3.12.0/envs/pyvenv_312/include -I/usr/local/google/home/ssreenithi/.pyenv/versions/3.12.0/include/python3.12 -c src/core/ext/upbdefs-gen/envoy/service/status/v3/csds.upbdefs.c -o pyb/temp.linux-x86_64-cpython-312/src/core/ext/upbdefs-gen/envoy/service/status/v3/csds.upbdefs.o -fvisibility=hidden -fno-wrapv -fno-exceptions -pthread
      gcc -fno-strict-overflow -Wsign-compare -DNDEBUG -g -O3 -Wall -fPIC -D_WIN32_WINNT=1536 -DGRPC_XDS_USER_AGENT_NAME_SUFFIX=\"Python\" -DGRPC_XDS_USER_AGENT_VERSION_SUFFIX=\"1.79.0.dev0\" -DHAVE_CONFIG_H=1 -DGRPC_ENABLE_FORK_SUPPORT=1 -DGRPC_ENABLE_FORK_SUPPORT_DEFAULT=false -DGRPC_PYTHON_BUILD=1 -D__STDC_FORMAT_MACROS "-DPyMODINIT_FUNC=extern \"C\" __attribute__((visibility (\"default\"))) PyObject*" -DGRPC_POSIX_FORK_ALLOW_PTHREAD_ATFORK=1 -Isrc/python/grpcio -Iinclude -I. -Ithird_party/abseil-cpp -Ithird_party/address_sorting/include -Ithird_party/cares/cares/include -Ithird_party/cares -Ithird_party/cares/cares -Ithird_party/cares/cares/src/lib/include -Ithird_party/cares/cares/src/lib -Ithird_party/cares/config_linux -Ithird_party/re2 -Ithird_party/boringssl-with-bazel/src/include -Ithird_party/upb -Isrc/core/ext/upb-gen -Isrc/core/ext/upbdefs-gen -Ithird_party/utf8_range -Ithird_party/xxhash -Ithird_party/zlib -I/usr/local/google/home/ssreenithi/.pyenv/versions/3.12.0/envs/pyvenv_312/include -I/usr/local/google/home/ssreenithi/.pyenv/versions/3.12.0/include/python3.12 -c src/core/ext/upb-gen/xds/type/v3/range.upb_minitable.c -o pyb/temp.linux-x86_64-cpython-312/src/core/ext/upb-gen/xds/type/v3/range.upb_minitable.o -fvisibility=hidden -fno-wrapv -fno-exceptions -pthread
      gcc -fno-strict-overflow -Wsign-compare -DNDEBUG -g -O3 -Wall -fPIC -D_WIN32_WINNT=1536 -DGRPC_XDS_USER_AGENT_NAME_SUFFIX=\"Python\" -DGRPC_XDS_USER_AGENT_VERSION_SUFFIX=\"1.79.0.dev0\" -DHAVE_CONFIG_H=1 -DGRPC_ENABLE_FORK_SUPPORT=1 -DGRPC_ENABLE_FORK_SUPPORT_DEFAULT=false -DGRPC_PYTHON_BUILD=1 -D__STDC_FORMAT_MACROS "-DPyMODINIT_FUNC=extern \"C\" __attribute__((visibility (\"default\"))) PyObject*" -DGRPC_POSIX_FORK_ALLOW_PTHREAD_ATFORK=1 -Isrc/python/grpcio -Iinclude -I. -Ithird_party/abseil-cpp -Ithird_party/address_sorting/include -Ithird_party/cares/cares/include -Ithird_party/cares -Ithird_party/cares/cares -Ithird_party/cares/cares/src/lib/include -Ithird_party/cares/cares/src/lib -Ithird_party/cares/config_linux -Ithird_party/re2 -Ithird_party/boringssl-with-bazel/src/include -Ithird_party/upb -Isrc/core/ext/upb-gen -Isrc/core/ext/upbdefs-gen -Ithird_party/utf8_range -Ithird_party/xxhash -Ithird_party/zlib -I/usr/local/google/home/ssreenithi/.pyenv/versions/3.12.0/envs/pyvenv_312/include -I/usr/local/google/home/ssreenithi/.pyenv/versions/3.12.0/include/python3.12 -c src/core/ext/upb-gen/envoy/config/listener/v3/api_listener.upb_minitable.c -o pyb/temp.linux-x86_64-cpython-312/src/core/ext/upb-gen/envoy/config/listener/v3/api_listener.upb_minitable.o -fvisibility=hidden -fno-wrapv -fno-exceptions -pthread
      gcc -fno-strict-overflow -Wsign-compare -DNDEBUG -g -O3 -Wall -fPIC -D_WIN32_WINNT=1536 -DGRPC_XDS_USER_AGENT_NAME_SUFFIX=\"Python\" -DGRPC_XDS_USER_AGENT_VERSION_SUFFIX=\"1.79.0.dev0\" -DHAVE_CONFIG_H=1 -DGRPC_ENABLE_FORK_SUPPORT=1 -DGRPC_ENABLE_FORK_SUPPORT_DEFAULT=false -DGRPC_PYTHON_BUILD=1 -D__STDC_FORMAT_MACROS "-DPyMODINIT_FUNC=extern \"C\" __attribute__((visibility (\"default\"))) PyObject*" -DGRPC_POSIX_FORK_ALLOW_PTHREAD_ATFORK=1 -Isrc/python/grpcio -Iinclude -I. -Ithird_party/abseil-cpp -Ithird_party/address_sorting/include -Ithird_party/cares/cares/include -Ithird_party/cares -Ithird_party/cares/cares -Ithird_party/cares/cares/src/lib/include -Ithird_party/cares/cares/src/lib -Ithird_party/cares/config_linux -Ithird_party/re2 -Ithird_party/boringssl-with-bazel/src/include -Ithird_party/upb -Isrc/core/ext/upb-gen -Isrc/core/ext/upbdefs-gen -Ithird_party/utf8_range -Ithird_party/xxhash -Ithird_party/zlib -I/usr/local/google/home/ssreenithi/.pyenv/versions/3.12.0/envs/pyvenv_312/include -I/usr/local/google/home/ssreenithi/.pyenv/versions/3.12.0/include/python3.12 -c src/core/ext/upbdefs-gen/envoy/type/matcher/v3/node.upbdefs.c -o pyb/temp.linux-x86_64-cpython-312/src/core/ext/upbdefs-gen/envoy/type/matcher/v3/node.upbdefs.o -fvisibility=hidden -fno-wrapv -fno-exceptions -pthread
      gcc -fno-strict-overflow -Wsign-compare -DNDEBUG -g -O3 -Wall -fPIC -D_WIN32_WINNT=1536 -DGRPC_XDS_USER_AGENT_NAME_SUFFIX=\"Python\" -DGRPC_XDS_USER_AGENT_VERSION_SUFFIX=\"1.79.0.dev0\" -DHAVE_CONFIG_H=1 -DGRPC_ENABLE_FORK_SUPPORT=1 -DGRPC_ENABLE_FORK_SUPPORT_DEFAULT=false -DGRPC_PYTHON_BUILD=1 -D__STDC_FORMAT_MACROS "-DPyMODINIT_FUNC=extern \"C\" __attribute__((visibility (\"default\"))) PyObject*" -DGRPC_POSIX_FORK_ALLOW_PTHREAD_ATFORK=1 -Isrc/python/grpcio -Iinclude -I. -Ithird_party/abseil-cpp -Ithird_party/address_sorting/include -Ithird_party/cares/cares/include -Ithird_party/cares -Ithird_party/cares/cares -Ithird_party/cares/cares/src/lib/include -Ithird_party/cares/cares/src/lib -Ithird_party/cares/config_linux -Ithird_party/re2 -Ithird_party/boringssl-with-bazel/src/include -Ithird_party/upb -Isrc/core/ext/upb-gen -Isrc/core/ext/upbdefs-gen -Ithird_party/utf8_range -Ithird_party/xxhash -Ithird_party/zlib -I/usr/local/google/home/ssreenithi/.pyenv/versions/3.12.0/envs/pyvenv_312/include -I/usr/local/google/home/ssreenithi/.pyenv/versions/3.12.0/include/python3.12 -c src/core/ext/upb-gen/xds/type/matcher/v3/http_inputs.upb_minitable.c -o pyb/temp.linux-x86_64-cpython-312/src/core/ext/upb-gen/xds/type/matcher/v3/http_inputs.upb_minitable.o -fvisibility=hidden -fno-wrapv -fno-exceptions -pthread
      gcc -fno-strict-overflow -Wsign-compare -DNDEBUG -g -O3 -Wall -fPIC -D_WIN32_WINNT=1536 -DGRPC_XDS_USER_AGENT_NAME_SUFFIX=\"Python\" -DGRPC_XDS_USER_AGENT_VERSION_SUFFIX=\"1.79.0.dev0\" -DHAVE_CONFIG_H=1 -DGRPC_ENABLE_FORK_SUPPORT=1 -DGRPC_ENABLE_FORK_SUPPORT_DEFAULT=false -DGRPC_PYTHON_BUILD=1 -D__STDC_FORMAT_MACROS "-DPyMODINIT_FUNC=extern \"C\" __attribute__((visibility (\"default\"))) PyObject*" -DGRPC_POSIX_FORK_ALLOW_PTHREAD_ATFORK=1 -Isrc/python/grpcio -Iinclude -I. -Ithird_party/abseil-cpp -Ithird_party/address_sorting/include -Ithird_party/cares/cares/include -Ithird_party/cares -Ithird_party/cares/cares -Ithird_party/cares/cares/src/lib/include -Ithird_party/cares/cares/src/lib -Ithird_party/cares/config_linux -Ithird_party/re2 -Ithird_party/boringssl-with-bazel/src/include -Ithird_party/upb -Isrc/core/ext/upb-gen -Isrc/core/ext/upbdefs-gen -Ithird_party/utf8_range -Ithird_party/xxhash -Ithird_party/zlib -I/usr/local/google/home/ssreenithi/.pyenv/versions/3.12.0/envs/pyvenv_312/include -I/usr/local/google/home/ssreenithi/.pyenv/versions/3.12.0/include/python3.12 -c src/core/ext/upb-gen/google/api/annotations.upb_minitable.c -o pyb/temp.linux-x86_64-cpython-312/src/core/ext/upb-gen/google/api/annotations.upb_minitable.o -fvisibility=hidden -fno-wrapv -fno-exceptions -pthread
      gcc -fno-strict-overflow -Wsign-compare -DNDEBUG -g -O3 -Wall -fPIC -D_WIN32_WINNT=1536 -DGRPC_XDS_USER_AGENT_NAME_SUFFIX=\"Python\" -DGRPC_XDS_USER_AGENT_VERSION_SUFFIX=\"1.79.0.dev0\" -DHAVE_CONFIG_H=1 -DGRPC_ENABLE_FORK_SUPPORT=1 -DGRPC_ENABLE_FORK_SUPPORT_DEFAULT=false -DGRPC_PYTHON_BUILD=1 -D__STDC_FORMAT_MACROS "-DPyMODINIT_FUNC=extern \"C\" __attribute__((visibility (\"default\"))) PyObject*" -DGRPC_POSIX_FORK_ALLOW_PTHREAD_ATFORK=1 -Isrc/python/grpcio -Iinclude -I. -Ithird_party/abseil-cpp -Ithird_party/address_sorting/include -Ithird_party/cares/cares/include -Ithird_party/cares -Ithird_party/cares/cares -Ithird_party/cares/cares/src/lib/include -Ithird_party/cares/cares/src/lib -Ithird_party/cares/config_linux -Ithird_party/re2 -Ithird_party/boringssl-with-bazel/src/include -Ithird_party/upb -Isrc/core/ext/upb-gen -Isrc/core/ext/upbdefs-gen -Ithird_party/utf8_range -Ithird_party/xxhash -Ithird_party/zlib -I/usr/local/google/home/ssreenithi/.pyenv/versions/3.12.0/envs/pyvenv_312/include -I/usr/local/google/home/ssreenithi/.pyenv/versions/3.12.0/include/python3.12 -c src/core/ext/upb-gen/envoy/admin/v3/server_info.upb_minitable.c -o pyb/temp.linux-x86_64-cpython-312/src/core/ext/upb-gen/envoy/admin/v3/server_info.upb_minitable.o -fvisibility=hidden -fno-wrapv -fno-exceptions -pthread
      gcc -fno-strict-overflow -Wsign-compare -DNDEBUG -g -O3 -Wall -fPIC -D_WIN32_WINNT=1536 -DGRPC_XDS_USER_AGENT_NAME_SUFFIX=\"Python\" -DGRPC_XDS_USER_AGENT_VERSION_SUFFIX=\"1.79.0.dev0\" -DHAVE_CONFIG_H=1 -DGRPC_ENABLE_FORK_SUPPORT=1 -DGRPC_ENABLE_FORK_SUPPORT_DEFAULT=false -DGRPC_PYTHON_BUILD=1 -D__STDC_FORMAT_MACROS "-DPyMODINIT_FUNC=extern \"C\" __attribute__((visibility (\"default\"))) PyObject*" -DGRPC_POSIX_FORK_ALLOW_PTHREAD_ATFORK=1 -Isrc/python/grpcio -Iinclude -I. -Ithird_party/abseil-cpp -Ithird_party/address_sorting/include -Ithird_party/cares/cares/include -Ithird_party/cares -Ithird_party/cares/cares -Ithird_party/cares/cares/src/lib/include -Ithird_party/cares/cares/src/lib -Ithird_party/cares/config_linux -Ithird_party/re2 -Ithird_party/boringssl-with-bazel/src/include -Ithird_party/upb -Isrc/core/ext/upb-gen -Isrc/core/ext/upbdefs-gen -Ithird_party/utf8_range -Ithird_party/xxhash -Ithird_party/zlib -I/usr/local/google/home/ssreenithi/.pyenv/versions/3.12.0/envs/pyvenv_312/include -I/usr/local/google/home/ssreenithi/.pyenv/versions/3.12.0/include/python3.12 -c src/core/ext/upb-gen/envoy/extensions/http/stateful_session/cookie/v3/cookie.upb_minitable.c -o pyb/temp.linux-x86_64-cpython-312/src/core/ext/upb-gen/envoy/extensions/http/stateful_session/cookie/v3/cookie.upb_minitable.o -fvisibility=hidden -fno-wrapv -fno-exceptions -pthread
      gcc -fno-strict-overflow -Wsign-compare -DNDEBUG -g -O3 -Wall -fPIC -D_WIN32_WINNT=1536 -DGRPC_XDS_USER_AGENT_NAME_SUFFIX=\"Python\" -DGRPC_XDS_USER_AGENT_VERSION_SUFFIX=\"1.79.0.dev0\" -DHAVE_CONFIG_H=1 -DGRPC_ENABLE_FORK_SUPPORT=1 -DGRPC_ENABLE_FORK_SUPPORT_DEFAULT=false -DGRPC_PYTHON_BUILD=1 -D__STDC_FORMAT_MACROS "-DPyMODINIT_FUNC=extern \"C\" __attribute__((visibility (\"default\"))) PyObject*" -DGRPC_POSIX_FORK_ALLOW_PTHREAD_ATFORK=1 -Isrc/python/grpcio -Iinclude -I. -Ithird_party/abseil-cpp -Ithird_party/address_sorting/include -Ithird_party/cares/cares/include -Ithird_party/cares -Ithird_party/cares/cares -Ithird_party/cares/cares/src/lib/include -Ithird_party/cares/cares/src/lib -Ithird_party/cares/config_linux -Ithird_party/re2 -Ithird_party/boringssl-with-bazel/src/include -Ithird_party/upb -Isrc/core/ext/upb-gen -Isrc/core/ext/upbdefs-gen -Ithird_party/utf8_range -Ithird_party/xxhash -Ithird_party/zlib -I/usr/local/google/home/ssreenithi/.pyenv/versions/3.12.0/envs/pyvenv_312/include -I/usr/local/google/home/ssreenithi/.pyenv/versions/3.12.0/include/python3.12 -c src/core/ext/upb-gen/envoy/service/discovery/v3/discovery.upb_minitable.c -o pyb/temp.linux-x86_64-cpython-312/src/core/ext/upb-gen/envoy/service/discovery/v3/discovery.upb_minitable.o -fvisibility=hidden -fno-wrapv -fno-exceptions -pthread
      gcc -fno-strict-overflow -Wsign-compare -DNDEBUG -g -O3 -Wall -fPIC -D_WIN32_WINNT=1536 -DGRPC_XDS_USER_AGENT_NAME_SUFFIX=\"Python\" -DGRPC_XDS_USER_AGENT_VERSION_SUFFIX=\"1.79.0.dev0\" -DHAVE_CONFIG_H=1 -DGRPC_ENABLE_FORK_SUPPORT=1 -DGRPC_ENABLE_FORK_SUPPORT_DEFAULT=false -DGRPC_PYTHON_BUILD=1 -D__STDC_FORMAT_MACROS "-DPyMODINIT_FUNC=extern \"C\" __attribute__((visibility (\"default\"))) PyObject*" -DGRPC_POSIX_FORK_ALLOW_PTHREAD_ATFORK=1 -Isrc/python/grpcio -Iinclude -I. -Ithird_party/abseil-cpp -Ithird_party/address_sorting/include -Ithird_party/cares/cares/include -Ithird_party/cares -Ithird_party/cares/cares -Ithird_party/cares/cares/src/lib/include -Ithird_party/cares/cares/src/lib -Ithird_party/cares/config_linux -Ithird_party/re2 -Ithird_party/boringssl-with-bazel/src/include -Ithird_party/upb -Isrc/core/ext/upb-gen -Isrc/core/ext/upbdefs-gen -Ithird_party/utf8_range -Ithird_party/xxhash -Ithird_party/zlib -I/usr/local/google/home/ssreenithi/.pyenv/versions/3.12.0/envs/pyvenv_312/include -I/usr/local/google/home/ssreenithi/.pyenv/versions/3.12.0/include/python3.12 -c src/core/ext/upb-gen/envoy/extensions/filters/http/rbac/v3/rbac.upb_minitable.c -o pyb/temp.linux-x86_64-cpython-312/src/core/ext/upb-gen/envoy/extensions/filters/http/rbac/v3/rbac.upb_minitable.o -fvisibility=hidden -fno-wrapv -fno-exceptions -pthread
      gcc -fno-strict-overflow -Wsign-compare -DNDEBUG -g -O3 -Wall -fPIC -D_WIN32_WINNT=1536 -DGRPC_XDS_USER_AGENT_NAME_SUFFIX=\"Python\" -DGRPC_XDS_USER_AGENT_VERSION_SUFFIX=\"1.79.0.dev0\" -DHAVE_CONFIG_H=1 -DGRPC_ENABLE_FORK_SUPPORT=1 -DGRPC_ENABLE_FORK_SUPPORT_DEFAULT=false -DGRPC_PYTHON_BUILD=1 -D__STDC_FORMAT_MACROS "-DPyMODINIT_FUNC=extern \"C\" __attribute__((visibility (\"default\"))) PyObject*" -DGRPC_POSIX_FORK_ALLOW_PTHREAD_ATFORK=1 -Isrc/python/grpcio -Iinclude -I. -Ithird_party/abseil-cpp -Ithird_party/address_sorting/include -Ithird_party/cares/cares/include -Ithird_party/cares -Ithird_party/cares/cares -Ithird_party/cares/cares/src/lib/include -Ithird_party/cares/cares/src/lib -Ithird_party/cares/config_linux -Ithird_party/re2 -Ithird_party/boringssl-with-bazel/src/include -Ithird_party/upb -Isrc/core/ext/upb-gen -Isrc/core/ext/upbdefs-gen -Ithird_party/utf8_range -Ithird_party/xxhash -Ithird_party/zlib -I/usr/local/google/home/ssreenithi/.pyenv/versions/3.12.0/envs/pyvenv_312/include -I/usr/local/google/home/ssreenithi/.pyenv/versions/3.12.0/include/python3.12 -c src/core/ext/upb-gen/envoy/type/v3/http_status.upb_minitable.c -o pyb/temp.linux-x86_64-cpython-312/src/core/ext/upb-gen/envoy/type/v3/http_status.upb_minitable.o -fvisibility=hidden -fno-wrapv -fno-exceptions -pthread
      gcc -fno-strict-overflow -Wsign-compare -DNDEBUG -g -O3 -Wall -fPIC -D_WIN32_WINNT=1536 -DGRPC_XDS_USER_AGENT_NAME_SUFFIX=\"Python\" -DGRPC_XDS_USER_AGENT_VERSION_SUFFIX=\"1.79.0.dev0\" -DHAVE_CONFIG_H=1 -DGRPC_ENABLE_FORK_SUPPORT=1 -DGRPC_ENABLE_FORK_SUPPORT_DEFAULT=false -DGRPC_PYTHON_BUILD=1 -D__STDC_FORMAT_MACROS "-DPyMODINIT_FUNC=extern \"C\" __attribute__((visibility (\"default\"))) PyObject*" -DGRPC_POSIX_FORK_ALLOW_PTHREAD_ATFORK=1 -Isrc/python/grpcio -Iinclude -I. -Ithird_party/abseil-cpp -Ithird_party/address_sorting/include -Ithird_party/cares/cares/include -Ithird_party/cares -Ithird_party/cares/cares -Ithird_party/cares/cares/src/lib/include -Ithird_party/cares/cares/src/lib -Ithird_party/cares/config_linux -Ithird_party/re2 -Ithird_party/boringssl-with-bazel/src/include -Ithird_party/upb -Isrc/core/ext/upb-gen -Isrc/core/ext/upbdefs-gen -Ithird_party/utf8_range -Ithird_party/xxhash -Ithird_party/zlib -I/usr/local/google/home/ssreenithi/.pyenv/versions/3.12.0/envs/pyvenv_312/include -I/usr/local/google/home/ssreenithi/.pyenv/versions/3.12.0/include/python3.12 -c src/core/ext/upb-gen/envoy/extensions/transport_sockets/tls/v3/cert.upb_minitable.c -o pyb/temp.linux-x86_64-cpython-312/src/core/ext/upb-gen/envoy/extensions/transport_sockets/tls/v3/cert.upb_minitable.o -fvisibility=hidden -fno-wrapv -fno-exceptions -pthread
      gcc -fno-strict-overflow -Wsign-compare -DNDEBUG -g -O3 -Wall -fPIC -D_WIN32_WINNT=1536 -DGRPC_XDS_USER_AGENT_NAME_SUFFIX=\"Python\" -DGRPC_XDS_USER_AGENT_VERSION_SUFFIX=\"1.79.0.dev0\" -DHAVE_CONFIG_H=1 -DGRPC_ENABLE_FORK_SUPPORT=1 -DGRPC_ENABLE_FORK_SUPPORT_DEFAULT=false -DGRPC_PYTHON_BUILD=1 -D__STDC_FORMAT_MACROS "-DPyMODINIT_FUNC=extern \"C\" __attribute__((visibility (\"default\"))) PyObject*" -DGRPC_POSIX_FORK_ALLOW_PTHREAD_ATFORK=1 -Isrc/python/grpcio -Iinclude -I. -Ithird_party/abseil-cpp -Ithird_party/address_sorting/include -Ithird_party/cares/cares/include -Ithird_party/cares -Ithird_party/cares/cares -Ithird_party/cares/cares/src/lib/include -Ithird_party/cares/cares/src/lib -Ithird_party/cares/config_linux -Ithird_party/re2 -Ithird_party/boringssl-with-bazel/src/include -Ithird_party/upb -Isrc/core/ext/upb-gen -Isrc/core/ext/upbdefs-gen -Ithird_party/utf8_range -Ithird_party/xxhash -Ithird_party/zlib -I/usr/local/google/home/ssreenithi/.pyenv/versions/3.12.0/envs/pyvenv_312/include -I/usr/local/google/home/ssreenithi/.pyenv/versions/3.12.0/include/python3.12 -c src/core/ext/upb-gen/envoy/config/core/v3/base.upb_minitable.c -o pyb/temp.linux-x86_64-cpython-312/src/core/ext/upb-gen/envoy/config/core/v3/base.upb_minitable.o -fvisibility=hidden -fno-wrapv -fno-exceptions -pthread
      gcc -fno-strict-overflow -Wsign-compare -DNDEBUG -g -O3 -Wall -fPIC -D_WIN32_WINNT=1536 -DGRPC_XDS_USER_AGENT_NAME_SUFFIX=\"Python\" -DGRPC_XDS_USER_AGENT_VERSION_SUFFIX=\"1.79.0.dev0\" -DHAVE_CONFIG_H=1 -DGRPC_ENABLE_FORK_SUPPORT=1 -DGRPC_ENABLE_FORK_SUPPORT_DEFAULT=false -DGRPC_PYTHON_BUILD=1 -D__STDC_FORMAT_MACROS "-DPyMODINIT_FUNC=extern \"C\" __attribute__((visibility (\"default\"))) PyObject*" -DGRPC_POSIX_FORK_ALLOW_PTHREAD_ATFORK=1 -Isrc/python/grpcio -Iinclude -I. -Ithird_party/abseil-cpp -Ithird_party/address_sorting/include -Ithird_party/cares/cares/include -Ithird_party/cares -Ithird_party/cares/cares -Ithird_party/cares/cares/src/lib/include -Ithird_party/cares/cares/src/lib -Ithird_party/cares/config_linux -Ithird_party/re2 -Ithird_party/boringssl-with-bazel/src/include -Ithird_party/upb -Isrc/core/ext/upb-gen -Isrc/core/ext/upbdefs-gen -Ithird_party/utf8_range -Ithird_party/xxhash -Ithird_party/zlib -I/usr/local/google/home/ssreenithi/.pyenv/versions/3.12.0/envs/pyvenv_312/include -I/usr/local/google/home/ssreenithi/.pyenv/versions/3.12.0/include/python3.12 -c src/core/ext/upb-gen/envoy/type/matcher/v3/string.upb_minitable.c -o pyb/temp.linux-x86_64-cpython-312/src/core/ext/upb-gen/envoy/type/matcher/v3/string.upb_minitable.o -fvisibility=hidden -fno-wrapv -fno-exceptions -pthread
      gcc -fno-strict-overflow -Wsign-compare -DNDEBUG -g -O3 -Wall -fPIC -D_WIN32_WINNT=1536 -DGRPC_XDS_USER_AGENT_NAME_SUFFIX=\"Python\" -DGRPC_XDS_USER_AGENT_VERSION_SUFFIX=\"1.79.0.dev0\" -DHAVE_CONFIG_H=1 -DGRPC_ENABLE_FORK_SUPPORT=1 -DGRPC_ENABLE_FORK_SUPPORT_DEFAULT=false -DGRPC_PYTHON_BUILD=1 -D__STDC_FORMAT_MACROS "-DPyMODINIT_FUNC=extern \"C\" __attribute__((visibility (\"default\"))) PyObject*" -DGRPC_POSIX_FORK_ALLOW_PTHREAD_ATFORK=1 -Isrc/python/grpcio -Iinclude -I. -Ithird_party/abseil-cpp -Ithird_party/address_sorting/include -Ithird_party/cares/cares/include -Ithird_party/cares -Ithird_party/cares/cares -Ithird_party/cares/cares/src/lib/include -Ithird_party/cares/cares/src/lib -Ithird_party/cares/config_linux -Ithird_party/re2 -Ithird_party/boringssl-with-bazel/src/include -Ithird_party/upb -Isrc/core/ext/upb-gen -Isrc/core/ext/upbdefs-gen -Ithird_party/utf8_range -Ithird_party/xxhash -Ithird_party/zlib -I/usr/local/google/home/ssreenithi/.pyenv/versions/3.12.0/envs/pyvenv_312/include -I/usr/local/google/home/ssreenithi/.pyenv/versions/3.12.0/include/python3.12 -c src/core/ext/upb-gen/src/proto/grpc/health/v1/health.upb_minitable.c -o pyb/temp.linux-x86_64-cpython-312/src/core/ext/upb-gen/src/proto/grpc/health/v1/health.upb_minitable.o -fvisibility=hidden -fno-wrapv -fno-exceptions -pthread
      gcc -fno-strict-overflow -Wsign-compare -DNDEBUG -g -O3 -Wall -fPIC -D_WIN32_WINNT=1536 -DGRPC_XDS_USER_AGENT_NAME_SUFFIX=\"Python\" -DGRPC_XDS_USER_AGENT_VERSION_SUFFIX=\"1.79.0.dev0\" -DHAVE_CONFIG_H=1 -DGRPC_ENABLE_FORK_SUPPORT=1 -DGRPC_ENABLE_FORK_SUPPORT_DEFAULT=false -DGRPC_PYTHON_BUILD=1 -D__STDC_FORMAT_MACROS "-DPyMODINIT_FUNC=extern \"C\" __attribute__((visibility (\"default\"))) PyObject*" -DGRPC_POSIX_FORK_ALLOW_PTHREAD_ATFORK=1 -Isrc/python/grpcio -Iinclude -I. -Ithird_party/abseil-cpp -Ithird_party/address_sorting/include -Ithird_party/cares/cares/include -Ithird_party/cares -Ithird_party/cares/cares -Ithird_party/cares/cares/src/lib/include -Ithird_party/cares/cares/src/lib -Ithird_party/cares/config_linux -Ithird_party/re2 -Ithird_party/boringssl-with-bazel/src/include -Ithird_party/upb -Isrc/core/ext/upb-gen -Isrc/core/ext/upbdefs-gen -Ithird_party/utf8_range -Ithird_party/xxhash -Ithird_party/zlib -I/usr/local/google/home/ssreenithi/.pyenv/versions/3.12.0/envs/pyvenv_312/include -I/usr/local/google/home/ssreenithi/.pyenv/versions/3.12.0/include/python3.12 -c src/core/ext/upbdefs-gen/envoy/config/core/v3/substitution_format_string.upbdefs.c -o pyb/temp.linux-x86_64-cpython-312/src/core/ext/upbdefs-gen/envoy/config/core/v3/substitution_format_string.upbdefs.o -fvisibility=hidden -fno-wrapv -fno-exceptions -pthread
      gcc -fno-strict-overflow -Wsign-compare -DNDEBUG -g -O3 -Wall -fPIC -D_WIN32_WINNT=1536 -DGRPC_XDS_USER_AGENT_NAME_SUFFIX=\"Python\" -DGRPC_XDS_USER_AGENT_VERSION_SUFFIX=\"1.79.0.dev0\" -DHAVE_CONFIG_H=1 -DGRPC_ENABLE_FORK_SUPPORT=1 -DGRPC_ENABLE_FORK_SUPPORT_DEFAULT=false -DGRPC_PYTHON_BUILD=1 -D__STDC_FORMAT_MACROS "-DPyMODINIT_FUNC=extern \"C\" __attribute__((visibility (\"default\"))) PyObject*" -DGRPC_POSIX_FORK_ALLOW_PTHREAD_ATFORK=1 -Isrc/python/grpcio -Iinclude -I. -Ithird_party/abseil-cpp -Ithird_party/address_sorting/include -Ithird_party/cares/cares/include -Ithird_party/cares -Ithird_party/cares/cares -Ithird_party/cares/cares/src/lib/include -Ithird_party/cares/cares/src/lib -Ithird_party/cares/config_linux -Ithird_party/re2 -Ithird_party/boringssl-with-bazel/src/include -Ithird_party/upb -Isrc/core/ext/upb-gen -Isrc/core/ext/upbdefs-gen -Ithird_party/utf8_range -Ithird_party/xxhash -Ithird_party/zlib -I/usr/local/google/home/ssreenithi/.pyenv/versions/3.12.0/envs/pyvenv_312/include -I/usr/local/google/home/ssreenithi/.pyenv/versions/3.12.0/include/python3.12 -c src/core/ext/upb-gen/xds/core/v3/resource_locator.upb_minitable.c -o pyb/temp.linux-x86_64-cpython-312/src/core/ext/upb-gen/xds/core/v3/resource_locator.upb_minitable.o -fvisibility=hidden -fno-wrapv -fno-exceptions -pthread
      gcc -fno-strict-overflow -Wsign-compare -DNDEBUG -g -O3 -Wall -fPIC -D_WIN32_WINNT=1536 -DGRPC_XDS_USER_AGENT_NAME_SUFFIX=\"Python\" -DGRPC_XDS_USER_AGENT_VERSION_SUFFIX=\"1.79.0.dev0\" -DHAVE_CONFIG_H=1 -DGRPC_ENABLE_FORK_SUPPORT=1 -DGRPC_ENABLE_FORK_SUPPORT_DEFAULT=false -DGRPC_PYTHON_BUILD=1 -D__STDC_FORMAT_MACROS "-DPyMODINIT_FUNC=extern \"C\" __attribute__((visibility (\"default\"))) PyObject*" -DGRPC_POSIX_FORK_ALLOW_PTHREAD_ATFORK=1 -Isrc/python/grpcio -Iinclude -I. -Ithird_party/abseil-cpp -Ithird_party/address_sorting/include -Ithird_party/cares/cares/include -Ithird_party/cares -Ithird_party/cares/cares -Ithird_party/cares/cares/src/lib/include -Ithird_party/cares/cares/src/lib -Ithird_party/cares/config_linux -Ithird_party/re2 -Ithird_party/boringssl-with-bazel/src/include -Ithird_party/upb -Isrc/core/ext/upb-gen -Isrc/core/ext/upbdefs-gen -Ithird_party/utf8_range -Ithird_party/xxhash -Ithird_party/zlib -I/usr/local/google/home/ssreenithi/.pyenv/versions/3.12.0/envs/pyvenv_312/include -I/usr/local/google/home/ssreenithi/.pyenv/versions/3.12.0/include/python3.12 -c src/core/ext/upbdefs-gen/envoy/admin/v3/tap.upbdefs.c -o pyb/temp.linux-x86_64-cpython-312/src/core/ext/upbdefs-gen/envoy/admin/v3/tap.upbdefs.o -fvisibility=hidden -fno-wrapv -fno-exceptions -pthread
      gcc -fno-strict-overflow -Wsign-compare -DNDEBUG -g -O3 -Wall -fPIC -D_WIN32_WINNT=1536 -DGRPC_XDS_USER_AGENT_NAME_SUFFIX=\"Python\" -DGRPC_XDS_USER_AGENT_VERSION_SUFFIX=\"1.79.0.dev0\" -DHAVE_CONFIG_H=1 -DGRPC_ENABLE_FORK_SUPPORT=1 -DGRPC_ENABLE_FORK_SUPPORT_DEFAULT=false -DGRPC_PYTHON_BUILD=1 -D__STDC_FORMAT_MACROS "-DPyMODINIT_FUNC=extern \"C\" __attribute__((visibility (\"default\"))) PyObject*" -DGRPC_POSIX_FORK_ALLOW_PTHREAD_ATFORK=1 -Isrc/python/grpcio -Iinclude -I. -Ithird_party/abseil-cpp -Ithird_party/address_sorting/include -Ithird_party/cares/cares/include -Ithird_party/cares -Ithird_party/cares/cares -Ithird_party/cares/cares/src/lib/include -Ithird_party/cares/cares/src/lib -Ithird_party/cares/config_linux -Ithird_party/re2 -Ithird_party/boringssl-with-bazel/src/include -Ithird_party/upb -Isrc/core/ext/upb-gen -Isrc/core/ext/upbdefs-gen -Ithird_party/utf8_range -Ithird_party/xxhash -Ithird_party/zlib -I/usr/local/google/home/ssreenithi/.pyenv/versions/3.12.0/envs/pyvenv_312/include -I/usr/local/google/home/ssreenithi/.pyenv/versions/3.12.0/include/python3.12 -c src/core/ext/upb-gen/src/proto/grpc/channelz/v2/channelz.upb_minitable.c -o pyb/temp.linux-x86_64-cpython-312/src/core/ext/upb-gen/src/proto/grpc/channelz/v2/channelz.upb_minitable.o -fvisibility=hidden -fno-wrapv -fno-exceptions -pthread
      gcc -fno-strict-overflow -Wsign-compare -DNDEBUG -g -O3 -Wall -fPIC -D_WIN32_WINNT=1536 -DGRPC_XDS_USER_AGENT_NAME_SUFFIX=\"Python\" -DGRPC_XDS_USER_AGENT_VERSION_SUFFIX=\"1.79.0.dev0\" -DHAVE_CONFIG_H=1 -DGRPC_ENABLE_FORK_SUPPORT=1 -DGRPC_ENABLE_FORK_SUPPORT_DEFAULT=false -DGRPC_PYTHON_BUILD=1 -D__STDC_FORMAT_MACROS "-DPyMODINIT_FUNC=extern \"C\" __attribute__((visibility (\"default\"))) PyObject*" -DGRPC_POSIX_FORK_ALLOW_PTHREAD_ATFORK=1 -Isrc/python/grpcio -Iinclude -I. -Ithird_party/abseil-cpp -Ithird_party/address_sorting/include -Ithird_party/cares/cares/include -Ithird_party/cares -Ithird_party/cares/cares -Ithird_party/cares/cares/src/lib/include -Ithird_party/cares/cares/src/lib -Ithird_party/cares/config_linux -Ithird_party/re2 -Ithird_party/boringssl-with-bazel/src/include -Ithird_party/upb -Isrc/core/ext/upb-gen -Isrc/core/ext/upbdefs-gen -Ithird_party/utf8_range -Ithird_party/xxhash -Ithird_party/zlib -I/usr/local/google/home/ssreenithi/.pyenv/versions/3.12.0/envs/pyvenv_312/include -I/usr/local/google/home/ssreenithi/.pyenv/versions/3.12.0/include/python3.12 -c src/core/ext/upbdefs-gen/envoy/config/cluster/v3/filter.upbdefs.c -o pyb/temp.linux-x86_64-cpython-312/src/core/ext/upbdefs-gen/envoy/config/cluster/v3/filter.upbdefs.o -fvisibility=hidden -fno-wrapv -fno-exceptions -pthread
      gcc -fno-strict-overflow -Wsign-compare -DNDEBUG -g -O3 -Wall -fPIC -D_WIN32_WINNT=1536 -DGRPC_XDS_USER_AGENT_NAME_SUFFIX=\"Python\" -DGRPC_XDS_USER_AGENT_VERSION_SUFFIX=\"1.79.0.dev0\" -DHAVE_CONFIG_H=1 -DGRPC_ENABLE_FORK_SUPPORT=1 -DGRPC_ENABLE_FORK_SUPPORT_DEFAULT=false -DGRPC_PYTHON_BUILD=1 -D__STDC_FORMAT_MACROS "-DPyMODINIT_FUNC=extern \"C\" __attribute__((visibility (\"default\"))) PyObject*" -DGRPC_POSIX_FORK_ALLOW_PTHREAD_ATFORK=1 -Isrc/python/grpcio -Iinclude -I. -Ithird_party/abseil-cpp -Ithird_party/address_sorting/include -Ithird_party/cares/cares/include -Ithird_party/cares -Ithird_party/cares/cares -Ithird_party/cares/cares/src/lib/include -Ithird_party/cares/cares/src/lib -Ithird_party/cares/config_linux -Ithird_party/re2 -Ithird_party/boringssl-with-bazel/src/include -Ithird_party/upb -Isrc/core/ext/upb-gen -Isrc/core/ext/upbdefs-gen -Ithird_party/utf8_range -Ithird_party/xxhash -Ithird_party/zlib -I/usr/local/google/home/ssreenithi/.pyenv/versions/3.12.0/envs/pyvenv_312/include -I/usr/local/google/home/ssreenithi/.pyenv/versions/3.12.0/include/python3.12 -c src/core/ext/upbdefs-gen/envoy/admin/v3/config_dump_shared.upbdefs.c -o pyb/temp.linux-x86_64-cpython-312/src/core/ext/upbdefs-gen/envoy/admin/v3/config_dump_shared.upbdefs.o -fvisibility=hidden -fno-wrapv -fno-exceptions -pthread
      gcc -fno-strict-overflow -Wsign-compare -DNDEBUG -g -O3 -Wall -fPIC -D_WIN32_WINNT=1536 -DGRPC_XDS_USER_AGENT_NAME_SUFFIX=\"Python\" -DGRPC_XDS_USER_AGENT_VERSION_SUFFIX=\"1.79.0.dev0\" -DHAVE_CONFIG_H=1 -DGRPC_ENABLE_FORK_SUPPORT=1 -DGRPC_ENABLE_FORK_SUPPORT_DEFAULT=false -DGRPC_PYTHON_BUILD=1 -D__STDC_FORMAT_MACROS "-DPyMODINIT_FUNC=extern \"C\" __attribute__((visibility (\"default\"))) PyObject*" -DGRPC_POSIX_FORK_ALLOW_PTHREAD_ATFORK=1 -Isrc/python/grpcio -Iinclude -I. -Ithird_party/abseil-cpp -Ithird_party/address_sorting/include -Ithird_party/cares/cares/include -Ithird_party/cares -Ithird_party/cares/cares -Ithird_party/cares/cares/src/lib/include -Ithird_party/cares/cares/src/lib -Ithird_party/cares/config_linux -Ithird_party/re2 -Ithird_party/boringssl-with-bazel/src/include -Ithird_party/upb -Isrc/core/ext/upb-gen -Isrc/core/ext/upbdefs-gen -Ithird_party/utf8_range -Ithird_party/xxhash -Ithird_party/zlib -I/usr/local/google/home/ssreenithi/.pyenv/versions/3.12.0/envs/pyvenv_312/include -I/usr/local/google/home/ssreenithi/.pyenv/versions/3.12.0/include/python3.12 -c src/core/ext/upb-gen/google/protobuf/duration.upb_minitable.c -o pyb/temp.linux-x86_64-cpython-312/src/core/ext/upb-gen/google/protobuf/duration.upb_minitable.o -fvisibility=hidden -fno-wrapv -fno-exceptions -pthread
      gcc -fno-strict-overflow -Wsign-compare -DNDEBUG -g -O3 -Wall -fPIC -D_WIN32_WINNT=1536 -DGRPC_XDS_USER_AGENT_NAME_SUFFIX=\"Python\" -DGRPC_XDS_USER_AGENT_VERSION_SUFFIX=\"1.79.0.dev0\" -DHAVE_CONFIG_H=1 -DGRPC_ENABLE_FORK_SUPPORT=1 -DGRPC_ENABLE_FORK_SUPPORT_DEFAULT=false -DGRPC_PYTHON_BUILD=1 -D__STDC_FORMAT_MACROS "-DPyMODINIT_FUNC=extern \"C\" __attribute__((visibility (\"default\"))) PyObject*" -DGRPC_POSIX_FORK_ALLOW_PTHREAD_ATFORK=1 -Isrc/python/grpcio -Iinclude -I. -Ithird_party/abseil-cpp -Ithird_party/address_sorting/include -Ithird_party/cares/cares/include -Ithird_party/cares -Ithird_party/cares/cares -Ithird_party/cares/cares/src/lib/include -Ithird_party/cares/cares/src/lib -Ithird_party/cares/config_linux -Ithird_party/re2 -Ithird_party/boringssl-with-bazel/src/include -Ithird_party/upb -Isrc/core/ext/upb-gen -Isrc/core/ext/upbdefs-gen -Ithird_party/utf8_range -Ithird_party/xxhash -Ithird_party/zlib -I/usr/local/google/home/ssreenithi/.pyenv/versions/3.12.0/envs/pyvenv_312/include -I/usr/local/google/home/ssreenithi/.pyenv/versions/3.12.0/include/python3.12 -c src/core/ext/upb-gen/xds/annotations/v3/versioning.upb_minitable.c -o pyb/temp.linux-x86_64-cpython-312/src/core/ext/upb-gen/xds/annotations/v3/versioning.upb_minitable.o -fvisibility=hidden -fno-wrapv -fno-exceptions -pthread
      gcc -fno-strict-overflow -Wsign-compare -DNDEBUG -g -O3 -Wall -fPIC -D_WIN32_WINNT=1536 -DGRPC_XDS_USER_AGENT_NAME_SUFFIX=\"Python\" -DGRPC_XDS_USER_AGENT_VERSION_SUFFIX=\"1.79.0.dev0\" -DHAVE_CONFIG_H=1 -DGRPC_ENABLE_FORK_SUPPORT=1 -DGRPC_ENABLE_FORK_SUPPORT_DEFAULT=false -DGRPC_PYTHON_BUILD=1 -D__STDC_FORMAT_MACROS "-DPyMODINIT_FUNC=extern \"C\" __attribute__((visibility (\"default\"))) PyObject*" -DGRPC_POSIX_FORK_ALLOW_PTHREAD_ATFORK=1 -Isrc/python/grpcio -Iinclude -I. -Ithird_party/abseil-cpp -Ithird_party/address_sorting/include -Ithird_party/cares/cares/include -Ithird_party/cares -Ithird_party/cares/cares -Ithird_party/cares/cares/src/lib/include -Ithird_party/cares/cares/src/lib -Ithird_party/cares/config_linux -Ithird_party/re2 -Ithird_party/boringssl-with-bazel/src/include -Ithird_party/upb -Isrc/core/ext/upb-gen -Isrc/core/ext/upbdefs-gen -Ithird_party/utf8_range -Ithird_party/xxhash -Ithird_party/zlib -I/usr/local/google/home/ssreenithi/.pyenv/versions/3.12.0/envs/pyvenv_312/include -I/usr/local/google/home/ssreenithi/.pyenv/versions/3.12.0/include/python3.12 -c src/core/ext/upb-gen/envoy/config/rbac/v3/rbac.upb_minitable.c -o pyb/temp.linux-x86_64-cpython-312/src/core/ext/upb-gen/envoy/config/rbac/v3/rbac.upb_minitable.o -fvisibility=hidden -fno-wrapv -fno-exceptions -pthread
      g++ -fno-strict-overflow -Wsign-compare -DNDEBUG -g -O3 -Wall -fPIC -D_WIN32_WINNT=1536 -DGRPC_XDS_USER_AGENT_NAME_SUFFIX=\"Python\" -DGRPC_XDS_USER_AGENT_VERSION_SUFFIX=\"1.79.0.dev0\" -DHAVE_CONFIG_H=1 -DGRPC_ENABLE_FORK_SUPPORT=1 -DGRPC_ENABLE_FORK_SUPPORT_DEFAULT=false -DGRPC_PYTHON_BUILD=1 -D__STDC_FORMAT_MACROS "-DPyMODINIT_FUNC=extern \"C\" __attribute__((visibility (\"default\"))) PyObject*" -DGRPC_POSIX_FORK_ALLOW_PTHREAD_ATFORK=1 -Isrc/python/grpcio -Iinclude -I. -Ithird_party/abseil-cpp -Ithird_party/address_sorting/include -Ithird_party/cares/cares/include -Ithird_party/cares -Ithird_party/cares/cares -Ithird_party/cares/cares/src/lib/include -Ithird_party/cares/cares/src/lib -Ithird_party/cares/config_linux -Ithird_party/re2 -Ithird_party/boringssl-with-bazel/src/include -Ithird_party/upb -Isrc/core/ext/upb-gen -Isrc/core/ext/upbdefs-gen -Ithird_party/utf8_range -Ithird_party/xxhash -Ithird_party/zlib -I/usr/local/google/home/ssreenithi/.pyenv/versions/3.12.0/envs/pyvenv_312/include -I/usr/local/google/home/ssreenithi/.pyenv/versions/3.12.0/include/python3.12 -c src/core/credentials/transport/alts/check_gcp_environment_windows.cc -o pyb/temp.linux-x86_64-cpython-312/src/core/credentials/transport/alts/check_gcp_environment_windows.o -std=c++17 -fvisibility=hidden -fno-wrapv -fno-exceptions -pthread
      gcc -fno-strict-overflow -Wsign-compare -DNDEBUG -g -O3 -Wall -fPIC -D_WIN32_WINNT=1536 -DGRPC_XDS_USER_AGENT_NAME_SUFFIX=\"Python\" -DGRPC_XDS_USER_AGENT_VERSION_SUFFIX=\"1.79.0.dev0\" -DHAVE_CONFIG_H=1 -DGRPC_ENABLE_FORK_SUPPORT=1 -DGRPC_ENABLE_FORK_SUPPORT_DEFAULT=false -DGRPC_PYTHON_BUILD=1 -D__STDC_FORMAT_MACROS "-DPyMODINIT_FUNC=extern \"C\" __attribute__((visibility (\"default\"))) PyObject*" -DGRPC_POSIX_FORK_ALLOW_PTHREAD_ATFORK=1 -Isrc/python/grpcio -Iinclude -I. -Ithird_party/abseil-cpp -Ithird_party/address_sorting/include -Ithird_party/cares/cares/include -Ithird_party/cares -Ithird_party/cares/cares -Ithird_party/cares/cares/src/lib/include -Ithird_party/cares/cares/src/lib -Ithird_party/cares/config_linux -Ithird_party/re2 -Ithird_party/boringssl-with-bazel/src/include -Ithird_party/upb -Isrc/core/ext/upb-gen -Isrc/core/ext/upbdefs-gen -Ithird_party/utf8_range -Ithird_party/xxhash -Ithird_party/zlib -I/usr/local/google/home/ssreenithi/.pyenv/versions/3.12.0/envs/pyvenv_312/include -I/usr/local/google/home/ssreenithi/.pyenv/versions/3.12.0/include/python3.12 -c src/core/ext/upb-gen/envoy/config/cluster/v3/cluster.upb_minitable.c -o pyb/temp.linux-x86_64-cpython-312/src/core/ext/upb-gen/envoy/config/cluster/v3/cluster.upb_minitable.o -fvisibility=hidden -fno-wrapv -fno-exceptions -pthread
      gcc -fno-strict-overflow -Wsign-compare -DNDEBUG -g -O3 -Wall -fPIC -D_WIN32_WINNT=1536 -DGRPC_XDS_USER_AGENT_NAME_SUFFIX=\"Python\" -DGRPC_XDS_USER_AGENT_VERSION_SUFFIX=\"1.79.0.dev0\" -DHAVE_CONFIG_H=1 -DGRPC_ENABLE_FORK_SUPPORT=1 -DGRPC_ENABLE_FORK_SUPPORT_DEFAULT=false -DGRPC_PYTHON_BUILD=1 -D__STDC_FORMAT_MACROS "-DPyMODINIT_FUNC=extern \"C\" __attribute__((visibility (\"default\"))) PyObject*" -DGRPC_POSIX_FORK_ALLOW_PTHREAD_ATFORK=1 -Isrc/python/grpcio -Iinclude -I. -Ithird_party/abseil-cpp -Ithird_party/address_sorting/include -Ithird_party/cares/cares/include -Ithird_party/cares -Ithird_party/cares/cares -Ithird_party/cares/cares/src/lib/include -Ithird_party/cares/cares/src/lib -Ithird_party/cares/config_linux -Ithird_party/re2 -Ithird_party/boringssl-with-bazel/src/include -Ithird_party/upb -Isrc/core/ext/upb-gen -Isrc/core/ext/upbdefs-gen -Ithird_party/utf8_range -Ithird_party/xxhash -Ithird_party/zlib -I/usr/local/google/home/ssreenithi/.pyenv/versions/3.12.0/envs/pyvenv_312/include -I/usr/local/google/home/ssreenithi/.pyenv/versions/3.12.0/include/python3.12 -c src/core/ext/upb-gen/envoy/config/core/v3/socket_option.upb_minitable.c -o pyb/temp.linux-x86_64-cpython-312/src/core/ext/upb-gen/envoy/config/core/v3/socket_option.upb_minitable.o -fvisibility=hidden -fno-wrapv -fno-exceptions -pthread
      gcc -fno-strict-overflow -Wsign-compare -DNDEBUG -g -O3 -Wall -fPIC -D_WIN32_WINNT=1536 -DGRPC_XDS_USER_AGENT_NAME_SUFFIX=\"Python\" -DGRPC_XDS_USER_AGENT_VERSION_SUFFIX=\"1.79.0.dev0\" -DHAVE_CONFIG_H=1 -DGRPC_ENABLE_FORK_SUPPORT=1 -DGRPC_ENABLE_FORK_SUPPORT_DEFAULT=false -DGRPC_PYTHON_BUILD=1 -D__STDC_FORMAT_MACROS "-DPyMODINIT_FUNC=extern \"C\" __attribute__((visibility (\"default\"))) PyObject*" -DGRPC_POSIX_FORK_ALLOW_PTHREAD_ATFORK=1 -Isrc/python/grpcio -Iinclude -I. -Ithird_party/abseil-cpp -Ithird_party/address_sorting/include -Ithird_party/cares/cares/include -Ithird_party/cares -Ithird_party/cares/cares -Ithird_party/cares/cares/src/lib/include -Ithird_party/cares/cares/src/lib -Ithird_party/cares/config_linux -Ithird_party/re2 -Ithird_party/boringssl-with-bazel/src/include -Ithird_party/upb -Isrc/core/ext/upb-gen -Isrc/core/ext/upbdefs-gen -Ithird_party/utf8_range -Ithird_party/xxhash -Ithird_party/zlib -I/usr/local/google/home/ssreenithi/.pyenv/versions/3.12.0/envs/pyvenv_312/include -I/usr/local/google/home/ssreenithi/.pyenv/versions/3.12.0/include/python3.12 -c src/core/ext/upb-gen/envoy/config/trace/v3/http_tracer.upb_minitable.c -o pyb/temp.linux-x86_64-cpython-312/src/core/ext/upb-gen/envoy/config/trace/v3/http_tracer.upb_minitable.o -fvisibility=hidden -fno-wrapv -fno-exceptions -pthread
      g++ -fno-strict-overflow -Wsign-compare -DNDEBUG -g -O3 -Wall -fPIC -D_WIN32_WINNT=1536 -DGRPC_XDS_USER_AGENT_NAME_SUFFIX=\"Python\" -DGRPC_XDS_USER_AGENT_VERSION_SUFFIX=\"1.79.0.dev0\" -DHAVE_CONFIG_H=1 -DGRPC_ENABLE_FORK_SUPPORT=1 -DGRPC_ENABLE_FORK_SUPPORT_DEFAULT=false -DGRPC_PYTHON_BUILD=1 -D__STDC_FORMAT_MACROS "-DPyMODINIT_FUNC=extern \"C\" __attribute__((visibility (\"default\"))) PyObject*" -DGRPC_POSIX_FORK_ALLOW_PTHREAD_ATFORK=1 -Isrc/python/grpcio -Iinclude -I. -Ithird_party/abseil-cpp -Ithird_party/address_sorting/include -Ithird_party/cares/cares/include -Ithird_party/cares -Ithird_party/cares/cares -Ithird_party/cares/cares/src/lib/include -Ithird_party/cares/cares/src/lib -Ithird_party/cares/config_linux -Ithird_party/re2 -Ithird_party/boringssl-with-bazel/src/include -Ithird_party/upb -Isrc/core/ext/upb-gen -Isrc/core/ext/upbdefs-gen -Ithird_party/utf8_range -Ithird_party/xxhash -Ithird_party/zlib -I/usr/local/google/home/ssreenithi/.pyenv/versions/3.12.0/envs/pyvenv_312/include -I/usr/local/google/home/ssreenithi/.pyenv/versions/3.12.0/include/python3.12 -c src/core/channelz/channel_trace.cc -o pyb/temp.linux-x86_64-cpython-312/src/core/channelz/channel_trace.o -std=c++17 -fvisibility=hidden -fno-wrapv -fno-exceptions -pthread
      gcc -fno-strict-overflow -Wsign-compare -DNDEBUG -g -O3 -Wall -fPIC -D_WIN32_WINNT=1536 -DGRPC_XDS_USER_AGENT_NAME_SUFFIX=\"Python\" -DGRPC_XDS_USER_AGENT_VERSION_SUFFIX=\"1.79.0.dev0\" -DHAVE_CONFIG_H=1 -DGRPC_ENABLE_FORK_SUPPORT=1 -DGRPC_ENABLE_FORK_SUPPORT_DEFAULT=false -DGRPC_PYTHON_BUILD=1 -D__STDC_FORMAT_MACROS "-DPyMODINIT_FUNC=extern \"C\" __attribute__((visibility (\"default\"))) PyObject*" -DGRPC_POSIX_FORK_ALLOW_PTHREAD_ATFORK=1 -Isrc/python/grpcio -Iinclude -I. -Ithird_party/abseil-cpp -Ithird_party/address_sorting/include -Ithird_party/cares/cares/include -Ithird_party/cares -Ithird_party/cares/cares -Ithird_party/cares/cares/src/lib/include -Ithird_party/cares/cares/src/lib -Ithird_party/cares/config_linux -Ithird_party/re2 -Ithird_party/boringssl-with-bazel/src/include -Ithird_party/upb -Isrc/core/ext/upb-gen -Isrc/core/ext/upbdefs-gen -Ithird_party/utf8_range -Ithird_party/xxhash -Ithird_party/zlib -I/usr/local/google/home/ssreenithi/.pyenv/versions/3.12.0/envs/pyvenv_312/include -I/usr/local/google/home/ssreenithi/.pyenv/versions/3.12.0/include/python3.12 -c src/core/ext/upb-gen/udpa/annotations/status.upb_minitable.c -o pyb/temp.linux-x86_64-cpython-312/src/core/ext/upb-gen/udpa/annotations/status.upb_minitable.o -fvisibility=hidden -fno-wrapv -fno-exceptions -pthread
      gcc -fno-strict-overflow -Wsign-compare -DNDEBUG -g -O3 -Wall -fPIC -D_WIN32_WINNT=1536 -DGRPC_XDS_USER_AGENT_NAME_SUFFIX=\"Python\" -DGRPC_XDS_USER_AGENT_VERSION_SUFFIX=\"1.79.0.dev0\" -DHAVE_CONFIG_H=1 -DGRPC_ENABLE_FORK_SUPPORT=1 -DGRPC_ENABLE_FORK_SUPPORT_DEFAULT=false -DGRPC_PYTHON_BUILD=1 -D__STDC_FORMAT_MACROS "-DPyMODINIT_FUNC=extern \"C\" __attribute__((visibility (\"default\"))) PyObject*" -DGRPC_POSIX_FORK_ALLOW_PTHREAD_ATFORK=1 -Isrc/python/grpcio -Iinclude -I. -Ithird_party/abseil-cpp -Ithird_party/address_sorting/include -Ithird_party/cares/cares/include -Ithird_party/cares -Ithird_party/cares/cares -Ithird_party/cares/cares/src/lib/include -Ithird_party/cares/cares/src/lib -Ithird_party/cares/config_linux -Ithird_party/re2 -Ithird_party/boringssl-with-bazel/src/include -Ithird_party/upb -Isrc/core/ext/upb-gen -Isrc/core/ext/upbdefs-gen -Ithird_party/utf8_range -Ithird_party/xxhash -Ithird_party/zlib -I/usr/local/google/home/ssreenithi/.pyenv/versions/3.12.0/envs/pyvenv_312/include -I/usr/local/google/home/ssreenithi/.pyenv/versions/3.12.0/include/python3.12 -c src/core/ext/upbdefs-gen/envoy/config/trace/v3/lightstep.upbdefs.c -o pyb/temp.linux-x86_64-cpython-312/src/core/ext/upbdefs-gen/envoy/config/trace/v3/lightstep.upbdefs.o -fvisibility=hidden -fno-wrapv -fno-exceptions -pthread
      gcc -fno-strict-overflow -Wsign-compare -DNDEBUG -g -O3 -Wall -fPIC -D_WIN32_WINNT=1536 -DGRPC_XDS_USER_AGENT_NAME_SUFFIX=\"Python\" -DGRPC_XDS_USER_AGENT_VERSION_SUFFIX=\"1.79.0.dev0\" -DHAVE_CONFIG_H=1 -DGRPC_ENABLE_FORK_SUPPORT=1 -DGRPC_ENABLE_FORK_SUPPORT_DEFAULT=false -DGRPC_PYTHON_BUILD=1 -D__STDC_FORMAT_MACROS "-DPyMODINIT_FUNC=extern \"C\" __attribute__((visibility (\"default\"))) PyObject*" -DGRPC_POSIX_FORK_ALLOW_PTHREAD_ATFORK=1 -Isrc/python/grpcio -Iinclude -I. -Ithird_party/abseil-cpp -Ithird_party/address_sorting/include -Ithird_party/cares/cares/include -Ithird_party/cares -Ithird_party/cares/cares -Ithird_party/cares/cares/src/lib/include -Ithird_party/cares/cares/src/lib -Ithird_party/cares/config_linux -Ithird_party/re2 -Ithird_party/boringssl-with-bazel/src/include -Ithird_party/upb -Isrc/core/ext/upb-gen -Isrc/core/ext/upbdefs-gen -Ithird_party/utf8_range -Ithird_party/xxhash -Ithird_party/zlib -I/usr/local/google/home/ssreenithi/.pyenv/versions/3.12.0/envs/pyvenv_312/include -I/usr/local/google/home/ssreenithi/.pyenv/versions/3.12.0/include/python3.12 -c src/core/ext/upb-gen/envoy/config/core/v3/health_check.upb_minitable.c -o pyb/temp.linux-x86_64-cpython-312/src/core/ext/upb-gen/envoy/config/core/v3/health_check.upb_minitable.o -fvisibility=hidden -fno-wrapv -fno-exceptions -pthread
      gcc -fno-strict-overflow -Wsign-compare -DNDEBUG -g -O3 -Wall -fPIC -D_WIN32_WINNT=1536 -DGRPC_XDS_USER_AGENT_NAME_SUFFIX=\"Python\" -DGRPC_XDS_USER_AGENT_VERSION_SUFFIX=\"1.79.0.dev0\" -DHAVE_CONFIG_H=1 -DGRPC_ENABLE_FORK_SUPPORT=1 -DGRPC_ENABLE_FORK_SUPPORT_DEFAULT=false -DGRPC_PYTHON_BUILD=1 -D__STDC_FORMAT_MACROS "-DPyMODINIT_FUNC=extern \"C\" __attribute__((visibility (\"default\"))) PyObject*" -DGRPC_POSIX_FORK_ALLOW_PTHREAD_ATFORK=1 -Isrc/python/grpcio -Iinclude -I. -Ithird_party/abseil-cpp -Ithird_party/address_sorting/include -Ithird_party/cares/cares/include -Ithird_party/cares -Ithird_party/cares/cares -Ithird_party/cares/cares/src/lib/include -Ithird_party/cares/cares/src/lib -Ithird_party/cares/config_linux -Ithird_party/re2 -Ithird_party/boringssl-with-bazel/src/include -Ithird_party/upb -Isrc/core/ext/upb-gen -Isrc/core/ext/upbdefs-gen -Ithird_party/utf8_range -Ithird_party/xxhash -Ithird_party/zlib -I/usr/local/google/home/ssreenithi/.pyenv/versions/3.12.0/envs/pyvenv_312/include -I/usr/local/google/home/ssreenithi/.pyenv/versions/3.12.0/include/python3.12 -c src/core/ext/upb-gen/envoy/config/trace/v3/zipkin.upb_minitable.c -o pyb/temp.linux-x86_64-cpython-312/src/core/ext/upb-gen/envoy/config/trace/v3/zipkin.upb_minitable.o -fvisibility=hidden -fno-wrapv -fno-exceptions -pthread
      gcc -fno-strict-overflow -Wsign-compare -DNDEBUG -g -O3 -Wall -fPIC -D_WIN32_WINNT=1536 -DGRPC_XDS_USER_AGENT_NAME_SUFFIX=\"Python\" -DGRPC_XDS_USER_AGENT_VERSION_SUFFIX=\"1.79.0.dev0\" -DHAVE_CONFIG_H=1 -DGRPC_ENABLE_FORK_SUPPORT=1 -DGRPC_ENABLE_FORK_SUPPORT_DEFAULT=false -DGRPC_PYTHON_BUILD=1 -D__STDC_FORMAT_MACROS "-DPyMODINIT_FUNC=extern \"C\" __attribute__((visibility (\"default\"))) PyObject*" -DGRPC_POSIX_FORK_ALLOW_PTHREAD_ATFORK=1 -Isrc/python/grpcio -Iinclude -I. -Ithird_party/abseil-cpp -Ithird_party/address_sorting/include -Ithird_party/cares/cares/include -Ithird_party/cares -Ithird_party/cares/cares -Ithird_party/cares/cares/src/lib/include -Ithird_party/cares/cares/src/lib -Ithird_party/cares/config_linux -Ithird_party/re2 -Ithird_party/boringssl-with-bazel/src/include -Ithird_party/upb -Isrc/core/ext/upb-gen -Isrc/core/ext/upbdefs-gen -Ithird_party/utf8_range -Ithird_party/xxhash -Ithird_party/zlib -I/usr/local/google/home/ssreenithi/.pyenv/versions/3.12.0/envs/pyvenv_312/include -I/usr/local/google/home/ssreenithi/.pyenv/versions/3.12.0/include/python3.12 -c src/core/ext/upb-gen/envoy/type/matcher/v3/metadata.upb_minitable.c -o pyb/temp.linux-x86_64-cpython-312/src/core/ext/upb-gen/envoy/type/matcher/v3/metadata.upb_minitable.o -fvisibility=hidden -fno-wrapv -fno-exceptions -pthread
      gcc -fno-strict-overflow -Wsign-compare -DNDEBUG -g -O3 -Wall -fPIC -D_WIN32_WINNT=1536 -DGRPC_XDS_USER_AGENT_NAME_SUFFIX=\"Python\" -DGRPC_XDS_USER_AGENT_VERSION_SUFFIX=\"1.79.0.dev0\" -DHAVE_CONFIG_H=1 -DGRPC_ENABLE_FORK_SUPPORT=1 -DGRPC_ENABLE_FORK_SUPPORT_DEFAULT=false -DGRPC_PYTHON_BUILD=1 -D__STDC_FORMAT_MACROS "-DPyMODINIT_FUNC=extern \"C\" __attribute__((visibility (\"default\"))) PyObject*" -DGRPC_POSIX_FORK_ALLOW_PTHREAD_ATFORK=1 -Isrc/python/grpcio -Iinclude -I. -Ithird_party/abseil-cpp -Ithird_party/address_sorting/include -Ithird_party/cares/cares/include -Ithird_party/cares -Ithird_party/cares/cares -Ithird_party/cares/cares/src/lib/include -Ithird_party/cares/cares/src/lib -Ithird_party/cares/config_linux -Ithird_party/re2 -Ithird_party/boringssl-with-bazel/src/include -Ithird_party/upb -Isrc/core/ext/upb-gen -Isrc/core/ext/upbdefs-gen -Ithird_party/utf8_range -Ithird_party/xxhash -Ithird_party/zlib -I/usr/local/google/home/ssreenithi/.pyenv/versions/3.12.0/envs/pyvenv_312/include -I/usr/local/google/home/ssreenithi/.pyenv/versions/3.12.0/include/python3.12 -c src/core/ext/upbdefs-gen/envoy/extensions/filters/http/stateful_session/v3/stateful_session.upbdefs.c -o pyb/temp.linux-x86_64-cpython-312/src/core/ext/upbdefs-gen/envoy/extensions/filters/http/stateful_session/v3/stateful_session.upbdefs.o -fvisibility=hidden -fno-wrapv -fno-exceptions -pthread
      gcc -fno-strict-overflow -Wsign-compare -DNDEBUG -g -O3 -Wall -fPIC -D_WIN32_WINNT=1536 -DGRPC_XDS_USER_AGENT_NAME_SUFFIX=\"Python\" -DGRPC_XDS_USER_AGENT_VERSION_SUFFIX=\"1.79.0.dev0\" -DHAVE_CONFIG_H=1 -DGRPC_ENABLE_FORK_SUPPORT=1 -DGRPC_ENABLE_FORK_SUPPORT_DEFAULT=false -DGRPC_PYTHON_BUILD=1 -D__STDC_FORMAT_MACROS "-DPyMODINIT_FUNC=extern \"C\" __attribute__((visibility (\"default\"))) PyObject*" -DGRPC_POSIX_FORK_ALLOW_PTHREAD_ATFORK=1 -Isrc/python/grpcio -Iinclude -I. -Ithird_party/abseil-cpp -Ithird_party/address_sorting/include -Ithird_party/cares/cares/include -Ithird_party/cares -Ithird_party/cares/cares -Ithird_party/cares/cares/src/lib/include -Ithird_party/cares/cares/src/lib -Ithird_party/cares/config_linux -Ithird_party/re2 -Ithird_party/boringssl-with-bazel/src/include -Ithird_party/upb -Isrc/core/ext/upb-gen -Isrc/core/ext/upbdefs-gen -Ithird_party/utf8_range -Ithird_party/xxhash -Ithird_party/zlib -I/usr/local/google/home/ssreenithi/.pyenv/versions/3.12.0/envs/pyvenv_312/include -I/usr/local/google/home/ssreenithi/.pyenv/versions/3.12.0/include/python3.12 -c src/core/ext/upbdefs-gen/envoy/config/core/v3/http_service.upbdefs.c -o pyb/temp.linux-x86_64-cpython-312/src/core/ext/upbdefs-gen/envoy/config/core/v3/http_service.upbdefs.o -fvisibility=hidden -fno-wrapv -fno-exceptions -pthread
      gcc -fno-strict-overflow -Wsign-compare -DNDEBUG -g -O3 -Wall -fPIC -D_WIN32_WINNT=1536 -DGRPC_XDS_USER_AGENT_NAME_SUFFIX=\"Python\" -DGRPC_XDS_USER_AGENT_VERSION_SUFFIX=\"1.79.0.dev0\" -DHAVE_CONFIG_H=1 -DGRPC_ENABLE_FORK_SUPPORT=1 -DGRPC_ENABLE_FORK_SUPPORT_DEFAULT=false -DGRPC_PYTHON_BUILD=1 -D__STDC_FORMAT_MACROS "-DPyMODINIT_FUNC=extern \"C\" __attribute__((visibility (\"default\"))) PyObject*" -DGRPC_POSIX_FORK_ALLOW_PTHREAD_ATFORK=1 -Isrc/python/grpcio -Iinclude -I. -Ithird_party/abseil-cpp -Ithird_party/address_sorting/include -Ithird_party/cares/cares/include -Ithird_party/cares -Ithird_party/cares/cares -Ithird_party/cares/cares/src/lib/include -Ithird_party/cares/cares/src/lib -Ithird_party/cares/config_linux -Ithird_party/re2 -Ithird_party/boringssl-with-bazel/src/include -Ithird_party/upb -Isrc/core/ext/upb-gen -Isrc/core/ext/upbdefs-gen -Ithird_party/utf8_range -Ithird_party/xxhash -Ithird_party/zlib -I/usr/local/google/home/ssreenithi/.pyenv/versions/3.12.0/envs/pyvenv_312/include -I/usr/local/google/home/ssreenithi/.pyenv/versions/3.12.0/include/python3.12 -c src/core/ext/upbdefs-gen/envoy/config/core/v3/cel.upbdefs.c -o pyb/temp.linux-x86_64-cpython-312/src/core/ext/upbdefs-gen/envoy/config/core/v3/cel.upbdefs.o -fvisibility=hidden -fno-wrapv -fno-exceptions -pthread
      gcc -fno-strict-overflow -Wsign-compare -DNDEBUG -g -O3 -Wall -fPIC -D_WIN32_WINNT=1536 -DGRPC_XDS_USER_AGENT_NAME_SUFFIX=\"Python\" -DGRPC_XDS_USER_AGENT_VERSION_SUFFIX=\"1.79.0.dev0\" -DHAVE_CONFIG_H=1 -DGRPC_ENABLE_FORK_SUPPORT=1 -DGRPC_ENABLE_FORK_SUPPORT_DEFAULT=false -DGRPC_PYTHON_BUILD=1 -D__STDC_FORMAT_MACROS "-DPyMODINIT_FUNC=extern \"C\" __attribute__((visibility (\"default\"))) PyObject*" -DGRPC_POSIX_FORK_ALLOW_PTHREAD_ATFORK=1 -Isrc/python/grpcio -Iinclude -I. -Ithird_party/abseil-cpp -Ithird_party/address_sorting/include -Ithird_party/cares/cares/include -Ithird_party/cares -Ithird_party/cares/cares -Ithird_party/cares/cares/src/lib/include -Ithird_party/cares/cares/src/lib -Ithird_party/cares/config_linux -Ithird_party/re2 -Ithird_party/boringssl-with-bazel/src/include -Ithird_party/upb -Isrc/core/ext/upb-gen -Isrc/core/ext/upbdefs-gen -Ithird_party/utf8_range -Ithird_party/xxhash -Ithird_party/zlib -I/usr/local/google/home/ssreenithi/.pyenv/versions/3.12.0/envs/pyvenv_312/include -I/usr/local/google/home/ssreenithi/.pyenv/versions/3.12.0/include/python3.12 -c src/core/ext/upbdefs-gen/envoy/config/listener/v3/listener_components.upbdefs.c -o pyb/temp.linux-x86_64-cpython-312/src/core/ext/upbdefs-gen/envoy/config/listener/v3/listener_components.upbdefs.o -fvisibility=hidden -fno-wrapv -fno-exceptions -pthread
      gcc -fno-strict-overflow -Wsign-compare -DNDEBUG -g -O3 -Wall -fPIC -D_WIN32_WINNT=1536 -DGRPC_XDS_USER_AGENT_NAME_SUFFIX=\"Python\" -DGRPC_XDS_USER_AGENT_VERSION_SUFFIX=\"1.79.0.dev0\" -DHAVE_CONFIG_H=1 -DGRPC_ENABLE_FORK_SUPPORT=1 -DGRPC_ENABLE_FORK_SUPPORT_DEFAULT=false -DGRPC_PYTHON_BUILD=1 -D__STDC_FORMAT_MACROS "-DPyMODINIT_FUNC=extern \"C\" __attribute__((visibility (\"default\"))) PyObject*" -DGRPC_POSIX_FORK_ALLOW_PTHREAD_ATFORK=1 -Isrc/python/grpcio -Iinclude -I. -Ithird_party/abseil-cpp -Ithird_party/address_sorting/include -Ithird_party/cares/cares/include -Ithird_party/cares -Ithird_party/cares/cares -Ithird_party/cares/cares/src/lib/include -Ithird_party/cares/cares/src/lib -Ithird_party/cares/config_linux -Ithird_party/re2 -Ithird_party/boringssl-with-bazel/src/include -Ithird_party/upb -Isrc/core/ext/upb-gen -Isrc/core/ext/upbdefs-gen -Ithird_party/utf8_range -Ithird_party/xxhash -Ithird_party/zlib -I/usr/local/google/home/ssreenithi/.pyenv/versions/3.12.0/envs/pyvenv_312/include -I/usr/local/google/home/ssreenithi/.pyenv/versions/3.12.0/include/python3.12 -c src/core/ext/upbdefs-gen/envoy/extensions/transport_sockets/tls/v3/tls.upbdefs.c -o pyb/temp.linux-x86_64-cpython-312/src/core/ext/upbdefs-gen/envoy/extensions/transport_sockets/tls/v3/tls.upbdefs.o -fvisibility=hidden -fno-wrapv -fno-exceptions -pthread
      gcc -fno-strict-overflow -Wsign-compare -DNDEBUG -g -O3 -Wall -fPIC -D_WIN32_WINNT=1536 -DGRPC_XDS_USER_AGENT_NAME_SUFFIX=\"Python\" -DGRPC_XDS_USER_AGENT_VERSION_SUFFIX=\"1.79.0.dev0\" -DHAVE_CONFIG_H=1 -DGRPC_ENABLE_FORK_SUPPORT=1 -DGRPC_ENABLE_FORK_SUPPORT_DEFAULT=false -DGRPC_PYTHON_BUILD=1 -D__STDC_FORMAT_MACROS "-DPyMODINIT_FUNC=extern \"C\" __attribute__((visibility (\"default\"))) PyObject*" -DGRPC_POSIX_FORK_ALLOW_PTHREAD_ATFORK=1 -Isrc/python/grpcio -Iinclude -I. -Ithird_party/abseil-cpp -Ithird_party/address_sorting/include -Ithird_party/cares/cares/include -Ithird_party/cares -Ithird_party/cares/cares -Ithird_party/cares/cares/src/lib/include -Ithird_party/cares/cares/src/lib -Ithird_party/cares/config_linux -Ithird_party/re2 -Ithird_party/boringssl-with-bazel/src/include -Ithird_party/upb -Isrc/core/ext/upb-gen -Isrc/core/ext/upbdefs-gen -Ithird_party/utf8_range -Ithird_party/xxhash -Ithird_party/zlib -I/usr/local/google/home/ssreenithi/.pyenv/versions/3.12.0/envs/pyvenv_312/include -I/usr/local/google/home/ssreenithi/.pyenv/versions/3.12.0/include/python3.12 -c src/core/ext/upb-gen/envoy/extensions/filters/http/router/v3/router.upb_minitable.c -o pyb/temp.linux-x86_64-cpython-312/src/core/ext/upb-gen/envoy/extensions/filters/http/router/v3/router.upb_minitable.o -fvisibility=hidden -fno-wrapv -fno-exceptions -pthread
      gcc -fno-strict-overflow -Wsign-compare -DNDEBUG -g -O3 -Wall -fPIC -D_WIN32_WINNT=1536 -DGRPC_XDS_USER_AGENT_NAME_SUFFIX=\"Python\" -DGRPC_XDS_USER_AGENT_VERSION_SUFFIX=\"1.79.0.dev0\" -DHAVE_CONFIG_H=1 -DGRPC_ENABLE_FORK_SUPPORT=1 -DGRPC_ENABLE_FORK_SUPPORT_DEFAULT=false -DGRPC_PYTHON_BUILD=1 -D__STDC_FORMAT_MACROS "-DPyMODINIT_FUNC=extern \"C\" __attribute__((visibility (\"default\"))) PyObject*" -DGRPC_POSIX_FORK_ALLOW_PTHREAD_ATFORK=1 -Isrc/python/grpcio -Iinclude -I. -Ithird_party/abseil-cpp -Ithird_party/address_sorting/include -Ithird_party/cares/cares/include -Ithird_party/cares -Ithird_party/cares/cares -Ithird_party/cares/cares/src/lib/include -Ithird_party/cares/cares/src/lib -Ithird_party/cares/config_linux -Ithird_party/re2 -Ithird_party/boringssl-with-bazel/src/include -Ithird_party/upb -Isrc/core/ext/upb-gen -Isrc/core/ext/upbdefs-gen -Ithird_party/utf8_range -Ithird_party/xxhash -Ithird_party/zlib -I/usr/local/google/home/ssreenithi/.pyenv/versions/3.12.0/envs/pyvenv_312/include -I/usr/local/google/home/ssreenithi/.pyenv/versions/3.12.0/include/python3.12 -c src/core/ext/upb-gen/envoy/extensions/load_balancing_policies/client_side_weighted_round_robin/v3/client_side_weighted_round_robin.upb_minitable.c -o pyb/temp.linux-x86_64-cpython-312/src/core/ext/upb-gen/envoy/extensions/load_balancing_policies/client_side_weighted_round_robin/v3/client_side_weighted_round_robin.upb_minitable.o -fvisibility=hidden -fno-wrapv -fno-exceptions -pthread
      gcc -fno-strict-overflow -Wsign-compare -DNDEBUG -g -O3 -Wall -fPIC -D_WIN32_WINNT=1536 -DGRPC_XDS_USER_AGENT_NAME_SUFFIX=\"Python\" -DGRPC_XDS_USER_AGENT_VERSION_SUFFIX=\"1.79.0.dev0\" -DHAVE_CONFIG_H=1 -DGRPC_ENABLE_FORK_SUPPORT=1 -DGRPC_ENABLE_FORK_SUPPORT_DEFAULT=false -DGRPC_PYTHON_BUILD=1 -D__STDC_FORMAT_MACROS "-DPyMODINIT_FUNC=extern \"C\" __attribute__((visibility (\"default\"))) PyObject*" -DGRPC_POSIX_FORK_ALLOW_PTHREAD_ATFORK=1 -Isrc/python/grpcio -Iinclude -I. -Ithird_party/abseil-cpp -Ithird_party/address_sorting/include -Ithird_party/cares/cares/include -Ithird_party/cares -Ithird_party/cares/cares -Ithird_party/cares/cares/src/lib/include -Ithird_party/cares/cares/src/lib -Ithird_party/cares/config_linux -Ithird_party/re2 -Ithird_party/boringssl-with-bazel/src/include -Ithird_party/upb -Isrc/core/ext/upb-gen -Isrc/core/ext/upbdefs-gen -Ithird_party/utf8_range -Ithird_party/xxhash -Ithird_party/zlib -I/usr/local/google/home/ssreenithi/.pyenv/versions/3.12.0/envs/pyvenv_312/include -I/usr/local/google/home/ssreenithi/.pyenv/versions/3.12.0/include/python3.12 -c src/core/ext/upbdefs-gen/envoy/data/accesslog/v3/accesslog.upbdefs.c -o pyb/temp.linux-x86_64-cpython-312/src/core/ext/upbdefs-gen/envoy/data/accesslog/v3/accesslog.upbdefs.o -fvisibility=hidden -fno-wrapv -fno-exceptions -pthread
      gcc -fno-strict-overflow -Wsign-compare -DNDEBUG -g -O3 -Wall -fPIC -D_WIN32_WINNT=1536 -DGRPC_XDS_USER_AGENT_NAME_SUFFIX=\"Python\" -DGRPC_XDS_USER_AGENT_VERSION_SUFFIX=\"1.79.0.dev0\" -DHAVE_CONFIG_H=1 -DGRPC_ENABLE_FORK_SUPPORT=1 -DGRPC_ENABLE_FORK_SUPPORT_DEFAULT=false -DGRPC_PYTHON_BUILD=1 -D__STDC_FORMAT_MACROS "-DPyMODINIT_FUNC=extern \"C\" __attribute__((visibility (\"default\"))) PyObject*" -DGRPC_POSIX_FORK_ALLOW_PTHREAD_ATFORK=1 -Isrc/python/grpcio -Iinclude -I. -Ithird_party/abseil-cpp -Ithird_party/address_sorting/include -Ithird_party/cares/cares/include -Ithird_party/cares -Ithird_party/cares/cares -Ithird_party/cares/cares/src/lib/include -Ithird_party/cares/cares/src/lib -Ithird_party/cares/config_linux -Ithird_party/re2 -Ithird_party/boringssl-with-bazel/src/include -Ithird_party/upb -Isrc/core/ext/upb-gen -Isrc/core/ext/upbdefs-gen -Ithird_party/utf8_range -Ithird_party/xxhash -Ithird_party/zlib -I/usr/local/google/home/ssreenithi/.pyenv/versions/3.12.0/envs/pyvenv_312/include -I/usr/local/google/home/ssreenithi/.pyenv/versions/3.12.0/include/python3.12 -c src/core/ext/upb-gen/envoy/service/load_stats/v3/lrs.upb_minitable.c -o pyb/temp.linux-x86_64-cpython-312/src/core/ext/upb-gen/envoy/service/load_stats/v3/lrs.upb_minitable.o -fvisibility=hidden -fno-wrapv -fno-exceptions -pthread
      gcc -fno-strict-overflow -Wsign-compare -DNDEBUG -g -O3 -Wall -fPIC -D_WIN32_WINNT=1536 -DGRPC_XDS_USER_AGENT_NAME_SUFFIX=\"Python\" -DGRPC_XDS_USER_AGENT_VERSION_SUFFIX=\"1.79.0.dev0\" -DHAVE_CONFIG_H=1 -DGRPC_ENABLE_FORK_SUPPORT=1 -DGRPC_ENABLE_FORK_SUPPORT_DEFAULT=false -DGRPC_PYTHON_BUILD=1 -D__STDC_FORMAT_MACROS "-DPyMODINIT_FUNC=extern \"C\" __attribute__((visibility (\"default\"))) PyObject*" -DGRPC_POSIX_FORK_ALLOW_PTHREAD_ATFORK=1 -Isrc/python/grpcio -Iinclude -I. -Ithird_party/abseil-cpp -Ithird_party/address_sorting/include -Ithird_party/cares/cares/include -Ithird_party/cares -Ithird_party/cares/cares -Ithird_party/cares/cares/src/lib/include -Ithird_party/cares/cares/src/lib -Ithird_party/cares/config_linux -Ithird_party/re2 -Ithird_party/boringssl-with-bazel/src/include -Ithird_party/upb -Isrc/core/ext/upb-gen -Isrc/core/ext/upbdefs-gen -Ithird_party/utf8_range -Ithird_party/xxhash -Ithird_party/zlib -I/usr/local/google/home/ssreenithi/.pyenv/versions/3.12.0/envs/pyvenv_312/include -I/usr/local/google/home/ssreenithi/.pyenv/versions/3.12.0/include/python3.12 -c src/core/ext/upbdefs-gen/envoy/config/route/v3/route.upbdefs.c -o pyb/temp.linux-x86_64-cpython-312/src/core/ext/upbdefs-gen/envoy/config/route/v3/route.upbdefs.o -fvisibility=hidden -fno-wrapv -fno-exceptions -pthread
      gcc -fno-strict-overflow -Wsign-compare -DNDEBUG -g -O3 -Wall -fPIC -D_WIN32_WINNT=1536 -DGRPC_XDS_USER_AGENT_NAME_SUFFIX=\"Python\" -DGRPC_XDS_USER_AGENT_VERSION_SUFFIX=\"1.79.0.dev0\" -DHAVE_CONFIG_H=1 -DGRPC_ENABLE_FORK_SUPPORT=1 -DGRPC_ENABLE_FORK_SUPPORT_DEFAULT=false -DGRPC_PYTHON_BUILD=1 -D__STDC_FORMAT_MACROS "-DPyMODINIT_FUNC=extern \"C\" __attribute__((visibility (\"default\"))) PyObject*" -DGRPC_POSIX_FORK_ALLOW_PTHREAD_ATFORK=1 -Isrc/python/grpcio -Iinclude -I. -Ithird_party/abseil-cpp -Ithird_party/address_sorting/include -Ithird_party/cares/cares/include -Ithird_party/cares -Ithird_party/cares/cares -Ithird_party/cares/cares/src/lib/include -Ithird_party/cares/cares/src/lib -Ithird_party/cares/config_linux -Ithird_party/re2 -Ithird_party/boringssl-with-bazel/src/include -Ithird_party/upb -Isrc/core/ext/upb-gen -Isrc/core/ext/upbdefs-gen -Ithird_party/utf8_range -Ithird_party/xxhash -Ithird_party/zlib -I/usr/local/google/home/ssreenithi/.pyenv/versions/3.12.0/envs/pyvenv_312/include -I/usr/local/google/home/ssreenithi/.pyenv/versions/3.12.0/include/python3.12 -c src/core/ext/upb-gen/envoy/config/listener/v3/listener.upb_minitable.c -o pyb/temp.linux-x86_64-cpython-312/src/core/ext/upb-gen/envoy/config/listener/v3/listener.upb_minitable.o -fvisibility=hidden -fno-wrapv -fno-exceptions -pthread
      gcc -fno-strict-overflow -Wsign-compare -DNDEBUG -g -O3 -Wall -fPIC -D_WIN32_WINNT=1536 -DGRPC_XDS_USER_AGENT_NAME_SUFFIX=\"Python\" -DGRPC_XDS_USER_AGENT_VERSION_SUFFIX=\"1.79.0.dev0\" -DHAVE_CONFIG_H=1 -DGRPC_ENABLE_FORK_SUPPORT=1 -DGRPC_ENABLE_FORK_SUPPORT_DEFAULT=false -DGRPC_PYTHON_BUILD=1 -D__STDC_FORMAT_MACROS "-DPyMODINIT_FUNC=extern \"C\" __attribute__((visibility (\"default\"))) PyObject*" -DGRPC_POSIX_FORK_ALLOW_PTHREAD_ATFORK=1 -Isrc/python/grpcio -Iinclude -I. -Ithird_party/abseil-cpp -Ithird_party/address_sorting/include -Ithird_party/cares/cares/include -Ithird_party/cares -Ithird_party/cares/cares -Ithird_party/cares/cares/src/lib/include -Ithird_party/cares/cares/src/lib -Ithird_party/cares/config_linux -Ithird_party/re2 -Ithird_party/boringssl-with-bazel/src/include -Ithird_party/upb -Isrc/core/ext/upb-gen -Isrc/core/ext/upbdefs-gen -Ithird_party/utf8_range -Ithird_party/xxhash -Ithird_party/zlib -I/usr/local/google/home/ssreenithi/.pyenv/versions/3.12.0/envs/pyvenv_312/include -I/usr/local/google/home/ssreenithi/.pyenv/versions/3.12.0/include/python3.12 -c src/core/ext/upb-gen/envoy/type/matcher/v3/struct.upb_minitable.c -o pyb/temp.linux-x86_64-cpython-312/src/core/ext/upb-gen/envoy/type/matcher/v3/struct.upb_minitable.o -fvisibility=hidden -fno-wrapv -fno-exceptions -pthread
      gcc -fno-strict-overflow -Wsign-compare -DNDEBUG -g -O3 -Wall -fPIC -D_WIN32_WINNT=1536 -DGRPC_XDS_USER_AGENT_NAME_SUFFIX=\"Python\" -DGRPC_XDS_USER_AGENT_VERSION_SUFFIX=\"1.79.0.dev0\" -DHAVE_CONFIG_H=1 -DGRPC_ENABLE_FORK_SUPPORT=1 -DGRPC_ENABLE_FORK_SUPPORT_DEFAULT=false -DGRPC_PYTHON_BUILD=1 -D__STDC_FORMAT_MACROS "-DPyMODINIT_FUNC=extern \"C\" __attribute__((visibility (\"default\"))) PyObject*" -DGRPC_POSIX_FORK_ALLOW_PTHREAD_ATFORK=1 -Isrc/python/grpcio -Iinclude -I. -Ithird_party/abseil-cpp -Ithird_party/address_sorting/include -Ithird_party/cares/cares/include -Ithird_party/cares -Ithird_party/cares/cares -Ithird_party/cares/cares/src/lib/include -Ithird_party/cares/cares/src/lib -Ithird_party/cares/config_linux -Ithird_party/re2 -Ithird_party/boringssl-with-bazel/src/include -Ithird_party/upb -Isrc/core/ext/upb-gen -Isrc/core/ext/upbdefs-gen -Ithird_party/utf8_range -Ithird_party/xxhash -Ithird_party/zlib -I/usr/local/google/home/ssreenithi/.pyenv/versions/3.12.0/envs/pyvenv_312/include -I/usr/local/google/home/ssreenithi/.pyenv/versions/3.12.0/include/python3.12 -c src/core/ext/upb-gen/envoy/extensions/transport_sockets/tls/v3/common.upb_minitable.c -o pyb/temp.linux-x86_64-cpython-312/src/core/ext/upb-gen/envoy/extensions/transport_sockets/tls/v3/common.upb_minitable.o -fvisibility=hidden -fno-wrapv -fno-exceptions -pthread
      gcc -fno-strict-overflow -Wsign-compare -DNDEBUG -g -O3 -Wall -fPIC -D_WIN32_WINNT=1536 -DGRPC_XDS_USER_AGENT_NAME_SUFFIX=\"Python\" -DGRPC_XDS_USER_AGENT_VERSION_SUFFIX=\"1.79.0.dev0\" -DHAVE_CONFIG_H=1 -DGRPC_ENABLE_FORK_SUPPORT=1 -DGRPC_ENABLE_FORK_SUPPORT_DEFAULT=false -DGRPC_PYTHON_BUILD=1 -D__STDC_FORMAT_MACROS "-DPyMODINIT_FUNC=extern \"C\" __attribute__((visibility (\"default\"))) PyObject*" -DGRPC_POSIX_FORK_ALLOW_PTHREAD_ATFORK=1 -Isrc/python/grpcio -Iinclude -I. -Ithird_party/abseil-cpp -Ithird_party/address_sorting/include -Ithird_party/cares/cares/include -Ithird_party/cares -Ithird_party/cares/cares -Ithird_party/cares/cares/src/lib/include -Ithird_party/cares/cares/src/lib -Ithird_party/cares/config_linux -Ithird_party/re2 -Ithird_party/boringssl-with-bazel/src/include -Ithird_party/upb -Isrc/core/ext/upb-gen -Isrc/core/ext/upbdefs-gen -Ithird_party/utf8_range -Ithird_party/xxhash -Ithird_party/zlib -I/usr/local/google/home/ssreenithi/.pyenv/versions/3.12.0/envs/pyvenv_312/include -I/usr/local/google/home/ssreenithi/.pyenv/versions/3.12.0/include/python3.12 -c src/core/ext/upb-gen/envoy/admin/v3/tap.upb_minitable.c -o pyb/temp.linux-x86_64-cpython-312/src/core/ext/upb-gen/envoy/admin/v3/tap.upb_minitable.o -fvisibility=hidden -fno-wrapv -fno-exceptions -pthread
      gcc -fno-strict-overflow -Wsign-compare -DNDEBUG -g -O3 -Wall -fPIC -D_WIN32_WINNT=1536 -DGRPC_XDS_USER_AGENT_NAME_SUFFIX=\"Python\" -DGRPC_XDS_USER_AGENT_VERSION_SUFFIX=\"1.79.0.dev0\" -DHAVE_CONFIG_H=1 -DGRPC_ENABLE_FORK_SUPPORT=1 -DGRPC_ENABLE_FORK_SUPPORT_DEFAULT=false -DGRPC_PYTHON_BUILD=1 -D__STDC_FORMAT_MACROS "-DPyMODINIT_FUNC=extern \"C\" __attribute__((visibility (\"default\"))) PyObject*" -DGRPC_POSIX_FORK_ALLOW_PTHREAD_ATFORK=1 -Isrc/python/grpcio -Iinclude -I. -Ithird_party/abseil-cpp -Ithird_party/address_sorting/include -Ithird_party/cares/cares/include -Ithird_party/cares -Ithird_party/cares/cares -Ithird_party/cares/cares/src/lib/include -Ithird_party/cares/cares/src/lib -Ithird_party/cares/config_linux -Ithird_party/re2 -Ithird_party/boringssl-with-bazel/src/include -Ithird_party/upb -Isrc/core/ext/upb-gen -Isrc/core/ext/upbdefs-gen -Ithird_party/utf8_range -Ithird_party/xxhash -Ithird_party/zlib -I/usr/local/google/home/ssreenithi/.pyenv/versions/3.12.0/envs/pyvenv_312/include -I/usr/local/google/home/ssreenithi/.pyenv/versions/3.12.0/include/python3.12 -c src/core/ext/upb-gen/xds/type/matcher/v3/ip.upb_minitable.c -o pyb/temp.linux-x86_64-cpython-312/src/core/ext/upb-gen/xds/type/matcher/v3/ip.upb_minitable.o -fvisibility=hidden -fno-wrapv -fno-exceptions -pthread
      gcc -fno-strict-overflow -Wsign-compare -DNDEBUG -g -O3 -Wall -fPIC -D_WIN32_WINNT=1536 -DGRPC_XDS_USER_AGENT_NAME_SUFFIX=\"Python\" -DGRPC_XDS_USER_AGENT_VERSION_SUFFIX=\"1.79.0.dev0\" -DHAVE_CONFIG_H=1 -DGRPC_ENABLE_FORK_SUPPORT=1 -DGRPC_ENABLE_FORK_SUPPORT_DEFAULT=false -DGRPC_PYTHON_BUILD=1 -D__STDC_FORMAT_MACROS "-DPyMODINIT_FUNC=extern \"C\" __attribute__((visibility (\"default\"))) PyObject*" -DGRPC_POSIX_FORK_ALLOW_PTHREAD_ATFORK=1 -Isrc/python/grpcio -Iinclude -I. -Ithird_party/abseil-cpp -Ithird_party/address_sorting/include -Ithird_party/cares/cares/include -Ithird_party/cares -Ithird_party/cares/cares -Ithird_party/cares/cares/src/lib/include -Ithird_party/cares/cares/src/lib -Ithird_party/cares/config_linux -Ithird_party/re2 -Ithird_party/boringssl-with-bazel/src/include -Ithird_party/upb -Isrc/core/ext/upb-gen -Isrc/core/ext/upbdefs-gen -Ithird_party/utf8_range -Ithird_party/xxhash -Ithird_party/zlib -I/usr/local/google/home/ssreenithi/.pyenv/versions/3.12.0/envs/pyvenv_312/include -I/usr/local/google/home/ssreenithi/.pyenv/versions/3.12.0/include/python3.12 -c src/core/ext/upb-gen/src/proto/grpc/lb/v1/load_balancer.upb_minitable.c -o pyb/temp.linux-x86_64-cpython-312/src/core/ext/upb-gen/src/proto/grpc/lb/v1/load_balancer.upb_minitable.o -fvisibility=hidden -fno-wrapv -fno-exceptions -pthread
      gcc -fno-strict-overflow -Wsign-compare -DNDEBUG -g -O3 -Wall -fPIC -D_WIN32_WINNT=1536 -DGRPC_XDS_USER_AGENT_NAME_SUFFIX=\"Python\" -DGRPC_XDS_USER_AGENT_VERSION_SUFFIX=\"1.79.0.dev0\" -DHAVE_CONFIG_H=1 -DGRPC_ENABLE_FORK_SUPPORT=1 -DGRPC_ENABLE_FORK_SUPPORT_DEFAULT=false -DGRPC_PYTHON_BUILD=1 -D__STDC_FORMAT_MACROS "-DPyMODINIT_FUNC=extern \"C\" __attribute__((visibility (\"default\"))) PyObject*" -DGRPC_POSIX_FORK_ALLOW_PTHREAD_ATFORK=1 -Isrc/python/grpcio -Iinclude -I. -Ithird_party/abseil-cpp -Ithird_party/address_sorting/include -Ithird_party/cares/cares/include -Ithird_party/cares -Ithird_party/cares/cares -Ithird_party/cares/cares/src/lib/include -Ithird_party/cares/cares/src/lib -Ithird_party/cares/config_linux -Ithird_party/re2 -Ithird_party/boringssl-with-bazel/src/include -Ithird_party/upb -Isrc/core/ext/upb-gen -Isrc/core/ext/upbdefs-gen -Ithird_party/utf8_range -Ithird_party/xxhash -Ithird_party/zlib -I/usr/local/google/home/ssreenithi/.pyenv/versions/3.12.0/envs/pyvenv_312/include -I/usr/local/google/home/ssreenithi/.pyenv/versions/3.12.0/include/python3.12 -c src/core/ext/upb-gen/xds/type/v3/typed_struct.upb_minitable.c -o pyb/temp.linux-x86_64-cpython-312/src/core/ext/upb-gen/xds/type/v3/typed_struct.upb_minitable.o -fvisibility=hidden -fno-wrapv -fno-exceptions -pthread
      gcc -fno-strict-overflow -Wsign-compare -DNDEBUG -g -O3 -Wall -fPIC -D_WIN32_WINNT=1536 -DGRPC_XDS_USER_AGENT_NAME_SUFFIX=\"Python\" -DGRPC_XDS_USER_AGENT_VERSION_SUFFIX=\"1.79.0.dev0\" -DHAVE_CONFIG_H=1 -DGRPC_ENABLE_FORK_SUPPORT=1 -DGRPC_ENABLE_FORK_SUPPORT_DEFAULT=false -DGRPC_PYTHON_BUILD=1 -D__STDC_FORMAT_MACROS "-DPyMODINIT_FUNC=extern \"C\" __attribute__((visibility (\"default\"))) PyObject*" -DGRPC_POSIX_FORK_ALLOW_PTHREAD_ATFORK=1 -Isrc/python/grpcio -Iinclude -I. -Ithird_party/abseil-cpp -Ithird_party/address_sorting/include -Ithird_party/cares/cares/include -Ithird_party/cares -Ithird_party/cares/cares -Ithird_party/cares/cares/src/lib/include -Ithird_party/cares/cares/src/lib -Ithird_party/cares/config_linux -Ithird_party/re2 -Ithird_party/boringssl-with-bazel/src/include -Ithird_party/upb -Isrc/core/ext/upb-gen -Isrc/core/ext/upbdefs-gen -Ithird_party/utf8_range -Ithird_party/xxhash -Ithird_party/zlib -I/usr/local/google/home/ssreenithi/.pyenv/versions/3.12.0/envs/pyvenv_312/include -I/usr/local/google/home/ssreenithi/.pyenv/versions/3.12.0/include/python3.12 -c src/core/ext/upb-gen/envoy/type/v3/percent.upb_minitable.c -o pyb/temp.linux-x86_64-cpython-312/src/core/ext/upb-gen/envoy/type/v3/percent.upb_minitable.o -fvisibility=hidden -fno-wrapv -fno-exceptions -pthread
      gcc -fno-strict-overflow -Wsign-compare -DNDEBUG -g -O3 -Wall -fPIC -D_WIN32_WINNT=1536 -DGRPC_XDS_USER_AGENT_NAME_SUFFIX=\"Python\" -DGRPC_XDS_USER_AGENT_VERSION_SUFFIX=\"1.79.0.dev0\" -DHAVE_CONFIG_H=1 -DGRPC_ENABLE_FORK_SUPPORT=1 -DGRPC_ENABLE_FORK_SUPPORT_DEFAULT=false -DGRPC_PYTHON_BUILD=1 -D__STDC_FORMAT_MACROS "-DPyMODINIT_FUNC=extern \"C\" __attribute__((visibility (\"default\"))) PyObject*" -DGRPC_POSIX_FORK_ALLOW_PTHREAD_ATFORK=1 -Isrc/python/grpcio -Iinclude -I. -Ithird_party/abseil-cpp -Ithird_party/address_sorting/include -Ithird_party/cares/cares/include -Ithird_party/cares -Ithird_party/cares/cares -Ithird_party/cares/cares/src/lib/include -Ithird_party/cares/cares/src/lib -Ithird_party/cares/config_linux -Ithird_party/re2 -Ithird_party/boringssl-with-bazel/src/include -Ithird_party/upb -Isrc/core/ext/upb-gen -Isrc/core/ext/upbdefs-gen -Ithird_party/utf8_range -Ithird_party/xxhash -Ithird_party/zlib -I/usr/local/google/home/ssreenithi/.pyenv/versions/3.12.0/envs/pyvenv_312/include -I/usr/local/google/home/ssreenithi/.pyenv/versions/3.12.0/include/python3.12 -c src/core/ext/upb-gen/envoy/config/core/v3/cel.upb_minitable.c -o pyb/temp.linux-x86_64-cpython-312/src/core/ext/upb-gen/envoy/config/core/v3/cel.upb_minitable.o -fvisibility=hidden -fno-wrapv -fno-exceptions -pthread
      gcc -fno-strict-overflow -Wsign-compare -DNDEBUG -g -O3 -Wall -fPIC -D_WIN32_WINNT=1536 -DGRPC_XDS_USER_AGENT_NAME_SUFFIX=\"Python\" -DGRPC_XDS_USER_AGENT_VERSION_SUFFIX=\"1.79.0.dev0\" -DHAVE_CONFIG_H=1 -DGRPC_ENABLE_FORK_SUPPORT=1 -DGRPC_ENABLE_FORK_SUPPORT_DEFAULT=false -DGRPC_PYTHON_BUILD=1 -D__STDC_FORMAT_MACROS "-DPyMODINIT_FUNC=extern \"C\" __attribute__((visibility (\"default\"))) PyObject*" -DGRPC_POSIX_FORK_ALLOW_PTHREAD_ATFORK=1 -Isrc/python/grpcio -Iinclude -I. -Ithird_party/abseil-cpp -Ithird_party/address_sorting/include -Ithird_party/cares/cares/include -Ithird_party/cares -Ithird_party/cares/cares -Ithird_party/cares/cares/src/lib/include -Ithird_party/cares/cares/src/lib -Ithird_party/cares/config_linux -Ithird_party/re2 -Ithird_party/boringssl-with-bazel/src/include -Ithird_party/upb -Isrc/core/ext/upb-gen -Isrc/core/ext/upbdefs-gen -Ithird_party/utf8_range -Ithird_party/xxhash -Ithird_party/zlib -I/usr/local/google/home/ssreenithi/.pyenv/versions/3.12.0/envs/pyvenv_312/include -I/usr/local/google/home/ssreenithi/.pyenv/versions/3.12.0/include/python3.12 -c src/core/ext/upb-gen/google/api/expr/v1alpha1/checked.upb_minitable.c -o pyb/temp.linux-x86_64-cpython-312/src/core/ext/upb-gen/google/api/expr/v1alpha1/checked.upb_minitable.o -fvisibility=hidden -fno-wrapv -fno-exceptions -pthread
      gcc -fno-strict-overflow -Wsign-compare -DNDEBUG -g -O3 -Wall -fPIC -D_WIN32_WINNT=1536 -DGRPC_XDS_USER_AGENT_NAME_SUFFIX=\"Python\" -DGRPC_XDS_USER_AGENT_VERSION_SUFFIX=\"1.79.0.dev0\" -DHAVE_CONFIG_H=1 -DGRPC_ENABLE_FORK_SUPPORT=1 -DGRPC_ENABLE_FORK_SUPPORT_DEFAULT=false -DGRPC_PYTHON_BUILD=1 -D__STDC_FORMAT_MACROS "-DPyMODINIT_FUNC=extern \"C\" __attribute__((visibility (\"default\"))) PyObject*" -DGRPC_POSIX_FORK_ALLOW_PTHREAD_ATFORK=1 -Isrc/python/grpcio -Iinclude -I. -Ithird_party/abseil-cpp -Ithird_party/address_sorting/include -Ithird_party/cares/cares/include -Ithird_party/cares -Ithird_party/cares/cares -Ithird_party/cares/cares/src/lib/include -Ithird_party/cares/cares/src/lib -Ithird_party/cares/config_linux -Ithird_party/re2 -Ithird_party/boringssl-with-bazel/src/include -Ithird_party/upb -Isrc/core/ext/upb-gen -Isrc/core/ext/upbdefs-gen -Ithird_party/utf8_range -Ithird_party/xxhash -Ithird_party/zlib -I/usr/local/google/home/ssreenithi/.pyenv/versions/3.12.0/envs/pyvenv_312/include -I/usr/local/google/home/ssreenithi/.pyenv/versions/3.12.0/include/python3.12 -c src/core/ext/upbdefs-gen/envoy/config/core/v3/udp_socket_config.upbdefs.c -o pyb/temp.linux-x86_64-cpython-312/src/core/ext/upbdefs-gen/envoy/config/core/v3/udp_socket_config.upbdefs.o -fvisibility=hidden -fno-wrapv -fno-exceptions -pthread
      gcc -fno-strict-overflow -Wsign-compare -DNDEBUG -g -O3 -Wall -fPIC -D_WIN32_WINNT=1536 -DGRPC_XDS_USER_AGENT_NAME_SUFFIX=\"Python\" -DGRPC_XDS_USER_AGENT_VERSION_SUFFIX=\"1.79.0.dev0\" -DHAVE_CONFIG_H=1 -DGRPC_ENABLE_FORK_SUPPORT=1 -DGRPC_ENABLE_FORK_SUPPORT_DEFAULT=false -DGRPC_PYTHON_BUILD=1 -D__STDC_FORMAT_MACROS "-DPyMODINIT_FUNC=extern \"C\" __attribute__((visibility (\"default\"))) PyObject*" -DGRPC_POSIX_FORK_ALLOW_PTHREAD_ATFORK=1 -Isrc/python/grpcio -Iinclude -I. -Ithird_party/abseil-cpp -Ithird_party/address_sorting/include -Ithird_party/cares/cares/include -Ithird_party/cares -Ithird_party/cares/cares -Ithird_party/cares/cares/src/lib/include -Ithird_party/cares/cares/src/lib -Ithird_party/cares/config_linux -Ithird_party/re2 -Ithird_party/boringssl-with-bazel/src/include -Ithird_party/upb -Isrc/core/ext/upb-gen -Isrc/core/ext/upbdefs-gen -Ithird_party/utf8_range -Ithird_party/xxhash -Ithird_party/zlib -I/usr/local/google/home/ssreenithi/.pyenv/versions/3.12.0/envs/pyvenv_312/include -I/usr/local/google/home/ssreenithi/.pyenv/versions/3.12.0/include/python3.12 -c src/core/ext/upbdefs-gen/envoy/type/matcher/v3/number.upbdefs.c -o pyb/temp.linux-x86_64-cpython-312/src/core/ext/upbdefs-gen/envoy/type/matcher/v3/number.upbdefs.o -fvisibility=hidden -fno-wrapv -fno-exceptions -pthread
      gcc -fno-strict-overflow -Wsign-compare -DNDEBUG -g -O3 -Wall -fPIC -D_WIN32_WINNT=1536 -DGRPC_XDS_USER_AGENT_NAME_SUFFIX=\"Python\" -DGRPC_XDS_USER_AGENT_VERSION_SUFFIX=\"1.79.0.dev0\" -DHAVE_CONFIG_H=1 -DGRPC_ENABLE_FORK_SUPPORT=1 -DGRPC_ENABLE_FORK_SUPPORT_DEFAULT=false -DGRPC_PYTHON_BUILD=1 -D__STDC_FORMAT_MACROS "-DPyMODINIT_FUNC=extern \"C\" __attribute__((visibility (\"default\"))) PyObject*" -DGRPC_POSIX_FORK_ALLOW_PTHREAD_ATFORK=1 -Isrc/python/grpcio -Iinclude -I. -Ithird_party/abseil-cpp -Ithird_party/address_sorting/include -Ithird_party/cares/cares/include -Ithird_party/cares -Ithird_party/cares/cares -Ithird_party/cares/cares/src/lib/include -Ithird_party/cares/cares/src/lib -Ithird_party/cares/config_linux -Ithird_party/re2 -Ithird_party/boringssl-with-bazel/src/include -Ithird_party/upb -Isrc/core/ext/upb-gen -Isrc/core/ext/upbdefs-gen -Ithird_party/utf8_range -Ithird_party/xxhash -Ithird_party/zlib -I/usr/local/google/home/ssreenithi/.pyenv/versions/3.12.0/envs/pyvenv_312/include -I/usr/local/google/home/ssreenithi/.pyenv/versions/3.12.0/include/python3.12 -c src/core/ext/upbdefs-gen/envoy/type/http/v3/cookie.upbdefs.c -o pyb/temp.linux-x86_64-cpython-312/src/core/ext/upbdefs-gen/envoy/type/http/v3/cookie.upbdefs.o -fvisibility=hidden -fno-wrapv -fno-exceptions -pthread
      g++ -fno-strict-overflow -Wsign-compare -DNDEBUG -g -O3 -Wall -fPIC -D_WIN32_WINNT=1536 -DGRPC_XDS_USER_AGENT_NAME_SUFFIX=\"Python\" -DGRPC_XDS_USER_AGENT_VERSION_SUFFIX=\"1.79.0.dev0\" -DHAVE_CONFIG_H=1 -DGRPC_ENABLE_FORK_SUPPORT=1 -DGRPC_ENABLE_FORK_SUPPORT_DEFAULT=false -DGRPC_PYTHON_BUILD=1 -D__STDC_FORMAT_MACROS "-DPyMODINIT_FUNC=extern \"C\" __attribute__((visibility (\"default\"))) PyObject*" -DGRPC_POSIX_FORK_ALLOW_PTHREAD_ATFORK=1 -Isrc/python/grpcio -Iinclude -I. -Ithird_party/abseil-cpp -Ithird_party/address_sorting/include -Ithird_party/cares/cares/include -Ithird_party/cares -Ithird_party/cares/cares -Ithird_party/cares/cares/src/lib/include -Ithird_party/cares/cares/src/lib -Ithird_party/cares/config_linux -Ithird_party/re2 -Ithird_party/boringssl-with-bazel/src/include -Ithird_party/upb -Isrc/core/ext/upb-gen -Isrc/core/ext/upbdefs-gen -Ithird_party/utf8_range -Ithird_party/xxhash -Ithird_party/zlib -I/usr/local/google/home/ssreenithi/.pyenv/versions/3.12.0/envs/pyvenv_312/include -I/usr/local/google/home/ssreenithi/.pyenv/versions/3.12.0/include/python3.12 -c src/core/credentials/transport/alts/grpc_alts_credentials_client_options.cc -o pyb/temp.linux-x86_64-cpython-312/src/core/credentials/transport/alts/grpc_alts_credentials_client_options.o -std=c++17 -fvisibility=hidden -fno-wrapv -fno-exceptions -pthread
      gcc -fno-strict-overflow -Wsign-compare -DNDEBUG -g -O3 -Wall -fPIC -D_WIN32_WINNT=1536 -DGRPC_XDS_USER_AGENT_NAME_SUFFIX=\"Python\" -DGRPC_XDS_USER_AGENT_VERSION_SUFFIX=\"1.79.0.dev0\" -DHAVE_CONFIG_H=1 -DGRPC_ENABLE_FORK_SUPPORT=1 -DGRPC_ENABLE_FORK_SUPPORT_DEFAULT=false -DGRPC_PYTHON_BUILD=1 -D__STDC_FORMAT_MACROS "-DPyMODINIT_FUNC=extern \"C\" __attribute__((visibility (\"default\"))) PyObject*" -DGRPC_POSIX_FORK_ALLOW_PTHREAD_ATFORK=1 -Isrc/python/grpcio -Iinclude -I. -Ithird_party/abseil-cpp -Ithird_party/address_sorting/include -Ithird_party/cares/cares/include -Ithird_party/cares -Ithird_party/cares/cares -Ithird_party/cares/cares/src/lib/include -Ithird_party/cares/cares/src/lib -Ithird_party/cares/config_linux -Ithird_party/re2 -Ithird_party/boringssl-with-bazel/src/include -Ithird_party/upb -Isrc/core/ext/upb-gen -Isrc/core/ext/upbdefs-gen -Ithird_party/utf8_range -Ithird_party/xxhash -Ithird_party/zlib -I/usr/local/google/home/ssreenithi/.pyenv/versions/3.12.0/envs/pyvenv_312/include -I/usr/local/google/home/ssreenithi/.pyenv/versions/3.12.0/include/python3.12 -c src/core/ext/upb-gen/google/protobuf/empty.upb_minitable.c -o pyb/temp.linux-x86_64-cpython-312/src/core/ext/upb-gen/google/protobuf/empty.upb_minitable.o -fvisibility=hidden -fno-wrapv -fno-exceptions -pthread
      gcc -fno-strict-overflow -Wsign-compare -DNDEBUG -g -O3 -Wall -fPIC -D_WIN32_WINNT=1536 -DGRPC_XDS_USER_AGENT_NAME_SUFFIX=\"Python\" -DGRPC_XDS_USER_AGENT_VERSION_SUFFIX=\"1.79.0.dev0\" -DHAVE_CONFIG_H=1 -DGRPC_ENABLE_FORK_SUPPORT=1 -DGRPC_ENABLE_FORK_SUPPORT_DEFAULT=false -DGRPC_PYTHON_BUILD=1 -D__STDC_FORMAT_MACROS "-DPyMODINIT_FUNC=extern \"C\" __attribute__((visibility (\"default\"))) PyObject*" -DGRPC_POSIX_FORK_ALLOW_PTHREAD_ATFORK=1 -Isrc/python/grpcio -Iinclude -I. -Ithird_party/abseil-cpp -Ithird_party/address_sorting/include -Ithird_party/cares/cares/include -Ithird_party/cares -Ithird_party/cares/cares -Ithird_party/cares/cares/src/lib/include -Ithird_party/cares/cares/src/lib -Ithird_party/cares/config_linux -Ithird_party/re2 -Ithird_party/boringssl-with-bazel/src/include -Ithird_party/upb -Isrc/core/ext/upb-gen -Isrc/core/ext/upbdefs-gen -Ithird_party/utf8_range -Ithird_party/xxhash -Ithird_party/zlib -I/usr/local/google/home/ssreenithi/.pyenv/versions/3.12.0/envs/pyvenv_312/include -I/usr/local/google/home/ssreenithi/.pyenv/versions/3.12.0/include/python3.12 -c src/core/ext/upb-gen/xds/core/v3/resource_name.upb_minitable.c -o pyb/temp.linux-x86_64-cpython-312/src/core/ext/upb-gen/xds/core/v3/resource_name.upb_minitable.o -fvisibility=hidden -fno-wrapv -fno-exceptions -pthread
      gcc -fno-strict-overflow -Wsign-compare -DNDEBUG -g -O3 -Wall -fPIC -D_WIN32_WINNT=1536 -DGRPC_XDS_USER_AGENT_NAME_SUFFIX=\"Python\" -DGRPC_XDS_USER_AGENT_VERSION_SUFFIX=\"1.79.0.dev0\" -DHAVE_CONFIG_H=1 -DGRPC_ENABLE_FORK_SUPPORT=1 -DGRPC_ENABLE_FORK_SUPPORT_DEFAULT=false -DGRPC_PYTHON_BUILD=1 -D__STDC_FORMAT_MACROS "-DPyMODINIT_FUNC=extern \"C\" __attribute__((visibility (\"default\"))) PyObject*" -DGRPC_POSIX_FORK_ALLOW_PTHREAD_ATFORK=1 -Isrc/python/grpcio -Iinclude -I. -Ithird_party/abseil-cpp -Ithird_party/address_sorting/include -Ithird_party/cares/cares/include -Ithird_party/cares -Ithird_party/cares/cares -Ithird_party/cares/cares/src/lib/include -Ithird_party/cares/cares/src/lib -Ithird_party/cares/config_linux -Ithird_party/re2 -Ithird_party/boringssl-with-bazel/src/include -Ithird_party/upb -Isrc/core/ext/upb-gen -Isrc/core/ext/upbdefs-gen -Ithird_party/utf8_range -Ithird_party/xxhash -Ithird_party/zlib -I/usr/local/google/home/ssreenithi/.pyenv/versions/3.12.0/envs/pyvenv_312/include -I/usr/local/google/home/ssreenithi/.pyenv/versions/3.12.0/include/python3.12 -c src/core/ext/upb-gen/src/proto/grpc/channelz/v2/promise.upb_minitable.c -o pyb/temp.linux-x86_64-cpython-312/src/core/ext/upb-gen/src/proto/grpc/channelz/v2/promise.upb_minitable.o -fvisibility=hidden -fno-wrapv -fno-exceptions -pthread
      gcc -fno-strict-overflow -Wsign-compare -DNDEBUG -g -O3 -Wall -fPIC -D_WIN32_WINNT=1536 -DGRPC_XDS_USER_AGENT_NAME_SUFFIX=\"Python\" -DGRPC_XDS_USER_AGENT_VERSION_SUFFIX=\"1.79.0.dev0\" -DHAVE_CONFIG_H=1 -DGRPC_ENABLE_FORK_SUPPORT=1 -DGRPC_ENABLE_FORK_SUPPORT_DEFAULT=false -DGRPC_PYTHON_BUILD=1 -D__STDC_FORMAT_MACROS "-DPyMODINIT_FUNC=extern \"C\" __attribute__((visibility (\"default\"))) PyObject*" -DGRPC_POSIX_FORK_ALLOW_PTHREAD_ATFORK=1 -Isrc/python/grpcio -Iinclude -I. -Ithird_party/abseil-cpp -Ithird_party/address_sorting/include -Ithird_party/cares/cares/include -Ithird_party/cares -Ithird_party/cares/cares -Ithird_party/cares/cares/src/lib/include -Ithird_party/cares/cares/src/lib -Ithird_party/cares/config_linux -Ithird_party/re2 -Ithird_party/boringssl-with-bazel/src/include -Ithird_party/upb -Isrc/core/ext/upb-gen -Isrc/core/ext/upbdefs-gen -Ithird_party/utf8_range -Ithird_party/xxhash -Ithird_party/zlib -I/usr/local/google/home/ssreenithi/.pyenv/versions/3.12.0/envs/pyvenv_312/include -I/usr/local/google/home/ssreenithi/.pyenv/versions/3.12.0/include/python3.12 -c src/core/ext/upb-gen/envoy/config/route/v3/route.upb_minitable.c -o pyb/temp.linux-x86_64-cpython-312/src/core/ext/upb-gen/envoy/config/route/v3/route.upb_minitable.o -fvisibility=hidden -fno-wrapv -fno-exceptions -pthread
      gcc -fno-strict-overflow -Wsign-compare -DNDEBUG -g -O3 -Wall -fPIC -D_WIN32_WINNT=1536 -DGRPC_XDS_USER_AGENT_NAME_SUFFIX=\"Python\" -DGRPC_XDS_USER_AGENT_VERSION_SUFFIX=\"1.79.0.dev0\" -DHAVE_CONFIG_H=1 -DGRPC_ENABLE_FORK_SUPPORT=1 -DGRPC_ENABLE_FORK_SUPPORT_DEFAULT=false -DGRPC_PYTHON_BUILD=1 -D__STDC_FORMAT_MACROS "-DPyMODINIT_FUNC=extern \"C\" __attribute__((visibility (\"default\"))) PyObject*" -DGRPC_POSIX_FORK_ALLOW_PTHREAD_ATFORK=1 -Isrc/python/grpcio -Iinclude -I. -Ithird_party/abseil-cpp -Ithird_party/address_sorting/include -Ithird_party/cares/cares/include -Ithird_party/cares -Ithird_party/cares/cares -Ithird_party/cares/cares/src/lib/include -Ithird_party/cares/cares/src/lib -Ithird_party/cares/config_linux -Ithird_party/re2 -Ithird_party/boringssl-with-bazel/src/include -Ithird_party/upb -Isrc/core/ext/upb-gen -Isrc/core/ext/upbdefs-gen -Ithird_party/utf8_range -Ithird_party/xxhash -Ithird_party/zlib -I/usr/local/google/home/ssreenithi/.pyenv/versions/3.12.0/envs/pyvenv_312/include -I/usr/local/google/home/ssreenithi/.pyenv/versions/3.12.0/include/python3.12 -c src/core/ext/upb-gen/xds/core/v3/authority.upb_minitable.c -o pyb/temp.linux-x86_64-cpython-312/src/core/ext/upb-gen/xds/core/v3/authority.upb_minitable.o -fvisibility=hidden -fno-wrapv -fno-exceptions -pthread
      gcc -fno-strict-overflow -Wsign-compare -DNDEBUG -g -O3 -Wall -fPIC -D_WIN32_WINNT=1536 -DGRPC_XDS_USER_AGENT_NAME_SUFFIX=\"Python\" -DGRPC_XDS_USER_AGENT_VERSION_SUFFIX=\"1.79.0.dev0\" -DHAVE_CONFIG_H=1 -DGRPC_ENABLE_FORK_SUPPORT=1 -DGRPC_ENABLE_FORK_SUPPORT_DEFAULT=false -DGRPC_PYTHON_BUILD=1 -D__STDC_FORMAT_MACROS "-DPyMODINIT_FUNC=extern \"C\" __attribute__((visibility (\"default\"))) PyObject*" -DGRPC_POSIX_FORK_ALLOW_PTHREAD_ATFORK=1 -Isrc/python/grpcio -Iinclude -I. -Ithird_party/abseil-cpp -Ithird_party/address_sorting/include -Ithird_party/cares/cares/include -Ithird_party/cares -Ithird_party/cares/cares -Ithird_party/cares/cares/src/lib/include -Ithird_party/cares/cares/src/lib -Ithird_party/cares/config_linux -Ithird_party/re2 -Ithird_party/boringssl-with-bazel/src/include -Ithird_party/upb -Isrc/core/ext/upb-gen -Isrc/core/ext/upbdefs-gen -Ithird_party/utf8_range -Ithird_party/xxhash -Ithird_party/zlib -I/usr/local/google/home/ssreenithi/.pyenv/versions/3.12.0/envs/pyvenv_312/include -I/usr/local/google/home/ssreenithi/.pyenv/versions/3.12.0/include/python3.12 -c src/core/ext/upb-gen/envoy/config/cluster/v3/filter.upb_minitable.c -o pyb/temp.linux-x86_64-cpython-312/src/core/ext/upb-gen/envoy/config/cluster/v3/filter.upb_minitable.o -fvisibility=hidden -fno-wrapv -fno-exceptions -pthread
      gcc -fno-strict-overflow -Wsign-compare -DNDEBUG -g -O3 -Wall -fPIC -D_WIN32_WINNT=1536 -DGRPC_XDS_USER_AGENT_NAME_SUFFIX=\"Python\" -DGRPC_XDS_USER_AGENT_VERSION_SUFFIX=\"1.79.0.dev0\" -DHAVE_CONFIG_H=1 -DGRPC_ENABLE_FORK_SUPPORT=1 -DGRPC_ENABLE_FORK_SUPPORT_DEFAULT=false -DGRPC_PYTHON_BUILD=1 -D__STDC_FORMAT_MACROS "-DPyMODINIT_FUNC=extern \"C\" __attribute__((visibility (\"default\"))) PyObject*" -DGRPC_POSIX_FORK_ALLOW_PTHREAD_ATFORK=1 -Isrc/python/grpcio -Iinclude -I. -Ithird_party/abseil-cpp -Ithird_party/address_sorting/include -Ithird_party/cares/cares/include -Ithird_party/cares -Ithird_party/cares/cares -Ithird_party/cares/cares/src/lib/include -Ithird_party/cares/cares/src/lib -Ithird_party/cares/config_linux -Ithird_party/re2 -Ithird_party/boringssl-with-bazel/src/include -Ithird_party/upb -Isrc/core/ext/upb-gen -Isrc/core/ext/upbdefs-gen -Ithird_party/utf8_range -Ithird_party/xxhash -Ithird_party/zlib -I/usr/local/google/home/ssreenithi/.pyenv/versions/3.12.0/envs/pyvenv_312/include -I/usr/local/google/home/ssreenithi/.pyenv/versions/3.12.0/include/python3.12 -c src/core/ext/upb-gen/envoy/config/core/v3/substitution_format_string.upb_minitable.c -o pyb/temp.linux-x86_64-cpython-312/src/core/ext/upb-gen/envoy/config/core/v3/substitution_format_string.upb_minitable.o -fvisibility=hidden -fno-wrapv -fno-exceptions -pthread
      gcc -fno-strict-overflow -Wsign-compare -DNDEBUG -g -O3 -Wall -fPIC -D_WIN32_WINNT=1536 -DGRPC_XDS_USER_AGENT_NAME_SUFFIX=\"Python\" -DGRPC_XDS_USER_AGENT_VERSION_SUFFIX=\"1.79.0.dev0\" -DHAVE_CONFIG_H=1 -DGRPC_ENABLE_FORK_SUPPORT=1 -DGRPC_ENABLE_FORK_SUPPORT_DEFAULT=false -DGRPC_PYTHON_BUILD=1 -D__STDC_FORMAT_MACROS "-DPyMODINIT_FUNC=extern \"C\" __attribute__((visibility (\"default\"))) PyObject*" -DGRPC_POSIX_FORK_ALLOW_PTHREAD_ATFORK=1 -Isrc/python/grpcio -Iinclude -I. -Ithird_party/abseil-cpp -Ithird_party/address_sorting/include -Ithird_party/cares/cares/include -Ithird_party/cares -Ithird_party/cares/cares -Ithird_party/cares/cares/src/lib/include -Ithird_party/cares/cares/src/lib -Ithird_party/cares/config_linux -Ithird_party/re2 -Ithird_party/boringssl-with-bazel/src/include -Ithird_party/upb -Isrc/core/ext/upb-gen -Isrc/core/ext/upbdefs-gen -Ithird_party/utf8_range -Ithird_party/xxhash -Ithird_party/zlib -I/usr/local/google/home/ssreenithi/.pyenv/versions/3.12.0/envs/pyvenv_312/include -I/usr/local/google/home/ssreenithi/.pyenv/versions/3.12.0/include/python3.12 -c src/core/ext/upb-gen/udpa/annotations/versioning.upb_minitable.c -o pyb/temp.linux-x86_64-cpython-312/src/core/ext/upb-gen/udpa/annotations/versioning.upb_minitable.o -fvisibility=hidden -fno-wrapv -fno-exceptions -pthread
      gcc -fno-strict-overflow -Wsign-compare -DNDEBUG -g -O3 -Wall -fPIC -D_WIN32_WINNT=1536 -DGRPC_XDS_USER_AGENT_NAME_SUFFIX=\"Python\" -DGRPC_XDS_USER_AGENT_VERSION_SUFFIX=\"1.79.0.dev0\" -DHAVE_CONFIG_H=1 -DGRPC_ENABLE_FORK_SUPPORT=1 -DGRPC_ENABLE_FORK_SUPPORT_DEFAULT=false -DGRPC_PYTHON_BUILD=1 -D__STDC_FORMAT_MACROS "-DPyMODINIT_FUNC=extern \"C\" __attribute__((visibility (\"default\"))) PyObject*" -DGRPC_POSIX_FORK_ALLOW_PTHREAD_ATFORK=1 -Isrc/python/grpcio -Iinclude -I. -Ithird_party/abseil-cpp -Ithird_party/address_sorting/include -Ithird_party/cares/cares/include -Ithird_party/cares -Ithird_party/cares/cares -Ithird_party/cares/cares/src/lib/include -Ithird_party/cares/cares/src/lib -Ithird_party/cares/config_linux -Ithird_party/re2 -Ithird_party/boringssl-with-bazel/src/include -Ithird_party/upb -Isrc/core/ext/upb-gen -Isrc/core/ext/upbdefs-gen -Ithird_party/utf8_range -Ithird_party/xxhash -Ithird_party/zlib -I/usr/local/google/home/ssreenithi/.pyenv/versions/3.12.0/envs/pyvenv_312/include -I/usr/local/google/home/ssreenithi/.pyenv/versions/3.12.0/include/python3.12 -c src/core/ext/upb-gen/envoy/data/accesslog/v3/accesslog.upb_minitable.c -o pyb/temp.linux-x86_64-cpython-312/src/core/ext/upb-gen/envoy/data/accesslog/v3/accesslog.upb_minitable.o -fvisibility=hidden -fno-wrapv -fno-exceptions -pthread
      gcc -fno-strict-overflow -Wsign-compare -DNDEBUG -g -O3 -Wall -fPIC -D_WIN32_WINNT=1536 -DGRPC_XDS_USER_AGENT_NAME_SUFFIX=\"Python\" -DGRPC_XDS_USER_AGENT_VERSION_SUFFIX=\"1.79.0.dev0\" -DHAVE_CONFIG_H=1 -DGRPC_ENABLE_FORK_SUPPORT=1 -DGRPC_ENABLE_FORK_SUPPORT_DEFAULT=false -DGRPC_PYTHON_BUILD=1 -D__STDC_FORMAT_MACROS "-DPyMODINIT_FUNC=extern \"C\" __attribute__((visibility (\"default\"))) PyObject*" -DGRPC_POSIX_FORK_ALLOW_PTHREAD_ATFORK=1 -Isrc/python/grpcio -Iinclude -I. -Ithird_party/abseil-cpp -Ithird_party/address_sorting/include -Ithird_party/cares/cares/include -Ithird_party/cares -Ithird_party/cares/cares -Ithird_party/cares/cares/src/lib/include -Ithird_party/cares/cares/src/lib -Ithird_party/cares/config_linux -Ithird_party/re2 -Ithird_party/boringssl-with-bazel/src/include -Ithird_party/upb -Isrc/core/ext/upb-gen -Isrc/core/ext/upbdefs-gen -Ithird_party/utf8_range -Ithird_party/xxhash -Ithird_party/zlib -I/usr/local/google/home/ssreenithi/.pyenv/versions/3.12.0/envs/pyvenv_312/include -I/usr/local/google/home/ssreenithi/.pyenv/versions/3.12.0/include/python3.12 -c src/core/ext/upbdefs-gen/envoy/admin/v3/init_dump.upbdefs.c -o pyb/temp.linux-x86_64-cpython-312/src/core/ext/upbdefs-gen/envoy/admin/v3/init_dump.upbdefs.o -fvisibility=hidden -fno-wrapv -fno-exceptions -pthread
      gcc -fno-strict-overflow -Wsign-compare -DNDEBUG -g -O3 -Wall -fPIC -D_WIN32_WINNT=1536 -DGRPC_XDS_USER_AGENT_NAME_SUFFIX=\"Python\" -DGRPC_XDS_USER_AGENT_VERSION_SUFFIX=\"1.79.0.dev0\" -DHAVE_CONFIG_H=1 -DGRPC_ENABLE_FORK_SUPPORT=1 -DGRPC_ENABLE_FORK_SUPPORT_DEFAULT=false -DGRPC_PYTHON_BUILD=1 -D__STDC_FORMAT_MACROS "-DPyMODINIT_FUNC=extern \"C\" __attribute__((visibility (\"default\"))) PyObject*" -DGRPC_POSIX_FORK_ALLOW_PTHREAD_ATFORK=1 -Isrc/python/grpcio -Iinclude -I. -Ithird_party/abseil-cpp -Ithird_party/address_sorting/include -Ithird_party/cares/cares/include -Ithird_party/cares -Ithird_party/cares/cares -Ithird_party/cares/cares/src/lib/include -Ithird_party/cares/cares/src/lib -Ithird_party/cares/config_linux -Ithird_party/re2 -Ithird_party/boringssl-with-bazel/src/include -Ithird_party/upb -Isrc/core/ext/upb-gen -Isrc/core/ext/upbdefs-gen -Ithird_party/utf8_range -Ithird_party/xxhash -Ithird_party/zlib -I/usr/local/google/home/ssreenithi/.pyenv/versions/3.12.0/envs/pyvenv_312/include -I/usr/local/google/home/ssreenithi/.pyenv/versions/3.12.0/include/python3.12 -c src/core/ext/upb-gen/envoy/config/core/v3/http_service.upb_minitable.c -o pyb/temp.linux-x86_64-cpython-312/src/core/ext/upb-gen/envoy/config/core/v3/http_service.upb_minitable.o -fvisibility=hidden -fno-wrapv -fno-exceptions -pthread
      gcc -fno-strict-overflow -Wsign-compare -DNDEBUG -g -O3 -Wall -fPIC -D_WIN32_WINNT=1536 -DGRPC_XDS_USER_AGENT_NAME_SUFFIX=\"Python\" -DGRPC_XDS_USER_AGENT_VERSION_SUFFIX=\"1.79.0.dev0\" -DHAVE_CONFIG_H=1 -DGRPC_ENABLE_FORK_SUPPORT=1 -DGRPC_ENABLE_FORK_SUPPORT_DEFAULT=false -DGRPC_PYTHON_BUILD=1 -D__STDC_FORMAT_MACROS "-DPyMODINIT_FUNC=extern \"C\" __attribute__((visibility (\"default\"))) PyObject*" -DGRPC_POSIX_FORK_ALLOW_PTHREAD_ATFORK=1 -Isrc/python/grpcio -Iinclude -I. -Ithird_party/abseil-cpp -Ithird_party/address_sorting/include -Ithird_party/cares/cares/include -Ithird_party/cares -Ithird_party/cares/cares -Ithird_party/cares/cares/src/lib/include -Ithird_party/cares/cares/src/lib -Ithird_party/cares/config_linux -Ithird_party/re2 -Ithird_party/boringssl-with-bazel/src/include -Ithird_party/upb -Isrc/core/ext/upb-gen -Isrc/core/ext/upbdefs-gen -Ithird_party/utf8_range -Ithird_party/xxhash -Ithird_party/zlib -I/usr/local/google/home/ssreenithi/.pyenv/versions/3.12.0/envs/pyvenv_312/include -I/usr/local/google/home/ssreenithi/.pyenv/versions/3.12.0/include/python3.12 -c src/core/ext/upbdefs-gen/envoy/annotations/deprecation.upbdefs.c -o pyb/temp.linux-x86_64-cpython-312/src/core/ext/upbdefs-gen/envoy/annotations/deprecation.upbdefs.o -fvisibility=hidden -fno-wrapv -fno-exceptions -pthread
      gcc -fno-strict-overflow -Wsign-compare -DNDEBUG -g -O3 -Wall -fPIC -D_WIN32_WINNT=1536 -DGRPC_XDS_USER_AGENT_NAME_SUFFIX=\"Python\" -DGRPC_XDS_USER_AGENT_VERSION_SUFFIX=\"1.79.0.dev0\" -DHAVE_CONFIG_H=1 -DGRPC_ENABLE_FORK_SUPPORT=1 -DGRPC_ENABLE_FORK_SUPPORT_DEFAULT=false -DGRPC_PYTHON_BUILD=1 -D__STDC_FORMAT_MACROS "-DPyMODINIT_FUNC=extern \"C\" __attribute__((visibility (\"default\"))) PyObject*" -DGRPC_POSIX_FORK_ALLOW_PTHREAD_ATFORK=1 -Isrc/python/grpcio -Iinclude -I. -Ithird_party/abseil-cpp -Ithird_party/address_sorting/include -Ithird_party/cares/cares/include -Ithird_party/cares -Ithird_party/cares/cares -Ithird_party/cares/cares/src/lib/include -Ithird_party/cares/cares/src/lib -Ithird_party/cares/config_linux -Ithird_party/re2 -Ithird_party/boringssl-with-bazel/src/include -Ithird_party/upb -Isrc/core/ext/upb-gen -Isrc/core/ext/upbdefs-gen -Ithird_party/utf8_range -Ithird_party/xxhash -Ithird_party/zlib -I/usr/local/google/home/ssreenithi/.pyenv/versions/3.12.0/envs/pyvenv_312/include -I/usr/local/google/home/ssreenithi/.pyenv/versions/3.12.0/include/python3.12 -c src/core/ext/upb-gen/envoy/type/matcher/v3/node.upb_minitable.c -o pyb/temp.linux-x86_64-cpython-312/src/core/ext/upb-gen/envoy/type/matcher/v3/node.upb_minitable.o -fvisibility=hidden -fno-wrapv -fno-exceptions -pthread
      gcc -fno-strict-overflow -Wsign-compare -DNDEBUG -g -O3 -Wall -fPIC -D_WIN32_WINNT=1536 -DGRPC_XDS_USER_AGENT_NAME_SUFFIX=\"Python\" -DGRPC_XDS_USER_AGENT_VERSION_SUFFIX=\"1.79.0.dev0\" -DHAVE_CONFIG_H=1 -DGRPC_ENABLE_FORK_SUPPORT=1 -DGRPC_ENABLE_FORK_SUPPORT_DEFAULT=false -DGRPC_PYTHON_BUILD=1 -D__STDC_FORMAT_MACROS "-DPyMODINIT_FUNC=extern \"C\" __attribute__((visibility (\"default\"))) PyObject*" -DGRPC_POSIX_FORK_ALLOW_PTHREAD_ATFORK=1 -Isrc/python/grpcio -Iinclude -I. -Ithird_party/abseil-cpp -Ithird_party/address_sorting/include -Ithird_party/cares/cares/include -Ithird_party/cares -Ithird_party/cares/cares -Ithird_party/cares/cares/src/lib/include -Ithird_party/cares/cares/src/lib -Ithird_party/cares/config_linux -Ithird_party/re2 -Ithird_party/boringssl-with-bazel/src/include -Ithird_party/upb -Isrc/core/ext/upb-gen -Isrc/core/ext/upbdefs-gen -Ithird_party/utf8_range -Ithird_party/xxhash -Ithird_party/zlib -I/usr/local/google/home/ssreenithi/.pyenv/versions/3.12.0/envs/pyvenv_312/include -I/usr/local/google/home/ssreenithi/.pyenv/versions/3.12.0/include/python3.12 -c src/core/ext/upbdefs-gen/envoy/config/cluster/v3/outlier_detection.upbdefs.c -o pyb/temp.linux-x86_64-cpython-312/src/core/ext/upbdefs-gen/envoy/config/cluster/v3/outlier_detection.upbdefs.o -fvisibility=hidden -fno-wrapv -fno-exceptions -pthread
      gcc -fno-strict-overflow -Wsign-compare -DNDEBUG -g -O3 -Wall -fPIC -D_WIN32_WINNT=1536 -DGRPC_XDS_USER_AGENT_NAME_SUFFIX=\"Python\" -DGRPC_XDS_USER_AGENT_VERSION_SUFFIX=\"1.79.0.dev0\" -DHAVE_CONFIG_H=1 -DGRPC_ENABLE_FORK_SUPPORT=1 -DGRPC_ENABLE_FORK_SUPPORT_DEFAULT=false -DGRPC_PYTHON_BUILD=1 -D__STDC_FORMAT_MACROS "-DPyMODINIT_FUNC=extern \"C\" __attribute__((visibility (\"default\"))) PyObject*" -DGRPC_POSIX_FORK_ALLOW_PTHREAD_ATFORK=1 -Isrc/python/grpcio -Iinclude -I. -Ithird_party/abseil-cpp -Ithird_party/address_sorting/include -Ithird_party/cares/cares/include -Ithird_party/cares -Ithird_party/cares/cares -Ithird_party/cares/cares/src/lib/include -Ithird_party/cares/cares/src/lib -Ithird_party/cares/config_linux -Ithird_party/re2 -Ithird_party/boringssl-with-bazel/src/include -Ithird_party/upb -Isrc/core/ext/upb-gen -Isrc/core/ext/upbdefs-gen -Ithird_party/utf8_range -Ithird_party/xxhash -Ithird_party/zlib -I/usr/local/google/home/ssreenithi/.pyenv/versions/3.12.0/envs/pyvenv_312/include -I/usr/local/google/home/ssreenithi/.pyenv/versions/3.12.0/include/python3.12 -c src/core/ext/upb-gen/envoy/config/trace/v3/lightstep.upb_minitable.c -o pyb/temp.linux-x86_64-cpython-312/src/core/ext/upb-gen/envoy/config/trace/v3/lightstep.upb_minitable.o -fvisibility=hidden -fno-wrapv -fno-exceptions -pthread
      gcc -fno-strict-overflow -Wsign-compare -DNDEBUG -g -O3 -Wall -fPIC -D_WIN32_WINNT=1536 -DGRPC_XDS_USER_AGENT_NAME_SUFFIX=\"Python\" -DGRPC_XDS_USER_AGENT_VERSION_SUFFIX=\"1.79.0.dev0\" -DHAVE_CONFIG_H=1 -DGRPC_ENABLE_FORK_SUPPORT=1 -DGRPC_ENABLE_FORK_SUPPORT_DEFAULT=false -DGRPC_PYTHON_BUILD=1 -D__STDC_FORMAT_MACROS "-DPyMODINIT_FUNC=extern \"C\" __attribute__((visibility (\"default\"))) PyObject*" -DGRPC_POSIX_FORK_ALLOW_PTHREAD_ATFORK=1 -Isrc/python/grpcio -Iinclude -I. -Ithird_party/abseil-cpp -Ithird_party/address_sorting/include -Ithird_party/cares/cares/include -Ithird_party/cares -Ithird_party/cares/cares -Ithird_party/cares/cares/src/lib/include -Ithird_party/cares/cares/src/lib -Ithird_party/cares/config_linux -Ithird_party/re2 -Ithird_party/boringssl-with-bazel/src/include -Ithird_party/upb -Isrc/core/ext/upb-gen -Isrc/core/ext/upbdefs-gen -Ithird_party/utf8_range -Ithird_party/xxhash -Ithird_party/zlib -I/usr/local/google/home/ssreenithi/.pyenv/versions/3.12.0/envs/pyvenv_312/include -I/usr/local/google/home/ssreenithi/.pyenv/versions/3.12.0/include/python3.12 -c src/core/ext/upb-gen/envoy/extensions/filters/http/stateful_session/v3/stateful_session.upb_minitable.c -o pyb/temp.linux-x86_64-cpython-312/src/core/ext/upb-gen/envoy/extensions/filters/http/stateful_session/v3/stateful_session.upb_minitable.o -fvisibility=hidden -fno-wrapv -fno-exceptions -pthread
      gcc -fno-strict-overflow -Wsign-compare -DNDEBUG -g -O3 -Wall -fPIC -D_WIN32_WINNT=1536 -DGRPC_XDS_USER_AGENT_NAME_SUFFIX=\"Python\" -DGRPC_XDS_USER_AGENT_VERSION_SUFFIX=\"1.79.0.dev0\" -DHAVE_CONFIG_H=1 -DGRPC_ENABLE_FORK_SUPPORT=1 -DGRPC_ENABLE_FORK_SUPPORT_DEFAULT=false -DGRPC_PYTHON_BUILD=1 -D__STDC_FORMAT_MACROS "-DPyMODINIT_FUNC=extern \"C\" __attribute__((visibility (\"default\"))) PyObject*" -DGRPC_POSIX_FORK_ALLOW_PTHREAD_ATFORK=1 -Isrc/python/grpcio -Iinclude -I. -Ithird_party/abseil-cpp -Ithird_party/address_sorting/include -Ithird_party/cares/cares/include -Ithird_party/cares -Ithird_party/cares/cares -Ithird_party/cares/cares/src/lib/include -Ithird_party/cares/cares/src/lib -Ithird_party/cares/config_linux -Ithird_party/re2 -Ithird_party/boringssl-with-bazel/src/include -Ithird_party/upb -Isrc/core/ext/upb-gen -Isrc/core/ext/upbdefs-gen -Ithird_party/utf8_range -Ithird_party/xxhash -Ithird_party/zlib -I/usr/local/google/home/ssreenithi/.pyenv/versions/3.12.0/envs/pyvenv_312/include -I/usr/local/google/home/ssreenithi/.pyenv/versions/3.12.0/include/python3.12 -c src/core/ext/upbdefs-gen/envoy/config/trace/v3/opentelemetry.upbdefs.c -o pyb/temp.linux-x86_64-cpython-312/src/core/ext/upbdefs-gen/envoy/config/trace/v3/opentelemetry.upbdefs.o -fvisibility=hidden -fno-wrapv -fno-exceptions -pthread
      gcc -fno-strict-overflow -Wsign-compare -DNDEBUG -g -O3 -Wall -fPIC -D_WIN32_WINNT=1536 -DGRPC_XDS_USER_AGENT_NAME_SUFFIX=\"Python\" -DGRPC_XDS_USER_AGENT_VERSION_SUFFIX=\"1.79.0.dev0\" -DHAVE_CONFIG_H=1 -DGRPC_ENABLE_FORK_SUPPORT=1 -DGRPC_ENABLE_FORK_SUPPORT_DEFAULT=false -DGRPC_PYTHON_BUILD=1 -D__STDC_FORMAT_MACROS "-DPyMODINIT_FUNC=extern \"C\" __attribute__((visibility (\"default\"))) PyObject*" -DGRPC_POSIX_FORK_ALLOW_PTHREAD_ATFORK=1 -Isrc/python/grpcio -Iinclude -I. -Ithird_party/abseil-cpp -Ithird_party/address_sorting/include -Ithird_party/cares/cares/include -Ithird_party/cares -Ithird_party/cares/cares -Ithird_party/cares/cares/src/lib/include -Ithird_party/cares/cares/src/lib -Ithird_party/cares/config_linux -Ithird_party/re2 -Ithird_party/boringssl-with-bazel/src/include -Ithird_party/upb -Isrc/core/ext/upb-gen -Isrc/core/ext/upbdefs-gen -Ithird_party/utf8_range -Ithird_party/xxhash -Ithird_party/zlib -I/usr/local/google/home/ssreenithi/.pyenv/versions/3.12.0/envs/pyvenv_312/include -I/usr/local/google/home/ssreenithi/.pyenv/versions/3.12.0/include/python3.12 -c src/core/ext/upbdefs-gen/envoy/config/core/v3/config_source.upbdefs.c -o pyb/temp.linux-x86_64-cpython-312/src/core/ext/upbdefs-gen/envoy/config/core/v3/config_source.upbdefs.o -fvisibility=hidden -fno-wrapv -fno-exceptions -pthread
      gcc -fno-strict-overflow -Wsign-compare -DNDEBUG -g -O3 -Wall -fPIC -D_WIN32_WINNT=1536 -DGRPC_XDS_USER_AGENT_NAME_SUFFIX=\"Python\" -DGRPC_XDS_USER_AGENT_VERSION_SUFFIX=\"1.79.0.dev0\" -DHAVE_CONFIG_H=1 -DGRPC_ENABLE_FORK_SUPPORT=1 -DGRPC_ENABLE_FORK_SUPPORT_DEFAULT=false -DGRPC_PYTHON_BUILD=1 -D__STDC_FORMAT_MACROS "-DPyMODINIT_FUNC=extern \"C\" __attribute__((visibility (\"default\"))) PyObject*" -DGRPC_POSIX_FORK_ALLOW_PTHREAD_ATFORK=1 -Isrc/python/grpcio -Iinclude -I. -Ithird_party/abseil-cpp -Ithird_party/address_sorting/include -Ithird_party/cares/cares/include -Ithird_party/cares -Ithird_party/cares/cares -Ithird_party/cares/cares/src/lib/include -Ithird_party/cares/cares/src/lib -Ithird_party/cares/config_linux -Ithird_party/re2 -Ithird_party/boringssl-with-bazel/src/include -Ithird_party/upb -Isrc/core/ext/upb-gen -Isrc/core/ext/upbdefs-gen -Ithird_party/utf8_range -Ithird_party/xxhash -Ithird_party/zlib -I/usr/local/google/home/ssreenithi/.pyenv/versions/3.12.0/envs/pyvenv_312/include -I/usr/local/google/home/ssreenithi/.pyenv/versions/3.12.0/include/python3.12 -c src/core/ext/upb-gen/envoy/config/listener/v3/listener_components.upb_minitable.c -o pyb/temp.linux-x86_64-cpython-312/src/core/ext/upb-gen/envoy/config/listener/v3/listener_components.upb_minitable.o -fvisibility=hidden -fno-wrapv -fno-exceptions -pthread
      gcc -fno-strict-overflow -Wsign-compare -DNDEBUG -g -O3 -Wall -fPIC -D_WIN32_WINNT=1536 -DGRPC_XDS_USER_AGENT_NAME_SUFFIX=\"Python\" -DGRPC_XDS_USER_AGENT_VERSION_SUFFIX=\"1.79.0.dev0\" -DHAVE_CONFIG_H=1 -DGRPC_ENABLE_FORK_SUPPORT=1 -DGRPC_ENABLE_FORK_SUPPORT_DEFAULT=false -DGRPC_PYTHON_BUILD=1 -D__STDC_FORMAT_MACROS "-DPyMODINIT_FUNC=extern \"C\" __attribute__((visibility (\"default\"))) PyObject*" -DGRPC_POSIX_FORK_ALLOW_PTHREAD_ATFORK=1 -Isrc/python/grpcio -Iinclude -I. -Ithird_party/abseil-cpp -Ithird_party/address_sorting/include -Ithird_party/cares/cares/include -Ithird_party/cares -Ithird_party/cares/cares -Ithird_party/cares/cares/src/lib/include -Ithird_party/cares/cares/src/lib -Ithird_party/cares/config_linux -Ithird_party/re2 -Ithird_party/boringssl-with-bazel/src/include -Ithird_party/upb -Isrc/core/ext/upb-gen -Isrc/core/ext/upbdefs-gen -Ithird_party/utf8_range -Ithird_party/xxhash -Ithird_party/zlib -I/usr/local/google/home/ssreenithi/.pyenv/versions/3.12.0/envs/pyvenv_312/include -I/usr/local/google/home/ssreenithi/.pyenv/versions/3.12.0/include/python3.12 -c src/core/ext/upb-gen/envoy/extensions/transport_sockets/tls/v3/secret.upb_minitable.c -o pyb/temp.linux-x86_64-cpython-312/src/core/ext/upb-gen/envoy/extensions/transport_sockets/tls/v3/secret.upb_minitable.o -fvisibility=hidden -fno-wrapv -fno-exceptions -pthread
      gcc -fno-strict-overflow -Wsign-compare -DNDEBUG -g -O3 -Wall -fPIC -D_WIN32_WINNT=1536 -DGRPC_XDS_USER_AGENT_NAME_SUFFIX=\"Python\" -DGRPC_XDS_USER_AGENT_VERSION_SUFFIX=\"1.79.0.dev0\" -DHAVE_CONFIG_H=1 -DGRPC_ENABLE_FORK_SUPPORT=1 -DGRPC_ENABLE_FORK_SUPPORT_DEFAULT=false -DGRPC_PYTHON_BUILD=1 -D__STDC_FORMAT_MACROS "-DPyMODINIT_FUNC=extern \"C\" __attribute__((visibility (\"default\"))) PyObject*" -DGRPC_POSIX_FORK_ALLOW_PTHREAD_ATFORK=1 -Isrc/python/grpcio -Iinclude -I. -Ithird_party/abseil-cpp -Ithird_party/address_sorting/include -Ithird_party/cares/cares/include -Ithird_party/cares -Ithird_party/cares/cares -Ithird_party/cares/cares/src/lib/include -Ithird_party/cares/cares/src/lib -Ithird_party/cares/config_linux -Ithird_party/re2 -Ithird_party/boringssl-with-bazel/src/include -Ithird_party/upb -Isrc/core/ext/upb-gen -Isrc/core/ext/upbdefs-gen -Ithird_party/utf8_range -Ithird_party/xxhash -Ithird_party/zlib -I/usr/local/google/home/ssreenithi/.pyenv/versions/3.12.0/envs/pyvenv_312/include -I/usr/local/google/home/ssreenithi/.pyenv/versions/3.12.0/include/python3.12 -c src/core/ext/upb-gen/envoy/extensions/load_balancing_policies/common/v3/common.upb_minitable.c -o pyb/temp.linux-x86_64-cpython-312/src/core/ext/upb-gen/envoy/extensions/load_balancing_policies/common/v3/common.upb_minitable.o -fvisibility=hidden -fno-wrapv -fno-exceptions -pthread
      gcc -fno-strict-overflow -Wsign-compare -DNDEBUG -g -O3 -Wall -fPIC -D_WIN32_WINNT=1536 -DGRPC_XDS_USER_AGENT_NAME_SUFFIX=\"Python\" -DGRPC_XDS_USER_AGENT_VERSION_SUFFIX=\"1.79.0.dev0\" -DHAVE_CONFIG_H=1 -DGRPC_ENABLE_FORK_SUPPORT=1 -DGRPC_ENABLE_FORK_SUPPORT_DEFAULT=false -DGRPC_PYTHON_BUILD=1 -D__STDC_FORMAT_MACROS "-DPyMODINIT_FUNC=extern \"C\" __attribute__((visibility (\"default\"))) PyObject*" -DGRPC_POSIX_FORK_ALLOW_PTHREAD_ATFORK=1 -Isrc/python/grpcio -Iinclude -I. -Ithird_party/abseil-cpp -Ithird_party/address_sorting/include -Ithird_party/cares/cares/include -Ithird_party/cares -Ithird_party/cares/cares -Ithird_party/cares/cares/src/lib/include -Ithird_party/cares/cares/src/lib -Ithird_party/cares/config_linux -Ithird_party/re2 -Ithird_party/boringssl-with-bazel/src/include -Ithird_party/upb -Isrc/core/ext/upb-gen -Isrc/core/ext/upbdefs-gen -Ithird_party/utf8_range -Ithird_party/xxhash -Ithird_party/zlib -I/usr/local/google/home/ssreenithi/.pyenv/versions/3.12.0/envs/pyvenv_312/include -I/usr/local/google/home/ssreenithi/.pyenv/versions/3.12.0/include/python3.12 -c src/core/ext/upb-gen/envoy/type/matcher/v3/value.upb_minitable.c -o pyb/temp.linux-x86_64-cpython-312/src/core/ext/upb-gen/envoy/type/matcher/v3/value.upb_minitable.o -fvisibility=hidden -fno-wrapv -fno-exceptions -pthread
      gcc -fno-strict-overflow -Wsign-compare -DNDEBUG -g -O3 -Wall -fPIC -D_WIN32_WINNT=1536 -DGRPC_XDS_USER_AGENT_NAME_SUFFIX=\"Python\" -DGRPC_XDS_USER_AGENT_VERSION_SUFFIX=\"1.79.0.dev0\" -DHAVE_CONFIG_H=1 -DGRPC_ENABLE_FORK_SUPPORT=1 -DGRPC_ENABLE_FORK_SUPPORT_DEFAULT=false -DGRPC_PYTHON_BUILD=1 -D__STDC_FORMAT_MACROS "-DPyMODINIT_FUNC=extern \"C\" __attribute__((visibility (\"default\"))) PyObject*" -DGRPC_POSIX_FORK_ALLOW_PTHREAD_ATFORK=1 -Isrc/python/grpcio -Iinclude -I. -Ithird_party/abseil-cpp -Ithird_party/address_sorting/include -Ithird_party/cares/cares/include -Ithird_party/cares -Ithird_party/cares/cares -Ithird_party/cares/cares/src/lib/include -Ithird_party/cares/cares/src/lib -Ithird_party/cares/config_linux -Ithird_party/re2 -Ithird_party/boringssl-with-bazel/src/include -Ithird_party/upb -Isrc/core/ext/upb-gen -Isrc/core/ext/upbdefs-gen -Ithird_party/utf8_range -Ithird_party/xxhash -Ithird_party/zlib -I/usr/local/google/home/ssreenithi/.pyenv/versions/3.12.0/envs/pyvenv_312/include -I/usr/local/google/home/ssreenithi/.pyenv/versions/3.12.0/include/python3.12 -c src/core/ext/upb-gen/envoy/service/status/v3/csds.upb_minitable.c -o pyb/temp.linux-x86_64-cpython-312/src/core/ext/upb-gen/envoy/service/status/v3/csds.upb_minitable.o -fvisibility=hidden -fno-wrapv -fno-exceptions -pthread
      gcc -fno-strict-overflow -Wsign-compare -DNDEBUG -g -O3 -Wall -fPIC -D_WIN32_WINNT=1536 -DGRPC_XDS_USER_AGENT_NAME_SUFFIX=\"Python\" -DGRPC_XDS_USER_AGENT_VERSION_SUFFIX=\"1.79.0.dev0\" -DHAVE_CONFIG_H=1 -DGRPC_ENABLE_FORK_SUPPORT=1 -DGRPC_ENABLE_FORK_SUPPORT_DEFAULT=false -DGRPC_PYTHON_BUILD=1 -D__STDC_FORMAT_MACROS "-DPyMODINIT_FUNC=extern \"C\" __attribute__((visibility (\"default\"))) PyObject*" -DGRPC_POSIX_FORK_ALLOW_PTHREAD_ATFORK=1 -Isrc/python/grpcio -Iinclude -I. -Ithird_party/abseil-cpp -Ithird_party/address_sorting/include -Ithird_party/cares/cares/include -Ithird_party/cares -Ithird_party/cares/cares -Ithird_party/cares/cares/src/lib/include -Ithird_party/cares/cares/src/lib -Ithird_party/cares/config_linux -Ithird_party/re2 -Ithird_party/boringssl-with-bazel/src/include -Ithird_party/upb -Isrc/core/ext/upb-gen -Isrc/core/ext/upbdefs-gen -Ithird_party/utf8_range -Ithird_party/xxhash -Ithird_party/zlib -I/usr/local/google/home/ssreenithi/.pyenv/versions/3.12.0/envs/pyvenv_312/include -I/usr/local/google/home/ssreenithi/.pyenv/versions/3.12.0/include/python3.12 -c src/core/ext/upbdefs-gen/envoy/type/matcher/v3/string.upbdefs.c -o pyb/temp.linux-x86_64-cpython-312/src/core/ext/upbdefs-gen/envoy/type/matcher/v3/string.upbdefs.o -fvisibility=hidden -fno-wrapv -fno-exceptions -pthread
      gcc -fno-strict-overflow -Wsign-compare -DNDEBUG -g -O3 -Wall -fPIC -D_WIN32_WINNT=1536 -DGRPC_XDS_USER_AGENT_NAME_SUFFIX=\"Python\" -DGRPC_XDS_USER_AGENT_VERSION_SUFFIX=\"1.79.0.dev0\" -DHAVE_CONFIG_H=1 -DGRPC_ENABLE_FORK_SUPPORT=1 -DGRPC_ENABLE_FORK_SUPPORT_DEFAULT=false -DGRPC_PYTHON_BUILD=1 -D__STDC_FORMAT_MACROS "-DPyMODINIT_FUNC=extern \"C\" __attribute__((visibility (\"default\"))) PyObject*" -DGRPC_POSIX_FORK_ALLOW_PTHREAD_ATFORK=1 -Isrc/python/grpcio -Iinclude -I. -Ithird_party/abseil-cpp -Ithird_party/address_sorting/include -Ithird_party/cares/cares/include -Ithird_party/cares -Ithird_party/cares/cares -Ithird_party/cares/cares/src/lib/include -Ithird_party/cares/cares/src/lib -Ithird_party/cares/config_linux -Ithird_party/re2 -Ithird_party/boringssl-with-bazel/src/include -Ithird_party/upb -Isrc/core/ext/upb-gen -Isrc/core/ext/upbdefs-gen -Ithird_party/utf8_range -Ithird_party/xxhash -Ithird_party/zlib -I/usr/local/google/home/ssreenithi/.pyenv/versions/3.12.0/envs/pyvenv_312/include -I/usr/local/google/home/ssreenithi/.pyenv/versions/3.12.0/include/python3.12 -c src/core/ext/upbdefs-gen/envoy/config/route/v3/route_components.upbdefs.c -o pyb/temp.linux-x86_64-cpython-312/src/core/ext/upbdefs-gen/envoy/config/route/v3/route_components.upbdefs.o -fvisibility=hidden -fno-wrapv -fno-exceptions -pthread
      gcc -fno-strict-overflow -Wsign-compare -DNDEBUG -g -O3 -Wall -fPIC -D_WIN32_WINNT=1536 -DGRPC_XDS_USER_AGENT_NAME_SUFFIX=\"Python\" -DGRPC_XDS_USER_AGENT_VERSION_SUFFIX=\"1.79.0.dev0\" -DHAVE_CONFIG_H=1 -DGRPC_ENABLE_FORK_SUPPORT=1 -DGRPC_ENABLE_FORK_SUPPORT_DEFAULT=false -DGRPC_PYTHON_BUILD=1 -D__STDC_FORMAT_MACROS "-DPyMODINIT_FUNC=extern \"C\" __attribute__((visibility (\"default\"))) PyObject*" -DGRPC_POSIX_FORK_ALLOW_PTHREAD_ATFORK=1 -Isrc/python/grpcio -Iinclude -I. -Ithird_party/abseil-cpp -Ithird_party/address_sorting/include -Ithird_party/cares/cares/include -Ithird_party/cares -Ithird_party/cares/cares -Ithird_party/cares/cares/src/lib/include -Ithird_party/cares/cares/src/lib -Ithird_party/cares/config_linux -Ithird_party/re2 -Ithird_party/boringssl-with-bazel/src/include -Ithird_party/upb -Isrc/core/ext/upb-gen -Isrc/core/ext/upbdefs-gen -Ithird_party/utf8_range -Ithird_party/xxhash -Ithird_party/zlib -I/usr/local/google/home/ssreenithi/.pyenv/versions/3.12.0/envs/pyvenv_312/include -I/usr/local/google/home/ssreenithi/.pyenv/versions/3.12.0/include/python3.12 -c src/core/ext/upbdefs-gen/envoy/config/listener/v3/quic_config.upbdefs.c -o pyb/temp.linux-x86_64-cpython-312/src/core/ext/upbdefs-gen/envoy/config/listener/v3/quic_config.upbdefs.o -fvisibility=hidden -fno-wrapv -fno-exceptions -pthread
      gcc -fno-strict-overflow -Wsign-compare -DNDEBUG -g -O3 -Wall -fPIC -D_WIN32_WINNT=1536 -DGRPC_XDS_USER_AGENT_NAME_SUFFIX=\"Python\" -DGRPC_XDS_USER_AGENT_VERSION_SUFFIX=\"1.79.0.dev0\" -DHAVE_CONFIG_H=1 -DGRPC_ENABLE_FORK_SUPPORT=1 -DGRPC_ENABLE_FORK_SUPPORT_DEFAULT=false -DGRPC_PYTHON_BUILD=1 -D__STDC_FORMAT_MACROS "-DPyMODINIT_FUNC=extern \"C\" __attribute__((visibility (\"default\"))) PyObject*" -DGRPC_POSIX_FORK_ALLOW_PTHREAD_ATFORK=1 -Isrc/python/grpcio -Iinclude -I. -Ithird_party/abseil-cpp -Ithird_party/address_sorting/include -Ithird_party/cares/cares/include -Ithird_party/cares -Ithird_party/cares/cares -Ithird_party/cares/cares/src/lib/include -Ithird_party/cares/cares/src/lib -Ithird_party/cares/config_linux -Ithird_party/re2 -Ithird_party/boringssl-with-bazel/src/include -Ithird_party/upb -Isrc/core/ext/upb-gen -Isrc/core/ext/upbdefs-gen -Ithird_party/utf8_range -Ithird_party/xxhash -Ithird_party/zlib -I/usr/local/google/home/ssreenithi/.pyenv/versions/3.12.0/envs/pyvenv_312/include -I/usr/local/google/home/ssreenithi/.pyenv/versions/3.12.0/include/python3.12 -c src/core/ext/upbdefs-gen/cel/expr/checked.upbdefs.c -o pyb/temp.linux-x86_64-cpython-312/src/core/ext/upbdefs-gen/cel/expr/checked.upbdefs.o -fvisibility=hidden -fno-wrapv -fno-exceptions -pthread
      gcc -fno-strict-overflow -Wsign-compare -DNDEBUG -g -O3 -Wall -fPIC -D_WIN32_WINNT=1536 -DGRPC_XDS_USER_AGENT_NAME_SUFFIX=\"Python\" -DGRPC_XDS_USER_AGENT_VERSION_SUFFIX=\"1.79.0.dev0\" -DHAVE_CONFIG_H=1 -DGRPC_ENABLE_FORK_SUPPORT=1 -DGRPC_ENABLE_FORK_SUPPORT_DEFAULT=false -DGRPC_PYTHON_BUILD=1 -D__STDC_FORMAT_MACROS "-DPyMODINIT_FUNC=extern \"C\" __attribute__((visibility (\"default\"))) PyObject*" -DGRPC_POSIX_FORK_ALLOW_PTHREAD_ATFORK=1 -Isrc/python/grpcio -Iinclude -I. -Ithird_party/abseil-cpp -Ithird_party/address_sorting/include -Ithird_party/cares/cares/include -Ithird_party/cares -Ithird_party/cares/cares -Ithird_party/cares/cares/src/lib/include -Ithird_party/cares/cares/src/lib -Ithird_party/cares/config_linux -Ithird_party/re2 -Ithird_party/boringssl-with-bazel/src/include -Ithird_party/upb -Isrc/core/ext/upb-gen -Isrc/core/ext/upbdefs-gen -Ithird_party/utf8_range -Ithird_party/xxhash -Ithird_party/zlib -I/usr/local/google/home/ssreenithi/.pyenv/versions/3.12.0/envs/pyvenv_312/include -I/usr/local/google/home/ssreenithi/.pyenv/versions/3.12.0/include/python3.12 -c src/core/ext/upbdefs-gen/envoy/extensions/filters/network/http_connection_manager/v3/http_connection_manager.upbdefs.c -o pyb/temp.linux-x86_64-cpython-312/src/core/ext/upbdefs-gen/envoy/extensions/filters/network/http_connection_manager/v3/http_connection_manager.upbdefs.o -fvisibility=hidden -fno-wrapv -fno-exceptions -pthread
      gcc -fno-strict-overflow -Wsign-compare -DNDEBUG -g -O3 -Wall -fPIC -D_WIN32_WINNT=1536 -DGRPC_XDS_USER_AGENT_NAME_SUFFIX=\"Python\" -DGRPC_XDS_USER_AGENT_VERSION_SUFFIX=\"1.79.0.dev0\" -DHAVE_CONFIG_H=1 -DGRPC_ENABLE_FORK_SUPPORT=1 -DGRPC_ENABLE_FORK_SUPPORT_DEFAULT=false -DGRPC_PYTHON_BUILD=1 -D__STDC_FORMAT_MACROS "-DPyMODINIT_FUNC=extern \"C\" __attribute__((visibility (\"default\"))) PyObject*" -DGRPC_POSIX_FORK_ALLOW_PTHREAD_ATFORK=1 -Isrc/python/grpcio -Iinclude -I. -Ithird_party/abseil-cpp -Ithird_party/address_sorting/include -Ithird_party/cares/cares/include -Ithird_party/cares -Ithird_party/cares/cares -Ithird_party/cares/cares/src/lib/include -Ithird_party/cares/cares/src/lib -Ithird_party/cares/config_linux -Ithird_party/re2 -Ithird_party/boringssl-with-bazel/src/include -Ithird_party/upb -Isrc/core/ext/upb-gen -Isrc/core/ext/upbdefs-gen -Ithird_party/utf8_range -Ithird_party/xxhash -Ithird_party/zlib -I/usr/local/google/home/ssreenithi/.pyenv/versions/3.12.0/envs/pyvenv_312/include -I/usr/local/google/home/ssreenithi/.pyenv/versions/3.12.0/include/python3.12 -c src/core/ext/upb-gen/xds/type/matcher/v3/matcher.upb_minitable.c -o pyb/temp.linux-x86_64-cpython-312/src/core/ext/upb-gen/xds/type/matcher/v3/matcher.upb_minitable.o -fvisibility=hidden -fno-wrapv -fno-exceptions -pthread
      gcc -fno-strict-overflow -Wsign-compare -DNDEBUG -g -O3 -Wall -fPIC -D_WIN32_WINNT=1536 -DGRPC_XDS_USER_AGENT_NAME_SUFFIX=\"Python\" -DGRPC_XDS_USER_AGENT_VERSION_SUFFIX=\"1.79.0.dev0\" -DHAVE_CONFIG_H=1 -DGRPC_ENABLE_FORK_SUPPORT=1 -DGRPC_ENABLE_FORK_SUPPORT_DEFAULT=false -DGRPC_PYTHON_BUILD=1 -D__STDC_FORMAT_MACROS "-DPyMODINIT_FUNC=extern \"C\" __attribute__((visibility (\"default\"))) PyObject*" -DGRPC_POSIX_FORK_ALLOW_PTHREAD_ATFORK=1 -Isrc/python/grpcio -Iinclude -I. -Ithird_party/abseil-cpp -Ithird_party/address_sorting/include -Ithird_party/cares/cares/include -Ithird_party/cares -Ithird_party/cares/cares -Ithird_party/cares/cares/src/lib/include -Ithird_party/cares/cares/src/lib -Ithird_party/cares/config_linux -Ithird_party/re2 -Ithird_party/boringssl-with-bazel/src/include -Ithird_party/upb -Isrc/core/ext/upb-gen -Isrc/core/ext/upbdefs-gen -Ithird_party/utf8_range -Ithird_party/xxhash -Ithird_party/zlib -I/usr/local/google/home/ssreenithi/.pyenv/versions/3.12.0/envs/pyvenv_312/include -I/usr/local/google/home/ssreenithi/.pyenv/versions/3.12.0/include/python3.12 -c src/core/ext/upb-gen/envoy/type/v3/range.upb_minitable.c -o pyb/temp.linux-x86_64-cpython-312/src/core/ext/upb-gen/envoy/type/v3/range.upb_minitable.o -fvisibility=hidden -fno-wrapv -fno-exceptions -pthread
      gcc -fno-strict-overflow -Wsign-compare -DNDEBUG -g -O3 -Wall -fPIC -D_WIN32_WINNT=1536 -DGRPC_XDS_USER_AGENT_NAME_SUFFIX=\"Python\" -DGRPC_XDS_USER_AGENT_VERSION_SUFFIX=\"1.79.0.dev0\" -DHAVE_CONFIG_H=1 -DGRPC_ENABLE_FORK_SUPPORT=1 -DGRPC_ENABLE_FORK_SUPPORT_DEFAULT=false -DGRPC_PYTHON_BUILD=1 -D__STDC_FORMAT_MACROS "-DPyMODINIT_FUNC=extern \"C\" __attribute__((visibility (\"default\"))) PyObject*" -DGRPC_POSIX_FORK_ALLOW_PTHREAD_ATFORK=1 -Isrc/python/grpcio -Iinclude -I. -Ithird_party/abseil-cpp -Ithird_party/address_sorting/include -Ithird_party/cares/cares/include -Ithird_party/cares -Ithird_party/cares/cares -Ithird_party/cares/cares/src/lib/include -Ithird_party/cares/cares/src/lib -Ithird_party/cares/config_linux -Ithird_party/re2 -Ithird_party/boringssl-with-bazel/src/include -Ithird_party/upb -Isrc/core/ext/upb-gen -Isrc/core/ext/upbdefs-gen -Ithird_party/utf8_range -Ithird_party/xxhash -Ithird_party/zlib -I/usr/local/google/home/ssreenithi/.pyenv/versions/3.12.0/envs/pyvenv_312/include -I/usr/local/google/home/ssreenithi/.pyenv/versions/3.12.0/include/python3.12 -c src/core/ext/upbdefs-gen/envoy/config/core/v3/http_uri.upbdefs.c -o pyb/temp.linux-x86_64-cpython-312/src/core/ext/upbdefs-gen/envoy/config/core/v3/http_uri.upbdefs.o -fvisibility=hidden -fno-wrapv -fno-exceptions -pthread
      gcc -fno-strict-overflow -Wsign-compare -DNDEBUG -g -O3 -Wall -fPIC -D_WIN32_WINNT=1536 -DGRPC_XDS_USER_AGENT_NAME_SUFFIX=\"Python\" -DGRPC_XDS_USER_AGENT_VERSION_SUFFIX=\"1.79.0.dev0\" -DHAVE_CONFIG_H=1 -DGRPC_ENABLE_FORK_SUPPORT=1 -DGRPC_ENABLE_FORK_SUPPORT_DEFAULT=false -DGRPC_PYTHON_BUILD=1 -D__STDC_FORMAT_MACROS "-DPyMODINIT_FUNC=extern \"C\" __attribute__((visibility (\"default\"))) PyObject*" -DGRPC_POSIX_FORK_ALLOW_PTHREAD_ATFORK=1 -Isrc/python/grpcio -Iinclude -I. -Ithird_party/abseil-cpp -Ithird_party/address_sorting/include -Ithird_party/cares/cares/include -Ithird_party/cares -Ithird_party/cares/cares -Ithird_party/cares/cares/src/lib/include -Ithird_party/cares/cares/src/lib -Ithird_party/cares/config_linux -Ithird_party/re2 -Ithird_party/boringssl-with-bazel/src/include -Ithird_party/upb -Isrc/core/ext/upb-gen -Isrc/core/ext/upbdefs-gen -Ithird_party/utf8_range -Ithird_party/xxhash -Ithird_party/zlib -I/usr/local/google/home/ssreenithi/.pyenv/versions/3.12.0/envs/pyvenv_312/include -I/usr/local/google/home/ssreenithi/.pyenv/versions/3.12.0/include/python3.12 -c src/core/ext/upb-gen/src/proto/grpc/lookup/v1/rls.upb_minitable.c -o pyb/temp.linux-x86_64-cpython-312/src/core/ext/upb-gen/src/proto/grpc/lookup/v1/rls.upb_minitable.o -fvisibility=hidden -fno-wrapv -fno-exceptions -pthread
      gcc -fno-strict-overflow -Wsign-compare -DNDEBUG -g -O3 -Wall -fPIC -D_WIN32_WINNT=1536 -DGRPC_XDS_USER_AGENT_NAME_SUFFIX=\"Python\" -DGRPC_XDS_USER_AGENT_VERSION_SUFFIX=\"1.79.0.dev0\" -DHAVE_CONFIG_H=1 -DGRPC_ENABLE_FORK_SUPPORT=1 -DGRPC_ENABLE_FORK_SUPPORT_DEFAULT=false -DGRPC_PYTHON_BUILD=1 -D__STDC_FORMAT_MACROS "-DPyMODINIT_FUNC=extern \"C\" __attribute__((visibility (\"default\"))) PyObject*" -DGRPC_POSIX_FORK_ALLOW_PTHREAD_ATFORK=1 -Isrc/python/grpcio -Iinclude -I. -Ithird_party/abseil-cpp -Ithird_party/address_sorting/include -Ithird_party/cares/cares/include -Ithird_party/cares -Ithird_party/cares/cares -Ithird_party/cares/cares/src/lib/include -Ithird_party/cares/cares/src/lib -Ithird_party/cares/config_linux -Ithird_party/re2 -Ithird_party/boringssl-with-bazel/src/include -Ithird_party/upb -Isrc/core/ext/upb-gen -Isrc/core/ext/upbdefs-gen -Ithird_party/utf8_range -Ithird_party/xxhash -Ithird_party/zlib -I/usr/local/google/home/ssreenithi/.pyenv/versions/3.12.0/envs/pyvenv_312/include -I/usr/local/google/home/ssreenithi/.pyenv/versions/3.12.0/include/python3.12 -c src/core/ext/upbdefs-gen/envoy/type/v3/http_status.upbdefs.c -o pyb/temp.linux-x86_64-cpython-312/src/core/ext/upbdefs-gen/envoy/type/v3/http_status.upbdefs.o -fvisibility=hidden -fno-wrapv -fno-exceptions -pthread
      gcc -fno-strict-overflow -Wsign-compare -DNDEBUG -g -O3 -Wall -fPIC -D_WIN32_WINNT=1536 -DGRPC_XDS_USER_AGENT_NAME_SUFFIX=\"Python\" -DGRPC_XDS_USER_AGENT_VERSION_SUFFIX=\"1.79.0.dev0\" -DHAVE_CONFIG_H=1 -DGRPC_ENABLE_FORK_SUPPORT=1 -DGRPC_ENABLE_FORK_SUPPORT_DEFAULT=false -DGRPC_PYTHON_BUILD=1 -D__STDC_FORMAT_MACROS "-DPyMODINIT_FUNC=extern \"C\" __attribute__((visibility (\"default\"))) PyObject*" -DGRPC_POSIX_FORK_ALLOW_PTHREAD_ATFORK=1 -Isrc/python/grpcio -Iinclude -I. -Ithird_party/abseil-cpp -Ithird_party/address_sorting/include -Ithird_party/cares/cares/include -Ithird_party/cares -Ithird_party/cares/cares -Ithird_party/cares/cares/src/lib/include -Ithird_party/cares/cares/src/lib -Ithird_party/cares/config_linux -Ithird_party/re2 -Ithird_party/boringssl-with-bazel/src/include -Ithird_party/upb -Isrc/core/ext/upb-gen -Isrc/core/ext/upbdefs-gen -Ithird_party/utf8_range -Ithird_party/xxhash -Ithird_party/zlib -I/usr/local/google/home/ssreenithi/.pyenv/versions/3.12.0/envs/pyvenv_312/include -I/usr/local/google/home/ssreenithi/.pyenv/versions/3.12.0/include/python3.12 -c src/core/ext/upbdefs-gen/envoy/extensions/transport_sockets/tls/v3/tls_spiffe_validator_config.upbdefs.c -o pyb/temp.linux-x86_64-cpython-312/src/core/ext/upbdefs-gen/envoy/extensions/transport_sockets/tls/v3/tls_spiffe_validator_config.upbdefs.o -fvisibility=hidden -fno-wrapv -fno-exceptions -pthread
      gcc -fno-strict-overflow -Wsign-compare -DNDEBUG -g -O3 -Wall -fPIC -D_WIN32_WINNT=1536 -DGRPC_XDS_USER_AGENT_NAME_SUFFIX=\"Python\" -DGRPC_XDS_USER_AGENT_VERSION_SUFFIX=\"1.79.0.dev0\" -DHAVE_CONFIG_H=1 -DGRPC_ENABLE_FORK_SUPPORT=1 -DGRPC_ENABLE_FORK_SUPPORT_DEFAULT=false -DGRPC_PYTHON_BUILD=1 -D__STDC_FORMAT_MACROS "-DPyMODINIT_FUNC=extern \"C\" __attribute__((visibility (\"default\"))) PyObject*" -DGRPC_POSIX_FORK_ALLOW_PTHREAD_ATFORK=1 -Isrc/python/grpcio -Iinclude -I. -Ithird_party/abseil-cpp -Ithird_party/address_sorting/include -Ithird_party/cares/cares/include -Ithird_party/cares -Ithird_party/cares/cares -Ithird_party/cares/cares/src/lib/include -Ithird_party/cares/cares/src/lib -Ithird_party/cares/config_linux -Ithird_party/re2 -Ithird_party/boringssl-with-bazel/src/include -Ithird_party/upb -Isrc/core/ext/upb-gen -Isrc/core/ext/upbdefs-gen -Ithird_party/utf8_range -Ithird_party/xxhash -Ithird_party/zlib -I/usr/local/google/home/ssreenithi/.pyenv/versions/3.12.0/envs/pyvenv_312/include -I/usr/local/google/home/ssreenithi/.pyenv/versions/3.12.0/include/python3.12 -c src/core/ext/upb-gen/google/api/expr/v1alpha1/syntax.upb_minitable.c -o pyb/temp.linux-x86_64-cpython-312/src/core/ext/upb-gen/google/api/expr/v1alpha1/syntax.upb_minitable.o -fvisibility=hidden -fno-wrapv -fno-exceptions -pthread
      gcc -fno-strict-overflow -Wsign-compare -DNDEBUG -g -O3 -Wall -fPIC -D_WIN32_WINNT=1536 -DGRPC_XDS_USER_AGENT_NAME_SUFFIX=\"Python\" -DGRPC_XDS_USER_AGENT_VERSION_SUFFIX=\"1.79.0.dev0\" -DHAVE_CONFIG_H=1 -DGRPC_ENABLE_FORK_SUPPORT=1 -DGRPC_ENABLE_FORK_SUPPORT_DEFAULT=false -DGRPC_PYTHON_BUILD=1 -D__STDC_FORMAT_MACROS "-DPyMODINIT_FUNC=extern \"C\" __attribute__((visibility (\"default\"))) PyObject*" -DGRPC_POSIX_FORK_ALLOW_PTHREAD_ATFORK=1 -Isrc/python/grpcio -Iinclude -I. -Ithird_party/abseil-cpp -Ithird_party/address_sorting/include -Ithird_party/cares/cares/include -Ithird_party/cares -Ithird_party/cares/cares -Ithird_party/cares/cares/src/lib/include -Ithird_party/cares/cares/src/lib -Ithird_party/cares/config_linux -Ithird_party/re2 -Ithird_party/boringssl-with-bazel/src/include -Ithird_party/upb -Isrc/core/ext/upb-gen -Isrc/core/ext/upbdefs-gen -Ithird_party/utf8_range -Ithird_party/xxhash -Ithird_party/zlib -I/usr/local/google/home/ssreenithi/.pyenv/versions/3.12.0/envs/pyvenv_312/include -I/usr/local/google/home/ssreenithi/.pyenv/versions/3.12.0/include/python3.12 -c src/core/ext/upbdefs-gen/google/api/annotations.upbdefs.c -o pyb/temp.linux-x86_64-cpython-312/src/core/ext/upbdefs-gen/google/api/annotations.upbdefs.o -fvisibility=hidden -fno-wrapv -fno-exceptions -pthread
      gcc -fno-strict-overflow -Wsign-compare -DNDEBUG -g -O3 -Wall -fPIC -D_WIN32_WINNT=1536 -DGRPC_XDS_USER_AGENT_NAME_SUFFIX=\"Python\" -DGRPC_XDS_USER_AGENT_VERSION_SUFFIX=\"1.79.0.dev0\" -DHAVE_CONFIG_H=1 -DGRPC_ENABLE_FORK_SUPPORT=1 -DGRPC_ENABLE_FORK_SUPPORT_DEFAULT=false -DGRPC_PYTHON_BUILD=1 -D__STDC_FORMAT_MACROS "-DPyMODINIT_FUNC=extern \"C\" __attribute__((visibility (\"default\"))) PyObject*" -DGRPC_POSIX_FORK_ALLOW_PTHREAD_ATFORK=1 -Isrc/python/grpcio -Iinclude -I. -Ithird_party/abseil-cpp -Ithird_party/address_sorting/include -Ithird_party/cares/cares/include -Ithird_party/cares -Ithird_party/cares/cares -Ithird_party/cares/cares/src/lib/include -Ithird_party/cares/cares/src/lib -Ithird_party/cares/config_linux -Ithird_party/re2 -Ithird_party/boringssl-with-bazel/src/include -Ithird_party/upb -Isrc/core/ext/upb-gen -Isrc/core/ext/upbdefs-gen -Ithird_party/utf8_range -Ithird_party/xxhash -Ithird_party/zlib -I/usr/local/google/home/ssreenithi/.pyenv/versions/3.12.0/envs/pyvenv_312/include -I/usr/local/google/home/ssreenithi/.pyenv/versions/3.12.0/include/python3.12 -c src/core/ext/upb-gen/src/proto/grpc/channelz/v2/property_list.upb_minitable.c -o pyb/temp.linux-x86_64-cpython-312/src/core/ext/upb-gen/src/proto/grpc/channelz/v2/property_list.upb_minitable.o -fvisibility=hidden -fno-wrapv -fno-exceptions -pthread
      gcc -fno-strict-overflow -Wsign-compare -DNDEBUG -g -O3 -Wall -fPIC -D_WIN32_WINNT=1536 -DGRPC_XDS_USER_AGENT_NAME_SUFFIX=\"Python\" -DGRPC_XDS_USER_AGENT_VERSION_SUFFIX=\"1.79.0.dev0\" -DHAVE_CONFIG_H=1 -DGRPC_ENABLE_FORK_SUPPORT=1 -DGRPC_ENABLE_FORK_SUPPORT_DEFAULT=false -DGRPC_PYTHON_BUILD=1 -D__STDC_FORMAT_MACROS "-DPyMODINIT_FUNC=extern \"C\" __attribute__((visibility (\"default\"))) PyObject*" -DGRPC_POSIX_FORK_ALLOW_PTHREAD_ATFORK=1 -Isrc/python/grpcio -Iinclude -I. -Ithird_party/abseil-cpp -Ithird_party/address_sorting/include -Ithird_party/cares/cares/include -Ithird_party/cares -Ithird_party/cares/cares -Ithird_party/cares/cares/src/lib/include -Ithird_party/cares/cares/src/lib -Ithird_party/cares/config_linux -Ithird_party/re2 -Ithird_party/boringssl-with-bazel/src/include -Ithird_party/upb -Isrc/core/ext/upb-gen -Isrc/core/ext/upbdefs-gen -Ithird_party/utf8_range -Ithird_party/xxhash -Ithird_party/zlib -I/usr/local/google/home/ssreenithi/.pyenv/versions/3.12.0/envs/pyvenv_312/include -I/usr/local/google/home/ssreenithi/.pyenv/versions/3.12.0/include/python3.12 -c src/core/ext/upb-gen/xds/core/v3/cidr.upb_minitable.c -o pyb/temp.linux-x86_64-cpython-312/src/core/ext/upb-gen/xds/core/v3/cidr.upb_minitable.o -fvisibility=hidden -fno-wrapv -fno-exceptions -pthread
      gcc -fno-strict-overflow -Wsign-compare -DNDEBUG -g -O3 -Wall -fPIC -D_WIN32_WINNT=1536 -DGRPC_XDS_USER_AGENT_NAME_SUFFIX=\"Python\" -DGRPC_XDS_USER_AGENT_VERSION_SUFFIX=\"1.79.0.dev0\" -DHAVE_CONFIG_H=1 -DGRPC_ENABLE_FORK_SUPPORT=1 -DGRPC_ENABLE_FORK_SUPPORT_DEFAULT=false -DGRPC_PYTHON_BUILD=1 -D__STDC_FORMAT_MACROS "-DPyMODINIT_FUNC=extern \"C\" __attribute__((visibility (\"default\"))) PyObject*" -DGRPC_POSIX_FORK_ALLOW_PTHREAD_ATFORK=1 -Isrc/python/grpcio -Iinclude -I. -Ithird_party/abseil-cpp -Ithird_party/address_sorting/include -Ithird_party/cares/cares/include -Ithird_party/cares -Ithird_party/cares/cares -Ithird_party/cares/cares/src/lib/include -Ithird_party/cares/cares/src/lib -Ithird_party/cares/config_linux -Ithird_party/re2 -Ithird_party/boringssl-with-bazel/src/include -Ithird_party/upb -Isrc/core/ext/upb-gen -Isrc/core/ext/upbdefs-gen -Ithird_party/utf8_range -Ithird_party/xxhash -Ithird_party/zlib -I/usr/local/google/home/ssreenithi/.pyenv/versions/3.12.0/envs/pyvenv_312/include -I/usr/local/google/home/ssreenithi/.pyenv/versions/3.12.0/include/python3.12 -c src/core/ext/upb-gen/validate/validate.upb_minitable.c -o pyb/temp.linux-x86_64-cpython-312/src/core/ext/upb-gen/validate/validate.upb_minitable.o -fvisibility=hidden -fno-wrapv -fno-exceptions -pthread
      gcc -fno-strict-overflow -Wsign-compare -DNDEBUG -g -O3 -Wall -fPIC -D_WIN32_WINNT=1536 -DGRPC_XDS_USER_AGENT_NAME_SUFFIX=\"Python\" -DGRPC_XDS_USER_AGENT_VERSION_SUFFIX=\"1.79.0.dev0\" -DHAVE_CONFIG_H=1 -DGRPC_ENABLE_FORK_SUPPORT=1 -DGRPC_ENABLE_FORK_SUPPORT_DEFAULT=false -DGRPC_PYTHON_BUILD=1 -D__STDC_FORMAT_MACROS "-DPyMODINIT_FUNC=extern \"C\" __attribute__((visibility (\"default\"))) PyObject*" -DGRPC_POSIX_FORK_ALLOW_PTHREAD_ATFORK=1 -Isrc/python/grpcio -Iinclude -I. -Ithird_party/abseil-cpp -Ithird_party/address_sorting/include -Ithird_party/cares/cares/include -Ithird_party/cares -Ithird_party/cares/cares -Ithird_party/cares/cares/src/lib/include -Ithird_party/cares/cares/src/lib -Ithird_party/cares/config_linux -Ithird_party/re2 -Ithird_party/boringssl-with-bazel/src/include -Ithird_party/upb -Isrc/core/ext/upb-gen -Isrc/core/ext/upbdefs-gen -Ithird_party/utf8_range -Ithird_party/xxhash -Ithird_party/zlib -I/usr/local/google/home/ssreenithi/.pyenv/versions/3.12.0/envs/pyvenv_312/include -I/usr/local/google/home/ssreenithi/.pyenv/versions/3.12.0/include/python3.12 -c src/core/ext/upbdefs-gen/envoy/extensions/clusters/aggregate/v3/cluster.upbdefs.c -o pyb/temp.linux-x86_64-cpython-312/src/core/ext/upbdefs-gen/envoy/extensions/clusters/aggregate/v3/cluster.upbdefs.o -fvisibility=hidden -fno-wrapv -fno-exceptions -pthread
      gcc -fno-strict-overflow -Wsign-compare -DNDEBUG -g -O3 -Wall -fPIC -D_WIN32_WINNT=1536 -DGRPC_XDS_USER_AGENT_NAME_SUFFIX=\"Python\" -DGRPC_XDS_USER_AGENT_VERSION_SUFFIX=\"1.79.0.dev0\" -DHAVE_CONFIG_H=1 -DGRPC_ENABLE_FORK_SUPPORT=1 -DGRPC_ENABLE_FORK_SUPPORT_DEFAULT=false -DGRPC_PYTHON_BUILD=1 -D__STDC_FORMAT_MACROS "-DPyMODINIT_FUNC=extern \"C\" __attribute__((visibility (\"default\"))) PyObject*" -DGRPC_POSIX_FORK_ALLOW_PTHREAD_ATFORK=1 -Isrc/python/grpcio -Iinclude -I. -Ithird_party/abseil-cpp -Ithird_party/address_sorting/include -Ithird_party/cares/cares/include -Ithird_party/cares -Ithird_party/cares/cares -Ithird_party/cares/cares/src/lib/include -Ithird_party/cares/cares/src/lib -Ithird_party/cares/config_linux -Ithird_party/re2 -Ithird_party/boringssl-with-bazel/src/include -Ithird_party/upb -Isrc/core/ext/upb-gen -Isrc/core/ext/upbdefs-gen -Ithird_party/utf8_range -Ithird_party/xxhash -Ithird_party/zlib -I/usr/local/google/home/ssreenithi/.pyenv/versions/3.12.0/envs/pyvenv_312/include -I/usr/local/google/home/ssreenithi/.pyenv/versions/3.12.0/include/python3.12 -c src/core/ext/upbdefs-gen/envoy/type/matcher/v3/path.upbdefs.c -o pyb/temp.linux-x86_64-cpython-312/src/core/ext/upbdefs-gen/envoy/type/matcher/v3/path.upbdefs.o -fvisibility=hidden -fno-wrapv -fno-exceptions -pthread
      g++ -fno-strict-overflow -Wsign-compare -DNDEBUG -g -O3 -Wall -fPIC -D_WIN32_WINNT=1536 -DGRPC_XDS_USER_AGENT_NAME_SUFFIX=\"Python\" -DGRPC_XDS_USER_AGENT_VERSION_SUFFIX=\"1.79.0.dev0\" -DHAVE_CONFIG_H=1 -DGRPC_ENABLE_FORK_SUPPORT=1 -DGRPC_ENABLE_FORK_SUPPORT_DEFAULT=false -DGRPC_PYTHON_BUILD=1 -D__STDC_FORMAT_MACROS "-DPyMODINIT_FUNC=extern \"C\" __attribute__((visibility (\"default\"))) PyObject*" -DGRPC_POSIX_FORK_ALLOW_PTHREAD_ATFORK=1 -Isrc/python/grpcio -Iinclude -I. -Ithird_party/abseil-cpp -Ithird_party/address_sorting/include -Ithird_party/cares/cares/include -Ithird_party/cares -Ithird_party/cares/cares -Ithird_party/cares/cares/src/lib/include -Ithird_party/cares/cares/src/lib -Ithird_party/cares/config_linux -Ithird_party/re2 -Ithird_party/boringssl-with-bazel/src/include -Ithird_party/upb -Isrc/core/ext/upb-gen -Isrc/core/ext/upbdefs-gen -Ithird_party/utf8_range -Ithird_party/xxhash -Ithird_party/zlib -I/usr/local/google/home/ssreenithi/.pyenv/versions/3.12.0/envs/pyvenv_312/include -I/usr/local/google/home/ssreenithi/.pyenv/versions/3.12.0/include/python3.12 -c src/core/credentials/transport/tls/load_system_roots_windows.cc -o pyb/temp.linux-x86_64-cpython-312/src/core/credentials/transport/tls/load_system_roots_windows.o -std=c++17 -fvisibility=hidden -fno-wrapv -fno-exceptions -pthread
      gcc -fno-strict-overflow -Wsign-compare -DNDEBUG -g -O3 -Wall -fPIC -D_WIN32_WINNT=1536 -DGRPC_XDS_USER_AGENT_NAME_SUFFIX=\"Python\" -DGRPC_XDS_USER_AGENT_VERSION_SUFFIX=\"1.79.0.dev0\" -DHAVE_CONFIG_H=1 -DGRPC_ENABLE_FORK_SUPPORT=1 -DGRPC_ENABLE_FORK_SUPPORT_DEFAULT=false -DGRPC_PYTHON_BUILD=1 -D__STDC_FORMAT_MACROS "-DPyMODINIT_FUNC=extern \"C\" __attribute__((visibility (\"default\"))) PyObject*" -DGRPC_POSIX_FORK_ALLOW_PTHREAD_ATFORK=1 -Isrc/python/grpcio -Iinclude -I. -Ithird_party/abseil-cpp -Ithird_party/address_sorting/include -Ithird_party/cares/cares/include -Ithird_party/cares -Ithird_party/cares/cares -Ithird_party/cares/cares/src/lib/include -Ithird_party/cares/cares/src/lib -Ithird_party/cares/config_linux -Ithird_party/re2 -Ithird_party/boringssl-with-bazel/src/include -Ithird_party/upb -Isrc/core/ext/upb-gen -Isrc/core/ext/upbdefs-gen -Ithird_party/utf8_range -Ithird_party/xxhash -Ithird_party/zlib -I/usr/local/google/home/ssreenithi/.pyenv/versions/3.12.0/envs/pyvenv_312/include -I/usr/local/google/home/ssreenithi/.pyenv/versions/3.12.0/include/python3.12 -c src/core/ext/upbdefs-gen/google/protobuf/duration.upbdefs.c -o pyb/temp.linux-x86_64-cpython-312/src/core/ext/upbdefs-gen/google/protobuf/duration.upbdefs.o -fvisibility=hidden -fno-wrapv -fno-exceptions -pthread
      gcc -fno-strict-overflow -Wsign-compare -DNDEBUG -g -O3 -Wall -fPIC -D_WIN32_WINNT=1536 -DGRPC_XDS_USER_AGENT_NAME_SUFFIX=\"Python\" -DGRPC_XDS_USER_AGENT_VERSION_SUFFIX=\"1.79.0.dev0\" -DHAVE_CONFIG_H=1 -DGRPC_ENABLE_FORK_SUPPORT=1 -DGRPC_ENABLE_FORK_SUPPORT_DEFAULT=false -DGRPC_PYTHON_BUILD=1 -D__STDC_FORMAT_MACROS "-DPyMODINIT_FUNC=extern \"C\" __attribute__((visibility (\"default\"))) PyObject*" -DGRPC_POSIX_FORK_ALLOW_PTHREAD_ATFORK=1 -Isrc/python/grpcio -Iinclude -I. -Ithird_party/abseil-cpp -Ithird_party/address_sorting/include -Ithird_party/cares/cares/include -Ithird_party/cares -Ithird_party/cares/cares -Ithird_party/cares/cares/src/lib/include -Ithird_party/cares/cares/src/lib -Ithird_party/cares/config_linux -Ithird_party/re2 -Ithird_party/boringssl-with-bazel/src/include -Ithird_party/upb -Isrc/core/ext/upb-gen -Isrc/core/ext/upbdefs-gen -Ithird_party/utf8_range -Ithird_party/xxhash -Ithird_party/zlib -I/usr/local/google/home/ssreenithi/.pyenv/versions/3.12.0/envs/pyvenv_312/include -I/usr/local/google/home/ssreenithi/.pyenv/versions/3.12.0/include/python3.12 -c src/core/ext/upbdefs-gen/src/proto/grpc/channelz/v2/channelz.upbdefs.c -o pyb/temp.linux-x86_64-cpython-312/src/core/ext/upbdefs-gen/src/proto/grpc/channelz/v2/channelz.upbdefs.o -fvisibility=hidden -fno-wrapv -fno-exceptions -pthread
      gcc -fno-strict-overflow -Wsign-compare -DNDEBUG -g -O3 -Wall -fPIC -D_WIN32_WINNT=1536 -DGRPC_XDS_USER_AGENT_NAME_SUFFIX=\"Python\" -DGRPC_XDS_USER_AGENT_VERSION_SUFFIX=\"1.79.0.dev0\" -DHAVE_CONFIG_H=1 -DGRPC_ENABLE_FORK_SUPPORT=1 -DGRPC_ENABLE_FORK_SUPPORT_DEFAULT=false -DGRPC_PYTHON_BUILD=1 -D__STDC_FORMAT_MACROS "-DPyMODINIT_FUNC=extern \"C\" __attribute__((visibility (\"default\"))) PyObject*" -DGRPC_POSIX_FORK_ALLOW_PTHREAD_ATFORK=1 -Isrc/python/grpcio -Iinclude -I. -Ithird_party/abseil-cpp -Ithird_party/address_sorting/include -Ithird_party/cares/cares/include -Ithird_party/cares -Ithird_party/cares/cares -Ithird_party/cares/cares/src/lib/include -Ithird_party/cares/cares/src/lib -Ithird_party/cares/config_linux -Ithird_party/re2 -Ithird_party/boringssl-with-bazel/src/include -Ithird_party/upb -Isrc/core/ext/upb-gen -Isrc/core/ext/upbdefs-gen -Ithird_party/utf8_range -Ithird_party/xxhash -Ithird_party/zlib -I/usr/local/google/home/ssreenithi/.pyenv/versions/3.12.0/envs/pyvenv_312/include -I/usr/local/google/home/ssreenithi/.pyenv/versions/3.12.0/include/python3.12 -c src/core/ext/upb-gen/google/protobuf/struct.upb_minitable.c -o pyb/temp.linux-x86_64-cpython-312/src/core/ext/upb-gen/google/protobuf/struct.upb_minitable.o -fvisibility=hidden -fno-wrapv -fno-exceptions -pthread
      gcc -fno-strict-overflow -Wsign-compare -DNDEBUG -g -O3 -Wall -fPIC -D_WIN32_WINNT=1536 -DGRPC_XDS_USER_AGENT_NAME_SUFFIX=\"Python\" -DGRPC_XDS_USER_AGENT_VERSION_SUFFIX=\"1.79.0.dev0\" -DHAVE_CONFIG_H=1 -DGRPC_ENABLE_FORK_SUPPORT=1 -DGRPC_ENABLE_FORK_SUPPORT_DEFAULT=false -DGRPC_PYTHON_BUILD=1 -D__STDC_FORMAT_MACROS "-DPyMODINIT_FUNC=extern \"C\" __attribute__((visibility (\"default\"))) PyObject*" -DGRPC_POSIX_FORK_ALLOW_PTHREAD_ATFORK=1 -Isrc/python/grpcio -Iinclude -I. -Ithird_party/abseil-cpp -Ithird_party/address_sorting/include -Ithird_party/cares/cares/include -Ithird_party/cares -Ithird_party/cares/cares -Ithird_party/cares/cares/src/lib/include -Ithird_party/cares/cares/src/lib -Ithird_party/cares/config_linux -Ithird_party/re2 -Ithird_party/boringssl-with-bazel/src/include -Ithird_party/upb -Isrc/core/ext/upb-gen -Isrc/core/ext/upbdefs-gen -Ithird_party/utf8_range -Ithird_party/xxhash -Ithird_party/zlib -I/usr/local/google/home/ssreenithi/.pyenv/versions/3.12.0/envs/pyvenv_312/include -I/usr/local/google/home/ssreenithi/.pyenv/versions/3.12.0/include/python3.12 -c src/core/ext/upbdefs-gen/envoy/config/endpoint/v3/endpoint.upbdefs.c -o pyb/temp.linux-x86_64-cpython-312/src/core/ext/upbdefs-gen/envoy/config/endpoint/v3/endpoint.upbdefs.o -fvisibility=hidden -fno-wrapv -fno-exceptions -pthread
      gcc -fno-strict-overflow -Wsign-compare -DNDEBUG -g -O3 -Wall -fPIC -D_WIN32_WINNT=1536 -DGRPC_XDS_USER_AGENT_NAME_SUFFIX=\"Python\" -DGRPC_XDS_USER_AGENT_VERSION_SUFFIX=\"1.79.0.dev0\" -DHAVE_CONFIG_H=1 -DGRPC_ENABLE_FORK_SUPPORT=1 -DGRPC_ENABLE_FORK_SUPPORT_DEFAULT=false -DGRPC_PYTHON_BUILD=1 -D__STDC_FORMAT_MACROS "-DPyMODINIT_FUNC=extern \"C\" __attribute__((visibility (\"default\"))) PyObject*" -DGRPC_POSIX_FORK_ALLOW_PTHREAD_ATFORK=1 -Isrc/python/grpcio -Iinclude -I. -Ithird_party/abseil-cpp -Ithird_party/address_sorting/include -Ithird_party/cares/cares/include -Ithird_party/cares -Ithird_party/cares/cares -Ithird_party/cares/cares/src/lib/include -Ithird_party/cares/cares/src/lib -Ithird_party/cares/config_linux -Ithird_party/re2 -Ithird_party/boringssl-with-bazel/src/include -Ithird_party/upb -Isrc/core/ext/upb-gen -Isrc/core/ext/upbdefs-gen -Ithird_party/utf8_range -Ithird_party/xxhash -Ithird_party/zlib -I/usr/local/google/home/ssreenithi/.pyenv/versions/3.12.0/envs/pyvenv_312/include -I/usr/local/google/home/ssreenithi/.pyenv/versions/3.12.0/include/python3.12 -c src/core/ext/upbdefs-gen/udpa/annotations/sensitive.upbdefs.c -o pyb/temp.linux-x86_64-cpython-312/src/core/ext/upbdefs-gen/udpa/annotations/sensitive.upbdefs.o -fvisibility=hidden -fno-wrapv -fno-exceptions -pthread
      gcc -fno-strict-overflow -Wsign-compare -DNDEBUG -g -O3 -Wall -fPIC -D_WIN32_WINNT=1536 -DGRPC_XDS_USER_AGENT_NAME_SUFFIX=\"Python\" -DGRPC_XDS_USER_AGENT_VERSION_SUFFIX=\"1.79.0.dev0\" -DHAVE_CONFIG_H=1 -DGRPC_ENABLE_FORK_SUPPORT=1 -DGRPC_ENABLE_FORK_SUPPORT_DEFAULT=false -DGRPC_PYTHON_BUILD=1 -D__STDC_FORMAT_MACROS "-DPyMODINIT_FUNC=extern \"C\" __attribute__((visibility (\"default\"))) PyObject*" -DGRPC_POSIX_FORK_ALLOW_PTHREAD_ATFORK=1 -Isrc/python/grpcio -Iinclude -I. -Ithird_party/abseil-cpp -Ithird_party/address_sorting/include -Ithird_party/cares/cares/include -Ithird_party/cares -Ithird_party/cares/cares -Ithird_party/cares/cares/src/lib/include -Ithird_party/cares/cares/src/lib -Ithird_party/cares/config_linux -Ithird_party/re2 -Ithird_party/boringssl-with-bazel/src/include -Ithird_party/upb -Isrc/core/ext/upb-gen -Isrc/core/ext/upbdefs-gen -Ithird_party/utf8_range -Ithird_party/xxhash -Ithird_party/zlib -I/usr/local/google/home/ssreenithi/.pyenv/versions/3.12.0/envs/pyvenv_312/include -I/usr/local/google/home/ssreenithi/.pyenv/versions/3.12.0/include/python3.12 -c src/core/ext/upbdefs-gen/xds/annotations/v3/status.upbdefs.c -o pyb/temp.linux-x86_64-cpython-312/src/core/ext/upbdefs-gen/xds/annotations/v3/status.upbdefs.o -fvisibility=hidden -fno-wrapv -fno-exceptions -pthread
      gcc -fno-strict-overflow -Wsign-compare -DNDEBUG -g -O3 -Wall -fPIC -D_WIN32_WINNT=1536 -DGRPC_XDS_USER_AGENT_NAME_SUFFIX=\"Python\" -DGRPC_XDS_USER_AGENT_VERSION_SUFFIX=\"1.79.0.dev0\" -DHAVE_CONFIG_H=1 -DGRPC_ENABLE_FORK_SUPPORT=1 -DGRPC_ENABLE_FORK_SUPPORT_DEFAULT=false -DGRPC_PYTHON_BUILD=1 -D__STDC_FORMAT_MACROS "-DPyMODINIT_FUNC=extern \"C\" __attribute__((visibility (\"default\"))) PyObject*" -DGRPC_POSIX_FORK_ALLOW_PTHREAD_ATFORK=1 -Isrc/python/grpcio -Iinclude -I. -Ithird_party/abseil-cpp -Ithird_party/address_sorting/include -Ithird_party/cares/cares/include -Ithird_party/cares -Ithird_party/cares/cares -Ithird_party/cares/cares/src/lib/include -Ithird_party/cares/cares/src/lib -Ithird_party/cares/config_linux -Ithird_party/re2 -Ithird_party/boringssl-with-bazel/src/include -Ithird_party/upb -Isrc/core/ext/upb-gen -Isrc/core/ext/upbdefs-gen -Ithird_party/utf8_range -Ithird_party/xxhash -Ithird_party/zlib -I/usr/local/google/home/ssreenithi/.pyenv/versions/3.12.0/envs/pyvenv_312/include -I/usr/local/google/home/ssreenithi/.pyenv/versions/3.12.0/include/python3.12 -c src/core/ext/upb-gen/xds/data/orca/v3/orca_load_report.upb_minitable.c -o pyb/temp.linux-x86_64-cpython-312/src/core/ext/upb-gen/xds/data/orca/v3/orca_load_report.upb_minitable.o -fvisibility=hidden -fno-wrapv -fno-exceptions -pthread
      gcc -fno-strict-overflow -Wsign-compare -DNDEBUG -g -O3 -Wall -fPIC -D_WIN32_WINNT=1536 -DGRPC_XDS_USER_AGENT_NAME_SUFFIX=\"Python\" -DGRPC_XDS_USER_AGENT_VERSION_SUFFIX=\"1.79.0.dev0\" -DHAVE_CONFIG_H=1 -DGRPC_ENABLE_FORK_SUPPORT=1 -DGRPC_ENABLE_FORK_SUPPORT_DEFAULT=false -DGRPC_PYTHON_BUILD=1 -D__STDC_FORMAT_MACROS "-DPyMODINIT_FUNC=extern \"C\" __attribute__((visibility (\"default\"))) PyObject*" -DGRPC_POSIX_FORK_ALLOW_PTHREAD_ATFORK=1 -Isrc/python/grpcio -Iinclude -I. -Ithird_party/abseil-cpp -Ithird_party/address_sorting/include -Ithird_party/cares/cares/include -Ithird_party/cares -Ithird_party/cares/cares -Ithird_party/cares/cares/src/lib/include -Ithird_party/cares/cares/src/lib -Ithird_party/cares/config_linux -Ithird_party/re2 -Ithird_party/boringssl-with-bazel/src/include -Ithird_party/upb -Isrc/core/ext/upb-gen -Isrc/core/ext/upbdefs-gen -Ithird_party/utf8_range -Ithird_party/xxhash -Ithird_party/zlib -I/usr/local/google/home/ssreenithi/.pyenv/versions/3.12.0/envs/pyvenv_312/include -I/usr/local/google/home/ssreenithi/.pyenv/versions/3.12.0/include/python3.12 -c src/core/ext/upbdefs-gen/xds/core/v3/resource.upbdefs.c -o pyb/temp.linux-x86_64-cpython-312/src/core/ext/upbdefs-gen/xds/core/v3/resource.upbdefs.o -fvisibility=hidden -fno-wrapv -fno-exceptions -pthread
      gcc -fno-strict-overflow -Wsign-compare -DNDEBUG -g -O3 -Wall -fPIC -D_WIN32_WINNT=1536 -DGRPC_XDS_USER_AGENT_NAME_SUFFIX=\"Python\" -DGRPC_XDS_USER_AGENT_VERSION_SUFFIX=\"1.79.0.dev0\" -DHAVE_CONFIG_H=1 -DGRPC_ENABLE_FORK_SUPPORT=1 -DGRPC_ENABLE_FORK_SUPPORT_DEFAULT=false -DGRPC_PYTHON_BUILD=1 -D__STDC_FORMAT_MACROS "-DPyMODINIT_FUNC=extern \"C\" __attribute__((visibility (\"default\"))) PyObject*" -DGRPC_POSIX_FORK_ALLOW_PTHREAD_ATFORK=1 -Isrc/python/grpcio -Iinclude -I. -Ithird_party/abseil-cpp -Ithird_party/address_sorting/include -Ithird_party/cares/cares/include -Ithird_party/cares -Ithird_party/cares/cares -Ithird_party/cares/cares/src/lib/include -Ithird_party/cares/cares/src/lib -Ithird_party/cares/config_linux -Ithird_party/re2 -Ithird_party/boringssl-with-bazel/src/include -Ithird_party/upb -Isrc/core/ext/upb-gen -Isrc/core/ext/upbdefs-gen -Ithird_party/utf8_range -Ithird_party/xxhash -Ithird_party/zlib -I/usr/local/google/home/ssreenithi/.pyenv/versions/3.12.0/envs/pyvenv_312/include -I/usr/local/google/home/ssreenithi/.pyenv/versions/3.12.0/include/python3.12 -c src/core/ext/upbdefs-gen/xds/type/matcher/v3/matcher.upbdefs.c -o pyb/temp.linux-x86_64-cpython-312/src/core/ext/upbdefs-gen/xds/type/matcher/v3/matcher.upbdefs.o -fvisibility=hidden -fno-wrapv -fno-exceptions -pthread
      g++ -fno-strict-overflow -Wsign-compare -DNDEBUG -g -O3 -Wall -fPIC -D_WIN32_WINNT=1536 -DGRPC_XDS_USER_AGENT_NAME_SUFFIX=\"Python\" -DGRPC_XDS_USER_AGENT_VERSION_SUFFIX=\"1.79.0.dev0\" -DHAVE_CONFIG_H=1 -DGRPC_ENABLE_FORK_SUPPORT=1 -DGRPC_ENABLE_FORK_SUPPORT_DEFAULT=false -DGRPC_PYTHON_BUILD=1 -D__STDC_FORMAT_MACROS "-DPyMODINIT_FUNC=extern \"C\" __attribute__((visibility (\"default\"))) PyObject*" -DGRPC_POSIX_FORK_ALLOW_PTHREAD_ATFORK=1 -Isrc/python/grpcio -Iinclude -I. -Ithird_party/abseil-cpp -Ithird_party/address_sorting/include -Ithird_party/cares/cares/include -Ithird_party/cares -Ithird_party/cares/cares -Ithird_party/cares/cares/src/lib/include -Ithird_party/cares/cares/src/lib -Ithird_party/cares/config_linux -Ithird_party/re2 -Ithird_party/boringssl-with-bazel/src/include -Ithird_party/upb -Isrc/core/ext/upb-gen -Isrc/core/ext/upbdefs-gen -Ithird_party/utf8_range -Ithird_party/xxhash -Ithird_party/zlib -I/usr/local/google/home/ssreenithi/.pyenv/versions/3.12.0/envs/pyvenv_312/include -I/usr/local/google/home/ssreenithi/.pyenv/versions/3.12.0/include/python3.12 -c src/core/filter/auth/client_auth_filter.cc -o pyb/temp.linux-x86_64-cpython-312/src/core/filter/auth/client_auth_filter.o -std=c++17 -fvisibility=hidden -fno-wrapv -fno-exceptions -pthread
      gcc -fno-strict-overflow -Wsign-compare -DNDEBUG -g -O3 -Wall -fPIC -D_WIN32_WINNT=1536 -DGRPC_XDS_USER_AGENT_NAME_SUFFIX=\"Python\" -DGRPC_XDS_USER_AGENT_VERSION_SUFFIX=\"1.79.0.dev0\" -DHAVE_CONFIG_H=1 -DGRPC_ENABLE_FORK_SUPPORT=1 -DGRPC_ENABLE_FORK_SUPPORT_DEFAULT=false -DGRPC_PYTHON_BUILD=1 -D__STDC_FORMAT_MACROS "-DPyMODINIT_FUNC=extern \"C\" __attribute__((visibility (\"default\"))) PyObject*" -DGRPC_POSIX_FORK_ALLOW_PTHREAD_ATFORK=1 -Isrc/python/grpcio -Iinclude -I. -Ithird_party/abseil-cpp -Ithird_party/address_sorting/include -Ithird_party/cares/cares/include -Ithird_party/cares -Ithird_party/cares/cares -Ithird_party/cares/cares/src/lib/include -Ithird_party/cares/cares/src/lib -Ithird_party/cares/config_linux -Ithird_party/re2 -Ithird_party/boringssl-with-bazel/src/include -Ithird_party/upb -Isrc/core/ext/upb-gen -Isrc/core/ext/upbdefs-gen -Ithird_party/utf8_range -Ithird_party/xxhash -Ithird_party/zlib -I/usr/local/google/home/ssreenithi/.pyenv/versions/3.12.0/envs/pyvenv_312/include -I/usr/local/google/home/ssreenithi/.pyenv/versions/3.12.0/include/python3.12 -c src/core/ext/upbdefs-gen/envoy/admin/v3/listeners.upbdefs.c -o pyb/temp.linux-x86_64-cpython-312/src/core/ext/upbdefs-gen/envoy/admin/v3/listeners.upbdefs.o -fvisibility=hidden -fno-wrapv -fno-exceptions -pthread
      gcc -fno-strict-overflow -Wsign-compare -DNDEBUG -g -O3 -Wall -fPIC -D_WIN32_WINNT=1536 -DGRPC_XDS_USER_AGENT_NAME_SUFFIX=\"Python\" -DGRPC_XDS_USER_AGENT_VERSION_SUFFIX=\"1.79.0.dev0\" -DHAVE_CONFIG_H=1 -DGRPC_ENABLE_FORK_SUPPORT=1 -DGRPC_ENABLE_FORK_SUPPORT_DEFAULT=false -DGRPC_PYTHON_BUILD=1 -D__STDC_FORMAT_MACROS "-DPyMODINIT_FUNC=extern \"C\" __attribute__((visibility (\"default\"))) PyObject*" -DGRPC_POSIX_FORK_ALLOW_PTHREAD_ATFORK=1 -Isrc/python/grpcio -Iinclude -I. -Ithird_party/abseil-cpp -Ithird_party/address_sorting/include -Ithird_party/cares/cares/include -Ithird_party/cares -Ithird_party/cares/cares -Ithird_party/cares/cares/src/lib/include -Ithird_party/cares/cares/src/lib -Ithird_party/cares/config_linux -Ithird_party/re2 -Ithird_party/boringssl-with-bazel/src/include -Ithird_party/upb -Isrc/core/ext/upb-gen -Isrc/core/ext/upbdefs-gen -Ithird_party/utf8_range -Ithird_party/xxhash -Ithird_party/zlib -I/usr/local/google/home/ssreenithi/.pyenv/versions/3.12.0/envs/pyvenv_312/include -I/usr/local/google/home/ssreenithi/.pyenv/versions/3.12.0/include/python3.12 -c src/core/ext/upbdefs-gen/envoy/type/http/v3/path_transformation.upbdefs.c -o pyb/temp.linux-x86_64-cpython-312/src/core/ext/upbdefs-gen/envoy/type/http/v3/path_transformation.upbdefs.o -fvisibility=hidden -fno-wrapv -fno-exceptions -pthread
      gcc -fno-strict-overflow -Wsign-compare -DNDEBUG -g -O3 -Wall -fPIC -D_WIN32_WINNT=1536 -DGRPC_XDS_USER_AGENT_NAME_SUFFIX=\"Python\" -DGRPC_XDS_USER_AGENT_VERSION_SUFFIX=\"1.79.0.dev0\" -DHAVE_CONFIG_H=1 -DGRPC_ENABLE_FORK_SUPPORT=1 -DGRPC_ENABLE_FORK_SUPPORT_DEFAULT=false -DGRPC_PYTHON_BUILD=1 -D__STDC_FORMAT_MACROS "-DPyMODINIT_FUNC=extern \"C\" __attribute__((visibility (\"default\"))) PyObject*" -DGRPC_POSIX_FORK_ALLOW_PTHREAD_ATFORK=1 -Isrc/python/grpcio -Iinclude -I. -Ithird_party/abseil-cpp -Ithird_party/address_sorting/include -Ithird_party/cares/cares/include -Ithird_party/cares -Ithird_party/cares/cares -Ithird_party/cares/cares/src/lib/include -Ithird_party/cares/cares/src/lib -Ithird_party/cares/config_linux -Ithird_party/re2 -Ithird_party/boringssl-with-bazel/src/include -Ithird_party/upb -Isrc/core/ext/upb-gen -Isrc/core/ext/upbdefs-gen -Ithird_party/utf8_range -Ithird_party/xxhash -Ithird_party/zlib -I/usr/local/google/home/ssreenithi/.pyenv/versions/3.12.0/envs/pyvenv_312/include -I/usr/local/google/home/ssreenithi/.pyenv/versions/3.12.0/include/python3.12 -c src/core/ext/upbdefs-gen/envoy/config/trace/v3/service.upbdefs.c -o pyb/temp.linux-x86_64-cpython-312/src/core/ext/upbdefs-gen/envoy/config/trace/v3/service.upbdefs.o -fvisibility=hidden -fno-wrapv -fno-exceptions -pthread
      g++ -fno-strict-overflow -Wsign-compare -DNDEBUG -g -O3 -Wall -fPIC -D_WIN32_WINNT=1536 -DGRPC_XDS_USER_AGENT_NAME_SUFFIX=\"Python\" -DGRPC_XDS_USER_AGENT_VERSION_SUFFIX=\"1.79.0.dev0\" -DHAVE_CONFIG_H=1 -DGRPC_ENABLE_FORK_SUPPORT=1 -DGRPC_ENABLE_FORK_SUPPORT_DEFAULT=false -DGRPC_PYTHON_BUILD=1 -D__STDC_FORMAT_MACROS "-DPyMODINIT_FUNC=extern \"C\" __attribute__((visibility (\"default\"))) PyObject*" -DGRPC_POSIX_FORK_ALLOW_PTHREAD_ATFORK=1 -Isrc/python/grpcio -Iinclude -I. -Ithird_party/abseil-cpp -Ithird_party/address_sorting/include -Ithird_party/cares/cares/include -Ithird_party/cares -Ithird_party/cares/cares -Ithird_party/cares/cares/src/lib/include -Ithird_party/cares/cares/src/lib -Ithird_party/cares/config_linux -Ithird_party/re2 -Ithird_party/boringssl-with-bazel/src/include -Ithird_party/upb -Isrc/core/ext/upb-gen -Isrc/core/ext/upbdefs-gen -Ithird_party/utf8_range -Ithird_party/xxhash -Ithird_party/zlib -I/usr/local/google/home/ssreenithi/.pyenv/versions/3.12.0/envs/pyvenv_312/include -I/usr/local/google/home/ssreenithi/.pyenv/versions/3.12.0/include/python3.12 -c src/core/handshaker/http_connect/http_connect_client_handshaker.cc -o pyb/temp.linux-x86_64-cpython-312/src/core/handshaker/http_connect/http_connect_client_handshaker.o -std=c++17 -fvisibility=hidden -fno-wrapv -fno-exceptions -pthread
      g++ -fno-strict-overflow -Wsign-compare -DNDEBUG -g -O3 -Wall -fPIC -D_WIN32_WINNT=1536 -DGRPC_XDS_USER_AGENT_NAME_SUFFIX=\"Python\" -DGRPC_XDS_USER_AGENT_VERSION_SUFFIX=\"1.79.0.dev0\" -DHAVE_CONFIG_H=1 -DGRPC_ENABLE_FORK_SUPPORT=1 -DGRPC_ENABLE_FORK_SUPPORT_DEFAULT=false -DGRPC_PYTHON_BUILD=1 -D__STDC_FORMAT_MACROS "-DPyMODINIT_FUNC=extern \"C\" __attribute__((visibility (\"default\"))) PyObject*" -DGRPC_POSIX_FORK_ALLOW_PTHREAD_ATFORK=1 -Isrc/python/grpcio -Iinclude -I. -Ithird_party/abseil-cpp -Ithird_party/address_sorting/include -Ithird_party/cares/cares/include -Ithird_party/cares -Ithird_party/cares/cares -Ithird_party/cares/cares/src/lib/include -Ithird_party/cares/cares/src/lib -Ithird_party/cares/config_linux -Ithird_party/re2 -Ithird_party/boringssl-with-bazel/src/include -Ithird_party/upb -Isrc/core/ext/upb-gen -Isrc/core/ext/upbdefs-gen -Ithird_party/utf8_range -Ithird_party/xxhash -Ithird_party/zlib -I/usr/local/google/home/ssreenithi/.pyenv/versions/3.12.0/envs/pyvenv_312/include -I/usr/local/google/home/ssreenithi/.pyenv/versions/3.12.0/include/python3.12 -c src/core/handshaker/tcp_connect/tcp_connect_handshaker.cc -o pyb/temp.linux-x86_64-cpython-312/src/core/handshaker/tcp_connect/tcp_connect_handshaker.o -std=c++17 -fvisibility=hidden -fno-wrapv -fno-exceptions -pthread
      g++ -fno-strict-overflow -Wsign-compare -DNDEBUG -g -O3 -Wall -fPIC -D_WIN32_WINNT=1536 -DGRPC_XDS_USER_AGENT_NAME_SUFFIX=\"Python\" -DGRPC_XDS_USER_AGENT_VERSION_SUFFIX=\"1.79.0.dev0\" -DHAVE_CONFIG_H=1 -DGRPC_ENABLE_FORK_SUPPORT=1 -DGRPC_ENABLE_FORK_SUPPORT_DEFAULT=false -DGRPC_PYTHON_BUILD=1 -D__STDC_FORMAT_MACROS "-DPyMODINIT_FUNC=extern \"C\" __attribute__((visibility (\"default\"))) PyObject*" -DGRPC_POSIX_FORK_ALLOW_PTHREAD_ATFORK=1 -Isrc/python/grpcio -Iinclude -I. -Ithird_party/abseil-cpp -Ithird_party/address_sorting/include -Ithird_party/cares/cares/include -Ithird_party/cares -Ithird_party/cares/cares -Ithird_party/cares/cares/src/lib/include -Ithird_party/cares/cares/src/lib -Ithird_party/cares/config_linux -Ithird_party/re2 -Ithird_party/boringssl-with-bazel/src/include -Ithird_party/upb -Isrc/core/ext/upb-gen -Isrc/core/ext/upbdefs-gen -Ithird_party/utf8_range -Ithird_party/xxhash -Ithird_party/zlib -I/usr/local/google/home/ssreenithi/.pyenv/versions/3.12.0/envs/pyvenv_312/include -I/usr/local/google/home/ssreenithi/.pyenv/versions/3.12.0/include/python3.12 -c src/core/lib/channel/channel_stack_builder_impl.cc -o pyb/temp.linux-x86_64-cpython-312/src/core/lib/channel/channel_stack_builder_impl.o -std=c++17 -fvisibility=hidden -fno-wrapv -fno-exceptions -pthread
      g++ -fno-strict-overflow -Wsign-compare -DNDEBUG -g -O3 -Wall -fPIC -D_WIN32_WINNT=1536 -DGRPC_XDS_USER_AGENT_NAME_SUFFIX=\"Python\" -DGRPC_XDS_USER_AGENT_VERSION_SUFFIX=\"1.79.0.dev0\" -DHAVE_CONFIG_H=1 -DGRPC_ENABLE_FORK_SUPPORT=1 -DGRPC_ENABLE_FORK_SUPPORT_DEFAULT=false -DGRPC_PYTHON_BUILD=1 -D__STDC_FORMAT_MACROS "-DPyMODINIT_FUNC=extern \"C\" __attribute__((visibility (\"default\"))) PyObject*" -DGRPC_POSIX_FORK_ALLOW_PTHREAD_ATFORK=1 -Isrc/python/grpcio -Iinclude -I. -Ithird_party/abseil-cpp -Ithird_party/address_sorting/include -Ithird_party/cares/cares/include -Ithird_party/cares -Ithird_party/cares/cares -Ithird_party/cares/cares/src/lib/include -Ithird_party/cares/cares/src/lib -Ithird_party/cares/config_linux -Ithird_party/re2 -Ithird_party/boringssl-with-bazel/src/include -Ithird_party/upb -Isrc/core/ext/upb-gen -Isrc/core/ext/upbdefs-gen -Ithird_party/utf8_range -Ithird_party/xxhash -Ithird_party/zlib -I/usr/local/google/home/ssreenithi/.pyenv/versions/3.12.0/envs/pyvenv_312/include -I/usr/local/google/home/ssreenithi/.pyenv/versions/3.12.0/include/python3.12 -c src/core/lib/debug/trace_flags.cc -o pyb/temp.linux-x86_64-cpython-312/src/core/lib/debug/trace_flags.o -std=c++17 -fvisibility=hidden -fno-wrapv -fno-exceptions -pthread
      g++ -fno-strict-overflow -Wsign-compare -DNDEBUG -g -O3 -Wall -fPIC -D_WIN32_WINNT=1536 -DGRPC_XDS_USER_AGENT_NAME_SUFFIX=\"Python\" -DGRPC_XDS_USER_AGENT_VERSION_SUFFIX=\"1.79.0.dev0\" -DHAVE_CONFIG_H=1 -DGRPC_ENABLE_FORK_SUPPORT=1 -DGRPC_ENABLE_FORK_SUPPORT_DEFAULT=false -DGRPC_PYTHON_BUILD=1 -D__STDC_FORMAT_MACROS "-DPyMODINIT_FUNC=extern \"C\" __attribute__((visibility (\"default\"))) PyObject*" -DGRPC_POSIX_FORK_ALLOW_PTHREAD_ATFORK=1 -Isrc/python/grpcio -Iinclude -I. -Ithird_party/abseil-cpp -Ithird_party/address_sorting/include -Ithird_party/cares/cares/include -Ithird_party/cares -Ithird_party/cares/cares -Ithird_party/cares/cares/src/lib/include -Ithird_party/cares/cares/src/lib -Ithird_party/cares/config_linux -Ithird_party/re2 -Ithird_party/boringssl-with-bazel/src/include -Ithird_party/upb -Isrc/core/ext/upb-gen -Isrc/core/ext/upbdefs-gen -Ithird_party/utf8_range -Ithird_party/xxhash -Ithird_party/zlib -I/usr/local/google/home/ssreenithi/.pyenv/versions/3.12.0/envs/pyvenv_312/include -I/usr/local/google/home/ssreenithi/.pyenv/versions/3.12.0/include/python3.12 -c src/core/lib/event_engine/default_event_engine.cc -o pyb/temp.linux-x86_64-cpython-312/src/core/lib/event_engine/default_event_engine.o -std=c++17 -fvisibility=hidden -fno-wrapv -fno-exceptions -pthread
      gcc -fno-strict-overflow -Wsign-compare -DNDEBUG -g -O3 -Wall -fPIC -D_WIN32_WINNT=1536 -DGRPC_XDS_USER_AGENT_NAME_SUFFIX=\"Python\" -DGRPC_XDS_USER_AGENT_VERSION_SUFFIX=\"1.79.0.dev0\" -DHAVE_CONFIG_H=1 -DGRPC_ENABLE_FORK_SUPPORT=1 -DGRPC_ENABLE_FORK_SUPPORT_DEFAULT=false -DGRPC_PYTHON_BUILD=1 -D__STDC_FORMAT_MACROS "-DPyMODINIT_FUNC=extern \"C\" __attribute__((visibility (\"default\"))) PyObject*" -DGRPC_POSIX_FORK_ALLOW_PTHREAD_ATFORK=1 -Isrc/python/grpcio -Iinclude -I. -Ithird_party/abseil-cpp -Ithird_party/address_sorting/include -Ithird_party/cares/cares/include -Ithird_party/cares -Ithird_party/cares/cares -Ithird_party/cares/cares/src/lib/include -Ithird_party/cares/cares/src/lib -Ithird_party/cares/config_linux -Ithird_party/re2 -Ithird_party/boringssl-with-bazel/src/include -Ithird_party/upb -Isrc/core/ext/upb-gen -Isrc/core/ext/upbdefs-gen -Ithird_party/utf8_range -Ithird_party/xxhash -Ithird_party/zlib -I/usr/local/google/home/ssreenithi/.pyenv/versions/3.12.0/envs/pyvenv_312/include -I/usr/local/google/home/ssreenithi/.pyenv/versions/3.12.0/include/python3.12 -c src/core/ext/upbdefs-gen/envoy/config/common/matcher/v3/matcher.upbdefs.c -o pyb/temp.linux-x86_64-cpython-312/src/core/ext/upbdefs-gen/envoy/config/common/matcher/v3/matcher.upbdefs.o -fvisibility=hidden -fno-wrapv -fno-exceptions -pthread
      g++ -fno-strict-overflow -Wsign-compare -DNDEBUG -g -O3 -Wall -fPIC -D_WIN32_WINNT=1536 -DGRPC_XDS_USER_AGENT_NAME_SUFFIX=\"Python\" -DGRPC_XDS_USER_AGENT_VERSION_SUFFIX=\"1.79.0.dev0\" -DHAVE_CONFIG_H=1 -DGRPC_ENABLE_FORK_SUPPORT=1 -DGRPC_ENABLE_FORK_SUPPORT_DEFAULT=false -DGRPC_PYTHON_BUILD=1 -D__STDC_FORMAT_MACROS "-DPyMODINIT_FUNC=extern \"C\" __attribute__((visibility (\"default\"))) PyObject*" -DGRPC_POSIX_FORK_ALLOW_PTHREAD_ATFORK=1 -Isrc/python/grpcio -Iinclude -I. -Ithird_party/abseil-cpp -Ithird_party/address_sorting/include -Ithird_party/cares/cares/include -Ithird_party/cares -Ithird_party/cares/cares -Ithird_party/cares/cares/src/lib/include -Ithird_party/cares/cares/src/lib -Ithird_party/cares/config_linux -Ithird_party/re2 -Ithird_party/boringssl-with-bazel/src/include -Ithird_party/upb -Isrc/core/ext/upb-gen -Isrc/core/ext/upbdefs-gen -Ithird_party/utf8_range -Ithird_party/xxhash -Ithird_party/zlib -I/usr/local/google/home/ssreenithi/.pyenv/versions/3.12.0/envs/pyvenv_312/include -I/usr/local/google/home/ssreenithi/.pyenv/versions/3.12.0/include/python3.12 -c src/core/lib/event_engine/posix_engine/file_descriptor_collection.cc -o pyb/temp.linux-x86_64-cpython-312/src/core/lib/event_engine/posix_engine/file_descriptor_collection.o -std=c++17 -fvisibility=hidden -fno-wrapv -fno-exceptions -pthread
      gcc -fno-strict-overflow -Wsign-compare -DNDEBUG -g -O3 -Wall -fPIC -D_WIN32_WINNT=1536 -DGRPC_XDS_USER_AGENT_NAME_SUFFIX=\"Python\" -DGRPC_XDS_USER_AGENT_VERSION_SUFFIX=\"1.79.0.dev0\" -DHAVE_CONFIG_H=1 -DGRPC_ENABLE_FORK_SUPPORT=1 -DGRPC_ENABLE_FORK_SUPPORT_DEFAULT=false -DGRPC_PYTHON_BUILD=1 -D__STDC_FORMAT_MACROS "-DPyMODINIT_FUNC=extern \"C\" __attribute__((visibility (\"default\"))) PyObject*" -DGRPC_POSIX_FORK_ALLOW_PTHREAD_ATFORK=1 -Isrc/python/grpcio -Iinclude -I. -Ithird_party/abseil-cpp -Ithird_party/address_sorting/include -Ithird_party/cares/cares/include -Ithird_party/cares -Ithird_party/cares/cares -Ithird_party/cares/cares/src/lib/include -Ithird_party/cares/cares/src/lib -Ithird_party/cares/config_linux -Ithird_party/re2 -Ithird_party/boringssl-with-bazel/src/include -Ithird_party/upb -Isrc/core/ext/upb-gen -Isrc/core/ext/upbdefs-gen -Ithird_party/utf8_range -Ithird_party/xxhash -Ithird_party/zlib -I/usr/local/google/home/ssreenithi/.pyenv/versions/3.12.0/envs/pyvenv_312/include -I/usr/local/google/home/ssreenithi/.pyenv/versions/3.12.0/include/python3.12 -c src/core/ext/upbdefs-gen/envoy/annotations/resource.upbdefs.c -o pyb/temp.linux-x86_64-cpython-312/src/core/ext/upbdefs-gen/envoy/annotations/resource.upbdefs.o -fvisibility=hidden -fno-wrapv -fno-exceptions -pthread
      g++ -fno-strict-overflow -Wsign-compare -DNDEBUG -g -O3 -Wall -fPIC -D_WIN32_WINNT=1536 -DGRPC_XDS_USER_AGENT_NAME_SUFFIX=\"Python\" -DGRPC_XDS_USER_AGENT_VERSION_SUFFIX=\"1.79.0.dev0\" -DHAVE_CONFIG_H=1 -DGRPC_ENABLE_FORK_SUPPORT=1 -DGRPC_ENABLE_FORK_SUPPORT_DEFAULT=false -DGRPC_PYTHON_BUILD=1 -D__STDC_FORMAT_MACROS "-DPyMODINIT_FUNC=extern \"C\" __attribute__((visibility (\"default\"))) PyObject*" -DGRPC_POSIX_FORK_ALLOW_PTHREAD_ATFORK=1 -Isrc/python/grpcio -Iinclude -I. -Ithird_party/abseil-cpp -Ithird_party/address_sorting/include -Ithird_party/cares/cares/include -Ithird_party/cares -Ithird_party/cares/cares -Ithird_party/cares/cares/src/lib/include -Ithird_party/cares/cares/src/lib -Ithird_party/cares/config_linux -Ithird_party/re2 -Ithird_party/boringssl-with-bazel/src/include -Ithird_party/upb -Isrc/core/ext/upb-gen -Isrc/core/ext/upbdefs-gen -Ithird_party/utf8_range -Ithird_party/xxhash -Ithird_party/zlib -I/usr/local/google/home/ssreenithi/.pyenv/versions/3.12.0/envs/pyvenv_312/include -I/usr/local/google/home/ssreenithi/.pyenv/versions/3.12.0/include/python3.12 -c src/core/lib/event_engine/posix_engine/posix_engine_listener_utils.cc -o pyb/temp.linux-x86_64-cpython-312/src/core/lib/event_engine/posix_engine/posix_engine_listener_utils.o -std=c++17 -fvisibility=hidden -fno-wrapv -fno-exceptions -pthread
      gcc -fno-strict-overflow -Wsign-compare -DNDEBUG -g -O3 -Wall -fPIC -D_WIN32_WINNT=1536 -DGRPC_XDS_USER_AGENT_NAME_SUFFIX=\"Python\" -DGRPC_XDS_USER_AGENT_VERSION_SUFFIX=\"1.79.0.dev0\" -DHAVE_CONFIG_H=1 -DGRPC_ENABLE_FORK_SUPPORT=1 -DGRPC_ENABLE_FORK_SUPPORT_DEFAULT=false -DGRPC_PYTHON_BUILD=1 -D__STDC_FORMAT_MACROS "-DPyMODINIT_FUNC=extern \"C\" __attribute__((visibility (\"default\"))) PyObject*" -DGRPC_POSIX_FORK_ALLOW_PTHREAD_ATFORK=1 -Isrc/python/grpcio -Iinclude -I. -Ithird_party/abseil-cpp -Ithird_party/address_sorting/include -Ithird_party/cares/cares/include -Ithird_party/cares -Ithird_party/cares/cares -Ithird_party/cares/cares/src/lib/include -Ithird_party/cares/cares/src/lib -Ithird_party/cares/config_linux -Ithird_party/re2 -Ithird_party/boringssl-with-bazel/src/include -Ithird_party/upb -Isrc/core/ext/upb-gen -Isrc/core/ext/upbdefs-gen -Ithird_party/utf8_range -Ithird_party/xxhash -Ithird_party/zlib -I/usr/local/google/home/ssreenithi/.pyenv/versions/3.12.0/envs/pyvenv_312/include -I/usr/local/google/home/ssreenithi/.pyenv/versions/3.12.0/include/python3.12 -c src/core/ext/upb-gen/xds/type/matcher/v3/range.upb_minitable.c -o pyb/temp.linux-x86_64-cpython-312/src/core/ext/upb-gen/xds/type/matcher/v3/range.upb_minitable.o -fvisibility=hidden -fno-wrapv -fno-exceptions -pthread
      In file included from ./src/core/ext/transport/chttp2/transport/keepalive.h:21,
                       from src/core/ext/transport/chttp2/transport/keepalive.cc:18:
      ./src/core/lib/promise/loop.h:214:31: warning: attribute ignored in declaration of ‘union grpc_core::Loop<F, kYield>::<unnamed>’ [-Wattributes]
        214 |   GPR_NO_UNIQUE_ADDRESS union {
            |                               ^
      ./src/core/lib/promise/loop.h:214:31: note: attribute for ‘union grpc_core::Loop<F, kYield>::<unnamed>’ must follow the ‘union’ keyword
      gcc -fno-strict-overflow -Wsign-compare -DNDEBUG -g -O3 -Wall -fPIC -D_WIN32_WINNT=1536 -DGRPC_XDS_USER_AGENT_NAME_SUFFIX=\"Python\" -DGRPC_XDS_USER_AGENT_VERSION_SUFFIX=\"1.79.0.dev0\" -DHAVE_CONFIG_H=1 -DGRPC_ENABLE_FORK_SUPPORT=1 -DGRPC_ENABLE_FORK_SUPPORT_DEFAULT=false -DGRPC_PYTHON_BUILD=1 -D__STDC_FORMAT_MACROS "-DPyMODINIT_FUNC=extern \"C\" __attribute__((visibility (\"default\"))) PyObject*" -DGRPC_POSIX_FORK_ALLOW_PTHREAD_ATFORK=1 -Isrc/python/grpcio -Iinclude -I. -Ithird_party/abseil-cpp -Ithird_party/address_sorting/include -Ithird_party/cares/cares/include -Ithird_party/cares -Ithird_party/cares/cares -Ithird_party/cares/cares/src/lib/include -Ithird_party/cares/cares/src/lib -Ithird_party/cares/config_linux -Ithird_party/re2 -Ithird_party/boringssl-with-bazel/src/include -Ithird_party/upb -Isrc/core/ext/upb-gen -Isrc/core/ext/upbdefs-gen -Ithird_party/utf8_range -Ithird_party/xxhash -Ithird_party/zlib -I/usr/local/google/home/ssreenithi/.pyenv/versions/3.12.0/envs/pyvenv_312/include -I/usr/local/google/home/ssreenithi/.pyenv/versions/3.12.0/include/python3.12 -c src/core/ext/upbdefs-gen/envoy/config/core/v3/event_service_config.upbdefs.c -o pyb/temp.linux-x86_64-cpython-312/src/core/ext/upbdefs-gen/envoy/config/core/v3/event_service_config.upbdefs.o -fvisibility=hidden -fno-wrapv -fno-exceptions -pthread
      g++ -fno-strict-overflow -Wsign-compare -DNDEBUG -g -O3 -Wall -fPIC -D_WIN32_WINNT=1536 -DGRPC_XDS_USER_AGENT_NAME_SUFFIX=\"Python\" -DGRPC_XDS_USER_AGENT_VERSION_SUFFIX=\"1.79.0.dev0\" -DHAVE_CONFIG_H=1 -DGRPC_ENABLE_FORK_SUPPORT=1 -DGRPC_ENABLE_FORK_SUPPORT_DEFAULT=false -DGRPC_PYTHON_BUILD=1 -D__STDC_FORMAT_MACROS "-DPyMODINIT_FUNC=extern \"C\" __attribute__((visibility (\"default\"))) PyObject*" -DGRPC_POSIX_FORK_ALLOW_PTHREAD_ATFORK=1 -Isrc/python/grpcio -Iinclude -I. -Ithird_party/abseil-cpp -Ithird_party/address_sorting/include -Ithird_party/cares/cares/include -Ithird_party/cares -Ithird_party/cares/cares -Ithird_party/cares/cares/src/lib/include -Ithird_party/cares/cares/src/lib -Ithird_party/cares/config_linux -Ithird_party/re2 -Ithird_party/boringssl-with-bazel/src/include -Ithird_party/upb -Isrc/core/ext/upb-gen -Isrc/core/ext/upbdefs-gen -Ithird_party/utf8_range -Ithird_party/xxhash -Ithird_party/zlib -I/usr/local/google/home/ssreenithi/.pyenv/versions/3.12.0/envs/pyvenv_312/include -I/usr/local/google/home/ssreenithi/.pyenv/versions/3.12.0/include/python3.12 -c src/core/credentials/transport/tls/spiffe_utils.cc -o pyb/temp.linux-x86_64-cpython-312/src/core/credentials/transport/tls/spiffe_utils.o -std=c++17 -fvisibility=hidden -fno-wrapv -fno-exceptions -pthread
      gcc -fno-strict-overflow -Wsign-compare -DNDEBUG -g -O3 -Wall -fPIC -D_WIN32_WINNT=1536 -DGRPC_XDS_USER_AGENT_NAME_SUFFIX=\"Python\" -DGRPC_XDS_USER_AGENT_VERSION_SUFFIX=\"1.79.0.dev0\" -DHAVE_CONFIG_H=1 -DGRPC_ENABLE_FORK_SUPPORT=1 -DGRPC_ENABLE_FORK_SUPPORT_DEFAULT=false -DGRPC_PYTHON_BUILD=1 -D__STDC_FORMAT_MACROS "-DPyMODINIT_FUNC=extern \"C\" __attribute__((visibility (\"default\"))) PyObject*" -DGRPC_POSIX_FORK_ALLOW_PTHREAD_ATFORK=1 -Isrc/python/grpcio -Iinclude -I. -Ithird_party/abseil-cpp -Ithird_party/address_sorting/include -Ithird_party/cares/cares/include -Ithird_party/cares -Ithird_party/cares/cares -Ithird_party/cares/cares/src/lib/include -Ithird_party/cares/cares/src/lib -Ithird_party/cares/config_linux -Ithird_party/re2 -Ithird_party/boringssl-with-bazel/src/include -Ithird_party/upb -Isrc/core/ext/upb-gen -Isrc/core/ext/upbdefs-gen -Ithird_party/utf8_range -Ithird_party/xxhash -Ithird_party/zlib -I/usr/local/google/home/ssreenithi/.pyenv/versions/3.12.0/envs/pyvenv_312/include -I/usr/local/google/home/ssreenithi/.pyenv/versions/3.12.0/include/python3.12 -c src/core/ext/upbdefs-gen/envoy/type/matcher/v3/struct.upbdefs.c -o pyb/temp.linux-x86_64-cpython-312/src/core/ext/upbdefs-gen/envoy/type/matcher/v3/struct.upbdefs.o -fvisibility=hidden -fno-wrapv -fno-exceptions -pthread
      gcc -fno-strict-overflow -Wsign-compare -DNDEBUG -g -O3 -Wall -fPIC -D_WIN32_WINNT=1536 -DGRPC_XDS_USER_AGENT_NAME_SUFFIX=\"Python\" -DGRPC_XDS_USER_AGENT_VERSION_SUFFIX=\"1.79.0.dev0\" -DHAVE_CONFIG_H=1 -DGRPC_ENABLE_FORK_SUPPORT=1 -DGRPC_ENABLE_FORK_SUPPORT_DEFAULT=false -DGRPC_PYTHON_BUILD=1 -D__STDC_FORMAT_MACROS "-DPyMODINIT_FUNC=extern \"C\" __attribute__((visibility (\"default\"))) PyObject*" -DGRPC_POSIX_FORK_ALLOW_PTHREAD_ATFORK=1 -Isrc/python/grpcio -Iinclude -I. -Ithird_party/abseil-cpp -Ithird_party/address_sorting/include -Ithird_party/cares/cares/include -Ithird_party/cares -Ithird_party/cares/cares -Ithird_party/cares/cares/src/lib/include -Ithird_party/cares/cares/src/lib -Ithird_party/cares/config_linux -Ithird_party/re2 -Ithird_party/boringssl-with-bazel/src/include -Ithird_party/upb -Isrc/core/ext/upb-gen -Isrc/core/ext/upbdefs-gen -Ithird_party/utf8_range -Ithird_party/xxhash -Ithird_party/zlib -I/usr/local/google/home/ssreenithi/.pyenv/versions/3.12.0/envs/pyvenv_312/include -I/usr/local/google/home/ssreenithi/.pyenv/versions/3.12.0/include/python3.12 -c src/core/ext/upbdefs-gen/envoy/extensions/http/stateful_session/cookie/v3/cookie.upbdefs.c -o pyb/temp.linux-x86_64-cpython-312/src/core/ext/upbdefs-gen/envoy/extensions/http/stateful_session/cookie/v3/cookie.upbdefs.o -fvisibility=hidden -fno-wrapv -fno-exceptions -pthread
      g++ -fno-strict-overflow -Wsign-compare -DNDEBUG -g -O3 -Wall -fPIC -D_WIN32_WINNT=1536 -DGRPC_XDS_USER_AGENT_NAME_SUFFIX=\"Python\" -DGRPC_XDS_USER_AGENT_VERSION_SUFFIX=\"1.79.0.dev0\" -DHAVE_CONFIG_H=1 -DGRPC_ENABLE_FORK_SUPPORT=1 -DGRPC_ENABLE_FORK_SUPPORT_DEFAULT=false -DGRPC_PYTHON_BUILD=1 -D__STDC_FORMAT_MACROS "-DPyMODINIT_FUNC=extern \"C\" __attribute__((visibility (\"default\"))) PyObject*" -DGRPC_POSIX_FORK_ALLOW_PTHREAD_ATFORK=1 -Isrc/python/grpcio -Iinclude -I. -Ithird_party/abseil-cpp -Ithird_party/address_sorting/include -Ithird_party/cares/cares/include -Ithird_party/cares -Ithird_party/cares/cares -Ithird_party/cares/cares/src/lib/include -Ithird_party/cares/cares/src/lib -Ithird_party/cares/config_linux -Ithird_party/re2 -Ithird_party/boringssl-with-bazel/src/include -Ithird_party/upb -Isrc/core/ext/upb-gen -Isrc/core/ext/upbdefs-gen -Ithird_party/utf8_range -Ithird_party/xxhash -Ithird_party/zlib -I/usr/local/google/home/ssreenithi/.pyenv/versions/3.12.0/envs/pyvenv_312/include -I/usr/local/google/home/ssreenithi/.pyenv/versions/3.12.0/include/python3.12 -c src/core/lib/event_engine/posix_engine/timer_heap.cc -o pyb/temp.linux-x86_64-cpython-312/src/core/lib/event_engine/posix_engine/timer_heap.o -std=c++17 -fvisibility=hidden -fno-wrapv -fno-exceptions -pthread
      gcc -fno-strict-overflow -Wsign-compare -DNDEBUG -g -O3 -Wall -fPIC -D_WIN32_WINNT=1536 -DGRPC_XDS_USER_AGENT_NAME_SUFFIX=\"Python\" -DGRPC_XDS_USER_AGENT_VERSION_SUFFIX=\"1.79.0.dev0\" -DHAVE_CONFIG_H=1 -DGRPC_ENABLE_FORK_SUPPORT=1 -DGRPC_ENABLE_FORK_SUPPORT_DEFAULT=false -DGRPC_PYTHON_BUILD=1 -D__STDC_FORMAT_MACROS "-DPyMODINIT_FUNC=extern \"C\" __attribute__((visibility (\"default\"))) PyObject*" -DGRPC_POSIX_FORK_ALLOW_PTHREAD_ATFORK=1 -Isrc/python/grpcio -Iinclude -I. -Ithird_party/abseil-cpp -Ithird_party/address_sorting/include -Ithird_party/cares/cares/include -Ithird_party/cares -Ithird_party/cares/cares -Ithird_party/cares/cares/src/lib/include -Ithird_party/cares/cares/src/lib -Ithird_party/cares/config_linux -Ithird_party/re2 -Ithird_party/boringssl-with-bazel/src/include -Ithird_party/upb -Isrc/core/ext/upb-gen -Isrc/core/ext/upbdefs-gen -Ithird_party/utf8_range -Ithird_party/xxhash -Ithird_party/zlib -I/usr/local/google/home/ssreenithi/.pyenv/versions/3.12.0/envs/pyvenv_312/include -I/usr/local/google/home/ssreenithi/.pyenv/versions/3.12.0/include/python3.12 -c src/core/ext/upbdefs-gen/cel/expr/syntax.upbdefs.c -o pyb/temp.linux-x86_64-cpython-312/src/core/ext/upbdefs-gen/cel/expr/syntax.upbdefs.o -fvisibility=hidden -fno-wrapv -fno-exceptions -pthread
      gcc -fno-strict-overflow -Wsign-compare -DNDEBUG -g -O3 -Wall -fPIC -D_WIN32_WINNT=1536 -DGRPC_XDS_USER_AGENT_NAME_SUFFIX=\"Python\" -DGRPC_XDS_USER_AGENT_VERSION_SUFFIX=\"1.79.0.dev0\" -DHAVE_CONFIG_H=1 -DGRPC_ENABLE_FORK_SUPPORT=1 -DGRPC_ENABLE_FORK_SUPPORT_DEFAULT=false -DGRPC_PYTHON_BUILD=1 -D__STDC_FORMAT_MACROS "-DPyMODINIT_FUNC=extern \"C\" __attribute__((visibility (\"default\"))) PyObject*" -DGRPC_POSIX_FORK_ALLOW_PTHREAD_ATFORK=1 -Isrc/python/grpcio -Iinclude -I. -Ithird_party/abseil-cpp -Ithird_party/address_sorting/include -Ithird_party/cares/cares/include -Ithird_party/cares -Ithird_party/cares/cares -Ithird_party/cares/cares/src/lib/include -Ithird_party/cares/cares/src/lib -Ithird_party/cares/config_linux -Ithird_party/re2 -Ithird_party/boringssl-with-bazel/src/include -Ithird_party/upb -Isrc/core/ext/upb-gen -Isrc/core/ext/upbdefs-gen -Ithird_party/utf8_range -Ithird_party/xxhash -Ithird_party/zlib -I/usr/local/google/home/ssreenithi/.pyenv/versions/3.12.0/envs/pyvenv_312/include -I/usr/local/google/home/ssreenithi/.pyenv/versions/3.12.0/include/python3.12 -c src/core/ext/upbdefs-gen/envoy/type/v3/percent.upbdefs.c -o pyb/temp.linux-x86_64-cpython-312/src/core/ext/upbdefs-gen/envoy/type/v3/percent.upbdefs.o -fvisibility=hidden -fno-wrapv -fno-exceptions -pthread
      g++ -fno-strict-overflow -Wsign-compare -DNDEBUG -g -O3 -Wall -fPIC -D_WIN32_WINNT=1536 -DGRPC_XDS_USER_AGENT_NAME_SUFFIX=\"Python\" -DGRPC_XDS_USER_AGENT_VERSION_SUFFIX=\"1.79.0.dev0\" -DHAVE_CONFIG_H=1 -DGRPC_ENABLE_FORK_SUPPORT=1 -DGRPC_ENABLE_FORK_SUPPORT_DEFAULT=false -DGRPC_PYTHON_BUILD=1 -D__STDC_FORMAT_MACROS "-DPyMODINIT_FUNC=extern \"C\" __attribute__((visibility (\"default\"))) PyObject*" -DGRPC_POSIX_FORK_ALLOW_PTHREAD_ATFORK=1 -Isrc/python/grpcio -Iinclude -I. -Ithird_party/abseil-cpp -Ithird_party/address_sorting/include -Ithird_party/cares/cares/include -Ithird_party/cares -Ithird_party/cares/cares -Ithird_party/cares/cares/src/lib/include -Ithird_party/cares/cares/src/lib -Ithird_party/cares/config_linux -Ithird_party/re2 -Ithird_party/boringssl-with-bazel/src/include -Ithird_party/upb -Isrc/core/ext/upb-gen -Isrc/core/ext/upbdefs-gen -Ithird_party/utf8_range -Ithird_party/xxhash -Ithird_party/zlib -I/usr/local/google/home/ssreenithi/.pyenv/versions/3.12.0/envs/pyvenv_312/include -I/usr/local/google/home/ssreenithi/.pyenv/versions/3.12.0/include/python3.12 -c src/core/lib/event_engine/shim.cc -o pyb/temp.linux-x86_64-cpython-312/src/core/lib/event_engine/shim.o -std=c++17 -fvisibility=hidden -fno-wrapv -fno-exceptions -pthread
      gcc -fno-strict-overflow -Wsign-compare -DNDEBUG -g -O3 -Wall -fPIC -D_WIN32_WINNT=1536 -DGRPC_XDS_USER_AGENT_NAME_SUFFIX=\"Python\" -DGRPC_XDS_USER_AGENT_VERSION_SUFFIX=\"1.79.0.dev0\" -DHAVE_CONFIG_H=1 -DGRPC_ENABLE_FORK_SUPPORT=1 -DGRPC_ENABLE_FORK_SUPPORT_DEFAULT=false -DGRPC_PYTHON_BUILD=1 -D__STDC_FORMAT_MACROS "-DPyMODINIT_FUNC=extern \"C\" __attribute__((visibility (\"default\"))) PyObject*" -DGRPC_POSIX_FORK_ALLOW_PTHREAD_ATFORK=1 -Isrc/python/grpcio -Iinclude -I. -Ithird_party/abseil-cpp -Ithird_party/address_sorting/include -Ithird_party/cares/cares/include -Ithird_party/cares -Ithird_party/cares/cares -Ithird_party/cares/cares/src/lib/include -Ithird_party/cares/cares/src/lib -Ithird_party/cares/config_linux -Ithird_party/re2 -Ithird_party/boringssl-with-bazel/src/include -Ithird_party/upb -Isrc/core/ext/upb-gen -Isrc/core/ext/upbdefs-gen -Ithird_party/utf8_range -Ithird_party/xxhash -Ithird_party/zlib -I/usr/local/google/home/ssreenithi/.pyenv/versions/3.12.0/envs/pyvenv_312/include -I/usr/local/google/home/ssreenithi/.pyenv/versions/3.12.0/include/python3.12 -c src/core/ext/upbdefs-gen/envoy/config/core/v3/protocol.upbdefs.c -o pyb/temp.linux-x86_64-cpython-312/src/core/ext/upbdefs-gen/envoy/config/core/v3/protocol.upbdefs.o -fvisibility=hidden -fno-wrapv -fno-exceptions -pthread
      gcc -fno-strict-overflow -Wsign-compare -DNDEBUG -g -O3 -Wall -fPIC -D_WIN32_WINNT=1536 -DGRPC_XDS_USER_AGENT_NAME_SUFFIX=\"Python\" -DGRPC_XDS_USER_AGENT_VERSION_SUFFIX=\"1.79.0.dev0\" -DHAVE_CONFIG_H=1 -DGRPC_ENABLE_FORK_SUPPORT=1 -DGRPC_ENABLE_FORK_SUPPORT_DEFAULT=false -DGRPC_PYTHON_BUILD=1 -D__STDC_FORMAT_MACROS "-DPyMODINIT_FUNC=extern \"C\" __attribute__((visibility (\"default\"))) PyObject*" -DGRPC_POSIX_FORK_ALLOW_PTHREAD_ATFORK=1 -Isrc/python/grpcio -Iinclude -I. -Ithird_party/abseil-cpp -Ithird_party/address_sorting/include -Ithird_party/cares/cares/include -Ithird_party/cares -Ithird_party/cares/cares -Ithird_party/cares/cares/src/lib/include -Ithird_party/cares/cares/src/lib -Ithird_party/cares/config_linux -Ithird_party/re2 -Ithird_party/boringssl-with-bazel/src/include -Ithird_party/upb -Isrc/core/ext/upb-gen -Isrc/core/ext/upbdefs-gen -Ithird_party/utf8_range -Ithird_party/xxhash -Ithird_party/zlib -I/usr/local/google/home/ssreenithi/.pyenv/versions/3.12.0/envs/pyvenv_312/include -I/usr/local/google/home/ssreenithi/.pyenv/versions/3.12.0/include/python3.12 -c src/core/ext/upbdefs-gen/envoy/config/listener/v3/udp_listener_config.upbdefs.c -o pyb/temp.linux-x86_64-cpython-312/src/core/ext/upbdefs-gen/envoy/config/listener/v3/udp_listener_config.upbdefs.o -fvisibility=hidden -fno-wrapv -fno-exceptions -pthread
      gcc -fno-strict-overflow -Wsign-compare -DNDEBUG -g -O3 -Wall -fPIC -D_WIN32_WINNT=1536 -DGRPC_XDS_USER_AGENT_NAME_SUFFIX=\"Python\" -DGRPC_XDS_USER_AGENT_VERSION_SUFFIX=\"1.79.0.dev0\" -DHAVE_CONFIG_H=1 -DGRPC_ENABLE_FORK_SUPPORT=1 -DGRPC_ENABLE_FORK_SUPPORT_DEFAULT=false -DGRPC_PYTHON_BUILD=1 -D__STDC_FORMAT_MACROS "-DPyMODINIT_FUNC=extern \"C\" __attribute__((visibility (\"default\"))) PyObject*" -DGRPC_POSIX_FORK_ALLOW_PTHREAD_ATFORK=1 -Isrc/python/grpcio -Iinclude -I. -Ithird_party/abseil-cpp -Ithird_party/address_sorting/include -Ithird_party/cares/cares/include -Ithird_party/cares -Ithird_party/cares/cares -Ithird_party/cares/cares/src/lib/include -Ithird_party/cares/cares/src/lib -Ithird_party/cares/config_linux -Ithird_party/re2 -Ithird_party/boringssl-with-bazel/src/include -Ithird_party/upb -Isrc/core/ext/upb-gen -Isrc/core/ext/upbdefs-gen -Ithird_party/utf8_range -Ithird_party/xxhash -Ithird_party/zlib -I/usr/local/google/home/ssreenithi/.pyenv/versions/3.12.0/envs/pyvenv_312/include -I/usr/local/google/home/ssreenithi/.pyenv/versions/3.12.0/include/python3.12 -c src/core/ext/upbdefs-gen/envoy/extensions/upstreams/http/v3/http_protocol_options.upbdefs.c -o pyb/temp.linux-x86_64-cpython-312/src/core/ext/upbdefs-gen/envoy/extensions/upstreams/http/v3/http_protocol_options.upbdefs.o -fvisibility=hidden -fno-wrapv -fno-exceptions -pthread
      g++ -fno-strict-overflow -Wsign-compare -DNDEBUG -g -O3 -Wall -fPIC -D_WIN32_WINNT=1536 -DGRPC_XDS_USER_AGENT_NAME_SUFFIX=\"Python\" -DGRPC_XDS_USER_AGENT_VERSION_SUFFIX=\"1.79.0.dev0\" -DHAVE_CONFIG_H=1 -DGRPC_ENABLE_FORK_SUPPORT=1 -DGRPC_ENABLE_FORK_SUPPORT_DEFAULT=false -DGRPC_PYTHON_BUILD=1 -D__STDC_FORMAT_MACROS "-DPyMODINIT_FUNC=extern \"C\" __attribute__((visibility (\"default\"))) PyObject*" -DGRPC_POSIX_FORK_ALLOW_PTHREAD_ATFORK=1 -Isrc/python/grpcio -Iinclude -I. -Ithird_party/abseil-cpp -Ithird_party/address_sorting/include -Ithird_party/cares/cares/include -Ithird_party/cares -Ithird_party/cares/cares -Ithird_party/cares/cares/src/lib/include -Ithird_party/cares/cares/src/lib -Ithird_party/cares/config_linux -Ithird_party/re2 -Ithird_party/boringssl-with-bazel/src/include -Ithird_party/upb -Isrc/core/ext/upb-gen -Isrc/core/ext/upbdefs-gen -Ithird_party/utf8_range -Ithird_party/xxhash -Ithird_party/zlib -I/usr/local/google/home/ssreenithi/.pyenv/versions/3.12.0/envs/pyvenv_312/include -I/usr/local/google/home/ssreenithi/.pyenv/versions/3.12.0/include/python3.12 -c src/core/lib/event_engine/thread_pool/work_stealing_thread_pool.cc -o pyb/temp.linux-x86_64-cpython-312/src/core/lib/event_engine/thread_pool/work_stealing_thread_pool.o -std=c++17 -fvisibility=hidden -fno-wrapv -fno-exceptions -pthread
      gcc -fno-strict-overflow -Wsign-compare -DNDEBUG -g -O3 -Wall -fPIC -D_WIN32_WINNT=1536 -DGRPC_XDS_USER_AGENT_NAME_SUFFIX=\"Python\" -DGRPC_XDS_USER_AGENT_VERSION_SUFFIX=\"1.79.0.dev0\" -DHAVE_CONFIG_H=1 -DGRPC_ENABLE_FORK_SUPPORT=1 -DGRPC_ENABLE_FORK_SUPPORT_DEFAULT=false -DGRPC_PYTHON_BUILD=1 -D__STDC_FORMAT_MACROS "-DPyMODINIT_FUNC=extern \"C\" __attribute__((visibility (\"default\"))) PyObject*" -DGRPC_POSIX_FORK_ALLOW_PTHREAD_ATFORK=1 -Isrc/python/grpcio -Iinclude -I. -Ithird_party/abseil-cpp -Ithird_party/address_sorting/include -Ithird_party/cares/cares/include -Ithird_party/cares -Ithird_party/cares/cares -Ithird_party/cares/cares/src/lib/include -Ithird_party/cares/cares/src/lib -Ithird_party/cares/config_linux -Ithird_party/re2 -Ithird_party/boringssl-with-bazel/src/include -Ithird_party/upb -Isrc/core/ext/upb-gen -Isrc/core/ext/upbdefs-gen -Ithird_party/utf8_range -Ithird_party/xxhash -Ithird_party/zlib -I/usr/local/google/home/ssreenithi/.pyenv/versions/3.12.0/envs/pyvenv_312/include -I/usr/local/google/home/ssreenithi/.pyenv/versions/3.12.0/include/python3.12 -c src/core/ext/upbdefs-gen/google/api/expr/v1alpha1/checked.upbdefs.c -o pyb/temp.linux-x86_64-cpython-312/src/core/ext/upbdefs-gen/google/api/expr/v1alpha1/checked.upbdefs.o -fvisibility=hidden -fno-wrapv -fno-exceptions -pthread
      g++ -fno-strict-overflow -Wsign-compare -DNDEBUG -g -O3 -Wall -fPIC -D_WIN32_WINNT=1536 -DGRPC_XDS_USER_AGENT_NAME_SUFFIX=\"Python\" -DGRPC_XDS_USER_AGENT_VERSION_SUFFIX=\"1.79.0.dev0\" -DHAVE_CONFIG_H=1 -DGRPC_ENABLE_FORK_SUPPORT=1 -DGRPC_ENABLE_FORK_SUPPORT_DEFAULT=false -DGRPC_PYTHON_BUILD=1 -D__STDC_FORMAT_MACROS "-DPyMODINIT_FUNC=extern \"C\" __attribute__((visibility (\"default\"))) PyObject*" -DGRPC_POSIX_FORK_ALLOW_PTHREAD_ATFORK=1 -Isrc/python/grpcio -Iinclude -I. -Ithird_party/abseil-cpp -Ithird_party/address_sorting/include -Ithird_party/cares/cares/include -Ithird_party/cares -Ithird_party/cares/cares -Ithird_party/cares/cares/src/lib/include -Ithird_party/cares/cares/src/lib -Ithird_party/cares/config_linux -Ithird_party/re2 -Ithird_party/boringssl-with-bazel/src/include -Ithird_party/upb -Isrc/core/ext/upb-gen -Isrc/core/ext/upbdefs-gen -Ithird_party/utf8_range -Ithird_party/xxhash -Ithird_party/zlib -I/usr/local/google/home/ssreenithi/.pyenv/versions/3.12.0/envs/pyvenv_312/include -I/usr/local/google/home/ssreenithi/.pyenv/versions/3.12.0/include/python3.12 -c src/core/lib/event_engine/windows/win_socket.cc -o pyb/temp.linux-x86_64-cpython-312/src/core/lib/event_engine/windows/win_socket.o -std=c++17 -fvisibility=hidden -fno-wrapv -fno-exceptions -pthread
      gcc -fno-strict-overflow -Wsign-compare -DNDEBUG -g -O3 -Wall -fPIC -D_WIN32_WINNT=1536 -DGRPC_XDS_USER_AGENT_NAME_SUFFIX=\"Python\" -DGRPC_XDS_USER_AGENT_VERSION_SUFFIX=\"1.79.0.dev0\" -DHAVE_CONFIG_H=1 -DGRPC_ENABLE_FORK_SUPPORT=1 -DGRPC_ENABLE_FORK_SUPPORT_DEFAULT=false -DGRPC_PYTHON_BUILD=1 -D__STDC_FORMAT_MACROS "-DPyMODINIT_FUNC=extern \"C\" __attribute__((visibility (\"default\"))) PyObject*" -DGRPC_POSIX_FORK_ALLOW_PTHREAD_ATFORK=1 -Isrc/python/grpcio -Iinclude -I. -Ithird_party/abseil-cpp -Ithird_party/address_sorting/include -Ithird_party/cares/cares/include -Ithird_party/cares -Ithird_party/cares/cares -Ithird_party/cares/cares/src/lib/include -Ithird_party/cares/cares/src/lib -Ithird_party/cares/config_linux -Ithird_party/re2 -Ithird_party/boringssl-with-bazel/src/include -Ithird_party/upb -Isrc/core/ext/upb-gen -Isrc/core/ext/upbdefs-gen -Ithird_party/utf8_range -Ithird_party/xxhash -Ithird_party/zlib -I/usr/local/google/home/ssreenithi/.pyenv/versions/3.12.0/envs/pyvenv_312/include -I/usr/local/google/home/ssreenithi/.pyenv/versions/3.12.0/include/python3.12 -c src/core/ext/upbdefs-gen/envoy/type/matcher/v3/regex.upbdefs.c -o pyb/temp.linux-x86_64-cpython-312/src/core/ext/upbdefs-gen/envoy/type/matcher/v3/regex.upbdefs.o -fvisibility=hidden -fno-wrapv -fno-exceptions -pthread
      gcc -fno-strict-overflow -Wsign-compare -DNDEBUG -g -O3 -Wall -fPIC -D_WIN32_WINNT=1536 -DGRPC_XDS_USER_AGENT_NAME_SUFFIX=\"Python\" -DGRPC_XDS_USER_AGENT_VERSION_SUFFIX=\"1.79.0.dev0\" -DHAVE_CONFIG_H=1 -DGRPC_ENABLE_FORK_SUPPORT=1 -DGRPC_ENABLE_FORK_SUPPORT_DEFAULT=false -DGRPC_PYTHON_BUILD=1 -D__STDC_FORMAT_MACROS "-DPyMODINIT_FUNC=extern \"C\" __attribute__((visibility (\"default\"))) PyObject*" -DGRPC_POSIX_FORK_ALLOW_PTHREAD_ATFORK=1 -Isrc/python/grpcio -Iinclude -I. -Ithird_party/abseil-cpp -Ithird_party/address_sorting/include -Ithird_party/cares/cares/include -Ithird_party/cares -Ithird_party/cares/cares -Ithird_party/cares/cares/src/lib/include -Ithird_party/cares/cares/src/lib -Ithird_party/cares/config_linux -Ithird_party/re2 -Ithird_party/boringssl-with-bazel/src/include -Ithird_party/upb -Isrc/core/ext/upb-gen -Isrc/core/ext/upbdefs-gen -Ithird_party/utf8_range -Ithird_party/xxhash -Ithird_party/zlib -I/usr/local/google/home/ssreenithi/.pyenv/versions/3.12.0/envs/pyvenv_312/include -I/usr/local/google/home/ssreenithi/.pyenv/versions/3.12.0/include/python3.12 -c src/core/ext/upbdefs-gen/src/proto/grpc/channelz/v2/promise.upbdefs.c -o pyb/temp.linux-x86_64-cpython-312/src/core/ext/upbdefs-gen/src/proto/grpc/channelz/v2/promise.upbdefs.o -fvisibility=hidden -fno-wrapv -fno-exceptions -pthread
      gcc -fno-strict-overflow -Wsign-compare -DNDEBUG -g -O3 -Wall -fPIC -D_WIN32_WINNT=1536 -DGRPC_XDS_USER_AGENT_NAME_SUFFIX=\"Python\" -DGRPC_XDS_USER_AGENT_VERSION_SUFFIX=\"1.79.0.dev0\" -DHAVE_CONFIG_H=1 -DGRPC_ENABLE_FORK_SUPPORT=1 -DGRPC_ENABLE_FORK_SUPPORT_DEFAULT=false -DGRPC_PYTHON_BUILD=1 -D__STDC_FORMAT_MACROS "-DPyMODINIT_FUNC=extern \"C\" __attribute__((visibility (\"default\"))) PyObject*" -DGRPC_POSIX_FORK_ALLOW_PTHREAD_ATFORK=1 -Isrc/python/grpcio -Iinclude -I. -Ithird_party/abseil-cpp -Ithird_party/address_sorting/include -Ithird_party/cares/cares/include -Ithird_party/cares -Ithird_party/cares/cares -Ithird_party/cares/cares/src/lib/include -Ithird_party/cares/cares/src/lib -Ithird_party/cares/config_linux -Ithird_party/re2 -Ithird_party/boringssl-with-bazel/src/include -Ithird_party/upb -Isrc/core/ext/upb-gen -Isrc/core/ext/upbdefs-gen -Ithird_party/utf8_range -Ithird_party/xxhash -Ithird_party/zlib -I/usr/local/google/home/ssreenithi/.pyenv/versions/3.12.0/envs/pyvenv_312/include -I/usr/local/google/home/ssreenithi/.pyenv/versions/3.12.0/include/python3.12 -c src/core/ext/upbdefs-gen/udpa/annotations/status.upbdefs.c -o pyb/temp.linux-x86_64-cpython-312/src/core/ext/upbdefs-gen/udpa/annotations/status.upbdefs.o -fvisibility=hidden -fno-wrapv -fno-exceptions -pthread
      gcc -fno-strict-overflow -Wsign-compare -DNDEBUG -g -O3 -Wall -fPIC -D_WIN32_WINNT=1536 -DGRPC_XDS_USER_AGENT_NAME_SUFFIX=\"Python\" -DGRPC_XDS_USER_AGENT_VERSION_SUFFIX=\"1.79.0.dev0\" -DHAVE_CONFIG_H=1 -DGRPC_ENABLE_FORK_SUPPORT=1 -DGRPC_ENABLE_FORK_SUPPORT_DEFAULT=false -DGRPC_PYTHON_BUILD=1 -D__STDC_FORMAT_MACROS "-DPyMODINIT_FUNC=extern \"C\" __attribute__((visibility (\"default\"))) PyObject*" -DGRPC_POSIX_FORK_ALLOW_PTHREAD_ATFORK=1 -Isrc/python/grpcio -Iinclude -I. -Ithird_party/abseil-cpp -Ithird_party/address_sorting/include -Ithird_party/cares/cares/include -Ithird_party/cares -Ithird_party/cares/cares -Ithird_party/cares/cares/src/lib/include -Ithird_party/cares/cares/src/lib -Ithird_party/cares/config_linux -Ithird_party/re2 -Ithird_party/boringssl-with-bazel/src/include -Ithird_party/upb -Isrc/core/ext/upb-gen -Isrc/core/ext/upbdefs-gen -Ithird_party/utf8_range -Ithird_party/xxhash -Ithird_party/zlib -I/usr/local/google/home/ssreenithi/.pyenv/versions/3.12.0/envs/pyvenv_312/include -I/usr/local/google/home/ssreenithi/.pyenv/versions/3.12.0/include/python3.12 -c src/core/ext/upbdefs-gen/envoy/config/route/v3/scoped_route.upbdefs.c -o pyb/temp.linux-x86_64-cpython-312/src/core/ext/upbdefs-gen/envoy/config/route/v3/scoped_route.upbdefs.o -fvisibility=hidden -fno-wrapv -fno-exceptions -pthread
      g++ -fno-strict-overflow -Wsign-compare -DNDEBUG -g -O3 -Wall -fPIC -D_WIN32_WINNT=1536 -DGRPC_XDS_USER_AGENT_NAME_SUFFIX=\"Python\" -DGRPC_XDS_USER_AGENT_VERSION_SUFFIX=\"1.79.0.dev0\" -DHAVE_CONFIG_H=1 -DGRPC_ENABLE_FORK_SUPPORT=1 -DGRPC_ENABLE_FORK_SUPPORT_DEFAULT=false -DGRPC_PYTHON_BUILD=1 -D__STDC_FORMAT_MACROS "-DPyMODINIT_FUNC=extern \"C\" __attribute__((visibility (\"default\"))) PyObject*" -DGRPC_POSIX_FORK_ALLOW_PTHREAD_ATFORK=1 -Isrc/python/grpcio -Iinclude -I. -Ithird_party/abseil-cpp -Ithird_party/address_sorting/include -Ithird_party/cares/cares/include -Ithird_party/cares -Ithird_party/cares/cares -Ithird_party/cares/cares/src/lib/include -Ithird_party/cares/cares/src/lib -Ithird_party/cares/config_linux -Ithird_party/re2 -Ithird_party/boringssl-with-bazel/src/include -Ithird_party/upb -Isrc/core/ext/upb-gen -Isrc/core/ext/upbdefs-gen -Ithird_party/utf8_range -Ithird_party/xxhash -Ithird_party/zlib -I/usr/local/google/home/ssreenithi/.pyenv/versions/3.12.0/envs/pyvenv_312/include -I/usr/local/google/home/ssreenithi/.pyenv/versions/3.12.0/include/python3.12 -c src/core/lib/iomgr/buffer_list.cc -o pyb/temp.linux-x86_64-cpython-312/src/core/lib/iomgr/buffer_list.o -std=c++17 -fvisibility=hidden -fno-wrapv -fno-exceptions -pthread
      gcc -fno-strict-overflow -Wsign-compare -DNDEBUG -g -O3 -Wall -fPIC -D_WIN32_WINNT=1536 -DGRPC_XDS_USER_AGENT_NAME_SUFFIX=\"Python\" -DGRPC_XDS_USER_AGENT_VERSION_SUFFIX=\"1.79.0.dev0\" -DHAVE_CONFIG_H=1 -DGRPC_ENABLE_FORK_SUPPORT=1 -DGRPC_ENABLE_FORK_SUPPORT_DEFAULT=false -DGRPC_PYTHON_BUILD=1 -D__STDC_FORMAT_MACROS "-DPyMODINIT_FUNC=extern \"C\" __attribute__((visibility (\"default\"))) PyObject*" -DGRPC_POSIX_FORK_ALLOW_PTHREAD_ATFORK=1 -Isrc/python/grpcio -Iinclude -I. -Ithird_party/abseil-cpp -Ithird_party/address_sorting/include -Ithird_party/cares/cares/include -Ithird_party/cares -Ithird_party/cares/cares -Ithird_party/cares/cares/src/lib/include -Ithird_party/cares/cares/src/lib -Ithird_party/cares/config_linux -Ithird_party/re2 -Ithird_party/boringssl-with-bazel/src/include -Ithird_party/upb -Isrc/core/ext/upb-gen -Isrc/core/ext/upbdefs-gen -Ithird_party/utf8_range -Ithird_party/xxhash -Ithird_party/zlib -I/usr/local/google/home/ssreenithi/.pyenv/versions/3.12.0/envs/pyvenv_312/include -I/usr/local/google/home/ssreenithi/.pyenv/versions/3.12.0/include/python3.12 -c src/core/ext/upbdefs-gen/xds/core/v3/resource_locator.upbdefs.c -o pyb/temp.linux-x86_64-cpython-312/src/core/ext/upbdefs-gen/xds/core/v3/resource_locator.upbdefs.o -fvisibility=hidden -fno-wrapv -fno-exceptions -pthread
      gcc -fno-strict-overflow -Wsign-compare -DNDEBUG -g -O3 -Wall -fPIC -D_WIN32_WINNT=1536 -DGRPC_XDS_USER_AGENT_NAME_SUFFIX=\"Python\" -DGRPC_XDS_USER_AGENT_VERSION_SUFFIX=\"1.79.0.dev0\" -DHAVE_CONFIG_H=1 -DGRPC_ENABLE_FORK_SUPPORT=1 -DGRPC_ENABLE_FORK_SUPPORT_DEFAULT=false -DGRPC_PYTHON_BUILD=1 -D__STDC_FORMAT_MACROS "-DPyMODINIT_FUNC=extern \"C\" __attribute__((visibility (\"default\"))) PyObject*" -DGRPC_POSIX_FORK_ALLOW_PTHREAD_ATFORK=1 -Isrc/python/grpcio -Iinclude -I. -Ithird_party/abseil-cpp -Ithird_party/address_sorting/include -Ithird_party/cares/cares/include -Ithird_party/cares -Ithird_party/cares/cares -Ithird_party/cares/cares/src/lib/include -Ithird_party/cares/cares/src/lib -Ithird_party/cares/config_linux -Ithird_party/re2 -Ithird_party/boringssl-with-bazel/src/include -Ithird_party/upb -Isrc/core/ext/upb-gen -Isrc/core/ext/upbdefs-gen -Ithird_party/utf8_range -Ithird_party/xxhash -Ithird_party/zlib -I/usr/local/google/home/ssreenithi/.pyenv/versions/3.12.0/envs/pyvenv_312/include -I/usr/local/google/home/ssreenithi/.pyenv/versions/3.12.0/include/python3.12 -c src/core/ext/upbdefs-gen/google/protobuf/empty.upbdefs.c -o pyb/temp.linux-x86_64-cpython-312/src/core/ext/upbdefs-gen/google/protobuf/empty.upbdefs.o -fvisibility=hidden -fno-wrapv -fno-exceptions -pthread
      g++ -fno-strict-overflow -Wsign-compare -DNDEBUG -g -O3 -Wall -fPIC -D_WIN32_WINNT=1536 -DGRPC_XDS_USER_AGENT_NAME_SUFFIX=\"Python\" -DGRPC_XDS_USER_AGENT_VERSION_SUFFIX=\"1.79.0.dev0\" -DHAVE_CONFIG_H=1 -DGRPC_ENABLE_FORK_SUPPORT=1 -DGRPC_ENABLE_FORK_SUPPORT_DEFAULT=false -DGRPC_PYTHON_BUILD=1 -D__STDC_FORMAT_MACROS "-DPyMODINIT_FUNC=extern \"C\" __attribute__((visibility (\"default\"))) PyObject*" -DGRPC_POSIX_FORK_ALLOW_PTHREAD_ATFORK=1 -Isrc/python/grpcio -Iinclude -I. -Ithird_party/abseil-cpp -Ithird_party/address_sorting/include -Ithird_party/cares/cares/include -Ithird_party/cares -Ithird_party/cares/cares -Ithird_party/cares/cares/src/lib/include -Ithird_party/cares/cares/src/lib -Ithird_party/cares/config_linux -Ithird_party/re2 -Ithird_party/boringssl-with-bazel/src/include -Ithird_party/upb -Isrc/core/ext/upb-gen -Isrc/core/ext/upbdefs-gen -Ithird_party/utf8_range -Ithird_party/xxhash -Ithird_party/zlib -I/usr/local/google/home/ssreenithi/.pyenv/versions/3.12.0/envs/pyvenv_312/include -I/usr/local/google/home/ssreenithi/.pyenv/versions/3.12.0/include/python3.12 -c src/core/lib/iomgr/endpoint_cfstream.cc -o pyb/temp.linux-x86_64-cpython-312/src/core/lib/iomgr/endpoint_cfstream.o -std=c++17 -fvisibility=hidden -fno-wrapv -fno-exceptions -pthread
      gcc -fno-strict-overflow -Wsign-compare -DNDEBUG -g -O3 -Wall -fPIC -D_WIN32_WINNT=1536 -DGRPC_XDS_USER_AGENT_NAME_SUFFIX=\"Python\" -DGRPC_XDS_USER_AGENT_VERSION_SUFFIX=\"1.79.0.dev0\" -DHAVE_CONFIG_H=1 -DGRPC_ENABLE_FORK_SUPPORT=1 -DGRPC_ENABLE_FORK_SUPPORT_DEFAULT=false -DGRPC_PYTHON_BUILD=1 -D__STDC_FORMAT_MACROS "-DPyMODINIT_FUNC=extern \"C\" __attribute__((visibility (\"default\"))) PyObject*" -DGRPC_POSIX_FORK_ALLOW_PTHREAD_ATFORK=1 -Isrc/python/grpcio -Iinclude -I. -Ithird_party/abseil-cpp -Ithird_party/address_sorting/include -Ithird_party/cares/cares/include -Ithird_party/cares -Ithird_party/cares/cares -Ithird_party/cares/cares/src/lib/include -Ithird_party/cares/cares/src/lib -Ithird_party/cares/config_linux -Ithird_party/re2 -Ithird_party/boringssl-with-bazel/src/include -Ithird_party/upb -Isrc/core/ext/upb-gen -Isrc/core/ext/upbdefs-gen -Ithird_party/utf8_range -Ithird_party/xxhash -Ithird_party/zlib -I/usr/local/google/home/ssreenithi/.pyenv/versions/3.12.0/envs/pyvenv_312/include -I/usr/local/google/home/ssreenithi/.pyenv/versions/3.12.0/include/python3.12 -c src/core/ext/upbdefs-gen/envoy/extensions/filters/common/fault/v3/fault.upbdefs.c -o pyb/temp.linux-x86_64-cpython-312/src/core/ext/upbdefs-gen/envoy/extensions/filters/common/fault/v3/fault.upbdefs.o -fvisibility=hidden -fno-wrapv -fno-exceptions -pthread
      gcc -fno-strict-overflow -Wsign-compare -DNDEBUG -g -O3 -Wall -fPIC -D_WIN32_WINNT=1536 -DGRPC_XDS_USER_AGENT_NAME_SUFFIX=\"Python\" -DGRPC_XDS_USER_AGENT_VERSION_SUFFIX=\"1.79.0.dev0\" -DHAVE_CONFIG_H=1 -DGRPC_ENABLE_FORK_SUPPORT=1 -DGRPC_ENABLE_FORK_SUPPORT_DEFAULT=false -DGRPC_PYTHON_BUILD=1 -D__STDC_FORMAT_MACROS "-DPyMODINIT_FUNC=extern \"C\" __attribute__((visibility (\"default\"))) PyObject*" -DGRPC_POSIX_FORK_ALLOW_PTHREAD_ATFORK=1 -Isrc/python/grpcio -Iinclude -I. -Ithird_party/abseil-cpp -Ithird_party/address_sorting/include -Ithird_party/cares/cares/include -Ithird_party/cares -Ithird_party/cares/cares -Ithird_party/cares/cares/src/lib/include -Ithird_party/cares/cares/src/lib -Ithird_party/cares/config_linux -Ithird_party/re2 -Ithird_party/boringssl-with-bazel/src/include -Ithird_party/upb -Isrc/core/ext/upb-gen -Isrc/core/ext/upbdefs-gen -Ithird_party/utf8_range -Ithird_party/xxhash -Ithird_party/zlib -I/usr/local/google/home/ssreenithi/.pyenv/versions/3.12.0/envs/pyvenv_312/include -I/usr/local/google/home/ssreenithi/.pyenv/versions/3.12.0/include/python3.12 -c src/core/ext/upbdefs-gen/envoy/config/endpoint/v3/endpoint_components.upbdefs.c -o pyb/temp.linux-x86_64-cpython-312/src/core/ext/upbdefs-gen/envoy/config/endpoint/v3/endpoint_components.upbdefs.o -fvisibility=hidden -fno-wrapv -fno-exceptions -pthread
      gcc -fno-strict-overflow -Wsign-compare -DNDEBUG -g -O3 -Wall -fPIC -D_WIN32_WINNT=1536 -DGRPC_XDS_USER_AGENT_NAME_SUFFIX=\"Python\" -DGRPC_XDS_USER_AGENT_VERSION_SUFFIX=\"1.79.0.dev0\" -DHAVE_CONFIG_H=1 -DGRPC_ENABLE_FORK_SUPPORT=1 -DGRPC_ENABLE_FORK_SUPPORT_DEFAULT=false -DGRPC_PYTHON_BUILD=1 -D__STDC_FORMAT_MACROS "-DPyMODINIT_FUNC=extern \"C\" __attribute__((visibility (\"default\"))) PyObject*" -DGRPC_POSIX_FORK_ALLOW_PTHREAD_ATFORK=1 -Isrc/python/grpcio -Iinclude -I. -Ithird_party/abseil-cpp -Ithird_party/address_sorting/include -Ithird_party/cares/cares/include -Ithird_party/cares -Ithird_party/cares/cares -Ithird_party/cares/cares/src/lib/include -Ithird_party/cares/cares/src/lib -Ithird_party/cares/config_linux -Ithird_party/re2 -Ithird_party/boringssl-with-bazel/src/include -Ithird_party/upb -Isrc/core/ext/upb-gen -Isrc/core/ext/upbdefs-gen -Ithird_party/utf8_range -Ithird_party/xxhash -Ithird_party/zlib -I/usr/local/google/home/ssreenithi/.pyenv/versions/3.12.0/envs/pyvenv_312/include -I/usr/local/google/home/ssreenithi/.pyenv/versions/3.12.0/include/python3.12 -c src/core/ext/upbdefs-gen/xds/type/matcher/v3/range.upbdefs.c -o pyb/temp.linux-x86_64-cpython-312/src/core/ext/upbdefs-gen/xds/type/matcher/v3/range.upbdefs.o -fvisibility=hidden -fno-wrapv -fno-exceptions -pthread
      gcc -fno-strict-overflow -Wsign-compare -DNDEBUG -g -O3 -Wall -fPIC -D_WIN32_WINNT=1536 -DGRPC_XDS_USER_AGENT_NAME_SUFFIX=\"Python\" -DGRPC_XDS_USER_AGENT_VERSION_SUFFIX=\"1.79.0.dev0\" -DHAVE_CONFIG_H=1 -DGRPC_ENABLE_FORK_SUPPORT=1 -DGRPC_ENABLE_FORK_SUPPORT_DEFAULT=false -DGRPC_PYTHON_BUILD=1 -D__STDC_FORMAT_MACROS "-DPyMODINIT_FUNC=extern \"C\" __attribute__((visibility (\"default\"))) PyObject*" -DGRPC_POSIX_FORK_ALLOW_PTHREAD_ATFORK=1 -Isrc/python/grpcio -Iinclude -I. -Ithird_party/abseil-cpp -Ithird_party/address_sorting/include -Ithird_party/cares/cares/include -Ithird_party/cares -Ithird_party/cares/cares -Ithird_party/cares/cares/src/lib/include -Ithird_party/cares/cares/src/lib -Ithird_party/cares/config_linux -Ithird_party/re2 -Ithird_party/boringssl-with-bazel/src/include -Ithird_party/upb -Isrc/core/ext/upb-gen -Isrc/core/ext/upbdefs-gen -Ithird_party/utf8_range -Ithird_party/xxhash -Ithird_party/zlib -I/usr/local/google/home/ssreenithi/.pyenv/versions/3.12.0/envs/pyvenv_312/include -I/usr/local/google/home/ssreenithi/.pyenv/versions/3.12.0/include/python3.12 -c src/core/ext/upbdefs-gen/xds/annotations/v3/versioning.upbdefs.c -o pyb/temp.linux-x86_64-cpython-312/src/core/ext/upbdefs-gen/xds/annotations/v3/versioning.upbdefs.o -fvisibility=hidden -fno-wrapv -fno-exceptions -pthread
      gcc -fno-strict-overflow -Wsign-compare -DNDEBUG -g -O3 -Wall -fPIC -D_WIN32_WINNT=1536 -DGRPC_XDS_USER_AGENT_NAME_SUFFIX=\"Python\" -DGRPC_XDS_USER_AGENT_VERSION_SUFFIX=\"1.79.0.dev0\" -DHAVE_CONFIG_H=1 -DGRPC_ENABLE_FORK_SUPPORT=1 -DGRPC_ENABLE_FORK_SUPPORT_DEFAULT=false -DGRPC_PYTHON_BUILD=1 -D__STDC_FORMAT_MACROS "-DPyMODINIT_FUNC=extern \"C\" __attribute__((visibility (\"default\"))) PyObject*" -DGRPC_POSIX_FORK_ALLOW_PTHREAD_ATFORK=1 -Isrc/python/grpcio -Iinclude -I. -Ithird_party/abseil-cpp -Ithird_party/address_sorting/include -Ithird_party/cares/cares/include -Ithird_party/cares -Ithird_party/cares/cares -Ithird_party/cares/cares/src/lib/include -Ithird_party/cares/cares/src/lib -Ithird_party/cares/config_linux -Ithird_party/re2 -Ithird_party/boringssl-with-bazel/src/include -Ithird_party/upb -Isrc/core/ext/upb-gen -Isrc/core/ext/upbdefs-gen -Ithird_party/utf8_range -Ithird_party/xxhash -Ithird_party/zlib -I/usr/local/google/home/ssreenithi/.pyenv/versions/3.12.0/envs/pyvenv_312/include -I/usr/local/google/home/ssreenithi/.pyenv/versions/3.12.0/include/python3.12 -c src/core/ext/upbdefs-gen/envoy/config/trace/v3/skywalking.upbdefs.c -o pyb/temp.linux-x86_64-cpython-312/src/core/ext/upbdefs-gen/envoy/config/trace/v3/skywalking.upbdefs.o -fvisibility=hidden -fno-wrapv -fno-exceptions -pthread
      g++ -fno-strict-overflow -Wsign-compare -DNDEBUG -g -O3 -Wall -fPIC -D_WIN32_WINNT=1536 -DGRPC_XDS_USER_AGENT_NAME_SUFFIX=\"Python\" -DGRPC_XDS_USER_AGENT_VERSION_SUFFIX=\"1.79.0.dev0\" -DHAVE_CONFIG_H=1 -DGRPC_ENABLE_FORK_SUPPORT=1 -DGRPC_ENABLE_FORK_SUPPORT_DEFAULT=false -DGRPC_PYTHON_BUILD=1 -D__STDC_FORMAT_MACROS "-DPyMODINIT_FUNC=extern \"C\" __attribute__((visibility (\"default\"))) PyObject*" -DGRPC_POSIX_FORK_ALLOW_PTHREAD_ATFORK=1 -Isrc/python/grpcio -Iinclude -I. -Ithird_party/abseil-cpp -Ithird_party/address_sorting/include -Ithird_party/cares/cares/include -Ithird_party/cares -Ithird_party/cares/cares -Ithird_party/cares/cares/src/lib/include -Ithird_party/cares/cares/src/lib -Ithird_party/cares/config_linux -Ithird_party/re2 -Ithird_party/boringssl-with-bazel/src/include -Ithird_party/upb -Isrc/core/ext/upb-gen -Isrc/core/ext/upbdefs-gen -Ithird_party/utf8_range -Ithird_party/xxhash -Ithird_party/zlib -I/usr/local/google/home/ssreenithi/.pyenv/versions/3.12.0/envs/pyvenv_312/include -I/usr/local/google/home/ssreenithi/.pyenv/versions/3.12.0/include/python3.12 -c src/core/lib/iomgr/ev_poll_posix.cc -o pyb/temp.linux-x86_64-cpython-312/src/core/lib/iomgr/ev_poll_posix.o -std=c++17 -fvisibility=hidden -fno-wrapv -fno-exceptions -pthread
      gcc -fno-strict-overflow -Wsign-compare -DNDEBUG -g -O3 -Wall -fPIC -D_WIN32_WINNT=1536 -DGRPC_XDS_USER_AGENT_NAME_SUFFIX=\"Python\" -DGRPC_XDS_USER_AGENT_VERSION_SUFFIX=\"1.79.0.dev0\" -DHAVE_CONFIG_H=1 -DGRPC_ENABLE_FORK_SUPPORT=1 -DGRPC_ENABLE_FORK_SUPPORT_DEFAULT=false -DGRPC_PYTHON_BUILD=1 -D__STDC_FORMAT_MACROS "-DPyMODINIT_FUNC=extern \"C\" __attribute__((visibility (\"default\"))) PyObject*" -DGRPC_POSIX_FORK_ALLOW_PTHREAD_ATFORK=1 -Isrc/python/grpcio -Iinclude -I. -Ithird_party/abseil-cpp -Ithird_party/address_sorting/include -Ithird_party/cares/cares/include -Ithird_party/cares -Ithird_party/cares/cares -Ithird_party/cares/cares/src/lib/include -Ithird_party/cares/cares/src/lib -Ithird_party/cares/config_linux -Ithird_party/re2 -Ithird_party/boringssl-with-bazel/src/include -Ithird_party/upb -Isrc/core/ext/upb-gen -Isrc/core/ext/upbdefs-gen -Ithird_party/utf8_range -Ithird_party/xxhash -Ithird_party/zlib -I/usr/local/google/home/ssreenithi/.pyenv/versions/3.12.0/envs/pyvenv_312/include -I/usr/local/google/home/ssreenithi/.pyenv/versions/3.12.0/include/python3.12 -c src/core/ext/upbdefs-gen/envoy/type/matcher/v3/address.upbdefs.c -o pyb/temp.linux-x86_64-cpython-312/src/core/ext/upbdefs-gen/envoy/type/matcher/v3/address.upbdefs.o -fvisibility=hidden -fno-wrapv -fno-exceptions -pthread
      gcc -fno-strict-overflow -Wsign-compare -DNDEBUG -g -O3 -Wall -fPIC -D_WIN32_WINNT=1536 -DGRPC_XDS_USER_AGENT_NAME_SUFFIX=\"Python\" -DGRPC_XDS_USER_AGENT_VERSION_SUFFIX=\"1.79.0.dev0\" -DHAVE_CONFIG_H=1 -DGRPC_ENABLE_FORK_SUPPORT=1 -DGRPC_ENABLE_FORK_SUPPORT_DEFAULT=false -DGRPC_PYTHON_BUILD=1 -D__STDC_FORMAT_MACROS "-DPyMODINIT_FUNC=extern \"C\" __attribute__((visibility (\"default\"))) PyObject*" -DGRPC_POSIX_FORK_ALLOW_PTHREAD_ATFORK=1 -Isrc/python/grpcio -Iinclude -I. -Ithird_party/abseil-cpp -Ithird_party/address_sorting/include -Ithird_party/cares/cares/include -Ithird_party/cares -Ithird_party/cares/cares -Ithird_party/cares/cares/src/lib/include -Ithird_party/cares/cares/src/lib -Ithird_party/cares/config_linux -Ithird_party/re2 -Ithird_party/boringssl-with-bazel/src/include -Ithird_party/upb -Isrc/core/ext/upb-gen -Isrc/core/ext/upbdefs-gen -Ithird_party/utf8_range -Ithird_party/xxhash -Ithird_party/zlib -I/usr/local/google/home/ssreenithi/.pyenv/versions/3.12.0/envs/pyvenv_312/include -I/usr/local/google/home/ssreenithi/.pyenv/versions/3.12.0/include/python3.12 -c src/core/ext/upbdefs-gen/envoy/admin/v3/memory.upbdefs.c -o pyb/temp.linux-x86_64-cpython-312/src/core/ext/upbdefs-gen/envoy/admin/v3/memory.upbdefs.o -fvisibility=hidden -fno-wrapv -fno-exceptions -pthread
      gcc -fno-strict-overflow -Wsign-compare -DNDEBUG -g -O3 -Wall -fPIC -D_WIN32_WINNT=1536 -DGRPC_XDS_USER_AGENT_NAME_SUFFIX=\"Python\" -DGRPC_XDS_USER_AGENT_VERSION_SUFFIX=\"1.79.0.dev0\" -DHAVE_CONFIG_H=1 -DGRPC_ENABLE_FORK_SUPPORT=1 -DGRPC_ENABLE_FORK_SUPPORT_DEFAULT=false -DGRPC_PYTHON_BUILD=1 -D__STDC_FORMAT_MACROS "-DPyMODINIT_FUNC=extern \"C\" __attribute__((visibility (\"default\"))) PyObject*" -DGRPC_POSIX_FORK_ALLOW_PTHREAD_ATFORK=1 -Isrc/python/grpcio -Iinclude -I. -Ithird_party/abseil-cpp -Ithird_party/address_sorting/include -Ithird_party/cares/cares/include -Ithird_party/cares -Ithird_party/cares/cares -Ithird_party/cares/cares/src/lib/include -Ithird_party/cares/cares/src/lib -Ithird_party/cares/config_linux -Ithird_party/re2 -Ithird_party/boringssl-with-bazel/src/include -Ithird_party/upb -Isrc/core/ext/upb-gen -Isrc/core/ext/upbdefs-gen -Ithird_party/utf8_range -Ithird_party/xxhash -Ithird_party/zlib -I/usr/local/google/home/ssreenithi/.pyenv/versions/3.12.0/envs/pyvenv_312/include -I/usr/local/google/home/ssreenithi/.pyenv/versions/3.12.0/include/python3.12 -c src/core/ext/upbdefs-gen/envoy/config/accesslog/v3/accesslog.upbdefs.c -o pyb/temp.linux-x86_64-cpython-312/src/core/ext/upbdefs-gen/envoy/config/accesslog/v3/accesslog.upbdefs.o -fvisibility=hidden -fno-wrapv -fno-exceptions -pthread
      g++ -fno-strict-overflow -Wsign-compare -DNDEBUG -g -O3 -Wall -fPIC -D_WIN32_WINNT=1536 -DGRPC_XDS_USER_AGENT_NAME_SUFFIX=\"Python\" -DGRPC_XDS_USER_AGENT_VERSION_SUFFIX=\"1.79.0.dev0\" -DHAVE_CONFIG_H=1 -DGRPC_ENABLE_FORK_SUPPORT=1 -DGRPC_ENABLE_FORK_SUPPORT_DEFAULT=false -DGRPC_PYTHON_BUILD=1 -D__STDC_FORMAT_MACROS "-DPyMODINIT_FUNC=extern \"C\" __attribute__((visibility (\"default\"))) PyObject*" -DGRPC_POSIX_FORK_ALLOW_PTHREAD_ATFORK=1 -Isrc/python/grpcio -Iinclude -I. -Ithird_party/abseil-cpp -Ithird_party/address_sorting/include -Ithird_party/cares/cares/include -Ithird_party/cares -Ithird_party/cares/cares -Ithird_party/cares/cares/src/lib/include -Ithird_party/cares/cares/src/lib -Ithird_party/cares/config_linux -Ithird_party/re2 -Ithird_party/boringssl-with-bazel/src/include -Ithird_party/upb -Isrc/core/ext/upb-gen -Isrc/core/ext/upbdefs-gen -Ithird_party/utf8_range -Ithird_party/xxhash -Ithird_party/zlib -I/usr/local/google/home/ssreenithi/.pyenv/versions/3.12.0/envs/pyvenv_312/include -I/usr/local/google/home/ssreenithi/.pyenv/versions/3.12.0/include/python3.12 -c src/core/lib/event_engine/windows/windows_endpoint.cc -o pyb/temp.linux-x86_64-cpython-312/src/core/lib/event_engine/windows/windows_endpoint.o -std=c++17 -fvisibility=hidden -fno-wrapv -fno-exceptions -pthread
      gcc -fno-strict-overflow -Wsign-compare -DNDEBUG -g -O3 -Wall -fPIC -D_WIN32_WINNT=1536 -DGRPC_XDS_USER_AGENT_NAME_SUFFIX=\"Python\" -DGRPC_XDS_USER_AGENT_VERSION_SUFFIX=\"1.79.0.dev0\" -DHAVE_CONFIG_H=1 -DGRPC_ENABLE_FORK_SUPPORT=1 -DGRPC_ENABLE_FORK_SUPPORT_DEFAULT=false -DGRPC_PYTHON_BUILD=1 -D__STDC_FORMAT_MACROS "-DPyMODINIT_FUNC=extern \"C\" __attribute__((visibility (\"default\"))) PyObject*" -DGRPC_POSIX_FORK_ALLOW_PTHREAD_ATFORK=1 -Isrc/python/grpcio -Iinclude -I. -Ithird_party/abseil-cpp -Ithird_party/address_sorting/include -Ithird_party/cares/cares/include -Ithird_party/cares -Ithird_party/cares/cares -Ithird_party/cares/cares/src/lib/include -Ithird_party/cares/cares/src/lib -Ithird_party/cares/config_linux -Ithird_party/re2 -Ithird_party/boringssl-with-bazel/src/include -Ithird_party/upb -Isrc/core/ext/upb-gen -Isrc/core/ext/upbdefs-gen -Ithird_party/utf8_range -Ithird_party/xxhash -Ithird_party/zlib -I/usr/local/google/home/ssreenithi/.pyenv/versions/3.12.0/envs/pyvenv_312/include -I/usr/local/google/home/ssreenithi/.pyenv/versions/3.12.0/include/python3.12 -c src/core/ext/upbdefs-gen/envoy/config/core/v3/extension.upbdefs.c -o pyb/temp.linux-x86_64-cpython-312/src/core/ext/upbdefs-gen/envoy/config/core/v3/extension.upbdefs.o -fvisibility=hidden -fno-wrapv -fno-exceptions -pthread
      gcc -fno-strict-overflow -Wsign-compare -DNDEBUG -g -O3 -Wall -fPIC -D_WIN32_WINNT=1536 -DGRPC_XDS_USER_AGENT_NAME_SUFFIX=\"Python\" -DGRPC_XDS_USER_AGENT_VERSION_SUFFIX=\"1.79.0.dev0\" -DHAVE_CONFIG_H=1 -DGRPC_ENABLE_FORK_SUPPORT=1 -DGRPC_ENABLE_FORK_SUPPORT_DEFAULT=false -DGRPC_PYTHON_BUILD=1 -D__STDC_FORMAT_MACROS "-DPyMODINIT_FUNC=extern \"C\" __attribute__((visibility (\"default\"))) PyObject*" -DGRPC_POSIX_FORK_ALLOW_PTHREAD_ATFORK=1 -Isrc/python/grpcio -Iinclude -I. -Ithird_party/abseil-cpp -Ithird_party/address_sorting/include -Ithird_party/cares/cares/include -Ithird_party/cares -Ithird_party/cares/cares -Ithird_party/cares/cares/src/lib/include -Ithird_party/cares/cares/src/lib -Ithird_party/cares/config_linux -Ithird_party/re2 -Ithird_party/boringssl-with-bazel/src/include -Ithird_party/upb -Isrc/core/ext/upb-gen -Isrc/core/ext/upbdefs-gen -Ithird_party/utf8_range -Ithird_party/xxhash -Ithird_party/zlib -I/usr/local/google/home/ssreenithi/.pyenv/versions/3.12.0/envs/pyvenv_312/include -I/usr/local/google/home/ssreenithi/.pyenv/versions/3.12.0/include/python3.12 -c src/core/ext/upbdefs-gen/envoy/type/matcher/v3/value.upbdefs.c -o pyb/temp.linux-x86_64-cpython-312/src/core/ext/upbdefs-gen/envoy/type/matcher/v3/value.upbdefs.o -fvisibility=hidden -fno-wrapv -fno-exceptions -pthread
      g++ -fno-strict-overflow -Wsign-compare -DNDEBUG -g -O3 -Wall -fPIC -D_WIN32_WINNT=1536 -DGRPC_XDS_USER_AGENT_NAME_SUFFIX=\"Python\" -DGRPC_XDS_USER_AGENT_VERSION_SUFFIX=\"1.79.0.dev0\" -DHAVE_CONFIG_H=1 -DGRPC_ENABLE_FORK_SUPPORT=1 -DGRPC_ENABLE_FORK_SUPPORT_DEFAULT=false -DGRPC_PYTHON_BUILD=1 -D__STDC_FORMAT_MACROS "-DPyMODINIT_FUNC=extern \"C\" __attribute__((visibility (\"default\"))) PyObject*" -DGRPC_POSIX_FORK_ALLOW_PTHREAD_ATFORK=1 -Isrc/python/grpcio -Iinclude -I. -Ithird_party/abseil-cpp -Ithird_party/address_sorting/include -Ithird_party/cares/cares/include -Ithird_party/cares -Ithird_party/cares/cares -Ithird_party/cares/cares/src/lib/include -Ithird_party/cares/cares/src/lib -Ithird_party/cares/config_linux -Ithird_party/re2 -Ithird_party/boringssl-with-bazel/src/include -Ithird_party/upb -Isrc/core/ext/upb-gen -Isrc/core/ext/upbdefs-gen -Ithird_party/utf8_range -Ithird_party/xxhash -Ithird_party/zlib -I/usr/local/google/home/ssreenithi/.pyenv/versions/3.12.0/envs/pyvenv_312/include -I/usr/local/google/home/ssreenithi/.pyenv/versions/3.12.0/include/python3.12 -c src/core/lib/iomgr/fork_windows.cc -o pyb/temp.linux-x86_64-cpython-312/src/core/lib/iomgr/fork_windows.o -std=c++17 -fvisibility=hidden -fno-wrapv -fno-exceptions -pthread
      g++ -fno-strict-overflow -Wsign-compare -DNDEBUG -g -O3 -Wall -fPIC -D_WIN32_WINNT=1536 -DGRPC_XDS_USER_AGENT_NAME_SUFFIX=\"Python\" -DGRPC_XDS_USER_AGENT_VERSION_SUFFIX=\"1.79.0.dev0\" -DHAVE_CONFIG_H=1 -DGRPC_ENABLE_FORK_SUPPORT=1 -DGRPC_ENABLE_FORK_SUPPORT_DEFAULT=false -DGRPC_PYTHON_BUILD=1 -D__STDC_FORMAT_MACROS "-DPyMODINIT_FUNC=extern \"C\" __attribute__((visibility (\"default\"))) PyObject*" -DGRPC_POSIX_FORK_ALLOW_PTHREAD_ATFORK=1 -Isrc/python/grpcio -Iinclude -I. -Ithird_party/abseil-cpp -Ithird_party/address_sorting/include -Ithird_party/cares/cares/include -Ithird_party/cares -Ithird_party/cares/cares -Ithird_party/cares/cares/src/lib/include -Ithird_party/cares/cares/src/lib -Ithird_party/cares/config_linux -Ithird_party/re2 -Ithird_party/boringssl-with-bazel/src/include -Ithird_party/upb -Isrc/core/ext/upb-gen -Isrc/core/ext/upbdefs-gen -Ithird_party/utf8_range -Ithird_party/xxhash -Ithird_party/zlib -I/usr/local/google/home/ssreenithi/.pyenv/versions/3.12.0/envs/pyvenv_312/include -I/usr/local/google/home/ssreenithi/.pyenv/versions/3.12.0/include/python3.12 -c src/core/lib/iomgr/endpoint_pair_posix.cc -o pyb/temp.linux-x86_64-cpython-312/src/core/lib/iomgr/endpoint_pair_posix.o -std=c++17 -fvisibility=hidden -fno-wrapv -fno-exceptions -pthread
      gcc -fno-strict-overflow -Wsign-compare -DNDEBUG -g -O3 -Wall -fPIC -D_WIN32_WINNT=1536 -DGRPC_XDS_USER_AGENT_NAME_SUFFIX=\"Python\" -DGRPC_XDS_USER_AGENT_VERSION_SUFFIX=\"1.79.0.dev0\" -DHAVE_CONFIG_H=1 -DGRPC_ENABLE_FORK_SUPPORT=1 -DGRPC_ENABLE_FORK_SUPPORT_DEFAULT=false -DGRPC_PYTHON_BUILD=1 -D__STDC_FORMAT_MACROS "-DPyMODINIT_FUNC=extern \"C\" __attribute__((visibility (\"default\"))) PyObject*" -DGRPC_POSIX_FORK_ALLOW_PTHREAD_ATFORK=1 -Isrc/python/grpcio -Iinclude -I. -Ithird_party/abseil-cpp -Ithird_party/address_sorting/include -Ithird_party/cares/cares/include -Ithird_party/cares -Ithird_party/cares/cares -Ithird_party/cares/cares/src/lib/include -Ithird_party/cares/cares/src/lib -Ithird_party/cares/config_linux -Ithird_party/re2 -Ithird_party/boringssl-with-bazel/src/include -Ithird_party/upb -Isrc/core/ext/upb-gen -Isrc/core/ext/upbdefs-gen -Ithird_party/utf8_range -Ithird_party/xxhash -Ithird_party/zlib -I/usr/local/google/home/ssreenithi/.pyenv/versions/3.12.0/envs/pyvenv_312/include -I/usr/local/google/home/ssreenithi/.pyenv/versions/3.12.0/include/python3.12 -c src/core/ext/upbdefs-gen/envoy/type/v3/range.upbdefs.c -o pyb/temp.linux-x86_64-cpython-312/src/core/ext/upbdefs-gen/envoy/type/v3/range.upbdefs.o -fvisibility=hidden -fno-wrapv -fno-exceptions -pthread
      gcc -fno-strict-overflow -Wsign-compare -DNDEBUG -g -O3 -Wall -fPIC -D_WIN32_WINNT=1536 -DGRPC_XDS_USER_AGENT_NAME_SUFFIX=\"Python\" -DGRPC_XDS_USER_AGENT_VERSION_SUFFIX=\"1.79.0.dev0\" -DHAVE_CONFIG_H=1 -DGRPC_ENABLE_FORK_SUPPORT=1 -DGRPC_ENABLE_FORK_SUPPORT_DEFAULT=false -DGRPC_PYTHON_BUILD=1 -D__STDC_FORMAT_MACROS "-DPyMODINIT_FUNC=extern \"C\" __attribute__((visibility (\"default\"))) PyObject*" -DGRPC_POSIX_FORK_ALLOW_PTHREAD_ATFORK=1 -Isrc/python/grpcio -Iinclude -I. -Ithird_party/abseil-cpp -Ithird_party/address_sorting/include -Ithird_party/cares/cares/include -Ithird_party/cares -Ithird_party/cares/cares -Ithird_party/cares/cares/src/lib/include -Ithird_party/cares/cares/src/lib -Ithird_party/cares/config_linux -Ithird_party/re2 -Ithird_party/boringssl-with-bazel/src/include -Ithird_party/upb -Isrc/core/ext/upb-gen -Isrc/core/ext/upbdefs-gen -Ithird_party/utf8_range -Ithird_party/xxhash -Ithird_party/zlib -I/usr/local/google/home/ssreenithi/.pyenv/versions/3.12.0/envs/pyvenv_312/include -I/usr/local/google/home/ssreenithi/.pyenv/versions/3.12.0/include/python3.12 -c src/core/ext/upbdefs-gen/envoy/config/common/mutation_rules/v3/mutation_rules.upbdefs.c -o pyb/temp.linux-x86_64-cpython-312/src/core/ext/upbdefs-gen/envoy/config/common/mutation_rules/v3/mutation_rules.upbdefs.o -fvisibility=hidden -fno-wrapv -fno-exceptions -pthread
      gcc -fno-strict-overflow -Wsign-compare -DNDEBUG -g -O3 -Wall -fPIC -D_WIN32_WINNT=1536 -DGRPC_XDS_USER_AGENT_NAME_SUFFIX=\"Python\" -DGRPC_XDS_USER_AGENT_VERSION_SUFFIX=\"1.79.0.dev0\" -DHAVE_CONFIG_H=1 -DGRPC_ENABLE_FORK_SUPPORT=1 -DGRPC_ENABLE_FORK_SUPPORT_DEFAULT=false -DGRPC_PYTHON_BUILD=1 -D__STDC_FORMAT_MACROS "-DPyMODINIT_FUNC=extern \"C\" __attribute__((visibility (\"default\"))) PyObject*" -DGRPC_POSIX_FORK_ALLOW_PTHREAD_ATFORK=1 -Isrc/python/grpcio -Iinclude -I. -Ithird_party/abseil-cpp -Ithird_party/address_sorting/include -Ithird_party/cares/cares/include -Ithird_party/cares -Ithird_party/cares/cares -Ithird_party/cares/cares/src/lib/include -Ithird_party/cares/cares/src/lib -Ithird_party/cares/config_linux -Ithird_party/re2 -Ithird_party/boringssl-with-bazel/src/include -Ithird_party/upb -Isrc/core/ext/upb-gen -Isrc/core/ext/upbdefs-gen -Ithird_party/utf8_range -Ithird_party/xxhash -Ithird_party/zlib -I/usr/local/google/home/ssreenithi/.pyenv/versions/3.12.0/envs/pyvenv_312/include -I/usr/local/google/home/ssreenithi/.pyenv/versions/3.12.0/include/python3.12 -c src/core/ext/upbdefs-gen/envoy/extensions/transport_sockets/http_11_proxy/v3/upstream_http_11_connect.upbdefs.c -o pyb/temp.linux-x86_64-cpython-312/src/core/ext/upbdefs-gen/envoy/extensions/transport_sockets/http_11_proxy/v3/upstream_http_11_connect.upbdefs.o -fvisibility=hidden -fno-wrapv -fno-exceptions -pthread
      gcc -fno-strict-overflow -Wsign-compare -DNDEBUG -g -O3 -Wall -fPIC -D_WIN32_WINNT=1536 -DGRPC_XDS_USER_AGENT_NAME_SUFFIX=\"Python\" -DGRPC_XDS_USER_AGENT_VERSION_SUFFIX=\"1.79.0.dev0\" -DHAVE_CONFIG_H=1 -DGRPC_ENABLE_FORK_SUPPORT=1 -DGRPC_ENABLE_FORK_SUPPORT_DEFAULT=false -DGRPC_PYTHON_BUILD=1 -D__STDC_FORMAT_MACROS "-DPyMODINIT_FUNC=extern \"C\" __attribute__((visibility (\"default\"))) PyObject*" -DGRPC_POSIX_FORK_ALLOW_PTHREAD_ATFORK=1 -Isrc/python/grpcio -Iinclude -I. -Ithird_party/abseil-cpp -Ithird_party/address_sorting/include -Ithird_party/cares/cares/include -Ithird_party/cares -Ithird_party/cares/cares -Ithird_party/cares/cares/src/lib/include -Ithird_party/cares/cares/src/lib -Ithird_party/cares/config_linux -Ithird_party/re2 -Ithird_party/boringssl-with-bazel/src/include -Ithird_party/upb -Isrc/core/ext/upb-gen -Isrc/core/ext/upbdefs-gen -Ithird_party/utf8_range -Ithird_party/xxhash -Ithird_party/zlib -I/usr/local/google/home/ssreenithi/.pyenv/versions/3.12.0/envs/pyvenv_312/include -I/usr/local/google/home/ssreenithi/.pyenv/versions/3.12.0/include/python3.12 -c src/core/ext/upbdefs-gen/envoy/config/metrics/v3/metrics_service.upbdefs.c -o pyb/temp.linux-x86_64-cpython-312/src/core/ext/upbdefs-gen/envoy/config/metrics/v3/metrics_service.upbdefs.o -fvisibility=hidden -fno-wrapv -fno-exceptions -pthread
      g++ -fno-strict-overflow -Wsign-compare -DNDEBUG -g -O3 -Wall -fPIC -D_WIN32_WINNT=1536 -DGRPC_XDS_USER_AGENT_NAME_SUFFIX=\"Python\" -DGRPC_XDS_USER_AGENT_VERSION_SUFFIX=\"1.79.0.dev0\" -DHAVE_CONFIG_H=1 -DGRPC_ENABLE_FORK_SUPPORT=1 -DGRPC_ENABLE_FORK_SUPPORT_DEFAULT=false -DGRPC_PYTHON_BUILD=1 -D__STDC_FORMAT_MACROS "-DPyMODINIT_FUNC=extern \"C\" __attribute__((visibility (\"default\"))) PyObject*" -DGRPC_POSIX_FORK_ALLOW_PTHREAD_ATFORK=1 -Isrc/python/grpcio -Iinclude -I. -Ithird_party/abseil-cpp -Ithird_party/address_sorting/include -Ithird_party/cares/cares/include -Ithird_party/cares -Ithird_party/cares/cares -Ithird_party/cares/cares/src/lib/include -Ithird_party/cares/cares/src/lib -Ithird_party/cares/config_linux -Ithird_party/re2 -Ithird_party/boringssl-with-bazel/src/include -Ithird_party/upb -Isrc/core/ext/upb-gen -Isrc/core/ext/upbdefs-gen -Ithird_party/utf8_range -Ithird_party/xxhash -Ithird_party/zlib -I/usr/local/google/home/ssreenithi/.pyenv/versions/3.12.0/envs/pyvenv_312/include -I/usr/local/google/home/ssreenithi/.pyenv/versions/3.12.0/include/python3.12 -c src/core/lib/event_engine/windows/windows_engine.cc -o pyb/temp.linux-x86_64-cpython-312/src/core/lib/event_engine/windows/windows_engine.o -std=c++17 -fvisibility=hidden -fno-wrapv -fno-exceptions -pthread
      gcc -fno-strict-overflow -Wsign-compare -DNDEBUG -g -O3 -Wall -fPIC -D_WIN32_WINNT=1536 -DGRPC_XDS_USER_AGENT_NAME_SUFFIX=\"Python\" -DGRPC_XDS_USER_AGENT_VERSION_SUFFIX=\"1.79.0.dev0\" -DHAVE_CONFIG_H=1 -DGRPC_ENABLE_FORK_SUPPORT=1 -DGRPC_ENABLE_FORK_SUPPORT_DEFAULT=false -DGRPC_PYTHON_BUILD=1 -D__STDC_FORMAT_MACROS "-DPyMODINIT_FUNC=extern \"C\" __attribute__((visibility (\"default\"))) PyObject*" -DGRPC_POSIX_FORK_ALLOW_PTHREAD_ATFORK=1 -Isrc/python/grpcio -Iinclude -I. -Ithird_party/abseil-cpp -Ithird_party/address_sorting/include -Ithird_party/cares/cares/include -Ithird_party/cares -Ithird_party/cares/cares -Ithird_party/cares/cares/src/lib/include -Ithird_party/cares/cares/src/lib -Ithird_party/cares/config_linux -Ithird_party/re2 -Ithird_party/boringssl-with-bazel/src/include -Ithird_party/upb -Isrc/core/ext/upb-gen -Isrc/core/ext/upbdefs-gen -Ithird_party/utf8_range -Ithird_party/xxhash -Ithird_party/zlib -I/usr/local/google/home/ssreenithi/.pyenv/versions/3.12.0/envs/pyvenv_312/include -I/usr/local/google/home/ssreenithi/.pyenv/versions/3.12.0/include/python3.12 -c src/core/ext/upbdefs-gen/google/api/expr/v1alpha1/syntax.upbdefs.c -o pyb/temp.linux-x86_64-cpython-312/src/core/ext/upbdefs-gen/google/api/expr/v1alpha1/syntax.upbdefs.o -fvisibility=hidden -fno-wrapv -fno-exceptions -pthread
      gcc -fno-strict-overflow -Wsign-compare -DNDEBUG -g -O3 -Wall -fPIC -D_WIN32_WINNT=1536 -DGRPC_XDS_USER_AGENT_NAME_SUFFIX=\"Python\" -DGRPC_XDS_USER_AGENT_VERSION_SUFFIX=\"1.79.0.dev0\" -DHAVE_CONFIG_H=1 -DGRPC_ENABLE_FORK_SUPPORT=1 -DGRPC_ENABLE_FORK_SUPPORT_DEFAULT=false -DGRPC_PYTHON_BUILD=1 -D__STDC_FORMAT_MACROS "-DPyMODINIT_FUNC=extern \"C\" __attribute__((visibility (\"default\"))) PyObject*" -DGRPC_POSIX_FORK_ALLOW_PTHREAD_ATFORK=1 -Isrc/python/grpcio -Iinclude -I. -Ithird_party/abseil-cpp -Ithird_party/address_sorting/include -Ithird_party/cares/cares/include -Ithird_party/cares -Ithird_party/cares/cares -Ithird_party/cares/cares/src/lib/include -Ithird_party/cares/cares/src/lib -Ithird_party/cares/config_linux -Ithird_party/re2 -Ithird_party/boringssl-with-bazel/src/include -Ithird_party/upb -Isrc/core/ext/upb-gen -Isrc/core/ext/upbdefs-gen -Ithird_party/utf8_range -Ithird_party/xxhash -Ithird_party/zlib -I/usr/local/google/home/ssreenithi/.pyenv/versions/3.12.0/envs/pyvenv_312/include -I/usr/local/google/home/ssreenithi/.pyenv/versions/3.12.0/include/python3.12 -c src/core/ext/upbdefs-gen/envoy/config/core/v3/proxy_protocol.upbdefs.c -o pyb/temp.linux-x86_64-cpython-312/src/core/ext/upbdefs-gen/envoy/config/core/v3/proxy_protocol.upbdefs.o -fvisibility=hidden -fno-wrapv -fno-exceptions -pthread
      gcc -fno-strict-overflow -Wsign-compare -DNDEBUG -g -O3 -Wall -fPIC -D_WIN32_WINNT=1536 -DGRPC_XDS_USER_AGENT_NAME_SUFFIX=\"Python\" -DGRPC_XDS_USER_AGENT_VERSION_SUFFIX=\"1.79.0.dev0\" -DHAVE_CONFIG_H=1 -DGRPC_ENABLE_FORK_SUPPORT=1 -DGRPC_ENABLE_FORK_SUPPORT_DEFAULT=false -DGRPC_PYTHON_BUILD=1 -D__STDC_FORMAT_MACROS "-DPyMODINIT_FUNC=extern \"C\" __attribute__((visibility (\"default\"))) PyObject*" -DGRPC_POSIX_FORK_ALLOW_PTHREAD_ATFORK=1 -Isrc/python/grpcio -Iinclude -I. -Ithird_party/abseil-cpp -Ithird_party/address_sorting/include -Ithird_party/cares/cares/include -Ithird_party/cares -Ithird_party/cares/cares -Ithird_party/cares/cares/src/lib/include -Ithird_party/cares/cares/src/lib -Ithird_party/cares/config_linux -Ithird_party/re2 -Ithird_party/boringssl-with-bazel/src/include -Ithird_party/upb -Isrc/core/ext/upb-gen -Isrc/core/ext/upbdefs-gen -Ithird_party/utf8_range -Ithird_party/xxhash -Ithird_party/zlib -I/usr/local/google/home/ssreenithi/.pyenv/versions/3.12.0/envs/pyvenv_312/include -I/usr/local/google/home/ssreenithi/.pyenv/versions/3.12.0/include/python3.12 -c src/core/ext/upbdefs-gen/envoy/service/discovery/v3/ads.upbdefs.c -o pyb/temp.linux-x86_64-cpython-312/src/core/ext/upbdefs-gen/envoy/service/discovery/v3/ads.upbdefs.o -fvisibility=hidden -fno-wrapv -fno-exceptions -pthread
      gcc -fno-strict-overflow -Wsign-compare -DNDEBUG -g -O3 -Wall -fPIC -D_WIN32_WINNT=1536 -DGRPC_XDS_USER_AGENT_NAME_SUFFIX=\"Python\" -DGRPC_XDS_USER_AGENT_VERSION_SUFFIX=\"1.79.0.dev0\" -DHAVE_CONFIG_H=1 -DGRPC_ENABLE_FORK_SUPPORT=1 -DGRPC_ENABLE_FORK_SUPPORT_DEFAULT=false -DGRPC_PYTHON_BUILD=1 -D__STDC_FORMAT_MACROS "-DPyMODINIT_FUNC=extern \"C\" __attribute__((visibility (\"default\"))) PyObject*" -DGRPC_POSIX_FORK_ALLOW_PTHREAD_ATFORK=1 -Isrc/python/grpcio -Iinclude -I. -Ithird_party/abseil-cpp -Ithird_party/address_sorting/include -Ithird_party/cares/cares/include -Ithird_party/cares -Ithird_party/cares/cares -Ithird_party/cares/cares/src/lib/include -Ithird_party/cares/cares/src/lib -Ithird_party/cares/config_linux -Ithird_party/re2 -Ithird_party/boringssl-with-bazel/src/include -Ithird_party/upb -Isrc/core/ext/upb-gen -Isrc/core/ext/upbdefs-gen -Ithird_party/utf8_range -Ithird_party/xxhash -Ithird_party/zlib -I/usr/local/google/home/ssreenithi/.pyenv/versions/3.12.0/envs/pyvenv_312/include -I/usr/local/google/home/ssreenithi/.pyenv/versions/3.12.0/include/python3.12 -c src/core/ext/upbdefs-gen/src/proto/grpc/channelz/v2/property_list.upbdefs.c -o pyb/temp.linux-x86_64-cpython-312/src/core/ext/upbdefs-gen/src/proto/grpc/channelz/v2/property_list.upbdefs.o -fvisibility=hidden -fno-wrapv -fno-exceptions -pthread
      gcc -fno-strict-overflow -Wsign-compare -DNDEBUG -g -O3 -Wall -fPIC -D_WIN32_WINNT=1536 -DGRPC_XDS_USER_AGENT_NAME_SUFFIX=\"Python\" -DGRPC_XDS_USER_AGENT_VERSION_SUFFIX=\"1.79.0.dev0\" -DHAVE_CONFIG_H=1 -DGRPC_ENABLE_FORK_SUPPORT=1 -DGRPC_ENABLE_FORK_SUPPORT_DEFAULT=false -DGRPC_PYTHON_BUILD=1 -D__STDC_FORMAT_MACROS "-DPyMODINIT_FUNC=extern \"C\" __attribute__((visibility (\"default\"))) PyObject*" -DGRPC_POSIX_FORK_ALLOW_PTHREAD_ATFORK=1 -Isrc/python/grpcio -Iinclude -I. -Ithird_party/abseil-cpp -Ithird_party/address_sorting/include -Ithird_party/cares/cares/include -Ithird_party/cares -Ithird_party/cares/cares -Ithird_party/cares/cares/src/lib/include -Ithird_party/cares/cares/src/lib -Ithird_party/cares/config_linux -Ithird_party/re2 -Ithird_party/boringssl-with-bazel/src/include -Ithird_party/upb -Isrc/core/ext/upb-gen -Isrc/core/ext/upbdefs-gen -Ithird_party/utf8_range -Ithird_party/xxhash -Ithird_party/zlib -I/usr/local/google/home/ssreenithi/.pyenv/versions/3.12.0/envs/pyvenv_312/include -I/usr/local/google/home/ssreenithi/.pyenv/versions/3.12.0/include/python3.12 -c src/core/ext/upbdefs-gen/udpa/annotations/versioning.upbdefs.c -o pyb/temp.linux-x86_64-cpython-312/src/core/ext/upbdefs-gen/udpa/annotations/versioning.upbdefs.o -fvisibility=hidden -fno-wrapv -fno-exceptions -pthread
      gcc -fno-strict-overflow -Wsign-compare -DNDEBUG -g -O3 -Wall -fPIC -D_WIN32_WINNT=1536 -DGRPC_XDS_USER_AGENT_NAME_SUFFIX=\"Python\" -DGRPC_XDS_USER_AGENT_VERSION_SUFFIX=\"1.79.0.dev0\" -DHAVE_CONFIG_H=1 -DGRPC_ENABLE_FORK_SUPPORT=1 -DGRPC_ENABLE_FORK_SUPPORT_DEFAULT=false -DGRPC_PYTHON_BUILD=1 -D__STDC_FORMAT_MACROS "-DPyMODINIT_FUNC=extern \"C\" __attribute__((visibility (\"default\"))) PyObject*" -DGRPC_POSIX_FORK_ALLOW_PTHREAD_ATFORK=1 -Isrc/python/grpcio -Iinclude -I. -Ithird_party/abseil-cpp -Ithird_party/address_sorting/include -Ithird_party/cares/cares/include -Ithird_party/cares -Ithird_party/cares/cares -Ithird_party/cares/cares/src/lib/include -Ithird_party/cares/cares/src/lib -Ithird_party/cares/config_linux -Ithird_party/re2 -Ithird_party/boringssl-with-bazel/src/include -Ithird_party/upb -Isrc/core/ext/upb-gen -Isrc/core/ext/upbdefs-gen -Ithird_party/utf8_range -Ithird_party/xxhash -Ithird_party/zlib -I/usr/local/google/home/ssreenithi/.pyenv/versions/3.12.0/envs/pyvenv_312/include -I/usr/local/google/home/ssreenithi/.pyenv/versions/3.12.0/include/python3.12 -c src/core/ext/upbdefs-gen/envoy/type/matcher/v3/status_code_input.upbdefs.c -o pyb/temp.linux-x86_64-cpython-312/src/core/ext/upbdefs-gen/envoy/type/matcher/v3/status_code_input.upbdefs.o -fvisibility=hidden -fno-wrapv -fno-exceptions -pthread
      g++ -fno-strict-overflow -Wsign-compare -DNDEBUG -g -O3 -Wall -fPIC -D_WIN32_WINNT=1536 -DGRPC_XDS_USER_AGENT_NAME_SUFFIX=\"Python\" -DGRPC_XDS_USER_AGENT_VERSION_SUFFIX=\"1.79.0.dev0\" -DHAVE_CONFIG_H=1 -DGRPC_ENABLE_FORK_SUPPORT=1 -DGRPC_ENABLE_FORK_SUPPORT_DEFAULT=false -DGRPC_PYTHON_BUILD=1 -D__STDC_FORMAT_MACROS "-DPyMODINIT_FUNC=extern \"C\" __attribute__((visibility (\"default\"))) PyObject*" -DGRPC_POSIX_FORK_ALLOW_PTHREAD_ATFORK=1 -Isrc/python/grpcio -Iinclude -I. -Ithird_party/abseil-cpp -Ithird_party/address_sorting/include -Ithird_party/cares/cares/include -Ithird_party/cares -Ithird_party/cares/cares -Ithird_party/cares/cares/src/lib/include -Ithird_party/cares/cares/src/lib -Ithird_party/cares/config_linux -Ithird_party/re2 -Ithird_party/boringssl-with-bazel/src/include -Ithird_party/upb -Isrc/core/ext/upb-gen -Isrc/core/ext/upbdefs-gen -Ithird_party/utf8_range -Ithird_party/xxhash -Ithird_party/zlib -I/usr/local/google/home/ssreenithi/.pyenv/versions/3.12.0/envs/pyvenv_312/include -I/usr/local/google/home/ssreenithi/.pyenv/versions/3.12.0/include/python3.12 -c src/core/lib/iomgr/internal_errqueue.cc -o pyb/temp.linux-x86_64-cpython-312/src/core/lib/iomgr/internal_errqueue.o -std=c++17 -fvisibility=hidden -fno-wrapv -fno-exceptions -pthread
      gcc -fno-strict-overflow -Wsign-compare -DNDEBUG -g -O3 -Wall -fPIC -D_WIN32_WINNT=1536 -DGRPC_XDS_USER_AGENT_NAME_SUFFIX=\"Python\" -DGRPC_XDS_USER_AGENT_VERSION_SUFFIX=\"1.79.0.dev0\" -DHAVE_CONFIG_H=1 -DGRPC_ENABLE_FORK_SUPPORT=1 -DGRPC_ENABLE_FORK_SUPPORT_DEFAULT=false -DGRPC_PYTHON_BUILD=1 -D__STDC_FORMAT_MACROS "-DPyMODINIT_FUNC=extern \"C\" __attribute__((visibility (\"default\"))) PyObject*" -DGRPC_POSIX_FORK_ALLOW_PTHREAD_ATFORK=1 -Isrc/python/grpcio -Iinclude -I. -Ithird_party/abseil-cpp -Ithird_party/address_sorting/include -Ithird_party/cares/cares/include -Ithird_party/cares -Ithird_party/cares/cares -Ithird_party/cares/cares/src/lib/include -Ithird_party/cares/cares/src/lib -Ithird_party/cares/config_linux -Ithird_party/re2 -Ithird_party/boringssl-with-bazel/src/include -Ithird_party/upb -Isrc/core/ext/upb-gen -Isrc/core/ext/upbdefs-gen -Ithird_party/utf8_range -Ithird_party/xxhash -Ithird_party/zlib -I/usr/local/google/home/ssreenithi/.pyenv/versions/3.12.0/envs/pyvenv_312/include -I/usr/local/google/home/ssreenithi/.pyenv/versions/3.12.0/include/python3.12 -c src/core/ext/upbdefs-gen/envoy/config/tap/v3/common.upbdefs.c -o pyb/temp.linux-x86_64-cpython-312/src/core/ext/upbdefs-gen/envoy/config/tap/v3/common.upbdefs.o -fvisibility=hidden -fno-wrapv -fno-exceptions -pthread
      g++ -fno-strict-overflow -Wsign-compare -DNDEBUG -g -O3 -Wall -fPIC -D_WIN32_WINNT=1536 -DGRPC_XDS_USER_AGENT_NAME_SUFFIX=\"Python\" -DGRPC_XDS_USER_AGENT_VERSION_SUFFIX=\"1.79.0.dev0\" -DHAVE_CONFIG_H=1 -DGRPC_ENABLE_FORK_SUPPORT=1 -DGRPC_ENABLE_FORK_SUPPORT_DEFAULT=false -DGRPC_PYTHON_BUILD=1 -D__STDC_FORMAT_MACROS "-DPyMODINIT_FUNC=extern \"C\" __attribute__((visibility (\"default\"))) PyObject*" -DGRPC_POSIX_FORK_ALLOW_PTHREAD_ATFORK=1 -Isrc/python/grpcio -Iinclude -I. -Ithird_party/abseil-cpp -Ithird_party/address_sorting/include -Ithird_party/cares/cares/include -Ithird_party/cares -Ithird_party/cares/cares -Ithird_party/cares/cares/src/lib/include -Ithird_party/cares/cares/src/lib -Ithird_party/cares/config_linux -Ithird_party/re2 -Ithird_party/boringssl-with-bazel/src/include -Ithird_party/upb -Isrc/core/ext/upb-gen -Isrc/core/ext/upbdefs-gen -Ithird_party/utf8_range -Ithird_party/xxhash -Ithird_party/zlib -I/usr/local/google/home/ssreenithi/.pyenv/versions/3.12.0/envs/pyvenv_312/include -I/usr/local/google/home/ssreenithi/.pyenv/versions/3.12.0/include/python3.12 -c src/core/lib/event_engine/windows/windows_listener.cc -o pyb/temp.linux-x86_64-cpython-312/src/core/lib/event_engine/windows/windows_listener.o -std=c++17 -fvisibility=hidden -fno-wrapv -fno-exceptions -pthread
      gcc -fno-strict-overflow -Wsign-compare -DNDEBUG -g -O3 -Wall -fPIC -D_WIN32_WINNT=1536 -DGRPC_XDS_USER_AGENT_NAME_SUFFIX=\"Python\" -DGRPC_XDS_USER_AGENT_VERSION_SUFFIX=\"1.79.0.dev0\" -DHAVE_CONFIG_H=1 -DGRPC_ENABLE_FORK_SUPPORT=1 -DGRPC_ENABLE_FORK_SUPPORT_DEFAULT=false -DGRPC_PYTHON_BUILD=1 -D__STDC_FORMAT_MACROS "-DPyMODINIT_FUNC=extern \"C\" __attribute__((visibility (\"default\"))) PyObject*" -DGRPC_POSIX_FORK_ALLOW_PTHREAD_ATFORK=1 -Isrc/python/grpcio -Iinclude -I. -Ithird_party/abseil-cpp -Ithird_party/address_sorting/include -Ithird_party/cares/cares/include -Ithird_party/cares -Ithird_party/cares/cares -Ithird_party/cares/cares/src/lib/include -Ithird_party/cares/cares/src/lib -Ithird_party/cares/config_linux -Ithird_party/re2 -Ithird_party/boringssl-with-bazel/src/include -Ithird_party/upb -Isrc/core/ext/upb-gen -Isrc/core/ext/upbdefs-gen -Ithird_party/utf8_range -Ithird_party/xxhash -Ithird_party/zlib -I/usr/local/google/home/ssreenithi/.pyenv/versions/3.12.0/envs/pyvenv_312/include -I/usr/local/google/home/ssreenithi/.pyenv/versions/3.12.0/include/python3.12 -c src/core/ext/upbdefs-gen/xds/core/v3/resource_name.upbdefs.c -o pyb/temp.linux-x86_64-cpython-312/src/core/ext/upbdefs-gen/xds/core/v3/resource_name.upbdefs.o -fvisibility=hidden -fno-wrapv -fno-exceptions -pthread
      gcc -fno-strict-overflow -Wsign-compare -DNDEBUG -g -O3 -Wall -fPIC -D_WIN32_WINNT=1536 -DGRPC_XDS_USER_AGENT_NAME_SUFFIX=\"Python\" -DGRPC_XDS_USER_AGENT_VERSION_SUFFIX=\"1.79.0.dev0\" -DHAVE_CONFIG_H=1 -DGRPC_ENABLE_FORK_SUPPORT=1 -DGRPC_ENABLE_FORK_SUPPORT_DEFAULT=false -DGRPC_PYTHON_BUILD=1 -D__STDC_FORMAT_MACROS "-DPyMODINIT_FUNC=extern \"C\" __attribute__((visibility (\"default\"))) PyObject*" -DGRPC_POSIX_FORK_ALLOW_PTHREAD_ATFORK=1 -Isrc/python/grpcio -Iinclude -I. -Ithird_party/abseil-cpp -Ithird_party/address_sorting/include -Ithird_party/cares/cares/include -Ithird_party/cares -Ithird_party/cares/cares -Ithird_party/cares/cares/src/lib/include -Ithird_party/cares/cares/src/lib -Ithird_party/cares/config_linux -Ithird_party/re2 -Ithird_party/boringssl-with-bazel/src/include -Ithird_party/upb -Isrc/core/ext/upb-gen -Isrc/core/ext/upbdefs-gen -Ithird_party/utf8_range -Ithird_party/xxhash -Ithird_party/zlib -I/usr/local/google/home/ssreenithi/.pyenv/versions/3.12.0/envs/pyvenv_312/include -I/usr/local/google/home/ssreenithi/.pyenv/versions/3.12.0/include/python3.12 -c src/core/ext/upbdefs-gen/xds/type/matcher/v3/regex.upbdefs.c -o pyb/temp.linux-x86_64-cpython-312/src/core/ext/upbdefs-gen/xds/type/matcher/v3/regex.upbdefs.o -fvisibility=hidden -fno-wrapv -fno-exceptions -pthread
      gcc -fno-strict-overflow -Wsign-compare -DNDEBUG -g -O3 -Wall -fPIC -D_WIN32_WINNT=1536 -DGRPC_XDS_USER_AGENT_NAME_SUFFIX=\"Python\" -DGRPC_XDS_USER_AGENT_VERSION_SUFFIX=\"1.79.0.dev0\" -DHAVE_CONFIG_H=1 -DGRPC_ENABLE_FORK_SUPPORT=1 -DGRPC_ENABLE_FORK_SUPPORT_DEFAULT=false -DGRPC_PYTHON_BUILD=1 -D__STDC_FORMAT_MACROS "-DPyMODINIT_FUNC=extern \"C\" __attribute__((visibility (\"default\"))) PyObject*" -DGRPC_POSIX_FORK_ALLOW_PTHREAD_ATFORK=1 -Isrc/python/grpcio -Iinclude -I. -Ithird_party/abseil-cpp -Ithird_party/address_sorting/include -Ithird_party/cares/cares/include -Ithird_party/cares -Ithird_party/cares/cares -Ithird_party/cares/cares/src/lib/include -Ithird_party/cares/cares/src/lib -Ithird_party/cares/config_linux -Ithird_party/re2 -Ithird_party/boringssl-with-bazel/src/include -Ithird_party/upb -Isrc/core/ext/upb-gen -Isrc/core/ext/upbdefs-gen -Ithird_party/utf8_range -Ithird_party/xxhash -Ithird_party/zlib -I/usr/local/google/home/ssreenithi/.pyenv/versions/3.12.0/envs/pyvenv_312/include -I/usr/local/google/home/ssreenithi/.pyenv/versions/3.12.0/include/python3.12 -c src/core/ext/upbdefs-gen/envoy/extensions/filters/http/fault/v3/fault.upbdefs.c -o pyb/temp.linux-x86_64-cpython-312/src/core/ext/upbdefs-gen/envoy/extensions/filters/http/fault/v3/fault.upbdefs.o -fvisibility=hidden -fno-wrapv -fno-exceptions -pthread
      g++ -fno-strict-overflow -Wsign-compare -DNDEBUG -g -O3 -Wall -fPIC -D_WIN32_WINNT=1536 -DGRPC_XDS_USER_AGENT_NAME_SUFFIX=\"Python\" -DGRPC_XDS_USER_AGENT_VERSION_SUFFIX=\"1.79.0.dev0\" -DHAVE_CONFIG_H=1 -DGRPC_ENABLE_FORK_SUPPORT=1 -DGRPC_ENABLE_FORK_SUPPORT_DEFAULT=false -DGRPC_PYTHON_BUILD=1 -D__STDC_FORMAT_MACROS "-DPyMODINIT_FUNC=extern \"C\" __attribute__((visibility (\"default\"))) PyObject*" -DGRPC_POSIX_FORK_ALLOW_PTHREAD_ATFORK=1 -Isrc/python/grpcio -Iinclude -I. -Ithird_party/abseil-cpp -Ithird_party/address_sorting/include -Ithird_party/cares/cares/include -Ithird_party/cares -Ithird_party/cares/cares -Ithird_party/cares/cares/src/lib/include -Ithird_party/cares/cares/src/lib -Ithird_party/cares/config_linux -Ithird_party/re2 -Ithird_party/boringssl-with-bazel/src/include -Ithird_party/upb -Isrc/core/ext/upb-gen -Isrc/core/ext/upbdefs-gen -Ithird_party/utf8_range -Ithird_party/xxhash -Ithird_party/zlib -I/usr/local/google/home/ssreenithi/.pyenv/versions/3.12.0/envs/pyvenv_312/include -I/usr/local/google/home/ssreenithi/.pyenv/versions/3.12.0/include/python3.12 -c src/core/lib/iomgr/iomgr_windows.cc -o pyb/temp.linux-x86_64-cpython-312/src/core/lib/iomgr/iomgr_windows.o -std=c++17 -fvisibility=hidden -fno-wrapv -fno-exceptions -pthread
      gcc -fno-strict-overflow -Wsign-compare -DNDEBUG -g -O3 -Wall -fPIC -D_WIN32_WINNT=1536 -DGRPC_XDS_USER_AGENT_NAME_SUFFIX=\"Python\" -DGRPC_XDS_USER_AGENT_VERSION_SUFFIX=\"1.79.0.dev0\" -DHAVE_CONFIG_H=1 -DGRPC_ENABLE_FORK_SUPPORT=1 -DGRPC_ENABLE_FORK_SUPPORT_DEFAULT=false -DGRPC_PYTHON_BUILD=1 -D__STDC_FORMAT_MACROS "-DPyMODINIT_FUNC=extern \"C\" __attribute__((visibility (\"default\"))) PyObject*" -DGRPC_POSIX_FORK_ALLOW_PTHREAD_ATFORK=1 -Isrc/python/grpcio -Iinclude -I. -Ithird_party/abseil-cpp -Ithird_party/address_sorting/include -Ithird_party/cares/cares/include -Ithird_party/cares -Ithird_party/cares/cares -Ithird_party/cares/cares/src/lib/include -Ithird_party/cares/cares/src/lib -Ithird_party/cares/config_linux -Ithird_party/re2 -Ithird_party/boringssl-with-bazel/src/include -Ithird_party/upb -Isrc/core/ext/upb-gen -Isrc/core/ext/upbdefs-gen -Ithird_party/utf8_range -Ithird_party/xxhash -Ithird_party/zlib -I/usr/local/google/home/ssreenithi/.pyenv/versions/3.12.0/envs/pyvenv_312/include -I/usr/local/google/home/ssreenithi/.pyenv/versions/3.12.0/include/python3.12 -c src/core/ext/upbdefs-gen/google/protobuf/struct.upbdefs.c -o pyb/temp.linux-x86_64-cpython-312/src/core/ext/upbdefs-gen/google/protobuf/struct.upbdefs.o -fvisibility=hidden -fno-wrapv -fno-exceptions -pthread
      gcc -fno-strict-overflow -Wsign-compare -DNDEBUG -g -O3 -Wall -fPIC -D_WIN32_WINNT=1536 -DGRPC_XDS_USER_AGENT_NAME_SUFFIX=\"Python\" -DGRPC_XDS_USER_AGENT_VERSION_SUFFIX=\"1.79.0.dev0\" -DHAVE_CONFIG_H=1 -DGRPC_ENABLE_FORK_SUPPORT=1 -DGRPC_ENABLE_FORK_SUPPORT_DEFAULT=false -DGRPC_PYTHON_BUILD=1 -D__STDC_FORMAT_MACROS "-DPyMODINIT_FUNC=extern \"C\" __attribute__((visibility (\"default\"))) PyObject*" -DGRPC_POSIX_FORK_ALLOW_PTHREAD_ATFORK=1 -Isrc/python/grpcio -Iinclude -I. -Ithird_party/abseil-cpp -Ithird_party/address_sorting/include -Ithird_party/cares/cares/include -Ithird_party/cares -Ithird_party/cares/cares -Ithird_party/cares/cares/src/lib/include -Ithird_party/cares/cares/src/lib -Ithird_party/cares/config_linux -Ithird_party/re2 -Ithird_party/boringssl-with-bazel/src/include -Ithird_party/upb -Isrc/core/ext/upb-gen -Isrc/core/ext/upbdefs-gen -Ithird_party/utf8_range -Ithird_party/xxhash -Ithird_party/zlib -I/usr/local/google/home/ssreenithi/.pyenv/versions/3.12.0/envs/pyvenv_312/include -I/usr/local/google/home/ssreenithi/.pyenv/versions/3.12.0/include/python3.12 -c src/core/ext/upbdefs-gen/xds/core/v3/authority.upbdefs.c -o pyb/temp.linux-x86_64-cpython-312/src/core/ext/upbdefs-gen/xds/core/v3/authority.upbdefs.o -fvisibility=hidden -fno-wrapv -fno-exceptions -pthread
      g++ -fno-strict-overflow -Wsign-compare -DNDEBUG -g -O3 -Wall -fPIC -D_WIN32_WINNT=1536 -DGRPC_XDS_USER_AGENT_NAME_SUFFIX=\"Python\" -DGRPC_XDS_USER_AGENT_VERSION_SUFFIX=\"1.79.0.dev0\" -DHAVE_CONFIG_H=1 -DGRPC_ENABLE_FORK_SUPPORT=1 -DGRPC_ENABLE_FORK_SUPPORT_DEFAULT=false -DGRPC_PYTHON_BUILD=1 -D__STDC_FORMAT_MACROS "-DPyMODINIT_FUNC=extern \"C\" __attribute__((visibility (\"default\"))) PyObject*" -DGRPC_POSIX_FORK_ALLOW_PTHREAD_ATFORK=1 -Isrc/python/grpcio -Iinclude -I. -Ithird_party/abseil-cpp -Ithird_party/address_sorting/include -Ithird_party/cares/cares/include -Ithird_party/cares -Ithird_party/cares/cares -Ithird_party/cares/cares/src/lib/include -Ithird_party/cares/cares/src/lib -Ithird_party/cares/config_linux -Ithird_party/re2 -Ithird_party/boringssl-with-bazel/src/include -Ithird_party/upb -Isrc/core/ext/upb-gen -Isrc/core/ext/upbdefs-gen -Ithird_party/utf8_range -Ithird_party/xxhash -Ithird_party/zlib -I/usr/local/google/home/ssreenithi/.pyenv/versions/3.12.0/envs/pyvenv_312/include -I/usr/local/google/home/ssreenithi/.pyenv/versions/3.12.0/include/python3.12 -c src/core/lib/event_engine/work_queue/basic_work_queue.cc -o pyb/temp.linux-x86_64-cpython-312/src/core/lib/event_engine/work_queue/basic_work_queue.o -std=c++17 -fvisibility=hidden -fno-wrapv -fno-exceptions -pthread
      g++ -fno-strict-overflow -Wsign-compare -DNDEBUG -g -O3 -Wall -fPIC -D_WIN32_WINNT=1536 -DGRPC_XDS_USER_AGENT_NAME_SUFFIX=\"Python\" -DGRPC_XDS_USER_AGENT_VERSION_SUFFIX=\"1.79.0.dev0\" -DHAVE_CONFIG_H=1 -DGRPC_ENABLE_FORK_SUPPORT=1 -DGRPC_ENABLE_FORK_SUPPORT_DEFAULT=false -DGRPC_PYTHON_BUILD=1 -D__STDC_FORMAT_MACROS "-DPyMODINIT_FUNC=extern \"C\" __attribute__((visibility (\"default\"))) PyObject*" -DGRPC_POSIX_FORK_ALLOW_PTHREAD_ATFORK=1 -Isrc/python/grpcio -Iinclude -I. -Ithird_party/abseil-cpp -Ithird_party/address_sorting/include -Ithird_party/cares/cares/include -Ithird_party/cares -Ithird_party/cares/cares -Ithird_party/cares/cares/src/lib/include -Ithird_party/cares/cares/src/lib -Ithird_party/cares/config_linux -Ithird_party/re2 -Ithird_party/boringssl-with-bazel/src/include -Ithird_party/upb -Isrc/core/ext/upb-gen -Isrc/core/ext/upbdefs-gen -Ithird_party/utf8_range -Ithird_party/xxhash -Ithird_party/zlib -I/usr/local/google/home/ssreenithi/.pyenv/versions/3.12.0/envs/pyvenv_312/include -I/usr/local/google/home/ssreenithi/.pyenv/versions/3.12.0/include/python3.12 -c src/core/lib/iomgr/resolve_address.cc -o pyb/temp.linux-x86_64-cpython-312/src/core/lib/iomgr/resolve_address.o -std=c++17 -fvisibility=hidden -fno-wrapv -fno-exceptions -pthread
      g++ -fno-strict-overflow -Wsign-compare -DNDEBUG -g -O3 -Wall -fPIC -D_WIN32_WINNT=1536 -DGRPC_XDS_USER_AGENT_NAME_SUFFIX=\"Python\" -DGRPC_XDS_USER_AGENT_VERSION_SUFFIX=\"1.79.0.dev0\" -DHAVE_CONFIG_H=1 -DGRPC_ENABLE_FORK_SUPPORT=1 -DGRPC_ENABLE_FORK_SUPPORT_DEFAULT=false -DGRPC_PYTHON_BUILD=1 -D__STDC_FORMAT_MACROS "-DPyMODINIT_FUNC=extern \"C\" __attribute__((visibility (\"default\"))) PyObject*" -DGRPC_POSIX_FORK_ALLOW_PTHREAD_ATFORK=1 -Isrc/python/grpcio -Iinclude -I. -Ithird_party/abseil-cpp -Ithird_party/address_sorting/include -Ithird_party/cares/cares/include -Ithird_party/cares -Ithird_party/cares/cares -Ithird_party/cares/cares/src/lib/include -Ithird_party/cares/cares/src/lib -Ithird_party/cares/config_linux -Ithird_party/re2 -Ithird_party/boringssl-with-bazel/src/include -Ithird_party/upb -Isrc/core/ext/upb-gen -Isrc/core/ext/upbdefs-gen -Ithird_party/utf8_range -Ithird_party/xxhash -Ithird_party/zlib -I/usr/local/google/home/ssreenithi/.pyenv/versions/3.12.0/envs/pyvenv_312/include -I/usr/local/google/home/ssreenithi/.pyenv/versions/3.12.0/include/python3.12 -c src/core/lib/iomgr/lockfree_event.cc -o pyb/temp.linux-x86_64-cpython-312/src/core/lib/iomgr/lockfree_event.o -std=c++17 -fvisibility=hidden -fno-wrapv -fno-exceptions -pthread
      g++ -fno-strict-overflow -Wsign-compare -DNDEBUG -g -O3 -Wall -fPIC -D_WIN32_WINNT=1536 -DGRPC_XDS_USER_AGENT_NAME_SUFFIX=\"Python\" -DGRPC_XDS_USER_AGENT_VERSION_SUFFIX=\"1.79.0.dev0\" -DHAVE_CONFIG_H=1 -DGRPC_ENABLE_FORK_SUPPORT=1 -DGRPC_ENABLE_FORK_SUPPORT_DEFAULT=false -DGRPC_PYTHON_BUILD=1 -D__STDC_FORMAT_MACROS "-DPyMODINIT_FUNC=extern \"C\" __attribute__((visibility (\"default\"))) PyObject*" -DGRPC_POSIX_FORK_ALLOW_PTHREAD_ATFORK=1 -Isrc/python/grpcio -Iinclude -I. -Ithird_party/abseil-cpp -Ithird_party/address_sorting/include -Ithird_party/cares/cares/include -Ithird_party/cares -Ithird_party/cares/cares -Ithird_party/cares/cares/src/lib/include -Ithird_party/cares/cares/src/lib -Ithird_party/cares/config_linux -Ithird_party/re2 -Ithird_party/boringssl-with-bazel/src/include -Ithird_party/upb -Isrc/core/ext/upb-gen -Isrc/core/ext/upbdefs-gen -Ithird_party/utf8_range -Ithird_party/xxhash -Ithird_party/zlib -I/usr/local/google/home/ssreenithi/.pyenv/versions/3.12.0/envs/pyvenv_312/include -I/usr/local/google/home/ssreenithi/.pyenv/versions/3.12.0/include/python3.12 -c src/core/lib/iomgr/socket_utils_linux.cc -o pyb/temp.linux-x86_64-cpython-312/src/core/lib/iomgr/socket_utils_linux.o -std=c++17 -fvisibility=hidden -fno-wrapv -fno-exceptions -pthread
      g++ -fno-strict-overflow -Wsign-compare -DNDEBUG -g -O3 -Wall -fPIC -D_WIN32_WINNT=1536 -DGRPC_XDS_USER_AGENT_NAME_SUFFIX=\"Python\" -DGRPC_XDS_USER_AGENT_VERSION_SUFFIX=\"1.79.0.dev0\" -DHAVE_CONFIG_H=1 -DGRPC_ENABLE_FORK_SUPPORT=1 -DGRPC_ENABLE_FORK_SUPPORT_DEFAULT=false -DGRPC_PYTHON_BUILD=1 -D__STDC_FORMAT_MACROS "-DPyMODINIT_FUNC=extern \"C\" __attribute__((visibility (\"default\"))) PyObject*" -DGRPC_POSIX_FORK_ALLOW_PTHREAD_ATFORK=1 -Isrc/python/grpcio -Iinclude -I. -Ithird_party/abseil-cpp -Ithird_party/address_sorting/include -Ithird_party/cares/cares/include -Ithird_party/cares -Ithird_party/cares/cares -Ithird_party/cares/cares/src/lib/include -Ithird_party/cares/cares/src/lib -Ithird_party/cares/config_linux -Ithird_party/re2 -Ithird_party/boringssl-with-bazel/src/include -Ithird_party/upb -Isrc/core/ext/upb-gen -Isrc/core/ext/upbdefs-gen -Ithird_party/utf8_range -Ithird_party/xxhash -Ithird_party/zlib -I/usr/local/google/home/ssreenithi/.pyenv/versions/3.12.0/envs/pyvenv_312/include -I/usr/local/google/home/ssreenithi/.pyenv/versions/3.12.0/include/python3.12 -c src/core/lib/iomgr/tcp_client_posix.cc -o pyb/temp.linux-x86_64-cpython-312/src/core/lib/iomgr/tcp_client_posix.o -std=c++17 -fvisibility=hidden -fno-wrapv -fno-exceptions -pthread
      g++ -fno-strict-overflow -Wsign-compare -DNDEBUG -g -O3 -Wall -fPIC -D_WIN32_WINNT=1536 -DGRPC_XDS_USER_AGENT_NAME_SUFFIX=\"Python\" -DGRPC_XDS_USER_AGENT_VERSION_SUFFIX=\"1.79.0.dev0\" -DHAVE_CONFIG_H=1 -DGRPC_ENABLE_FORK_SUPPORT=1 -DGRPC_ENABLE_FORK_SUPPORT_DEFAULT=false -DGRPC_PYTHON_BUILD=1 -D__STDC_FORMAT_MACROS "-DPyMODINIT_FUNC=extern \"C\" __attribute__((visibility (\"default\"))) PyObject*" -DGRPC_POSIX_FORK_ALLOW_PTHREAD_ATFORK=1 -Isrc/python/grpcio -Iinclude -I. -Ithird_party/abseil-cpp -Ithird_party/address_sorting/include -Ithird_party/cares/cares/include -Ithird_party/cares -Ithird_party/cares/cares -Ithird_party/cares/cares/src/lib/include -Ithird_party/cares/cares/src/lib -Ithird_party/cares/config_linux -Ithird_party/re2 -Ithird_party/boringssl-with-bazel/src/include -Ithird_party/upb -Isrc/core/ext/upb-gen -Isrc/core/ext/upbdefs-gen -Ithird_party/utf8_range -Ithird_party/xxhash -Ithird_party/zlib -I/usr/local/google/home/ssreenithi/.pyenv/versions/3.12.0/envs/pyvenv_312/include -I/usr/local/google/home/ssreenithi/.pyenv/versions/3.12.0/include/python3.12 -c src/core/lib/iomgr/tcp_server_utils_posix_noifaddrs.cc -o pyb/temp.linux-x86_64-cpython-312/src/core/lib/iomgr/tcp_server_utils_posix_noifaddrs.o -std=c++17 -fvisibility=hidden -fno-wrapv -fno-exceptions -pthread
      gcc -fno-strict-overflow -Wsign-compare -DNDEBUG -g -O3 -Wall -fPIC -D_WIN32_WINNT=1536 -DGRPC_XDS_USER_AGENT_NAME_SUFFIX=\"Python\" -DGRPC_XDS_USER_AGENT_VERSION_SUFFIX=\"1.79.0.dev0\" -DHAVE_CONFIG_H=1 -DGRPC_ENABLE_FORK_SUPPORT=1 -DGRPC_ENABLE_FORK_SUPPORT_DEFAULT=false -DGRPC_PYTHON_BUILD=1 -D__STDC_FORMAT_MACROS "-DPyMODINIT_FUNC=extern \"C\" __attribute__((visibility (\"default\"))) PyObject*" -DGRPC_POSIX_FORK_ALLOW_PTHREAD_ATFORK=1 -Isrc/python/grpcio -Iinclude -I. -Ithird_party/abseil-cpp -Ithird_party/address_sorting/include -Ithird_party/cares/cares/include -Ithird_party/cares -Ithird_party/cares/cares -Ithird_party/cares/cares/src/lib/include -Ithird_party/cares/cares/src/lib -Ithird_party/cares/config_linux -Ithird_party/re2 -Ithird_party/boringssl-with-bazel/src/include -Ithird_party/upb -Isrc/core/ext/upb-gen -Isrc/core/ext/upbdefs-gen -Ithird_party/utf8_range -Ithird_party/xxhash -Ithird_party/zlib -I/usr/local/google/home/ssreenithi/.pyenv/versions/3.12.0/envs/pyvenv_312/include -I/usr/local/google/home/ssreenithi/.pyenv/versions/3.12.0/include/python3.12 -c src/core/ext/upbdefs-gen/envoy/type/v3/ratelimit_strategy.upbdefs.c -o pyb/temp.linux-x86_64-cpython-312/src/core/ext/upbdefs-gen/envoy/type/v3/ratelimit_strategy.upbdefs.o -fvisibility=hidden -fno-wrapv -fno-exceptions -pthread
      gcc -fno-strict-overflow -Wsign-compare -DNDEBUG -g -O3 -Wall -fPIC -D_WIN32_WINNT=1536 -DGRPC_XDS_USER_AGENT_NAME_SUFFIX=\"Python\" -DGRPC_XDS_USER_AGENT_VERSION_SUFFIX=\"1.79.0.dev0\" -DHAVE_CONFIG_H=1 -DGRPC_ENABLE_FORK_SUPPORT=1 -DGRPC_ENABLE_FORK_SUPPORT_DEFAULT=false -DGRPC_PYTHON_BUILD=1 -D__STDC_FORMAT_MACROS "-DPyMODINIT_FUNC=extern \"C\" __attribute__((visibility (\"default\"))) PyObject*" -DGRPC_POSIX_FORK_ALLOW_PTHREAD_ATFORK=1 -Isrc/python/grpcio -Iinclude -I. -Ithird_party/abseil-cpp -Ithird_party/address_sorting/include -Ithird_party/cares/cares/include -Ithird_party/cares -Ithird_party/cares/cares -Ithird_party/cares/cares/src/lib/include -Ithird_party/cares/cares/src/lib -Ithird_party/cares/config_linux -Ithird_party/re2 -Ithird_party/boringssl-with-bazel/src/include -Ithird_party/upb -Isrc/core/ext/upb-gen -Isrc/core/ext/upbdefs-gen -Ithird_party/utf8_range -Ithird_party/xxhash -Ithird_party/zlib -I/usr/local/google/home/ssreenithi/.pyenv/versions/3.12.0/envs/pyvenv_312/include -I/usr/local/google/home/ssreenithi/.pyenv/versions/3.12.0/include/python3.12 -c src/core/ext/upbdefs-gen/envoy/type/metadata/v3/metadata.upbdefs.c -o pyb/temp.linux-x86_64-cpython-312/src/core/ext/upbdefs-gen/envoy/type/metadata/v3/metadata.upbdefs.o -fvisibility=hidden -fno-wrapv -fno-exceptions -pthread
      g++ -fno-strict-overflow -Wsign-compare -DNDEBUG -g -O3 -Wall -fPIC -D_WIN32_WINNT=1536 -DGRPC_XDS_USER_AGENT_NAME_SUFFIX=\"Python\" -DGRPC_XDS_USER_AGENT_VERSION_SUFFIX=\"1.79.0.dev0\" -DHAVE_CONFIG_H=1 -DGRPC_ENABLE_FORK_SUPPORT=1 -DGRPC_ENABLE_FORK_SUPPORT_DEFAULT=false -DGRPC_PYTHON_BUILD=1 -D__STDC_FORMAT_MACROS "-DPyMODINIT_FUNC=extern \"C\" __attribute__((visibility (\"default\"))) PyObject*" -DGRPC_POSIX_FORK_ALLOW_PTHREAD_ATFORK=1 -Isrc/python/grpcio -Iinclude -I. -Ithird_party/abseil-cpp -Ithird_party/address_sorting/include -Ithird_party/cares/cares/include -Ithird_party/cares -Ithird_party/cares/cares -Ithird_party/cares/cares/src/lib/include -Ithird_party/cares/cares/src/lib -Ithird_party/cares/config_linux -Ithird_party/re2 -Ithird_party/boringssl-with-bazel/src/include -Ithird_party/upb -Isrc/core/ext/upb-gen -Isrc/core/ext/upbdefs-gen -Ithird_party/utf8_range -Ithird_party/xxhash -Ithird_party/zlib -I/usr/local/google/home/ssreenithi/.pyenv/versions/3.12.0/envs/pyvenv_312/include -I/usr/local/google/home/ssreenithi/.pyenv/versions/3.12.0/include/python3.12 -c src/core/lib/iomgr/unix_sockets_posix.cc -o pyb/temp.linux-x86_64-cpython-312/src/core/lib/iomgr/unix_sockets_posix.o -std=c++17 -fvisibility=hidden -fno-wrapv -fno-exceptions -pthread
      g++ -fno-strict-overflow -Wsign-compare -DNDEBUG -g -O3 -Wall -fPIC -D_WIN32_WINNT=1536 -DGRPC_XDS_USER_AGENT_NAME_SUFFIX=\"Python\" -DGRPC_XDS_USER_AGENT_VERSION_SUFFIX=\"1.79.0.dev0\" -DHAVE_CONFIG_H=1 -DGRPC_ENABLE_FORK_SUPPORT=1 -DGRPC_ENABLE_FORK_SUPPORT_DEFAULT=false -DGRPC_PYTHON_BUILD=1 -D__STDC_FORMAT_MACROS "-DPyMODINIT_FUNC=extern \"C\" __attribute__((visibility (\"default\"))) PyObject*" -DGRPC_POSIX_FORK_ALLOW_PTHREAD_ATFORK=1 -Isrc/python/grpcio -Iinclude -I. -Ithird_party/abseil-cpp -Ithird_party/address_sorting/include -Ithird_party/cares/cares/include -Ithird_party/cares -Ithird_party/cares/cares -Ithird_party/cares/cares/src/lib/include -Ithird_party/cares/cares/src/lib -Ithird_party/cares/config_linux -Ithird_party/re2 -Ithird_party/boringssl-with-bazel/src/include -Ithird_party/upb -Isrc/core/ext/upb-gen -Isrc/core/ext/upbdefs-gen -Ithird_party/utf8_range -Ithird_party/xxhash -Ithird_party/zlib -I/usr/local/google/home/ssreenithi/.pyenv/versions/3.12.0/envs/pyvenv_312/include -I/usr/local/google/home/ssreenithi/.pyenv/versions/3.12.0/include/python3.12 -c src/core/lib/promise/activity.cc -o pyb/temp.linux-x86_64-cpython-312/src/core/lib/promise/activity.o -std=c++17 -fvisibility=hidden -fno-wrapv -fno-exceptions -pthread
      gcc -fno-strict-overflow -Wsign-compare -DNDEBUG -g -O3 -Wall -fPIC -D_WIN32_WINNT=1536 -DGRPC_XDS_USER_AGENT_NAME_SUFFIX=\"Python\" -DGRPC_XDS_USER_AGENT_VERSION_SUFFIX=\"1.79.0.dev0\" -DHAVE_CONFIG_H=1 -DGRPC_ENABLE_FORK_SUPPORT=1 -DGRPC_ENABLE_FORK_SUPPORT_DEFAULT=false -DGRPC_PYTHON_BUILD=1 -D__STDC_FORMAT_MACROS "-DPyMODINIT_FUNC=extern \"C\" __attribute__((visibility (\"default\"))) PyObject*" -DGRPC_POSIX_FORK_ALLOW_PTHREAD_ATFORK=1 -Isrc/python/grpcio -Iinclude -I. -Ithird_party/abseil-cpp -Ithird_party/address_sorting/include -Ithird_party/cares/cares/include -Ithird_party/cares -Ithird_party/cares/cares -Ithird_party/cares/cares/src/lib/include -Ithird_party/cares/cares/src/lib -Ithird_party/cares/config_linux -Ithird_party/re2 -Ithird_party/boringssl-with-bazel/src/include -Ithird_party/upb -Isrc/core/ext/upb-gen -Isrc/core/ext/upbdefs-gen -Ithird_party/utf8_range -Ithird_party/xxhash -Ithird_party/zlib -I/usr/local/google/home/ssreenithi/.pyenv/versions/3.12.0/envs/pyvenv_312/include -I/usr/local/google/home/ssreenithi/.pyenv/versions/3.12.0/include/python3.12 -c src/core/ext/upbdefs-gen/envoy/type/matcher/v3/filter_state.upbdefs.c -o pyb/temp.linux-x86_64-cpython-312/src/core/ext/upbdefs-gen/envoy/type/matcher/v3/filter_state.upbdefs.o -fvisibility=hidden -fno-wrapv -fno-exceptions -pthread
      g++ -fno-strict-overflow -Wsign-compare -DNDEBUG -g -O3 -Wall -fPIC -D_WIN32_WINNT=1536 -DGRPC_XDS_USER_AGENT_NAME_SUFFIX=\"Python\" -DGRPC_XDS_USER_AGENT_VERSION_SUFFIX=\"1.79.0.dev0\" -DHAVE_CONFIG_H=1 -DGRPC_ENABLE_FORK_SUPPORT=1 -DGRPC_ENABLE_FORK_SUPPORT_DEFAULT=false -DGRPC_PYTHON_BUILD=1 -D__STDC_FORMAT_MACROS "-DPyMODINIT_FUNC=extern \"C\" __attribute__((visibility (\"default\"))) PyObject*" -DGRPC_POSIX_FORK_ALLOW_PTHREAD_ATFORK=1 -Isrc/python/grpcio -Iinclude -I. -Ithird_party/abseil-cpp -Ithird_party/address_sorting/include -Ithird_party/cares/cares/include -Ithird_party/cares -Ithird_party/cares/cares -Ithird_party/cares/cares/src/lib/include -Ithird_party/cares/cares/src/lib -Ithird_party/cares/config_linux -Ithird_party/re2 -Ithird_party/boringssl-with-bazel/src/include -Ithird_party/upb -Isrc/core/ext/upb-gen -Isrc/core/ext/upbdefs-gen -Ithird_party/utf8_range -Ithird_party/xxhash -Ithird_party/zlib -I/usr/local/google/home/ssreenithi/.pyenv/versions/3.12.0/envs/pyvenv_312/include -I/usr/local/google/home/ssreenithi/.pyenv/versions/3.12.0/include/python3.12 -c src/core/lib/resource_quota/connection_quota.cc -o pyb/temp.linux-x86_64-cpython-312/src/core/lib/resource_quota/connection_quota.o -std=c++17 -fvisibility=hidden -fno-wrapv -fno-exceptions -pthread
      g++ -fno-strict-overflow -Wsign-compare -DNDEBUG -g -O3 -Wall -fPIC -D_WIN32_WINNT=1536 -DGRPC_XDS_USER_AGENT_NAME_SUFFIX=\"Python\" -DGRPC_XDS_USER_AGENT_VERSION_SUFFIX=\"1.79.0.dev0\" -DHAVE_CONFIG_H=1 -DGRPC_ENABLE_FORK_SUPPORT=1 -DGRPC_ENABLE_FORK_SUPPORT_DEFAULT=false -DGRPC_PYTHON_BUILD=1 -D__STDC_FORMAT_MACROS "-DPyMODINIT_FUNC=extern \"C\" __attribute__((visibility (\"default\"))) PyObject*" -DGRPC_POSIX_FORK_ALLOW_PTHREAD_ATFORK=1 -Isrc/python/grpcio -Iinclude -I. -Ithird_party/abseil-cpp -Ithird_party/address_sorting/include -Ithird_party/cares/cares/include -Ithird_party/cares -Ithird_party/cares/cares -Ithird_party/cares/cares/src/lib/include -Ithird_party/cares/cares/src/lib -Ithird_party/cares/config_linux -Ithird_party/re2 -Ithird_party/boringssl-with-bazel/src/include -Ithird_party/upb -Isrc/core/ext/upb-gen -Isrc/core/ext/upbdefs-gen -Ithird_party/utf8_range -Ithird_party/xxhash -Ithird_party/zlib -I/usr/local/google/home/ssreenithi/.pyenv/versions/3.12.0/envs/pyvenv_312/include -I/usr/local/google/home/ssreenithi/.pyenv/versions/3.12.0/include/python3.12 -c src/core/lib/security/authorization/audit_logging.cc -o pyb/temp.linux-x86_64-cpython-312/src/core/lib/security/authorization/audit_logging.o -std=c++17 -fvisibility=hidden -fno-wrapv -fno-exceptions -pthread
      g++ -fno-strict-overflow -Wsign-compare -DNDEBUG -g -O3 -Wall -fPIC -D_WIN32_WINNT=1536 -DGRPC_XDS_USER_AGENT_NAME_SUFFIX=\"Python\" -DGRPC_XDS_USER_AGENT_VERSION_SUFFIX=\"1.79.0.dev0\" -DHAVE_CONFIG_H=1 -DGRPC_ENABLE_FORK_SUPPORT=1 -DGRPC_ENABLE_FORK_SUPPORT_DEFAULT=false -DGRPC_PYTHON_BUILD=1 -D__STDC_FORMAT_MACROS "-DPyMODINIT_FUNC=extern \"C\" __attribute__((visibility (\"default\"))) PyObject*" -DGRPC_POSIX_FORK_ALLOW_PTHREAD_ATFORK=1 -Isrc/python/grpcio -Iinclude -I. -Ithird_party/abseil-cpp -Ithird_party/address_sorting/include -Ithird_party/cares/cares/include -Ithird_party/cares -Ithird_party/cares/cares -Ithird_party/cares/cares/src/lib/include -Ithird_party/cares/cares/src/lib -Ithird_party/cares/config_linux -Ithird_party/re2 -Ithird_party/boringssl-with-bazel/src/include -Ithird_party/upb -Isrc/core/ext/upb-gen -Isrc/core/ext/upbdefs-gen -Ithird_party/utf8_range -Ithird_party/xxhash -Ithird_party/zlib -I/usr/local/google/home/ssreenithi/.pyenv/versions/3.12.0/envs/pyvenv_312/include -I/usr/local/google/home/ssreenithi/.pyenv/versions/3.12.0/include/python3.12 -c src/core/lib/security/authorization/stdout_logger.cc -o pyb/temp.linux-x86_64-cpython-312/src/core/lib/security/authorization/stdout_logger.o -std=c++17 -fvisibility=hidden -fno-wrapv -fno-exceptions -pthread
      g++ -fno-strict-overflow -Wsign-compare -DNDEBUG -g -O3 -Wall -fPIC -D_WIN32_WINNT=1536 -DGRPC_XDS_USER_AGENT_NAME_SUFFIX=\"Python\" -DGRPC_XDS_USER_AGENT_VERSION_SUFFIX=\"1.79.0.dev0\" -DHAVE_CONFIG_H=1 -DGRPC_ENABLE_FORK_SUPPORT=1 -DGRPC_ENABLE_FORK_SUPPORT_DEFAULT=false -DGRPC_PYTHON_BUILD=1 -D__STDC_FORMAT_MACROS "-DPyMODINIT_FUNC=extern \"C\" __attribute__((visibility (\"default\"))) PyObject*" -DGRPC_POSIX_FORK_ALLOW_PTHREAD_ATFORK=1 -Isrc/python/grpcio -Iinclude -I. -Ithird_party/abseil-cpp -Ithird_party/address_sorting/include -Ithird_party/cares/cares/include -Ithird_party/cares -Ithird_party/cares/cares -Ithird_party/cares/cares/src/lib/include -Ithird_party/cares/cares/src/lib -Ithird_party/cares/config_linux -Ithird_party/re2 -Ithird_party/boringssl-with-bazel/src/include -Ithird_party/upb -Isrc/core/ext/upb-gen -Isrc/core/ext/upbdefs-gen -Ithird_party/utf8_range -Ithird_party/xxhash -Ithird_party/zlib -I/usr/local/google/home/ssreenithi/.pyenv/versions/3.12.0/envs/pyvenv_312/include -I/usr/local/google/home/ssreenithi/.pyenv/versions/3.12.0/include/python3.12 -c src/core/lib/iomgr/tcp_server_windows.cc -o pyb/temp.linux-x86_64-cpython-312/src/core/lib/iomgr/tcp_server_windows.o -std=c++17 -fvisibility=hidden -fno-wrapv -fno-exceptions -pthread
      gcc -fno-strict-overflow -Wsign-compare -DNDEBUG -g -O3 -Wall -fPIC -D_WIN32_WINNT=1536 -DGRPC_XDS_USER_AGENT_NAME_SUFFIX=\"Python\" -DGRPC_XDS_USER_AGENT_VERSION_SUFFIX=\"1.79.0.dev0\" -DHAVE_CONFIG_H=1 -DGRPC_ENABLE_FORK_SUPPORT=1 -DGRPC_ENABLE_FORK_SUPPORT_DEFAULT=false -DGRPC_PYTHON_BUILD=1 -D__STDC_FORMAT_MACROS "-DPyMODINIT_FUNC=extern \"C\" __attribute__((visibility (\"default\"))) PyObject*" -DGRPC_POSIX_FORK_ALLOW_PTHREAD_ATFORK=1 -Isrc/python/grpcio -Iinclude -I. -Ithird_party/abseil-cpp -Ithird_party/address_sorting/include -Ithird_party/cares/cares/include -Ithird_party/cares -Ithird_party/cares/cares -Ithird_party/cares/cares/src/lib/include -Ithird_party/cares/cares/src/lib -Ithird_party/cares/config_linux -Ithird_party/re2 -Ithird_party/boringssl-with-bazel/src/include -Ithird_party/upb -Isrc/core/ext/upb-gen -Isrc/core/ext/upbdefs-gen -Ithird_party/utf8_range -Ithird_party/xxhash -Ithird_party/zlib -I/usr/local/google/home/ssreenithi/.pyenv/versions/3.12.0/envs/pyvenv_312/include -I/usr/local/google/home/ssreenithi/.pyenv/versions/3.12.0/include/python3.12 -c src/core/ext/upbdefs-gen/google/api/http.upbdefs.c -o pyb/temp.linux-x86_64-cpython-312/src/core/ext/upbdefs-gen/google/api/http.upbdefs.o -fvisibility=hidden -fno-wrapv -fno-exceptions -pthread
      g++ -fno-strict-overflow -Wsign-compare -DNDEBUG -g -O3 -Wall -fPIC -D_WIN32_WINNT=1536 -DGRPC_XDS_USER_AGENT_NAME_SUFFIX=\"Python\" -DGRPC_XDS_USER_AGENT_VERSION_SUFFIX=\"1.79.0.dev0\" -DHAVE_CONFIG_H=1 -DGRPC_ENABLE_FORK_SUPPORT=1 -DGRPC_ENABLE_FORK_SUPPORT_DEFAULT=false -DGRPC_PYTHON_BUILD=1 -D__STDC_FORMAT_MACROS "-DPyMODINIT_FUNC=extern \"C\" __attribute__((visibility (\"default\"))) PyObject*" -DGRPC_POSIX_FORK_ALLOW_PTHREAD_ATFORK=1 -Isrc/python/grpcio -Iinclude -I. -Ithird_party/abseil-cpp -Ithird_party/address_sorting/include -Ithird_party/cares/cares/include -Ithird_party/cares -Ithird_party/cares/cares -Ithird_party/cares/cares/src/lib/include -Ithird_party/cares/cares/src/lib -Ithird_party/cares/config_linux -Ithird_party/re2 -Ithird_party/boringssl-with-bazel/src/include -Ithird_party/upb -Isrc/core/ext/upb-gen -Isrc/core/ext/upbdefs-gen -Ithird_party/utf8_range -Ithird_party/xxhash -Ithird_party/zlib -I/usr/local/google/home/ssreenithi/.pyenv/versions/3.12.0/envs/pyvenv_312/include -I/usr/local/google/home/ssreenithi/.pyenv/versions/3.12.0/include/python3.12 -c src/core/lib/surface/call.cc -o pyb/temp.linux-x86_64-cpython-312/src/core/lib/surface/call.o -std=c++17 -fvisibility=hidden -fno-wrapv -fno-exceptions -pthread
      gcc -fno-strict-overflow -Wsign-compare -DNDEBUG -g -O3 -Wall -fPIC -D_WIN32_WINNT=1536 -DGRPC_XDS_USER_AGENT_NAME_SUFFIX=\"Python\" -DGRPC_XDS_USER_AGENT_VERSION_SUFFIX=\"1.79.0.dev0\" -DHAVE_CONFIG_H=1 -DGRPC_ENABLE_FORK_SUPPORT=1 -DGRPC_ENABLE_FORK_SUPPORT_DEFAULT=false -DGRPC_PYTHON_BUILD=1 -D__STDC_FORMAT_MACROS "-DPyMODINIT_FUNC=extern \"C\" __attribute__((visibility (\"default\"))) PyObject*" -DGRPC_POSIX_FORK_ALLOW_PTHREAD_ATFORK=1 -Isrc/python/grpcio -Iinclude -I. -Ithird_party/abseil-cpp -Ithird_party/address_sorting/include -Ithird_party/cares/cares/include -Ithird_party/cares -Ithird_party/cares/cares -Ithird_party/cares/cares/src/lib/include -Ithird_party/cares/cares/src/lib -Ithird_party/cares/config_linux -Ithird_party/re2 -Ithird_party/boringssl-with-bazel/src/include -Ithird_party/upb -Isrc/core/ext/upb-gen -Isrc/core/ext/upbdefs-gen -Ithird_party/utf8_range -Ithird_party/xxhash -Ithird_party/zlib -I/usr/local/google/home/ssreenithi/.pyenv/versions/3.12.0/envs/pyvenv_312/include -I/usr/local/google/home/ssreenithi/.pyenv/versions/3.12.0/include/python3.12 -c src/core/ext/upbdefs-gen/src/proto/grpc/channelz/v2/service.upbdefs.c -o pyb/temp.linux-x86_64-cpython-312/src/core/ext/upbdefs-gen/src/proto/grpc/channelz/v2/service.upbdefs.o -fvisibility=hidden -fno-wrapv -fno-exceptions -pthread
      gcc -fno-strict-overflow -Wsign-compare -DNDEBUG -g -O3 -Wall -fPIC -D_WIN32_WINNT=1536 -DGRPC_XDS_USER_AGENT_NAME_SUFFIX=\"Python\" -DGRPC_XDS_USER_AGENT_VERSION_SUFFIX=\"1.79.0.dev0\" -DHAVE_CONFIG_H=1 -DGRPC_ENABLE_FORK_SUPPORT=1 -DGRPC_ENABLE_FORK_SUPPORT_DEFAULT=false -DGRPC_PYTHON_BUILD=1 -D__STDC_FORMAT_MACROS "-DPyMODINIT_FUNC=extern \"C\" __attribute__((visibility (\"default\"))) PyObject*" -DGRPC_POSIX_FORK_ALLOW_PTHREAD_ATFORK=1 -Isrc/python/grpcio -Iinclude -I. -Ithird_party/abseil-cpp -Ithird_party/address_sorting/include -Ithird_party/cares/cares/include -Ithird_party/cares -Ithird_party/cares/cares -Ithird_party/cares/cares/src/lib/include -Ithird_party/cares/cares/src/lib -Ithird_party/cares/config_linux -Ithird_party/re2 -Ithird_party/boringssl-with-bazel/src/include -Ithird_party/upb -Isrc/core/ext/upb-gen -Isrc/core/ext/upbdefs-gen -Ithird_party/utf8_range -Ithird_party/xxhash -Ithird_party/zlib -I/usr/local/google/home/ssreenithi/.pyenv/versions/3.12.0/envs/pyvenv_312/include -I/usr/local/google/home/ssreenithi/.pyenv/versions/3.12.0/include/python3.12 -c src/core/ext/upbdefs-gen/validate/validate.upbdefs.c -o pyb/temp.linux-x86_64-cpython-312/src/core/ext/upbdefs-gen/validate/validate.upbdefs.o -fvisibility=hidden -fno-wrapv -fno-exceptions -pthread
      g++ -fno-strict-overflow -Wsign-compare -DNDEBUG -g -O3 -Wall -fPIC -D_WIN32_WINNT=1536 -DGRPC_XDS_USER_AGENT_NAME_SUFFIX=\"Python\" -DGRPC_XDS_USER_AGENT_VERSION_SUFFIX=\"1.79.0.dev0\" -DHAVE_CONFIG_H=1 -DGRPC_ENABLE_FORK_SUPPORT=1 -DGRPC_ENABLE_FORK_SUPPORT_DEFAULT=false -DGRPC_PYTHON_BUILD=1 -D__STDC_FORMAT_MACROS "-DPyMODINIT_FUNC=extern \"C\" __attribute__((visibility (\"default\"))) PyObject*" -DGRPC_POSIX_FORK_ALLOW_PTHREAD_ATFORK=1 -Isrc/python/grpcio -Iinclude -I. -Ithird_party/abseil-cpp -Ithird_party/address_sorting/include -Ithird_party/cares/cares/include -Ithird_party/cares -Ithird_party/cares/cares -Ithird_party/cares/cares/src/lib/include -Ithird_party/cares/cares/src/lib -Ithird_party/cares/config_linux -Ithird_party/re2 -Ithird_party/boringssl-with-bazel/src/include -Ithird_party/upb -Isrc/core/ext/upb-gen -Isrc/core/ext/upbdefs-gen -Ithird_party/utf8_range -Ithird_party/xxhash -Ithird_party/zlib -I/usr/local/google/home/ssreenithi/.pyenv/versions/3.12.0/envs/pyvenv_312/include -I/usr/local/google/home/ssreenithi/.pyenv/versions/3.12.0/include/python3.12 -c src/core/lib/surface/channel_stack_type.cc -o pyb/temp.linux-x86_64-cpython-312/src/core/lib/surface/channel_stack_type.o -std=c++17 -fvisibility=hidden -fno-wrapv -fno-exceptions -pthread
      g++ -fno-strict-overflow -Wsign-compare -DNDEBUG -g -O3 -Wall -fPIC -D_WIN32_WINNT=1536 -DGRPC_XDS_USER_AGENT_NAME_SUFFIX=\"Python\" -DGRPC_XDS_USER_AGENT_VERSION_SUFFIX=\"1.79.0.dev0\" -DHAVE_CONFIG_H=1 -DGRPC_ENABLE_FORK_SUPPORT=1 -DGRPC_ENABLE_FORK_SUPPORT_DEFAULT=false -DGRPC_PYTHON_BUILD=1 -D__STDC_FORMAT_MACROS "-DPyMODINIT_FUNC=extern \"C\" __attribute__((visibility (\"default\"))) PyObject*" -DGRPC_POSIX_FORK_ALLOW_PTHREAD_ATFORK=1 -Isrc/python/grpcio -Iinclude -I. -Ithird_party/abseil-cpp -Ithird_party/address_sorting/include -Ithird_party/cares/cares/include -Ithird_party/cares -Ithird_party/cares/cares -Ithird_party/cares/cares/src/lib/include -Ithird_party/cares/cares/src/lib -Ithird_party/cares/config_linux -Ithird_party/re2 -Ithird_party/boringssl-with-bazel/src/include -Ithird_party/upb -Isrc/core/ext/upb-gen -Isrc/core/ext/upbdefs-gen -Ithird_party/utf8_range -Ithird_party/xxhash -Ithird_party/zlib -I/usr/local/google/home/ssreenithi/.pyenv/versions/3.12.0/envs/pyvenv_312/include -I/usr/local/google/home/ssreenithi/.pyenv/versions/3.12.0/include/python3.12 -c src/core/client_channel/subchannel_stream_client.cc -o pyb/temp.linux-x86_64-cpython-312/src/core/client_channel/subchannel_stream_client.o -std=c++17 -fvisibility=hidden -fno-wrapv -fno-exceptions -pthread
      gcc -fno-strict-overflow -Wsign-compare -DNDEBUG -g -O3 -Wall -fPIC -D_WIN32_WINNT=1536 -DGRPC_XDS_USER_AGENT_NAME_SUFFIX=\"Python\" -DGRPC_XDS_USER_AGENT_VERSION_SUFFIX=\"1.79.0.dev0\" -DHAVE_CONFIG_H=1 -DGRPC_ENABLE_FORK_SUPPORT=1 -DGRPC_ENABLE_FORK_SUPPORT_DEFAULT=false -DGRPC_PYTHON_BUILD=1 -D__STDC_FORMAT_MACROS "-DPyMODINIT_FUNC=extern \"C\" __attribute__((visibility (\"default\"))) PyObject*" -DGRPC_POSIX_FORK_ALLOW_PTHREAD_ATFORK=1 -Isrc/python/grpcio -Iinclude -I. -Ithird_party/abseil-cpp -Ithird_party/address_sorting/include -Ithird_party/cares/cares/include -Ithird_party/cares -Ithird_party/cares/cares -Ithird_party/cares/cares/src/lib/include -Ithird_party/cares/cares/src/lib -Ithird_party/cares/config_linux -Ithird_party/re2 -Ithird_party/boringssl-with-bazel/src/include -Ithird_party/upb -Isrc/core/ext/upb-gen -Isrc/core/ext/upbdefs-gen -Ithird_party/utf8_range -Ithird_party/xxhash -Ithird_party/zlib -I/usr/local/google/home/ssreenithi/.pyenv/versions/3.12.0/envs/pyvenv_312/include -I/usr/local/google/home/ssreenithi/.pyenv/versions/3.12.0/include/python3.12 -c src/core/ext/upbdefs-gen/xds/type/matcher/v3/cel.upbdefs.c -o pyb/temp.linux-x86_64-cpython-312/src/core/ext/upbdefs-gen/xds/type/matcher/v3/cel.upbdefs.o -fvisibility=hidden -fno-wrapv -fno-exceptions -pthread
      gcc -fno-strict-overflow -Wsign-compare -DNDEBUG -g -O3 -Wall -fPIC -D_WIN32_WINNT=1536 -DGRPC_XDS_USER_AGENT_NAME_SUFFIX=\"Python\" -DGRPC_XDS_USER_AGENT_VERSION_SUFFIX=\"1.79.0.dev0\" -DHAVE_CONFIG_H=1 -DGRPC_ENABLE_FORK_SUPPORT=1 -DGRPC_ENABLE_FORK_SUPPORT_DEFAULT=false -DGRPC_PYTHON_BUILD=1 -D__STDC_FORMAT_MACROS "-DPyMODINIT_FUNC=extern \"C\" __attribute__((visibility (\"default\"))) PyObject*" -DGRPC_POSIX_FORK_ALLOW_PTHREAD_ATFORK=1 -Isrc/python/grpcio -Iinclude -I. -Ithird_party/abseil-cpp -Ithird_party/address_sorting/include -Ithird_party/cares/cares/include -Ithird_party/cares -Ithird_party/cares/cares -Ithird_party/cares/cares/src/lib/include -Ithird_party/cares/cares/src/lib -Ithird_party/cares/config_linux -Ithird_party/re2 -Ithird_party/boringssl-with-bazel/src/include -Ithird_party/upb -Isrc/core/ext/upb-gen -Isrc/core/ext/upbdefs-gen -Ithird_party/utf8_range -Ithird_party/xxhash -Ithird_party/zlib -I/usr/local/google/home/ssreenithi/.pyenv/versions/3.12.0/envs/pyvenv_312/include -I/usr/local/google/home/ssreenithi/.pyenv/versions/3.12.0/include/python3.12 -c src/core/ext/upbdefs-gen/google/protobuf/timestamp.upbdefs.c -o pyb/temp.linux-x86_64-cpython-312/src/core/ext/upbdefs-gen/google/protobuf/timestamp.upbdefs.o -fvisibility=hidden -fno-wrapv -fno-exceptions -pthread
      g++ -fno-strict-overflow -Wsign-compare -DNDEBUG -g -O3 -Wall -fPIC -D_WIN32_WINNT=1536 -DGRPC_XDS_USER_AGENT_NAME_SUFFIX=\"Python\" -DGRPC_XDS_USER_AGENT_VERSION_SUFFIX=\"1.79.0.dev0\" -DHAVE_CONFIG_H=1 -DGRPC_ENABLE_FORK_SUPPORT=1 -DGRPC_ENABLE_FORK_SUPPORT_DEFAULT=false -DGRPC_PYTHON_BUILD=1 -D__STDC_FORMAT_MACROS "-DPyMODINIT_FUNC=extern \"C\" __attribute__((visibility (\"default\"))) PyObject*" -DGRPC_POSIX_FORK_ALLOW_PTHREAD_ATFORK=1 -Isrc/python/grpcio -Iinclude -I. -Ithird_party/abseil-cpp -Ithird_party/address_sorting/include -Ithird_party/cares/cares/include -Ithird_party/cares -Ithird_party/cares/cares -Ithird_party/cares/cares/src/lib/include -Ithird_party/cares/cares/src/lib -Ithird_party/cares/config_linux -Ithird_party/re2 -Ithird_party/boringssl-with-bazel/src/include -Ithird_party/upb -Isrc/core/ext/upb-gen -Isrc/core/ext/upbdefs-gen -Ithird_party/utf8_range -Ithird_party/xxhash -Ithird_party/zlib -I/usr/local/google/home/ssreenithi/.pyenv/versions/3.12.0/envs/pyvenv_312/include -I/usr/local/google/home/ssreenithi/.pyenv/versions/3.12.0/include/python3.12 -c src/core/lib/surface/init_internally.cc -o pyb/temp.linux-x86_64-cpython-312/src/core/lib/surface/init_internally.o -std=c++17 -fvisibility=hidden -fno-wrapv -fno-exceptions -pthread
      g++ -fno-strict-overflow -Wsign-compare -DNDEBUG -g -O3 -Wall -fPIC -D_WIN32_WINNT=1536 -DGRPC_XDS_USER_AGENT_NAME_SUFFIX=\"Python\" -DGRPC_XDS_USER_AGENT_VERSION_SUFFIX=\"1.79.0.dev0\" -DHAVE_CONFIG_H=1 -DGRPC_ENABLE_FORK_SUPPORT=1 -DGRPC_ENABLE_FORK_SUPPORT_DEFAULT=false -DGRPC_PYTHON_BUILD=1 -D__STDC_FORMAT_MACROS "-DPyMODINIT_FUNC=extern \"C\" __attribute__((visibility (\"default\"))) PyObject*" -DGRPC_POSIX_FORK_ALLOW_PTHREAD_ATFORK=1 -Isrc/python/grpcio -Iinclude -I. -Ithird_party/abseil-cpp -Ithird_party/address_sorting/include -Ithird_party/cares/cares/include -Ithird_party/cares -Ithird_party/cares/cares -Ithird_party/cares/cares/src/lib/include -Ithird_party/cares/cares/src/lib -Ithird_party/cares/config_linux -Ithird_party/re2 -Ithird_party/boringssl-with-bazel/src/include -Ithird_party/upb -Isrc/core/ext/upb-gen -Isrc/core/ext/upbdefs-gen -Ithird_party/utf8_range -Ithird_party/xxhash -Ithird_party/zlib -I/usr/local/google/home/ssreenithi/.pyenv/versions/3.12.0/envs/pyvenv_312/include -I/usr/local/google/home/ssreenithi/.pyenv/versions/3.12.0/include/python3.12 -c src/core/lib/iomgr/tcp_windows.cc -o pyb/temp.linux-x86_64-cpython-312/src/core/lib/iomgr/tcp_windows.o -std=c++17 -fvisibility=hidden -fno-wrapv -fno-exceptions -pthread
      gcc -fno-strict-overflow -Wsign-compare -DNDEBUG -g -O3 -Wall -fPIC -D_WIN32_WINNT=1536 -DGRPC_XDS_USER_AGENT_NAME_SUFFIX=\"Python\" -DGRPC_XDS_USER_AGENT_VERSION_SUFFIX=\"1.79.0.dev0\" -DHAVE_CONFIG_H=1 -DGRPC_ENABLE_FORK_SUPPORT=1 -DGRPC_ENABLE_FORK_SUPPORT_DEFAULT=false -DGRPC_PYTHON_BUILD=1 -D__STDC_FORMAT_MACROS "-DPyMODINIT_FUNC=extern \"C\" __attribute__((visibility (\"default\"))) PyObject*" -DGRPC_POSIX_FORK_ALLOW_PTHREAD_ATFORK=1 -Isrc/python/grpcio -Iinclude -I. -Ithird_party/abseil-cpp -Ithird_party/address_sorting/include -Ithird_party/cares/cares/include -Ithird_party/cares -Ithird_party/cares/cares -Ithird_party/cares/cares/src/lib/include -Ithird_party/cares/cares/src/lib -Ithird_party/cares/config_linux -Ithird_party/re2 -Ithird_party/boringssl-with-bazel/src/include -Ithird_party/upb -Isrc/core/ext/upb-gen -Isrc/core/ext/upbdefs-gen -Ithird_party/utf8_range -Ithird_party/xxhash -Ithird_party/zlib -I/usr/local/google/home/ssreenithi/.pyenv/versions/3.12.0/envs/pyvenv_312/include -I/usr/local/google/home/ssreenithi/.pyenv/versions/3.12.0/include/python3.12 -c src/core/ext/upbdefs-gen/xds/type/matcher/v3/string.upbdefs.c -o pyb/temp.linux-x86_64-cpython-312/src/core/ext/upbdefs-gen/xds/type/matcher/v3/string.upbdefs.o -fvisibility=hidden -fno-wrapv -fno-exceptions -pthread
      gcc -fno-strict-overflow -Wsign-compare -DNDEBUG -g -O3 -Wall -fPIC -D_WIN32_WINNT=1536 -DGRPC_XDS_USER_AGENT_NAME_SUFFIX=\"Python\" -DGRPC_XDS_USER_AGENT_VERSION_SUFFIX=\"1.79.0.dev0\" -DHAVE_CONFIG_H=1 -DGRPC_ENABLE_FORK_SUPPORT=1 -DGRPC_ENABLE_FORK_SUPPORT_DEFAULT=false -DGRPC_PYTHON_BUILD=1 -D__STDC_FORMAT_MACROS "-DPyMODINIT_FUNC=extern \"C\" __attribute__((visibility (\"default\"))) PyObject*" -DGRPC_POSIX_FORK_ALLOW_PTHREAD_ATFORK=1 -Isrc/python/grpcio -Iinclude -I. -Ithird_party/abseil-cpp -Ithird_party/address_sorting/include -Ithird_party/cares/cares/include -Ithird_party/cares -Ithird_party/cares/cares -Ithird_party/cares/cares/src/lib/include -Ithird_party/cares/cares/src/lib -Ithird_party/cares/config_linux -Ithird_party/re2 -Ithird_party/boringssl-with-bazel/src/include -Ithird_party/upb -Isrc/core/ext/upb-gen -Isrc/core/ext/upbdefs-gen -Ithird_party/utf8_range -Ithird_party/xxhash -Ithird_party/zlib -I/usr/local/google/home/ssreenithi/.pyenv/versions/3.12.0/envs/pyvenv_312/include -I/usr/local/google/home/ssreenithi/.pyenv/versions/3.12.0/include/python3.12 -c src/core/ext/upbdefs-gen/xds/core/v3/cidr.upbdefs.c -o pyb/temp.linux-x86_64-cpython-312/src/core/ext/upbdefs-gen/xds/core/v3/cidr.upbdefs.o -fvisibility=hidden -fno-wrapv -fno-exceptions -pthread
      g++ -fno-strict-overflow -Wsign-compare -DNDEBUG -g -O3 -Wall -fPIC -D_WIN32_WINNT=1536 -DGRPC_XDS_USER_AGENT_NAME_SUFFIX=\"Python\" -DGRPC_XDS_USER_AGENT_VERSION_SUFFIX=\"1.79.0.dev0\" -DHAVE_CONFIG_H=1 -DGRPC_ENABLE_FORK_SUPPORT=1 -DGRPC_ENABLE_FORK_SUPPORT_DEFAULT=false -DGRPC_PYTHON_BUILD=1 -D__STDC_FORMAT_MACROS "-DPyMODINIT_FUNC=extern \"C\" __attribute__((visibility (\"default\"))) PyObject*" -DGRPC_POSIX_FORK_ALLOW_PTHREAD_ATFORK=1 -Isrc/python/grpcio -Iinclude -I. -Ithird_party/abseil-cpp -Ithird_party/address_sorting/include -Ithird_party/cares/cares/include -Ithird_party/cares -Ithird_party/cares/cares -Ithird_party/cares/cares/src/lib/include -Ithird_party/cares/cares/src/lib -Ithird_party/cares/config_linux -Ithird_party/re2 -Ithird_party/boringssl-with-bazel/src/include -Ithird_party/upb -Isrc/core/ext/upb-gen -Isrc/core/ext/upbdefs-gen -Ithird_party/utf8_range -Ithird_party/xxhash -Ithird_party/zlib -I/usr/local/google/home/ssreenithi/.pyenv/versions/3.12.0/envs/pyvenv_312/include -I/usr/local/google/home/ssreenithi/.pyenv/versions/3.12.0/include/python3.12 -c src/core/lib/surface/completion_queue.cc -o pyb/temp.linux-x86_64-cpython-312/src/core/lib/surface/completion_queue.o -std=c++17 -fvisibility=hidden -fno-wrapv -fno-exceptions -pthread
      g++ -fno-strict-overflow -Wsign-compare -DNDEBUG -g -O3 -Wall -fPIC -D_WIN32_WINNT=1536 -DGRPC_XDS_USER_AGENT_NAME_SUFFIX=\"Python\" -DGRPC_XDS_USER_AGENT_VERSION_SUFFIX=\"1.79.0.dev0\" -DHAVE_CONFIG_H=1 -DGRPC_ENABLE_FORK_SUPPORT=1 -DGRPC_ENABLE_FORK_SUPPORT_DEFAULT=false -DGRPC_PYTHON_BUILD=1 -D__STDC_FORMAT_MACROS "-DPyMODINIT_FUNC=extern \"C\" __attribute__((visibility (\"default\"))) PyObject*" -DGRPC_POSIX_FORK_ALLOW_PTHREAD_ATFORK=1 -Isrc/python/grpcio -Iinclude -I. -Ithird_party/abseil-cpp -Ithird_party/address_sorting/include -Ithird_party/cares/cares/include -Ithird_party/cares -Ithird_party/cares/cares -Ithird_party/cares/cares/src/lib/include -Ithird_party/cares/cares/src/lib -Ithird_party/cares/config_linux -Ithird_party/re2 -Ithird_party/boringssl-with-bazel/src/include -Ithird_party/upb -Isrc/core/ext/upb-gen -Isrc/core/ext/upbdefs-gen -Ithird_party/utf8_range -Ithird_party/xxhash -Ithird_party/zlib -I/usr/local/google/home/ssreenithi/.pyenv/versions/3.12.0/envs/pyvenv_312/include -I/usr/local/google/home/ssreenithi/.pyenv/versions/3.12.0/include/python3.12 -c src/core/lib/iomgr/timer.cc -o pyb/temp.linux-x86_64-cpython-312/src/core/lib/iomgr/timer.o -std=c++17 -fvisibility=hidden -fno-wrapv -fno-exceptions -pthread
      g++ -fno-strict-overflow -Wsign-compare -DNDEBUG -g -O3 -Wall -fPIC -D_WIN32_WINNT=1536 -DGRPC_XDS_USER_AGENT_NAME_SUFFIX=\"Python\" -DGRPC_XDS_USER_AGENT_VERSION_SUFFIX=\"1.79.0.dev0\" -DHAVE_CONFIG_H=1 -DGRPC_ENABLE_FORK_SUPPORT=1 -DGRPC_ENABLE_FORK_SUPPORT_DEFAULT=false -DGRPC_PYTHON_BUILD=1 -D__STDC_FORMAT_MACROS "-DPyMODINIT_FUNC=extern \"C\" __attribute__((visibility (\"default\"))) PyObject*" -DGRPC_POSIX_FORK_ALLOW_PTHREAD_ATFORK=1 -Isrc/python/grpcio -Iinclude -I. -Ithird_party/abseil-cpp -Ithird_party/address_sorting/include -Ithird_party/cares/cares/include -Ithird_party/cares -Ithird_party/cares/cares -Ithird_party/cares/cares/src/lib/include -Ithird_party/cares/cares/src/lib -Ithird_party/cares/config_linux -Ithird_party/re2 -Ithird_party/boringssl-with-bazel/src/include -Ithird_party/upb -Isrc/core/ext/upb-gen -Isrc/core/ext/upbdefs-gen -Ithird_party/utf8_range -Ithird_party/xxhash -Ithird_party/zlib -I/usr/local/google/home/ssreenithi/.pyenv/versions/3.12.0/envs/pyvenv_312/include -I/usr/local/google/home/ssreenithi/.pyenv/versions/3.12.0/include/python3.12 -c src/core/lib/surface/lame_client.cc -o pyb/temp.linux-x86_64-cpython-312/src/core/lib/surface/lame_client.o -std=c++17 -fvisibility=hidden -fno-wrapv -fno-exceptions -pthread
      gcc -fno-strict-overflow -Wsign-compare -DNDEBUG -g -O3 -Wall -fPIC -D_WIN32_WINNT=1536 -DGRPC_XDS_USER_AGENT_NAME_SUFFIX=\"Python\" -DGRPC_XDS_USER_AGENT_VERSION_SUFFIX=\"1.79.0.dev0\" -DHAVE_CONFIG_H=1 -DGRPC_ENABLE_FORK_SUPPORT=1 -DGRPC_ENABLE_FORK_SUPPORT_DEFAULT=false -DGRPC_PYTHON_BUILD=1 -D__STDC_FORMAT_MACROS "-DPyMODINIT_FUNC=extern \"C\" __attribute__((visibility (\"default\"))) PyObject*" -DGRPC_POSIX_FORK_ALLOW_PTHREAD_ATFORK=1 -Isrc/python/grpcio -Iinclude -I. -Ithird_party/abseil-cpp -Ithird_party/address_sorting/include -Ithird_party/cares/cares/include -Ithird_party/cares -Ithird_party/cares/cares -Ithird_party/cares/cares/src/lib/include -Ithird_party/cares/cares/src/lib -Ithird_party/cares/config_linux -Ithird_party/re2 -Ithird_party/boringssl-with-bazel/src/include -Ithird_party/upb -Isrc/core/ext/upb-gen -Isrc/core/ext/upbdefs-gen -Ithird_party/utf8_range -Ithird_party/xxhash -Ithird_party/zlib -I/usr/local/google/home/ssreenithi/.pyenv/versions/3.12.0/envs/pyvenv_312/include -I/usr/local/google/home/ssreenithi/.pyenv/versions/3.12.0/include/python3.12 -c src/core/ext/upbdefs-gen/envoy/type/tracing/v3/custom_tag.upbdefs.c -o pyb/temp.linux-x86_64-cpython-312/src/core/ext/upbdefs-gen/envoy/type/tracing/v3/custom_tag.upbdefs.o -fvisibility=hidden -fno-wrapv -fno-exceptions -pthread
      g++ -fno-strict-overflow -Wsign-compare -DNDEBUG -g -O3 -Wall -fPIC -D_WIN32_WINNT=1536 -DGRPC_XDS_USER_AGENT_NAME_SUFFIX=\"Python\" -DGRPC_XDS_USER_AGENT_VERSION_SUFFIX=\"1.79.0.dev0\" -DHAVE_CONFIG_H=1 -DGRPC_ENABLE_FORK_SUPPORT=1 -DGRPC_ENABLE_FORK_SUPPORT_DEFAULT=false -DGRPC_PYTHON_BUILD=1 -D__STDC_FORMAT_MACROS "-DPyMODINIT_FUNC=extern \"C\" __attribute__((visibility (\"default\"))) PyObject*" -DGRPC_POSIX_FORK_ALLOW_PTHREAD_ATFORK=1 -Isrc/python/grpcio -Iinclude -I. -Ithird_party/abseil-cpp -Ithird_party/address_sorting/include -Ithird_party/cares/cares/include -Ithird_party/cares -Ithird_party/cares/cares -Ithird_party/cares/cares/src/lib/include -Ithird_party/cares/cares/src/lib -Ithird_party/cares/config_linux -Ithird_party/re2 -Ithird_party/boringssl-with-bazel/src/include -Ithird_party/upb -Isrc/core/ext/upb-gen -Isrc/core/ext/upbdefs-gen -Ithird_party/utf8_range -Ithird_party/xxhash -Ithird_party/zlib -I/usr/local/google/home/ssreenithi/.pyenv/versions/3.12.0/envs/pyvenv_312/include -I/usr/local/google/home/ssreenithi/.pyenv/versions/3.12.0/include/python3.12 -c src/core/lib/transport/call_final_info.cc -o pyb/temp.linux-x86_64-cpython-312/src/core/lib/transport/call_final_info.o -std=c++17 -fvisibility=hidden -fno-wrapv -fno-exceptions -pthread
      gcc -fno-strict-overflow -Wsign-compare -DNDEBUG -g -O3 -Wall -fPIC -D_WIN32_WINNT=1536 -DGRPC_XDS_USER_AGENT_NAME_SUFFIX=\"Python\" -DGRPC_XDS_USER_AGENT_VERSION_SUFFIX=\"1.79.0.dev0\" -DHAVE_CONFIG_H=1 -DGRPC_ENABLE_FORK_SUPPORT=1 -DGRPC_ENABLE_FORK_SUPPORT_DEFAULT=false -DGRPC_PYTHON_BUILD=1 -D__STDC_FORMAT_MACROS "-DPyMODINIT_FUNC=extern \"C\" __attribute__((visibility (\"default\"))) PyObject*" -DGRPC_POSIX_FORK_ALLOW_PTHREAD_ATFORK=1 -Isrc/python/grpcio -Iinclude -I. -Ithird_party/abseil-cpp -Ithird_party/address_sorting/include -Ithird_party/cares/cares/include -Ithird_party/cares -Ithird_party/cares/cares -Ithird_party/cares/cares/src/lib/include -Ithird_party/cares/cares/src/lib -Ithird_party/cares/config_linux -Ithird_party/re2 -Ithird_party/boringssl-with-bazel/src/include -Ithird_party/upb -Isrc/core/ext/upb-gen -Isrc/core/ext/upbdefs-gen -Ithird_party/utf8_range -Ithird_party/xxhash -Ithird_party/zlib -I/usr/local/google/home/ssreenithi/.pyenv/versions/3.12.0/envs/pyvenv_312/include -I/usr/local/google/home/ssreenithi/.pyenv/versions/3.12.0/include/python3.12 -c src/core/ext/upbdefs-gen/envoy/type/v3/ratelimit_unit.upbdefs.c -o pyb/temp.linux-x86_64-cpython-312/src/core/ext/upbdefs-gen/envoy/type/v3/ratelimit_unit.upbdefs.o -fvisibility=hidden -fno-wrapv -fno-exceptions -pthread
      gcc -fno-strict-overflow -Wsign-compare -DNDEBUG -g -O3 -Wall -fPIC -D_WIN32_WINNT=1536 -DGRPC_XDS_USER_AGENT_NAME_SUFFIX=\"Python\" -DGRPC_XDS_USER_AGENT_VERSION_SUFFIX=\"1.79.0.dev0\" -DHAVE_CONFIG_H=1 -DGRPC_ENABLE_FORK_SUPPORT=1 -DGRPC_ENABLE_FORK_SUPPORT_DEFAULT=false -DGRPC_PYTHON_BUILD=1 -D__STDC_FORMAT_MACROS "-DPyMODINIT_FUNC=extern \"C\" __attribute__((visibility (\"default\"))) PyObject*" -DGRPC_POSIX_FORK_ALLOW_PTHREAD_ATFORK=1 -Isrc/python/grpcio -Iinclude -I. -Ithird_party/abseil-cpp -Ithird_party/address_sorting/include -Ithird_party/cares/cares/include -Ithird_party/cares -Ithird_party/cares/cares -Ithird_party/cares/cares/src/lib/include -Ithird_party/cares/cares/src/lib -Ithird_party/cares/config_linux -Ithird_party/re2 -Ithird_party/boringssl-with-bazel/src/include -Ithird_party/upb -Isrc/core/ext/upb-gen -Isrc/core/ext/upbdefs-gen -Ithird_party/utf8_range -Ithird_party/xxhash -Ithird_party/zlib -I/usr/local/google/home/ssreenithi/.pyenv/versions/3.12.0/envs/pyvenv_312/include -I/usr/local/google/home/ssreenithi/.pyenv/versions/3.12.0/include/python3.12 -c src/core/ext/upbdefs-gen/google/api/httpbody.upbdefs.c -o pyb/temp.linux-x86_64-cpython-312/src/core/ext/upbdefs-gen/google/api/httpbody.upbdefs.o -fvisibility=hidden -fno-wrapv -fno-exceptions -pthread
      g++ -fno-strict-overflow -Wsign-compare -DNDEBUG -g -O3 -Wall -fPIC -D_WIN32_WINNT=1536 -DGRPC_XDS_USER_AGENT_NAME_SUFFIX=\"Python\" -DGRPC_XDS_USER_AGENT_VERSION_SUFFIX=\"1.79.0.dev0\" -DHAVE_CONFIG_H=1 -DGRPC_ENABLE_FORK_SUPPORT=1 -DGRPC_ENABLE_FORK_SUPPORT_DEFAULT=false -DGRPC_PYTHON_BUILD=1 -D__STDC_FORMAT_MACROS "-DPyMODINIT_FUNC=extern \"C\" __attribute__((visibility (\"default\"))) PyObject*" -DGRPC_POSIX_FORK_ALLOW_PTHREAD_ATFORK=1 -Isrc/python/grpcio -Iinclude -I. -Ithird_party/abseil-cpp -Ithird_party/address_sorting/include -Ithird_party/cares/cares/include -Ithird_party/cares -Ithird_party/cares/cares -Ithird_party/cares/cares/src/lib/include -Ithird_party/cares/cares/src/lib -Ithird_party/cares/config_linux -Ithird_party/re2 -Ithird_party/boringssl-with-bazel/src/include -Ithird_party/upb -Isrc/core/ext/upb-gen -Isrc/core/ext/upbdefs-gen -Ithird_party/utf8_range -Ithird_party/xxhash -Ithird_party/zlib -I/usr/local/google/home/ssreenithi/.pyenv/versions/3.12.0/envs/pyvenv_312/include -I/usr/local/google/home/ssreenithi/.pyenv/versions/3.12.0/include/python3.12 -c src/core/lib/event_engine/slice.cc -o pyb/temp.linux-x86_64-cpython-312/src/core/lib/event_engine/slice.o -std=c++17 -fvisibility=hidden -fno-wrapv -fno-exceptions -pthread
      gcc -fno-strict-overflow -Wsign-compare -DNDEBUG -g -O3 -Wall -fPIC -D_WIN32_WINNT=1536 -DGRPC_XDS_USER_AGENT_NAME_SUFFIX=\"Python\" -DGRPC_XDS_USER_AGENT_VERSION_SUFFIX=\"1.79.0.dev0\" -DHAVE_CONFIG_H=1 -DGRPC_ENABLE_FORK_SUPPORT=1 -DGRPC_ENABLE_FORK_SUPPORT_DEFAULT=false -DGRPC_PYTHON_BUILD=1 -D__STDC_FORMAT_MACROS "-DPyMODINIT_FUNC=extern \"C\" __attribute__((visibility (\"default\"))) PyObject*" -DGRPC_POSIX_FORK_ALLOW_PTHREAD_ATFORK=1 -Isrc/python/grpcio -Iinclude -I. -Ithird_party/abseil-cpp -Ithird_party/address_sorting/include -Ithird_party/cares/cares/include -Ithird_party/cares -Ithird_party/cares/cares -Ithird_party/cares/cares/src/lib/include -Ithird_party/cares/cares/src/lib -Ithird_party/cares/config_linux -Ithird_party/re2 -Ithird_party/boringssl-with-bazel/src/include -Ithird_party/upb -Isrc/core/ext/upb-gen -Isrc/core/ext/upbdefs-gen -Ithird_party/utf8_range -Ithird_party/xxhash -Ithird_party/zlib -I/usr/local/google/home/ssreenithi/.pyenv/versions/3.12.0/envs/pyvenv_312/include -I/usr/local/google/home/ssreenithi/.pyenv/versions/3.12.0/include/python3.12 -c src/core/ext/upbdefs-gen/src/proto/grpc/lookup/v1/rls_config.upbdefs.c -o pyb/temp.linux-x86_64-cpython-312/src/core/ext/upbdefs-gen/src/proto/grpc/lookup/v1/rls_config.upbdefs.o -fvisibility=hidden -fno-wrapv -fno-exceptions -pthread
      gcc -fno-strict-overflow -Wsign-compare -DNDEBUG -g -O3 -Wall -fPIC -D_WIN32_WINNT=1536 -DGRPC_XDS_USER_AGENT_NAME_SUFFIX=\"Python\" -DGRPC_XDS_USER_AGENT_VERSION_SUFFIX=\"1.79.0.dev0\" -DHAVE_CONFIG_H=1 -DGRPC_ENABLE_FORK_SUPPORT=1 -DGRPC_ENABLE_FORK_SUPPORT_DEFAULT=false -DGRPC_PYTHON_BUILD=1 -D__STDC_FORMAT_MACROS "-DPyMODINIT_FUNC=extern \"C\" __attribute__((visibility (\"default\"))) PyObject*" -DGRPC_POSIX_FORK_ALLOW_PTHREAD_ATFORK=1 -Isrc/python/grpcio -Iinclude -I. -Ithird_party/abseil-cpp -Ithird_party/address_sorting/include -Ithird_party/cares/cares/include -Ithird_party/cares -Ithird_party/cares/cares -Ithird_party/cares/cares/src/lib/include -Ithird_party/cares/cares/src/lib -Ithird_party/cares/config_linux -Ithird_party/re2 -Ithird_party/boringssl-with-bazel/src/include -Ithird_party/upb -Isrc/core/ext/upb-gen -Isrc/core/ext/upbdefs-gen -Ithird_party/utf8_range -Ithird_party/xxhash -Ithird_party/zlib -I/usr/local/google/home/ssreenithi/.pyenv/versions/3.12.0/envs/pyvenv_312/include -I/usr/local/google/home/ssreenithi/.pyenv/versions/3.12.0/include/python3.12 -c src/core/ext/upbdefs-gen/xds/annotations/v3/migrate.upbdefs.c -o pyb/temp.linux-x86_64-cpython-312/src/core/ext/upbdefs-gen/xds/annotations/v3/migrate.upbdefs.o -fvisibility=hidden -fno-wrapv -fno-exceptions -pthread
      gcc -fno-strict-overflow -Wsign-compare -DNDEBUG -g -O3 -Wall -fPIC -D_WIN32_WINNT=1536 -DGRPC_XDS_USER_AGENT_NAME_SUFFIX=\"Python\" -DGRPC_XDS_USER_AGENT_VERSION_SUFFIX=\"1.79.0.dev0\" -DHAVE_CONFIG_H=1 -DGRPC_ENABLE_FORK_SUPPORT=1 -DGRPC_ENABLE_FORK_SUPPORT_DEFAULT=false -DGRPC_PYTHON_BUILD=1 -D__STDC_FORMAT_MACROS "-DPyMODINIT_FUNC=extern \"C\" __attribute__((visibility (\"default\"))) PyObject*" -DGRPC_POSIX_FORK_ALLOW_PTHREAD_ATFORK=1 -Isrc/python/grpcio -Iinclude -I. -Ithird_party/abseil-cpp -Ithird_party/address_sorting/include -Ithird_party/cares/cares/include -Ithird_party/cares -Ithird_party/cares/cares -Ithird_party/cares/cares/src/lib/include -Ithird_party/cares/cares/src/lib -Ithird_party/cares/config_linux -Ithird_party/re2 -Ithird_party/boringssl-with-bazel/src/include -Ithird_party/upb -Isrc/core/ext/upb-gen -Isrc/core/ext/upbdefs-gen -Ithird_party/utf8_range -Ithird_party/xxhash -Ithird_party/zlib -I/usr/local/google/home/ssreenithi/.pyenv/versions/3.12.0/envs/pyvenv_312/include -I/usr/local/google/home/ssreenithi/.pyenv/versions/3.12.0/include/python3.12 -c src/core/ext/upbdefs-gen/google/protobuf/wrappers.upbdefs.c -o pyb/temp.linux-x86_64-cpython-312/src/core/ext/upbdefs-gen/google/protobuf/wrappers.upbdefs.o -fvisibility=hidden -fno-wrapv -fno-exceptions -pthread
      gcc -fno-strict-overflow -Wsign-compare -DNDEBUG -g -O3 -Wall -fPIC -D_WIN32_WINNT=1536 -DGRPC_XDS_USER_AGENT_NAME_SUFFIX=\"Python\" -DGRPC_XDS_USER_AGENT_VERSION_SUFFIX=\"1.79.0.dev0\" -DHAVE_CONFIG_H=1 -DGRPC_ENABLE_FORK_SUPPORT=1 -DGRPC_ENABLE_FORK_SUPPORT_DEFAULT=false -DGRPC_PYTHON_BUILD=1 -D__STDC_FORMAT_MACROS "-DPyMODINIT_FUNC=extern \"C\" __attribute__((visibility (\"default\"))) PyObject*" -DGRPC_POSIX_FORK_ALLOW_PTHREAD_ATFORK=1 -Isrc/python/grpcio -Iinclude -I. -Ithird_party/abseil-cpp -Ithird_party/address_sorting/include -Ithird_party/cares/cares/include -Ithird_party/cares -Ithird_party/cares/cares -Ithird_party/cares/cares/src/lib/include -Ithird_party/cares/cares/src/lib -Ithird_party/cares/config_linux -Ithird_party/re2 -Ithird_party/boringssl-with-bazel/src/include -Ithird_party/upb -Isrc/core/ext/upb-gen -Isrc/core/ext/upbdefs-gen -Ithird_party/utf8_range -Ithird_party/xxhash -Ithird_party/zlib -I/usr/local/google/home/ssreenithi/.pyenv/versions/3.12.0/envs/pyvenv_312/include -I/usr/local/google/home/ssreenithi/.pyenv/versions/3.12.0/include/python3.12 -c src/core/ext/upbdefs-gen/xds/type/v3/cel.upbdefs.c -o pyb/temp.linux-x86_64-cpython-312/src/core/ext/upbdefs-gen/xds/type/v3/cel.upbdefs.o -fvisibility=hidden -fno-wrapv -fno-exceptions -pthread
      g++ -fno-strict-overflow -Wsign-compare -DNDEBUG -g -O3 -Wall -fPIC -D_WIN32_WINNT=1536 -DGRPC_XDS_USER_AGENT_NAME_SUFFIX=\"Python\" -DGRPC_XDS_USER_AGENT_VERSION_SUFFIX=\"1.79.0.dev0\" -DHAVE_CONFIG_H=1 -DGRPC_ENABLE_FORK_SUPPORT=1 -DGRPC_ENABLE_FORK_SUPPORT_DEFAULT=false -DGRPC_PYTHON_BUILD=1 -D__STDC_FORMAT_MACROS "-DPyMODINIT_FUNC=extern \"C\" __attribute__((visibility (\"default\"))) PyObject*" -DGRPC_POSIX_FORK_ALLOW_PTHREAD_ATFORK=1 -Isrc/python/grpcio -Iinclude -I. -Ithird_party/abseil-cpp -Ithird_party/address_sorting/include -Ithird_party/cares/cares/include -Ithird_party/cares -Ithird_party/cares/cares -Ithird_party/cares/cares/src/lib/include -Ithird_party/cares/cares/src/lib -Ithird_party/cares/config_linux -Ithird_party/re2 -Ithird_party/boringssl-with-bazel/src/include -Ithird_party/upb -Isrc/core/ext/upb-gen -Isrc/core/ext/upbdefs-gen -Ithird_party/utf8_range -Ithird_party/xxhash -Ithird_party/zlib -I/usr/local/google/home/ssreenithi/.pyenv/versions/3.12.0/envs/pyvenv_312/include -I/usr/local/google/home/ssreenithi/.pyenv/versions/3.12.0/include/python3.12 -c src/core/lib/transport/connectivity_state.cc -o pyb/temp.linux-x86_64-cpython-312/src/core/lib/transport/connectivity_state.o -std=c++17 -fvisibility=hidden -fno-wrapv -fno-exceptions -pthread
      gcc -fno-strict-overflow -Wsign-compare -DNDEBUG -g -O3 -Wall -fPIC -D_WIN32_WINNT=1536 -DGRPC_XDS_USER_AGENT_NAME_SUFFIX=\"Python\" -DGRPC_XDS_USER_AGENT_VERSION_SUFFIX=\"1.79.0.dev0\" -DHAVE_CONFIG_H=1 -DGRPC_ENABLE_FORK_SUPPORT=1 -DGRPC_ENABLE_FORK_SUPPORT_DEFAULT=false -DGRPC_PYTHON_BUILD=1 -D__STDC_FORMAT_MACROS "-DPyMODINIT_FUNC=extern \"C\" __attribute__((visibility (\"default\"))) PyObject*" -DGRPC_POSIX_FORK_ALLOW_PTHREAD_ATFORK=1 -Isrc/python/grpcio -Iinclude -I. -Ithird_party/abseil-cpp -Ithird_party/address_sorting/include -Ithird_party/cares/cares/include -Ithird_party/cares -Ithird_party/cares/cares -Ithird_party/cares/cares/src/lib/include -Ithird_party/cares/cares/src/lib -Ithird_party/cares/config_linux -Ithird_party/re2 -Ithird_party/boringssl-with-bazel/src/include -Ithird_party/upb -Isrc/core/ext/upb-gen -Isrc/core/ext/upbdefs-gen -Ithird_party/utf8_range -Ithird_party/xxhash -Ithird_party/zlib -I/usr/local/google/home/ssreenithi/.pyenv/versions/3.12.0/envs/pyvenv_312/include -I/usr/local/google/home/ssreenithi/.pyenv/versions/3.12.0/include/python3.12 -c src/core/ext/upbdefs-gen/xds/core/v3/collection_entry.upbdefs.c -o pyb/temp.linux-x86_64-cpython-312/src/core/ext/upbdefs-gen/xds/core/v3/collection_entry.upbdefs.o -fvisibility=hidden -fno-wrapv -fno-exceptions -pthread
      gcc -fno-strict-overflow -Wsign-compare -DNDEBUG -g -O3 -Wall -fPIC -D_WIN32_WINNT=1536 -DGRPC_XDS_USER_AGENT_NAME_SUFFIX=\"Python\" -DGRPC_XDS_USER_AGENT_VERSION_SUFFIX=\"1.79.0.dev0\" -DHAVE_CONFIG_H=1 -DGRPC_ENABLE_FORK_SUPPORT=1 -DGRPC_ENABLE_FORK_SUPPORT_DEFAULT=false -DGRPC_PYTHON_BUILD=1 -D__STDC_FORMAT_MACROS "-DPyMODINIT_FUNC=extern \"C\" __attribute__((visibility (\"default\"))) PyObject*" -DGRPC_POSIX_FORK_ALLOW_PTHREAD_ATFORK=1 -Isrc/python/grpcio -Iinclude -I. -Ithird_party/abseil-cpp -Ithird_party/address_sorting/include -Ithird_party/cares/cares/include -Ithird_party/cares -Ithird_party/cares/cares -Ithird_party/cares/cares/src/lib/include -Ithird_party/cares/cares/src/lib -Ithird_party/cares/config_linux -Ithird_party/re2 -Ithird_party/boringssl-with-bazel/src/include -Ithird_party/upb -Isrc/core/ext/upb-gen -Isrc/core/ext/upbdefs-gen -Ithird_party/utf8_range -Ithird_party/xxhash -Ithird_party/zlib -I/usr/local/google/home/ssreenithi/.pyenv/versions/3.12.0/envs/pyvenv_312/include -I/usr/local/google/home/ssreenithi/.pyenv/versions/3.12.0/include/python3.12 -c src/core/ext/upbdefs-gen/xds/type/matcher/v3/domain.upbdefs.c -o pyb/temp.linux-x86_64-cpython-312/src/core/ext/upbdefs-gen/xds/type/matcher/v3/domain.upbdefs.o -fvisibility=hidden -fno-wrapv -fno-exceptions -pthread
      gcc -fno-strict-overflow -Wsign-compare -DNDEBUG -g -O3 -Wall -fPIC -D_WIN32_WINNT=1536 -DGRPC_XDS_USER_AGENT_NAME_SUFFIX=\"Python\" -DGRPC_XDS_USER_AGENT_VERSION_SUFFIX=\"1.79.0.dev0\" -DHAVE_CONFIG_H=1 -DGRPC_ENABLE_FORK_SUPPORT=1 -DGRPC_ENABLE_FORK_SUPPORT_DEFAULT=false -DGRPC_PYTHON_BUILD=1 -D__STDC_FORMAT_MACROS "-DPyMODINIT_FUNC=extern \"C\" __attribute__((visibility (\"default\"))) PyObject*" -DGRPC_POSIX_FORK_ALLOW_PTHREAD_ATFORK=1 -Isrc/python/grpcio -Iinclude -I. -Ithird_party/abseil-cpp -Ithird_party/address_sorting/include -Ithird_party/cares/cares/include -Ithird_party/cares -Ithird_party/cares/cares -Ithird_party/cares/cares/src/lib/include -Ithird_party/cares/cares/src/lib -Ithird_party/cares/config_linux -Ithird_party/re2 -Ithird_party/boringssl-with-bazel/src/include -Ithird_party/upb -Isrc/core/ext/upb-gen -Isrc/core/ext/upbdefs-gen -Ithird_party/utf8_range -Ithird_party/xxhash -Ithird_party/zlib -I/usr/local/google/home/ssreenithi/.pyenv/versions/3.12.0/envs/pyvenv_312/include -I/usr/local/google/home/ssreenithi/.pyenv/versions/3.12.0/include/python3.12 -c src/core/ext/upbdefs-gen/envoy/type/v3/hash_policy.upbdefs.c -o pyb/temp.linux-x86_64-cpython-312/src/core/ext/upbdefs-gen/envoy/type/v3/hash_policy.upbdefs.o -fvisibility=hidden -fno-wrapv -fno-exceptions -pthread
      gcc -fno-strict-overflow -Wsign-compare -DNDEBUG -g -O3 -Wall -fPIC -D_WIN32_WINNT=1536 -DGRPC_XDS_USER_AGENT_NAME_SUFFIX=\"Python\" -DGRPC_XDS_USER_AGENT_VERSION_SUFFIX=\"1.79.0.dev0\" -DHAVE_CONFIG_H=1 -DGRPC_ENABLE_FORK_SUPPORT=1 -DGRPC_ENABLE_FORK_SUPPORT_DEFAULT=false -DGRPC_PYTHON_BUILD=1 -D__STDC_FORMAT_MACROS "-DPyMODINIT_FUNC=extern \"C\" __attribute__((visibility (\"default\"))) PyObject*" -DGRPC_POSIX_FORK_ALLOW_PTHREAD_ATFORK=1 -Isrc/python/grpcio -Iinclude -I. -Ithird_party/abseil-cpp -Ithird_party/address_sorting/include -Ithird_party/cares/cares/include -Ithird_party/cares -Ithird_party/cares/cares -Ithird_party/cares/cares/src/lib/include -Ithird_party/cares/cares/src/lib -Ithird_party/cares/config_linux -Ithird_party/re2 -Ithird_party/boringssl-with-bazel/src/include -Ithird_party/upb -Isrc/core/ext/upb-gen -Isrc/core/ext/upbdefs-gen -Ithird_party/utf8_range -Ithird_party/xxhash -Ithird_party/zlib -I/usr/local/google/home/ssreenithi/.pyenv/versions/3.12.0/envs/pyvenv_312/include -I/usr/local/google/home/ssreenithi/.pyenv/versions/3.12.0/include/python3.12 -c src/core/ext/upbdefs-gen/google/protobuf/any.upbdefs.c -o pyb/temp.linux-x86_64-cpython-312/src/core/ext/upbdefs-gen/google/protobuf/any.upbdefs.o -fvisibility=hidden -fno-wrapv -fno-exceptions -pthread
      gcc -fno-strict-overflow -Wsign-compare -DNDEBUG -g -O3 -Wall -fPIC -D_WIN32_WINNT=1536 -DGRPC_XDS_USER_AGENT_NAME_SUFFIX=\"Python\" -DGRPC_XDS_USER_AGENT_VERSION_SUFFIX=\"1.79.0.dev0\" -DHAVE_CONFIG_H=1 -DGRPC_ENABLE_FORK_SUPPORT=1 -DGRPC_ENABLE_FORK_SUPPORT_DEFAULT=false -DGRPC_PYTHON_BUILD=1 -D__STDC_FORMAT_MACROS "-DPyMODINIT_FUNC=extern \"C\" __attribute__((visibility (\"default\"))) PyObject*" -DGRPC_POSIX_FORK_ALLOW_PTHREAD_ATFORK=1 -Isrc/python/grpcio -Iinclude -I. -Ithird_party/abseil-cpp -Ithird_party/address_sorting/include -Ithird_party/cares/cares/include -Ithird_party/cares -Ithird_party/cares/cares -Ithird_party/cares/cares/src/lib/include -Ithird_party/cares/cares/src/lib -Ithird_party/cares/config_linux -Ithird_party/re2 -Ithird_party/boringssl-with-bazel/src/include -Ithird_party/upb -Isrc/core/ext/upb-gen -Isrc/core/ext/upbdefs-gen -Ithird_party/utf8_range -Ithird_party/xxhash -Ithird_party/zlib -I/usr/local/google/home/ssreenithi/.pyenv/versions/3.12.0/envs/pyvenv_312/include -I/usr/local/google/home/ssreenithi/.pyenv/versions/3.12.0/include/python3.12 -c src/core/ext/upbdefs-gen/envoy/type/v3/semantic_version.upbdefs.c -o pyb/temp.linux-x86_64-cpython-312/src/core/ext/upbdefs-gen/envoy/type/v3/semantic_version.upbdefs.o -fvisibility=hidden -fno-wrapv -fno-exceptions -pthread
      gcc -fno-strict-overflow -Wsign-compare -DNDEBUG -g -O3 -Wall -fPIC -D_WIN32_WINNT=1536 -DGRPC_XDS_USER_AGENT_NAME_SUFFIX=\"Python\" -DGRPC_XDS_USER_AGENT_VERSION_SUFFIX=\"1.79.0.dev0\" -DHAVE_CONFIG_H=1 -DGRPC_ENABLE_FORK_SUPPORT=1 -DGRPC_ENABLE_FORK_SUPPORT_DEFAULT=false -DGRPC_PYTHON_BUILD=1 -D__STDC_FORMAT_MACROS "-DPyMODINIT_FUNC=extern \"C\" __attribute__((visibility (\"default\"))) PyObject*" -DGRPC_POSIX_FORK_ALLOW_PTHREAD_ATFORK=1 -Isrc/python/grpcio -Iinclude -I. -Ithird_party/abseil-cpp -Ithird_party/address_sorting/include -Ithird_party/cares/cares/include -Ithird_party/cares -Ithird_party/cares/cares -Ithird_party/cares/cares/src/lib/include -Ithird_party/cares/cares/src/lib -Ithird_party/cares/config_linux -Ithird_party/re2 -Ithird_party/boringssl-with-bazel/src/include -Ithird_party/upb -Isrc/core/ext/upb-gen -Isrc/core/ext/upbdefs-gen -Ithird_party/utf8_range -Ithird_party/xxhash -Ithird_party/zlib -I/usr/local/google/home/ssreenithi/.pyenv/versions/3.12.0/envs/pyvenv_312/include -I/usr/local/google/home/ssreenithi/.pyenv/versions/3.12.0/include/python3.12 -c src/core/ext/upbdefs-gen/xds/annotations/v3/security.upbdefs.c -o pyb/temp.linux-x86_64-cpython-312/src/core/ext/upbdefs-gen/xds/annotations/v3/security.upbdefs.o -fvisibility=hidden -fno-wrapv -fno-exceptions -pthread
      gcc -fno-strict-overflow -Wsign-compare -DNDEBUG -g -O3 -Wall -fPIC -D_WIN32_WINNT=1536 -DGRPC_XDS_USER_AGENT_NAME_SUFFIX=\"Python\" -DGRPC_XDS_USER_AGENT_VERSION_SUFFIX=\"1.79.0.dev0\" -DHAVE_CONFIG_H=1 -DGRPC_ENABLE_FORK_SUPPORT=1 -DGRPC_ENABLE_FORK_SUPPORT_DEFAULT=false -DGRPC_PYTHON_BUILD=1 -D__STDC_FORMAT_MACROS "-DPyMODINIT_FUNC=extern \"C\" __attribute__((visibility (\"default\"))) PyObject*" -DGRPC_POSIX_FORK_ALLOW_PTHREAD_ATFORK=1 -Isrc/python/grpcio -Iinclude -I. -Ithird_party/abseil-cpp -Ithird_party/address_sorting/include -Ithird_party/cares/cares/include -Ithird_party/cares -Ithird_party/cares/cares -Ithird_party/cares/cares/src/lib/include -Ithird_party/cares/cares/src/lib -Ithird_party/cares/config_linux -Ithird_party/re2 -Ithird_party/boringssl-with-bazel/src/include -Ithird_party/upb -Isrc/core/ext/upb-gen -Isrc/core/ext/upbdefs-gen -Ithird_party/utf8_range -Ithird_party/xxhash -Ithird_party/zlib -I/usr/local/google/home/ssreenithi/.pyenv/versions/3.12.0/envs/pyvenv_312/include -I/usr/local/google/home/ssreenithi/.pyenv/versions/3.12.0/include/python3.12 -c src/core/ext/upbdefs-gen/udpa/annotations/migrate.upbdefs.c -o pyb/temp.linux-x86_64-cpython-312/src/core/ext/upbdefs-gen/udpa/annotations/migrate.upbdefs.o -fvisibility=hidden -fno-wrapv -fno-exceptions -pthread
      gcc -fno-strict-overflow -Wsign-compare -DNDEBUG -g -O3 -Wall -fPIC -D_WIN32_WINNT=1536 -DGRPC_XDS_USER_AGENT_NAME_SUFFIX=\"Python\" -DGRPC_XDS_USER_AGENT_VERSION_SUFFIX=\"1.79.0.dev0\" -DHAVE_CONFIG_H=1 -DGRPC_ENABLE_FORK_SUPPORT=1 -DGRPC_ENABLE_FORK_SUPPORT_DEFAULT=false -DGRPC_PYTHON_BUILD=1 -D__STDC_FORMAT_MACROS "-DPyMODINIT_FUNC=extern \"C\" __attribute__((visibility (\"default\"))) PyObject*" -DGRPC_POSIX_FORK_ALLOW_PTHREAD_ATFORK=1 -Isrc/python/grpcio -Iinclude -I. -Ithird_party/abseil-cpp -Ithird_party/address_sorting/include -Ithird_party/cares/cares/include -Ithird_party/cares -Ithird_party/cares/cares -Ithird_party/cares/cares/src/lib/include -Ithird_party/cares/cares/src/lib -Ithird_party/cares/config_linux -Ithird_party/re2 -Ithird_party/boringssl-with-bazel/src/include -Ithird_party/upb -Isrc/core/ext/upb-gen -Isrc/core/ext/upbdefs-gen -Ithird_party/utf8_range -Ithird_party/xxhash -Ithird_party/zlib -I/usr/local/google/home/ssreenithi/.pyenv/versions/3.12.0/envs/pyvenv_312/include -I/usr/local/google/home/ssreenithi/.pyenv/versions/3.12.0/include/python3.12 -c src/core/ext/upbdefs-gen/google/rpc/status.upbdefs.c -o pyb/temp.linux-x86_64-cpython-312/src/core/ext/upbdefs-gen/google/rpc/status.upbdefs.o -fvisibility=hidden -fno-wrapv -fno-exceptions -pthread
      gcc -fno-strict-overflow -Wsign-compare -DNDEBUG -g -O3 -Wall -fPIC -D_WIN32_WINNT=1536 -DGRPC_XDS_USER_AGENT_NAME_SUFFIX=\"Python\" -DGRPC_XDS_USER_AGENT_VERSION_SUFFIX=\"1.79.0.dev0\" -DHAVE_CONFIG_H=1 -DGRPC_ENABLE_FORK_SUPPORT=1 -DGRPC_ENABLE_FORK_SUPPORT_DEFAULT=false -DGRPC_PYTHON_BUILD=1 -D__STDC_FORMAT_MACROS "-DPyMODINIT_FUNC=extern \"C\" __attribute__((visibility (\"default\"))) PyObject*" -DGRPC_POSIX_FORK_ALLOW_PTHREAD_ATFORK=1 -Isrc/python/grpcio -Iinclude -I. -Ithird_party/abseil-cpp -Ithird_party/address_sorting/include -Ithird_party/cares/cares/include -Ithird_party/cares -Ithird_party/cares/cares -Ithird_party/cares/cares/src/lib/include -Ithird_party/cares/cares/src/lib -Ithird_party/cares/config_linux -Ithird_party/re2 -Ithird_party/boringssl-with-bazel/src/include -Ithird_party/upb -Isrc/core/ext/upb-gen -Isrc/core/ext/upbdefs-gen -Ithird_party/utf8_range -Ithird_party/xxhash -Ithird_party/zlib -I/usr/local/google/home/ssreenithi/.pyenv/versions/3.12.0/envs/pyvenv_312/include -I/usr/local/google/home/ssreenithi/.pyenv/versions/3.12.0/include/python3.12 -c src/core/ext/upbdefs-gen/xds/core/v3/context_params.upbdefs.c -o pyb/temp.linux-x86_64-cpython-312/src/core/ext/upbdefs-gen/xds/core/v3/context_params.upbdefs.o -fvisibility=hidden -fno-wrapv -fno-exceptions -pthread
      gcc -fno-strict-overflow -Wsign-compare -DNDEBUG -g -O3 -Wall -fPIC -D_WIN32_WINNT=1536 -DGRPC_XDS_USER_AGENT_NAME_SUFFIX=\"Python\" -DGRPC_XDS_USER_AGENT_VERSION_SUFFIX=\"1.79.0.dev0\" -DHAVE_CONFIG_H=1 -DGRPC_ENABLE_FORK_SUPPORT=1 -DGRPC_ENABLE_FORK_SUPPORT_DEFAULT=false -DGRPC_PYTHON_BUILD=1 -D__STDC_FORMAT_MACROS "-DPyMODINIT_FUNC=extern \"C\" __attribute__((visibility (\"default\"))) PyObject*" -DGRPC_POSIX_FORK_ALLOW_PTHREAD_ATFORK=1 -Isrc/python/grpcio -Iinclude -I. -Ithird_party/abseil-cpp -Ithird_party/address_sorting/include -Ithird_party/cares/cares/include -Ithird_party/cares -Ithird_party/cares/cares -Ithird_party/cares/cares/src/lib/include -Ithird_party/cares/cares/src/lib -Ithird_party/cares/config_linux -Ithird_party/re2 -Ithird_party/boringssl-with-bazel/src/include -Ithird_party/upb -Isrc/core/ext/upb-gen -Isrc/core/ext/upbdefs-gen -Ithird_party/utf8_range -Ithird_party/xxhash -Ithird_party/zlib -I/usr/local/google/home/ssreenithi/.pyenv/versions/3.12.0/envs/pyvenv_312/include -I/usr/local/google/home/ssreenithi/.pyenv/versions/3.12.0/include/python3.12 -c src/core/ext/upbdefs-gen/xds/type/v3/range.upbdefs.c -o pyb/temp.linux-x86_64-cpython-312/src/core/ext/upbdefs-gen/xds/type/v3/range.upbdefs.o -fvisibility=hidden -fno-wrapv -fno-exceptions -pthread
      gcc -fno-strict-overflow -Wsign-compare -DNDEBUG -g -O3 -Wall -fPIC -D_WIN32_WINNT=1536 -DGRPC_XDS_USER_AGENT_NAME_SUFFIX=\"Python\" -DGRPC_XDS_USER_AGENT_VERSION_SUFFIX=\"1.79.0.dev0\" -DHAVE_CONFIG_H=1 -DGRPC_ENABLE_FORK_SUPPORT=1 -DGRPC_ENABLE_FORK_SUPPORT_DEFAULT=false -DGRPC_PYTHON_BUILD=1 -D__STDC_FORMAT_MACROS "-DPyMODINIT_FUNC=extern \"C\" __attribute__((visibility (\"default\"))) PyObject*" -DGRPC_POSIX_FORK_ALLOW_PTHREAD_ATFORK=1 -Isrc/python/grpcio -Iinclude -I. -Ithird_party/abseil-cpp -Ithird_party/address_sorting/include -Ithird_party/cares/cares/include -Ithird_party/cares -Ithird_party/cares/cares -Ithird_party/cares/cares/src/lib/include -Ithird_party/cares/cares/src/lib -Ithird_party/cares/config_linux -Ithird_party/re2 -Ithird_party/boringssl-with-bazel/src/include -Ithird_party/upb -Isrc/core/ext/upb-gen -Isrc/core/ext/upbdefs-gen -Ithird_party/utf8_range -Ithird_party/xxhash -Ithird_party/zlib -I/usr/local/google/home/ssreenithi/.pyenv/versions/3.12.0/envs/pyvenv_312/include -I/usr/local/google/home/ssreenithi/.pyenv/versions/3.12.0/include/python3.12 -c src/core/ext/upbdefs-gen/xds/type/matcher/v3/http_inputs.upbdefs.c -o pyb/temp.linux-x86_64-cpython-312/src/core/ext/upbdefs-gen/xds/type/matcher/v3/http_inputs.upbdefs.o -fvisibility=hidden -fno-wrapv -fno-exceptions -pthread
      gcc -fno-strict-overflow -Wsign-compare -DNDEBUG -g -O3 -Wall -fPIC -D_WIN32_WINNT=1536 -DGRPC_XDS_USER_AGENT_NAME_SUFFIX=\"Python\" -DGRPC_XDS_USER_AGENT_VERSION_SUFFIX=\"1.79.0.dev0\" -DHAVE_CONFIG_H=1 -DGRPC_ENABLE_FORK_SUPPORT=1 -DGRPC_ENABLE_FORK_SUPPORT_DEFAULT=false -DGRPC_PYTHON_BUILD=1 -D__STDC_FORMAT_MACROS "-DPyMODINIT_FUNC=extern \"C\" __attribute__((visibility (\"default\"))) PyObject*" -DGRPC_POSIX_FORK_ALLOW_PTHREAD_ATFORK=1 -Isrc/python/grpcio -Iinclude -I. -Ithird_party/abseil-cpp -Ithird_party/address_sorting/include -Ithird_party/cares/cares/include -Ithird_party/cares -Ithird_party/cares/cares -Ithird_party/cares/cares/src/lib/include -Ithird_party/cares/cares/src/lib -Ithird_party/cares/config_linux -Ithird_party/re2 -Ithird_party/boringssl-with-bazel/src/include -Ithird_party/upb -Isrc/core/ext/upb-gen -Isrc/core/ext/upbdefs-gen -Ithird_party/utf8_range -Ithird_party/xxhash -Ithird_party/zlib -I/usr/local/google/home/ssreenithi/.pyenv/versions/3.12.0/envs/pyvenv_312/include -I/usr/local/google/home/ssreenithi/.pyenv/versions/3.12.0/include/python3.12 -c src/core/ext/upbdefs-gen/envoy/type/v3/http.upbdefs.c -o pyb/temp.linux-x86_64-cpython-312/src/core/ext/upbdefs-gen/envoy/type/v3/http.upbdefs.o -fvisibility=hidden -fno-wrapv -fno-exceptions -pthread
      gcc -fno-strict-overflow -Wsign-compare -DNDEBUG -g -O3 -Wall -fPIC -D_WIN32_WINNT=1536 -DGRPC_XDS_USER_AGENT_NAME_SUFFIX=\"Python\" -DGRPC_XDS_USER_AGENT_VERSION_SUFFIX=\"1.79.0.dev0\" -DHAVE_CONFIG_H=1 -DGRPC_ENABLE_FORK_SUPPORT=1 -DGRPC_ENABLE_FORK_SUPPORT_DEFAULT=false -DGRPC_PYTHON_BUILD=1 -D__STDC_FORMAT_MACROS "-DPyMODINIT_FUNC=extern \"C\" __attribute__((visibility (\"default\"))) PyObject*" -DGRPC_POSIX_FORK_ALLOW_PTHREAD_ATFORK=1 -Isrc/python/grpcio -Iinclude -I. -Ithird_party/abseil-cpp -Ithird_party/address_sorting/include -Ithird_party/cares/cares/include -Ithird_party/cares -Ithird_party/cares/cares -Ithird_party/cares/cares/src/lib/include -Ithird_party/cares/cares/src/lib -Ithird_party/cares/config_linux -Ithird_party/re2 -Ithird_party/boringssl-with-bazel/src/include -Ithird_party/upb -Isrc/core/ext/upb-gen -Isrc/core/ext/upbdefs-gen -Ithird_party/utf8_range -Ithird_party/xxhash -Ithird_party/zlib -I/usr/local/google/home/ssreenithi/.pyenv/versions/3.12.0/envs/pyvenv_312/include -I/usr/local/google/home/ssreenithi/.pyenv/versions/3.12.0/include/python3.12 -c src/core/ext/upbdefs-gen/google/protobuf/descriptor.upbdefs.c -o pyb/temp.linux-x86_64-cpython-312/src/core/ext/upbdefs-gen/google/protobuf/descriptor.upbdefs.o -fvisibility=hidden -fno-wrapv -fno-exceptions -pthread
      gcc -fno-strict-overflow -Wsign-compare -DNDEBUG -g -O3 -Wall -fPIC -D_WIN32_WINNT=1536 -DGRPC_XDS_USER_AGENT_NAME_SUFFIX=\"Python\" -DGRPC_XDS_USER_AGENT_VERSION_SUFFIX=\"1.79.0.dev0\" -DHAVE_CONFIG_H=1 -DGRPC_ENABLE_FORK_SUPPORT=1 -DGRPC_ENABLE_FORK_SUPPORT_DEFAULT=false -DGRPC_PYTHON_BUILD=1 -D__STDC_FORMAT_MACROS "-DPyMODINIT_FUNC=extern \"C\" __attribute__((visibility (\"default\"))) PyObject*" -DGRPC_POSIX_FORK_ALLOW_PTHREAD_ATFORK=1 -Isrc/python/grpcio -Iinclude -I. -Ithird_party/abseil-cpp -Ithird_party/address_sorting/include -Ithird_party/cares/cares/include -Ithird_party/cares -Ithird_party/cares/cares -Ithird_party/cares/cares/src/lib/include -Ithird_party/cares/cares/src/lib -Ithird_party/cares/config_linux -Ithird_party/re2 -Ithird_party/boringssl-with-bazel/src/include -Ithird_party/upb -Isrc/core/ext/upb-gen -Isrc/core/ext/upbdefs-gen -Ithird_party/utf8_range -Ithird_party/xxhash -Ithird_party/zlib -I/usr/local/google/home/ssreenithi/.pyenv/versions/3.12.0/envs/pyvenv_312/include -I/usr/local/google/home/ssreenithi/.pyenv/versions/3.12.0/include/python3.12 -c src/core/ext/upbdefs-gen/envoy/type/v3/token_bucket.upbdefs.c -o pyb/temp.linux-x86_64-cpython-312/src/core/ext/upbdefs-gen/envoy/type/v3/token_bucket.upbdefs.o -fvisibility=hidden -fno-wrapv -fno-exceptions -pthread
      gcc -fno-strict-overflow -Wsign-compare -DNDEBUG -g -O3 -Wall -fPIC -D_WIN32_WINNT=1536 -DGRPC_XDS_USER_AGENT_NAME_SUFFIX=\"Python\" -DGRPC_XDS_USER_AGENT_VERSION_SUFFIX=\"1.79.0.dev0\" -DHAVE_CONFIG_H=1 -DGRPC_ENABLE_FORK_SUPPORT=1 -DGRPC_ENABLE_FORK_SUPPORT_DEFAULT=false -DGRPC_PYTHON_BUILD=1 -D__STDC_FORMAT_MACROS "-DPyMODINIT_FUNC=extern \"C\" __attribute__((visibility (\"default\"))) PyObject*" -DGRPC_POSIX_FORK_ALLOW_PTHREAD_ATFORK=1 -Isrc/python/grpcio -Iinclude -I. -Ithird_party/abseil-cpp -Ithird_party/address_sorting/include -Ithird_party/cares/cares/include -Ithird_party/cares -Ithird_party/cares/cares -Ithird_party/cares/cares/src/lib/include -Ithird_party/cares/cares/src/lib -Ithird_party/cares/config_linux -Ithird_party/re2 -Ithird_party/boringssl-with-bazel/src/include -Ithird_party/upb -Isrc/core/ext/upb-gen -Isrc/core/ext/upbdefs-gen -Ithird_party/utf8_range -Ithird_party/xxhash -Ithird_party/zlib -I/usr/local/google/home/ssreenithi/.pyenv/versions/3.12.0/envs/pyvenv_312/include -I/usr/local/google/home/ssreenithi/.pyenv/versions/3.12.0/include/python3.12 -c src/core/ext/upbdefs-gen/udpa/annotations/security.upbdefs.c -o pyb/temp.linux-x86_64-cpython-312/src/core/ext/upbdefs-gen/udpa/annotations/security.upbdefs.o -fvisibility=hidden -fno-wrapv -fno-exceptions -pthread
      gcc -fno-strict-overflow -Wsign-compare -DNDEBUG -g -O3 -Wall -fPIC -D_WIN32_WINNT=1536 -DGRPC_XDS_USER_AGENT_NAME_SUFFIX=\"Python\" -DGRPC_XDS_USER_AGENT_VERSION_SUFFIX=\"1.79.0.dev0\" -DHAVE_CONFIG_H=1 -DGRPC_ENABLE_FORK_SUPPORT=1 -DGRPC_ENABLE_FORK_SUPPORT_DEFAULT=false -DGRPC_PYTHON_BUILD=1 -D__STDC_FORMAT_MACROS "-DPyMODINIT_FUNC=extern \"C\" __attribute__((visibility (\"default\"))) PyObject*" -DGRPC_POSIX_FORK_ALLOW_PTHREAD_ATFORK=1 -Isrc/python/grpcio -Iinclude -I. -Ithird_party/abseil-cpp -Ithird_party/address_sorting/include -Ithird_party/cares/cares/include -Ithird_party/cares -Ithird_party/cares/cares -Ithird_party/cares/cares/src/lib/include -Ithird_party/cares/cares/src/lib -Ithird_party/cares/config_linux -Ithird_party/re2 -Ithird_party/boringssl-with-bazel/src/include -Ithird_party/upb -Isrc/core/ext/upb-gen -Isrc/core/ext/upbdefs-gen -Ithird_party/utf8_range -Ithird_party/xxhash -Ithird_party/zlib -I/usr/local/google/home/ssreenithi/.pyenv/versions/3.12.0/envs/pyvenv_312/include -I/usr/local/google/home/ssreenithi/.pyenv/versions/3.12.0/include/python3.12 -c src/core/ext/upbdefs-gen/xds/annotations/v3/sensitive.upbdefs.c -o pyb/temp.linux-x86_64-cpython-312/src/core/ext/upbdefs-gen/xds/annotations/v3/sensitive.upbdefs.o -fvisibility=hidden -fno-wrapv -fno-exceptions -pthread
      gcc -fno-strict-overflow -Wsign-compare -DNDEBUG -g -O3 -Wall -fPIC -D_WIN32_WINNT=1536 -DGRPC_XDS_USER_AGENT_NAME_SUFFIX=\"Python\" -DGRPC_XDS_USER_AGENT_VERSION_SUFFIX=\"1.79.0.dev0\" -DHAVE_CONFIG_H=1 -DGRPC_ENABLE_FORK_SUPPORT=1 -DGRPC_ENABLE_FORK_SUPPORT_DEFAULT=false -DGRPC_PYTHON_BUILD=1 -D__STDC_FORMAT_MACROS "-DPyMODINIT_FUNC=extern \"C\" __attribute__((visibility (\"default\"))) PyObject*" -DGRPC_POSIX_FORK_ALLOW_PTHREAD_ATFORK=1 -Isrc/python/grpcio -Iinclude -I. -Ithird_party/abseil-cpp -Ithird_party/address_sorting/include -Ithird_party/cares/cares/include -Ithird_party/cares -Ithird_party/cares/cares -Ithird_party/cares/cares/src/lib/include -Ithird_party/cares/cares/src/lib -Ithird_party/cares/config_linux -Ithird_party/re2 -Ithird_party/boringssl-with-bazel/src/include -Ithird_party/upb -Isrc/core/ext/upb-gen -Isrc/core/ext/upbdefs-gen -Ithird_party/utf8_range -Ithird_party/xxhash -Ithird_party/zlib -I/usr/local/google/home/ssreenithi/.pyenv/versions/3.12.0/envs/pyvenv_312/include -I/usr/local/google/home/ssreenithi/.pyenv/versions/3.12.0/include/python3.12 -c src/core/ext/upbdefs-gen/src/proto/grpc/channelz/channelz.upbdefs.c -o pyb/temp.linux-x86_64-cpython-312/src/core/ext/upbdefs-gen/src/proto/grpc/channelz/channelz.upbdefs.o -fvisibility=hidden -fno-wrapv -fno-exceptions -pthread
      gcc -fno-strict-overflow -Wsign-compare -DNDEBUG -g -O3 -Wall -fPIC -D_WIN32_WINNT=1536 -DGRPC_XDS_USER_AGENT_NAME_SUFFIX=\"Python\" -DGRPC_XDS_USER_AGENT_VERSION_SUFFIX=\"1.79.0.dev0\" -DHAVE_CONFIG_H=1 -DGRPC_ENABLE_FORK_SUPPORT=1 -DGRPC_ENABLE_FORK_SUPPORT_DEFAULT=false -DGRPC_PYTHON_BUILD=1 -D__STDC_FORMAT_MACROS "-DPyMODINIT_FUNC=extern \"C\" __attribute__((visibility (\"default\"))) PyObject*" -DGRPC_POSIX_FORK_ALLOW_PTHREAD_ATFORK=1 -Isrc/python/grpcio -Iinclude -I. -Ithird_party/abseil-cpp -Ithird_party/address_sorting/include -Ithird_party/cares/cares/include -Ithird_party/cares -Ithird_party/cares/cares -Ithird_party/cares/cares/src/lib/include -Ithird_party/cares/cares/src/lib -Ithird_party/cares/config_linux -Ithird_party/re2 -Ithird_party/boringssl-with-bazel/src/include -Ithird_party/upb -Isrc/core/ext/upb-gen -Isrc/core/ext/upbdefs-gen -Ithird_party/utf8_range -Ithird_party/xxhash -Ithird_party/zlib -I/usr/local/google/home/ssreenithi/.pyenv/versions/3.12.0/envs/pyvenv_312/include -I/usr/local/google/home/ssreenithi/.pyenv/versions/3.12.0/include/python3.12 -c src/core/ext/upbdefs-gen/xds/core/v3/extension.upbdefs.c -o pyb/temp.linux-x86_64-cpython-312/src/core/ext/upbdefs-gen/xds/core/v3/extension.upbdefs.o -fvisibility=hidden -fno-wrapv -fno-exceptions -pthread
      In file included from src/core/ext/transport/chttp2/transport/hpack_parser.cc:35:
      ./src/core/ext/transport/chttp2/transport/decode_huff.h: In instantiation of ‘void grpc_core::HuffDecoder<F>::Done0() [with F = grpc_core::HPackParser::String::Parse(grpc_core::HPackParser::Input*, bool, size_t)::<lambda(uint8_t)>]’:
      ./src/core/ext/transport/chttp2/transport/decode_huff.h:1182:9:   required from ‘bool grpc_core::HuffDecoder<F>::Run() [with F = grpc_core::HPackParser::String::Parse(grpc_core::HPackParser::Input*, bool, size_t)::<lambda(uint8_t)>]’
       1182 |         Done0();
            |         ^~~~~
      src/core/ext/transport/chttp2/transport/hpack_parser.cc:365:53:   required from ‘static grpc_core::HpackParseStatus grpc_core::HPackParser::String::ParseHuff(grpc_core::HPackParser::Input*, uint32_t, Out) [with Out = grpc_core::HPackParser::String::Parse(grpc_core::HPackParser::Input*, bool, size_t)::<lambda(uint8_t)>; uint32_t = unsigned int]’
        365 |   return HuffDecoder<Out>(output, p, p + length).Run()
            |          ~~~~~~~~~~~~~~~~~~~~~~~~~~~~~~~~~~~~~~~~~~~^~
      src/core/ext/transport/chttp2/transport/hpack_parser.cc:506:18:   required from here
        506 |         ParseHuff(input, length, [&output](uint8_t c) { output.push_back(c); });
            |         ~~~~~~~~~^~~~~~~~~~~~~~~~~~~~~~~~~~~~~~~~~~~~~~~~~~~~~~~~~~~~~~~~~~~~~~
      ./src/core/ext/transport/chttp2/transport/decode_huff.h:1456:52: warning: comparison of integer expressions of different signedness: ‘uint64_t’ {aka ‘long unsigned int’} and ‘int’ [-Wsign-compare]
       1456 |         ok_ = (buffer_ & ((1 << buffer_len_) - 1)) == (1 << buffer_len_) - 1;
            |               ~~~~~~~~~~~~~~~~~~~~~~~~~~~~~~~~~~~~~^~~~~~~~~~~~~~~~~~~~~~~~~
      ./src/core/ext/transport/chttp2/transport/decode_huff.h: In instantiation of ‘void grpc_core::HuffDecoder<F>::Done0() [with F = grpc_core::HPackParser::String::ParseBinary(grpc_core::HPackParser::Input*, bool, size_t)::<lambda(uint8_t)>]’:
      ./src/core/ext/transport/chttp2/transport/decode_huff.h:1182:9:   required from ‘bool grpc_core::HuffDecoder<F>::Run() [with F = grpc_core::HPackParser::String::ParseBinary(grpc_core::HPackParser::Input*, bool, size_t)::<lambda(uint8_t)>]’
       1182 |         Done0();
            |         ^~~~~
      src/core/ext/transport/chttp2/transport/hpack_parser.cc:365:53:   required from ‘static grpc_core::HpackParseStatus grpc_core::HPackParser::String::ParseHuff(grpc_core::HPackParser::Input*, uint32_t, Out) [with Out = grpc_core::HPackParser::String::ParseBinary(grpc_core::HPackParser::Input*, bool, size_t)::<lambda(uint8_t)>; uint32_t = unsigned int]’
        365 |   return HuffDecoder<Out>(output, p, p + length).Run()
            |          ~~~~~~~~~~~~~~~~~~~~~~~~~~~~~~~~~~~~~~~~~~~^~
      src/core/ext/transport/chttp2/transport/hpack_parser.cc:532:25:   required from here
        532 |     auto sts = ParseHuff(input, length, [&state, &decompressed](uint8_t c) {
            |                ~~~~~~~~~^~~~~~~~~~~~~~~~~~~~~~~~~~~~~~~~~~~~~~~~~~~~~~~~~~~~
        533 |       if (state == State::kUnsure) {
            |       ~~~~~~~~~~~~~~~~~~~~~~~~~~~~~~
        534 |         // First byte... if it's zero it's binary
            |         ~~~~~~~~~~~~~~~~~~~~~~~~~~~~~~~~~~~~~~~~~
        535 |         if (c == 0) {
            |         ~~~~~~~~~~~~~
        536 |           // Save the type, and skip the zero
            |           ~~~~~~~~~~~~~~~~~~~~~~~~~~~~~~~~~~~
        537 |           state = State::kBinary;
            |           ~~~~~~~~~~~~~~~~~~~~~~~
        538 |           return;
            |           ~~~~~~~
        539 |         } else {
            |         ~~~~~~~~
        540 |           // Flag base64, store this value
            |           ~~~~~~~~~~~~~~~~~~~~~~~~~~~~~~~~
        541 |           state = State::kBase64;
            |           ~~~~~~~~~~~~~~~~~~~~~~~
        542 |         }
            |         ~
        543 |       }
            |       ~
        544 |       // Non-first byte, or base64 first byte
            |       ~~~~~~~~~~~~~~~~~~~~~~~~~~~~~~~~~~~~~~~
        545 |       decompressed.push_back(c);
            |       ~~~~~~~~~~~~~~~~~~~~~~~~~~
        546 |     });
            |     ~~
      ./src/core/ext/transport/chttp2/transport/decode_huff.h:1456:52: warning: comparison of integer expressions of different signedness: ‘uint64_t’ {aka ‘long unsigned int’} and ‘int’ [-Wsign-compare]
       1456 |         ok_ = (buffer_ & ((1 << buffer_len_) - 1)) == (1 << buffer_len_) - 1;
            |               ~~~~~~~~~~~~~~~~~~~~~~~~~~~~~~~~~~~~~^~~~~~~~~~~~~~~~~~~~~~~~~
      gcc -fno-strict-overflow -Wsign-compare -DNDEBUG -g -O3 -Wall -fPIC -D_WIN32_WINNT=1536 -DGRPC_XDS_USER_AGENT_NAME_SUFFIX=\"Python\" -DGRPC_XDS_USER_AGENT_VERSION_SUFFIX=\"1.79.0.dev0\" -DHAVE_CONFIG_H=1 -DGRPC_ENABLE_FORK_SUPPORT=1 -DGRPC_ENABLE_FORK_SUPPORT_DEFAULT=false -DGRPC_PYTHON_BUILD=1 -D__STDC_FORMAT_MACROS "-DPyMODINIT_FUNC=extern \"C\" __attribute__((visibility (\"default\"))) PyObject*" -DGRPC_POSIX_FORK_ALLOW_PTHREAD_ATFORK=1 -Isrc/python/grpcio -Iinclude -I. -Ithird_party/abseil-cpp -Ithird_party/address_sorting/include -Ithird_party/cares/cares/include -Ithird_party/cares -Ithird_party/cares/cares -Ithird_party/cares/cares/src/lib/include -Ithird_party/cares/cares/src/lib -Ithird_party/cares/config_linux -Ithird_party/re2 -Ithird_party/boringssl-with-bazel/src/include -Ithird_party/upb -Isrc/core/ext/upb-gen -Isrc/core/ext/upbdefs-gen -Ithird_party/utf8_range -Ithird_party/xxhash -Ithird_party/zlib -I/usr/local/google/home/ssreenithi/.pyenv/versions/3.12.0/envs/pyvenv_312/include -I/usr/local/google/home/ssreenithi/.pyenv/versions/3.12.0/include/python3.12 -c src/core/ext/upbdefs-gen/xds/type/v3/typed_struct.upbdefs.c -o pyb/temp.linux-x86_64-cpython-312/src/core/ext/upbdefs-gen/xds/type/v3/typed_struct.upbdefs.o -fvisibility=hidden -fno-wrapv -fno-exceptions -pthread
      g++ -fno-strict-overflow -Wsign-compare -DNDEBUG -g -O3 -Wall -fPIC -D_WIN32_WINNT=1536 -DGRPC_XDS_USER_AGENT_NAME_SUFFIX=\"Python\" -DGRPC_XDS_USER_AGENT_VERSION_SUFFIX=\"1.79.0.dev0\" -DHAVE_CONFIG_H=1 -DGRPC_ENABLE_FORK_SUPPORT=1 -DGRPC_ENABLE_FORK_SUPPORT_DEFAULT=false -DGRPC_PYTHON_BUILD=1 -D__STDC_FORMAT_MACROS "-DPyMODINIT_FUNC=extern \"C\" __attribute__((visibility (\"default\"))) PyObject*" -DGRPC_POSIX_FORK_ALLOW_PTHREAD_ATFORK=1 -Isrc/python/grpcio -Iinclude -I. -Ithird_party/abseil-cpp -Ithird_party/address_sorting/include -Ithird_party/cares/cares/include -Ithird_party/cares -Ithird_party/cares/cares -Ithird_party/cares/cares/src/lib/include -Ithird_party/cares/cares/src/lib -Ithird_party/cares/config_linux -Ithird_party/re2 -Ithird_party/boringssl-with-bazel/src/include -Ithird_party/upb -Isrc/core/ext/upb-gen -Isrc/core/ext/upbdefs-gen -Ithird_party/utf8_range -Ithird_party/xxhash -Ithird_party/zlib -I/usr/local/google/home/ssreenithi/.pyenv/versions/3.12.0/envs/pyvenv_312/include -I/usr/local/google/home/ssreenithi/.pyenv/versions/3.12.0/include/python3.12 -c src/core/credentials/transport/alts/grpc_alts_credentials_options.cc -o pyb/temp.linux-x86_64-cpython-312/src/core/credentials/transport/alts/grpc_alts_credentials_options.o -std=c++17 -fvisibility=hidden -fno-wrapv -fno-exceptions -pthread
      gcc -fno-strict-overflow -Wsign-compare -DNDEBUG -g -O3 -Wall -fPIC -D_WIN32_WINNT=1536 -DGRPC_XDS_USER_AGENT_NAME_SUFFIX=\"Python\" -DGRPC_XDS_USER_AGENT_VERSION_SUFFIX=\"1.79.0.dev0\" -DHAVE_CONFIG_H=1 -DGRPC_ENABLE_FORK_SUPPORT=1 -DGRPC_ENABLE_FORK_SUPPORT_DEFAULT=false -DGRPC_PYTHON_BUILD=1 -D__STDC_FORMAT_MACROS "-DPyMODINIT_FUNC=extern \"C\" __attribute__((visibility (\"default\"))) PyObject*" -DGRPC_POSIX_FORK_ALLOW_PTHREAD_ATFORK=1 -Isrc/python/grpcio -Iinclude -I. -Ithird_party/abseil-cpp -Ithird_party/address_sorting/include -Ithird_party/cares/cares/include -Ithird_party/cares -Ithird_party/cares/cares -Ithird_party/cares/cares/src/lib/include -Ithird_party/cares/cares/src/lib -Ithird_party/cares/config_linux -Ithird_party/re2 -Ithird_party/boringssl-with-bazel/src/include -Ithird_party/upb -Isrc/core/ext/upb-gen -Isrc/core/ext/upbdefs-gen -Ithird_party/utf8_range -Ithird_party/xxhash -Ithird_party/zlib -I/usr/local/google/home/ssreenithi/.pyenv/versions/3.12.0/envs/pyvenv_312/include -I/usr/local/google/home/ssreenithi/.pyenv/versions/3.12.0/include/python3.12 -c src/core/ext/upbdefs-gen/xds/type/matcher/v3/ip.upbdefs.c -o pyb/temp.linux-x86_64-cpython-312/src/core/ext/upbdefs-gen/xds/type/matcher/v3/ip.upbdefs.o -fvisibility=hidden -fno-wrapv -fno-exceptions -pthread
      g++ -fno-strict-overflow -Wsign-compare -DNDEBUG -g -O3 -Wall -fPIC -D_WIN32_WINNT=1536 -DGRPC_XDS_USER_AGENT_NAME_SUFFIX=\"Python\" -DGRPC_XDS_USER_AGENT_VERSION_SUFFIX=\"1.79.0.dev0\" -DHAVE_CONFIG_H=1 -DGRPC_ENABLE_FORK_SUPPORT=1 -DGRPC_ENABLE_FORK_SUPPORT_DEFAULT=false -DGRPC_PYTHON_BUILD=1 -D__STDC_FORMAT_MACROS "-DPyMODINIT_FUNC=extern \"C\" __attribute__((visibility (\"default\"))) PyObject*" -DGRPC_POSIX_FORK_ALLOW_PTHREAD_ATFORK=1 -Isrc/python/grpcio -Iinclude -I. -Ithird_party/abseil-cpp -Ithird_party/address_sorting/include -Ithird_party/cares/cares/include -Ithird_party/cares -Ithird_party/cares/cares -Ithird_party/cares/cares/src/lib/include -Ithird_party/cares/cares/src/lib -Ithird_party/cares/config_linux -Ithird_party/re2 -Ithird_party/boringssl-with-bazel/src/include -Ithird_party/upb -Isrc/core/ext/upb-gen -Isrc/core/ext/upbdefs-gen -Ithird_party/utf8_range -Ithird_party/xxhash -Ithird_party/zlib -I/usr/local/google/home/ssreenithi/.pyenv/versions/3.12.0/envs/pyvenv_312/include -I/usr/local/google/home/ssreenithi/.pyenv/versions/3.12.0/include/python3.12 -c src/core/lib/transport/transport_op_string.cc -o pyb/temp.linux-x86_64-cpython-312/src/core/lib/transport/transport_op_string.o -std=c++17 -fvisibility=hidden -fno-wrapv -fno-exceptions -pthread
      g++ -fno-strict-overflow -Wsign-compare -DNDEBUG -g -O3 -Wall -fPIC -D_WIN32_WINNT=1536 -DGRPC_XDS_USER_AGENT_NAME_SUFFIX=\"Python\" -DGRPC_XDS_USER_AGENT_VERSION_SUFFIX=\"1.79.0.dev0\" -DHAVE_CONFIG_H=1 -DGRPC_ENABLE_FORK_SUPPORT=1 -DGRPC_ENABLE_FORK_SUPPORT_DEFAULT=false -DGRPC_PYTHON_BUILD=1 -D__STDC_FORMAT_MACROS "-DPyMODINIT_FUNC=extern \"C\" __attribute__((visibility (\"default\"))) PyObject*" -DGRPC_POSIX_FORK_ALLOW_PTHREAD_ATFORK=1 -Isrc/python/grpcio -Iinclude -I. -Ithird_party/abseil-cpp -Ithird_party/address_sorting/include -Ithird_party/cares/cares/include -Ithird_party/cares -Ithird_party/cares/cares -Ithird_party/cares/cares/src/lib/include -Ithird_party/cares/cares/src/lib -Ithird_party/cares/config_linux -Ithird_party/re2 -Ithird_party/boringssl-with-bazel/src/include -Ithird_party/upb -Isrc/core/ext/upb-gen -Isrc/core/ext/upbdefs-gen -Ithird_party/utf8_range -Ithird_party/xxhash -Ithird_party/zlib -I/usr/local/google/home/ssreenithi/.pyenv/versions/3.12.0/envs/pyvenv_312/include -I/usr/local/google/home/ssreenithi/.pyenv/versions/3.12.0/include/python3.12 -c src/core/load_balancing/grpclb/grpclb_balancer_addresses.cc -o pyb/temp.linux-x86_64-cpython-312/src/core/load_balancing/grpclb/grpclb_balancer_addresses.o -std=c++17 -fvisibility=hidden -fno-wrapv -fno-exceptions -pthread
      g++ -fno-strict-overflow -Wsign-compare -DNDEBUG -g -O3 -Wall -fPIC -D_WIN32_WINNT=1536 -DGRPC_XDS_USER_AGENT_NAME_SUFFIX=\"Python\" -DGRPC_XDS_USER_AGENT_VERSION_SUFFIX=\"1.79.0.dev0\" -DHAVE_CONFIG_H=1 -DGRPC_ENABLE_FORK_SUPPORT=1 -DGRPC_ENABLE_FORK_SUPPORT_DEFAULT=false -DGRPC_PYTHON_BUILD=1 -D__STDC_FORMAT_MACROS "-DPyMODINIT_FUNC=extern \"C\" __attribute__((visibility (\"default\"))) PyObject*" -DGRPC_POSIX_FORK_ALLOW_PTHREAD_ATFORK=1 -Isrc/python/grpcio -Iinclude -I. -Ithird_party/abseil-cpp -Ithird_party/address_sorting/include -Ithird_party/cares/cares/include -Ithird_party/cares -Ithird_party/cares/cares -Ithird_party/cares/cares/src/lib/include -Ithird_party/cares/cares/src/lib -Ithird_party/cares/config_linux -Ithird_party/re2 -Ithird_party/boringssl-with-bazel/src/include -Ithird_party/upb -Isrc/core/ext/upb-gen -Isrc/core/ext/upbdefs-gen -Ithird_party/utf8_range -Ithird_party/xxhash -Ithird_party/zlib -I/usr/local/google/home/ssreenithi/.pyenv/versions/3.12.0/envs/pyvenv_312/include -I/usr/local/google/home/ssreenithi/.pyenv/versions/3.12.0/include/python3.12 -c src/core/load_balancing/outlier_detection/outlier_detection.cc -o pyb/temp.linux-x86_64-cpython-312/src/core/load_balancing/outlier_detection/outlier_detection.o -std=c++17 -fvisibility=hidden -fno-wrapv -fno-exceptions -pthread
      g++ -fno-strict-overflow -Wsign-compare -DNDEBUG -g -O3 -Wall -fPIC -D_WIN32_WINNT=1536 -DGRPC_XDS_USER_AGENT_NAME_SUFFIX=\"Python\" -DGRPC_XDS_USER_AGENT_VERSION_SUFFIX=\"1.79.0.dev0\" -DHAVE_CONFIG_H=1 -DGRPC_ENABLE_FORK_SUPPORT=1 -DGRPC_ENABLE_FORK_SUPPORT_DEFAULT=false -DGRPC_PYTHON_BUILD=1 -D__STDC_FORMAT_MACROS "-DPyMODINIT_FUNC=extern \"C\" __attribute__((visibility (\"default\"))) PyObject*" -DGRPC_POSIX_FORK_ALLOW_PTHREAD_ATFORK=1 -Isrc/python/grpcio -Iinclude -I. -Ithird_party/abseil-cpp -Ithird_party/address_sorting/include -Ithird_party/cares/cares/include -Ithird_party/cares -Ithird_party/cares/cares -Ithird_party/cares/cares/src/lib/include -Ithird_party/cares/cares/src/lib -Ithird_party/cares/config_linux -Ithird_party/re2 -Ithird_party/boringssl-with-bazel/src/include -Ithird_party/upb -Isrc/core/ext/upb-gen -Isrc/core/ext/upbdefs-gen -Ithird_party/utf8_range -Ithird_party/xxhash -Ithird_party/zlib -I/usr/local/google/home/ssreenithi/.pyenv/versions/3.12.0/envs/pyvenv_312/include -I/usr/local/google/home/ssreenithi/.pyenv/versions/3.12.0/include/python3.12 -c src/core/load_balancing/weighted_round_robin/weighted_round_robin.cc -o pyb/temp.linux-x86_64-cpython-312/src/core/load_balancing/weighted_round_robin/weighted_round_robin.o -std=c++17 -fvisibility=hidden -fno-wrapv -fno-exceptions -pthread
      g++ -fno-strict-overflow -Wsign-compare -DNDEBUG -g -O3 -Wall -fPIC -D_WIN32_WINNT=1536 -DGRPC_XDS_USER_AGENT_NAME_SUFFIX=\"Python\" -DGRPC_XDS_USER_AGENT_VERSION_SUFFIX=\"1.79.0.dev0\" -DHAVE_CONFIG_H=1 -DGRPC_ENABLE_FORK_SUPPORT=1 -DGRPC_ENABLE_FORK_SUPPORT_DEFAULT=false -DGRPC_PYTHON_BUILD=1 -D__STDC_FORMAT_MACROS "-DPyMODINIT_FUNC=extern \"C\" __attribute__((visibility (\"default\"))) PyObject*" -DGRPC_POSIX_FORK_ALLOW_PTHREAD_ATFORK=1 -Isrc/python/grpcio -Iinclude -I. -Ithird_party/abseil-cpp -Ithird_party/address_sorting/include -Ithird_party/cares/cares/include -Ithird_party/cares -Ithird_party/cares/cares -Ithird_party/cares/cares/src/lib/include -Ithird_party/cares/cares/src/lib -Ithird_party/cares/config_linux -Ithird_party/re2 -Ithird_party/boringssl-with-bazel/src/include -Ithird_party/upb -Isrc/core/ext/upb-gen -Isrc/core/ext/upbdefs-gen -Ithird_party/utf8_range -Ithird_party/xxhash -Ithird_party/zlib -I/usr/local/google/home/ssreenithi/.pyenv/versions/3.12.0/envs/pyvenv_312/include -I/usr/local/google/home/ssreenithi/.pyenv/versions/3.12.0/include/python3.12 -c src/core/net/socket_mutator.cc -o pyb/temp.linux-x86_64-cpython-312/src/core/net/socket_mutator.o -std=c++17 -fvisibility=hidden -fno-wrapv -fno-exceptions -pthread
      g++ -fno-strict-overflow -Wsign-compare -DNDEBUG -g -O3 -Wall -fPIC -D_WIN32_WINNT=1536 -DGRPC_XDS_USER_AGENT_NAME_SUFFIX=\"Python\" -DGRPC_XDS_USER_AGENT_VERSION_SUFFIX=\"1.79.0.dev0\" -DHAVE_CONFIG_H=1 -DGRPC_ENABLE_FORK_SUPPORT=1 -DGRPC_ENABLE_FORK_SUPPORT_DEFAULT=false -DGRPC_PYTHON_BUILD=1 -D__STDC_FORMAT_MACROS "-DPyMODINIT_FUNC=extern \"C\" __attribute__((visibility (\"default\"))) PyObject*" -DGRPC_POSIX_FORK_ALLOW_PTHREAD_ATFORK=1 -Isrc/python/grpcio -Iinclude -I. -Ithird_party/abseil-cpp -Ithird_party/address_sorting/include -Ithird_party/cares/cares/include -Ithird_party/cares -Ithird_party/cares/cares -Ithird_party/cares/cares/src/lib/include -Ithird_party/cares/cares/src/lib -Ithird_party/cares/config_linux -Ithird_party/re2 -Ithird_party/boringssl-with-bazel/src/include -Ithird_party/upb -Isrc/core/ext/upb-gen -Isrc/core/ext/upbdefs-gen -Ithird_party/utf8_range -Ithird_party/xxhash -Ithird_party/zlib -I/usr/local/google/home/ssreenithi/.pyenv/versions/3.12.0/envs/pyvenv_312/include -I/usr/local/google/home/ssreenithi/.pyenv/versions/3.12.0/include/python3.12 -c src/core/lib/iomgr/iocp_windows.cc -o pyb/temp.linux-x86_64-cpython-312/src/core/lib/iomgr/iocp_windows.o -std=c++17 -fvisibility=hidden -fno-wrapv -fno-exceptions -pthread
      ./src/core/ext/transport/chttp2/transport/decode_huff.h: In instantiation of ‘void grpc_core::HuffDecoder<F>::Done15() [with F = grpc_core::HPackParser::String::Parse(grpc_core::HPackParser::Input*, bool, size_t)::<lambda(uint8_t)>]’:
      ./src/core/ext/transport/chttp2/transport/decode_huff.h:2142:7:   required from ‘void grpc_core::HuffDecoder<F>::DecodeStep14() [with F = grpc_core::HPackParser::String::Parse(grpc_core::HPackParser::Input*, bool, size_t)::<lambda(uint8_t)>]’
       2142 |       Done15();
            |       ^~~~~~
      ./src/core/ext/transport/chttp2/transport/decode_huff.h:1746:9:   required from ‘void grpc_core::HuffDecoder<F>::DecodeStep1() [with F = grpc_core::HPackParser::String::Parse(grpc_core::HPackParser::Input*, bool, size_t)::<lambda(uint8_t)>]’
       1746 |         DecodeStep14();
            |         ^~~~~~~~~~~~
      ./src/core/ext/transport/chttp2/transport/decode_huff.h:1205:11:   required from ‘bool grpc_core::HuffDecoder<F>::Run() [with F = grpc_core::HPackParser::String::Parse(grpc_core::HPackParser::Input*, bool, size_t)::<lambda(uint8_t)>]’
       1205 |           DecodeStep1();
            |           ^~~~~~~~~~~
      src/core/ext/transport/chttp2/transport/hpack_parser.cc:365:53:   required from ‘static grpc_core::HpackParseStatus grpc_core::HPackParser::String::ParseHuff(grpc_core::HPackParser::Input*, uint32_t, Out) [with Out = grpc_core::HPackParser::String::Parse(grpc_core::HPackParser::Input*, bool, size_t)::<lambda(uint8_t)>; uint32_t = unsigned int]’
        365 |   return HuffDecoder<Out>(output, p, p + length).Run()
            |          ~~~~~~~~~~~~~~~~~~~~~~~~~~~~~~~~~~~~~~~~~~~^~
      src/core/ext/transport/chttp2/transport/hpack_parser.cc:506:18:   required from here
        506 |         ParseHuff(input, length, [&output](uint8_t c) { output.push_back(c); });
            |         ~~~~~~~~~^~~~~~~~~~~~~~~~~~~~~~~~~~~~~~~~~~~~~~~~~~~~~~~~~~~~~~~~~~~~~~
      ./src/core/ext/transport/chttp2/transport/decode_huff.h:2198:52: warning: comparison of integer expressions of different signedness: ‘uint64_t’ {aka ‘long unsigned int’} and ‘int’ [-Wsign-compare]
       2198 |         ok_ = (buffer_ & ((1 << buffer_len_) - 1)) == (1 << buffer_len_) - 1;
            |               ~~~~~~~~~~~~~~~~~~~~~~~~~~~~~~~~~~~~~^~~~~~~~~~~~~~~~~~~~~~~~~
      ./src/core/ext/transport/chttp2/transport/decode_huff.h: In instantiation of ‘void grpc_core::HuffDecoder<F>::Done15() [with F = grpc_core::HPackParser::String::ParseBinary(grpc_core::HPackParser::Input*, bool, size_t)::<lambda(uint8_t)>]’:
      ./src/core/ext/transport/chttp2/transport/decode_huff.h:2142:7:   required from ‘void grpc_core::HuffDecoder<F>::DecodeStep14() [with F = grpc_core::HPackParser::String::ParseBinary(grpc_core::HPackParser::Input*, bool, size_t)::<lambda(uint8_t)>]’
       2142 |       Done15();
            |       ^~~~~~
      ./src/core/ext/transport/chttp2/transport/decode_huff.h:1746:9:   required from ‘void grpc_core::HuffDecoder<F>::DecodeStep1() [with F = grpc_core::HPackParser::String::ParseBinary(grpc_core::HPackParser::Input*, bool, size_t)::<lambda(uint8_t)>]’
       1746 |         DecodeStep14();
            |         ^~~~~~~~~~~~
      ./src/core/ext/transport/chttp2/transport/decode_huff.h:1205:11:   required from ‘bool grpc_core::HuffDecoder<F>::Run() [with F = grpc_core::HPackParser::String::ParseBinary(grpc_core::HPackParser::Input*, bool, size_t)::<lambda(uint8_t)>]’
       1205 |           DecodeStep1();
            |           ^~~~~~~~~~~
      src/core/ext/transport/chttp2/transport/hpack_parser.cc:365:53:   required from ‘static grpc_core::HpackParseStatus grpc_core::HPackParser::String::ParseHuff(grpc_core::HPackParser::Input*, uint32_t, Out) [with Out = grpc_core::HPackParser::String::ParseBinary(grpc_core::HPackParser::Input*, bool, size_t)::<lambda(uint8_t)>; uint32_t = unsigned int]’
        365 |   return HuffDecoder<Out>(output, p, p + length).Run()
            |          ~~~~~~~~~~~~~~~~~~~~~~~~~~~~~~~~~~~~~~~~~~~^~
      src/core/ext/transport/chttp2/transport/hpack_parser.cc:532:25:   required from here
        532 |     auto sts = ParseHuff(input, length, [&state, &decompressed](uint8_t c) {
            |                ~~~~~~~~~^~~~~~~~~~~~~~~~~~~~~~~~~~~~~~~~~~~~~~~~~~~~~~~~~~~~
        533 |       if (state == State::kUnsure) {
            |       ~~~~~~~~~~~~~~~~~~~~~~~~~~~~~~
        534 |         // First byte... if it's zero it's binary
            |         ~~~~~~~~~~~~~~~~~~~~~~~~~~~~~~~~~~~~~~~~~
        535 |         if (c == 0) {
            |         ~~~~~~~~~~~~~
        536 |           // Save the type, and skip the zero
            |           ~~~~~~~~~~~~~~~~~~~~~~~~~~~~~~~~~~~
        537 |           state = State::kBinary;
            |           ~~~~~~~~~~~~~~~~~~~~~~~
        538 |           return;
            |           ~~~~~~~
        539 |         } else {
            |         ~~~~~~~~
        540 |           // Flag base64, store this value
            |           ~~~~~~~~~~~~~~~~~~~~~~~~~~~~~~~~
        541 |           state = State::kBase64;
            |           ~~~~~~~~~~~~~~~~~~~~~~~
        542 |         }
            |         ~
        543 |       }
            |       ~
        544 |       // Non-first byte, or base64 first byte
            |       ~~~~~~~~~~~~~~~~~~~~~~~~~~~~~~~~~~~~~~~
        545 |       decompressed.push_back(c);
            |       ~~~~~~~~~~~~~~~~~~~~~~~~~~
        546 |     });
            |     ~~
      ./src/core/ext/transport/chttp2/transport/decode_huff.h:2198:52: warning: comparison of integer expressions of different signedness: ‘uint64_t’ {aka ‘long unsigned int’} and ‘int’ [-Wsign-compare]
       2198 |         ok_ = (buffer_ & ((1 << buffer_len_) - 1)) == (1 << buffer_len_) - 1;
            |               ~~~~~~~~~~~~~~~~~~~~~~~~~~~~~~~~~~~~~^~~~~~~~~~~~~~~~~~~~~~~~~
      g++ -fno-strict-overflow -Wsign-compare -DNDEBUG -g -O3 -Wall -fPIC -D_WIN32_WINNT=1536 -DGRPC_XDS_USER_AGENT_NAME_SUFFIX=\"Python\" -DGRPC_XDS_USER_AGENT_VERSION_SUFFIX=\"1.79.0.dev0\" -DHAVE_CONFIG_H=1 -DGRPC_ENABLE_FORK_SUPPORT=1 -DGRPC_ENABLE_FORK_SUPPORT_DEFAULT=false -DGRPC_PYTHON_BUILD=1 -D__STDC_FORMAT_MACROS "-DPyMODINIT_FUNC=extern \"C\" __attribute__((visibility (\"default\"))) PyObject*" -DGRPC_POSIX_FORK_ALLOW_PTHREAD_ATFORK=1 -Isrc/python/grpcio -Iinclude -I. -Ithird_party/abseil-cpp -Ithird_party/address_sorting/include -Ithird_party/cares/cares/include -Ithird_party/cares -Ithird_party/cares/cares -Ithird_party/cares/cares/src/lib/include -Ithird_party/cares/cares/src/lib -Ithird_party/cares/config_linux -Ithird_party/re2 -Ithird_party/boringssl-with-bazel/src/include -Ithird_party/upb -Isrc/core/ext/upb-gen -Isrc/core/ext/upbdefs-gen -Ithird_party/utf8_range -Ithird_party/xxhash -Ithird_party/zlib -I/usr/local/google/home/ssreenithi/.pyenv/versions/3.12.0/envs/pyvenv_312/include -I/usr/local/google/home/ssreenithi/.pyenv/versions/3.12.0/include/python3.12 -c src/core/resolver/dns/c_ares/grpc_ares_wrapper_posix.cc -o pyb/temp.linux-x86_64-cpython-312/src/core/resolver/dns/c_ares/grpc_ares_wrapper_posix.o -std=c++17 -fvisibility=hidden -fno-wrapv -fno-exceptions -pthread
      g++ -fno-strict-overflow -Wsign-compare -DNDEBUG -g -O3 -Wall -fPIC -D_WIN32_WINNT=1536 -DGRPC_XDS_USER_AGENT_NAME_SUFFIX=\"Python\" -DGRPC_XDS_USER_AGENT_VERSION_SUFFIX=\"1.79.0.dev0\" -DHAVE_CONFIG_H=1 -DGRPC_ENABLE_FORK_SUPPORT=1 -DGRPC_ENABLE_FORK_SUPPORT_DEFAULT=false -DGRPC_PYTHON_BUILD=1 -D__STDC_FORMAT_MACROS "-DPyMODINIT_FUNC=extern \"C\" __attribute__((visibility (\"default\"))) PyObject*" -DGRPC_POSIX_FORK_ALLOW_PTHREAD_ATFORK=1 -Isrc/python/grpcio -Iinclude -I. -Ithird_party/abseil-cpp -Ithird_party/address_sorting/include -Ithird_party/cares/cares/include -Ithird_party/cares -Ithird_party/cares/cares -Ithird_party/cares/cares/src/lib/include -Ithird_party/cares/cares/src/lib -Ithird_party/cares/config_linux -Ithird_party/re2 -Ithird_party/boringssl-with-bazel/src/include -Ithird_party/upb -Isrc/core/ext/upb-gen -Isrc/core/ext/upbdefs-gen -Ithird_party/utf8_range -Ithird_party/xxhash -Ithird_party/zlib -I/usr/local/google/home/ssreenithi/.pyenv/versions/3.12.0/envs/pyvenv_312/include -I/usr/local/google/home/ssreenithi/.pyenv/versions/3.12.0/include/python3.12 -c src/core/plugin_registry/grpc_plugin_registry.cc -o pyb/temp.linux-x86_64-cpython-312/src/core/plugin_registry/grpc_plugin_registry.o -std=c++17 -fvisibility=hidden -fno-wrapv -fno-exceptions -pthread
      g++ -fno-strict-overflow -Wsign-compare -DNDEBUG -g -O3 -Wall -fPIC -D_WIN32_WINNT=1536 -DGRPC_XDS_USER_AGENT_NAME_SUFFIX=\"Python\" -DGRPC_XDS_USER_AGENT_VERSION_SUFFIX=\"1.79.0.dev0\" -DHAVE_CONFIG_H=1 -DGRPC_ENABLE_FORK_SUPPORT=1 -DGRPC_ENABLE_FORK_SUPPORT_DEFAULT=false -DGRPC_PYTHON_BUILD=1 -D__STDC_FORMAT_MACROS "-DPyMODINIT_FUNC=extern \"C\" __attribute__((visibility (\"default\"))) PyObject*" -DGRPC_POSIX_FORK_ALLOW_PTHREAD_ATFORK=1 -Isrc/python/grpcio -Iinclude -I. -Ithird_party/abseil-cpp -Ithird_party/address_sorting/include -Ithird_party/cares/cares/include -Ithird_party/cares -Ithird_party/cares/cares -Ithird_party/cares/cares/src/lib/include -Ithird_party/cares/cares/src/lib -Ithird_party/cares/config_linux -Ithird_party/re2 -Ithird_party/boringssl-with-bazel/src/include -Ithird_party/upb -Isrc/core/ext/upb-gen -Isrc/core/ext/upbdefs-gen -Ithird_party/utf8_range -Ithird_party/xxhash -Ithird_party/zlib -I/usr/local/google/home/ssreenithi/.pyenv/versions/3.12.0/envs/pyvenv_312/include -I/usr/local/google/home/ssreenithi/.pyenv/versions/3.12.0/include/python3.12 -c src/core/resolver/fake/fake_resolver.cc -o pyb/temp.linux-x86_64-cpython-312/src/core/resolver/fake/fake_resolver.o -std=c++17 -fvisibility=hidden -fno-wrapv -fno-exceptions -pthread
      g++ -fno-strict-overflow -Wsign-compare -DNDEBUG -g -O3 -Wall -fPIC -D_WIN32_WINNT=1536 -DGRPC_XDS_USER_AGENT_NAME_SUFFIX=\"Python\" -DGRPC_XDS_USER_AGENT_VERSION_SUFFIX=\"1.79.0.dev0\" -DHAVE_CONFIG_H=1 -DGRPC_ENABLE_FORK_SUPPORT=1 -DGRPC_ENABLE_FORK_SUPPORT_DEFAULT=false -DGRPC_PYTHON_BUILD=1 -D__STDC_FORMAT_MACROS "-DPyMODINIT_FUNC=extern \"C\" __attribute__((visibility (\"default\"))) PyObject*" -DGRPC_POSIX_FORK_ALLOW_PTHREAD_ATFORK=1 -Isrc/python/grpcio -Iinclude -I. -Ithird_party/abseil-cpp -Ithird_party/address_sorting/include -Ithird_party/cares/cares/include -Ithird_party/cares -Ithird_party/cares/cares -Ithird_party/cares/cares/src/lib/include -Ithird_party/cares/cares/src/lib -Ithird_party/cares/config_linux -Ithird_party/re2 -Ithird_party/boringssl-with-bazel/src/include -Ithird_party/upb -Isrc/core/ext/upb-gen -Isrc/core/ext/upbdefs-gen -Ithird_party/utf8_range -Ithird_party/xxhash -Ithird_party/zlib -I/usr/local/google/home/ssreenithi/.pyenv/versions/3.12.0/envs/pyvenv_312/include -I/usr/local/google/home/ssreenithi/.pyenv/versions/3.12.0/include/python3.12 -c src/core/lib/iomgr/iomgr.cc -o pyb/temp.linux-x86_64-cpython-312/src/core/lib/iomgr/iomgr.o -std=c++17 -fvisibility=hidden -fno-wrapv -fno-exceptions -pthread
      g++ -fno-strict-overflow -Wsign-compare -DNDEBUG -g -O3 -Wall -fPIC -D_WIN32_WINNT=1536 -DGRPC_XDS_USER_AGENT_NAME_SUFFIX=\"Python\" -DGRPC_XDS_USER_AGENT_VERSION_SUFFIX=\"1.79.0.dev0\" -DHAVE_CONFIG_H=1 -DGRPC_ENABLE_FORK_SUPPORT=1 -DGRPC_ENABLE_FORK_SUPPORT_DEFAULT=false -DGRPC_PYTHON_BUILD=1 -D__STDC_FORMAT_MACROS "-DPyMODINIT_FUNC=extern \"C\" __attribute__((visibility (\"default\"))) PyObject*" -DGRPC_POSIX_FORK_ALLOW_PTHREAD_ATFORK=1 -Isrc/python/grpcio -Iinclude -I. -Ithird_party/abseil-cpp -Ithird_party/address_sorting/include -Ithird_party/cares/cares/include -Ithird_party/cares -Ithird_party/cares/cares -Ithird_party/cares/cares/src/lib/include -Ithird_party/cares/cares/src/lib -Ithird_party/cares/config_linux -Ithird_party/re2 -Ithird_party/boringssl-with-bazel/src/include -Ithird_party/upb -Isrc/core/ext/upb-gen -Isrc/core/ext/upbdefs-gen -Ithird_party/utf8_range -Ithird_party/xxhash -Ithird_party/zlib -I/usr/local/google/home/ssreenithi/.pyenv/versions/3.12.0/envs/pyvenv_312/include -I/usr/local/google/home/ssreenithi/.pyenv/versions/3.12.0/include/python3.12 -c src/core/resolver/xds/xds_dependency_manager.cc -o pyb/temp.linux-x86_64-cpython-312/src/core/resolver/xds/xds_dependency_manager.o -std=c++17 -fvisibility=hidden -fno-wrapv -fno-exceptions -pthread
      g++ -fno-strict-overflow -Wsign-compare -DNDEBUG -g -O3 -Wall -fPIC -D_WIN32_WINNT=1536 -DGRPC_XDS_USER_AGENT_NAME_SUFFIX=\"Python\" -DGRPC_XDS_USER_AGENT_VERSION_SUFFIX=\"1.79.0.dev0\" -DHAVE_CONFIG_H=1 -DGRPC_ENABLE_FORK_SUPPORT=1 -DGRPC_ENABLE_FORK_SUPPORT_DEFAULT=false -DGRPC_PYTHON_BUILD=1 -D__STDC_FORMAT_MACROS "-DPyMODINIT_FUNC=extern \"C\" __attribute__((visibility (\"default\"))) PyObject*" -DGRPC_POSIX_FORK_ALLOW_PTHREAD_ATFORK=1 -Isrc/python/grpcio -Iinclude -I. -Ithird_party/abseil-cpp -Ithird_party/address_sorting/include -Ithird_party/cares/cares/include -Ithird_party/cares -Ithird_party/cares/cares -Ithird_party/cares/cares/src/lib/include -Ithird_party/cares/cares/src/lib -Ithird_party/cares/config_linux -Ithird_party/re2 -Ithird_party/boringssl-with-bazel/src/include -Ithird_party/upb -Isrc/core/ext/upb-gen -Isrc/core/ext/upbdefs-gen -Ithird_party/utf8_range -Ithird_party/xxhash -Ithird_party/zlib -I/usr/local/google/home/ssreenithi/.pyenv/versions/3.12.0/envs/pyvenv_312/include -I/usr/local/google/home/ssreenithi/.pyenv/versions/3.12.0/include/python3.12 -c src/core/server/xds_server_config_fetcher.cc -o pyb/temp.linux-x86_64-cpython-312/src/core/server/xds_server_config_fetcher.o -std=c++17 -fvisibility=hidden -fno-wrapv -fno-exceptions -pthread
      g++ -fno-strict-overflow -Wsign-compare -DNDEBUG -g -O3 -Wall -fPIC -D_WIN32_WINNT=1536 -DGRPC_XDS_USER_AGENT_NAME_SUFFIX=\"Python\" -DGRPC_XDS_USER_AGENT_VERSION_SUFFIX=\"1.79.0.dev0\" -DHAVE_CONFIG_H=1 -DGRPC_ENABLE_FORK_SUPPORT=1 -DGRPC_ENABLE_FORK_SUPPORT_DEFAULT=false -DGRPC_PYTHON_BUILD=1 -D__STDC_FORMAT_MACROS "-DPyMODINIT_FUNC=extern \"C\" __attribute__((visibility (\"default\"))) PyObject*" -DGRPC_POSIX_FORK_ALLOW_PTHREAD_ATFORK=1 -Isrc/python/grpcio -Iinclude -I. -Ithird_party/abseil-cpp -Ithird_party/address_sorting/include -Ithird_party/cares/cares/include -Ithird_party/cares -Ithird_party/cares/cares -Ithird_party/cares/cares/src/lib/include -Ithird_party/cares/cares/src/lib -Ithird_party/cares/config_linux -Ithird_party/re2 -Ithird_party/boringssl-with-bazel/src/include -Ithird_party/upb -Isrc/core/ext/upb-gen -Isrc/core/ext/upbdefs-gen -Ithird_party/utf8_range -Ithird_party/xxhash -Ithird_party/zlib -I/usr/local/google/home/ssreenithi/.pyenv/versions/3.12.0/envs/pyvenv_312/include -I/usr/local/google/home/ssreenithi/.pyenv/versions/3.12.0/include/python3.12 -c src/core/call/call_filters.cc -o pyb/temp.linux-x86_64-cpython-312/src/core/call/call_filters.o -std=c++17 -fvisibility=hidden -fno-wrapv -fno-exceptions -pthread
      In file included from ./src/core/lib/promise/activity.h:30,
                       from ./src/core/lib/promise/loop.h:24:
      ./src/core/lib/promise/detail/promise_factory.h:210:5: warning: ‘always_inline’ function might not be inlinable unless also declared ‘inline’ [-Wattributes]
        210 |     PromiseFactoryImpl(Token, F&& f) {
            |     ^~~~~~~~~~~~~~~~~~
      ./src/core/lib/promise/detail/promise_factory.h:210:5: warning: ‘always_inline’ function might not be inlinable unless also declared ‘inline’ [-Wattributes]
      ./src/core/lib/promise/detail/promise_factory.h:210:5: warning: ‘always_inline’ function might not be inlinable unless also declared ‘inline’ [-Wattributes]
      ./src/core/lib/promise/detail/promise_factory.h:210:5: warning: ‘always_inline’ function might not be inlinable unless also declared ‘inline’ [-Wattributes]
      ./src/core/lib/promise/detail/promise_factory.h:210:5: warning: ‘always_inline’ function might not be inlinable unless also declared ‘inline’ [-Wattributes]
      ./src/core/lib/promise/detail/promise_factory.h:210:5: warning: ‘always_inline’ function might not be inlinable unless also declared ‘inline’ [-Wattributes]
      ./src/core/lib/promise/detail/promise_factory.h:210:5: warning: ‘always_inline’ function might not be inlinable unless also declared ‘inline’ [-Wattributes]
      ./src/core/lib/promise/detail/promise_factory.h:210:5: warning: ‘always_inline’ function might not be inlinable unless also declared ‘inline’ [-Wattributes]
      ./src/core/lib/promise/detail/promise_factory.h:210:5: warning: ‘always_inline’ function might not be inlinable unless also declared ‘inline’ [-Wattributes]
      ./src/core/lib/promise/detail/promise_factory.h:210:5: warning: ‘always_inline’ function might not be inlinable unless also declared ‘inline’ [-Wattributes]
      g++ -fno-strict-overflow -Wsign-compare -DNDEBUG -g -O3 -Wall -fPIC -D_WIN32_WINNT=1536 -DGRPC_XDS_USER_AGENT_NAME_SUFFIX=\"Python\" -DGRPC_XDS_USER_AGENT_VERSION_SUFFIX=\"1.79.0.dev0\" -DHAVE_CONFIG_H=1 -DGRPC_ENABLE_FORK_SUPPORT=1 -DGRPC_ENABLE_FORK_SUPPORT_DEFAULT=false -DGRPC_PYTHON_BUILD=1 -D__STDC_FORMAT_MACROS "-DPyMODINIT_FUNC=extern \"C\" __attribute__((visibility (\"default\"))) PyObject*" -DGRPC_POSIX_FORK_ALLOW_PTHREAD_ATFORK=1 -Isrc/python/grpcio -Iinclude -I. -Ithird_party/abseil-cpp -Ithird_party/address_sorting/include -Ithird_party/cares/cares/include -Ithird_party/cares -Ithird_party/cares/cares -Ithird_party/cares/cares/src/lib/include -Ithird_party/cares/cares/src/lib -Ithird_party/cares/config_linux -Ithird_party/re2 -Ithird_party/boringssl-with-bazel/src/include -Ithird_party/upb -Isrc/core/ext/upb-gen -Isrc/core/ext/upbdefs-gen -Ithird_party/utf8_range -Ithird_party/xxhash -Ithird_party/zlib -I/usr/local/google/home/ssreenithi/.pyenv/versions/3.12.0/envs/pyvenv_312/include -I/usr/local/google/home/ssreenithi/.pyenv/versions/3.12.0/include/python3.12 -c src/core/lib/event_engine/posix_engine/timer_manager.cc -o pyb/temp.linux-x86_64-cpython-312/src/core/lib/event_engine/posix_engine/timer_manager.o -std=c++17 -fvisibility=hidden -fno-wrapv -fno-exceptions -pthread
      g++ -fno-strict-overflow -Wsign-compare -DNDEBUG -g -O3 -Wall -fPIC -D_WIN32_WINNT=1536 -DGRPC_XDS_USER_AGENT_NAME_SUFFIX=\"Python\" -DGRPC_XDS_USER_AGENT_VERSION_SUFFIX=\"1.79.0.dev0\" -DHAVE_CONFIG_H=1 -DGRPC_ENABLE_FORK_SUPPORT=1 -DGRPC_ENABLE_FORK_SUPPORT_DEFAULT=false -DGRPC_PYTHON_BUILD=1 -D__STDC_FORMAT_MACROS "-DPyMODINIT_FUNC=extern \"C\" __attribute__((visibility (\"default\"))) PyObject*" -DGRPC_POSIX_FORK_ALLOW_PTHREAD_ATFORK=1 -Isrc/python/grpcio -Iinclude -I. -Ithird_party/abseil-cpp -Ithird_party/address_sorting/include -Ithird_party/cares/cares/include -Ithird_party/cares -Ithird_party/cares/cares -Ithird_party/cares/cares/src/lib/include -Ithird_party/cares/cares/src/lib -Ithird_party/cares/config_linux -Ithird_party/re2 -Ithird_party/boringssl-with-bazel/src/include -Ithird_party/upb -Isrc/core/ext/upb-gen -Isrc/core/ext/upbdefs-gen -Ithird_party/utf8_range -Ithird_party/xxhash -Ithird_party/zlib -I/usr/local/google/home/ssreenithi/.pyenv/versions/3.12.0/envs/pyvenv_312/include -I/usr/local/google/home/ssreenithi/.pyenv/versions/3.12.0/include/python3.12 -c src/core/lib/experiments/config.cc -o pyb/temp.linux-x86_64-cpython-312/src/core/lib/experiments/config.o -std=c++17 -fvisibility=hidden -fno-wrapv -fno-exceptions -pthread
      g++ -fno-strict-overflow -Wsign-compare -DNDEBUG -g -O3 -Wall -fPIC -D_WIN32_WINNT=1536 -DGRPC_XDS_USER_AGENT_NAME_SUFFIX=\"Python\" -DGRPC_XDS_USER_AGENT_VERSION_SUFFIX=\"1.79.0.dev0\" -DHAVE_CONFIG_H=1 -DGRPC_ENABLE_FORK_SUPPORT=1 -DGRPC_ENABLE_FORK_SUPPORT_DEFAULT=false -DGRPC_PYTHON_BUILD=1 -D__STDC_FORMAT_MACROS "-DPyMODINIT_FUNC=extern \"C\" __attribute__((visibility (\"default\"))) PyObject*" -DGRPC_POSIX_FORK_ALLOW_PTHREAD_ATFORK=1 -Isrc/python/grpcio -Iinclude -I. -Ithird_party/abseil-cpp -Ithird_party/address_sorting/include -Ithird_party/cares/cares/include -Ithird_party/cares -Ithird_party/cares/cares -Ithird_party/cares/cares/src/lib/include -Ithird_party/cares/cares/src/lib -Ithird_party/cares/config_linux -Ithird_party/re2 -Ithird_party/boringssl-with-bazel/src/include -Ithird_party/upb -Isrc/core/ext/upb-gen -Isrc/core/ext/upbdefs-gen -Ithird_party/utf8_range -Ithird_party/xxhash -Ithird_party/zlib -I/usr/local/google/home/ssreenithi/.pyenv/versions/3.12.0/envs/pyvenv_312/include -I/usr/local/google/home/ssreenithi/.pyenv/versions/3.12.0/include/python3.12 -c src/core/lib/event_engine/posix_engine/internal_errqueue.cc -o pyb/temp.linux-x86_64-cpython-312/src/core/lib/event_engine/posix_engine/internal_errqueue.o -std=c++17 -fvisibility=hidden -fno-wrapv -fno-exceptions -pthread
      g++ -fno-strict-overflow -Wsign-compare -DNDEBUG -g -O3 -Wall -fPIC -D_WIN32_WINNT=1536 -DGRPC_XDS_USER_AGENT_NAME_SUFFIX=\"Python\" -DGRPC_XDS_USER_AGENT_VERSION_SUFFIX=\"1.79.0.dev0\" -DHAVE_CONFIG_H=1 -DGRPC_ENABLE_FORK_SUPPORT=1 -DGRPC_ENABLE_FORK_SUPPORT_DEFAULT=false -DGRPC_PYTHON_BUILD=1 -D__STDC_FORMAT_MACROS "-DPyMODINIT_FUNC=extern \"C\" __attribute__((visibility (\"default\"))) PyObject*" -DGRPC_POSIX_FORK_ALLOW_PTHREAD_ATFORK=1 -Isrc/python/grpcio -Iinclude -I. -Ithird_party/abseil-cpp -Ithird_party/address_sorting/include -Ithird_party/cares/cares/include -Ithird_party/cares -Ithird_party/cares/cares -Ithird_party/cares/cares/src/lib/include -Ithird_party/cares/cares/src/lib -Ithird_party/cares/config_linux -Ithird_party/re2 -Ithird_party/boringssl-with-bazel/src/include -Ithird_party/upb -Isrc/core/ext/upb-gen -Isrc/core/ext/upbdefs-gen -Ithird_party/utf8_range -Ithird_party/xxhash -Ithird_party/zlib -I/usr/local/google/home/ssreenithi/.pyenv/versions/3.12.0/envs/pyvenv_312/include -I/usr/local/google/home/ssreenithi/.pyenv/versions/3.12.0/include/python3.12 -c src/core/lib/iomgr/call_combiner.cc -o pyb/temp.linux-x86_64-cpython-312/src/core/lib/iomgr/call_combiner.o -std=c++17 -fvisibility=hidden -fno-wrapv -fno-exceptions -pthread
      g++ -fno-strict-overflow -Wsign-compare -DNDEBUG -g -O3 -Wall -fPIC -D_WIN32_WINNT=1536 -DGRPC_XDS_USER_AGENT_NAME_SUFFIX=\"Python\" -DGRPC_XDS_USER_AGENT_VERSION_SUFFIX=\"1.79.0.dev0\" -DHAVE_CONFIG_H=1 -DGRPC_ENABLE_FORK_SUPPORT=1 -DGRPC_ENABLE_FORK_SUPPORT_DEFAULT=false -DGRPC_PYTHON_BUILD=1 -D__STDC_FORMAT_MACROS "-DPyMODINIT_FUNC=extern \"C\" __attribute__((visibility (\"default\"))) PyObject*" -DGRPC_POSIX_FORK_ALLOW_PTHREAD_ATFORK=1 -Isrc/python/grpcio -Iinclude -I. -Ithird_party/abseil-cpp -Ithird_party/address_sorting/include -Ithird_party/cares/cares/include -Ithird_party/cares -Ithird_party/cares/cares -Ithird_party/cares/cares/src/lib/include -Ithird_party/cares/cares/src/lib -Ithird_party/cares/config_linux -Ithird_party/re2 -Ithird_party/boringssl-with-bazel/src/include -Ithird_party/upb -Isrc/core/ext/upb-gen -Isrc/core/ext/upbdefs-gen -Ithird_party/utf8_range -Ithird_party/xxhash -Ithird_party/zlib -I/usr/local/google/home/ssreenithi/.pyenv/versions/3.12.0/envs/pyvenv_312/include -I/usr/local/google/home/ssreenithi/.pyenv/versions/3.12.0/include/python3.12 -c src/core/lib/iomgr/resolve_address_posix.cc -o pyb/temp.linux-x86_64-cpython-312/src/core/lib/iomgr/resolve_address_posix.o -std=c++17 -fvisibility=hidden -fno-wrapv -fno-exceptions -pthread
      g++ -fno-strict-overflow -Wsign-compare -DNDEBUG -g -O3 -Wall -fPIC -D_WIN32_WINNT=1536 -DGRPC_XDS_USER_AGENT_NAME_SUFFIX=\"Python\" -DGRPC_XDS_USER_AGENT_VERSION_SUFFIX=\"1.79.0.dev0\" -DHAVE_CONFIG_H=1 -DGRPC_ENABLE_FORK_SUPPORT=1 -DGRPC_ENABLE_FORK_SUPPORT_DEFAULT=false -DGRPC_PYTHON_BUILD=1 -D__STDC_FORMAT_MACROS "-DPyMODINIT_FUNC=extern \"C\" __attribute__((visibility (\"default\"))) PyObject*" -DGRPC_POSIX_FORK_ALLOW_PTHREAD_ATFORK=1 -Isrc/python/grpcio -Iinclude -I. -Ithird_party/abseil-cpp -Ithird_party/address_sorting/include -Ithird_party/cares/cares/include -Ithird_party/cares -Ithird_party/cares/cares -Ithird_party/cares/cares/src/lib/include -Ithird_party/cares/cares/src/lib -Ithird_party/cares/config_linux -Ithird_party/re2 -Ithird_party/boringssl-with-bazel/src/include -Ithird_party/upb -Isrc/core/ext/upb-gen -Isrc/core/ext/upbdefs-gen -Ithird_party/utf8_range -Ithird_party/xxhash -Ithird_party/zlib -I/usr/local/google/home/ssreenithi/.pyenv/versions/3.12.0/envs/pyvenv_312/include -I/usr/local/google/home/ssreenithi/.pyenv/versions/3.12.0/include/python3.12 -c src/core/lib/slice/percent_encoding.cc -o pyb/temp.linux-x86_64-cpython-312/src/core/lib/slice/percent_encoding.o -std=c++17 -fvisibility=hidden -fno-wrapv -fno-exceptions -pthread
      g++ -fno-strict-overflow -Wsign-compare -DNDEBUG -g -O3 -Wall -fPIC -D_WIN32_WINNT=1536 -DGRPC_XDS_USER_AGENT_NAME_SUFFIX=\"Python\" -DGRPC_XDS_USER_AGENT_VERSION_SUFFIX=\"1.79.0.dev0\" -DHAVE_CONFIG_H=1 -DGRPC_ENABLE_FORK_SUPPORT=1 -DGRPC_ENABLE_FORK_SUPPORT_DEFAULT=false -DGRPC_PYTHON_BUILD=1 -D__STDC_FORMAT_MACROS "-DPyMODINIT_FUNC=extern \"C\" __attribute__((visibility (\"default\"))) PyObject*" -DGRPC_POSIX_FORK_ALLOW_PTHREAD_ATFORK=1 -Isrc/python/grpcio -Iinclude -I. -Ithird_party/abseil-cpp -Ithird_party/address_sorting/include -Ithird_party/cares/cares/include -Ithird_party/cares -Ithird_party/cares/cares -Ithird_party/cares/cares/src/lib/include -Ithird_party/cares/cares/src/lib -Ithird_party/cares/config_linux -Ithird_party/re2 -Ithird_party/boringssl-with-bazel/src/include -Ithird_party/upb -Isrc/core/ext/upb-gen -Isrc/core/ext/upbdefs-gen -Ithird_party/utf8_range -Ithird_party/xxhash -Ithird_party/zlib -I/usr/local/google/home/ssreenithi/.pyenv/versions/3.12.0/envs/pyvenv_312/include -I/usr/local/google/home/ssreenithi/.pyenv/versions/3.12.0/include/python3.12 -c src/core/lib/iomgr/unix_sockets_posix_noop.cc -o pyb/temp.linux-x86_64-cpython-312/src/core/lib/iomgr/unix_sockets_posix_noop.o -std=c++17 -fvisibility=hidden -fno-wrapv -fno-exceptions -pthread
      In file included from ./src/core/lib/promise/seq.h:25,
                       from ./src/core/lib/promise/loop.h:27:
      In destructor ‘grpc_core::promise_detail::SeqState<Traits, P, F0>::~SeqState() [with Traits = grpc_core::promise_detail::TrySeqTraits; P = absl::lts_20250512::AnyInvocable<grpc_core::Poll<absl::lts_20250512::Status>()>; F0 = grpc_core::http2::KeepaliveManager::WaitForKeepAliveTimeout()::<lambda()>::<lambda()>::<lambda()>]’,
          inlined from ‘grpc_core::promise_detail::TrySeq<absl::lts_20250512::AnyInvocable<grpc_core::Poll<absl::lts_20250512::Status>()>, grpc_core::http2::KeepaliveManager::WaitForKeepAliveTimeout()::<lambda()>::<lambda()>::<lambda()> >::~TrySeq()’ at ./src/core/lib/promise/try_seq.h:254:7,
          inlined from ‘grpc_core::promise_detail::PromiseLike<grpc_core::promise_detail::TrySeq<absl::lts_20250512::AnyInvocable<grpc_core::Poll<absl::lts_20250512::Status>()>, grpc_core::http2::KeepaliveManager::WaitForKeepAliveTimeout()::<lambda()>::<lambda()>::<lambda()> >, void>::~PromiseLike()’ at ./src/core/lib/promise/detail/promise_like.h:204:7,
          inlined from ‘void grpc_core::Destruct(T*) [with T = promise_detail::PromiseLike<promise_detail::TrySeq<absl::lts_20250512::AnyInvocable<Poll<absl::lts_20250512::Status>()>, http2::KeepaliveManager::WaitForKeepAliveTimeout()::<lambda()>::<lambda()>::<lambda()> >, void>]’ at ./src/core/util/construct_destruct.h:28:8,
          inlined from ‘grpc_core::If<bool, T, F>::~If() [with T = grpc_core::http2::KeepaliveManager::WaitForKeepAliveTimeout()::<lambda()>::<lambda()>; F = grpc_core::http2::KeepaliveManager::WaitForKeepAliveTimeout()::<lambda()>::<lambda()>]’ at ./src/core/lib/promise/if.h:190:15,
          inlined from ‘grpc_core::promise_detail::PromiseLike<grpc_core::If<bool, grpc_core::http2::KeepaliveManager::WaitForKeepAliveTimeout()::<lambda()>::<lambda()>, grpc_core::http2::KeepaliveManager::WaitForKeepAliveTimeout()::<lambda()>::<lambda()> >, void>::~PromiseLike()’ at ./src/core/lib/promise/detail/promise_like.h:204:7,
          inlined from ‘void grpc_core::Destruct(T*) [with T = promise_detail::PromiseLike<If<bool, http2::KeepaliveManager::WaitForKeepAliveTimeout()::<lambda()>::<lambda()>, http2::KeepaliveManager::WaitForKeepAliveTimeout()::<lambda()>::<lambda()> >, void>]’ at ./src/core/util/construct_destruct.h:28:8,
          inlined from ‘grpc_core::promise_detail::SeqState<Traits, P, F0>::~SeqState() [with Traits = grpc_core::promise_detail::TrySeqTraits; P = grpc_core::Sleep; F0 = grpc_core::http2::KeepaliveManager::WaitForKeepAliveTimeout()::<lambda()>]’ at ./src/core/lib/promise/detail/seq_state.h:116:17,
          inlined from ‘grpc_core::promise_detail::TrySeq<grpc_core::Sleep, grpc_core::http2::KeepaliveManager::WaitForKeepAliveTimeout()::<lambda()> >::~TrySeq()’ at ./src/core/lib/promise/try_seq.h:254:7,
          inlined from ‘grpc_core::Race<Promise, Promises ...>::Race(Promise, Promises ...) [with Promise = grpc_core::http2::KeepaliveManager::WaitForData()::<lambda()>; Promises = {grpc_core::promise_detail::TrySeq<grpc_core::Sleep, grpc_core::http2::KeepaliveManager::WaitForKeepAliveTimeout()::<lambda()> >}]’ at ./src/core/lib/promise/race.h:40:39,
          inlined from ‘auto grpc_core::http2::KeepaliveManager::TimeoutAndSendPing()’ at src/core/ext/transport/chttp2/transport/keepalive.cc:71:75:
      ./src/core/lib/promise/detail/seq_state.h:111:13: warning: ‘*(grpc_core::promise_detail::SeqState<grpc_core::promise_detail::TrySeqTraits, absl::lts_20250512::AnyInvocable<grpc_core::Poll<absl::lts_20250512::Status>()>, grpc_core::http2::KeepaliveManager::WaitForKeepAliveTimeout::._anon_573::operator()::._anon_576::operator()::._anon_578>*)((char*)&<unnamed> + offsetof(grpc_core::promise_detail::TrySeq<grpc_core::Sleep, grpc_core::http2::KeepaliveManager::WaitForKeepAliveTimeout::._anon_573>,grpc_core::promise_detail::TrySeq<grpc_core::Sleep, grpc_core::http2::KeepaliveManager::WaitForKeepAliveTimeout::._anon_573>::state_.grpc_core::promise_detail::SeqState<grpc_core::promise_detail::TrySeqTraits, grpc_core::Sleep, grpc_core::http2::KeepaliveManager::WaitForKeepAliveTimeout::._anon_573>::<unnamed>) + 16).grpc_core::promise_detail::SeqState<grpc_core::promise_detail::TrySeqTraits, absl::lts_20250512::AnyInvocable<grpc_core::Poll<absl::lts_20250512::Status>()>, grpc_core::http2::KeepaliveManager::WaitForKeepAliveTimeout()::<lambda()>::<lambda()>::<lambda()> >::state’ may be used uninitialized [-Wmaybe-uninitialized]
        111 |     switch (state) {
            |             ^~~~~
      In file included from src/core/ext/transport/chttp2/transport/keepalive.cc:27:
      ./src/core/lib/promise/race.h: In member function ‘auto grpc_core::http2::KeepaliveManager::TimeoutAndSendPing()’:
      ./src/core/lib/promise/race.h:40:39: note: ‘<anonymous>’ declared here
         40 |       : promise_(std::move(promise)), next_(std::move(promises)...) {}
            |                                       ^~~~~~~~~~~~~~~~~~~~~~~~~~~~~
      In file included from third_party/abseil-cpp/absl/functional/any_invocable.h:43,
                       from third_party/abseil-cpp/absl/functional/internal/function_ref.h:22,
                       from third_party/abseil-cpp/absl/functional/function_ref.h:54,
                       from third_party/abseil-cpp/absl/hash/hash.h:88,
                       from third_party/abseil-cpp/absl/container/internal/hash_function_defaults.h:57,
                       from third_party/abseil-cpp/absl/container/hash_container_defaults.h:19,
                       from third_party/abseil-cpp/absl/container/flat_hash_map.h:43,
                       from ./src/core/lib/debug/trace_impl.h:24,
                       from ./src/core/lib/debug/trace_flags.h:22,
                       from ./src/core/lib/debug/trace.h:18,
                       from ./src/core/lib/promise/loop.h:23:
      In destructor ‘absl::lts_20250512::internal_any_invocable::CoreImpl<SigIsNoexcept, ReturnType, P>::~CoreImpl() [with bool SigIsNoexcept = false; ReturnType = grpc_core::Poll<absl::lts_20250512::Status>; P = {}]’,
          inlined from ‘absl::lts_20250512::internal_any_invocable::Impl<grpc_core::Poll<absl::lts_20250512::Status>()>::~Impl()’ at third_party/abseil-cpp/absl/functional/internal/any_invocable.h:754:1,
          inlined from ‘absl::lts_20250512::AnyInvocable<Sig>::~AnyInvocable() [with Sig = grpc_core::Poll<absl::lts_20250512::Status>()]’ at third_party/abseil-cpp/absl/functional/any_invocable.h:269:3,
          inlined from ‘grpc_core::promise_detail::PromiseLike<absl::lts_20250512::AnyInvocable<grpc_core::Poll<absl::lts_20250512::Status>()>, void>::~PromiseLike()’ at ./src/core/lib/promise/detail/promise_like.h:204:7,
          inlined from ‘void grpc_core::Destruct(T*) [with T = promise_detail::PromiseLike<absl::lts_20250512::AnyInvocable<Poll<absl::lts_20250512::Status>()>, void>]’ at ./src/core/util/construct_destruct.h:28:8,
          inlined from ‘grpc_core::promise_detail::SeqState<Traits, P, F0>::~SeqState() [with Traits = grpc_core::promise_detail::TrySeqTraits; P = absl::lts_20250512::AnyInvocable<grpc_core::Poll<absl::lts_20250512::Status>()>; F0 = grpc_core::http2::KeepaliveManager::WaitForKeepAliveTimeout()::<lambda()>::<lambda()>::<lambda()>]’ at ./src/core/lib/promise/detail/seq_state.h:113:17,
          inlined from ‘grpc_core::promise_detail::TrySeq<absl::lts_20250512::AnyInvocable<grpc_core::Poll<absl::lts_20250512::Status>()>, grpc_core::http2::KeepaliveManager::WaitForKeepAliveTimeout()::<lambda()>::<lambda()>::<lambda()> >::~TrySeq()’ at ./src/core/lib/promise/try_seq.h:254:7,
          inlined from ‘grpc_core::promise_detail::PromiseLike<grpc_core::promise_detail::TrySeq<absl::lts_20250512::AnyInvocable<grpc_core::Poll<absl::lts_20250512::Status>()>, grpc_core::http2::KeepaliveManager::WaitForKeepAliveTimeout()::<lambda()>::<lambda()>::<lambda()> >, void>::~PromiseLike()’ at ./src/core/lib/promise/detail/promise_like.h:204:7,
          inlined from ‘void grpc_core::Destruct(T*) [with T = promise_detail::PromiseLike<promise_detail::TrySeq<absl::lts_20250512::AnyInvocable<Poll<absl::lts_20250512::Status>()>, http2::KeepaliveManager::WaitForKeepAliveTimeout()::<lambda()>::<lambda()>::<lambda()> >, void>]’ at ./src/core/util/construct_destruct.h:28:8,
          inlined from ‘grpc_core::If<bool, T, F>::~If() [with T = grpc_core::http2::KeepaliveManager::WaitForKeepAliveTimeout()::<lambda()>::<lambda()>; F = grpc_core::http2::KeepaliveManager::WaitForKeepAliveTimeout()::<lambda()>::<lambda()>]’ at ./src/core/lib/promise/if.h:190:15,
          inlined from ‘grpc_core::promise_detail::PromiseLike<grpc_core::If<bool, grpc_core::http2::KeepaliveManager::WaitForKeepAliveTimeout()::<lambda()>::<lambda()>, grpc_core::http2::KeepaliveManager::WaitForKeepAliveTimeout()::<lambda()>::<lambda()> >, void>::~PromiseLike()’ at ./src/core/lib/promise/detail/promise_like.h:204:7,
          inlined from ‘void grpc_core::Destruct(T*) [with T = promise_detail::PromiseLike<If<bool, http2::KeepaliveManager::WaitForKeepAliveTimeout()::<lambda()>::<lambda()>, http2::KeepaliveManager::WaitForKeepAliveTimeout()::<lambda()>::<lambda()> >, void>]’ at ./src/core/util/construct_destruct.h:28:8,
          inlined from ‘grpc_core::promise_detail::SeqState<Traits, P, F0>::~SeqState() [with Traits = grpc_core::promise_detail::TrySeqTraits; P = grpc_core::Sleep; F0 = grpc_core::http2::KeepaliveManager::WaitForKeepAliveTimeout()::<lambda()>]’ at ./src/core/lib/promise/detail/seq_state.h:116:17,
          inlined from ‘grpc_core::promise_detail::TrySeq<grpc_core::Sleep, grpc_core::http2::KeepaliveManager::WaitForKeepAliveTimeout()::<lambda()> >::~TrySeq()’ at ./src/core/lib/promise/try_seq.h:254:7,
          inlined from ‘grpc_core::Race<Promise, Promises ...>::Race(Promise, Promises ...) [with Promise = grpc_core::http2::KeepaliveManager::WaitForData()::<lambda()>; Promises = {grpc_core::promise_detail::TrySeq<grpc_core::Sleep, grpc_core::http2::KeepaliveManager::WaitForKeepAliveTimeout()::<lambda()> >}]’ at ./src/core/lib/promise/race.h:40:39,
          inlined from ‘auto grpc_core::http2::KeepaliveManager::TimeoutAndSendPing()’ at src/core/ext/transport/chttp2/transport/keepalive.cc:71:75:
      third_party/abseil-cpp/absl/functional/internal/any_invocable.h:487:17: warning: ‘*(absl::lts_20250512::internal_any_invocable::CoreImpl<false, grpc_core::Poll<absl::lts_20250512::Status> >*)((char*)&<unnamed> + offsetof(grpc_core::promise_detail::TrySeq<grpc_core::Sleep, grpc_core::http2::KeepaliveManager::WaitForKeepAliveTimeout::._anon_573>,grpc_core::promise_detail::TrySeq<grpc_core::Sleep, grpc_core::http2::KeepaliveManager::WaitForKeepAliveTimeout::._anon_573>::state_.grpc_core::promise_detail::SeqState<grpc_core::promise_detail::TrySeqTraits, grpc_core::Sleep, grpc_core::http2::KeepaliveManager::WaitForKeepAliveTimeout::._anon_573>::<unnamed>) + 16).absl::lts_20250512::internal_any_invocable::CoreImpl<false, grpc_core::Poll<absl::lts_20250512::Status> >::manager_’ may be used uninitialized [-Wmaybe-uninitialized]
        487 |   ~CoreImpl() { manager_(FunctionToCall::dispose, &state_, &state_); }
            |                 ^~~~~~~~
      ./src/core/lib/promise/race.h: In member function ‘auto grpc_core::http2::KeepaliveManager::TimeoutAndSendPing()’:
      ./src/core/lib/promise/race.h:40:39: note: ‘<anonymous>’ declared here
         40 |       : promise_(std::move(promise)), next_(std::move(promises)...) {}
            |                                       ^~~~~~~~~~~~~~~~~~~~~~~~~~~~~
      g++ -fno-strict-overflow -Wsign-compare -DNDEBUG -g -O3 -Wall -fPIC -D_WIN32_WINNT=1536 -DGRPC_XDS_USER_AGENT_NAME_SUFFIX=\"Python\" -DGRPC_XDS_USER_AGENT_VERSION_SUFFIX=\"1.79.0.dev0\" -DHAVE_CONFIG_H=1 -DGRPC_ENABLE_FORK_SUPPORT=1 -DGRPC_ENABLE_FORK_SUPPORT_DEFAULT=false -DGRPC_PYTHON_BUILD=1 -D__STDC_FORMAT_MACROS "-DPyMODINIT_FUNC=extern \"C\" __attribute__((visibility (\"default\"))) PyObject*" -DGRPC_POSIX_FORK_ALLOW_PTHREAD_ATFORK=1 -Isrc/python/grpcio -Iinclude -I. -Ithird_party/abseil-cpp -Ithird_party/address_sorting/include -Ithird_party/cares/cares/include -Ithird_party/cares -Ithird_party/cares/cares -Ithird_party/cares/cares/src/lib/include -Ithird_party/cares/cares/src/lib -Ithird_party/cares/config_linux -Ithird_party/re2 -Ithird_party/boringssl-with-bazel/src/include -Ithird_party/upb -Isrc/core/ext/upb-gen -Isrc/core/ext/upbdefs-gen -Ithird_party/utf8_range -Ithird_party/xxhash -Ithird_party/zlib -I/usr/local/google/home/ssreenithi/.pyenv/versions/3.12.0/envs/pyvenv_312/include -I/usr/local/google/home/ssreenithi/.pyenv/versions/3.12.0/include/python3.12 -c src/core/lib/security/authorization/authorization_policy_provider_vtable.cc -o pyb/temp.linux-x86_64-cpython-312/src/core/lib/security/authorization/authorization_policy_provider_vtable.o -std=c++17 -fvisibility=hidden -fno-wrapv -fno-exceptions -pthread
      g++ -fno-strict-overflow -Wsign-compare -DNDEBUG -g -O3 -Wall -fPIC -D_WIN32_WINNT=1536 -DGRPC_XDS_USER_AGENT_NAME_SUFFIX=\"Python\" -DGRPC_XDS_USER_AGENT_VERSION_SUFFIX=\"1.79.0.dev0\" -DHAVE_CONFIG_H=1 -DGRPC_ENABLE_FORK_SUPPORT=1 -DGRPC_ENABLE_FORK_SUPPORT_DEFAULT=false -DGRPC_PYTHON_BUILD=1 -D__STDC_FORMAT_MACROS "-DPyMODINIT_FUNC=extern \"C\" __attribute__((visibility (\"default\"))) PyObject*" -DGRPC_POSIX_FORK_ALLOW_PTHREAD_ATFORK=1 -Isrc/python/grpcio -Iinclude -I. -Ithird_party/abseil-cpp -Ithird_party/address_sorting/include -Ithird_party/cares/cares/include -Ithird_party/cares -Ithird_party/cares/cares -Ithird_party/cares/cares/src/lib/include -Ithird_party/cares/cares/src/lib -Ithird_party/cares/config_linux -Ithird_party/re2 -Ithird_party/boringssl-with-bazel/src/include -Ithird_party/upb -Isrc/core/ext/upb-gen -Isrc/core/ext/upbdefs-gen -Ithird_party/utf8_range -Ithird_party/xxhash -Ithird_party/zlib -I/usr/local/google/home/ssreenithi/.pyenv/versions/3.12.0/envs/pyvenv_312/include -I/usr/local/google/home/ssreenithi/.pyenv/versions/3.12.0/include/python3.12 -c src/core/lib/event_engine/slice_buffer.cc -o pyb/temp.linux-x86_64-cpython-312/src/core/lib/event_engine/slice_buffer.o -std=c++17 -fvisibility=hidden -fno-wrapv -fno-exceptions -pthread
      g++ -fno-strict-overflow -Wsign-compare -DNDEBUG -g -O3 -Wall -fPIC -D_WIN32_WINNT=1536 -DGRPC_XDS_USER_AGENT_NAME_SUFFIX=\"Python\" -DGRPC_XDS_USER_AGENT_VERSION_SUFFIX=\"1.79.0.dev0\" -DHAVE_CONFIG_H=1 -DGRPC_ENABLE_FORK_SUPPORT=1 -DGRPC_ENABLE_FORK_SUPPORT_DEFAULT=false -DGRPC_PYTHON_BUILD=1 -D__STDC_FORMAT_MACROS "-DPyMODINIT_FUNC=extern \"C\" __attribute__((visibility (\"default\"))) PyObject*" -DGRPC_POSIX_FORK_ALLOW_PTHREAD_ATFORK=1 -Isrc/python/grpcio -Iinclude -I. -Ithird_party/abseil-cpp -Ithird_party/address_sorting/include -Ithird_party/cares/cares/include -Ithird_party/cares -Ithird_party/cares/cares -Ithird_party/cares/cares/src/lib/include -Ithird_party/cares/cares/src/lib -Ithird_party/cares/config_linux -Ithird_party/re2 -Ithird_party/boringssl-with-bazel/src/include -Ithird_party/upb -Isrc/core/ext/upb-gen -Isrc/core/ext/upbdefs-gen -Ithird_party/utf8_range -Ithird_party/xxhash -Ithird_party/zlib -I/usr/local/google/home/ssreenithi/.pyenv/versions/3.12.0/envs/pyvenv_312/include -I/usr/local/google/home/ssreenithi/.pyenv/versions/3.12.0/include/python3.12 -c src/core/credentials/transport/alts/grpc_alts_credentials_server_options.cc -o pyb/temp.linux-x86_64-cpython-312/src/core/credentials/transport/alts/grpc_alts_credentials_server_options.o -std=c++17 -fvisibility=hidden -fno-wrapv -fno-exceptions -pthread
      g++ -fno-strict-overflow -Wsign-compare -DNDEBUG -g -O3 -Wall -fPIC -D_WIN32_WINNT=1536 -DGRPC_XDS_USER_AGENT_NAME_SUFFIX=\"Python\" -DGRPC_XDS_USER_AGENT_VERSION_SUFFIX=\"1.79.0.dev0\" -DHAVE_CONFIG_H=1 -DGRPC_ENABLE_FORK_SUPPORT=1 -DGRPC_ENABLE_FORK_SUPPORT_DEFAULT=false -DGRPC_PYTHON_BUILD=1 -D__STDC_FORMAT_MACROS "-DPyMODINIT_FUNC=extern \"C\" __attribute__((visibility (\"default\"))) PyObject*" -DGRPC_POSIX_FORK_ALLOW_PTHREAD_ATFORK=1 -Isrc/python/grpcio -Iinclude -I. -Ithird_party/abseil-cpp -Ithird_party/address_sorting/include -Ithird_party/cares/cares/include -Ithird_party/cares -Ithird_party/cares/cares -Ithird_party/cares/cares/src/lib/include -Ithird_party/cares/cares/src/lib -Ithird_party/cares/config_linux -Ithird_party/re2 -Ithird_party/boringssl-with-bazel/src/include -Ithird_party/upb -Isrc/core/ext/upb-gen -Isrc/core/ext/upbdefs-gen -Ithird_party/utf8_range -Ithird_party/xxhash -Ithird_party/zlib -I/usr/local/google/home/ssreenithi/.pyenv/versions/3.12.0/envs/pyvenv_312/include -I/usr/local/google/home/ssreenithi/.pyenv/versions/3.12.0/include/python3.12 -c src/core/ext/transport/chttp2/transport/frame.cc -o pyb/temp.linux-x86_64-cpython-312/src/core/ext/transport/chttp2/transport/frame.o -std=c++17 -fvisibility=hidden -fno-wrapv -fno-exceptions -pthread
      g++ -fno-strict-overflow -Wsign-compare -DNDEBUG -g -O3 -Wall -fPIC -D_WIN32_WINNT=1536 -DGRPC_XDS_USER_AGENT_NAME_SUFFIX=\"Python\" -DGRPC_XDS_USER_AGENT_VERSION_SUFFIX=\"1.79.0.dev0\" -DHAVE_CONFIG_H=1 -DGRPC_ENABLE_FORK_SUPPORT=1 -DGRPC_ENABLE_FORK_SUPPORT_DEFAULT=false -DGRPC_PYTHON_BUILD=1 -D__STDC_FORMAT_MACROS "-DPyMODINIT_FUNC=extern \"C\" __attribute__((visibility (\"default\"))) PyObject*" -DGRPC_POSIX_FORK_ALLOW_PTHREAD_ATFORK=1 -Isrc/python/grpcio -Iinclude -I. -Ithird_party/abseil-cpp -Ithird_party/address_sorting/include -Ithird_party/cares/cares/include -Ithird_party/cares -Ithird_party/cares/cares -Ithird_party/cares/cares/src/lib/include -Ithird_party/cares/cares/src/lib -Ithird_party/cares/config_linux -Ithird_party/re2 -Ithird_party/boringssl-with-bazel/src/include -Ithird_party/upb -Isrc/core/ext/upb-gen -Isrc/core/ext/upbdefs-gen -Ithird_party/utf8_range -Ithird_party/xxhash -Ithird_party/zlib -I/usr/local/google/home/ssreenithi/.pyenv/versions/3.12.0/envs/pyvenv_312/include -I/usr/local/google/home/ssreenithi/.pyenv/versions/3.12.0/include/python3.12 -c src/core/lib/event_engine/ares_resolver.cc -o pyb/temp.linux-x86_64-cpython-312/src/core/lib/event_engine/ares_resolver.o -std=c++17 -fvisibility=hidden -fno-wrapv -fno-exceptions -pthread
      g++ -fno-strict-overflow -Wsign-compare -DNDEBUG -g -O3 -Wall -fPIC -D_WIN32_WINNT=1536 -DGRPC_XDS_USER_AGENT_NAME_SUFFIX=\"Python\" -DGRPC_XDS_USER_AGENT_VERSION_SUFFIX=\"1.79.0.dev0\" -DHAVE_CONFIG_H=1 -DGRPC_ENABLE_FORK_SUPPORT=1 -DGRPC_ENABLE_FORK_SUPPORT_DEFAULT=false -DGRPC_PYTHON_BUILD=1 -D__STDC_FORMAT_MACROS "-DPyMODINIT_FUNC=extern \"C\" __attribute__((visibility (\"default\"))) PyObject*" -DGRPC_POSIX_FORK_ALLOW_PTHREAD_ATFORK=1 -Isrc/python/grpcio -Iinclude -I. -Ithird_party/abseil-cpp -Ithird_party/address_sorting/include -Ithird_party/cares/cares/include -Ithird_party/cares -Ithird_party/cares/cares -Ithird_party/cares/cares/src/lib/include -Ithird_party/cares/cares/src/lib -Ithird_party/cares/config_linux -Ithird_party/re2 -Ithird_party/boringssl-with-bazel/src/include -Ithird_party/upb -Isrc/core/ext/upb-gen -Isrc/core/ext/upbdefs-gen -Ithird_party/utf8_range -Ithird_party/xxhash -Ithird_party/zlib -I/usr/local/google/home/ssreenithi/.pyenv/versions/3.12.0/envs/pyvenv_312/include -I/usr/local/google/home/ssreenithi/.pyenv/versions/3.12.0/include/python3.12 -c src/core/call/metadata_batch.cc -o pyb/temp.linux-x86_64-cpython-312/src/core/call/metadata_batch.o -std=c++17 -fvisibility=hidden -fno-wrapv -fno-exceptions -pthread
      In file included from ./src/core/lib/promise/activity.h:30,
                       from ./src/core/lib/resource_quota/memory_quota.h:39,
                       from ./src/core/lib/resource_quota/arena.h:39,
                       from ./src/core/lib/promise/arena_promise.h:28,
                       from ./src/core/credentials/transport/security_connector.h:36,
                       from ./src/core/credentials/call/call_credentials.h:31,
                       from ./src/core/credentials/transport/transport_credentials.h:31,
                       from src/core/credentials/transport/transport_credentials.cc:17:
      ./src/core/lib/promise/detail/promise_factory.h:210:5: warning: ‘always_inline’ function might not be inlinable unless also declared ‘inline’ [-Wattributes]
        210 |     PromiseFactoryImpl(Token, F&& f) {
            |     ^~~~~~~~~~~~~~~~~~
      ./src/core/lib/promise/detail/promise_factory.h:210:5: warning: ‘always_inline’ function might not be inlinable unless also declared ‘inline’ [-Wattributes]
      ./src/core/lib/promise/detail/promise_factory.h:210:5: warning: ‘always_inline’ function might not be inlinable unless also declared ‘inline’ [-Wattributes]
      ./src/core/lib/promise/detail/promise_factory.h:210:5: warning: ‘always_inline’ function might not be inlinable unless also declared ‘inline’ [-Wattributes]
      ./src/core/lib/promise/detail/promise_factory.h:210:5: warning: ‘always_inline’ function might not be inlinable unless also declared ‘inline’ [-Wattributes]
      ./src/core/lib/promise/detail/promise_factory.h:210:5: warning: ‘always_inline’ function might not be inlinable unless also declared ‘inline’ [-Wattributes]
      ./src/core/lib/promise/detail/promise_factory.h:210:5: warning: ‘always_inline’ function might not be inlinable unless also declared ‘inline’ [-Wattributes]
      g++ -fno-strict-overflow -Wsign-compare -DNDEBUG -g -O3 -Wall -fPIC -D_WIN32_WINNT=1536 -DGRPC_XDS_USER_AGENT_NAME_SUFFIX=\"Python\" -DGRPC_XDS_USER_AGENT_VERSION_SUFFIX=\"1.79.0.dev0\" -DHAVE_CONFIG_H=1 -DGRPC_ENABLE_FORK_SUPPORT=1 -DGRPC_ENABLE_FORK_SUPPORT_DEFAULT=false -DGRPC_PYTHON_BUILD=1 -D__STDC_FORMAT_MACROS "-DPyMODINIT_FUNC=extern \"C\" __attribute__((visibility (\"default\"))) PyObject*" -DGRPC_POSIX_FORK_ALLOW_PTHREAD_ATFORK=1 -Isrc/python/grpcio -Iinclude -I. -Ithird_party/abseil-cpp -Ithird_party/address_sorting/include -Ithird_party/cares/cares/include -Ithird_party/cares -Ithird_party/cares/cares -Ithird_party/cares/cares/src/lib/include -Ithird_party/cares/cares/src/lib -Ithird_party/cares/config_linux -Ithird_party/re2 -Ithird_party/boringssl-with-bazel/src/include -Ithird_party/upb -Isrc/core/ext/upb-gen -Isrc/core/ext/upbdefs-gen -Ithird_party/utf8_range -Ithird_party/xxhash -Ithird_party/zlib -I/usr/local/google/home/ssreenithi/.pyenv/versions/3.12.0/envs/pyvenv_312/include -I/usr/local/google/home/ssreenithi/.pyenv/versions/3.12.0/include/python3.12 -c src/core/lib/iomgr/polling_entity.cc -o pyb/temp.linux-x86_64-cpython-312/src/core/lib/iomgr/polling_entity.o -std=c++17 -fvisibility=hidden -fno-wrapv -fno-exceptions -pthread
      In file included from ./src/core/lib/promise/activity.h:30,
                       from ./src/core/lib/resource_quota/memory_quota.h:39,
                       from ./src/core/lib/resource_quota/arena.h:39,
                       from ./src/core/util/chunked_vector.h:24,
                       from ./src/core/call/metadata_batch.h:41,
                       from ./src/core/client_channel/subchannel.h:29,
                       from src/core/client_channel/local_subchannel_pool.cc:25:
      ./src/core/lib/promise/detail/promise_factory.h:210:5: warning: ‘always_inline’ function might not be inlinable unless also declared ‘inline’ [-Wattributes]
        210 |     PromiseFactoryImpl(Token, F&& f) {
            |     ^~~~~~~~~~~~~~~~~~
      ./src/core/lib/promise/detail/promise_factory.h:210:5: warning: ‘always_inline’ function might not be inlinable unless also declared ‘inline’ [-Wattributes]
      ./src/core/lib/promise/detail/promise_factory.h:210:5: warning: ‘always_inline’ function might not be inlinable unless also declared ‘inline’ [-Wattributes]
      ./src/core/lib/promise/detail/promise_factory.h:210:5: warning: ‘always_inline’ function might not be inlinable unless also declared ‘inline’ [-Wattributes]
      ./src/core/lib/promise/detail/promise_factory.h:210:5: warning: ‘always_inline’ function might not be inlinable unless also declared ‘inline’ [-Wattributes]
      ./src/core/lib/promise/detail/promise_factory.h:210:5: warning: ‘always_inline’ function might not be inlinable unless also declared ‘inline’ [-Wattributes]
      ./src/core/lib/promise/detail/promise_factory.h:210:5: warning: ‘always_inline’ function might not be inlinable unless also declared ‘inline’ [-Wattributes]
      g++ -fno-strict-overflow -Wsign-compare -DNDEBUG -g -O3 -Wall -fPIC -D_WIN32_WINNT=1536 -DGRPC_XDS_USER_AGENT_NAME_SUFFIX=\"Python\" -DGRPC_XDS_USER_AGENT_VERSION_SUFFIX=\"1.79.0.dev0\" -DHAVE_CONFIG_H=1 -DGRPC_ENABLE_FORK_SUPPORT=1 -DGRPC_ENABLE_FORK_SUPPORT_DEFAULT=false -DGRPC_PYTHON_BUILD=1 -D__STDC_FORMAT_MACROS "-DPyMODINIT_FUNC=extern \"C\" __attribute__((visibility (\"default\"))) PyObject*" -DGRPC_POSIX_FORK_ALLOW_PTHREAD_ATFORK=1 -Isrc/python/grpcio -Iinclude -I. -Ithird_party/abseil-cpp -Ithird_party/address_sorting/include -Ithird_party/cares/cares/include -Ithird_party/cares -Ithird_party/cares/cares -Ithird_party/cares/cares/src/lib/include -Ithird_party/cares/cares/src/lib -Ithird_party/cares/config_linux -Ithird_party/re2 -Ithird_party/boringssl-with-bazel/src/include -Ithird_party/upb -Isrc/core/ext/upb-gen -Isrc/core/ext/upbdefs-gen -Ithird_party/utf8_range -Ithird_party/xxhash -Ithird_party/zlib -I/usr/local/google/home/ssreenithi/.pyenv/versions/3.12.0/envs/pyvenv_312/include -I/usr/local/google/home/ssreenithi/.pyenv/versions/3.12.0/include/python3.12 -c src/core/lib/iomgr/timer_generic.cc -o pyb/temp.linux-x86_64-cpython-312/src/core/lib/iomgr/timer_generic.o -std=c++17 -fvisibility=hidden -fno-wrapv -fno-exceptions -pthread
      In file included from ./src/core/lib/promise/activity.h:30,
                       from ./src/core/lib/resource_quota/memory_quota.h:39,
                       from ./src/core/lib/resource_quota/arena.h:39,
                       from ./src/core/lib/promise/arena_promise.h:28,
                       from ./src/core/credentials/transport/security_connector.h:36,
                       from ./src/core/credentials/call/call_credentials.h:31,
                       from ./src/core/credentials/call/jwt_token_file/jwt_token_file_call_credentials.h:25,
                       from src/core/credentials/call/jwt_token_file/jwt_token_file_call_credentials.cc:17:
      ./src/core/lib/promise/detail/promise_factory.h:210:5: warning: ‘always_inline’ function might not be inlinable unless also declared ‘inline’ [-Wattributes]
        210 |     PromiseFactoryImpl(Token, F&& f) {
            |     ^~~~~~~~~~~~~~~~~~
      ./src/core/lib/promise/detail/promise_factory.h:210:5: warning: ‘always_inline’ function might not be inlinable unless also declared ‘inline’ [-Wattributes]
      ./src/core/lib/promise/detail/promise_factory.h:210:5: warning: ‘always_inline’ function might not be inlinable unless also declared ‘inline’ [-Wattributes]
      ./src/core/lib/promise/detail/promise_factory.h:210:5: warning: ‘always_inline’ function might not be inlinable unless also declared ‘inline’ [-Wattributes]
      ./src/core/lib/promise/detail/promise_factory.h:210:5: warning: ‘always_inline’ function might not be inlinable unless also declared ‘inline’ [-Wattributes]
      ./src/core/lib/promise/detail/promise_factory.h:210:5: warning: ‘always_inline’ function might not be inlinable unless also declared ‘inline’ [-Wattributes]
      ./src/core/lib/promise/detail/promise_factory.h:210:5: warning: ‘always_inline’ function might not be inlinable unless also declared ‘inline’ [-Wattributes]
      src/core/lib/iomgr/ev_poll_posix.cc: In function ‘grpc_error_handle pollset_work(grpc_pollset*, grpc_pollset_worker**, grpc_core::Timestamp)’:
      src/core/lib/iomgr/ev_poll_posix.cc:940:31: warning: storing the address of local variable ‘worker’ in ‘*worker_hdl’ [-Wdangling-pointer=]
        940 |   if (worker_hdl) *worker_hdl = &worker;
            |                   ~~~~~~~~~~~~^~~~~~~~~
      src/core/lib/iomgr/ev_poll_posix.cc:939:23: note: ‘worker’ declared here
        939 |   grpc_pollset_worker worker;
            |                       ^~~~~~
      src/core/lib/iomgr/ev_poll_posix.cc:937:61: note: ‘worker_hdl’ declared here
        937 |                                       grpc_pollset_worker** worker_hdl,
            |                                       ~~~~~~~~~~~~~~~~~~~~~~^~~~~~~~~~
      g++ -fno-strict-overflow -Wsign-compare -DNDEBUG -g -O3 -Wall -fPIC -D_WIN32_WINNT=1536 -DGRPC_XDS_USER_AGENT_NAME_SUFFIX=\"Python\" -DGRPC_XDS_USER_AGENT_VERSION_SUFFIX=\"1.79.0.dev0\" -DHAVE_CONFIG_H=1 -DGRPC_ENABLE_FORK_SUPPORT=1 -DGRPC_ENABLE_FORK_SUPPORT_DEFAULT=false -DGRPC_PYTHON_BUILD=1 -D__STDC_FORMAT_MACROS "-DPyMODINIT_FUNC=extern \"C\" __attribute__((visibility (\"default\"))) PyObject*" -DGRPC_POSIX_FORK_ALLOW_PTHREAD_ATFORK=1 -Isrc/python/grpcio -Iinclude -I. -Ithird_party/abseil-cpp -Ithird_party/address_sorting/include -Ithird_party/cares/cares/include -Ithird_party/cares -Ithird_party/cares/cares -Ithird_party/cares/cares/src/lib/include -Ithird_party/cares/cares/src/lib -Ithird_party/cares/config_linux -Ithird_party/re2 -Ithird_party/boringssl-with-bazel/src/include -Ithird_party/upb -Isrc/core/ext/upb-gen -Isrc/core/ext/upbdefs-gen -Ithird_party/utf8_range -Ithird_party/xxhash -Ithird_party/zlib -I/usr/local/google/home/ssreenithi/.pyenv/versions/3.12.0/envs/pyvenv_312/include -I/usr/local/google/home/ssreenithi/.pyenv/versions/3.12.0/include/python3.12 -c src/core/lib/promise/mpsc.cc -o pyb/temp.linux-x86_64-cpython-312/src/core/lib/promise/mpsc.o -std=c++17 -fvisibility=hidden -fno-wrapv -fno-exceptions -pthread
      In file included from ./src/core/lib/promise/activity.h:30,
                       from ./src/core/lib/resource_quota/memory_quota.h:39,
                       from ./src/core/lib/resource_quota/arena.h:39,
                       from ./src/core/lib/promise/arena_promise.h:28,
                       from ./src/core/credentials/transport/security_connector.h:36,
                       from ./src/core/credentials/transport/insecure/insecure_security_connector.h:29,
                       from src/core/credentials/transport/insecure/insecure_security_connector.cc:19:
      ./src/core/lib/promise/detail/promise_factory.h:210:5: warning: ‘always_inline’ function might not be inlinable unless also declared ‘inline’ [-Wattributes]
        210 |     PromiseFactoryImpl(Token, F&& f) {
            |     ^~~~~~~~~~~~~~~~~~
      ./src/core/lib/promise/detail/promise_factory.h:210:5: warning: ‘always_inline’ function might not be inlinable unless also declared ‘inline’ [-Wattributes]
      ./src/core/lib/promise/detail/promise_factory.h:210:5: warning: ‘always_inline’ function might not be inlinable unless also declared ‘inline’ [-Wattributes]
      ./src/core/lib/promise/detail/promise_factory.h:210:5: warning: ‘always_inline’ function might not be inlinable unless also declared ‘inline’ [-Wattributes]
      ./src/core/lib/promise/detail/promise_factory.h:210:5: warning: ‘always_inline’ function might not be inlinable unless also declared ‘inline’ [-Wattributes]
      ./src/core/lib/promise/detail/promise_factory.h:210:5: warning: ‘always_inline’ function might not be inlinable unless also declared ‘inline’ [-Wattributes]
      ./src/core/lib/promise/detail/promise_factory.h:210:5: warning: ‘always_inline’ function might not be inlinable unless also declared ‘inline’ [-Wattributes]
      In file included from ./src/core/lib/promise/activity.h:30,
                       from ./src/core/call/call_state.h:23,
                       from ./src/core/call/call_filters.h:26,
                       from ./src/core/lib/surface/channel_init.h:31,
                       from ./src/core/config/core_configuration.h:29,
                       from ./src/core/ext/filters/fault_injection/fault_injection_service_config_parser.h:30,
                       from src/core/ext/filters/fault_injection/fault_injection_service_config_parser.cc:17:
      ./src/core/lib/promise/detail/promise_factory.h:210:5: warning: ‘always_inline’ function might not be inlinable unless also declared ‘inline’ [-Wattributes]
        210 |     PromiseFactoryImpl(Token, F&& f) {
            |     ^~~~~~~~~~~~~~~~~~
      ./src/core/lib/promise/detail/promise_factory.h:210:5: warning: ‘always_inline’ function might not be inlinable unless also declared ‘inline’ [-Wattributes]
      ./src/core/lib/promise/detail/promise_factory.h:210:5: warning: ‘always_inline’ function might not be inlinable unless also declared ‘inline’ [-Wattributes]
      ./src/core/lib/promise/detail/promise_factory.h:210:5: warning: ‘always_inline’ function might not be inlinable unless also declared ‘inline’ [-Wattributes]
      ./src/core/lib/promise/detail/promise_factory.h:210:5: warning: ‘always_inline’ function might not be inlinable unless also declared ‘inline’ [-Wattributes]
      ./src/core/lib/promise/detail/promise_factory.h:210:5: warning: ‘always_inline’ function might not be inlinable unless also declared ‘inline’ [-Wattributes]
      ./src/core/lib/promise/detail/promise_factory.h:210:5: warning: ‘always_inline’ function might not be inlinable unless also declared ‘inline’ [-Wattributes]
      In file included from ./src/core/lib/promise/activity.h:30,
                       from ./src/core/lib/resource_quota/memory_quota.h:39,
                       from ./src/core/lib/resource_quota/arena.h:39,
                       from ./src/core/lib/promise/arena_promise.h:28,
                       from ./src/core/credentials/transport/security_connector.h:36,
                       from ./src/core/credentials/call/call_credentials.h:31,
                       from ./src/core/credentials/call/oauth2/oauth2_credentials.h:33,
                       from ./src/core/credentials/call/external/external_account_credentials.h:29,
                       from ./src/core/credentials/call/external/url_external_account_credentials.h:27,
                       from src/core/credentials/call/external/url_external_account_credentials.cc:16:
      ./src/core/lib/promise/detail/promise_factory.h:210:5: warning: ‘always_inline’ function might not be inlinable unless also declared ‘inline’ [-Wattributes]
        210 |     PromiseFactoryImpl(Token, F&& f) {
            |     ^~~~~~~~~~~~~~~~~~
      ./src/core/lib/promise/detail/promise_factory.h:210:5: warning: ‘always_inline’ function might not be inlinable unless also declared ‘inline’ [-Wattributes]
      ./src/core/lib/promise/detail/promise_factory.h:210:5: warning: ‘always_inline’ function might not be inlinable unless also declared ‘inline’ [-Wattributes]
      ./src/core/lib/promise/detail/promise_factory.h:210:5: warning: ‘always_inline’ function might not be inlinable unless also declared ‘inline’ [-Wattributes]
      ./src/core/lib/promise/detail/promise_factory.h:210:5: warning: ‘always_inline’ function might not be inlinable unless also declared ‘inline’ [-Wattributes]
      ./src/core/lib/promise/detail/promise_factory.h:210:5: warning: ‘always_inline’ function might not be inlinable unless also declared ‘inline’ [-Wattributes]
      ./src/core/lib/promise/detail/promise_factory.h:210:5: warning: ‘always_inline’ function might not be inlinable unless also declared ‘inline’ [-Wattributes]
      In file included from ./src/core/lib/promise/activity.h:30,
                       from ./src/core/lib/resource_quota/memory_quota.h:39,
                       from ./src/core/lib/resource_quota/arena.h:39,
                       from ./src/core/util/chunked_vector.h:24,
                       from ./src/core/call/metadata_batch.h:41,
                       from ./src/core/call/metadata.h:20,
                       from ./src/core/ext/transport/chttp2/transport/internal.h:37,
                       from ./src/core/ext/transport/chttp2/transport/stream_lists.h:22,
                       from src/core/ext/transport/chttp2/transport/stream_lists.cc:19:
      ./src/core/lib/promise/detail/promise_factory.h:210:5: warning: ‘always_inline’ function might not be inlinable unless also declared ‘inline’ [-Wattributes]
        210 |     PromiseFactoryImpl(Token, F&& f) {
            |     ^~~~~~~~~~~~~~~~~~
      ./src/core/lib/promise/detail/promise_factory.h:210:5: warning: ‘always_inline’ function might not be inlinable unless also declared ‘inline’ [-Wattributes]
      ./src/core/lib/promise/detail/promise_factory.h:210:5: warning: ‘always_inline’ function might not be inlinable unless also declared ‘inline’ [-Wattributes]
      ./src/core/lib/promise/detail/promise_factory.h:210:5: warning: ‘always_inline’ function might not be inlinable unless also declared ‘inline’ [-Wattributes]
      ./src/core/lib/promise/detail/promise_factory.h:210:5: warning: ‘always_inline’ function might not be inlinable unless also declared ‘inline’ [-Wattributes]
      ./src/core/lib/promise/detail/promise_factory.h:210:5: warning: ‘always_inline’ function might not be inlinable unless also declared ‘inline’ [-Wattributes]
      ./src/core/lib/promise/detail/promise_factory.h:210:5: warning: ‘always_inline’ function might not be inlinable unless also declared ‘inline’ [-Wattributes]
      g++ -fno-strict-overflow -Wsign-compare -DNDEBUG -g -O3 -Wall -fPIC -D_WIN32_WINNT=1536 -DGRPC_XDS_USER_AGENT_NAME_SUFFIX=\"Python\" -DGRPC_XDS_USER_AGENT_VERSION_SUFFIX=\"1.79.0.dev0\" -DHAVE_CONFIG_H=1 -DGRPC_ENABLE_FORK_SUPPORT=1 -DGRPC_ENABLE_FORK_SUPPORT_DEFAULT=false -DGRPC_PYTHON_BUILD=1 -D__STDC_FORMAT_MACROS "-DPyMODINIT_FUNC=extern \"C\" __attribute__((visibility (\"default\"))) PyObject*" -DGRPC_POSIX_FORK_ALLOW_PTHREAD_ATFORK=1 -Isrc/python/grpcio -Iinclude -I. -Ithird_party/abseil-cpp -Ithird_party/address_sorting/include -Ithird_party/cares/cares/include -Ithird_party/cares -Ithird_party/cares/cares -Ithird_party/cares/cares/src/lib/include -Ithird_party/cares/cares/src/lib -Ithird_party/cares/config_linux -Ithird_party/re2 -Ithird_party/boringssl-with-bazel/src/include -Ithird_party/upb -Isrc/core/ext/upb-gen -Isrc/core/ext/upbdefs-gen -Ithird_party/utf8_range -Ithird_party/xxhash -Ithird_party/zlib -I/usr/local/google/home/ssreenithi/.pyenv/versions/3.12.0/envs/pyvenv_312/include -I/usr/local/google/home/ssreenithi/.pyenv/versions/3.12.0/include/python3.12 -c src/core/lib/event_engine/thready_event_engine/thready_event_engine.cc -o pyb/temp.linux-x86_64-cpython-312/src/core/lib/event_engine/thready_event_engine/thready_event_engine.o -std=c++17 -fvisibility=hidden -fno-wrapv -fno-exceptions -pthread
      In file included from ./src/core/lib/promise/activity.h:30,
                       from ./src/core/call/call_state.h:23,
                       from ./src/core/call/call_filters.h:26,
                       from ./src/core/lib/channel/promise_based_filter.h:36,
                       from ./src/core/ext/filters/http/server/http_server_filter.h:27,
                       from src/core/ext/filters/http/server/http_server_filter.cc:19:
      ./src/core/lib/promise/detail/promise_factory.h:131:5: warning: ‘always_inline’ function might not be inlinable unless also declared ‘inline’ [-Wattributes]
        131 |     PromiseFactoryImpl(Token, F&& f, A&& arg) {
            |     ^~~~~~~~~~~~~~~~~~
      ./src/core/lib/promise/detail/promise_factory.h:210:5: warning: ‘always_inline’ function might not be inlinable unless also declared ‘inline’ [-Wattributes]
        210 |     PromiseFactoryImpl(Token, F&& f) {
            |     ^~~~~~~~~~~~~~~~~~
      ./src/core/lib/promise/detail/promise_factory.h:210:5: warning: ‘always_inline’ function might not be inlinable unless also declared ‘inline’ [-Wattributes]
      ./src/core/lib/promise/detail/promise_factory.h:210:5: warning: ‘always_inline’ function might not be inlinable unless also declared ‘inline’ [-Wattributes]
      ./src/core/lib/promise/detail/promise_factory.h:210:5: warning: ‘always_inline’ function might not be inlinable unless also declared ‘inline’ [-Wattributes]
      ./src/core/lib/promise/detail/promise_factory.h:210:5: warning: ‘always_inline’ function might not be inlinable unless also declared ‘inline’ [-Wattributes]
      ./src/core/lib/promise/detail/promise_factory.h:210:5: warning: ‘always_inline’ function might not be inlinable unless also declared ‘inline’ [-Wattributes]
      ./src/core/lib/promise/detail/promise_factory.h:210:5: warning: ‘always_inline’ function might not be inlinable unless also declared ‘inline’ [-Wattributes]
      ./src/core/lib/promise/detail/promise_factory.h:210:5: warning: ‘always_inline’ function might not be inlinable unless also declared ‘inline’ [-Wattributes]
      In file included from ./src/core/lib/promise/activity.h:30,
                       from ./src/core/lib/resource_quota/memory_quota.h:39,
                       from ./src/core/lib/resource_quota/arena.h:39,
                       from ./src/core/util/chunked_vector.h:24,
                       from ./src/core/call/metadata_batch.h:41,
                       from ./src/core/call/metadata.h:20,
                       from ./src/core/ext/transport/chttp2/transport/internal.h:37,
                       from src/core/ext/transport/chttp2/transport/frame_security.cc:22:
      ./src/core/lib/promise/detail/promise_factory.h:210:5: warning: ‘always_inline’ function might not be inlinable unless also declared ‘inline’ [-Wattributes]
        210 |     PromiseFactoryImpl(Token, F&& f) {
            |     ^~~~~~~~~~~~~~~~~~
      ./src/core/lib/promise/detail/promise_factory.h:210:5: warning: ‘always_inline’ function might not be inlinable unless also declared ‘inline’ [-Wattributes]
      ./src/core/lib/promise/detail/promise_factory.h:210:5: warning: ‘always_inline’ function might not be inlinable unless also declared ‘inline’ [-Wattributes]
      ./src/core/lib/promise/detail/promise_factory.h:210:5: warning: ‘always_inline’ function might not be inlinable unless also declared ‘inline’ [-Wattributes]
      ./src/core/lib/promise/detail/promise_factory.h:210:5: warning: ‘always_inline’ function might not be inlinable unless also declared ‘inline’ [-Wattributes]
      ./src/core/lib/promise/detail/promise_factory.h:210:5: warning: ‘always_inline’ function might not be inlinable unless also declared ‘inline’ [-Wattributes]
      ./src/core/lib/promise/detail/promise_factory.h:210:5: warning: ‘always_inline’ function might not be inlinable unless also declared ‘inline’ [-Wattributes]
      g++ -fno-strict-overflow -Wsign-compare -DNDEBUG -g -O3 -Wall -fPIC -D_WIN32_WINNT=1536 -DGRPC_XDS_USER_AGENT_NAME_SUFFIX=\"Python\" -DGRPC_XDS_USER_AGENT_VERSION_SUFFIX=\"1.79.0.dev0\" -DHAVE_CONFIG_H=1 -DGRPC_ENABLE_FORK_SUPPORT=1 -DGRPC_ENABLE_FORK_SUPPORT_DEFAULT=false -DGRPC_PYTHON_BUILD=1 -D__STDC_FORMAT_MACROS "-DPyMODINIT_FUNC=extern \"C\" __attribute__((visibility (\"default\"))) PyObject*" -DGRPC_POSIX_FORK_ALLOW_PTHREAD_ATFORK=1 -Isrc/python/grpcio -Iinclude -I. -Ithird_party/abseil-cpp -Ithird_party/address_sorting/include -Ithird_party/cares/cares/include -Ithird_party/cares -Ithird_party/cares/cares -Ithird_party/cares/cares/src/lib/include -Ithird_party/cares/cares/src/lib -Ithird_party/cares/config_linux -Ithird_party/re2 -Ithird_party/boringssl-with-bazel/src/include -Ithird_party/upb -Isrc/core/ext/upb-gen -Isrc/core/ext/upbdefs-gen -Ithird_party/utf8_range -Ithird_party/xxhash -Ithird_party/zlib -I/usr/local/google/home/ssreenithi/.pyenv/versions/3.12.0/envs/pyvenv_312/include -I/usr/local/google/home/ssreenithi/.pyenv/versions/3.12.0/include/python3.12 -c src/core/lib/iomgr/ev_posix.cc -o pyb/temp.linux-x86_64-cpython-312/src/core/lib/iomgr/ev_posix.o -std=c++17 -fvisibility=hidden -fno-wrapv -fno-exceptions -pthread
      g++ -fno-strict-overflow -Wsign-compare -DNDEBUG -g -O3 -Wall -fPIC -D_WIN32_WINNT=1536 -DGRPC_XDS_USER_AGENT_NAME_SUFFIX=\"Python\" -DGRPC_XDS_USER_AGENT_VERSION_SUFFIX=\"1.79.0.dev0\" -DHAVE_CONFIG_H=1 -DGRPC_ENABLE_FORK_SUPPORT=1 -DGRPC_ENABLE_FORK_SUPPORT_DEFAULT=false -DGRPC_PYTHON_BUILD=1 -D__STDC_FORMAT_MACROS "-DPyMODINIT_FUNC=extern \"C\" __attribute__((visibility (\"default\"))) PyObject*" -DGRPC_POSIX_FORK_ALLOW_PTHREAD_ATFORK=1 -Isrc/python/grpcio -Iinclude -I. -Ithird_party/abseil-cpp -Ithird_party/address_sorting/include -Ithird_party/cares/cares/include -Ithird_party/cares -Ithird_party/cares/cares -Ithird_party/cares/cares/src/lib/include -Ithird_party/cares/cares/src/lib -Ithird_party/cares/config_linux -Ithird_party/re2 -Ithird_party/boringssl-with-bazel/src/include -Ithird_party/upb -Isrc/core/ext/upb-gen -Isrc/core/ext/upbdefs-gen -Ithird_party/utf8_range -Ithird_party/xxhash -Ithird_party/zlib -I/usr/local/google/home/ssreenithi/.pyenv/versions/3.12.0/envs/pyvenv_312/include -I/usr/local/google/home/ssreenithi/.pyenv/versions/3.12.0/include/python3.12 -c src/core/load_balancing/grpclb/grpclb_client_stats.cc -o pyb/temp.linux-x86_64-cpython-312/src/core/load_balancing/grpclb/grpclb_client_stats.o -std=c++17 -fvisibility=hidden -fno-wrapv -fno-exceptions -pthread
      g++ -fno-strict-overflow -Wsign-compare -DNDEBUG -g -O3 -Wall -fPIC -D_WIN32_WINNT=1536 -DGRPC_XDS_USER_AGENT_NAME_SUFFIX=\"Python\" -DGRPC_XDS_USER_AGENT_VERSION_SUFFIX=\"1.79.0.dev0\" -DHAVE_CONFIG_H=1 -DGRPC_ENABLE_FORK_SUPPORT=1 -DGRPC_ENABLE_FORK_SUPPORT_DEFAULT=false -DGRPC_PYTHON_BUILD=1 -D__STDC_FORMAT_MACROS "-DPyMODINIT_FUNC=extern \"C\" __attribute__((visibility (\"default\"))) PyObject*" -DGRPC_POSIX_FORK_ALLOW_PTHREAD_ATFORK=1 -Isrc/python/grpcio -Iinclude -I. -Ithird_party/abseil-cpp -Ithird_party/address_sorting/include -Ithird_party/cares/cares/include -Ithird_party/cares -Ithird_party/cares/cares -Ithird_party/cares/cares/src/lib/include -Ithird_party/cares/cares/src/lib -Ithird_party/cares/config_linux -Ithird_party/re2 -Ithird_party/boringssl-with-bazel/src/include -Ithird_party/upb -Isrc/core/ext/upb-gen -Isrc/core/ext/upbdefs-gen -Ithird_party/utf8_range -Ithird_party/xxhash -Ithird_party/zlib -I/usr/local/google/home/ssreenithi/.pyenv/versions/3.12.0/envs/pyvenv_312/include -I/usr/local/google/home/ssreenithi/.pyenv/versions/3.12.0/include/python3.12 -c src/core/lib/event_engine/posix_engine/traced_buffer_list.cc -o pyb/temp.linux-x86_64-cpython-312/src/core/lib/event_engine/posix_engine/traced_buffer_list.o -std=c++17 -fvisibility=hidden -fno-wrapv -fno-exceptions -pthread
      In file included from ./src/core/lib/promise/activity.h:30,
                       from ./src/core/lib/resource_quota/memory_quota.h:39,
                       from ./src/core/lib/resource_quota/arena.h:39,
                       from ./src/core/util/chunked_vector.h:24,
                       from ./src/core/call/metadata_batch.h:41,
                       from ./src/core/client_channel/client_channel_filter.h:32,
                       from src/core/client_channel/client_channel_plugin.cc:24:
      ./src/core/lib/promise/detail/promise_factory.h:210:5: warning: ‘always_inline’ function might not be inlinable unless also declared ‘inline’ [-Wattributes]
        210 |     PromiseFactoryImpl(Token, F&& f) {
            |     ^~~~~~~~~~~~~~~~~~
      ./src/core/lib/promise/detail/promise_factory.h:210:5: warning: ‘always_inline’ function might not be inlinable unless also declared ‘inline’ [-Wattributes]
      ./src/core/lib/promise/detail/promise_factory.h:210:5: warning: ‘always_inline’ function might not be inlinable unless also declared ‘inline’ [-Wattributes]
      ./src/core/lib/promise/detail/promise_factory.h:210:5: warning: ‘always_inline’ function might not be inlinable unless also declared ‘inline’ [-Wattributes]
      ./src/core/lib/promise/detail/promise_factory.h:210:5: warning: ‘always_inline’ function might not be inlinable unless also declared ‘inline’ [-Wattributes]
      ./src/core/lib/promise/detail/promise_factory.h:210:5: warning: ‘always_inline’ function might not be inlinable unless also declared ‘inline’ [-Wattributes]
      ./src/core/lib/promise/detail/promise_factory.h:210:5: warning: ‘always_inline’ function might not be inlinable unless also declared ‘inline’ [-Wattributes]
      g++ -fno-strict-overflow -Wsign-compare -DNDEBUG -g -O3 -Wall -fPIC -D_WIN32_WINNT=1536 -DGRPC_XDS_USER_AGENT_NAME_SUFFIX=\"Python\" -DGRPC_XDS_USER_AGENT_VERSION_SUFFIX=\"1.79.0.dev0\" -DHAVE_CONFIG_H=1 -DGRPC_ENABLE_FORK_SUPPORT=1 -DGRPC_ENABLE_FORK_SUPPORT_DEFAULT=false -DGRPC_PYTHON_BUILD=1 -D__STDC_FORMAT_MACROS "-DPyMODINIT_FUNC=extern \"C\" __attribute__((visibility (\"default\"))) PyObject*" -DGRPC_POSIX_FORK_ALLOW_PTHREAD_ATFORK=1 -Isrc/python/grpcio -Iinclude -I. -Ithird_party/abseil-cpp -Ithird_party/address_sorting/include -Ithird_party/cares/cares/include -Ithird_party/cares -Ithird_party/cares/cares -Ithird_party/cares/cares/src/lib/include -Ithird_party/cares/cares/src/lib -Ithird_party/cares/config_linux -Ithird_party/re2 -Ithird_party/boringssl-with-bazel/src/include -Ithird_party/upb -Isrc/core/ext/upb-gen -Isrc/core/ext/upbdefs-gen -Ithird_party/utf8_range -Ithird_party/xxhash -Ithird_party/zlib -I/usr/local/google/home/ssreenithi/.pyenv/versions/3.12.0/envs/pyvenv_312/include -I/usr/local/google/home/ssreenithi/.pyenv/versions/3.12.0/include/python3.12 -c src/core/lib/slice/slice.cc -o pyb/temp.linux-x86_64-cpython-312/src/core/lib/slice/slice.o -std=c++17 -fvisibility=hidden -fno-wrapv -fno-exceptions -pthread
      g++ -fno-strict-overflow -Wsign-compare -DNDEBUG -g -O3 -Wall -fPIC -D_WIN32_WINNT=1536 -DGRPC_XDS_USER_AGENT_NAME_SUFFIX=\"Python\" -DGRPC_XDS_USER_AGENT_VERSION_SUFFIX=\"1.79.0.dev0\" -DHAVE_CONFIG_H=1 -DGRPC_ENABLE_FORK_SUPPORT=1 -DGRPC_ENABLE_FORK_SUPPORT_DEFAULT=false -DGRPC_PYTHON_BUILD=1 -D__STDC_FORMAT_MACROS "-DPyMODINIT_FUNC=extern \"C\" __attribute__((visibility (\"default\"))) PyObject*" -DGRPC_POSIX_FORK_ALLOW_PTHREAD_ATFORK=1 -Isrc/python/grpcio -Iinclude -I. -Ithird_party/abseil-cpp -Ithird_party/address_sorting/include -Ithird_party/cares/cares/include -Ithird_party/cares -Ithird_party/cares/cares -Ithird_party/cares/cares/src/lib/include -Ithird_party/cares/cares/src/lib -Ithird_party/cares/config_linux -Ithird_party/re2 -Ithird_party/boringssl-with-bazel/src/include -Ithird_party/upb -Isrc/core/ext/upb-gen -Isrc/core/ext/upbdefs-gen -Ithird_party/utf8_range -Ithird_party/xxhash -Ithird_party/zlib -I/usr/local/google/home/ssreenithi/.pyenv/versions/3.12.0/envs/pyvenv_312/include -I/usr/local/google/home/ssreenithi/.pyenv/versions/3.12.0/include/python3.12 -c src/core/telemetry/histogram_view.cc -o pyb/temp.linux-x86_64-cpython-312/src/core/telemetry/histogram_view.o -std=c++17 -fvisibility=hidden -fno-wrapv -fno-exceptions -pthread
      g++ -fno-strict-overflow -Wsign-compare -DNDEBUG -g -O3 -Wall -fPIC -D_WIN32_WINNT=1536 -DGRPC_XDS_USER_AGENT_NAME_SUFFIX=\"Python\" -DGRPC_XDS_USER_AGENT_VERSION_SUFFIX=\"1.79.0.dev0\" -DHAVE_CONFIG_H=1 -DGRPC_ENABLE_FORK_SUPPORT=1 -DGRPC_ENABLE_FORK_SUPPORT_DEFAULT=false -DGRPC_PYTHON_BUILD=1 -D__STDC_FORMAT_MACROS "-DPyMODINIT_FUNC=extern \"C\" __attribute__((visibility (\"default\"))) PyObject*" -DGRPC_POSIX_FORK_ALLOW_PTHREAD_ATFORK=1 -Isrc/python/grpcio -Iinclude -I. -Ithird_party/abseil-cpp -Ithird_party/address_sorting/include -Ithird_party/cares/cares/include -Ithird_party/cares -Ithird_party/cares/cares -Ithird_party/cares/cares/src/lib/include -Ithird_party/cares/cares/src/lib -Ithird_party/cares/config_linux -Ithird_party/re2 -Ithird_party/boringssl-with-bazel/src/include -Ithird_party/upb -Isrc/core/ext/upb-gen -Isrc/core/ext/upbdefs-gen -Ithird_party/utf8_range -Ithird_party/xxhash -Ithird_party/zlib -I/usr/local/google/home/ssreenithi/.pyenv/versions/3.12.0/envs/pyvenv_312/include -I/usr/local/google/home/ssreenithi/.pyenv/versions/3.12.0/include/python3.12 -c src/core/ext/transport/chttp2/transport/parsing.cc -o pyb/temp.linux-x86_64-cpython-312/src/core/ext/transport/chttp2/transport/parsing.o -std=c++17 -fvisibility=hidden -fno-wrapv -fno-exceptions -pthread
      In file included from ./src/core/lib/promise/activity.h:30,
                       from ./src/core/lib/resource_quota/memory_quota.h:39,
                       from ./src/core/lib/resource_quota/arena.h:39,
                       from ./src/core/util/chunked_vector.h:24,
                       from ./src/core/call/metadata_batch.h:41,
                       from src/core/ext/transport/inproc/legacy_inproc_transport.cc:38:
      ./src/core/lib/promise/detail/promise_factory.h:210:5: warning: ‘always_inline’ function might not be inlinable unless also declared ‘inline’ [-Wattributes]
        210 |     PromiseFactoryImpl(Token, F&& f) {
            |     ^~~~~~~~~~~~~~~~~~
      ./src/core/lib/promise/detail/promise_factory.h:210:5: warning: ‘always_inline’ function might not be inlinable unless also declared ‘inline’ [-Wattributes]
      ./src/core/lib/promise/detail/promise_factory.h:210:5: warning: ‘always_inline’ function might not be inlinable unless also declared ‘inline’ [-Wattributes]
      ./src/core/lib/promise/detail/promise_factory.h:210:5: warning: ‘always_inline’ function might not be inlinable unless also declared ‘inline’ [-Wattributes]
      ./src/core/lib/promise/detail/promise_factory.h:210:5: warning: ‘always_inline’ function might not be inlinable unless also declared ‘inline’ [-Wattributes]
      ./src/core/lib/promise/detail/promise_factory.h:210:5: warning: ‘always_inline’ function might not be inlinable unless also declared ‘inline’ [-Wattributes]
      ./src/core/lib/promise/detail/promise_factory.h:210:5: warning: ‘always_inline’ function might not be inlinable unless also declared ‘inline’ [-Wattributes]
      In file included from ./src/core/lib/promise/activity.h:30,
                       from ./src/core/call/call_state.h:23,
                       from ./src/core/call/call_filters.h:26,
                       from ./src/core/lib/surface/channel_init.h:31,
                       from ./src/core/config/core_configuration.h:29,
                       from src/core/credentials/call/call_creds_registry_init.cc:26:
      ./src/core/lib/promise/detail/promise_factory.h:210:5: warning: ‘always_inline’ function might not be inlinable unless also declared ‘inline’ [-Wattributes]
        210 |     PromiseFactoryImpl(Token, F&& f) {
            |     ^~~~~~~~~~~~~~~~~~
      ./src/core/lib/promise/detail/promise_factory.h:210:5: warning: ‘always_inline’ function might not be inlinable unless also declared ‘inline’ [-Wattributes]
      ./src/core/lib/promise/detail/promise_factory.h:210:5: warning: ‘always_inline’ function might not be inlinable unless also declared ‘inline’ [-Wattributes]
      ./src/core/lib/promise/detail/promise_factory.h:210:5: warning: ‘always_inline’ function might not be inlinable unless also declared ‘inline’ [-Wattributes]
      ./src/core/lib/promise/detail/promise_factory.h:210:5: warning: ‘always_inline’ function might not be inlinable unless also declared ‘inline’ [-Wattributes]
      ./src/core/lib/promise/detail/promise_factory.h:210:5: warning: ‘always_inline’ function might not be inlinable unless also declared ‘inline’ [-Wattributes]
      ./src/core/lib/promise/detail/promise_factory.h:210:5: warning: ‘always_inline’ function might not be inlinable unless also declared ‘inline’ [-Wattributes]
      g++ -fno-strict-overflow -Wsign-compare -DNDEBUG -g -O3 -Wall -fPIC -D_WIN32_WINNT=1536 -DGRPC_XDS_USER_AGENT_NAME_SUFFIX=\"Python\" -DGRPC_XDS_USER_AGENT_VERSION_SUFFIX=\"1.79.0.dev0\" -DHAVE_CONFIG_H=1 -DGRPC_ENABLE_FORK_SUPPORT=1 -DGRPC_ENABLE_FORK_SUPPORT_DEFAULT=false -DGRPC_PYTHON_BUILD=1 -D__STDC_FORMAT_MACROS "-DPyMODINIT_FUNC=extern \"C\" __attribute__((visibility (\"default\"))) PyObject*" -DGRPC_POSIX_FORK_ALLOW_PTHREAD_ATFORK=1 -Isrc/python/grpcio -Iinclude -I. -Ithird_party/abseil-cpp -Ithird_party/address_sorting/include -Ithird_party/cares/cares/include -Ithird_party/cares -Ithird_party/cares/cares -Ithird_party/cares/cares/src/lib/include -Ithird_party/cares/cares/src/lib -Ithird_party/cares/config_linux -Ithird_party/re2 -Ithird_party/boringssl-with-bazel/src/include -Ithird_party/upb -Isrc/core/ext/upb-gen -Isrc/core/ext/upbdefs-gen -Ithird_party/utf8_range -Ithird_party/xxhash -Ithird_party/zlib -I/usr/local/google/home/ssreenithi/.pyenv/versions/3.12.0/envs/pyvenv_312/include -I/usr/local/google/home/ssreenithi/.pyenv/versions/3.12.0/include/python3.12 -c src/core/telemetry/instrument.cc -o pyb/temp.linux-x86_64-cpython-312/src/core/telemetry/instrument.o -std=c++17 -fvisibility=hidden -fno-wrapv -fno-exceptions -pthread
      g++ -fno-strict-overflow -Wsign-compare -DNDEBUG -g -O3 -Wall -fPIC -D_WIN32_WINNT=1536 -DGRPC_XDS_USER_AGENT_NAME_SUFFIX=\"Python\" -DGRPC_XDS_USER_AGENT_VERSION_SUFFIX=\"1.79.0.dev0\" -DHAVE_CONFIG_H=1 -DGRPC_ENABLE_FORK_SUPPORT=1 -DGRPC_ENABLE_FORK_SUPPORT_DEFAULT=false -DGRPC_PYTHON_BUILD=1 -D__STDC_FORMAT_MACROS "-DPyMODINIT_FUNC=extern \"C\" __attribute__((visibility (\"default\"))) PyObject*" -DGRPC_POSIX_FORK_ALLOW_PTHREAD_ATFORK=1 -Isrc/python/grpcio -Iinclude -I. -Ithird_party/abseil-cpp -Ithird_party/address_sorting/include -Ithird_party/cares/cares/include -Ithird_party/cares -Ithird_party/cares/cares -Ithird_party/cares/cares/src/lib/include -Ithird_party/cares/cares/src/lib -Ithird_party/cares/config_linux -Ithird_party/re2 -Ithird_party/boringssl-with-bazel/src/include -Ithird_party/upb -Isrc/core/ext/upb-gen -Isrc/core/ext/upbdefs-gen -Ithird_party/utf8_range -Ithird_party/xxhash -Ithird_party/zlib -I/usr/local/google/home/ssreenithi/.pyenv/versions/3.12.0/envs/pyvenv_312/include -I/usr/local/google/home/ssreenithi/.pyenv/versions/3.12.0/include/python3.12 -c src/core/client_channel/retry_filter.cc -o pyb/temp.linux-x86_64-cpython-312/src/core/client_channel/retry_filter.o -std=c++17 -fvisibility=hidden -fno-wrapv -fno-exceptions -pthread
      g++ -fno-strict-overflow -Wsign-compare -DNDEBUG -g -O3 -Wall -fPIC -D_WIN32_WINNT=1536 -DGRPC_XDS_USER_AGENT_NAME_SUFFIX=\"Python\" -DGRPC_XDS_USER_AGENT_VERSION_SUFFIX=\"1.79.0.dev0\" -DHAVE_CONFIG_H=1 -DGRPC_ENABLE_FORK_SUPPORT=1 -DGRPC_ENABLE_FORK_SUPPORT_DEFAULT=false -DGRPC_PYTHON_BUILD=1 -D__STDC_FORMAT_MACROS "-DPyMODINIT_FUNC=extern \"C\" __attribute__((visibility (\"default\"))) PyObject*" -DGRPC_POSIX_FORK_ALLOW_PTHREAD_ATFORK=1 -Isrc/python/grpcio -Iinclude -I. -Ithird_party/abseil-cpp -Ithird_party/address_sorting/include -Ithird_party/cares/cares/include -Ithird_party/cares -Ithird_party/cares/cares -Ithird_party/cares/cares/src/lib/include -Ithird_party/cares/cares/src/lib -Ithird_party/cares/config_linux -Ithird_party/re2 -Ithird_party/boringssl-with-bazel/src/include -Ithird_party/upb -Isrc/core/ext/upb-gen -Isrc/core/ext/upbdefs-gen -Ithird_party/utf8_range -Ithird_party/xxhash -Ithird_party/zlib -I/usr/local/google/home/ssreenithi/.pyenv/versions/3.12.0/envs/pyvenv_312/include -I/usr/local/google/home/ssreenithi/.pyenv/versions/3.12.0/include/python3.12 -c src/core/lib/iomgr/vsock.cc -o pyb/temp.linux-x86_64-cpython-312/src/core/lib/iomgr/vsock.o -std=c++17 -fvisibility=hidden -fno-wrapv -fno-exceptions -pthread
      g++ -fno-strict-overflow -Wsign-compare -DNDEBUG -g -O3 -Wall -fPIC -D_WIN32_WINNT=1536 -DGRPC_XDS_USER_AGENT_NAME_SUFFIX=\"Python\" -DGRPC_XDS_USER_AGENT_VERSION_SUFFIX=\"1.79.0.dev0\" -DHAVE_CONFIG_H=1 -DGRPC_ENABLE_FORK_SUPPORT=1 -DGRPC_ENABLE_FORK_SUPPORT_DEFAULT=false -DGRPC_PYTHON_BUILD=1 -D__STDC_FORMAT_MACROS "-DPyMODINIT_FUNC=extern \"C\" __attribute__((visibility (\"default\"))) PyObject*" -DGRPC_POSIX_FORK_ALLOW_PTHREAD_ATFORK=1 -Isrc/python/grpcio -Iinclude -I. -Ithird_party/abseil-cpp -Ithird_party/address_sorting/include -Ithird_party/cares/cares/include -Ithird_party/cares -Ithird_party/cares/cares -Ithird_party/cares/cares/src/lib/include -Ithird_party/cares/cares/src/lib -Ithird_party/cares/config_linux -Ithird_party/re2 -Ithird_party/boringssl-with-bazel/src/include -Ithird_party/upb -Isrc/core/ext/upb-gen -Isrc/core/ext/upbdefs-gen -Ithird_party/utf8_range -Ithird_party/xxhash -Ithird_party/zlib -I/usr/local/google/home/ssreenithi/.pyenv/versions/3.12.0/envs/pyvenv_312/include -I/usr/local/google/home/ssreenithi/.pyenv/versions/3.12.0/include/python3.12 -c src/core/lib/event_engine/tcp_socket_utils.cc -o pyb/temp.linux-x86_64-cpython-312/src/core/lib/event_engine/tcp_socket_utils.o -std=c++17 -fvisibility=hidden -fno-wrapv -fno-exceptions -pthread
      g++ -fno-strict-overflow -Wsign-compare -DNDEBUG -g -O3 -Wall -fPIC -D_WIN32_WINNT=1536 -DGRPC_XDS_USER_AGENT_NAME_SUFFIX=\"Python\" -DGRPC_XDS_USER_AGENT_VERSION_SUFFIX=\"1.79.0.dev0\" -DHAVE_CONFIG_H=1 -DGRPC_ENABLE_FORK_SUPPORT=1 -DGRPC_ENABLE_FORK_SUPPORT_DEFAULT=false -DGRPC_PYTHON_BUILD=1 -D__STDC_FORMAT_MACROS "-DPyMODINIT_FUNC=extern \"C\" __attribute__((visibility (\"default\"))) PyObject*" -DGRPC_POSIX_FORK_ALLOW_PTHREAD_ATFORK=1 -Isrc/python/grpcio -Iinclude -I. -Ithird_party/abseil-cpp -Ithird_party/address_sorting/include -Ithird_party/cares/cares/include -Ithird_party/cares -Ithird_party/cares/cares -Ithird_party/cares/cares/src/lib/include -Ithird_party/cares/cares/src/lib -Ithird_party/cares/config_linux -Ithird_party/re2 -Ithird_party/boringssl-with-bazel/src/include -Ithird_party/upb -Isrc/core/ext/upb-gen -Isrc/core/ext/upbdefs-gen -Ithird_party/utf8_range -Ithird_party/xxhash -Ithird_party/zlib -I/usr/local/google/home/ssreenithi/.pyenv/versions/3.12.0/envs/pyvenv_312/include -I/usr/local/google/home/ssreenithi/.pyenv/versions/3.12.0/include/python3.12 -c src/core/credentials/transport/xds/xds_credentials.cc -o pyb/temp.linux-x86_64-cpython-312/src/core/credentials/transport/xds/xds_credentials.o -std=c++17 -fvisibility=hidden -fno-wrapv -fno-exceptions -pthread
      g++ -fno-strict-overflow -Wsign-compare -DNDEBUG -g -O3 -Wall -fPIC -D_WIN32_WINNT=1536 -DGRPC_XDS_USER_AGENT_NAME_SUFFIX=\"Python\" -DGRPC_XDS_USER_AGENT_VERSION_SUFFIX=\"1.79.0.dev0\" -DHAVE_CONFIG_H=1 -DGRPC_ENABLE_FORK_SUPPORT=1 -DGRPC_ENABLE_FORK_SUPPORT_DEFAULT=false -DGRPC_PYTHON_BUILD=1 -D__STDC_FORMAT_MACROS "-DPyMODINIT_FUNC=extern \"C\" __attribute__((visibility (\"default\"))) PyObject*" -DGRPC_POSIX_FORK_ALLOW_PTHREAD_ATFORK=1 -Isrc/python/grpcio -Iinclude -I. -Ithird_party/abseil-cpp -Ithird_party/address_sorting/include -Ithird_party/cares/cares/include -Ithird_party/cares -Ithird_party/cares/cares -Ithird_party/cares/cares/src/lib/include -Ithird_party/cares/cares/src/lib -Ithird_party/cares/config_linux -Ithird_party/re2 -Ithird_party/boringssl-with-bazel/src/include -Ithird_party/upb -Isrc/core/ext/upb-gen -Isrc/core/ext/upbdefs-gen -Ithird_party/utf8_range -Ithird_party/xxhash -Ithird_party/zlib -I/usr/local/google/home/ssreenithi/.pyenv/versions/3.12.0/envs/pyvenv_312/include -I/usr/local/google/home/ssreenithi/.pyenv/versions/3.12.0/include/python3.12 -c src/core/lib/resource_quota/memory_quota.cc -o pyb/temp.linux-x86_64-cpython-312/src/core/lib/resource_quota/memory_quota.o -std=c++17 -fvisibility=hidden -fno-wrapv -fno-exceptions -pthread
      g++ -fno-strict-overflow -Wsign-compare -DNDEBUG -g -O3 -Wall -fPIC -D_WIN32_WINNT=1536 -DGRPC_XDS_USER_AGENT_NAME_SUFFIX=\"Python\" -DGRPC_XDS_USER_AGENT_VERSION_SUFFIX=\"1.79.0.dev0\" -DHAVE_CONFIG_H=1 -DGRPC_ENABLE_FORK_SUPPORT=1 -DGRPC_ENABLE_FORK_SUPPORT_DEFAULT=false -DGRPC_PYTHON_BUILD=1 -D__STDC_FORMAT_MACROS "-DPyMODINIT_FUNC=extern \"C\" __attribute__((visibility (\"default\"))) PyObject*" -DGRPC_POSIX_FORK_ALLOW_PTHREAD_ATFORK=1 -Isrc/python/grpcio -Iinclude -I. -Ithird_party/abseil-cpp -Ithird_party/address_sorting/include -Ithird_party/cares/cares/include -Ithird_party/cares -Ithird_party/cares/cares -Ithird_party/cares/cares/src/lib/include -Ithird_party/cares/cares/src/lib -Ithird_party/cares/config_linux -Ithird_party/re2 -Ithird_party/boringssl-with-bazel/src/include -Ithird_party/upb -Isrc/core/ext/upb-gen -Isrc/core/ext/upbdefs-gen -Ithird_party/utf8_range -Ithird_party/xxhash -Ithird_party/zlib -I/usr/local/google/home/ssreenithi/.pyenv/versions/3.12.0/envs/pyvenv_312/include -I/usr/local/google/home/ssreenithi/.pyenv/versions/3.12.0/include/python3.12 -c src/core/lib/transport/error_utils.cc -o pyb/temp.linux-x86_64-cpython-312/src/core/lib/transport/error_utils.o -std=c++17 -fvisibility=hidden -fno-wrapv -fno-exceptions -pthread
      In file included from ./src/core/lib/promise/activity.h:30,
                       from ./src/core/call/call_state.h:23,
                       from ./src/core/call/call_filters.h:26,
                       from ./src/core/lib/surface/channel_init.h:31,
                       from ./src/core/config/core_configuration.h:29,
                       from src/core/credentials/transport/channel_creds_registry_init.cc:33:
      ./src/core/lib/promise/detail/promise_factory.h:210:5: warning: ‘always_inline’ function might not be inlinable unless also declared ‘inline’ [-Wattributes]
        210 |     PromiseFactoryImpl(Token, F&& f) {
            |     ^~~~~~~~~~~~~~~~~~
      ./src/core/lib/promise/detail/promise_factory.h:210:5: warning: ‘always_inline’ function might not be inlinable unless also declared ‘inline’ [-Wattributes]
      ./src/core/lib/promise/detail/promise_factory.h:210:5: warning: ‘always_inline’ function might not be inlinable unless also declared ‘inline’ [-Wattributes]
      ./src/core/lib/promise/detail/promise_factory.h:210:5: warning: ‘always_inline’ function might not be inlinable unless also declared ‘inline’ [-Wattributes]
      ./src/core/lib/promise/detail/promise_factory.h:210:5: warning: ‘always_inline’ function might not be inlinable unless also declared ‘inline’ [-Wattributes]
      ./src/core/lib/promise/detail/promise_factory.h:210:5: warning: ‘always_inline’ function might not be inlinable unless also declared ‘inline’ [-Wattributes]
      ./src/core/lib/promise/detail/promise_factory.h:210:5: warning: ‘always_inline’ function might not be inlinable unless also declared ‘inline’ [-Wattributes]
      In file included from ./src/core/lib/promise/activity.h:30,
                       from ./src/core/call/call_state.h:23,
                       from ./src/core/call/call_filters.h:26,
                       from ./src/core/lib/surface/channel_init.h:31,
                       from ./src/core/config/core_configuration.h:29,
                       from src/core/ext/transport/chttp2/chttp2_plugin.cc:15:
      ./src/core/lib/promise/detail/promise_factory.h:210:5: warning: ‘always_inline’ function might not be inlinable unless also declared ‘inline’ [-Wattributes]
        210 |     PromiseFactoryImpl(Token, F&& f) {
            |     ^~~~~~~~~~~~~~~~~~
      ./src/core/lib/promise/detail/promise_factory.h:210:5: warning: ‘always_inline’ function might not be inlinable unless also declared ‘inline’ [-Wattributes]
      ./src/core/lib/promise/detail/promise_factory.h:210:5: warning: ‘always_inline’ function might not be inlinable unless also declared ‘inline’ [-Wattributes]
      ./src/core/lib/promise/detail/promise_factory.h:210:5: warning: ‘always_inline’ function might not be inlinable unless also declared ‘inline’ [-Wattributes]
      ./src/core/lib/promise/detail/promise_factory.h:210:5: warning: ‘always_inline’ function might not be inlinable unless also declared ‘inline’ [-Wattributes]
      ./src/core/lib/promise/detail/promise_factory.h:210:5: warning: ‘always_inline’ function might not be inlinable unless also declared ‘inline’ [-Wattributes]
      ./src/core/lib/promise/detail/promise_factory.h:210:5: warning: ‘always_inline’ function might not be inlinable unless also declared ‘inline’ [-Wattributes]
      g++ -fno-strict-overflow -Wsign-compare -DNDEBUG -g -O3 -Wall -fPIC -D_WIN32_WINNT=1536 -DGRPC_XDS_USER_AGENT_NAME_SUFFIX=\"Python\" -DGRPC_XDS_USER_AGENT_VERSION_SUFFIX=\"1.79.0.dev0\" -DHAVE_CONFIG_H=1 -DGRPC_ENABLE_FORK_SUPPORT=1 -DGRPC_ENABLE_FORK_SUPPORT_DEFAULT=false -DGRPC_PYTHON_BUILD=1 -D__STDC_FORMAT_MACROS "-DPyMODINIT_FUNC=extern \"C\" __attribute__((visibility (\"default\"))) PyObject*" -DGRPC_POSIX_FORK_ALLOW_PTHREAD_ATFORK=1 -Isrc/python/grpcio -Iinclude -I. -Ithird_party/abseil-cpp -Ithird_party/address_sorting/include -Ithird_party/cares/cares/include -Ithird_party/cares -Ithird_party/cares/cares -Ithird_party/cares/cares/src/lib/include -Ithird_party/cares/cares/src/lib -Ithird_party/cares/config_linux -Ithird_party/re2 -Ithird_party/boringssl-with-bazel/src/include -Ithird_party/upb -Isrc/core/ext/upb-gen -Isrc/core/ext/upbdefs-gen -Ithird_party/utf8_range -Ithird_party/xxhash -Ithird_party/zlib -I/usr/local/google/home/ssreenithi/.pyenv/versions/3.12.0/envs/pyvenv_312/include -I/usr/local/google/home/ssreenithi/.pyenv/versions/3.12.0/include/python3.12 -c src/core/lib/surface/completion_queue_factory.cc -o pyb/temp.linux-x86_64-cpython-312/src/core/lib/surface/completion_queue_factory.o -std=c++17 -fvisibility=hidden -fno-wrapv -fno-exceptions -pthread
      g++ -fno-strict-overflow -Wsign-compare -DNDEBUG -g -O3 -Wall -fPIC -D_WIN32_WINNT=1536 -DGRPC_XDS_USER_AGENT_NAME_SUFFIX=\"Python\" -DGRPC_XDS_USER_AGENT_VERSION_SUFFIX=\"1.79.0.dev0\" -DHAVE_CONFIG_H=1 -DGRPC_ENABLE_FORK_SUPPORT=1 -DGRPC_ENABLE_FORK_SUPPORT_DEFAULT=false -DGRPC_PYTHON_BUILD=1 -D__STDC_FORMAT_MACROS "-DPyMODINIT_FUNC=extern \"C\" __attribute__((visibility (\"default\"))) PyObject*" -DGRPC_POSIX_FORK_ALLOW_PTHREAD_ATFORK=1 -Isrc/python/grpcio -Iinclude -I. -Ithird_party/abseil-cpp -Ithird_party/address_sorting/include -Ithird_party/cares/cares/include -Ithird_party/cares -Ithird_party/cares/cares -Ithird_party/cares/cares/src/lib/include -Ithird_party/cares/cares/src/lib -Ithird_party/cares/config_linux -Ithird_party/re2 -Ithird_party/boringssl-with-bazel/src/include -Ithird_party/upb -Isrc/core/ext/upb-gen -Isrc/core/ext/upbdefs-gen -Ithird_party/utf8_range -Ithird_party/xxhash -Ithird_party/zlib -I/usr/local/google/home/ssreenithi/.pyenv/versions/3.12.0/envs/pyvenv_312/include -I/usr/local/google/home/ssreenithi/.pyenv/versions/3.12.0/include/python3.12 -c src/core/lib/iomgr/socket_utils_posix.cc -o pyb/temp.linux-x86_64-cpython-312/src/core/lib/iomgr/socket_utils_posix.o -std=c++17 -fvisibility=hidden -fno-wrapv -fno-exceptions -pthread
      g++ -fno-strict-overflow -Wsign-compare -DNDEBUG -g -O3 -Wall -fPIC -D_WIN32_WINNT=1536 -DGRPC_XDS_USER_AGENT_NAME_SUFFIX=\"Python\" -DGRPC_XDS_USER_AGENT_VERSION_SUFFIX=\"1.79.0.dev0\" -DHAVE_CONFIG_H=1 -DGRPC_ENABLE_FORK_SUPPORT=1 -DGRPC_ENABLE_FORK_SUPPORT_DEFAULT=false -DGRPC_PYTHON_BUILD=1 -D__STDC_FORMAT_MACROS "-DPyMODINIT_FUNC=extern \"C\" __attribute__((visibility (\"default\"))) PyObject*" -DGRPC_POSIX_FORK_ALLOW_PTHREAD_ATFORK=1 -Isrc/python/grpcio -Iinclude -I. -Ithird_party/abseil-cpp -Ithird_party/address_sorting/include -Ithird_party/cares/cares/include -Ithird_party/cares -Ithird_party/cares/cares -Ithird_party/cares/cares/src/lib/include -Ithird_party/cares/cares/src/lib -Ithird_party/cares/config_linux -Ithird_party/re2 -Ithird_party/boringssl-with-bazel/src/include -Ithird_party/upb -Isrc/core/ext/upb-gen -Isrc/core/ext/upbdefs-gen -Ithird_party/utf8_range -Ithird_party/xxhash -Ithird_party/zlib -I/usr/local/google/home/ssreenithi/.pyenv/versions/3.12.0/envs/pyvenv_312/include -I/usr/local/google/home/ssreenithi/.pyenv/versions/3.12.0/include/python3.12 -c src/core/lib/iomgr/iomgr_internal.cc -o pyb/temp.linux-x86_64-cpython-312/src/core/lib/iomgr/iomgr_internal.o -std=c++17 -fvisibility=hidden -fno-wrapv -fno-exceptions -pthread
      g++ -fno-strict-overflow -Wsign-compare -DNDEBUG -g -O3 -Wall -fPIC -D_WIN32_WINNT=1536 -DGRPC_XDS_USER_AGENT_NAME_SUFFIX=\"Python\" -DGRPC_XDS_USER_AGENT_VERSION_SUFFIX=\"1.79.0.dev0\" -DHAVE_CONFIG_H=1 -DGRPC_ENABLE_FORK_SUPPORT=1 -DGRPC_ENABLE_FORK_SUPPORT_DEFAULT=false -DGRPC_PYTHON_BUILD=1 -D__STDC_FORMAT_MACROS "-DPyMODINIT_FUNC=extern \"C\" __attribute__((visibility (\"default\"))) PyObject*" -DGRPC_POSIX_FORK_ALLOW_PTHREAD_ATFORK=1 -Isrc/python/grpcio -Iinclude -I. -Ithird_party/abseil-cpp -Ithird_party/address_sorting/include -Ithird_party/cares/cares/include -Ithird_party/cares -Ithird_party/cares/cares -Ithird_party/cares/cares/src/lib/include -Ithird_party/cares/cares/src/lib -Ithird_party/cares/config_linux -Ithird_party/re2 -Ithird_party/boringssl-with-bazel/src/include -Ithird_party/upb -Isrc/core/ext/upb-gen -Isrc/core/ext/upbdefs-gen -Ithird_party/utf8_range -Ithird_party/xxhash -Ithird_party/zlib -I/usr/local/google/home/ssreenithi/.pyenv/versions/3.12.0/envs/pyvenv_312/include -I/usr/local/google/home/ssreenithi/.pyenv/versions/3.12.0/include/python3.12 -c src/core/credentials/call/jwt_util.cc -o pyb/temp.linux-x86_64-cpython-312/src/core/credentials/call/jwt_util.o -std=c++17 -fvisibility=hidden -fno-wrapv -fno-exceptions -pthread
      g++ -fno-strict-overflow -Wsign-compare -DNDEBUG -g -O3 -Wall -fPIC -D_WIN32_WINNT=1536 -DGRPC_XDS_USER_AGENT_NAME_SUFFIX=\"Python\" -DGRPC_XDS_USER_AGENT_VERSION_SUFFIX=\"1.79.0.dev0\" -DHAVE_CONFIG_H=1 -DGRPC_ENABLE_FORK_SUPPORT=1 -DGRPC_ENABLE_FORK_SUPPORT_DEFAULT=false -DGRPC_PYTHON_BUILD=1 -D__STDC_FORMAT_MACROS "-DPyMODINIT_FUNC=extern \"C\" __attribute__((visibility (\"default\"))) PyObject*" -DGRPC_POSIX_FORK_ALLOW_PTHREAD_ATFORK=1 -Isrc/python/grpcio -Iinclude -I. -Ithird_party/abseil-cpp -Ithird_party/address_sorting/include -Ithird_party/cares/cares/include -Ithird_party/cares -Ithird_party/cares/cares -Ithird_party/cares/cares/src/lib/include -Ithird_party/cares/cares/src/lib -Ithird_party/cares/config_linux -Ithird_party/re2 -Ithird_party/boringssl-with-bazel/src/include -Ithird_party/upb -Isrc/core/ext/upb-gen -Isrc/core/ext/upbdefs-gen -Ithird_party/utf8_range -Ithird_party/xxhash -Ithird_party/zlib -I/usr/local/google/home/ssreenithi/.pyenv/versions/3.12.0/envs/pyvenv_312/include -I/usr/local/google/home/ssreenithi/.pyenv/versions/3.12.0/include/python3.12 -c src/core/lib/experiments/experiments.cc -o pyb/temp.linux-x86_64-cpython-312/src/core/lib/experiments/experiments.o -std=c++17 -fvisibility=hidden -fno-wrapv -fno-exceptions -pthread
      g++ -fno-strict-overflow -Wsign-compare -DNDEBUG -g -O3 -Wall -fPIC -D_WIN32_WINNT=1536 -DGRPC_XDS_USER_AGENT_NAME_SUFFIX=\"Python\" -DGRPC_XDS_USER_AGENT_VERSION_SUFFIX=\"1.79.0.dev0\" -DHAVE_CONFIG_H=1 -DGRPC_ENABLE_FORK_SUPPORT=1 -DGRPC_ENABLE_FORK_SUPPORT_DEFAULT=false -DGRPC_PYTHON_BUILD=1 -D__STDC_FORMAT_MACROS "-DPyMODINIT_FUNC=extern \"C\" __attribute__((visibility (\"default\"))) PyObject*" -DGRPC_POSIX_FORK_ALLOW_PTHREAD_ATFORK=1 -Isrc/python/grpcio -Iinclude -I. -Ithird_party/abseil-cpp -Ithird_party/address_sorting/include -Ithird_party/cares/cares/include -Ithird_party/cares -Ithird_party/cares/cares -Ithird_party/cares/cares/src/lib/include -Ithird_party/cares/cares/src/lib -Ithird_party/cares/config_linux -Ithird_party/re2 -Ithird_party/boringssl-with-bazel/src/include -Ithird_party/upb -Isrc/core/ext/upb-gen -Isrc/core/ext/upbdefs-gen -Ithird_party/utf8_range -Ithird_party/xxhash -Ithird_party/zlib -I/usr/local/google/home/ssreenithi/.pyenv/versions/3.12.0/envs/pyvenv_312/include -I/usr/local/google/home/ssreenithi/.pyenv/versions/3.12.0/include/python3.12 -c src/core/credentials/transport/tls/grpc_tls_certificate_match.cc -o pyb/temp.linux-x86_64-cpython-312/src/core/credentials/transport/tls/grpc_tls_certificate_match.o -std=c++17 -fvisibility=hidden -fno-wrapv -fno-exceptions -pthread
      g++ -fno-strict-overflow -Wsign-compare -DNDEBUG -g -O3 -Wall -fPIC -D_WIN32_WINNT=1536 -DGRPC_XDS_USER_AGENT_NAME_SUFFIX=\"Python\" -DGRPC_XDS_USER_AGENT_VERSION_SUFFIX=\"1.79.0.dev0\" -DHAVE_CONFIG_H=1 -DGRPC_ENABLE_FORK_SUPPORT=1 -DGRPC_ENABLE_FORK_SUPPORT_DEFAULT=false -DGRPC_PYTHON_BUILD=1 -D__STDC_FORMAT_MACROS "-DPyMODINIT_FUNC=extern \"C\" __attribute__((visibility (\"default\"))) PyObject*" -DGRPC_POSIX_FORK_ALLOW_PTHREAD_ATFORK=1 -Isrc/python/grpcio -Iinclude -I. -Ithird_party/abseil-cpp -Ithird_party/address_sorting/include -Ithird_party/cares/cares/include -Ithird_party/cares -Ithird_party/cares/cares -Ithird_party/cares/cares/src/lib/include -Ithird_party/cares/cares/src/lib -Ithird_party/cares/config_linux -Ithird_party/re2 -Ithird_party/boringssl-with-bazel/src/include -Ithird_party/upb -Isrc/core/ext/upb-gen -Isrc/core/ext/upbdefs-gen -Ithird_party/utf8_range -Ithird_party/xxhash -Ithird_party/zlib -I/usr/local/google/home/ssreenithi/.pyenv/versions/3.12.0/envs/pyvenv_312/include -I/usr/local/google/home/ssreenithi/.pyenv/versions/3.12.0/include/python3.12 -c src/core/lib/event_engine/posix_engine/posix_interface_posix.cc -o pyb/temp.linux-x86_64-cpython-312/src/core/lib/event_engine/posix_engine/posix_interface_posix.o -std=c++17 -fvisibility=hidden -fno-wrapv -fno-exceptions -pthread
      g++ -fno-strict-overflow -Wsign-compare -DNDEBUG -g -O3 -Wall -fPIC -D_WIN32_WINNT=1536 -DGRPC_XDS_USER_AGENT_NAME_SUFFIX=\"Python\" -DGRPC_XDS_USER_AGENT_VERSION_SUFFIX=\"1.79.0.dev0\" -DHAVE_CONFIG_H=1 -DGRPC_ENABLE_FORK_SUPPORT=1 -DGRPC_ENABLE_FORK_SUPPORT_DEFAULT=false -DGRPC_PYTHON_BUILD=1 -D__STDC_FORMAT_MACROS "-DPyMODINIT_FUNC=extern \"C\" __attribute__((visibility (\"default\"))) PyObject*" -DGRPC_POSIX_FORK_ALLOW_PTHREAD_ATFORK=1 -Isrc/python/grpcio -Iinclude -I. -Ithird_party/abseil-cpp -Ithird_party/address_sorting/include -Ithird_party/cares/cares/include -Ithird_party/cares -Ithird_party/cares/cares -Ithird_party/cares/cares/src/lib/include -Ithird_party/cares/cares/src/lib -Ithird_party/cares/config_linux -Ithird_party/re2 -Ithird_party/boringssl-with-bazel/src/include -Ithird_party/upb -Isrc/core/ext/upb-gen -Isrc/core/ext/upbdefs-gen -Ithird_party/utf8_range -Ithird_party/xxhash -Ithird_party/zlib -I/usr/local/google/home/ssreenithi/.pyenv/versions/3.12.0/envs/pyvenv_312/include -I/usr/local/google/home/ssreenithi/.pyenv/versions/3.12.0/include/python3.12 -c src/core/credentials/transport/local/local_credentials.cc -o pyb/temp.linux-x86_64-cpython-312/src/core/credentials/transport/local/local_credentials.o -std=c++17 -fvisibility=hidden -fno-wrapv -fno-exceptions -pthread
      g++ -fno-strict-overflow -Wsign-compare -DNDEBUG -g -O3 -Wall -fPIC -D_WIN32_WINNT=1536 -DGRPC_XDS_USER_AGENT_NAME_SUFFIX=\"Python\" -DGRPC_XDS_USER_AGENT_VERSION_SUFFIX=\"1.79.0.dev0\" -DHAVE_CONFIG_H=1 -DGRPC_ENABLE_FORK_SUPPORT=1 -DGRPC_ENABLE_FORK_SUPPORT_DEFAULT=false -DGRPC_PYTHON_BUILD=1 -D__STDC_FORMAT_MACROS "-DPyMODINIT_FUNC=extern \"C\" __attribute__((visibility (\"default\"))) PyObject*" -DGRPC_POSIX_FORK_ALLOW_PTHREAD_ATFORK=1 -Isrc/python/grpcio -Iinclude -I. -Ithird_party/abseil-cpp -Ithird_party/address_sorting/include -Ithird_party/cares/cares/include -Ithird_party/cares -Ithird_party/cares/cares -Ithird_party/cares/cares/src/lib/include -Ithird_party/cares/cares/src/lib -Ithird_party/cares/config_linux -Ithird_party/re2 -Ithird_party/boringssl-with-bazel/src/include -Ithird_party/upb -Isrc/core/ext/upb-gen -Isrc/core/ext/upbdefs-gen -Ithird_party/utf8_range -Ithird_party/xxhash -Ithird_party/zlib -I/usr/local/google/home/ssreenithi/.pyenv/versions/3.12.0/envs/pyvenv_312/include -I/usr/local/google/home/ssreenithi/.pyenv/versions/3.12.0/include/python3.12 -c src/core/credentials/transport/tls/ssl_utils.cc -o pyb/temp.linux-x86_64-cpython-312/src/core/credentials/transport/tls/ssl_utils.o -std=c++17 -fvisibility=hidden -fno-wrapv -fno-exceptions -pthread
      g++ -fno-strict-overflow -Wsign-compare -DNDEBUG -g -O3 -Wall -fPIC -D_WIN32_WINNT=1536 -DGRPC_XDS_USER_AGENT_NAME_SUFFIX=\"Python\" -DGRPC_XDS_USER_AGENT_VERSION_SUFFIX=\"1.79.0.dev0\" -DHAVE_CONFIG_H=1 -DGRPC_ENABLE_FORK_SUPPORT=1 -DGRPC_ENABLE_FORK_SUPPORT_DEFAULT=false -DGRPC_PYTHON_BUILD=1 -D__STDC_FORMAT_MACROS "-DPyMODINIT_FUNC=extern \"C\" __attribute__((visibility (\"default\"))) PyObject*" -DGRPC_POSIX_FORK_ALLOW_PTHREAD_ATFORK=1 -Isrc/python/grpcio -Iinclude -I. -Ithird_party/abseil-cpp -Ithird_party/address_sorting/include -Ithird_party/cares/cares/include -Ithird_party/cares -Ithird_party/cares/cares -Ithird_party/cares/cares/src/lib/include -Ithird_party/cares/cares/src/lib -Ithird_party/cares/config_linux -Ithird_party/re2 -Ithird_party/boringssl-with-bazel/src/include -Ithird_party/upb -Isrc/core/ext/upb-gen -Isrc/core/ext/upbdefs-gen -Ithird_party/utf8_range -Ithird_party/xxhash -Ithird_party/zlib -I/usr/local/google/home/ssreenithi/.pyenv/versions/3.12.0/envs/pyvenv_312/include -I/usr/local/google/home/ssreenithi/.pyenv/versions/3.12.0/include/python3.12 -c src/core/ext/transport/chttp2/transport/frame_settings.cc -o pyb/temp.linux-x86_64-cpython-312/src/core/ext/transport/chttp2/transport/frame_settings.o -std=c++17 -fvisibility=hidden -fno-wrapv -fno-exceptions -pthread
      g++ -fno-strict-overflow -Wsign-compare -DNDEBUG -g -O3 -Wall -fPIC -D_WIN32_WINNT=1536 -DGRPC_XDS_USER_AGENT_NAME_SUFFIX=\"Python\" -DGRPC_XDS_USER_AGENT_VERSION_SUFFIX=\"1.79.0.dev0\" -DHAVE_CONFIG_H=1 -DGRPC_ENABLE_FORK_SUPPORT=1 -DGRPC_ENABLE_FORK_SUPPORT_DEFAULT=false -DGRPC_PYTHON_BUILD=1 -D__STDC_FORMAT_MACROS "-DPyMODINIT_FUNC=extern \"C\" __attribute__((visibility (\"default\"))) PyObject*" -DGRPC_POSIX_FORK_ALLOW_PTHREAD_ATFORK=1 -Isrc/python/grpcio -Iinclude -I. -Ithird_party/abseil-cpp -Ithird_party/address_sorting/include -Ithird_party/cares/cares/include -Ithird_party/cares -Ithird_party/cares/cares -Ithird_party/cares/cares/src/lib/include -Ithird_party/cares/cares/src/lib -Ithird_party/cares/config_linux -Ithird_party/re2 -Ithird_party/boringssl-with-bazel/src/include -Ithird_party/upb -Isrc/core/ext/upb-gen -Isrc/core/ext/upbdefs-gen -Ithird_party/utf8_range -Ithird_party/xxhash -Ithird_party/zlib -I/usr/local/google/home/ssreenithi/.pyenv/versions/3.12.0/envs/pyvenv_312/include -I/usr/local/google/home/ssreenithi/.pyenv/versions/3.12.0/include/python3.12 -c src/core/ext/transport/chttp2/transport/transport_common.cc -o pyb/temp.linux-x86_64-cpython-312/src/core/ext/transport/chttp2/transport/transport_common.o -std=c++17 -fvisibility=hidden -fno-wrapv -fno-exceptions -pthread
      g++ -fno-strict-overflow -Wsign-compare -DNDEBUG -g -O3 -Wall -fPIC -D_WIN32_WINNT=1536 -DGRPC_XDS_USER_AGENT_NAME_SUFFIX=\"Python\" -DGRPC_XDS_USER_AGENT_VERSION_SUFFIX=\"1.79.0.dev0\" -DHAVE_CONFIG_H=1 -DGRPC_ENABLE_FORK_SUPPORT=1 -DGRPC_ENABLE_FORK_SUPPORT_DEFAULT=false -DGRPC_PYTHON_BUILD=1 -D__STDC_FORMAT_MACROS "-DPyMODINIT_FUNC=extern \"C\" __attribute__((visibility (\"default\"))) PyObject*" -DGRPC_POSIX_FORK_ALLOW_PTHREAD_ATFORK=1 -Isrc/python/grpcio -Iinclude -I. -Ithird_party/abseil-cpp -Ithird_party/address_sorting/include -Ithird_party/cares/cares/include -Ithird_party/cares -Ithird_party/cares/cares -Ithird_party/cares/cares/src/lib/include -Ithird_party/cares/cares/src/lib -Ithird_party/cares/config_linux -Ithird_party/re2 -Ithird_party/boringssl-with-bazel/src/include -Ithird_party/upb -Isrc/core/ext/upb-gen -Isrc/core/ext/upbdefs-gen -Ithird_party/utf8_range -Ithird_party/xxhash -Ithird_party/zlib -I/usr/local/google/home/ssreenithi/.pyenv/versions/3.12.0/envs/pyvenv_312/include -I/usr/local/google/home/ssreenithi/.pyenv/versions/3.12.0/include/python3.12 -c src/core/lib/iomgr/cfstream_handle.cc -o pyb/temp.linux-x86_64-cpython-312/src/core/lib/iomgr/cfstream_handle.o -std=c++17 -fvisibility=hidden -fno-wrapv -fno-exceptions -pthread
      g++ -fno-strict-overflow -Wsign-compare -DNDEBUG -g -O3 -Wall -fPIC -D_WIN32_WINNT=1536 -DGRPC_XDS_USER_AGENT_NAME_SUFFIX=\"Python\" -DGRPC_XDS_USER_AGENT_VERSION_SUFFIX=\"1.79.0.dev0\" -DHAVE_CONFIG_H=1 -DGRPC_ENABLE_FORK_SUPPORT=1 -DGRPC_ENABLE_FORK_SUPPORT_DEFAULT=false -DGRPC_PYTHON_BUILD=1 -D__STDC_FORMAT_MACROS "-DPyMODINIT_FUNC=extern \"C\" __attribute__((visibility (\"default\"))) PyObject*" -DGRPC_POSIX_FORK_ALLOW_PTHREAD_ATFORK=1 -Isrc/python/grpcio -Iinclude -I. -Ithird_party/abseil-cpp -Ithird_party/address_sorting/include -Ithird_party/cares/cares/include -Ithird_party/cares -Ithird_party/cares/cares -Ithird_party/cares/cares/src/lib/include -Ithird_party/cares/cares/src/lib -Ithird_party/cares/config_linux -Ithird_party/re2 -Ithird_party/boringssl-with-bazel/src/include -Ithird_party/upb -Isrc/core/ext/upb-gen -Isrc/core/ext/upbdefs-gen -Ithird_party/utf8_range -Ithird_party/xxhash -Ithird_party/zlib -I/usr/local/google/home/ssreenithi/.pyenv/versions/3.12.0/envs/pyvenv_312/include -I/usr/local/google/home/ssreenithi/.pyenv/versions/3.12.0/include/python3.12 -c src/core/ext/filters/gcp_authentication/gcp_authentication_filter.cc -o pyb/temp.linux-x86_64-cpython-312/src/core/ext/filters/gcp_authentication/gcp_authentication_filter.o -std=c++17 -fvisibility=hidden -fno-wrapv -fno-exceptions -pthread
      g++ -fno-strict-overflow -Wsign-compare -DNDEBUG -g -O3 -Wall -fPIC -D_WIN32_WINNT=1536 -DGRPC_XDS_USER_AGENT_NAME_SUFFIX=\"Python\" -DGRPC_XDS_USER_AGENT_VERSION_SUFFIX=\"1.79.0.dev0\" -DHAVE_CONFIG_H=1 -DGRPC_ENABLE_FORK_SUPPORT=1 -DGRPC_ENABLE_FORK_SUPPORT_DEFAULT=false -DGRPC_PYTHON_BUILD=1 -D__STDC_FORMAT_MACROS "-DPyMODINIT_FUNC=extern \"C\" __attribute__((visibility (\"default\"))) PyObject*" -DGRPC_POSIX_FORK_ALLOW_PTHREAD_ATFORK=1 -Isrc/python/grpcio -Iinclude -I. -Ithird_party/abseil-cpp -Ithird_party/address_sorting/include -Ithird_party/cares/cares/include -Ithird_party/cares -Ithird_party/cares/cares -Ithird_party/cares/cares/src/lib/include -Ithird_party/cares/cares/src/lib -Ithird_party/cares/config_linux -Ithird_party/re2 -Ithird_party/boringssl-with-bazel/src/include -Ithird_party/upb -Isrc/core/ext/upb-gen -Isrc/core/ext/upbdefs-gen -Ithird_party/utf8_range -Ithird_party/xxhash -Ithird_party/zlib -I/usr/local/google/home/ssreenithi/.pyenv/versions/3.12.0/envs/pyvenv_312/include -I/usr/local/google/home/ssreenithi/.pyenv/versions/3.12.0/include/python3.12 -c src/core/transport/endpoint_transport_client_channel_factory.cc -o pyb/temp.linux-x86_64-cpython-312/src/core/transport/endpoint_transport_client_channel_factory.o -std=c++17 -fvisibility=hidden -fno-wrapv -fno-exceptions -pthread
      g++ -fno-strict-overflow -Wsign-compare -DNDEBUG -g -O3 -Wall -fPIC -D_WIN32_WINNT=1536 -DGRPC_XDS_USER_AGENT_NAME_SUFFIX=\"Python\" -DGRPC_XDS_USER_AGENT_VERSION_SUFFIX=\"1.79.0.dev0\" -DHAVE_CONFIG_H=1 -DGRPC_ENABLE_FORK_SUPPORT=1 -DGRPC_ENABLE_FORK_SUPPORT_DEFAULT=false -DGRPC_PYTHON_BUILD=1 -D__STDC_FORMAT_MACROS "-DPyMODINIT_FUNC=extern \"C\" __attribute__((visibility (\"default\"))) PyObject*" -DGRPC_POSIX_FORK_ALLOW_PTHREAD_ATFORK=1 -Isrc/python/grpcio -Iinclude -I. -Ithird_party/abseil-cpp -Ithird_party/address_sorting/include -Ithird_party/cares/cares/include -Ithird_party/cares -Ithird_party/cares/cares -Ithird_party/cares/cares/src/lib/include -Ithird_party/cares/cares/src/lib -Ithird_party/cares/config_linux -Ithird_party/re2 -Ithird_party/boringssl-with-bazel/src/include -Ithird_party/upb -Isrc/core/ext/upb-gen -Isrc/core/ext/upbdefs-gen -Ithird_party/utf8_range -Ithird_party/xxhash -Ithird_party/zlib -I/usr/local/google/home/ssreenithi/.pyenv/versions/3.12.0/envs/pyvenv_312/include -I/usr/local/google/home/ssreenithi/.pyenv/versions/3.12.0/include/python3.12 -c src/core/client_channel/client_channel_service_config.cc -o pyb/temp.linux-x86_64-cpython-312/src/core/client_channel/client_channel_service_config.o -std=c++17 -fvisibility=hidden -fno-wrapv -fno-exceptions -pthread
      g++ -fno-strict-overflow -Wsign-compare -DNDEBUG -g -O3 -Wall -fPIC -D_WIN32_WINNT=1536 -DGRPC_XDS_USER_AGENT_NAME_SUFFIX=\"Python\" -DGRPC_XDS_USER_AGENT_VERSION_SUFFIX=\"1.79.0.dev0\" -DHAVE_CONFIG_H=1 -DGRPC_ENABLE_FORK_SUPPORT=1 -DGRPC_ENABLE_FORK_SUPPORT_DEFAULT=false -DGRPC_PYTHON_BUILD=1 -D__STDC_FORMAT_MACROS "-DPyMODINIT_FUNC=extern \"C\" __attribute__((visibility (\"default\"))) PyObject*" -DGRPC_POSIX_FORK_ALLOW_PTHREAD_ATFORK=1 -Isrc/python/grpcio -Iinclude -I. -Ithird_party/abseil-cpp -Ithird_party/address_sorting/include -Ithird_party/cares/cares/include -Ithird_party/cares -Ithird_party/cares/cares -Ithird_party/cares/cares/src/lib/include -Ithird_party/cares/cares/src/lib -Ithird_party/cares/config_linux -Ithird_party/re2 -Ithird_party/boringssl-with-bazel/src/include -Ithird_party/upb -Isrc/core/ext/upb-gen -Isrc/core/ext/upbdefs-gen -Ithird_party/utf8_range -Ithird_party/xxhash -Ithird_party/zlib -I/usr/local/google/home/ssreenithi/.pyenv/versions/3.12.0/envs/pyvenv_312/include -I/usr/local/google/home/ssreenithi/.pyenv/versions/3.12.0/include/python3.12 -c src/core/load_balancing/grpclb/load_balancer_api.cc -o pyb/temp.linux-x86_64-cpython-312/src/core/load_balancing/grpclb/load_balancer_api.o -std=c++17 -fvisibility=hidden -fno-wrapv -fno-exceptions -pthread
      In file included from ./src/core/lib/promise/activity.h:30,
                       from ./src/core/lib/resource_quota/memory_quota.h:39,
                       from ./src/core/lib/resource_quota/arena.h:39,
                       from ./src/core/util/chunked_vector.h:24,
                       from ./src/core/call/metadata_batch.h:41,
                       from src/core/lib/channel/channel_stack_builder_impl.cc:32:
      ./src/core/lib/promise/detail/promise_factory.h:210:5: warning: ‘always_inline’ function might not be inlinable unless also declared ‘inline’ [-Wattributes]
        210 |     PromiseFactoryImpl(Token, F&& f) {
            |     ^~~~~~~~~~~~~~~~~~
      ./src/core/lib/promise/detail/promise_factory.h:210:5: warning: ‘always_inline’ function might not be inlinable unless also declared ‘inline’ [-Wattributes]
      ./src/core/lib/promise/detail/promise_factory.h:210:5: warning: ‘always_inline’ function might not be inlinable unless also declared ‘inline’ [-Wattributes]
      ./src/core/lib/promise/detail/promise_factory.h:210:5: warning: ‘always_inline’ function might not be inlinable unless also declared ‘inline’ [-Wattributes]
      ./src/core/lib/promise/detail/promise_factory.h:210:5: warning: ‘always_inline’ function might not be inlinable unless also declared ‘inline’ [-Wattributes]
      ./src/core/lib/promise/detail/promise_factory.h:210:5: warning: ‘always_inline’ function might not be inlinable unless also declared ‘inline’ [-Wattributes]
      ./src/core/lib/promise/detail/promise_factory.h:210:5: warning: ‘always_inline’ function might not be inlinable unless also declared ‘inline’ [-Wattributes]
      g++ -fno-strict-overflow -Wsign-compare -DNDEBUG -g -O3 -Wall -fPIC -D_WIN32_WINNT=1536 -DGRPC_XDS_USER_AGENT_NAME_SUFFIX=\"Python\" -DGRPC_XDS_USER_AGENT_VERSION_SUFFIX=\"1.79.0.dev0\" -DHAVE_CONFIG_H=1 -DGRPC_ENABLE_FORK_SUPPORT=1 -DGRPC_ENABLE_FORK_SUPPORT_DEFAULT=false -DGRPC_PYTHON_BUILD=1 -D__STDC_FORMAT_MACROS "-DPyMODINIT_FUNC=extern \"C\" __attribute__((visibility (\"default\"))) PyObject*" -DGRPC_POSIX_FORK_ALLOW_PTHREAD_ATFORK=1 -Isrc/python/grpcio -Iinclude -I. -Ithird_party/abseil-cpp -Ithird_party/address_sorting/include -Ithird_party/cares/cares/include -Ithird_party/cares -Ithird_party/cares/cares -Ithird_party/cares/cares/src/lib/include -Ithird_party/cares/cares/src/lib -Ithird_party/cares/config_linux -Ithird_party/re2 -Ithird_party/boringssl-with-bazel/src/include -Ithird_party/upb -Isrc/core/ext/upb-gen -Isrc/core/ext/upbdefs-gen -Ithird_party/utf8_range -Ithird_party/xxhash -Ithird_party/zlib -I/usr/local/google/home/ssreenithi/.pyenv/versions/3.12.0/envs/pyvenv_312/include -I/usr/local/google/home/ssreenithi/.pyenv/versions/3.12.0/include/python3.12 -c src/core/lib/iomgr/closure.cc -o pyb/temp.linux-x86_64-cpython-312/src/core/lib/iomgr/closure.o -std=c++17 -fvisibility=hidden -fno-wrapv -fno-exceptions -pthread
      src/core/lib/event_engine/ares_resolver.cc: In function ‘absl::lts_20250512::Status grpc_event_engine::experimental::{anonymous}::SetRequestDNSServer(absl::lts_20250512::string_view, ares_channeldata**)’:
      src/core/lib/event_engine/ares_resolver.cc:147:38: warning: ‘int ares_set_servers_ports(ares_channel_t*, const ares_addr_port_node*)’ is deprecated: Use ares_set_servers_ports_csv instead [-Wdeprecated-declarations]
        147 |   int status = ares_set_servers_ports(*channel, &dns_server_addr);
            |                ~~~~~~~~~~~~~~~~~~~~~~^~~~~~~~~~~~~~~~~~~~~~~~~~~~
      In file included from ./src/core/lib/event_engine/ares_resolver.h:28,
                       from src/core/lib/event_engine/ares_resolver.cc:14:
      third_party/cares/cares/include/ares.h:1173:20: note: declared here
       1173 | int                ares_set_servers_ports(ares_channel_t                   *channel,
            |                    ^~~~~~~~~~~~~~~~~~~~~~
      g++ -fno-strict-overflow -Wsign-compare -DNDEBUG -g -O3 -Wall -fPIC -D_WIN32_WINNT=1536 -DGRPC_XDS_USER_AGENT_NAME_SUFFIX=\"Python\" -DGRPC_XDS_USER_AGENT_VERSION_SUFFIX=\"1.79.0.dev0\" -DHAVE_CONFIG_H=1 -DGRPC_ENABLE_FORK_SUPPORT=1 -DGRPC_ENABLE_FORK_SUPPORT_DEFAULT=false -DGRPC_PYTHON_BUILD=1 -D__STDC_FORMAT_MACROS "-DPyMODINIT_FUNC=extern \"C\" __attribute__((visibility (\"default\"))) PyObject*" -DGRPC_POSIX_FORK_ALLOW_PTHREAD_ATFORK=1 -Isrc/python/grpcio -Iinclude -I. -Ithird_party/abseil-cpp -Ithird_party/address_sorting/include -Ithird_party/cares/cares/include -Ithird_party/cares -Ithird_party/cares/cares -Ithird_party/cares/cares/src/lib/include -Ithird_party/cares/cares/src/lib -Ithird_party/cares/config_linux -Ithird_party/re2 -Ithird_party/boringssl-with-bazel/src/include -Ithird_party/upb -Isrc/core/ext/upb-gen -Isrc/core/ext/upbdefs-gen -Ithird_party/utf8_range -Ithird_party/xxhash -Ithird_party/zlib -I/usr/local/google/home/ssreenithi/.pyenv/versions/3.12.0/envs/pyvenv_312/include -I/usr/local/google/home/ssreenithi/.pyenv/versions/3.12.0/include/python3.12 -c src/core/resolver/dns/c_ares/grpc_ares_wrapper_windows.cc -o pyb/temp.linux-x86_64-cpython-312/src/core/resolver/dns/c_ares/grpc_ares_wrapper_windows.o -std=c++17 -fvisibility=hidden -fno-wrapv -fno-exceptions -pthread
      g++ -fno-strict-overflow -Wsign-compare -DNDEBUG -g -O3 -Wall -fPIC -D_WIN32_WINNT=1536 -DGRPC_XDS_USER_AGENT_NAME_SUFFIX=\"Python\" -DGRPC_XDS_USER_AGENT_VERSION_SUFFIX=\"1.79.0.dev0\" -DHAVE_CONFIG_H=1 -DGRPC_ENABLE_FORK_SUPPORT=1 -DGRPC_ENABLE_FORK_SUPPORT_DEFAULT=false -DGRPC_PYTHON_BUILD=1 -D__STDC_FORMAT_MACROS "-DPyMODINIT_FUNC=extern \"C\" __attribute__((visibility (\"default\"))) PyObject*" -DGRPC_POSIX_FORK_ALLOW_PTHREAD_ATFORK=1 -Isrc/python/grpcio -Iinclude -I. -Ithird_party/abseil-cpp -Ithird_party/address_sorting/include -Ithird_party/cares/cares/include -Ithird_party/cares -Ithird_party/cares/cares -Ithird_party/cares/cares/src/lib/include -Ithird_party/cares/cares/src/lib -Ithird_party/cares/config_linux -Ithird_party/re2 -Ithird_party/boringssl-with-bazel/src/include -Ithird_party/upb -Isrc/core/ext/upb-gen -Isrc/core/ext/upbdefs-gen -Ithird_party/utf8_range -Ithird_party/xxhash -Ithird_party/zlib -I/usr/local/google/home/ssreenithi/.pyenv/versions/3.12.0/envs/pyvenv_312/include -I/usr/local/google/home/ssreenithi/.pyenv/versions/3.12.0/include/python3.12 -c src/core/lib/iomgr/tcp_client_windows.cc -o pyb/temp.linux-x86_64-cpython-312/src/core/lib/iomgr/tcp_client_windows.o -std=c++17 -fvisibility=hidden -fno-wrapv -fno-exceptions -pthread
      src/core/lib/event_engine/ares_resolver.cc: In member function ‘virtual void grpc_event_engine::experimental::AresResolver::LookupHostname(grpc_event_engine::experimental::EventEngine::DNSResolver::LookupHostnameCallback, absl::lts_20250512::string_view, absl::lts_20250512::string_view)’:
      src/core/lib/event_engine/ares_resolver.cc:376:23: warning: ‘void ares_gethostbyname(ares_channel_t*, const char*, int, ares_host_callback, void*)’ is deprecated: Use ares_getaddrinfo instead [-Wdeprecated-declarations]
        376 |     ares_gethostbyname(channel_, std::string(host).c_str(), AF_INET,
            |     ~~~~~~~~~~~~~~~~~~^~~~~~~~~~~~~~~~~~~~~~~~~~~~~~~~~~~~~~~~~~~~~~
        377 |                        &AresResolver::OnHostbynameDoneLocked, resolver_arg);
            |                        ~~~~~~~~~~~~~~~~~~~~~~~~~~~~~~~~~~~~~~~~~~~~~~~~~~~~
      third_party/cares/cares/include/ares.h:879:58: note: declared here
        879 | CARES_EXTERN CARES_DEPRECATED_FOR(ares_getaddrinfo) void ares_gethostbyname(
            |                                                          ^~~~~~~~~~~~~~~~~~
      src/core/lib/event_engine/ares_resolver.cc:378:23: warning: ‘void ares_gethostbyname(ares_channel_t*, const char*, int, ares_host_callback, void*)’ is deprecated: Use ares_getaddrinfo instead [-Wdeprecated-declarations]
        378 |     ares_gethostbyname(channel_, std::string(host).c_str(), AF_INET6,
            |     ~~~~~~~~~~~~~~~~~~^~~~~~~~~~~~~~~~~~~~~~~~~~~~~~~~~~~~~~~~~~~~~~~
        379 |                        &AresResolver::OnHostbynameDoneLocked, resolver_arg);
            |                        ~~~~~~~~~~~~~~~~~~~~~~~~~~~~~~~~~~~~~~~~~~~~~~~~~~~~
      third_party/cares/cares/include/ares.h:879:58: note: declared here
        879 | CARES_EXTERN CARES_DEPRECATED_FOR(ares_getaddrinfo) void ares_gethostbyname(
            |                                                          ^~~~~~~~~~~~~~~~~~
      src/core/lib/event_engine/ares_resolver.cc:382:23: warning: ‘void ares_gethostbyname(ares_channel_t*, const char*, int, ares_host_callback, void*)’ is deprecated: Use ares_getaddrinfo instead [-Wdeprecated-declarations]
        382 |     ares_gethostbyname(channel_, std::string(host).c_str(), AF_INET,
            |     ~~~~~~~~~~~~~~~~~~^~~~~~~~~~~~~~~~~~~~~~~~~~~~~~~~~~~~~~~~~~~~~~
        383 |                        &AresResolver::OnHostbynameDoneLocked, resolver_arg);
            |                        ~~~~~~~~~~~~~~~~~~~~~~~~~~~~~~~~~~~~~~~~~~~~~~~~~~~~
      third_party/cares/cares/include/ares.h:879:58: note: declared here
        879 | CARES_EXTERN CARES_DEPRECATED_FOR(ares_getaddrinfo) void ares_gethostbyname(
            |                                                          ^~~~~~~~~~~~~~~~~~
      g++ -fno-strict-overflow -Wsign-compare -DNDEBUG -g -O3 -Wall -fPIC -D_WIN32_WINNT=1536 -DGRPC_XDS_USER_AGENT_NAME_SUFFIX=\"Python\" -DGRPC_XDS_USER_AGENT_VERSION_SUFFIX=\"1.79.0.dev0\" -DHAVE_CONFIG_H=1 -DGRPC_ENABLE_FORK_SUPPORT=1 -DGRPC_ENABLE_FORK_SUPPORT_DEFAULT=false -DGRPC_PYTHON_BUILD=1 -D__STDC_FORMAT_MACROS "-DPyMODINIT_FUNC=extern \"C\" __attribute__((visibility (\"default\"))) PyObject*" -DGRPC_POSIX_FORK_ALLOW_PTHREAD_ATFORK=1 -Isrc/python/grpcio -Iinclude -I. -Ithird_party/abseil-cpp -Ithird_party/address_sorting/include -Ithird_party/cares/cares/include -Ithird_party/cares -Ithird_party/cares/cares -Ithird_party/cares/cares/src/lib/include -Ithird_party/cares/cares/src/lib -Ithird_party/cares/config_linux -Ithird_party/re2 -Ithird_party/boringssl-with-bazel/src/include -Ithird_party/upb -Isrc/core/ext/upb-gen -Isrc/core/ext/upbdefs-gen -Ithird_party/utf8_range -Ithird_party/xxhash -Ithird_party/zlib -I/usr/local/google/home/ssreenithi/.pyenv/versions/3.12.0/envs/pyvenv_312/include -I/usr/local/google/home/ssreenithi/.pyenv/versions/3.12.0/include/python3.12 -c src/core/resolver/dns/dns_resolver_plugin.cc -o pyb/temp.linux-x86_64-cpython-312/src/core/resolver/dns/dns_resolver_plugin.o -std=c++17 -fvisibility=hidden -fno-wrapv -fno-exceptions -pthread
      src/core/lib/event_engine/ares_resolver.cc: In member function ‘virtual void grpc_event_engine::experimental::AresResolver::LookupSRV(grpc_event_engine::experimental::EventEngine::DNSResolver::LookupSRVCallback, absl::lts_20250512::string_view)’:
      src/core/lib/event_engine/ares_resolver.cc:419:13: warning: ‘void ares_query(ares_channel_t*, const char*, int, int, ares_callback, void*)’ is deprecated: Use ares_query_dnsrec instead [-Wdeprecated-declarations]
        419 |   ares_query(channel_, std::string(host).c_str(), ns_c_in, ns_t_srv,
            |   ~~~~~~~~~~^~~~~~~~~~~~~~~~~~~~~~~~~~~~~~~~~~~~~~~~~~~~~~~~~~~~~~~~
        420 |              &AresResolver::OnSRVQueryDoneLocked, resolver_arg);
            |              ~~~~~~~~~~~~~~~~~~~~~~~~~~~~~~~~~~~~~~~~~~~~~~~~~~
      third_party/cares/cares/include/ares.h:836:59: note: declared here
        836 | CARES_EXTERN CARES_DEPRECATED_FOR(ares_query_dnsrec) void ares_query(
            |                                                           ^~~~~~~~~~
      src/core/lib/event_engine/ares_resolver.cc: In member function ‘virtual void grpc_event_engine::experimental::AresResolver::LookupTXT(grpc_event_engine::experimental::EventEngine::DNSResolver::LookupTXTCallback, absl::lts_20250512::string_view)’:
      src/core/lib/event_engine/ares_resolver.cc:455:14: warning: ‘void ares_search(ares_channel_t*, const char*, int, int, ares_callback, void*)’ is deprecated: Use ares_search_dnsrec instead [-Wdeprecated-declarations]
        455 |   ares_search(channel_, std::string(host).c_str(), ns_c_in, ns_t_txt,
            |   ~~~~~~~~~~~^~~~~~~~~~~~~~~~~~~~~~~~~~~~~~~~~~~~~~~~~~~~~~~~~~~~~~~~
        456 |               &AresResolver::OnTXTDoneLocked, resolver_arg);
            |               ~~~~~~~~~~~~~~~~~~~~~~~~~~~~~~~~~~~~~~~~~~~~~
      third_party/cares/cares/include/ares.h:859:60: note: declared here
        859 | CARES_EXTERN CARES_DEPRECATED_FOR(ares_search_dnsrec) void ares_search(
            |                                                            ^~~~~~~~~~~
      src/core/lib/event_engine/ares_resolver.cc: In member function ‘void grpc_event_engine::experimental::AresResolver::CheckSocketsLocked()’:
      src/core/lib/event_engine/ares_resolver.cc:465:37: warning: ‘int ares_getsock(const ares_channel_t*, ares_socket_t*, int)’ is deprecated: Use ARES_OPT_EVENT_THREAD or ARES_OPT_SOCK_STATE_CB instead [-Wdeprecated-declarations]
        465 |     int socks_bitmask = ares_getsock(channel_, socks, ARES_GETSOCK_MAXNUM);
            |                         ~~~~~~~~~~~~^~~~~~~~~~~~~~~~~~~~~~~~~~~~~~~~~~~~~~
      third_party/cares/cares/include/ares.h:903:31: note: declared here
        903 |   ARES_OPT_SOCK_STATE_CB) int ares_getsock(const ares_channel_t *channel,
            |                               ^~~~~~~~~~~~
      g++ -fno-strict-overflow -Wsign-compare -DNDEBUG -g -O3 -Wall -fPIC -D_WIN32_WINNT=1536 -DGRPC_XDS_USER_AGENT_NAME_SUFFIX=\"Python\" -DGRPC_XDS_USER_AGENT_VERSION_SUFFIX=\"1.79.0.dev0\" -DHAVE_CONFIG_H=1 -DGRPC_ENABLE_FORK_SUPPORT=1 -DGRPC_ENABLE_FORK_SUPPORT_DEFAULT=false -DGRPC_PYTHON_BUILD=1 -D__STDC_FORMAT_MACROS "-DPyMODINIT_FUNC=extern \"C\" __attribute__((visibility (\"default\"))) PyObject*" -DGRPC_POSIX_FORK_ALLOW_PTHREAD_ATFORK=1 -Isrc/python/grpcio -Iinclude -I. -Ithird_party/abseil-cpp -Ithird_party/address_sorting/include -Ithird_party/cares/cares/include -Ithird_party/cares -Ithird_party/cares/cares -Ithird_party/cares/cares/src/lib/include -Ithird_party/cares/cares/src/lib -Ithird_party/cares/config_linux -Ithird_party/re2 -Ithird_party/boringssl-with-bazel/src/include -Ithird_party/upb -Isrc/core/ext/upb-gen -Isrc/core/ext/upbdefs-gen -Ithird_party/utf8_range -Ithird_party/xxhash -Ithird_party/zlib -I/usr/local/google/home/ssreenithi/.pyenv/versions/3.12.0/envs/pyvenv_312/include -I/usr/local/google/home/ssreenithi/.pyenv/versions/3.12.0/include/python3.12 -c src/core/lib/iomgr/tcp_posix.cc -o pyb/temp.linux-x86_64-cpython-312/src/core/lib/iomgr/tcp_posix.o -std=c++17 -fvisibility=hidden -fno-wrapv -fno-exceptions -pthread
      src/core/lib/event_engine/ares_resolver.cc: In static member function ‘static void grpc_event_engine::experimental::AresResolver::OnSRVQueryDoneLocked(void*, int, int, unsigned char*, int)’:
      src/core/lib/event_engine/ares_resolver.cc:779:32: warning: ‘int ares_parse_srv_reply(const unsigned char*, int, ares_srv_reply**)’ is deprecated: Use ares_dns_parse instead [-Wdeprecated-declarations]
        779 |   status = ares_parse_srv_reply(abuf, alen, &reply);
            |            ~~~~~~~~~~~~~~~~~~~~^~~~~~~~~~~~~~~~~~~~
      third_party/cares/cares/include/ares.h:1116:55: note: declared here
       1116 | CARES_EXTERN CARES_DEPRECATED_FOR(ares_dns_parse) int ares_parse_srv_reply(
            |                                                       ^~~~~~~~~~~~~~~~~~~~
      src/core/lib/event_engine/ares_resolver.cc: In static member function ‘static void grpc_event_engine::experimental::AresResolver::OnTXTDoneLocked(void*, int, int, unsigned char*, int)’:
      src/core/lib/event_engine/ares_resolver.cc:843:36: warning: ‘int ares_parse_txt_reply_ext(const unsigned char*, int, ares_txt_ext**)’ is deprecated: Use ares_dns_parse instead [-Wdeprecated-declarations]
        843 |   status = ares_parse_txt_reply_ext(buf, len, &reply);
            |            ~~~~~~~~~~~~~~~~~~~~~~~~^~~~~~~~~~~~~~~~~~
      third_party/cares/cares/include/ares.h:1125:55: note: declared here
       1125 | CARES_EXTERN CARES_DEPRECATED_FOR(ares_dns_parse) int ares_parse_txt_reply_ext(
            |                                                       ^~~~~~~~~~~~~~~~~~~~~~~~
      src/core/lib/event_engine/tcp_socket_utils.cc: In function ‘bool grpc_event_engine::experimental::ResolvedAddressToV4Mapped(const EventEngine::ResolvedAddress&, EventEngine::ResolvedAddress*)’:
      src/core/lib/event_engine/tcp_socket_utils.cc:225:11: warning: ‘void* memset(void*, int, size_t)’ clearing an object of non-trivial type ‘class grpc_event_engine::experimental::EventEngine::ResolvedAddress’; use assignment or value-initialization instead [-Wclass-memaccess]
        225 |     memset(resolved_addr6_out, 0, sizeof(*resolved_addr6_out));
            |     ~~~~~~^~~~~~~~~~~~~~~~~~~~~~~~~~~~~~~~~~~~~~~~~~~~~~~~~~~~
      In file included from ./src/core/lib/event_engine/tcp_socket_utils.h:17,
                       from src/core/lib/event_engine/tcp_socket_utils.cc:14:
      include/grpc/event_engine/event_engine.h:159:9: note: ‘class grpc_event_engine::experimental::EventEngine::ResolvedAddress’ declared here
        159 |   class ResolvedAddress {
            |         ^~~~~~~~~~~~~~~
      g++ -fno-strict-overflow -Wsign-compare -DNDEBUG -g -O3 -Wall -fPIC -D_WIN32_WINNT=1536 -DGRPC_XDS_USER_AGENT_NAME_SUFFIX=\"Python\" -DGRPC_XDS_USER_AGENT_VERSION_SUFFIX=\"1.79.0.dev0\" -DHAVE_CONFIG_H=1 -DGRPC_ENABLE_FORK_SUPPORT=1 -DGRPC_ENABLE_FORK_SUPPORT_DEFAULT=false -DGRPC_PYTHON_BUILD=1 -D__STDC_FORMAT_MACROS "-DPyMODINIT_FUNC=extern \"C\" __attribute__((visibility (\"default\"))) PyObject*" -DGRPC_POSIX_FORK_ALLOW_PTHREAD_ATFORK=1 -Isrc/python/grpcio -Iinclude -I. -Ithird_party/abseil-cpp -Ithird_party/address_sorting/include -Ithird_party/cares/cares/include -Ithird_party/cares -Ithird_party/cares/cares -Ithird_party/cares/cares/src/lib/include -Ithird_party/cares/cares/src/lib -Ithird_party/cares/config_linux -Ithird_party/re2 -Ithird_party/boringssl-with-bazel/src/include -Ithird_party/upb -Isrc/core/ext/upb-gen -Isrc/core/ext/upbdefs-gen -Ithird_party/utf8_range -Ithird_party/xxhash -Ithird_party/zlib -I/usr/local/google/home/ssreenithi/.pyenv/versions/3.12.0/envs/pyvenv_312/include -I/usr/local/google/home/ssreenithi/.pyenv/versions/3.12.0/include/python3.12 -c src/core/channelz/v2tov1/property_list.cc -o pyb/temp.linux-x86_64-cpython-312/src/core/channelz/v2tov1/property_list.o -std=c++17 -fvisibility=hidden -fno-wrapv -fno-exceptions -pthread
      g++ -fno-strict-overflow -Wsign-compare -DNDEBUG -g -O3 -Wall -fPIC -D_WIN32_WINNT=1536 -DGRPC_XDS_USER_AGENT_NAME_SUFFIX=\"Python\" -DGRPC_XDS_USER_AGENT_VERSION_SUFFIX=\"1.79.0.dev0\" -DHAVE_CONFIG_H=1 -DGRPC_ENABLE_FORK_SUPPORT=1 -DGRPC_ENABLE_FORK_SUPPORT_DEFAULT=false -DGRPC_PYTHON_BUILD=1 -D__STDC_FORMAT_MACROS "-DPyMODINIT_FUNC=extern \"C\" __attribute__((visibility (\"default\"))) PyObject*" -DGRPC_POSIX_FORK_ALLOW_PTHREAD_ATFORK=1 -Isrc/python/grpcio -Iinclude -I. -Ithird_party/abseil-cpp -Ithird_party/address_sorting/include -Ithird_party/cares/cares/include -Ithird_party/cares -Ithird_party/cares/cares -Ithird_party/cares/cares/src/lib/include -Ithird_party/cares/cares/src/lib -Ithird_party/cares/config_linux -Ithird_party/re2 -Ithird_party/boringssl-with-bazel/src/include -Ithird_party/upb -Isrc/core/ext/upb-gen -Isrc/core/ext/upbdefs-gen -Ithird_party/utf8_range -Ithird_party/xxhash -Ithird_party/zlib -I/usr/local/google/home/ssreenithi/.pyenv/versions/3.12.0/envs/pyvenv_312/include -I/usr/local/google/home/ssreenithi/.pyenv/versions/3.12.0/include/python3.12 -c src/core/lib/iomgr/resolve_address_windows.cc -o pyb/temp.linux-x86_64-cpython-312/src/core/lib/iomgr/resolve_address_windows.o -std=c++17 -fvisibility=hidden -fno-wrapv -fno-exceptions -pthread
      In file included from ./src/core/lib/promise/activity.h:30,
                       from ./src/core/call/call_state.h:23,
                       from ./src/core/call/call_filters.h:26,
                       from ./src/core/lib/surface/channel_init.h:31,
                       from ./src/core/config/core_configuration.h:29,
                       from ./src/core/handshaker/tcp_connect/tcp_connect_handshaker.h:22,
                       from src/core/handshaker/tcp_connect/tcp_connect_handshaker.cc:19:
      ./src/core/lib/promise/detail/promise_factory.h:210:5: warning: ‘always_inline’ function might not be inlinable unless also declared ‘inline’ [-Wattributes]
        210 |     PromiseFactoryImpl(Token, F&& f) {
            |     ^~~~~~~~~~~~~~~~~~
      ./src/core/lib/promise/detail/promise_factory.h:210:5: warning: ‘always_inline’ function might not be inlinable unless also declared ‘inline’ [-Wattributes]
      ./src/core/lib/promise/detail/promise_factory.h:210:5: warning: ‘always_inline’ function might not be inlinable unless also declared ‘inline’ [-Wattributes]
      ./src/core/lib/promise/detail/promise_factory.h:210:5: warning: ‘always_inline’ function might not be inlinable unless also declared ‘inline’ [-Wattributes]
      ./src/core/lib/promise/detail/promise_factory.h:210:5: warning: ‘always_inline’ function might not be inlinable unless also declared ‘inline’ [-Wattributes]
      ./src/core/lib/promise/detail/promise_factory.h:210:5: warning: ‘always_inline’ function might not be inlinable unless also declared ‘inline’ [-Wattributes]
      ./src/core/lib/promise/detail/promise_factory.h:210:5: warning: ‘always_inline’ function might not be inlinable unless also declared ‘inline’ [-Wattributes]
      In function ‘grpc_slice sub_no_ref(const grpc_slice&, size_t, size_t)’,
          inlined from ‘grpc_slice grpc_slice_sub_no_ref(grpc_slice, size_t, size_t)’ at src/core/lib/slice/slice.cc:269:20,
          inlined from ‘grpc_slice grpc_slice_sub(grpc_slice, size_t, size_t)’ at src/core/lib/slice/slice.cc:281:35:
      src/core/lib/slice/slice.cc:262:11: warning: ‘void* memcpy(void*, const void*, size_t)’ forming offset 32 is out of the bounds [0, 32] of object ‘<anonymous>’ with type ‘grpc_slice’ [-Warray-bounds=]
        262 |     memcpy(subset.data.inlined.bytes, source.data.inlined.bytes + begin,
            |     ~~~~~~^~~~~~~~~~~~~~~~~~~~~~~~~~~~~~~~~~~~~~~~~~~~~~~~~~~~~~~~~~~~~~
        263 |            end - begin);
            |            ~~~~~~~~~~~~
      src/core/lib/slice/slice.cc: In function ‘grpc_slice grpc_slice_sub(grpc_slice, size_t, size_t)’:
      src/core/lib/slice/slice.cc:272:12: note: ‘<anonymous>’ declared here
        272 | grpc_slice grpc_slice_sub(grpc_slice source, size_t begin, size_t end) {
            |            ^~~~~~~~~~~~~~
      g++ -fno-strict-overflow -Wsign-compare -DNDEBUG -g -O3 -Wall -fPIC -D_WIN32_WINNT=1536 -DGRPC_XDS_USER_AGENT_NAME_SUFFIX=\"Python\" -DGRPC_XDS_USER_AGENT_VERSION_SUFFIX=\"1.79.0.dev0\" -DHAVE_CONFIG_H=1 -DGRPC_ENABLE_FORK_SUPPORT=1 -DGRPC_ENABLE_FORK_SUPPORT_DEFAULT=false -DGRPC_PYTHON_BUILD=1 -D__STDC_FORMAT_MACROS "-DPyMODINIT_FUNC=extern \"C\" __attribute__((visibility (\"default\"))) PyObject*" -DGRPC_POSIX_FORK_ALLOW_PTHREAD_ATFORK=1 -Isrc/python/grpcio -Iinclude -I. -Ithird_party/abseil-cpp -Ithird_party/address_sorting/include -Ithird_party/cares/cares/include -Ithird_party/cares -Ithird_party/cares/cares -Ithird_party/cares/cares/src/lib/include -Ithird_party/cares/cares/src/lib -Ithird_party/cares/config_linux -Ithird_party/re2 -Ithird_party/boringssl-with-bazel/src/include -Ithird_party/upb -Isrc/core/ext/upb-gen -Isrc/core/ext/upbdefs-gen -Ithird_party/utf8_range -Ithird_party/xxhash -Ithird_party/zlib -I/usr/local/google/home/ssreenithi/.pyenv/versions/3.12.0/envs/pyvenv_312/include -I/usr/local/google/home/ssreenithi/.pyenv/versions/3.12.0/include/python3.12 -c src/core/lib/iomgr/sockaddr_utils_posix.cc -o pyb/temp.linux-x86_64-cpython-312/src/core/lib/iomgr/sockaddr_utils_posix.o -std=c++17 -fvisibility=hidden -fno-wrapv -fno-exceptions -pthread
      g++ -fno-strict-overflow -Wsign-compare -DNDEBUG -g -O3 -Wall -fPIC -D_WIN32_WINNT=1536 -DGRPC_XDS_USER_AGENT_NAME_SUFFIX=\"Python\" -DGRPC_XDS_USER_AGENT_VERSION_SUFFIX=\"1.79.0.dev0\" -DHAVE_CONFIG_H=1 -DGRPC_ENABLE_FORK_SUPPORT=1 -DGRPC_ENABLE_FORK_SUPPORT_DEFAULT=false -DGRPC_PYTHON_BUILD=1 -D__STDC_FORMAT_MACROS "-DPyMODINIT_FUNC=extern \"C\" __attribute__((visibility (\"default\"))) PyObject*" -DGRPC_POSIX_FORK_ALLOW_PTHREAD_ATFORK=1 -Isrc/python/grpcio -Iinclude -I. -Ithird_party/abseil-cpp -Ithird_party/address_sorting/include -Ithird_party/cares/cares/include -Ithird_party/cares -Ithird_party/cares/cares -Ithird_party/cares/cares/src/lib/include -Ithird_party/cares/cares/src/lib -Ithird_party/cares/config_linux -Ithird_party/re2 -Ithird_party/boringssl-with-bazel/src/include -Ithird_party/upb -Isrc/core/ext/upb-gen -Isrc/core/ext/upbdefs-gen -Ithird_party/utf8_range -Ithird_party/xxhash -Ithird_party/zlib -I/usr/local/google/home/ssreenithi/.pyenv/versions/3.12.0/envs/pyvenv_312/include -I/usr/local/google/home/ssreenithi/.pyenv/versions/3.12.0/include/python3.12 -c src/core/lib/iomgr/pollset.cc -o pyb/temp.linux-x86_64-cpython-312/src/core/lib/iomgr/pollset.o -std=c++17 -fvisibility=hidden -fno-wrapv -fno-exceptions -pthread
      In file included from ./src/core/lib/promise/activity.h:30,
                       from ./src/core/call/call_state.h:23,
                       from ./src/core/call/call_filters.h:26,
                       from ./src/core/lib/surface/channel_init.h:31,
                       from ./src/core/config/core_configuration.h:29,
                       from ./src/core/lib/event_engine/default_event_engine.h:23,
                       from src/core/lib/event_engine/default_event_engine.cc:14:
      ./src/core/lib/promise/detail/promise_factory.h:210:5: warning: ‘always_inline’ function might not be inlinable unless also declared ‘inline’ [-Wattributes]
        210 |     PromiseFactoryImpl(Token, F&& f) {
            |     ^~~~~~~~~~~~~~~~~~
      ./src/core/lib/promise/detail/promise_factory.h:210:5: warning: ‘always_inline’ function might not be inlinable unless also declared ‘inline’ [-Wattributes]
      ./src/core/lib/promise/detail/promise_factory.h:210:5: warning: ‘always_inline’ function might not be inlinable unless also declared ‘inline’ [-Wattributes]
      ./src/core/lib/promise/detail/promise_factory.h:210:5: warning: ‘always_inline’ function might not be inlinable unless also declared ‘inline’ [-Wattributes]
      ./src/core/lib/promise/detail/promise_factory.h:210:5: warning: ‘always_inline’ function might not be inlinable unless also declared ‘inline’ [-Wattributes]
      ./src/core/lib/promise/detail/promise_factory.h:210:5: warning: ‘always_inline’ function might not be inlinable unless also declared ‘inline’ [-Wattributes]
      ./src/core/lib/promise/detail/promise_factory.h:210:5: warning: ‘always_inline’ function might not be inlinable unless also declared ‘inline’ [-Wattributes]
      In file included from ./src/core/lib/promise/activity.h:30,
                       from ./src/core/call/call_state.h:23,
                       from ./src/core/call/call_filters.h:26,
                       from ./src/core/lib/surface/channel_init.h:31,
                       from ./src/core/config/core_configuration.h:29,
                       from ./src/core/handshaker/http_connect/http_connect_client_handshaker.h:24,
                       from src/core/handshaker/http_connect/http_connect_client_handshaker.cc:19:
      ./src/core/lib/promise/detail/promise_factory.h:210:5: warning: ‘always_inline’ function might not be inlinable unless also declared ‘inline’ [-Wattributes]
        210 |     PromiseFactoryImpl(Token, F&& f) {
            |     ^~~~~~~~~~~~~~~~~~
      ./src/core/lib/promise/detail/promise_factory.h:210:5: warning: ‘always_inline’ function might not be inlinable unless also declared ‘inline’ [-Wattributes]
      ./src/core/lib/promise/detail/promise_factory.h:210:5: warning: ‘always_inline’ function might not be inlinable unless also declared ‘inline’ [-Wattributes]
      ./src/core/lib/promise/detail/promise_factory.h:210:5: warning: ‘always_inline’ function might not be inlinable unless also declared ‘inline’ [-Wattributes]
      ./src/core/lib/promise/detail/promise_factory.h:210:5: warning: ‘always_inline’ function might not be inlinable unless also declared ‘inline’ [-Wattributes]
      ./src/core/lib/promise/detail/promise_factory.h:210:5: warning: ‘always_inline’ function might not be inlinable unless also declared ‘inline’ [-Wattributes]
      ./src/core/lib/promise/detail/promise_factory.h:210:5: warning: ‘always_inline’ function might not be inlinable unless also declared ‘inline’ [-Wattributes]
      g++ -fno-strict-overflow -Wsign-compare -DNDEBUG -g -O3 -Wall -fPIC -D_WIN32_WINNT=1536 -DGRPC_XDS_USER_AGENT_NAME_SUFFIX=\"Python\" -DGRPC_XDS_USER_AGENT_VERSION_SUFFIX=\"1.79.0.dev0\" -DHAVE_CONFIG_H=1 -DGRPC_ENABLE_FORK_SUPPORT=1 -DGRPC_ENABLE_FORK_SUPPORT_DEFAULT=false -DGRPC_PYTHON_BUILD=1 -D__STDC_FORMAT_MACROS "-DPyMODINIT_FUNC=extern \"C\" __attribute__((visibility (\"default\"))) PyObject*" -DGRPC_POSIX_FORK_ALLOW_PTHREAD_ATFORK=1 -Isrc/python/grpcio -Iinclude -I. -Ithird_party/abseil-cpp -Ithird_party/address_sorting/include -Ithird_party/cares/cares/include -Ithird_party/cares -Ithird_party/cares/cares -Ithird_party/cares/cares/src/lib/include -Ithird_party/cares/cares/src/lib -Ithird_party/cares/config_linux -Ithird_party/re2 -Ithird_party/boringssl-with-bazel/src/include -Ithird_party/upb -Isrc/core/ext/upb-gen -Isrc/core/ext/upbdefs-gen -Ithird_party/utf8_range -Ithird_party/xxhash -Ithird_party/zlib -I/usr/local/google/home/ssreenithi/.pyenv/versions/3.12.0/envs/pyvenv_312/include -I/usr/local/google/home/ssreenithi/.pyenv/versions/3.12.0/include/python3.12 -c src/core/ext/transport/chttp2/client/chttp2_connector.cc -o pyb/temp.linux-x86_64-cpython-312/src/core/ext/transport/chttp2/client/chttp2_connector.o -std=c++17 -fvisibility=hidden -fno-wrapv -fno-exceptions -pthread
      g++ -fno-strict-overflow -Wsign-compare -DNDEBUG -g -O3 -Wall -fPIC -D_WIN32_WINNT=1536 -DGRPC_XDS_USER_AGENT_NAME_SUFFIX=\"Python\" -DGRPC_XDS_USER_AGENT_VERSION_SUFFIX=\"1.79.0.dev0\" -DHAVE_CONFIG_H=1 -DGRPC_ENABLE_FORK_SUPPORT=1 -DGRPC_ENABLE_FORK_SUPPORT_DEFAULT=false -DGRPC_PYTHON_BUILD=1 -D__STDC_FORMAT_MACROS "-DPyMODINIT_FUNC=extern \"C\" __attribute__((visibility (\"default\"))) PyObject*" -DGRPC_POSIX_FORK_ALLOW_PTHREAD_ATFORK=1 -Isrc/python/grpcio -Iinclude -I. -Ithird_party/abseil-cpp -Ithird_party/address_sorting/include -Ithird_party/cares/cares/include -Ithird_party/cares -Ithird_party/cares/cares -Ithird_party/cares/cares/src/lib/include -Ithird_party/cares/cares/src/lib -Ithird_party/cares/config_linux -Ithird_party/re2 -Ithird_party/boringssl-with-bazel/src/include -Ithird_party/upb -Isrc/core/ext/upb-gen -Isrc/core/ext/upbdefs-gen -Ithird_party/utf8_range -Ithird_party/xxhash -Ithird_party/zlib -I/usr/local/google/home/ssreenithi/.pyenv/versions/3.12.0/envs/pyvenv_312/include -I/usr/local/google/home/ssreenithi/.pyenv/versions/3.12.0/include/python3.12 -c src/core/lib/slice/slice_buffer.cc -o pyb/temp.linux-x86_64-cpython-312/src/core/lib/slice/slice_buffer.o -std=c++17 -fvisibility=hidden -fno-wrapv -fno-exceptions -pthread
      g++ -fno-strict-overflow -Wsign-compare -DNDEBUG -g -O3 -Wall -fPIC -D_WIN32_WINNT=1536 -DGRPC_XDS_USER_AGENT_NAME_SUFFIX=\"Python\" -DGRPC_XDS_USER_AGENT_VERSION_SUFFIX=\"1.79.0.dev0\" -DHAVE_CONFIG_H=1 -DGRPC_ENABLE_FORK_SUPPORT=1 -DGRPC_ENABLE_FORK_SUPPORT_DEFAULT=false -DGRPC_PYTHON_BUILD=1 -D__STDC_FORMAT_MACROS "-DPyMODINIT_FUNC=extern \"C\" __attribute__((visibility (\"default\"))) PyObject*" -DGRPC_POSIX_FORK_ALLOW_PTHREAD_ATFORK=1 -Isrc/python/grpcio -Iinclude -I. -Ithird_party/abseil-cpp -Ithird_party/address_sorting/include -Ithird_party/cares/cares/include -Ithird_party/cares -Ithird_party/cares/cares -Ithird_party/cares/cares/src/lib/include -Ithird_party/cares/cares/src/lib -Ithird_party/cares/config_linux -Ithird_party/re2 -Ithird_party/boringssl-with-bazel/src/include -Ithird_party/upb -Isrc/core/ext/upb-gen -Isrc/core/ext/upbdefs-gen -Ithird_party/utf8_range -Ithird_party/xxhash -Ithird_party/zlib -I/usr/local/google/home/ssreenithi/.pyenv/versions/3.12.0/envs/pyvenv_312/include -I/usr/local/google/home/ssreenithi/.pyenv/versions/3.12.0/include/python3.12 -c src/core/lib/iomgr/wakeup_fd_eventfd.cc -o pyb/temp.linux-x86_64-cpython-312/src/core/lib/iomgr/wakeup_fd_eventfd.o -std=c++17 -fvisibility=hidden -fno-wrapv -fno-exceptions -pthread
      In file included from ./src/core/lib/promise/activity.h:30,
                       from ./src/core/lib/resource_quota/memory_quota.h:39,
                       from ./src/core/lib/resource_quota/arena.h:39,
                       from ./src/core/util/chunked_vector.h:24,
                       from ./src/core/call/metadata_batch.h:41,
                       from ./src/core/client_channel/subchannel_stream_client.h:30,
                       from src/core/client_channel/subchannel_stream_client.cc:17:
      ./src/core/lib/promise/detail/promise_factory.h:210:5: warning: ‘always_inline’ function might not be inlinable unless also declared ‘inline’ [-Wattributes]
        210 |     PromiseFactoryImpl(Token, F&& f) {
            |     ^~~~~~~~~~~~~~~~~~
      ./src/core/lib/promise/detail/promise_factory.h:210:5: warning: ‘always_inline’ function might not be inlinable unless also declared ‘inline’ [-Wattributes]
      ./src/core/lib/promise/detail/promise_factory.h:210:5: warning: ‘always_inline’ function might not be inlinable unless also declared ‘inline’ [-Wattributes]
      ./src/core/lib/promise/detail/promise_factory.h:210:5: warning: ‘always_inline’ function might not be inlinable unless also declared ‘inline’ [-Wattributes]
      ./src/core/lib/promise/detail/promise_factory.h:210:5: warning: ‘always_inline’ function might not be inlinable unless also declared ‘inline’ [-Wattributes]
      ./src/core/lib/promise/detail/promise_factory.h:210:5: warning: ‘always_inline’ function might not be inlinable unless also declared ‘inline’ [-Wattributes]
      ./src/core/lib/promise/detail/promise_factory.h:210:5: warning: ‘always_inline’ function might not be inlinable unless also declared ‘inline’ [-Wattributes]
      g++ -fno-strict-overflow -Wsign-compare -DNDEBUG -g -O3 -Wall -fPIC -D_WIN32_WINNT=1536 -DGRPC_XDS_USER_AGENT_NAME_SUFFIX=\"Python\" -DGRPC_XDS_USER_AGENT_VERSION_SUFFIX=\"1.79.0.dev0\" -DHAVE_CONFIG_H=1 -DGRPC_ENABLE_FORK_SUPPORT=1 -DGRPC_ENABLE_FORK_SUPPORT_DEFAULT=false -DGRPC_PYTHON_BUILD=1 -D__STDC_FORMAT_MACROS "-DPyMODINIT_FUNC=extern \"C\" __attribute__((visibility (\"default\"))) PyObject*" -DGRPC_POSIX_FORK_ALLOW_PTHREAD_ATFORK=1 -Isrc/python/grpcio -Iinclude -I. -Ithird_party/abseil-cpp -Ithird_party/address_sorting/include -Ithird_party/cares/cares/include -Ithird_party/cares -Ithird_party/cares/cares -Ithird_party/cares/cares/src/lib/include -Ithird_party/cares/cares/src/lib -Ithird_party/cares/config_linux -Ithird_party/re2 -Ithird_party/boringssl-with-bazel/src/include -Ithird_party/upb -Isrc/core/ext/upb-gen -Isrc/core/ext/upbdefs-gen -Ithird_party/utf8_range -Ithird_party/xxhash -Ithird_party/zlib -I/usr/local/google/home/ssreenithi/.pyenv/versions/3.12.0/envs/pyvenv_312/include -I/usr/local/google/home/ssreenithi/.pyenv/versions/3.12.0/include/python3.12 -c src/core/channelz/channelz.cc -o pyb/temp.linux-x86_64-cpython-312/src/core/channelz/channelz.o -std=c++17 -fvisibility=hidden -fno-wrapv -fno-exceptions -pthread
      g++ -fno-strict-overflow -Wsign-compare -DNDEBUG -g -O3 -Wall -fPIC -D_WIN32_WINNT=1536 -DGRPC_XDS_USER_AGENT_NAME_SUFFIX=\"Python\" -DGRPC_XDS_USER_AGENT_VERSION_SUFFIX=\"1.79.0.dev0\" -DHAVE_CONFIG_H=1 -DGRPC_ENABLE_FORK_SUPPORT=1 -DGRPC_ENABLE_FORK_SUPPORT_DEFAULT=false -DGRPC_PYTHON_BUILD=1 -D__STDC_FORMAT_MACROS "-DPyMODINIT_FUNC=extern \"C\" __attribute__((visibility (\"default\"))) PyObject*" -DGRPC_POSIX_FORK_ALLOW_PTHREAD_ATFORK=1 -Isrc/python/grpcio -Iinclude -I. -Ithird_party/abseil-cpp -Ithird_party/address_sorting/include -Ithird_party/cares/cares/include -Ithird_party/cares -Ithird_party/cares/cares -Ithird_party/cares/cares/src/lib/include -Ithird_party/cares/cares/src/lib -Ithird_party/cares/config_linux -Ithird_party/re2 -Ithird_party/boringssl-with-bazel/src/include -Ithird_party/upb -Isrc/core/ext/upb-gen -Isrc/core/ext/upbdefs-gen -Ithird_party/utf8_range -Ithird_party/xxhash -Ithird_party/zlib -I/usr/local/google/home/ssreenithi/.pyenv/versions/3.12.0/envs/pyvenv_312/include -I/usr/local/google/home/ssreenithi/.pyenv/versions/3.12.0/include/python3.12 -c src/core/credentials/call/call_creds_util.cc -o pyb/temp.linux-x86_64-cpython-312/src/core/credentials/call/call_creds_util.o -std=c++17 -fvisibility=hidden -fno-wrapv -fno-exceptions -pthread
      In file included from ./src/core/lib/promise/activity.h:30,
                       from ./src/core/call/call_state.h:23,
                       from ./src/core/call/call_filters.h:26,
                       from ./src/core/lib/surface/channel_init.h:31,
                       from ./src/core/config/core_configuration.h:29,
                       from src/core/lib/iomgr/endpoint_pair_posix.cc:33:
      ./src/core/lib/promise/detail/promise_factory.h:210:5: warning: ‘always_inline’ function might not be inlinable unless also declared ‘inline’ [-Wattributes]
        210 |     PromiseFactoryImpl(Token, F&& f) {
            |     ^~~~~~~~~~~~~~~~~~
      ./src/core/lib/promise/detail/promise_factory.h:210:5: warning: ‘always_inline’ function might not be inlinable unless also declared ‘inline’ [-Wattributes]
      ./src/core/lib/promise/detail/promise_factory.h:210:5: warning: ‘always_inline’ function might not be inlinable unless also declared ‘inline’ [-Wattributes]
      ./src/core/lib/promise/detail/promise_factory.h:210:5: warning: ‘always_inline’ function might not be inlinable unless also declared ‘inline’ [-Wattributes]
      ./src/core/lib/promise/detail/promise_factory.h:210:5: warning: ‘always_inline’ function might not be inlinable unless also declared ‘inline’ [-Wattributes]
      ./src/core/lib/promise/detail/promise_factory.h:210:5: warning: ‘always_inline’ function might not be inlinable unless also declared ‘inline’ [-Wattributes]
      ./src/core/lib/promise/detail/promise_factory.h:210:5: warning: ‘always_inline’ function might not be inlinable unless also declared ‘inline’ [-Wattributes]
      In file included from ./src/core/lib/promise/activity.h:30,
                       from ./src/core/lib/resource_quota/memory_quota.h:39,
                       from ./src/core/lib/resource_quota/arena.h:39,
                       from ./src/core/util/chunked_vector.h:24,
                       from ./src/core/call/metadata_batch.h:41,
                       from src/core/filter/auth/client_auth_filter.cc:32:
      ./src/core/lib/promise/detail/promise_factory.h:210:5: warning: ‘always_inline’ function might not be inlinable unless also declared ‘inline’ [-Wattributes]
        210 |     PromiseFactoryImpl(Token, F&& f) {
            |     ^~~~~~~~~~~~~~~~~~
      ./src/core/lib/promise/detail/promise_factory.h:210:5: warning: ‘always_inline’ function might not be inlinable unless also declared ‘inline’ [-Wattributes]
      ./src/core/lib/promise/detail/promise_factory.h:210:5: warning: ‘always_inline’ function might not be inlinable unless also declared ‘inline’ [-Wattributes]
      ./src/core/lib/promise/detail/promise_factory.h:210:5: warning: ‘always_inline’ function might not be inlinable unless also declared ‘inline’ [-Wattributes]
      ./src/core/lib/promise/detail/promise_factory.h:210:5: warning: ‘always_inline’ function might not be inlinable unless also declared ‘inline’ [-Wattributes]
      ./src/core/lib/promise/detail/promise_factory.h:210:5: warning: ‘always_inline’ function might not be inlinable unless also declared ‘inline’ [-Wattributes]
      ./src/core/lib/promise/detail/promise_factory.h:210:5: warning: ‘always_inline’ function might not be inlinable unless also declared ‘inline’ [-Wattributes]
      ./src/core/lib/promise/detail/promise_factory.h:210:5: warning: ‘always_inline’ function might not be inlinable unless also declared ‘inline’ [-Wattributes]
      ./src/core/lib/promise/detail/promise_factory.h:210:5: warning: ‘always_inline’ function might not be inlinable unless also declared ‘inline’ [-Wattributes]
      ./src/core/lib/promise/detail/promise_factory.h:210:5: warning: ‘always_inline’ function might not be inlinable unless also declared ‘inline’ [-Wattributes]
      ./src/core/lib/promise/detail/promise_factory.h:210:5: warning: ‘always_inline’ function might not be inlinable unless also declared ‘inline’ [-Wattributes]
      ./src/core/lib/promise/detail/promise_factory.h:210:5: warning: ‘always_inline’ function might not be inlinable unless also declared ‘inline’ [-Wattributes]
      ./src/core/lib/promise/detail/promise_factory.h:210:5: warning: ‘always_inline’ function might not be inlinable unless also declared ‘inline’ [-Wattributes]
      ./src/core/lib/promise/detail/promise_factory.h:210:5: warning: ‘always_inline’ function might not be inlinable unless also declared ‘inline’ [-Wattributes]
      ./src/core/lib/promise/detail/promise_factory.h:210:5: warning: ‘always_inline’ function might not be inlinable unless also declared ‘inline’ [-Wattributes]
      g++ -fno-strict-overflow -Wsign-compare -DNDEBUG -g -O3 -Wall -fPIC -D_WIN32_WINNT=1536 -DGRPC_XDS_USER_AGENT_NAME_SUFFIX=\"Python\" -DGRPC_XDS_USER_AGENT_VERSION_SUFFIX=\"1.79.0.dev0\" -DHAVE_CONFIG_H=1 -DGRPC_ENABLE_FORK_SUPPORT=1 -DGRPC_ENABLE_FORK_SUPPORT_DEFAULT=false -DGRPC_PYTHON_BUILD=1 -D__STDC_FORMAT_MACROS "-DPyMODINIT_FUNC=extern \"C\" __attribute__((visibility (\"default\"))) PyObject*" -DGRPC_POSIX_FORK_ALLOW_PTHREAD_ATFORK=1 -Isrc/python/grpcio -Iinclude -I. -Ithird_party/abseil-cpp -Ithird_party/address_sorting/include -Ithird_party/cares/cares/include -Ithird_party/cares -Ithird_party/cares/cares -Ithird_party/cares/cares/src/lib/include -Ithird_party/cares/cares/src/lib -Ithird_party/cares/config_linux -Ithird_party/re2 -Ithird_party/boringssl-with-bazel/src/include -Ithird_party/upb -Isrc/core/ext/upb-gen -Isrc/core/ext/upbdefs-gen -Ithird_party/utf8_range -Ithird_party/xxhash -Ithird_party/zlib -I/usr/local/google/home/ssreenithi/.pyenv/versions/3.12.0/envs/pyvenv_312/include -I/usr/local/google/home/ssreenithi/.pyenv/versions/3.12.0/include/python3.12 -c src/core/lib/iomgr/iomgr_posix.cc -o pyb/temp.linux-x86_64-cpython-312/src/core/lib/iomgr/iomgr_posix.o -std=c++17 -fvisibility=hidden -fno-wrapv -fno-exceptions -pthread
      In file included from ./src/core/lib/promise/activity.h:30,
                       from ./src/core/lib/resource_quota/memory_quota.h:39,
                       from ./src/core/lib/resource_quota/arena.h:39,
                       from ./src/core/lib/promise/arena_promise.h:28,
                       from ./src/core/lib/channel/channel_stack.h:59,
                       from ./src/core/lib/surface/call.h:32,
                       from src/core/lib/surface/call.cc:19:
      ./src/core/lib/promise/detail/promise_factory.h:210:5: warning: ‘always_inline’ function might not be inlinable unless also declared ‘inline’ [-Wattributes]
        210 |     PromiseFactoryImpl(Token, F&& f) {
            |     ^~~~~~~~~~~~~~~~~~
      ./src/core/lib/promise/detail/promise_factory.h:210:5: warning: ‘always_inline’ function might not be inlinable unless also declared ‘inline’ [-Wattributes]
      ./src/core/lib/promise/detail/promise_factory.h:210:5: warning: ‘always_inline’ function might not be inlinable unless also declared ‘inline’ [-Wattributes]
      ./src/core/lib/promise/detail/promise_factory.h:210:5: warning: ‘always_inline’ function might not be inlinable unless also declared ‘inline’ [-Wattributes]
      ./src/core/lib/promise/detail/promise_factory.h:210:5: warning: ‘always_inline’ function might not be inlinable unless also declared ‘inline’ [-Wattributes]
      ./src/core/lib/promise/detail/promise_factory.h:210:5: warning: ‘always_inline’ function might not be inlinable unless also declared ‘inline’ [-Wattributes]
      ./src/core/lib/promise/detail/promise_factory.h:210:5: warning: ‘always_inline’ function might not be inlinable unless also declared ‘inline’ [-Wattributes]
      g++ -fno-strict-overflow -Wsign-compare -DNDEBUG -g -O3 -Wall -fPIC -D_WIN32_WINNT=1536 -DGRPC_XDS_USER_AGENT_NAME_SUFFIX=\"Python\" -DGRPC_XDS_USER_AGENT_VERSION_SUFFIX=\"1.79.0.dev0\" -DHAVE_CONFIG_H=1 -DGRPC_ENABLE_FORK_SUPPORT=1 -DGRPC_ENABLE_FORK_SUPPORT_DEFAULT=false -DGRPC_PYTHON_BUILD=1 -D__STDC_FORMAT_MACROS "-DPyMODINIT_FUNC=extern \"C\" __attribute__((visibility (\"default\"))) PyObject*" -DGRPC_POSIX_FORK_ALLOW_PTHREAD_ATFORK=1 -Isrc/python/grpcio -Iinclude -I. -Ithird_party/abseil-cpp -Ithird_party/address_sorting/include -Ithird_party/cares/cares/include -Ithird_party/cares -Ithird_party/cares/cares -Ithird_party/cares/cares/src/lib/include -Ithird_party/cares/cares/src/lib -Ithird_party/cares/config_linux -Ithird_party/re2 -Ithird_party/boringssl-with-bazel/src/include -Ithird_party/upb -Isrc/core/ext/upb-gen -Isrc/core/ext/upbdefs-gen -Ithird_party/utf8_range -Ithird_party/xxhash -Ithird_party/zlib -I/usr/local/google/home/ssreenithi/.pyenv/versions/3.12.0/envs/pyvenv_312/include -I/usr/local/google/home/ssreenithi/.pyenv/versions/3.12.0/include/python3.12 -c src/core/lib/transport/promise_endpoint.cc -o pyb/temp.linux-x86_64-cpython-312/src/core/lib/transport/promise_endpoint.o -std=c++17 -fvisibility=hidden -fno-wrapv -fno-exceptions -pthread
      g++ -fno-strict-overflow -Wsign-compare -DNDEBUG -g -O3 -Wall -fPIC -D_WIN32_WINNT=1536 -DGRPC_XDS_USER_AGENT_NAME_SUFFIX=\"Python\" -DGRPC_XDS_USER_AGENT_VERSION_SUFFIX=\"1.79.0.dev0\" -DHAVE_CONFIG_H=1 -DGRPC_ENABLE_FORK_SUPPORT=1 -DGRPC_ENABLE_FORK_SUPPORT_DEFAULT=false -DGRPC_PYTHON_BUILD=1 -D__STDC_FORMAT_MACROS "-DPyMODINIT_FUNC=extern \"C\" __attribute__((visibility (\"default\"))) PyObject*" -DGRPC_POSIX_FORK_ALLOW_PTHREAD_ATFORK=1 -Isrc/python/grpcio -Iinclude -I. -Ithird_party/abseil-cpp -Ithird_party/address_sorting/include -Ithird_party/cares/cares/include -Ithird_party/cares -Ithird_party/cares/cares -Ithird_party/cares/cares/src/lib/include -Ithird_party/cares/cares/src/lib -Ithird_party/cares/config_linux -Ithird_party/re2 -Ithird_party/boringssl-with-bazel/src/include -Ithird_party/upb -Isrc/core/ext/upb-gen -Isrc/core/ext/upbdefs-gen -Ithird_party/utf8_range -Ithird_party/xxhash -Ithird_party/zlib -I/usr/local/google/home/ssreenithi/.pyenv/versions/3.12.0/envs/pyvenv_312/include -I/usr/local/google/home/ssreenithi/.pyenv/versions/3.12.0/include/python3.12 -c src/core/lib/event_engine/posix_engine/lockfree_event.cc -o pyb/temp.linux-x86_64-cpython-312/src/core/lib/event_engine/posix_engine/lockfree_event.o -std=c++17 -fvisibility=hidden -fno-wrapv -fno-exceptions -pthread
      In file included from ./src/core/lib/promise/activity.h:30,
                       from ./src/core/call/call_state.h:23,
                       from ./src/core/call/call_filters.h:26,
                       from src/core/call/call_filters.cc:15:
      ./src/core/lib/promise/detail/promise_factory.h:210:5: warning: ‘always_inline’ function might not be inlinable unless also declared ‘inline’ [-Wattributes]
        210 |     PromiseFactoryImpl(Token, F&& f) {
            |     ^~~~~~~~~~~~~~~~~~
      ./src/core/lib/promise/detail/promise_factory.h:210:5: warning: ‘always_inline’ function might not be inlinable unless also declared ‘inline’ [-Wattributes]
      ./src/core/lib/promise/detail/promise_factory.h:210:5: warning: ‘always_inline’ function might not be inlinable unless also declared ‘inline’ [-Wattributes]
      ./src/core/lib/promise/detail/promise_factory.h:210:5: warning: ‘always_inline’ function might not be inlinable unless also declared ‘inline’ [-Wattributes]
      g++ -fno-strict-overflow -Wsign-compare -DNDEBUG -g -O3 -Wall -fPIC -D_WIN32_WINNT=1536 -DGRPC_XDS_USER_AGENT_NAME_SUFFIX=\"Python\" -DGRPC_XDS_USER_AGENT_VERSION_SUFFIX=\"1.79.0.dev0\" -DHAVE_CONFIG_H=1 -DGRPC_ENABLE_FORK_SUPPORT=1 -DGRPC_ENABLE_FORK_SUPPORT_DEFAULT=false -DGRPC_PYTHON_BUILD=1 -D__STDC_FORMAT_MACROS "-DPyMODINIT_FUNC=extern \"C\" __attribute__((visibility (\"default\"))) PyObject*" -DGRPC_POSIX_FORK_ALLOW_PTHREAD_ATFORK=1 -Isrc/python/grpcio -Iinclude -I. -Ithird_party/abseil-cpp -Ithird_party/address_sorting/include -Ithird_party/cares/cares/include -Ithird_party/cares -Ithird_party/cares/cares -Ithird_party/cares/cares/src/lib/include -Ithird_party/cares/cares/src/lib -Ithird_party/cares/config_linux -Ithird_party/re2 -Ithird_party/boringssl-with-bazel/src/include -Ithird_party/upb -Isrc/core/ext/upb-gen -Isrc/core/ext/upbdefs-gen -Ithird_party/utf8_range -Ithird_party/xxhash -Ithird_party/zlib -I/usr/local/google/home/ssreenithi/.pyenv/versions/3.12.0/envs/pyvenv_312/include -I/usr/local/google/home/ssreenithi/.pyenv/versions/3.12.0/include/python3.12 -c src/core/lib/iomgr/timer_heap.cc -o pyb/temp.linux-x86_64-cpython-312/src/core/lib/iomgr/timer_heap.o -std=c++17 -fvisibility=hidden -fno-wrapv -fno-exceptions -pthread
      g++ -fno-strict-overflow -Wsign-compare -DNDEBUG -g -O3 -Wall -fPIC -D_WIN32_WINNT=1536 -DGRPC_XDS_USER_AGENT_NAME_SUFFIX=\"Python\" -DGRPC_XDS_USER_AGENT_VERSION_SUFFIX=\"1.79.0.dev0\" -DHAVE_CONFIG_H=1 -DGRPC_ENABLE_FORK_SUPPORT=1 -DGRPC_ENABLE_FORK_SUPPORT_DEFAULT=false -DGRPC_PYTHON_BUILD=1 -D__STDC_FORMAT_MACROS "-DPyMODINIT_FUNC=extern \"C\" __attribute__((visibility (\"default\"))) PyObject*" -DGRPC_POSIX_FORK_ALLOW_PTHREAD_ATFORK=1 -Isrc/python/grpcio -Iinclude -I. -Ithird_party/abseil-cpp -Ithird_party/address_sorting/include -Ithird_party/cares/cares/include -Ithird_party/cares -Ithird_party/cares/cares -Ithird_party/cares/cares/src/lib/include -Ithird_party/cares/cares/src/lib -Ithird_party/cares/config_linux -Ithird_party/re2 -Ithird_party/boringssl-with-bazel/src/include -Ithird_party/upb -Isrc/core/ext/upb-gen -Isrc/core/ext/upbdefs-gen -Ithird_party/utf8_range -Ithird_party/xxhash -Ithird_party/zlib -I/usr/local/google/home/ssreenithi/.pyenv/versions/3.12.0/envs/pyvenv_312/include -I/usr/local/google/home/ssreenithi/.pyenv/versions/3.12.0/include/python3.12 -c src/core/lib/event_engine/time_util.cc -o pyb/temp.linux-x86_64-cpython-312/src/core/lib/event_engine/time_util.o -std=c++17 -fvisibility=hidden -fno-wrapv -fno-exceptions -pthread
      g++ -fno-strict-overflow -Wsign-compare -DNDEBUG -g -O3 -Wall -fPIC -D_WIN32_WINNT=1536 -DGRPC_XDS_USER_AGENT_NAME_SUFFIX=\"Python\" -DGRPC_XDS_USER_AGENT_VERSION_SUFFIX=\"1.79.0.dev0\" -DHAVE_CONFIG_H=1 -DGRPC_ENABLE_FORK_SUPPORT=1 -DGRPC_ENABLE_FORK_SUPPORT_DEFAULT=false -DGRPC_PYTHON_BUILD=1 -D__STDC_FORMAT_MACROS "-DPyMODINIT_FUNC=extern \"C\" __attribute__((visibility (\"default\"))) PyObject*" -DGRPC_POSIX_FORK_ALLOW_PTHREAD_ATFORK=1 -Isrc/python/grpcio -Iinclude -I. -Ithird_party/abseil-cpp -Ithird_party/address_sorting/include -Ithird_party/cares/cares/include -Ithird_party/cares -Ithird_party/cares/cares -Ithird_party/cares/cares/src/lib/include -Ithird_party/cares/cares/src/lib -Ithird_party/cares/config_linux -Ithird_party/re2 -Ithird_party/boringssl-with-bazel/src/include -Ithird_party/upb -Isrc/core/ext/upb-gen -Isrc/core/ext/upbdefs-gen -Ithird_party/utf8_range -Ithird_party/xxhash -Ithird_party/zlib -I/usr/local/google/home/ssreenithi/.pyenv/versions/3.12.0/envs/pyvenv_312/include -I/usr/local/google/home/ssreenithi/.pyenv/versions/3.12.0/include/python3.12 -c src/core/client_channel/backup_poller.cc -o pyb/temp.linux-x86_64-cpython-312/src/core/client_channel/backup_poller.o -std=c++17 -fvisibility=hidden -fno-wrapv -fno-exceptions -pthread
      ./src/core/call/call_state.h: In static member function ‘static const char* grpc_core::CallState::ServerToClientPullStateString(ServerToClientPullState)’:
      ./src/core/call/call_state.h:244:3: warning: control reaches end of non-void function [-Wreturn-type]
        244 |   }
            |   ^
      g++ -fno-strict-overflow -Wsign-compare -DNDEBUG -g -O3 -Wall -fPIC -D_WIN32_WINNT=1536 -DGRPC_XDS_USER_AGENT_NAME_SUFFIX=\"Python\" -DGRPC_XDS_USER_AGENT_VERSION_SUFFIX=\"1.79.0.dev0\" -DHAVE_CONFIG_H=1 -DGRPC_ENABLE_FORK_SUPPORT=1 -DGRPC_ENABLE_FORK_SUPPORT_DEFAULT=false -DGRPC_PYTHON_BUILD=1 -D__STDC_FORMAT_MACROS "-DPyMODINIT_FUNC=extern \"C\" __attribute__((visibility (\"default\"))) PyObject*" -DGRPC_POSIX_FORK_ALLOW_PTHREAD_ATFORK=1 -Isrc/python/grpcio -Iinclude -I. -Ithird_party/abseil-cpp -Ithird_party/address_sorting/include -Ithird_party/cares/cares/include -Ithird_party/cares -Ithird_party/cares/cares -Ithird_party/cares/cares/src/lib/include -Ithird_party/cares/cares/src/lib -Ithird_party/cares/config_linux -Ithird_party/re2 -Ithird_party/boringssl-with-bazel/src/include -Ithird_party/upb -Isrc/core/ext/upb-gen -Isrc/core/ext/upbdefs-gen -Ithird_party/utf8_range -Ithird_party/xxhash -Ithird_party/zlib -I/usr/local/google/home/ssreenithi/.pyenv/versions/3.12.0/envs/pyvenv_312/include -I/usr/local/google/home/ssreenithi/.pyenv/versions/3.12.0/include/python3.12 -c src/core/ext/transport/chttp2/transport/varint.cc -o pyb/temp.linux-x86_64-cpython-312/src/core/ext/transport/chttp2/transport/varint.o -std=c++17 -fvisibility=hidden -fno-wrapv -fno-exceptions -pthread
      g++ -fno-strict-overflow -Wsign-compare -DNDEBUG -g -O3 -Wall -fPIC -D_WIN32_WINNT=1536 -DGRPC_XDS_USER_AGENT_NAME_SUFFIX=\"Python\" -DGRPC_XDS_USER_AGENT_VERSION_SUFFIX=\"1.79.0.dev0\" -DHAVE_CONFIG_H=1 -DGRPC_ENABLE_FORK_SUPPORT=1 -DGRPC_ENABLE_FORK_SUPPORT_DEFAULT=false -DGRPC_PYTHON_BUILD=1 -D__STDC_FORMAT_MACROS "-DPyMODINIT_FUNC=extern \"C\" __attribute__((visibility (\"default\"))) PyObject*" -DGRPC_POSIX_FORK_ALLOW_PTHREAD_ATFORK=1 -Isrc/python/grpcio -Iinclude -I. -Ithird_party/abseil-cpp -Ithird_party/address_sorting/include -Ithird_party/cares/cares/include -Ithird_party/cares -Ithird_party/cares/cares -Ithird_party/cares/cares/src/lib/include -Ithird_party/cares/cares/src/lib -Ithird_party/cares/config_linux -Ithird_party/re2 -Ithird_party/boringssl-with-bazel/src/include -Ithird_party/upb -Isrc/core/ext/upb-gen -Isrc/core/ext/upbdefs-gen -Ithird_party/utf8_range -Ithird_party/xxhash -Ithird_party/zlib -I/usr/local/google/home/ssreenithi/.pyenv/versions/3.12.0/envs/pyvenv_312/include -I/usr/local/google/home/ssreenithi/.pyenv/versions/3.12.0/include/python3.12 -c src/core/lib/channel/connected_channel.cc -o pyb/temp.linux-x86_64-cpython-312/src/core/lib/channel/connected_channel.o -std=c++17 -fvisibility=hidden -fno-wrapv -fno-exceptions -pthread
      In file included from src/core/lib/resource_quota/memory_quota.cc:36:
      ./src/core/lib/promise/loop.h:214:31: warning: attribute ignored in declaration of ‘union grpc_core::Loop<F, kYield>::<unnamed>’ [-Wattributes]
        214 |   GPR_NO_UNIQUE_ADDRESS union {
            |                               ^
      ./src/core/lib/promise/loop.h:214:31: note: attribute for ‘union grpc_core::Loop<F, kYield>::<unnamed>’ must follow the ‘union’ keyword
      g++ -fno-strict-overflow -Wsign-compare -DNDEBUG -g -O3 -Wall -fPIC -D_WIN32_WINNT=1536 -DGRPC_XDS_USER_AGENT_NAME_SUFFIX=\"Python\" -DGRPC_XDS_USER_AGENT_VERSION_SUFFIX=\"1.79.0.dev0\" -DHAVE_CONFIG_H=1 -DGRPC_ENABLE_FORK_SUPPORT=1 -DGRPC_ENABLE_FORK_SUPPORT_DEFAULT=false -DGRPC_PYTHON_BUILD=1 -D__STDC_FORMAT_MACROS "-DPyMODINIT_FUNC=extern \"C\" __attribute__((visibility (\"default\"))) PyObject*" -DGRPC_POSIX_FORK_ALLOW_PTHREAD_ATFORK=1 -Isrc/python/grpcio -Iinclude -I. -Ithird_party/abseil-cpp -Ithird_party/address_sorting/include -Ithird_party/cares/cares/include -Ithird_party/cares -Ithird_party/cares/cares -Ithird_party/cares/cares/src/lib/include -Ithird_party/cares/cares/src/lib -Ithird_party/cares/config_linux -Ithird_party/re2 -Ithird_party/boringssl-with-bazel/src/include -Ithird_party/upb -Isrc/core/ext/upb-gen -Isrc/core/ext/upbdefs-gen -Ithird_party/utf8_range -Ithird_party/xxhash -Ithird_party/zlib -I/usr/local/google/home/ssreenithi/.pyenv/versions/3.12.0/envs/pyvenv_312/include -I/usr/local/google/home/ssreenithi/.pyenv/versions/3.12.0/include/python3.12 -c src/core/lib/security/authorization/evaluate_args.cc -o pyb/temp.linux-x86_64-cpython-312/src/core/lib/security/authorization/evaluate_args.o -std=c++17 -fvisibility=hidden -fno-wrapv -fno-exceptions -pthread
      In file included from ./src/core/lib/promise/activity.h:30,
                       from ./src/core/lib/resource_quota/memory_quota.h:39,
                       from ./src/core/lib/resource_quota/arena.h:39,
                       from ./src/core/util/chunked_vector.h:24,
                       from ./src/core/call/metadata_batch.h:41,
                       from src/core/lib/transport/transport_op_string.cc:24:
      ./src/core/lib/promise/detail/promise_factory.h:210:5: warning: ‘always_inline’ function might not be inlinable unless also declared ‘inline’ [-Wattributes]
        210 |     PromiseFactoryImpl(Token, F&& f) {
            |     ^~~~~~~~~~~~~~~~~~
      ./src/core/lib/promise/detail/promise_factory.h:210:5: warning: ‘always_inline’ function might not be inlinable unless also declared ‘inline’ [-Wattributes]
      ./src/core/lib/promise/detail/promise_factory.h:210:5: warning: ‘always_inline’ function might not be inlinable unless also declared ‘inline’ [-Wattributes]
      ./src/core/lib/promise/detail/promise_factory.h:210:5: warning: ‘always_inline’ function might not be inlinable unless also declared ‘inline’ [-Wattributes]
      ./src/core/lib/promise/detail/promise_factory.h:210:5: warning: ‘always_inline’ function might not be inlinable unless also declared ‘inline’ [-Wattributes]
      ./src/core/lib/promise/detail/promise_factory.h:210:5: warning: ‘always_inline’ function might not be inlinable unless also declared ‘inline’ [-Wattributes]
      ./src/core/lib/promise/detail/promise_factory.h:210:5: warning: ‘always_inline’ function might not be inlinable unless also declared ‘inline’ [-Wattributes]
      g++ -fno-strict-overflow -Wsign-compare -DNDEBUG -g -O3 -Wall -fPIC -D_WIN32_WINNT=1536 -DGRPC_XDS_USER_AGENT_NAME_SUFFIX=\"Python\" -DGRPC_XDS_USER_AGENT_VERSION_SUFFIX=\"1.79.0.dev0\" -DHAVE_CONFIG_H=1 -DGRPC_ENABLE_FORK_SUPPORT=1 -DGRPC_ENABLE_FORK_SUPPORT_DEFAULT=false -DGRPC_PYTHON_BUILD=1 -D__STDC_FORMAT_MACROS "-DPyMODINIT_FUNC=extern \"C\" __attribute__((visibility (\"default\"))) PyObject*" -DGRPC_POSIX_FORK_ALLOW_PTHREAD_ATFORK=1 -Isrc/python/grpcio -Iinclude -I. -Ithird_party/abseil-cpp -Ithird_party/address_sorting/include -Ithird_party/cares/cares/include -Ithird_party/cares -Ithird_party/cares/cares -Ithird_party/cares/cares/src/lib/include -Ithird_party/cares/cares/src/lib -Ithird_party/cares/config_linux -Ithird_party/re2 -Ithird_party/boringssl-with-bazel/src/include -Ithird_party/upb -Isrc/core/ext/upb-gen -Isrc/core/ext/upbdefs-gen -Ithird_party/utf8_range -Ithird_party/xxhash -Ithird_party/zlib -I/usr/local/google/home/ssreenithi/.pyenv/versions/3.12.0/envs/pyvenv_312/include -I/usr/local/google/home/ssreenithi/.pyenv/versions/3.12.0/include/python3.12 -c src/core/lib/iomgr/event_engine_shims/closure.cc -o pyb/temp.linux-x86_64-cpython-312/src/core/lib/iomgr/event_engine_shims/closure.o -std=c++17 -fvisibility=hidden -fno-wrapv -fno-exceptions -pthread
      In file included from ./src/core/lib/promise/activity.h:30,
                       from ./src/core/call/call_state.h:23,
                       from ./src/core/call/call_filters.h:26,
                       from ./src/core/lib/channel/promise_based_filter.h:36,
                       from ./src/core/lib/surface/lame_client.h:29,
                       from src/core/lib/surface/lame_client.cc:19:
      ./src/core/lib/promise/detail/promise_factory.h:210:5: warning: ‘always_inline’ function might not be inlinable unless also declared ‘inline’ [-Wattributes]
        210 |     PromiseFactoryImpl(Token, F&& f) {
            |     ^~~~~~~~~~~~~~~~~~
      ./src/core/lib/promise/detail/promise_factory.h:210:5: warning: ‘always_inline’ function might not be inlinable unless also declared ‘inline’ [-Wattributes]
      ./src/core/lib/promise/detail/promise_factory.h:210:5: warning: ‘always_inline’ function might not be inlinable unless also declared ‘inline’ [-Wattributes]
      ./src/core/lib/promise/detail/promise_factory.h:210:5: warning: ‘always_inline’ function might not be inlinable unless also declared ‘inline’ [-Wattributes]
      ./src/core/lib/promise/detail/promise_factory.h:210:5: warning: ‘always_inline’ function might not be inlinable unless also declared ‘inline’ [-Wattributes]
      ./src/core/lib/promise/detail/promise_factory.h:210:5: warning: ‘always_inline’ function might not be inlinable unless also declared ‘inline’ [-Wattributes]
      ./src/core/lib/promise/detail/promise_factory.h:210:5: warning: ‘always_inline’ function might not be inlinable unless also declared ‘inline’ [-Wattributes]
      ./src/core/lib/promise/detail/promise_factory.h:210:5: warning: ‘always_inline’ function might not be inlinable unless also declared ‘inline’ [-Wattributes]
      g++ -fno-strict-overflow -Wsign-compare -DNDEBUG -g -O3 -Wall -fPIC -D_WIN32_WINNT=1536 -DGRPC_XDS_USER_AGENT_NAME_SUFFIX=\"Python\" -DGRPC_XDS_USER_AGENT_VERSION_SUFFIX=\"1.79.0.dev0\" -DHAVE_CONFIG_H=1 -DGRPC_ENABLE_FORK_SUPPORT=1 -DGRPC_ENABLE_FORK_SUPPORT_DEFAULT=false -DGRPC_PYTHON_BUILD=1 -D__STDC_FORMAT_MACROS "-DPyMODINIT_FUNC=extern \"C\" __attribute__((visibility (\"default\"))) PyObject*" -DGRPC_POSIX_FORK_ALLOW_PTHREAD_ATFORK=1 -Isrc/python/grpcio -Iinclude -I. -Ithird_party/abseil-cpp -Ithird_party/address_sorting/include -Ithird_party/cares/cares/include -Ithird_party/cares -Ithird_party/cares/cares -Ithird_party/cares/cares/src/lib/include -Ithird_party/cares/cares/src/lib -Ithird_party/cares/config_linux -Ithird_party/re2 -Ithird_party/boringssl-with-bazel/src/include -Ithird_party/upb -Isrc/core/ext/upb-gen -Isrc/core/ext/upbdefs-gen -Ithird_party/utf8_range -Ithird_party/xxhash -Ithird_party/zlib -I/usr/local/google/home/ssreenithi/.pyenv/versions/3.12.0/envs/pyvenv_312/include -I/usr/local/google/home/ssreenithi/.pyenv/versions/3.12.0/include/python3.12 -c src/core/lib/iomgr/socket_factory_posix.cc -o pyb/temp.linux-x86_64-cpython-312/src/core/lib/iomgr/socket_factory_posix.o -std=c++17 -fvisibility=hidden -fno-wrapv -fno-exceptions -pthread
      g++ -fno-strict-overflow -Wsign-compare -DNDEBUG -g -O3 -Wall -fPIC -D_WIN32_WINNT=1536 -DGRPC_XDS_USER_AGENT_NAME_SUFFIX=\"Python\" -DGRPC_XDS_USER_AGENT_VERSION_SUFFIX=\"1.79.0.dev0\" -DHAVE_CONFIG_H=1 -DGRPC_ENABLE_FORK_SUPPORT=1 -DGRPC_ENABLE_FORK_SUPPORT_DEFAULT=false -DGRPC_PYTHON_BUILD=1 -D__STDC_FORMAT_MACROS "-DPyMODINIT_FUNC=extern \"C\" __attribute__((visibility (\"default\"))) PyObject*" -DGRPC_POSIX_FORK_ALLOW_PTHREAD_ATFORK=1 -Isrc/python/grpcio -Iinclude -I. -Ithird_party/abseil-cpp -Ithird_party/address_sorting/include -Ithird_party/cares/cares/include -Ithird_party/cares -Ithird_party/cares/cares -Ithird_party/cares/cares/src/lib/include -Ithird_party/cares/cares/src/lib -Ithird_party/cares/config_linux -Ithird_party/re2 -Ithird_party/boringssl-with-bazel/src/include -Ithird_party/upb -Isrc/core/ext/upb-gen -Isrc/core/ext/upbdefs-gen -Ithird_party/utf8_range -Ithird_party/xxhash -Ithird_party/zlib -I/usr/local/google/home/ssreenithi/.pyenv/versions/3.12.0/envs/pyvenv_312/include -I/usr/local/google/home/ssreenithi/.pyenv/versions/3.12.0/include/python3.12 -c src/core/credentials/call/oauth2/oauth2_credentials.cc -o pyb/temp.linux-x86_64-cpython-312/src/core/credentials/call/oauth2/oauth2_credentials.o -std=c++17 -fvisibility=hidden -fno-wrapv -fno-exceptions -pthread
      g++ -fno-strict-overflow -Wsign-compare -DNDEBUG -g -O3 -Wall -fPIC -D_WIN32_WINNT=1536 -DGRPC_XDS_USER_AGENT_NAME_SUFFIX=\"Python\" -DGRPC_XDS_USER_AGENT_VERSION_SUFFIX=\"1.79.0.dev0\" -DHAVE_CONFIG_H=1 -DGRPC_ENABLE_FORK_SUPPORT=1 -DGRPC_ENABLE_FORK_SUPPORT_DEFAULT=false -DGRPC_PYTHON_BUILD=1 -D__STDC_FORMAT_MACROS "-DPyMODINIT_FUNC=extern \"C\" __attribute__((visibility (\"default\"))) PyObject*" -DGRPC_POSIX_FORK_ALLOW_PTHREAD_ATFORK=1 -Isrc/python/grpcio -Iinclude -I. -Ithird_party/abseil-cpp -Ithird_party/address_sorting/include -Ithird_party/cares/cares/include -Ithird_party/cares -Ithird_party/cares/cares -Ithird_party/cares/cares/src/lib/include -Ithird_party/cares/cares/src/lib -Ithird_party/cares/config_linux -Ithird_party/re2 -Ithird_party/boringssl-with-bazel/src/include -Ithird_party/upb -Isrc/core/ext/upb-gen -Isrc/core/ext/upbdefs-gen -Ithird_party/utf8_range -Ithird_party/xxhash -Ithird_party/zlib -I/usr/local/google/home/ssreenithi/.pyenv/versions/3.12.0/envs/pyvenv_312/include -I/usr/local/google/home/ssreenithi/.pyenv/versions/3.12.0/include/python3.12 -c src/core/lib/iomgr/combiner.cc -o pyb/temp.linux-x86_64-cpython-312/src/core/lib/iomgr/combiner.o -std=c++17 -fvisibility=hidden -fno-wrapv -fno-exceptions -pthread
      g++ -fno-strict-overflow -Wsign-compare -DNDEBUG -g -O3 -Wall -fPIC -D_WIN32_WINNT=1536 -DGRPC_XDS_USER_AGENT_NAME_SUFFIX=\"Python\" -DGRPC_XDS_USER_AGENT_VERSION_SUFFIX=\"1.79.0.dev0\" -DHAVE_CONFIG_H=1 -DGRPC_ENABLE_FORK_SUPPORT=1 -DGRPC_ENABLE_FORK_SUPPORT_DEFAULT=false -DGRPC_PYTHON_BUILD=1 -D__STDC_FORMAT_MACROS "-DPyMODINIT_FUNC=extern \"C\" __attribute__((visibility (\"default\"))) PyObject*" -DGRPC_POSIX_FORK_ALLOW_PTHREAD_ATFORK=1 -Isrc/python/grpcio -Iinclude -I. -Ithird_party/abseil-cpp -Ithird_party/address_sorting/include -Ithird_party/cares/cares/include -Ithird_party/cares -Ithird_party/cares/cares -Ithird_party/cares/cares/src/lib/include -Ithird_party/cares/cares/src/lib -Ithird_party/cares/config_linux -Ithird_party/re2 -Ithird_party/boringssl-with-bazel/src/include -Ithird_party/upb -Isrc/core/ext/upb-gen -Isrc/core/ext/upbdefs-gen -Ithird_party/utf8_range -Ithird_party/xxhash -Ithird_party/zlib -I/usr/local/google/home/ssreenithi/.pyenv/versions/3.12.0/envs/pyvenv_312/include -I/usr/local/google/home/ssreenithi/.pyenv/versions/3.12.0/include/python3.12 -c src/core/lib/event_engine/thread_local.cc -o pyb/temp.linux-x86_64-cpython-312/src/core/lib/event_engine/thread_local.o -std=c++17 -fvisibility=hidden -fno-wrapv -fno-exceptions -pthread
      g++ -fno-strict-overflow -Wsign-compare -DNDEBUG -g -O3 -Wall -fPIC -D_WIN32_WINNT=1536 -DGRPC_XDS_USER_AGENT_NAME_SUFFIX=\"Python\" -DGRPC_XDS_USER_AGENT_VERSION_SUFFIX=\"1.79.0.dev0\" -DHAVE_CONFIG_H=1 -DGRPC_ENABLE_FORK_SUPPORT=1 -DGRPC_ENABLE_FORK_SUPPORT_DEFAULT=false -DGRPC_PYTHON_BUILD=1 -D__STDC_FORMAT_MACROS "-DPyMODINIT_FUNC=extern \"C\" __attribute__((visibility (\"default\"))) PyObject*" -DGRPC_POSIX_FORK_ALLOW_PTHREAD_ATFORK=1 -Isrc/python/grpcio -Iinclude -I. -Ithird_party/abseil-cpp -Ithird_party/address_sorting/include -Ithird_party/cares/cares/include -Ithird_party/cares -Ithird_party/cares/cares -Ithird_party/cares/cares/src/lib/include -Ithird_party/cares/cares/src/lib -Ithird_party/cares/config_linux -Ithird_party/re2 -Ithird_party/boringssl-with-bazel/src/include -Ithird_party/upb -Isrc/core/ext/upb-gen -Isrc/core/ext/upbdefs-gen -Ithird_party/utf8_range -Ithird_party/xxhash -Ithird_party/zlib -I/usr/local/google/home/ssreenithi/.pyenv/versions/3.12.0/envs/pyvenv_312/include -I/usr/local/google/home/ssreenithi/.pyenv/versions/3.12.0/include/python3.12 -c src/core/lib/address_utils/parse_address.cc -o pyb/temp.linux-x86_64-cpython-312/src/core/lib/address_utils/parse_address.o -std=c++17 -fvisibility=hidden -fno-wrapv -fno-exceptions -pthread
      g++ -fno-strict-overflow -Wsign-compare -DNDEBUG -g -O3 -Wall -fPIC -D_WIN32_WINNT=1536 -DGRPC_XDS_USER_AGENT_NAME_SUFFIX=\"Python\" -DGRPC_XDS_USER_AGENT_VERSION_SUFFIX=\"1.79.0.dev0\" -DHAVE_CONFIG_H=1 -DGRPC_ENABLE_FORK_SUPPORT=1 -DGRPC_ENABLE_FORK_SUPPORT_DEFAULT=false -DGRPC_PYTHON_BUILD=1 -D__STDC_FORMAT_MACROS "-DPyMODINIT_FUNC=extern \"C\" __attribute__((visibility (\"default\"))) PyObject*" -DGRPC_POSIX_FORK_ALLOW_PTHREAD_ATFORK=1 -Isrc/python/grpcio -Iinclude -I. -Ithird_party/abseil-cpp -Ithird_party/address_sorting/include -Ithird_party/cares/cares/include -Ithird_party/cares -Ithird_party/cares/cares -Ithird_party/cares/cares/src/lib/include -Ithird_party/cares/cares/src/lib -Ithird_party/cares/config_linux -Ithird_party/re2 -Ithird_party/boringssl-with-bazel/src/include -Ithird_party/upb -Isrc/core/ext/upb-gen -Isrc/core/ext/upbdefs-gen -Ithird_party/utf8_range -Ithird_party/xxhash -Ithird_party/zlib -I/usr/local/google/home/ssreenithi/.pyenv/versions/3.12.0/envs/pyvenv_312/include -I/usr/local/google/home/ssreenithi/.pyenv/versions/3.12.0/include/python3.12 -c src/core/lib/event_engine/thread_pool/thread_count.cc -o pyb/temp.linux-x86_64-cpython-312/src/core/lib/event_engine/thread_pool/thread_count.o -std=c++17 -fvisibility=hidden -fno-wrapv -fno-exceptions -pthread
      g++ -fno-strict-overflow -Wsign-compare -DNDEBUG -g -O3 -Wall -fPIC -D_WIN32_WINNT=1536 -DGRPC_XDS_USER_AGENT_NAME_SUFFIX=\"Python\" -DGRPC_XDS_USER_AGENT_VERSION_SUFFIX=\"1.79.0.dev0\" -DHAVE_CONFIG_H=1 -DGRPC_ENABLE_FORK_SUPPORT=1 -DGRPC_ENABLE_FORK_SUPPORT_DEFAULT=false -DGRPC_PYTHON_BUILD=1 -D__STDC_FORMAT_MACROS "-DPyMODINIT_FUNC=extern \"C\" __attribute__((visibility (\"default\"))) PyObject*" -DGRPC_POSIX_FORK_ALLOW_PTHREAD_ATFORK=1 -Isrc/python/grpcio -Iinclude -I. -Ithird_party/abseil-cpp -Ithird_party/address_sorting/include -Ithird_party/cares/cares/include -Ithird_party/cares -Ithird_party/cares/cares -Ithird_party/cares/cares/src/lib/include -Ithird_party/cares/cares/src/lib -Ithird_party/cares/config_linux -Ithird_party/re2 -Ithird_party/boringssl-with-bazel/src/include -Ithird_party/upb -Isrc/core/ext/upb-gen -Isrc/core/ext/upbdefs-gen -Ithird_party/utf8_range -Ithird_party/xxhash -Ithird_party/zlib -I/usr/local/google/home/ssreenithi/.pyenv/versions/3.12.0/envs/pyvenv_312/include -I/usr/local/google/home/ssreenithi/.pyenv/versions/3.12.0/include/python3.12 -c src/core/lib/surface/connection_context.cc -o pyb/temp.linux-x86_64-cpython-312/src/core/lib/surface/connection_context.o -std=c++17 -fvisibility=hidden -fno-wrapv -fno-exceptions -pthread
      g++ -fno-strict-overflow -Wsign-compare -DNDEBUG -g -O3 -Wall -fPIC -D_WIN32_WINNT=1536 -DGRPC_XDS_USER_AGENT_NAME_SUFFIX=\"Python\" -DGRPC_XDS_USER_AGENT_VERSION_SUFFIX=\"1.79.0.dev0\" -DHAVE_CONFIG_H=1 -DGRPC_ENABLE_FORK_SUPPORT=1 -DGRPC_ENABLE_FORK_SUPPORT_DEFAULT=false -DGRPC_PYTHON_BUILD=1 -D__STDC_FORMAT_MACROS "-DPyMODINIT_FUNC=extern \"C\" __attribute__((visibility (\"default\"))) PyObject*" -DGRPC_POSIX_FORK_ALLOW_PTHREAD_ATFORK=1 -Isrc/python/grpcio -Iinclude -I. -Ithird_party/abseil-cpp -Ithird_party/address_sorting/include -Ithird_party/cares/cares/include -Ithird_party/cares -Ithird_party/cares/cares -Ithird_party/cares/cares/src/lib/include -Ithird_party/cares/cares/src/lib -Ithird_party/cares/config_linux -Ithird_party/re2 -Ithird_party/boringssl-with-bazel/src/include -Ithird_party/upb -Isrc/core/ext/upb-gen -Isrc/core/ext/upbdefs-gen -Ithird_party/utf8_range -Ithird_party/xxhash -Ithird_party/zlib -I/usr/local/google/home/ssreenithi/.pyenv/versions/3.12.0/envs/pyvenv_312/include -I/usr/local/google/home/ssreenithi/.pyenv/versions/3.12.0/include/python3.12 -c src/core/load_balancing/health_check_client.cc -o pyb/temp.linux-x86_64-cpython-312/src/core/load_balancing/health_check_client.o -std=c++17 -fvisibility=hidden -fno-wrapv -fno-exceptions -pthread
      g++ -fno-strict-overflow -Wsign-compare -DNDEBUG -g -O3 -Wall -fPIC -D_WIN32_WINNT=1536 -DGRPC_XDS_USER_AGENT_NAME_SUFFIX=\"Python\" -DGRPC_XDS_USER_AGENT_VERSION_SUFFIX=\"1.79.0.dev0\" -DHAVE_CONFIG_H=1 -DGRPC_ENABLE_FORK_SUPPORT=1 -DGRPC_ENABLE_FORK_SUPPORT_DEFAULT=false -DGRPC_PYTHON_BUILD=1 -D__STDC_FORMAT_MACROS "-DPyMODINIT_FUNC=extern \"C\" __attribute__((visibility (\"default\"))) PyObject*" -DGRPC_POSIX_FORK_ALLOW_PTHREAD_ATFORK=1 -Isrc/python/grpcio -Iinclude -I. -Ithird_party/abseil-cpp -Ithird_party/address_sorting/include -Ithird_party/cares/cares/include -Ithird_party/cares -Ithird_party/cares/cares -Ithird_party/cares/cares/src/lib/include -Ithird_party/cares/cares/src/lib -Ithird_party/cares/config_linux -Ithird_party/re2 -Ithird_party/boringssl-with-bazel/src/include -Ithird_party/upb -Isrc/core/ext/upb-gen -Isrc/core/ext/upbdefs-gen -Ithird_party/utf8_range -Ithird_party/xxhash -Ithird_party/zlib -I/usr/local/google/home/ssreenithi/.pyenv/versions/3.12.0/envs/pyvenv_312/include -I/usr/local/google/home/ssreenithi/.pyenv/versions/3.12.0/include/python3.12 -c src/core/credentials/transport/composite/composite_channel_credentials.cc -o pyb/temp.linux-x86_64-cpython-312/src/core/credentials/transport/composite/composite_channel_credentials.o -std=c++17 -fvisibility=hidden -fno-wrapv -fno-exceptions -pthread
      In file included from ./src/core/lib/promise/activity.h:30,
                       from ./src/core/call/call_state.h:23,
                       from ./src/core/call/call_filters.h:26,
                       from ./src/core/lib/surface/channel_init.h:31,
                       from ./src/core/config/core_configuration.h:29,
                       from src/core/resolver/fake/fake_resolver.cc:28:
      ./src/core/lib/promise/detail/promise_factory.h:210:5: warning: ‘always_inline’ function might not be inlinable unless also declared ‘inline’ [-Wattributes]
        210 |     PromiseFactoryImpl(Token, F&& f) {
            |     ^~~~~~~~~~~~~~~~~~
      ./src/core/lib/promise/detail/promise_factory.h:210:5: warning: ‘always_inline’ function might not be inlinable unless also declared ‘inline’ [-Wattributes]
      ./src/core/lib/promise/detail/promise_factory.h:210:5: warning: ‘always_inline’ function might not be inlinable unless also declared ‘inline’ [-Wattributes]
      ./src/core/lib/promise/detail/promise_factory.h:210:5: warning: ‘always_inline’ function might not be inlinable unless also declared ‘inline’ [-Wattributes]
      ./src/core/lib/promise/detail/promise_factory.h:210:5: warning: ‘always_inline’ function might not be inlinable unless also declared ‘inline’ [-Wattributes]
      ./src/core/lib/promise/detail/promise_factory.h:210:5: warning: ‘always_inline’ function might not be inlinable unless also declared ‘inline’ [-Wattributes]
      ./src/core/lib/promise/detail/promise_factory.h:210:5: warning: ‘always_inline’ function might not be inlinable unless also declared ‘inline’ [-Wattributes]
      g++ -fno-strict-overflow -Wsign-compare -DNDEBUG -g -O3 -Wall -fPIC -D_WIN32_WINNT=1536 -DGRPC_XDS_USER_AGENT_NAME_SUFFIX=\"Python\" -DGRPC_XDS_USER_AGENT_VERSION_SUFFIX=\"1.79.0.dev0\" -DHAVE_CONFIG_H=1 -DGRPC_ENABLE_FORK_SUPPORT=1 -DGRPC_ENABLE_FORK_SUPPORT_DEFAULT=false -DGRPC_PYTHON_BUILD=1 -D__STDC_FORMAT_MACROS "-DPyMODINIT_FUNC=extern \"C\" __attribute__((visibility (\"default\"))) PyObject*" -DGRPC_POSIX_FORK_ALLOW_PTHREAD_ATFORK=1 -Isrc/python/grpcio -Iinclude -I. -Ithird_party/abseil-cpp -Ithird_party/address_sorting/include -Ithird_party/cares/cares/include -Ithird_party/cares -Ithird_party/cares/cares -Ithird_party/cares/cares/src/lib/include -Ithird_party/cares/cares/src/lib -Ithird_party/cares/config_linux -Ithird_party/re2 -Ithird_party/boringssl-with-bazel/src/include -Ithird_party/upb -Isrc/core/ext/upb-gen -Isrc/core/ext/upbdefs-gen -Ithird_party/utf8_range -Ithird_party/xxhash -Ithird_party/zlib -I/usr/local/google/home/ssreenithi/.pyenv/versions/3.12.0/envs/pyvenv_312/include -I/usr/local/google/home/ssreenithi/.pyenv/versions/3.12.0/include/python3.12 -c src/core/ext/transport/chttp2/transport/write_cycle.cc -o pyb/temp.linux-x86_64-cpython-312/src/core/ext/transport/chttp2/transport/write_cycle.o -std=c++17 -fvisibility=hidden -fno-wrapv -fno-exceptions -pthread
      g++ -fno-strict-overflow -Wsign-compare -DNDEBUG -g -O3 -Wall -fPIC -D_WIN32_WINNT=1536 -DGRPC_XDS_USER_AGENT_NAME_SUFFIX=\"Python\" -DGRPC_XDS_USER_AGENT_VERSION_SUFFIX=\"1.79.0.dev0\" -DHAVE_CONFIG_H=1 -DGRPC_ENABLE_FORK_SUPPORT=1 -DGRPC_ENABLE_FORK_SUPPORT_DEFAULT=false -DGRPC_PYTHON_BUILD=1 -D__STDC_FORMAT_MACROS "-DPyMODINIT_FUNC=extern \"C\" __attribute__((visibility (\"default\"))) PyObject*" -DGRPC_POSIX_FORK_ALLOW_PTHREAD_ATFORK=1 -Isrc/python/grpcio -Iinclude -I. -Ithird_party/abseil-cpp -Ithird_party/address_sorting/include -Ithird_party/cares/cares/include -Ithird_party/cares -Ithird_party/cares/cares -Ithird_party/cares/cares/src/lib/include -Ithird_party/cares/cares/src/lib -Ithird_party/cares/config_linux -Ithird_party/re2 -Ithird_party/boringssl-with-bazel/src/include -Ithird_party/upb -Isrc/core/ext/upb-gen -Isrc/core/ext/upbdefs-gen -Ithird_party/utf8_range -Ithird_party/xxhash -Ithird_party/zlib -I/usr/local/google/home/ssreenithi/.pyenv/versions/3.12.0/envs/pyvenv_312/include -I/usr/local/google/home/ssreenithi/.pyenv/versions/3.12.0/include/python3.12 -c src/core/handshaker/http_connect/http_proxy_mapper.cc -o pyb/temp.linux-x86_64-cpython-312/src/core/handshaker/http_connect/http_proxy_mapper.o -std=c++17 -fvisibility=hidden -fno-wrapv -fno-exceptions -pthread
      g++ -fno-strict-overflow -Wsign-compare -DNDEBUG -g -O3 -Wall -fPIC -D_WIN32_WINNT=1536 -DGRPC_XDS_USER_AGENT_NAME_SUFFIX=\"Python\" -DGRPC_XDS_USER_AGENT_VERSION_SUFFIX=\"1.79.0.dev0\" -DHAVE_CONFIG_H=1 -DGRPC_ENABLE_FORK_SUPPORT=1 -DGRPC_ENABLE_FORK_SUPPORT_DEFAULT=false -DGRPC_PYTHON_BUILD=1 -D__STDC_FORMAT_MACROS "-DPyMODINIT_FUNC=extern \"C\" __attribute__((visibility (\"default\"))) PyObject*" -DGRPC_POSIX_FORK_ALLOW_PTHREAD_ATFORK=1 -Isrc/python/grpcio -Iinclude -I. -Ithird_party/abseil-cpp -Ithird_party/address_sorting/include -Ithird_party/cares/cares/include -Ithird_party/cares -Ithird_party/cares/cares -Ithird_party/cares/cares/src/lib/include -Ithird_party/cares/cares/src/lib -Ithird_party/cares/config_linux -Ithird_party/re2 -Ithird_party/boringssl-with-bazel/src/include -Ithird_party/upb -Isrc/core/ext/upb-gen -Isrc/core/ext/upbdefs-gen -Ithird_party/utf8_range -Ithird_party/xxhash -Ithird_party/zlib -I/usr/local/google/home/ssreenithi/.pyenv/versions/3.12.0/envs/pyvenv_312/include -I/usr/local/google/home/ssreenithi/.pyenv/versions/3.12.0/include/python3.12 -c src/core/lib/iomgr/wakeup_fd_nospecial.cc -o pyb/temp.linux-x86_64-cpython-312/src/core/lib/iomgr/wakeup_fd_nospecial.o -std=c++17 -fvisibility=hidden -fno-wrapv -fno-exceptions -pthread
      g++ -fno-strict-overflow -Wsign-compare -DNDEBUG -g -O3 -Wall -fPIC -D_WIN32_WINNT=1536 -DGRPC_XDS_USER_AGENT_NAME_SUFFIX=\"Python\" -DGRPC_XDS_USER_AGENT_VERSION_SUFFIX=\"1.79.0.dev0\" -DHAVE_CONFIG_H=1 -DGRPC_ENABLE_FORK_SUPPORT=1 -DGRPC_ENABLE_FORK_SUPPORT_DEFAULT=false -DGRPC_PYTHON_BUILD=1 -D__STDC_FORMAT_MACROS "-DPyMODINIT_FUNC=extern \"C\" __attribute__((visibility (\"default\"))) PyObject*" -DGRPC_POSIX_FORK_ALLOW_PTHREAD_ATFORK=1 -Isrc/python/grpcio -Iinclude -I. -Ithird_party/abseil-cpp -Ithird_party/address_sorting/include -Ithird_party/cares/cares/include -Ithird_party/cares -Ithird_party/cares/cares -Ithird_party/cares/cares/src/lib/include -Ithird_party/cares/cares/src/lib -Ithird_party/cares/config_linux -Ithird_party/re2 -Ithird_party/boringssl-with-bazel/src/include -Ithird_party/upb -Isrc/core/ext/upb-gen -Isrc/core/ext/upbdefs-gen -Ithird_party/utf8_range -Ithird_party/xxhash -Ithird_party/zlib -I/usr/local/google/home/ssreenithi/.pyenv/versions/3.12.0/envs/pyvenv_312/include -I/usr/local/google/home/ssreenithi/.pyenv/versions/3.12.0/include/python3.12 -c src/core/lib/iomgr/wakeup_fd_pipe.cc -o pyb/temp.linux-x86_64-cpython-312/src/core/lib/iomgr/wakeup_fd_pipe.o -std=c++17 -fvisibility=hidden -fno-wrapv -fno-exceptions -pthread
      g++ -fno-strict-overflow -Wsign-compare -DNDEBUG -g -O3 -Wall -fPIC -D_WIN32_WINNT=1536 -DGRPC_XDS_USER_AGENT_NAME_SUFFIX=\"Python\" -DGRPC_XDS_USER_AGENT_VERSION_SUFFIX=\"1.79.0.dev0\" -DHAVE_CONFIG_H=1 -DGRPC_ENABLE_FORK_SUPPORT=1 -DGRPC_ENABLE_FORK_SUPPORT_DEFAULT=false -DGRPC_PYTHON_BUILD=1 -D__STDC_FORMAT_MACROS "-DPyMODINIT_FUNC=extern \"C\" __attribute__((visibility (\"default\"))) PyObject*" -DGRPC_POSIX_FORK_ALLOW_PTHREAD_ATFORK=1 -Isrc/python/grpcio -Iinclude -I. -Ithird_party/abseil-cpp -Ithird_party/address_sorting/include -Ithird_party/cares/cares/include -Ithird_party/cares -Ithird_party/cares/cares -Ithird_party/cares/cares/src/lib/include -Ithird_party/cares/cares/src/lib -Ithird_party/cares/config_linux -Ithird_party/re2 -Ithird_party/boringssl-with-bazel/src/include -Ithird_party/upb -Isrc/core/ext/upb-gen -Isrc/core/ext/upbdefs-gen -Ithird_party/utf8_range -Ithird_party/xxhash -Ithird_party/zlib -I/usr/local/google/home/ssreenithi/.pyenv/versions/3.12.0/envs/pyvenv_312/include -I/usr/local/google/home/ssreenithi/.pyenv/versions/3.12.0/include/python3.12 -c src/core/ext/filters/message_size/message_size_filter.cc -o pyb/temp.linux-x86_64-cpython-312/src/core/ext/filters/message_size/message_size_filter.o -std=c++17 -fvisibility=hidden -fno-wrapv -fno-exceptions -pthread
      In file included from ./src/core/lib/promise/activity.h:30,
                       from ./src/core/lib/resource_quota/memory_quota.h:39,
                       from src/core/lib/resource_quota/memory_quota.cc:15:
      ./src/core/lib/promise/detail/promise_factory.h:210:5: warning: ‘always_inline’ function might not be inlinable unless also declared ‘inline’ [-Wattributes]
        210 |     PromiseFactoryImpl(Token, F&& f) {
            |     ^~~~~~~~~~~~~~~~~~
      ./src/core/lib/promise/detail/promise_factory.h:201:5: warning: ‘always_inline’ function might not be inlinable unless also declared ‘inline’ [-Wattributes]
        201 |     PromiseFactoryImpl(Token, F&& f, A&&) {
            |     ^~~~~~~~~~~~~~~~~~
      g++ -fno-strict-overflow -Wsign-compare -DNDEBUG -g -O3 -Wall -fPIC -D_WIN32_WINNT=1536 -DGRPC_XDS_USER_AGENT_NAME_SUFFIX=\"Python\" -DGRPC_XDS_USER_AGENT_VERSION_SUFFIX=\"1.79.0.dev0\" -DHAVE_CONFIG_H=1 -DGRPC_ENABLE_FORK_SUPPORT=1 -DGRPC_ENABLE_FORK_SUPPORT_DEFAULT=false -DGRPC_PYTHON_BUILD=1 -D__STDC_FORMAT_MACROS "-DPyMODINIT_FUNC=extern \"C\" __attribute__((visibility (\"default\"))) PyObject*" -DGRPC_POSIX_FORK_ALLOW_PTHREAD_ATFORK=1 -Isrc/python/grpcio -Iinclude -I. -Ithird_party/abseil-cpp -Ithird_party/address_sorting/include -Ithird_party/cares/cares/include -Ithird_party/cares -Ithird_party/cares/cares -Ithird_party/cares/cares/src/lib/include -Ithird_party/cares/cares/src/lib -Ithird_party/cares/config_linux -Ithird_party/re2 -Ithird_party/boringssl-with-bazel/src/include -Ithird_party/upb -Isrc/core/ext/upb-gen -Isrc/core/ext/upbdefs-gen -Ithird_party/utf8_range -Ithird_party/xxhash -Ithird_party/zlib -I/usr/local/google/home/ssreenithi/.pyenv/versions/3.12.0/envs/pyvenv_312/include -I/usr/local/google/home/ssreenithi/.pyenv/versions/3.12.0/include/python3.12 -c src/core/lib/event_engine/utils.cc -o pyb/temp.linux-x86_64-cpython-312/src/core/lib/event_engine/utils.o -std=c++17 -fvisibility=hidden -fno-wrapv -fno-exceptions -pthread
      g++ -fno-strict-overflow -Wsign-compare -DNDEBUG -g -O3 -Wall -fPIC -D_WIN32_WINNT=1536 -DGRPC_XDS_USER_AGENT_NAME_SUFFIX=\"Python\" -DGRPC_XDS_USER_AGENT_VERSION_SUFFIX=\"1.79.0.dev0\" -DHAVE_CONFIG_H=1 -DGRPC_ENABLE_FORK_SUPPORT=1 -DGRPC_ENABLE_FORK_SUPPORT_DEFAULT=false -DGRPC_PYTHON_BUILD=1 -D__STDC_FORMAT_MACROS "-DPyMODINIT_FUNC=extern \"C\" __attribute__((visibility (\"default\"))) PyObject*" -DGRPC_POSIX_FORK_ALLOW_PTHREAD_ATFORK=1 -Isrc/python/grpcio -Iinclude -I. -Ithird_party/abseil-cpp -Ithird_party/address_sorting/include -Ithird_party/cares/cares/include -Ithird_party/cares -Ithird_party/cares/cares -Ithird_party/cares/cares/src/lib/include -Ithird_party/cares/cares/src/lib -Ithird_party/cares/config_linux -Ithird_party/re2 -Ithird_party/boringssl-with-bazel/src/include -Ithird_party/upb -Isrc/core/ext/upb-gen -Isrc/core/ext/upbdefs-gen -Ithird_party/utf8_range -Ithird_party/xxhash -Ithird_party/zlib -I/usr/local/google/home/ssreenithi/.pyenv/versions/3.12.0/envs/pyvenv_312/include -I/usr/local/google/home/ssreenithi/.pyenv/versions/3.12.0/include/python3.12 -c src/core/call/metadata_info.cc -o pyb/temp.linux-x86_64-cpython-312/src/core/call/metadata_info.o -std=c++17 -fvisibility=hidden -fno-wrapv -fno-exceptions -pthread
      g++ -fno-strict-overflow -Wsign-compare -DNDEBUG -g -O3 -Wall -fPIC -D_WIN32_WINNT=1536 -DGRPC_XDS_USER_AGENT_NAME_SUFFIX=\"Python\" -DGRPC_XDS_USER_AGENT_VERSION_SUFFIX=\"1.79.0.dev0\" -DHAVE_CONFIG_H=1 -DGRPC_ENABLE_FORK_SUPPORT=1 -DGRPC_ENABLE_FORK_SUPPORT_DEFAULT=false -DGRPC_PYTHON_BUILD=1 -D__STDC_FORMAT_MACROS "-DPyMODINIT_FUNC=extern \"C\" __attribute__((visibility (\"default\"))) PyObject*" -DGRPC_POSIX_FORK_ALLOW_PTHREAD_ATFORK=1 -Isrc/python/grpcio -Iinclude -I. -Ithird_party/abseil-cpp -Ithird_party/address_sorting/include -Ithird_party/cares/cares/include -Ithird_party/cares -Ithird_party/cares/cares -Ithird_party/cares/cares/src/lib/include -Ithird_party/cares/cares/src/lib -Ithird_party/cares/config_linux -Ithird_party/re2 -Ithird_party/boringssl-with-bazel/src/include -Ithird_party/upb -Isrc/core/ext/upb-gen -Isrc/core/ext/upbdefs-gen -Ithird_party/utf8_range -Ithird_party/xxhash -Ithird_party/zlib -I/usr/local/google/home/ssreenithi/.pyenv/versions/3.12.0/envs/pyvenv_312/include -I/usr/local/google/home/ssreenithi/.pyenv/versions/3.12.0/include/python3.12 -c src/core/lib/iomgr/endpoint_pair_windows.cc -o pyb/temp.linux-x86_64-cpython-312/src/core/lib/iomgr/endpoint_pair_windows.o -std=c++17 -fvisibility=hidden -fno-wrapv -fno-exceptions -pthread
      g++ -fno-strict-overflow -Wsign-compare -DNDEBUG -g -O3 -Wall -fPIC -D_WIN32_WINNT=1536 -DGRPC_XDS_USER_AGENT_NAME_SUFFIX=\"Python\" -DGRPC_XDS_USER_AGENT_VERSION_SUFFIX=\"1.79.0.dev0\" -DHAVE_CONFIG_H=1 -DGRPC_ENABLE_FORK_SUPPORT=1 -DGRPC_ENABLE_FORK_SUPPORT_DEFAULT=false -DGRPC_PYTHON_BUILD=1 -D__STDC_FORMAT_MACROS "-DPyMODINIT_FUNC=extern \"C\" __attribute__((visibility (\"default\"))) PyObject*" -DGRPC_POSIX_FORK_ALLOW_PTHREAD_ATFORK=1 -Isrc/python/grpcio -Iinclude -I. -Ithird_party/abseil-cpp -Ithird_party/address_sorting/include -Ithird_party/cares/cares/include -Ithird_party/cares -Ithird_party/cares/cares -Ithird_party/cares/cares/src/lib/include -Ithird_party/cares/cares/src/lib -Ithird_party/cares/config_linux -Ithird_party/re2 -Ithird_party/boringssl-with-bazel/src/include -Ithird_party/upb -Isrc/core/ext/upb-gen -Isrc/core/ext/upbdefs-gen -Ithird_party/utf8_range -Ithird_party/xxhash -Ithird_party/zlib -I/usr/local/google/home/ssreenithi/.pyenv/versions/3.12.0/envs/pyvenv_312/include -I/usr/local/google/home/ssreenithi/.pyenv/versions/3.12.0/include/python3.12 -c src/core/lib/event_engine/default_event_engine_factory.cc -o pyb/temp.linux-x86_64-cpython-312/src/core/lib/event_engine/default_event_engine_factory.o -std=c++17 -fvisibility=hidden -fno-wrapv -fno-exceptions -pthread
      In file included from ./src/core/lib/promise/activity.h:30,
                       from ./src/core/call/call_state.h:23,
                       from ./src/core/call/call_filters.h:26,
                       from ./src/core/lib/surface/channel_init.h:31,
                       from ./src/core/config/core_configuration.h:29,
                       from src/core/load_balancing/weighted_round_robin/weighted_round_robin.cc:35:
      ./src/core/lib/promise/detail/promise_factory.h:210:5: warning: ‘always_inline’ function might not be inlinable unless also declared ‘inline’ [-Wattributes]
        210 |     PromiseFactoryImpl(Token, F&& f) {
            |     ^~~~~~~~~~~~~~~~~~
      ./src/core/lib/promise/detail/promise_factory.h:210:5: warning: ‘always_inline’ function might not be inlinable unless also declared ‘inline’ [-Wattributes]
      ./src/core/lib/promise/detail/promise_factory.h:210:5: warning: ‘always_inline’ function might not be inlinable unless also declared ‘inline’ [-Wattributes]
      ./src/core/lib/promise/detail/promise_factory.h:210:5: warning: ‘always_inline’ function might not be inlinable unless also declared ‘inline’ [-Wattributes]
      ./src/core/lib/promise/detail/promise_factory.h:210:5: warning: ‘always_inline’ function might not be inlinable unless also declared ‘inline’ [-Wattributes]
      ./src/core/lib/promise/detail/promise_factory.h:210:5: warning: ‘always_inline’ function might not be inlinable unless also declared ‘inline’ [-Wattributes]
      ./src/core/lib/promise/detail/promise_factory.h:210:5: warning: ‘always_inline’ function might not be inlinable unless also declared ‘inline’ [-Wattributes]
      In file included from ./src/core/lib/promise/activity.h:30,
                       from ./src/core/call/call_state.h:23,
                       from ./src/core/call/call_filters.h:26,
                       from ./src/core/lib/surface/channel_init.h:31,
                       from ./src/core/config/core_configuration.h:29,
                       from src/core/plugin_registry/grpc_plugin_registry.cc:22:
      ./src/core/lib/promise/detail/promise_factory.h:210:5: warning: ‘always_inline’ function might not be inlinable unless also declared ‘inline’ [-Wattributes]
        210 |     PromiseFactoryImpl(Token, F&& f) {
            |     ^~~~~~~~~~~~~~~~~~
      ./src/core/lib/promise/detail/promise_factory.h:210:5: warning: ‘always_inline’ function might not be inlinable unless also declared ‘inline’ [-Wattributes]
      ./src/core/lib/promise/detail/promise_factory.h:210:5: warning: ‘always_inline’ function might not be inlinable unless also declared ‘inline’ [-Wattributes]
      ./src/core/lib/promise/detail/promise_factory.h:210:5: warning: ‘always_inline’ function might not be inlinable unless also declared ‘inline’ [-Wattributes]
      ./src/core/lib/promise/detail/promise_factory.h:210:5: warning: ‘always_inline’ function might not be inlinable unless also declared ‘inline’ [-Wattributes]
      ./src/core/lib/promise/detail/promise_factory.h:210:5: warning: ‘always_inline’ function might not be inlinable unless also declared ‘inline’ [-Wattributes]
      ./src/core/lib/promise/detail/promise_factory.h:210:5: warning: ‘always_inline’ function might not be inlinable unless also declared ‘inline’ [-Wattributes]
      ./src/core/lib/promise/detail/promise_factory.h:210:5: warning: ‘always_inline’ function might not be inlinable unless also declared ‘inline’ [-Wattributes]
      g++ -fno-strict-overflow -Wsign-compare -DNDEBUG -g -O3 -Wall -fPIC -D_WIN32_WINNT=1536 -DGRPC_XDS_USER_AGENT_NAME_SUFFIX=\"Python\" -DGRPC_XDS_USER_AGENT_VERSION_SUFFIX=\"1.79.0.dev0\" -DHAVE_CONFIG_H=1 -DGRPC_ENABLE_FORK_SUPPORT=1 -DGRPC_ENABLE_FORK_SUPPORT_DEFAULT=false -DGRPC_PYTHON_BUILD=1 -D__STDC_FORMAT_MACROS "-DPyMODINIT_FUNC=extern \"C\" __attribute__((visibility (\"default\"))) PyObject*" -DGRPC_POSIX_FORK_ALLOW_PTHREAD_ATFORK=1 -Isrc/python/grpcio -Iinclude -I. -Ithird_party/abseil-cpp -Ithird_party/address_sorting/include -Ithird_party/cares/cares/include -Ithird_party/cares -Ithird_party/cares/cares -Ithird_party/cares/cares/src/lib/include -Ithird_party/cares/cares/src/lib -Ithird_party/cares/config_linux -Ithird_party/re2 -Ithird_party/boringssl-with-bazel/src/include -Ithird_party/upb -Isrc/core/ext/upb-gen -Isrc/core/ext/upbdefs-gen -Ithird_party/utf8_range -Ithird_party/xxhash -Ithird_party/zlib -I/usr/local/google/home/ssreenithi/.pyenv/versions/3.12.0/envs/pyvenv_312/include -I/usr/local/google/home/ssreenithi/.pyenv/versions/3.12.0/include/python3.12 -c src/core/lib/iomgr/error.cc -o pyb/temp.linux-x86_64-cpython-312/src/core/lib/iomgr/error.o -std=c++17 -fvisibility=hidden -fno-wrapv -fno-exceptions -pthread
      In file included from ./src/core/lib/promise/activity.h:30,
                       from ./src/core/lib/resource_quota/memory_quota.h:39,
                       from ./src/core/lib/resource_quota/arena.h:39,
                       from ./src/core/util/chunked_vector.h:24,
                       from ./src/core/call/metadata_batch.h:41,
                       from ./src/core/client_channel/subchannel.h:29,
                       from ./src/core/client_channel/subchannel_interface_internal.h:22,
                       from src/core/load_balancing/outlier_detection/outlier_detection.cc:37:
      ./src/core/lib/promise/detail/promise_factory.h:210:5: warning: ‘always_inline’ function might not be inlinable unless also declared ‘inline’ [-Wattributes]
        210 |     PromiseFactoryImpl(Token, F&& f) {
            |     ^~~~~~~~~~~~~~~~~~
      ./src/core/lib/promise/detail/promise_factory.h:210:5: warning: ‘always_inline’ function might not be inlinable unless also declared ‘inline’ [-Wattributes]
      ./src/core/lib/promise/detail/promise_factory.h:210:5: warning: ‘always_inline’ function might not be inlinable unless also declared ‘inline’ [-Wattributes]
      ./src/core/lib/promise/detail/promise_factory.h:210:5: warning: ‘always_inline’ function might not be inlinable unless also declared ‘inline’ [-Wattributes]
      ./src/core/lib/promise/detail/promise_factory.h:210:5: warning: ‘always_inline’ function might not be inlinable unless also declared ‘inline’ [-Wattributes]
      ./src/core/lib/promise/detail/promise_factory.h:210:5: warning: ‘always_inline’ function might not be inlinable unless also declared ‘inline’ [-Wattributes]
      ./src/core/lib/promise/detail/promise_factory.h:210:5: warning: ‘always_inline’ function might not be inlinable unless also declared ‘inline’ [-Wattributes]
      g++ -fno-strict-overflow -Wsign-compare -DNDEBUG -g -O3 -Wall -fPIC -D_WIN32_WINNT=1536 -DGRPC_XDS_USER_AGENT_NAME_SUFFIX=\"Python\" -DGRPC_XDS_USER_AGENT_VERSION_SUFFIX=\"1.79.0.dev0\" -DHAVE_CONFIG_H=1 -DGRPC_ENABLE_FORK_SUPPORT=1 -DGRPC_ENABLE_FORK_SUPPORT_DEFAULT=false -DGRPC_PYTHON_BUILD=1 -D__STDC_FORMAT_MACROS "-DPyMODINIT_FUNC=extern \"C\" __attribute__((visibility (\"default\"))) PyObject*" -DGRPC_POSIX_FORK_ALLOW_PTHREAD_ATFORK=1 -Isrc/python/grpcio -Iinclude -I. -Ithird_party/abseil-cpp -Ithird_party/address_sorting/include -Ithird_party/cares/cares/include -Ithird_party/cares -Ithird_party/cares/cares -Ithird_party/cares/cares/src/lib/include -Ithird_party/cares/cares/src/lib -Ithird_party/cares/config_linux -Ithird_party/re2 -Ithird_party/boringssl-with-bazel/src/include -Ithird_party/upb -Isrc/core/ext/upb-gen -Isrc/core/ext/upbdefs-gen -Ithird_party/utf8_range -Ithird_party/xxhash -Ithird_party/zlib -I/usr/local/google/home/ssreenithi/.pyenv/versions/3.12.0/envs/pyvenv_312/include -I/usr/local/google/home/ssreenithi/.pyenv/versions/3.12.0/include/python3.12 -c src/core/lib/iomgr/pollset_set.cc -o pyb/temp.linux-x86_64-cpython-312/src/core/lib/iomgr/pollset_set.o -std=c++17 -fvisibility=hidden -fno-wrapv -fno-exceptions -pthread
      g++ -fno-strict-overflow -Wsign-compare -DNDEBUG -g -O3 -Wall -fPIC -D_WIN32_WINNT=1536 -DGRPC_XDS_USER_AGENT_NAME_SUFFIX=\"Python\" -DGRPC_XDS_USER_AGENT_VERSION_SUFFIX=\"1.79.0.dev0\" -DHAVE_CONFIG_H=1 -DGRPC_ENABLE_FORK_SUPPORT=1 -DGRPC_ENABLE_FORK_SUPPORT_DEFAULT=false -DGRPC_PYTHON_BUILD=1 -D__STDC_FORMAT_MACROS "-DPyMODINIT_FUNC=extern \"C\" __attribute__((visibility (\"default\"))) PyObject*" -DGRPC_POSIX_FORK_ALLOW_PTHREAD_ATFORK=1 -Isrc/python/grpcio -Iinclude -I. -Ithird_party/abseil-cpp -Ithird_party/address_sorting/include -Ithird_party/cares/cares/include -Ithird_party/cares -Ithird_party/cares/cares -Ithird_party/cares/cares/src/lib/include -Ithird_party/cares/cares/src/lib -Ithird_party/cares/config_linux -Ithird_party/re2 -Ithird_party/boringssl-with-bazel/src/include -Ithird_party/upb -Isrc/core/ext/upb-gen -Isrc/core/ext/upbdefs-gen -Ithird_party/utf8_range -Ithird_party/xxhash -Ithird_party/zlib -I/usr/local/google/home/ssreenithi/.pyenv/versions/3.12.0/envs/pyvenv_312/include -I/usr/local/google/home/ssreenithi/.pyenv/versions/3.12.0/include/python3.12 -c src/core/lib/iomgr/pollset_set_windows.cc -o pyb/temp.linux-x86_64-cpython-312/src/core/lib/iomgr/pollset_set_windows.o -std=c++17 -fvisibility=hidden -fno-wrapv -fno-exceptions -pthread
      g++ -fno-strict-overflow -Wsign-compare -DNDEBUG -g -O3 -Wall -fPIC -D_WIN32_WINNT=1536 -DGRPC_XDS_USER_AGENT_NAME_SUFFIX=\"Python\" -DGRPC_XDS_USER_AGENT_VERSION_SUFFIX=\"1.79.0.dev0\" -DHAVE_CONFIG_H=1 -DGRPC_ENABLE_FORK_SUPPORT=1 -DGRPC_ENABLE_FORK_SUPPORT_DEFAULT=false -DGRPC_PYTHON_BUILD=1 -D__STDC_FORMAT_MACROS "-DPyMODINIT_FUNC=extern \"C\" __attribute__((visibility (\"default\"))) PyObject*" -DGRPC_POSIX_FORK_ALLOW_PTHREAD_ATFORK=1 -Isrc/python/grpcio -Iinclude -I. -Ithird_party/abseil-cpp -Ithird_party/address_sorting/include -Ithird_party/cares/cares/include -Ithird_party/cares -Ithird_party/cares/cares -Ithird_party/cares/cares/src/lib/include -Ithird_party/cares/cares/src/lib -Ithird_party/cares/config_linux -Ithird_party/re2 -Ithird_party/boringssl-with-bazel/src/include -Ithird_party/upb -Isrc/core/ext/upb-gen -Isrc/core/ext/upbdefs-gen -Ithird_party/utf8_range -Ithird_party/xxhash -Ithird_party/zlib -I/usr/local/google/home/ssreenithi/.pyenv/versions/3.12.0/envs/pyvenv_312/include -I/usr/local/google/home/ssreenithi/.pyenv/versions/3.12.0/include/python3.12 -c src/core/credentials/call/gcp_service_account_identity/gcp_service_account_identity_credentials.cc -o pyb/temp.linux-x86_64-cpython-312/src/core/credentials/call/gcp_service_account_identity/gcp_service_account_identity_credentials.o -std=c++17 -fvisibility=hidden -fno-wrapv -fno-exceptions -pthread
      g++ -fno-strict-overflow -Wsign-compare -DNDEBUG -g -O3 -Wall -fPIC -D_WIN32_WINNT=1536 -DGRPC_XDS_USER_AGENT_NAME_SUFFIX=\"Python\" -DGRPC_XDS_USER_AGENT_VERSION_SUFFIX=\"1.79.0.dev0\" -DHAVE_CONFIG_H=1 -DGRPC_ENABLE_FORK_SUPPORT=1 -DGRPC_ENABLE_FORK_SUPPORT_DEFAULT=false -DGRPC_PYTHON_BUILD=1 -D__STDC_FORMAT_MACROS "-DPyMODINIT_FUNC=extern \"C\" __attribute__((visibility (\"default\"))) PyObject*" -DGRPC_POSIX_FORK_ALLOW_PTHREAD_ATFORK=1 -Isrc/python/grpcio -Iinclude -I. -Ithird_party/abseil-cpp -Ithird_party/address_sorting/include -Ithird_party/cares/cares/include -Ithird_party/cares -Ithird_party/cares/cares -Ithird_party/cares/cares/src/lib/include -Ithird_party/cares/cares/src/lib -Ithird_party/cares/config_linux -Ithird_party/re2 -Ithird_party/boringssl-with-bazel/src/include -Ithird_party/upb -Isrc/core/ext/upb-gen -Isrc/core/ext/upbdefs-gen -Ithird_party/utf8_range -Ithird_party/xxhash -Ithird_party/zlib -I/usr/local/google/home/ssreenithi/.pyenv/versions/3.12.0/envs/pyvenv_312/include -I/usr/local/google/home/ssreenithi/.pyenv/versions/3.12.0/include/python3.12 -c src/core/lib/slice/slice_string_helpers.cc -o pyb/temp.linux-x86_64-cpython-312/src/core/lib/slice/slice_string_helpers.o -std=c++17 -fvisibility=hidden -fno-wrapv -fno-exceptions -pthread
      g++ -fno-strict-overflow -Wsign-compare -DNDEBUG -g -O3 -Wall -fPIC -D_WIN32_WINNT=1536 -DGRPC_XDS_USER_AGENT_NAME_SUFFIX=\"Python\" -DGRPC_XDS_USER_AGENT_VERSION_SUFFIX=\"1.79.0.dev0\" -DHAVE_CONFIG_H=1 -DGRPC_ENABLE_FORK_SUPPORT=1 -DGRPC_ENABLE_FORK_SUPPORT_DEFAULT=false -DGRPC_PYTHON_BUILD=1 -D__STDC_FORMAT_MACROS "-DPyMODINIT_FUNC=extern \"C\" __attribute__((visibility (\"default\"))) PyObject*" -DGRPC_POSIX_FORK_ALLOW_PTHREAD_ATFORK=1 -Isrc/python/grpcio -Iinclude -I. -Ithird_party/abseil-cpp -Ithird_party/address_sorting/include -Ithird_party/cares/cares/include -Ithird_party/cares -Ithird_party/cares/cares -Ithird_party/cares/cares/src/lib/include -Ithird_party/cares/cares/src/lib -Ithird_party/cares/config_linux -Ithird_party/re2 -Ithird_party/boringssl-with-bazel/src/include -Ithird_party/upb -Isrc/core/ext/upb-gen -Isrc/core/ext/upbdefs-gen -Ithird_party/utf8_range -Ithird_party/xxhash -Ithird_party/zlib -I/usr/local/google/home/ssreenithi/.pyenv/versions/3.12.0/envs/pyvenv_312/include -I/usr/local/google/home/ssreenithi/.pyenv/versions/3.12.0/include/python3.12 -c src/core/lib/event_engine/posix_engine/wakeup_fd_eventfd.cc -o pyb/temp.linux-x86_64-cpython-312/src/core/lib/event_engine/posix_engine/wakeup_fd_eventfd.o -std=c++17 -fvisibility=hidden -fno-wrapv -fno-exceptions -pthread
      g++ -fno-strict-overflow -Wsign-compare -DNDEBUG -g -O3 -Wall -fPIC -D_WIN32_WINNT=1536 -DGRPC_XDS_USER_AGENT_NAME_SUFFIX=\"Python\" -DGRPC_XDS_USER_AGENT_VERSION_SUFFIX=\"1.79.0.dev0\" -DHAVE_CONFIG_H=1 -DGRPC_ENABLE_FORK_SUPPORT=1 -DGRPC_ENABLE_FORK_SUPPORT_DEFAULT=false -DGRPC_PYTHON_BUILD=1 -D__STDC_FORMAT_MACROS "-DPyMODINIT_FUNC=extern \"C\" __attribute__((visibility (\"default\"))) PyObject*" -DGRPC_POSIX_FORK_ALLOW_PTHREAD_ATFORK=1 -Isrc/python/grpcio -Iinclude -I. -Ithird_party/abseil-cpp -Ithird_party/address_sorting/include -Ithird_party/cares/cares/include -Ithird_party/cares -Ithird_party/cares/cares -Ithird_party/cares/cares/src/lib/include -Ithird_party/cares/cares/src/lib -Ithird_party/cares/config_linux -Ithird_party/re2 -Ithird_party/boringssl-with-bazel/src/include -Ithird_party/upb -Isrc/core/ext/upb-gen -Isrc/core/ext/upbdefs-gen -Ithird_party/utf8_range -Ithird_party/xxhash -Ithird_party/zlib -I/usr/local/google/home/ssreenithi/.pyenv/versions/3.12.0/envs/pyvenv_312/include -I/usr/local/google/home/ssreenithi/.pyenv/versions/3.12.0/include/python3.12 -c src/core/lib/iomgr/pollset_windows.cc -o pyb/temp.linux-x86_64-cpython-312/src/core/lib/iomgr/pollset_windows.o -std=c++17 -fvisibility=hidden -fno-wrapv -fno-exceptions -pthread
      g++ -fno-strict-overflow -Wsign-compare -DNDEBUG -g -O3 -Wall -fPIC -D_WIN32_WINNT=1536 -DGRPC_XDS_USER_AGENT_NAME_SUFFIX=\"Python\" -DGRPC_XDS_USER_AGENT_VERSION_SUFFIX=\"1.79.0.dev0\" -DHAVE_CONFIG_H=1 -DGRPC_ENABLE_FORK_SUPPORT=1 -DGRPC_ENABLE_FORK_SUPPORT_DEFAULT=false -DGRPC_PYTHON_BUILD=1 -D__STDC_FORMAT_MACROS "-DPyMODINIT_FUNC=extern \"C\" __attribute__((visibility (\"default\"))) PyObject*" -DGRPC_POSIX_FORK_ALLOW_PTHREAD_ATFORK=1 -Isrc/python/grpcio -Iinclude -I. -Ithird_party/abseil-cpp -Ithird_party/address_sorting/include -Ithird_party/cares/cares/include -Ithird_party/cares -Ithird_party/cares/cares -Ithird_party/cares/cares/src/lib/include -Ithird_party/cares/cares/src/lib -Ithird_party/cares/config_linux -Ithird_party/re2 -Ithird_party/boringssl-with-bazel/src/include -Ithird_party/upb -Isrc/core/ext/upb-gen -Isrc/core/ext/upbdefs-gen -Ithird_party/utf8_range -Ithird_party/xxhash -Ithird_party/zlib -I/usr/local/google/home/ssreenithi/.pyenv/versions/3.12.0/envs/pyvenv_312/include -I/usr/local/google/home/ssreenithi/.pyenv/versions/3.12.0/include/python3.12 -c src/core/lib/promise/party.cc -o pyb/temp.linux-x86_64-cpython-312/src/core/lib/promise/party.o -std=c++17 -fvisibility=hidden -fno-wrapv -fno-exceptions -pthread
      g++ -fno-strict-overflow -Wsign-compare -DNDEBUG -g -O3 -Wall -fPIC -D_WIN32_WINNT=1536 -DGRPC_XDS_USER_AGENT_NAME_SUFFIX=\"Python\" -DGRPC_XDS_USER_AGENT_VERSION_SUFFIX=\"1.79.0.dev0\" -DHAVE_CONFIG_H=1 -DGRPC_ENABLE_FORK_SUPPORT=1 -DGRPC_ENABLE_FORK_SUPPORT_DEFAULT=false -DGRPC_PYTHON_BUILD=1 -D__STDC_FORMAT_MACROS "-DPyMODINIT_FUNC=extern \"C\" __attribute__((visibility (\"default\"))) PyObject*" -DGRPC_POSIX_FORK_ALLOW_PTHREAD_ATFORK=1 -Isrc/python/grpcio -Iinclude -I. -Ithird_party/abseil-cpp -Ithird_party/address_sorting/include -Ithird_party/cares/cares/include -Ithird_party/cares -Ithird_party/cares/cares -Ithird_party/cares/cares/src/lib/include -Ithird_party/cares/cares/src/lib -Ithird_party/cares/config_linux -Ithird_party/re2 -Ithird_party/boringssl-with-bazel/src/include -Ithird_party/upb -Isrc/core/ext/upb-gen -Isrc/core/ext/upbdefs-gen -Ithird_party/utf8_range -Ithird_party/xxhash -Ithird_party/zlib -I/usr/local/google/home/ssreenithi/.pyenv/versions/3.12.0/envs/pyvenv_312/include -I/usr/local/google/home/ssreenithi/.pyenv/versions/3.12.0/include/python3.12 -c src/core/tsi/alts/frame_protector/alts_seal_privacy_integrity_crypter.cc -o pyb/temp.linux-x86_64-cpython-312/src/core/tsi/alts/frame_protector/alts_seal_privacy_integrity_crypter.o -std=c++17 -fvisibility=hidden -fno-wrapv -fno-exceptions -pthread
      g++ -fno-strict-overflow -Wsign-compare -DNDEBUG -g -O3 -Wall -fPIC -D_WIN32_WINNT=1536 -DGRPC_XDS_USER_AGENT_NAME_SUFFIX=\"Python\" -DGRPC_XDS_USER_AGENT_VERSION_SUFFIX=\"1.79.0.dev0\" -DHAVE_CONFIG_H=1 -DGRPC_ENABLE_FORK_SUPPORT=1 -DGRPC_ENABLE_FORK_SUPPORT_DEFAULT=false -DGRPC_PYTHON_BUILD=1 -D__STDC_FORMAT_MACROS "-DPyMODINIT_FUNC=extern \"C\" __attribute__((visibility (\"default\"))) PyObject*" -DGRPC_POSIX_FORK_ALLOW_PTHREAD_ATFORK=1 -Isrc/python/grpcio -Iinclude -I. -Ithird_party/abseil-cpp -Ithird_party/address_sorting/include -Ithird_party/cares/cares/include -Ithird_party/cares -Ithird_party/cares/cares -Ithird_party/cares/cares/src/lib/include -Ithird_party/cares/cares/src/lib -Ithird_party/cares/config_linux -Ithird_party/re2 -Ithird_party/boringssl-with-bazel/src/include -Ithird_party/upb -Isrc/core/ext/upb-gen -Isrc/core/ext/upbdefs-gen -Ithird_party/utf8_range -Ithird_party/xxhash -Ithird_party/zlib -I/usr/local/google/home/ssreenithi/.pyenv/versions/3.12.0/envs/pyvenv_312/include -I/usr/local/google/home/ssreenithi/.pyenv/versions/3.12.0/include/python3.12 -c src/core/lib/iomgr/socket_utils_windows.cc -o pyb/temp.linux-x86_64-cpython-312/src/core/lib/iomgr/socket_utils_windows.o -std=c++17 -fvisibility=hidden -fno-wrapv -fno-exceptions -pthread
      g++ -fno-strict-overflow -Wsign-compare -DNDEBUG -g -O3 -Wall -fPIC -D_WIN32_WINNT=1536 -DGRPC_XDS_USER_AGENT_NAME_SUFFIX=\"Python\" -DGRPC_XDS_USER_AGENT_VERSION_SUFFIX=\"1.79.0.dev0\" -DHAVE_CONFIG_H=1 -DGRPC_ENABLE_FORK_SUPPORT=1 -DGRPC_ENABLE_FORK_SUPPORT_DEFAULT=false -DGRPC_PYTHON_BUILD=1 -D__STDC_FORMAT_MACROS "-DPyMODINIT_FUNC=extern \"C\" __attribute__((visibility (\"default\"))) PyObject*" -DGRPC_POSIX_FORK_ALLOW_PTHREAD_ATFORK=1 -Isrc/python/grpcio -Iinclude -I. -Ithird_party/abseil-cpp -Ithird_party/address_sorting/include -Ithird_party/cares/cares/include -Ithird_party/cares -Ithird_party/cares/cares -Ithird_party/cares/cares/src/lib/include -Ithird_party/cares/cares/src/lib -Ithird_party/cares/config_linux -Ithird_party/re2 -Ithird_party/boringssl-with-bazel/src/include -Ithird_party/upb -Isrc/core/ext/upb-gen -Isrc/core/ext/upbdefs-gen -Ithird_party/utf8_range -Ithird_party/xxhash -Ithird_party/zlib -I/usr/local/google/home/ssreenithi/.pyenv/versions/3.12.0/envs/pyvenv_312/include -I/usr/local/google/home/ssreenithi/.pyenv/versions/3.12.0/include/python3.12 -c src/core/lib/iomgr/socket_windows.cc -o pyb/temp.linux-x86_64-cpython-312/src/core/lib/iomgr/socket_windows.o -std=c++17 -fvisibility=hidden -fno-wrapv -fno-exceptions -pthread
      g++ -fno-strict-overflow -Wsign-compare -DNDEBUG -g -O3 -Wall -fPIC -D_WIN32_WINNT=1536 -DGRPC_XDS_USER_AGENT_NAME_SUFFIX=\"Python\" -DGRPC_XDS_USER_AGENT_VERSION_SUFFIX=\"1.79.0.dev0\" -DHAVE_CONFIG_H=1 -DGRPC_ENABLE_FORK_SUPPORT=1 -DGRPC_ENABLE_FORK_SUPPORT_DEFAULT=false -DGRPC_PYTHON_BUILD=1 -D__STDC_FORMAT_MACROS "-DPyMODINIT_FUNC=extern \"C\" __attribute__((visibility (\"default\"))) PyObject*" -DGRPC_POSIX_FORK_ALLOW_PTHREAD_ATFORK=1 -Isrc/python/grpcio -Iinclude -I. -Ithird_party/abseil-cpp -Ithird_party/address_sorting/include -Ithird_party/cares/cares/include -Ithird_party/cares -Ithird_party/cares/cares -Ithird_party/cares/cares/src/lib/include -Ithird_party/cares/cares/src/lib -Ithird_party/cares/config_linux -Ithird_party/re2 -Ithird_party/boringssl-with-bazel/src/include -Ithird_party/upb -Isrc/core/ext/upb-gen -Isrc/core/ext/upbdefs-gen -Ithird_party/utf8_range -Ithird_party/xxhash -Ithird_party/zlib -I/usr/local/google/home/ssreenithi/.pyenv/versions/3.12.0/envs/pyvenv_312/include -I/usr/local/google/home/ssreenithi/.pyenv/versions/3.12.0/include/python3.12 -c src/core/lib/iomgr/systemd_utils.cc -o pyb/temp.linux-x86_64-cpython-312/src/core/lib/iomgr/systemd_utils.o -std=c++17 -fvisibility=hidden -fno-wrapv -fno-exceptions -pthread
      g++ -fno-strict-overflow -Wsign-compare -DNDEBUG -g -O3 -Wall -fPIC -D_WIN32_WINNT=1536 -DGRPC_XDS_USER_AGENT_NAME_SUFFIX=\"Python\" -DGRPC_XDS_USER_AGENT_VERSION_SUFFIX=\"1.79.0.dev0\" -DHAVE_CONFIG_H=1 -DGRPC_ENABLE_FORK_SUPPORT=1 -DGRPC_ENABLE_FORK_SUPPORT_DEFAULT=false -DGRPC_PYTHON_BUILD=1 -D__STDC_FORMAT_MACROS "-DPyMODINIT_FUNC=extern \"C\" __attribute__((visibility (\"default\"))) PyObject*" -DGRPC_POSIX_FORK_ALLOW_PTHREAD_ATFORK=1 -Isrc/python/grpcio -Iinclude -I. -Ithird_party/abseil-cpp -Ithird_party/address_sorting/include -Ithird_party/cares/cares/include -Ithird_party/cares -Ithird_party/cares/cares -Ithird_party/cares/cares/src/lib/include -Ithird_party/cares/cares/src/lib -Ithird_party/cares/config_linux -Ithird_party/re2 -Ithird_party/boringssl-with-bazel/src/include -Ithird_party/upb -Isrc/core/ext/upb-gen -Isrc/core/ext/upbdefs-gen -Ithird_party/utf8_range -Ithird_party/xxhash -Ithird_party/zlib -I/usr/local/google/home/ssreenithi/.pyenv/versions/3.12.0/envs/pyvenv_312/include -I/usr/local/google/home/ssreenithi/.pyenv/versions/3.12.0/include/python3.12 -c src/core/lib/surface/event_string.cc -o pyb/temp.linux-x86_64-cpython-312/src/core/lib/surface/event_string.o -std=c++17 -fvisibility=hidden -fno-wrapv -fno-exceptions -pthread
      g++ -fno-strict-overflow -Wsign-compare -DNDEBUG -g -O3 -Wall -fPIC -D_WIN32_WINNT=1536 -DGRPC_XDS_USER_AGENT_NAME_SUFFIX=\"Python\" -DGRPC_XDS_USER_AGENT_VERSION_SUFFIX=\"1.79.0.dev0\" -DHAVE_CONFIG_H=1 -DGRPC_ENABLE_FORK_SUPPORT=1 -DGRPC_ENABLE_FORK_SUPPORT_DEFAULT=false -DGRPC_PYTHON_BUILD=1 -D__STDC_FORMAT_MACROS "-DPyMODINIT_FUNC=extern \"C\" __attribute__((visibility (\"default\"))) PyObject*" -DGRPC_POSIX_FORK_ALLOW_PTHREAD_ATFORK=1 -Isrc/python/grpcio -Iinclude -I. -Ithird_party/abseil-cpp -Ithird_party/address_sorting/include -Ithird_party/cares/cares/include -Ithird_party/cares -Ithird_party/cares/cares -Ithird_party/cares/cares/src/lib/include -Ithird_party/cares/cares/src/lib -Ithird_party/cares/config_linux -Ithird_party/re2 -Ithird_party/boringssl-with-bazel/src/include -Ithird_party/upb -Isrc/core/ext/upb-gen -Isrc/core/ext/upbdefs-gen -Ithird_party/utf8_range -Ithird_party/xxhash -Ithird_party/zlib -I/usr/local/google/home/ssreenithi/.pyenv/versions/3.12.0/envs/pyvenv_312/include -I/usr/local/google/home/ssreenithi/.pyenv/versions/3.12.0/include/python3.12 -c src/core/lib/surface/byte_buffer.cc -o pyb/temp.linux-x86_64-cpython-312/src/core/lib/surface/byte_buffer.o -std=c++17 -fvisibility=hidden -fno-wrapv -fno-exceptions -pthread
      g++ -fno-strict-overflow -Wsign-compare -DNDEBUG -g -O3 -Wall -fPIC -D_WIN32_WINNT=1536 -DGRPC_XDS_USER_AGENT_NAME_SUFFIX=\"Python\" -DGRPC_XDS_USER_AGENT_VERSION_SUFFIX=\"1.79.0.dev0\" -DHAVE_CONFIG_H=1 -DGRPC_ENABLE_FORK_SUPPORT=1 -DGRPC_ENABLE_FORK_SUPPORT_DEFAULT=false -DGRPC_PYTHON_BUILD=1 -D__STDC_FORMAT_MACROS "-DPyMODINIT_FUNC=extern \"C\" __attribute__((visibility (\"default\"))) PyObject*" -DGRPC_POSIX_FORK_ALLOW_PTHREAD_ATFORK=1 -Isrc/python/grpcio -Iinclude -I. -Ithird_party/abseil-cpp -Ithird_party/address_sorting/include -Ithird_party/cares/cares/include -Ithird_party/cares -Ithird_party/cares/cares -Ithird_party/cares/cares/src/lib/include -Ithird_party/cares/cares/src/lib -Ithird_party/cares/config_linux -Ithird_party/re2 -Ithird_party/boringssl-with-bazel/src/include -Ithird_party/upb -Isrc/core/ext/upb-gen -Isrc/core/ext/upbdefs-gen -Ithird_party/utf8_range -Ithird_party/xxhash -Ithird_party/zlib -I/usr/local/google/home/ssreenithi/.pyenv/versions/3.12.0/envs/pyvenv_312/include -I/usr/local/google/home/ssreenithi/.pyenv/versions/3.12.0/include/python3.12 -c src/core/client_channel/subchannel_stream_limiter.cc -o pyb/temp.linux-x86_64-cpython-312/src/core/client_channel/subchannel_stream_limiter.o -std=c++17 -fvisibility=hidden -fno-wrapv -fno-exceptions -pthread
      g++ -fno-strict-overflow -Wsign-compare -DNDEBUG -g -O3 -Wall -fPIC -D_WIN32_WINNT=1536 -DGRPC_XDS_USER_AGENT_NAME_SUFFIX=\"Python\" -DGRPC_XDS_USER_AGENT_VERSION_SUFFIX=\"1.79.0.dev0\" -DHAVE_CONFIG_H=1 -DGRPC_ENABLE_FORK_SUPPORT=1 -DGRPC_ENABLE_FORK_SUPPORT_DEFAULT=false -DGRPC_PYTHON_BUILD=1 -D__STDC_FORMAT_MACROS "-DPyMODINIT_FUNC=extern \"C\" __attribute__((visibility (\"default\"))) PyObject*" -DGRPC_POSIX_FORK_ALLOW_PTHREAD_ATFORK=1 -Isrc/python/grpcio -Iinclude -I. -Ithird_party/abseil-cpp -Ithird_party/address_sorting/include -Ithird_party/cares/cares/include -Ithird_party/cares -Ithird_party/cares/cares -Ithird_party/cares/cares/src/lib/include -Ithird_party/cares/cares/src/lib -Ithird_party/cares/config_linux -Ithird_party/re2 -Ithird_party/boringssl-with-bazel/src/include -Ithird_party/upb -Isrc/core/ext/upb-gen -Isrc/core/ext/upbdefs-gen -Ithird_party/utf8_range -Ithird_party/xxhash -Ithird_party/zlib -I/usr/local/google/home/ssreenithi/.pyenv/versions/3.12.0/envs/pyvenv_312/include -I/usr/local/google/home/ssreenithi/.pyenv/versions/3.12.0/include/python3.12 -c src/core/lib/event_engine/thread_pool/thread_pool_factory.cc -o pyb/temp.linux-x86_64-cpython-312/src/core/lib/event_engine/thread_pool/thread_pool_factory.o -std=c++17 -fvisibility=hidden -fno-wrapv -fno-exceptions -pthread
      g++ -fno-strict-overflow -Wsign-compare -DNDEBUG -g -O3 -Wall -fPIC -D_WIN32_WINNT=1536 -DGRPC_XDS_USER_AGENT_NAME_SUFFIX=\"Python\" -DGRPC_XDS_USER_AGENT_VERSION_SUFFIX=\"1.79.0.dev0\" -DHAVE_CONFIG_H=1 -DGRPC_ENABLE_FORK_SUPPORT=1 -DGRPC_ENABLE_FORK_SUPPORT_DEFAULT=false -DGRPC_PYTHON_BUILD=1 -D__STDC_FORMAT_MACROS "-DPyMODINIT_FUNC=extern \"C\" __attribute__((visibility (\"default\"))) PyObject*" -DGRPC_POSIX_FORK_ALLOW_PTHREAD_ATFORK=1 -Isrc/python/grpcio -Iinclude -I. -Ithird_party/abseil-cpp -Ithird_party/address_sorting/include -Ithird_party/cares/cares/include -Ithird_party/cares -Ithird_party/cares/cares -Ithird_party/cares/cares/src/lib/include -Ithird_party/cares/cares/src/lib -Ithird_party/cares/config_linux -Ithird_party/re2 -Ithird_party/boringssl-with-bazel/src/include -Ithird_party/upb -Isrc/core/ext/upb-gen -Isrc/core/ext/upbdefs-gen -Ithird_party/utf8_range -Ithird_party/xxhash -Ithird_party/zlib -I/usr/local/google/home/ssreenithi/.pyenv/versions/3.12.0/envs/pyvenv_312/include -I/usr/local/google/home/ssreenithi/.pyenv/versions/3.12.0/include/python3.12 -c src/core/config/config_vars.cc -o pyb/temp.linux-x86_64-cpython-312/src/core/config/config_vars.o -std=c++17 -fvisibility=hidden -fno-wrapv -fno-exceptions -pthread
      g++ -fno-strict-overflow -Wsign-compare -DNDEBUG -g -O3 -Wall -fPIC -D_WIN32_WINNT=1536 -DGRPC_XDS_USER_AGENT_NAME_SUFFIX=\"Python\" -DGRPC_XDS_USER_AGENT_VERSION_SUFFIX=\"1.79.0.dev0\" -DHAVE_CONFIG_H=1 -DGRPC_ENABLE_FORK_SUPPORT=1 -DGRPC_ENABLE_FORK_SUPPORT_DEFAULT=false -DGRPC_PYTHON_BUILD=1 -D__STDC_FORMAT_MACROS "-DPyMODINIT_FUNC=extern \"C\" __attribute__((visibility (\"default\"))) PyObject*" -DGRPC_POSIX_FORK_ALLOW_PTHREAD_ATFORK=1 -Isrc/python/grpcio -Iinclude -I. -Ithird_party/abseil-cpp -Ithird_party/address_sorting/include -Ithird_party/cares/cares/include -Ithird_party/cares -Ithird_party/cares/cares -Ithird_party/cares/cares/src/lib/include -Ithird_party/cares/cares/src/lib -Ithird_party/cares/config_linux -Ithird_party/re2 -Ithird_party/boringssl-with-bazel/src/include -Ithird_party/upb -Isrc/core/ext/upb-gen -Isrc/core/ext/upbdefs-gen -Ithird_party/utf8_range -Ithird_party/xxhash -Ithird_party/zlib -I/usr/local/google/home/ssreenithi/.pyenv/versions/3.12.0/envs/pyvenv_312/include -I/usr/local/google/home/ssreenithi/.pyenv/versions/3.12.0/include/python3.12 -c src/core/credentials/transport/tls/grpc_tls_certificate_provider.cc -o pyb/temp.linux-x86_64-cpython-312/src/core/credentials/transport/tls/grpc_tls_certificate_provider.o -std=c++17 -fvisibility=hidden -fno-wrapv -fno-exceptions -pthread
      g++ -fno-strict-overflow -Wsign-compare -DNDEBUG -g -O3 -Wall -fPIC -D_WIN32_WINNT=1536 -DGRPC_XDS_USER_AGENT_NAME_SUFFIX=\"Python\" -DGRPC_XDS_USER_AGENT_VERSION_SUFFIX=\"1.79.0.dev0\" -DHAVE_CONFIG_H=1 -DGRPC_ENABLE_FORK_SUPPORT=1 -DGRPC_ENABLE_FORK_SUPPORT_DEFAULT=false -DGRPC_PYTHON_BUILD=1 -D__STDC_FORMAT_MACROS "-DPyMODINIT_FUNC=extern \"C\" __attribute__((visibility (\"default\"))) PyObject*" -DGRPC_POSIX_FORK_ALLOW_PTHREAD_ATFORK=1 -Isrc/python/grpcio -Iinclude -I. -Ithird_party/abseil-cpp -Ithird_party/address_sorting/include -Ithird_party/cares/cares/include -Ithird_party/cares -Ithird_party/cares/cares -Ithird_party/cares/cares/src/lib/include -Ithird_party/cares/cares/src/lib -Ithird_party/cares/config_linux -Ithird_party/re2 -Ithird_party/boringssl-with-bazel/src/include -Ithird_party/upb -Isrc/core/ext/upb-gen -Isrc/core/ext/upbdefs-gen -Ithird_party/utf8_range -Ithird_party/xxhash -Ithird_party/zlib -I/usr/local/google/home/ssreenithi/.pyenv/versions/3.12.0/envs/pyvenv_312/include -I/usr/local/google/home/ssreenithi/.pyenv/versions/3.12.0/include/python3.12 -c src/core/lib/surface/legacy_channel.cc -o pyb/temp.linux-x86_64-cpython-312/src/core/lib/surface/legacy_channel.o -std=c++17 -fvisibility=hidden -fno-wrapv -fno-exceptions -pthread
      g++ -fno-strict-overflow -Wsign-compare -DNDEBUG -g -O3 -Wall -fPIC -D_WIN32_WINNT=1536 -DGRPC_XDS_USER_AGENT_NAME_SUFFIX=\"Python\" -DGRPC_XDS_USER_AGENT_VERSION_SUFFIX=\"1.79.0.dev0\" -DHAVE_CONFIG_H=1 -DGRPC_ENABLE_FORK_SUPPORT=1 -DGRPC_ENABLE_FORK_SUPPORT_DEFAULT=false -DGRPC_PYTHON_BUILD=1 -D__STDC_FORMAT_MACROS "-DPyMODINIT_FUNC=extern \"C\" __attribute__((visibility (\"default\"))) PyObject*" -DGRPC_POSIX_FORK_ALLOW_PTHREAD_ATFORK=1 -Isrc/python/grpcio -Iinclude -I. -Ithird_party/abseil-cpp -Ithird_party/address_sorting/include -Ithird_party/cares/cares/include -Ithird_party/cares -Ithird_party/cares/cares -Ithird_party/cares/cares/src/lib/include -Ithird_party/cares/cares/src/lib -Ithird_party/cares/config_linux -Ithird_party/re2 -Ithird_party/boringssl-with-bazel/src/include -Ithird_party/upb -Isrc/core/ext/upb-gen -Isrc/core/ext/upbdefs-gen -Ithird_party/utf8_range -Ithird_party/xxhash -Ithird_party/zlib -I/usr/local/google/home/ssreenithi/.pyenv/versions/3.12.0/envs/pyvenv_312/include -I/usr/local/google/home/ssreenithi/.pyenv/versions/3.12.0/include/python3.12 -c src/core/tsi/alts/frame_protector/alts_unseal_privacy_integrity_crypter.cc -o pyb/temp.linux-x86_64-cpython-312/src/core/tsi/alts/frame_protector/alts_unseal_privacy_integrity_crypter.o -std=c++17 -fvisibility=hidden -fno-wrapv -fno-exceptions -pthread
      g++ -fno-strict-overflow -Wsign-compare -DNDEBUG -g -O3 -Wall -fPIC -D_WIN32_WINNT=1536 -DGRPC_XDS_USER_AGENT_NAME_SUFFIX=\"Python\" -DGRPC_XDS_USER_AGENT_VERSION_SUFFIX=\"1.79.0.dev0\" -DHAVE_CONFIG_H=1 -DGRPC_ENABLE_FORK_SUPPORT=1 -DGRPC_ENABLE_FORK_SUPPORT_DEFAULT=false -DGRPC_PYTHON_BUILD=1 -D__STDC_FORMAT_MACROS "-DPyMODINIT_FUNC=extern \"C\" __attribute__((visibility (\"default\"))) PyObject*" -DGRPC_POSIX_FORK_ALLOW_PTHREAD_ATFORK=1 -Isrc/python/grpcio -Iinclude -I. -Ithird_party/abseil-cpp -Ithird_party/address_sorting/include -Ithird_party/cares/cares/include -Ithird_party/cares -Ithird_party/cares/cares -Ithird_party/cares/cares/src/lib/include -Ithird_party/cares/cares/src/lib -Ithird_party/cares/config_linux -Ithird_party/re2 -Ithird_party/boringssl-with-bazel/src/include -Ithird_party/upb -Isrc/core/ext/upb-gen -Isrc/core/ext/upbdefs-gen -Ithird_party/utf8_range -Ithird_party/xxhash -Ithird_party/zlib -I/usr/local/google/home/ssreenithi/.pyenv/versions/3.12.0/envs/pyvenv_312/include -I/usr/local/google/home/ssreenithi/.pyenv/versions/3.12.0/include/python3.12 -c src/core/lib/iomgr/timer_manager.cc -o pyb/temp.linux-x86_64-cpython-312/src/core/lib/iomgr/timer_manager.o -std=c++17 -fvisibility=hidden -fno-wrapv -fno-exceptions -pthread
      g++ -fno-strict-overflow -Wsign-compare -DNDEBUG -g -O3 -Wall -fPIC -D_WIN32_WINNT=1536 -DGRPC_XDS_USER_AGENT_NAME_SUFFIX=\"Python\" -DGRPC_XDS_USER_AGENT_VERSION_SUFFIX=\"1.79.0.dev0\" -DHAVE_CONFIG_H=1 -DGRPC_ENABLE_FORK_SUPPORT=1 -DGRPC_ENABLE_FORK_SUPPORT_DEFAULT=false -DGRPC_PYTHON_BUILD=1 -D__STDC_FORMAT_MACROS "-DPyMODINIT_FUNC=extern \"C\" __attribute__((visibility (\"default\"))) PyObject*" -DGRPC_POSIX_FORK_ALLOW_PTHREAD_ATFORK=1 -Isrc/python/grpcio -Iinclude -I. -Ithird_party/abseil-cpp -Ithird_party/address_sorting/include -Ithird_party/cares/cares/include -Ithird_party/cares -Ithird_party/cares/cares -Ithird_party/cares/cares/src/lib/include -Ithird_party/cares/cares/src/lib -Ithird_party/cares/config_linux -Ithird_party/re2 -Ithird_party/boringssl-with-bazel/src/include -Ithird_party/upb -Isrc/core/ext/upb-gen -Isrc/core/ext/upbdefs-gen -Ithird_party/utf8_range -Ithird_party/xxhash -Ithird_party/zlib -I/usr/local/google/home/ssreenithi/.pyenv/versions/3.12.0/envs/pyvenv_312/include -I/usr/local/google/home/ssreenithi/.pyenv/versions/3.12.0/include/python3.12 -c src/core/client_channel/buffered_call.cc -o pyb/temp.linux-x86_64-cpython-312/src/core/client_channel/buffered_call.o -std=c++17 -fvisibility=hidden -fno-wrapv -fno-exceptions -pthread
      g++ -fno-strict-overflow -Wsign-compare -DNDEBUG -g -O3 -Wall -fPIC -D_WIN32_WINNT=1536 -DGRPC_XDS_USER_AGENT_NAME_SUFFIX=\"Python\" -DGRPC_XDS_USER_AGENT_VERSION_SUFFIX=\"1.79.0.dev0\" -DHAVE_CONFIG_H=1 -DGRPC_ENABLE_FORK_SUPPORT=1 -DGRPC_ENABLE_FORK_SUPPORT_DEFAULT=false -DGRPC_PYTHON_BUILD=1 -D__STDC_FORMAT_MACROS "-DPyMODINIT_FUNC=extern \"C\" __attribute__((visibility (\"default\"))) PyObject*" -DGRPC_POSIX_FORK_ALLOW_PTHREAD_ATFORK=1 -Isrc/python/grpcio -Iinclude -I. -Ithird_party/abseil-cpp -Ithird_party/address_sorting/include -Ithird_party/cares/cares/include -Ithird_party/cares -Ithird_party/cares/cares -Ithird_party/cares/cares/src/lib/include -Ithird_party/cares/cares/src/lib -Ithird_party/cares/config_linux -Ithird_party/re2 -Ithird_party/boringssl-with-bazel/src/include -Ithird_party/upb -Isrc/core/ext/upb-gen -Isrc/core/ext/upbdefs-gen -Ithird_party/utf8_range -Ithird_party/xxhash -Ithird_party/zlib -I/usr/local/google/home/ssreenithi/.pyenv/versions/3.12.0/envs/pyvenv_312/include -I/usr/local/google/home/ssreenithi/.pyenv/versions/3.12.0/include/python3.12 -c src/core/lib/iomgr/socket_mutator.cc -o pyb/temp.linux-x86_64-cpython-312/src/core/lib/iomgr/socket_mutator.o -std=c++17 -fvisibility=hidden -fno-wrapv -fno-exceptions -pthread
      g++ -fno-strict-overflow -Wsign-compare -DNDEBUG -g -O3 -Wall -fPIC -D_WIN32_WINNT=1536 -DGRPC_XDS_USER_AGENT_NAME_SUFFIX=\"Python\" -DGRPC_XDS_USER_AGENT_VERSION_SUFFIX=\"1.79.0.dev0\" -DHAVE_CONFIG_H=1 -DGRPC_ENABLE_FORK_SUPPORT=1 -DGRPC_ENABLE_FORK_SUPPORT_DEFAULT=false -DGRPC_PYTHON_BUILD=1 -D__STDC_FORMAT_MACROS "-DPyMODINIT_FUNC=extern \"C\" __attribute__((visibility (\"default\"))) PyObject*" -DGRPC_POSIX_FORK_ALLOW_PTHREAD_ATFORK=1 -Isrc/python/grpcio -Iinclude -I. -Ithird_party/abseil-cpp -Ithird_party/address_sorting/include -Ithird_party/cares/cares/include -Ithird_party/cares -Ithird_party/cares/cares -Ithird_party/cares/cares/src/lib/include -Ithird_party/cares/cares/src/lib -Ithird_party/cares/config_linux -Ithird_party/re2 -Ithird_party/boringssl-with-bazel/src/include -Ithird_party/upb -Isrc/core/ext/upb-gen -Isrc/core/ext/upbdefs-gen -Ithird_party/utf8_range -Ithird_party/xxhash -Ithird_party/zlib -I/usr/local/google/home/ssreenithi/.pyenv/versions/3.12.0/envs/pyvenv_312/include -I/usr/local/google/home/ssreenithi/.pyenv/versions/3.12.0/include/python3.12 -c src/core/ext/transport/chttp2/transport/frame_data.cc -o pyb/temp.linux-x86_64-cpython-312/src/core/ext/transport/chttp2/transport/frame_data.o -std=c++17 -fvisibility=hidden -fno-wrapv -fno-exceptions -pthread
      g++ -fno-strict-overflow -Wsign-compare -DNDEBUG -g -O3 -Wall -fPIC -D_WIN32_WINNT=1536 -DGRPC_XDS_USER_AGENT_NAME_SUFFIX=\"Python\" -DGRPC_XDS_USER_AGENT_VERSION_SUFFIX=\"1.79.0.dev0\" -DHAVE_CONFIG_H=1 -DGRPC_ENABLE_FORK_SUPPORT=1 -DGRPC_ENABLE_FORK_SUPPORT_DEFAULT=false -DGRPC_PYTHON_BUILD=1 -D__STDC_FORMAT_MACROS "-DPyMODINIT_FUNC=extern \"C\" __attribute__((visibility (\"default\"))) PyObject*" -DGRPC_POSIX_FORK_ALLOW_PTHREAD_ATFORK=1 -Isrc/python/grpcio -Iinclude -I. -Ithird_party/abseil-cpp -Ithird_party/address_sorting/include -Ithird_party/cares/cares/include -Ithird_party/cares -Ithird_party/cares/cares -Ithird_party/cares/cares/src/lib/include -Ithird_party/cares/cares/src/lib -Ithird_party/cares/config_linux -Ithird_party/re2 -Ithird_party/boringssl-with-bazel/src/include -Ithird_party/upb -Isrc/core/ext/upb-gen -Isrc/core/ext/upbdefs-gen -Ithird_party/utf8_range -Ithird_party/xxhash -Ithird_party/zlib -I/usr/local/google/home/ssreenithi/.pyenv/versions/3.12.0/envs/pyvenv_312/include -I/usr/local/google/home/ssreenithi/.pyenv/versions/3.12.0/include/python3.12 -c src/core/plugin_registry/grpc_plugin_registry_extra.cc -o pyb/temp.linux-x86_64-cpython-312/src/core/plugin_registry/grpc_plugin_registry_extra.o -std=c++17 -fvisibility=hidden -fno-wrapv -fno-exceptions -pthread
      g++ -fno-strict-overflow -Wsign-compare -DNDEBUG -g -O3 -Wall -fPIC -D_WIN32_WINNT=1536 -DGRPC_XDS_USER_AGENT_NAME_SUFFIX=\"Python\" -DGRPC_XDS_USER_AGENT_VERSION_SUFFIX=\"1.79.0.dev0\" -DHAVE_CONFIG_H=1 -DGRPC_ENABLE_FORK_SUPPORT=1 -DGRPC_ENABLE_FORK_SUPPORT_DEFAULT=false -DGRPC_PYTHON_BUILD=1 -D__STDC_FORMAT_MACROS "-DPyMODINIT_FUNC=extern \"C\" __attribute__((visibility (\"default\"))) PyObject*" -DGRPC_POSIX_FORK_ALLOW_PTHREAD_ATFORK=1 -Isrc/python/grpcio -Iinclude -I. -Ithird_party/abseil-cpp -Ithird_party/address_sorting/include -Ithird_party/cares/cares/include -Ithird_party/cares -Ithird_party/cares/cares -Ithird_party/cares/cares/src/lib/include -Ithird_party/cares/cares/src/lib -Ithird_party/cares/config_linux -Ithird_party/re2 -Ithird_party/boringssl-with-bazel/src/include -Ithird_party/upb -Isrc/core/ext/upb-gen -Isrc/core/ext/upbdefs-gen -Ithird_party/utf8_range -Ithird_party/xxhash -Ithird_party/zlib -I/usr/local/google/home/ssreenithi/.pyenv/versions/3.12.0/envs/pyvenv_312/include -I/usr/local/google/home/ssreenithi/.pyenv/versions/3.12.0/include/python3.12 -c src/core/lib/address_utils/sockaddr_utils.cc -o pyb/temp.linux-x86_64-cpython-312/src/core/lib/address_utils/sockaddr_utils.o -std=c++17 -fvisibility=hidden -fno-wrapv -fno-exceptions -pthread
      g++ -fno-strict-overflow -Wsign-compare -DNDEBUG -g -O3 -Wall -fPIC -D_WIN32_WINNT=1536 -DGRPC_XDS_USER_AGENT_NAME_SUFFIX=\"Python\" -DGRPC_XDS_USER_AGENT_VERSION_SUFFIX=\"1.79.0.dev0\" -DHAVE_CONFIG_H=1 -DGRPC_ENABLE_FORK_SUPPORT=1 -DGRPC_ENABLE_FORK_SUPPORT_DEFAULT=false -DGRPC_PYTHON_BUILD=1 -D__STDC_FORMAT_MACROS "-DPyMODINIT_FUNC=extern \"C\" __attribute__((visibility (\"default\"))) PyObject*" -DGRPC_POSIX_FORK_ALLOW_PTHREAD_ATFORK=1 -Isrc/python/grpcio -Iinclude -I. -Ithird_party/abseil-cpp -Ithird_party/address_sorting/include -Ithird_party/cares/cares/include -Ithird_party/cares -Ithird_party/cares/cares -Ithird_party/cares/cares/src/lib/include -Ithird_party/cares/cares/src/lib -Ithird_party/cares/config_linux -Ithird_party/re2 -Ithird_party/boringssl-with-bazel/src/include -Ithird_party/upb -Isrc/core/ext/upb-gen -Isrc/core/ext/upbdefs-gen -Ithird_party/utf8_range -Ithird_party/xxhash -Ithird_party/zlib -I/usr/local/google/home/ssreenithi/.pyenv/versions/3.12.0/envs/pyvenv_312/include -I/usr/local/google/home/ssreenithi/.pyenv/versions/3.12.0/include/python3.12 -c src/core/load_balancing/address_filtering.cc -o pyb/temp.linux-x86_64-cpython-312/src/core/load_balancing/address_filtering.o -std=c++17 -fvisibility=hidden -fno-wrapv -fno-exceptions -pthread
      g++ -fno-strict-overflow -Wsign-compare -DNDEBUG -g -O3 -Wall -fPIC -D_WIN32_WINNT=1536 -DGRPC_XDS_USER_AGENT_NAME_SUFFIX=\"Python\" -DGRPC_XDS_USER_AGENT_VERSION_SUFFIX=\"1.79.0.dev0\" -DHAVE_CONFIG_H=1 -DGRPC_ENABLE_FORK_SUPPORT=1 -DGRPC_ENABLE_FORK_SUPPORT_DEFAULT=false -DGRPC_PYTHON_BUILD=1 -D__STDC_FORMAT_MACROS "-DPyMODINIT_FUNC=extern \"C\" __attribute__((visibility (\"default\"))) PyObject*" -DGRPC_POSIX_FORK_ALLOW_PTHREAD_ATFORK=1 -Isrc/python/grpcio -Iinclude -I. -Ithird_party/abseil-cpp -Ithird_party/address_sorting/include -Ithird_party/cares/cares/include -Ithird_party/cares -Ithird_party/cares/cares -Ithird_party/cares/cares/src/lib/include -Ithird_party/cares/cares/src/lib -Ithird_party/cares/config_linux -Ithird_party/re2 -Ithird_party/boringssl-with-bazel/src/include -Ithird_party/upb -Isrc/core/ext/upb-gen -Isrc/core/ext/upbdefs-gen -Ithird_party/utf8_range -Ithird_party/xxhash -Ithird_party/zlib -I/usr/local/google/home/ssreenithi/.pyenv/versions/3.12.0/envs/pyvenv_312/include -I/usr/local/google/home/ssreenithi/.pyenv/versions/3.12.0/include/python3.12 -c src/core/call/call_spine.cc -o pyb/temp.linux-x86_64-cpython-312/src/core/call/call_spine.o -std=c++17 -fvisibility=hidden -fno-wrapv -fno-exceptions -pthread
      g++ -fno-strict-overflow -Wsign-compare -DNDEBUG -g -O3 -Wall -fPIC -D_WIN32_WINNT=1536 -DGRPC_XDS_USER_AGENT_NAME_SUFFIX=\"Python\" -DGRPC_XDS_USER_AGENT_VERSION_SUFFIX=\"1.79.0.dev0\" -DHAVE_CONFIG_H=1 -DGRPC_ENABLE_FORK_SUPPORT=1 -DGRPC_ENABLE_FORK_SUPPORT_DEFAULT=false -DGRPC_PYTHON_BUILD=1 -D__STDC_FORMAT_MACROS "-DPyMODINIT_FUNC=extern \"C\" __attribute__((visibility (\"default\"))) PyObject*" -DGRPC_POSIX_FORK_ALLOW_PTHREAD_ATFORK=1 -Isrc/python/grpcio -Iinclude -I. -Ithird_party/abseil-cpp -Ithird_party/address_sorting/include -Ithird_party/cares/cares/include -Ithird_party/cares -Ithird_party/cares/cares -Ithird_party/cares/cares/src/lib/include -Ithird_party/cares/cares/src/lib -Ithird_party/cares/config_linux -Ithird_party/re2 -Ithird_party/boringssl-with-bazel/src/include -Ithird_party/upb -Isrc/core/ext/upb-gen -Isrc/core/ext/upbdefs-gen -Ithird_party/utf8_range -Ithird_party/xxhash -Ithird_party/zlib -I/usr/local/google/home/ssreenithi/.pyenv/versions/3.12.0/envs/pyvenv_312/include -I/usr/local/google/home/ssreenithi/.pyenv/versions/3.12.0/include/python3.12 -c src/core/lib/event_engine/windows/grpc_polled_fd_windows.cc -o pyb/temp.linux-x86_64-cpython-312/src/core/lib/event_engine/windows/grpc_polled_fd_windows.o -std=c++17 -fvisibility=hidden -fno-wrapv -fno-exceptions -pthread
      g++ -fno-strict-overflow -Wsign-compare -DNDEBUG -g -O3 -Wall -fPIC -D_WIN32_WINNT=1536 -DGRPC_XDS_USER_AGENT_NAME_SUFFIX=\"Python\" -DGRPC_XDS_USER_AGENT_VERSION_SUFFIX=\"1.79.0.dev0\" -DHAVE_CONFIG_H=1 -DGRPC_ENABLE_FORK_SUPPORT=1 -DGRPC_ENABLE_FORK_SUPPORT_DEFAULT=false -DGRPC_PYTHON_BUILD=1 -D__STDC_FORMAT_MACROS "-DPyMODINIT_FUNC=extern \"C\" __attribute__((visibility (\"default\"))) PyObject*" -DGRPC_POSIX_FORK_ALLOW_PTHREAD_ATFORK=1 -Isrc/python/grpcio -Iinclude -I. -Ithird_party/abseil-cpp -Ithird_party/address_sorting/include -Ithird_party/cares/cares/include -Ithird_party/cares -Ithird_party/cares/cares -Ithird_party/cares/cares/src/lib/include -Ithird_party/cares/cares/src/lib -Ithird_party/cares/config_linux -Ithird_party/re2 -Ithird_party/boringssl-with-bazel/src/include -Ithird_party/upb -Isrc/core/ext/upb-gen -Isrc/core/ext/upbdefs-gen -Ithird_party/utf8_range -Ithird_party/xxhash -Ithird_party/zlib -I/usr/local/google/home/ssreenithi/.pyenv/versions/3.12.0/envs/pyvenv_312/include -I/usr/local/google/home/ssreenithi/.pyenv/versions/3.12.0/include/python3.12 -c src/core/lib/surface/call_details.cc -o pyb/temp.linux-x86_64-cpython-312/src/core/lib/surface/call_details.o -std=c++17 -fvisibility=hidden -fno-wrapv -fno-exceptions -pthread
      g++ -fno-strict-overflow -Wsign-compare -DNDEBUG -g -O3 -Wall -fPIC -D_WIN32_WINNT=1536 -DGRPC_XDS_USER_AGENT_NAME_SUFFIX=\"Python\" -DGRPC_XDS_USER_AGENT_VERSION_SUFFIX=\"1.79.0.dev0\" -DHAVE_CONFIG_H=1 -DGRPC_ENABLE_FORK_SUPPORT=1 -DGRPC_ENABLE_FORK_SUPPORT_DEFAULT=false -DGRPC_PYTHON_BUILD=1 -D__STDC_FORMAT_MACROS "-DPyMODINIT_FUNC=extern \"C\" __attribute__((visibility (\"default\"))) PyObject*" -DGRPC_POSIX_FORK_ALLOW_PTHREAD_ATFORK=1 -Isrc/python/grpcio -Iinclude -I. -Ithird_party/abseil-cpp -Ithird_party/address_sorting/include -Ithird_party/cares/cares/include -Ithird_party/cares -Ithird_party/cares/cares -Ithird_party/cares/cares/src/lib/include -Ithird_party/cares/cares/src/lib -Ithird_party/cares/config_linux -Ithird_party/re2 -Ithird_party/boringssl-with-bazel/src/include -Ithird_party/upb -Isrc/core/ext/upb-gen -Isrc/core/ext/upbdefs-gen -Ithird_party/utf8_range -Ithird_party/xxhash -Ithird_party/zlib -I/usr/local/google/home/ssreenithi/.pyenv/versions/3.12.0/envs/pyvenv_312/include -I/usr/local/google/home/ssreenithi/.pyenv/versions/3.12.0/include/python3.12 -c src/core/lib/event_engine/windows/iocp.cc -o pyb/temp.linux-x86_64-cpython-312/src/core/lib/event_engine/windows/iocp.o -std=c++17 -fvisibility=hidden -fno-wrapv -fno-exceptions -pthread
      g++ -fno-strict-overflow -Wsign-compare -DNDEBUG -g -O3 -Wall -fPIC -D_WIN32_WINNT=1536 -DGRPC_XDS_USER_AGENT_NAME_SUFFIX=\"Python\" -DGRPC_XDS_USER_AGENT_VERSION_SUFFIX=\"1.79.0.dev0\" -DHAVE_CONFIG_H=1 -DGRPC_ENABLE_FORK_SUPPORT=1 -DGRPC_ENABLE_FORK_SUPPORT_DEFAULT=false -DGRPC_PYTHON_BUILD=1 -D__STDC_FORMAT_MACROS "-DPyMODINIT_FUNC=extern \"C\" __attribute__((visibility (\"default\"))) PyObject*" -DGRPC_POSIX_FORK_ALLOW_PTHREAD_ATFORK=1 -Isrc/python/grpcio -Iinclude -I. -Ithird_party/abseil-cpp -Ithird_party/address_sorting/include -Ithird_party/cares/cares/include -Ithird_party/cares -Ithird_party/cares/cares -Ithird_party/cares/cares/src/lib/include -Ithird_party/cares/cares/src/lib -Ithird_party/cares/config_linux -Ithird_party/re2 -Ithird_party/boringssl-with-bazel/src/include -Ithird_party/upb -Isrc/core/ext/upb-gen -Isrc/core/ext/upbdefs-gen -Ithird_party/utf8_range -Ithird_party/xxhash -Ithird_party/zlib -I/usr/local/google/home/ssreenithi/.pyenv/versions/3.12.0/envs/pyvenv_312/include -I/usr/local/google/home/ssreenithi/.pyenv/versions/3.12.0/include/python3.12 -c src/core/lib/event_engine/windows/native_windows_dns_resolver.cc -o pyb/temp.linux-x86_64-cpython-312/src/core/lib/event_engine/windows/native_windows_dns_resolver.o -std=c++17 -fvisibility=hidden -fno-wrapv -fno-exceptions -pthread
      g++ -fno-strict-overflow -Wsign-compare -DNDEBUG -g -O3 -Wall -fPIC -D_WIN32_WINNT=1536 -DGRPC_XDS_USER_AGENT_NAME_SUFFIX=\"Python\" -DGRPC_XDS_USER_AGENT_VERSION_SUFFIX=\"1.79.0.dev0\" -DHAVE_CONFIG_H=1 -DGRPC_ENABLE_FORK_SUPPORT=1 -DGRPC_ENABLE_FORK_SUPPORT_DEFAULT=false -DGRPC_PYTHON_BUILD=1 -D__STDC_FORMAT_MACROS "-DPyMODINIT_FUNC=extern \"C\" __attribute__((visibility (\"default\"))) PyObject*" -DGRPC_POSIX_FORK_ALLOW_PTHREAD_ATFORK=1 -Isrc/python/grpcio -Iinclude -I. -Ithird_party/abseil-cpp -Ithird_party/address_sorting/include -Ithird_party/cares/cares/include -Ithird_party/cares -Ithird_party/cares/cares -Ithird_party/cares/cares/src/lib/include -Ithird_party/cares/cares/src/lib -Ithird_party/cares/config_linux -Ithird_party/re2 -Ithird_party/boringssl-with-bazel/src/include -Ithird_party/upb -Isrc/core/ext/upb-gen -Isrc/core/ext/upbdefs-gen -Ithird_party/utf8_range -Ithird_party/xxhash -Ithird_party/zlib -I/usr/local/google/home/ssreenithi/.pyenv/versions/3.12.0/envs/pyvenv_312/include -I/usr/local/google/home/ssreenithi/.pyenv/versions/3.12.0/include/python3.12 -c src/core/lib/iomgr/event_engine_shims/endpoint.cc -o pyb/temp.linux-x86_64-cpython-312/src/core/lib/iomgr/event_engine_shims/endpoint.o -std=c++17 -fvisibility=hidden -fno-wrapv -fno-exceptions -pthread
      g++ -fno-strict-overflow -Wsign-compare -DNDEBUG -g -O3 -Wall -fPIC -D_WIN32_WINNT=1536 -DGRPC_XDS_USER_AGENT_NAME_SUFFIX=\"Python\" -DGRPC_XDS_USER_AGENT_VERSION_SUFFIX=\"1.79.0.dev0\" -DHAVE_CONFIG_H=1 -DGRPC_ENABLE_FORK_SUPPORT=1 -DGRPC_ENABLE_FORK_SUPPORT_DEFAULT=false -DGRPC_PYTHON_BUILD=1 -D__STDC_FORMAT_MACROS "-DPyMODINIT_FUNC=extern \"C\" __attribute__((visibility (\"default\"))) PyObject*" -DGRPC_POSIX_FORK_ALLOW_PTHREAD_ATFORK=1 -Isrc/python/grpcio -Iinclude -I. -Ithird_party/abseil-cpp -Ithird_party/address_sorting/include -Ithird_party/cares/cares/include -Ithird_party/cares -Ithird_party/cares/cares -Ithird_party/cares/cares/src/lib/include -Ithird_party/cares/cares/src/lib -Ithird_party/cares/config_linux -Ithird_party/re2 -Ithird_party/boringssl-with-bazel/src/include -Ithird_party/upb -Isrc/core/ext/upb-gen -Isrc/core/ext/upbdefs-gen -Ithird_party/utf8_range -Ithird_party/xxhash -Ithird_party/zlib -I/usr/local/google/home/ssreenithi/.pyenv/versions/3.12.0/envs/pyvenv_312/include -I/usr/local/google/home/ssreenithi/.pyenv/versions/3.12.0/include/python3.12 -c src/core/tsi/alts/handshaker/transport_security_common_api.cc -o pyb/temp.linux-x86_64-cpython-312/src/core/tsi/alts/handshaker/transport_security_common_api.o -std=c++17 -fvisibility=hidden -fno-wrapv -fno-exceptions -pthread
      In file included from src/core/channelz/channelz.cc:19:
      ./src/core/channelz/channelz.h: In static member function ‘static absl::lts_20250512::string_view grpc_core::channelz::BaseNode::EntityTypeToKind(EntityType)’:
      ./src/core/channelz/channelz.h:186:3: warning: control reaches end of non-void function [-Wreturn-type]
        186 |   }
            |   ^
      g++ -fno-strict-overflow -Wsign-compare -DNDEBUG -g -O3 -Wall -fPIC -D_WIN32_WINNT=1536 -DGRPC_XDS_USER_AGENT_NAME_SUFFIX=\"Python\" -DGRPC_XDS_USER_AGENT_VERSION_SUFFIX=\"1.79.0.dev0\" -DHAVE_CONFIG_H=1 -DGRPC_ENABLE_FORK_SUPPORT=1 -DGRPC_ENABLE_FORK_SUPPORT_DEFAULT=false -DGRPC_PYTHON_BUILD=1 -D__STDC_FORMAT_MACROS "-DPyMODINIT_FUNC=extern \"C\" __attribute__((visibility (\"default\"))) PyObject*" -DGRPC_POSIX_FORK_ALLOW_PTHREAD_ATFORK=1 -Isrc/python/grpcio -Iinclude -I. -Ithird_party/abseil-cpp -Ithird_party/address_sorting/include -Ithird_party/cares/cares/include -Ithird_party/cares -Ithird_party/cares/cares -Ithird_party/cares/cares/src/lib/include -Ithird_party/cares/cares/src/lib -Ithird_party/cares/config_linux -Ithird_party/re2 -Ithird_party/boringssl-with-bazel/src/include -Ithird_party/upb -Isrc/core/ext/upb-gen -Isrc/core/ext/upbdefs-gen -Ithird_party/utf8_range -Ithird_party/xxhash -Ithird_party/zlib -I/usr/local/google/home/ssreenithi/.pyenv/versions/3.12.0/envs/pyvenv_312/include -I/usr/local/google/home/ssreenithi/.pyenv/versions/3.12.0/include/python3.12 -c src/core/tsi/alts/frame_protector/frame_handler.cc -o pyb/temp.linux-x86_64-cpython-312/src/core/tsi/alts/frame_protector/frame_handler.o -std=c++17 -fvisibility=hidden -fno-wrapv -fno-exceptions -pthread
      In file included from ./src/core/lib/promise/activity.h:30,
                       from ./src/core/lib/resource_quota/memory_quota.h:39,
                       from ./src/core/lib/event_engine/extensions/chaotic_good_extension.h:20,
                       from ./src/core/lib/transport/promise_endpoint.h:33,
                       from src/core/lib/transport/promise_endpoint.cc:15:
      ./src/core/lib/promise/detail/promise_factory.h:210:5: warning: ‘always_inline’ function might not be inlinable unless also declared ‘inline’ [-Wattributes]
        210 |     PromiseFactoryImpl(Token, F&& f) {
            |     ^~~~~~~~~~~~~~~~~~
      ./src/core/lib/promise/detail/promise_factory.h:210:5: warning: ‘always_inline’ function might not be inlinable unless also declared ‘inline’ [-Wattributes]
      ./src/core/lib/promise/detail/promise_factory.h:210:5: warning: ‘always_inline’ function might not be inlinable unless also declared ‘inline’ [-Wattributes]
      ./src/core/lib/promise/detail/promise_factory.h:210:5: warning: ‘always_inline’ function might not be inlinable unless also declared ‘inline’ [-Wattributes]
      g++ -fno-strict-overflow -Wsign-compare -DNDEBUG -g -O3 -Wall -fPIC -D_WIN32_WINNT=1536 -DGRPC_XDS_USER_AGENT_NAME_SUFFIX=\"Python\" -DGRPC_XDS_USER_AGENT_VERSION_SUFFIX=\"1.79.0.dev0\" -DHAVE_CONFIG_H=1 -DGRPC_ENABLE_FORK_SUPPORT=1 -DGRPC_ENABLE_FORK_SUPPORT_DEFAULT=false -DGRPC_PYTHON_BUILD=1 -D__STDC_FORMAT_MACROS "-DPyMODINIT_FUNC=extern \"C\" __attribute__((visibility (\"default\"))) PyObject*" -DGRPC_POSIX_FORK_ALLOW_PTHREAD_ATFORK=1 -Isrc/python/grpcio -Iinclude -I. -Ithird_party/abseil-cpp -Ithird_party/address_sorting/include -Ithird_party/cares/cares/include -Ithird_party/cares -Ithird_party/cares/cares -Ithird_party/cares/cares/src/lib/include -Ithird_party/cares/cares/src/lib -Ithird_party/cares/config_linux -Ithird_party/re2 -Ithird_party/boringssl-with-bazel/src/include -Ithird_party/upb -Isrc/core/ext/upb-gen -Isrc/core/ext/upbdefs-gen -Ithird_party/utf8_range -Ithird_party/xxhash -Ithird_party/zlib -I/usr/local/google/home/ssreenithi/.pyenv/versions/3.12.0/envs/pyvenv_312/include -I/usr/local/google/home/ssreenithi/.pyenv/versions/3.12.0/include/python3.12 -c src/core/lib/surface/filter_stack_call.cc -o pyb/temp.linux-x86_64-cpython-312/src/core/lib/surface/filter_stack_call.o -std=c++17 -fvisibility=hidden -fno-wrapv -fno-exceptions -pthread
      g++ -fno-strict-overflow -Wsign-compare -DNDEBUG -g -O3 -Wall -fPIC -D_WIN32_WINNT=1536 -DGRPC_XDS_USER_AGENT_NAME_SUFFIX=\"Python\" -DGRPC_XDS_USER_AGENT_VERSION_SUFFIX=\"1.79.0.dev0\" -DHAVE_CONFIG_H=1 -DGRPC_ENABLE_FORK_SUPPORT=1 -DGRPC_ENABLE_FORK_SUPPORT_DEFAULT=false -DGRPC_PYTHON_BUILD=1 -D__STDC_FORMAT_MACROS "-DPyMODINIT_FUNC=extern \"C\" __attribute__((visibility (\"default\"))) PyObject*" -DGRPC_POSIX_FORK_ALLOW_PTHREAD_ATFORK=1 -Isrc/python/grpcio -Iinclude -I. -Ithird_party/abseil-cpp -Ithird_party/address_sorting/include -Ithird_party/cares/cares/include -Ithird_party/cares -Ithird_party/cares/cares -Ithird_party/cares/cares/src/lib/include -Ithird_party/cares/cares/src/lib -Ithird_party/cares/config_linux -Ithird_party/re2 -Ithird_party/boringssl-with-bazel/src/include -Ithird_party/upb -Isrc/core/ext/upb-gen -Isrc/core/ext/upbdefs-gen -Ithird_party/utf8_range -Ithird_party/xxhash -Ithird_party/zlib -I/usr/local/google/home/ssreenithi/.pyenv/versions/3.12.0/envs/pyvenv_312/include -I/usr/local/google/home/ssreenithi/.pyenv/versions/3.12.0/include/python3.12 -c src/core/lib/iomgr/error_cfstream.cc -o pyb/temp.linux-x86_64-cpython-312/src/core/lib/iomgr/error_cfstream.o -std=c++17 -fvisibility=hidden -fno-wrapv -fno-exceptions -pthread
      g++ -fno-strict-overflow -Wsign-compare -DNDEBUG -g -O3 -Wall -fPIC -D_WIN32_WINNT=1536 -DGRPC_XDS_USER_AGENT_NAME_SUFFIX=\"Python\" -DGRPC_XDS_USER_AGENT_VERSION_SUFFIX=\"1.79.0.dev0\" -DHAVE_CONFIG_H=1 -DGRPC_ENABLE_FORK_SUPPORT=1 -DGRPC_ENABLE_FORK_SUPPORT_DEFAULT=false -DGRPC_PYTHON_BUILD=1 -D__STDC_FORMAT_MACROS "-DPyMODINIT_FUNC=extern \"C\" __attribute__((visibility (\"default\"))) PyObject*" -DGRPC_POSIX_FORK_ALLOW_PTHREAD_ATFORK=1 -Isrc/python/grpcio -Iinclude -I. -Ithird_party/abseil-cpp -Ithird_party/address_sorting/include -Ithird_party/cares/cares/include -Ithird_party/cares -Ithird_party/cares/cares -Ithird_party/cares/cares/src/lib/include -Ithird_party/cares/cares/src/lib -Ithird_party/cares/config_linux -Ithird_party/re2 -Ithird_party/boringssl-with-bazel/src/include -Ithird_party/upb -Isrc/core/ext/upb-gen -Isrc/core/ext/upbdefs-gen -Ithird_party/utf8_range -Ithird_party/xxhash -Ithird_party/zlib -I/usr/local/google/home/ssreenithi/.pyenv/versions/3.12.0/envs/pyvenv_312/include -I/usr/local/google/home/ssreenithi/.pyenv/versions/3.12.0/include/python3.12 -c src/core/lib/iomgr/ev_apple.cc -o pyb/temp.linux-x86_64-cpython-312/src/core/lib/iomgr/ev_apple.o -std=c++17 -fvisibility=hidden -fno-wrapv -fno-exceptions -pthread
      In file included from ./src/core/lib/promise/activity.h:30,
                       from ./src/core/lib/resource_quota/memory_quota.h:39,
                       from ./src/core/lib/resource_quota/arena.h:39,
                       from ./src/core/lib/promise/arena_promise.h:28,
                       from ./src/core/credentials/transport/security_connector.h:36,
                       from ./src/core/credentials/transport/xds/xds_credentials.h:33,
                       from src/core/credentials/transport/xds/xds_credentials.cc:19:
      ./src/core/lib/promise/detail/promise_factory.h:210:5: warning: ‘always_inline’ function might not be inlinable unless also declared ‘inline’ [-Wattributes]
        210 |     PromiseFactoryImpl(Token, F&& f) {
            |     ^~~~~~~~~~~~~~~~~~
      ./src/core/lib/promise/detail/promise_factory.h:210:5: warning: ‘always_inline’ function might not be inlinable unless also declared ‘inline’ [-Wattributes]
      ./src/core/lib/promise/detail/promise_factory.h:210:5: warning: ‘always_inline’ function might not be inlinable unless also declared ‘inline’ [-Wattributes]
      ./src/core/lib/promise/detail/promise_factory.h:210:5: warning: ‘always_inline’ function might not be inlinable unless also declared ‘inline’ [-Wattributes]
      ./src/core/lib/promise/detail/promise_factory.h:210:5: warning: ‘always_inline’ function might not be inlinable unless also declared ‘inline’ [-Wattributes]
      ./src/core/lib/promise/detail/promise_factory.h:210:5: warning: ‘always_inline’ function might not be inlinable unless also declared ‘inline’ [-Wattributes]
      ./src/core/lib/promise/detail/promise_factory.h:210:5: warning: ‘always_inline’ function might not be inlinable unless also declared ‘inline’ [-Wattributes]
      In file included from ./src/core/lib/promise/activity.h:30,
                       from ./src/core/lib/resource_quota/memory_quota.h:39,
                       from ./src/core/lib/resource_quota/arena.h:39,
                       from ./src/core/lib/promise/arena_promise.h:28,
                       from ./src/core/credentials/transport/security_connector.h:36,
                       from ./src/core/credentials/transport/local/local_credentials.h:28,
                       from src/core/credentials/transport/local/local_credentials.cc:19:
      ./src/core/lib/promise/detail/promise_factory.h:210:5: warning: ‘always_inline’ function might not be inlinable unless also declared ‘inline’ [-Wattributes]
        210 |     PromiseFactoryImpl(Token, F&& f) {
            |     ^~~~~~~~~~~~~~~~~~
      ./src/core/lib/promise/detail/promise_factory.h:210:5: warning: ‘always_inline’ function might not be inlinable unless also declared ‘inline’ [-Wattributes]
      ./src/core/lib/promise/detail/promise_factory.h:210:5: warning: ‘always_inline’ function might not be inlinable unless also declared ‘inline’ [-Wattributes]
      ./src/core/lib/promise/detail/promise_factory.h:210:5: warning: ‘always_inline’ function might not be inlinable unless also declared ‘inline’ [-Wattributes]
      ./src/core/lib/promise/detail/promise_factory.h:210:5: warning: ‘always_inline’ function might not be inlinable unless also declared ‘inline’ [-Wattributes]
      ./src/core/lib/promise/detail/promise_factory.h:210:5: warning: ‘always_inline’ function might not be inlinable unless also declared ‘inline’ [-Wattributes]
      ./src/core/lib/promise/detail/promise_factory.h:210:5: warning: ‘always_inline’ function might not be inlinable unless also declared ‘inline’ [-Wattributes]
      g++ -fno-strict-overflow -Wsign-compare -DNDEBUG -g -O3 -Wall -fPIC -D_WIN32_WINNT=1536 -DGRPC_XDS_USER_AGENT_NAME_SUFFIX=\"Python\" -DGRPC_XDS_USER_AGENT_VERSION_SUFFIX=\"1.79.0.dev0\" -DHAVE_CONFIG_H=1 -DGRPC_ENABLE_FORK_SUPPORT=1 -DGRPC_ENABLE_FORK_SUPPORT_DEFAULT=false -DGRPC_PYTHON_BUILD=1 -D__STDC_FORMAT_MACROS "-DPyMODINIT_FUNC=extern \"C\" __attribute__((visibility (\"default\"))) PyObject*" -DGRPC_POSIX_FORK_ALLOW_PTHREAD_ATFORK=1 -Isrc/python/grpcio -Iinclude -I. -Ithird_party/abseil-cpp -Ithird_party/address_sorting/include -Ithird_party/cares/cares/include -Ithird_party/cares -Ithird_party/cares/cares -Ithird_party/cares/cares/src/lib/include -Ithird_party/cares/cares/src/lib -Ithird_party/cares/config_linux -Ithird_party/re2 -Ithird_party/boringssl-with-bazel/src/include -Ithird_party/upb -Isrc/core/ext/upb-gen -Isrc/core/ext/upbdefs-gen -Ithird_party/utf8_range -Ithird_party/xxhash -Ithird_party/zlib -I/usr/local/google/home/ssreenithi/.pyenv/versions/3.12.0/envs/pyvenv_312/include -I/usr/local/google/home/ssreenithi/.pyenv/versions/3.12.0/include/python3.12 -c src/core/lib/iomgr/ev_epoll1_linux.cc -o pyb/temp.linux-x86_64-cpython-312/src/core/lib/iomgr/ev_epoll1_linux.o -std=c++17 -fvisibility=hidden -fno-wrapv -fno-exceptions -pthread
      g++ -fno-strict-overflow -Wsign-compare -DNDEBUG -g -O3 -Wall -fPIC -D_WIN32_WINNT=1536 -DGRPC_XDS_USER_AGENT_NAME_SUFFIX=\"Python\" -DGRPC_XDS_USER_AGENT_VERSION_SUFFIX=\"1.79.0.dev0\" -DHAVE_CONFIG_H=1 -DGRPC_ENABLE_FORK_SUPPORT=1 -DGRPC_ENABLE_FORK_SUPPORT_DEFAULT=false -DGRPC_PYTHON_BUILD=1 -D__STDC_FORMAT_MACROS "-DPyMODINIT_FUNC=extern \"C\" __attribute__((visibility (\"default\"))) PyObject*" -DGRPC_POSIX_FORK_ALLOW_PTHREAD_ATFORK=1 -Isrc/python/grpcio -Iinclude -I. -Ithird_party/abseil-cpp -Ithird_party/address_sorting/include -Ithird_party/cares/cares/include -Ithird_party/cares -Ithird_party/cares/cares -Ithird_party/cares/cares/src/lib/include -Ithird_party/cares/cares/src/lib -Ithird_party/cares/config_linux -Ithird_party/re2 -Ithird_party/boringssl-with-bazel/src/include -Ithird_party/upb -Isrc/core/ext/upb-gen -Isrc/core/ext/upbdefs-gen -Ithird_party/utf8_range -Ithird_party/xxhash -Ithird_party/zlib -I/usr/local/google/home/ssreenithi/.pyenv/versions/3.12.0/envs/pyvenv_312/include -I/usr/local/google/home/ssreenithi/.pyenv/versions/3.12.0/include/python3.12 -c src/core/lib/iomgr/dualstack_socket_posix.cc -o pyb/temp.linux-x86_64-cpython-312/src/core/lib/iomgr/dualstack_socket_posix.o -std=c++17 -fvisibility=hidden -fno-wrapv -fno-exceptions -pthread
      g++ -fno-strict-overflow -Wsign-compare -DNDEBUG -g -O3 -Wall -fPIC -D_WIN32_WINNT=1536 -DGRPC_XDS_USER_AGENT_NAME_SUFFIX=\"Python\" -DGRPC_XDS_USER_AGENT_VERSION_SUFFIX=\"1.79.0.dev0\" -DHAVE_CONFIG_H=1 -DGRPC_ENABLE_FORK_SUPPORT=1 -DGRPC_ENABLE_FORK_SUPPORT_DEFAULT=false -DGRPC_PYTHON_BUILD=1 -D__STDC_FORMAT_MACROS "-DPyMODINIT_FUNC=extern \"C\" __attribute__((visibility (\"default\"))) PyObject*" -DGRPC_POSIX_FORK_ALLOW_PTHREAD_ATFORK=1 -Isrc/python/grpcio -Iinclude -I. -Ithird_party/abseil-cpp -Ithird_party/address_sorting/include -Ithird_party/cares/cares/include -Ithird_party/cares -Ithird_party/cares/cares -Ithird_party/cares/cares/src/lib/include -Ithird_party/cares/cares/src/lib -Ithird_party/cares/config_linux -Ithird_party/re2 -Ithird_party/boringssl-with-bazel/src/include -Ithird_party/upb -Isrc/core/ext/upb-gen -Isrc/core/ext/upbdefs-gen -Ithird_party/utf8_range -Ithird_party/xxhash -Ithird_party/zlib -I/usr/local/google/home/ssreenithi/.pyenv/versions/3.12.0/envs/pyvenv_312/include -I/usr/local/google/home/ssreenithi/.pyenv/versions/3.12.0/include/python3.12 -c src/core/lib/event_engine/posix_engine/posix_interface_windows.cc -o pyb/temp.linux-x86_64-cpython-312/src/core/lib/event_engine/posix_engine/posix_interface_windows.o -std=c++17 -fvisibility=hidden -fno-wrapv -fno-exceptions -pthread
      g++ -fno-strict-overflow -Wsign-compare -DNDEBUG -g -O3 -Wall -fPIC -D_WIN32_WINNT=1536 -DGRPC_XDS_USER_AGENT_NAME_SUFFIX=\"Python\" -DGRPC_XDS_USER_AGENT_VERSION_SUFFIX=\"1.79.0.dev0\" -DHAVE_CONFIG_H=1 -DGRPC_ENABLE_FORK_SUPPORT=1 -DGRPC_ENABLE_FORK_SUPPORT_DEFAULT=false -DGRPC_PYTHON_BUILD=1 -D__STDC_FORMAT_MACROS "-DPyMODINIT_FUNC=extern \"C\" __attribute__((visibility (\"default\"))) PyObject*" -DGRPC_POSIX_FORK_ALLOW_PTHREAD_ATFORK=1 -Isrc/python/grpcio -Iinclude -I. -Ithird_party/abseil-cpp -Ithird_party/address_sorting/include -Ithird_party/cares/cares/include -Ithird_party/cares -Ithird_party/cares/cares -Ithird_party/cares/cares/src/lib/include -Ithird_party/cares/cares/src/lib -Ithird_party/cares/config_linux -Ithird_party/re2 -Ithird_party/boringssl-with-bazel/src/include -Ithird_party/upb -Isrc/core/ext/upb-gen -Isrc/core/ext/upbdefs-gen -Ithird_party/utf8_range -Ithird_party/xxhash -Ithird_party/zlib -I/usr/local/google/home/ssreenithi/.pyenv/versions/3.12.0/envs/pyvenv_312/include -I/usr/local/google/home/ssreenithi/.pyenv/versions/3.12.0/include/python3.12 -c src/core/resolver/google_c2p/google_c2p_resolver.cc -o pyb/temp.linux-x86_64-cpython-312/src/core/resolver/google_c2p/google_c2p_resolver.o -std=c++17 -fvisibility=hidden -fno-wrapv -fno-exceptions -pthread
      g++ -fno-strict-overflow -Wsign-compare -DNDEBUG -g -O3 -Wall -fPIC -D_WIN32_WINNT=1536 -DGRPC_XDS_USER_AGENT_NAME_SUFFIX=\"Python\" -DGRPC_XDS_USER_AGENT_VERSION_SUFFIX=\"1.79.0.dev0\" -DHAVE_CONFIG_H=1 -DGRPC_ENABLE_FORK_SUPPORT=1 -DGRPC_ENABLE_FORK_SUPPORT_DEFAULT=false -DGRPC_PYTHON_BUILD=1 -D__STDC_FORMAT_MACROS "-DPyMODINIT_FUNC=extern \"C\" __attribute__((visibility (\"default\"))) PyObject*" -DGRPC_POSIX_FORK_ALLOW_PTHREAD_ATFORK=1 -Isrc/python/grpcio -Iinclude -I. -Ithird_party/abseil-cpp -Ithird_party/address_sorting/include -Ithird_party/cares/cares/include -Ithird_party/cares -Ithird_party/cares/cares -Ithird_party/cares/cares/src/lib/include -Ithird_party/cares/cares/src/lib -Ithird_party/cares/config_linux -Ithird_party/re2 -Ithird_party/boringssl-with-bazel/src/include -Ithird_party/upb -Isrc/core/ext/upb-gen -Isrc/core/ext/upbdefs-gen -Ithird_party/utf8_range -Ithird_party/xxhash -Ithird_party/zlib -I/usr/local/google/home/ssreenithi/.pyenv/versions/3.12.0/envs/pyvenv_312/include -I/usr/local/google/home/ssreenithi/.pyenv/versions/3.12.0/include/python3.12 -c src/core/lib/iomgr/iomgr_posix_cfstream.cc -o pyb/temp.linux-x86_64-cpython-312/src/core/lib/iomgr/iomgr_posix_cfstream.o -std=c++17 -fvisibility=hidden -fno-wrapv -fno-exceptions -pthread
      g++ -fno-strict-overflow -Wsign-compare -DNDEBUG -g -O3 -Wall -fPIC -D_WIN32_WINNT=1536 -DGRPC_XDS_USER_AGENT_NAME_SUFFIX=\"Python\" -DGRPC_XDS_USER_AGENT_VERSION_SUFFIX=\"1.79.0.dev0\" -DHAVE_CONFIG_H=1 -DGRPC_ENABLE_FORK_SUPPORT=1 -DGRPC_ENABLE_FORK_SUPPORT_DEFAULT=false -DGRPC_PYTHON_BUILD=1 -D__STDC_FORMAT_MACROS "-DPyMODINIT_FUNC=extern \"C\" __attribute__((visibility (\"default\"))) PyObject*" -DGRPC_POSIX_FORK_ALLOW_PTHREAD_ATFORK=1 -Isrc/python/grpcio -Iinclude -I. -Ithird_party/abseil-cpp -Ithird_party/address_sorting/include -Ithird_party/cares/cares/include -Ithird_party/cares -Ithird_party/cares/cares -Ithird_party/cares/cares/src/lib/include -Ithird_party/cares/cares/src/lib -Ithird_party/cares/config_linux -Ithird_party/re2 -Ithird_party/boringssl-with-bazel/src/include -Ithird_party/upb -Isrc/core/ext/upb-gen -Isrc/core/ext/upbdefs-gen -Ithird_party/utf8_range -Ithird_party/xxhash -Ithird_party/zlib -I/usr/local/google/home/ssreenithi/.pyenv/versions/3.12.0/envs/pyvenv_312/include -I/usr/local/google/home/ssreenithi/.pyenv/versions/3.12.0/include/python3.12 -c src/core/tsi/local_transport_security.cc -o pyb/temp.linux-x86_64-cpython-312/src/core/tsi/local_transport_security.o -std=c++17 -fvisibility=hidden -fno-wrapv -fno-exceptions -pthread
      In file included from ./src/core/lib/promise/activity.h:30,
                       from ./src/core/lib/resource_quota/memory_quota.h:39,
                       from ./src/core/lib/resource_quota/arena.h:39,
                       from ./src/core/util/chunked_vector.h:24,
                       from ./src/core/call/metadata_batch.h:41,
                       from ./src/core/client_channel/client_channel_filter.h:32,
                       from ./src/core/client_channel/retry_filter.h:30,
                       from src/core/client_channel/retry_filter.cc:17:
      ./src/core/lib/promise/detail/promise_factory.h:210:5: warning: ‘always_inline’ function might not be inlinable unless also declared ‘inline’ [-Wattributes]
        210 |     PromiseFactoryImpl(Token, F&& f) {
            |     ^~~~~~~~~~~~~~~~~~
      ./src/core/lib/promise/detail/promise_factory.h:210:5: warning: ‘always_inline’ function might not be inlinable unless also declared ‘inline’ [-Wattributes]
      ./src/core/lib/promise/detail/promise_factory.h:210:5: warning: ‘always_inline’ function might not be inlinable unless also declared ‘inline’ [-Wattributes]
      ./src/core/lib/promise/detail/promise_factory.h:210:5: warning: ‘always_inline’ function might not be inlinable unless also declared ‘inline’ [-Wattributes]
      ./src/core/lib/promise/detail/promise_factory.h:210:5: warning: ‘always_inline’ function might not be inlinable unless also declared ‘inline’ [-Wattributes]
      ./src/core/lib/promise/detail/promise_factory.h:210:5: warning: ‘always_inline’ function might not be inlinable unless also declared ‘inline’ [-Wattributes]
      ./src/core/lib/promise/detail/promise_factory.h:210:5: warning: ‘always_inline’ function might not be inlinable unless also declared ‘inline’ [-Wattributes]
      In file included from ./src/core/lib/iomgr/exec_ctx.h:40,
                       from ./src/core/lib/iomgr/ev_posix.h:30,
                       from src/core/lib/iomgr/tcp_posix.cc:57:
      In member function ‘grpc_core::latent_see::Bin::AppendResult grpc_core::latent_see::Bin::Append(const grpc_core::latent_see::Metadata*, int64_t, int64_t)’,
          inlined from ‘void grpc_core::latent_see::Appender::Append(const grpc_core::latent_see::Metadata*, int64_t, int64_t)’ at ./src/core/util/latent_see.h:269:28,
          inlined from ‘grpc_core::latent_see::Scope::~Scope()’ at ./src/core/util/latent_see.h:337:21,
          inlined from ‘ssize_t tcp_send(int, const msghdr*, int*, int)’ at src/core/lib/iomgr/tcp_posix.cc:1198:1,
          inlined from ‘bool tcp_flush({anonymous}::grpc_tcp*, grpc_error_handle*)’ at src/core/lib/iomgr/tcp_posix.cc:1724:29:
      ./src/core/util/latent_see.h:177:25: warning: ‘latent_see_scope_1190.grpc_core::latent_see::Scope::timestamp_begin_’ may be used uninitialized [-Wmaybe-uninitialized]
        177 |     ev->timestamp_begin = timestamp_begin;
            |     ~~~~~~~~~~~~~~~~~~~~^~~~~~~~~~~~~~~~~
      src/core/lib/iomgr/tcp_posix.cc: In function ‘bool tcp_flush({anonymous}::grpc_tcp*, grpc_error_handle*)’:
      ./src/core/util/latent_see.h:477:55: note: ‘latent_see_scope_1190.grpc_core::latent_see::Scope::timestamp_begin_’ was declared here
        477 |   grpc_core::latent_see::Scope GRPC_LATENT_SEE_SYMBOL(latent_see_scope)( \
            |                                                       ^~~~~~~~~~~~~~~~
      ./src/core/util/latent_see.h:448:45: note: in definition of macro ‘GRPC_LATENT_SEE_SYMBOL2’
        448 | #define GRPC_LATENT_SEE_SYMBOL2(name, line) name##_##line
            |                                             ^~~~
      ./src/core/util/latent_see.h:450:38: note: in expansion of macro ‘GRPC_LATENT_SEE_SYMBOL1’
        450 | #define GRPC_LATENT_SEE_SYMBOL(name) GRPC_LATENT_SEE_SYMBOL1(name, __LINE__)
            |                                      ^~~~~~~~~~~~~~~~~~~~~~~
      ./src/core/util/latent_see.h:477:32: note: in expansion of macro ‘GRPC_LATENT_SEE_SYMBOL’
        477 |   grpc_core::latent_see::Scope GRPC_LATENT_SEE_SYMBOL(latent_see_scope)( \
            |                                ^~~~~~~~~~~~~~~~~~~~~~
      src/core/lib/iomgr/tcp_posix.cc:1190:3: note: in expansion of macro ‘GRPC_LATENT_SEE_ALWAYS_ON_SCOPE’
       1190 |   GRPC_LATENT_SEE_ALWAYS_ON_SCOPE("tcp_send");
            |   ^~~~~~~~~~~~~~~~~~~~~~~~~~~~~~~
      g++ -fno-strict-overflow -Wsign-compare -DNDEBUG -g -O3 -Wall -fPIC -D_WIN32_WINNT=1536 -DGRPC_XDS_USER_AGENT_NAME_SUFFIX=\"Python\" -DGRPC_XDS_USER_AGENT_VERSION_SUFFIX=\"1.79.0.dev0\" -DHAVE_CONFIG_H=1 -DGRPC_ENABLE_FORK_SUPPORT=1 -DGRPC_ENABLE_FORK_SUPPORT_DEFAULT=false -DGRPC_PYTHON_BUILD=1 -D__STDC_FORMAT_MACROS "-DPyMODINIT_FUNC=extern \"C\" __attribute__((visibility (\"default\"))) PyObject*" -DGRPC_POSIX_FORK_ALLOW_PTHREAD_ATFORK=1 -Isrc/python/grpcio -Iinclude -I. -Ithird_party/abseil-cpp -Ithird_party/address_sorting/include -Ithird_party/cares/cares/include -Ithird_party/cares -Ithird_party/cares/cares -Ithird_party/cares/cares/src/lib/include -Ithird_party/cares/cares/src/lib -Ithird_party/cares/config_linux -Ithird_party/re2 -Ithird_party/boringssl-with-bazel/src/include -Ithird_party/upb -Isrc/core/ext/upb-gen -Isrc/core/ext/upbdefs-gen -Ithird_party/utf8_range -Ithird_party/xxhash -Ithird_party/zlib -I/usr/local/google/home/ssreenithi/.pyenv/versions/3.12.0/envs/pyvenv_312/include -I/usr/local/google/home/ssreenithi/.pyenv/versions/3.12.0/include/python3.12 -c src/core/ext/transport/chttp2/transport/hpack_parser_table.cc -o pyb/temp.linux-x86_64-cpython-312/src/core/ext/transport/chttp2/transport/hpack_parser_table.o -std=c++17 -fvisibility=hidden -fno-wrapv -fno-exceptions -pthread
      g++ -fno-strict-overflow -Wsign-compare -DNDEBUG -g -O3 -Wall -fPIC -D_WIN32_WINNT=1536 -DGRPC_XDS_USER_AGENT_NAME_SUFFIX=\"Python\" -DGRPC_XDS_USER_AGENT_VERSION_SUFFIX=\"1.79.0.dev0\" -DHAVE_CONFIG_H=1 -DGRPC_ENABLE_FORK_SUPPORT=1 -DGRPC_ENABLE_FORK_SUPPORT_DEFAULT=false -DGRPC_PYTHON_BUILD=1 -D__STDC_FORMAT_MACROS "-DPyMODINIT_FUNC=extern \"C\" __attribute__((visibility (\"default\"))) PyObject*" -DGRPC_POSIX_FORK_ALLOW_PTHREAD_ATFORK=1 -Isrc/python/grpcio -Iinclude -I. -Ithird_party/abseil-cpp -Ithird_party/address_sorting/include -Ithird_party/cares/cares/include -Ithird_party/cares -Ithird_party/cares/cares -Ithird_party/cares/cares/src/lib/include -Ithird_party/cares/cares/src/lib -Ithird_party/cares/config_linux -Ithird_party/re2 -Ithird_party/boringssl-with-bazel/src/include -Ithird_party/upb -Isrc/core/ext/upb-gen -Isrc/core/ext/upbdefs-gen -Ithird_party/utf8_range -Ithird_party/xxhash -Ithird_party/zlib -I/usr/local/google/home/ssreenithi/.pyenv/versions/3.12.0/envs/pyvenv_312/include -I/usr/local/google/home/ssreenithi/.pyenv/versions/3.12.0/include/python3.12 -c src/core/credentials/transport/tls/tls_credentials.cc -o pyb/temp.linux-x86_64-cpython-312/src/core/credentials/transport/tls/tls_credentials.o -std=c++17 -fvisibility=hidden -fno-wrapv -fno-exceptions -pthread
      g++ -fno-strict-overflow -Wsign-compare -DNDEBUG -g -O3 -Wall -fPIC -D_WIN32_WINNT=1536 -DGRPC_XDS_USER_AGENT_NAME_SUFFIX=\"Python\" -DGRPC_XDS_USER_AGENT_VERSION_SUFFIX=\"1.79.0.dev0\" -DHAVE_CONFIG_H=1 -DGRPC_ENABLE_FORK_SUPPORT=1 -DGRPC_ENABLE_FORK_SUPPORT_DEFAULT=false -DGRPC_PYTHON_BUILD=1 -D__STDC_FORMAT_MACROS "-DPyMODINIT_FUNC=extern \"C\" __attribute__((visibility (\"default\"))) PyObject*" -DGRPC_POSIX_FORK_ALLOW_PTHREAD_ATFORK=1 -Isrc/python/grpcio -Iinclude -I. -Ithird_party/abseil-cpp -Ithird_party/address_sorting/include -Ithird_party/cares/cares/include -Ithird_party/cares -Ithird_party/cares/cares -Ithird_party/cares/cares/src/lib/include -Ithird_party/cares/cares/src/lib -Ithird_party/cares/config_linux -Ithird_party/re2 -Ithird_party/boringssl-with-bazel/src/include -Ithird_party/upb -Isrc/core/ext/upb-gen -Isrc/core/ext/upbdefs-gen -Ithird_party/utf8_range -Ithird_party/xxhash -Ithird_party/zlib -I/usr/local/google/home/ssreenithi/.pyenv/versions/3.12.0/envs/pyvenv_312/include -I/usr/local/google/home/ssreenithi/.pyenv/versions/3.12.0/include/python3.12 -c src/core/lib/event_engine/posix_engine/native_posix_dns_resolver.cc -o pyb/temp.linux-x86_64-cpython-312/src/core/lib/event_engine/posix_engine/native_posix_dns_resolver.o -std=c++17 -fvisibility=hidden -fno-wrapv -fno-exceptions -pthread
      In file included from ./src/core/lib/promise/activity.h:30,
                       from ./src/core/lib/resource_quota/memory_quota.h:39,
                       from ./src/core/lib/resource_quota/arena.h:39,
                       from ./src/core/util/chunked_vector.h:24,
                       from ./src/core/call/metadata_batch.h:41,
                       from src/core/ext/transport/chttp2/transport/parsing.cc:34:
      ./src/core/lib/promise/detail/promise_factory.h:210:5: warning: ‘always_inline’ function might not be inlinable unless also declared ‘inline’ [-Wattributes]
        210 |     PromiseFactoryImpl(Token, F&& f) {
            |     ^~~~~~~~~~~~~~~~~~
      ./src/core/lib/promise/detail/promise_factory.h:210:5: warning: ‘always_inline’ function might not be inlinable unless also declared ‘inline’ [-Wattributes]
      ./src/core/lib/promise/detail/promise_factory.h:210:5: warning: ‘always_inline’ function might not be inlinable unless also declared ‘inline’ [-Wattributes]
      ./src/core/lib/promise/detail/promise_factory.h:210:5: warning: ‘always_inline’ function might not be inlinable unless also declared ‘inline’ [-Wattributes]
      ./src/core/lib/promise/detail/promise_factory.h:210:5: warning: ‘always_inline’ function might not be inlinable unless also declared ‘inline’ [-Wattributes]
      ./src/core/lib/promise/detail/promise_factory.h:210:5: warning: ‘always_inline’ function might not be inlinable unless also declared ‘inline’ [-Wattributes]
      ./src/core/lib/promise/detail/promise_factory.h:210:5: warning: ‘always_inline’ function might not be inlinable unless also declared ‘inline’ [-Wattributes]
      g++ -fno-strict-overflow -Wsign-compare -DNDEBUG -g -O3 -Wall -fPIC -D_WIN32_WINNT=1536 -DGRPC_XDS_USER_AGENT_NAME_SUFFIX=\"Python\" -DGRPC_XDS_USER_AGENT_VERSION_SUFFIX=\"1.79.0.dev0\" -DHAVE_CONFIG_H=1 -DGRPC_ENABLE_FORK_SUPPORT=1 -DGRPC_ENABLE_FORK_SUPPORT_DEFAULT=false -DGRPC_PYTHON_BUILD=1 -D__STDC_FORMAT_MACROS "-DPyMODINIT_FUNC=extern \"C\" __attribute__((visibility (\"default\"))) PyObject*" -DGRPC_POSIX_FORK_ALLOW_PTHREAD_ATFORK=1 -Isrc/python/grpcio -Iinclude -I. -Ithird_party/abseil-cpp -Ithird_party/address_sorting/include -Ithird_party/cares/cares/include -Ithird_party/cares -Ithird_party/cares/cares -Ithird_party/cares/cares/src/lib/include -Ithird_party/cares/cares/src/lib -Ithird_party/cares/config_linux -Ithird_party/re2 -Ithird_party/boringssl-with-bazel/src/include -Ithird_party/upb -Isrc/core/ext/upb-gen -Isrc/core/ext/upbdefs-gen -Ithird_party/utf8_range -Ithird_party/xxhash -Ithird_party/zlib -I/usr/local/google/home/ssreenithi/.pyenv/versions/3.12.0/envs/pyvenv_312/include -I/usr/local/google/home/ssreenithi/.pyenv/versions/3.12.0/include/python3.12 -c src/core/lib/transport/status_conversion.cc -o pyb/temp.linux-x86_64-cpython-312/src/core/lib/transport/status_conversion.o -std=c++17 -fvisibility=hidden -fno-wrapv -fno-exceptions -pthread
      g++ -fno-strict-overflow -Wsign-compare -DNDEBUG -g -O3 -Wall -fPIC -D_WIN32_WINNT=1536 -DGRPC_XDS_USER_AGENT_NAME_SUFFIX=\"Python\" -DGRPC_XDS_USER_AGENT_VERSION_SUFFIX=\"1.79.0.dev0\" -DHAVE_CONFIG_H=1 -DGRPC_ENABLE_FORK_SUPPORT=1 -DGRPC_ENABLE_FORK_SUPPORT_DEFAULT=false -DGRPC_PYTHON_BUILD=1 -D__STDC_FORMAT_MACROS "-DPyMODINIT_FUNC=extern \"C\" __attribute__((visibility (\"default\"))) PyObject*" -DGRPC_POSIX_FORK_ALLOW_PTHREAD_ATFORK=1 -Isrc/python/grpcio -Iinclude -I. -Ithird_party/abseil-cpp -Ithird_party/address_sorting/include -Ithird_party/cares/cares/include -Ithird_party/cares -Ithird_party/cares/cares -Ithird_party/cares/cares/src/lib/include -Ithird_party/cares/cares/src/lib -Ithird_party/cares/config_linux -Ithird_party/re2 -Ithird_party/boringssl-with-bazel/src/include -Ithird_party/upb -Isrc/core/ext/upb-gen -Isrc/core/ext/upbdefs-gen -Ithird_party/utf8_range -Ithird_party/xxhash -Ithird_party/zlib -I/usr/local/google/home/ssreenithi/.pyenv/versions/3.12.0/envs/pyvenv_312/include -I/usr/local/google/home/ssreenithi/.pyenv/versions/3.12.0/include/python3.12 -c src/core/filter/auth/server_auth_filter.cc -o pyb/temp.linux-x86_64-cpython-312/src/core/filter/auth/server_auth_filter.o -std=c++17 -fvisibility=hidden -fno-wrapv -fno-exceptions -pthread
      g++ -fno-strict-overflow -Wsign-compare -DNDEBUG -g -O3 -Wall -fPIC -D_WIN32_WINNT=1536 -DGRPC_XDS_USER_AGENT_NAME_SUFFIX=\"Python\" -DGRPC_XDS_USER_AGENT_VERSION_SUFFIX=\"1.79.0.dev0\" -DHAVE_CONFIG_H=1 -DGRPC_ENABLE_FORK_SUPPORT=1 -DGRPC_ENABLE_FORK_SUPPORT_DEFAULT=false -DGRPC_PYTHON_BUILD=1 -D__STDC_FORMAT_MACROS "-DPyMODINIT_FUNC=extern \"C\" __attribute__((visibility (\"default\"))) PyObject*" -DGRPC_POSIX_FORK_ALLOW_PTHREAD_ATFORK=1 -Isrc/python/grpcio -Iinclude -I. -Ithird_party/abseil-cpp -Ithird_party/address_sorting/include -Ithird_party/cares/cares/include -Ithird_party/cares -Ithird_party/cares/cares -Ithird_party/cares/cares/src/lib/include -Ithird_party/cares/cares/src/lib -Ithird_party/cares/config_linux -Ithird_party/re2 -Ithird_party/boringssl-with-bazel/src/include -Ithird_party/upb -Isrc/core/ext/upb-gen -Isrc/core/ext/upbdefs-gen -Ithird_party/utf8_range -Ithird_party/xxhash -Ithird_party/zlib -I/usr/local/google/home/ssreenithi/.pyenv/versions/3.12.0/envs/pyvenv_312/include -I/usr/local/google/home/ssreenithi/.pyenv/versions/3.12.0/include/python3.12 -c src/core/tsi/alts/handshaker/alts_handshaker_client.cc -o pyb/temp.linux-x86_64-cpython-312/src/core/tsi/alts/handshaker/alts_handshaker_client.o -std=c++17 -fvisibility=hidden -fno-wrapv -fno-exceptions -pthread
      gcc -fno-strict-overflow -Wsign-compare -DNDEBUG -g -O3 -Wall -fPIC -D_WIN32_WINNT=1536 -DGRPC_XDS_USER_AGENT_NAME_SUFFIX=\"Python\" -DGRPC_XDS_USER_AGENT_VERSION_SUFFIX=\"1.79.0.dev0\" -DHAVE_CONFIG_H=1 -DGRPC_ENABLE_FORK_SUPPORT=1 -DGRPC_ENABLE_FORK_SUPPORT_DEFAULT=false -DGRPC_PYTHON_BUILD=1 -D__STDC_FORMAT_MACROS "-DPyMODINIT_FUNC=extern \"C\" __attribute__((visibility (\"default\"))) PyObject*" -DGRPC_POSIX_FORK_ALLOW_PTHREAD_ATFORK=1 -Isrc/python/grpcio -Iinclude -I. -Ithird_party/abseil-cpp -Ithird_party/address_sorting/include -Ithird_party/cares/cares/include -Ithird_party/cares -Ithird_party/cares/cares -Ithird_party/cares/cares/src/lib/include -Ithird_party/cares/cares/src/lib -Ithird_party/cares/config_linux -Ithird_party/re2 -Ithird_party/boringssl-with-bazel/src/include -Ithird_party/upb -Isrc/core/ext/upb-gen -Isrc/core/ext/upbdefs-gen -Ithird_party/utf8_range -Ithird_party/xxhash -Ithird_party/zlib -I/usr/local/google/home/ssreenithi/.pyenv/versions/3.12.0/envs/pyvenv_312/include -I/usr/local/google/home/ssreenithi/.pyenv/versions/3.12.0/include/python3.12 -c src/core/ext/upb-gen/cel/expr/checked.upb_minitable.c -o pyb/temp.linux-x86_64-cpython-312/src/core/ext/upb-gen/cel/expr/checked.upb_minitable.o -fvisibility=hidden -fno-wrapv -fno-exceptions -pthread
      In file included from src/core/lib/channel/connected_channel.cc:53:
      ./src/core/lib/promise/loop.h:214:31: warning: attribute ignored in declaration of ‘union grpc_core::Loop<F, kYield>::<unnamed>’ [-Wattributes]
        214 |   GPR_NO_UNIQUE_ADDRESS union {
            |                               ^
      ./src/core/lib/promise/loop.h:214:31: note: attribute for ‘union grpc_core::Loop<F, kYield>::<unnamed>’ must follow the ‘union’ keyword
      g++ -fno-strict-overflow -Wsign-compare -DNDEBUG -g -O3 -Wall -fPIC -D_WIN32_WINNT=1536 -DGRPC_XDS_USER_AGENT_NAME_SUFFIX=\"Python\" -DGRPC_XDS_USER_AGENT_VERSION_SUFFIX=\"1.79.0.dev0\" -DHAVE_CONFIG_H=1 -DGRPC_ENABLE_FORK_SUPPORT=1 -DGRPC_ENABLE_FORK_SUPPORT_DEFAULT=false -DGRPC_PYTHON_BUILD=1 -D__STDC_FORMAT_MACROS "-DPyMODINIT_FUNC=extern \"C\" __attribute__((visibility (\"default\"))) PyObject*" -DGRPC_POSIX_FORK_ALLOW_PTHREAD_ATFORK=1 -Isrc/python/grpcio -Iinclude -I. -Ithird_party/abseil-cpp -Ithird_party/address_sorting/include -Ithird_party/cares/cares/include -Ithird_party/cares -Ithird_party/cares/cares -Ithird_party/cares/cares/src/lib/include -Ithird_party/cares/cares/src/lib -Ithird_party/cares/config_linux -Ithird_party/re2 -Ithird_party/boringssl-with-bazel/src/include -Ithird_party/upb -Isrc/core/ext/upb-gen -Isrc/core/ext/upbdefs-gen -Ithird_party/utf8_range -Ithird_party/xxhash -Ithird_party/zlib -I/usr/local/google/home/ssreenithi/.pyenv/versions/3.12.0/envs/pyvenv_312/include -I/usr/local/google/home/ssreenithi/.pyenv/versions/3.12.0/include/python3.12 -c src/core/tsi/transport_security.cc -o pyb/temp.linux-x86_64-cpython-312/src/core/tsi/transport_security.o -std=c++17 -fvisibility=hidden -fno-wrapv -fno-exceptions -pthread
      gcc -fno-strict-overflow -Wsign-compare -DNDEBUG -g -O3 -Wall -fPIC -D_WIN32_WINNT=1536 -DGRPC_XDS_USER_AGENT_NAME_SUFFIX=\"Python\" -DGRPC_XDS_USER_AGENT_VERSION_SUFFIX=\"1.79.0.dev0\" -DHAVE_CONFIG_H=1 -DGRPC_ENABLE_FORK_SUPPORT=1 -DGRPC_ENABLE_FORK_SUPPORT_DEFAULT=false -DGRPC_PYTHON_BUILD=1 -D__STDC_FORMAT_MACROS "-DPyMODINIT_FUNC=extern \"C\" __attribute__((visibility (\"default\"))) PyObject*" -DGRPC_POSIX_FORK_ALLOW_PTHREAD_ATFORK=1 -Isrc/python/grpcio -Iinclude -I. -Ithird_party/abseil-cpp -Ithird_party/address_sorting/include -Ithird_party/cares/cares/include -Ithird_party/cares -Ithird_party/cares/cares -Ithird_party/cares/cares/src/lib/include -Ithird_party/cares/cares/src/lib -Ithird_party/cares/config_linux -Ithird_party/re2 -Ithird_party/boringssl-with-bazel/src/include -Ithird_party/upb -Isrc/core/ext/upb-gen -Isrc/core/ext/upbdefs-gen -Ithird_party/utf8_range -Ithird_party/xxhash -Ithird_party/zlib -I/usr/local/google/home/ssreenithi/.pyenv/versions/3.12.0/envs/pyvenv_312/include -I/usr/local/google/home/ssreenithi/.pyenv/versions/3.12.0/include/python3.12 -c src/core/ext/upb-gen/cel/expr/syntax.upb_minitable.c -o pyb/temp.linux-x86_64-cpython-312/src/core/ext/upb-gen/cel/expr/syntax.upb_minitable.o -fvisibility=hidden -fno-wrapv -fno-exceptions -pthread
      In file included from ./src/core/lib/promise/activity.h:30,
                       from ./src/core/lib/resource_quota/memory_quota.h:39,
                       from ./src/core/lib/resource_quota/arena.h:39,
                       from ./src/core/util/chunked_vector.h:24,
                       from ./src/core/call/metadata_batch.h:41,
                       from ./src/core/client_channel/subchannel.h:29,
                       from ./src/core/client_channel/client_channel_factory.h:22,
                       from ./src/core/transport/endpoint_transport_client_channel_factory.h:18,
                       from src/core/transport/endpoint_transport_client_channel_factory.cc:15:
      ./src/core/lib/promise/detail/promise_factory.h:210:5: warning: ‘always_inline’ function might not be inlinable unless also declared ‘inline’ [-Wattributes]
        210 |     PromiseFactoryImpl(Token, F&& f) {
            |     ^~~~~~~~~~~~~~~~~~
      ./src/core/lib/promise/detail/promise_factory.h:210:5: warning: ‘always_inline’ function might not be inlinable unless also declared ‘inline’ [-Wattributes]
      ./src/core/lib/promise/detail/promise_factory.h:210:5: warning: ‘always_inline’ function might not be inlinable unless also declared ‘inline’ [-Wattributes]
      ./src/core/lib/promise/detail/promise_factory.h:210:5: warning: ‘always_inline’ function might not be inlinable unless also declared ‘inline’ [-Wattributes]
      ./src/core/lib/promise/detail/promise_factory.h:210:5: warning: ‘always_inline’ function might not be inlinable unless also declared ‘inline’ [-Wattributes]
      ./src/core/lib/promise/detail/promise_factory.h:210:5: warning: ‘always_inline’ function might not be inlinable unless also declared ‘inline’ [-Wattributes]
      ./src/core/lib/promise/detail/promise_factory.h:210:5: warning: ‘always_inline’ function might not be inlinable unless also declared ‘inline’ [-Wattributes]
      g++ -fno-strict-overflow -Wsign-compare -DNDEBUG -g -O3 -Wall -fPIC -D_WIN32_WINNT=1536 -DGRPC_XDS_USER_AGENT_NAME_SUFFIX=\"Python\" -DGRPC_XDS_USER_AGENT_VERSION_SUFFIX=\"1.79.0.dev0\" -DHAVE_CONFIG_H=1 -DGRPC_ENABLE_FORK_SUPPORT=1 -DGRPC_ENABLE_FORK_SUPPORT_DEFAULT=false -DGRPC_PYTHON_BUILD=1 -D__STDC_FORMAT_MACROS "-DPyMODINIT_FUNC=extern \"C\" __attribute__((visibility (\"default\"))) PyObject*" -DGRPC_POSIX_FORK_ALLOW_PTHREAD_ATFORK=1 -Isrc/python/grpcio -Iinclude -I. -Ithird_party/abseil-cpp -Ithird_party/address_sorting/include -Ithird_party/cares/cares/include -Ithird_party/cares -Ithird_party/cares/cares -Ithird_party/cares/cares/src/lib/include -Ithird_party/cares/cares/src/lib -Ithird_party/cares/config_linux -Ithird_party/re2 -Ithird_party/boringssl-with-bazel/src/include -Ithird_party/upb -Isrc/core/ext/upb-gen -Isrc/core/ext/upbdefs-gen -Ithird_party/utf8_range -Ithird_party/xxhash -Ithird_party/zlib -I/usr/local/google/home/ssreenithi/.pyenv/versions/3.12.0/envs/pyvenv_312/include -I/usr/local/google/home/ssreenithi/.pyenv/versions/3.12.0/include/python3.12 -c src/core/tsi/alts/zero_copy_frame_protector/alts_grpc_integrity_only_record_protocol.cc -o pyb/temp.linux-x86_64-cpython-312/src/core/tsi/alts/zero_copy_frame_protector/alts_grpc_integrity_only_record_protocol.o -std=c++17 -fvisibility=hidden -fno-wrapv -fno-exceptions -pthread
      g++ -fno-strict-overflow -Wsign-compare -DNDEBUG -g -O3 -Wall -fPIC -D_WIN32_WINNT=1536 -DGRPC_XDS_USER_AGENT_NAME_SUFFIX=\"Python\" -DGRPC_XDS_USER_AGENT_VERSION_SUFFIX=\"1.79.0.dev0\" -DHAVE_CONFIG_H=1 -DGRPC_ENABLE_FORK_SUPPORT=1 -DGRPC_ENABLE_FORK_SUPPORT_DEFAULT=false -DGRPC_PYTHON_BUILD=1 -D__STDC_FORMAT_MACROS "-DPyMODINIT_FUNC=extern \"C\" __attribute__((visibility (\"default\"))) PyObject*" -DGRPC_POSIX_FORK_ALLOW_PTHREAD_ATFORK=1 -Isrc/python/grpcio -Iinclude -I. -Ithird_party/abseil-cpp -Ithird_party/address_sorting/include -Ithird_party/cares/cares/include -Ithird_party/cares -Ithird_party/cares/cares -Ithird_party/cares/cares/src/lib/include -Ithird_party/cares/cares/src/lib -Ithird_party/cares/config_linux -Ithird_party/re2 -Ithird_party/boringssl-with-bazel/src/include -Ithird_party/upb -Isrc/core/ext/upb-gen -Isrc/core/ext/upbdefs-gen -Ithird_party/utf8_range -Ithird_party/xxhash -Ithird_party/zlib -I/usr/local/google/home/ssreenithi/.pyenv/versions/3.12.0/envs/pyvenv_312/include -I/usr/local/google/home/ssreenithi/.pyenv/versions/3.12.0/include/python3.12 -c src/core/config/config_vars_non_generated.cc -o pyb/temp.linux-x86_64-cpython-312/src/core/config/config_vars_non_generated.o -std=c++17 -fvisibility=hidden -fno-wrapv -fno-exceptions -pthread
      gcc -fno-strict-overflow -Wsign-compare -DNDEBUG -g -O3 -Wall -fPIC -D_WIN32_WINNT=1536 -DGRPC_XDS_USER_AGENT_NAME_SUFFIX=\"Python\" -DGRPC_XDS_USER_AGENT_VERSION_SUFFIX=\"1.79.0.dev0\" -DHAVE_CONFIG_H=1 -DGRPC_ENABLE_FORK_SUPPORT=1 -DGRPC_ENABLE_FORK_SUPPORT_DEFAULT=false -DGRPC_PYTHON_BUILD=1 -D__STDC_FORMAT_MACROS "-DPyMODINIT_FUNC=extern \"C\" __attribute__((visibility (\"default\"))) PyObject*" -DGRPC_POSIX_FORK_ALLOW_PTHREAD_ATFORK=1 -Isrc/python/grpcio -Iinclude -I. -Ithird_party/abseil-cpp -Ithird_party/address_sorting/include -Ithird_party/cares/cares/include -Ithird_party/cares -Ithird_party/cares/cares -Ithird_party/cares/cares/src/lib/include -Ithird_party/cares/cares/src/lib -Ithird_party/cares/config_linux -Ithird_party/re2 -Ithird_party/boringssl-with-bazel/src/include -Ithird_party/upb -Isrc/core/ext/upb-gen -Isrc/core/ext/upbdefs-gen -Ithird_party/utf8_range -Ithird_party/xxhash -Ithird_party/zlib -I/usr/local/google/home/ssreenithi/.pyenv/versions/3.12.0/envs/pyvenv_312/include -I/usr/local/google/home/ssreenithi/.pyenv/versions/3.12.0/include/python3.12 -c src/core/ext/upb-gen/envoy/admin/v3/certs.upb_minitable.c -o pyb/temp.linux-x86_64-cpython-312/src/core/ext/upb-gen/envoy/admin/v3/certs.upb_minitable.o -fvisibility=hidden -fno-wrapv -fno-exceptions -pthread
      In file included from ./src/core/lib/promise/activity.h:30,
                       from ./src/core/lib/resource_quota/memory_quota.h:39,
                       from ./src/core/lib/resource_quota/arena.h:39,
                       from ./src/core/call/call_arena_allocator.h:24,
                       from ./src/core/call/call_spine.h:20,
                       from ./src/core/call/call_destination.h:20,
                       from ./src/core/call/interception_chain.h:23,
                       from ./src/core/filter/filter_chain.h:24,
                       from ./src/core/xds/grpc/xds_http_filter.h:24,
                       from ./src/core/xds/grpc/xds_listener.h:36,
                       from ./src/core/resolver/xds/xds_config.h:29,
                       from ./src/core/resolver/xds/xds_dependency_manager.h:21,
                       from src/core/resolver/xds/xds_dependency_manager.cc:17:
      ./src/core/lib/promise/detail/promise_factory.h:210:5: warning: ‘always_inline’ function might not be inlinable unless also declared ‘inline’ [-Wattributes]
        210 |     PromiseFactoryImpl(Token, F&& f) {
            |     ^~~~~~~~~~~~~~~~~~
      ./src/core/lib/promise/detail/promise_factory.h:210:5: warning: ‘always_inline’ function might not be inlinable unless also declared ‘inline’ [-Wattributes]
      ./src/core/lib/promise/detail/promise_factory.h:210:5: warning: ‘always_inline’ function might not be inlinable unless also declared ‘inline’ [-Wattributes]
      ./src/core/lib/promise/detail/promise_factory.h:210:5: warning: ‘always_inline’ function might not be inlinable unless also declared ‘inline’ [-Wattributes]
      ./src/core/lib/promise/detail/promise_factory.h:210:5: warning: ‘always_inline’ function might not be inlinable unless also declared ‘inline’ [-Wattributes]
      ./src/core/lib/promise/detail/promise_factory.h:210:5: warning: ‘always_inline’ function might not be inlinable unless also declared ‘inline’ [-Wattributes]
      ./src/core/lib/promise/detail/promise_factory.h:210:5: warning: ‘always_inline’ function might not be inlinable unless also declared ‘inline’ [-Wattributes]
      In file included from ./src/core/ext/transport/chttp2/transport/keepalive.h:21,
                       from ./src/core/ext/transport/chttp2/transport/http2_client_transport.h:47,
                       from src/core/ext/transport/chttp2/client/chttp2_connector.cc:57:
      ./src/core/lib/promise/loop.h:214:31: warning: attribute ignored in declaration of ‘union grpc_core::Loop<F, kYield>::<unnamed>’ [-Wattributes]
        214 |   GPR_NO_UNIQUE_ADDRESS union {
            |                               ^
      ./src/core/lib/promise/loop.h:214:31: note: attribute for ‘union grpc_core::Loop<F, kYield>::<unnamed>’ must follow the ‘union’ keyword
      In file included from ./src/core/lib/promise/activity.h:30,
                       from ./src/core/lib/resource_quota/memory_quota.h:39,
                       from ./src/core/lib/resource_quota/arena.h:39,
                       from ./src/core/util/chunked_vector.h:24,
                       from ./src/core/call/metadata_batch.h:41,
                       from src/core/server/xds_server_config_fetcher.cc:37:
      ./src/core/lib/promise/detail/promise_factory.h:210:5: warning: ‘always_inline’ function might not be inlinable unless also declared ‘inline’ [-Wattributes]
        210 |     PromiseFactoryImpl(Token, F&& f) {
            |     ^~~~~~~~~~~~~~~~~~
      ./src/core/lib/promise/detail/promise_factory.h:210:5: warning: ‘always_inline’ function might not be inlinable unless also declared ‘inline’ [-Wattributes]
      ./src/core/lib/promise/detail/promise_factory.h:210:5: warning: ‘always_inline’ function might not be inlinable unless also declared ‘inline’ [-Wattributes]
      ./src/core/lib/promise/detail/promise_factory.h:210:5: warning: ‘always_inline’ function might not be inlinable unless also declared ‘inline’ [-Wattributes]
      ./src/core/lib/promise/detail/promise_factory.h:210:5: warning: ‘always_inline’ function might not be inlinable unless also declared ‘inline’ [-Wattributes]
      ./src/core/lib/promise/detail/promise_factory.h:210:5: warning: ‘always_inline’ function might not be inlinable unless also declared ‘inline’ [-Wattributes]
      ./src/core/lib/promise/detail/promise_factory.h:210:5: warning: ‘always_inline’ function might not be inlinable unless also declared ‘inline’ [-Wattributes]
      g++ -fno-strict-overflow -Wsign-compare -DNDEBUG -g -O3 -Wall -fPIC -D_WIN32_WINNT=1536 -DGRPC_XDS_USER_AGENT_NAME_SUFFIX=\"Python\" -DGRPC_XDS_USER_AGENT_VERSION_SUFFIX=\"1.79.0.dev0\" -DHAVE_CONFIG_H=1 -DGRPC_ENABLE_FORK_SUPPORT=1 -DGRPC_ENABLE_FORK_SUPPORT_DEFAULT=false -DGRPC_PYTHON_BUILD=1 -D__STDC_FORMAT_MACROS "-DPyMODINIT_FUNC=extern \"C\" __attribute__((visibility (\"default\"))) PyObject*" -DGRPC_POSIX_FORK_ALLOW_PTHREAD_ATFORK=1 -Isrc/python/grpcio -Iinclude -I. -Ithird_party/abseil-cpp -Ithird_party/address_sorting/include -Ithird_party/cares/cares/include -Ithird_party/cares -Ithird_party/cares/cares -Ithird_party/cares/cares/src/lib/include -Ithird_party/cares/cares/src/lib -Ithird_party/cares/config_linux -Ithird_party/re2 -Ithird_party/boringssl-with-bazel/src/include -Ithird_party/upb -Isrc/core/ext/upb-gen -Isrc/core/ext/upbdefs-gen -Ithird_party/utf8_range -Ithird_party/xxhash -Ithird_party/zlib -I/usr/local/google/home/ssreenithi/.pyenv/versions/3.12.0/envs/pyvenv_312/include -I/usr/local/google/home/ssreenithi/.pyenv/versions/3.12.0/include/python3.12 -c src/core/credentials/transport/local/local_security_connector.cc -o pyb/temp.linux-x86_64-cpython-312/src/core/credentials/transport/local/local_security_connector.o -std=c++17 -fvisibility=hidden -fno-wrapv -fno-exceptions -pthread
      In file included from ./src/core/lib/promise/activity.h:30,
                       from ./src/core/call/call_state.h:23,
                       from ./src/core/call/call_filters.h:26,
                       from ./src/core/lib/surface/channel_init.h:31,
                       from ./src/core/config/core_configuration.h:29,
                       from ./src/core/client_channel/client_channel_service_config.h:27,
                       from src/core/client_channel/client_channel_service_config.cc:17:
      ./src/core/lib/promise/detail/promise_factory.h:210:5: warning: ‘always_inline’ function might not be inlinable unless also declared ‘inline’ [-Wattributes]
        210 |     PromiseFactoryImpl(Token, F&& f) {
            |     ^~~~~~~~~~~~~~~~~~
      ./src/core/lib/promise/detail/promise_factory.h:210:5: warning: ‘always_inline’ function might not be inlinable unless also declared ‘inline’ [-Wattributes]
      ./src/core/lib/promise/detail/promise_factory.h:210:5: warning: ‘always_inline’ function might not be inlinable unless also declared ‘inline’ [-Wattributes]
      ./src/core/lib/promise/detail/promise_factory.h:210:5: warning: ‘always_inline’ function might not be inlinable unless also declared ‘inline’ [-Wattributes]
      ./src/core/lib/promise/detail/promise_factory.h:210:5: warning: ‘always_inline’ function might not be inlinable unless also declared ‘inline’ [-Wattributes]
      ./src/core/lib/promise/detail/promise_factory.h:210:5: warning: ‘always_inline’ function might not be inlinable unless also declared ‘inline’ [-Wattributes]
      ./src/core/lib/promise/detail/promise_factory.h:210:5: warning: ‘always_inline’ function might not be inlinable unless also declared ‘inline’ [-Wattributes]
      gcc -fno-strict-overflow -Wsign-compare -DNDEBUG -g -O3 -Wall -fPIC -D_WIN32_WINNT=1536 -DGRPC_XDS_USER_AGENT_NAME_SUFFIX=\"Python\" -DGRPC_XDS_USER_AGENT_VERSION_SUFFIX=\"1.79.0.dev0\" -DHAVE_CONFIG_H=1 -DGRPC_ENABLE_FORK_SUPPORT=1 -DGRPC_ENABLE_FORK_SUPPORT_DEFAULT=false -DGRPC_PYTHON_BUILD=1 -D__STDC_FORMAT_MACROS "-DPyMODINIT_FUNC=extern \"C\" __attribute__((visibility (\"default\"))) PyObject*" -DGRPC_POSIX_FORK_ALLOW_PTHREAD_ATFORK=1 -Isrc/python/grpcio -Iinclude -I. -Ithird_party/abseil-cpp -Ithird_party/address_sorting/include -Ithird_party/cares/cares/include -Ithird_party/cares -Ithird_party/cares/cares -Ithird_party/cares/cares/src/lib/include -Ithird_party/cares/cares/src/lib -Ithird_party/cares/config_linux -Ithird_party/re2 -Ithird_party/boringssl-with-bazel/src/include -Ithird_party/upb -Isrc/core/ext/upb-gen -Isrc/core/ext/upbdefs-gen -Ithird_party/utf8_range -Ithird_party/xxhash -Ithird_party/zlib -I/usr/local/google/home/ssreenithi/.pyenv/versions/3.12.0/envs/pyvenv_312/include -I/usr/local/google/home/ssreenithi/.pyenv/versions/3.12.0/include/python3.12 -c src/core/ext/upb-gen/envoy/admin/v3/clusters.upb_minitable.c -o pyb/temp.linux-x86_64-cpython-312/src/core/ext/upb-gen/envoy/admin/v3/clusters.upb_minitable.o -fvisibility=hidden -fno-wrapv -fno-exceptions -pthread
      In file included from ./src/core/lib/promise/activity.h:30,
                       from ./src/core/lib/resource_quota/memory_quota.h:39,
                       from ./src/core/lib/event_engine/extensions/chaotic_good_extension.h:20,
                       from ./src/core/lib/transport/promise_endpoint.h:33,
                       from ./src/core/ext/transport/chttp2/transport/write_cycle.h:32,
                       from src/core/ext/transport/chttp2/transport/write_cycle.cc:19:
      ./src/core/lib/promise/detail/promise_factory.h:210:5: warning: ‘always_inline’ function might not be inlinable unless also declared ‘inline’ [-Wattributes]
        210 |     PromiseFactoryImpl(Token, F&& f) {
            |     ^~~~~~~~~~~~~~~~~~
      ./src/core/lib/promise/detail/promise_factory.h:210:5: warning: ‘always_inline’ function might not be inlinable unless also declared ‘inline’ [-Wattributes]
      ./src/core/lib/promise/detail/promise_factory.h:210:5: warning: ‘always_inline’ function might not be inlinable unless also declared ‘inline’ [-Wattributes]
      ./src/core/lib/promise/detail/promise_factory.h:210:5: warning: ‘always_inline’ function might not be inlinable unless also declared ‘inline’ [-Wattributes]
      gcc -fno-strict-overflow -Wsign-compare -DNDEBUG -g -O3 -Wall -fPIC -D_WIN32_WINNT=1536 -DGRPC_XDS_USER_AGENT_NAME_SUFFIX=\"Python\" -DGRPC_XDS_USER_AGENT_VERSION_SUFFIX=\"1.79.0.dev0\" -DHAVE_CONFIG_H=1 -DGRPC_ENABLE_FORK_SUPPORT=1 -DGRPC_ENABLE_FORK_SUPPORT_DEFAULT=false -DGRPC_PYTHON_BUILD=1 -D__STDC_FORMAT_MACROS "-DPyMODINIT_FUNC=extern \"C\" __attribute__((visibility (\"default\"))) PyObject*" -DGRPC_POSIX_FORK_ALLOW_PTHREAD_ATFORK=1 -Isrc/python/grpcio -Iinclude -I. -Ithird_party/abseil-cpp -Ithird_party/address_sorting/include -Ithird_party/cares/cares/include -Ithird_party/cares -Ithird_party/cares/cares -Ithird_party/cares/cares/src/lib/include -Ithird_party/cares/cares/src/lib -Ithird_party/cares/config_linux -Ithird_party/re2 -Ithird_party/boringssl-with-bazel/src/include -Ithird_party/upb -Isrc/core/ext/upb-gen -Isrc/core/ext/upbdefs-gen -Ithird_party/utf8_range -Ithird_party/xxhash -Ithird_party/zlib -I/usr/local/google/home/ssreenithi/.pyenv/versions/3.12.0/envs/pyvenv_312/include -I/usr/local/google/home/ssreenithi/.pyenv/versions/3.12.0/include/python3.12 -c src/core/ext/upb-gen/envoy/admin/v3/config_dump.upb_minitable.c -o pyb/temp.linux-x86_64-cpython-312/src/core/ext/upb-gen/envoy/admin/v3/config_dump.upb_minitable.o -fvisibility=hidden -fno-wrapv -fno-exceptions -pthread
      In file included from ./src/core/lib/promise/activity.h:30,
                       from ./src/core/call/call_state.h:23,
                       from ./src/core/call/call_filters.h:26,
                       from ./src/core/lib/surface/channel_init.h:31,
                       from ./src/core/config/core_configuration.h:29,
                       from ./src/core/resolver/dns/dns_resolver_plugin.h:18,
                       from src/core/resolver/dns/dns_resolver_plugin.cc:14:
      ./src/core/lib/promise/detail/promise_factory.h:210:5: warning: ‘always_inline’ function might not be inlinable unless also declared ‘inline’ [-Wattributes]
        210 |     PromiseFactoryImpl(Token, F&& f) {
            |     ^~~~~~~~~~~~~~~~~~
      ./src/core/lib/promise/detail/promise_factory.h:210:5: warning: ‘always_inline’ function might not be inlinable unless also declared ‘inline’ [-Wattributes]
      ./src/core/lib/promise/detail/promise_factory.h:210:5: warning: ‘always_inline’ function might not be inlinable unless also declared ‘inline’ [-Wattributes]
      ./src/core/lib/promise/detail/promise_factory.h:210:5: warning: ‘always_inline’ function might not be inlinable unless also declared ‘inline’ [-Wattributes]
      ./src/core/lib/promise/detail/promise_factory.h:210:5: warning: ‘always_inline’ function might not be inlinable unless also declared ‘inline’ [-Wattributes]
      ./src/core/lib/promise/detail/promise_factory.h:210:5: warning: ‘always_inline’ function might not be inlinable unless also declared ‘inline’ [-Wattributes]
      ./src/core/lib/promise/detail/promise_factory.h:210:5: warning: ‘always_inline’ function might not be inlinable unless also declared ‘inline’ [-Wattributes]
      g++ -fno-strict-overflow -Wsign-compare -DNDEBUG -g -O3 -Wall -fPIC -D_WIN32_WINNT=1536 -DGRPC_XDS_USER_AGENT_NAME_SUFFIX=\"Python\" -DGRPC_XDS_USER_AGENT_VERSION_SUFFIX=\"1.79.0.dev0\" -DHAVE_CONFIG_H=1 -DGRPC_ENABLE_FORK_SUPPORT=1 -DGRPC_ENABLE_FORK_SUPPORT_DEFAULT=false -DGRPC_PYTHON_BUILD=1 -D__STDC_FORMAT_MACROS "-DPyMODINIT_FUNC=extern \"C\" __attribute__((visibility (\"default\"))) PyObject*" -DGRPC_POSIX_FORK_ALLOW_PTHREAD_ATFORK=1 -Isrc/python/grpcio -Iinclude -I. -Ithird_party/abseil-cpp -Ithird_party/address_sorting/include -Ithird_party/cares/cares/include -Ithird_party/cares -Ithird_party/cares/cares -Ithird_party/cares/cares/src/lib/include -Ithird_party/cares/cares/src/lib -Ithird_party/cares/config_linux -Ithird_party/re2 -Ithird_party/boringssl-with-bazel/src/include -Ithird_party/upb -Isrc/core/ext/upb-gen -Isrc/core/ext/upbdefs-gen -Ithird_party/utf8_range -Ithird_party/xxhash -Ithird_party/zlib -I/usr/local/google/home/ssreenithi/.pyenv/versions/3.12.0/envs/pyvenv_312/include -I/usr/local/google/home/ssreenithi/.pyenv/versions/3.12.0/include/python3.12 -c src/core/lib/event_engine/posix_engine/posix_write_event_sink.cc -o pyb/temp.linux-x86_64-cpython-312/src/core/lib/event_engine/posix_engine/posix_write_event_sink.o -std=c++17 -fvisibility=hidden -fno-wrapv -fno-exceptions -pthread
      In file included from ./src/core/lib/promise/activity.h:30,
                       from ./src/core/lib/resource_quota/memory_quota.h:39,
                       from ./src/core/lib/resource_quota/arena.h:39,
                       from ./src/core/lib/promise/arena_promise.h:28,
                       from ./src/core/credentials/transport/security_connector.h:36,
                       from ./src/core/credentials/call/call_credentials.h:31,
                       from ./src/core/credentials/call/call_creds_util.h:26,
                       from src/core/credentials/call/call_creds_util.cc:17:
      ./src/core/lib/promise/detail/promise_factory.h:210:5: warning: ‘always_inline’ function might not be inlinable unless also declared ‘inline’ [-Wattributes]
        210 |     PromiseFactoryImpl(Token, F&& f) {
            |     ^~~~~~~~~~~~~~~~~~
      ./src/core/lib/promise/detail/promise_factory.h:210:5: warning: ‘always_inline’ function might not be inlinable unless also declared ‘inline’ [-Wattributes]
      ./src/core/lib/promise/detail/promise_factory.h:210:5: warning: ‘always_inline’ function might not be inlinable unless also declared ‘inline’ [-Wattributes]
      ./src/core/lib/promise/detail/promise_factory.h:210:5: warning: ‘always_inline’ function might not be inlinable unless also declared ‘inline’ [-Wattributes]
      ./src/core/lib/promise/detail/promise_factory.h:210:5: warning: ‘always_inline’ function might not be inlinable unless also declared ‘inline’ [-Wattributes]
      ./src/core/lib/promise/detail/promise_factory.h:210:5: warning: ‘always_inline’ function might not be inlinable unless also declared ‘inline’ [-Wattributes]
      ./src/core/lib/promise/detail/promise_factory.h:210:5: warning: ‘always_inline’ function might not be inlinable unless also declared ‘inline’ [-Wattributes]
      gcc -fno-strict-overflow -Wsign-compare -DNDEBUG -g -O3 -Wall -fPIC -D_WIN32_WINNT=1536 -DGRPC_XDS_USER_AGENT_NAME_SUFFIX=\"Python\" -DGRPC_XDS_USER_AGENT_VERSION_SUFFIX=\"1.79.0.dev0\" -DHAVE_CONFIG_H=1 -DGRPC_ENABLE_FORK_SUPPORT=1 -DGRPC_ENABLE_FORK_SUPPORT_DEFAULT=false -DGRPC_PYTHON_BUILD=1 -D__STDC_FORMAT_MACROS "-DPyMODINIT_FUNC=extern \"C\" __attribute__((visibility (\"default\"))) PyObject*" -DGRPC_POSIX_FORK_ALLOW_PTHREAD_ATFORK=1 -Isrc/python/grpcio -Iinclude -I. -Ithird_party/abseil-cpp -Ithird_party/address_sorting/include -Ithird_party/cares/cares/include -Ithird_party/cares -Ithird_party/cares/cares -Ithird_party/cares/cares/src/lib/include -Ithird_party/cares/cares/src/lib -Ithird_party/cares/config_linux -Ithird_party/re2 -Ithird_party/boringssl-with-bazel/src/include -Ithird_party/upb -Isrc/core/ext/upb-gen -Isrc/core/ext/upbdefs-gen -Ithird_party/utf8_range -Ithird_party/xxhash -Ithird_party/zlib -I/usr/local/google/home/ssreenithi/.pyenv/versions/3.12.0/envs/pyvenv_312/include -I/usr/local/google/home/ssreenithi/.pyenv/versions/3.12.0/include/python3.12 -c src/core/ext/upb-gen/envoy/admin/v3/config_dump_shared.upb_minitable.c -o pyb/temp.linux-x86_64-cpython-312/src/core/ext/upb-gen/envoy/admin/v3/config_dump_shared.upb_minitable.o -fvisibility=hidden -fno-wrapv -fno-exceptions -pthread
      g++ -fno-strict-overflow -Wsign-compare -DNDEBUG -g -O3 -Wall -fPIC -D_WIN32_WINNT=1536 -DGRPC_XDS_USER_AGENT_NAME_SUFFIX=\"Python\" -DGRPC_XDS_USER_AGENT_VERSION_SUFFIX=\"1.79.0.dev0\" -DHAVE_CONFIG_H=1 -DGRPC_ENABLE_FORK_SUPPORT=1 -DGRPC_ENABLE_FORK_SUPPORT_DEFAULT=false -DGRPC_PYTHON_BUILD=1 -D__STDC_FORMAT_MACROS "-DPyMODINIT_FUNC=extern \"C\" __attribute__((visibility (\"default\"))) PyObject*" -DGRPC_POSIX_FORK_ALLOW_PTHREAD_ATFORK=1 -Isrc/python/grpcio -Iinclude -I. -Ithird_party/abseil-cpp -Ithird_party/address_sorting/include -Ithird_party/cares/cares/include -Ithird_party/cares -Ithird_party/cares/cares -Ithird_party/cares/cares/src/lib/include -Ithird_party/cares/cares/src/lib -Ithird_party/cares/config_linux -Ithird_party/re2 -Ithird_party/boringssl-with-bazel/src/include -Ithird_party/upb -Isrc/core/ext/upb-gen -Isrc/core/ext/upbdefs-gen -Ithird_party/utf8_range -Ithird_party/xxhash -Ithird_party/zlib -I/usr/local/google/home/ssreenithi/.pyenv/versions/3.12.0/envs/pyvenv_312/include -I/usr/local/google/home/ssreenithi/.pyenv/versions/3.12.0/include/python3.12 -c src/core/lib/event_engine/cf_engine/cf_engine.cc -o pyb/temp.linux-x86_64-cpython-312/src/core/lib/event_engine/cf_engine/cf_engine.o -std=c++17 -fvisibility=hidden -fno-wrapv -fno-exceptions -pthread
      g++ -fno-strict-overflow -Wsign-compare -DNDEBUG -g -O3 -Wall -fPIC -D_WIN32_WINNT=1536 -DGRPC_XDS_USER_AGENT_NAME_SUFFIX=\"Python\" -DGRPC_XDS_USER_AGENT_VERSION_SUFFIX=\"1.79.0.dev0\" -DHAVE_CONFIG_H=1 -DGRPC_ENABLE_FORK_SUPPORT=1 -DGRPC_ENABLE_FORK_SUPPORT_DEFAULT=false -DGRPC_PYTHON_BUILD=1 -D__STDC_FORMAT_MACROS "-DPyMODINIT_FUNC=extern \"C\" __attribute__((visibility (\"default\"))) PyObject*" -DGRPC_POSIX_FORK_ALLOW_PTHREAD_ATFORK=1 -Isrc/python/grpcio -Iinclude -I. -Ithird_party/abseil-cpp -Ithird_party/address_sorting/include -Ithird_party/cares/cares/include -Ithird_party/cares -Ithird_party/cares/cares -Ithird_party/cares/cares/src/lib/include -Ithird_party/cares/cares/src/lib -Ithird_party/cares/config_linux -Ithird_party/re2 -Ithird_party/boringssl-with-bazel/src/include -Ithird_party/upb -Isrc/core/ext/upb-gen -Isrc/core/ext/upbdefs-gen -Ithird_party/utf8_range -Ithird_party/xxhash -Ithird_party/zlib -I/usr/local/google/home/ssreenithi/.pyenv/versions/3.12.0/envs/pyvenv_312/include -I/usr/local/google/home/ssreenithi/.pyenv/versions/3.12.0/include/python3.12 -c src/core/lib/event_engine/cf_engine/cfsocket_listener.cc -o pyb/temp.linux-x86_64-cpython-312/src/core/lib/event_engine/cf_engine/cfsocket_listener.o -std=c++17 -fvisibility=hidden -fno-wrapv -fno-exceptions -pthread
      g++ -fno-strict-overflow -Wsign-compare -DNDEBUG -g -O3 -Wall -fPIC -D_WIN32_WINNT=1536 -DGRPC_XDS_USER_AGENT_NAME_SUFFIX=\"Python\" -DGRPC_XDS_USER_AGENT_VERSION_SUFFIX=\"1.79.0.dev0\" -DHAVE_CONFIG_H=1 -DGRPC_ENABLE_FORK_SUPPORT=1 -DGRPC_ENABLE_FORK_SUPPORT_DEFAULT=false -DGRPC_PYTHON_BUILD=1 -D__STDC_FORMAT_MACROS "-DPyMODINIT_FUNC=extern \"C\" __attribute__((visibility (\"default\"))) PyObject*" -DGRPC_POSIX_FORK_ALLOW_PTHREAD_ATFORK=1 -Isrc/python/grpcio -Iinclude -I. -Ithird_party/abseil-cpp -Ithird_party/address_sorting/include -Ithird_party/cares/cares/include -Ithird_party/cares -Ithird_party/cares/cares -Ithird_party/cares/cares/src/lib/include -Ithird_party/cares/cares/src/lib -Ithird_party/cares/config_linux -Ithird_party/re2 -Ithird_party/boringssl-with-bazel/src/include -Ithird_party/upb -Isrc/core/ext/upb-gen -Isrc/core/ext/upbdefs-gen -Ithird_party/utf8_range -Ithird_party/xxhash -Ithird_party/zlib -I/usr/local/google/home/ssreenithi/.pyenv/versions/3.12.0/envs/pyvenv_312/include -I/usr/local/google/home/ssreenithi/.pyenv/versions/3.12.0/include/python3.12 -c src/core/lib/iomgr/wakeup_fd_posix.cc -o pyb/temp.linux-x86_64-cpython-312/src/core/lib/iomgr/wakeup_fd_posix.o -std=c++17 -fvisibility=hidden -fno-wrapv -fno-exceptions -pthread
      g++ -fno-strict-overflow -Wsign-compare -DNDEBUG -g -O3 -Wall -fPIC -D_WIN32_WINNT=1536 -DGRPC_XDS_USER_AGENT_NAME_SUFFIX=\"Python\" -DGRPC_XDS_USER_AGENT_VERSION_SUFFIX=\"1.79.0.dev0\" -DHAVE_CONFIG_H=1 -DGRPC_ENABLE_FORK_SUPPORT=1 -DGRPC_ENABLE_FORK_SUPPORT_DEFAULT=false -DGRPC_PYTHON_BUILD=1 -D__STDC_FORMAT_MACROS "-DPyMODINIT_FUNC=extern \"C\" __attribute__((visibility (\"default\"))) PyObject*" -DGRPC_POSIX_FORK_ALLOW_PTHREAD_ATFORK=1 -Isrc/python/grpcio -Iinclude -I. -Ithird_party/abseil-cpp -Ithird_party/address_sorting/include -Ithird_party/cares/cares/include -Ithird_party/cares -Ithird_party/cares/cares -Ithird_party/cares/cares/src/lib/include -Ithird_party/cares/cares/src/lib -Ithird_party/cares/config_linux -Ithird_party/re2 -Ithird_party/boringssl-with-bazel/src/include -Ithird_party/upb -Isrc/core/ext/upb-gen -Isrc/core/ext/upbdefs-gen -Ithird_party/utf8_range -Ithird_party/xxhash -Ithird_party/zlib -I/usr/local/google/home/ssreenithi/.pyenv/versions/3.12.0/envs/pyvenv_312/include -I/usr/local/google/home/ssreenithi/.pyenv/versions/3.12.0/include/python3.12 -c src/core/lib/surface/byte_buffer_reader.cc -o pyb/temp.linux-x86_64-cpython-312/src/core/lib/surface/byte_buffer_reader.o -std=c++17 -fvisibility=hidden -fno-wrapv -fno-exceptions -pthread
      g++ -fno-strict-overflow -Wsign-compare -DNDEBUG -g -O3 -Wall -fPIC -D_WIN32_WINNT=1536 -DGRPC_XDS_USER_AGENT_NAME_SUFFIX=\"Python\" -DGRPC_XDS_USER_AGENT_VERSION_SUFFIX=\"1.79.0.dev0\" -DHAVE_CONFIG_H=1 -DGRPC_ENABLE_FORK_SUPPORT=1 -DGRPC_ENABLE_FORK_SUPPORT_DEFAULT=false -DGRPC_PYTHON_BUILD=1 -D__STDC_FORMAT_MACROS "-DPyMODINIT_FUNC=extern \"C\" __attribute__((visibility (\"default\"))) PyObject*" -DGRPC_POSIX_FORK_ALLOW_PTHREAD_ATFORK=1 -Isrc/python/grpcio -Iinclude -I. -Ithird_party/abseil-cpp -Ithird_party/address_sorting/include -Ithird_party/cares/cares/include -Ithird_party/cares -Ithird_party/cares/cares -Ithird_party/cares/cares/src/lib/include -Ithird_party/cares/cares/src/lib -Ithird_party/cares/config_linux -Ithird_party/re2 -Ithird_party/boringssl-with-bazel/src/include -Ithird_party/upb -Isrc/core/ext/upb-gen -Isrc/core/ext/upbdefs-gen -Ithird_party/utf8_range -Ithird_party/xxhash -Ithird_party/zlib -I/usr/local/google/home/ssreenithi/.pyenv/versions/3.12.0/envs/pyvenv_312/include -I/usr/local/google/home/ssreenithi/.pyenv/versions/3.12.0/include/python3.12 -c src/core/lib/event_engine/cf_engine/cfstream_endpoint.cc -o pyb/temp.linux-x86_64-cpython-312/src/core/lib/event_engine/cf_engine/cfstream_endpoint.o -std=c++17 -fvisibility=hidden -fno-wrapv -fno-exceptions -pthread
      g++ -fno-strict-overflow -Wsign-compare -DNDEBUG -g -O3 -Wall -fPIC -D_WIN32_WINNT=1536 -DGRPC_XDS_USER_AGENT_NAME_SUFFIX=\"Python\" -DGRPC_XDS_USER_AGENT_VERSION_SUFFIX=\"1.79.0.dev0\" -DHAVE_CONFIG_H=1 -DGRPC_ENABLE_FORK_SUPPORT=1 -DGRPC_ENABLE_FORK_SUPPORT_DEFAULT=false -DGRPC_PYTHON_BUILD=1 -D__STDC_FORMAT_MACROS "-DPyMODINIT_FUNC=extern \"C\" __attribute__((visibility (\"default\"))) PyObject*" -DGRPC_POSIX_FORK_ALLOW_PTHREAD_ATFORK=1 -Isrc/python/grpcio -Iinclude -I. -Ithird_party/abseil-cpp -Ithird_party/address_sorting/include -Ithird_party/cares/cares/include -Ithird_party/cares -Ithird_party/cares/cares -Ithird_party/cares/cares/src/lib/include -Ithird_party/cares/cares/src/lib -Ithird_party/cares/config_linux -Ithird_party/re2 -Ithird_party/boringssl-with-bazel/src/include -Ithird_party/upb -Isrc/core/ext/upb-gen -Isrc/core/ext/upbdefs-gen -Ithird_party/utf8_range -Ithird_party/xxhash -Ithird_party/zlib -I/usr/local/google/home/ssreenithi/.pyenv/versions/3.12.0/envs/pyvenv_312/include -I/usr/local/google/home/ssreenithi/.pyenv/versions/3.12.0/include/python3.12 -c src/core/util/examine_stack.cc -o pyb/temp.linux-x86_64-cpython-312/src/core/util/examine_stack.o -std=c++17 -fvisibility=hidden -fno-wrapv -fno-exceptions -pthread
      In file included from ./src/core/lib/promise/activity.h:30,
                       from ./src/core/lib/resource_quota/memory_quota.h:39,
                       from ./src/core/ext/transport/chttp2/transport/flow_control.h:36,
                       from src/core/ext/transport/chttp2/transport/frame_settings.cc:27:
      ./src/core/lib/promise/detail/promise_factory.h:210:5: warning: ‘always_inline’ function might not be inlinable unless also declared ‘inline’ [-Wattributes]
        210 |     PromiseFactoryImpl(Token, F&& f) {
            |     ^~~~~~~~~~~~~~~~~~
      ./src/core/lib/promise/detail/promise_factory.h:210:5: warning: ‘always_inline’ function might not be inlinable unless also declared ‘inline’ [-Wattributes]
      ./src/core/lib/promise/detail/promise_factory.h:210:5: warning: ‘always_inline’ function might not be inlinable unless also declared ‘inline’ [-Wattributes]
      ./src/core/lib/promise/detail/promise_factory.h:210:5: warning: ‘always_inline’ function might not be inlinable unless also declared ‘inline’ [-Wattributes]
      ./src/core/lib/promise/detail/promise_factory.h:210:5: warning: ‘always_inline’ function might not be inlinable unless also declared ‘inline’ [-Wattributes]
      ./src/core/lib/promise/detail/promise_factory.h:210:5: warning: ‘always_inline’ function might not be inlinable unless also declared ‘inline’ [-Wattributes]
      ./src/core/lib/promise/detail/promise_factory.h:210:5: warning: ‘always_inline’ function might not be inlinable unless also declared ‘inline’ [-Wattributes]
      g++ -fno-strict-overflow -Wsign-compare -DNDEBUG -g -O3 -Wall -fPIC -D_WIN32_WINNT=1536 -DGRPC_XDS_USER_AGENT_NAME_SUFFIX=\"Python\" -DGRPC_XDS_USER_AGENT_VERSION_SUFFIX=\"1.79.0.dev0\" -DHAVE_CONFIG_H=1 -DGRPC_ENABLE_FORK_SUPPORT=1 -DGRPC_ENABLE_FORK_SUPPORT_DEFAULT=false -DGRPC_PYTHON_BUILD=1 -D__STDC_FORMAT_MACROS "-DPyMODINIT_FUNC=extern \"C\" __attribute__((visibility (\"default\"))) PyObject*" -DGRPC_POSIX_FORK_ALLOW_PTHREAD_ATFORK=1 -Isrc/python/grpcio -Iinclude -I. -Ithird_party/abseil-cpp -Ithird_party/address_sorting/include -Ithird_party/cares/cares/include -Ithird_party/cares -Ithird_party/cares/cares -Ithird_party/cares/cares/src/lib/include -Ithird_party/cares/cares/src/lib -Ithird_party/cares/config_linux -Ithird_party/re2 -Ithird_party/boringssl-with-bazel/src/include -Ithird_party/upb -Isrc/core/ext/upb-gen -Isrc/core/ext/upbdefs-gen -Ithird_party/utf8_range -Ithird_party/xxhash -Ithird_party/zlib -I/usr/local/google/home/ssreenithi/.pyenv/versions/3.12.0/envs/pyvenv_312/include -I/usr/local/google/home/ssreenithi/.pyenv/versions/3.12.0/include/python3.12 -c src/core/lib/event_engine/cf_engine/dns_service_resolver.cc -o pyb/temp.linux-x86_64-cpython-312/src/core/lib/event_engine/cf_engine/dns_service_resolver.o -std=c++17 -fvisibility=hidden -fno-wrapv -fno-exceptions -pthread
      g++ -fno-strict-overflow -Wsign-compare -DNDEBUG -g -O3 -Wall -fPIC -D_WIN32_WINNT=1536 -DGRPC_XDS_USER_AGENT_NAME_SUFFIX=\"Python\" -DGRPC_XDS_USER_AGENT_VERSION_SUFFIX=\"1.79.0.dev0\" -DHAVE_CONFIG_H=1 -DGRPC_ENABLE_FORK_SUPPORT=1 -DGRPC_ENABLE_FORK_SUPPORT_DEFAULT=false -DGRPC_PYTHON_BUILD=1 -D__STDC_FORMAT_MACROS "-DPyMODINIT_FUNC=extern \"C\" __attribute__((visibility (\"default\"))) PyObject*" -DGRPC_POSIX_FORK_ALLOW_PTHREAD_ATFORK=1 -Isrc/python/grpcio -Iinclude -I. -Ithird_party/abseil-cpp -Ithird_party/address_sorting/include -Ithird_party/cares/cares/include -Ithird_party/cares -Ithird_party/cares/cares -Ithird_party/cares/cares/src/lib/include -Ithird_party/cares/cares/src/lib -Ithird_party/cares/config_linux -Ithird_party/re2 -Ithird_party/boringssl-with-bazel/src/include -Ithird_party/upb -Isrc/core/ext/upb-gen -Isrc/core/ext/upbdefs-gen -Ithird_party/utf8_range -Ithird_party/xxhash -Ithird_party/zlib -I/usr/local/google/home/ssreenithi/.pyenv/versions/3.12.0/envs/pyvenv_312/include -I/usr/local/google/home/ssreenithi/.pyenv/versions/3.12.0/include/python3.12 -c src/core/client_channel/retry_filter_legacy_call_data.cc -o pyb/temp.linux-x86_64-cpython-312/src/core/client_channel/retry_filter_legacy_call_data.o -std=c++17 -fvisibility=hidden -fno-wrapv -fno-exceptions -pthread
      g++ -fno-strict-overflow -Wsign-compare -DNDEBUG -g -O3 -Wall -fPIC -D_WIN32_WINNT=1536 -DGRPC_XDS_USER_AGENT_NAME_SUFFIX=\"Python\" -DGRPC_XDS_USER_AGENT_VERSION_SUFFIX=\"1.79.0.dev0\" -DHAVE_CONFIG_H=1 -DGRPC_ENABLE_FORK_SUPPORT=1 -DGRPC_ENABLE_FORK_SUPPORT_DEFAULT=false -DGRPC_PYTHON_BUILD=1 -D__STDC_FORMAT_MACROS "-DPyMODINIT_FUNC=extern \"C\" __attribute__((visibility (\"default\"))) PyObject*" -DGRPC_POSIX_FORK_ALLOW_PTHREAD_ATFORK=1 -Isrc/python/grpcio -Iinclude -I. -Ithird_party/abseil-cpp -Ithird_party/address_sorting/include -Ithird_party/cares/cares/include -Ithird_party/cares -Ithird_party/cares/cares -Ithird_party/cares/cares/src/lib/include -Ithird_party/cares/cares/src/lib -Ithird_party/cares/config_linux -Ithird_party/re2 -Ithird_party/boringssl-with-bazel/src/include -Ithird_party/upb -Isrc/core/ext/upb-gen -Isrc/core/ext/upbdefs-gen -Ithird_party/utf8_range -Ithird_party/xxhash -Ithird_party/zlib -I/usr/local/google/home/ssreenithi/.pyenv/versions/3.12.0/envs/pyvenv_312/include -I/usr/local/google/home/ssreenithi/.pyenv/versions/3.12.0/include/python3.12 -c src/core/lib/channel/channel_args.cc -o pyb/temp.linux-x86_64-cpython-312/src/core/lib/channel/channel_args.o -std=c++17 -fvisibility=hidden -fno-wrapv -fno-exceptions -pthread
      g++ -fno-strict-overflow -Wsign-compare -DNDEBUG -g -O3 -Wall -fPIC -D_WIN32_WINNT=1536 -DGRPC_XDS_USER_AGENT_NAME_SUFFIX=\"Python\" -DGRPC_XDS_USER_AGENT_VERSION_SUFFIX=\"1.79.0.dev0\" -DHAVE_CONFIG_H=1 -DGRPC_ENABLE_FORK_SUPPORT=1 -DGRPC_ENABLE_FORK_SUPPORT_DEFAULT=false -DGRPC_PYTHON_BUILD=1 -D__STDC_FORMAT_MACROS "-DPyMODINIT_FUNC=extern \"C\" __attribute__((visibility (\"default\"))) PyObject*" -DGRPC_POSIX_FORK_ALLOW_PTHREAD_ATFORK=1 -Isrc/python/grpcio -Iinclude -I. -Ithird_party/abseil-cpp -Ithird_party/address_sorting/include -Ithird_party/cares/cares/include -Ithird_party/cares -Ithird_party/cares/cares -Ithird_party/cares/cares/src/lib/include -Ithird_party/cares/cares/src/lib -Ithird_party/cares/config_linux -Ithird_party/re2 -Ithird_party/boringssl-with-bazel/src/include -Ithird_party/upb -Isrc/core/ext/upb-gen -Isrc/core/ext/upbdefs-gen -Ithird_party/utf8_range -Ithird_party/xxhash -Ithird_party/zlib -I/usr/local/google/home/ssreenithi/.pyenv/versions/3.12.0/envs/pyvenv_312/include -I/usr/local/google/home/ssreenithi/.pyenv/versions/3.12.0/include/python3.12 -c src/core/config/core_configuration.cc -o pyb/temp.linux-x86_64-cpython-312/src/core/config/core_configuration.o -std=c++17 -fvisibility=hidden -fno-wrapv -fno-exceptions -pthread
      g++ -fno-strict-overflow -Wsign-compare -DNDEBUG -g -O3 -Wall -fPIC -D_WIN32_WINNT=1536 -DGRPC_XDS_USER_AGENT_NAME_SUFFIX=\"Python\" -DGRPC_XDS_USER_AGENT_VERSION_SUFFIX=\"1.79.0.dev0\" -DHAVE_CONFIG_H=1 -DGRPC_ENABLE_FORK_SUPPORT=1 -DGRPC_ENABLE_FORK_SUPPORT_DEFAULT=false -DGRPC_PYTHON_BUILD=1 -D__STDC_FORMAT_MACROS "-DPyMODINIT_FUNC=extern \"C\" __attribute__((visibility (\"default\"))) PyObject*" -DGRPC_POSIX_FORK_ALLOW_PTHREAD_ATFORK=1 -Isrc/python/grpcio -Iinclude -I. -Ithird_party/abseil-cpp -Ithird_party/address_sorting/include -Ithird_party/cares/cares/include -Ithird_party/cares -Ithird_party/cares/cares -Ithird_party/cares/cares/src/lib/include -Ithird_party/cares/cares/src/lib -Ithird_party/cares/config_linux -Ithird_party/re2 -Ithird_party/boringssl-with-bazel/src/include -Ithird_party/upb -Isrc/core/ext/upb-gen -Isrc/core/ext/upbdefs-gen -Ithird_party/utf8_range -Ithird_party/xxhash -Ithird_party/zlib -I/usr/local/google/home/ssreenithi/.pyenv/versions/3.12.0/envs/pyvenv_312/include -I/usr/local/google/home/ssreenithi/.pyenv/versions/3.12.0/include/python3.12 -c src/core/lib/iomgr/socket_utils_common_posix.cc -o pyb/temp.linux-x86_64-cpython-312/src/core/lib/iomgr/socket_utils_common_posix.o -std=c++17 -fvisibility=hidden -fno-wrapv -fno-exceptions -pthread
      g++ -fno-strict-overflow -Wsign-compare -DNDEBUG -g -O3 -Wall -fPIC -D_WIN32_WINNT=1536 -DGRPC_XDS_USER_AGENT_NAME_SUFFIX=\"Python\" -DGRPC_XDS_USER_AGENT_VERSION_SUFFIX=\"1.79.0.dev0\" -DHAVE_CONFIG_H=1 -DGRPC_ENABLE_FORK_SUPPORT=1 -DGRPC_ENABLE_FORK_SUPPORT_DEFAULT=false -DGRPC_PYTHON_BUILD=1 -D__STDC_FORMAT_MACROS "-DPyMODINIT_FUNC=extern \"C\" __attribute__((visibility (\"default\"))) PyObject*" -DGRPC_POSIX_FORK_ALLOW_PTHREAD_ATFORK=1 -Isrc/python/grpcio -Iinclude -I. -Ithird_party/abseil-cpp -Ithird_party/address_sorting/include -Ithird_party/cares/cares/include -Ithird_party/cares -Ithird_party/cares/cares -Ithird_party/cares/cares/src/lib/include -Ithird_party/cares/cares/src/lib -Ithird_party/cares/config_linux -Ithird_party/re2 -Ithird_party/boringssl-with-bazel/src/include -Ithird_party/upb -Isrc/core/ext/upb-gen -Isrc/core/ext/upbdefs-gen -Ithird_party/utf8_range -Ithird_party/xxhash -Ithird_party/zlib -I/usr/local/google/home/ssreenithi/.pyenv/versions/3.12.0/envs/pyvenv_312/include -I/usr/local/google/home/ssreenithi/.pyenv/versions/3.12.0/include/python3.12 -c src/core/lib/event_engine/channel_args_endpoint_config.cc -o pyb/temp.linux-x86_64-cpython-312/src/core/lib/event_engine/channel_args_endpoint_config.o -std=c++17 -fvisibility=hidden -fno-wrapv -fno-exceptions -pthread
      In file included from ./src/core/lib/promise/activity.h:30,
                       from ./src/core/lib/resource_quota/memory_quota.h:39,
                       from ./src/core/lib/resource_quota/arena.h:39,
                       from ./src/core/lib/event_engine/event_engine_context.h:21,
                       from ./src/core/lib/promise/party.h:31,
                       from src/core/lib/promise/party.cc:15:
      ./src/core/lib/promise/detail/promise_factory.h:210:5: warning: ‘always_inline’ function might not be inlinable unless also declared ‘inline’ [-Wattributes]
        210 |     PromiseFactoryImpl(Token, F&& f) {
            |     ^~~~~~~~~~~~~~~~~~
      g++ -fno-strict-overflow -Wsign-compare -DNDEBUG -g -O3 -Wall -fPIC -D_WIN32_WINNT=1536 -DGRPC_XDS_USER_AGENT_NAME_SUFFIX=\"Python\" -DGRPC_XDS_USER_AGENT_VERSION_SUFFIX=\"1.79.0.dev0\" -DHAVE_CONFIG_H=1 -DGRPC_ENABLE_FORK_SUPPORT=1 -DGRPC_ENABLE_FORK_SUPPORT_DEFAULT=false -DGRPC_PYTHON_BUILD=1 -D__STDC_FORMAT_MACROS "-DPyMODINIT_FUNC=extern \"C\" __attribute__((visibility (\"default\"))) PyObject*" -DGRPC_POSIX_FORK_ALLOW_PTHREAD_ATFORK=1 -Isrc/python/grpcio -Iinclude -I. -Ithird_party/abseil-cpp -Ithird_party/address_sorting/include -Ithird_party/cares/cares/include -Ithird_party/cares -Ithird_party/cares/cares -Ithird_party/cares/cares/src/lib/include -Ithird_party/cares/cares/src/lib -Ithird_party/cares/config_linux -Ithird_party/re2 -Ithird_party/boringssl-with-bazel/src/include -Ithird_party/upb -Isrc/core/ext/upb-gen -Isrc/core/ext/upbdefs-gen -Ithird_party/utf8_range -Ithird_party/xxhash -Ithird_party/zlib -I/usr/local/google/home/ssreenithi/.pyenv/versions/3.12.0/envs/pyvenv_312/include -I/usr/local/google/home/ssreenithi/.pyenv/versions/3.12.0/include/python3.12 -c src/core/util/fork.cc -o pyb/temp.linux-x86_64-cpython-312/src/core/util/fork.o -std=c++17 -fvisibility=hidden -fno-wrapv -fno-exceptions -pthread
      g++ -fno-strict-overflow -Wsign-compare -DNDEBUG -g -O3 -Wall -fPIC -D_WIN32_WINNT=1536 -DGRPC_XDS_USER_AGENT_NAME_SUFFIX=\"Python\" -DGRPC_XDS_USER_AGENT_VERSION_SUFFIX=\"1.79.0.dev0\" -DHAVE_CONFIG_H=1 -DGRPC_ENABLE_FORK_SUPPORT=1 -DGRPC_ENABLE_FORK_SUPPORT_DEFAULT=false -DGRPC_PYTHON_BUILD=1 -D__STDC_FORMAT_MACROS "-DPyMODINIT_FUNC=extern \"C\" __attribute__((visibility (\"default\"))) PyObject*" -DGRPC_POSIX_FORK_ALLOW_PTHREAD_ATFORK=1 -Isrc/python/grpcio -Iinclude -I. -Ithird_party/abseil-cpp -Ithird_party/address_sorting/include -Ithird_party/cares/cares/include -Ithird_party/cares -Ithird_party/cares/cares -Ithird_party/cares/cares/src/lib/include -Ithird_party/cares/cares/src/lib -Ithird_party/cares/config_linux -Ithird_party/re2 -Ithird_party/boringssl-with-bazel/src/include -Ithird_party/upb -Isrc/core/ext/upb-gen -Isrc/core/ext/upbdefs-gen -Ithird_party/utf8_range -Ithird_party/xxhash -Ithird_party/zlib -I/usr/local/google/home/ssreenithi/.pyenv/versions/3.12.0/envs/pyvenv_312/include -I/usr/local/google/home/ssreenithi/.pyenv/versions/3.12.0/include/python3.12 -c src/core/ext/transport/chttp2/transport/write_size_policy.cc -o pyb/temp.linux-x86_64-cpython-312/src/core/ext/transport/chttp2/transport/write_size_policy.o -std=c++17 -fvisibility=hidden -fno-wrapv -fno-exceptions -pthread
      g++ -fno-strict-overflow -Wsign-compare -DNDEBUG -g -O3 -Wall -fPIC -D_WIN32_WINNT=1536 -DGRPC_XDS_USER_AGENT_NAME_SUFFIX=\"Python\" -DGRPC_XDS_USER_AGENT_VERSION_SUFFIX=\"1.79.0.dev0\" -DHAVE_CONFIG_H=1 -DGRPC_ENABLE_FORK_SUPPORT=1 -DGRPC_ENABLE_FORK_SUPPORT_DEFAULT=false -DGRPC_PYTHON_BUILD=1 -D__STDC_FORMAT_MACROS "-DPyMODINIT_FUNC=extern \"C\" __attribute__((visibility (\"default\"))) PyObject*" -DGRPC_POSIX_FORK_ALLOW_PTHREAD_ATFORK=1 -Isrc/python/grpcio -Iinclude -I. -Ithird_party/abseil-cpp -Ithird_party/address_sorting/include -Ithird_party/cares/cares/include -Ithird_party/cares -Ithird_party/cares/cares -Ithird_party/cares/cares/src/lib/include -Ithird_party/cares/cares/src/lib -Ithird_party/cares/config_linux -Ithird_party/re2 -Ithird_party/boringssl-with-bazel/src/include -Ithird_party/upb -Isrc/core/ext/upb-gen -Isrc/core/ext/upbdefs-gen -Ithird_party/utf8_range -Ithird_party/xxhash -Ithird_party/zlib -I/usr/local/google/home/ssreenithi/.pyenv/versions/3.12.0/envs/pyvenv_312/include -I/usr/local/google/home/ssreenithi/.pyenv/versions/3.12.0/include/python3.12 -c src/core/lib/transport/timeout_encoding.cc -o pyb/temp.linux-x86_64-cpython-312/src/core/lib/transport/timeout_encoding.o -std=c++17 -fvisibility=hidden -fno-wrapv -fno-exceptions -pthread
      g++ -fno-strict-overflow -Wsign-compare -DNDEBUG -g -O3 -Wall -fPIC -D_WIN32_WINNT=1536 -DGRPC_XDS_USER_AGENT_NAME_SUFFIX=\"Python\" -DGRPC_XDS_USER_AGENT_VERSION_SUFFIX=\"1.79.0.dev0\" -DHAVE_CONFIG_H=1 -DGRPC_ENABLE_FORK_SUPPORT=1 -DGRPC_ENABLE_FORK_SUPPORT_DEFAULT=false -DGRPC_PYTHON_BUILD=1 -D__STDC_FORMAT_MACROS "-DPyMODINIT_FUNC=extern \"C\" __attribute__((visibility (\"default\"))) PyObject*" -DGRPC_POSIX_FORK_ALLOW_PTHREAD_ATFORK=1 -Isrc/python/grpcio -Iinclude -I. -Ithird_party/abseil-cpp -Ithird_party/address_sorting/include -Ithird_party/cares/cares/include -Ithird_party/cares -Ithird_party/cares/cares -Ithird_party/cares/cares/src/lib/include -Ithird_party/cares/cares/src/lib -Ithird_party/cares/config_linux -Ithird_party/re2 -Ithird_party/boringssl-with-bazel/src/include -Ithird_party/upb -Isrc/core/ext/upb-gen -Isrc/core/ext/upbdefs-gen -Ithird_party/utf8_range -Ithird_party/xxhash -Ithird_party/zlib -I/usr/local/google/home/ssreenithi/.pyenv/versions/3.12.0/envs/pyvenv_312/include -I/usr/local/google/home/ssreenithi/.pyenv/versions/3.12.0/include/python3.12 -c src/core/util/gpr_time.cc -o pyb/temp.linux-x86_64-cpython-312/src/core/util/gpr_time.o -std=c++17 -fvisibility=hidden -fno-wrapv -fno-exceptions -pthread
      g++ -fno-strict-overflow -Wsign-compare -DNDEBUG -g -O3 -Wall -fPIC -D_WIN32_WINNT=1536 -DGRPC_XDS_USER_AGENT_NAME_SUFFIX=\"Python\" -DGRPC_XDS_USER_AGENT_VERSION_SUFFIX=\"1.79.0.dev0\" -DHAVE_CONFIG_H=1 -DGRPC_ENABLE_FORK_SUPPORT=1 -DGRPC_ENABLE_FORK_SUPPORT_DEFAULT=false -DGRPC_PYTHON_BUILD=1 -D__STDC_FORMAT_MACROS "-DPyMODINIT_FUNC=extern \"C\" __attribute__((visibility (\"default\"))) PyObject*" -DGRPC_POSIX_FORK_ALLOW_PTHREAD_ATFORK=1 -Isrc/python/grpcio -Iinclude -I. -Ithird_party/abseil-cpp -Ithird_party/address_sorting/include -Ithird_party/cares/cares/include -Ithird_party/cares -Ithird_party/cares/cares -Ithird_party/cares/cares/src/lib/include -Ithird_party/cares/cares/src/lib -Ithird_party/cares/config_linux -Ithird_party/re2 -Ithird_party/boringssl-with-bazel/src/include -Ithird_party/upb -Isrc/core/ext/upb-gen -Isrc/core/ext/upbdefs-gen -Ithird_party/utf8_range -Ithird_party/xxhash -Ithird_party/zlib -I/usr/local/google/home/ssreenithi/.pyenv/versions/3.12.0/envs/pyvenv_312/include -I/usr/local/google/home/ssreenithi/.pyenv/versions/3.12.0/include/python3.12 -c src/core/lib/event_engine/endpoint_channel_arg_wrapper.cc -o pyb/temp.linux-x86_64-cpython-312/src/core/lib/event_engine/endpoint_channel_arg_wrapper.o -std=c++17 -fvisibility=hidden -fno-wrapv -fno-exceptions -pthread
      g++ -fno-strict-overflow -Wsign-compare -DNDEBUG -g -O3 -Wall -fPIC -D_WIN32_WINNT=1536 -DGRPC_XDS_USER_AGENT_NAME_SUFFIX=\"Python\" -DGRPC_XDS_USER_AGENT_VERSION_SUFFIX=\"1.79.0.dev0\" -DHAVE_CONFIG_H=1 -DGRPC_ENABLE_FORK_SUPPORT=1 -DGRPC_ENABLE_FORK_SUPPORT_DEFAULT=false -DGRPC_PYTHON_BUILD=1 -D__STDC_FORMAT_MACROS "-DPyMODINIT_FUNC=extern \"C\" __attribute__((visibility (\"default\"))) PyObject*" -DGRPC_POSIX_FORK_ALLOW_PTHREAD_ATFORK=1 -Isrc/python/grpcio -Iinclude -I. -Ithird_party/abseil-cpp -Ithird_party/address_sorting/include -Ithird_party/cares/cares/include -Ithird_party/cares -Ithird_party/cares/cares -Ithird_party/cares/cares/src/lib/include -Ithird_party/cares/cares/src/lib -Ithird_party/cares/config_linux -Ithird_party/re2 -Ithird_party/boringssl-with-bazel/src/include -Ithird_party/upb -Isrc/core/ext/upb-gen -Isrc/core/ext/upbdefs-gen -Ithird_party/utf8_range -Ithird_party/xxhash -Ithird_party/zlib -I/usr/local/google/home/ssreenithi/.pyenv/versions/3.12.0/envs/pyvenv_312/include -I/usr/local/google/home/ssreenithi/.pyenv/versions/3.12.0/include/python3.12 -c src/core/tsi/alts/crypt/aes_gcm.cc -o pyb/temp.linux-x86_64-cpython-312/src/core/tsi/alts/crypt/aes_gcm.o -std=c++17 -fvisibility=hidden -fno-wrapv -fno-exceptions -pthread
      g++ -fno-strict-overflow -Wsign-compare -DNDEBUG -g -O3 -Wall -fPIC -D_WIN32_WINNT=1536 -DGRPC_XDS_USER_AGENT_NAME_SUFFIX=\"Python\" -DGRPC_XDS_USER_AGENT_VERSION_SUFFIX=\"1.79.0.dev0\" -DHAVE_CONFIG_H=1 -DGRPC_ENABLE_FORK_SUPPORT=1 -DGRPC_ENABLE_FORK_SUPPORT_DEFAULT=false -DGRPC_PYTHON_BUILD=1 -D__STDC_FORMAT_MACROS "-DPyMODINIT_FUNC=extern \"C\" __attribute__((visibility (\"default\"))) PyObject*" -DGRPC_POSIX_FORK_ALLOW_PTHREAD_ATFORK=1 -Isrc/python/grpcio -Iinclude -I. -Ithird_party/abseil-cpp -Ithird_party/address_sorting/include -Ithird_party/cares/cares/include -Ithird_party/cares -Ithird_party/cares/cares -Ithird_party/cares/cares/src/lib/include -Ithird_party/cares/cares/src/lib -Ithird_party/cares/config_linux -Ithird_party/re2 -Ithird_party/boringssl-with-bazel/src/include -Ithird_party/upb -Isrc/core/ext/upb-gen -Isrc/core/ext/upbdefs-gen -Ithird_party/utf8_range -Ithird_party/xxhash -Ithird_party/zlib -I/usr/local/google/home/ssreenithi/.pyenv/versions/3.12.0/envs/pyvenv_312/include -I/usr/local/google/home/ssreenithi/.pyenv/versions/3.12.0/include/python3.12 -c src/core/lib/iomgr/tcp_server.cc -o pyb/temp.linux-x86_64-cpython-312/src/core/lib/iomgr/tcp_server.o -std=c++17 -fvisibility=hidden -fno-wrapv -fno-exceptions -pthread
      g++ -fno-strict-overflow -Wsign-compare -DNDEBUG -g -O3 -Wall -fPIC -D_WIN32_WINNT=1536 -DGRPC_XDS_USER_AGENT_NAME_SUFFIX=\"Python\" -DGRPC_XDS_USER_AGENT_VERSION_SUFFIX=\"1.79.0.dev0\" -DHAVE_CONFIG_H=1 -DGRPC_ENABLE_FORK_SUPPORT=1 -DGRPC_ENABLE_FORK_SUPPORT_DEFAULT=false -DGRPC_PYTHON_BUILD=1 -D__STDC_FORMAT_MACROS "-DPyMODINIT_FUNC=extern \"C\" __attribute__((visibility (\"default\"))) PyObject*" -DGRPC_POSIX_FORK_ALLOW_PTHREAD_ATFORK=1 -Isrc/python/grpcio -Iinclude -I. -Ithird_party/abseil-cpp -Ithird_party/address_sorting/include -Ithird_party/cares/cares/include -Ithird_party/cares -Ithird_party/cares/cares -Ithird_party/cares/cares/src/lib/include -Ithird_party/cares/cares/src/lib -Ithird_party/cares/config_linux -Ithird_party/re2 -Ithird_party/boringssl-with-bazel/src/include -Ithird_party/upb -Isrc/core/ext/upb-gen -Isrc/core/ext/upbdefs-gen -Ithird_party/utf8_range -Ithird_party/xxhash -Ithird_party/zlib -I/usr/local/google/home/ssreenithi/.pyenv/versions/3.12.0/envs/pyvenv_312/include -I/usr/local/google/home/ssreenithi/.pyenv/versions/3.12.0/include/python3.12 -c src/core/ext/filters/backend_metrics/backend_metric_filter.cc -o pyb/temp.linux-x86_64-cpython-312/src/core/ext/filters/backend_metrics/backend_metric_filter.o -std=c++17 -fvisibility=hidden -fno-wrapv -fno-exceptions -pthread
      g++ -fno-strict-overflow -Wsign-compare -DNDEBUG -g -O3 -Wall -fPIC -D_WIN32_WINNT=1536 -DGRPC_XDS_USER_AGENT_NAME_SUFFIX=\"Python\" -DGRPC_XDS_USER_AGENT_VERSION_SUFFIX=\"1.79.0.dev0\" -DHAVE_CONFIG_H=1 -DGRPC_ENABLE_FORK_SUPPORT=1 -DGRPC_ENABLE_FORK_SUPPORT_DEFAULT=false -DGRPC_PYTHON_BUILD=1 -D__STDC_FORMAT_MACROS "-DPyMODINIT_FUNC=extern \"C\" __attribute__((visibility (\"default\"))) PyObject*" -DGRPC_POSIX_FORK_ALLOW_PTHREAD_ATFORK=1 -Isrc/python/grpcio -Iinclude -I. -Ithird_party/abseil-cpp -Ithird_party/address_sorting/include -Ithird_party/cares/cares/include -Ithird_party/cares -Ithird_party/cares/cares -Ithird_party/cares/cares/src/lib/include -Ithird_party/cares/cares/src/lib -Ithird_party/cares/config_linux -Ithird_party/re2 -Ithird_party/boringssl-with-bazel/src/include -Ithird_party/upb -Isrc/core/ext/upb-gen -Isrc/core/ext/upbdefs-gen -Ithird_party/utf8_range -Ithird_party/xxhash -Ithird_party/zlib -I/usr/local/google/home/ssreenithi/.pyenv/versions/3.12.0/envs/pyvenv_312/include -I/usr/local/google/home/ssreenithi/.pyenv/versions/3.12.0/include/python3.12 -c src/core/lib/surface/call_log_batch.cc -o pyb/temp.linux-x86_64-cpython-312/src/core/lib/surface/call_log_batch.o -std=c++17 -fvisibility=hidden -fno-wrapv -fno-exceptions -pthread
      In file included from ./src/core/lib/promise/activity.h:30,
                       from ./src/core/lib/resource_quota/memory_quota.h:39,
                       from ./src/core/lib/resource_quota/arena.h:39,
                       from ./src/core/lib/promise/arena_promise.h:28,
                       from ./src/core/credentials/transport/security_connector.h:36,
                       from ./src/core/credentials/call/call_credentials.h:31,
                       from ./src/core/ext/filters/gcp_authentication/gcp_authentication_filter.h:23,
                       from src/core/ext/filters/gcp_authentication/gcp_authentication_filter.cc:17:
      ./src/core/lib/promise/detail/promise_factory.h:210:5: warning: ‘always_inline’ function might not be inlinable unless also declared ‘inline’ [-Wattributes]
        210 |     PromiseFactoryImpl(Token, F&& f) {
            |     ^~~~~~~~~~~~~~~~~~
      ./src/core/lib/promise/detail/promise_factory.h:210:5: warning: ‘always_inline’ function might not be inlinable unless also declared ‘inline’ [-Wattributes]
      ./src/core/lib/promise/detail/promise_factory.h:210:5: warning: ‘always_inline’ function might not be inlinable unless also declared ‘inline’ [-Wattributes]
      ./src/core/lib/promise/detail/promise_factory.h:210:5: warning: ‘always_inline’ function might not be inlinable unless also declared ‘inline’ [-Wattributes]
      ./src/core/lib/promise/detail/promise_factory.h:210:5: warning: ‘always_inline’ function might not be inlinable unless also declared ‘inline’ [-Wattributes]
      ./src/core/lib/promise/detail/promise_factory.h:210:5: warning: ‘always_inline’ function might not be inlinable unless also declared ‘inline’ [-Wattributes]
      ./src/core/lib/promise/detail/promise_factory.h:210:5: warning: ‘always_inline’ function might not be inlinable unless also declared ‘inline’ [-Wattributes]
      ./src/core/lib/promise/detail/promise_factory.h:210:5: warning: ‘always_inline’ function might not be inlinable unless also declared ‘inline’ [-Wattributes]
      g++ -fno-strict-overflow -Wsign-compare -DNDEBUG -g -O3 -Wall -fPIC -D_WIN32_WINNT=1536 -DGRPC_XDS_USER_AGENT_NAME_SUFFIX=\"Python\" -DGRPC_XDS_USER_AGENT_VERSION_SUFFIX=\"1.79.0.dev0\" -DHAVE_CONFIG_H=1 -DGRPC_ENABLE_FORK_SUPPORT=1 -DGRPC_ENABLE_FORK_SUPPORT_DEFAULT=false -DGRPC_PYTHON_BUILD=1 -D__STDC_FORMAT_MACROS "-DPyMODINIT_FUNC=extern \"C\" __attribute__((visibility (\"default\"))) PyObject*" -DGRPC_POSIX_FORK_ALLOW_PTHREAD_ATFORK=1 -Isrc/python/grpcio -Iinclude -I. -Ithird_party/abseil-cpp -Ithird_party/address_sorting/include -Ithird_party/cares/cares/include -Ithird_party/cares -Ithird_party/cares/cares -Ithird_party/cares/cares/src/lib/include -Ithird_party/cares/cares/src/lib -Ithird_party/cares/config_linux -Ithird_party/re2 -Ithird_party/boringssl-with-bazel/src/include -Ithird_party/upb -Isrc/core/ext/upb-gen -Isrc/core/ext/upbdefs-gen -Ithird_party/utf8_range -Ithird_party/xxhash -Ithird_party/zlib -I/usr/local/google/home/ssreenithi/.pyenv/versions/3.12.0/envs/pyvenv_312/include -I/usr/local/google/home/ssreenithi/.pyenv/versions/3.12.0/include/python3.12 -c src/core/lib/event_engine/posix_engine/posix_endpoint.cc -o pyb/temp.linux-x86_64-cpython-312/src/core/lib/event_engine/posix_engine/posix_endpoint.o -std=c++17 -fvisibility=hidden -fno-wrapv -fno-exceptions -pthread
      g++ -fno-strict-overflow -Wsign-compare -DNDEBUG -g -O3 -Wall -fPIC -D_WIN32_WINNT=1536 -DGRPC_XDS_USER_AGENT_NAME_SUFFIX=\"Python\" -DGRPC_XDS_USER_AGENT_VERSION_SUFFIX=\"1.79.0.dev0\" -DHAVE_CONFIG_H=1 -DGRPC_ENABLE_FORK_SUPPORT=1 -DGRPC_ENABLE_FORK_SUPPORT_DEFAULT=false -DGRPC_PYTHON_BUILD=1 -D__STDC_FORMAT_MACROS "-DPyMODINIT_FUNC=extern \"C\" __attribute__((visibility (\"default\"))) PyObject*" -DGRPC_POSIX_FORK_ALLOW_PTHREAD_ATFORK=1 -Isrc/python/grpcio -Iinclude -I. -Ithird_party/abseil-cpp -Ithird_party/address_sorting/include -Ithird_party/cares/cares/include -Ithird_party/cares -Ithird_party/cares/cares -Ithird_party/cares/cares/src/lib/include -Ithird_party/cares/cares/src/lib -Ithird_party/cares/config_linux -Ithird_party/re2 -Ithird_party/boringssl-with-bazel/src/include -Ithird_party/upb -Isrc/core/ext/upb-gen -Isrc/core/ext/upbdefs-gen -Ithird_party/utf8_range -Ithird_party/xxhash -Ithird_party/zlib -I/usr/local/google/home/ssreenithi/.pyenv/versions/3.12.0/envs/pyvenv_312/include -I/usr/local/google/home/ssreenithi/.pyenv/versions/3.12.0/include/python3.12 -c src/core/lib/event_engine/posix_engine/wakeup_fd_pipe.cc -o pyb/temp.linux-x86_64-cpython-312/src/core/lib/event_engine/posix_engine/wakeup_fd_pipe.o -std=c++17 -fvisibility=hidden -fno-wrapv -fno-exceptions -pthread
      g++ -fno-strict-overflow -Wsign-compare -DNDEBUG -g -O3 -Wall -fPIC -D_WIN32_WINNT=1536 -DGRPC_XDS_USER_AGENT_NAME_SUFFIX=\"Python\" -DGRPC_XDS_USER_AGENT_VERSION_SUFFIX=\"1.79.0.dev0\" -DHAVE_CONFIG_H=1 -DGRPC_ENABLE_FORK_SUPPORT=1 -DGRPC_ENABLE_FORK_SUPPORT_DEFAULT=false -DGRPC_PYTHON_BUILD=1 -D__STDC_FORMAT_MACROS "-DPyMODINIT_FUNC=extern \"C\" __attribute__((visibility (\"default\"))) PyObject*" -DGRPC_POSIX_FORK_ALLOW_PTHREAD_ATFORK=1 -Isrc/python/grpcio -Iinclude -I. -Ithird_party/abseil-cpp -Ithird_party/address_sorting/include -Ithird_party/cares/cares/include -Ithird_party/cares -Ithird_party/cares/cares -Ithird_party/cares/cares/src/lib/include -Ithird_party/cares/cares/src/lib -Ithird_party/cares/config_linux -Ithird_party/re2 -Ithird_party/boringssl-with-bazel/src/include -Ithird_party/upb -Isrc/core/ext/upb-gen -Isrc/core/ext/upbdefs-gen -Ithird_party/utf8_range -Ithird_party/xxhash -Ithird_party/zlib -I/usr/local/google/home/ssreenithi/.pyenv/versions/3.12.0/envs/pyvenv_312/include -I/usr/local/google/home/ssreenithi/.pyenv/versions/3.12.0/include/python3.12 -c src/core/tsi/transport_security_grpc.cc -o pyb/temp.linux-x86_64-cpython-312/src/core/tsi/transport_security_grpc.o -std=c++17 -fvisibility=hidden -fno-wrapv -fno-exceptions -pthread
      g++ -fno-strict-overflow -Wsign-compare -DNDEBUG -g -O3 -Wall -fPIC -D_WIN32_WINNT=1536 -DGRPC_XDS_USER_AGENT_NAME_SUFFIX=\"Python\" -DGRPC_XDS_USER_AGENT_VERSION_SUFFIX=\"1.79.0.dev0\" -DHAVE_CONFIG_H=1 -DGRPC_ENABLE_FORK_SUPPORT=1 -DGRPC_ENABLE_FORK_SUPPORT_DEFAULT=false -DGRPC_PYTHON_BUILD=1 -D__STDC_FORMAT_MACROS "-DPyMODINIT_FUNC=extern \"C\" __attribute__((visibility (\"default\"))) PyObject*" -DGRPC_POSIX_FORK_ALLOW_PTHREAD_ATFORK=1 -Isrc/python/grpcio -Iinclude -I. -Ithird_party/abseil-cpp -Ithird_party/address_sorting/include -Ithird_party/cares/cares/include -Ithird_party/cares -Ithird_party/cares/cares -Ithird_party/cares/cares/src/lib/include -Ithird_party/cares/cares/src/lib -Ithird_party/cares/config_linux -Ithird_party/re2 -Ithird_party/boringssl-with-bazel/src/include -Ithird_party/upb -Isrc/core/ext/upb-gen -Isrc/core/ext/upbdefs-gen -Ithird_party/utf8_range -Ithird_party/xxhash -Ithird_party/zlib -I/usr/local/google/home/ssreenithi/.pyenv/versions/3.12.0/envs/pyvenv_312/include -I/usr/local/google/home/ssreenithi/.pyenv/versions/3.12.0/include/python3.12 -c src/core/lib/iomgr/tcp_client.cc -o pyb/temp.linux-x86_64-cpython-312/src/core/lib/iomgr/tcp_client.o -std=c++17 -fvisibility=hidden -fno-wrapv -fno-exceptions -pthread
      g++ -fno-strict-overflow -Wsign-compare -DNDEBUG -g -O3 -Wall -fPIC -D_WIN32_WINNT=1536 -DGRPC_XDS_USER_AGENT_NAME_SUFFIX=\"Python\" -DGRPC_XDS_USER_AGENT_VERSION_SUFFIX=\"1.79.0.dev0\" -DHAVE_CONFIG_H=1 -DGRPC_ENABLE_FORK_SUPPORT=1 -DGRPC_ENABLE_FORK_SUPPORT_DEFAULT=false -DGRPC_PYTHON_BUILD=1 -D__STDC_FORMAT_MACROS "-DPyMODINIT_FUNC=extern \"C\" __attribute__((visibility (\"default\"))) PyObject*" -DGRPC_POSIX_FORK_ALLOW_PTHREAD_ATFORK=1 -Isrc/python/grpcio -Iinclude -I. -Ithird_party/abseil-cpp -Ithird_party/address_sorting/include -Ithird_party/cares/cares/include -Ithird_party/cares -Ithird_party/cares/cares -Ithird_party/cares/cares/src/lib/include -Ithird_party/cares/cares/src/lib -Ithird_party/cares/config_linux -Ithird_party/re2 -Ithird_party/boringssl-with-bazel/src/include -Ithird_party/upb -Isrc/core/ext/upb-gen -Isrc/core/ext/upbdefs-gen -Ithird_party/utf8_range -Ithird_party/xxhash -Ithird_party/zlib -I/usr/local/google/home/ssreenithi/.pyenv/versions/3.12.0/envs/pyvenv_312/include -I/usr/local/google/home/ssreenithi/.pyenv/versions/3.12.0/include/python3.12 -c src/core/credentials/call/composite/composite_call_credentials.cc -o pyb/temp.linux-x86_64-cpython-312/src/core/credentials/call/composite/composite_call_credentials.o -std=c++17 -fvisibility=hidden -fno-wrapv -fno-exceptions -pthread
      g++ -fno-strict-overflow -Wsign-compare -DNDEBUG -g -O3 -Wall -fPIC -D_WIN32_WINNT=1536 -DGRPC_XDS_USER_AGENT_NAME_SUFFIX=\"Python\" -DGRPC_XDS_USER_AGENT_VERSION_SUFFIX=\"1.79.0.dev0\" -DHAVE_CONFIG_H=1 -DGRPC_ENABLE_FORK_SUPPORT=1 -DGRPC_ENABLE_FORK_SUPPORT_DEFAULT=false -DGRPC_PYTHON_BUILD=1 -D__STDC_FORMAT_MACROS "-DPyMODINIT_FUNC=extern \"C\" __attribute__((visibility (\"default\"))) PyObject*" -DGRPC_POSIX_FORK_ALLOW_PTHREAD_ATFORK=1 -Isrc/python/grpcio -Iinclude -I. -Ithird_party/abseil-cpp -Ithird_party/address_sorting/include -Ithird_party/cares/cares/include -Ithird_party/cares -Ithird_party/cares/cares -Ithird_party/cares/cares/src/lib/include -Ithird_party/cares/cares/src/lib -Ithird_party/cares/config_linux -Ithird_party/re2 -Ithird_party/boringssl-with-bazel/src/include -Ithird_party/upb -Isrc/core/ext/upb-gen -Isrc/core/ext/upbdefs-gen -Ithird_party/utf8_range -Ithird_party/xxhash -Ithird_party/zlib -I/usr/local/google/home/ssreenithi/.pyenv/versions/3.12.0/envs/pyvenv_312/include -I/usr/local/google/home/ssreenithi/.pyenv/versions/3.12.0/include/python3.12 -c src/core/resolver/dns/event_engine/event_engine_client_channel_resolver.cc -o pyb/temp.linux-x86_64-cpython-312/src/core/resolver/dns/event_engine/event_engine_client_channel_resolver.o -std=c++17 -fvisibility=hidden -fno-wrapv -fno-exceptions -pthread
      g++ -fno-strict-overflow -Wsign-compare -DNDEBUG -g -O3 -Wall -fPIC -D_WIN32_WINNT=1536 -DGRPC_XDS_USER_AGENT_NAME_SUFFIX=\"Python\" -DGRPC_XDS_USER_AGENT_VERSION_SUFFIX=\"1.79.0.dev0\" -DHAVE_CONFIG_H=1 -DGRPC_ENABLE_FORK_SUPPORT=1 -DGRPC_ENABLE_FORK_SUPPORT_DEFAULT=false -DGRPC_PYTHON_BUILD=1 -D__STDC_FORMAT_MACROS "-DPyMODINIT_FUNC=extern \"C\" __attribute__((visibility (\"default\"))) PyObject*" -DGRPC_POSIX_FORK_ALLOW_PTHREAD_ATFORK=1 -Isrc/python/grpcio -Iinclude -I. -Ithird_party/abseil-cpp -Ithird_party/address_sorting/include -Ithird_party/cares/cares/include -Ithird_party/cares -Ithird_party/cares/cares -Ithird_party/cares/cares/src/lib/include -Ithird_party/cares/cares/src/lib -Ithird_party/cares/config_linux -Ithird_party/re2 -Ithird_party/boringssl-with-bazel/src/include -Ithird_party/upb -Isrc/core/ext/upb-gen -Isrc/core/ext/upbdefs-gen -Ithird_party/utf8_range -Ithird_party/xxhash -Ithird_party/zlib -I/usr/local/google/home/ssreenithi/.pyenv/versions/3.12.0/envs/pyvenv_312/include -I/usr/local/google/home/ssreenithi/.pyenv/versions/3.12.0/include/python3.12 -c src/core/load_balancing/backend_metric_parser.cc -o pyb/temp.linux-x86_64-cpython-312/src/core/load_balancing/backend_metric_parser.o -std=c++17 -fvisibility=hidden -fno-wrapv -fno-exceptions -pthread
      In file included from ./src/core/lib/promise/activity.h:30,
                       from ./src/core/lib/resource_quota/memory_quota.h:39,
                       from ./src/core/lib/resource_quota/arena.h:39,
                       from ./src/core/util/chunked_vector.h:24,
                       from ./src/core/call/metadata_batch.h:41,
                       from ./src/core/lib/security/authorization/evaluate_args.h:25,
                       from src/core/lib/security/authorization/evaluate_args.cc:15:
      ./src/core/lib/promise/detail/promise_factory.h:210:5: warning: ‘always_inline’ function might not be inlinable unless also declared ‘inline’ [-Wattributes]
        210 |     PromiseFactoryImpl(Token, F&& f) {
            |     ^~~~~~~~~~~~~~~~~~
      ./src/core/lib/promise/detail/promise_factory.h:210:5: warning: ‘always_inline’ function might not be inlinable unless also declared ‘inline’ [-Wattributes]
      ./src/core/lib/promise/detail/promise_factory.h:210:5: warning: ‘always_inline’ function might not be inlinable unless also declared ‘inline’ [-Wattributes]
      ./src/core/lib/promise/detail/promise_factory.h:210:5: warning: ‘always_inline’ function might not be inlinable unless also declared ‘inline’ [-Wattributes]
      ./src/core/lib/promise/detail/promise_factory.h:210:5: warning: ‘always_inline’ function might not be inlinable unless also declared ‘inline’ [-Wattributes]
      ./src/core/lib/promise/detail/promise_factory.h:210:5: warning: ‘always_inline’ function might not be inlinable unless also declared ‘inline’ [-Wattributes]
      ./src/core/lib/promise/detail/promise_factory.h:210:5: warning: ‘always_inline’ function might not be inlinable unless also declared ‘inline’ [-Wattributes]
      g++ -fno-strict-overflow -Wsign-compare -DNDEBUG -g -O3 -Wall -fPIC -D_WIN32_WINNT=1536 -DGRPC_XDS_USER_AGENT_NAME_SUFFIX=\"Python\" -DGRPC_XDS_USER_AGENT_VERSION_SUFFIX=\"1.79.0.dev0\" -DHAVE_CONFIG_H=1 -DGRPC_ENABLE_FORK_SUPPORT=1 -DGRPC_ENABLE_FORK_SUPPORT_DEFAULT=false -DGRPC_PYTHON_BUILD=1 -D__STDC_FORMAT_MACROS "-DPyMODINIT_FUNC=extern \"C\" __attribute__((visibility (\"default\"))) PyObject*" -DGRPC_POSIX_FORK_ALLOW_PTHREAD_ATFORK=1 -Isrc/python/grpcio -Iinclude -I. -Ithird_party/abseil-cpp -Ithird_party/address_sorting/include -Ithird_party/cares/cares/include -Ithird_party/cares -Ithird_party/cares/cares -Ithird_party/cares/cares/src/lib/include -Ithird_party/cares/cares/src/lib -Ithird_party/cares/config_linux -Ithird_party/re2 -Ithird_party/boringssl-with-bazel/src/include -Ithird_party/upb -Isrc/core/ext/upb-gen -Isrc/core/ext/upbdefs-gen -Ithird_party/utf8_range -Ithird_party/xxhash -Ithird_party/zlib -I/usr/local/google/home/ssreenithi/.pyenv/versions/3.12.0/envs/pyvenv_312/include -I/usr/local/google/home/ssreenithi/.pyenv/versions/3.12.0/include/python3.12 -c src/core/tsi/alts/zero_copy_frame_protector/alts_grpc_privacy_integrity_record_protocol.cc -o pyb/temp.linux-x86_64-cpython-312/src/core/tsi/alts/zero_copy_frame_protector/alts_grpc_privacy_integrity_record_protocol.o -std=c++17 -fvisibility=hidden -fno-wrapv -fno-exceptions -pthread
      In file included from ./src/core/lib/promise/activity.h:30,
                       from ./src/core/lib/resource_quota/memory_quota.h:39,
                       from ./src/core/lib/resource_quota/arena.h:39,
                       from ./src/core/lib/promise/arena_promise.h:28,
                       from ./src/core/credentials/transport/security_connector.h:36,
                       from ./src/core/credentials/call/call_credentials.h:31,
                       from ./src/core/credentials/transport/composite/composite_channel_credentials.h:31,
                       from src/core/credentials/transport/composite/composite_channel_credentials.cc:17:
      ./src/core/lib/promise/detail/promise_factory.h:210:5: warning: ‘always_inline’ function might not be inlinable unless also declared ‘inline’ [-Wattributes]
        210 |     PromiseFactoryImpl(Token, F&& f) {
            |     ^~~~~~~~~~~~~~~~~~
      ./src/core/lib/promise/detail/promise_factory.h:210:5: warning: ‘always_inline’ function might not be inlinable unless also declared ‘inline’ [-Wattributes]
      ./src/core/lib/promise/detail/promise_factory.h:210:5: warning: ‘always_inline’ function might not be inlinable unless also declared ‘inline’ [-Wattributes]
      ./src/core/lib/promise/detail/promise_factory.h:210:5: warning: ‘always_inline’ function might not be inlinable unless also declared ‘inline’ [-Wattributes]
      ./src/core/lib/promise/detail/promise_factory.h:210:5: warning: ‘always_inline’ function might not be inlinable unless also declared ‘inline’ [-Wattributes]
      ./src/core/lib/promise/detail/promise_factory.h:210:5: warning: ‘always_inline’ function might not be inlinable unless also declared ‘inline’ [-Wattributes]
      ./src/core/lib/promise/detail/promise_factory.h:210:5: warning: ‘always_inline’ function might not be inlinable unless also declared ‘inline’ [-Wattributes]
      In file included from ./src/core/lib/promise/activity.h:30,
                       from ./src/core/lib/resource_quota/memory_quota.h:39,
                       from ./src/core/lib/resource_quota/arena.h:39,
                       from ./src/core/lib/promise/arena_promise.h:28,
                       from ./src/core/lib/channel/channel_stack.h:59,
                       from ./src/core/lib/channel/connected_channel.h:25,
                       from src/core/lib/channel/connected_channel.cc:19:
      ./src/core/lib/promise/detail/promise_factory.h:210:5: warning: ‘always_inline’ function might not be inlinable unless also declared ‘inline’ [-Wattributes]
        210 |     PromiseFactoryImpl(Token, F&& f) {
            |     ^~~~~~~~~~~~~~~~~~
      ./src/core/lib/promise/detail/promise_factory.h:210:5: warning: ‘always_inline’ function might not be inlinable unless also declared ‘inline’ [-Wattributes]
      ./src/core/lib/promise/detail/promise_factory.h:210:5: warning: ‘always_inline’ function might not be inlinable unless also declared ‘inline’ [-Wattributes]
      ./src/core/lib/promise/detail/promise_factory.h:210:5: warning: ‘always_inline’ function might not be inlinable unless also declared ‘inline’ [-Wattributes]
      ./src/core/lib/promise/detail/promise_factory.h:210:5: warning: ‘always_inline’ function might not be inlinable unless also declared ‘inline’ [-Wattributes]
      ./src/core/lib/promise/detail/promise_factory.h:210:5: warning: ‘always_inline’ function might not be inlinable unless also declared ‘inline’ [-Wattributes]
      ./src/core/lib/promise/detail/promise_factory.h:210:5: warning: ‘always_inline’ function might not be inlinable unless also declared ‘inline’ [-Wattributes]
      g++ -fno-strict-overflow -Wsign-compare -DNDEBUG -g -O3 -Wall -fPIC -D_WIN32_WINNT=1536 -DGRPC_XDS_USER_AGENT_NAME_SUFFIX=\"Python\" -DGRPC_XDS_USER_AGENT_VERSION_SUFFIX=\"1.79.0.dev0\" -DHAVE_CONFIG_H=1 -DGRPC_ENABLE_FORK_SUPPORT=1 -DGRPC_ENABLE_FORK_SUPPORT_DEFAULT=false -DGRPC_PYTHON_BUILD=1 -D__STDC_FORMAT_MACROS "-DPyMODINIT_FUNC=extern \"C\" __attribute__((visibility (\"default\"))) PyObject*" -DGRPC_POSIX_FORK_ALLOW_PTHREAD_ATFORK=1 -Isrc/python/grpcio -Iinclude -I. -Ithird_party/abseil-cpp -Ithird_party/address_sorting/include -Ithird_party/cares/cares/include -Ithird_party/cares -Ithird_party/cares/cares -Ithird_party/cares/cares/src/lib/include -Ithird_party/cares/cares/src/lib -Ithird_party/cares/config_linux -Ithird_party/re2 -Ithird_party/boringssl-with-bazel/src/include -Ithird_party/upb -Isrc/core/ext/upb-gen -Isrc/core/ext/upbdefs-gen -Ithird_party/utf8_range -Ithird_party/xxhash -Ithird_party/zlib -I/usr/local/google/home/ssreenithi/.pyenv/versions/3.12.0/envs/pyvenv_312/include -I/usr/local/google/home/ssreenithi/.pyenv/versions/3.12.0/include/python3.12 -c src/core/client_channel/direct_channel.cc -o pyb/temp.linux-x86_64-cpython-312/src/core/client_channel/direct_channel.o -std=c++17 -fvisibility=hidden -fno-wrapv -fno-exceptions -pthread
      g++ -fno-strict-overflow -Wsign-compare -DNDEBUG -g -O3 -Wall -fPIC -D_WIN32_WINNT=1536 -DGRPC_XDS_USER_AGENT_NAME_SUFFIX=\"Python\" -DGRPC_XDS_USER_AGENT_VERSION_SUFFIX=\"1.79.0.dev0\" -DHAVE_CONFIG_H=1 -DGRPC_ENABLE_FORK_SUPPORT=1 -DGRPC_ENABLE_FORK_SUPPORT_DEFAULT=false -DGRPC_PYTHON_BUILD=1 -D__STDC_FORMAT_MACROS "-DPyMODINIT_FUNC=extern \"C\" __attribute__((visibility (\"default\"))) PyObject*" -DGRPC_POSIX_FORK_ALLOW_PTHREAD_ATFORK=1 -Isrc/python/grpcio -Iinclude -I. -Ithird_party/abseil-cpp -Ithird_party/address_sorting/include -Ithird_party/cares/cares/include -Ithird_party/cares -Ithird_party/cares/cares -Ithird_party/cares/cares/src/lib/include -Ithird_party/cares/cares/src/lib -Ithird_party/cares/config_linux -Ithird_party/re2 -Ithird_party/boringssl-with-bazel/src/include -Ithird_party/upb -Isrc/core/ext/upb-gen -Isrc/core/ext/upbdefs-gen -Ithird_party/utf8_range -Ithird_party/xxhash -Ithird_party/zlib -I/usr/local/google/home/ssreenithi/.pyenv/versions/3.12.0/envs/pyvenv_312/include -I/usr/local/google/home/ssreenithi/.pyenv/versions/3.12.0/include/python3.12 -c src/core/util/gcp_metadata_query.cc -o pyb/temp.linux-x86_64-cpython-312/src/core/util/gcp_metadata_query.o -std=c++17 -fvisibility=hidden -fno-wrapv -fno-exceptions -pthread
      In file included from ./src/core/lib/promise/activity.h:30,
                       from ./src/core/lib/resource_quota/memory_quota.h:39,
                       from ./src/core/lib/resource_quota/arena.h:39,
                       from ./src/core/lib/promise/arena_promise.h:28,
                       from ./src/core/credentials/transport/security_connector.h:36,
                       from ./src/core/credentials/call/call_credentials.h:31,
                       from ./src/core/credentials/call/oauth2/oauth2_credentials.h:33,
                       from src/core/credentials/call/oauth2/oauth2_credentials.cc:19:
      ./src/core/lib/promise/detail/promise_factory.h:210:5: warning: ‘always_inline’ function might not be inlinable unless also declared ‘inline’ [-Wattributes]
        210 |     PromiseFactoryImpl(Token, F&& f) {
            |     ^~~~~~~~~~~~~~~~~~
      ./src/core/lib/promise/detail/promise_factory.h:210:5: warning: ‘always_inline’ function might not be inlinable unless also declared ‘inline’ [-Wattributes]
      ./src/core/lib/promise/detail/promise_factory.h:210:5: warning: ‘always_inline’ function might not be inlinable unless also declared ‘inline’ [-Wattributes]
      ./src/core/lib/promise/detail/promise_factory.h:210:5: warning: ‘always_inline’ function might not be inlinable unless also declared ‘inline’ [-Wattributes]
      ./src/core/lib/promise/detail/promise_factory.h:210:5: warning: ‘always_inline’ function might not be inlinable unless also declared ‘inline’ [-Wattributes]
      ./src/core/lib/promise/detail/promise_factory.h:210:5: warning: ‘always_inline’ function might not be inlinable unless also declared ‘inline’ [-Wattributes]
      ./src/core/lib/promise/detail/promise_factory.h:210:5: warning: ‘always_inline’ function might not be inlinable unless also declared ‘inline’ [-Wattributes]
      g++ -fno-strict-overflow -Wsign-compare -DNDEBUG -g -O3 -Wall -fPIC -D_WIN32_WINNT=1536 -DGRPC_XDS_USER_AGENT_NAME_SUFFIX=\"Python\" -DGRPC_XDS_USER_AGENT_VERSION_SUFFIX=\"1.79.0.dev0\" -DHAVE_CONFIG_H=1 -DGRPC_ENABLE_FORK_SUPPORT=1 -DGRPC_ENABLE_FORK_SUPPORT_DEFAULT=false -DGRPC_PYTHON_BUILD=1 -D__STDC_FORMAT_MACROS "-DPyMODINIT_FUNC=extern \"C\" __attribute__((visibility (\"default\"))) PyObject*" -DGRPC_POSIX_FORK_ALLOW_PTHREAD_ATFORK=1 -Isrc/python/grpcio -Iinclude -I. -Ithird_party/abseil-cpp -Ithird_party/address_sorting/include -Ithird_party/cares/cares/include -Ithird_party/cares -Ithird_party/cares/cares -Ithird_party/cares/cares/src/lib/include -Ithird_party/cares/cares/src/lib -Ithird_party/cares/config_linux -Ithird_party/re2 -Ithird_party/boringssl-with-bazel/src/include -Ithird_party/upb -Isrc/core/ext/upb-gen -Isrc/core/ext/upbdefs-gen -Ithird_party/utf8_range -Ithird_party/xxhash -Ithird_party/zlib -I/usr/local/google/home/ssreenithi/.pyenv/versions/3.12.0/envs/pyvenv_312/include -I/usr/local/google/home/ssreenithi/.pyenv/versions/3.12.0/include/python3.12 -c src/core/lib/event_engine/posix_engine/set_socket_dualstack.cc -o pyb/temp.linux-x86_64-cpython-312/src/core/lib/event_engine/posix_engine/set_socket_dualstack.o -std=c++17 -fvisibility=hidden -fno-wrapv -fno-exceptions -pthread
      g++ -fno-strict-overflow -Wsign-compare -DNDEBUG -g -O3 -Wall -fPIC -D_WIN32_WINNT=1536 -DGRPC_XDS_USER_AGENT_NAME_SUFFIX=\"Python\" -DGRPC_XDS_USER_AGENT_VERSION_SUFFIX=\"1.79.0.dev0\" -DHAVE_CONFIG_H=1 -DGRPC_ENABLE_FORK_SUPPORT=1 -DGRPC_ENABLE_FORK_SUPPORT_DEFAULT=false -DGRPC_PYTHON_BUILD=1 -D__STDC_FORMAT_MACROS "-DPyMODINIT_FUNC=extern \"C\" __attribute__((visibility (\"default\"))) PyObject*" -DGRPC_POSIX_FORK_ALLOW_PTHREAD_ATFORK=1 -Isrc/python/grpcio -Iinclude -I. -Ithird_party/abseil-cpp -Ithird_party/address_sorting/include -Ithird_party/cares/cares/include -Ithird_party/cares -Ithird_party/cares/cares -Ithird_party/cares/cares/src/lib/include -Ithird_party/cares/cares/src/lib -Ithird_party/cares/config_linux -Ithird_party/re2 -Ithird_party/boringssl-with-bazel/src/include -Ithird_party/upb -Isrc/core/ext/upb-gen -Isrc/core/ext/upbdefs-gen -Ithird_party/utf8_range -Ithird_party/xxhash -Ithird_party/zlib -I/usr/local/google/home/ssreenithi/.pyenv/versions/3.12.0/envs/pyvenv_312/include -I/usr/local/google/home/ssreenithi/.pyenv/versions/3.12.0/include/python3.12 -c src/core/lib/iomgr/event_engine_shims/tcp_client.cc -o pyb/temp.linux-x86_64-cpython-312/src/core/lib/iomgr/event_engine_shims/tcp_client.o -std=c++17 -fvisibility=hidden -fno-wrapv -fno-exceptions -pthread
      g++ -fno-strict-overflow -Wsign-compare -DNDEBUG -g -O3 -Wall -fPIC -D_WIN32_WINNT=1536 -DGRPC_XDS_USER_AGENT_NAME_SUFFIX=\"Python\" -DGRPC_XDS_USER_AGENT_VERSION_SUFFIX=\"1.79.0.dev0\" -DHAVE_CONFIG_H=1 -DGRPC_ENABLE_FORK_SUPPORT=1 -DGRPC_ENABLE_FORK_SUPPORT_DEFAULT=false -DGRPC_PYTHON_BUILD=1 -D__STDC_FORMAT_MACROS "-DPyMODINIT_FUNC=extern \"C\" __attribute__((visibility (\"default\"))) PyObject*" -DGRPC_POSIX_FORK_ALLOW_PTHREAD_ATFORK=1 -Isrc/python/grpcio -Iinclude -I. -Ithird_party/abseil-cpp -Ithird_party/address_sorting/include -Ithird_party/cares/cares/include -Ithird_party/cares -Ithird_party/cares/cares -Ithird_party/cares/cares/src/lib/include -Ithird_party/cares/cares/src/lib -Ithird_party/cares/config_linux -Ithird_party/re2 -Ithird_party/boringssl-with-bazel/src/include -Ithird_party/upb -Isrc/core/ext/upb-gen -Isrc/core/ext/upbdefs-gen -Ithird_party/utf8_range -Ithird_party/xxhash -Ithird_party/zlib -I/usr/local/google/home/ssreenithi/.pyenv/versions/3.12.0/envs/pyvenv_312/include -I/usr/local/google/home/ssreenithi/.pyenv/versions/3.12.0/include/python3.12 -c src/core/tsi/ssl/key_logging/ssl_key_logging.cc -o pyb/temp.linux-x86_64-cpython-312/src/core/tsi/ssl/key_logging/ssl_key_logging.o -std=c++17 -fvisibility=hidden -fno-wrapv -fno-exceptions -pthread
      In file included from ./src/core/lib/promise/activity.h:30,
                       from ./src/core/lib/resource_quota/memory_quota.h:39,
                       from ./src/core/lib/resource_quota/arena.h:39,
                       from ./src/core/call/call_arena_allocator.h:24,
                       from ./src/core/call/call_spine.h:20,
                       from ./src/core/call/call_destination.h:20,
                       from ./src/core/client_channel/client_channel_internal.h:24,
                       from src/core/load_balancing/health_check_client.cc:34:
      ./src/core/lib/promise/detail/promise_factory.h:210:5: warning: ‘always_inline’ function might not be inlinable unless also declared ‘inline’ [-Wattributes]
        210 |     PromiseFactoryImpl(Token, F&& f) {
            |     ^~~~~~~~~~~~~~~~~~
      ./src/core/lib/promise/detail/promise_factory.h:210:5: warning: ‘always_inline’ function might not be inlinable unless also declared ‘inline’ [-Wattributes]
      ./src/core/lib/promise/detail/promise_factory.h:210:5: warning: ‘always_inline’ function might not be inlinable unless also declared ‘inline’ [-Wattributes]
      ./src/core/lib/promise/detail/promise_factory.h:210:5: warning: ‘always_inline’ function might not be inlinable unless also declared ‘inline’ [-Wattributes]
      ./src/core/lib/promise/detail/promise_factory.h:210:5: warning: ‘always_inline’ function might not be inlinable unless also declared ‘inline’ [-Wattributes]
      ./src/core/lib/promise/detail/promise_factory.h:210:5: warning: ‘always_inline’ function might not be inlinable unless also declared ‘inline’ [-Wattributes]
      ./src/core/lib/promise/detail/promise_factory.h:210:5: warning: ‘always_inline’ function might not be inlinable unless also declared ‘inline’ [-Wattributes]
      g++ -fno-strict-overflow -Wsign-compare -DNDEBUG -g -O3 -Wall -fPIC -D_WIN32_WINNT=1536 -DGRPC_XDS_USER_AGENT_NAME_SUFFIX=\"Python\" -DGRPC_XDS_USER_AGENT_VERSION_SUFFIX=\"1.79.0.dev0\" -DHAVE_CONFIG_H=1 -DGRPC_ENABLE_FORK_SUPPORT=1 -DGRPC_ENABLE_FORK_SUPPORT_DEFAULT=false -DGRPC_PYTHON_BUILD=1 -D__STDC_FORMAT_MACROS "-DPyMODINIT_FUNC=extern \"C\" __attribute__((visibility (\"default\"))) PyObject*" -DGRPC_POSIX_FORK_ALLOW_PTHREAD_ATFORK=1 -Isrc/python/grpcio -Iinclude -I. -Ithird_party/abseil-cpp -Ithird_party/address_sorting/include -Ithird_party/cares/cares/include -Ithird_party/cares -Ithird_party/cares/cares -Ithird_party/cares/cares/src/lib/include -Ithird_party/cares/cares/src/lib -Ithird_party/cares/config_linux -Ithird_party/re2 -Ithird_party/boringssl-with-bazel/src/include -Ithird_party/upb -Isrc/core/ext/upb-gen -Isrc/core/ext/upbdefs-gen -Ithird_party/utf8_range -Ithird_party/xxhash -Ithird_party/zlib -I/usr/local/google/home/ssreenithi/.pyenv/versions/3.12.0/envs/pyvenv_312/include -I/usr/local/google/home/ssreenithi/.pyenv/versions/3.12.0/include/python3.12 -c src/core/util/http_client/httpcli_security_connector.cc -o pyb/temp.linux-x86_64-cpython-312/src/core/util/http_client/httpcli_security_connector.o -std=c++17 -fvisibility=hidden -fno-wrapv -fno-exceptions -pthread
      g++ -fno-strict-overflow -Wsign-compare -DNDEBUG -g -O3 -Wall -fPIC -D_WIN32_WINNT=1536 -DGRPC_XDS_USER_AGENT_NAME_SUFFIX=\"Python\" -DGRPC_XDS_USER_AGENT_VERSION_SUFFIX=\"1.79.0.dev0\" -DHAVE_CONFIG_H=1 -DGRPC_ENABLE_FORK_SUPPORT=1 -DGRPC_ENABLE_FORK_SUPPORT_DEFAULT=false -DGRPC_PYTHON_BUILD=1 -D__STDC_FORMAT_MACROS "-DPyMODINIT_FUNC=extern \"C\" __attribute__((visibility (\"default\"))) PyObject*" -DGRPC_POSIX_FORK_ALLOW_PTHREAD_ATFORK=1 -Isrc/python/grpcio -Iinclude -I. -Ithird_party/abseil-cpp -Ithird_party/address_sorting/include -Ithird_party/cares/cares/include -Ithird_party/cares -Ithird_party/cares/cares -Ithird_party/cares/cares/src/lib/include -Ithird_party/cares/cares/src/lib -Ithird_party/cares/config_linux -Ithird_party/re2 -Ithird_party/boringssl-with-bazel/src/include -Ithird_party/upb -Isrc/core/ext/upb-gen -Isrc/core/ext/upbdefs-gen -Ithird_party/utf8_range -Ithird_party/xxhash -Ithird_party/zlib -I/usr/local/google/home/ssreenithi/.pyenv/versions/3.12.0/envs/pyvenv_312/include -I/usr/local/google/home/ssreenithi/.pyenv/versions/3.12.0/include/python3.12 -c src/core/util/grpc_check.cc -o pyb/temp.linux-x86_64-cpython-312/src/core/util/grpc_check.o -std=c++17 -fvisibility=hidden -fno-wrapv -fno-exceptions -pthread
      g++ -fno-strict-overflow -Wsign-compare -DNDEBUG -g -O3 -Wall -fPIC -D_WIN32_WINNT=1536 -DGRPC_XDS_USER_AGENT_NAME_SUFFIX=\"Python\" -DGRPC_XDS_USER_AGENT_VERSION_SUFFIX=\"1.79.0.dev0\" -DHAVE_CONFIG_H=1 -DGRPC_ENABLE_FORK_SUPPORT=1 -DGRPC_ENABLE_FORK_SUPPORT_DEFAULT=false -DGRPC_PYTHON_BUILD=1 -D__STDC_FORMAT_MACROS "-DPyMODINIT_FUNC=extern \"C\" __attribute__((visibility (\"default\"))) PyObject*" -DGRPC_POSIX_FORK_ALLOW_PTHREAD_ATFORK=1 -Isrc/python/grpcio -Iinclude -I. -Ithird_party/abseil-cpp -Ithird_party/address_sorting/include -Ithird_party/cares/cares/include -Ithird_party/cares -Ithird_party/cares/cares -Ithird_party/cares/cares/src/lib/include -Ithird_party/cares/cares/src/lib -Ithird_party/cares/config_linux -Ithird_party/re2 -Ithird_party/boringssl-with-bazel/src/include -Ithird_party/upb -Isrc/core/ext/upb-gen -Isrc/core/ext/upbdefs-gen -Ithird_party/utf8_range -Ithird_party/xxhash -Ithird_party/zlib -I/usr/local/google/home/ssreenithi/.pyenv/versions/3.12.0/envs/pyvenv_312/include -I/usr/local/google/home/ssreenithi/.pyenv/versions/3.12.0/include/python3.12 -c src/core/util/grpc_if_nametoindex_posix.cc -o pyb/temp.linux-x86_64-cpython-312/src/core/util/grpc_if_nametoindex_posix.o -std=c++17 -fvisibility=hidden -fno-wrapv -fno-exceptions -pthread
      g++ -fno-strict-overflow -Wsign-compare -DNDEBUG -g -O3 -Wall -fPIC -D_WIN32_WINNT=1536 -DGRPC_XDS_USER_AGENT_NAME_SUFFIX=\"Python\" -DGRPC_XDS_USER_AGENT_VERSION_SUFFIX=\"1.79.0.dev0\" -DHAVE_CONFIG_H=1 -DGRPC_ENABLE_FORK_SUPPORT=1 -DGRPC_ENABLE_FORK_SUPPORT_DEFAULT=false -DGRPC_PYTHON_BUILD=1 -D__STDC_FORMAT_MACROS "-DPyMODINIT_FUNC=extern \"C\" __attribute__((visibility (\"default\"))) PyObject*" -DGRPC_POSIX_FORK_ALLOW_PTHREAD_ATFORK=1 -Isrc/python/grpcio -Iinclude -I. -Ithird_party/abseil-cpp -Ithird_party/address_sorting/include -Ithird_party/cares/cares/include -Ithird_party/cares -Ithird_party/cares/cares -Ithird_party/cares/cares/src/lib/include -Ithird_party/cares/cares/src/lib -Ithird_party/cares/config_linux -Ithird_party/re2 -Ithird_party/boringssl-with-bazel/src/include -Ithird_party/upb -Isrc/core/ext/upb-gen -Isrc/core/ext/upbdefs-gen -Ithird_party/utf8_range -Ithird_party/xxhash -Ithird_party/zlib -I/usr/local/google/home/ssreenithi/.pyenv/versions/3.12.0/envs/pyvenv_312/include -I/usr/local/google/home/ssreenithi/.pyenv/versions/3.12.0/include/python3.12 -c src/core/tsi/alts/crypt/gsec.cc -o pyb/temp.linux-x86_64-cpython-312/src/core/tsi/alts/crypt/gsec.o -std=c++17 -fvisibility=hidden -fno-wrapv -fno-exceptions -pthread
      g++ -fno-strict-overflow -Wsign-compare -DNDEBUG -g -O3 -Wall -fPIC -D_WIN32_WINNT=1536 -DGRPC_XDS_USER_AGENT_NAME_SUFFIX=\"Python\" -DGRPC_XDS_USER_AGENT_VERSION_SUFFIX=\"1.79.0.dev0\" -DHAVE_CONFIG_H=1 -DGRPC_ENABLE_FORK_SUPPORT=1 -DGRPC_ENABLE_FORK_SUPPORT_DEFAULT=false -DGRPC_PYTHON_BUILD=1 -D__STDC_FORMAT_MACROS "-DPyMODINIT_FUNC=extern \"C\" __attribute__((visibility (\"default\"))) PyObject*" -DGRPC_POSIX_FORK_ALLOW_PTHREAD_ATFORK=1 -Isrc/python/grpcio -Iinclude -I. -Ithird_party/abseil-cpp -Ithird_party/address_sorting/include -Ithird_party/cares/cares/include -Ithird_party/cares -Ithird_party/cares/cares -Ithird_party/cares/cares/src/lib/include -Ithird_party/cares/cares/src/lib -Ithird_party/cares/config_linux -Ithird_party/re2 -Ithird_party/boringssl-with-bazel/src/include -Ithird_party/upb -Isrc/core/ext/upb-gen -Isrc/core/ext/upbdefs-gen -Ithird_party/utf8_range -Ithird_party/xxhash -Ithird_party/zlib -I/usr/local/google/home/ssreenithi/.pyenv/versions/3.12.0/envs/pyvenv_312/include -I/usr/local/google/home/ssreenithi/.pyenv/versions/3.12.0/include/python3.12 -c src/core/ext/transport/chttp2/transport/writing.cc -o pyb/temp.linux-x86_64-cpython-312/src/core/ext/transport/chttp2/transport/writing.o -std=c++17 -fvisibility=hidden -fno-wrapv -fno-exceptions -pthread
      g++ -fno-strict-overflow -Wsign-compare -DNDEBUG -g -O3 -Wall -fPIC -D_WIN32_WINNT=1536 -DGRPC_XDS_USER_AGENT_NAME_SUFFIX=\"Python\" -DGRPC_XDS_USER_AGENT_VERSION_SUFFIX=\"1.79.0.dev0\" -DHAVE_CONFIG_H=1 -DGRPC_ENABLE_FORK_SUPPORT=1 -DGRPC_ENABLE_FORK_SUPPORT_DEFAULT=false -DGRPC_PYTHON_BUILD=1 -D__STDC_FORMAT_MACROS "-DPyMODINIT_FUNC=extern \"C\" __attribute__((visibility (\"default\"))) PyObject*" -DGRPC_POSIX_FORK_ALLOW_PTHREAD_ATFORK=1 -Isrc/python/grpcio -Iinclude -I. -Ithird_party/abseil-cpp -Ithird_party/address_sorting/include -Ithird_party/cares/cares/include -Ithird_party/cares -Ithird_party/cares/cares -Ithird_party/cares/cares/src/lib/include -Ithird_party/cares/cares/src/lib -Ithird_party/cares/config_linux -Ithird_party/re2 -Ithird_party/boringssl-with-bazel/src/include -Ithird_party/upb -Isrc/core/ext/upb-gen -Isrc/core/ext/upbdefs-gen -Ithird_party/utf8_range -Ithird_party/xxhash -Ithird_party/zlib -I/usr/local/google/home/ssreenithi/.pyenv/versions/3.12.0/envs/pyvenv_312/include -I/usr/local/google/home/ssreenithi/.pyenv/versions/3.12.0/include/python3.12 -c src/core/load_balancing/weighted_target/weighted_target.cc -o pyb/temp.linux-x86_64-cpython-312/src/core/load_balancing/weighted_target/weighted_target.o -std=c++17 -fvisibility=hidden -fno-wrapv -fno-exceptions -pthread
      g++ -fno-strict-overflow -Wsign-compare -DNDEBUG -g -O3 -Wall -fPIC -D_WIN32_WINNT=1536 -DGRPC_XDS_USER_AGENT_NAME_SUFFIX=\"Python\" -DGRPC_XDS_USER_AGENT_VERSION_SUFFIX=\"1.79.0.dev0\" -DHAVE_CONFIG_H=1 -DGRPC_ENABLE_FORK_SUPPORT=1 -DGRPC_ENABLE_FORK_SUPPORT_DEFAULT=false -DGRPC_PYTHON_BUILD=1 -D__STDC_FORMAT_MACROS "-DPyMODINIT_FUNC=extern \"C\" __attribute__((visibility (\"default\"))) PyObject*" -DGRPC_POSIX_FORK_ALLOW_PTHREAD_ATFORK=1 -Isrc/python/grpcio -Iinclude -I. -Ithird_party/abseil-cpp -Ithird_party/address_sorting/include -Ithird_party/cares/cares/include -Ithird_party/cares -Ithird_party/cares/cares -Ithird_party/cares/cares/src/lib/include -Ithird_party/cares/cares/src/lib -Ithird_party/cares/config_linux -Ithird_party/re2 -Ithird_party/boringssl-with-bazel/src/include -Ithird_party/upb -Isrc/core/ext/upb-gen -Isrc/core/ext/upbdefs-gen -Ithird_party/utf8_range -Ithird_party/xxhash -Ithird_party/zlib -I/usr/local/google/home/ssreenithi/.pyenv/versions/3.12.0/envs/pyvenv_312/include -I/usr/local/google/home/ssreenithi/.pyenv/versions/3.12.0/include/python3.12 -c src/core/util/latent_see.cc -o pyb/temp.linux-x86_64-cpython-312/src/core/util/latent_see.o -std=c++17 -fvisibility=hidden -fno-wrapv -fno-exceptions -pthread
      g++ -fno-strict-overflow -Wsign-compare -DNDEBUG -g -O3 -Wall -fPIC -D_WIN32_WINNT=1536 -DGRPC_XDS_USER_AGENT_NAME_SUFFIX=\"Python\" -DGRPC_XDS_USER_AGENT_VERSION_SUFFIX=\"1.79.0.dev0\" -DHAVE_CONFIG_H=1 -DGRPC_ENABLE_FORK_SUPPORT=1 -DGRPC_ENABLE_FORK_SUPPORT_DEFAULT=false -DGRPC_PYTHON_BUILD=1 -D__STDC_FORMAT_MACROS "-DPyMODINIT_FUNC=extern \"C\" __attribute__((visibility (\"default\"))) PyObject*" -DGRPC_POSIX_FORK_ALLOW_PTHREAD_ATFORK=1 -Isrc/python/grpcio -Iinclude -I. -Ithird_party/abseil-cpp -Ithird_party/address_sorting/include -Ithird_party/cares/cares/include -Ithird_party/cares -Ithird_party/cares/cares -Ithird_party/cares/cares/src/lib/include -Ithird_party/cares/cares/src/lib -Ithird_party/cares/config_linux -Ithird_party/re2 -Ithird_party/boringssl-with-bazel/src/include -Ithird_party/upb -Isrc/core/ext/upb-gen -Isrc/core/ext/upbdefs-gen -Ithird_party/utf8_range -Ithird_party/xxhash -Ithird_party/zlib -I/usr/local/google/home/ssreenithi/.pyenv/versions/3.12.0/envs/pyvenv_312/include -I/usr/local/google/home/ssreenithi/.pyenv/versions/3.12.0/include/python3.12 -c src/core/load_balancing/child_policy_handler.cc -o pyb/temp.linux-x86_64-cpython-312/src/core/load_balancing/child_policy_handler.o -std=c++17 -fvisibility=hidden -fno-wrapv -fno-exceptions -pthread
      In file included from ./src/core/lib/promise/activity.h:30,
                       from ./src/core/call/call_state.h:23,
                       from ./src/core/call/call_filters.h:26,
                       from ./src/core/lib/surface/channel_init.h:31,
                       from ./src/core/config/core_configuration.h:29,
                       from ./src/core/handshaker/http_connect/http_proxy_mapper.h:27,
                       from src/core/handshaker/http_connect/http_proxy_mapper.cc:19:
      ./src/core/lib/promise/detail/promise_factory.h:210:5: warning: ‘always_inline’ function might not be inlinable unless also declared ‘inline’ [-Wattributes]
        210 |     PromiseFactoryImpl(Token, F&& f) {
            |     ^~~~~~~~~~~~~~~~~~
      ./src/core/lib/promise/detail/promise_factory.h:210:5: warning: ‘always_inline’ function might not be inlinable unless also declared ‘inline’ [-Wattributes]
      ./src/core/lib/promise/detail/promise_factory.h:210:5: warning: ‘always_inline’ function might not be inlinable unless also declared ‘inline’ [-Wattributes]
      ./src/core/lib/promise/detail/promise_factory.h:210:5: warning: ‘always_inline’ function might not be inlinable unless also declared ‘inline’ [-Wattributes]
      ./src/core/lib/promise/detail/promise_factory.h:210:5: warning: ‘always_inline’ function might not be inlinable unless also declared ‘inline’ [-Wattributes]
      ./src/core/lib/promise/detail/promise_factory.h:210:5: warning: ‘always_inline’ function might not be inlinable unless also declared ‘inline’ [-Wattributes]
      ./src/core/lib/promise/detail/promise_factory.h:210:5: warning: ‘always_inline’ function might not be inlinable unless also declared ‘inline’ [-Wattributes]
      g++ -fno-strict-overflow -Wsign-compare -DNDEBUG -g -O3 -Wall -fPIC -D_WIN32_WINNT=1536 -DGRPC_XDS_USER_AGENT_NAME_SUFFIX=\"Python\" -DGRPC_XDS_USER_AGENT_VERSION_SUFFIX=\"1.79.0.dev0\" -DHAVE_CONFIG_H=1 -DGRPC_ENABLE_FORK_SUPPORT=1 -DGRPC_ENABLE_FORK_SUPPORT_DEFAULT=false -DGRPC_PYTHON_BUILD=1 -D__STDC_FORMAT_MACROS "-DPyMODINIT_FUNC=extern \"C\" __attribute__((visibility (\"default\"))) PyObject*" -DGRPC_POSIX_FORK_ALLOW_PTHREAD_ATFORK=1 -Isrc/python/grpcio -Iinclude -I. -Ithird_party/abseil-cpp -Ithird_party/address_sorting/include -Ithird_party/cares/cares/include -Ithird_party/cares -Ithird_party/cares/cares -Ithird_party/cares/cares/src/lib/include -Ithird_party/cares/cares/src/lib -Ithird_party/cares/config_linux -Ithird_party/re2 -Ithird_party/boringssl-with-bazel/src/include -Ithird_party/upb -Isrc/core/ext/upb-gen -Isrc/core/ext/upbdefs-gen -Ithird_party/utf8_range -Ithird_party/xxhash -Ithird_party/zlib -I/usr/local/google/home/ssreenithi/.pyenv/versions/3.12.0/envs/pyvenv_312/include -I/usr/local/google/home/ssreenithi/.pyenv/versions/3.12.0/include/python3.12 -c src/core/lib/event_engine/event_engine.cc -o pyb/temp.linux-x86_64-cpython-312/src/core/lib/event_engine/event_engine.o -std=c++17 -fvisibility=hidden -fno-wrapv -fno-exceptions -pthread
      g++ -fno-strict-overflow -Wsign-compare -DNDEBUG -g -O3 -Wall -fPIC -D_WIN32_WINNT=1536 -DGRPC_XDS_USER_AGENT_NAME_SUFFIX=\"Python\" -DGRPC_XDS_USER_AGENT_VERSION_SUFFIX=\"1.79.0.dev0\" -DHAVE_CONFIG_H=1 -DGRPC_ENABLE_FORK_SUPPORT=1 -DGRPC_ENABLE_FORK_SUPPORT_DEFAULT=false -DGRPC_PYTHON_BUILD=1 -D__STDC_FORMAT_MACROS "-DPyMODINIT_FUNC=extern \"C\" __attribute__((visibility (\"default\"))) PyObject*" -DGRPC_POSIX_FORK_ALLOW_PTHREAD_ATFORK=1 -Isrc/python/grpcio -Iinclude -I. -Ithird_party/abseil-cpp -Ithird_party/address_sorting/include -Ithird_party/cares/cares/include -Ithird_party/cares -Ithird_party/cares/cares -Ithird_party/cares/cares/src/lib/include -Ithird_party/cares/cares/src/lib -Ithird_party/cares/config_linux -Ithird_party/re2 -Ithird_party/boringssl-with-bazel/src/include -Ithird_party/upb -Isrc/core/ext/upb-gen -Isrc/core/ext/upbdefs-gen -Ithird_party/utf8_range -Ithird_party/xxhash -Ithird_party/zlib -I/usr/local/google/home/ssreenithi/.pyenv/versions/3.12.0/envs/pyvenv_312/include -I/usr/local/google/home/ssreenithi/.pyenv/versions/3.12.0/include/python3.12 -c src/core/lib/transport/transport.cc -o pyb/temp.linux-x86_64-cpython-312/src/core/lib/transport/transport.o -std=c++17 -fvisibility=hidden -fno-wrapv -fno-exceptions -pthread
      In file included from ./src/core/lib/promise/activity.h:30,
                       from ./src/core/lib/resource_quota/memory_quota.h:39,
                       from ./src/core/lib/resource_quota/arena.h:39,
                       from ./src/core/util/chunked_vector.h:24,
                       from ./src/core/call/metadata_batch.h:41,
                       from ./src/core/call/metadata.h:20,
                       from ./src/core/credentials/call/gcp_service_account_identity/gcp_service_account_identity_credentials.h:26,
                       from src/core/credentials/call/gcp_service_account_identity/gcp_service_account_identity_credentials.cc:17:
      ./src/core/lib/promise/detail/promise_factory.h:210:5: warning: ‘always_inline’ function might not be inlinable unless also declared ‘inline’ [-Wattributes]
        210 |     PromiseFactoryImpl(Token, F&& f) {
            |     ^~~~~~~~~~~~~~~~~~
      ./src/core/lib/promise/detail/promise_factory.h:210:5: warning: ‘always_inline’ function might not be inlinable unless also declared ‘inline’ [-Wattributes]
      ./src/core/lib/promise/detail/promise_factory.h:210:5: warning: ‘always_inline’ function might not be inlinable unless also declared ‘inline’ [-Wattributes]
      ./src/core/lib/promise/detail/promise_factory.h:210:5: warning: ‘always_inline’ function might not be inlinable unless also declared ‘inline’ [-Wattributes]
      ./src/core/lib/promise/detail/promise_factory.h:210:5: warning: ‘always_inline’ function might not be inlinable unless also declared ‘inline’ [-Wattributes]
      ./src/core/lib/promise/detail/promise_factory.h:210:5: warning: ‘always_inline’ function might not be inlinable unless also declared ‘inline’ [-Wattributes]
      ./src/core/lib/promise/detail/promise_factory.h:210:5: warning: ‘always_inline’ function might not be inlinable unless also declared ‘inline’ [-Wattributes]
      g++ -fno-strict-overflow -Wsign-compare -DNDEBUG -g -O3 -Wall -fPIC -D_WIN32_WINNT=1536 -DGRPC_XDS_USER_AGENT_NAME_SUFFIX=\"Python\" -DGRPC_XDS_USER_AGENT_VERSION_SUFFIX=\"1.79.0.dev0\" -DHAVE_CONFIG_H=1 -DGRPC_ENABLE_FORK_SUPPORT=1 -DGRPC_ENABLE_FORK_SUPPORT_DEFAULT=false -DGRPC_PYTHON_BUILD=1 -D__STDC_FORMAT_MACROS "-DPyMODINIT_FUNC=extern \"C\" __attribute__((visibility (\"default\"))) PyObject*" -DGRPC_POSIX_FORK_ALLOW_PTHREAD_ATFORK=1 -Isrc/python/grpcio -Iinclude -I. -Ithird_party/abseil-cpp -Ithird_party/address_sorting/include -Ithird_party/cares/cares/include -Ithird_party/cares -Ithird_party/cares/cares -Ithird_party/cares/cares/src/lib/include -Ithird_party/cares/cares/src/lib -Ithird_party/cares/config_linux -Ithird_party/re2 -Ithird_party/boringssl-with-bazel/src/include -Ithird_party/upb -Isrc/core/ext/upb-gen -Isrc/core/ext/upbdefs-gen -Ithird_party/utf8_range -Ithird_party/xxhash -Ithird_party/zlib -I/usr/local/google/home/ssreenithi/.pyenv/versions/3.12.0/envs/pyvenv_312/include -I/usr/local/google/home/ssreenithi/.pyenv/versions/3.12.0/include/python3.12 -c src/core/lib/channel/promise_based_filter.cc -o pyb/temp.linux-x86_64-cpython-312/src/core/lib/channel/promise_based_filter.o -std=c++17 -fvisibility=hidden -fno-wrapv -fno-exceptions -pthread
      g++ -fno-strict-overflow -Wsign-compare -DNDEBUG -g -O3 -Wall -fPIC -D_WIN32_WINNT=1536 -DGRPC_XDS_USER_AGENT_NAME_SUFFIX=\"Python\" -DGRPC_XDS_USER_AGENT_VERSION_SUFFIX=\"1.79.0.dev0\" -DHAVE_CONFIG_H=1 -DGRPC_ENABLE_FORK_SUPPORT=1 -DGRPC_ENABLE_FORK_SUPPORT_DEFAULT=false -DGRPC_PYTHON_BUILD=1 -D__STDC_FORMAT_MACROS "-DPyMODINIT_FUNC=extern \"C\" __attribute__((visibility (\"default\"))) PyObject*" -DGRPC_POSIX_FORK_ALLOW_PTHREAD_ATFORK=1 -Isrc/python/grpcio -Iinclude -I. -Ithird_party/abseil-cpp -Ithird_party/address_sorting/include -Ithird_party/cares/cares/include -Ithird_party/cares -Ithird_party/cares/cares -Ithird_party/cares/cares/src/lib/include -Ithird_party/cares/cares/src/lib -Ithird_party/cares/config_linux -Ithird_party/re2 -Ithird_party/boringssl-with-bazel/src/include -Ithird_party/upb -Isrc/core/ext/upb-gen -Isrc/core/ext/upbdefs-gen -Ithird_party/utf8_range -Ithird_party/xxhash -Ithird_party/zlib -I/usr/local/google/home/ssreenithi/.pyenv/versions/3.12.0/envs/pyvenv_312/include -I/usr/local/google/home/ssreenithi/.pyenv/versions/3.12.0/include/python3.12 -c src/core/lib/iomgr/endpoint.cc -o pyb/temp.linux-x86_64-cpython-312/src/core/lib/iomgr/endpoint.o -std=c++17 -fvisibility=hidden -fno-wrapv -fno-exceptions -pthread
      g++ -fno-strict-overflow -Wsign-compare -DNDEBUG -g -O3 -Wall -fPIC -D_WIN32_WINNT=1536 -DGRPC_XDS_USER_AGENT_NAME_SUFFIX=\"Python\" -DGRPC_XDS_USER_AGENT_VERSION_SUFFIX=\"1.79.0.dev0\" -DHAVE_CONFIG_H=1 -DGRPC_ENABLE_FORK_SUPPORT=1 -DGRPC_ENABLE_FORK_SUPPORT_DEFAULT=false -DGRPC_PYTHON_BUILD=1 -D__STDC_FORMAT_MACROS "-DPyMODINIT_FUNC=extern \"C\" __attribute__((visibility (\"default\"))) PyObject*" -DGRPC_POSIX_FORK_ALLOW_PTHREAD_ATFORK=1 -Isrc/python/grpcio -Iinclude -I. -Ithird_party/abseil-cpp -Ithird_party/address_sorting/include -Ithird_party/cares/cares/include -Ithird_party/cares -Ithird_party/cares/cares -Ithird_party/cares/cares/src/lib/include -Ithird_party/cares/cares/src/lib -Ithird_party/cares/config_linux -Ithird_party/re2 -Ithird_party/boringssl-with-bazel/src/include -Ithird_party/upb -Isrc/core/ext/upb-gen -Isrc/core/ext/upbdefs-gen -Ithird_party/utf8_range -Ithird_party/xxhash -Ithird_party/zlib -I/usr/local/google/home/ssreenithi/.pyenv/versions/3.12.0/envs/pyvenv_312/include -I/usr/local/google/home/ssreenithi/.pyenv/versions/3.12.0/include/python3.12 -c src/core/tsi/alts/frame_protector/alts_counter.cc -o pyb/temp.linux-x86_64-cpython-312/src/core/tsi/alts/frame_protector/alts_counter.o -std=c++17 -fvisibility=hidden -fno-wrapv -fno-exceptions -pthread
      g++ -fno-strict-overflow -Wsign-compare -DNDEBUG -g -O3 -Wall -fPIC -D_WIN32_WINNT=1536 -DGRPC_XDS_USER_AGENT_NAME_SUFFIX=\"Python\" -DGRPC_XDS_USER_AGENT_VERSION_SUFFIX=\"1.79.0.dev0\" -DHAVE_CONFIG_H=1 -DGRPC_ENABLE_FORK_SUPPORT=1 -DGRPC_ENABLE_FORK_SUPPORT_DEFAULT=false -DGRPC_PYTHON_BUILD=1 -D__STDC_FORMAT_MACROS "-DPyMODINIT_FUNC=extern \"C\" __attribute__((visibility (\"default\"))) PyObject*" -DGRPC_POSIX_FORK_ALLOW_PTHREAD_ATFORK=1 -Isrc/python/grpcio -Iinclude -I. -Ithird_party/abseil-cpp -Ithird_party/address_sorting/include -Ithird_party/cares/cares/include -Ithird_party/cares -Ithird_party/cares/cares -Ithird_party/cares/cares/src/lib/include -Ithird_party/cares/cares/src/lib -Ithird_party/cares/config_linux -Ithird_party/re2 -Ithird_party/boringssl-with-bazel/src/include -Ithird_party/upb -Isrc/core/ext/upb-gen -Isrc/core/ext/upbdefs-gen -Ithird_party/utf8_range -Ithird_party/xxhash -Ithird_party/zlib -I/usr/local/google/home/ssreenithi/.pyenv/versions/3.12.0/envs/pyvenv_312/include -I/usr/local/google/home/ssreenithi/.pyenv/versions/3.12.0/include/python3.12 -c src/core/util/msys/tmpfile.cc -o pyb/temp.linux-x86_64-cpython-312/src/core/util/msys/tmpfile.o -std=c++17 -fvisibility=hidden -fno-wrapv -fno-exceptions -pthread
      g++ -fno-strict-overflow -Wsign-compare -DNDEBUG -g -O3 -Wall -fPIC -D_WIN32_WINNT=1536 -DGRPC_XDS_USER_AGENT_NAME_SUFFIX=\"Python\" -DGRPC_XDS_USER_AGENT_VERSION_SUFFIX=\"1.79.0.dev0\" -DHAVE_CONFIG_H=1 -DGRPC_ENABLE_FORK_SUPPORT=1 -DGRPC_ENABLE_FORK_SUPPORT_DEFAULT=false -DGRPC_PYTHON_BUILD=1 -D__STDC_FORMAT_MACROS "-DPyMODINIT_FUNC=extern \"C\" __attribute__((visibility (\"default\"))) PyObject*" -DGRPC_POSIX_FORK_ALLOW_PTHREAD_ATFORK=1 -Isrc/python/grpcio -Iinclude -I. -Ithird_party/abseil-cpp -Ithird_party/address_sorting/include -Ithird_party/cares/cares/include -Ithird_party/cares -Ithird_party/cares/cares -Ithird_party/cares/cares/src/lib/include -Ithird_party/cares/cares/src/lib -Ithird_party/cares/config_linux -Ithird_party/re2 -Ithird_party/boringssl-with-bazel/src/include -Ithird_party/upb -Isrc/core/ext/upb-gen -Isrc/core/ext/upbdefs-gen -Ithird_party/utf8_range -Ithird_party/xxhash -Ithird_party/zlib -I/usr/local/google/home/ssreenithi/.pyenv/versions/3.12.0/envs/pyvenv_312/include -I/usr/local/google/home/ssreenithi/.pyenv/versions/3.12.0/include/python3.12 -c src/core/lib/resource_quota/periodic_update.cc -o pyb/temp.linux-x86_64-cpython-312/src/core/lib/resource_quota/periodic_update.o -std=c++17 -fvisibility=hidden -fno-wrapv -fno-exceptions -pthread
      g++ -fno-strict-overflow -Wsign-compare -DNDEBUG -g -O3 -Wall -fPIC -D_WIN32_WINNT=1536 -DGRPC_XDS_USER_AGENT_NAME_SUFFIX=\"Python\" -DGRPC_XDS_USER_AGENT_VERSION_SUFFIX=\"1.79.0.dev0\" -DHAVE_CONFIG_H=1 -DGRPC_ENABLE_FORK_SUPPORT=1 -DGRPC_ENABLE_FORK_SUPPORT_DEFAULT=false -DGRPC_PYTHON_BUILD=1 -D__STDC_FORMAT_MACROS "-DPyMODINIT_FUNC=extern \"C\" __attribute__((visibility (\"default\"))) PyObject*" -DGRPC_POSIX_FORK_ALLOW_PTHREAD_ATFORK=1 -Isrc/python/grpcio -Iinclude -I. -Ithird_party/abseil-cpp -Ithird_party/address_sorting/include -Ithird_party/cares/cares/include -Ithird_party/cares -Ithird_party/cares/cares -Ithird_party/cares/cares/src/lib/include -Ithird_party/cares/cares/src/lib -Ithird_party/cares/config_linux -Ithird_party/re2 -Ithird_party/boringssl-with-bazel/src/include -Ithird_party/upb -Isrc/core/ext/upb-gen -Isrc/core/ext/upbdefs-gen -Ithird_party/utf8_range -Ithird_party/xxhash -Ithird_party/zlib -I/usr/local/google/home/ssreenithi/.pyenv/versions/3.12.0/envs/pyvenv_312/include -I/usr/local/google/home/ssreenithi/.pyenv/versions/3.12.0/include/python3.12 -c src/core/util/per_cpu.cc -o pyb/temp.linux-x86_64-cpython-312/src/core/util/per_cpu.o -std=c++17 -fvisibility=hidden -fno-wrapv -fno-exceptions -pthread
      In file included from ./src/core/lib/promise/activity.h:30,
                       from ./src/core/call/call_state.h:23,
                       from ./src/core/call/call_filters.h:26,
                       from ./src/core/lib/surface/channel_init.h:31,
                       from ./src/core/config/core_configuration.h:29,
                       from ./src/core/ext/filters/message_size/message_size_filter.h:27,
                       from src/core/ext/filters/message_size/message_size_filter.cc:17:
      ./src/core/lib/promise/detail/promise_factory.h:131:5: warning: ‘always_inline’ function might not be inlinable unless also declared ‘inline’ [-Wattributes]
        131 |     PromiseFactoryImpl(Token, F&& f, A&& arg) {
            |     ^~~~~~~~~~~~~~~~~~
      ./src/core/lib/promise/detail/promise_factory.h:131:5: warning: ‘always_inline’ function might not be inlinable unless also declared ‘inline’ [-Wattributes]
      ./src/core/lib/promise/detail/promise_factory.h:131:5: warning: ‘always_inline’ function might not be inlinable unless also declared ‘inline’ [-Wattributes]
      ./src/core/lib/promise/detail/promise_factory.h:131:5: warning: ‘always_inline’ function might not be inlinable unless also declared ‘inline’ [-Wattributes]
      ./src/core/lib/promise/detail/promise_factory.h:210:5: warning: ‘always_inline’ function might not be inlinable unless also declared ‘inline’ [-Wattributes]
        210 |     PromiseFactoryImpl(Token, F&& f) {
            |     ^~~~~~~~~~~~~~~~~~
      ./src/core/lib/promise/detail/promise_factory.h:210:5: warning: ‘always_inline’ function might not be inlinable unless also declared ‘inline’ [-Wattributes]
      ./src/core/lib/promise/detail/promise_factory.h:210:5: warning: ‘always_inline’ function might not be inlinable unless also declared ‘inline’ [-Wattributes]
      ./src/core/lib/promise/detail/promise_factory.h:210:5: warning: ‘always_inline’ function might not be inlinable unless also declared ‘inline’ [-Wattributes]
      ./src/core/lib/promise/detail/promise_factory.h:210:5: warning: ‘always_inline’ function might not be inlinable unless also declared ‘inline’ [-Wattributes]
      ./src/core/lib/promise/detail/promise_factory.h:210:5: warning: ‘always_inline’ function might not be inlinable unless also declared ‘inline’ [-Wattributes]
      ./src/core/lib/promise/detail/promise_factory.h:210:5: warning: ‘always_inline’ function might not be inlinable unless also declared ‘inline’ [-Wattributes]
      ./src/core/lib/promise/detail/promise_factory.h:210:5: warning: ‘always_inline’ function might not be inlinable unless also declared ‘inline’ [-Wattributes]
      g++ -fno-strict-overflow -Wsign-compare -DNDEBUG -g -O3 -Wall -fPIC -D_WIN32_WINNT=1536 -DGRPC_XDS_USER_AGENT_NAME_SUFFIX=\"Python\" -DGRPC_XDS_USER_AGENT_VERSION_SUFFIX=\"1.79.0.dev0\" -DHAVE_CONFIG_H=1 -DGRPC_ENABLE_FORK_SUPPORT=1 -DGRPC_ENABLE_FORK_SUPPORT_DEFAULT=false -DGRPC_PYTHON_BUILD=1 -D__STDC_FORMAT_MACROS "-DPyMODINIT_FUNC=extern \"C\" __attribute__((visibility (\"default\"))) PyObject*" -DGRPC_POSIX_FORK_ALLOW_PTHREAD_ATFORK=1 -Isrc/python/grpcio -Iinclude -I. -Ithird_party/abseil-cpp -Ithird_party/address_sorting/include -Ithird_party/cares/cares/include -Ithird_party/cares -Ithird_party/cares/cares -Ithird_party/cares/cares/src/lib/include -Ithird_party/cares/cares/src/lib -Ithird_party/cares/config_linux -Ithird_party/re2 -Ithird_party/boringssl-with-bazel/src/include -Ithird_party/upb -Isrc/core/ext/upb-gen -Isrc/core/ext/upbdefs-gen -Ithird_party/utf8_range -Ithird_party/xxhash -Ithird_party/zlib -I/usr/local/google/home/ssreenithi/.pyenv/versions/3.12.0/envs/pyvenv_312/include -I/usr/local/google/home/ssreenithi/.pyenv/versions/3.12.0/include/python3.12 -c src/core/tsi/alts/frame_protector/alts_crypter.cc -o pyb/temp.linux-x86_64-cpython-312/src/core/tsi/alts/frame_protector/alts_crypter.o -std=c++17 -fvisibility=hidden -fno-wrapv -fno-exceptions -pthread
      g++ -fno-strict-overflow -Wsign-compare -DNDEBUG -g -O3 -Wall -fPIC -D_WIN32_WINNT=1536 -DGRPC_XDS_USER_AGENT_NAME_SUFFIX=\"Python\" -DGRPC_XDS_USER_AGENT_VERSION_SUFFIX=\"1.79.0.dev0\" -DHAVE_CONFIG_H=1 -DGRPC_ENABLE_FORK_SUPPORT=1 -DGRPC_ENABLE_FORK_SUPPORT_DEFAULT=false -DGRPC_PYTHON_BUILD=1 -D__STDC_FORMAT_MACROS "-DPyMODINIT_FUNC=extern \"C\" __attribute__((visibility (\"default\"))) PyObject*" -DGRPC_POSIX_FORK_ALLOW_PTHREAD_ATFORK=1 -Isrc/python/grpcio -Iinclude -I. -Ithird_party/abseil-cpp -Ithird_party/address_sorting/include -Ithird_party/cares/cares/include -Ithird_party/cares -Ithird_party/cares/cares -Ithird_party/cares/cares/src/lib/include -Ithird_party/cares/cares/src/lib -Ithird_party/cares/config_linux -Ithird_party/re2 -Ithird_party/boringssl-with-bazel/src/include -Ithird_party/upb -Isrc/core/ext/upb-gen -Isrc/core/ext/upbdefs-gen -Ithird_party/utf8_range -Ithird_party/xxhash -Ithird_party/zlib -I/usr/local/google/home/ssreenithi/.pyenv/versions/3.12.0/envs/pyvenv_312/include -I/usr/local/google/home/ssreenithi/.pyenv/versions/3.12.0/include/python3.12 -c src/core/util/alloc.cc -o pyb/temp.linux-x86_64-cpython-312/src/core/util/alloc.o -std=c++17 -fvisibility=hidden -fno-wrapv -fno-exceptions -pthread
      g++ -fno-strict-overflow -Wsign-compare -DNDEBUG -g -O3 -Wall -fPIC -D_WIN32_WINNT=1536 -DGRPC_XDS_USER_AGENT_NAME_SUFFIX=\"Python\" -DGRPC_XDS_USER_AGENT_VERSION_SUFFIX=\"1.79.0.dev0\" -DHAVE_CONFIG_H=1 -DGRPC_ENABLE_FORK_SUPPORT=1 -DGRPC_ENABLE_FORK_SUPPORT_DEFAULT=false -DGRPC_PYTHON_BUILD=1 -D__STDC_FORMAT_MACROS "-DPyMODINIT_FUNC=extern \"C\" __attribute__((visibility (\"default\"))) PyObject*" -DGRPC_POSIX_FORK_ALLOW_PTHREAD_ATFORK=1 -Isrc/python/grpcio -Iinclude -I. -Ithird_party/abseil-cpp -Ithird_party/address_sorting/include -Ithird_party/cares/cares/include -Ithird_party/cares -Ithird_party/cares/cares -Ithird_party/cares/cares/src/lib/include -Ithird_party/cares/cares/src/lib -Ithird_party/cares/config_linux -Ithird_party/re2 -Ithird_party/boringssl-with-bazel/src/include -Ithird_party/upb -Isrc/core/ext/upb-gen -Isrc/core/ext/upbdefs-gen -Ithird_party/utf8_range -Ithird_party/xxhash -Ithird_party/zlib -I/usr/local/google/home/ssreenithi/.pyenv/versions/3.12.0/envs/pyvenv_312/include -I/usr/local/google/home/ssreenithi/.pyenv/versions/3.12.0/include/python3.12 -c src/core/util/posix/sync.cc -o pyb/temp.linux-x86_64-cpython-312/src/core/util/posix/sync.o -std=c++17 -fvisibility=hidden -fno-wrapv -fno-exceptions -pthread
      g++ -fno-strict-overflow -Wsign-compare -DNDEBUG -g -O3 -Wall -fPIC -D_WIN32_WINNT=1536 -DGRPC_XDS_USER_AGENT_NAME_SUFFIX=\"Python\" -DGRPC_XDS_USER_AGENT_VERSION_SUFFIX=\"1.79.0.dev0\" -DHAVE_CONFIG_H=1 -DGRPC_ENABLE_FORK_SUPPORT=1 -DGRPC_ENABLE_FORK_SUPPORT_DEFAULT=false -DGRPC_PYTHON_BUILD=1 -D__STDC_FORMAT_MACROS "-DPyMODINIT_FUNC=extern \"C\" __attribute__((visibility (\"default\"))) PyObject*" -DGRPC_POSIX_FORK_ALLOW_PTHREAD_ATFORK=1 -Isrc/python/grpcio -Iinclude -I. -Ithird_party/abseil-cpp -Ithird_party/address_sorting/include -Ithird_party/cares/cares/include -Ithird_party/cares -Ithird_party/cares/cares -Ithird_party/cares/cares/src/lib/include -Ithird_party/cares/cares/src/lib -Ithird_party/cares/config_linux -Ithird_party/re2 -Ithird_party/boringssl-with-bazel/src/include -Ithird_party/upb -Isrc/core/ext/upb-gen -Isrc/core/ext/upbdefs-gen -Ithird_party/utf8_range -Ithird_party/xxhash -Ithird_party/zlib -I/usr/local/google/home/ssreenithi/.pyenv/versions/3.12.0/envs/pyvenv_312/include -I/usr/local/google/home/ssreenithi/.pyenv/versions/3.12.0/include/python3.12 -c src/core/credentials/transport/fake/fake_credentials.cc -o pyb/temp.linux-x86_64-cpython-312/src/core/credentials/transport/fake/fake_credentials.o -std=c++17 -fvisibility=hidden -fno-wrapv -fno-exceptions -pthread
      g++ -fno-strict-overflow -Wsign-compare -DNDEBUG -g -O3 -Wall -fPIC -D_WIN32_WINNT=1536 -DGRPC_XDS_USER_AGENT_NAME_SUFFIX=\"Python\" -DGRPC_XDS_USER_AGENT_VERSION_SUFFIX=\"1.79.0.dev0\" -DHAVE_CONFIG_H=1 -DGRPC_ENABLE_FORK_SUPPORT=1 -DGRPC_ENABLE_FORK_SUPPORT_DEFAULT=false -DGRPC_PYTHON_BUILD=1 -D__STDC_FORMAT_MACROS "-DPyMODINIT_FUNC=extern \"C\" __attribute__((visibility (\"default\"))) PyObject*" -DGRPC_POSIX_FORK_ALLOW_PTHREAD_ATFORK=1 -Isrc/python/grpcio -Iinclude -I. -Ithird_party/abseil-cpp -Ithird_party/address_sorting/include -Ithird_party/cares/cares/include -Ithird_party/cares -Ithird_party/cares/cares -Ithird_party/cares/cares/src/lib/include -Ithird_party/cares/cares/src/lib -Ithird_party/cares/config_linux -Ithird_party/re2 -Ithird_party/boringssl-with-bazel/src/include -Ithird_party/upb -Isrc/core/ext/upb-gen -Isrc/core/ext/upbdefs-gen -Ithird_party/utf8_range -Ithird_party/xxhash -Ithird_party/zlib -I/usr/local/google/home/ssreenithi/.pyenv/versions/3.12.0/envs/pyvenv_312/include -I/usr/local/google/home/ssreenithi/.pyenv/versions/3.12.0/include/python3.12 -c src/core/util/posix/thd.cc -o pyb/temp.linux-x86_64-cpython-312/src/core/util/posix/thd.o -std=c++17 -fvisibility=hidden -fno-wrapv -fno-exceptions -pthread
      g++ -fno-strict-overflow -Wsign-compare -DNDEBUG -g -O3 -Wall -fPIC -D_WIN32_WINNT=1536 -DGRPC_XDS_USER_AGENT_NAME_SUFFIX=\"Python\" -DGRPC_XDS_USER_AGENT_VERSION_SUFFIX=\"1.79.0.dev0\" -DHAVE_CONFIG_H=1 -DGRPC_ENABLE_FORK_SUPPORT=1 -DGRPC_ENABLE_FORK_SUPPORT_DEFAULT=false -DGRPC_PYTHON_BUILD=1 -D__STDC_FORMAT_MACROS "-DPyMODINIT_FUNC=extern \"C\" __attribute__((visibility (\"default\"))) PyObject*" -DGRPC_POSIX_FORK_ALLOW_PTHREAD_ATFORK=1 -Isrc/python/grpcio -Iinclude -I. -Ithird_party/abseil-cpp -Ithird_party/address_sorting/include -Ithird_party/cares/cares/include -Ithird_party/cares -Ithird_party/cares/cares -Ithird_party/cares/cares/src/lib/include -Ithird_party/cares/cares/src/lib -Ithird_party/cares/config_linux -Ithird_party/re2 -Ithird_party/boringssl-with-bazel/src/include -Ithird_party/upb -Isrc/core/ext/upb-gen -Isrc/core/ext/upbdefs-gen -Ithird_party/utf8_range -Ithird_party/xxhash -Ithird_party/zlib -I/usr/local/google/home/ssreenithi/.pyenv/versions/3.12.0/envs/pyvenv_312/include -I/usr/local/google/home/ssreenithi/.pyenv/versions/3.12.0/include/python3.12 -c src/core/util/grpc_if_nametoindex_unsupported.cc -o pyb/temp.linux-x86_64-cpython-312/src/core/util/grpc_if_nametoindex_unsupported.o -std=c++17 -fvisibility=hidden -fno-wrapv -fno-exceptions -pthread
      g++ -fno-strict-overflow -Wsign-compare -DNDEBUG -g -O3 -Wall -fPIC -D_WIN32_WINNT=1536 -DGRPC_XDS_USER_AGENT_NAME_SUFFIX=\"Python\" -DGRPC_XDS_USER_AGENT_VERSION_SUFFIX=\"1.79.0.dev0\" -DHAVE_CONFIG_H=1 -DGRPC_ENABLE_FORK_SUPPORT=1 -DGRPC_ENABLE_FORK_SUPPORT_DEFAULT=false -DGRPC_PYTHON_BUILD=1 -D__STDC_FORMAT_MACROS "-DPyMODINIT_FUNC=extern \"C\" __attribute__((visibility (\"default\"))) PyObject*" -DGRPC_POSIX_FORK_ALLOW_PTHREAD_ATFORK=1 -Isrc/python/grpcio -Iinclude -I. -Ithird_party/abseil-cpp -Ithird_party/address_sorting/include -Ithird_party/cares/cares/include -Ithird_party/cares -Ithird_party/cares/cares -Ithird_party/cares/cares/src/lib/include -Ithird_party/cares/cares/src/lib -Ithird_party/cares/config_linux -Ithird_party/re2 -Ithird_party/boringssl-with-bazel/src/include -Ithird_party/upb -Isrc/core/ext/upb-gen -Isrc/core/ext/upbdefs-gen -Ithird_party/utf8_range -Ithird_party/xxhash -Ithird_party/zlib -I/usr/local/google/home/ssreenithi/.pyenv/versions/3.12.0/envs/pyvenv_312/include -I/usr/local/google/home/ssreenithi/.pyenv/versions/3.12.0/include/python3.12 -c src/core/util/host_port.cc -o pyb/temp.linux-x86_64-cpython-312/src/core/util/host_port.o -std=c++17 -fvisibility=hidden -fno-wrapv -fno-exceptions -pthread
      g++ -fno-strict-overflow -Wsign-compare -DNDEBUG -g -O3 -Wall -fPIC -D_WIN32_WINNT=1536 -DGRPC_XDS_USER_AGENT_NAME_SUFFIX=\"Python\" -DGRPC_XDS_USER_AGENT_VERSION_SUFFIX=\"1.79.0.dev0\" -DHAVE_CONFIG_H=1 -DGRPC_ENABLE_FORK_SUPPORT=1 -DGRPC_ENABLE_FORK_SUPPORT_DEFAULT=false -DGRPC_PYTHON_BUILD=1 -D__STDC_FORMAT_MACROS "-DPyMODINIT_FUNC=extern \"C\" __attribute__((visibility (\"default\"))) PyObject*" -DGRPC_POSIX_FORK_ALLOW_PTHREAD_ATFORK=1 -Isrc/python/grpcio -Iinclude -I. -Ithird_party/abseil-cpp -Ithird_party/address_sorting/include -Ithird_party/cares/cares/include -Ithird_party/cares -Ithird_party/cares/cares -Ithird_party/cares/cares/src/lib/include -Ithird_party/cares/cares/src/lib -Ithird_party/cares/config_linux -Ithird_party/re2 -Ithird_party/boringssl-with-bazel/src/include -Ithird_party/upb -Isrc/core/ext/upb-gen -Isrc/core/ext/upbdefs-gen -Ithird_party/utf8_range -Ithird_party/xxhash -Ithird_party/zlib -I/usr/local/google/home/ssreenithi/.pyenv/versions/3.12.0/envs/pyvenv_312/include -I/usr/local/google/home/ssreenithi/.pyenv/versions/3.12.0/include/python3.12 -c src/core/tsi/alts/zero_copy_frame_protector/alts_grpc_record_protocol_common.cc -o pyb/temp.linux-x86_64-cpython-312/src/core/tsi/alts/zero_copy_frame_protector/alts_grpc_record_protocol_common.o -std=c++17 -fvisibility=hidden -fno-wrapv -fno-exceptions -pthread
      g++ -fno-strict-overflow -Wsign-compare -DNDEBUG -g -O3 -Wall -fPIC -D_WIN32_WINNT=1536 -DGRPC_XDS_USER_AGENT_NAME_SUFFIX=\"Python\" -DGRPC_XDS_USER_AGENT_VERSION_SUFFIX=\"1.79.0.dev0\" -DHAVE_CONFIG_H=1 -DGRPC_ENABLE_FORK_SUPPORT=1 -DGRPC_ENABLE_FORK_SUPPORT_DEFAULT=false -DGRPC_PYTHON_BUILD=1 -D__STDC_FORMAT_MACROS "-DPyMODINIT_FUNC=extern \"C\" __attribute__((visibility (\"default\"))) PyObject*" -DGRPC_POSIX_FORK_ALLOW_PTHREAD_ATFORK=1 -Isrc/python/grpcio -Iinclude -I. -Ithird_party/abseil-cpp -Ithird_party/address_sorting/include -Ithird_party/cares/cares/include -Ithird_party/cares -Ithird_party/cares/cares -Ithird_party/cares/cares/src/lib/include -Ithird_party/cares/cares/src/lib -Ithird_party/cares/config_linux -Ithird_party/re2 -Ithird_party/boringssl-with-bazel/src/include -Ithird_party/upb -Isrc/core/ext/upb-gen -Isrc/core/ext/upbdefs-gen -Ithird_party/utf8_range -Ithird_party/xxhash -Ithird_party/zlib -I/usr/local/google/home/ssreenithi/.pyenv/versions/3.12.0/envs/pyvenv_312/include -I/usr/local/google/home/ssreenithi/.pyenv/versions/3.12.0/include/python3.12 -c src/core/call/parsed_metadata.cc -o pyb/temp.linux-x86_64-cpython-312/src/core/call/parsed_metadata.o -std=c++17 -fvisibility=hidden -fno-wrapv -fno-exceptions -pthread
      In file included from ./src/core/lib/promise/activity.h:30,
                       from ./src/core/lib/resource_quota/memory_quota.h:39,
                       from ./src/core/lib/resource_quota/arena.h:39,
                       from ./src/core/util/chunked_vector.h:24,
                       from ./src/core/call/metadata_batch.h:41,
                       from ./src/core/client_channel/buffered_call.h:20,
                       from src/core/client_channel/buffered_call.cc:17:
      ./src/core/lib/promise/detail/promise_factory.h:210:5: warning: ‘always_inline’ function might not be inlinable unless also declared ‘inline’ [-Wattributes]
        210 |     PromiseFactoryImpl(Token, F&& f) {
            |     ^~~~~~~~~~~~~~~~~~
      ./src/core/lib/promise/detail/promise_factory.h:210:5: warning: ‘always_inline’ function might not be inlinable unless also declared ‘inline’ [-Wattributes]
      ./src/core/lib/promise/detail/promise_factory.h:210:5: warning: ‘always_inline’ function might not be inlinable unless also declared ‘inline’ [-Wattributes]
      ./src/core/lib/promise/detail/promise_factory.h:210:5: warning: ‘always_inline’ function might not be inlinable unless also declared ‘inline’ [-Wattributes]
      ./src/core/lib/promise/detail/promise_factory.h:210:5: warning: ‘always_inline’ function might not be inlinable unless also declared ‘inline’ [-Wattributes]
      ./src/core/lib/promise/detail/promise_factory.h:210:5: warning: ‘always_inline’ function might not be inlinable unless also declared ‘inline’ [-Wattributes]
      ./src/core/lib/promise/detail/promise_factory.h:210:5: warning: ‘always_inline’ function might not be inlinable unless also declared ‘inline’ [-Wattributes]
      g++ -fno-strict-overflow -Wsign-compare -DNDEBUG -g -O3 -Wall -fPIC -D_WIN32_WINNT=1536 -DGRPC_XDS_USER_AGENT_NAME_SUFFIX=\"Python\" -DGRPC_XDS_USER_AGENT_VERSION_SUFFIX=\"1.79.0.dev0\" -DHAVE_CONFIG_H=1 -DGRPC_ENABLE_FORK_SUPPORT=1 -DGRPC_ENABLE_FORK_SUPPORT_DEFAULT=false -DGRPC_PYTHON_BUILD=1 -D__STDC_FORMAT_MACROS "-DPyMODINIT_FUNC=extern \"C\" __attribute__((visibility (\"default\"))) PyObject*" -DGRPC_POSIX_FORK_ALLOW_PTHREAD_ATFORK=1 -Isrc/python/grpcio -Iinclude -I. -Ithird_party/abseil-cpp -Ithird_party/address_sorting/include -Ithird_party/cares/cares/include -Ithird_party/cares -Ithird_party/cares/cares -Ithird_party/cares/cares/src/lib/include -Ithird_party/cares/cares/src/lib -Ithird_party/cares/config_linux -Ithird_party/re2 -Ithird_party/boringssl-with-bazel/src/include -Ithird_party/upb -Isrc/core/ext/upb-gen -Isrc/core/ext/upbdefs-gen -Ithird_party/utf8_range -Ithird_party/xxhash -Ithird_party/zlib -I/usr/local/google/home/ssreenithi/.pyenv/versions/3.12.0/envs/pyvenv_312/include -I/usr/local/google/home/ssreenithi/.pyenv/versions/3.12.0/include/python3.12 -c src/core/load_balancing/pick_first/pick_first.cc -o pyb/temp.linux-x86_64-cpython-312/src/core/load_balancing/pick_first/pick_first.o -std=c++17 -fvisibility=hidden -fno-wrapv -fno-exceptions -pthread
      g++ -fno-strict-overflow -Wsign-compare -DNDEBUG -g -O3 -Wall -fPIC -D_WIN32_WINNT=1536 -DGRPC_XDS_USER_AGENT_NAME_SUFFIX=\"Python\" -DGRPC_XDS_USER_AGENT_VERSION_SUFFIX=\"1.79.0.dev0\" -DHAVE_CONFIG_H=1 -DGRPC_ENABLE_FORK_SUPPORT=1 -DGRPC_ENABLE_FORK_SUPPORT_DEFAULT=false -DGRPC_PYTHON_BUILD=1 -D__STDC_FORMAT_MACROS "-DPyMODINIT_FUNC=extern \"C\" __attribute__((visibility (\"default\"))) PyObject*" -DGRPC_POSIX_FORK_ALLOW_PTHREAD_ATFORK=1 -Isrc/python/grpcio -Iinclude -I. -Ithird_party/abseil-cpp -Ithird_party/address_sorting/include -Ithird_party/cares/cares/include -Ithird_party/cares -Ithird_party/cares/cares -Ithird_party/cares/cares/src/lib/include -Ithird_party/cares/cares/src/lib -Ithird_party/cares/config_linux -Ithird_party/re2 -Ithird_party/boringssl-with-bazel/src/include -Ithird_party/upb -Isrc/core/ext/upb-gen -Isrc/core/ext/upbdefs-gen -Ithird_party/utf8_range -Ithird_party/xxhash -Ithird_party/zlib -I/usr/local/google/home/ssreenithi/.pyenv/versions/3.12.0/envs/pyvenv_312/include -I/usr/local/google/home/ssreenithi/.pyenv/versions/3.12.0/include/python3.12 -c src/core/tsi/alts/frame_protector/alts_frame_protector.cc -o pyb/temp.linux-x86_64-cpython-312/src/core/tsi/alts/frame_protector/alts_frame_protector.o -std=c++17 -fvisibility=hidden -fno-wrapv -fno-exceptions -pthread
      In file included from ./src/core/lib/promise/activity.h:30,
                       from ./src/core/lib/resource_quota/memory_quota.h:39,
                       from ./src/core/lib/resource_quota/arena.h:39,
                       from ./src/core/call/call_arena_allocator.h:24,
                       from ./src/core/call/call_spine.h:20,
                       from src/core/call/call_spine.cc:15:
      ./src/core/lib/promise/detail/promise_factory.h:210:5: warning: ‘always_inline’ function might not be inlinable unless also declared ‘inline’ [-Wattributes]
        210 |     PromiseFactoryImpl(Token, F&& f) {
            |     ^~~~~~~~~~~~~~~~~~
      ./src/core/lib/promise/detail/promise_factory.h:210:5: warning: ‘always_inline’ function might not be inlinable unless also declared ‘inline’ [-Wattributes]
      ./src/core/lib/promise/detail/promise_factory.h:210:5: warning: ‘always_inline’ function might not be inlinable unless also declared ‘inline’ [-Wattributes]
      ./src/core/lib/promise/detail/promise_factory.h:210:5: warning: ‘always_inline’ function might not be inlinable unless also declared ‘inline’ [-Wattributes]
      ./src/core/lib/promise/detail/promise_factory.h:210:5: warning: ‘always_inline’ function might not be inlinable unless also declared ‘inline’ [-Wattributes]
      ./src/core/lib/promise/detail/promise_factory.h:131:5: warning: ‘always_inline’ function might not be inlinable unless also declared ‘inline’ [-Wattributes]
        131 |     PromiseFactoryImpl(Token, F&& f, A&& arg) {
            |     ^~~~~~~~~~~~~~~~~~
      ./src/core/lib/promise/detail/promise_factory.h:131:5: warning: ‘always_inline’ function might not be inlinable unless also declared ‘inline’ [-Wattributes]
      ./src/core/lib/promise/detail/promise_factory.h:131:5: warning: ‘always_inline’ function might not be inlinable unless also declared ‘inline’ [-Wattributes]
      ./src/core/lib/promise/detail/promise_factory.h:210:5: warning: ‘always_inline’ function might not be inlinable unless also declared ‘inline’ [-Wattributes]
        210 |     PromiseFactoryImpl(Token, F&& f) {
            |     ^~~~~~~~~~~~~~~~~~
      ./src/core/lib/promise/detail/promise_factory.h:210:5: warning: ‘always_inline’ function might not be inlinable unless also declared ‘inline’ [-Wattributes]
      ./src/core/lib/promise/detail/promise_factory.h:210:5: warning: ‘always_inline’ function might not be inlinable unless also declared ‘inline’ [-Wattributes]
      ./src/core/lib/promise/detail/promise_factory.h:210:5: warning: ‘always_inline’ function might not be inlinable unless also declared ‘inline’ [-Wattributes]
      ./src/core/lib/promise/detail/promise_factory.h:210:5: warning: ‘always_inline’ function might not be inlinable unless also declared ‘inline’ [-Wattributes]
      g++ -fno-strict-overflow -Wsign-compare -DNDEBUG -g -O3 -Wall -fPIC -D_WIN32_WINNT=1536 -DGRPC_XDS_USER_AGENT_NAME_SUFFIX=\"Python\" -DGRPC_XDS_USER_AGENT_VERSION_SUFFIX=\"1.79.0.dev0\" -DHAVE_CONFIG_H=1 -DGRPC_ENABLE_FORK_SUPPORT=1 -DGRPC_ENABLE_FORK_SUPPORT_DEFAULT=false -DGRPC_PYTHON_BUILD=1 -D__STDC_FORMAT_MACROS "-DPyMODINIT_FUNC=extern \"C\" __attribute__((visibility (\"default\"))) PyObject*" -DGRPC_POSIX_FORK_ALLOW_PTHREAD_ATFORK=1 -Isrc/python/grpcio -Iinclude -I. -Ithird_party/abseil-cpp -Ithird_party/address_sorting/include -Ithird_party/cares/cares/include -Ithird_party/cares -Ithird_party/cares/cares -Ithird_party/cares/cares/src/lib/include -Ithird_party/cares/cares/src/lib -Ithird_party/cares/config_linux -Ithird_party/re2 -Ithird_party/boringssl-with-bazel/src/include -Ithird_party/upb -Isrc/core/ext/upb-gen -Isrc/core/ext/upbdefs-gen -Ithird_party/utf8_range -Ithird_party/xxhash -Ithird_party/zlib -I/usr/local/google/home/ssreenithi/.pyenv/versions/3.12.0/envs/pyvenv_312/include -I/usr/local/google/home/ssreenithi/.pyenv/versions/3.12.0/include/python3.12 -c src/core/lib/iomgr/tcp_server_posix.cc -o pyb/temp.linux-x86_64-cpython-312/src/core/lib/iomgr/tcp_server_posix.o -std=c++17 -fvisibility=hidden -fno-wrapv -fno-exceptions -pthread
      In file included from ./src/core/lib/promise/activity.h:30,
                       from ./src/core/call/call_state.h:23,
                       from ./src/core/call/call_filters.h:26,
                       from ./src/core/lib/surface/channel_init.h:31,
                       from ./src/core/config/core_configuration.h:29,
                       from src/core/plugin_registry/grpc_plugin_registry_extra.cc:20:
      ./src/core/lib/promise/detail/promise_factory.h:210:5: warning: ‘always_inline’ function might not be inlinable unless also declared ‘inline’ [-Wattributes]
        210 |     PromiseFactoryImpl(Token, F&& f) {
            |     ^~~~~~~~~~~~~~~~~~
      ./src/core/lib/promise/detail/promise_factory.h:210:5: warning: ‘always_inline’ function might not be inlinable unless also declared ‘inline’ [-Wattributes]
      ./src/core/lib/promise/detail/promise_factory.h:210:5: warning: ‘always_inline’ function might not be inlinable unless also declared ‘inline’ [-Wattributes]
      ./src/core/lib/promise/detail/promise_factory.h:210:5: warning: ‘always_inline’ function might not be inlinable unless also declared ‘inline’ [-Wattributes]
      ./src/core/lib/promise/detail/promise_factory.h:210:5: warning: ‘always_inline’ function might not be inlinable unless also declared ‘inline’ [-Wattributes]
      ./src/core/lib/promise/detail/promise_factory.h:210:5: warning: ‘always_inline’ function might not be inlinable unless also declared ‘inline’ [-Wattributes]
      ./src/core/lib/promise/detail/promise_factory.h:210:5: warning: ‘always_inline’ function might not be inlinable unless also declared ‘inline’ [-Wattributes]
      In file included from ./src/core/lib/promise/activity.h:30,
                       from ./src/core/lib/resource_quota/memory_quota.h:39,
                       from ./src/core/lib/resource_quota/arena.h:39,
                       from ./src/core/call/call_arena_allocator.h:24,
                       from ./src/core/call/call_spine.h:20,
                       from ./src/core/call/call_destination.h:20,
                       from ./src/core/lib/transport/transport.h:36,
                       from ./src/core/client_channel/connector.h:28,
                       from ./src/core/ext/transport/chttp2/client/chttp2_connector.h:27,
                       from src/core/ext/transport/chttp2/client/chttp2_connector.cc:19:
      ./src/core/lib/promise/detail/promise_factory.h:210:5: warning: ‘always_inline’ function might not be inlinable unless also declared ‘inline’ [-Wattributes]
        210 |     PromiseFactoryImpl(Token, F&& f) {
            |     ^~~~~~~~~~~~~~~~~~
      ./src/core/lib/promise/detail/promise_factory.h:210:5: warning: ‘always_inline’ function might not be inlinable unless also declared ‘inline’ [-Wattributes]
      ./src/core/lib/promise/detail/promise_factory.h:210:5: warning: ‘always_inline’ function might not be inlinable unless also declared ‘inline’ [-Wattributes]
      ./src/core/lib/promise/detail/promise_factory.h:210:5: warning: ‘always_inline’ function might not be inlinable unless also declared ‘inline’ [-Wattributes]
      ./src/core/lib/promise/detail/promise_factory.h:210:5: warning: ‘always_inline’ function might not be inlinable unless also declared ‘inline’ [-Wattributes]
      ./src/core/lib/promise/detail/promise_factory.h:210:5: warning: ‘always_inline’ function might not be inlinable unless also declared ‘inline’ [-Wattributes]
      ./src/core/lib/promise/detail/promise_factory.h:210:5: warning: ‘always_inline’ function might not be inlinable unless also declared ‘inline’ [-Wattributes]
      ./src/core/lib/promise/detail/promise_factory.h:210:5: warning: ‘always_inline’ function might not be inlinable unless also declared ‘inline’ [-Wattributes]
      ./src/core/lib/promise/detail/promise_factory.h:210:5: warning: ‘always_inline’ function might not be inlinable unless also declared ‘inline’ [-Wattributes]
      ./src/core/lib/promise/detail/promise_factory.h:210:5: warning: ‘always_inline’ function might not be inlinable unless also declared ‘inline’ [-Wattributes]
      ./src/core/lib/promise/detail/promise_factory.h:210:5: warning: ‘always_inline’ function might not be inlinable unless also declared ‘inline’ [-Wattributes]
      ./src/core/lib/promise/detail/promise_factory.h:210:5: warning: ‘always_inline’ function might not be inlinable unless also declared ‘inline’ [-Wattributes]
      ./src/core/lib/promise/detail/promise_factory.h:210:5: warning: ‘always_inline’ function might not be inlinable unless also declared ‘inline’ [-Wattributes]
      ./src/core/lib/promise/detail/promise_factory.h:210:5: warning: ‘always_inline’ function might not be inlinable unless also declared ‘inline’ [-Wattributes]
      ./src/core/lib/promise/detail/promise_factory.h:210:5: warning: ‘always_inline’ function might not be inlinable unless also declared ‘inline’ [-Wattributes]
      ./src/core/lib/promise/detail/promise_factory.h:210:5: warning: ‘always_inline’ function might not be inlinable unless also declared ‘inline’ [-Wattributes]
      ./src/core/lib/promise/detail/promise_factory.h:210:5: warning: ‘always_inline’ function might not be inlinable unless also declared ‘inline’ [-Wattributes]
      g++ -fno-strict-overflow -Wsign-compare -DNDEBUG -g -O3 -Wall -fPIC -D_WIN32_WINNT=1536 -DGRPC_XDS_USER_AGENT_NAME_SUFFIX=\"Python\" -DGRPC_XDS_USER_AGENT_VERSION_SUFFIX=\"1.79.0.dev0\" -DHAVE_CONFIG_H=1 -DGRPC_ENABLE_FORK_SUPPORT=1 -DGRPC_ENABLE_FORK_SUPPORT_DEFAULT=false -DGRPC_PYTHON_BUILD=1 -D__STDC_FORMAT_MACROS "-DPyMODINIT_FUNC=extern \"C\" __attribute__((visibility (\"default\"))) PyObject*" -DGRPC_POSIX_FORK_ALLOW_PTHREAD_ATFORK=1 -Isrc/python/grpcio -Iinclude -I. -Ithird_party/abseil-cpp -Ithird_party/address_sorting/include -Ithird_party/cares/cares/include -Ithird_party/cares -Ithird_party/cares/cares -Ithird_party/cares/cares/src/lib/include -Ithird_party/cares/cares/src/lib -Ithird_party/cares/config_linux -Ithird_party/re2 -Ithird_party/boringssl-with-bazel/src/include -Ithird_party/upb -Isrc/core/ext/upb-gen -Isrc/core/ext/upbdefs-gen -Ithird_party/utf8_range -Ithird_party/xxhash -Ithird_party/zlib -I/usr/local/google/home/ssreenithi/.pyenv/versions/3.12.0/envs/pyvenv_312/include -I/usr/local/google/home/ssreenithi/.pyenv/versions/3.12.0/include/python3.12 -c src/core/util/posix/cpu.cc -o pyb/temp.linux-x86_64-cpython-312/src/core/util/posix/cpu.o -std=c++17 -fvisibility=hidden -fno-wrapv -fno-exceptions -pthread
      In file included from ./src/core/call/call_filters.h:26,
                       from ./src/core/call/call_spine.h:21:
      ./src/core/call/call_state.h: In static member function ‘static const char* grpc_core::CallState::ClientToServerPullStateString(ClientToServerPullState)’:
      ./src/core/call/call_state.h:161:3: warning: control reaches end of non-void function [-Wreturn-type]
        161 |   }
            |   ^
      ./src/core/call/call_state.h: In static member function ‘static const char* grpc_core::CallState::ClientToServerPushStateString(ClientToServerPushState)’:
      ./src/core/call/call_state.h:191:3: warning: control reaches end of non-void function [-Wreturn-type]
        191 |   }
            |   ^
      g++ -fno-strict-overflow -Wsign-compare -DNDEBUG -g -O3 -Wall -fPIC -D_WIN32_WINNT=1536 -DGRPC_XDS_USER_AGENT_NAME_SUFFIX=\"Python\" -DGRPC_XDS_USER_AGENT_VERSION_SUFFIX=\"1.79.0.dev0\" -DHAVE_CONFIG_H=1 -DGRPC_ENABLE_FORK_SUPPORT=1 -DGRPC_ENABLE_FORK_SUPPORT_DEFAULT=false -DGRPC_PYTHON_BUILD=1 -D__STDC_FORMAT_MACROS "-DPyMODINIT_FUNC=extern \"C\" __attribute__((visibility (\"default\"))) PyObject*" -DGRPC_POSIX_FORK_ALLOW_PTHREAD_ATFORK=1 -Isrc/python/grpcio -Iinclude -I. -Ithird_party/abseil-cpp -Ithird_party/address_sorting/include -Ithird_party/cares/cares/include -Ithird_party/cares -Ithird_party/cares/cares -Ithird_party/cares/cares/src/lib/include -Ithird_party/cares/cares/src/lib -Ithird_party/cares/config_linux -Ithird_party/re2 -Ithird_party/boringssl-with-bazel/src/include -Ithird_party/upb -Isrc/core/ext/upb-gen -Isrc/core/ext/upbdefs-gen -Ithird_party/utf8_range -Ithird_party/xxhash -Ithird_party/zlib -I/usr/local/google/home/ssreenithi/.pyenv/versions/3.12.0/envs/pyvenv_312/include -I/usr/local/google/home/ssreenithi/.pyenv/versions/3.12.0/include/python3.12 -c src/core/util/posix/directory_reader.cc -o pyb/temp.linux-x86_64-cpython-312/src/core/util/posix/directory_reader.o -std=c++17 -fvisibility=hidden -fno-wrapv -fno-exceptions -pthread
      ./src/core/call/call_state.h: In static member function ‘static const char* grpc_core::CallState::ServerToClientPullStateString(ServerToClientPullState)’:
      ./src/core/call/call_state.h:244:3: warning: control reaches end of non-void function [-Wreturn-type]
        244 |   }
            |   ^
      ./src/core/call/call_state.h: In static member function ‘static const char* grpc_core::CallState::ServerToClientPushStateString(ServerToClientPushState)’:
      ./src/core/call/call_state.h:284:3: warning: control reaches end of non-void function [-Wreturn-type]
        284 |   }
            |   ^
      ./src/core/call/call_state.h: In static member function ‘static const char* grpc_core::CallState::ServerTrailingMetadataStateString(ServerTrailingMetadataState)’:
      ./src/core/call/call_state.h:314:3: warning: control reaches end of non-void function [-Wreturn-type]
        314 |   }
            |   ^
      g++ -fno-strict-overflow -Wsign-compare -DNDEBUG -g -O3 -Wall -fPIC -D_WIN32_WINNT=1536 -DGRPC_XDS_USER_AGENT_NAME_SUFFIX=\"Python\" -DGRPC_XDS_USER_AGENT_VERSION_SUFFIX=\"1.79.0.dev0\" -DHAVE_CONFIG_H=1 -DGRPC_ENABLE_FORK_SUPPORT=1 -DGRPC_ENABLE_FORK_SUPPORT_DEFAULT=false -DGRPC_PYTHON_BUILD=1 -D__STDC_FORMAT_MACROS "-DPyMODINIT_FUNC=extern \"C\" __attribute__((visibility (\"default\"))) PyObject*" -DGRPC_POSIX_FORK_ALLOW_PTHREAD_ATFORK=1 -Isrc/python/grpcio -Iinclude -I. -Ithird_party/abseil-cpp -Ithird_party/address_sorting/include -Ithird_party/cares/cares/include -Ithird_party/cares -Ithird_party/cares/cares -Ithird_party/cares/cares/src/lib/include -Ithird_party/cares/cares/src/lib -Ithird_party/cares/config_linux -Ithird_party/re2 -Ithird_party/boringssl-with-bazel/src/include -Ithird_party/upb -Isrc/core/ext/upb-gen -Isrc/core/ext/upbdefs-gen -Ithird_party/utf8_range -Ithird_party/xxhash -Ithird_party/zlib -I/usr/local/google/home/ssreenithi/.pyenv/versions/3.12.0/envs/pyvenv_312/include -I/usr/local/google/home/ssreenithi/.pyenv/versions/3.12.0/include/python3.12 -c src/core/util/backoff.cc -o pyb/temp.linux-x86_64-cpython-312/src/core/util/backoff.o -std=c++17 -fvisibility=hidden -fno-wrapv -fno-exceptions -pthread
      g++ -fno-strict-overflow -Wsign-compare -DNDEBUG -g -O3 -Wall -fPIC -D_WIN32_WINNT=1536 -DGRPC_XDS_USER_AGENT_NAME_SUFFIX=\"Python\" -DGRPC_XDS_USER_AGENT_VERSION_SUFFIX=\"1.79.0.dev0\" -DHAVE_CONFIG_H=1 -DGRPC_ENABLE_FORK_SUPPORT=1 -DGRPC_ENABLE_FORK_SUPPORT_DEFAULT=false -DGRPC_PYTHON_BUILD=1 -D__STDC_FORMAT_MACROS "-DPyMODINIT_FUNC=extern \"C\" __attribute__((visibility (\"default\"))) PyObject*" -DGRPC_POSIX_FORK_ALLOW_PTHREAD_ATFORK=1 -Isrc/python/grpcio -Iinclude -I. -Ithird_party/abseil-cpp -Ithird_party/address_sorting/include -Ithird_party/cares/cares/include -Ithird_party/cares -Ithird_party/cares/cares -Ithird_party/cares/cares/src/lib/include -Ithird_party/cares/cares/src/lib -Ithird_party/cares/config_linux -Ithird_party/re2 -Ithird_party/boringssl-with-bazel/src/include -Ithird_party/upb -Isrc/core/ext/upb-gen -Isrc/core/ext/upbdefs-gen -Ithird_party/utf8_range -Ithird_party/xxhash -Ithird_party/zlib -I/usr/local/google/home/ssreenithi/.pyenv/versions/3.12.0/envs/pyvenv_312/include -I/usr/local/google/home/ssreenithi/.pyenv/versions/3.12.0/include/python3.12 -c src/core/lib/security/authorization/grpc_authorization_engine.cc -o pyb/temp.linux-x86_64-cpython-312/src/core/lib/security/authorization/grpc_authorization_engine.o -std=c++17 -fvisibility=hidden -fno-wrapv -fno-exceptions -pthread
      g++ -fno-strict-overflow -Wsign-compare -DNDEBUG -g -O3 -Wall -fPIC -D_WIN32_WINNT=1536 -DGRPC_XDS_USER_AGENT_NAME_SUFFIX=\"Python\" -DGRPC_XDS_USER_AGENT_VERSION_SUFFIX=\"1.79.0.dev0\" -DHAVE_CONFIG_H=1 -DGRPC_ENABLE_FORK_SUPPORT=1 -DGRPC_ENABLE_FORK_SUPPORT_DEFAULT=false -DGRPC_PYTHON_BUILD=1 -D__STDC_FORMAT_MACROS "-DPyMODINIT_FUNC=extern \"C\" __attribute__((visibility (\"default\"))) PyObject*" -DGRPC_POSIX_FORK_ALLOW_PTHREAD_ATFORK=1 -Isrc/python/grpcio -Iinclude -I. -Ithird_party/abseil-cpp -Ithird_party/address_sorting/include -Ithird_party/cares/cares/include -Ithird_party/cares -Ithird_party/cares/cares -Ithird_party/cares/cares/src/lib/include -Ithird_party/cares/cares/src/lib -Ithird_party/cares/config_linux -Ithird_party/re2 -Ithird_party/boringssl-with-bazel/src/include -Ithird_party/upb -Isrc/core/ext/upb-gen -Isrc/core/ext/upbdefs-gen -Ithird_party/utf8_range -Ithird_party/xxhash -Ithird_party/zlib -I/usr/local/google/home/ssreenithi/.pyenv/versions/3.12.0/envs/pyvenv_312/include -I/usr/local/google/home/ssreenithi/.pyenv/versions/3.12.0/include/python3.12 -c src/core/lib/event_engine/posix_engine/ev_epoll1_linux.cc -o pyb/temp.linux-x86_64-cpython-312/src/core/lib/event_engine/posix_engine/ev_epoll1_linux.o -std=c++17 -fvisibility=hidden -fno-wrapv -fno-exceptions -pthread
      g++ -fno-strict-overflow -Wsign-compare -DNDEBUG -g -O3 -Wall -fPIC -D_WIN32_WINNT=1536 -DGRPC_XDS_USER_AGENT_NAME_SUFFIX=\"Python\" -DGRPC_XDS_USER_AGENT_VERSION_SUFFIX=\"1.79.0.dev0\" -DHAVE_CONFIG_H=1 -DGRPC_ENABLE_FORK_SUPPORT=1 -DGRPC_ENABLE_FORK_SUPPORT_DEFAULT=false -DGRPC_PYTHON_BUILD=1 -D__STDC_FORMAT_MACROS "-DPyMODINIT_FUNC=extern \"C\" __attribute__((visibility (\"default\"))) PyObject*" -DGRPC_POSIX_FORK_ALLOW_PTHREAD_ATFORK=1 -Isrc/python/grpcio -Iinclude -I. -Ithird_party/abseil-cpp -Ithird_party/address_sorting/include -Ithird_party/cares/cares/include -Ithird_party/cares -Ithird_party/cares/cares -Ithird_party/cares/cares/src/lib/include -Ithird_party/cares/cares/src/lib -Ithird_party/cares/config_linux -Ithird_party/re2 -Ithird_party/boringssl-with-bazel/src/include -Ithird_party/upb -Isrc/core/ext/upb-gen -Isrc/core/ext/upbdefs-gen -Ithird_party/utf8_range -Ithird_party/xxhash -Ithird_party/zlib -I/usr/local/google/home/ssreenithi/.pyenv/versions/3.12.0/envs/pyvenv_312/include -I/usr/local/google/home/ssreenithi/.pyenv/versions/3.12.0/include/python3.12 -c src/core/credentials/call/iam/iam_credentials.cc -o pyb/temp.linux-x86_64-cpython-312/src/core/credentials/call/iam/iam_credentials.o -std=c++17 -fvisibility=hidden -fno-wrapv -fno-exceptions -pthread
      g++ -fno-strict-overflow -Wsign-compare -DNDEBUG -g -O3 -Wall -fPIC -D_WIN32_WINNT=1536 -DGRPC_XDS_USER_AGENT_NAME_SUFFIX=\"Python\" -DGRPC_XDS_USER_AGENT_VERSION_SUFFIX=\"1.79.0.dev0\" -DHAVE_CONFIG_H=1 -DGRPC_ENABLE_FORK_SUPPORT=1 -DGRPC_ENABLE_FORK_SUPPORT_DEFAULT=false -DGRPC_PYTHON_BUILD=1 -D__STDC_FORMAT_MACROS "-DPyMODINIT_FUNC=extern \"C\" __attribute__((visibility (\"default\"))) PyObject*" -DGRPC_POSIX_FORK_ALLOW_PTHREAD_ATFORK=1 -Isrc/python/grpcio -Iinclude -I. -Ithird_party/abseil-cpp -Ithird_party/address_sorting/include -Ithird_party/cares/cares/include -Ithird_party/cares -Ithird_party/cares/cares -Ithird_party/cares/cares/src/lib/include -Ithird_party/cares/cares/src/lib -Ithird_party/cares/config_linux -Ithird_party/re2 -Ithird_party/boringssl-with-bazel/src/include -Ithird_party/upb -Isrc/core/ext/upb-gen -Isrc/core/ext/upbdefs-gen -Ithird_party/utf8_range -Ithird_party/xxhash -Ithird_party/zlib -I/usr/local/google/home/ssreenithi/.pyenv/versions/3.12.0/envs/pyvenv_312/include -I/usr/local/google/home/ssreenithi/.pyenv/versions/3.12.0/include/python3.12 -c src/core/util/posix/time.cc -o pyb/temp.linux-x86_64-cpython-312/src/core/util/posix/time.o -std=c++17 -fvisibility=hidden -fno-wrapv -fno-exceptions -pthread
      g++ -fno-strict-overflow -Wsign-compare -DNDEBUG -g -O3 -Wall -fPIC -D_WIN32_WINNT=1536 -DGRPC_XDS_USER_AGENT_NAME_SUFFIX=\"Python\" -DGRPC_XDS_USER_AGENT_VERSION_SUFFIX=\"1.79.0.dev0\" -DHAVE_CONFIG_H=1 -DGRPC_ENABLE_FORK_SUPPORT=1 -DGRPC_ENABLE_FORK_SUPPORT_DEFAULT=false -DGRPC_PYTHON_BUILD=1 -D__STDC_FORMAT_MACROS "-DPyMODINIT_FUNC=extern \"C\" __attribute__((visibility (\"default\"))) PyObject*" -DGRPC_POSIX_FORK_ALLOW_PTHREAD_ATFORK=1 -Isrc/python/grpcio -Iinclude -I. -Ithird_party/abseil-cpp -Ithird_party/address_sorting/include -Ithird_party/cares/cares/include -Ithird_party/cares -Ithird_party/cares/cares -Ithird_party/cares/cares/src/lib/include -Ithird_party/cares/cares/src/lib -Ithird_party/cares/config_linux -Ithird_party/re2 -Ithird_party/boringssl-with-bazel/src/include -Ithird_party/upb -Isrc/core/ext/upb-gen -Isrc/core/ext/upbdefs-gen -Ithird_party/utf8_range -Ithird_party/xxhash -Ithird_party/zlib -I/usr/local/google/home/ssreenithi/.pyenv/versions/3.12.0/envs/pyvenv_312/include -I/usr/local/google/home/ssreenithi/.pyenv/versions/3.12.0/include/python3.12 -c src/core/lib/resource_quota/resource_quota.cc -o pyb/temp.linux-x86_64-cpython-312/src/core/lib/resource_quota/resource_quota.o -std=c++17 -fvisibility=hidden -fno-wrapv -fno-exceptions -pthread
      In file included from ./src/core/lib/promise/activity.h:30,
                       from ./src/core/lib/resource_quota/memory_quota.h:39,
                       from ./src/core/lib/resource_quota/arena.h:39,
                       from ./src/core/call/call_arena_allocator.h:24,
                       from ./src/core/lib/surface/legacy_channel.h:29,
                       from src/core/lib/surface/legacy_channel.cc:19:
      ./src/core/lib/promise/detail/promise_factory.h:210:5: warning: ‘always_inline’ function might not be inlinable unless also declared ‘inline’ [-Wattributes]
        210 |     PromiseFactoryImpl(Token, F&& f) {
            |     ^~~~~~~~~~~~~~~~~~
      ./src/core/lib/promise/detail/promise_factory.h:210:5: warning: ‘always_inline’ function might not be inlinable unless also declared ‘inline’ [-Wattributes]
      ./src/core/lib/promise/detail/promise_factory.h:210:5: warning: ‘always_inline’ function might not be inlinable unless also declared ‘inline’ [-Wattributes]
      ./src/core/lib/promise/detail/promise_factory.h:210:5: warning: ‘always_inline’ function might not be inlinable unless also declared ‘inline’ [-Wattributes]
      ./src/core/lib/promise/detail/promise_factory.h:210:5: warning: ‘always_inline’ function might not be inlinable unless also declared ‘inline’ [-Wattributes]
      ./src/core/lib/promise/detail/promise_factory.h:210:5: warning: ‘always_inline’ function might not be inlinable unless also declared ‘inline’ [-Wattributes]
      ./src/core/lib/promise/detail/promise_factory.h:210:5: warning: ‘always_inline’ function might not be inlinable unless also declared ‘inline’ [-Wattributes]
      ./src/core/lib/promise/detail/promise_factory.h:210:5: warning: ‘always_inline’ function might not be inlinable unless also declared ‘inline’ [-Wattributes]
      g++ -fno-strict-overflow -Wsign-compare -DNDEBUG -g -O3 -Wall -fPIC -D_WIN32_WINNT=1536 -DGRPC_XDS_USER_AGENT_NAME_SUFFIX=\"Python\" -DGRPC_XDS_USER_AGENT_VERSION_SUFFIX=\"1.79.0.dev0\" -DHAVE_CONFIG_H=1 -DGRPC_ENABLE_FORK_SUPPORT=1 -DGRPC_ENABLE_FORK_SUPPORT_DEFAULT=false -DGRPC_PYTHON_BUILD=1 -D__STDC_FORMAT_MACROS "-DPyMODINIT_FUNC=extern \"C\" __attribute__((visibility (\"default\"))) PyObject*" -DGRPC_POSIX_FORK_ALLOW_PTHREAD_ATFORK=1 -Isrc/python/grpcio -Iinclude -I. -Ithird_party/abseil-cpp -Ithird_party/address_sorting/include -Ithird_party/cares/cares/include -Ithird_party/cares -Ithird_party/cares/cares -Ithird_party/cares/cares/src/lib/include -Ithird_party/cares/cares/src/lib -Ithird_party/cares/config_linux -Ithird_party/re2 -Ithird_party/boringssl-with-bazel/src/include -Ithird_party/upb -Isrc/core/ext/upb-gen -Isrc/core/ext/upbdefs-gen -Ithird_party/utf8_range -Ithird_party/xxhash -Ithird_party/zlib -I/usr/local/google/home/ssreenithi/.pyenv/versions/3.12.0/envs/pyvenv_312/include -I/usr/local/google/home/ssreenithi/.pyenv/versions/3.12.0/include/python3.12 -c src/core/tsi/ssl/session_cache/ssl_session_boringssl.cc -o pyb/temp.linux-x86_64-cpython-312/src/core/tsi/ssl/session_cache/ssl_session_boringssl.o -std=c++17 -fvisibility=hidden -fno-wrapv -fno-exceptions -pthread
      In file included from ./src/core/lib/promise/activity.h:30,
                       from ./src/core/lib/resource_quota/memory_quota.h:39,
                       from ./src/core/lib/resource_quota/arena.h:39,
                       from ./src/core/call/call_arena_allocator.h:24,
                       from ./src/core/call/call_spine.h:20,
                       from ./src/core/call/call_destination.h:20,
                       from ./src/core/lib/transport/transport.h:36,
                       from ./src/core/ext/transport/chttp2/transport/frame_data.h:33,
                       from src/core/ext/transport/chttp2/transport/frame_data.cc:19:
      ./src/core/lib/promise/detail/promise_factory.h:210:5: warning: ‘always_inline’ function might not be inlinable unless also declared ‘inline’ [-Wattributes]
        210 |     PromiseFactoryImpl(Token, F&& f) {
            |     ^~~~~~~~~~~~~~~~~~
      ./src/core/lib/promise/detail/promise_factory.h:210:5: warning: ‘always_inline’ function might not be inlinable unless also declared ‘inline’ [-Wattributes]
      ./src/core/lib/promise/detail/promise_factory.h:210:5: warning: ‘always_inline’ function might not be inlinable unless also declared ‘inline’ [-Wattributes]
      ./src/core/lib/promise/detail/promise_factory.h:210:5: warning: ‘always_inline’ function might not be inlinable unless also declared ‘inline’ [-Wattributes]
      ./src/core/lib/promise/detail/promise_factory.h:210:5: warning: ‘always_inline’ function might not be inlinable unless also declared ‘inline’ [-Wattributes]
      ./src/core/lib/promise/detail/promise_factory.h:210:5: warning: ‘always_inline’ function might not be inlinable unless also declared ‘inline’ [-Wattributes]
      ./src/core/lib/promise/detail/promise_factory.h:210:5: warning: ‘always_inline’ function might not be inlinable unless also declared ‘inline’ [-Wattributes]
      In file included from ./src/core/lib/promise/activity.h:30,
                       from ./src/core/lib/resource_quota/memory_quota.h:39,
                       from ./src/core/lib/resource_quota/arena.h:39,
                       from ./src/core/util/chunked_vector.h:24,
                       from ./src/core/call/metadata_batch.h:41,
                       from ./src/core/lib/surface/filter_stack_call.h:41,
                       from src/core/lib/surface/filter_stack_call.cc:15:
      ./src/core/lib/promise/detail/promise_factory.h:210:5: warning: ‘always_inline’ function might not be inlinable unless also declared ‘inline’ [-Wattributes]
        210 |     PromiseFactoryImpl(Token, F&& f) {
            |     ^~~~~~~~~~~~~~~~~~
      ./src/core/lib/promise/detail/promise_factory.h:210:5: warning: ‘always_inline’ function might not be inlinable unless also declared ‘inline’ [-Wattributes]
      ./src/core/lib/promise/detail/promise_factory.h:210:5: warning: ‘always_inline’ function might not be inlinable unless also declared ‘inline’ [-Wattributes]
      ./src/core/lib/promise/detail/promise_factory.h:210:5: warning: ‘always_inline’ function might not be inlinable unless also declared ‘inline’ [-Wattributes]
      ./src/core/lib/promise/detail/promise_factory.h:210:5: warning: ‘always_inline’ function might not be inlinable unless also declared ‘inline’ [-Wattributes]
      ./src/core/lib/promise/detail/promise_factory.h:210:5: warning: ‘always_inline’ function might not be inlinable unless also declared ‘inline’ [-Wattributes]
      ./src/core/lib/promise/detail/promise_factory.h:210:5: warning: ‘always_inline’ function might not be inlinable unless also declared ‘inline’ [-Wattributes]
      g++ -fno-strict-overflow -Wsign-compare -DNDEBUG -g -O3 -Wall -fPIC -D_WIN32_WINNT=1536 -DGRPC_XDS_USER_AGENT_NAME_SUFFIX=\"Python\" -DGRPC_XDS_USER_AGENT_VERSION_SUFFIX=\"1.79.0.dev0\" -DHAVE_CONFIG_H=1 -DGRPC_ENABLE_FORK_SUPPORT=1 -DGRPC_ENABLE_FORK_SUPPORT_DEFAULT=false -DGRPC_PYTHON_BUILD=1 -D__STDC_FORMAT_MACROS "-DPyMODINIT_FUNC=extern \"C\" __attribute__((visibility (\"default\"))) PyObject*" -DGRPC_POSIX_FORK_ALLOW_PTHREAD_ATFORK=1 -Isrc/python/grpcio -Iinclude -I. -Ithird_party/abseil-cpp -Ithird_party/address_sorting/include -Ithird_party/cares/cares/include -Ithird_party/cares -Ithird_party/cares/cares -Ithird_party/cares/cares/src/lib/include -Ithird_party/cares/cares/src/lib -Ithird_party/cares/config_linux -Ithird_party/re2 -Ithird_party/boringssl-with-bazel/src/include -Ithird_party/upb -Isrc/core/ext/upb-gen -Isrc/core/ext/upbdefs-gen -Ithird_party/utf8_range -Ithird_party/xxhash -Ithird_party/zlib -I/usr/local/google/home/ssreenithi/.pyenv/versions/3.12.0/envs/pyvenv_312/include -I/usr/local/google/home/ssreenithi/.pyenv/versions/3.12.0/include/python3.12 -c src/core/util/http_client/format_request.cc -o pyb/temp.linux-x86_64-cpython-312/src/core/util/http_client/format_request.o -std=c++17 -fvisibility=hidden -fno-wrapv -fno-exceptions -pthread
      g++ -fno-strict-overflow -Wsign-compare -DNDEBUG -g -O3 -Wall -fPIC -D_WIN32_WINNT=1536 -DGRPC_XDS_USER_AGENT_NAME_SUFFIX=\"Python\" -DGRPC_XDS_USER_AGENT_VERSION_SUFFIX=\"1.79.0.dev0\" -DHAVE_CONFIG_H=1 -DGRPC_ENABLE_FORK_SUPPORT=1 -DGRPC_ENABLE_FORK_SUPPORT_DEFAULT=false -DGRPC_PYTHON_BUILD=1 -D__STDC_FORMAT_MACROS "-DPyMODINIT_FUNC=extern \"C\" __attribute__((visibility (\"default\"))) PyObject*" -DGRPC_POSIX_FORK_ALLOW_PTHREAD_ATFORK=1 -Isrc/python/grpcio -Iinclude -I. -Ithird_party/abseil-cpp -Ithird_party/address_sorting/include -Ithird_party/cares/cares/include -Ithird_party/cares -Ithird_party/cares/cares -Ithird_party/cares/cares/src/lib/include -Ithird_party/cares/cares/src/lib -Ithird_party/cares/config_linux -Ithird_party/re2 -Ithird_party/boringssl-with-bazel/src/include -Ithird_party/upb -Isrc/core/ext/upb-gen -Isrc/core/ext/upbdefs-gen -Ithird_party/utf8_range -Ithird_party/xxhash -Ithird_party/zlib -I/usr/local/google/home/ssreenithi/.pyenv/versions/3.12.0/envs/pyvenv_312/include -I/usr/local/google/home/ssreenithi/.pyenv/versions/3.12.0/include/python3.12 -c src/core/channelz/channelz_registry.cc -o pyb/temp.linux-x86_64-cpython-312/src/core/channelz/channelz_registry.o -std=c++17 -fvisibility=hidden -fno-wrapv -fno-exceptions -pthread
      g++ -fno-strict-overflow -Wsign-compare -DNDEBUG -g -O3 -Wall -fPIC -D_WIN32_WINNT=1536 -DGRPC_XDS_USER_AGENT_NAME_SUFFIX=\"Python\" -DGRPC_XDS_USER_AGENT_VERSION_SUFFIX=\"1.79.0.dev0\" -DHAVE_CONFIG_H=1 -DGRPC_ENABLE_FORK_SUPPORT=1 -DGRPC_ENABLE_FORK_SUPPORT_DEFAULT=false -DGRPC_PYTHON_BUILD=1 -D__STDC_FORMAT_MACROS "-DPyMODINIT_FUNC=extern \"C\" __attribute__((visibility (\"default\"))) PyObject*" -DGRPC_POSIX_FORK_ALLOW_PTHREAD_ATFORK=1 -Isrc/python/grpcio -Iinclude -I. -Ithird_party/abseil-cpp -Ithird_party/address_sorting/include -Ithird_party/cares/cares/include -Ithird_party/cares -Ithird_party/cares/cares -Ithird_party/cares/cares/src/lib/include -Ithird_party/cares/cares/src/lib -Ithird_party/cares/config_linux -Ithird_party/re2 -Ithird_party/boringssl-with-bazel/src/include -Ithird_party/upb -Isrc/core/ext/upb-gen -Isrc/core/ext/upbdefs-gen -Ithird_party/utf8_range -Ithird_party/xxhash -Ithird_party/zlib -I/usr/local/google/home/ssreenithi/.pyenv/versions/3.12.0/envs/pyvenv_312/include -I/usr/local/google/home/ssreenithi/.pyenv/versions/3.12.0/include/python3.12 -c src/core/util/shared_bit_gen.cc -o pyb/temp.linux-x86_64-cpython-312/src/core/util/shared_bit_gen.o -std=c++17 -fvisibility=hidden -fno-wrapv -fno-exceptions -pthread
      g++ -fno-strict-overflow -Wsign-compare -DNDEBUG -g -O3 -Wall -fPIC -D_WIN32_WINNT=1536 -DGRPC_XDS_USER_AGENT_NAME_SUFFIX=\"Python\" -DGRPC_XDS_USER_AGENT_VERSION_SUFFIX=\"1.79.0.dev0\" -DHAVE_CONFIG_H=1 -DGRPC_ENABLE_FORK_SUPPORT=1 -DGRPC_ENABLE_FORK_SUPPORT_DEFAULT=false -DGRPC_PYTHON_BUILD=1 -D__STDC_FORMAT_MACROS "-DPyMODINIT_FUNC=extern \"C\" __attribute__((visibility (\"default\"))) PyObject*" -DGRPC_POSIX_FORK_ALLOW_PTHREAD_ATFORK=1 -Isrc/python/grpcio -Iinclude -I. -Ithird_party/abseil-cpp -Ithird_party/address_sorting/include -Ithird_party/cares/cares/include -Ithird_party/cares -Ithird_party/cares/cares -Ithird_party/cares/cares/src/lib/include -Ithird_party/cares/cares/src/lib -Ithird_party/cares/config_linux -Ithird_party/re2 -Ithird_party/boringssl-with-bazel/src/include -Ithird_party/upb -Isrc/core/ext/upb-gen -Isrc/core/ext/upbdefs-gen -Ithird_party/utf8_range -Ithird_party/xxhash -Ithird_party/zlib -I/usr/local/google/home/ssreenithi/.pyenv/versions/3.12.0/envs/pyvenv_312/include -I/usr/local/google/home/ssreenithi/.pyenv/versions/3.12.0/include/python3.12 -c src/core/client_channel/client_channel.cc -o pyb/temp.linux-x86_64-cpython-312/src/core/client_channel/client_channel.o -std=c++17 -fvisibility=hidden -fno-wrapv -fno-exceptions -pthread
      g++ -fno-strict-overflow -Wsign-compare -DNDEBUG -g -O3 -Wall -fPIC -D_WIN32_WINNT=1536 -DGRPC_XDS_USER_AGENT_NAME_SUFFIX=\"Python\" -DGRPC_XDS_USER_AGENT_VERSION_SUFFIX=\"1.79.0.dev0\" -DHAVE_CONFIG_H=1 -DGRPC_ENABLE_FORK_SUPPORT=1 -DGRPC_ENABLE_FORK_SUPPORT_DEFAULT=false -DGRPC_PYTHON_BUILD=1 -D__STDC_FORMAT_MACROS "-DPyMODINIT_FUNC=extern \"C\" __attribute__((visibility (\"default\"))) PyObject*" -DGRPC_POSIX_FORK_ALLOW_PTHREAD_ATFORK=1 -Isrc/python/grpcio -Iinclude -I. -Ithird_party/abseil-cpp -Ithird_party/address_sorting/include -Ithird_party/cares/cares/include -Ithird_party/cares -Ithird_party/cares/cares -Ithird_party/cares/cares/src/lib/include -Ithird_party/cares/cares/src/lib -Ithird_party/cares/config_linux -Ithird_party/re2 -Ithird_party/boringssl-with-bazel/src/include -Ithird_party/upb -Isrc/core/ext/upb-gen -Isrc/core/ext/upbdefs-gen -Ithird_party/utf8_range -Ithird_party/xxhash -Ithird_party/zlib -I/usr/local/google/home/ssreenithi/.pyenv/versions/3.12.0/envs/pyvenv_312/include -I/usr/local/google/home/ssreenithi/.pyenv/versions/3.12.0/include/python3.12 -c src/core/resolver/dns/c_ares/dns_resolver_ares.cc -o pyb/temp.linux-x86_64-cpython-312/src/core/resolver/dns/c_ares/dns_resolver_ares.o -std=c++17 -fvisibility=hidden -fno-wrapv -fno-exceptions -pthread
      In file included from ./src/core/lib/promise/activity.h:30,
                       from ./src/core/lib/resource_quota/memory_quota.h:39,
                       from ./src/core/lib/resource_quota/arena.h:39,
                       from ./src/core/lib/promise/arena_promise.h:28,
                       from ./src/core/credentials/transport/security_connector.h:36,
                       from ./src/core/credentials/transport/tls/tls_credentials.h:27,
                       from src/core/credentials/transport/tls/tls_credentials.cc:19:
      ./src/core/lib/promise/detail/promise_factory.h:210:5: warning: ‘always_inline’ function might not be inlinable unless also declared ‘inline’ [-Wattributes]
        210 |     PromiseFactoryImpl(Token, F&& f) {
            |     ^~~~~~~~~~~~~~~~~~
      ./src/core/lib/promise/detail/promise_factory.h:210:5: warning: ‘always_inline’ function might not be inlinable unless also declared ‘inline’ [-Wattributes]
      ./src/core/lib/promise/detail/promise_factory.h:210:5: warning: ‘always_inline’ function might not be inlinable unless also declared ‘inline’ [-Wattributes]
      ./src/core/lib/promise/detail/promise_factory.h:210:5: warning: ‘always_inline’ function might not be inlinable unless also declared ‘inline’ [-Wattributes]
      ./src/core/lib/promise/detail/promise_factory.h:210:5: warning: ‘always_inline’ function might not be inlinable unless also declared ‘inline’ [-Wattributes]
      In file included from ./src/core/lib/promise/activity.h:30,
                       from ./src/core/lib/resource_quota/memory_quota.h:39,
                       from ./src/core/lib/resource_quota/arena.h:39,
                       from ./src/core/lib/promise/arena_promise.h:28,
                       from ./src/core/lib/channel/channel_stack.h:59,
                       from ./src/core/lib/surface/call.h:32,
                       from src/core/tsi/alts/handshaker/alts_handshaker_client.cc:29:
      ./src/core/lib/promise/detail/promise_factory.h:210:5: warning: ‘always_inline’ function might not be inlinable unless also declared ‘inline’ [-Wattributes]
        210 |     PromiseFactoryImpl(Token, F&& f) {
            |     ^~~~~~~~~~~~~~~~~~
      ./src/core/lib/promise/detail/promise_factory.h:210:5: warning: ‘always_inline’ function might not be inlinable unless also declared ‘inline’ [-Wattributes]
      ./src/core/lib/promise/detail/promise_factory.h:210:5: warning: ‘always_inline’ function might not be inlinable unless also declared ‘inline’ [-Wattributes]
      ./src/core/lib/promise/detail/promise_factory.h:210:5: warning: ‘always_inline’ function might not be inlinable unless also declared ‘inline’ [-Wattributes]
      ./src/core/lib/promise/detail/promise_factory.h:210:5: warning: ‘always_inline’ function might not be inlinable unless also declared ‘inline’ [-Wattributes]
      ./src/core/lib/promise/detail/promise_factory.h:210:5: warning: ‘always_inline’ function might not be inlinable unless also declared ‘inline’ [-Wattributes]
      ./src/core/lib/promise/detail/promise_factory.h:210:5: warning: ‘always_inline’ function might not be inlinable unless also declared ‘inline’ [-Wattributes]
      ./src/core/lib/promise/detail/promise_factory.h:210:5: warning: ‘always_inline’ function might not be inlinable unless also declared ‘inline’ [-Wattributes]
      ./src/core/lib/promise/detail/promise_factory.h:210:5: warning: ‘always_inline’ function might not be inlinable unless also declared ‘inline’ [-Wattributes]
      g++ -fno-strict-overflow -Wsign-compare -DNDEBUG -g -O3 -Wall -fPIC -D_WIN32_WINNT=1536 -DGRPC_XDS_USER_AGENT_NAME_SUFFIX=\"Python\" -DGRPC_XDS_USER_AGENT_VERSION_SUFFIX=\"1.79.0.dev0\" -DHAVE_CONFIG_H=1 -DGRPC_ENABLE_FORK_SUPPORT=1 -DGRPC_ENABLE_FORK_SUPPORT_DEFAULT=false -DGRPC_PYTHON_BUILD=1 -D__STDC_FORMAT_MACROS "-DPyMODINIT_FUNC=extern \"C\" __attribute__((visibility (\"default\"))) PyObject*" -DGRPC_POSIX_FORK_ALLOW_PTHREAD_ATFORK=1 -Isrc/python/grpcio -Iinclude -I. -Ithird_party/abseil-cpp -Ithird_party/address_sorting/include -Ithird_party/cares/cares/include -Ithird_party/cares -Ithird_party/cares/cares -Ithird_party/cares/cares/src/lib/include -Ithird_party/cares/cares/src/lib -Ithird_party/cares/config_linux -Ithird_party/re2 -Ithird_party/boringssl-with-bazel/src/include -Ithird_party/upb -Isrc/core/ext/upb-gen -Isrc/core/ext/upbdefs-gen -Ithird_party/utf8_range -Ithird_party/xxhash -Ithird_party/zlib -I/usr/local/google/home/ssreenithi/.pyenv/versions/3.12.0/envs/pyvenv_312/include -I/usr/local/google/home/ssreenithi/.pyenv/versions/3.12.0/include/python3.12 -c src/core/call/request_buffer.cc -o pyb/temp.linux-x86_64-cpython-312/src/core/call/request_buffer.o -std=c++17 -fvisibility=hidden -fno-wrapv -fno-exceptions -pthread
      g++ -fno-strict-overflow -Wsign-compare -DNDEBUG -g -O3 -Wall -fPIC -D_WIN32_WINNT=1536 -DGRPC_XDS_USER_AGENT_NAME_SUFFIX=\"Python\" -DGRPC_XDS_USER_AGENT_VERSION_SUFFIX=\"1.79.0.dev0\" -DHAVE_CONFIG_H=1 -DGRPC_ENABLE_FORK_SUPPORT=1 -DGRPC_ENABLE_FORK_SUPPORT_DEFAULT=false -DGRPC_PYTHON_BUILD=1 -D__STDC_FORMAT_MACROS "-DPyMODINIT_FUNC=extern \"C\" __attribute__((visibility (\"default\"))) PyObject*" -DGRPC_POSIX_FORK_ALLOW_PTHREAD_ATFORK=1 -Isrc/python/grpcio -Iinclude -I. -Ithird_party/abseil-cpp -Ithird_party/address_sorting/include -Ithird_party/cares/cares/include -Ithird_party/cares -Ithird_party/cares/cares -Ithird_party/cares/cares/src/lib/include -Ithird_party/cares/cares/src/lib -Ithird_party/cares/config_linux -Ithird_party/re2 -Ithird_party/boringssl-with-bazel/src/include -Ithird_party/upb -Isrc/core/ext/upb-gen -Isrc/core/ext/upbdefs-gen -Ithird_party/utf8_range -Ithird_party/xxhash -Ithird_party/zlib -I/usr/local/google/home/ssreenithi/.pyenv/versions/3.12.0/envs/pyvenv_312/include -I/usr/local/google/home/ssreenithi/.pyenv/versions/3.12.0/include/python3.12 -c src/core/handshaker/http_connect/xds_http_proxy_mapper.cc -o pyb/temp.linux-x86_64-cpython-312/src/core/handshaker/http_connect/xds_http_proxy_mapper.o -std=c++17 -fvisibility=hidden -fno-wrapv -fno-exceptions -pthread
      g++ -fno-strict-overflow -Wsign-compare -DNDEBUG -g -O3 -Wall -fPIC -D_WIN32_WINNT=1536 -DGRPC_XDS_USER_AGENT_NAME_SUFFIX=\"Python\" -DGRPC_XDS_USER_AGENT_VERSION_SUFFIX=\"1.79.0.dev0\" -DHAVE_CONFIG_H=1 -DGRPC_ENABLE_FORK_SUPPORT=1 -DGRPC_ENABLE_FORK_SUPPORT_DEFAULT=false -DGRPC_PYTHON_BUILD=1 -D__STDC_FORMAT_MACROS "-DPyMODINIT_FUNC=extern \"C\" __attribute__((visibility (\"default\"))) PyObject*" -DGRPC_POSIX_FORK_ALLOW_PTHREAD_ATFORK=1 -Isrc/python/grpcio -Iinclude -I. -Ithird_party/abseil-cpp -Ithird_party/address_sorting/include -Ithird_party/cares/cares/include -Ithird_party/cares -Ithird_party/cares/cares -Ithird_party/cares/cares/src/lib/include -Ithird_party/cares/cares/src/lib -Ithird_party/cares/config_linux -Ithird_party/re2 -Ithird_party/boringssl-with-bazel/src/include -Ithird_party/upb -Isrc/core/ext/upb-gen -Isrc/core/ext/upbdefs-gen -Ithird_party/utf8_range -Ithird_party/xxhash -Ithird_party/zlib -I/usr/local/google/home/ssreenithi/.pyenv/versions/3.12.0/envs/pyvenv_312/include -I/usr/local/google/home/ssreenithi/.pyenv/versions/3.12.0/include/python3.12 -c src/core/load_balancing/lb_policy.cc -o pyb/temp.linux-x86_64-cpython-312/src/core/load_balancing/lb_policy.o -std=c++17 -fvisibility=hidden -fno-wrapv -fno-exceptions -pthread
      g++ -fno-strict-overflow -Wsign-compare -DNDEBUG -g -O3 -Wall -fPIC -D_WIN32_WINNT=1536 -DGRPC_XDS_USER_AGENT_NAME_SUFFIX=\"Python\" -DGRPC_XDS_USER_AGENT_VERSION_SUFFIX=\"1.79.0.dev0\" -DHAVE_CONFIG_H=1 -DGRPC_ENABLE_FORK_SUPPORT=1 -DGRPC_ENABLE_FORK_SUPPORT_DEFAULT=false -DGRPC_PYTHON_BUILD=1 -D__STDC_FORMAT_MACROS "-DPyMODINIT_FUNC=extern \"C\" __attribute__((visibility (\"default\"))) PyObject*" -DGRPC_POSIX_FORK_ALLOW_PTHREAD_ATFORK=1 -Isrc/python/grpcio -Iinclude -I. -Ithird_party/abseil-cpp -Ithird_party/address_sorting/include -Ithird_party/cares/cares/include -Ithird_party/cares -Ithird_party/cares/cares -Ithird_party/cares/cares/src/lib/include -Ithird_party/cares/cares/src/lib -Ithird_party/cares/config_linux -Ithird_party/re2 -Ithird_party/boringssl-with-bazel/src/include -Ithird_party/upb -Isrc/core/ext/upb-gen -Isrc/core/ext/upbdefs-gen -Ithird_party/utf8_range -Ithird_party/xxhash -Ithird_party/zlib -I/usr/local/google/home/ssreenithi/.pyenv/versions/3.12.0/envs/pyvenv_312/include -I/usr/local/google/home/ssreenithi/.pyenv/versions/3.12.0/include/python3.12 -c src/core/util/posix/env.cc -o pyb/temp.linux-x86_64-cpython-312/src/core/util/posix/env.o -std=c++17 -fvisibility=hidden -fno-wrapv -fno-exceptions -pthread
      g++ -fno-strict-overflow -Wsign-compare -DNDEBUG -g -O3 -Wall -fPIC -D_WIN32_WINNT=1536 -DGRPC_XDS_USER_AGENT_NAME_SUFFIX=\"Python\" -DGRPC_XDS_USER_AGENT_VERSION_SUFFIX=\"1.79.0.dev0\" -DHAVE_CONFIG_H=1 -DGRPC_ENABLE_FORK_SUPPORT=1 -DGRPC_ENABLE_FORK_SUPPORT_DEFAULT=false -DGRPC_PYTHON_BUILD=1 -D__STDC_FORMAT_MACROS "-DPyMODINIT_FUNC=extern \"C\" __attribute__((visibility (\"default\"))) PyObject*" -DGRPC_POSIX_FORK_ALLOW_PTHREAD_ATFORK=1 -Isrc/python/grpcio -Iinclude -I. -Ithird_party/abseil-cpp -Ithird_party/address_sorting/include -Ithird_party/cares/cares/include -Ithird_party/cares -Ithird_party/cares/cares -Ithird_party/cares/cares/src/lib/include -Ithird_party/cares/cares/src/lib -Ithird_party/cares/config_linux -Ithird_party/re2 -Ithird_party/boringssl-with-bazel/src/include -Ithird_party/upb -Isrc/core/ext/upb-gen -Isrc/core/ext/upbdefs-gen -Ithird_party/utf8_range -Ithird_party/xxhash -Ithird_party/zlib -I/usr/local/google/home/ssreenithi/.pyenv/versions/3.12.0/envs/pyvenv_312/include -I/usr/local/google/home/ssreenithi/.pyenv/versions/3.12.0/include/python3.12 -c src/core/util/posix/stat.cc -o pyb/temp.linux-x86_64-cpython-312/src/core/util/posix/stat.o -std=c++17 -fvisibility=hidden -fno-wrapv -fno-exceptions -pthread
      g++ -fno-strict-overflow -Wsign-compare -DNDEBUG -g -O3 -Wall -fPIC -D_WIN32_WINNT=1536 -DGRPC_XDS_USER_AGENT_NAME_SUFFIX=\"Python\" -DGRPC_XDS_USER_AGENT_VERSION_SUFFIX=\"1.79.0.dev0\" -DHAVE_CONFIG_H=1 -DGRPC_ENABLE_FORK_SUPPORT=1 -DGRPC_ENABLE_FORK_SUPPORT_DEFAULT=false -DGRPC_PYTHON_BUILD=1 -D__STDC_FORMAT_MACROS "-DPyMODINIT_FUNC=extern \"C\" __attribute__((visibility (\"default\"))) PyObject*" -DGRPC_POSIX_FORK_ALLOW_PTHREAD_ATFORK=1 -Isrc/python/grpcio -Iinclude -I. -Ithird_party/abseil-cpp -Ithird_party/address_sorting/include -Ithird_party/cares/cares/include -Ithird_party/cares -Ithird_party/cares/cares -Ithird_party/cares/cares/src/lib/include -Ithird_party/cares/cares/src/lib -Ithird_party/cares/config_linux -Ithird_party/re2 -Ithird_party/boringssl-with-bazel/src/include -Ithird_party/upb -Isrc/core/ext/upb-gen -Isrc/core/ext/upbdefs-gen -Ithird_party/utf8_range -Ithird_party/xxhash -Ithird_party/zlib -I/usr/local/google/home/ssreenithi/.pyenv/versions/3.12.0/envs/pyvenv_312/include -I/usr/local/google/home/ssreenithi/.pyenv/versions/3.12.0/include/python3.12 -c src/core/lib/iomgr/tcp_client_cfstream.cc -o pyb/temp.linux-x86_64-cpython-312/src/core/lib/iomgr/tcp_client_cfstream.o -std=c++17 -fvisibility=hidden -fno-wrapv -fno-exceptions -pthread
      g++ -fno-strict-overflow -Wsign-compare -DNDEBUG -g -O3 -Wall -fPIC -D_WIN32_WINNT=1536 -DGRPC_XDS_USER_AGENT_NAME_SUFFIX=\"Python\" -DGRPC_XDS_USER_AGENT_VERSION_SUFFIX=\"1.79.0.dev0\" -DHAVE_CONFIG_H=1 -DGRPC_ENABLE_FORK_SUPPORT=1 -DGRPC_ENABLE_FORK_SUPPORT_DEFAULT=false -DGRPC_PYTHON_BUILD=1 -D__STDC_FORMAT_MACROS "-DPyMODINIT_FUNC=extern \"C\" __attribute__((visibility (\"default\"))) PyObject*" -DGRPC_POSIX_FORK_ALLOW_PTHREAD_ATFORK=1 -Isrc/python/grpcio -Iinclude -I. -Ithird_party/abseil-cpp -Ithird_party/address_sorting/include -Ithird_party/cares/cares/include -Ithird_party/cares -Ithird_party/cares/cares -Ithird_party/cares/cares/src/lib/include -Ithird_party/cares/cares/src/lib -Ithird_party/cares/config_linux -Ithird_party/re2 -Ithird_party/boringssl-with-bazel/src/include -Ithird_party/upb -Isrc/core/ext/upb-gen -Isrc/core/ext/upbdefs-gen -Ithird_party/utf8_range -Ithird_party/xxhash -Ithird_party/zlib -I/usr/local/google/home/ssreenithi/.pyenv/versions/3.12.0/envs/pyvenv_312/include -I/usr/local/google/home/ssreenithi/.pyenv/versions/3.12.0/include/python3.12 -c src/core/util/posix/tmpfile.cc -o pyb/temp.linux-x86_64-cpython-312/src/core/util/posix/tmpfile.o -std=c++17 -fvisibility=hidden -fno-wrapv -fno-exceptions -pthread
      g++ -fno-strict-overflow -Wsign-compare -DNDEBUG -g -O3 -Wall -fPIC -D_WIN32_WINNT=1536 -DGRPC_XDS_USER_AGENT_NAME_SUFFIX=\"Python\" -DGRPC_XDS_USER_AGENT_VERSION_SUFFIX=\"1.79.0.dev0\" -DHAVE_CONFIG_H=1 -DGRPC_ENABLE_FORK_SUPPORT=1 -DGRPC_ENABLE_FORK_SUPPORT_DEFAULT=false -DGRPC_PYTHON_BUILD=1 -D__STDC_FORMAT_MACROS "-DPyMODINIT_FUNC=extern \"C\" __attribute__((visibility (\"default\"))) PyObject*" -DGRPC_POSIX_FORK_ALLOW_PTHREAD_ATFORK=1 -Isrc/python/grpcio -Iinclude -I. -Ithird_party/abseil-cpp -Ithird_party/address_sorting/include -Ithird_party/cares/cares/include -Ithird_party/cares -Ithird_party/cares/cares -Ithird_party/cares/cares/src/lib/include -Ithird_party/cares/cares/src/lib -Ithird_party/cares/config_linux -Ithird_party/re2 -Ithird_party/boringssl-with-bazel/src/include -Ithird_party/upb -Isrc/core/ext/upb-gen -Isrc/core/ext/upbdefs-gen -Ithird_party/utf8_range -Ithird_party/xxhash -Ithird_party/zlib -I/usr/local/google/home/ssreenithi/.pyenv/versions/3.12.0/envs/pyvenv_312/include -I/usr/local/google/home/ssreenithi/.pyenv/versions/3.12.0/include/python3.12 -c src/core/util/time.cc -o pyb/temp.linux-x86_64-cpython-312/src/core/util/time.o -std=c++17 -fvisibility=hidden -fno-wrapv -fno-exceptions -pthread
      g++ -fno-strict-overflow -Wsign-compare -DNDEBUG -g -O3 -Wall -fPIC -D_WIN32_WINNT=1536 -DGRPC_XDS_USER_AGENT_NAME_SUFFIX=\"Python\" -DGRPC_XDS_USER_AGENT_VERSION_SUFFIX=\"1.79.0.dev0\" -DHAVE_CONFIG_H=1 -DGRPC_ENABLE_FORK_SUPPORT=1 -DGRPC_ENABLE_FORK_SUPPORT_DEFAULT=false -DGRPC_PYTHON_BUILD=1 -D__STDC_FORMAT_MACROS "-DPyMODINIT_FUNC=extern \"C\" __attribute__((visibility (\"default\"))) PyObject*" -DGRPC_POSIX_FORK_ALLOW_PTHREAD_ATFORK=1 -Isrc/python/grpcio -Iinclude -I. -Ithird_party/abseil-cpp -Ithird_party/address_sorting/include -Ithird_party/cares/cares/include -Ithird_party/cares -Ithird_party/cares/cares -Ithird_party/cares/cares/src/lib/include -Ithird_party/cares/cares/src/lib -Ithird_party/cares/config_linux -Ithird_party/re2 -Ithird_party/boringssl-with-bazel/src/include -Ithird_party/upb -Isrc/core/ext/upb-gen -Isrc/core/ext/upbdefs-gen -Ithird_party/utf8_range -Ithird_party/xxhash -Ithird_party/zlib -I/usr/local/google/home/ssreenithi/.pyenv/versions/3.12.0/envs/pyvenv_312/include -I/usr/local/google/home/ssreenithi/.pyenv/versions/3.12.0/include/python3.12 -c src/core/util/wait_for_single_owner.cc -o pyb/temp.linux-x86_64-cpython-312/src/core/util/wait_for_single_owner.o -std=c++17 -fvisibility=hidden -fno-wrapv -fno-exceptions -pthread
      g++ -fno-strict-overflow -Wsign-compare -DNDEBUG -g -O3 -Wall -fPIC -D_WIN32_WINNT=1536 -DGRPC_XDS_USER_AGENT_NAME_SUFFIX=\"Python\" -DGRPC_XDS_USER_AGENT_VERSION_SUFFIX=\"1.79.0.dev0\" -DHAVE_CONFIG_H=1 -DGRPC_ENABLE_FORK_SUPPORT=1 -DGRPC_ENABLE_FORK_SUPPORT_DEFAULT=false -DGRPC_PYTHON_BUILD=1 -D__STDC_FORMAT_MACROS "-DPyMODINIT_FUNC=extern \"C\" __attribute__((visibility (\"default\"))) PyObject*" -DGRPC_POSIX_FORK_ALLOW_PTHREAD_ATFORK=1 -Isrc/python/grpcio -Iinclude -I. -Ithird_party/abseil-cpp -Ithird_party/address_sorting/include -Ithird_party/cares/cares/include -Ithird_party/cares -Ithird_party/cares/cares -Ithird_party/cares/cares/src/lib/include -Ithird_party/cares/cares/src/lib -Ithird_party/cares/config_linux -Ithird_party/re2 -Ithird_party/boringssl-with-bazel/src/include -Ithird_party/upb -Isrc/core/ext/upb-gen -Isrc/core/ext/upbdefs-gen -Ithird_party/utf8_range -Ithird_party/xxhash -Ithird_party/zlib -I/usr/local/google/home/ssreenithi/.pyenv/versions/3.12.0/envs/pyvenv_312/include -I/usr/local/google/home/ssreenithi/.pyenv/versions/3.12.0/include/python3.12 -c src/core/tsi/alts/frame_protector/alts_record_protocol_crypter_common.cc -o pyb/temp.linux-x86_64-cpython-312/src/core/tsi/alts/frame_protector/alts_record_protocol_crypter_common.o -std=c++17 -fvisibility=hidden -fno-wrapv -fno-exceptions -pthread
      g++ -fno-strict-overflow -Wsign-compare -DNDEBUG -g -O3 -Wall -fPIC -D_WIN32_WINNT=1536 -DGRPC_XDS_USER_AGENT_NAME_SUFFIX=\"Python\" -DGRPC_XDS_USER_AGENT_VERSION_SUFFIX=\"1.79.0.dev0\" -DHAVE_CONFIG_H=1 -DGRPC_ENABLE_FORK_SUPPORT=1 -DGRPC_ENABLE_FORK_SUPPORT_DEFAULT=false -DGRPC_PYTHON_BUILD=1 -D__STDC_FORMAT_MACROS "-DPyMODINIT_FUNC=extern \"C\" __attribute__((visibility (\"default\"))) PyObject*" -DGRPC_POSIX_FORK_ALLOW_PTHREAD_ATFORK=1 -Isrc/python/grpcio -Iinclude -I. -Ithird_party/abseil-cpp -Ithird_party/address_sorting/include -Ithird_party/cares/cares/include -Ithird_party/cares -Ithird_party/cares/cares -Ithird_party/cares/cares/src/lib/include -Ithird_party/cares/cares/src/lib -Ithird_party/cares/config_linux -Ithird_party/re2 -Ithird_party/boringssl-with-bazel/src/include -Ithird_party/upb -Isrc/core/ext/upb-gen -Isrc/core/ext/upbdefs-gen -Ithird_party/utf8_range -Ithird_party/xxhash -Ithird_party/zlib -I/usr/local/google/home/ssreenithi/.pyenv/versions/3.12.0/envs/pyvenv_312/include -I/usr/local/google/home/ssreenithi/.pyenv/versions/3.12.0/include/python3.12 -c src/core/lib/event_engine/posix_engine/wakeup_fd_posix_default.cc -o pyb/temp.linux-x86_64-cpython-312/src/core/lib/event_engine/posix_engine/wakeup_fd_posix_default.o -std=c++17 -fvisibility=hidden -fno-wrapv -fno-exceptions -pthread
      g++ -fno-strict-overflow -Wsign-compare -DNDEBUG -g -O3 -Wall -fPIC -D_WIN32_WINNT=1536 -DGRPC_XDS_USER_AGENT_NAME_SUFFIX=\"Python\" -DGRPC_XDS_USER_AGENT_VERSION_SUFFIX=\"1.79.0.dev0\" -DHAVE_CONFIG_H=1 -DGRPC_ENABLE_FORK_SUPPORT=1 -DGRPC_ENABLE_FORK_SUPPORT_DEFAULT=false -DGRPC_PYTHON_BUILD=1 -D__STDC_FORMAT_MACROS "-DPyMODINIT_FUNC=extern \"C\" __attribute__((visibility (\"default\"))) PyObject*" -DGRPC_POSIX_FORK_ALLOW_PTHREAD_ATFORK=1 -Isrc/python/grpcio -Iinclude -I. -Ithird_party/abseil-cpp -Ithird_party/address_sorting/include -Ithird_party/cares/cares/include -Ithird_party/cares -Ithird_party/cares/cares -Ithird_party/cares/cares/src/lib/include -Ithird_party/cares/cares/src/lib -Ithird_party/cares/config_linux -Ithird_party/re2 -Ithird_party/boringssl-with-bazel/src/include -Ithird_party/upb -Isrc/core/ext/upb-gen -Isrc/core/ext/upbdefs-gen -Ithird_party/utf8_range -Ithird_party/xxhash -Ithird_party/zlib -I/usr/local/google/home/ssreenithi/.pyenv/versions/3.12.0/envs/pyvenv_312/include -I/usr/local/google/home/ssreenithi/.pyenv/versions/3.12.0/include/python3.12 -c src/core/util/crash.cc -o pyb/temp.linux-x86_64-cpython-312/src/core/util/crash.o -std=c++17 -fvisibility=hidden -fno-wrapv -fno-exceptions -pthread
      g++ -fno-strict-overflow -Wsign-compare -DNDEBUG -g -O3 -Wall -fPIC -D_WIN32_WINNT=1536 -DGRPC_XDS_USER_AGENT_NAME_SUFFIX=\"Python\" -DGRPC_XDS_USER_AGENT_VERSION_SUFFIX=\"1.79.0.dev0\" -DHAVE_CONFIG_H=1 -DGRPC_ENABLE_FORK_SUPPORT=1 -DGRPC_ENABLE_FORK_SUPPORT_DEFAULT=false -DGRPC_PYTHON_BUILD=1 -D__STDC_FORMAT_MACROS "-DPyMODINIT_FUNC=extern \"C\" __attribute__((visibility (\"default\"))) PyObject*" -DGRPC_POSIX_FORK_ALLOW_PTHREAD_ATFORK=1 -Isrc/python/grpcio -Iinclude -I. -Ithird_party/abseil-cpp -Ithird_party/address_sorting/include -Ithird_party/cares/cares/include -Ithird_party/cares -Ithird_party/cares/cares -Ithird_party/cares/cares/src/lib/include -Ithird_party/cares/cares/src/lib -Ithird_party/cares/config_linux -Ithird_party/re2 -Ithird_party/boringssl-with-bazel/src/include -Ithird_party/upb -Isrc/core/ext/upb-gen -Isrc/core/ext/upbdefs-gen -Ithird_party/utf8_range -Ithird_party/xxhash -Ithird_party/zlib -I/usr/local/google/home/ssreenithi/.pyenv/versions/3.12.0/envs/pyvenv_312/include -I/usr/local/google/home/ssreenithi/.pyenv/versions/3.12.0/include/python3.12 -c src/core/util/status_helper.cc -o pyb/temp.linux-x86_64-cpython-312/src/core/util/status_helper.o -std=c++17 -fvisibility=hidden -fno-wrapv -fno-exceptions -pthread
      g++ -fno-strict-overflow -Wsign-compare -DNDEBUG -g -O3 -Wall -fPIC -D_WIN32_WINNT=1536 -DGRPC_XDS_USER_AGENT_NAME_SUFFIX=\"Python\" -DGRPC_XDS_USER_AGENT_VERSION_SUFFIX=\"1.79.0.dev0\" -DHAVE_CONFIG_H=1 -DGRPC_ENABLE_FORK_SUPPORT=1 -DGRPC_ENABLE_FORK_SUPPORT_DEFAULT=false -DGRPC_PYTHON_BUILD=1 -D__STDC_FORMAT_MACROS "-DPyMODINIT_FUNC=extern \"C\" __attribute__((visibility (\"default\"))) PyObject*" -DGRPC_POSIX_FORK_ALLOW_PTHREAD_ATFORK=1 -Isrc/python/grpcio -Iinclude -I. -Ithird_party/abseil-cpp -Ithird_party/address_sorting/include -Ithird_party/cares/cares/include -Ithird_party/cares -Ithird_party/cares/cares -Ithird_party/cares/cares/src/lib/include -Ithird_party/cares/cares/src/lib -Ithird_party/cares/config_linux -Ithird_party/re2 -Ithird_party/boringssl-with-bazel/src/include -Ithird_party/upb -Isrc/core/ext/upb-gen -Isrc/core/ext/upbdefs-gen -Ithird_party/utf8_range -Ithird_party/xxhash -Ithird_party/zlib -I/usr/local/google/home/ssreenithi/.pyenv/versions/3.12.0/envs/pyvenv_312/include -I/usr/local/google/home/ssreenithi/.pyenv/versions/3.12.0/include/python3.12 -c src/core/lib/event_engine/posix_engine/tcp_socket_utils.cc -o pyb/temp.linux-x86_64-cpython-312/src/core/lib/event_engine/posix_engine/tcp_socket_utils.o -std=c++17 -fvisibility=hidden -fno-wrapv -fno-exceptions -pthread
      g++ -fno-strict-overflow -Wsign-compare -DNDEBUG -g -O3 -Wall -fPIC -D_WIN32_WINNT=1536 -DGRPC_XDS_USER_AGENT_NAME_SUFFIX=\"Python\" -DGRPC_XDS_USER_AGENT_VERSION_SUFFIX=\"1.79.0.dev0\" -DHAVE_CONFIG_H=1 -DGRPC_ENABLE_FORK_SUPPORT=1 -DGRPC_ENABLE_FORK_SUPPORT_DEFAULT=false -DGRPC_PYTHON_BUILD=1 -D__STDC_FORMAT_MACROS "-DPyMODINIT_FUNC=extern \"C\" __attribute__((visibility (\"default\"))) PyObject*" -DGRPC_POSIX_FORK_ALLOW_PTHREAD_ATFORK=1 -Isrc/python/grpcio -Iinclude -I. -Ithird_party/abseil-cpp -Ithird_party/address_sorting/include -Ithird_party/cares/cares/include -Ithird_party/cares -Ithird_party/cares/cares -Ithird_party/cares/cares/src/lib/include -Ithird_party/cares/cares/src/lib -Ithird_party/cares/config_linux -Ithird_party/re2 -Ithird_party/boringssl-with-bazel/src/include -Ithird_party/upb -Isrc/core/ext/upb-gen -Isrc/core/ext/upbdefs-gen -Ithird_party/utf8_range -Ithird_party/xxhash -Ithird_party/zlib -I/usr/local/google/home/ssreenithi/.pyenv/versions/3.12.0/envs/pyvenv_312/include -I/usr/local/google/home/ssreenithi/.pyenv/versions/3.12.0/include/python3.12 -c src/core/telemetry/metrics.cc -o pyb/temp.linux-x86_64-cpython-312/src/core/telemetry/metrics.o -std=c++17 -fvisibility=hidden -fno-wrapv -fno-exceptions -pthread
      g++ -fno-strict-overflow -Wsign-compare -DNDEBUG -g -O3 -Wall -fPIC -D_WIN32_WINNT=1536 -DGRPC_XDS_USER_AGENT_NAME_SUFFIX=\"Python\" -DGRPC_XDS_USER_AGENT_VERSION_SUFFIX=\"1.79.0.dev0\" -DHAVE_CONFIG_H=1 -DGRPC_ENABLE_FORK_SUPPORT=1 -DGRPC_ENABLE_FORK_SUPPORT_DEFAULT=false -DGRPC_PYTHON_BUILD=1 -D__STDC_FORMAT_MACROS "-DPyMODINIT_FUNC=extern \"C\" __attribute__((visibility (\"default\"))) PyObject*" -DGRPC_POSIX_FORK_ALLOW_PTHREAD_ATFORK=1 -Isrc/python/grpcio -Iinclude -I. -Ithird_party/abseil-cpp -Ithird_party/address_sorting/include -Ithird_party/cares/cares/include -Ithird_party/cares -Ithird_party/cares/cares -Ithird_party/cares/cares/src/lib/include -Ithird_party/cares/cares/src/lib -Ithird_party/cares/config_linux -Ithird_party/re2 -Ithird_party/boringssl-with-bazel/src/include -Ithird_party/upb -Isrc/core/ext/upb-gen -Isrc/core/ext/upbdefs-gen -Ithird_party/utf8_range -Ithird_party/xxhash -Ithird_party/zlib -I/usr/local/google/home/ssreenithi/.pyenv/versions/3.12.0/envs/pyvenv_312/include -I/usr/local/google/home/ssreenithi/.pyenv/versions/3.12.0/include/python3.12 -c src/core/tsi/ssl/session_cache/ssl_session_cache.cc -o pyb/temp.linux-x86_64-cpython-312/src/core/tsi/ssl/session_cache/ssl_session_cache.o -std=c++17 -fvisibility=hidden -fno-wrapv -fno-exceptions -pthread
      In file included from ./src/core/lib/promise/activity.h:30,
                       from ./src/core/lib/resource_quota/memory_quota.h:39,
                       from ./src/core/lib/resource_quota/arena.h:39,
                       from ./src/core/util/chunked_vector.h:24,
                       from ./src/core/call/metadata_batch.h:41,
                       from src/core/filter/auth/server_auth_filter.cc:33:
      ./src/core/lib/promise/detail/promise_factory.h:210:5: warning: ‘always_inline’ function might not be inlinable unless also declared ‘inline’ [-Wattributes]
        210 |     PromiseFactoryImpl(Token, F&& f) {
            |     ^~~~~~~~~~~~~~~~~~
      ./src/core/lib/promise/detail/promise_factory.h:210:5: warning: ‘always_inline’ function might not be inlinable unless also declared ‘inline’ [-Wattributes]
      ./src/core/lib/promise/detail/promise_factory.h:210:5: warning: ‘always_inline’ function might not be inlinable unless also declared ‘inline’ [-Wattributes]
      ./src/core/lib/promise/detail/promise_factory.h:210:5: warning: ‘always_inline’ function might not be inlinable unless also declared ‘inline’ [-Wattributes]
      ./src/core/lib/promise/detail/promise_factory.h:210:5: warning: ‘always_inline’ function might not be inlinable unless also declared ‘inline’ [-Wattributes]
      ./src/core/lib/promise/detail/promise_factory.h:210:5: warning: ‘always_inline’ function might not be inlinable unless also declared ‘inline’ [-Wattributes]
      ./src/core/lib/promise/detail/promise_factory.h:210:5: warning: ‘always_inline’ function might not be inlinable unless also declared ‘inline’ [-Wattributes]
      ./src/core/lib/promise/detail/promise_factory.h:210:5: warning: ‘always_inline’ function might not be inlinable unless also declared ‘inline’ [-Wattributes]
      ./src/core/lib/promise/detail/promise_factory.h:210:5: warning: ‘always_inline’ function might not be inlinable unless also declared ‘inline’ [-Wattributes]
      ./src/core/lib/promise/detail/promise_factory.h:210:5: warning: ‘always_inline’ function might not be inlinable unless also declared ‘inline’ [-Wattributes]
      ./src/core/lib/promise/detail/promise_factory.h:210:5: warning: ‘always_inline’ function might not be inlinable unless also declared ‘inline’ [-Wattributes]
      ./src/core/lib/promise/detail/promise_factory.h:210:5: warning: ‘always_inline’ function might not be inlinable unless also declared ‘inline’ [-Wattributes]
      ./src/core/lib/promise/detail/promise_factory.h:210:5: warning: ‘always_inline’ function might not be inlinable unless also declared ‘inline’ [-Wattributes]
      ./src/core/lib/promise/detail/promise_factory.h:210:5: warning: ‘always_inline’ function might not be inlinable unless also declared ‘inline’ [-Wattributes]
      ./src/core/lib/promise/detail/promise_factory.h:210:5: warning: ‘always_inline’ function might not be inlinable unless also declared ‘inline’ [-Wattributes]
      ./src/core/lib/promise/detail/promise_factory.h:210:5: warning: ‘always_inline’ function might not be inlinable unless also declared ‘inline’ [-Wattributes]
      g++ -fno-strict-overflow -Wsign-compare -DNDEBUG -g -O3 -Wall -fPIC -D_WIN32_WINNT=1536 -DGRPC_XDS_USER_AGENT_NAME_SUFFIX=\"Python\" -DGRPC_XDS_USER_AGENT_VERSION_SUFFIX=\"1.79.0.dev0\" -DHAVE_CONFIG_H=1 -DGRPC_ENABLE_FORK_SUPPORT=1 -DGRPC_ENABLE_FORK_SUPPORT_DEFAULT=false -DGRPC_PYTHON_BUILD=1 -D__STDC_FORMAT_MACROS "-DPyMODINIT_FUNC=extern \"C\" __attribute__((visibility (\"default\"))) PyObject*" -DGRPC_POSIX_FORK_ALLOW_PTHREAD_ATFORK=1 -Isrc/python/grpcio -Iinclude -I. -Ithird_party/abseil-cpp -Ithird_party/address_sorting/include -Ithird_party/cares/cares/include -Ithird_party/cares -Ithird_party/cares/cares -Ithird_party/cares/cares/src/lib/include -Ithird_party/cares/cares/src/lib -Ithird_party/cares/config_linux -Ithird_party/re2 -Ithird_party/boringssl-with-bazel/src/include -Ithird_party/upb -Isrc/core/ext/upb-gen -Isrc/core/ext/upbdefs-gen -Ithird_party/utf8_range -Ithird_party/xxhash -Ithird_party/zlib -I/usr/local/google/home/ssreenithi/.pyenv/versions/3.12.0/envs/pyvenv_312/include -I/usr/local/google/home/ssreenithi/.pyenv/versions/3.12.0/include/python3.12 -c src/core/util/windows/sync.cc -o pyb/temp.linux-x86_64-cpython-312/src/core/util/windows/sync.o -std=c++17 -fvisibility=hidden -fno-wrapv -fno-exceptions -pthread
      g++ -fno-strict-overflow -Wsign-compare -DNDEBUG -g -O3 -Wall -fPIC -D_WIN32_WINNT=1536 -DGRPC_XDS_USER_AGENT_NAME_SUFFIX=\"Python\" -DGRPC_XDS_USER_AGENT_VERSION_SUFFIX=\"1.79.0.dev0\" -DHAVE_CONFIG_H=1 -DGRPC_ENABLE_FORK_SUPPORT=1 -DGRPC_ENABLE_FORK_SUPPORT_DEFAULT=false -DGRPC_PYTHON_BUILD=1 -D__STDC_FORMAT_MACROS "-DPyMODINIT_FUNC=extern \"C\" __attribute__((visibility (\"default\"))) PyObject*" -DGRPC_POSIX_FORK_ALLOW_PTHREAD_ATFORK=1 -Isrc/python/grpcio -Iinclude -I. -Ithird_party/abseil-cpp -Ithird_party/address_sorting/include -Ithird_party/cares/cares/include -Ithird_party/cares -Ithird_party/cares/cares -Ithird_party/cares/cares/src/lib/include -Ithird_party/cares/cares/src/lib -Ithird_party/cares/config_linux -Ithird_party/re2 -Ithird_party/boringssl-with-bazel/src/include -Ithird_party/upb -Isrc/core/ext/upb-gen -Isrc/core/ext/upbdefs-gen -Ithird_party/utf8_range -Ithird_party/xxhash -Ithird_party/zlib -I/usr/local/google/home/ssreenithi/.pyenv/versions/3.12.0/envs/pyvenv_312/include -I/usr/local/google/home/ssreenithi/.pyenv/versions/3.12.0/include/python3.12 -c src/core/util/windows/thd.cc -o pyb/temp.linux-x86_64-cpython-312/src/core/util/windows/thd.o -std=c++17 -fvisibility=hidden -fno-wrapv -fno-exceptions -pthread
      g++ -fno-strict-overflow -Wsign-compare -DNDEBUG -g -O3 -Wall -fPIC -D_WIN32_WINNT=1536 -DGRPC_XDS_USER_AGENT_NAME_SUFFIX=\"Python\" -DGRPC_XDS_USER_AGENT_VERSION_SUFFIX=\"1.79.0.dev0\" -DHAVE_CONFIG_H=1 -DGRPC_ENABLE_FORK_SUPPORT=1 -DGRPC_ENABLE_FORK_SUPPORT_DEFAULT=false -DGRPC_PYTHON_BUILD=1 -D__STDC_FORMAT_MACROS "-DPyMODINIT_FUNC=extern \"C\" __attribute__((visibility (\"default\"))) PyObject*" -DGRPC_POSIX_FORK_ALLOW_PTHREAD_ATFORK=1 -Isrc/python/grpcio -Iinclude -I. -Ithird_party/abseil-cpp -Ithird_party/address_sorting/include -Ithird_party/cares/cares/include -Ithird_party/cares -Ithird_party/cares/cares -Ithird_party/cares/cares/src/lib/include -Ithird_party/cares/cares/src/lib -Ithird_party/cares/config_linux -Ithird_party/re2 -Ithird_party/boringssl-with-bazel/src/include -Ithird_party/upb -Isrc/core/ext/upb-gen -Isrc/core/ext/upbdefs-gen -Ithird_party/utf8_range -Ithird_party/xxhash -Ithird_party/zlib -I/usr/local/google/home/ssreenithi/.pyenv/versions/3.12.0/envs/pyvenv_312/include -I/usr/local/google/home/ssreenithi/.pyenv/versions/3.12.0/include/python3.12 -c src/core/tsi/alts/zero_copy_frame_protector/alts_iovec_record_protocol.cc -o pyb/temp.linux-x86_64-cpython-312/src/core/tsi/alts/zero_copy_frame_protector/alts_iovec_record_protocol.o -std=c++17 -fvisibility=hidden -fno-wrapv -fno-exceptions -pthread
      g++ -fno-strict-overflow -Wsign-compare -DNDEBUG -g -O3 -Wall -fPIC -D_WIN32_WINNT=1536 -DGRPC_XDS_USER_AGENT_NAME_SUFFIX=\"Python\" -DGRPC_XDS_USER_AGENT_VERSION_SUFFIX=\"1.79.0.dev0\" -DHAVE_CONFIG_H=1 -DGRPC_ENABLE_FORK_SUPPORT=1 -DGRPC_ENABLE_FORK_SUPPORT_DEFAULT=false -DGRPC_PYTHON_BUILD=1 -D__STDC_FORMAT_MACROS "-DPyMODINIT_FUNC=extern \"C\" __attribute__((visibility (\"default\"))) PyObject*" -DGRPC_POSIX_FORK_ALLOW_PTHREAD_ATFORK=1 -Isrc/python/grpcio -Iinclude -I. -Ithird_party/abseil-cpp -Ithird_party/address_sorting/include -Ithird_party/cares/cares/include -Ithird_party/cares -Ithird_party/cares/cares -Ithird_party/cares/cares/src/lib/include -Ithird_party/cares/cares/src/lib -Ithird_party/cares/config_linux -Ithird_party/re2 -Ithird_party/boringssl-with-bazel/src/include -Ithird_party/upb -Isrc/core/ext/upb-gen -Isrc/core/ext/upbdefs-gen -Ithird_party/utf8_range -Ithird_party/xxhash -Ithird_party/zlib -I/usr/local/google/home/ssreenithi/.pyenv/versions/3.12.0/envs/pyvenv_312/include -I/usr/local/google/home/ssreenithi/.pyenv/versions/3.12.0/include/python3.12 -c src/core/ext/filters/gcp_authentication/gcp_authentication_service_config_parser.cc -o pyb/temp.linux-x86_64-cpython-312/src/core/ext/filters/gcp_authentication/gcp_authentication_service_config_parser.o -std=c++17 -fvisibility=hidden -fno-wrapv -fno-exceptions -pthread
      g++ -fno-strict-overflow -Wsign-compare -DNDEBUG -g -O3 -Wall -fPIC -D_WIN32_WINNT=1536 -DGRPC_XDS_USER_AGENT_NAME_SUFFIX=\"Python\" -DGRPC_XDS_USER_AGENT_VERSION_SUFFIX=\"1.79.0.dev0\" -DHAVE_CONFIG_H=1 -DGRPC_ENABLE_FORK_SUPPORT=1 -DGRPC_ENABLE_FORK_SUPPORT_DEFAULT=false -DGRPC_PYTHON_BUILD=1 -D__STDC_FORMAT_MACROS "-DPyMODINIT_FUNC=extern \"C\" __attribute__((visibility (\"default\"))) PyObject*" -DGRPC_POSIX_FORK_ALLOW_PTHREAD_ATFORK=1 -Isrc/python/grpcio -Iinclude -I. -Ithird_party/abseil-cpp -Ithird_party/address_sorting/include -Ithird_party/cares/cares/include -Ithird_party/cares -Ithird_party/cares/cares -Ithird_party/cares/cares/src/lib/include -Ithird_party/cares/cares/src/lib -Ithird_party/cares/config_linux -Ithird_party/re2 -Ithird_party/boringssl-with-bazel/src/include -Ithird_party/upb -Isrc/core/ext/upb-gen -Isrc/core/ext/upbdefs-gen -Ithird_party/utf8_range -Ithird_party/xxhash -Ithird_party/zlib -I/usr/local/google/home/ssreenithi/.pyenv/versions/3.12.0/envs/pyvenv_312/include -I/usr/local/google/home/ssreenithi/.pyenv/versions/3.12.0/include/python3.12 -c src/core/util/windows/time.cc -o pyb/temp.linux-x86_64-cpython-312/src/core/util/windows/time.o -std=c++17 -fvisibility=hidden -fno-wrapv -fno-exceptions -pthread
      g++ -fno-strict-overflow -Wsign-compare -DNDEBUG -g -O3 -Wall -fPIC -D_WIN32_WINNT=1536 -DGRPC_XDS_USER_AGENT_NAME_SUFFIX=\"Python\" -DGRPC_XDS_USER_AGENT_VERSION_SUFFIX=\"1.79.0.dev0\" -DHAVE_CONFIG_H=1 -DGRPC_ENABLE_FORK_SUPPORT=1 -DGRPC_ENABLE_FORK_SUPPORT_DEFAULT=false -DGRPC_PYTHON_BUILD=1 -D__STDC_FORMAT_MACROS "-DPyMODINIT_FUNC=extern \"C\" __attribute__((visibility (\"default\"))) PyObject*" -DGRPC_POSIX_FORK_ALLOW_PTHREAD_ATFORK=1 -Isrc/python/grpcio -Iinclude -I. -Ithird_party/abseil-cpp -Ithird_party/address_sorting/include -Ithird_party/cares/cares/include -Ithird_party/cares -Ithird_party/cares/cares -Ithird_party/cares/cares/src/lib/include -Ithird_party/cares/cares/src/lib -Ithird_party/cares/config_linux -Ithird_party/re2 -Ithird_party/boringssl-with-bazel/src/include -Ithird_party/upb -Isrc/core/ext/upb-gen -Isrc/core/ext/upbdefs-gen -Ithird_party/utf8_range -Ithird_party/xxhash -Ithird_party/zlib -I/usr/local/google/home/ssreenithi/.pyenv/versions/3.12.0/envs/pyvenv_312/include -I/usr/local/google/home/ssreenithi/.pyenv/versions/3.12.0/include/python3.12 -c src/core/util/windows/tmpfile.cc -o pyb/temp.linux-x86_64-cpython-312/src/core/util/windows/tmpfile.o -std=c++17 -fvisibility=hidden -fno-wrapv -fno-exceptions -pthread
      g++ -fno-strict-overflow -Wsign-compare -DNDEBUG -g -O3 -Wall -fPIC -D_WIN32_WINNT=1536 -DGRPC_XDS_USER_AGENT_NAME_SUFFIX=\"Python\" -DGRPC_XDS_USER_AGENT_VERSION_SUFFIX=\"1.79.0.dev0\" -DHAVE_CONFIG_H=1 -DGRPC_ENABLE_FORK_SUPPORT=1 -DGRPC_ENABLE_FORK_SUPPORT_DEFAULT=false -DGRPC_PYTHON_BUILD=1 -D__STDC_FORMAT_MACROS "-DPyMODINIT_FUNC=extern \"C\" __attribute__((visibility (\"default\"))) PyObject*" -DGRPC_POSIX_FORK_ALLOW_PTHREAD_ATFORK=1 -Isrc/python/grpcio -Iinclude -I. -Ithird_party/abseil-cpp -Ithird_party/address_sorting/include -Ithird_party/cares/cares/include -Ithird_party/cares -Ithird_party/cares/cares -Ithird_party/cares/cares/src/lib/include -Ithird_party/cares/cares/src/lib -Ithird_party/cares/config_linux -Ithird_party/re2 -Ithird_party/boringssl-with-bazel/src/include -Ithird_party/upb -Isrc/core/ext/upb-gen -Isrc/core/ext/upbdefs-gen -Ithird_party/utf8_range -Ithird_party/xxhash -Ithird_party/zlib -I/usr/local/google/home/ssreenithi/.pyenv/versions/3.12.0/envs/pyvenv_312/include -I/usr/local/google/home/ssreenithi/.pyenv/versions/3.12.0/include/python3.12 -c src/core/util/work_serializer.cc -o pyb/temp.linux-x86_64-cpython-312/src/core/util/work_serializer.o -std=c++17 -fvisibility=hidden -fno-wrapv -fno-exceptions -pthread
      In file included from ./src/core/lib/promise/activity.h:30,
                       from ./src/core/lib/resource_quota/memory_quota.h:39,
                       from ./src/core/lib/resource_quota/arena.h:39,
                       from ./src/core/lib/promise/arena_promise.h:28,
                       from ./src/core/credentials/transport/security_connector.h:36,
                       from ./src/core/credentials/transport/local/local_security_connector.h:26,
                       from src/core/credentials/transport/local/local_security_connector.cc:19:
      ./src/core/lib/promise/detail/promise_factory.h:210:5: warning: ‘always_inline’ function might not be inlinable unless also declared ‘inline’ [-Wattributes]
        210 |     PromiseFactoryImpl(Token, F&& f) {
            |     ^~~~~~~~~~~~~~~~~~
      ./src/core/lib/promise/detail/promise_factory.h:210:5: warning: ‘always_inline’ function might not be inlinable unless also declared ‘inline’ [-Wattributes]
      ./src/core/lib/promise/detail/promise_factory.h:210:5: warning: ‘always_inline’ function might not be inlinable unless also declared ‘inline’ [-Wattributes]
      ./src/core/lib/promise/detail/promise_factory.h:210:5: warning: ‘always_inline’ function might not be inlinable unless also declared ‘inline’ [-Wattributes]
      ./src/core/lib/promise/detail/promise_factory.h:210:5: warning: ‘always_inline’ function might not be inlinable unless also declared ‘inline’ [-Wattributes]
      ./src/core/lib/promise/detail/promise_factory.h:210:5: warning: ‘always_inline’ function might not be inlinable unless also declared ‘inline’ [-Wattributes]
      ./src/core/lib/promise/detail/promise_factory.h:210:5: warning: ‘always_inline’ function might not be inlinable unless also declared ‘inline’ [-Wattributes]
      g++ -fno-strict-overflow -Wsign-compare -DNDEBUG -g -O3 -Wall -fPIC -D_WIN32_WINNT=1536 -DGRPC_XDS_USER_AGENT_NAME_SUFFIX=\"Python\" -DGRPC_XDS_USER_AGENT_VERSION_SUFFIX=\"1.79.0.dev0\" -DHAVE_CONFIG_H=1 -DGRPC_ENABLE_FORK_SUPPORT=1 -DGRPC_ENABLE_FORK_SUPPORT_DEFAULT=false -DGRPC_PYTHON_BUILD=1 -D__STDC_FORMAT_MACROS "-DPyMODINIT_FUNC=extern \"C\" __attribute__((visibility (\"default\"))) PyObject*" -DGRPC_POSIX_FORK_ALLOW_PTHREAD_ATFORK=1 -Isrc/python/grpcio -Iinclude -I. -Ithird_party/abseil-cpp -Ithird_party/address_sorting/include -Ithird_party/cares/cares/include -Ithird_party/cares -Ithird_party/cares/cares -Ithird_party/cares/cares/src/lib/include -Ithird_party/cares/cares/src/lib -Ithird_party/cares/config_linux -Ithird_party/re2 -Ithird_party/boringssl-with-bazel/src/include -Ithird_party/upb -Isrc/core/ext/upb-gen -Isrc/core/ext/upbdefs-gen -Ithird_party/utf8_range -Ithird_party/xxhash -Ithird_party/zlib -I/usr/local/google/home/ssreenithi/.pyenv/versions/3.12.0/envs/pyvenv_312/include -I/usr/local/google/home/ssreenithi/.pyenv/versions/3.12.0/include/python3.12 -c src/core/util/postmortem_emit.cc -o pyb/temp.linux-x86_64-cpython-312/src/core/util/postmortem_emit.o -std=c++17 -fvisibility=hidden -fno-wrapv -fno-exceptions -pthread
      In file included from ./src/core/lib/promise/activity.h:30,
                       from ./src/core/call/call_state.h:23,
                       from ./src/core/call/call_filters.h:26,
                       from ./src/core/lib/surface/channel_init.h:31,
                       from ./src/core/config/core_configuration.h:29,
                       from src/core/config/core_configuration.cc:15:
      ./src/core/lib/promise/detail/promise_factory.h:210:5: warning: ‘always_inline’ function might not be inlinable unless also declared ‘inline’ [-Wattributes]
        210 |     PromiseFactoryImpl(Token, F&& f) {
            |     ^~~~~~~~~~~~~~~~~~
      ./src/core/lib/promise/detail/promise_factory.h:210:5: warning: ‘always_inline’ function might not be inlinable unless also declared ‘inline’ [-Wattributes]
      ./src/core/lib/promise/detail/promise_factory.h:210:5: warning: ‘always_inline’ function might not be inlinable unless also declared ‘inline’ [-Wattributes]
      ./src/core/lib/promise/detail/promise_factory.h:210:5: warning: ‘always_inline’ function might not be inlinable unless also declared ‘inline’ [-Wattributes]
      ./src/core/lib/promise/detail/promise_factory.h:210:5: warning: ‘always_inline’ function might not be inlinable unless also declared ‘inline’ [-Wattributes]
      ./src/core/lib/promise/detail/promise_factory.h:210:5: warning: ‘always_inline’ function might not be inlinable unless also declared ‘inline’ [-Wattributes]
      ./src/core/lib/promise/detail/promise_factory.h:210:5: warning: ‘always_inline’ function might not be inlinable unless also declared ‘inline’ [-Wattributes]
      In file included from ./src/core/lib/promise/activity.h:36,
                       from ./src/core/lib/resource_quota/memory_quota.h:39,
                       from ./src/core/lib/event_engine/extensions/chaotic_good_extension.h:20,
                       from ./src/core/lib/event_engine/posix.h:24,
                       from ./src/core/lib/event_engine/posix_engine/posix_endpoint.h:32,
                       from src/core/lib/event_engine/posix_engine/posix_endpoint.cc:14:
      In member function ‘grpc_core::latent_see::Bin::AppendResult grpc_core::latent_see::Bin::Append(const grpc_core::latent_see::Metadata*, int64_t, int64_t)’,
          inlined from ‘void grpc_core::latent_see::Appender::Append(const grpc_core::latent_see::Metadata*, int64_t, int64_t)’ at ./src/core/util/latent_see.h:269:28,
          inlined from ‘grpc_core::latent_see::Scope::~Scope()’ at ./src/core/util/latent_see.h:337:21,
          inlined from ‘grpc_event_engine::experimental::PosixErrorOr<long int> grpc_event_engine::experimental::{anonymous}::TcpSend(grpc_event_engine::experimental::EventEnginePosixInterface*, const grpc_event_engine::experimental::FileDescriptor&, const msghdr*, int*, int)’ at src/core/lib/event_engine/posix_engine/posix_endpoint.cc:111:1,
          inlined from ‘bool grpc_event_engine::experimental::PosixEndpointImpl::WriteWithTimestamps(msghdr*, size_t, grpc_event_engine::experimental::PosixErrorOr<long int>*, int*, int)’ at src/core/lib/event_engine/posix_engine/posix_endpoint.cc:900:41:
      ./src/core/util/latent_see.h:177:25: warning: ‘latent_see_scope_102.grpc_core::latent_see::Scope::timestamp_begin_’ may be used uninitialized [-Wmaybe-uninitialized]
        177 |     ev->timestamp_begin = timestamp_begin;
            |     ~~~~~~~~~~~~~~~~~~~~^~~~~~~~~~~~~~~~~
      src/core/lib/event_engine/posix_engine/posix_endpoint.cc: In member function ‘bool grpc_event_engine::experimental::PosixEndpointImpl::WriteWithTimestamps(msghdr*, size_t, grpc_event_engine::experimental::PosixErrorOr<long int>*, int*, int)’:
      ./src/core/util/latent_see.h:477:55: note: ‘latent_see_scope_102.grpc_core::latent_see::Scope::timestamp_begin_’ was declared here
        477 |   grpc_core::latent_see::Scope GRPC_LATENT_SEE_SYMBOL(latent_see_scope)( \
            |                                                       ^~~~~~~~~~~~~~~~
      ./src/core/util/latent_see.h:448:45: note: in definition of macro ‘GRPC_LATENT_SEE_SYMBOL2’
        448 | #define GRPC_LATENT_SEE_SYMBOL2(name, line) name##_##line
            |                                             ^~~~
      ./src/core/util/latent_see.h:450:38: note: in expansion of macro ‘GRPC_LATENT_SEE_SYMBOL1’
        450 | #define GRPC_LATENT_SEE_SYMBOL(name) GRPC_LATENT_SEE_SYMBOL1(name, __LINE__)
            |                                      ^~~~~~~~~~~~~~~~~~~~~~~
      ./src/core/util/latent_see.h:477:32: note: in expansion of macro ‘GRPC_LATENT_SEE_SYMBOL’
        477 |   grpc_core::latent_see::Scope GRPC_LATENT_SEE_SYMBOL(latent_see_scope)( \
            |                                ^~~~~~~~~~~~~~~~~~~~~~
      src/core/lib/event_engine/posix_engine/posix_endpoint.cc:102:3: note: in expansion of macro ‘GRPC_LATENT_SEE_ALWAYS_ON_SCOPE’
        102 |   GRPC_LATENT_SEE_ALWAYS_ON_SCOPE("TcpSend");
            |   ^~~~~~~~~~~~~~~~~~~~~~~~~~~~~~~
      g++ -fno-strict-overflow -Wsign-compare -DNDEBUG -g -O3 -Wall -fPIC -D_WIN32_WINNT=1536 -DGRPC_XDS_USER_AGENT_NAME_SUFFIX=\"Python\" -DGRPC_XDS_USER_AGENT_VERSION_SUFFIX=\"1.79.0.dev0\" -DHAVE_CONFIG_H=1 -DGRPC_ENABLE_FORK_SUPPORT=1 -DGRPC_ENABLE_FORK_SUPPORT_DEFAULT=false -DGRPC_PYTHON_BUILD=1 -D__STDC_FORMAT_MACROS "-DPyMODINIT_FUNC=extern \"C\" __attribute__((visibility (\"default\"))) PyObject*" -DGRPC_POSIX_FORK_ALLOW_PTHREAD_ATFORK=1 -Isrc/python/grpcio -Iinclude -I. -Ithird_party/abseil-cpp -Ithird_party/address_sorting/include -Ithird_party/cares/cares/include -Ithird_party/cares -Ithird_party/cares/cares -Ithird_party/cares/cares/src/lib/include -Ithird_party/cares/cares/src/lib -Ithird_party/cares/config_linux -Ithird_party/re2 -Ithird_party/boringssl-with-bazel/src/include -Ithird_party/upb -Isrc/core/ext/upb-gen -Isrc/core/ext/upbdefs-gen -Ithird_party/utf8_range -Ithird_party/xxhash -Ithird_party/zlib -I/usr/local/google/home/ssreenithi/.pyenv/versions/3.12.0/envs/pyvenv_312/include -I/usr/local/google/home/ssreenithi/.pyenv/versions/3.12.0/include/python3.12 -c src/core/credentials/transport/tls/grpc_tls_certificate_verifier.cc -o pyb/temp.linux-x86_64-cpython-312/src/core/credentials/transport/tls/grpc_tls_certificate_verifier.o -std=c++17 -fvisibility=hidden -fno-wrapv -fno-exceptions -pthread
      In file included from ./src/core/lib/promise/activity.h:30,
                       from ./src/core/lib/resource_quota/memory_quota.h:39,
                       from ./src/core/lib/resource_quota/arena.h:39,
                       from ./src/core/lib/promise/arena_promise.h:28,
                       from ./src/core/lib/channel/channel_stack.h:59,
                       from ./src/core/lib/surface/call.h:32,
                       from src/core/lib/surface/call_log_batch.cc:31:
      ./src/core/lib/promise/detail/promise_factory.h:210:5: warning: ‘always_inline’ function might not be inlinable unless also declared ‘inline’ [-Wattributes]
        210 |     PromiseFactoryImpl(Token, F&& f) {
            |     ^~~~~~~~~~~~~~~~~~
      ./src/core/lib/promise/detail/promise_factory.h:210:5: warning: ‘always_inline’ function might not be inlinable unless also declared ‘inline’ [-Wattributes]
      ./src/core/lib/promise/detail/promise_factory.h:210:5: warning: ‘always_inline’ function might not be inlinable unless also declared ‘inline’ [-Wattributes]
      ./src/core/lib/promise/detail/promise_factory.h:210:5: warning: ‘always_inline’ function might not be inlinable unless also declared ‘inline’ [-Wattributes]
      ./src/core/lib/promise/detail/promise_factory.h:210:5: warning: ‘always_inline’ function might not be inlinable unless also declared ‘inline’ [-Wattributes]
      ./src/core/lib/promise/detail/promise_factory.h:210:5: warning: ‘always_inline’ function might not be inlinable unless also declared ‘inline’ [-Wattributes]
      ./src/core/lib/promise/detail/promise_factory.h:210:5: warning: ‘always_inline’ function might not be inlinable unless also declared ‘inline’ [-Wattributes]
      In file included from ./src/core/lib/promise/activity.h:30,
                       from ./src/core/lib/resource_quota/memory_quota.h:39,
                       from ./src/core/lib/resource_quota/arena.h:39,
                       from ./src/core/lib/promise/arena_promise.h:28,
                       from ./src/core/credentials/transport/security_connector.h:36,
                       from ./src/core/credentials/call/call_credentials.h:31,
                       from ./src/core/credentials/call/composite/composite_call_credentials.h:32,
                       from src/core/credentials/call/composite/composite_call_credentials.cc:19:
      ./src/core/lib/promise/detail/promise_factory.h:210:5: warning: ‘always_inline’ function might not be inlinable unless also declared ‘inline’ [-Wattributes]
        210 |     PromiseFactoryImpl(Token, F&& f) {
            |     ^~~~~~~~~~~~~~~~~~
      ./src/core/lib/promise/detail/promise_factory.h:210:5: warning: ‘always_inline’ function might not be inlinable unless also declared ‘inline’ [-Wattributes]
      ./src/core/lib/promise/detail/promise_factory.h:210:5: warning: ‘always_inline’ function might not be inlinable unless also declared ‘inline’ [-Wattributes]
      g++ -fno-strict-overflow -Wsign-compare -DNDEBUG -g -O3 -Wall -fPIC -D_WIN32_WINNT=1536 -DGRPC_XDS_USER_AGENT_NAME_SUFFIX=\"Python\" -DGRPC_XDS_USER_AGENT_VERSION_SUFFIX=\"1.79.0.dev0\" -DHAVE_CONFIG_H=1 -DGRPC_ENABLE_FORK_SUPPORT=1 -DGRPC_ENABLE_FORK_SUPPORT_DEFAULT=false -DGRPC_PYTHON_BUILD=1 -D__STDC_FORMAT_MACROS "-DPyMODINIT_FUNC=extern \"C\" __attribute__((visibility (\"default\"))) PyObject*" -DGRPC_POSIX_FORK_ALLOW_PTHREAD_ATFORK=1 -Isrc/python/grpcio -Iinclude -I. -Ithird_party/abseil-cpp -Ithird_party/address_sorting/include -Ithird_party/cares/cares/include -Ithird_party/cares -Ithird_party/cares/cares -Ithird_party/cares/cares/src/lib/include -Ithird_party/cares/cares/src/lib -Ithird_party/cares/config_linux -Ithird_party/re2 -Ithird_party/boringssl-with-bazel/src/include -Ithird_party/upb -Isrc/core/ext/upb-gen -Isrc/core/ext/upbdefs-gen -Ithird_party/utf8_range -Ithird_party/xxhash -Ithird_party/zlib -I/usr/local/google/home/ssreenithi/.pyenv/versions/3.12.0/envs/pyvenv_312/include -I/usr/local/google/home/ssreenithi/.pyenv/versions/3.12.0/include/python3.12 -c src/core/util/dump_args.cc -o pyb/temp.linux-x86_64-cpython-312/src/core/util/dump_args.o -std=c++17 -fvisibility=hidden -fno-wrapv -fno-exceptions -pthread
      ./src/core/lib/promise/detail/promise_factory.h:210:5: warning: ‘always_inline’ function might not be inlinable unless also declared ‘inline’ [-Wattributes]
      ./src/core/lib/promise/detail/promise_factory.h:210:5: warning: ‘always_inline’ function might not be inlinable unless also declared ‘inline’ [-Wattributes]
      ./src/core/lib/promise/detail/promise_factory.h:210:5: warning: ‘always_inline’ function might not be inlinable unless also declared ‘inline’ [-Wattributes]
      ./src/core/lib/promise/detail/promise_factory.h:210:5: warning: ‘always_inline’ function might not be inlinable unless also declared ‘inline’ [-Wattributes]
      In file included from ./src/core/call/metadata.h:21,
                       from ./src/core/call/call_filters.h:28,
                       from ./src/core/call/call_spine.h:21,
                       from ./src/core/call/call_destination.h:20,
                       from ./src/core/lib/transport/transport.h:36,
                       from ./src/core/credentials/call/call_credentials.h:35:
      ./src/core/lib/promise/try_seq.h:380:43: warning: ‘always_inline’ function might not be inlinable unless also declared ‘inline’ [-Wattributes]
        380 | GPR_ATTRIBUTE_ALWAYS_INLINE_FUNCTION auto TrySeqIter(Iter begin, Iter end,
            |                                           ^~~~~~~~~~
      g++ -fno-strict-overflow -Wsign-compare -DNDEBUG -g -O3 -Wall -fPIC -D_WIN32_WINNT=1536 -DGRPC_XDS_USER_AGENT_NAME_SUFFIX=\"Python\" -DGRPC_XDS_USER_AGENT_VERSION_SUFFIX=\"1.79.0.dev0\" -DHAVE_CONFIG_H=1 -DGRPC_ENABLE_FORK_SUPPORT=1 -DGRPC_ENABLE_FORK_SUPPORT_DEFAULT=false -DGRPC_PYTHON_BUILD=1 -D__STDC_FORMAT_MACROS "-DPyMODINIT_FUNC=extern \"C\" __attribute__((visibility (\"default\"))) PyObject*" -DGRPC_POSIX_FORK_ALLOW_PTHREAD_ATFORK=1 -Isrc/python/grpcio -Iinclude -I. -Ithird_party/abseil-cpp -Ithird_party/address_sorting/include -Ithird_party/cares/cares/include -Ithird_party/cares -Ithird_party/cares/cares -Ithird_party/cares/cares/src/lib/include -Ithird_party/cares/cares/src/lib -Ithird_party/cares/config_linux -Ithird_party/re2 -Ithird_party/boringssl-with-bazel/src/include -Ithird_party/upb -Isrc/core/ext/upb-gen -Isrc/core/ext/upbdefs-gen -Ithird_party/utf8_range -Ithird_party/xxhash -Ithird_party/zlib -I/usr/local/google/home/ssreenithi/.pyenv/versions/3.12.0/envs/pyvenv_312/include -I/usr/local/google/home/ssreenithi/.pyenv/versions/3.12.0/include/python3.12 -c src/core/util/posix/string.cc -o pyb/temp.linux-x86_64-cpython-312/src/core/util/posix/string.o -std=c++17 -fvisibility=hidden -fno-wrapv -fno-exceptions -pthread
      In file included from ./src/core/lib/promise/activity.h:30,
                       from ./src/core/call/call_state.h:23,
                       from ./src/core/call/call_filters.h:26,
                       from ./src/core/lib/surface/channel_init.h:31,
                       from ./src/core/config/core_configuration.h:29,
                       from src/core/resolver/google_c2p/google_c2p_resolver.cc:28:
      ./src/core/lib/promise/detail/promise_factory.h:210:5: warning: ‘always_inline’ function might not be inlinable unless also declared ‘inline’ [-Wattributes]
        210 |     PromiseFactoryImpl(Token, F&& f) {
            |     ^~~~~~~~~~~~~~~~~~
      ./src/core/lib/promise/detail/promise_factory.h:210:5: warning: ‘always_inline’ function might not be inlinable unless also declared ‘inline’ [-Wattributes]
      ./src/core/lib/promise/detail/promise_factory.h:210:5: warning: ‘always_inline’ function might not be inlinable unless also declared ‘inline’ [-Wattributes]
      ./src/core/lib/promise/detail/promise_factory.h:210:5: warning: ‘always_inline’ function might not be inlinable unless also declared ‘inline’ [-Wattributes]
      ./src/core/lib/promise/detail/promise_factory.h:210:5: warning: ‘always_inline’ function might not be inlinable unless also declared ‘inline’ [-Wattributes]
      ./src/core/lib/promise/detail/promise_factory.h:210:5: warning: ‘always_inline’ function might not be inlinable unless also declared ‘inline’ [-Wattributes]
      ./src/core/lib/promise/detail/promise_factory.h:210:5: warning: ‘always_inline’ function might not be inlinable unless also declared ‘inline’ [-Wattributes]
      g++ -fno-strict-overflow -Wsign-compare -DNDEBUG -g -O3 -Wall -fPIC -D_WIN32_WINNT=1536 -DGRPC_XDS_USER_AGENT_NAME_SUFFIX=\"Python\" -DGRPC_XDS_USER_AGENT_VERSION_SUFFIX=\"1.79.0.dev0\" -DHAVE_CONFIG_H=1 -DGRPC_ENABLE_FORK_SUPPORT=1 -DGRPC_ENABLE_FORK_SUPPORT_DEFAULT=false -DGRPC_PYTHON_BUILD=1 -D__STDC_FORMAT_MACROS "-DPyMODINIT_FUNC=extern \"C\" __attribute__((visibility (\"default\"))) PyObject*" -DGRPC_POSIX_FORK_ALLOW_PTHREAD_ATFORK=1 -Isrc/python/grpcio -Iinclude -I. -Ithird_party/abseil-cpp -Ithird_party/address_sorting/include -Ithird_party/cares/cares/include -Ithird_party/cares -Ithird_party/cares/cares -Ithird_party/cares/cares/src/lib/include -Ithird_party/cares/cares/src/lib -Ithird_party/cares/config_linux -Ithird_party/re2 -Ithird_party/boringssl-with-bazel/src/include -Ithird_party/upb -Isrc/core/ext/upb-gen -Isrc/core/ext/upbdefs-gen -Ithird_party/utf8_range -Ithird_party/xxhash -Ithird_party/zlib -I/usr/local/google/home/ssreenithi/.pyenv/versions/3.12.0/envs/pyvenv_312/include -I/usr/local/google/home/ssreenithi/.pyenv/versions/3.12.0/include/python3.12 -c src/core/ext/filters/rbac/rbac_filter.cc -o pyb/temp.linux-x86_64-cpython-312/src/core/ext/filters/rbac/rbac_filter.o -std=c++17 -fvisibility=hidden -fno-wrapv -fno-exceptions -pthread
      g++ -fno-strict-overflow -Wsign-compare -DNDEBUG -g -O3 -Wall -fPIC -D_WIN32_WINNT=1536 -DGRPC_XDS_USER_AGENT_NAME_SUFFIX=\"Python\" -DGRPC_XDS_USER_AGENT_VERSION_SUFFIX=\"1.79.0.dev0\" -DHAVE_CONFIG_H=1 -DGRPC_ENABLE_FORK_SUPPORT=1 -DGRPC_ENABLE_FORK_SUPPORT_DEFAULT=false -DGRPC_PYTHON_BUILD=1 -D__STDC_FORMAT_MACROS "-DPyMODINIT_FUNC=extern \"C\" __attribute__((visibility (\"default\"))) PyObject*" -DGRPC_POSIX_FORK_ALLOW_PTHREAD_ATFORK=1 -Isrc/python/grpcio -Iinclude -I. -Ithird_party/abseil-cpp -Ithird_party/address_sorting/include -Ithird_party/cares/cares/include -Ithird_party/cares -Ithird_party/cares/cares -Ithird_party/cares/cares/src/lib/include -Ithird_party/cares/cares/src/lib -Ithird_party/cares/config_linux -Ithird_party/re2 -Ithird_party/boringssl-with-bazel/src/include -Ithird_party/upb -Isrc/core/ext/upb-gen -Isrc/core/ext/upbdefs-gen -Ithird_party/utf8_range -Ithird_party/xxhash -Ithird_party/zlib -I/usr/local/google/home/ssreenithi/.pyenv/versions/3.12.0/envs/pyvenv_312/include -I/usr/local/google/home/ssreenithi/.pyenv/versions/3.12.0/include/python3.12 -c src/core/xds/grpc/xds_audit_logger_registry.cc -o pyb/temp.linux-x86_64-cpython-312/src/core/xds/grpc/xds_audit_logger_registry.o -std=c++17 -fvisibility=hidden -fno-wrapv -fno-exceptions -pthread
      g++ -fno-strict-overflow -Wsign-compare -DNDEBUG -g -O3 -Wall -fPIC -D_WIN32_WINNT=1536 -DGRPC_XDS_USER_AGENT_NAME_SUFFIX=\"Python\" -DGRPC_XDS_USER_AGENT_VERSION_SUFFIX=\"1.79.0.dev0\" -DHAVE_CONFIG_H=1 -DGRPC_ENABLE_FORK_SUPPORT=1 -DGRPC_ENABLE_FORK_SUPPORT_DEFAULT=false -DGRPC_PYTHON_BUILD=1 -D__STDC_FORMAT_MACROS "-DPyMODINIT_FUNC=extern \"C\" __attribute__((visibility (\"default\"))) PyObject*" -DGRPC_POSIX_FORK_ALLOW_PTHREAD_ATFORK=1 -Isrc/python/grpcio -Iinclude -I. -Ithird_party/abseil-cpp -Ithird_party/address_sorting/include -Ithird_party/cares/cares/include -Ithird_party/cares -Ithird_party/cares/cares -Ithird_party/cares/cares/src/lib/include -Ithird_party/cares/cares/src/lib -Ithird_party/cares/config_linux -Ithird_party/re2 -Ithird_party/boringssl-with-bazel/src/include -Ithird_party/upb -Isrc/core/ext/upb-gen -Isrc/core/ext/upbdefs-gen -Ithird_party/utf8_range -Ithird_party/xxhash -Ithird_party/zlib -I/usr/local/google/home/ssreenithi/.pyenv/versions/3.12.0/envs/pyvenv_312/include -I/usr/local/google/home/ssreenithi/.pyenv/versions/3.12.0/include/python3.12 -c src/core/util/linux/cpu.cc -o pyb/temp.linux-x86_64-cpython-312/src/core/util/linux/cpu.o -std=c++17 -fvisibility=hidden -fno-wrapv -fno-exceptions -pthread
      g++ -fno-strict-overflow -Wsign-compare -DNDEBUG -g -O3 -Wall -fPIC -D_WIN32_WINNT=1536 -DGRPC_XDS_USER_AGENT_NAME_SUFFIX=\"Python\" -DGRPC_XDS_USER_AGENT_VERSION_SUFFIX=\"1.79.0.dev0\" -DHAVE_CONFIG_H=1 -DGRPC_ENABLE_FORK_SUPPORT=1 -DGRPC_ENABLE_FORK_SUPPORT_DEFAULT=false -DGRPC_PYTHON_BUILD=1 -D__STDC_FORMAT_MACROS "-DPyMODINIT_FUNC=extern \"C\" __attribute__((visibility (\"default\"))) PyObject*" -DGRPC_POSIX_FORK_ALLOW_PTHREAD_ATFORK=1 -Isrc/python/grpcio -Iinclude -I. -Ithird_party/abseil-cpp -Ithird_party/address_sorting/include -Ithird_party/cares/cares/include -Ithird_party/cares -Ithird_party/cares/cares -Ithird_party/cares/cares/src/lib/include -Ithird_party/cares/cares/src/lib -Ithird_party/cares/config_linux -Ithird_party/re2 -Ithird_party/boringssl-with-bazel/src/include -Ithird_party/upb -Isrc/core/ext/upb-gen -Isrc/core/ext/upbdefs-gen -Ithird_party/utf8_range -Ithird_party/xxhash -Ithird_party/zlib -I/usr/local/google/home/ssreenithi/.pyenv/versions/3.12.0/envs/pyvenv_312/include -I/usr/local/google/home/ssreenithi/.pyenv/versions/3.12.0/include/python3.12 -c src/core/lib/promise/sleep.cc -o pyb/temp.linux-x86_64-cpython-312/src/core/lib/promise/sleep.o -std=c++17 -fvisibility=hidden -fno-wrapv -fno-exceptions -pthread
      g++ -fno-strict-overflow -Wsign-compare -DNDEBUG -g -O3 -Wall -fPIC -D_WIN32_WINNT=1536 -DGRPC_XDS_USER_AGENT_NAME_SUFFIX=\"Python\" -DGRPC_XDS_USER_AGENT_VERSION_SUFFIX=\"1.79.0.dev0\" -DHAVE_CONFIG_H=1 -DGRPC_ENABLE_FORK_SUPPORT=1 -DGRPC_ENABLE_FORK_SUPPORT_DEFAULT=false -DGRPC_PYTHON_BUILD=1 -D__STDC_FORMAT_MACROS "-DPyMODINIT_FUNC=extern \"C\" __attribute__((visibility (\"default\"))) PyObject*" -DGRPC_POSIX_FORK_ALLOW_PTHREAD_ATFORK=1 -Isrc/python/grpcio -Iinclude -I. -Ithird_party/abseil-cpp -Ithird_party/address_sorting/include -Ithird_party/cares/cares/include -Ithird_party/cares -Ithird_party/cares/cares -Ithird_party/cares/cares/src/lib/include -Ithird_party/cares/cares/src/lib -Ithird_party/cares/config_linux -Ithird_party/re2 -Ithird_party/boringssl-with-bazel/src/include -Ithird_party/upb -Isrc/core/ext/upb-gen -Isrc/core/ext/upbdefs-gen -Ithird_party/utf8_range -Ithird_party/xxhash -Ithird_party/zlib -I/usr/local/google/home/ssreenithi/.pyenv/versions/3.12.0/envs/pyvenv_312/include -I/usr/local/google/home/ssreenithi/.pyenv/versions/3.12.0/include/python3.12 -c src/core/util/windows/cpu.cc -o pyb/temp.linux-x86_64-cpython-312/src/core/util/windows/cpu.o -std=c++17 -fvisibility=hidden -fno-wrapv -fno-exceptions -pthread
      g++ -fno-strict-overflow -Wsign-compare -DNDEBUG -g -O3 -Wall -fPIC -D_WIN32_WINNT=1536 -DGRPC_XDS_USER_AGENT_NAME_SUFFIX=\"Python\" -DGRPC_XDS_USER_AGENT_VERSION_SUFFIX=\"1.79.0.dev0\" -DHAVE_CONFIG_H=1 -DGRPC_ENABLE_FORK_SUPPORT=1 -DGRPC_ENABLE_FORK_SUPPORT_DEFAULT=false -DGRPC_PYTHON_BUILD=1 -D__STDC_FORMAT_MACROS "-DPyMODINIT_FUNC=extern \"C\" __attribute__((visibility (\"default\"))) PyObject*" -DGRPC_POSIX_FORK_ALLOW_PTHREAD_ATFORK=1 -Isrc/python/grpcio -Iinclude -I. -Ithird_party/abseil-cpp -Ithird_party/address_sorting/include -Ithird_party/cares/cares/include -Ithird_party/cares -Ithird_party/cares/cares -Ithird_party/cares/cares/src/lib/include -Ithird_party/cares/cares/src/lib -Ithird_party/cares/config_linux -Ithird_party/re2 -Ithird_party/boringssl-with-bazel/src/include -Ithird_party/upb -Isrc/core/ext/upb-gen -Isrc/core/ext/upbdefs-gen -Ithird_party/utf8_range -Ithird_party/xxhash -Ithird_party/zlib -I/usr/local/google/home/ssreenithi/.pyenv/versions/3.12.0/envs/pyvenv_312/include -I/usr/local/google/home/ssreenithi/.pyenv/versions/3.12.0/include/python3.12 -c src/core/ext/transport/chttp2/server/chttp2_server.cc -o pyb/temp.linux-x86_64-cpython-312/src/core/ext/transport/chttp2/server/chttp2_server.o -std=c++17 -fvisibility=hidden -fno-wrapv -fno-exceptions -pthread
      g++ -fno-strict-overflow -Wsign-compare -DNDEBUG -g -O3 -Wall -fPIC -D_WIN32_WINNT=1536 -DGRPC_XDS_USER_AGENT_NAME_SUFFIX=\"Python\" -DGRPC_XDS_USER_AGENT_VERSION_SUFFIX=\"1.79.0.dev0\" -DHAVE_CONFIG_H=1 -DGRPC_ENABLE_FORK_SUPPORT=1 -DGRPC_ENABLE_FORK_SUPPORT_DEFAULT=false -DGRPC_PYTHON_BUILD=1 -D__STDC_FORMAT_MACROS "-DPyMODINIT_FUNC=extern \"C\" __attribute__((visibility (\"default\"))) PyObject*" -DGRPC_POSIX_FORK_ALLOW_PTHREAD_ATFORK=1 -Isrc/python/grpcio -Iinclude -I. -Ithird_party/abseil-cpp -Ithird_party/address_sorting/include -Ithird_party/cares/cares/include -Ithird_party/cares -Ithird_party/cares/cares -Ithird_party/cares/cares/src/lib/include -Ithird_party/cares/cares/src/lib -Ithird_party/cares/config_linux -Ithird_party/re2 -Ithird_party/boringssl-with-bazel/src/include -Ithird_party/upb -Isrc/core/ext/upb-gen -Isrc/core/ext/upbdefs-gen -Ithird_party/utf8_range -Ithird_party/xxhash -Ithird_party/zlib -I/usr/local/google/home/ssreenithi/.pyenv/versions/3.12.0/envs/pyvenv_312/include -I/usr/local/google/home/ssreenithi/.pyenv/versions/3.12.0/include/python3.12 -c src/core/util/windows/directory_reader.cc -o pyb/temp.linux-x86_64-cpython-312/src/core/util/windows/directory_reader.o -std=c++17 -fvisibility=hidden -fno-wrapv -fno-exceptions -pthread
      g++ -fno-strict-overflow -Wsign-compare -DNDEBUG -g -O3 -Wall -fPIC -D_WIN32_WINNT=1536 -DGRPC_XDS_USER_AGENT_NAME_SUFFIX=\"Python\" -DGRPC_XDS_USER_AGENT_VERSION_SUFFIX=\"1.79.0.dev0\" -DHAVE_CONFIG_H=1 -DGRPC_ENABLE_FORK_SUPPORT=1 -DGRPC_ENABLE_FORK_SUPPORT_DEFAULT=false -DGRPC_PYTHON_BUILD=1 -D__STDC_FORMAT_MACROS "-DPyMODINIT_FUNC=extern \"C\" __attribute__((visibility (\"default\"))) PyObject*" -DGRPC_POSIX_FORK_ALLOW_PTHREAD_ATFORK=1 -Isrc/python/grpcio -Iinclude -I. -Ithird_party/abseil-cpp -Ithird_party/address_sorting/include -Ithird_party/cares/cares/include -Ithird_party/cares -Ithird_party/cares/cares -Ithird_party/cares/cares/src/lib/include -Ithird_party/cares/cares/src/lib -Ithird_party/cares/config_linux -Ithird_party/re2 -Ithird_party/boringssl-with-bazel/src/include -Ithird_party/upb -Isrc/core/ext/upb-gen -Isrc/core/ext/upbdefs-gen -Ithird_party/utf8_range -Ithird_party/xxhash -Ithird_party/zlib -I/usr/local/google/home/ssreenithi/.pyenv/versions/3.12.0/envs/pyvenv_312/include -I/usr/local/google/home/ssreenithi/.pyenv/versions/3.12.0/include/python3.12 -c src/core/util/windows/env.cc -o pyb/temp.linux-x86_64-cpython-312/src/core/util/windows/env.o -std=c++17 -fvisibility=hidden -fno-wrapv -fno-exceptions -pthread
      In file included from ./src/core/lib/promise/activity.h:30,
                       from ./src/core/lib/resource_quota/memory_quota.h:39,
                       from ./src/core/lib/resource_quota/resource_quota.h:26,
                       from ./src/core/util/http_client/httpcli.h:43,
                       from ./src/core/util/gcp_metadata_query.h:27,
                       from src/core/util/gcp_metadata_query.cc:19:
      ./src/core/lib/promise/detail/promise_factory.h:210:5: warning: ‘always_inline’ function might not be inlinable unless also declared ‘inline’ [-Wattributes]
        210 |     PromiseFactoryImpl(Token, F&& f) {
            |     ^~~~~~~~~~~~~~~~~~
      ./src/core/lib/promise/detail/promise_factory.h:210:5: warning: ‘always_inline’ function might not be inlinable unless also declared ‘inline’ [-Wattributes]
      ./src/core/lib/promise/detail/promise_factory.h:210:5: warning: ‘always_inline’ function might not be inlinable unless also declared ‘inline’ [-Wattributes]
      ./src/core/lib/promise/detail/promise_factory.h:210:5: warning: ‘always_inline’ function might not be inlinable unless also declared ‘inline’ [-Wattributes]
      ./src/core/lib/promise/detail/promise_factory.h:210:5: warning: ‘always_inline’ function might not be inlinable unless also declared ‘inline’ [-Wattributes]
      ./src/core/lib/promise/detail/promise_factory.h:210:5: warning: ‘always_inline’ function might not be inlinable unless also declared ‘inline’ [-Wattributes]
      ./src/core/lib/promise/detail/promise_factory.h:210:5: warning: ‘always_inline’ function might not be inlinable unless also declared ‘inline’ [-Wattributes]
      In file included from ./src/core/lib/promise/activity.h:30,
                       from ./src/core/lib/resource_quota/memory_quota.h:39,
                       from ./src/core/lib/resource_quota/arena.h:39,
                       from ./src/core/util/chunked_vector.h:24,
                       from ./src/core/call/metadata_batch.h:41,
                       from ./src/core/client_channel/retry_filter_legacy_call_data.h:28,
                       from src/core/client_channel/retry_filter_legacy_call_data.cc:15:
      ./src/core/lib/promise/detail/promise_factory.h:210:5: warning: ‘always_inline’ function might not be inlinable unless also declared ‘inline’ [-Wattributes]
        210 |     PromiseFactoryImpl(Token, F&& f) {
            |     ^~~~~~~~~~~~~~~~~~
      ./src/core/lib/promise/detail/promise_factory.h:210:5: warning: ‘always_inline’ function might not be inlinable unless also declared ‘inline’ [-Wattributes]
      ./src/core/lib/promise/detail/promise_factory.h:210:5: warning: ‘always_inline’ function might not be inlinable unless also declared ‘inline’ [-Wattributes]
      ./src/core/lib/promise/detail/promise_factory.h:210:5: warning: ‘always_inline’ function might not be inlinable unless also declared ‘inline’ [-Wattributes]
      ./src/core/lib/promise/detail/promise_factory.h:210:5: warning: ‘always_inline’ function might not be inlinable unless also declared ‘inline’ [-Wattributes]
      ./src/core/lib/promise/detail/promise_factory.h:210:5: warning: ‘always_inline’ function might not be inlinable unless also declared ‘inline’ [-Wattributes]
      ./src/core/lib/promise/detail/promise_factory.h:210:5: warning: ‘always_inline’ function might not be inlinable unless also declared ‘inline’ [-Wattributes]
      g++ -fno-strict-overflow -Wsign-compare -DNDEBUG -g -O3 -Wall -fPIC -D_WIN32_WINNT=1536 -DGRPC_XDS_USER_AGENT_NAME_SUFFIX=\"Python\" -DGRPC_XDS_USER_AGENT_VERSION_SUFFIX=\"1.79.0.dev0\" -DHAVE_CONFIG_H=1 -DGRPC_ENABLE_FORK_SUPPORT=1 -DGRPC_ENABLE_FORK_SUPPORT_DEFAULT=false -DGRPC_PYTHON_BUILD=1 -D__STDC_FORMAT_MACROS "-DPyMODINIT_FUNC=extern \"C\" __attribute__((visibility (\"default\"))) PyObject*" -DGRPC_POSIX_FORK_ALLOW_PTHREAD_ATFORK=1 -Isrc/python/grpcio -Iinclude -I. -Ithird_party/abseil-cpp -Ithird_party/address_sorting/include -Ithird_party/cares/cares/include -Ithird_party/cares -Ithird_party/cares/cares -Ithird_party/cares/cares/src/lib/include -Ithird_party/cares/cares/src/lib -Ithird_party/cares/config_linux -Ithird_party/re2 -Ithird_party/boringssl-with-bazel/src/include -Ithird_party/upb -Isrc/core/ext/upb-gen -Isrc/core/ext/upbdefs-gen -Ithird_party/utf8_range -Ithird_party/xxhash -Ithird_party/zlib -I/usr/local/google/home/ssreenithi/.pyenv/versions/3.12.0/envs/pyvenv_312/include -I/usr/local/google/home/ssreenithi/.pyenv/versions/3.12.0/include/python3.12 -c src/core/tsi/alts/zero_copy_frame_protector/alts_zero_copy_grpc_protector.cc -o pyb/temp.linux-x86_64-cpython-312/src/core/tsi/alts/zero_copy_frame_protector/alts_zero_copy_grpc_protector.o -std=c++17 -fvisibility=hidden -fno-wrapv -fno-exceptions -pthread
      g++ -fno-strict-overflow -Wsign-compare -DNDEBUG -g -O3 -Wall -fPIC -D_WIN32_WINNT=1536 -DGRPC_XDS_USER_AGENT_NAME_SUFFIX=\"Python\" -DGRPC_XDS_USER_AGENT_VERSION_SUFFIX=\"1.79.0.dev0\" -DHAVE_CONFIG_H=1 -DGRPC_ENABLE_FORK_SUPPORT=1 -DGRPC_ENABLE_FORK_SUPPORT_DEFAULT=false -DGRPC_PYTHON_BUILD=1 -D__STDC_FORMAT_MACROS "-DPyMODINIT_FUNC=extern \"C\" __attribute__((visibility (\"default\"))) PyObject*" -DGRPC_POSIX_FORK_ALLOW_PTHREAD_ATFORK=1 -Isrc/python/grpcio -Iinclude -I. -Ithird_party/abseil-cpp -Ithird_party/address_sorting/include -Ithird_party/cares/cares/include -Ithird_party/cares -Ithird_party/cares/cares -Ithird_party/cares/cares/src/lib/include -Ithird_party/cares/cares/src/lib -Ithird_party/cares/config_linux -Ithird_party/re2 -Ithird_party/boringssl-with-bazel/src/include -Ithird_party/upb -Isrc/core/ext/upb-gen -Isrc/core/ext/upbdefs-gen -Ithird_party/utf8_range -Ithird_party/xxhash -Ithird_party/zlib -I/usr/local/google/home/ssreenithi/.pyenv/versions/3.12.0/envs/pyvenv_312/include -I/usr/local/google/home/ssreenithi/.pyenv/versions/3.12.0/include/python3.12 -c src/core/util/windows/stat.cc -o pyb/temp.linux-x86_64-cpython-312/src/core/util/windows/stat.o -std=c++17 -fvisibility=hidden -fno-wrapv -fno-exceptions -pthread
      g++ -fno-strict-overflow -Wsign-compare -DNDEBUG -g -O3 -Wall -fPIC -D_WIN32_WINNT=1536 -DGRPC_XDS_USER_AGENT_NAME_SUFFIX=\"Python\" -DGRPC_XDS_USER_AGENT_VERSION_SUFFIX=\"1.79.0.dev0\" -DHAVE_CONFIG_H=1 -DGRPC_ENABLE_FORK_SUPPORT=1 -DGRPC_ENABLE_FORK_SUPPORT_DEFAULT=false -DGRPC_PYTHON_BUILD=1 -D__STDC_FORMAT_MACROS "-DPyMODINIT_FUNC=extern \"C\" __attribute__((visibility (\"default\"))) PyObject*" -DGRPC_POSIX_FORK_ALLOW_PTHREAD_ATFORK=1 -Isrc/python/grpcio -Iinclude -I. -Ithird_party/abseil-cpp -Ithird_party/address_sorting/include -Ithird_party/cares/cares/include -Ithird_party/cares -Ithird_party/cares/cares -Ithird_party/cares/cares/src/lib/include -Ithird_party/cares/cares/src/lib -Ithird_party/cares/config_linux -Ithird_party/re2 -Ithird_party/boringssl-with-bazel/src/include -Ithird_party/upb -Isrc/core/ext/upb-gen -Isrc/core/ext/upbdefs-gen -Ithird_party/utf8_range -Ithird_party/xxhash -Ithird_party/zlib -I/usr/local/google/home/ssreenithi/.pyenv/versions/3.12.0/envs/pyvenv_312/include -I/usr/local/google/home/ssreenithi/.pyenv/versions/3.12.0/include/python3.12 -c src/core/util/time_averaged_stats.cc -o pyb/temp.linux-x86_64-cpython-312/src/core/util/time_averaged_stats.o -std=c++17 -fvisibility=hidden -fno-wrapv -fno-exceptions -pthread
      g++ -fno-strict-overflow -Wsign-compare -DNDEBUG -g -O3 -Wall -fPIC -D_WIN32_WINNT=1536 -DGRPC_XDS_USER_AGENT_NAME_SUFFIX=\"Python\" -DGRPC_XDS_USER_AGENT_VERSION_SUFFIX=\"1.79.0.dev0\" -DHAVE_CONFIG_H=1 -DGRPC_ENABLE_FORK_SUPPORT=1 -DGRPC_ENABLE_FORK_SUPPORT_DEFAULT=false -DGRPC_PYTHON_BUILD=1 -D__STDC_FORMAT_MACROS "-DPyMODINIT_FUNC=extern \"C\" __attribute__((visibility (\"default\"))) PyObject*" -DGRPC_POSIX_FORK_ALLOW_PTHREAD_ATFORK=1 -Isrc/python/grpcio -Iinclude -I. -Ithird_party/abseil-cpp -Ithird_party/address_sorting/include -Ithird_party/cares/cares/include -Ithird_party/cares -Ithird_party/cares/cares -Ithird_party/cares/cares/src/lib/include -Ithird_party/cares/cares/src/lib -Ithird_party/cares/config_linux -Ithird_party/re2 -Ithird_party/boringssl-with-bazel/src/include -Ithird_party/upb -Isrc/core/ext/upb-gen -Isrc/core/ext/upbdefs-gen -Ithird_party/utf8_range -Ithird_party/xxhash -Ithird_party/zlib -I/usr/local/google/home/ssreenithi/.pyenv/versions/3.12.0/envs/pyvenv_312/include -I/usr/local/google/home/ssreenithi/.pyenv/versions/3.12.0/include/python3.12 -c src/core/util/windows/string.cc -o pyb/temp.linux-x86_64-cpython-312/src/core/util/windows/string.o -std=c++17 -fvisibility=hidden -fno-wrapv -fno-exceptions -pthread
      g++ -fno-strict-overflow -Wsign-compare -DNDEBUG -g -O3 -Wall -fPIC -D_WIN32_WINNT=1536 -DGRPC_XDS_USER_AGENT_NAME_SUFFIX=\"Python\" -DGRPC_XDS_USER_AGENT_VERSION_SUFFIX=\"1.79.0.dev0\" -DHAVE_CONFIG_H=1 -DGRPC_ENABLE_FORK_SUPPORT=1 -DGRPC_ENABLE_FORK_SUPPORT_DEFAULT=false -DGRPC_PYTHON_BUILD=1 -D__STDC_FORMAT_MACROS "-DPyMODINIT_FUNC=extern \"C\" __attribute__((visibility (\"default\"))) PyObject*" -DGRPC_POSIX_FORK_ALLOW_PTHREAD_ATFORK=1 -Isrc/python/grpcio -Iinclude -I. -Ithird_party/abseil-cpp -Ithird_party/address_sorting/include -Ithird_party/cares/cares/include -Ithird_party/cares -Ithird_party/cares/cares -Ithird_party/cares/cares/src/lib/include -Ithird_party/cares/cares/src/lib -Ithird_party/cares/config_linux -Ithird_party/re2 -Ithird_party/boringssl-with-bazel/src/include -Ithird_party/upb -Isrc/core/ext/upb-gen -Isrc/core/ext/upbdefs-gen -Ithird_party/utf8_range -Ithird_party/xxhash -Ithird_party/zlib -I/usr/local/google/home/ssreenithi/.pyenv/versions/3.12.0/envs/pyvenv_312/include -I/usr/local/google/home/ssreenithi/.pyenv/versions/3.12.0/include/python3.12 -c src/core/util/time_precise.cc -o pyb/temp.linux-x86_64-cpython-312/src/core/util/time_precise.o -std=c++17 -fvisibility=hidden -fno-wrapv -fno-exceptions -pthread
      g++ -fno-strict-overflow -Wsign-compare -DNDEBUG -g -O3 -Wall -fPIC -D_WIN32_WINNT=1536 -DGRPC_XDS_USER_AGENT_NAME_SUFFIX=\"Python\" -DGRPC_XDS_USER_AGENT_VERSION_SUFFIX=\"1.79.0.dev0\" -DHAVE_CONFIG_H=1 -DGRPC_ENABLE_FORK_SUPPORT=1 -DGRPC_ENABLE_FORK_SUPPORT_DEFAULT=false -DGRPC_PYTHON_BUILD=1 -D__STDC_FORMAT_MACROS "-DPyMODINIT_FUNC=extern \"C\" __attribute__((visibility (\"default\"))) PyObject*" -DGRPC_POSIX_FORK_ALLOW_PTHREAD_ATFORK=1 -Isrc/python/grpcio -Iinclude -I. -Ithird_party/abseil-cpp -Ithird_party/address_sorting/include -Ithird_party/cares/cares/include -Ithird_party/cares -Ithird_party/cares/cares -Ithird_party/cares/cares/src/lib/include -Ithird_party/cares/cares/src/lib -Ithird_party/cares/config_linux -Ithird_party/re2 -Ithird_party/boringssl-with-bazel/src/include -Ithird_party/upb -Isrc/core/ext/upb-gen -Isrc/core/ext/upbdefs-gen -Ithird_party/utf8_range -Ithird_party/xxhash -Ithird_party/zlib -I/usr/local/google/home/ssreenithi/.pyenv/versions/3.12.0/envs/pyvenv_312/include -I/usr/local/google/home/ssreenithi/.pyenv/versions/3.12.0/include/python3.12 -c src/core/util/windows/string_util.cc -o pyb/temp.linux-x86_64-cpython-312/src/core/util/windows/string_util.o -std=c++17 -fvisibility=hidden -fno-wrapv -fno-exceptions -pthread
      In file included from ./src/core/lib/promise/activity.h:30,
                       from ./src/core/lib/resource_quota/memory_quota.h:39,
                       from ./src/core/lib/resource_quota/arena.h:39,
                       from ./src/core/ext/filters/backend_metrics/backend_metric_provider.h:18,
                       from ./src/core/ext/filters/backend_metrics/backend_metric_filter.h:23,
                       from src/core/ext/filters/backend_metrics/backend_metric_filter.cc:15:
      ./src/core/lib/promise/detail/promise_factory.h:210:5: warning: ‘always_inline’ function might not be inlinable unless also declared ‘inline’ [-Wattributes]
        210 |     PromiseFactoryImpl(Token, F&& f) {
            |     ^~~~~~~~~~~~~~~~~~
      ./src/core/lib/promise/detail/promise_factory.h:210:5: warning: ‘always_inline’ function might not be inlinable unless also declared ‘inline’ [-Wattributes]
      ./src/core/lib/promise/detail/promise_factory.h:210:5: warning: ‘always_inline’ function might not be inlinable unless also declared ‘inline’ [-Wattributes]
      ./src/core/lib/promise/detail/promise_factory.h:210:5: warning: ‘always_inline’ function might not be inlinable unless also declared ‘inline’ [-Wattributes]
      ./src/core/lib/promise/detail/promise_factory.h:210:5: warning: ‘always_inline’ function might not be inlinable unless also declared ‘inline’ [-Wattributes]
      ./src/core/lib/promise/detail/promise_factory.h:210:5: warning: ‘always_inline’ function might not be inlinable unless also declared ‘inline’ [-Wattributes]
      ./src/core/lib/promise/detail/promise_factory.h:210:5: warning: ‘always_inline’ function might not be inlinable unless also declared ‘inline’ [-Wattributes]
      ./src/core/lib/promise/detail/promise_factory.h:210:5: warning: ‘always_inline’ function might not be inlinable unless also declared ‘inline’ [-Wattributes]
      g++ -fno-strict-overflow -Wsign-compare -DNDEBUG -g -O3 -Wall -fPIC -D_WIN32_WINNT=1536 -DGRPC_XDS_USER_AGENT_NAME_SUFFIX=\"Python\" -DGRPC_XDS_USER_AGENT_VERSION_SUFFIX=\"1.79.0.dev0\" -DHAVE_CONFIG_H=1 -DGRPC_ENABLE_FORK_SUPPORT=1 -DGRPC_ENABLE_FORK_SUPPORT_DEFAULT=false -DGRPC_PYTHON_BUILD=1 -D__STDC_FORMAT_MACROS "-DPyMODINIT_FUNC=extern \"C\" __attribute__((visibility (\"default\"))) PyObject*" -DGRPC_POSIX_FORK_ALLOW_PTHREAD_ATFORK=1 -Isrc/python/grpcio -Iinclude -I. -Ithird_party/abseil-cpp -Ithird_party/address_sorting/include -Ithird_party/cares/cares/include -Ithird_party/cares -Ithird_party/cares/cares -Ithird_party/cares/cares/src/lib/include -Ithird_party/cares/cares/src/lib -Ithird_party/cares/config_linux -Ithird_party/re2 -Ithird_party/boringssl-with-bazel/src/include -Ithird_party/upb -Isrc/core/ext/upb-gen -Isrc/core/ext/upbdefs-gen -Ithird_party/utf8_range -Ithird_party/xxhash -Ithird_party/zlib -I/usr/local/google/home/ssreenithi/.pyenv/versions/3.12.0/envs/pyvenv_312/include -I/usr/local/google/home/ssreenithi/.pyenv/versions/3.12.0/include/python3.12 -c src/core/xds/grpc/xds_common_types.cc -o pyb/temp.linux-x86_64-cpython-312/src/core/xds/grpc/xds_common_types.o -std=c++17 -fvisibility=hidden -fno-wrapv -fno-exceptions -pthread
      g++ -fno-strict-overflow -Wsign-compare -DNDEBUG -g -O3 -Wall -fPIC -D_WIN32_WINNT=1536 -DGRPC_XDS_USER_AGENT_NAME_SUFFIX=\"Python\" -DGRPC_XDS_USER_AGENT_VERSION_SUFFIX=\"1.79.0.dev0\" -DHAVE_CONFIG_H=1 -DGRPC_ENABLE_FORK_SUPPORT=1 -DGRPC_ENABLE_FORK_SUPPORT_DEFAULT=false -DGRPC_PYTHON_BUILD=1 -D__STDC_FORMAT_MACROS "-DPyMODINIT_FUNC=extern \"C\" __attribute__((visibility (\"default\"))) PyObject*" -DGRPC_POSIX_FORK_ALLOW_PTHREAD_ATFORK=1 -Isrc/python/grpcio -Iinclude -I. -Ithird_party/abseil-cpp -Ithird_party/address_sorting/include -Ithird_party/cares/cares/include -Ithird_party/cares -Ithird_party/cares/cares -Ithird_party/cares/cares/src/lib/include -Ithird_party/cares/cares/src/lib -Ithird_party/cares/config_linux -Ithird_party/re2 -Ithird_party/boringssl-with-bazel/src/include -Ithird_party/upb -Isrc/core/ext/upb-gen -Isrc/core/ext/upbdefs-gen -Ithird_party/utf8_range -Ithird_party/xxhash -Ithird_party/zlib -I/usr/local/google/home/ssreenithi/.pyenv/versions/3.12.0/envs/pyvenv_312/include -I/usr/local/google/home/ssreenithi/.pyenv/versions/3.12.0/include/python3.12 -c src/core/lib/channel/channel_args_preconditioning.cc -o pyb/temp.linux-x86_64-cpython-312/src/core/lib/channel/channel_args_preconditioning.o -std=c++17 -fvisibility=hidden -fno-wrapv -fno-exceptions -pthread
      g++ -fno-strict-overflow -Wsign-compare -DNDEBUG -g -O3 -Wall -fPIC -D_WIN32_WINNT=1536 -DGRPC_XDS_USER_AGENT_NAME_SUFFIX=\"Python\" -DGRPC_XDS_USER_AGENT_VERSION_SUFFIX=\"1.79.0.dev0\" -DHAVE_CONFIG_H=1 -DGRPC_ENABLE_FORK_SUPPORT=1 -DGRPC_ENABLE_FORK_SUPPORT_DEFAULT=false -DGRPC_PYTHON_BUILD=1 -D__STDC_FORMAT_MACROS "-DPyMODINIT_FUNC=extern \"C\" __attribute__((visibility (\"default\"))) PyObject*" -DGRPC_POSIX_FORK_ALLOW_PTHREAD_ATFORK=1 -Isrc/python/grpcio -Iinclude -I. -Ithird_party/abseil-cpp -Ithird_party/address_sorting/include -Ithird_party/cares/cares/include -Ithird_party/cares -Ithird_party/cares/cares -Ithird_party/cares/cares/src/lib/include -Ithird_party/cares/cares/src/lib -Ithird_party/cares/config_linux -Ithird_party/re2 -Ithird_party/boringssl-with-bazel/src/include -Ithird_party/upb -Isrc/core/ext/upb-gen -Isrc/core/ext/upbdefs-gen -Ithird_party/utf8_range -Ithird_party/xxhash -Ithird_party/zlib -I/usr/local/google/home/ssreenithi/.pyenv/versions/3.12.0/envs/pyvenv_312/include -I/usr/local/google/home/ssreenithi/.pyenv/versions/3.12.0/include/python3.12 -c src/core/credentials/transport/tls/tls_security_connector.cc -o pyb/temp.linux-x86_64-cpython-312/src/core/credentials/transport/tls/tls_security_connector.o -std=c++17 -fvisibility=hidden -fno-wrapv -fno-exceptions -pthread
      g++ -fno-strict-overflow -Wsign-compare -DNDEBUG -g -O3 -Wall -fPIC -D_WIN32_WINNT=1536 -DGRPC_XDS_USER_AGENT_NAME_SUFFIX=\"Python\" -DGRPC_XDS_USER_AGENT_VERSION_SUFFIX=\"1.79.0.dev0\" -DHAVE_CONFIG_H=1 -DGRPC_ENABLE_FORK_SUPPORT=1 -DGRPC_ENABLE_FORK_SUPPORT_DEFAULT=false -DGRPC_PYTHON_BUILD=1 -D__STDC_FORMAT_MACROS "-DPyMODINIT_FUNC=extern \"C\" __attribute__((visibility (\"default\"))) PyObject*" -DGRPC_POSIX_FORK_ALLOW_PTHREAD_ATFORK=1 -Isrc/python/grpcio -Iinclude -I. -Ithird_party/abseil-cpp -Ithird_party/address_sorting/include -Ithird_party/cares/cares/include -Ithird_party/cares -Ithird_party/cares/cares -Ithird_party/cares/cares/src/lib/include -Ithird_party/cares/cares/src/lib -Ithird_party/cares/config_linux -Ithird_party/re2 -Ithird_party/boringssl-with-bazel/src/include -Ithird_party/upb -Isrc/core/ext/upb-gen -Isrc/core/ext/upbdefs-gen -Ithird_party/utf8_range -Ithird_party/xxhash -Ithird_party/zlib -I/usr/local/google/home/ssreenithi/.pyenv/versions/3.12.0/envs/pyvenv_312/include -I/usr/local/google/home/ssreenithi/.pyenv/versions/3.12.0/include/python3.12 -c src/core/lib/surface/metadata_array.cc -o pyb/temp.linux-x86_64-cpython-312/src/core/lib/surface/metadata_array.o -std=c++17 -fvisibility=hidden -fno-wrapv -fno-exceptions -pthread
      g++ -fno-strict-overflow -Wsign-compare -DNDEBUG -g -O3 -Wall -fPIC -D_WIN32_WINNT=1536 -DGRPC_XDS_USER_AGENT_NAME_SUFFIX=\"Python\" -DGRPC_XDS_USER_AGENT_VERSION_SUFFIX=\"1.79.0.dev0\" -DHAVE_CONFIG_H=1 -DGRPC_ENABLE_FORK_SUPPORT=1 -DGRPC_ENABLE_FORK_SUPPORT_DEFAULT=false -DGRPC_PYTHON_BUILD=1 -D__STDC_FORMAT_MACROS "-DPyMODINIT_FUNC=extern \"C\" __attribute__((visibility (\"default\"))) PyObject*" -DGRPC_POSIX_FORK_ALLOW_PTHREAD_ATFORK=1 -Isrc/python/grpcio -Iinclude -I. -Ithird_party/abseil-cpp -Ithird_party/address_sorting/include -Ithird_party/cares/cares/include -Ithird_party/cares -Ithird_party/cares/cares -Ithird_party/cares/cares/src/lib/include -Ithird_party/cares/cares/src/lib -Ithird_party/cares/config_linux -Ithird_party/re2 -Ithird_party/boringssl-with-bazel/src/include -Ithird_party/upb -Isrc/core/ext/upb-gen -Isrc/core/ext/upbdefs-gen -Ithird_party/utf8_range -Ithird_party/xxhash -Ithird_party/zlib -I/usr/local/google/home/ssreenithi/.pyenv/versions/3.12.0/envs/pyvenv_312/include -I/usr/local/google/home/ssreenithi/.pyenv/versions/3.12.0/include/python3.12 -c src/core/ext/transport/chttp2/transport/http2_client_transport.cc -o pyb/temp.linux-x86_64-cpython-312/src/core/ext/transport/chttp2/transport/http2_client_transport.o -std=c++17 -fvisibility=hidden -fno-wrapv -fno-exceptions -pthread
      In file included from ./src/core/lib/promise/activity.h:30,
                       from ./src/core/lib/resource_quota/memory_quota.h:39,
                       from ./src/core/lib/resource_quota/arena.h:39,
                       from ./src/core/call/call_arena_allocator.h:24,
                       from ./src/core/lib/surface/channel.h:31,
                       from ./src/core/client_channel/direct_channel.h:20,
                       from src/core/client_channel/direct_channel.cc:15:
      ./src/core/lib/promise/detail/promise_factory.h:210:5: warning: ‘always_inline’ function might not be inlinable unless also declared ‘inline’ [-Wattributes]
        210 |     PromiseFactoryImpl(Token, F&& f) {
            |     ^~~~~~~~~~~~~~~~~~
      ./src/core/lib/promise/detail/promise_factory.h:210:5: warning: ‘always_inline’ function might not be inlinable unless also declared ‘inline’ [-Wattributes]
      ./src/core/lib/promise/detail/promise_factory.h:210:5: warning: ‘always_inline’ function might not be inlinable unless also declared ‘inline’ [-Wattributes]
      ./src/core/lib/promise/detail/promise_factory.h:210:5: warning: ‘always_inline’ function might not be inlinable unless also declared ‘inline’ [-Wattributes]
      ./src/core/lib/promise/detail/promise_factory.h:210:5: warning: ‘always_inline’ function might not be inlinable unless also declared ‘inline’ [-Wattributes]
      ./src/core/lib/promise/detail/promise_factory.h:210:5: warning: ‘always_inline’ function might not be inlinable unless also declared ‘inline’ [-Wattributes]
      ./src/core/lib/promise/detail/promise_factory.h:210:5: warning: ‘always_inline’ function might not be inlinable unless also declared ‘inline’ [-Wattributes]
      ./src/core/lib/promise/detail/promise_factory.h:210:5: warning: ‘always_inline’ function might not be inlinable unless also declared ‘inline’ [-Wattributes]
      g++ -fno-strict-overflow -Wsign-compare -DNDEBUG -g -O3 -Wall -fPIC -D_WIN32_WINNT=1536 -DGRPC_XDS_USER_AGENT_NAME_SUFFIX=\"Python\" -DGRPC_XDS_USER_AGENT_VERSION_SUFFIX=\"1.79.0.dev0\" -DHAVE_CONFIG_H=1 -DGRPC_ENABLE_FORK_SUPPORT=1 -DGRPC_ENABLE_FORK_SUPPORT_DEFAULT=false -DGRPC_PYTHON_BUILD=1 -D__STDC_FORMAT_MACROS "-DPyMODINIT_FUNC=extern \"C\" __attribute__((visibility (\"default\"))) PyObject*" -DGRPC_POSIX_FORK_ALLOW_PTHREAD_ATFORK=1 -Isrc/python/grpcio -Iinclude -I. -Ithird_party/abseil-cpp -Ithird_party/address_sorting/include -Ithird_party/cares/cares/include -Ithird_party/cares -Ithird_party/cares/cares -Ithird_party/cares/cares/src/lib/include -Ithird_party/cares/cares/src/lib -Ithird_party/cares/config_linux -Ithird_party/re2 -Ithird_party/boringssl-with-bazel/src/include -Ithird_party/upb -Isrc/core/ext/upb-gen -Isrc/core/ext/upbdefs-gen -Ithird_party/utf8_range -Ithird_party/xxhash -Ithird_party/zlib -I/usr/local/google/home/ssreenithi/.pyenv/versions/3.12.0/envs/pyvenv_312/include -I/usr/local/google/home/ssreenithi/.pyenv/versions/3.12.0/include/python3.12 -c src/core/tsi/alts/handshaker/alts_shared_resource.cc -o pyb/temp.linux-x86_64-cpython-312/src/core/tsi/alts/handshaker/alts_shared_resource.o -std=c++17 -fvisibility=hidden -fno-wrapv -fno-exceptions -pthread
      g++ -fno-strict-overflow -Wsign-compare -DNDEBUG -g -O3 -Wall -fPIC -D_WIN32_WINNT=1536 -DGRPC_XDS_USER_AGENT_NAME_SUFFIX=\"Python\" -DGRPC_XDS_USER_AGENT_VERSION_SUFFIX=\"1.79.0.dev0\" -DHAVE_CONFIG_H=1 -DGRPC_ENABLE_FORK_SUPPORT=1 -DGRPC_ENABLE_FORK_SUPPORT_DEFAULT=false -DGRPC_PYTHON_BUILD=1 -D__STDC_FORMAT_MACROS "-DPyMODINIT_FUNC=extern \"C\" __attribute__((visibility (\"default\"))) PyObject*" -DGRPC_POSIX_FORK_ALLOW_PTHREAD_ATFORK=1 -Isrc/python/grpcio -Iinclude -I. -Ithird_party/abseil-cpp -Ithird_party/address_sorting/include -Ithird_party/cares/cares/include -Ithird_party/cares -Ithird_party/cares/cares -Ithird_party/cares/cares/src/lib/include -Ithird_party/cares/cares/src/lib -Ithird_party/cares/config_linux -Ithird_party/re2 -Ithird_party/boringssl-with-bazel/src/include -Ithird_party/upb -Isrc/core/ext/upb-gen -Isrc/core/ext/upbdefs-gen -Ithird_party/utf8_range -Ithird_party/xxhash -Ithird_party/zlib -I/usr/local/google/home/ssreenithi/.pyenv/versions/3.12.0/envs/pyvenv_312/include -I/usr/local/google/home/ssreenithi/.pyenv/versions/3.12.0/include/python3.12 -c src/core/util/linux/env.cc -o pyb/temp.linux-x86_64-cpython-312/src/core/util/linux/env.o -std=c++17 -fvisibility=hidden -fno-wrapv -fno-exceptions -pthread
      g++ -fno-strict-overflow -Wsign-compare -DNDEBUG -g -O3 -Wall -fPIC -D_WIN32_WINNT=1536 -DGRPC_XDS_USER_AGENT_NAME_SUFFIX=\"Python\" -DGRPC_XDS_USER_AGENT_VERSION_SUFFIX=\"1.79.0.dev0\" -DHAVE_CONFIG_H=1 -DGRPC_ENABLE_FORK_SUPPORT=1 -DGRPC_ENABLE_FORK_SUPPORT_DEFAULT=false -DGRPC_PYTHON_BUILD=1 -D__STDC_FORMAT_MACROS "-DPyMODINIT_FUNC=extern \"C\" __attribute__((visibility (\"default\"))) PyObject*" -DGRPC_POSIX_FORK_ALLOW_PTHREAD_ATFORK=1 -Isrc/python/grpcio -Iinclude -I. -Ithird_party/abseil-cpp -Ithird_party/address_sorting/include -Ithird_party/cares/cares/include -Ithird_party/cares -Ithird_party/cares/cares -Ithird_party/cares/cares/src/lib/include -Ithird_party/cares/cares/src/lib -Ithird_party/cares/config_linux -Ithird_party/re2 -Ithird_party/boringssl-with-bazel/src/include -Ithird_party/upb -Isrc/core/ext/upb-gen -Isrc/core/ext/upbdefs-gen -Ithird_party/utf8_range -Ithird_party/xxhash -Ithird_party/zlib -I/usr/local/google/home/ssreenithi/.pyenv/versions/3.12.0/envs/pyvenv_312/include -I/usr/local/google/home/ssreenithi/.pyenv/versions/3.12.0/include/python3.12 -c src/core/credentials/call/plugin/plugin_credentials.cc -o pyb/temp.linux-x86_64-cpython-312/src/core/credentials/call/plugin/plugin_credentials.o -std=c++17 -fvisibility=hidden -fno-wrapv -fno-exceptions -pthread
      g++ -fno-strict-overflow -Wsign-compare -DNDEBUG -g -O3 -Wall -fPIC -D_WIN32_WINNT=1536 -DGRPC_XDS_USER_AGENT_NAME_SUFFIX=\"Python\" -DGRPC_XDS_USER_AGENT_VERSION_SUFFIX=\"1.79.0.dev0\" -DHAVE_CONFIG_H=1 -DGRPC_ENABLE_FORK_SUPPORT=1 -DGRPC_ENABLE_FORK_SUPPORT_DEFAULT=false -DGRPC_PYTHON_BUILD=1 -D__STDC_FORMAT_MACROS "-DPyMODINIT_FUNC=extern \"C\" __attribute__((visibility (\"default\"))) PyObject*" -DGRPC_POSIX_FORK_ALLOW_PTHREAD_ATFORK=1 -Isrc/python/grpcio -Iinclude -I. -Ithird_party/abseil-cpp -Ithird_party/address_sorting/include -Ithird_party/cares/cares/include -Ithird_party/cares -Ithird_party/cares/cares -Ithird_party/cares/cares/src/lib/include -Ithird_party/cares/cares/src/lib -Ithird_party/cares/config_linux -Ithird_party/re2 -Ithird_party/boringssl-with-bazel/src/include -Ithird_party/upb -Isrc/core/ext/upb-gen -Isrc/core/ext/upbdefs-gen -Ithird_party/utf8_range -Ithird_party/xxhash -Ithird_party/zlib -I/usr/local/google/home/ssreenithi/.pyenv/versions/3.12.0/envs/pyvenv_312/include -I/usr/local/google/home/ssreenithi/.pyenv/versions/3.12.0/include/python3.12 -c src/core/util/event_log.cc -o pyb/temp.linux-x86_64-cpython-312/src/core/util/event_log.o -std=c++17 -fvisibility=hidden -fno-wrapv -fno-exceptions -pthread
      g++ -fno-strict-overflow -Wsign-compare -DNDEBUG -g -O3 -Wall -fPIC -D_WIN32_WINNT=1536 -DGRPC_XDS_USER_AGENT_NAME_SUFFIX=\"Python\" -DGRPC_XDS_USER_AGENT_VERSION_SUFFIX=\"1.79.0.dev0\" -DHAVE_CONFIG_H=1 -DGRPC_ENABLE_FORK_SUPPORT=1 -DGRPC_ENABLE_FORK_SUPPORT_DEFAULT=false -DGRPC_PYTHON_BUILD=1 -D__STDC_FORMAT_MACROS "-DPyMODINIT_FUNC=extern \"C\" __attribute__((visibility (\"default\"))) PyObject*" -DGRPC_POSIX_FORK_ALLOW_PTHREAD_ATFORK=1 -Isrc/python/grpcio -Iinclude -I. -Ithird_party/abseil-cpp -Ithird_party/address_sorting/include -Ithird_party/cares/cares/include -Ithird_party/cares -Ithird_party/cares/cares -Ithird_party/cares/cares/src/lib/include -Ithird_party/cares/cares/src/lib -Ithird_party/cares/config_linux -Ithird_party/re2 -Ithird_party/boringssl-with-bazel/src/include -Ithird_party/upb -Isrc/core/ext/upb-gen -Isrc/core/ext/upbdefs-gen -Ithird_party/utf8_range -Ithird_party/xxhash -Ithird_party/zlib -I/usr/local/google/home/ssreenithi/.pyenv/versions/3.12.0/envs/pyvenv_312/include -I/usr/local/google/home/ssreenithi/.pyenv/versions/3.12.0/include/python3.12 -c src/core/lib/surface/call_utils.cc -o pyb/temp.linux-x86_64-cpython-312/src/core/lib/surface/call_utils.o -std=c++17 -fvisibility=hidden -fno-wrapv -fno-exceptions -pthread
      In file included from ./src/core/lib/promise/activity.h:30,
                       from ./src/core/call/call_state.h:23,
                       from ./src/core/call/call_filters.h:26,
                       from ./src/core/lib/surface/channel_init.h:31,
                       from ./src/core/config/core_configuration.h:29,
                       from ./src/core/lib/event_engine/default_event_engine.h:23,
                       from src/core/lib/iomgr/event_engine_shims/tcp_client.cc:22:
      ./src/core/lib/promise/detail/promise_factory.h:210:5: warning: ‘always_inline’ function might not be inlinable unless also declared ‘inline’ [-Wattributes]
        210 |     PromiseFactoryImpl(Token, F&& f) {
            |     ^~~~~~~~~~~~~~~~~~
      ./src/core/lib/promise/detail/promise_factory.h:210:5: warning: ‘always_inline’ function might not be inlinable unless also declared ‘inline’ [-Wattributes]
      ./src/core/lib/promise/detail/promise_factory.h:210:5: warning: ‘always_inline’ function might not be inlinable unless also declared ‘inline’ [-Wattributes]
      ./src/core/lib/promise/detail/promise_factory.h:210:5: warning: ‘always_inline’ function might not be inlinable unless also declared ‘inline’ [-Wattributes]
      ./src/core/lib/promise/detail/promise_factory.h:210:5: warning: ‘always_inline’ function might not be inlinable unless also declared ‘inline’ [-Wattributes]
      ./src/core/lib/promise/detail/promise_factory.h:210:5: warning: ‘always_inline’ function might not be inlinable unless also declared ‘inline’ [-Wattributes]
      ./src/core/lib/promise/detail/promise_factory.h:210:5: warning: ‘always_inline’ function might not be inlinable unless also declared ‘inline’ [-Wattributes]
      g++ -fno-strict-overflow -Wsign-compare -DNDEBUG -g -O3 -Wall -fPIC -D_WIN32_WINNT=1536 -DGRPC_XDS_USER_AGENT_NAME_SUFFIX=\"Python\" -DGRPC_XDS_USER_AGENT_VERSION_SUFFIX=\"1.79.0.dev0\" -DHAVE_CONFIG_H=1 -DGRPC_ENABLE_FORK_SUPPORT=1 -DGRPC_ENABLE_FORK_SUPPORT_DEFAULT=false -DGRPC_PYTHON_BUILD=1 -D__STDC_FORMAT_MACROS "-DPyMODINIT_FUNC=extern \"C\" __attribute__((visibility (\"default\"))) PyObject*" -DGRPC_POSIX_FORK_ALLOW_PTHREAD_ATFORK=1 -Isrc/python/grpcio -Iinclude -I. -Ithird_party/abseil-cpp -Ithird_party/address_sorting/include -Ithird_party/cares/cares/include -Ithird_party/cares -Ithird_party/cares/cares -Ithird_party/cares/cares/src/lib/include -Ithird_party/cares/cares/src/lib -Ithird_party/cares/config_linux -Ithird_party/re2 -Ithird_party/boringssl-with-bazel/src/include -Ithird_party/upb -Isrc/core/ext/upb-gen -Isrc/core/ext/upbdefs-gen -Ithird_party/utf8_range -Ithird_party/xxhash -Ithird_party/zlib -I/usr/local/google/home/ssreenithi/.pyenv/versions/3.12.0/envs/pyvenv_312/include -I/usr/local/google/home/ssreenithi/.pyenv/versions/3.12.0/include/python3.12 -c src/core/tsi/ssl/session_cache/ssl_session_openssl.cc -o pyb/temp.linux-x86_64-cpython-312/src/core/tsi/ssl/session_cache/ssl_session_openssl.o -std=c++17 -fvisibility=hidden -fno-wrapv -fno-exceptions -pthread
      g++ -fno-strict-overflow -Wsign-compare -DNDEBUG -g -O3 -Wall -fPIC -D_WIN32_WINNT=1536 -DGRPC_XDS_USER_AGENT_NAME_SUFFIX=\"Python\" -DGRPC_XDS_USER_AGENT_VERSION_SUFFIX=\"1.79.0.dev0\" -DHAVE_CONFIG_H=1 -DGRPC_ENABLE_FORK_SUPPORT=1 -DGRPC_ENABLE_FORK_SUPPORT_DEFAULT=false -DGRPC_PYTHON_BUILD=1 -D__STDC_FORMAT_MACROS "-DPyMODINIT_FUNC=extern \"C\" __attribute__((visibility (\"default\"))) PyObject*" -DGRPC_POSIX_FORK_ALLOW_PTHREAD_ATFORK=1 -Isrc/python/grpcio -Iinclude -I. -Ithird_party/abseil-cpp -Ithird_party/address_sorting/include -Ithird_party/cares/cares/include -Ithird_party/cares -Ithird_party/cares/cares -Ithird_party/cares/cares/src/lib/include -Ithird_party/cares/cares/src/lib -Ithird_party/cares/config_linux -Ithird_party/re2 -Ithird_party/boringssl-with-bazel/src/include -Ithird_party/upb -Isrc/core/ext/upb-gen -Isrc/core/ext/upbdefs-gen -Ithird_party/utf8_range -Ithird_party/xxhash -Ithird_party/zlib -I/usr/local/google/home/ssreenithi/.pyenv/versions/3.12.0/envs/pyvenv_312/include -I/usr/local/google/home/ssreenithi/.pyenv/versions/3.12.0/include/python3.12 -c src/core/credentials/transport/security_connector.cc -o pyb/temp.linux-x86_64-cpython-312/src/core/credentials/transport/security_connector.o -std=c++17 -fvisibility=hidden -fno-wrapv -fno-exceptions -pthread
      g++ -fno-strict-overflow -Wsign-compare -DNDEBUG -g -O3 -Wall -fPIC -D_WIN32_WINNT=1536 -DGRPC_XDS_USER_AGENT_NAME_SUFFIX=\"Python\" -DGRPC_XDS_USER_AGENT_VERSION_SUFFIX=\"1.79.0.dev0\" -DHAVE_CONFIG_H=1 -DGRPC_ENABLE_FORK_SUPPORT=1 -DGRPC_ENABLE_FORK_SUPPORT_DEFAULT=false -DGRPC_PYTHON_BUILD=1 -D__STDC_FORMAT_MACROS "-DPyMODINIT_FUNC=extern \"C\" __attribute__((visibility (\"default\"))) PyObject*" -DGRPC_POSIX_FORK_ALLOW_PTHREAD_ATFORK=1 -Isrc/python/grpcio -Iinclude -I. -Ithird_party/abseil-cpp -Ithird_party/address_sorting/include -Ithird_party/cares/cares/include -Ithird_party/cares -Ithird_party/cares/cares -Ithird_party/cares/cares/src/lib/include -Ithird_party/cares/cares/src/lib -Ithird_party/cares/config_linux -Ithird_party/re2 -Ithird_party/boringssl-with-bazel/src/include -Ithird_party/upb -Isrc/core/ext/upb-gen -Isrc/core/ext/upbdefs-gen -Ithird_party/utf8_range -Ithird_party/xxhash -Ithird_party/zlib -I/usr/local/google/home/ssreenithi/.pyenv/versions/3.12.0/envs/pyvenv_312/include -I/usr/local/google/home/ssreenithi/.pyenv/versions/3.12.0/include/python3.12 -c src/core/util/time_util.cc -o pyb/temp.linux-x86_64-cpython-312/src/core/util/time_util.o -std=c++17 -fvisibility=hidden -fno-wrapv -fno-exceptions -pthread
      In file included from ./src/core/lib/promise/activity.h:30,
                       from ./src/core/lib/resource_quota/memory_quota.h:39,
                       from ./src/core/lib/resource_quota/arena.h:39,
                       from ./src/core/call/message.h:20,
                       from ./src/core/telemetry/call_tracer.h:29,
                       from ./src/core/telemetry/metrics.h:28,
                       from ./src/core/load_balancing/lb_policy.h:41,
                       from ./src/core/load_balancing/child_policy_handler.h:25,
                       from src/core/load_balancing/child_policy_handler.cc:17:
      ./src/core/lib/promise/detail/promise_factory.h:210:5: warning: ‘always_inline’ function might not be inlinable unless also declared ‘inline’ [-Wattributes]
        210 |     PromiseFactoryImpl(Token, F&& f) {
            |     ^~~~~~~~~~~~~~~~~~
      ./src/core/lib/promise/detail/promise_factory.h:210:5: warning: ‘always_inline’ function might not be inlinable unless also declared ‘inline’ [-Wattributes]
      ./src/core/lib/promise/detail/promise_factory.h:210:5: warning: ‘always_inline’ function might not be inlinable unless also declared ‘inline’ [-Wattributes]
      ./src/core/lib/promise/detail/promise_factory.h:210:5: warning: ‘always_inline’ function might not be inlinable unless also declared ‘inline’ [-Wattributes]
      ./src/core/lib/promise/detail/promise_factory.h:210:5: warning: ‘always_inline’ function might not be inlinable unless also declared ‘inline’ [-Wattributes]
      ./src/core/lib/promise/detail/promise_factory.h:210:5: warning: ‘always_inline’ function might not be inlinable unless also declared ‘inline’ [-Wattributes]
      ./src/core/lib/promise/detail/promise_factory.h:210:5: warning: ‘always_inline’ function might not be inlinable unless also declared ‘inline’ [-Wattributes]
      g++ -fno-strict-overflow -Wsign-compare -DNDEBUG -g -O3 -Wall -fPIC -D_WIN32_WINNT=1536 -DGRPC_XDS_USER_AGENT_NAME_SUFFIX=\"Python\" -DGRPC_XDS_USER_AGENT_VERSION_SUFFIX=\"1.79.0.dev0\" -DHAVE_CONFIG_H=1 -DGRPC_ENABLE_FORK_SUPPORT=1 -DGRPC_ENABLE_FORK_SUPPORT_DEFAULT=false -DGRPC_PYTHON_BUILD=1 -D__STDC_FORMAT_MACROS "-DPyMODINIT_FUNC=extern \"C\" __attribute__((visibility (\"default\"))) PyObject*" -DGRPC_POSIX_FORK_ALLOW_PTHREAD_ATFORK=1 -Isrc/python/grpcio -Iinclude -I. -Ithird_party/abseil-cpp -Ithird_party/address_sorting/include -Ithird_party/cares/cares/include -Ithird_party/cares -Ithird_party/cares/cares -Ithird_party/cares/cares/src/lib/include -Ithird_party/cares/cares/src/lib -Ithird_party/cares/config_linux -Ithird_party/re2 -Ithird_party/boringssl-with-bazel/src/include -Ithird_party/upb -Isrc/core/ext/upb-gen -Isrc/core/ext/upbdefs-gen -Ithird_party/utf8_range -Ithird_party/xxhash -Ithird_party/zlib -I/usr/local/google/home/ssreenithi/.pyenv/versions/3.12.0/envs/pyvenv_312/include -I/usr/local/google/home/ssreenithi/.pyenv/versions/3.12.0/include/python3.12 -c src/core/util/load_file.cc -o pyb/temp.linux-x86_64-cpython-312/src/core/util/load_file.o -std=c++17 -fvisibility=hidden -fno-wrapv -fno-exceptions -pthread
      In file included from ./src/core/lib/promise/activity.h:30,
                       from ./src/core/lib/resource_quota/memory_quota.h:39,
                       from ./src/core/lib/resource_quota/arena.h:39,
                       from ./src/core/lib/promise/arena_promise.h:28,
                       from ./src/core/credentials/transport/security_connector.h:36,
                       from src/core/util/http_client/httpcli_security_connector.cc:31:
      ./src/core/lib/promise/detail/promise_factory.h:210:5: warning: ‘always_inline’ function might not be inlinable unless also declared ‘inline’ [-Wattributes]
        210 |     PromiseFactoryImpl(Token, F&& f) {
            |     ^~~~~~~~~~~~~~~~~~
      ./src/core/lib/promise/detail/promise_factory.h:210:5: warning: ‘always_inline’ function might not be inlinable unless also declared ‘inline’ [-Wattributes]
      ./src/core/lib/promise/detail/promise_factory.h:210:5: warning: ‘always_inline’ function might not be inlinable unless also declared ‘inline’ [-Wattributes]
      ./src/core/lib/promise/detail/promise_factory.h:210:5: warning: ‘always_inline’ function might not be inlinable unless also declared ‘inline’ [-Wattributes]
      ./src/core/lib/promise/detail/promise_factory.h:210:5: warning: ‘always_inline’ function might not be inlinable unless also declared ‘inline’ [-Wattributes]
      ./src/core/lib/promise/detail/promise_factory.h:210:5: warning: ‘always_inline’ function might not be inlinable unless also declared ‘inline’ [-Wattributes]
      ./src/core/lib/promise/detail/promise_factory.h:210:5: warning: ‘always_inline’ function might not be inlinable unless also declared ‘inline’ [-Wattributes]
      g++ -fno-strict-overflow -Wsign-compare -DNDEBUG -g -O3 -Wall -fPIC -D_WIN32_WINNT=1536 -DGRPC_XDS_USER_AGENT_NAME_SUFFIX=\"Python\" -DGRPC_XDS_USER_AGENT_VERSION_SUFFIX=\"1.79.0.dev0\" -DHAVE_CONFIG_H=1 -DGRPC_ENABLE_FORK_SUPPORT=1 -DGRPC_ENABLE_FORK_SUPPORT_DEFAULT=false -DGRPC_PYTHON_BUILD=1 -D__STDC_FORMAT_MACROS "-DPyMODINIT_FUNC=extern \"C\" __attribute__((visibility (\"default\"))) PyObject*" -DGRPC_POSIX_FORK_ALLOW_PTHREAD_ATFORK=1 -Isrc/python/grpcio -Iinclude -I. -Ithird_party/abseil-cpp -Ithird_party/address_sorting/include -Ithird_party/cares/cares/include -Ithird_party/cares -Ithird_party/cares/cares -Ithird_party/cares/cares/src/lib/include -Ithird_party/cares/cares/src/lib -Ithird_party/cares/config_linux -Ithird_party/re2 -Ithird_party/boringssl-with-bazel/src/include -Ithird_party/upb -Isrc/core/ext/upb-gen -Isrc/core/ext/upbdefs-gen -Ithird_party/utf8_range -Ithird_party/xxhash -Ithird_party/zlib -I/usr/local/google/home/ssreenithi/.pyenv/versions/3.12.0/envs/pyvenv_312/include -I/usr/local/google/home/ssreenithi/.pyenv/versions/3.12.0/include/python3.12 -c src/core/resolver/dns/event_engine/service_config_helper.cc -o pyb/temp.linux-x86_64-cpython-312/src/core/resolver/dns/event_engine/service_config_helper.o -std=c++17 -fvisibility=hidden -fno-wrapv -fno-exceptions -pthread
      In file included from ./src/core/lib/promise/activity.h:30,
                       from ./src/core/lib/resource_quota/memory_quota.h:39,
                       from ./src/core/lib/resource_quota/arena.h:39,
                       from ./src/core/lib/promise/arena_promise.h:28,
                       from ./src/core/credentials/transport/security_connector.h:36,
                       from ./src/core/credentials/transport/fake/fake_credentials.h:30,
                       from src/core/credentials/transport/fake/fake_credentials.cc:19:
      ./src/core/lib/promise/detail/promise_factory.h:210:5: warning: ‘always_inline’ function might not be inlinable unless also declared ‘inline’ [-Wattributes]
        210 |     PromiseFactoryImpl(Token, F&& f) {
            |     ^~~~~~~~~~~~~~~~~~
      ./src/core/lib/promise/detail/promise_factory.h:210:5: warning: ‘always_inline’ function might not be inlinable unless also declared ‘inline’ [-Wattributes]
      ./src/core/lib/promise/detail/promise_factory.h:210:5: warning: ‘always_inline’ function might not be inlinable unless also declared ‘inline’ [-Wattributes]
      ./src/core/lib/promise/detail/promise_factory.h:210:5: warning: ‘always_inline’ function might not be inlinable unless also declared ‘inline’ [-Wattributes]
      ./src/core/lib/promise/detail/promise_factory.h:210:5: warning: ‘always_inline’ function might not be inlinable unless also declared ‘inline’ [-Wattributes]
      ./src/core/lib/promise/detail/promise_factory.h:210:5: warning: ‘always_inline’ function might not be inlinable unless also declared ‘inline’ [-Wattributes]
      ./src/core/lib/promise/detail/promise_factory.h:210:5: warning: ‘always_inline’ function might not be inlinable unless also declared ‘inline’ [-Wattributes]
      g++ -fno-strict-overflow -Wsign-compare -DNDEBUG -g -O3 -Wall -fPIC -D_WIN32_WINNT=1536 -DGRPC_XDS_USER_AGENT_NAME_SUFFIX=\"Python\" -DGRPC_XDS_USER_AGENT_VERSION_SUFFIX=\"1.79.0.dev0\" -DHAVE_CONFIG_H=1 -DGRPC_ENABLE_FORK_SUPPORT=1 -DGRPC_ENABLE_FORK_SUPPORT_DEFAULT=false -DGRPC_PYTHON_BUILD=1 -D__STDC_FORMAT_MACROS "-DPyMODINIT_FUNC=extern \"C\" __attribute__((visibility (\"default\"))) PyObject*" -DGRPC_POSIX_FORK_ALLOW_PTHREAD_ATFORK=1 -Isrc/python/grpcio -Iinclude -I. -Ithird_party/abseil-cpp -Ithird_party/address_sorting/include -Ithird_party/cares/cares/include -Ithird_party/cares -Ithird_party/cares/cares -Ithird_party/cares/cares/src/lib/include -Ithird_party/cares/cares/src/lib -Ithird_party/cares/config_linux -Ithird_party/re2 -Ithird_party/boringssl-with-bazel/src/include -Ithird_party/upb -Isrc/core/ext/upb-gen -Isrc/core/ext/upbdefs-gen -Ithird_party/utf8_range -Ithird_party/xxhash -Ithird_party/zlib -I/usr/local/google/home/ssreenithi/.pyenv/versions/3.12.0/envs/pyvenv_312/include -I/usr/local/google/home/ssreenithi/.pyenv/versions/3.12.0/include/python3.12 -c src/core/service_config/service_config_channel_arg_filter.cc -o pyb/temp.linux-x86_64-cpython-312/src/core/service_config/service_config_channel_arg_filter.o -std=c++17 -fvisibility=hidden -fno-wrapv -fno-exceptions -pthread
      In file included from ./src/core/lib/promise/activity.h:30,
                       from ./src/core/lib/resource_quota/memory_quota.h:39,
                       from ./src/core/lib/resource_quota/arena.h:39,
                       from ./src/core/call/call_arena_allocator.h:24,
                       from ./src/core/call/call_spine.h:20,
                       from ./src/core/call/call_destination.h:20,
                       from ./src/core/lib/transport/transport.h:36,
                       from src/core/lib/transport/transport.cc:19:
      ./src/core/lib/promise/detail/promise_factory.h:210:5: warning: ‘always_inline’ function might not be inlinable unless also declared ‘inline’ [-Wattributes]
        210 |     PromiseFactoryImpl(Token, F&& f) {
            |     ^~~~~~~~~~~~~~~~~~
      ./src/core/lib/promise/detail/promise_factory.h:210:5: warning: ‘always_inline’ function might not be inlinable unless also declared ‘inline’ [-Wattributes]
      ./src/core/lib/promise/detail/promise_factory.h:210:5: warning: ‘always_inline’ function might not be inlinable unless also declared ‘inline’ [-Wattributes]
      ./src/core/lib/promise/detail/promise_factory.h:210:5: warning: ‘always_inline’ function might not be inlinable unless also declared ‘inline’ [-Wattributes]
      ./src/core/lib/promise/detail/promise_factory.h:210:5: warning: ‘always_inline’ function might not be inlinable unless also declared ‘inline’ [-Wattributes]
      ./src/core/lib/promise/detail/promise_factory.h:210:5: warning: ‘always_inline’ function might not be inlinable unless also declared ‘inline’ [-Wattributes]
      ./src/core/lib/promise/detail/promise_factory.h:210:5: warning: ‘always_inline’ function might not be inlinable unless also declared ‘inline’ [-Wattributes]
      In file included from ./src/core/lib/promise/activity.h:30,
                       from ./src/core/call/call_state.h:23,
                       from ./src/core/call/call_filters.h:26,
                       from ./src/core/lib/surface/channel_init.h:31,
                       from ./src/core/config/core_configuration.h:29,
                       from src/core/load_balancing/weighted_target/weighted_target.cc:33:
      ./src/core/lib/promise/detail/promise_factory.h:210:5: warning: ‘always_inline’ function might not be inlinable unless also declared ‘inline’ [-Wattributes]
        210 |     PromiseFactoryImpl(Token, F&& f) {
            |     ^~~~~~~~~~~~~~~~~~
      ./src/core/lib/promise/detail/promise_factory.h:210:5: warning: ‘always_inline’ function might not be inlinable unless also declared ‘inline’ [-Wattributes]
      ./src/core/lib/promise/detail/promise_factory.h:210:5: warning: ‘always_inline’ function might not be inlinable unless also declared ‘inline’ [-Wattributes]
      ./src/core/lib/promise/detail/promise_factory.h:210:5: warning: ‘always_inline’ function might not be inlinable unless also declared ‘inline’ [-Wattributes]
      ./src/core/lib/promise/detail/promise_factory.h:210:5: warning: ‘always_inline’ function might not be inlinable unless also declared ‘inline’ [-Wattributes]
      ./src/core/lib/promise/detail/promise_factory.h:210:5: warning: ‘always_inline’ function might not be inlinable unless also declared ‘inline’ [-Wattributes]
      ./src/core/lib/promise/detail/promise_factory.h:210:5: warning: ‘always_inline’ function might not be inlinable unless also declared ‘inline’ [-Wattributes]
      g++ -fno-strict-overflow -Wsign-compare -DNDEBUG -g -O3 -Wall -fPIC -D_WIN32_WINNT=1536 -DGRPC_XDS_USER_AGENT_NAME_SUFFIX=\"Python\" -DGRPC_XDS_USER_AGENT_VERSION_SUFFIX=\"1.79.0.dev0\" -DHAVE_CONFIG_H=1 -DGRPC_ENABLE_FORK_SUPPORT=1 -DGRPC_ENABLE_FORK_SUPPORT_DEFAULT=false -DGRPC_PYTHON_BUILD=1 -D__STDC_FORMAT_MACROS "-DPyMODINIT_FUNC=extern \"C\" __attribute__((visibility (\"default\"))) PyObject*" -DGRPC_POSIX_FORK_ALLOW_PTHREAD_ATFORK=1 -Isrc/python/grpcio -Iinclude -I. -Ithird_party/abseil-cpp -Ithird_party/address_sorting/include -Ithird_party/cares/cares/include -Ithird_party/cares -Ithird_party/cares/cares -Ithird_party/cares/cares/src/lib/include -Ithird_party/cares/cares/src/lib -Ithird_party/cares/config_linux -Ithird_party/re2 -Ithird_party/boringssl-with-bazel/src/include -Ithird_party/upb -Isrc/core/ext/upb-gen -Isrc/core/ext/upbdefs-gen -Ithird_party/utf8_range -Ithird_party/xxhash -Ithird_party/zlib -I/usr/local/google/home/ssreenithi/.pyenv/versions/3.12.0/envs/pyvenv_312/include -I/usr/local/google/home/ssreenithi/.pyenv/versions/3.12.0/include/python3.12 -c src/core/util/gethostname_fallback.cc -o pyb/temp.linux-x86_64-cpython-312/src/core/util/gethostname_fallback.o -std=c++17 -fvisibility=hidden -fno-wrapv -fno-exceptions -pthread
      g++ -fno-strict-overflow -Wsign-compare -DNDEBUG -g -O3 -Wall -fPIC -D_WIN32_WINNT=1536 -DGRPC_XDS_USER_AGENT_NAME_SUFFIX=\"Python\" -DGRPC_XDS_USER_AGENT_VERSION_SUFFIX=\"1.79.0.dev0\" -DHAVE_CONFIG_H=1 -DGRPC_ENABLE_FORK_SUPPORT=1 -DGRPC_ENABLE_FORK_SUPPORT_DEFAULT=false -DGRPC_PYTHON_BUILD=1 -D__STDC_FORMAT_MACROS "-DPyMODINIT_FUNC=extern \"C\" __attribute__((visibility (\"default\"))) PyObject*" -DGRPC_POSIX_FORK_ALLOW_PTHREAD_ATFORK=1 -Isrc/python/grpcio -Iinclude -I. -Ithird_party/abseil-cpp -Ithird_party/address_sorting/include -Ithird_party/cares/cares/include -Ithird_party/cares -Ithird_party/cares/cares -Ithird_party/cares/cares/src/lib/include -Ithird_party/cares/cares/src/lib -Ithird_party/cares/config_linux -Ithird_party/re2 -Ithird_party/boringssl-with-bazel/src/include -Ithird_party/upb -Isrc/core/ext/upb-gen -Isrc/core/ext/upbdefs-gen -Ithird_party/utf8_range -Ithird_party/xxhash -Ithird_party/zlib -I/usr/local/google/home/ssreenithi/.pyenv/versions/3.12.0/envs/pyvenv_312/include -I/usr/local/google/home/ssreenithi/.pyenv/versions/3.12.0/include/python3.12 -c src/core/util/http_client/httpcli.cc -o pyb/temp.linux-x86_64-cpython-312/src/core/util/http_client/httpcli.o -std=c++17 -fvisibility=hidden -fno-wrapv -fno-exceptions -pthread
      g++ -fno-strict-overflow -Wsign-compare -DNDEBUG -g -O3 -Wall -fPIC -D_WIN32_WINNT=1536 -DGRPC_XDS_USER_AGENT_NAME_SUFFIX=\"Python\" -DGRPC_XDS_USER_AGENT_VERSION_SUFFIX=\"1.79.0.dev0\" -DHAVE_CONFIG_H=1 -DGRPC_ENABLE_FORK_SUPPORT=1 -DGRPC_ENABLE_FORK_SUPPORT_DEFAULT=false -DGRPC_PYTHON_BUILD=1 -D__STDC_FORMAT_MACROS "-DPyMODINIT_FUNC=extern \"C\" __attribute__((visibility (\"default\"))) PyObject*" -DGRPC_POSIX_FORK_ALLOW_PTHREAD_ATFORK=1 -Isrc/python/grpcio -Iinclude -I. -Ithird_party/abseil-cpp -Ithird_party/address_sorting/include -Ithird_party/cares/cares/include -Ithird_party/cares -Ithird_party/cares/cares -Ithird_party/cares/cares/src/lib/include -Ithird_party/cares/cares/src/lib -Ithird_party/cares/config_linux -Ithird_party/re2 -Ithird_party/boringssl-with-bazel/src/include -Ithird_party/upb -Isrc/core/ext/upb-gen -Isrc/core/ext/upbdefs-gen -Ithird_party/utf8_range -Ithird_party/xxhash -Ithird_party/zlib -I/usr/local/google/home/ssreenithi/.pyenv/versions/3.12.0/envs/pyvenv_312/include -I/usr/local/google/home/ssreenithi/.pyenv/versions/3.12.0/include/python3.12 -c src/core/util/gethostname_host_name_max.cc -o pyb/temp.linux-x86_64-cpython-312/src/core/util/gethostname_host_name_max.o -std=c++17 -fvisibility=hidden -fno-wrapv -fno-exceptions -pthread
      g++ -fno-strict-overflow -Wsign-compare -DNDEBUG -g -O3 -Wall -fPIC -D_WIN32_WINNT=1536 -DGRPC_XDS_USER_AGENT_NAME_SUFFIX=\"Python\" -DGRPC_XDS_USER_AGENT_VERSION_SUFFIX=\"1.79.0.dev0\" -DHAVE_CONFIG_H=1 -DGRPC_ENABLE_FORK_SUPPORT=1 -DGRPC_ENABLE_FORK_SUPPORT_DEFAULT=false -DGRPC_PYTHON_BUILD=1 -D__STDC_FORMAT_MACROS "-DPyMODINIT_FUNC=extern \"C\" __attribute__((visibility (\"default\"))) PyObject*" -DGRPC_POSIX_FORK_ALLOW_PTHREAD_ATFORK=1 -Isrc/python/grpcio -Iinclude -I. -Ithird_party/abseil-cpp -Ithird_party/address_sorting/include -Ithird_party/cares/cares/include -Ithird_party/cares -Ithird_party/cares/cares -Ithird_party/cares/cares/src/lib/include -Ithird_party/cares/cares/src/lib -Ithird_party/cares/config_linux -Ithird_party/re2 -Ithird_party/boringssl-with-bazel/src/include -Ithird_party/upb -Isrc/core/ext/upb-gen -Isrc/core/ext/upbdefs-gen -Ithird_party/utf8_range -Ithird_party/xxhash -Ithird_party/zlib -I/usr/local/google/home/ssreenithi/.pyenv/versions/3.12.0/envs/pyvenv_312/include -I/usr/local/google/home/ssreenithi/.pyenv/versions/3.12.0/include/python3.12 -c src/core/util/gethostname_sysconf.cc -o pyb/temp.linux-x86_64-cpython-312/src/core/util/gethostname_sysconf.o -std=c++17 -fvisibility=hidden -fno-wrapv -fno-exceptions -pthread
      g++ -fno-strict-overflow -Wsign-compare -DNDEBUG -g -O3 -Wall -fPIC -D_WIN32_WINNT=1536 -DGRPC_XDS_USER_AGENT_NAME_SUFFIX=\"Python\" -DGRPC_XDS_USER_AGENT_VERSION_SUFFIX=\"1.79.0.dev0\" -DHAVE_CONFIG_H=1 -DGRPC_ENABLE_FORK_SUPPORT=1 -DGRPC_ENABLE_FORK_SUPPORT_DEFAULT=false -DGRPC_PYTHON_BUILD=1 -D__STDC_FORMAT_MACROS "-DPyMODINIT_FUNC=extern \"C\" __attribute__((visibility (\"default\"))) PyObject*" -DGRPC_POSIX_FORK_ALLOW_PTHREAD_ATFORK=1 -Isrc/python/grpcio -Iinclude -I. -Ithird_party/abseil-cpp -Ithird_party/address_sorting/include -Ithird_party/cares/cares/include -Ithird_party/cares -Ithird_party/cares/cares -Ithird_party/cares/cares/src/lib/include -Ithird_party/cares/cares/src/lib -Ithird_party/cares/config_linux -Ithird_party/re2 -Ithird_party/boringssl-with-bazel/src/include -Ithird_party/upb -Isrc/core/ext/upb-gen -Isrc/core/ext/upbdefs-gen -Ithird_party/utf8_range -Ithird_party/xxhash -Ithird_party/zlib -I/usr/local/google/home/ssreenithi/.pyenv/versions/3.12.0/envs/pyvenv_312/include -I/usr/local/google/home/ssreenithi/.pyenv/versions/3.12.0/include/python3.12 -c src/core/tsi/fake_transport_security.cc -o pyb/temp.linux-x86_64-cpython-312/src/core/tsi/fake_transport_security.o -std=c++17 -fvisibility=hidden -fno-wrapv -fno-exceptions -pthread
      g++ -fno-strict-overflow -Wsign-compare -DNDEBUG -g -O3 -Wall -fPIC -D_WIN32_WINNT=1536 -DGRPC_XDS_USER_AGENT_NAME_SUFFIX=\"Python\" -DGRPC_XDS_USER_AGENT_VERSION_SUFFIX=\"1.79.0.dev0\" -DHAVE_CONFIG_H=1 -DGRPC_ENABLE_FORK_SUPPORT=1 -DGRPC_ENABLE_FORK_SUPPORT_DEFAULT=false -DGRPC_PYTHON_BUILD=1 -D__STDC_FORMAT_MACROS "-DPyMODINIT_FUNC=extern \"C\" __attribute__((visibility (\"default\"))) PyObject*" -DGRPC_POSIX_FORK_ALLOW_PTHREAD_ATFORK=1 -Isrc/python/grpcio -Iinclude -I. -Ithird_party/abseil-cpp -Ithird_party/address_sorting/include -Ithird_party/cares/cares/include -Ithird_party/cares -Ithird_party/cares/cares -Ithird_party/cares/cares/src/lib/include -Ithird_party/cares/cares/src/lib -Ithird_party/cares/config_linux -Ithird_party/re2 -Ithird_party/boringssl-with-bazel/src/include -Ithird_party/upb -Isrc/core/ext/upb-gen -Isrc/core/ext/upbdefs-gen -Ithird_party/utf8_range -Ithird_party/xxhash -Ithird_party/zlib -I/usr/local/google/home/ssreenithi/.pyenv/versions/3.12.0/envs/pyvenv_312/include -I/usr/local/google/home/ssreenithi/.pyenv/versions/3.12.0/include/python3.12 -c src/core/resolver/xds/xds_resolver.cc -o pyb/temp.linux-x86_64-cpython-312/src/core/resolver/xds/xds_resolver.o -std=c++17 -fvisibility=hidden -fno-wrapv -fno-exceptions -pthread
      g++ -fno-strict-overflow -Wsign-compare -DNDEBUG -g -O3 -Wall -fPIC -D_WIN32_WINNT=1536 -DGRPC_XDS_USER_AGENT_NAME_SUFFIX=\"Python\" -DGRPC_XDS_USER_AGENT_VERSION_SUFFIX=\"1.79.0.dev0\" -DHAVE_CONFIG_H=1 -DGRPC_ENABLE_FORK_SUPPORT=1 -DGRPC_ENABLE_FORK_SUPPORT_DEFAULT=false -DGRPC_PYTHON_BUILD=1 -D__STDC_FORMAT_MACROS "-DPyMODINIT_FUNC=extern \"C\" __attribute__((visibility (\"default\"))) PyObject*" -DGRPC_POSIX_FORK_ALLOW_PTHREAD_ATFORK=1 -Isrc/python/grpcio -Iinclude -I. -Ithird_party/abseil-cpp -Ithird_party/address_sorting/include -Ithird_party/cares/cares/include -Ithird_party/cares -Ithird_party/cares/cares -Ithird_party/cares/cares/src/lib/include -Ithird_party/cares/cares/src/lib -Ithird_party/cares/config_linux -Ithird_party/re2 -Ithird_party/boringssl-with-bazel/src/include -Ithird_party/upb -Isrc/core/ext/upb-gen -Isrc/core/ext/upbdefs-gen -Ithird_party/utf8_range -Ithird_party/xxhash -Ithird_party/zlib -I/usr/local/google/home/ssreenithi/.pyenv/versions/3.12.0/envs/pyvenv_312/include -I/usr/local/google/home/ssreenithi/.pyenv/versions/3.12.0/include/python3.12 -c src/core/util/glob.cc -o pyb/temp.linux-x86_64-cpython-312/src/core/util/glob.o -std=c++17 -fvisibility=hidden -fno-wrapv -fno-exceptions -pthread
      g++ -fno-strict-overflow -Wsign-compare -DNDEBUG -g -O3 -Wall -fPIC -D_WIN32_WINNT=1536 -DGRPC_XDS_USER_AGENT_NAME_SUFFIX=\"Python\" -DGRPC_XDS_USER_AGENT_VERSION_SUFFIX=\"1.79.0.dev0\" -DHAVE_CONFIG_H=1 -DGRPC_ENABLE_FORK_SUPPORT=1 -DGRPC_ENABLE_FORK_SUPPORT_DEFAULT=false -DGRPC_PYTHON_BUILD=1 -D__STDC_FORMAT_MACROS "-DPyMODINIT_FUNC=extern \"C\" __attribute__((visibility (\"default\"))) PyObject*" -DGRPC_POSIX_FORK_ALLOW_PTHREAD_ATFORK=1 -Isrc/python/grpcio -Iinclude -I. -Ithird_party/abseil-cpp -Ithird_party/address_sorting/include -Ithird_party/cares/cares/include -Ithird_party/cares -Ithird_party/cares/cares -Ithird_party/cares/cares/src/lib/include -Ithird_party/cares/cares/src/lib -Ithird_party/cares/config_linux -Ithird_party/re2 -Ithird_party/boringssl-with-bazel/src/include -Ithird_party/upb -Isrc/core/ext/upb-gen -Isrc/core/ext/upbdefs-gen -Ithird_party/utf8_range -Ithird_party/xxhash -Ithird_party/zlib -I/usr/local/google/home/ssreenithi/.pyenv/versions/3.12.0/envs/pyvenv_312/include -I/usr/local/google/home/ssreenithi/.pyenv/versions/3.12.0/include/python3.12 -c src/core/lib/resource_quota/stream_quota.cc -o pyb/temp.linux-x86_64-cpython-312/src/core/lib/resource_quota/stream_quota.o -std=c++17 -fvisibility=hidden -fno-wrapv -fno-exceptions -pthread
      g++ -fno-strict-overflow -Wsign-compare -DNDEBUG -g -O3 -Wall -fPIC -D_WIN32_WINNT=1536 -DGRPC_XDS_USER_AGENT_NAME_SUFFIX=\"Python\" -DGRPC_XDS_USER_AGENT_VERSION_SUFFIX=\"1.79.0.dev0\" -DHAVE_CONFIG_H=1 -DGRPC_ENABLE_FORK_SUPPORT=1 -DGRPC_ENABLE_FORK_SUPPORT_DEFAULT=false -DGRPC_PYTHON_BUILD=1 -D__STDC_FORMAT_MACROS "-DPyMODINIT_FUNC=extern \"C\" __attribute__((visibility (\"default\"))) PyObject*" -DGRPC_POSIX_FORK_ALLOW_PTHREAD_ATFORK=1 -Isrc/python/grpcio -Iinclude -I. -Ithird_party/abseil-cpp -Ithird_party/address_sorting/include -Ithird_party/cares/cares/include -Ithird_party/cares -Ithird_party/cares/cares -Ithird_party/cares/cares/src/lib/include -Ithird_party/cares/cares/src/lib -Ithird_party/cares/config_linux -Ithird_party/re2 -Ithird_party/boringssl-with-bazel/src/include -Ithird_party/upb -Isrc/core/ext/upb-gen -Isrc/core/ext/upbdefs-gen -Ithird_party/utf8_range -Ithird_party/xxhash -Ithird_party/zlib -I/usr/local/google/home/ssreenithi/.pyenv/versions/3.12.0/envs/pyvenv_312/include -I/usr/local/google/home/ssreenithi/.pyenv/versions/3.12.0/include/python3.12 -c src/core/util/strerror.cc -o pyb/temp.linux-x86_64-cpython-312/src/core/util/strerror.o -std=c++17 -fvisibility=hidden -fno-wrapv -fno-exceptions -pthread
      g++ -fno-strict-overflow -Wsign-compare -DNDEBUG -g -O3 -Wall -fPIC -D_WIN32_WINNT=1536 -DGRPC_XDS_USER_AGENT_NAME_SUFFIX=\"Python\" -DGRPC_XDS_USER_AGENT_VERSION_SUFFIX=\"1.79.0.dev0\" -DHAVE_CONFIG_H=1 -DGRPC_ENABLE_FORK_SUPPORT=1 -DGRPC_ENABLE_FORK_SUPPORT_DEFAULT=false -DGRPC_PYTHON_BUILD=1 -D__STDC_FORMAT_MACROS "-DPyMODINIT_FUNC=extern \"C\" __attribute__((visibility (\"default\"))) PyObject*" -DGRPC_POSIX_FORK_ALLOW_PTHREAD_ATFORK=1 -Isrc/python/grpcio -Iinclude -I. -Ithird_party/abseil-cpp -Ithird_party/address_sorting/include -Ithird_party/cares/cares/include -Ithird_party/cares -Ithird_party/cares/cares -Ithird_party/cares/cares/src/lib/include -Ithird_party/cares/cares/src/lib -Ithird_party/cares/config_linux -Ithird_party/re2 -Ithird_party/boringssl-with-bazel/src/include -Ithird_party/upb -Isrc/core/ext/upb-gen -Isrc/core/ext/upbdefs-gen -Ithird_party/utf8_range -Ithird_party/xxhash -Ithird_party/zlib -I/usr/local/google/home/ssreenithi/.pyenv/versions/3.12.0/envs/pyvenv_312/include -I/usr/local/google/home/ssreenithi/.pyenv/versions/3.12.0/include/python3.12 -c src/core/lib/surface/validate_metadata.cc -o pyb/temp.linux-x86_64-cpython-312/src/core/lib/surface/validate_metadata.o -std=c++17 -fvisibility=hidden -fno-wrapv -fno-exceptions -pthread
      g++ -fno-strict-overflow -Wsign-compare -DNDEBUG -g -O3 -Wall -fPIC -D_WIN32_WINNT=1536 -DGRPC_XDS_USER_AGENT_NAME_SUFFIX=\"Python\" -DGRPC_XDS_USER_AGENT_VERSION_SUFFIX=\"1.79.0.dev0\" -DHAVE_CONFIG_H=1 -DGRPC_ENABLE_FORK_SUPPORT=1 -DGRPC_ENABLE_FORK_SUPPORT_DEFAULT=false -DGRPC_PYTHON_BUILD=1 -D__STDC_FORMAT_MACROS "-DPyMODINIT_FUNC=extern \"C\" __attribute__((visibility (\"default\"))) PyObject*" -DGRPC_POSIX_FORK_ALLOW_PTHREAD_ATFORK=1 -Isrc/python/grpcio -Iinclude -I. -Ithird_party/abseil-cpp -Ithird_party/address_sorting/include -Ithird_party/cares/cares/include -Ithird_party/cares -Ithird_party/cares/cares -Ithird_party/cares/cares/src/lib/include -Ithird_party/cares/cares/src/lib -Ithird_party/cares/config_linux -Ithird_party/re2 -Ithird_party/boringssl-with-bazel/src/include -Ithird_party/upb -Isrc/core/ext/upb-gen -Isrc/core/ext/upbdefs-gen -Ithird_party/utf8_range -Ithird_party/xxhash -Ithird_party/zlib -I/usr/local/google/home/ssreenithi/.pyenv/versions/3.12.0/envs/pyvenv_312/include -I/usr/local/google/home/ssreenithi/.pyenv/versions/3.12.0/include/python3.12 -c src/core/lib/event_engine/posix_engine/ev_poll_posix.cc -o pyb/temp.linux-x86_64-cpython-312/src/core/lib/event_engine/posix_engine/ev_poll_posix.o -std=c++17 -fvisibility=hidden -fno-wrapv -fno-exceptions -pthread
      g++ -fno-strict-overflow -Wsign-compare -DNDEBUG -g -O3 -Wall -fPIC -D_WIN32_WINNT=1536 -DGRPC_XDS_USER_AGENT_NAME_SUFFIX=\"Python\" -DGRPC_XDS_USER_AGENT_VERSION_SUFFIX=\"1.79.0.dev0\" -DHAVE_CONFIG_H=1 -DGRPC_ENABLE_FORK_SUPPORT=1 -DGRPC_ENABLE_FORK_SUPPORT_DEFAULT=false -DGRPC_PYTHON_BUILD=1 -D__STDC_FORMAT_MACROS "-DPyMODINIT_FUNC=extern \"C\" __attribute__((visibility (\"default\"))) PyObject*" -DGRPC_POSIX_FORK_ALLOW_PTHREAD_ATFORK=1 -Isrc/python/grpcio -Iinclude -I. -Ithird_party/abseil-cpp -Ithird_party/address_sorting/include -Ithird_party/cares/cares/include -Ithird_party/cares -Ithird_party/cares/cares -Ithird_party/cares/cares/src/lib/include -Ithird_party/cares/cares/src/lib -Ithird_party/cares/config_linux -Ithird_party/re2 -Ithird_party/boringssl-with-bazel/src/include -Ithird_party/upb -Isrc/core/ext/upb-gen -Isrc/core/ext/upbdefs-gen -Ithird_party/utf8_range -Ithird_party/xxhash -Ithird_party/zlib -I/usr/local/google/home/ssreenithi/.pyenv/versions/3.12.0/envs/pyvenv_312/include -I/usr/local/google/home/ssreenithi/.pyenv/versions/3.12.0/include/python3.12 -c src/core/util/uri.cc -o pyb/temp.linux-x86_64-cpython-312/src/core/util/uri.o -std=c++17 -fvisibility=hidden -fno-wrapv -fno-exceptions -pthread
      In file included from ./src/core/lib/promise/activity.h:30,
                       from ./src/core/lib/resource_quota/memory_quota.h:39,
                       from ./src/core/lib/resource_quota/arena.h:39,
                       from ./src/core/util/chunked_vector.h:24,
                       from ./src/core/call/metadata_batch.h:41,
                       from src/core/ext/transport/chttp2/transport/writing.cc:33:
      ./src/core/lib/promise/detail/promise_factory.h:210:5: warning: ‘always_inline’ function might not be inlinable unless also declared ‘inline’ [-Wattributes]
        210 |     PromiseFactoryImpl(Token, F&& f) {
            |     ^~~~~~~~~~~~~~~~~~
      ./src/core/lib/promise/detail/promise_factory.h:210:5: warning: ‘always_inline’ function might not be inlinable unless also declared ‘inline’ [-Wattributes]
      ./src/core/lib/promise/detail/promise_factory.h:210:5: warning: ‘always_inline’ function might not be inlinable unless also declared ‘inline’ [-Wattributes]
      ./src/core/lib/promise/detail/promise_factory.h:210:5: warning: ‘always_inline’ function might not be inlinable unless also declared ‘inline’ [-Wattributes]
      ./src/core/lib/promise/detail/promise_factory.h:210:5: warning: ‘always_inline’ function might not be inlinable unless also declared ‘inline’ [-Wattributes]
      ./src/core/lib/promise/detail/promise_factory.h:210:5: warning: ‘always_inline’ function might not be inlinable unless also declared ‘inline’ [-Wattributes]
      ./src/core/lib/promise/detail/promise_factory.h:210:5: warning: ‘always_inline’ function might not be inlinable unless also declared ‘inline’ [-Wattributes]
      In file included from third_party/abseil-cpp/absl/log/internal/log_impl.h:19,
                       from third_party/abseil-cpp/absl/log/log.h:209,
                       from ./src/core/lib/debug/trace_impl.h:25,
                       from ./src/core/lib/debug/trace_flags.h:22,
                       from ./src/core/lib/debug/trace.h:18,
                       from ./src/core/lib/iomgr/error.h:29,
                       from ./src/core/lib/iomgr/closure.h:27,
                       from ./src/core/lib/iomgr/exec_ctx.h:37,
                       from ./src/core/lib/iomgr/pollset.h:26,
                       from ./src/core/lib/iomgr/endpoint.h:28,
                       from ./src/core/lib/iomgr/event_engine_shims/tcp_client.h:19,
                       from src/core/lib/iomgr/event_engine_shims/tcp_client.cc:14:
      In lambda function,
          inlined from ‘constexpr _Res std::__invoke_impl(__invoke_other, _Fn&&, _Args&& ...) [with _Res = void; _Fn = grpc_event_engine::experimental::event_engine_tcp_client_connect(grpc_closure*, grpc_endpoint**, const EndpointConfig&, const grpc_resolved_address*, grpc_core::Timestamp)::<lambda(absl::lts_20250512::StatusOr<unique_ptr<grpc_event_engine::experimental::EventEngine::Endpoint> >)>&; _Args = {absl::lts_20250512::StatusOr<unique_ptr<grpc_event_engine::experimental::EventEngine::Endpoint, default_delete<grpc_event_engine::experimental::EventEngine::Endpoint> > >}]’ at /usr/include/c++/15/bits/invoke.h:63:36,
          inlined from ‘constexpr typename std::__invoke_result<_Functor, _ArgTypes>::type std::__invoke(_Callable&&, _Args&& ...) [with _Callable = grpc_event_engine::experimental::event_engine_tcp_client_connect(grpc_closure*, grpc_endpoint**, const EndpointConfig&, const grpc_resolved_address*, grpc_core::Timestamp)::<lambda(absl::lts_20250512::StatusOr<unique_ptr<grpc_event_engine::experimental::EventEngine::Endpoint> >)>&; _Args = {absl::lts_20250512::StatusOr<unique_ptr<grpc_event_engine::experimental::EventEngine::Endpoint, default_delete<grpc_event_engine::experimental::EventEngine::Endpoint> > >}]’ at /usr/include/c++/15/bits/invoke.h:98:40,
          inlined from ‘std::invoke_result_t<_Callable, _Args ...> std::invoke(_Callable&&, _Args&& ...) [with _Callable = grpc_event_engine::experimental::event_engine_tcp_client_connect(grpc_closure*, grpc_endpoint**, const EndpointConfig&, const grpc_resolved_address*, grpc_core::Timestamp)::<lambda(absl::lts_20250512::StatusOr<unique_ptr<grpc_event_engine::experimental::EventEngine::Endpoint> >)>&; _Args = {absl::lts_20250512::StatusOr<unique_ptr<grpc_event_engine::experimental::EventEngine::Endpoint, default_delete<grpc_event_engine::experimental::EventEngine::Endpoint> > >}]’ at /usr/include/c++/15/functional:122:27,
          inlined from ‘ReturnType absl::lts_20250512::internal_any_invocable::InvokeR(F&&, P&& ...) [with ReturnType = void; F = grpc_event_engine::experimental::event_engine_tcp_client_connect(grpc_closure*, grpc_endpoint**, const EndpointConfig&, const grpc_resolved_address*, grpc_core::Timestamp)::<lambda(absl::lts_20250512::StatusOr<std::unique_ptr<grpc_event_engine::experimental::EventEngine::Endpoint> >)>&; P = {absl::lts_20250512::StatusOr<std::unique_ptr<grpc_event_engine::experimental::EventEngine::Endpoint, std::default_delete<grpc_event_engine::experimental::EventEngine::Endpoint> > >}]’ at third_party/abseil-cpp/absl/functional/internal/any_invocable.h:120:16,
          inlined from ‘ReturnType absl::lts_20250512::internal_any_invocable::LocalInvoker(TypeErasedState*, ForwardedParameterType<P>...) [with bool SigIsNoexcept = false; ReturnType = void; QualTRef = grpc_event_engine::experimental::event_engine_tcp_client_connect(grpc_closure*, grpc_endpoint**, const EndpointConfig&, const grpc_resolved_address*, grpc_core::Timestamp)::<lambda(absl::lts_20250512::StatusOr<std::unique_ptr<grpc_event_engine::experimental::EventEngine::Endpoint> >)>&; P = {absl::lts_20250512::StatusOr<std::unique_ptr<grpc_event_engine::experimental::EventEngine::Endpoint, std::default_delete<grpc_event_engine::experimental::EventEngine::Endpoint> > >}]’ at third_party/abseil-cpp/absl/functional/internal/any_invocable.h:268:31:
      third_party/abseil-cpp/absl/log/internal/conditions.h:68:62: warning: ‘SR.1897’ may be used uninitialized [-Wmaybe-uninitialized]
         68 |     !(condition) ? (void)0 : ::absl::log_internal::Voidify() &&
      third_party/abseil-cpp/absl/log/internal/conditions.h:169:3: note: in expansion of macro ‘ABSL_LOG_INTERNAL_STATELESS_CONDITION’
        169 |   ABSL_LOG_INTERNAL_##type##_CONDITION(condition)
            |   ^~~~~~~~~~~~~~~~~~
      third_party/abseil-cpp/absl/log/internal/log_impl.h:75:3: note: in expansion of macro ‘ABSL_LOG_INTERNAL_CONDITION_INFO’
         75 |   ABSL_LOG_INTERNAL_CONDITION##severity(STATELESS, condition) \
            |   ^~~~~~~~~~~~~~~~~~~~~~~~~~~
      third_party/abseil-cpp/absl/log/log.h:265:3: note: in expansion of macro ‘ABSL_LOG_INTERNAL_LOG_IF_IMPL’
        265 |   ABSL_LOG_INTERNAL_LOG_IF_IMPL(_##severity, condition)
            |   ^~~~~~~~~~~~~~~~~~~~~~~~~~~~~
      ./src/core/lib/debug/trace_impl.h:88:3: note: in expansion of macro ‘LOG_IF’
         88 |   LOG_IF(level, GRPC_TRACE_FLAG_ENABLED(tracer))
            |   ^~~~~~
      src/core/lib/iomgr/event_engine_shims/tcp_client.cc:63:9: note: in expansion of macro ‘GRPC_TRACE_LOG’
         63 |         GRPC_TRACE_LOG(event_engine, INFO)
            |         ^~~~~~~~~~~~~~
      In file included from /usr/include/c++/15/bits/refwrap.h:40,
                       from /usr/include/c++/15/string:54,
                       from include/grpc/event_engine/endpoint_config.h:20,
                       from include/grpc/event_engine/event_engine.h:17,
                       from ./src/core/lib/iomgr/event_engine_shims/tcp_client.h:16:
      /usr/include/c++/15/bits/invoke.h: In function ‘ReturnType absl::lts_20250512::internal_any_invocable::LocalInvoker(TypeErasedState*, ForwardedParameterType<P>...) [with bool SigIsNoexcept = false; ReturnType = void; QualTRef = grpc_event_engine::experimental::event_engine_tcp_client_connect(grpc_closure*, grpc_endpoint**, const EndpointConfig&, const grpc_resolved_address*, grpc_core::Timestamp)::<lambda(absl::lts_20250512::StatusOr<std::unique_ptr<grpc_event_engine::experimental::EventEngine::Endpoint> >)>&; P = {absl::lts_20250512::StatusOr<std::unique_ptr<grpc_event_engine::experimental::EventEngine::Endpoint, std::default_delete<grpc_event_engine::experimental::EventEngine::Endpoint> > >}]’:
      /usr/include/c++/15/bits/invoke.h:63:36: note: ‘SR.1897’ was declared here
         63 |     { return std::forward<_Fn>(__f)(std::forward<_Args>(__args)...); }
            |              ~~~~~~~~~~~~~~~~~~~~~~^~~~~~~~~~~~~~~~~~~~~~~~~~~~~~~~
      g++ -fno-strict-overflow -Wsign-compare -DNDEBUG -g -O3 -Wall -fPIC -D_WIN32_WINNT=1536 -DGRPC_XDS_USER_AGENT_NAME_SUFFIX=\"Python\" -DGRPC_XDS_USER_AGENT_VERSION_SUFFIX=\"1.79.0.dev0\" -DHAVE_CONFIG_H=1 -DGRPC_ENABLE_FORK_SUPPORT=1 -DGRPC_ENABLE_FORK_SUPPORT_DEFAULT=false -DGRPC_PYTHON_BUILD=1 -D__STDC_FORMAT_MACROS "-DPyMODINIT_FUNC=extern \"C\" __attribute__((visibility (\"default\"))) PyObject*" -DGRPC_POSIX_FORK_ALLOW_PTHREAD_ATFORK=1 -Isrc/python/grpcio -Iinclude -I. -Ithird_party/abseil-cpp -Ithird_party/address_sorting/include -Ithird_party/cares/cares/include -Ithird_party/cares -Ithird_party/cares/cares -Ithird_party/cares/cares/src/lib/include -Ithird_party/cares/cares/src/lib -Ithird_party/cares/config_linux -Ithird_party/re2 -Ithird_party/boringssl-with-bazel/src/include -Ithird_party/upb -Isrc/core/ext/upb-gen -Isrc/core/ext/upbdefs-gen -Ithird_party/utf8_range -Ithird_party/xxhash -Ithird_party/zlib -I/usr/local/google/home/ssreenithi/.pyenv/versions/3.12.0/envs/pyvenv_312/include -I/usr/local/google/home/ssreenithi/.pyenv/versions/3.12.0/include/python3.12 -c src/core/config/load_config.cc -o pyb/temp.linux-x86_64-cpython-312/src/core/config/load_config.o -std=c++17 -fvisibility=hidden -fno-wrapv -fno-exceptions -pthread
      g++ -fno-strict-overflow -Wsign-compare -DNDEBUG -g -O3 -Wall -fPIC -D_WIN32_WINNT=1536 -DGRPC_XDS_USER_AGENT_NAME_SUFFIX=\"Python\" -DGRPC_XDS_USER_AGENT_VERSION_SUFFIX=\"1.79.0.dev0\" -DHAVE_CONFIG_H=1 -DGRPC_ENABLE_FORK_SUPPORT=1 -DGRPC_ENABLE_FORK_SUPPORT_DEFAULT=false -DGRPC_PYTHON_BUILD=1 -D__STDC_FORMAT_MACROS "-DPyMODINIT_FUNC=extern \"C\" __attribute__((visibility (\"default\"))) PyObject*" -DGRPC_POSIX_FORK_ALLOW_PTHREAD_ATFORK=1 -Isrc/python/grpcio -Iinclude -I. -Ithird_party/abseil-cpp -Ithird_party/address_sorting/include -Ithird_party/cares/cares/include -Ithird_party/cares -Ithird_party/cares/cares -Ithird_party/cares/cares/src/lib/include -Ithird_party/cares/cares/src/lib -Ithird_party/cares/config_linux -Ithird_party/re2 -Ithird_party/boringssl-with-bazel/src/include -Ithird_party/upb -Isrc/core/ext/upb-gen -Isrc/core/ext/upbdefs-gen -Ithird_party/utf8_range -Ithird_party/xxhash -Ithird_party/zlib -I/usr/local/google/home/ssreenithi/.pyenv/versions/3.12.0/envs/pyvenv_312/include -I/usr/local/google/home/ssreenithi/.pyenv/versions/3.12.0/include/python3.12 -c src/core/channelz/property_list.cc -o pyb/temp.linux-x86_64-cpython-312/src/core/channelz/property_list.o -std=c++17 -fvisibility=hidden -fno-wrapv -fno-exceptions -pthread
      g++ -fno-strict-overflow -Wsign-compare -DNDEBUG -g -O3 -Wall -fPIC -D_WIN32_WINNT=1536 -DGRPC_XDS_USER_AGENT_NAME_SUFFIX=\"Python\" -DGRPC_XDS_USER_AGENT_VERSION_SUFFIX=\"1.79.0.dev0\" -DHAVE_CONFIG_H=1 -DGRPC_ENABLE_FORK_SUPPORT=1 -DGRPC_ENABLE_FORK_SUPPORT_DEFAULT=false -DGRPC_PYTHON_BUILD=1 -D__STDC_FORMAT_MACROS "-DPyMODINIT_FUNC=extern \"C\" __attribute__((visibility (\"default\"))) PyObject*" -DGRPC_POSIX_FORK_ALLOW_PTHREAD_ATFORK=1 -Isrc/python/grpcio -Iinclude -I. -Ithird_party/abseil-cpp -Ithird_party/address_sorting/include -Ithird_party/cares/cares/include -Ithird_party/cares -Ithird_party/cares/cares -Ithird_party/cares/cares/src/lib/include -Ithird_party/cares/cares/src/lib -Ithird_party/cares/config_linux -Ithird_party/re2 -Ithird_party/boringssl-with-bazel/src/include -Ithird_party/upb -Isrc/core/ext/upb-gen -Isrc/core/ext/upbdefs-gen -Ithird_party/utf8_range -Ithird_party/xxhash -Ithird_party/zlib -I/usr/local/google/home/ssreenithi/.pyenv/versions/3.12.0/envs/pyvenv_312/include -I/usr/local/google/home/ssreenithi/.pyenv/versions/3.12.0/include/python3.12 -c src/core/xds/grpc/xds_http_filter_registry.cc -o pyb/temp.linux-x86_64-cpython-312/src/core/xds/grpc/xds_http_filter_registry.o -std=c++17 -fvisibility=hidden -fno-wrapv -fno-exceptions -pthread
      g++ -fno-strict-overflow -Wsign-compare -DNDEBUG -g -O3 -Wall -fPIC -D_WIN32_WINNT=1536 -DGRPC_XDS_USER_AGENT_NAME_SUFFIX=\"Python\" -DGRPC_XDS_USER_AGENT_VERSION_SUFFIX=\"1.79.0.dev0\" -DHAVE_CONFIG_H=1 -DGRPC_ENABLE_FORK_SUPPORT=1 -DGRPC_ENABLE_FORK_SUPPORT_DEFAULT=false -DGRPC_PYTHON_BUILD=1 -D__STDC_FORMAT_MACROS "-DPyMODINIT_FUNC=extern \"C\" __attribute__((visibility (\"default\"))) PyObject*" -DGRPC_POSIX_FORK_ALLOW_PTHREAD_ATFORK=1 -Isrc/python/grpcio -Iinclude -I. -Ithird_party/abseil-cpp -Ithird_party/address_sorting/include -Ithird_party/cares/cares/include -Ithird_party/cares -Ithird_party/cares/cares -Ithird_party/cares/cares/src/lib/include -Ithird_party/cares/cares/src/lib -Ithird_party/cares/config_linux -Ithird_party/re2 -Ithird_party/boringssl-with-bazel/src/include -Ithird_party/upb -Isrc/core/ext/upb-gen -Isrc/core/ext/upbdefs-gen -Ithird_party/utf8_range -Ithird_party/xxhash -Ithird_party/zlib -I/usr/local/google/home/ssreenithi/.pyenv/versions/3.12.0/envs/pyvenv_312/include -I/usr/local/google/home/ssreenithi/.pyenv/versions/3.12.0/include/python3.12 -c src/core/lib/event_engine/posix_engine/posix_engine.cc -o pyb/temp.linux-x86_64-cpython-312/src/core/lib/event_engine/posix_engine/posix_engine.o -std=c++17 -fvisibility=hidden -fno-wrapv -fno-exceptions -pthread
      g++ -fno-strict-overflow -Wsign-compare -DNDEBUG -g -O3 -Wall -fPIC -D_WIN32_WINNT=1536 -DGRPC_XDS_USER_AGENT_NAME_SUFFIX=\"Python\" -DGRPC_XDS_USER_AGENT_VERSION_SUFFIX=\"1.79.0.dev0\" -DHAVE_CONFIG_H=1 -DGRPC_ENABLE_FORK_SUPPORT=1 -DGRPC_ENABLE_FORK_SUPPORT_DEFAULT=false -DGRPC_PYTHON_BUILD=1 -D__STDC_FORMAT_MACROS "-DPyMODINIT_FUNC=extern \"C\" __attribute__((visibility (\"default\"))) PyObject*" -DGRPC_POSIX_FORK_ALLOW_PTHREAD_ATFORK=1 -Isrc/python/grpcio -Iinclude -I. -Ithird_party/abseil-cpp -Ithird_party/address_sorting/include -Ithird_party/cares/cares/include -Ithird_party/cares -Ithird_party/cares/cares -Ithird_party/cares/cares/src/lib/include -Ithird_party/cares/cares/src/lib -Ithird_party/cares/config_linux -Ithird_party/re2 -Ithird_party/boringssl-with-bazel/src/include -Ithird_party/upb -Isrc/core/ext/upb-gen -Isrc/core/ext/upbdefs-gen -Ithird_party/utf8_range -Ithird_party/xxhash -Ithird_party/zlib -I/usr/local/google/home/ssreenithi/.pyenv/versions/3.12.0/envs/pyvenv_312/include -I/usr/local/google/home/ssreenithi/.pyenv/versions/3.12.0/include/python3.12 -c src/core/tsi/ssl_transport_security.cc -o pyb/temp.linux-x86_64-cpython-312/src/core/tsi/ssl_transport_security.o -std=c++17 -fvisibility=hidden -fno-wrapv -fno-exceptions -pthread
      In file included from ./src/core/lib/promise/activity.h:30,
                       from ./src/core/call/call_state.h:23,
                       from ./src/core/call/call_filters.h:26,
                       from ./src/core/lib/channel/promise_based_filter.h:36,
                       from src/core/lib/channel/promise_based_filter.cc:15:
      ./src/core/lib/promise/detail/promise_factory.h:210:5: warning: ‘always_inline’ function might not be inlinable unless also declared ‘inline’ [-Wattributes]
        210 |     PromiseFactoryImpl(Token, F&& f) {
            |     ^~~~~~~~~~~~~~~~~~
      ./src/core/lib/promise/detail/promise_factory.h:210:5: warning: ‘always_inline’ function might not be inlinable unless also declared ‘inline’ [-Wattributes]
      ./src/core/lib/promise/detail/promise_factory.h:210:5: warning: ‘always_inline’ function might not be inlinable unless also declared ‘inline’ [-Wattributes]
      ./src/core/lib/promise/detail/promise_factory.h:210:5: warning: ‘always_inline’ function might not be inlinable unless also declared ‘inline’ [-Wattributes]
      ./src/core/lib/promise/detail/promise_factory.h:210:5: warning: ‘always_inline’ function might not be inlinable unless also declared ‘inline’ [-Wattributes]
      ./src/core/lib/promise/detail/promise_factory.h:210:5: warning: ‘always_inline’ function might not be inlinable unless also declared ‘inline’ [-Wattributes]
      ./src/core/lib/promise/detail/promise_factory.h:210:5: warning: ‘always_inline’ function might not be inlinable unless also declared ‘inline’ [-Wattributes]
      ./src/core/lib/promise/detail/promise_factory.h:210:5: warning: ‘always_inline’ function might not be inlinable unless also declared ‘inline’ [-Wattributes]
      ./src/core/lib/promise/detail/promise_factory.h:210:5: warning: ‘always_inline’ function might not be inlinable unless also declared ‘inline’ [-Wattributes]
      g++ -fno-strict-overflow -Wsign-compare -DNDEBUG -g -O3 -Wall -fPIC -D_WIN32_WINNT=1536 -DGRPC_XDS_USER_AGENT_NAME_SUFFIX=\"Python\" -DGRPC_XDS_USER_AGENT_VERSION_SUFFIX=\"1.79.0.dev0\" -DHAVE_CONFIG_H=1 -DGRPC_ENABLE_FORK_SUPPORT=1 -DGRPC_ENABLE_FORK_SUPPORT_DEFAULT=false -DGRPC_PYTHON_BUILD=1 -D__STDC_FORMAT_MACROS "-DPyMODINIT_FUNC=extern \"C\" __attribute__((visibility (\"default\"))) PyObject*" -DGRPC_POSIX_FORK_ALLOW_PTHREAD_ATFORK=1 -Isrc/python/grpcio -Iinclude -I. -Ithird_party/abseil-cpp -Ithird_party/address_sorting/include -Ithird_party/cares/cares/include -Ithird_party/cares -Ithird_party/cares/cares -Ithird_party/cares/cares/src/lib/include -Ithird_party/cares/cares/src/lib -Ithird_party/cares/config_linux -Ithird_party/re2 -Ithird_party/boringssl-with-bazel/src/include -Ithird_party/upb -Isrc/core/ext/upb-gen -Isrc/core/ext/upbdefs-gen -Ithird_party/utf8_range -Ithird_party/xxhash -Ithird_party/zlib -I/usr/local/google/home/ssreenithi/.pyenv/versions/3.12.0/envs/pyvenv_312/include -I/usr/local/google/home/ssreenithi/.pyenv/versions/3.12.0/include/python3.12 -c src/core/lib/event_engine/resolved_address.cc -o pyb/temp.linux-x86_64-cpython-312/src/core/lib/event_engine/resolved_address.o -std=c++17 -fvisibility=hidden -fno-wrapv -fno-exceptions -pthread
      g++ -fno-strict-overflow -Wsign-compare -DNDEBUG -g -O3 -Wall -fPIC -D_WIN32_WINNT=1536 -DGRPC_XDS_USER_AGENT_NAME_SUFFIX=\"Python\" -DGRPC_XDS_USER_AGENT_VERSION_SUFFIX=\"1.79.0.dev0\" -DHAVE_CONFIG_H=1 -DGRPC_ENABLE_FORK_SUPPORT=1 -DGRPC_ENABLE_FORK_SUPPORT_DEFAULT=false -DGRPC_PYTHON_BUILD=1 -D__STDC_FORMAT_MACROS "-DPyMODINIT_FUNC=extern \"C\" __attribute__((visibility (\"default\"))) PyObject*" -DGRPC_POSIX_FORK_ALLOW_PTHREAD_ATFORK=1 -Isrc/python/grpcio -Iinclude -I. -Ithird_party/abseil-cpp -Ithird_party/address_sorting/include -Ithird_party/cares/cares/include -Ithird_party/cares -Ithird_party/cares/cares -Ithird_party/cares/cares/src/lib/include -Ithird_party/cares/cares/src/lib -Ithird_party/cares/config_linux -Ithird_party/re2 -Ithird_party/boringssl-with-bazel/src/include -Ithird_party/upb -Isrc/core/ext/upb-gen -Isrc/core/ext/upbdefs-gen -Ithird_party/utf8_range -Ithird_party/xxhash -Ithird_party/zlib -I/usr/local/google/home/ssreenithi/.pyenv/versions/3.12.0/envs/pyvenv_312/include -I/usr/local/google/home/ssreenithi/.pyenv/versions/3.12.0/include/python3.12 -c src/core/xds/grpc/xds_common_types_parser.cc -o pyb/temp.linux-x86_64-cpython-312/src/core/xds/grpc/xds_common_types_parser.o -std=c++17 -fvisibility=hidden -fno-wrapv -fno-exceptions -pthread
      g++ -fno-strict-overflow -Wsign-compare -DNDEBUG -g -O3 -Wall -fPIC -D_WIN32_WINNT=1536 -DGRPC_XDS_USER_AGENT_NAME_SUFFIX=\"Python\" -DGRPC_XDS_USER_AGENT_VERSION_SUFFIX=\"1.79.0.dev0\" -DHAVE_CONFIG_H=1 -DGRPC_ENABLE_FORK_SUPPORT=1 -DGRPC_ENABLE_FORK_SUPPORT_DEFAULT=false -DGRPC_PYTHON_BUILD=1 -D__STDC_FORMAT_MACROS "-DPyMODINIT_FUNC=extern \"C\" __attribute__((visibility (\"default\"))) PyObject*" -DGRPC_POSIX_FORK_ALLOW_PTHREAD_ATFORK=1 -Isrc/python/grpcio -Iinclude -I. -Ithird_party/abseil-cpp -Ithird_party/address_sorting/include -Ithird_party/cares/cares/include -Ithird_party/cares -Ithird_party/cares/cares -Ithird_party/cares/cares/src/lib/include -Ithird_party/cares/cares/src/lib -Ithird_party/cares/config_linux -Ithird_party/re2 -Ithird_party/boringssl-with-bazel/src/include -Ithird_party/upb -Isrc/core/ext/upb-gen -Isrc/core/ext/upbdefs-gen -Ithird_party/utf8_range -Ithird_party/xxhash -Ithird_party/zlib -I/usr/local/google/home/ssreenithi/.pyenv/versions/3.12.0/envs/pyvenv_312/include -I/usr/local/google/home/ssreenithi/.pyenv/versions/3.12.0/include/python3.12 -c src/core/ext/transport/chttp2/transport/frame_window_update.cc -o pyb/temp.linux-x86_64-cpython-312/src/core/ext/transport/chttp2/transport/frame_window_update.o -std=c++17 -fvisibility=hidden -fno-wrapv -fno-exceptions -pthread
      In file included from ./src/core/lib/promise/activity.h:30,
                       from ./src/core/lib/resource_quota/memory_quota.h:39,
                       from ./src/core/lib/resource_quota/arena.h:39,
                       from ./src/core/lib/promise/arena_promise.h:28,
                       from ./src/core/credentials/transport/security_connector.h:36,
                       from ./src/core/credentials/call/call_credentials.h:31,
                       from ./src/core/credentials/call/iam/iam_credentials.h:29,
                       from src/core/credentials/call/iam/iam_credentials.cc:19:
      ./src/core/lib/promise/detail/promise_factory.h:210:5: warning: ‘always_inline’ function might not be inlinable unless also declared ‘inline’ [-Wattributes]
        210 |     PromiseFactoryImpl(Token, F&& f) {
            |     ^~~~~~~~~~~~~~~~~~
      ./src/core/lib/promise/detail/promise_factory.h:210:5: warning: ‘always_inline’ function might not be inlinable unless also declared ‘inline’ [-Wattributes]
      ./src/core/lib/promise/detail/promise_factory.h:210:5: warning: ‘always_inline’ function might not be inlinable unless also declared ‘inline’ [-Wattributes]
      g++ -fno-strict-overflow -Wsign-compare -DNDEBUG -g -O3 -Wall -fPIC -D_WIN32_WINNT=1536 -DGRPC_XDS_USER_AGENT_NAME_SUFFIX=\"Python\" -DGRPC_XDS_USER_AGENT_VERSION_SUFFIX=\"1.79.0.dev0\" -DHAVE_CONFIG_H=1 -DGRPC_ENABLE_FORK_SUPPORT=1 -DGRPC_ENABLE_FORK_SUPPORT_DEFAULT=false -DGRPC_PYTHON_BUILD=1 -D__STDC_FORMAT_MACROS "-DPyMODINIT_FUNC=extern \"C\" __attribute__((visibility (\"default\"))) PyObject*" -DGRPC_POSIX_FORK_ALLOW_PTHREAD_ATFORK=1 -Isrc/python/grpcio -Iinclude -I. -Ithird_party/abseil-cpp -Ithird_party/address_sorting/include -Ithird_party/cares/cares/include -Ithird_party/cares -Ithird_party/cares/cares -Ithird_party/cares/cares/src/lib/include -Ithird_party/cares/cares/src/lib -Ithird_party/cares/config_linux -Ithird_party/re2 -Ithird_party/boringssl-with-bazel/src/include -Ithird_party/upb -Isrc/core/ext/upb-gen -Isrc/core/ext/upbdefs-gen -Ithird_party/utf8_range -Ithird_party/xxhash -Ithird_party/zlib -I/usr/local/google/home/ssreenithi/.pyenv/versions/3.12.0/envs/pyvenv_312/include -I/usr/local/google/home/ssreenithi/.pyenv/versions/3.12.0/include/python3.12 -c src/core/credentials/transport/fake/fake_security_connector.cc -o pyb/temp.linux-x86_64-cpython-312/src/core/credentials/transport/fake/fake_security_connector.o -std=c++17 -fvisibility=hidden -fno-wrapv -fno-exceptions -pthread
      ./src/core/lib/promise/detail/promise_factory.h:210:5: warning: ‘always_inline’ function might not be inlinable unless also declared ‘inline’ [-Wattributes]
      ./src/core/lib/promise/detail/promise_factory.h:210:5: warning: ‘always_inline’ function might not be inlinable unless also declared ‘inline’ [-Wattributes]
      ./src/core/lib/promise/detail/promise_factory.h:210:5: warning: ‘always_inline’ function might not be inlinable unless also declared ‘inline’ [-Wattributes]
      ./src/core/lib/promise/detail/promise_factory.h:210:5: warning: ‘always_inline’ function might not be inlinable unless also declared ‘inline’ [-Wattributes]
      g++ -fno-strict-overflow -Wsign-compare -DNDEBUG -g -O3 -Wall -fPIC -D_WIN32_WINNT=1536 -DGRPC_XDS_USER_AGENT_NAME_SUFFIX=\"Python\" -DGRPC_XDS_USER_AGENT_VERSION_SUFFIX=\"1.79.0.dev0\" -DHAVE_CONFIG_H=1 -DGRPC_ENABLE_FORK_SUPPORT=1 -DGRPC_ENABLE_FORK_SUPPORT_DEFAULT=false -DGRPC_PYTHON_BUILD=1 -D__STDC_FORMAT_MACROS "-DPyMODINIT_FUNC=extern \"C\" __attribute__((visibility (\"default\"))) PyObject*" -DGRPC_POSIX_FORK_ALLOW_PTHREAD_ATFORK=1 -Isrc/python/grpcio -Iinclude -I. -Ithird_party/abseil-cpp -Ithird_party/address_sorting/include -Ithird_party/cares/cares/include -Ithird_party/cares -Ithird_party/cares/cares -Ithird_party/cares/cares/src/lib/include -Ithird_party/cares/cares/src/lib -Ithird_party/cares/config_linux -Ithird_party/re2 -Ithird_party/boringssl-with-bazel/src/include -Ithird_party/upb -Isrc/core/ext/upb-gen -Isrc/core/ext/upbdefs-gen -Ithird_party/utf8_range -Ithird_party/xxhash -Ithird_party/zlib -I/usr/local/google/home/ssreenithi/.pyenv/versions/3.12.0/envs/pyvenv_312/include -I/usr/local/google/home/ssreenithi/.pyenv/versions/3.12.0/include/python3.12 -c src/core/lib/security/authorization/grpc_server_authz_filter.cc -o pyb/temp.linux-x86_64-cpython-312/src/core/lib/security/authorization/grpc_server_authz_filter.o -std=c++17 -fvisibility=hidden -fno-wrapv -fno-exceptions -pthread
      In file included from src/core/client_channel/client_channel.cc:62:
      ./src/core/lib/promise/loop.h:214:31: warning: attribute ignored in declaration of ‘union grpc_core::Loop<F, kYield>::<unnamed>’ [-Wattributes]
        214 |   GPR_NO_UNIQUE_ADDRESS union {
            |                               ^
      ./src/core/lib/promise/loop.h:214:31: note: attribute for ‘union grpc_core::Loop<F, kYield>::<unnamed>’ must follow the ‘union’ keyword
      g++ -fno-strict-overflow -Wsign-compare -DNDEBUG -g -O3 -Wall -fPIC -D_WIN32_WINNT=1536 -DGRPC_XDS_USER_AGENT_NAME_SUFFIX=\"Python\" -DGRPC_XDS_USER_AGENT_VERSION_SUFFIX=\"1.79.0.dev0\" -DHAVE_CONFIG_H=1 -DGRPC_ENABLE_FORK_SUPPORT=1 -DGRPC_ENABLE_FORK_SUPPORT_DEFAULT=false -DGRPC_PYTHON_BUILD=1 -D__STDC_FORMAT_MACROS "-DPyMODINIT_FUNC=extern \"C\" __attribute__((visibility (\"default\"))) PyObject*" -DGRPC_POSIX_FORK_ALLOW_PTHREAD_ATFORK=1 -Isrc/python/grpcio -Iinclude -I. -Ithird_party/abseil-cpp -Ithird_party/address_sorting/include -Ithird_party/cares/cares/include -Ithird_party/cares -Ithird_party/cares/cares -Ithird_party/cares/cares/src/lib/include -Ithird_party/cares/cares/src/lib -Ithird_party/cares/config_linux -Ithird_party/re2 -Ithird_party/boringssl-with-bazel/src/include -Ithird_party/upb -Isrc/core/ext/upb-gen -Isrc/core/ext/upbdefs-gen -Ithird_party/utf8_range -Ithird_party/xxhash -Ithird_party/zlib -I/usr/local/google/home/ssreenithi/.pyenv/versions/3.12.0/envs/pyvenv_312/include -I/usr/local/google/home/ssreenithi/.pyenv/versions/3.12.0/include/python3.12 -c src/core/lib/iomgr/exec_ctx.cc -o pyb/temp.linux-x86_64-cpython-312/src/core/lib/iomgr/exec_ctx.o -std=c++17 -fvisibility=hidden -fno-wrapv -fno-exceptions -pthread
      g++ -fno-strict-overflow -Wsign-compare -DNDEBUG -g -O3 -Wall -fPIC -D_WIN32_WINNT=1536 -DGRPC_XDS_USER_AGENT_NAME_SUFFIX=\"Python\" -DGRPC_XDS_USER_AGENT_VERSION_SUFFIX=\"1.79.0.dev0\" -DHAVE_CONFIG_H=1 -DGRPC_ENABLE_FORK_SUPPORT=1 -DGRPC_ENABLE_FORK_SUPPORT_DEFAULT=false -DGRPC_PYTHON_BUILD=1 -D__STDC_FORMAT_MACROS "-DPyMODINIT_FUNC=extern \"C\" __attribute__((visibility (\"default\"))) PyObject*" -DGRPC_POSIX_FORK_ALLOW_PTHREAD_ATFORK=1 -Isrc/python/grpcio -Iinclude -I. -Ithird_party/abseil-cpp -Ithird_party/address_sorting/include -Ithird_party/cares/cares/include -Ithird_party/cares -Ithird_party/cares/cares -Ithird_party/cares/cares/src/lib/include -Ithird_party/cares/cares/src/lib -Ithird_party/cares/config_linux -Ithird_party/re2 -Ithird_party/boringssl-with-bazel/src/include -Ithird_party/upb -Isrc/core/ext/upb-gen -Isrc/core/ext/upbdefs-gen -Ithird_party/utf8_range -Ithird_party/xxhash -Ithird_party/zlib -I/usr/local/google/home/ssreenithi/.pyenv/versions/3.12.0/envs/pyvenv_312/include -I/usr/local/google/home/ssreenithi/.pyenv/versions/3.12.0/include/python3.12 -c src/core/credentials/call/external/aws_external_account_credentials.cc -o pyb/temp.linux-x86_64-cpython-312/src/core/credentials/call/external/aws_external_account_credentials.o -std=c++17 -fvisibility=hidden -fno-wrapv -fno-exceptions -pthread
      g++ -fno-strict-overflow -Wsign-compare -DNDEBUG -g -O3 -Wall -fPIC -D_WIN32_WINNT=1536 -DGRPC_XDS_USER_AGENT_NAME_SUFFIX=\"Python\" -DGRPC_XDS_USER_AGENT_VERSION_SUFFIX=\"1.79.0.dev0\" -DHAVE_CONFIG_H=1 -DGRPC_ENABLE_FORK_SUPPORT=1 -DGRPC_ENABLE_FORK_SUPPORT_DEFAULT=false -DGRPC_PYTHON_BUILD=1 -D__STDC_FORMAT_MACROS "-DPyMODINIT_FUNC=extern \"C\" __attribute__((visibility (\"default\"))) PyObject*" -DGRPC_POSIX_FORK_ALLOW_PTHREAD_ATFORK=1 -Isrc/python/grpcio -Iinclude -I. -Ithird_party/abseil-cpp -Ithird_party/address_sorting/include -Ithird_party/cares/cares/include -Ithird_party/cares -Ithird_party/cares/cares -Ithird_party/cares/cares/src/lib/include -Ithird_party/cares/cares/src/lib -Ithird_party/cares/config_linux -Ithird_party/re2 -Ithird_party/boringssl-with-bazel/src/include -Ithird_party/upb -Isrc/core/ext/upb-gen -Isrc/core/ext/upbdefs-gen -Ithird_party/utf8_range -Ithird_party/xxhash -Ithird_party/zlib -I/usr/local/google/home/ssreenithi/.pyenv/versions/3.12.0/envs/pyvenv_312/include -I/usr/local/google/home/ssreenithi/.pyenv/versions/3.12.0/include/python3.12 -c src/core/lib/event_engine/posix_engine/timer.cc -o pyb/temp.linux-x86_64-cpython-312/src/core/lib/event_engine/posix_engine/timer.o -std=c++17 -fvisibility=hidden -fno-wrapv -fno-exceptions -pthread
      g++ -fno-strict-overflow -Wsign-compare -DNDEBUG -g -O3 -Wall -fPIC -D_WIN32_WINNT=1536 -DGRPC_XDS_USER_AGENT_NAME_SUFFIX=\"Python\" -DGRPC_XDS_USER_AGENT_VERSION_SUFFIX=\"1.79.0.dev0\" -DHAVE_CONFIG_H=1 -DGRPC_ENABLE_FORK_SUPPORT=1 -DGRPC_ENABLE_FORK_SUPPORT_DEFAULT=false -DGRPC_PYTHON_BUILD=1 -D__STDC_FORMAT_MACROS "-DPyMODINIT_FUNC=extern \"C\" __attribute__((visibility (\"default\"))) PyObject*" -DGRPC_POSIX_FORK_ALLOW_PTHREAD_ATFORK=1 -Isrc/python/grpcio -Iinclude -I. -Ithird_party/abseil-cpp -Ithird_party/address_sorting/include -Ithird_party/cares/cares/include -Ithird_party/cares -Ithird_party/cares/cares -Ithird_party/cares/cares/src/lib/include -Ithird_party/cares/cares/src/lib -Ithird_party/cares/config_linux -Ithird_party/re2 -Ithird_party/boringssl-with-bazel/src/include -Ithird_party/upb -Isrc/core/ext/upb-gen -Isrc/core/ext/upbdefs-gen -Ithird_party/utf8_range -Ithird_party/xxhash -Ithird_party/zlib -I/usr/local/google/home/ssreenithi/.pyenv/versions/3.12.0/envs/pyvenv_312/include -I/usr/local/google/home/ssreenithi/.pyenv/versions/3.12.0/include/python3.12 -c src/core/lib/channel/channel_stack.cc -o pyb/temp.linux-x86_64-cpython-312/src/core/lib/channel/channel_stack.o -std=c++17 -fvisibility=hidden -fno-wrapv -fno-exceptions -pthread
      In file included from ./src/core/lib/promise/activity.h:30,
                       from ./src/core/call/call_state.h:23,
                       from ./src/core/call/call_filters.h:26,
                       from ./src/core/lib/surface/channel_init.h:31,
                       from ./src/core/config/core_configuration.h:29,
                       from src/core/load_balancing/pick_first/pick_first.cc:34:
      ./src/core/lib/promise/detail/promise_factory.h:210:5: warning: ‘always_inline’ function might not be inlinable unless also declared ‘inline’ [-Wattributes]
        210 |     PromiseFactoryImpl(Token, F&& f) {
            |     ^~~~~~~~~~~~~~~~~~
      ./src/core/lib/promise/detail/promise_factory.h:210:5: warning: ‘always_inline’ function might not be inlinable unless also declared ‘inline’ [-Wattributes]
      ./src/core/lib/promise/detail/promise_factory.h:210:5: warning: ‘always_inline’ function might not be inlinable unless also declared ‘inline’ [-Wattributes]
      ./src/core/lib/promise/detail/promise_factory.h:210:5: warning: ‘always_inline’ function might not be inlinable unless also declared ‘inline’ [-Wattributes]
      ./src/core/lib/promise/detail/promise_factory.h:210:5: warning: ‘always_inline’ function might not be inlinable unless also declared ‘inline’ [-Wattributes]
      ./src/core/lib/promise/detail/promise_factory.h:210:5: warning: ‘always_inline’ function might not be inlinable unless also declared ‘inline’ [-Wattributes]
      ./src/core/lib/promise/detail/promise_factory.h:210:5: warning: ‘always_inline’ function might not be inlinable unless also declared ‘inline’ [-Wattributes]
      g++ -fno-strict-overflow -Wsign-compare -DNDEBUG -g -O3 -Wall -fPIC -D_WIN32_WINNT=1536 -DGRPC_XDS_USER_AGENT_NAME_SUFFIX=\"Python\" -DGRPC_XDS_USER_AGENT_VERSION_SUFFIX=\"1.79.0.dev0\" -DHAVE_CONFIG_H=1 -DGRPC_ENABLE_FORK_SUPPORT=1 -DGRPC_ENABLE_FORK_SUPPORT_DEFAULT=false -DGRPC_PYTHON_BUILD=1 -D__STDC_FORMAT_MACROS "-DPyMODINIT_FUNC=extern \"C\" __attribute__((visibility (\"default\"))) PyObject*" -DGRPC_POSIX_FORK_ALLOW_PTHREAD_ATFORK=1 -Isrc/python/grpcio -Iinclude -I. -Ithird_party/abseil-cpp -Ithird_party/address_sorting/include -Ithird_party/cares/cares/include -Ithird_party/cares -Ithird_party/cares/cares -Ithird_party/cares/cares/src/lib/include -Ithird_party/cares/cares/src/lib -Ithird_party/cares/config_linux -Ithird_party/re2 -Ithird_party/boringssl-with-bazel/src/include -Ithird_party/upb -Isrc/core/ext/upb-gen -Isrc/core/ext/upbdefs-gen -Ithird_party/utf8_range -Ithird_party/xxhash -Ithird_party/zlib -I/usr/local/google/home/ssreenithi/.pyenv/versions/3.12.0/envs/pyvenv_312/include -I/usr/local/google/home/ssreenithi/.pyenv/versions/3.12.0/include/python3.12 -c src/core/util/string.cc -o pyb/temp.linux-x86_64-cpython-312/src/core/util/string.o -std=c++17 -fvisibility=hidden -fno-wrapv -fno-exceptions -pthread
      g++ -fno-strict-overflow -Wsign-compare -DNDEBUG -g -O3 -Wall -fPIC -D_WIN32_WINNT=1536 -DGRPC_XDS_USER_AGENT_NAME_SUFFIX=\"Python\" -DGRPC_XDS_USER_AGENT_VERSION_SUFFIX=\"1.79.0.dev0\" -DHAVE_CONFIG_H=1 -DGRPC_ENABLE_FORK_SUPPORT=1 -DGRPC_ENABLE_FORK_SUPPORT_DEFAULT=false -DGRPC_PYTHON_BUILD=1 -D__STDC_FORMAT_MACROS "-DPyMODINIT_FUNC=extern \"C\" __attribute__((visibility (\"default\"))) PyObject*" -DGRPC_POSIX_FORK_ALLOW_PTHREAD_ATFORK=1 -Isrc/python/grpcio -Iinclude -I. -Ithird_party/abseil-cpp -Ithird_party/address_sorting/include -Ithird_party/cares/cares/include -Ithird_party/cares -Ithird_party/cares/cares -Ithird_party/cares/cares/src/lib/include -Ithird_party/cares/cares/src/lib -Ithird_party/cares/config_linux -Ithird_party/re2 -Ithird_party/boringssl-with-bazel/src/include -Ithird_party/upb -Isrc/core/ext/upb-gen -Isrc/core/ext/upbdefs-gen -Ithird_party/utf8_range -Ithird_party/xxhash -Ithird_party/zlib -I/usr/local/google/home/ssreenithi/.pyenv/versions/3.12.0/envs/pyvenv_312/include -I/usr/local/google/home/ssreenithi/.pyenv/versions/3.12.0/include/python3.12 -c src/core/xds/grpc/xds_matcher.cc -o pyb/temp.linux-x86_64-cpython-312/src/core/xds/grpc/xds_matcher.o -std=c++17 -fvisibility=hidden -fno-wrapv -fno-exceptions -pthread
      g++ -fno-strict-overflow -Wsign-compare -DNDEBUG -g -O3 -Wall -fPIC -D_WIN32_WINNT=1536 -DGRPC_XDS_USER_AGENT_NAME_SUFFIX=\"Python\" -DGRPC_XDS_USER_AGENT_VERSION_SUFFIX=\"1.79.0.dev0\" -DHAVE_CONFIG_H=1 -DGRPC_ENABLE_FORK_SUPPORT=1 -DGRPC_ENABLE_FORK_SUPPORT_DEFAULT=false -DGRPC_PYTHON_BUILD=1 -D__STDC_FORMAT_MACROS "-DPyMODINIT_FUNC=extern \"C\" __attribute__((visibility (\"default\"))) PyObject*" -DGRPC_POSIX_FORK_ALLOW_PTHREAD_ATFORK=1 -Isrc/python/grpcio -Iinclude -I. -Ithird_party/abseil-cpp -Ithird_party/address_sorting/include -Ithird_party/cares/cares/include -Ithird_party/cares -Ithird_party/cares/cares -Ithird_party/cares/cares/src/lib/include -Ithird_party/cares/cares/src/lib -Ithird_party/cares/config_linux -Ithird_party/re2 -Ithird_party/boringssl-with-bazel/src/include -Ithird_party/upb -Isrc/core/ext/upb-gen -Isrc/core/ext/upbdefs-gen -Ithird_party/utf8_range -Ithird_party/xxhash -Ithird_party/zlib -I/usr/local/google/home/ssreenithi/.pyenv/versions/3.12.0/envs/pyvenv_312/include -I/usr/local/google/home/ssreenithi/.pyenv/versions/3.12.0/include/python3.12 -c src/core/util/random_early_detection.cc -o pyb/temp.linux-x86_64-cpython-312/src/core/util/random_early_detection.o -std=c++17 -fvisibility=hidden -fno-wrapv -fno-exceptions -pthread
      g++ -fno-strict-overflow -Wsign-compare -DNDEBUG -g -O3 -Wall -fPIC -D_WIN32_WINNT=1536 -DGRPC_XDS_USER_AGENT_NAME_SUFFIX=\"Python\" -DGRPC_XDS_USER_AGENT_VERSION_SUFFIX=\"1.79.0.dev0\" -DHAVE_CONFIG_H=1 -DGRPC_ENABLE_FORK_SUPPORT=1 -DGRPC_ENABLE_FORK_SUPPORT_DEFAULT=false -DGRPC_PYTHON_BUILD=1 -D__STDC_FORMAT_MACROS "-DPyMODINIT_FUNC=extern \"C\" __attribute__((visibility (\"default\"))) PyObject*" -DGRPC_POSIX_FORK_ALLOW_PTHREAD_ATFORK=1 -Isrc/python/grpcio -Iinclude -I. -Ithird_party/abseil-cpp -Ithird_party/address_sorting/include -Ithird_party/cares/cares/include -Ithird_party/cares -Ithird_party/cares/cares -Ithird_party/cares/cares/src/lib/include -Ithird_party/cares/cares/src/lib -Ithird_party/cares/config_linux -Ithird_party/re2 -Ithird_party/boringssl-with-bazel/src/include -Ithird_party/upb -Isrc/core/ext/upb-gen -Isrc/core/ext/upbdefs-gen -Ithird_party/utf8_range -Ithird_party/xxhash -Ithird_party/zlib -I/usr/local/google/home/ssreenithi/.pyenv/versions/3.12.0/envs/pyvenv_312/include -I/usr/local/google/home/ssreenithi/.pyenv/versions/3.12.0/include/python3.12 -c src/core/xds/grpc/certificate_provider_store.cc -o pyb/temp.linux-x86_64-cpython-312/src/core/xds/grpc/certificate_provider_store.o -std=c++17 -fvisibility=hidden -fno-wrapv -fno-exceptions -pthread
      g++ -fno-strict-overflow -Wsign-compare -DNDEBUG -g -O3 -Wall -fPIC -D_WIN32_WINNT=1536 -DGRPC_XDS_USER_AGENT_NAME_SUFFIX=\"Python\" -DGRPC_XDS_USER_AGENT_VERSION_SUFFIX=\"1.79.0.dev0\" -DHAVE_CONFIG_H=1 -DGRPC_ENABLE_FORK_SUPPORT=1 -DGRPC_ENABLE_FORK_SUPPORT_DEFAULT=false -DGRPC_PYTHON_BUILD=1 -D__STDC_FORMAT_MACROS "-DPyMODINIT_FUNC=extern \"C\" __attribute__((visibility (\"default\"))) PyObject*" -DGRPC_POSIX_FORK_ALLOW_PTHREAD_ATFORK=1 -Isrc/python/grpcio -Iinclude -I. -Ithird_party/abseil-cpp -Ithird_party/address_sorting/include -Ithird_party/cares/cares/include -Ithird_party/cares -Ithird_party/cares/cares -Ithird_party/cares/cares/src/lib/include -Ithird_party/cares/cares/src/lib -Ithird_party/cares/config_linux -Ithird_party/re2 -Ithird_party/boringssl-with-bazel/src/include -Ithird_party/upb -Isrc/core/ext/upb-gen -Isrc/core/ext/upbdefs-gen -Ithird_party/utf8_range -Ithird_party/xxhash -Ithird_party/zlib -I/usr/local/google/home/ssreenithi/.pyenv/versions/3.12.0/envs/pyvenv_312/include -I/usr/local/google/home/ssreenithi/.pyenv/versions/3.12.0/include/python3.12 -c src/core/util/log.cc -o pyb/temp.linux-x86_64-cpython-312/src/core/util/log.o -std=c++17 -fvisibility=hidden -fno-wrapv -fno-exceptions -pthread
      g++ -fno-strict-overflow -Wsign-compare -DNDEBUG -g -O3 -Wall -fPIC -D_WIN32_WINNT=1536 -DGRPC_XDS_USER_AGENT_NAME_SUFFIX=\"Python\" -DGRPC_XDS_USER_AGENT_VERSION_SUFFIX=\"1.79.0.dev0\" -DHAVE_CONFIG_H=1 -DGRPC_ENABLE_FORK_SUPPORT=1 -DGRPC_ENABLE_FORK_SUPPORT_DEFAULT=false -DGRPC_PYTHON_BUILD=1 -D__STDC_FORMAT_MACROS "-DPyMODINIT_FUNC=extern \"C\" __attribute__((visibility (\"default\"))) PyObject*" -DGRPC_POSIX_FORK_ALLOW_PTHREAD_ATFORK=1 -Isrc/python/grpcio -Iinclude -I. -Ithird_party/abseil-cpp -Ithird_party/address_sorting/include -Ithird_party/cares/cares/include -Ithird_party/cares -Ithird_party/cares/cares -Ithird_party/cares/cares/src/lib/include -Ithird_party/cares/cares/src/lib -Ithird_party/cares/config_linux -Ithird_party/re2 -Ithird_party/boringssl-with-bazel/src/include -Ithird_party/upb -Isrc/core/ext/upb-gen -Isrc/core/ext/upbdefs-gen -Ithird_party/utf8_range -Ithird_party/xxhash -Ithird_party/zlib -I/usr/local/google/home/ssreenithi/.pyenv/versions/3.12.0/envs/pyvenv_312/include -I/usr/local/google/home/ssreenithi/.pyenv/versions/3.12.0/include/python3.12 -c src/core/credentials/transport/tls/grpc_tls_credentials_options.cc -o pyb/temp.linux-x86_64-cpython-312/src/core/credentials/transport/tls/grpc_tls_credentials_options.o -std=c++17 -fvisibility=hidden -fno-wrapv -fno-exceptions -pthread
      In file included from ./src/core/lib/promise/activity.h:30,
                       from ./src/core/call/call_state.h:23,
                       from ./src/core/call/call_filters.h:26,
                       from ./src/core/lib/surface/channel_init.h:31,
                       from ./src/core/config/core_configuration.h:29,
                       from ./src/core/lib/event_engine/default_event_engine.h:23,
                       from src/core/lib/iomgr/tcp_server_posix.cc:54:
      ./src/core/lib/promise/detail/promise_factory.h:210:5: warning: ‘always_inline’ function might not be inlinable unless also declared ‘inline’ [-Wattributes]
        210 |     PromiseFactoryImpl(Token, F&& f) {
            |     ^~~~~~~~~~~~~~~~~~
      ./src/core/lib/promise/detail/promise_factory.h:210:5: warning: ‘always_inline’ function might not be inlinable unless also declared ‘inline’ [-Wattributes]
      ./src/core/lib/promise/detail/promise_factory.h:210:5: warning: ‘always_inline’ function might not be inlinable unless also declared ‘inline’ [-Wattributes]
      ./src/core/lib/promise/detail/promise_factory.h:210:5: warning: ‘always_inline’ function might not be inlinable unless also declared ‘inline’ [-Wattributes]
      ./src/core/lib/promise/detail/promise_factory.h:210:5: warning: ‘always_inline’ function might not be inlinable unless also declared ‘inline’ [-Wattributes]
      ./src/core/lib/promise/detail/promise_factory.h:210:5: warning: ‘always_inline’ function might not be inlinable unless also declared ‘inline’ [-Wattributes]
      ./src/core/lib/promise/detail/promise_factory.h:210:5: warning: ‘always_inline’ function might not be inlinable unless also declared ‘inline’ [-Wattributes]
      g++ -fno-strict-overflow -Wsign-compare -DNDEBUG -g -O3 -Wall -fPIC -D_WIN32_WINNT=1536 -DGRPC_XDS_USER_AGENT_NAME_SUFFIX=\"Python\" -DGRPC_XDS_USER_AGENT_VERSION_SUFFIX=\"1.79.0.dev0\" -DHAVE_CONFIG_H=1 -DGRPC_ENABLE_FORK_SUPPORT=1 -DGRPC_ENABLE_FORK_SUPPORT_DEFAULT=false -DGRPC_PYTHON_BUILD=1 -D__STDC_FORMAT_MACROS "-DPyMODINIT_FUNC=extern \"C\" __attribute__((visibility (\"default\"))) PyObject*" -DGRPC_POSIX_FORK_ALLOW_PTHREAD_ATFORK=1 -Isrc/python/grpcio -Iinclude -I. -Ithird_party/abseil-cpp -Ithird_party/address_sorting/include -Ithird_party/cares/cares/include -Ithird_party/cares -Ithird_party/cares/cares -Ithird_party/cares/cares/src/lib/include -Ithird_party/cares/cares/src/lib -Ithird_party/cares/config_linux -Ithird_party/re2 -Ithird_party/boringssl-with-bazel/src/include -Ithird_party/upb -Isrc/core/ext/upb-gen -Isrc/core/ext/upbdefs-gen -Ithird_party/utf8_range -Ithird_party/xxhash -Ithird_party/zlib -I/usr/local/google/home/ssreenithi/.pyenv/versions/3.12.0/envs/pyvenv_312/include -I/usr/local/google/home/ssreenithi/.pyenv/versions/3.12.0/include/python3.12 -c src/core/ext/filters/census/grpc_context.cc -o pyb/temp.linux-x86_64-cpython-312/src/core/ext/filters/census/grpc_context.o -std=c++17 -fvisibility=hidden -fno-wrapv -fno-exceptions -pthread
      g++ -fno-strict-overflow -Wsign-compare -DNDEBUG -g -O3 -Wall -fPIC -D_WIN32_WINNT=1536 -DGRPC_XDS_USER_AGENT_NAME_SUFFIX=\"Python\" -DGRPC_XDS_USER_AGENT_VERSION_SUFFIX=\"1.79.0.dev0\" -DHAVE_CONFIG_H=1 -DGRPC_ENABLE_FORK_SUPPORT=1 -DGRPC_ENABLE_FORK_SUPPORT_DEFAULT=false -DGRPC_PYTHON_BUILD=1 -D__STDC_FORMAT_MACROS "-DPyMODINIT_FUNC=extern \"C\" __attribute__((visibility (\"default\"))) PyObject*" -DGRPC_POSIX_FORK_ALLOW_PTHREAD_ATFORK=1 -Isrc/python/grpcio -Iinclude -I. -Ithird_party/abseil-cpp -Ithird_party/address_sorting/include -Ithird_party/cares/cares/include -Ithird_party/cares -Ithird_party/cares/cares -Ithird_party/cares/cares/src/lib/include -Ithird_party/cares/cares/src/lib -Ithird_party/cares/config_linux -Ithird_party/re2 -Ithird_party/boringssl-with-bazel/src/include -Ithird_party/upb -Isrc/core/ext/upb-gen -Isrc/core/ext/upbdefs-gen -Ithird_party/utf8_range -Ithird_party/xxhash -Ithird_party/zlib -I/usr/local/google/home/ssreenithi/.pyenv/versions/3.12.0/envs/pyvenv_312/include -I/usr/local/google/home/ssreenithi/.pyenv/versions/3.12.0/include/python3.12 -c src/core/util/http_client/parser.cc -o pyb/temp.linux-x86_64-cpython-312/src/core/util/http_client/parser.o -std=c++17 -fvisibility=hidden -fno-wrapv -fno-exceptions -pthread
      g++ -fno-strict-overflow -Wsign-compare -DNDEBUG -g -O3 -Wall -fPIC -D_WIN32_WINNT=1536 -DGRPC_XDS_USER_AGENT_NAME_SUFFIX=\"Python\" -DGRPC_XDS_USER_AGENT_VERSION_SUFFIX=\"1.79.0.dev0\" -DHAVE_CONFIG_H=1 -DGRPC_ENABLE_FORK_SUPPORT=1 -DGRPC_ENABLE_FORK_SUPPORT_DEFAULT=false -DGRPC_PYTHON_BUILD=1 -D__STDC_FORMAT_MACROS "-DPyMODINIT_FUNC=extern \"C\" __attribute__((visibility (\"default\"))) PyObject*" -DGRPC_POSIX_FORK_ALLOW_PTHREAD_ATFORK=1 -Isrc/python/grpcio -Iinclude -I. -Ithird_party/abseil-cpp -Ithird_party/address_sorting/include -Ithird_party/cares/cares/include -Ithird_party/cares -Ithird_party/cares/cares -Ithird_party/cares/cares/src/lib/include -Ithird_party/cares/cares/src/lib -Ithird_party/cares/config_linux -Ithird_party/re2 -Ithird_party/boringssl-with-bazel/src/include -Ithird_party/upb -Isrc/core/ext/upb-gen -Isrc/core/ext/upbdefs-gen -Ithird_party/utf8_range -Ithird_party/xxhash -Ithird_party/zlib -I/usr/local/google/home/ssreenithi/.pyenv/versions/3.12.0/envs/pyvenv_312/include -I/usr/local/google/home/ssreenithi/.pyenv/versions/3.12.0/include/python3.12 -c src/core/ext/transport/chttp2/transport/ping_abuse_policy.cc -o pyb/temp.linux-x86_64-cpython-312/src/core/ext/transport/chttp2/transport/ping_abuse_policy.o -std=c++17 -fvisibility=hidden -fno-wrapv -fno-exceptions -pthread
      g++ -fno-strict-overflow -Wsign-compare -DNDEBUG -g -O3 -Wall -fPIC -D_WIN32_WINNT=1536 -DGRPC_XDS_USER_AGENT_NAME_SUFFIX=\"Python\" -DGRPC_XDS_USER_AGENT_VERSION_SUFFIX=\"1.79.0.dev0\" -DHAVE_CONFIG_H=1 -DGRPC_ENABLE_FORK_SUPPORT=1 -DGRPC_ENABLE_FORK_SUPPORT_DEFAULT=false -DGRPC_PYTHON_BUILD=1 -D__STDC_FORMAT_MACROS "-DPyMODINIT_FUNC=extern \"C\" __attribute__((visibility (\"default\"))) PyObject*" -DGRPC_POSIX_FORK_ALLOW_PTHREAD_ATFORK=1 -Isrc/python/grpcio -Iinclude -I. -Ithird_party/abseil-cpp -Ithird_party/address_sorting/include -Ithird_party/cares/cares/include -Ithird_party/cares -Ithird_party/cares/cares -Ithird_party/cares/cares/src/lib/include -Ithird_party/cares/cares/src/lib -Ithird_party/cares/config_linux -Ithird_party/re2 -Ithird_party/boringssl-with-bazel/src/include -Ithird_party/upb -Isrc/core/ext/upb-gen -Isrc/core/ext/upbdefs-gen -Ithird_party/utf8_range -Ithird_party/xxhash -Ithird_party/zlib -I/usr/local/google/home/ssreenithi/.pyenv/versions/3.12.0/envs/pyvenv_312/include -I/usr/local/google/home/ssreenithi/.pyenv/versions/3.12.0/include/python3.12 -c src/core/load_balancing/lb_policy_registry.cc -o pyb/temp.linux-x86_64-cpython-312/src/core/load_balancing/lb_policy_registry.o -std=c++17 -fvisibility=hidden -fno-wrapv -fno-exceptions -pthread
      g++ -fno-strict-overflow -Wsign-compare -DNDEBUG -g -O3 -Wall -fPIC -D_WIN32_WINNT=1536 -DGRPC_XDS_USER_AGENT_NAME_SUFFIX=\"Python\" -DGRPC_XDS_USER_AGENT_VERSION_SUFFIX=\"1.79.0.dev0\" -DHAVE_CONFIG_H=1 -DGRPC_ENABLE_FORK_SUPPORT=1 -DGRPC_ENABLE_FORK_SUPPORT_DEFAULT=false -DGRPC_PYTHON_BUILD=1 -D__STDC_FORMAT_MACROS "-DPyMODINIT_FUNC=extern \"C\" __attribute__((visibility (\"default\"))) PyObject*" -DGRPC_POSIX_FORK_ALLOW_PTHREAD_ATFORK=1 -Isrc/python/grpcio -Iinclude -I. -Ithird_party/abseil-cpp -Ithird_party/address_sorting/include -Ithird_party/cares/cares/include -Ithird_party/cares -Ithird_party/cares/cares -Ithird_party/cares/cares/src/lib/include -Ithird_party/cares/cares/src/lib -Ithird_party/cares/config_linux -Ithird_party/re2 -Ithird_party/boringssl-with-bazel/src/include -Ithird_party/upb -Isrc/core/ext/upb-gen -Isrc/core/ext/upbdefs-gen -Ithird_party/utf8_range -Ithird_party/xxhash -Ithird_party/zlib -I/usr/local/google/home/ssreenithi/.pyenv/versions/3.12.0/envs/pyvenv_312/include -I/usr/local/google/home/ssreenithi/.pyenv/versions/3.12.0/include/python3.12 -c src/core/load_balancing/endpoint_list.cc -o pyb/temp.linux-x86_64-cpython-312/src/core/load_balancing/endpoint_list.o -std=c++17 -fvisibility=hidden -fno-wrapv -fno-exceptions -pthread
      g++ -fno-strict-overflow -Wsign-compare -DNDEBUG -g -O3 -Wall -fPIC -D_WIN32_WINNT=1536 -DGRPC_XDS_USER_AGENT_NAME_SUFFIX=\"Python\" -DGRPC_XDS_USER_AGENT_VERSION_SUFFIX=\"1.79.0.dev0\" -DHAVE_CONFIG_H=1 -DGRPC_ENABLE_FORK_SUPPORT=1 -DGRPC_ENABLE_FORK_SUPPORT_DEFAULT=false -DGRPC_PYTHON_BUILD=1 -D__STDC_FORMAT_MACROS "-DPyMODINIT_FUNC=extern \"C\" __attribute__((visibility (\"default\"))) PyObject*" -DGRPC_POSIX_FORK_ALLOW_PTHREAD_ATFORK=1 -Isrc/python/grpcio -Iinclude -I. -Ithird_party/abseil-cpp -Ithird_party/address_sorting/include -Ithird_party/cares/cares/include -Ithird_party/cares -Ithird_party/cares/cares -Ithird_party/cares/cares/src/lib/include -Ithird_party/cares/cares/src/lib -Ithird_party/cares/config_linux -Ithird_party/re2 -Ithird_party/boringssl-with-bazel/src/include -Ithird_party/upb -Isrc/core/ext/upb-gen -Isrc/core/ext/upbdefs-gen -Ithird_party/utf8_range -Ithird_party/xxhash -Ithird_party/zlib -I/usr/local/google/home/ssreenithi/.pyenv/versions/3.12.0/envs/pyvenv_312/include -I/usr/local/google/home/ssreenithi/.pyenv/versions/3.12.0/include/python3.12 -c src/core/tsi/alts/handshaker/alts_tsi_handshaker.cc -o pyb/temp.linux-x86_64-cpython-312/src/core/tsi/alts/handshaker/alts_tsi_handshaker.o -std=c++17 -fvisibility=hidden -fno-wrapv -fno-exceptions -pthread
      g++ -fno-strict-overflow -Wsign-compare -DNDEBUG -g -O3 -Wall -fPIC -D_WIN32_WINNT=1536 -DGRPC_XDS_USER_AGENT_NAME_SUFFIX=\"Python\" -DGRPC_XDS_USER_AGENT_VERSION_SUFFIX=\"1.79.0.dev0\" -DHAVE_CONFIG_H=1 -DGRPC_ENABLE_FORK_SUPPORT=1 -DGRPC_ENABLE_FORK_SUPPORT_DEFAULT=false -DGRPC_PYTHON_BUILD=1 -D__STDC_FORMAT_MACROS "-DPyMODINIT_FUNC=extern \"C\" __attribute__((visibility (\"default\"))) PyObject*" -DGRPC_POSIX_FORK_ALLOW_PTHREAD_ATFORK=1 -Isrc/python/grpcio -Iinclude -I. -Ithird_party/abseil-cpp -Ithird_party/address_sorting/include -Ithird_party/cares/cares/include -Ithird_party/cares -Ithird_party/cares/cares -Ithird_party/cares/cares/src/lib/include -Ithird_party/cares/cares/src/lib -Ithird_party/cares/config_linux -Ithird_party/re2 -Ithird_party/boringssl-with-bazel/src/include -Ithird_party/upb -Isrc/core/ext/upb-gen -Isrc/core/ext/upbdefs-gen -Ithird_party/utf8_range -Ithird_party/xxhash -Ithird_party/zlib -I/usr/local/google/home/ssreenithi/.pyenv/versions/3.12.0/envs/pyvenv_312/include -I/usr/local/google/home/ssreenithi/.pyenv/versions/3.12.0/include/python3.12 -c src/core/lib/resource_quota/thread_quota.cc -o pyb/temp.linux-x86_64-cpython-312/src/core/lib/resource_quota/thread_quota.o -std=c++17 -fvisibility=hidden -fno-wrapv -fno-exceptions -pthread
      g++ -fno-strict-overflow -Wsign-compare -DNDEBUG -g -O3 -Wall -fPIC -D_WIN32_WINNT=1536 -DGRPC_XDS_USER_AGENT_NAME_SUFFIX=\"Python\" -DGRPC_XDS_USER_AGENT_VERSION_SUFFIX=\"1.79.0.dev0\" -DHAVE_CONFIG_H=1 -DGRPC_ENABLE_FORK_SUPPORT=1 -DGRPC_ENABLE_FORK_SUPPORT_DEFAULT=false -DGRPC_PYTHON_BUILD=1 -D__STDC_FORMAT_MACROS "-DPyMODINIT_FUNC=extern \"C\" __attribute__((visibility (\"default\"))) PyObject*" -DGRPC_POSIX_FORK_ALLOW_PTHREAD_ATFORK=1 -Isrc/python/grpcio -Iinclude -I. -Ithird_party/abseil-cpp -Ithird_party/address_sorting/include -Ithird_party/cares/cares/include -Ithird_party/cares -Ithird_party/cares/cares -Ithird_party/cares/cares/src/lib/include -Ithird_party/cares/cares/src/lib -Ithird_party/cares/config_linux -Ithird_party/re2 -Ithird_party/boringssl-with-bazel/src/include -Ithird_party/upb -Isrc/core/ext/upb-gen -Isrc/core/ext/upbdefs-gen -Ithird_party/utf8_range -Ithird_party/xxhash -Ithird_party/zlib -I/usr/local/google/home/ssreenithi/.pyenv/versions/3.12.0/envs/pyvenv_312/include -I/usr/local/google/home/ssreenithi/.pyenv/versions/3.12.0/include/python3.12 -c src/core/xds/grpc/xds_route_config.cc -o pyb/temp.linux-x86_64-cpython-312/src/core/xds/grpc/xds_route_config.o -std=c++17 -fvisibility=hidden -fno-wrapv -fno-exceptions -pthread
      In constructor ‘grpc_core::filters_detail::OperationExecutor<T>::OperationExecutor(grpc_core::filters_detail::OperationExecutor<T>&&) [with T = std::unique_ptr<grpc_core::Message, grpc_core::Arena::PooledDeleter>]’,
          inlined from ‘grpc_core::CallFilters::MessageExecutor<&grpc_core::CallFilters::push_client_to_server_message_, &grpc_core::filters_detail::StackData::client_to_server_messages, &grpc_core::CallState::FinishPullClientToServerMessage, const grpc_core::CallFilters::AddedStack*>::MessageExecutor(grpc_core::CallFilters::MessageExecutor<&grpc_core::CallFilters::push_client_to_server_message_, &grpc_core::filters_detail::StackData::client_to_server_messages, &grpc_core::CallState::FinishPullClientToServerMessage, const grpc_core::CallFilters::AddedStack*>&&)’ at ./src/core/call/call_filters.h:1886:9,
          inlined from ‘grpc_core::promise_detail::PromiseLike<F, typename std::enable_if<(! std::is_void<typename std::invoke_result<Releaser>::type>::value), void>::type>::PromiseLike(F&&) [with F = grpc_core::CallFilters::MessageExecutor<&grpc_core::CallFilters::push_client_to_server_message_, &grpc_core::filters_detail::StackData::client_to_server_messages, &grpc_core::CallState::FinishPullClientToServerMessage, const grpc_core::CallFilters::AddedStack*>]’ at ./src/core/lib/promise/detail/promise_like.h:214:9,
          inlined from ‘std::enable_if_t<((bool)grpc_core::promise_detail::IsVoidCallable<typename grpc_core::promise_detail::ResultOfT<F(), void>::T>::value), grpc_core::promise_detail::PromiseLike<decltype (declval<F>()())> > grpc_core::promise_detail::PromiseFactoryImpl(Token, F&&) [with Token = OnceToken; F = grpc_core::CallFilters::PullClientToServerMessage()::<lambda(bool)>::<lambda()>]’ at ./src/core/lib/promise/detail/promise_factory.h:211:12,
          inlined from ‘grpc_core::promise_detail::OncePromiseFactory<void, F>::Promise grpc_core::promise_detail::OncePromiseFactory<void, F>::Make() [with F = grpc_core::CallFilters::PullClientToServerMessage()::<lambda(bool)>::<lambda()>]’ at ./src/core/lib/promise/detail/promise_factory.h:250:57,
          inlined from ‘grpc_core::If<bool, T, F>::If(bool, T, F) [with T = grpc_core::CallFilters::PullClientToServerMessage()::<lambda(bool)>::<lambda()>; F = grpc_core::CallFilters::PullClientToServerMessage()::<lambda(bool)>::<lambda()>]’ at ./src/core/lib/promise/if.h:181:45,
          inlined from ‘grpc_core::CallFilters::PullClientToServerMessage()::<lambda(bool)>’ at ./src/core/call/call_filters.h:2019:16,
          inlined from ‘std::enable_if_t<((bool)grpc_core::promise_detail::IsVoidCallable<typename grpc_core::promise_detail::ResultOfT<F(A), void>::T>::value), grpc_core::promise_detail::PromiseLike<decltype (declval<F>()(declval<A>()))> > grpc_core::promise_detail::PromiseFactoryImpl(Token, F&&, A&&) [with Token = OnceToken; A = bool; F = grpc_core::CallFilters::PullClientToServerMessage()::<lambda(bool)>]’ at ./src/core/lib/promise/detail/promise_factory.h:183:11,
          inlined from ‘grpc_core::promise_detail::OncePromiseFactory<A, F>::Promise grpc_core::promise_detail::OncePromiseFactory<A, F>::Make(Arg&&) [with A = bool; F = grpc_core::CallFilters::PullClientToServerMessage()::<lambda(bool)>]’ at ./src/core/lib/promise/detail/promise_factory.h:232:79,
          inlined from ‘static auto grpc_core::promise_detail::TrySeqTraitsWithSfinae<T, typename std::enable_if<((std::is_same<decltype (grpc_core::IsStatusOk(declval<T>())), bool>::value && grpc_core::promise_detail::TakeValueExists<T>::value) && grpc_core::promise_detail::AllowGenericTrySeqTraits<T>::value), void>::type>::CallFactory(Next*, T&&) [with Next = grpc_core::promise_detail::OncePromiseFactory<bool, grpc_core::CallFilters::PullClientToServerMessage()::<lambda(bool)> >; T = grpc_core::ValueOrFailure<bool>]’ at ./src/core/lib/promise/try_seq.h:200:57,
          inlined from ‘grpc_core::Poll<typename Traits<typename grpc_core::promise_detail::OncePromiseFactory<typename Traits<typename grpc_core::promise_detail::PromiseLike<F>::Result>::UnwrappedType, F0>::Promise::Result>::WrappedType> grpc_core::promise_detail::SeqState<Traits, P, F0>::PollOnce() [with Traits = grpc_core::promise_detail::TrySeqTraits; P = grpc_core::CallFilters::PullClientToServerMessage()::<lambda()>; F0 = grpc_core::CallFilters::PullClientToServerMessage()::<lambda(bool)>]’ at ./src/core/lib/promise/detail/seq_state.h:185:14,
          inlined from ‘auto grpc_core::promise_detail::TrySeq<P, Fs>::operator()() [with P = grpc_core::CallFilters::PullClientToServerMessage()::<lambda()>; Fs = {grpc_core::CallFilters::PullClientToServerMessage()::<lambda(bool)>}]’ at ./src/core/lib/promise/try_seq.h:263:28,
          inlined from ‘grpc_core::Poll<decltype (grpc_core::for_each_detail::Done<typename grpc_core::PollTraits<decltype (declval<typename grpc_core::promise_detail::RepeatedPromiseFactory<typename grpc_core::for_each_detail::NextValueTraits<typename grpc_core::PollTraits<decltype (declval<decltype (declval<Reader>().Next())>()())>::Type, void>::Value, Action>::Promise>()())>::Type>::Make(false))> grpc_core::for_each_detail::ForEach<Reader, Action>::PollReaderNext() [with Reader = grpc_core::MessagesFrom<CallHandler>(CallHandler)::Wrapper; Action = grpc_core::ForwardCall(CallHandler, CallInitiator, absl::lts_20250512::AnyInvocable<void(grpc_metadata_batch&)>)::<lambda()> mutable::<lambda(grpc_core::MessageHandle)>]’ at ./src/core/lib/promise/for_each.h:183:10,
          inlined from ‘grpc_core::Poll<decltype (grpc_core::for_each_detail::Done<typename grpc_core::PollTraits<decltype (declval<typename grpc_core::promise_detail::RepeatedPromiseFactory<typename grpc_core::for_each_detail::NextValueTraits<typename grpc_core::PollTraits<decltype (declval<decltype (declval<Reader>().Next())>()())>::Type, void>::Value, Action>::Promise>()())>::Type>::Make(false))> grpc_core::for_each_detail::ForEach<Reader, Action>::PollAction() [with Reader = grpc_core::MessagesFrom<CallHandler>(CallHandler)::Wrapper; Action = grpc_core::ForwardCall(CallHandler, CallInitiator, absl::lts_20250512::AnyInvocable<void(grpc_metadata_batch&)>)::<lambda()> mutable::<lambda(grpc_core::MessageHandle)>]’ at ./src/core/lib/promise/for_each.h:219:31:
      ./src/core/call/call_filters.h:1424:20: warning: ‘<unnamed>.grpc_core::CallFilters::MessageExecutor<grpc_core::CallFilters::push_client_to_server_message_, grpc_core::filters_detail::StackData::client_to_server_messages, grpc_core::CallState::FinishPullClientToServerMessage, const grpc_core::CallFilters::AddedStack*>::executor_.grpc_core::filters_detail::OperationExecutor<std::unique_ptr<grpc_core::Message, grpc_core::Arena::PooledDeleter> >::ops_’ may be used uninitialized [-Wmaybe-uninitialized]
       1424 |       : ops_(other.ops_), end_ops_(other.end_ops_) {
            |              ~~~~~~^~~~
      ./src/core/lib/promise/detail/promise_factory.h: In member function ‘grpc_core::Poll<decltype (grpc_core::for_each_detail::Done<typename grpc_core::PollTraits<decltype (declval<typename grpc_core::promise_detail::RepeatedPromiseFactory<typename grpc_core::for_each_detail::NextValueTraits<typename grpc_core::PollTraits<decltype (declval<decltype (declval<Reader>().Next())>()())>::Type, void>::Value, Action>::Promise>()())>::Type>::Make(false))> grpc_core::for_each_detail::ForEach<Reader, Action>::PollAction() [with Reader = grpc_core::MessagesFrom<CallHandler>(CallHandler)::Wrapper; Action = grpc_core::ForwardCall(CallHandler, CallInitiator, absl::lts_20250512::AnyInvocable<void(grpc_metadata_batch&)>)::<lambda()> mutable::<lambda(grpc_core::MessageHandle)>]’:
      ./src/core/lib/promise/detail/promise_factory.h:211:11: note: ‘<anonymous>’ declared here
        211 |   return f();
            |          ~^~
      In constructor ‘grpc_core::filters_detail::OperationExecutor<T>::OperationExecutor(grpc_core::filters_detail::OperationExecutor<T>&&) [with T = std::unique_ptr<grpc_core::Message, grpc_core::Arena::PooledDeleter>]’,
          inlined from ‘grpc_core::CallFilters::MessageExecutor<&grpc_core::CallFilters::push_client_to_server_message_, &grpc_core::filters_detail::StackData::client_to_server_messages, &grpc_core::CallState::FinishPullClientToServerMessage, const grpc_core::CallFilters::AddedStack*>::MessageExecutor(grpc_core::CallFilters::MessageExecutor<&grpc_core::CallFilters::push_client_to_server_message_, &grpc_core::filters_detail::StackData::client_to_server_messages, &grpc_core::CallState::FinishPullClientToServerMessage, const grpc_core::CallFilters::AddedStack*>&&)’ at ./src/core/call/call_filters.h:1886:9,
          inlined from ‘grpc_core::promise_detail::PromiseLike<F, typename std::enable_if<(! std::is_void<typename std::invoke_result<Releaser>::type>::value), void>::type>::PromiseLike(F&&) [with F = grpc_core::CallFilters::MessageExecutor<&grpc_core::CallFilters::push_client_to_server_message_, &grpc_core::filters_detail::StackData::client_to_server_messages, &grpc_core::CallState::FinishPullClientToServerMessage, const grpc_core::CallFilters::AddedStack*>]’ at ./src/core/lib/promise/detail/promise_like.h:214:9,
          inlined from ‘std::enable_if_t<((bool)grpc_core::promise_detail::IsVoidCallable<typename grpc_core::promise_detail::ResultOfT<F(), void>::T>::value), grpc_core::promise_detail::PromiseLike<decltype (declval<F>()())> > grpc_core::promise_detail::PromiseFactoryImpl(Token, F&&) [with Token = OnceToken; F = grpc_core::CallFilters::PullClientToServerMessage()::<lambda(bool)>::<lambda()>]’ at ./src/core/lib/promise/detail/promise_factory.h:211:12,
          inlined from ‘grpc_core::promise_detail::OncePromiseFactory<void, F>::Promise grpc_core::promise_detail::OncePromiseFactory<void, F>::Make() [with F = grpc_core::CallFilters::PullClientToServerMessage()::<lambda(bool)>::<lambda()>]’ at ./src/core/lib/promise/detail/promise_factory.h:250:57,
          inlined from ‘grpc_core::If<bool, T, F>::If(bool, T, F) [with T = grpc_core::CallFilters::PullClientToServerMessage()::<lambda(bool)>::<lambda()>; F = grpc_core::CallFilters::PullClientToServerMessage()::<lambda(bool)>::<lambda()>]’ at ./src/core/lib/promise/if.h:181:45,
          inlined from ‘grpc_core::CallFilters::PullClientToServerMessage()::<lambda(bool)>’ at ./src/core/call/call_filters.h:2019:16,
          inlined from ‘std::enable_if_t<((bool)grpc_core::promise_detail::IsVoidCallable<typename grpc_core::promise_detail::ResultOfT<F(A), void>::T>::value), grpc_core::promise_detail::PromiseLike<decltype (declval<F>()(declval<A>()))> > grpc_core::promise_detail::PromiseFactoryImpl(Token, F&&, A&&) [with Token = OnceToken; A = bool; F = grpc_core::CallFilters::PullClientToServerMessage()::<lambda(bool)>]’ at ./src/core/lib/promise/detail/promise_factory.h:183:11,
          inlined from ‘grpc_core::promise_detail::OncePromiseFactory<A, F>::Promise grpc_core::promise_detail::OncePromiseFactory<A, F>::Make(Arg&&) [with A = bool; F = grpc_core::CallFilters::PullClientToServerMessage()::<lambda(bool)>]’ at ./src/core/lib/promise/detail/promise_factory.h:232:79,
          inlined from ‘static auto grpc_core::promise_detail::TrySeqTraitsWithSfinae<T, typename std::enable_if<((std::is_same<decltype (grpc_core::IsStatusOk(declval<T>())), bool>::value && grpc_core::promise_detail::TakeValueExists<T>::value) && grpc_core::promise_detail::AllowGenericTrySeqTraits<T>::value), void>::type>::CallFactory(Next*, T&&) [with Next = grpc_core::promise_detail::OncePromiseFactory<bool, grpc_core::CallFilters::PullClientToServerMessage()::<lambda(bool)> >; T = grpc_core::ValueOrFailure<bool>]’ at ./src/core/lib/promise/try_seq.h:200:57,
          inlined from ‘grpc_core::Poll<typename Traits<typename grpc_core::promise_detail::OncePromiseFactory<typename Traits<typename grpc_core::promise_detail::PromiseLike<F>::Result>::UnwrappedType, F0>::Promise::Result>::WrappedType> grpc_core::promise_detail::SeqState<Traits, P, F0>::PollOnce() [with Traits = grpc_core::promise_detail::TrySeqTraits; P = grpc_core::CallFilters::PullClientToServerMessage()::<lambda()>; F0 = grpc_core::CallFilters::PullClientToServerMessage()::<lambda(bool)>]’ at ./src/core/lib/promise/detail/seq_state.h:185:14,
          inlined from ‘auto grpc_core::promise_detail::TrySeq<P, Fs>::operator()() [with P = grpc_core::CallFilters::PullClientToServerMessage()::<lambda()>; Fs = {grpc_core::CallFilters::PullClientToServerMessage()::<lambda(bool)>}]’ at ./src/core/lib/promise/try_seq.h:263:28,
          inlined from ‘grpc_core::Poll<decltype (grpc_core::for_each_detail::Done<typename grpc_core::PollTraits<decltype (declval<typename grpc_core::promise_detail::RepeatedPromiseFactory<typename grpc_core::for_each_detail::NextValueTraits<typename grpc_core::PollTraits<decltype (declval<decltype (declval<Reader>().Next())>()())>::Type, void>::Value, Action>::Promise>()())>::Type>::Make(false))> grpc_core::for_each_detail::ForEach<Reader, Action>::PollReaderNext() [with Reader = grpc_core::MessagesFrom<CallHandler>(CallHandler)::Wrapper; Action = grpc_core::ForwardCall(CallHandler, CallInitiator, absl::lts_20250512::AnyInvocable<void(grpc_metadata_batch&)>)::<lambda()> mutable::<lambda(grpc_core::MessageHandle)>]’ at ./src/core/lib/promise/for_each.h:183:10,
          inlined from ‘grpc_core::Poll<decltype (grpc_core::for_each_detail::Done<typename grpc_core::PollTraits<decltype (declval<typename grpc_core::promise_detail::RepeatedPromiseFactory<typename grpc_core::for_each_detail::NextValueTraits<typename grpc_core::PollTraits<decltype (declval<decltype (declval<Reader>().Next())>()())>::Type, void>::Value, Action>::Promise>()())>::Type>::Make(false))> grpc_core::for_each_detail::ForEach<Reader, Action>::PollAction() [with Reader = grpc_core::MessagesFrom<CallHandler>(CallHandler)::Wrapper; Action = grpc_core::ForwardCall(CallHandler, CallInitiator, absl::lts_20250512::AnyInvocable<void(grpc_metadata_batch&)>)::<lambda()> mutable::<lambda(grpc_core::MessageHandle)>]’ at ./src/core/lib/promise/for_each.h:219:31:
      ./src/core/call/call_filters.h:1424:42: warning: ‘<unnamed>.grpc_core::CallFilters::MessageExecutor<grpc_core::CallFilters::push_client_to_server_message_, grpc_core::filters_detail::StackData::client_to_server_messages, grpc_core::CallState::FinishPullClientToServerMessage, const grpc_core::CallFilters::AddedStack*>::executor_.grpc_core::filters_detail::OperationExecutor<std::unique_ptr<grpc_core::Message, grpc_core::Arena::PooledDeleter> >::end_ops_’ may be used uninitialized [-Wmaybe-uninitialized]
       1424 |       : ops_(other.ops_), end_ops_(other.end_ops_) {
            |                                    ~~~~~~^~~~~~~~
      ./src/core/lib/promise/detail/promise_factory.h: In member function ‘grpc_core::Poll<decltype (grpc_core::for_each_detail::Done<typename grpc_core::PollTraits<decltype (declval<typename grpc_core::promise_detail::RepeatedPromiseFactory<typename grpc_core::for_each_detail::NextValueTraits<typename grpc_core::PollTraits<decltype (declval<decltype (declval<Reader>().Next())>()())>::Type, void>::Value, Action>::Promise>()())>::Type>::Make(false))> grpc_core::for_each_detail::ForEach<Reader, Action>::PollAction() [with Reader = grpc_core::MessagesFrom<CallHandler>(CallHandler)::Wrapper; Action = grpc_core::ForwardCall(CallHandler, CallInitiator, absl::lts_20250512::AnyInvocable<void(grpc_metadata_batch&)>)::<lambda()> mutable::<lambda(grpc_core::MessageHandle)>]’:
      ./src/core/lib/promise/detail/promise_factory.h:211:11: note: ‘<anonymous>’ declared here
        211 |   return f();
            |          ~^~
      g++ -fno-strict-overflow -Wsign-compare -DNDEBUG -g -O3 -Wall -fPIC -D_WIN32_WINNT=1536 -DGRPC_XDS_USER_AGENT_NAME_SUFFIX=\"Python\" -DGRPC_XDS_USER_AGENT_VERSION_SUFFIX=\"1.79.0.dev0\" -DHAVE_CONFIG_H=1 -DGRPC_ENABLE_FORK_SUPPORT=1 -DGRPC_ENABLE_FORK_SUPPORT_DEFAULT=false -DGRPC_PYTHON_BUILD=1 -D__STDC_FORMAT_MACROS "-DPyMODINIT_FUNC=extern \"C\" __attribute__((visibility (\"default\"))) PyObject*" -DGRPC_POSIX_FORK_ALLOW_PTHREAD_ATFORK=1 -Isrc/python/grpcio -Iinclude -I. -Ithird_party/abseil-cpp -Ithird_party/address_sorting/include -Ithird_party/cares/cares/include -Ithird_party/cares -Ithird_party/cares/cares -Ithird_party/cares/cares/src/lib/include -Ithird_party/cares/cares/src/lib -Ithird_party/cares/config_linux -Ithird_party/re2 -Ithird_party/boringssl-with-bazel/src/include -Ithird_party/upb -Isrc/core/ext/upb-gen -Isrc/core/ext/upbdefs-gen -Ithird_party/utf8_range -Ithird_party/xxhash -Ithird_party/zlib -I/usr/local/google/home/ssreenithi/.pyenv/versions/3.12.0/envs/pyvenv_312/include -I/usr/local/google/home/ssreenithi/.pyenv/versions/3.12.0/include/python3.12 -c src/core/lib/surface/version.cc -o pyb/temp.linux-x86_64-cpython-312/src/core/lib/surface/version.o -std=c++17 -fvisibility=hidden -fno-wrapv -fno-exceptions -pthread
      g++ -fno-strict-overflow -Wsign-compare -DNDEBUG -g -O3 -Wall -fPIC -D_WIN32_WINNT=1536 -DGRPC_XDS_USER_AGENT_NAME_SUFFIX=\"Python\" -DGRPC_XDS_USER_AGENT_VERSION_SUFFIX=\"1.79.0.dev0\" -DHAVE_CONFIG_H=1 -DGRPC_ENABLE_FORK_SUPPORT=1 -DGRPC_ENABLE_FORK_SUPPORT_DEFAULT=false -DGRPC_PYTHON_BUILD=1 -D__STDC_FORMAT_MACROS "-DPyMODINIT_FUNC=extern \"C\" __attribute__((visibility (\"default\"))) PyObject*" -DGRPC_POSIX_FORK_ALLOW_PTHREAD_ATFORK=1 -Isrc/python/grpcio -Iinclude -I. -Ithird_party/abseil-cpp -Ithird_party/address_sorting/include -Ithird_party/cares/cares/include -Ithird_party/cares -Ithird_party/cares/cares -Ithird_party/cares/cares/src/lib/include -Ithird_party/cares/cares/src/lib -Ithird_party/cares/config_linux -Ithird_party/re2 -Ithird_party/boringssl-with-bazel/src/include -Ithird_party/upb -Isrc/core/ext/upb-gen -Isrc/core/ext/upbdefs-gen -Ithird_party/utf8_range -Ithird_party/xxhash -Ithird_party/zlib -I/usr/local/google/home/ssreenithi/.pyenv/versions/3.12.0/envs/pyvenv_312/include -I/usr/local/google/home/ssreenithi/.pyenv/versions/3.12.0/include/python3.12 -c src/core/util/ref_counted_string.cc -o pyb/temp.linux-x86_64-cpython-312/src/core/util/ref_counted_string.o -std=c++17 -fvisibility=hidden -fno-wrapv -fno-exceptions -pthread
      g++ -fno-strict-overflow -Wsign-compare -DNDEBUG -g -O3 -Wall -fPIC -D_WIN32_WINNT=1536 -DGRPC_XDS_USER_AGENT_NAME_SUFFIX=\"Python\" -DGRPC_XDS_USER_AGENT_VERSION_SUFFIX=\"1.79.0.dev0\" -DHAVE_CONFIG_H=1 -DGRPC_ENABLE_FORK_SUPPORT=1 -DGRPC_ENABLE_FORK_SUPPORT_DEFAULT=false -DGRPC_PYTHON_BUILD=1 -D__STDC_FORMAT_MACROS "-DPyMODINIT_FUNC=extern \"C\" __attribute__((visibility (\"default\"))) PyObject*" -DGRPC_POSIX_FORK_ALLOW_PTHREAD_ATFORK=1 -Isrc/python/grpcio -Iinclude -I. -Ithird_party/abseil-cpp -Ithird_party/address_sorting/include -Ithird_party/cares/cares/include -Ithird_party/cares -Ithird_party/cares/cares -Ithird_party/cares/cares/src/lib/include -Ithird_party/cares/cares/src/lib -Ithird_party/cares/config_linux -Ithird_party/re2 -Ithird_party/boringssl-with-bazel/src/include -Ithird_party/upb -Isrc/core/ext/upb-gen -Isrc/core/ext/upbdefs-gen -Ithird_party/utf8_range -Ithird_party/xxhash -Ithird_party/zlib -I/usr/local/google/home/ssreenithi/.pyenv/versions/3.12.0/envs/pyvenv_312/include -I/usr/local/google/home/ssreenithi/.pyenv/versions/3.12.0/include/python3.12 -c src/core/lib/transport/bdp_estimator.cc -o pyb/temp.linux-x86_64-cpython-312/src/core/lib/transport/bdp_estimator.o -std=c++17 -fvisibility=hidden -fno-wrapv -fno-exceptions -pthread
      g++ -fno-strict-overflow -Wsign-compare -DNDEBUG -g -O3 -Wall -fPIC -D_WIN32_WINNT=1536 -DGRPC_XDS_USER_AGENT_NAME_SUFFIX=\"Python\" -DGRPC_XDS_USER_AGENT_VERSION_SUFFIX=\"1.79.0.dev0\" -DHAVE_CONFIG_H=1 -DGRPC_ENABLE_FORK_SUPPORT=1 -DGRPC_ENABLE_FORK_SUPPORT_DEFAULT=false -DGRPC_PYTHON_BUILD=1 -D__STDC_FORMAT_MACROS "-DPyMODINIT_FUNC=extern \"C\" __attribute__((visibility (\"default\"))) PyObject*" -DGRPC_POSIX_FORK_ALLOW_PTHREAD_ATFORK=1 -Isrc/python/grpcio -Iinclude -I. -Ithird_party/abseil-cpp -Ithird_party/address_sorting/include -Ithird_party/cares/cares/include -Ithird_party/cares -Ithird_party/cares/cares -Ithird_party/cares/cares/src/lib/include -Ithird_party/cares/cares/src/lib -Ithird_party/cares/config_linux -Ithird_party/re2 -Ithird_party/boringssl-with-bazel/src/include -Ithird_party/upb -Isrc/core/ext/upb-gen -Isrc/core/ext/upbdefs-gen -Ithird_party/utf8_range -Ithird_party/xxhash -Ithird_party/zlib -I/usr/local/google/home/ssreenithi/.pyenv/versions/3.12.0/envs/pyvenv_312/include -I/usr/local/google/home/ssreenithi/.pyenv/versions/3.12.0/include/python3.12 -c src/core/filter/blackboard.cc -o pyb/temp.linux-x86_64-cpython-312/src/core/filter/blackboard.o -std=c++17 -fvisibility=hidden -fno-wrapv -fno-exceptions -pthread
      In file included from ./src/core/lib/promise/activity.h:30,
                       from ./src/core/lib/resource_quota/memory_quota.h:39,
                       from ./src/core/lib/resource_quota/arena.h:39,
                       from ./src/core/call/call_arena_allocator.h:24,
                       from ./src/core/call/call_spine.h:20,
                       from ./src/core/call/request_buffer.h:20,
                       from src/core/call/request_buffer.cc:15:
      ./src/core/lib/promise/detail/promise_factory.h:210:5: warning: ‘always_inline’ function might not be inlinable unless also declared ‘inline’ [-Wattributes]
        210 |     PromiseFactoryImpl(Token, F&& f) {
            |     ^~~~~~~~~~~~~~~~~~
      ./src/core/lib/promise/detail/promise_factory.h:210:5: warning: ‘always_inline’ function might not be inlinable unless also declared ‘inline’ [-Wattributes]
      ./src/core/lib/promise/detail/promise_factory.h:210:5: warning: ‘always_inline’ function might not be inlinable unless also declared ‘inline’ [-Wattributes]
      ./src/core/lib/promise/detail/promise_factory.h:210:5: warning: ‘always_inline’ function might not be inlinable unless also declared ‘inline’ [-Wattributes]
      ./src/core/lib/promise/detail/promise_factory.h:210:5: warning: ‘always_inline’ function might not be inlinable unless also declared ‘inline’ [-Wattributes]
      ./src/core/lib/promise/detail/promise_factory.h:210:5: warning: ‘always_inline’ function might not be inlinable unless also declared ‘inline’ [-Wattributes]
      ./src/core/lib/promise/detail/promise_factory.h:210:5: warning: ‘always_inline’ function might not be inlinable unless also declared ‘inline’ [-Wattributes]
      g++ -fno-strict-overflow -Wsign-compare -DNDEBUG -g -O3 -Wall -fPIC -D_WIN32_WINNT=1536 -DGRPC_XDS_USER_AGENT_NAME_SUFFIX=\"Python\" -DGRPC_XDS_USER_AGENT_VERSION_SUFFIX=\"1.79.0.dev0\" -DHAVE_CONFIG_H=1 -DGRPC_ENABLE_FORK_SUPPORT=1 -DGRPC_ENABLE_FORK_SUPPORT_DEFAULT=false -DGRPC_PYTHON_BUILD=1 -D__STDC_FORMAT_MACROS "-DPyMODINIT_FUNC=extern \"C\" __attribute__((visibility (\"default\"))) PyObject*" -DGRPC_POSIX_FORK_ALLOW_PTHREAD_ATFORK=1 -Isrc/python/grpcio -Iinclude -I. -Ithird_party/abseil-cpp -Ithird_party/address_sorting/include -Ithird_party/cares/cares/include -Ithird_party/cares -Ithird_party/cares/cares -Ithird_party/cares/cares/src/lib/include -Ithird_party/cares/cares/src/lib -Ithird_party/cares/config_linux -Ithird_party/re2 -Ithird_party/boringssl-with-bazel/src/include -Ithird_party/upb -Isrc/core/ext/upb-gen -Isrc/core/ext/upbdefs-gen -Ithird_party/utf8_range -Ithird_party/xxhash -Ithird_party/zlib -I/usr/local/google/home/ssreenithi/.pyenv/versions/3.12.0/envs/pyvenv_312/include -I/usr/local/google/home/ssreenithi/.pyenv/versions/3.12.0/include/python3.12 -c src/core/xds/xds_client/xds_backend_metric_propagation.cc -o pyb/temp.linux-x86_64-cpython-312/src/core/xds/xds_client/xds_backend_metric_propagation.o -std=c++17 -fvisibility=hidden -fno-wrapv -fno-exceptions -pthread
      g++ -fno-strict-overflow -Wsign-compare -DNDEBUG -g -O3 -Wall -fPIC -D_WIN32_WINNT=1536 -DGRPC_XDS_USER_AGENT_NAME_SUFFIX=\"Python\" -DGRPC_XDS_USER_AGENT_VERSION_SUFFIX=\"1.79.0.dev0\" -DHAVE_CONFIG_H=1 -DGRPC_ENABLE_FORK_SUPPORT=1 -DGRPC_ENABLE_FORK_SUPPORT_DEFAULT=false -DGRPC_PYTHON_BUILD=1 -D__STDC_FORMAT_MACROS "-DPyMODINIT_FUNC=extern \"C\" __attribute__((visibility (\"default\"))) PyObject*" -DGRPC_POSIX_FORK_ALLOW_PTHREAD_ATFORK=1 -Isrc/python/grpcio -Iinclude -I. -Ithird_party/abseil-cpp -Ithird_party/address_sorting/include -Ithird_party/cares/cares/include -Ithird_party/cares -Ithird_party/cares/cares -Ithird_party/cares/cares/src/lib/include -Ithird_party/cares/cares/src/lib -Ithird_party/cares/config_linux -Ithird_party/re2 -Ithird_party/boringssl-with-bazel/src/include -Ithird_party/upb -Isrc/core/ext/upb-gen -Isrc/core/ext/upbdefs-gen -Ithird_party/utf8_range -Ithird_party/xxhash -Ithird_party/zlib -I/usr/local/google/home/ssreenithi/.pyenv/versions/3.12.0/envs/pyvenv_312/include -I/usr/local/google/home/ssreenithi/.pyenv/versions/3.12.0/include/python3.12 -c src/core/lib/surface/init.cc -o pyb/temp.linux-x86_64-cpython-312/src/core/lib/surface/init.o -std=c++17 -fvisibility=hidden -fno-wrapv -fno-exceptions -pthread
      g++ -fno-strict-overflow -Wsign-compare -DNDEBUG -g -O3 -Wall -fPIC -D_WIN32_WINNT=1536 -DGRPC_XDS_USER_AGENT_NAME_SUFFIX=\"Python\" -DGRPC_XDS_USER_AGENT_VERSION_SUFFIX=\"1.79.0.dev0\" -DHAVE_CONFIG_H=1 -DGRPC_ENABLE_FORK_SUPPORT=1 -DGRPC_ENABLE_FORK_SUPPORT_DEFAULT=false -DGRPC_PYTHON_BUILD=1 -D__STDC_FORMAT_MACROS "-DPyMODINIT_FUNC=extern \"C\" __attribute__((visibility (\"default\"))) PyObject*" -DGRPC_POSIX_FORK_ALLOW_PTHREAD_ATFORK=1 -Isrc/python/grpcio -Iinclude -I. -Ithird_party/abseil-cpp -Ithird_party/address_sorting/include -Ithird_party/cares/cares/include -Ithird_party/cares -Ithird_party/cares/cares -Ithird_party/cares/cares/src/lib/include -Ithird_party/cares/cares/src/lib -Ithird_party/cares/config_linux -Ithird_party/re2 -Ithird_party/boringssl-with-bazel/src/include -Ithird_party/upb -Isrc/core/ext/upb-gen -Isrc/core/ext/upbdefs-gen -Ithird_party/utf8_range -Ithird_party/xxhash -Ithird_party/zlib -I/usr/local/google/home/ssreenithi/.pyenv/versions/3.12.0/envs/pyvenv_312/include -I/usr/local/google/home/ssreenithi/.pyenv/versions/3.12.0/include/python3.12 -c third_party/abseil-cpp/absl/base/internal/spinlock.cc -o pyb/temp.linux-x86_64-cpython-312/third_party/abseil-cpp/absl/base/internal/spinlock.o -std=c++17 -fvisibility=hidden -fno-wrapv -fno-exceptions -pthread
      g++ -fno-strict-overflow -Wsign-compare -DNDEBUG -g -O3 -Wall -fPIC -D_WIN32_WINNT=1536 -DGRPC_XDS_USER_AGENT_NAME_SUFFIX=\"Python\" -DGRPC_XDS_USER_AGENT_VERSION_SUFFIX=\"1.79.0.dev0\" -DHAVE_CONFIG_H=1 -DGRPC_ENABLE_FORK_SUPPORT=1 -DGRPC_ENABLE_FORK_SUPPORT_DEFAULT=false -DGRPC_PYTHON_BUILD=1 -D__STDC_FORMAT_MACROS "-DPyMODINIT_FUNC=extern \"C\" __attribute__((visibility (\"default\"))) PyObject*" -DGRPC_POSIX_FORK_ALLOW_PTHREAD_ATFORK=1 -Isrc/python/grpcio -Iinclude -I. -Ithird_party/abseil-cpp -Ithird_party/address_sorting/include -Ithird_party/cares/cares/include -Ithird_party/cares -Ithird_party/cares/cares -Ithird_party/cares/cares/src/lib/include -Ithird_party/cares/cares/src/lib -Ithird_party/cares/config_linux -Ithird_party/re2 -Ithird_party/boringssl-with-bazel/src/include -Ithird_party/upb -Isrc/core/ext/upb-gen -Isrc/core/ext/upbdefs-gen -Ithird_party/utf8_range -Ithird_party/xxhash -Ithird_party/zlib -I/usr/local/google/home/ssreenithi/.pyenv/versions/3.12.0/envs/pyvenv_312/include -I/usr/local/google/home/ssreenithi/.pyenv/versions/3.12.0/include/python3.12 -c third_party/abseil-cpp/absl/base/internal/unscaledcycleclock.cc -o pyb/temp.linux-x86_64-cpython-312/third_party/abseil-cpp/absl/base/internal/unscaledcycleclock.o -std=c++17 -fvisibility=hidden -fno-wrapv -fno-exceptions -pthread
      g++ -fno-strict-overflow -Wsign-compare -DNDEBUG -g -O3 -Wall -fPIC -D_WIN32_WINNT=1536 -DGRPC_XDS_USER_AGENT_NAME_SUFFIX=\"Python\" -DGRPC_XDS_USER_AGENT_VERSION_SUFFIX=\"1.79.0.dev0\" -DHAVE_CONFIG_H=1 -DGRPC_ENABLE_FORK_SUPPORT=1 -DGRPC_ENABLE_FORK_SUPPORT_DEFAULT=false -DGRPC_PYTHON_BUILD=1 -D__STDC_FORMAT_MACROS "-DPyMODINIT_FUNC=extern \"C\" __attribute__((visibility (\"default\"))) PyObject*" -DGRPC_POSIX_FORK_ALLOW_PTHREAD_ATFORK=1 -Isrc/python/grpcio -Iinclude -I. -Ithird_party/abseil-cpp -Ithird_party/address_sorting/include -Ithird_party/cares/cares/include -Ithird_party/cares -Ithird_party/cares/cares -Ithird_party/cares/cares/src/lib/include -Ithird_party/cares/cares/src/lib -Ithird_party/cares/config_linux -Ithird_party/re2 -Ithird_party/boringssl-with-bazel/src/include -Ithird_party/upb -Isrc/core/ext/upb-gen -Isrc/core/ext/upbdefs-gen -Ithird_party/utf8_range -Ithird_party/xxhash -Ithird_party/zlib -I/usr/local/google/home/ssreenithi/.pyenv/versions/3.12.0/envs/pyvenv_312/include -I/usr/local/google/home/ssreenithi/.pyenv/versions/3.12.0/include/python3.12 -c src/core/lib/promise/wait_set.cc -o pyb/temp.linux-x86_64-cpython-312/src/core/lib/promise/wait_set.o -std=c++17 -fvisibility=hidden -fno-wrapv -fno-exceptions -pthread
      g++ -fno-strict-overflow -Wsign-compare -DNDEBUG -g -O3 -Wall -fPIC -D_WIN32_WINNT=1536 -DGRPC_XDS_USER_AGENT_NAME_SUFFIX=\"Python\" -DGRPC_XDS_USER_AGENT_VERSION_SUFFIX=\"1.79.0.dev0\" -DHAVE_CONFIG_H=1 -DGRPC_ENABLE_FORK_SUPPORT=1 -DGRPC_ENABLE_FORK_SUPPORT_DEFAULT=false -DGRPC_PYTHON_BUILD=1 -D__STDC_FORMAT_MACROS "-DPyMODINIT_FUNC=extern \"C\" __attribute__((visibility (\"default\"))) PyObject*" -DGRPC_POSIX_FORK_ALLOW_PTHREAD_ATFORK=1 -Isrc/python/grpcio -Iinclude -I. -Ithird_party/abseil-cpp -Ithird_party/address_sorting/include -Ithird_party/cares/cares/include -Ithird_party/cares -Ithird_party/cares/cares -Ithird_party/cares/cares/src/lib/include -Ithird_party/cares/cares/src/lib -Ithird_party/cares/config_linux -Ithird_party/re2 -Ithird_party/boringssl-with-bazel/src/include -Ithird_party/upb -Isrc/core/ext/upb-gen -Isrc/core/ext/upbdefs-gen -Ithird_party/utf8_range -Ithird_party/xxhash -Ithird_party/zlib -I/usr/local/google/home/ssreenithi/.pyenv/versions/3.12.0/envs/pyvenv_312/include -I/usr/local/google/home/ssreenithi/.pyenv/versions/3.12.0/include/python3.12 -c src/core/util/sync.cc -o pyb/temp.linux-x86_64-cpython-312/src/core/util/sync.o -std=c++17 -fvisibility=hidden -fno-wrapv -fno-exceptions -pthread
      g++ -fno-strict-overflow -Wsign-compare -DNDEBUG -g -O3 -Wall -fPIC -D_WIN32_WINNT=1536 -DGRPC_XDS_USER_AGENT_NAME_SUFFIX=\"Python\" -DGRPC_XDS_USER_AGENT_VERSION_SUFFIX=\"1.79.0.dev0\" -DHAVE_CONFIG_H=1 -DGRPC_ENABLE_FORK_SUPPORT=1 -DGRPC_ENABLE_FORK_SUPPORT_DEFAULT=false -DGRPC_PYTHON_BUILD=1 -D__STDC_FORMAT_MACROS "-DPyMODINIT_FUNC=extern \"C\" __attribute__((visibility (\"default\"))) PyObject*" -DGRPC_POSIX_FORK_ALLOW_PTHREAD_ATFORK=1 -Isrc/python/grpcio -Iinclude -I. -Ithird_party/abseil-cpp -Ithird_party/address_sorting/include -Ithird_party/cares/cares/include -Ithird_party/cares -Ithird_party/cares/cares -Ithird_party/cares/cares/src/lib/include -Ithird_party/cares/cares/src/lib -Ithird_party/cares/config_linux -Ithird_party/re2 -Ithird_party/boringssl-with-bazel/src/include -Ithird_party/upb -Isrc/core/ext/upb-gen -Isrc/core/ext/upbdefs-gen -Ithird_party/utf8_range -Ithird_party/xxhash -Ithird_party/zlib -I/usr/local/google/home/ssreenithi/.pyenv/versions/3.12.0/envs/pyvenv_312/include -I/usr/local/google/home/ssreenithi/.pyenv/versions/3.12.0/include/python3.12 -c third_party/abseil-cpp/absl/base/log_severity.cc -o pyb/temp.linux-x86_64-cpython-312/third_party/abseil-cpp/absl/base/log_severity.o -std=c++17 -fvisibility=hidden -fno-wrapv -fno-exceptions -pthread
      g++ -fno-strict-overflow -Wsign-compare -DNDEBUG -g -O3 -Wall -fPIC -D_WIN32_WINNT=1536 -DGRPC_XDS_USER_AGENT_NAME_SUFFIX=\"Python\" -DGRPC_XDS_USER_AGENT_VERSION_SUFFIX=\"1.79.0.dev0\" -DHAVE_CONFIG_H=1 -DGRPC_ENABLE_FORK_SUPPORT=1 -DGRPC_ENABLE_FORK_SUPPORT_DEFAULT=false -DGRPC_PYTHON_BUILD=1 -D__STDC_FORMAT_MACROS "-DPyMODINIT_FUNC=extern \"C\" __attribute__((visibility (\"default\"))) PyObject*" -DGRPC_POSIX_FORK_ALLOW_PTHREAD_ATFORK=1 -Isrc/python/grpcio -Iinclude -I. -Ithird_party/abseil-cpp -Ithird_party/address_sorting/include -Ithird_party/cares/cares/include -Ithird_party/cares -Ithird_party/cares/cares -Ithird_party/cares/cares/src/lib/include -Ithird_party/cares/cares/src/lib -Ithird_party/cares/config_linux -Ithird_party/re2 -Ithird_party/boringssl-with-bazel/src/include -Ithird_party/upb -Isrc/core/ext/upb-gen -Isrc/core/ext/upbdefs-gen -Ithird_party/utf8_range -Ithird_party/xxhash -Ithird_party/zlib -I/usr/local/google/home/ssreenithi/.pyenv/versions/3.12.0/envs/pyvenv_312/include -I/usr/local/google/home/ssreenithi/.pyenv/versions/3.12.0/include/python3.12 -c src/core/util/matchers.cc -o pyb/temp.linux-x86_64-cpython-312/src/core/util/matchers.o -std=c++17 -fvisibility=hidden -fno-wrapv -fno-exceptions -pthread
      In file included from ./src/core/lib/promise/activity.h:30,
                       from ./src/core/call/call_state.h:23,
                       from ./src/core/call/call_filters.h:26,
                       from ./src/core/lib/surface/channel_init.h:31,
                       from ./src/core/config/core_configuration.h:29,
                       from src/core/resolver/dns/c_ares/dns_resolver_ares.cc:30:
      ./src/core/lib/promise/detail/promise_factory.h:210:5: warning: ‘always_inline’ function might not be inlinable unless also declared ‘inline’ [-Wattributes]
        210 |     PromiseFactoryImpl(Token, F&& f) {
            |     ^~~~~~~~~~~~~~~~~~
      ./src/core/lib/promise/detail/promise_factory.h:210:5: warning: ‘always_inline’ function might not be inlinable unless also declared ‘inline’ [-Wattributes]
      ./src/core/lib/promise/detail/promise_factory.h:210:5: warning: ‘always_inline’ function might not be inlinable unless also declared ‘inline’ [-Wattributes]
      ./src/core/lib/promise/detail/promise_factory.h:210:5: warning: ‘always_inline’ function might not be inlinable unless also declared ‘inline’ [-Wattributes]
      ./src/core/lib/promise/detail/promise_factory.h:210:5: warning: ‘always_inline’ function might not be inlinable unless also declared ‘inline’ [-Wattributes]
      ./src/core/lib/promise/detail/promise_factory.h:210:5: warning: ‘always_inline’ function might not be inlinable unless also declared ‘inline’ [-Wattributes]
      ./src/core/lib/promise/detail/promise_factory.h:210:5: warning: ‘always_inline’ function might not be inlinable unless also declared ‘inline’ [-Wattributes]
      g++ -fno-strict-overflow -Wsign-compare -DNDEBUG -g -O3 -Wall -fPIC -D_WIN32_WINNT=1536 -DGRPC_XDS_USER_AGENT_NAME_SUFFIX=\"Python\" -DGRPC_XDS_USER_AGENT_VERSION_SUFFIX=\"1.79.0.dev0\" -DHAVE_CONFIG_H=1 -DGRPC_ENABLE_FORK_SUPPORT=1 -DGRPC_ENABLE_FORK_SUPPORT_DEFAULT=false -DGRPC_PYTHON_BUILD=1 -D__STDC_FORMAT_MACROS "-DPyMODINIT_FUNC=extern \"C\" __attribute__((visibility (\"default\"))) PyObject*" -DGRPC_POSIX_FORK_ALLOW_PTHREAD_ATFORK=1 -Isrc/python/grpcio -Iinclude -I. -Ithird_party/abseil-cpp -Ithird_party/address_sorting/include -Ithird_party/cares/cares/include -Ithird_party/cares -Ithird_party/cares/cares -Ithird_party/cares/cares/src/lib/include -Ithird_party/cares/cares/src/lib -Ithird_party/cares/config_linux -Ithird_party/re2 -Ithird_party/boringssl-with-bazel/src/include -Ithird_party/upb -Isrc/core/ext/upb-gen -Isrc/core/ext/upbdefs-gen -Ithird_party/utf8_range -Ithird_party/xxhash -Ithird_party/zlib -I/usr/local/google/home/ssreenithi/.pyenv/versions/3.12.0/envs/pyvenv_312/include -I/usr/local/google/home/ssreenithi/.pyenv/versions/3.12.0/include/python3.12 -c third_party/abseil-cpp/absl/crc/internal/crc.cc -o pyb/temp.linux-x86_64-cpython-312/third_party/abseil-cpp/absl/crc/internal/crc.o -std=c++17 -fvisibility=hidden -fno-wrapv -fno-exceptions -pthread
      g++ -fno-strict-overflow -Wsign-compare -DNDEBUG -g -O3 -Wall -fPIC -D_WIN32_WINNT=1536 -DGRPC_XDS_USER_AGENT_NAME_SUFFIX=\"Python\" -DGRPC_XDS_USER_AGENT_VERSION_SUFFIX=\"1.79.0.dev0\" -DHAVE_CONFIG_H=1 -DGRPC_ENABLE_FORK_SUPPORT=1 -DGRPC_ENABLE_FORK_SUPPORT_DEFAULT=false -DGRPC_PYTHON_BUILD=1 -D__STDC_FORMAT_MACROS "-DPyMODINIT_FUNC=extern \"C\" __attribute__((visibility (\"default\"))) PyObject*" -DGRPC_POSIX_FORK_ALLOW_PTHREAD_ATFORK=1 -Isrc/python/grpcio -Iinclude -I. -Ithird_party/abseil-cpp -Ithird_party/address_sorting/include -Ithird_party/cares/cares/include -Ithird_party/cares -Ithird_party/cares/cares -Ithird_party/cares/cares/src/lib/include -Ithird_party/cares/cares/src/lib -Ithird_party/cares/config_linux -Ithird_party/re2 -Ithird_party/boringssl-with-bazel/src/include -Ithird_party/upb -Isrc/core/ext/upb-gen -Isrc/core/ext/upbdefs-gen -Ithird_party/utf8_range -Ithird_party/xxhash -Ithird_party/zlib -I/usr/local/google/home/ssreenithi/.pyenv/versions/3.12.0/envs/pyvenv_312/include -I/usr/local/google/home/ssreenithi/.pyenv/versions/3.12.0/include/python3.12 -c src/core/client_channel/dynamic_filters.cc -o pyb/temp.linux-x86_64-cpython-312/src/core/client_channel/dynamic_filters.o -std=c++17 -fvisibility=hidden -fno-wrapv -fno-exceptions -pthread
      In file included from ./src/core/lib/promise/activity.h:30,
                       from ./src/core/call/call_state.h:23,
                       from ./src/core/call/call_filters.h:26,
                       from ./src/core/lib/surface/channel_init.h:31,
                       from ./src/core/config/core_configuration.h:29,
                       from ./src/core/handshaker/http_connect/xds_http_proxy_mapper.h:23,
                       from src/core/handshaker/http_connect/xds_http_proxy_mapper.cc:17:
      ./src/core/lib/promise/detail/promise_factory.h:210:5: warning: ‘always_inline’ function might not be inlinable unless also declared ‘inline’ [-Wattributes]
        210 |     PromiseFactoryImpl(Token, F&& f) {
            |     ^~~~~~~~~~~~~~~~~~
      ./src/core/lib/promise/detail/promise_factory.h:210:5: warning: ‘always_inline’ function might not be inlinable unless also declared ‘inline’ [-Wattributes]
      ./src/core/lib/promise/detail/promise_factory.h:210:5: warning: ‘always_inline’ function might not be inlinable unless also declared ‘inline’ [-Wattributes]
      ./src/core/lib/promise/detail/promise_factory.h:210:5: warning: ‘always_inline’ function might not be inlinable unless also declared ‘inline’ [-Wattributes]
      ./src/core/lib/promise/detail/promise_factory.h:210:5: warning: ‘always_inline’ function might not be inlinable unless also declared ‘inline’ [-Wattributes]
      ./src/core/lib/promise/detail/promise_factory.h:210:5: warning: ‘always_inline’ function might not be inlinable unless also declared ‘inline’ [-Wattributes]
      ./src/core/lib/promise/detail/promise_factory.h:210:5: warning: ‘always_inline’ function might not be inlinable unless also declared ‘inline’ [-Wattributes]
      g++ -fno-strict-overflow -Wsign-compare -DNDEBUG -g -O3 -Wall -fPIC -D_WIN32_WINNT=1536 -DGRPC_XDS_USER_AGENT_NAME_SUFFIX=\"Python\" -DGRPC_XDS_USER_AGENT_VERSION_SUFFIX=\"1.79.0.dev0\" -DHAVE_CONFIG_H=1 -DGRPC_ENABLE_FORK_SUPPORT=1 -DGRPC_ENABLE_FORK_SUPPORT_DEFAULT=false -DGRPC_PYTHON_BUILD=1 -D__STDC_FORMAT_MACROS "-DPyMODINIT_FUNC=extern \"C\" __attribute__((visibility (\"default\"))) PyObject*" -DGRPC_POSIX_FORK_ALLOW_PTHREAD_ATFORK=1 -Isrc/python/grpcio -Iinclude -I. -Ithird_party/abseil-cpp -Ithird_party/address_sorting/include -Ithird_party/cares/cares/include -Ithird_party/cares -Ithird_party/cares/cares -Ithird_party/cares/cares/src/lib/include -Ithird_party/cares/cares/src/lib -Ithird_party/cares/config_linux -Ithird_party/re2 -Ithird_party/boringssl-with-bazel/src/include -Ithird_party/upb -Isrc/core/ext/upb-gen -Isrc/core/ext/upbdefs-gen -Ithird_party/utf8_range -Ithird_party/xxhash -Ithird_party/zlib -I/usr/local/google/home/ssreenithi/.pyenv/versions/3.12.0/envs/pyvenv_312/include -I/usr/local/google/home/ssreenithi/.pyenv/versions/3.12.0/include/python3.12 -c third_party/abseil-cpp/absl/container/internal/hashtablez_sampler.cc -o pyb/temp.linux-x86_64-cpython-312/third_party/abseil-cpp/absl/container/internal/hashtablez_sampler.o -std=c++17 -fvisibility=hidden -fno-wrapv -fno-exceptions -pthread
      g++ -fno-strict-overflow -Wsign-compare -DNDEBUG -g -O3 -Wall -fPIC -D_WIN32_WINNT=1536 -DGRPC_XDS_USER_AGENT_NAME_SUFFIX=\"Python\" -DGRPC_XDS_USER_AGENT_VERSION_SUFFIX=\"1.79.0.dev0\" -DHAVE_CONFIG_H=1 -DGRPC_ENABLE_FORK_SUPPORT=1 -DGRPC_ENABLE_FORK_SUPPORT_DEFAULT=false -DGRPC_PYTHON_BUILD=1 -D__STDC_FORMAT_MACROS "-DPyMODINIT_FUNC=extern \"C\" __attribute__((visibility (\"default\"))) PyObject*" -DGRPC_POSIX_FORK_ALLOW_PTHREAD_ATFORK=1 -Isrc/python/grpcio -Iinclude -I. -Ithird_party/abseil-cpp -Ithird_party/address_sorting/include -Ithird_party/cares/cares/include -Ithird_party/cares -Ithird_party/cares/cares -Ithird_party/cares/cares/src/lib/include -Ithird_party/cares/cares/src/lib -Ithird_party/cares/config_linux -Ithird_party/re2 -Ithird_party/boringssl-with-bazel/src/include -Ithird_party/upb -Isrc/core/ext/upb-gen -Isrc/core/ext/upbdefs-gen -Ithird_party/utf8_range -Ithird_party/xxhash -Ithird_party/zlib -I/usr/local/google/home/ssreenithi/.pyenv/versions/3.12.0/envs/pyvenv_312/include -I/usr/local/google/home/ssreenithi/.pyenv/versions/3.12.0/include/python3.12 -c src/core/telemetry/stats.cc -o pyb/temp.linux-x86_64-cpython-312/src/core/telemetry/stats.o -std=c++17 -fvisibility=hidden -fno-wrapv -fno-exceptions -pthread
      g++ -fno-strict-overflow -Wsign-compare -DNDEBUG -g -O3 -Wall -fPIC -D_WIN32_WINNT=1536 -DGRPC_XDS_USER_AGENT_NAME_SUFFIX=\"Python\" -DGRPC_XDS_USER_AGENT_VERSION_SUFFIX=\"1.79.0.dev0\" -DHAVE_CONFIG_H=1 -DGRPC_ENABLE_FORK_SUPPORT=1 -DGRPC_ENABLE_FORK_SUPPORT_DEFAULT=false -DGRPC_PYTHON_BUILD=1 -D__STDC_FORMAT_MACROS "-DPyMODINIT_FUNC=extern \"C\" __attribute__((visibility (\"default\"))) PyObject*" -DGRPC_POSIX_FORK_ALLOW_PTHREAD_ATFORK=1 -Isrc/python/grpcio -Iinclude -I. -Ithird_party/abseil-cpp -Ithird_party/address_sorting/include -Ithird_party/cares/cares/include -Ithird_party/cares -Ithird_party/cares/cares -Ithird_party/cares/cares/src/lib/include -Ithird_party/cares/cares/src/lib -Ithird_party/cares/config_linux -Ithird_party/re2 -Ithird_party/boringssl-with-bazel/src/include -Ithird_party/upb -Isrc/core/ext/upb-gen -Isrc/core/ext/upbdefs-gen -Ithird_party/utf8_range -Ithird_party/xxhash -Ithird_party/zlib -I/usr/local/google/home/ssreenithi/.pyenv/versions/3.12.0/envs/pyvenv_312/include -I/usr/local/google/home/ssreenithi/.pyenv/versions/3.12.0/include/python3.12 -c third_party/abseil-cpp/absl/base/internal/spinlock_wait.cc -o pyb/temp.linux-x86_64-cpython-312/third_party/abseil-cpp/absl/base/internal/spinlock_wait.o -std=c++17 -fvisibility=hidden -fno-wrapv -fno-exceptions -pthread
      In constructor ‘grpc_core::filters_detail::OperationExecutor<T>::OperationExecutor(grpc_core::filters_detail::OperationExecutor<T>&&) [with T = std::unique_ptr<grpc_metadata_batch, grpc_core::Arena::PooledDeleter>]’,
          inlined from ‘grpc_core::CallFilters::MetadataExecutor<std::optional<std::unique_ptr<grpc_metadata_batch, grpc_core::Arena::PooledDeleter> >, std::unique_ptr<grpc_metadata_batch, grpc_core::Arena::PooledDeleter>, &grpc_core::CallFilters::push_server_initial_metadata_, &grpc_core::filters_detail::StackData::server_initial_metadata, &grpc_core::CallState::FinishPullServerInitialMetadata, std::reverse_iterator<const grpc_core::CallFilters::AddedStack*> >::MetadataExecutor(grpc_core::CallFilters::MetadataExecutor<std::optional<std::unique_ptr<grpc_metadata_batch, grpc_core::Arena::PooledDeleter> >, std::unique_ptr<grpc_metadata_batch, grpc_core::Arena::PooledDeleter>, &grpc_core::CallFilters::push_server_initial_metadata_, &grpc_core::filters_detail::StackData::server_initial_metadata, &grpc_core::CallState::FinishPullServerInitialMetadata, std::reverse_iterator<const grpc_core::CallFilters::AddedStack*> >&&)’ at ./src/core/call/call_filters.h:1828:9,
          inlined from ‘grpc_core::promise_detail::PromiseLike<F, typename std::enable_if<(! std::is_void<typename std::invoke_result<Releaser>::type>::value), void>::type>::PromiseLike(F&&) [with F = grpc_core::CallFilters::MetadataExecutor<std::optional<std::unique_ptr<grpc_metadata_batch, grpc_core::Arena::PooledDeleter> >, std::unique_ptr<grpc_metadata_batch, grpc_core::Arena::PooledDeleter>, &grpc_core::CallFilters::push_server_initial_metadata_, &grpc_core::filters_detail::StackData::server_initial_metadata, &grpc_core::CallState::FinishPullServerInitialMetadata, std::reverse_iterator<const grpc_core::CallFilters::AddedStack*> >]’ at ./src/core/lib/promise/detail/promise_like.h:214:9,
          inlined from ‘grpc_core::Map<Promise, Fn>::Map(Promise, Fn) [with Promise = grpc_core::CallFilters::MetadataExecutor<std::optional<std::unique_ptr<grpc_metadata_batch, grpc_core::Arena::PooledDeleter> >, std::unique_ptr<grpc_metadata_batch, grpc_core::Arena::PooledDeleter>, &grpc_core::CallFilters::push_server_initial_metadata_, &grpc_core::filters_detail::StackData::server_initial_metadata, &grpc_core::CallState::FinishPullServerInitialMetadata, std::reverse_iterator<const grpc_core::CallFilters::AddedStack*> >; Fn = grpc_core::CallFilters::PullServerInitialMetadata()::<lambda(bool)>::<lambda()>::<lambda(grpc_core::ValueOrFailure<std::optional<std::unique_ptr<grpc_metadata_batch, grpc_core::Arena::PooledDeleter> > >)>]’ at ./src/core/lib/promise/map.h:139:9,
          inlined from ‘grpc_core::CallFilters::PullServerInitialMetadata()::<lambda(bool)>::<lambda()>’ at ./src/core/call/call_filters.h:1981:22,
          inlined from ‘std::enable_if_t<((bool)grpc_core::promise_detail::IsVoidCallable<typename grpc_core::promise_detail::ResultOfT<F(), void>::T>::value), grpc_core::promise_detail::PromiseLike<decltype (declval<F>()())> > grpc_core::promise_detail::PromiseFactoryImpl(Token, F&&) [with Token = OnceToken; F = grpc_core::CallFilters::PullServerInitialMetadata()::<lambda(bool)>::<lambda()>]’ at ./src/core/lib/promise/detail/promise_factory.h:211:11,
          inlined from ‘grpc_core::promise_detail::OncePromiseFactory<void, F>::Promise grpc_core::promise_detail::OncePromiseFactory<void, F>::Make() [with F = grpc_core::CallFilters::PullServerInitialMetadata()::<lambda(bool)>::<lambda()>]’ at ./src/core/lib/promise/detail/promise_factory.h:250:57,
          inlined from ‘grpc_core::If<bool, T, F>::If(bool, T, F) [with T = grpc_core::CallFilters::PullServerInitialMetadata()::<lambda(bool)>::<lambda()>; F = grpc_core::CallFilters::PullServerInitialMetadata()::<lambda(bool)>::<lambda()>]’ at ./src/core/lib/promise/if.h:181:45,
          inlined from ‘grpc_core::CallFilters::PullServerInitialMetadata()::<lambda(bool)>’ at ./src/core/call/call_filters.h:1985:16,
          inlined from ‘std::enable_if_t<((bool)grpc_core::promise_detail::IsVoidCallable<typename grpc_core::promise_detail::ResultOfT<F(A), void>::T>::value), grpc_core::promise_detail::PromiseLike<decltype (declval<F>()(declval<A>()))> > grpc_core::promise_detail::PromiseFactoryImpl(Token, F&&, A&&) [with Token = OnceToken; A = bool; F = grpc_core::CallFilters::PullServerInitialMetadata()::<lambda(bool)>]’ at ./src/core/lib/promise/detail/promise_factory.h:183:11,
          inlined from ‘grpc_core::promise_detail::OncePromiseFactory<A, F>::Promise grpc_core::promise_detail::OncePromiseFactory<A, F>::Make(Arg&&) [with A = bool; F = grpc_core::CallFilters::PullServerInitialMetadata()::<lambda(bool)>]’ at ./src/core/lib/promise/detail/promise_factory.h:232:79,
          inlined from ‘static auto grpc_core::promise_detail::SeqTraits<T>::CallFactory(Next*, T&&) [with Next = grpc_core::promise_detail::OncePromiseFactory<bool, grpc_core::CallFilters::PullServerInitialMetadata()::<lambda(bool)> >; T = bool]’ at ./src/core/lib/promise/seq.h:81:45,
          inlined from ‘grpc_core::Poll<typename Traits<typename grpc_core::promise_detail::OncePromiseFactory<typename Traits<typename grpc_core::promise_detail::PromiseLike<F>::Result>::UnwrappedType, F0>::Promise::Result>::WrappedType> grpc_core::promise_detail::SeqState<Traits, P, F0>::PollOnce() [with Traits = grpc_core::promise_detail::SeqTraits; P = grpc_core::CallFilters::PullServerInitialMetadata()::<lambda()>; F0 = grpc_core::CallFilters::PullServerInitialMetadata()::<lambda(bool)>]’ at ./src/core/lib/promise/detail/seq_state.h:185:14,
          inlined from ‘auto grpc_core::promise_detail::Seq<P, Fs>::operator()() [with P = grpc_core::CallFilters::PullServerInitialMetadata()::<lambda()>; Fs = {grpc_core::CallFilters::PullServerInitialMetadata()::<lambda(bool)>}]’ at ./src/core/lib/promise/seq.h:108:28,
          inlined from ‘grpc_core::promise_detail::PromiseLike<F, typename std::enable_if<(! std::is_void<typename std::invoke_result<Releaser>::type>::value), void>::type>::WrappedResult grpc_core::promise_detail::PromiseLike<F, typename std::enable_if<(! std::is_void<typename std::invoke_result<Releaser>::type>::value), void>::type>::operator()() [with F = grpc_core::promise_detail::Seq<grpc_core::CallFilters::PullServerInitialMetadata()::<lambda()>, grpc_core::CallFilters::PullServerInitialMetadata()::<lambda(bool)> >]’ at ./src/core/lib/promise/detail/promise_like.h:216:25,
          inlined from ‘grpc_core::Poll<typename Traits<typename grpc_core::promise_detail::OncePromiseFactory<typename Traits<typename grpc_core::promise_detail::PromiseLike<F>::Result>::UnwrappedType, F0>::Promise::Result>::WrappedType> grpc_core::promise_detail::SeqState<Traits, P, F0>::PollOnce() [with Traits = grpc_core::promise_detail::TrySeqTraits; P = grpc_core::promise_detail::Seq<grpc_core::CallFilters::PullServerInitialMetadata()::<lambda()>, grpc_core::CallFilters::PullServerInitialMetadata()::<lambda(bool)> >; F0 = grpc_core::ForwardCall(CallHandler, CallInitiator, absl::lts_20250512::AnyInvocable<void(grpc_metadata_batch&)>)::<lambda()> mutable::<lambda(std::optional<std::unique_ptr<grpc_metadata_batch, grpc_core::Arena::PooledDeleter> >)>]’ at ./src/core/lib/promise/detail/seq_state.h:167:14,
          inlined from ‘auto grpc_core::promise_detail::TrySeq<P, Fs>::operator()() [with P = grpc_core::promise_detail::Seq<grpc_core::CallFilters::PullServerInitialMetadata()::<lambda()>, grpc_core::CallFilters::PullServerInitialMetadata()::<lambda(bool)> >; Fs = {grpc_core::ForwardCall(CallHandler, CallInitiator, absl::lts_20250512::AnyInvocable<void(grpc_metadata_batch&)>)::<lambda()> mutable::<lambda(std::optional<std::unique_ptr<grpc_metadata_batch, grpc_core::Arena::PooledDeleter> >)>}]’ at ./src/core/lib/promise/try_seq.h:263:28,
          inlined from ‘grpc_core::promise_detail::PromiseLike<F, typename std::enable_if<(! std::is_void<typename std::invoke_result<Releaser>::type>::value), void>::type>::WrappedResult grpc_core::promise_detail::PromiseLike<F, typename std::enable_if<(! std::is_void<typename std::invoke_result<Releaser>::type>::value), void>::type>::operator()() [with F = grpc_core::promise_detail::TrySeq<grpc_core::promise_detail::Seq<grpc_core::CallFilters::PullServerInitialMetadata()::<lambda()>, grpc_core::CallFilters::PullServerInitialMetadata()::<lambda(bool)> >, grpc_core::ForwardCall(CallHandler, CallInitiator, absl::lts_20250512::AnyInvocable<void(grpc_metadata_batch&)>)::<lambda()> mutable::<lambda(std::optional<std::unique_ptr<grpc_metadata_batch, grpc_core::Arena::PooledDeleter> >)> >]’ at ./src/core/lib/promise/detail/promise_like.h:216:25,
          inlined from ‘grpc_core::Poll<typename grpc_core::promise_detail::WrappedFn<Fn, typename grpc_core::promise_detail::PromiseLike<F>::Result>::Result> grpc_core::Map<Promise, Fn>::operator()() [with Promise = grpc_core::promise_detail::TrySeq<grpc_core::promise_detail::Seq<grpc_core::CallFilters::PullServerInitialMetadata()::<lambda()>, grpc_core::CallFilters::PullServerInitialMetadata()::<lambda(bool)> >, grpc_core::ForwardCall(CallHandler, CallInitiator, absl::lts_20250512::AnyInvocable<void(grpc_metadata_batch&)>)::<lambda()> mutable::<lambda(std::optional<std::unique_ptr<grpc_metadata_batch, grpc_core::Arena::PooledDeleter> >)> >; Fn = grpc_core::CallSpine::CancelIfFails<grpc_core::promise_detail::TrySeq<grpc_core::promise_detail::Seq<grpc_core::CallFilters::PullServerInitialMetadata()::<lambda()>, grpc_core::CallFilters::PullServerInitialMetadata()::<lambda(bool)> >, grpc_core::ForwardCall(CallHandler, CallInitiator, absl::lts_20250512::AnyInvocable<void(grpc_metadata_batch&)>)::<lambda()> mutable::<lambda(std::optional<std::unique_ptr<grpc_metadata_batch, grpc_core::Arena::PooledDeleter> >)> > >(grpc_core::promise_detail::TrySeq<grpc_core::promise_detail::Seq<grpc_core::CallFilters::PullServerInitialMetadata()::<lambda()>, grpc_core::CallFilters::PullServerInitialMetadata()::<lambda(bool)> >, grpc_core::ForwardCall(CallHandler, CallInitiator, absl::lts_20250512::AnyInvocable<void(grpc_metadata_batch&)>)::<lambda()> mutable::<lambda(std::optional<std::unique_ptr<grpc_metadata_batch, grpc_core::Arena::PooledDeleter> >)> >)::<lambda(ResultType)>]’ at ./src/core/lib/promise/map.h:152:25,
          inlined from ‘grpc_core::promise_detail::PromiseLike<F, typename std::enable_if<(! std::is_void<typename std::invoke_result<Releaser>::type>::value), void>::type>::WrappedResult grpc_core::promise_detail::PromiseLike<F, typename std::enable_if<(! std::is_void<typename std::invoke_result<Releaser>::type>::value), void>::type>::operator()() [with F = grpc_core::Map<grpc_core::promise_detail::TrySeq<grpc_core::promise_detail::Seq<grpc_core::CallFilters::PullServerInitialMetadata()::<lambda()>, grpc_core::CallFilters::PullServerInitialMetadata()::<lambda(bool)> >, grpc_core::ForwardCall(CallHandler, CallInitiator, absl::lts_20250512::AnyInvocable<void(grpc_metadata_batch&)>)::<lambda()> mutable::<lambda(std::optional<std::unique_ptr<grpc_metadata_batch, grpc_core::Arena::PooledDeleter> >)> >, grpc_core::CallSpine::CancelIfFails<grpc_core::promise_detail::TrySeq<grpc_core::promise_detail::Seq<grpc_core::CallFilters::PullServerInitialMetadata()::<lambda()>, grpc_core::CallFilters::PullServerInitialMetadata()::<lambda(bool)> >, grpc_core::ForwardCall(CallHandler, CallInitiator, absl::lts_20250512::AnyInvocable<void(grpc_metadata_batch&)>)::<lambda()> mutable::<lambda(std::optional<std::unique_ptr<grpc_metadata_batch, grpc_core::Arena::PooledDeleter> >)> > >(grpc_core::promise_detail::TrySeq<grpc_core::promise_detail::Seq<grpc_core::CallFilters::PullServerInitialMetadata()::<lambda()>, grpc_core::CallFilters::PullServerInitialMetadata()::<lambda(bool)> >, grpc_core::ForwardCall(CallHandler, CallInitiator, absl::lts_20250512::AnyInvocable<void(grpc_metadata_batch&)>)::<lambda()> mutable::<lambda(std::optional<std::unique_ptr<grpc_metadata_batch, grpc_core::Arena::PooledDeleter> >)> >)::<lambda(ResultType)> >]’ at ./src/core/lib/promise/detail/promise_like.h:216:25,
          inlined from ‘grpc_core::Poll<typename Traits<typename grpc_core::promise_detail::OncePromiseFactory<typename Traits<typename grpc_core::promise_detail::OncePromiseFactory<typename Traits<typename grpc_core::promise_detail::PromiseLike<F>::Result>::UnwrappedType, F0>::Promise::Result>::UnwrappedType, F1>::Promise::Result>::WrappedType> grpc_core::promise_detail::SeqState<Traits, P, F0, F1>::PollOnce() [with Traits = grpc_core::promise_detail::SeqTraits; P = grpc_core::Map<grpc_core::promise_detail::TrySeq<grpc_core::promise_detail::Seq<grpc_core::CallFilters::PullServerInitialMetadata()::<lambda()>, grpc_core::CallFilters::PullServerInitialMetadata()::<lambda(bool)> >, grpc_core::ForwardCall(CallHandler, CallInitiator, absl::lts_20250512::AnyInvocable<void(grpc_metadata_batch&)>)::<lambda()> mutable::<lambda(std::optional<std::unique_ptr<grpc_metadata_batch, grpc_core::Arena::PooledDeleter> >)> >, grpc_core::CallSpine::CancelIfFails<grpc_core::promise_detail::TrySeq<grpc_core::promise_detail::Seq<grpc_core::CallFilters::PullServerInitialMetadata()::<lambda()>, grpc_core::CallFilters::PullServerInitialMetadata()::<lambda(bool)> >, grpc_core::ForwardCall(CallHandler, CallInitiator, absl::lts_20250512::AnyInvocable<void(grpc_metadata_batch&)>)::<lambda()> mutable::<lambda(std::optional<std::unique_ptr<grpc_metadata_batch, grpc_core::Arena::PooledDeleter> >)> > >(grpc_core::promise_detail::TrySeq<grpc_core::promise_detail::Seq<grpc_core::CallFilters::PullServerInitialMetadata()::<lambda()>, grpc_core::CallFilters::PullServerInitialMetadata()::<lambda(bool)> >, grpc_core::ForwardCall(CallHandler, CallInitiator, absl::lts_20250512::AnyInvocable<void(grpc_metadata_batch&)>)::<lambda()> mutable::<lambda(std::optional<std::unique_ptr<grpc_metadata_batch, grpc_core::Arena::PooledDeleter> >)> >)::<lambda(ResultType)> >; F0 = grpc_core::Map<grpc_core::Map<grpc_core::CallFilters::PullServerTrailingMetadata()::<lambda()>, grpc_core::CallFilters::PullServerTrailingMetadata()::<lambda(grpc_core::Empty)> >, grpc_core::CallSpine::PullServerTrailingMetadata()::<lambda(grpc_core::ServerMetadataHandle)> >; F1 = grpc_core::ForwardCall(CallHandler, CallInitiator, absl::lts_20250512::AnyInvocable<void(grpc_metadata_batch&)>)::<lambda()> mutable::<lambda(grpc_core::ServerMetadataHandle)>]’ at ./src/core/lib/promise/detail/seq_state.h:326:50,
          inlined from ‘auto grpc_core::promise_detail::Seq<P, Fs>::operator()() [with P = grpc_core::Map<grpc_core::promise_detail::TrySeq<grpc_core::promise_detail::Seq<grpc_core::CallFilters::PullServerInitialMetadata()::<lambda()>, grpc_core::CallFilters::PullServerInitialMetadata()::<lambda(bool)> >, grpc_core::ForwardCall(CallHandler, CallInitiator, absl::lts_20250512::AnyInvocable<void(grpc_metadata_batch&)>)::<lambda()> mutable::<lambda(std::optional<std::unique_ptr<grpc_metadata_batch, grpc_core::Arena::PooledDeleter> >)> >, grpc_core::CallSpine::CancelIfFails<grpc_core::promise_detail::TrySeq<grpc_core::promise_detail::Seq<grpc_core::CallFilters::PullServerInitialMetadata()::<lambda()>, grpc_core::CallFilters::PullServerInitialMetadata()::<lambda(bool)> >, grpc_core::ForwardCall(CallHandler, CallInitiator, absl::lts_20250512::AnyInvocable<void(grpc_metadata_batch&)>)::<lambda()> mutable::<lambda(std::optional<std::unique_ptr<grpc_metadata_batch, grpc_core::Arena::PooledDeleter> >)> > >(grpc_core::promise_detail::TrySeq<grpc_core::promise_detail::Seq<grpc_core::CallFilters::PullServerInitialMetadata()::<lambda()>, grpc_core::CallFilters::PullServerInitialMetadata()::<lambda(bool)> >, grpc_core::ForwardCall(CallHandler, CallInitiator, absl::lts_20250512::AnyInvocable<void(grpc_metadata_batch&)>)::<lambda()> mutable::<lambda(std::optional<std::unique_ptr<grpc_metadata_batch, grpc_core::Arena::PooledDeleter> >)> >)::<lambda(ResultType)> >; Fs = {grpc_core::Map<grpc_core::Map<grpc_core::CallFilters::PullServerTrailingMetadata()::<lambda()>, grpc_core::CallFilters::PullServerTrailingMetadata()::<lambda(grpc_core::Empty)> >, grpc_core::CallSpine::PullServerTrailingMetadata()::<lambda(grpc_core::ServerMetadataHandle)> >, grpc_core::ForwardCall(CallHandler, CallInitiator, absl::lts_20250512::AnyInvocable<void(grpc_metadata_batch&)>)::<lambda()> mutable::<lambda(grpc_core::ServerMetadataHandle)>}]’ at ./src/core/lib/promise/seq.h:108:27,
          inlined from ‘grpc_core::promise_detail::PromiseLike<F, typename std::enable_if<(! std::is_void<typename std::invoke_result<Releaser>::type>::value), void>::type>::WrappedResult grpc_core::promise_detail::PromiseLike<F, typename std::enable_if<(! std::is_void<typename std::invoke_result<Releaser>::type>::value), void>::type>::operator()() [with F = grpc_core::promise_detail::Seq<grpc_core::Map<grpc_core::promise_detail::TrySeq<grpc_core::promise_detail::Seq<grpc_core::CallFilters::PullServerInitialMetadata()::<lambda()>, grpc_core::CallFilters::PullServerInitialMetadata()::<lambda(bool)> >, grpc_core::ForwardCall(CallHandler, CallInitiator, absl::lts_20250512::AnyInvocable<void(grpc_metadata_batch&)>)::<lambda()> mutable::<lambda(std::optional<std::unique_ptr<grpc_metadata_batch, grpc_core::Arena::PooledDeleter> >)> >, grpc_core::CallSpine::CancelIfFails<grpc_core::promise_detail::TrySeq<grpc_core::promise_detail::Seq<grpc_core::CallFilters::PullServerInitialMetadata()::<lambda()>, grpc_core::CallFilters::PullServerInitialMetadata()::<lambda(bool)> >, grpc_core::ForwardCall(CallHandler, CallInitiator, absl::lts_20250512::AnyInvocable<void(grpc_metadata_batch&)>)::<lambda()> mutable::<lambda(std::optional<std::unique_ptr<grpc_metadata_batch, grpc_core::Arena::PooledDeleter> >)> > >(grpc_core::promise_detail::TrySeq<grpc_core::promise_detail::Seq<grpc_core::CallFilters::PullServerInitialMetadata()::<lambda()>, grpc_core::CallFilters::PullServerInitialMetadata()::<lambda(bool)> >, grpc_core::ForwardCall(CallHandler, CallInitiator, absl::lts_20250512::AnyInvocable<void(grpc_metadata_batch&)>)::<lambda()> mutable::<lambda(std::optional<std::unique_ptr<grpc_metadata_batch, grpc_core::Arena::PooledDeleter> >)> >)::<lambda(ResultType)> >, grpc_core::Map<grpc_core::Map<grpc_core::CallFilters::PullServerTrailingMetadata()::<lambda()>, grpc_core::CallFilters::PullServerTrailingMetadata()::<lambda(grpc_core::Empty)> >, grpc_core::CallSpine::PullServerTrailingMetadata()::<lambda(grpc_core::ServerMetadataHandle)> >, grpc_core::ForwardCall(CallHandler, CallInitiator, absl::lts_20250512::AnyInvocable<void(grpc_metadata_batch&)>)::<lambda()> mutable::<lambda(grpc_core::ServerMetadataHandle)> >]’ at ./src/core/lib/promise/detail/promise_like.h:216:25,
          inlined from ‘bool grpc_core::Party::ParticipantImpl<SuppliedFactory, OnComplete>::PollParticipantPromise() [with SuppliedFactory = grpc_core::ForwardCall(CallHandler, CallInitiator, absl::lts_20250512::AnyInvocable<void(grpc_metadata_batch&)>)::<lambda()>; OnComplete = grpc_core::CallSpine::SpawnInfallible<grpc_core::ForwardCall(CallHandler, CallInitiator, absl::lts_20250512::AnyInvocable<void(grpc_metadata_batch&)>)::<lambda()> >(absl::lts_20250512::string_view, grpc_core::ForwardCall(CallHandler, CallInitiator, absl::lts_20250512::AnyInvocable<void(grpc_metadata_batch&)>)::<lambda()>)::<lambda(grpc_core::Empty)>]’ at ./src/core/lib/promise/party.h:454:24:
      ./src/core/call/call_filters.h:1424:20: warning: ‘<unnamed>.grpc_core::CallFilters::MetadataExecutor<std::optional<std::unique_ptr<grpc_metadata_batch, grpc_core::Arena::PooledDeleter> >, std::unique_ptr<grpc_metadata_batch, grpc_core::Arena::PooledDeleter>, grpc_core::CallFilters::push_server_initial_metadata_, grpc_core::filters_detail::StackData::server_initial_metadata, grpc_core::CallState::FinishPullServerInitialMetadata, std::reverse_iterator<const grpc_core::CallFilters::AddedStack*> >::executor_.grpc_core::filters_detail::OperationExecutor<std::unique_ptr<grpc_metadata_batch, grpc_core::Arena::PooledDeleter> >::ops_’ may be used uninitialized [-Wmaybe-uninitialized]
       1424 |       : ops_(other.ops_), end_ops_(other.end_ops_) {
            |              ~~~~~~^~~~
      ./src/core/call/call_filters.h: In member function ‘bool grpc_core::Party::ParticipantImpl<SuppliedFactory, OnComplete>::PollParticipantPromise() [with SuppliedFactory = grpc_core::ForwardCall(CallHandler, CallInitiator, absl::lts_20250512::AnyInvocable<void(grpc_metadata_batch&)>)::<lambda()>; OnComplete = grpc_core::CallSpine::SpawnInfallible<grpc_core::ForwardCall(CallHandler, CallInitiator, absl::lts_20250512::AnyInvocable<void(grpc_metadata_batch&)>)::<lambda()> >(absl::lts_20250512::string_view, grpc_core::ForwardCall(CallHandler, CallInitiator, absl::lts_20250512::AnyInvocable<void(grpc_metadata_batch&)>)::<lambda()>)::<lambda(grpc_core::Empty)>]’:
      ./src/core/call/call_filters.h:1977:65: note: ‘<anonymous>’ declared here
       1977 |                         this, stacks_.crbegin(), stacks_.crend()),
            |                                                                 ^
      In constructor ‘grpc_core::filters_detail::OperationExecutor<T>::OperationExecutor(grpc_core::filters_detail::OperationExecutor<T>&&) [with T = std::unique_ptr<grpc_metadata_batch, grpc_core::Arena::PooledDeleter>]’,
          inlined from ‘grpc_core::CallFilters::MetadataExecutor<std::optional<std::unique_ptr<grpc_metadata_batch, grpc_core::Arena::PooledDeleter> >, std::unique_ptr<grpc_metadata_batch, grpc_core::Arena::PooledDeleter>, &grpc_core::CallFilters::push_server_initial_metadata_, &grpc_core::filters_detail::StackData::server_initial_metadata, &grpc_core::CallState::FinishPullServerInitialMetadata, std::reverse_iterator<const grpc_core::CallFilters::AddedStack*> >::MetadataExecutor(grpc_core::CallFilters::MetadataExecutor<std::optional<std::unique_ptr<grpc_metadata_batch, grpc_core::Arena::PooledDeleter> >, std::unique_ptr<grpc_metadata_batch, grpc_core::Arena::PooledDeleter>, &grpc_core::CallFilters::push_server_initial_metadata_, &grpc_core::filters_detail::StackData::server_initial_metadata, &grpc_core::CallState::FinishPullServerInitialMetadata, std::reverse_iterator<const grpc_core::CallFilters::AddedStack*> >&&)’ at ./src/core/call/call_filters.h:1828:9,
          inlined from ‘grpc_core::promise_detail::PromiseLike<F, typename std::enable_if<(! std::is_void<typename std::invoke_result<Releaser>::type>::value), void>::type>::PromiseLike(F&&) [with F = grpc_core::CallFilters::MetadataExecutor<std::optional<std::unique_ptr<grpc_metadata_batch, grpc_core::Arena::PooledDeleter> >, std::unique_ptr<grpc_metadata_batch, grpc_core::Arena::PooledDeleter>, &grpc_core::CallFilters::push_server_initial_metadata_, &grpc_core::filters_detail::StackData::server_initial_metadata, &grpc_core::CallState::FinishPullServerInitialMetadata, std::reverse_iterator<const grpc_core::CallFilters::AddedStack*> >]’ at ./src/core/lib/promise/detail/promise_like.h:214:9,
          inlined from ‘grpc_core::Map<Promise, Fn>::Map(Promise, Fn) [with Promise = grpc_core::CallFilters::MetadataExecutor<std::optional<std::unique_ptr<grpc_metadata_batch, grpc_core::Arena::PooledDeleter> >, std::unique_ptr<grpc_metadata_batch, grpc_core::Arena::PooledDeleter>, &grpc_core::CallFilters::push_server_initial_metadata_, &grpc_core::filters_detail::StackData::server_initial_metadata, &grpc_core::CallState::FinishPullServerInitialMetadata, std::reverse_iterator<const grpc_core::CallFilters::AddedStack*> >; Fn = grpc_core::CallFilters::PullServerInitialMetadata()::<lambda(bool)>::<lambda()>::<lambda(grpc_core::ValueOrFailure<std::optional<std::unique_ptr<grpc_metadata_batch, grpc_core::Arena::PooledDeleter> > >)>]’ at ./src/core/lib/promise/map.h:139:9,
          inlined from ‘grpc_core::CallFilters::PullServerInitialMetadata()::<lambda(bool)>::<lambda()>’ at ./src/core/call/call_filters.h:1981:22,
          inlined from ‘std::enable_if_t<((bool)grpc_core::promise_detail::IsVoidCallable<typename grpc_core::promise_detail::ResultOfT<F(), void>::T>::value), grpc_core::promise_detail::PromiseLike<decltype (declval<F>()())> > grpc_core::promise_detail::PromiseFactoryImpl(Token, F&&) [with Token = OnceToken; F = grpc_core::CallFilters::PullServerInitialMetadata()::<lambda(bool)>::<lambda()>]’ at ./src/core/lib/promise/detail/promise_factory.h:211:11,
          inlined from ‘grpc_core::promise_detail::OncePromiseFactory<void, F>::Promise grpc_core::promise_detail::OncePromiseFactory<void, F>::Make() [with F = grpc_core::CallFilters::PullServerInitialMetadata()::<lambda(bool)>::<lambda()>]’ at ./src/core/lib/promise/detail/promise_factory.h:250:57,
          inlined from ‘grpc_core::If<bool, T, F>::If(bool, T, F) [with T = grpc_core::CallFilters::PullServerInitialMetadata()::<lambda(bool)>::<lambda()>; F = grpc_core::CallFilters::PullServerInitialMetadata()::<lambda(bool)>::<lambda()>]’ at ./src/core/lib/promise/if.h:181:45,
          inlined from ‘grpc_core::CallFilters::PullServerInitialMetadata()::<lambda(bool)>’ at ./src/core/call/call_filters.h:1985:16,
          inlined from ‘std::enable_if_t<((bool)grpc_core::promise_detail::IsVoidCallable<typename grpc_core::promise_detail::ResultOfT<F(A), void>::T>::value), grpc_core::promise_detail::PromiseLike<decltype (declval<F>()(declval<A>()))> > grpc_core::promise_detail::PromiseFactoryImpl(Token, F&&, A&&) [with Token = OnceToken; A = bool; F = grpc_core::CallFilters::PullServerInitialMetadata()::<lambda(bool)>]’ at ./src/core/lib/promise/detail/promise_factory.h:183:11,
          inlined from ‘grpc_core::promise_detail::OncePromiseFactory<A, F>::Promise grpc_core::promise_detail::OncePromiseFactory<A, F>::Make(Arg&&) [with A = bool; F = grpc_core::CallFilters::PullServerInitialMetadata()::<lambda(bool)>]’ at ./src/core/lib/promise/detail/promise_factory.h:232:79,
          inlined from ‘static auto grpc_core::promise_detail::SeqTraits<T>::CallFactory(Next*, T&&) [with Next = grpc_core::promise_detail::OncePromiseFactory<bool, grpc_core::CallFilters::PullServerInitialMetadata()::<lambda(bool)> >; T = bool]’ at ./src/core/lib/promise/seq.h:81:45,
          inlined from ‘grpc_core::Poll<typename Traits<typename grpc_core::promise_detail::OncePromiseFactory<typename Traits<typename grpc_core::promise_detail::PromiseLike<F>::Result>::UnwrappedType, F0>::Promise::Result>::WrappedType> grpc_core::promise_detail::SeqState<Traits, P, F0>::PollOnce() [with Traits = grpc_core::promise_detail::SeqTraits; P = grpc_core::CallFilters::PullServerInitialMetadata()::<lambda()>; F0 = grpc_core::CallFilters::PullServerInitialMetadata()::<lambda(bool)>]’ at ./src/core/lib/promise/detail/seq_state.h:185:14,
          inlined from ‘auto grpc_core::promise_detail::Seq<P, Fs>::operator()() [with P = grpc_core::CallFilters::PullServerInitialMetadata()::<lambda()>; Fs = {grpc_core::CallFilters::PullServerInitialMetadata()::<lambda(bool)>}]’ at ./src/core/lib/promise/seq.h:108:28,
          inlined from ‘grpc_core::promise_detail::PromiseLike<F, typename std::enable_if<(! std::is_void<typename std::invoke_result<Releaser>::type>::value), void>::type>::WrappedResult grpc_core::promise_detail::PromiseLike<F, typename std::enable_if<(! std::is_void<typename std::invoke_result<Releaser>::type>::value), void>::type>::operator()() [with F = grpc_core::promise_detail::Seq<grpc_core::CallFilters::PullServerInitialMetadata()::<lambda()>, grpc_core::CallFilters::PullServerInitialMetadata()::<lambda(bool)> >]’ at ./src/core/lib/promise/detail/promise_like.h:216:25,
          inlined from ‘grpc_core::Poll<typename Traits<typename grpc_core::promise_detail::OncePromiseFactory<typename Traits<typename grpc_core::promise_detail::PromiseLike<F>::Result>::UnwrappedType, F0>::Promise::Result>::WrappedType> grpc_core::promise_detail::SeqState<Traits, P, F0>::PollOnce() [with Traits = grpc_core::promise_detail::TrySeqTraits; P = grpc_core::promise_detail::Seq<grpc_core::CallFilters::PullServerInitialMetadata()::<lambda()>, grpc_core::CallFilters::PullServerInitialMetadata()::<lambda(bool)> >; F0 = grpc_core::ForwardCall(CallHandler, CallInitiator, absl::lts_20250512::AnyInvocable<void(grpc_metadata_batch&)>)::<lambda()> mutable::<lambda(std::optional<std::unique_ptr<grpc_metadata_batch, grpc_core::Arena::PooledDeleter> >)>]’ at ./src/core/lib/promise/detail/seq_state.h:167:14,
          inlined from ‘auto grpc_core::promise_detail::TrySeq<P, Fs>::operator()() [with P = grpc_core::promise_detail::Seq<grpc_core::CallFilters::PullServerInitialMetadata()::<lambda()>, grpc_core::CallFilters::PullServerInitialMetadata()::<lambda(bool)> >; Fs = {grpc_core::ForwardCall(CallHandler, CallInitiator, absl::lts_20250512::AnyInvocable<void(grpc_metadata_batch&)>)::<lambda()> mutable::<lambda(std::optional<std::unique_ptr<grpc_metadata_batch, grpc_core::Arena::PooledDeleter> >)>}]’ at ./src/core/lib/promise/try_seq.h:263:28,
          inlined from ‘grpc_core::promise_detail::PromiseLike<F, typename std::enable_if<(! std::is_void<typename std::invoke_result<Releaser>::type>::value), void>::type>::WrappedResult grpc_core::promise_detail::PromiseLike<F, typename std::enable_if<(! std::is_void<typename std::invoke_result<Releaser>::type>::value), void>::type>::operator()() [with F = grpc_core::promise_detail::TrySeq<grpc_core::promise_detail::Seq<grpc_core::CallFilters::PullServerInitialMetadata()::<lambda()>, grpc_core::CallFilters::PullServerInitialMetadata()::<lambda(bool)> >, grpc_core::ForwardCall(CallHandler, CallInitiator, absl::lts_20250512::AnyInvocable<void(grpc_metadata_batch&)>)::<lambda()> mutable::<lambda(std::optional<std::unique_ptr<grpc_metadata_batch, grpc_core::Arena::PooledDeleter> >)> >]’ at ./src/core/lib/promise/detail/promise_like.h:216:25,
          inlined from ‘grpc_core::Poll<typename grpc_core::promise_detail::WrappedFn<Fn, typename grpc_core::promise_detail::PromiseLike<F>::Result>::Result> grpc_core::Map<Promise, Fn>::operator()() [with Promise = grpc_core::promise_detail::TrySeq<grpc_core::promise_detail::Seq<grpc_core::CallFilters::PullServerInitialMetadata()::<lambda()>, grpc_core::CallFilters::PullServerInitialMetadata()::<lambda(bool)> >, grpc_core::ForwardCall(CallHandler, CallInitiator, absl::lts_20250512::AnyInvocable<void(grpc_metadata_batch&)>)::<lambda()> mutable::<lambda(std::optional<std::unique_ptr<grpc_metadata_batch, grpc_core::Arena::PooledDeleter> >)> >; Fn = grpc_core::CallSpine::CancelIfFails<grpc_core::promise_detail::TrySeq<grpc_core::promise_detail::Seq<grpc_core::CallFilters::PullServerInitialMetadata()::<lambda()>, grpc_core::CallFilters::PullServerInitialMetadata()::<lambda(bool)> >, grpc_core::ForwardCall(CallHandler, CallInitiator, absl::lts_20250512::AnyInvocable<void(grpc_metadata_batch&)>)::<lambda()> mutable::<lambda(std::optional<std::unique_ptr<grpc_metadata_batch, grpc_core::Arena::PooledDeleter> >)> > >(grpc_core::promise_detail::TrySeq<grpc_core::promise_detail::Seq<grpc_core::CallFilters::PullServerInitialMetadata()::<lambda()>, grpc_core::CallFilters::PullServerInitialMetadata()::<lambda(bool)> >, grpc_core::ForwardCall(CallHandler, CallInitiator, absl::lts_20250512::AnyInvocable<void(grpc_metadata_batch&)>)::<lambda()> mutable::<lambda(std::optional<std::unique_ptr<grpc_metadata_batch, grpc_core::Arena::PooledDeleter> >)> >)::<lambda(ResultType)>]’ at ./src/core/lib/promise/map.h:152:25,
          inlined from ‘grpc_core::promise_detail::PromiseLike<F, typename std::enable_if<(! std::is_void<typename std::invoke_result<Releaser>::type>::value), void>::type>::WrappedResult grpc_core::promise_detail::PromiseLike<F, typename std::enable_if<(! std::is_void<typename std::invoke_result<Releaser>::type>::value), void>::type>::operator()() [with F = grpc_core::Map<grpc_core::promise_detail::TrySeq<grpc_core::promise_detail::Seq<grpc_core::CallFilters::PullServerInitialMetadata()::<lambda()>, grpc_core::CallFilters::PullServerInitialMetadata()::<lambda(bool)> >, grpc_core::ForwardCall(CallHandler, CallInitiator, absl::lts_20250512::AnyInvocable<void(grpc_metadata_batch&)>)::<lambda()> mutable::<lambda(std::optional<std::unique_ptr<grpc_metadata_batch, grpc_core::Arena::PooledDeleter> >)> >, grpc_core::CallSpine::CancelIfFails<grpc_core::promise_detail::TrySeq<grpc_core::promise_detail::Seq<grpc_core::CallFilters::PullServerInitialMetadata()::<lambda()>, grpc_core::CallFilters::PullServerInitialMetadata()::<lambda(bool)> >, grpc_core::ForwardCall(CallHandler, CallInitiator, absl::lts_20250512::AnyInvocable<void(grpc_metadata_batch&)>)::<lambda()> mutable::<lambda(std::optional<std::unique_ptr<grpc_metadata_batch, grpc_core::Arena::PooledDeleter> >)> > >(grpc_core::promise_detail::TrySeq<grpc_core::promise_detail::Seq<grpc_core::CallFilters::PullServerInitialMetadata()::<lambda()>, grpc_core::CallFilters::PullServerInitialMetadata()::<lambda(bool)> >, grpc_core::ForwardCall(CallHandler, CallInitiator, absl::lts_20250512::AnyInvocable<void(grpc_metadata_batch&)>)::<lambda()> mutable::<lambda(std::optional<std::unique_ptr<grpc_metadata_batch, grpc_core::Arena::PooledDeleter> >)> >)::<lambda(ResultType)> >]’ at ./src/core/lib/promise/detail/promise_like.h:216:25,
          inlined from ‘grpc_core::Poll<typename Traits<typename grpc_core::promise_detail::OncePromiseFactory<typename Traits<typename grpc_core::promise_detail::OncePromiseFactory<typename Traits<typename grpc_core::promise_detail::PromiseLike<F>::Result>::UnwrappedType, F0>::Promise::Result>::UnwrappedType, F1>::Promise::Result>::WrappedType> grpc_core::promise_detail::SeqState<Traits, P, F0, F1>::PollOnce() [with Traits = grpc_core::promise_detail::SeqTraits; P = grpc_core::Map<grpc_core::promise_detail::TrySeq<grpc_core::promise_detail::Seq<grpc_core::CallFilters::PullServerInitialMetadata()::<lambda()>, grpc_core::CallFilters::PullServerInitialMetadata()::<lambda(bool)> >, grpc_core::ForwardCall(CallHandler, CallInitiator, absl::lts_20250512::AnyInvocable<void(grpc_metadata_batch&)>)::<lambda()> mutable::<lambda(std::optional<std::unique_ptr<grpc_metadata_batch, grpc_core::Arena::PooledDeleter> >)> >, grpc_core::CallSpine::CancelIfFails<grpc_core::promise_detail::TrySeq<grpc_core::promise_detail::Seq<grpc_core::CallFilters::PullServerInitialMetadata()::<lambda()>, grpc_core::CallFilters::PullServerInitialMetadata()::<lambda(bool)> >, grpc_core::ForwardCall(CallHandler, CallInitiator, absl::lts_20250512::AnyInvocable<void(grpc_metadata_batch&)>)::<lambda()> mutable::<lambda(std::optional<std::unique_ptr<grpc_metadata_batch, grpc_core::Arena::PooledDeleter> >)> > >(grpc_core::promise_detail::TrySeq<grpc_core::promise_detail::Seq<grpc_core::CallFilters::PullServerInitialMetadata()::<lambda()>, grpc_core::CallFilters::PullServerInitialMetadata()::<lambda(bool)> >, grpc_core::ForwardCall(CallHandler, CallInitiator, absl::lts_20250512::AnyInvocable<void(grpc_metadata_batch&)>)::<lambda()> mutable::<lambda(std::optional<std::unique_ptr<grpc_metadata_batch, grpc_core::Arena::PooledDeleter> >)> >)::<lambda(ResultType)> >; F0 = grpc_core::Map<grpc_core::Map<grpc_core::CallFilters::PullServerTrailingMetadata()::<lambda()>, grpc_core::CallFilters::PullServerTrailingMetadata()::<lambda(grpc_core::Empty)> >, grpc_core::CallSpine::PullServerTrailingMetadata()::<lambda(grpc_core::ServerMetadataHandle)> >; F1 = grpc_core::ForwardCall(CallHandler, CallInitiator, absl::lts_20250512::AnyInvocable<void(grpc_metadata_batch&)>)::<lambda()> mutable::<lambda(grpc_core::ServerMetadataHandle)>]’ at ./src/core/lib/promise/detail/seq_state.h:326:50,
          inlined from ‘auto grpc_core::promise_detail::Seq<P, Fs>::operator()() [with P = grpc_core::Map<grpc_core::promise_detail::TrySeq<grpc_core::promise_detail::Seq<grpc_core::CallFilters::PullServerInitialMetadata()::<lambda()>, grpc_core::CallFilters::PullServerInitialMetadata()::<lambda(bool)> >, grpc_core::ForwardCall(CallHandler, CallInitiator, absl::lts_20250512::AnyInvocable<void(grpc_metadata_batch&)>)::<lambda()> mutable::<lambda(std::optional<std::unique_ptr<grpc_metadata_batch, grpc_core::Arena::PooledDeleter> >)> >, grpc_core::CallSpine::CancelIfFails<grpc_core::promise_detail::TrySeq<grpc_core::promise_detail::Seq<grpc_core::CallFilters::PullServerInitialMetadata()::<lambda()>, grpc_core::CallFilters::PullServerInitialMetadata()::<lambda(bool)> >, grpc_core::ForwardCall(CallHandler, CallInitiator, absl::lts_20250512::AnyInvocable<void(grpc_metadata_batch&)>)::<lambda()> mutable::<lambda(std::optional<std::unique_ptr<grpc_metadata_batch, grpc_core::Arena::PooledDeleter> >)> > >(grpc_core::promise_detail::TrySeq<grpc_core::promise_detail::Seq<grpc_core::CallFilters::PullServerInitialMetadata()::<lambda()>, grpc_core::CallFilters::PullServerInitialMetadata()::<lambda(bool)> >, grpc_core::ForwardCall(CallHandler, CallInitiator, absl::lts_20250512::AnyInvocable<void(grpc_metadata_batch&)>)::<lambda()> mutable::<lambda(std::optional<std::unique_ptr<grpc_metadata_batch, grpc_core::Arena::PooledDeleter> >)> >)::<lambda(ResultType)> >; Fs = {grpc_core::Map<grpc_core::Map<grpc_core::CallFilters::PullServerTrailingMetadata()::<lambda()>, grpc_core::CallFilters::PullServerTrailingMetadata()::<lambda(grpc_core::Empty)> >, grpc_core::CallSpine::PullServerTrailingMetadata()::<lambda(grpc_core::ServerMetadataHandle)> >, grpc_core::ForwardCall(CallHandler, CallInitiator, absl::lts_20250512::AnyInvocable<void(grpc_metadata_batch&)>)::<lambda()> mutable::<lambda(grpc_core::ServerMetadataHandle)>}]’ at ./src/core/lib/promise/seq.h:108:27,
          inlined from ‘grpc_core::promise_detail::PromiseLike<F, typename std::enable_if<(! std::is_void<typename std::invoke_result<Releaser>::type>::value), void>::type>::WrappedResult grpc_core::promise_detail::PromiseLike<F, typename std::enable_if<(! std::is_void<typename std::invoke_result<Releaser>::type>::value), void>::type>::operator()() [with F = grpc_core::promise_detail::Seq<grpc_core::Map<grpc_core::promise_detail::TrySeq<grpc_core::promise_detail::Seq<grpc_core::CallFilters::PullServerInitialMetadata()::<lambda()>, grpc_core::CallFilters::PullServerInitialMetadata()::<lambda(bool)> >, grpc_core::ForwardCall(CallHandler, CallInitiator, absl::lts_20250512::AnyInvocable<void(grpc_metadata_batch&)>)::<lambda()> mutable::<lambda(std::optional<std::unique_ptr<grpc_metadata_batch, grpc_core::Arena::PooledDeleter> >)> >, grpc_core::CallSpine::CancelIfFails<grpc_core::promise_detail::TrySeq<grpc_core::promise_detail::Seq<grpc_core::CallFilters::PullServerInitialMetadata()::<lambda()>, grpc_core::CallFilters::PullServerInitialMetadata()::<lambda(bool)> >, grpc_core::ForwardCall(CallHandler, CallInitiator, absl::lts_20250512::AnyInvocable<void(grpc_metadata_batch&)>)::<lambda()> mutable::<lambda(std::optional<std::unique_ptr<grpc_metadata_batch, grpc_core::Arena::PooledDeleter> >)> > >(grpc_core::promise_detail::TrySeq<grpc_core::promise_detail::Seq<grpc_core::CallFilters::PullServerInitialMetadata()::<lambda()>, grpc_core::CallFilters::PullServerInitialMetadata()::<lambda(bool)> >, grpc_core::ForwardCall(CallHandler, CallInitiator, absl::lts_20250512::AnyInvocable<void(grpc_metadata_batch&)>)::<lambda()> mutable::<lambda(std::optional<std::unique_ptr<grpc_metadata_batch, grpc_core::Arena::PooledDeleter> >)> >)::<lambda(ResultType)> >, grpc_core::Map<grpc_core::Map<grpc_core::CallFilters::PullServerTrailingMetadata()::<lambda()>, grpc_core::CallFilters::PullServerTrailingMetadata()::<lambda(grpc_core::Empty)> >, grpc_core::CallSpine::PullServerTrailingMetadata()::<lambda(grpc_core::ServerMetadataHandle)> >, grpc_core::ForwardCall(CallHandler, CallInitiator, absl::lts_20250512::AnyInvocable<void(grpc_metadata_batch&)>)::<lambda()> mutable::<lambda(grpc_core::ServerMetadataHandle)> >]’ at ./src/core/lib/promise/detail/promise_like.h:216:25,
          inlined from ‘bool grpc_core::Party::ParticipantImpl<SuppliedFactory, OnComplete>::PollParticipantPromise() [with SuppliedFactory = grpc_core::ForwardCall(CallHandler, CallInitiator, absl::lts_20250512::AnyInvocable<void(grpc_metadata_batch&)>)::<lambda()>; OnComplete = grpc_core::CallSpine::SpawnInfallible<grpc_core::ForwardCall(CallHandler, CallInitiator, absl::lts_20250512::AnyInvocable<void(grpc_metadata_batch&)>)::<lambda()> >(absl::lts_20250512::string_view, grpc_core::ForwardCall(CallHandler, CallInitiator, absl::lts_20250512::AnyInvocable<void(grpc_metadata_batch&)>)::<lambda()>)::<lambda(grpc_core::Empty)>]’ at ./src/core/lib/promise/party.h:454:24:
      ./src/core/call/call_filters.h:1424:42: warning: ‘<unnamed>.grpc_core::CallFilters::MetadataExecutor<std::optional<std::unique_ptr<grpc_metadata_batch, grpc_core::Arena::PooledDeleter> >, std::unique_ptr<grpc_metadata_batch, grpc_core::Arena::PooledDeleter>, grpc_core::CallFilters::push_server_initial_metadata_, grpc_core::filters_detail::StackData::server_initial_metadata, grpc_core::CallState::FinishPullServerInitialMetadata, std::reverse_iterator<const grpc_core::CallFilters::AddedStack*> >::executor_.grpc_core::filters_detail::OperationExecutor<std::unique_ptr<grpc_metadata_batch, grpc_core::Arena::PooledDeleter> >::end_ops_’ may be used uninitialized [-Wmaybe-uninitialized]
       1424 |       : ops_(other.ops_), end_ops_(other.end_ops_) {
            |                                    ~~~~~~^~~~~~~~
      ./src/core/call/call_filters.h: In member function ‘bool grpc_core::Party::ParticipantImpl<SuppliedFactory, OnComplete>::PollParticipantPromise() [with SuppliedFactory = grpc_core::ForwardCall(CallHandler, CallInitiator, absl::lts_20250512::AnyInvocable<void(grpc_metadata_batch&)>)::<lambda()>; OnComplete = grpc_core::CallSpine::SpawnInfallible<grpc_core::ForwardCall(CallHandler, CallInitiator, absl::lts_20250512::AnyInvocable<void(grpc_metadata_batch&)>)::<lambda()> >(absl::lts_20250512::string_view, grpc_core::ForwardCall(CallHandler, CallInitiator, absl::lts_20250512::AnyInvocable<void(grpc_metadata_batch&)>)::<lambda()>)::<lambda(grpc_core::Empty)>]’:
      ./src/core/call/call_filters.h:1977:65: note: ‘<anonymous>’ declared here
       1977 |                         this, stacks_.crbegin(), stacks_.crend()),
            |                                                                 ^
      In member function ‘grpc_core::Poll<bool> grpc_core::CallState::PollPullServerInitialMetadataAvailable()’,
          inlined from ‘grpc_core::CallFilters::PullServerInitialMetadata()::<lambda()>’ at ./src/core/call/call_filters.h:1963:69,
          inlined from ‘grpc_core::promise_detail::PromiseLike<F, typename std::enable_if<(! std::is_void<typename std::invoke_result<Releaser>::type>::value), void>::type>::WrappedResult grpc_core::promise_detail::PromiseLike<F, typename std::enable_if<(! std::is_void<typename std::invoke_result<Releaser>::type>::value), void>::type>::operator()() [with F = grpc_core::CallFilters::PullServerInitialMetadata()::<lambda()>]’ at ./src/core/lib/promise/detail/promise_like.h:216:25,
          inlined from ‘grpc_core::Poll<typename Traits<typename grpc_core::promise_detail::OncePromiseFactory<typename Traits<typename grpc_core::promise_detail::PromiseLike<F>::Result>::UnwrappedType, F0>::Promise::Result>::WrappedType> grpc_core::promise_detail::SeqState<Traits, P, F0>::PollOnce() [with Traits = grpc_core::promise_detail::SeqTraits; P = grpc_core::CallFilters::PullServerInitialMetadata()::<lambda()>; F0 = grpc_core::CallFilters::PullServerInitialMetadata()::<lambda(bool)>]’ at ./src/core/lib/promise/detail/seq_state.h:167:14,
          inlined from ‘auto grpc_core::promise_detail::Seq<P, Fs>::operator()() [with P = grpc_core::CallFilters::PullServerInitialMetadata()::<lambda()>; Fs = {grpc_core::CallFilters::PullServerInitialMetadata()::<lambda(bool)>}]’ at ./src/core/lib/promise/seq.h:108:28,
          inlined from ‘grpc_core::promise_detail::PromiseLike<F, typename std::enable_if<(! std::is_void<typename std::invoke_result<Releaser>::type>::value), void>::type>::WrappedResult grpc_core::promise_detail::PromiseLike<F, typename std::enable_if<(! std::is_void<typename std::invoke_result<Releaser>::type>::value), void>::type>::operator()() [with F = grpc_core::promise_detail::Seq<grpc_core::CallFilters::PullServerInitialMetadata()::<lambda()>, grpc_core::CallFilters::PullServerInitialMetadata()::<lambda(bool)> >]’ at ./src/core/lib/promise/detail/promise_like.h:216:25,
          inlined from ‘grpc_core::Poll<typename Traits<typename grpc_core::promise_detail::OncePromiseFactory<typename Traits<typename grpc_core::promise_detail::PromiseLike<F>::Result>::UnwrappedType, F0>::Promise::Result>::WrappedType> grpc_core::promise_detail::SeqState<Traits, P, F0>::PollOnce() [with Traits = grpc_core::promise_detail::TrySeqTraits; P = grpc_core::promise_detail::Seq<grpc_core::CallFilters::PullServerInitialMetadata()::<lambda()>, grpc_core::CallFilters::PullServerInitialMetadata()::<lambda(bool)> >; F0 = grpc_core::ForwardCall(CallHandler, CallInitiator, absl::lts_20250512::AnyInvocable<void(grpc_metadata_batch&)>)::<lambda()> mutable::<lambda(std::optional<std::unique_ptr<grpc_metadata_batch, grpc_core::Arena::PooledDeleter> >)>]’ at ./src/core/lib/promise/detail/seq_state.h:167:14,
          inlined from ‘auto grpc_core::promise_detail::TrySeq<P, Fs>::operator()() [with P = grpc_core::promise_detail::Seq<grpc_core::CallFilters::PullServerInitialMetadata()::<lambda()>, grpc_core::CallFilters::PullServerInitialMetadata()::<lambda(bool)> >; Fs = {grpc_core::ForwardCall(CallHandler, CallInitiator, absl::lts_20250512::AnyInvocable<void(grpc_metadata_batch&)>)::<lambda()> mutable::<lambda(std::optional<std::unique_ptr<grpc_metadata_batch, grpc_core::Arena::PooledDeleter> >)>}]’ at ./src/core/lib/promise/try_seq.h:263:28,
          inlined from ‘grpc_core::promise_detail::PromiseLike<F, typename std::enable_if<(! std::is_void<typename std::invoke_result<Releaser>::type>::value), void>::type>::WrappedResult grpc_core::promise_detail::PromiseLike<F, typename std::enable_if<(! std::is_void<typename std::invoke_result<Releaser>::type>::value), void>::type>::operator()() [with F = grpc_core::promise_detail::TrySeq<grpc_core::promise_detail::Seq<grpc_core::CallFilters::PullServerInitialMetadata()::<lambda()>, grpc_core::CallFilters::PullServerInitialMetadata()::<lambda(bool)> >, grpc_core::ForwardCall(CallHandler, CallInitiator, absl::lts_20250512::AnyInvocable<void(grpc_metadata_batch&)>)::<lambda()> mutable::<lambda(std::optional<std::unique_ptr<grpc_metadata_batch, grpc_core::Arena::PooledDeleter> >)> >]’ at ./src/core/lib/promise/detail/promise_like.h:216:25,
          inlined from ‘grpc_core::Poll<typename grpc_core::promise_detail::WrappedFn<Fn, typename grpc_core::promise_detail::PromiseLike<F>::Result>::Result> grpc_core::Map<Promise, Fn>::operator()() [with Promise = grpc_core::promise_detail::TrySeq<grpc_core::promise_detail::Seq<grpc_core::CallFilters::PullServerInitialMetadata()::<lambda()>, grpc_core::CallFilters::PullServerInitialMetadata()::<lambda(bool)> >, grpc_core::ForwardCall(CallHandler, CallInitiator, absl::lts_20250512::AnyInvocable<void(grpc_metadata_batch&)>)::<lambda()> mutable::<lambda(std::optional<std::unique_ptr<grpc_metadata_batch, grpc_core::Arena::PooledDeleter> >)> >; Fn = grpc_core::CallSpine::CancelIfFails<grpc_core::promise_detail::TrySeq<grpc_core::promise_detail::Seq<grpc_core::CallFilters::PullServerInitialMetadata()::<lambda()>, grpc_core::CallFilters::PullServerInitialMetadata()::<lambda(bool)> >, grpc_core::ForwardCall(CallHandler, CallInitiator, absl::lts_20250512::AnyInvocable<void(grpc_metadata_batch&)>)::<lambda()> mutable::<lambda(std::optional<std::unique_ptr<grpc_metadata_batch, grpc_core::Arena::PooledDeleter> >)> > >(grpc_core::promise_detail::TrySeq<grpc_core::promise_detail::Seq<grpc_core::CallFilters::PullServerInitialMetadata()::<lambda()>, grpc_core::CallFilters::PullServerInitialMetadata()::<lambda(bool)> >, grpc_core::ForwardCall(CallHandler, CallInitiator, absl::lts_20250512::AnyInvocable<void(grpc_metadata_batch&)>)::<lambda()> mutable::<lambda(std::optional<std::unique_ptr<grpc_metadata_batch, grpc_core::Arena::PooledDeleter> >)> >)::<lambda(ResultType)>]’ at ./src/core/lib/promise/map.h:152:25,
          inlined from ‘grpc_core::promise_detail::PromiseLike<F, typename std::enable_if<(! std::is_void<typename std::invoke_result<Releaser>::type>::value), void>::type>::WrappedResult grpc_core::promise_detail::PromiseLike<F, typename std::enable_if<(! std::is_void<typename std::invoke_result<Releaser>::type>::value), void>::type>::operator()() [with F = grpc_core::Map<grpc_core::promise_detail::TrySeq<grpc_core::promise_detail::Seq<grpc_core::CallFilters::PullServerInitialMetadata()::<lambda()>, grpc_core::CallFilters::PullServerInitialMetadata()::<lambda(bool)> >, grpc_core::ForwardCall(CallHandler, CallInitiator, absl::lts_20250512::AnyInvocable<void(grpc_metadata_batch&)>)::<lambda()> mutable::<lambda(std::optional<std::unique_ptr<grpc_metadata_batch, grpc_core::Arena::PooledDeleter> >)> >, grpc_core::CallSpine::CancelIfFails<grpc_core::promise_detail::TrySeq<grpc_core::promise_detail::Seq<grpc_core::CallFilters::PullServerInitialMetadata()::<lambda()>, grpc_core::CallFilters::PullServerInitialMetadata()::<lambda(bool)> >, grpc_core::ForwardCall(CallHandler, CallInitiator, absl::lts_20250512::AnyInvocable<void(grpc_metadata_batch&)>)::<lambda()> mutable::<lambda(std::optional<std::unique_ptr<grpc_metadata_batch, grpc_core::Arena::PooledDeleter> >)> > >(grpc_core::promise_detail::TrySeq<grpc_core::promise_detail::Seq<grpc_core::CallFilters::PullServerInitialMetadata()::<lambda()>, grpc_core::CallFilters::PullServerInitialMetadata()::<lambda(bool)> >, grpc_core::ForwardCall(CallHandler, CallInitiator, absl::lts_20250512::AnyInvocable<void(grpc_metadata_batch&)>)::<lambda()> mutable::<lambda(std::optional<std::unique_ptr<grpc_metadata_batch, grpc_core::Arena::PooledDeleter> >)> >)::<lambda(ResultType)> >]’ at ./src/core/lib/promise/detail/promise_like.h:216:25,
          inlined from ‘grpc_core::Poll<typename Traits<typename grpc_core::promise_detail::OncePromiseFactory<typename Traits<typename grpc_core::promise_detail::OncePromiseFactory<typename Traits<typename grpc_core::promise_detail::PromiseLike<F>::Result>::UnwrappedType, F0>::Promise::Result>::UnwrappedType, F1>::Promise::Result>::WrappedType> grpc_core::promise_detail::SeqState<Traits, P, F0, F1>::PollOnce() [with Traits = grpc_core::promise_detail::SeqTraits; P = grpc_core::Map<grpc_core::promise_detail::TrySeq<grpc_core::promise_detail::Seq<grpc_core::CallFilters::PullServerInitialMetadata()::<lambda()>, grpc_core::CallFilters::PullServerInitialMetadata()::<lambda(bool)> >, grpc_core::ForwardCall(CallHandler, CallInitiator, absl::lts_20250512::AnyInvocable<void(grpc_metadata_batch&)>)::<lambda()> mutable::<lambda(std::optional<std::unique_ptr<grpc_metadata_batch, grpc_core::Arena::PooledDeleter> >)> >, grpc_core::CallSpine::CancelIfFails<grpc_core::promise_detail::TrySeq<grpc_core::promise_detail::Seq<grpc_core::CallFilters::PullServerInitialMetadata()::<lambda()>, grpc_core::CallFilters::PullServerInitialMetadata()::<lambda(bool)> >, grpc_core::ForwardCall(CallHandler, CallInitiator, absl::lts_20250512::AnyInvocable<void(grpc_metadata_batch&)>)::<lambda()> mutable::<lambda(std::optional<std::unique_ptr<grpc_metadata_batch, grpc_core::Arena::PooledDeleter> >)> > >(grpc_core::promise_detail::TrySeq<grpc_core::promise_detail::Seq<grpc_core::CallFilters::PullServerInitialMetadata()::<lambda()>, grpc_core::CallFilters::PullServerInitialMetadata()::<lambda(bool)> >, grpc_core::ForwardCall(CallHandler, CallInitiator, absl::lts_20250512::AnyInvocable<void(grpc_metadata_batch&)>)::<lambda()> mutable::<lambda(std::optional<std::unique_ptr<grpc_metadata_batch, grpc_core::Arena::PooledDeleter> >)> >)::<lambda(ResultType)> >; F0 = grpc_core::Map<grpc_core::Map<grpc_core::CallFilters::PullServerTrailingMetadata()::<lambda()>, grpc_core::CallFilters::PullServerTrailingMetadata()::<lambda(grpc_core::Empty)> >, grpc_core::CallSpine::PullServerTrailingMetadata()::<lambda(grpc_core::ServerMetadataHandle)> >; F1 = grpc_core::ForwardCall(CallHandler, CallInitiator, absl::lts_20250512::AnyInvocable<void(grpc_metadata_batch&)>)::<lambda()> mutable::<lambda(grpc_core::ServerMetadataHandle)>]’ at ./src/core/lib/promise/detail/seq_state.h:326:50,
          inlined from ‘auto grpc_core::promise_detail::Seq<P, Fs>::operator()() [with P = grpc_core::Map<grpc_core::promise_detail::TrySeq<grpc_core::promise_detail::Seq<grpc_core::CallFilters::PullServerInitialMetadata()::<lambda()>, grpc_core::CallFilters::PullServerInitialMetadata()::<lambda(bool)> >, grpc_core::ForwardCall(CallHandler, CallInitiator, absl::lts_20250512::AnyInvocable<void(grpc_metadata_batch&)>)::<lambda()> mutable::<lambda(std::optional<std::unique_ptr<grpc_metadata_batch, grpc_core::Arena::PooledDeleter> >)> >, grpc_core::CallSpine::CancelIfFails<grpc_core::promise_detail::TrySeq<grpc_core::promise_detail::Seq<grpc_core::CallFilters::PullServerInitialMetadata()::<lambda()>, grpc_core::CallFilters::PullServerInitialMetadata()::<lambda(bool)> >, grpc_core::ForwardCall(CallHandler, CallInitiator, absl::lts_20250512::AnyInvocable<void(grpc_metadata_batch&)>)::<lambda()> mutable::<lambda(std::optional<std::unique_ptr<grpc_metadata_batch, grpc_core::Arena::PooledDeleter> >)> > >(grpc_core::promise_detail::TrySeq<grpc_core::promise_detail::Seq<grpc_core::CallFilters::PullServerInitialMetadata()::<lambda()>, grpc_core::CallFilters::PullServerInitialMetadata()::<lambda(bool)> >, grpc_core::ForwardCall(CallHandler, CallInitiator, absl::lts_20250512::AnyInvocable<void(grpc_metadata_batch&)>)::<lambda()> mutable::<lambda(std::optional<std::unique_ptr<grpc_metadata_batch, grpc_core::Arena::PooledDeleter> >)> >)::<lambda(ResultType)> >; Fs = {grpc_core::Map<grpc_core::Map<grpc_core::CallFilters::PullServerTrailingMetadata()::<lambda()>, grpc_core::CallFilters::PullServerTrailingMetadata()::<lambda(grpc_core::Empty)> >, grpc_core::CallSpine::PullServerTrailingMetadata()::<lambda(grpc_core::ServerMetadataHandle)> >, grpc_core::ForwardCall(CallHandler, CallInitiator, absl::lts_20250512::AnyInvocable<void(grpc_metadata_batch&)>)::<lambda()> mutable::<lambda(grpc_core::ServerMetadataHandle)>}]’ at ./src/core/lib/promise/seq.h:108:27,
          inlined from ‘grpc_core::promise_detail::PromiseLike<F, typename std::enable_if<(! std::is_void<typename std::invoke_result<Releaser>::type>::value), void>::type>::WrappedResult grpc_core::promise_detail::PromiseLike<F, typename std::enable_if<(! std::is_void<typename std::invoke_result<Releaser>::type>::value), void>::type>::operator()() [with F = grpc_core::promise_detail::Seq<grpc_core::Map<grpc_core::promise_detail::TrySeq<grpc_core::promise_detail::Seq<grpc_core::CallFilters::PullServerInitialMetadata()::<lambda()>, grpc_core::CallFilters::PullServerInitialMetadata()::<lambda(bool)> >, grpc_core::ForwardCall(CallHandler, CallInitiator, absl::lts_20250512::AnyInvocable<void(grpc_metadata_batch&)>)::<lambda()> mutable::<lambda(std::optional<std::unique_ptr<grpc_metadata_batch, grpc_core::Arena::PooledDeleter> >)> >, grpc_core::CallSpine::CancelIfFails<grpc_core::promise_detail::TrySeq<grpc_core::promise_detail::Seq<grpc_core::CallFilters::PullServerInitialMetadata()::<lambda()>, grpc_core::CallFilters::PullServerInitialMetadata()::<lambda(bool)> >, grpc_core::ForwardCall(CallHandler, CallInitiator, absl::lts_20250512::AnyInvocable<void(grpc_metadata_batch&)>)::<lambda()> mutable::<lambda(std::optional<std::unique_ptr<grpc_metadata_batch, grpc_core::Arena::PooledDeleter> >)> > >(grpc_core::promise_detail::TrySeq<grpc_core::promise_detail::Seq<grpc_core::CallFilters::PullServerInitialMetadata()::<lambda()>, grpc_core::CallFilters::PullServerInitialMetadata()::<lambda(bool)> >, grpc_core::ForwardCall(CallHandler, CallInitiator, absl::lts_20250512::AnyInvocable<void(grpc_metadata_batch&)>)::<lambda()> mutable::<lambda(std::optional<std::unique_ptr<grpc_metadata_batch, grpc_core::Arena::PooledDeleter> >)> >)::<lambda(ResultType)> >, grpc_core::Map<grpc_core::Map<grpc_core::CallFilters::PullServerTrailingMetadata()::<lambda()>, grpc_core::CallFilters::PullServerTrailingMetadata()::<lambda(grpc_core::Empty)> >, grpc_core::CallSpine::PullServerTrailingMetadata()::<lambda(grpc_core::ServerMetadataHandle)> >, grpc_core::ForwardCall(CallHandler, CallInitiator, absl::lts_20250512::AnyInvocable<void(grpc_metadata_batch&)>)::<lambda()> mutable::<lambda(grpc_core::ServerMetadataHandle)> >]’ at ./src/core/lib/promise/detail/promise_like.h:216:25,
          inlined from ‘bool grpc_core::Party::ParticipantImpl<SuppliedFactory, OnComplete>::PollParticipantPromise() [with SuppliedFactory = grpc_core::ForwardCall(CallHandler, CallInitiator, absl::lts_20250512::AnyInvocable<void(grpc_metadata_batch&)>)::<lambda()>; OnComplete = grpc_core::CallSpine::SpawnInfallible<grpc_core::ForwardCall(CallHandler, CallInitiator, absl::lts_20250512::AnyInvocable<void(grpc_metadata_batch&)>)::<lambda()> >(absl::lts_20250512::string_view, grpc_core::ForwardCall(CallHandler, CallInitiator, absl::lts_20250512::AnyInvocable<void(grpc_metadata_batch&)>)::<lambda()>)::<lambda(grpc_core::Empty)>]’ at ./src/core/lib/promise/party.h:454:24:
      ./src/core/call/call_state.h:798:15: warning: ‘reading’ may be used uninitialized [-Wmaybe-uninitialized]
        797 |           reading
            |           ~~~~~~~
        798 |               ? ServerToClientPullState::kProcessingServerInitialMetadataReading
            |               ^~~~~~~~~~~~~~~~~~~~~~~~~~~~~~~~~~~~~~~~~~~~~~~~~~~~~~~~~~~~~~~~~~
        799 |               : ServerToClientPullState::kProcessingServerInitialMetadata;
            |               ~~~~~~~~~~~~~~~~~~~~~~~~~~~~~~~~~~~~~~~~~~~~~~~~~~~~~~~~~~~
      ./src/core/call/call_state.h: In member function ‘bool grpc_core::Party::ParticipantImpl<SuppliedFactory, OnComplete>::PollParticipantPromise() [with SuppliedFactory = grpc_core::ForwardCall(CallHandler, CallInitiator, absl::lts_20250512::AnyInvocable<void(grpc_metadata_batch&)>)::<lambda()>; OnComplete = grpc_core::CallSpine::SpawnInfallible<grpc_core::ForwardCall(CallHandler, CallInitiator, absl::lts_20250512::AnyInvocable<void(grpc_metadata_batch&)>)::<lambda()> >(absl::lts_20250512::string_view, grpc_core::ForwardCall(CallHandler, CallInitiator, absl::lts_20250512::AnyInvocable<void(grpc_metadata_batch&)>)::<lambda()>)::<lambda(grpc_core::Empty)>]’:
      ./src/core/call/call_state.h:751:8: note: ‘reading’ was declared here
        751 |   bool reading;
            |        ^~~~~~~
      In file included from ./src/core/ext/transport/chttp2/transport/keepalive.h:21,
                       from ./src/core/ext/transport/chttp2/transport/http2_client_transport.h:47,
                       from src/core/ext/transport/chttp2/transport/http2_client_transport.cc:19:
      ./src/core/lib/promise/loop.h:214:31: warning: attribute ignored in declaration of ‘union grpc_core::Loop<F, kYield>::<unnamed>’ [-Wattributes]
        214 |   GPR_NO_UNIQUE_ADDRESS union {
            |                               ^
      ./src/core/lib/promise/loop.h:214:31: note: attribute for ‘union grpc_core::Loop<F, kYield>::<unnamed>’ must follow the ‘union’ keyword
      g++ -fno-strict-overflow -Wsign-compare -DNDEBUG -g -O3 -Wall -fPIC -D_WIN32_WINNT=1536 -DGRPC_XDS_USER_AGENT_NAME_SUFFIX=\"Python\" -DGRPC_XDS_USER_AGENT_VERSION_SUFFIX=\"1.79.0.dev0\" -DHAVE_CONFIG_H=1 -DGRPC_ENABLE_FORK_SUPPORT=1 -DGRPC_ENABLE_FORK_SUPPORT_DEFAULT=false -DGRPC_PYTHON_BUILD=1 -D__STDC_FORMAT_MACROS "-DPyMODINIT_FUNC=extern \"C\" __attribute__((visibility (\"default\"))) PyObject*" -DGRPC_POSIX_FORK_ALLOW_PTHREAD_ATFORK=1 -Isrc/python/grpcio -Iinclude -I. -Ithird_party/abseil-cpp -Ithird_party/address_sorting/include -Ithird_party/cares/cares/include -Ithird_party/cares -Ithird_party/cares/cares -Ithird_party/cares/cares/src/lib/include -Ithird_party/cares/cares/src/lib -Ithird_party/cares/config_linux -Ithird_party/re2 -Ithird_party/boringssl-with-bazel/src/include -Ithird_party/upb -Isrc/core/ext/upb-gen -Isrc/core/ext/upbdefs-gen -Ithird_party/utf8_range -Ithird_party/xxhash -Ithird_party/zlib -I/usr/local/google/home/ssreenithi/.pyenv/versions/3.12.0/envs/pyvenv_312/include -I/usr/local/google/home/ssreenithi/.pyenv/versions/3.12.0/include/python3.12 -c third_party/abseil-cpp/absl/base/internal/strerror.cc -o pyb/temp.linux-x86_64-cpython-312/third_party/abseil-cpp/absl/base/internal/strerror.o -std=c++17 -fvisibility=hidden -fno-wrapv -fno-exceptions -pthread
      g++ -fno-strict-overflow -Wsign-compare -DNDEBUG -g -O3 -Wall -fPIC -D_WIN32_WINNT=1536 -DGRPC_XDS_USER_AGENT_NAME_SUFFIX=\"Python\" -DGRPC_XDS_USER_AGENT_VERSION_SUFFIX=\"1.79.0.dev0\" -DHAVE_CONFIG_H=1 -DGRPC_ENABLE_FORK_SUPPORT=1 -DGRPC_ENABLE_FORK_SUPPORT_DEFAULT=false -DGRPC_PYTHON_BUILD=1 -D__STDC_FORMAT_MACROS "-DPyMODINIT_FUNC=extern \"C\" __attribute__((visibility (\"default\"))) PyObject*" -DGRPC_POSIX_FORK_ALLOW_PTHREAD_ATFORK=1 -Isrc/python/grpcio -Iinclude -I. -Ithird_party/abseil-cpp -Ithird_party/address_sorting/include -Ithird_party/cares/cares/include -Ithird_party/cares -Ithird_party/cares/cares -Ithird_party/cares/cares/src/lib/include -Ithird_party/cares/cares/src/lib -Ithird_party/cares/config_linux -Ithird_party/re2 -Ithird_party/boringssl-with-bazel/src/include -Ithird_party/upb -Isrc/core/ext/upb-gen -Isrc/core/ext/upbdefs-gen -Ithird_party/utf8_range -Ithird_party/xxhash -Ithird_party/zlib -I/usr/local/google/home/ssreenithi/.pyenv/versions/3.12.0/envs/pyvenv_312/include -I/usr/local/google/home/ssreenithi/.pyenv/versions/3.12.0/include/python3.12 -c src/core/lib/resource_tracker/resource_tracker.cc -o pyb/temp.linux-x86_64-cpython-312/src/core/lib/resource_tracker/resource_tracker.o -std=c++17 -fvisibility=hidden -fno-wrapv -fno-exceptions -pthread
      In file included from ./src/core/lib/promise/activity.h:30,
                       from ./src/core/call/call_state.h:23,
                       from ./src/core/call/call_filters.h:26,
                       from ./src/core/lib/surface/channel_init.h:31,
                       from ./src/core/config/core_configuration.h:29,
                       from ./src/core/ext/filters/gcp_authentication/gcp_authentication_service_config_parser.h:27,
                       from src/core/ext/filters/gcp_authentication/gcp_authentication_service_config_parser.cc:17:
      ./src/core/lib/promise/detail/promise_factory.h:210:5: warning: ‘always_inline’ function might not be inlinable unless also declared ‘inline’ [-Wattributes]
        210 |     PromiseFactoryImpl(Token, F&& f) {
            |     ^~~~~~~~~~~~~~~~~~
      ./src/core/lib/promise/detail/promise_factory.h:210:5: warning: ‘always_inline’ function might not be inlinable unless also declared ‘inline’ [-Wattributes]
      ./src/core/lib/promise/detail/promise_factory.h:210:5: warning: ‘always_inline’ function might not be inlinable unless also declared ‘inline’ [-Wattributes]
      ./src/core/lib/promise/detail/promise_factory.h:210:5: warning: ‘always_inline’ function might not be inlinable unless also declared ‘inline’ [-Wattributes]
      ./src/core/lib/promise/detail/promise_factory.h:210:5: warning: ‘always_inline’ function might not be inlinable unless also declared ‘inline’ [-Wattributes]
      ./src/core/lib/promise/detail/promise_factory.h:210:5: warning: ‘always_inline’ function might not be inlinable unless also declared ‘inline’ [-Wattributes]
      ./src/core/lib/promise/detail/promise_factory.h:210:5: warning: ‘always_inline’ function might not be inlinable unless also declared ‘inline’ [-Wattributes]
      g++ -fno-strict-overflow -Wsign-compare -DNDEBUG -g -O3 -Wall -fPIC -D_WIN32_WINNT=1536 -DGRPC_XDS_USER_AGENT_NAME_SUFFIX=\"Python\" -DGRPC_XDS_USER_AGENT_VERSION_SUFFIX=\"1.79.0.dev0\" -DHAVE_CONFIG_H=1 -DGRPC_ENABLE_FORK_SUPPORT=1 -DGRPC_ENABLE_FORK_SUPPORT_DEFAULT=false -DGRPC_PYTHON_BUILD=1 -D__STDC_FORMAT_MACROS "-DPyMODINIT_FUNC=extern \"C\" __attribute__((visibility (\"default\"))) PyObject*" -DGRPC_POSIX_FORK_ALLOW_PTHREAD_ATFORK=1 -Isrc/python/grpcio -Iinclude -I. -Ithird_party/abseil-cpp -Ithird_party/address_sorting/include -Ithird_party/cares/cares/include -Ithird_party/cares -Ithird_party/cares/cares -Ithird_party/cares/cares/src/lib/include -Ithird_party/cares/cares/src/lib -Ithird_party/cares/config_linux -Ithird_party/re2 -Ithird_party/boringssl-with-bazel/src/include -Ithird_party/upb -Isrc/core/ext/upb-gen -Isrc/core/ext/upbdefs-gen -Ithird_party/utf8_range -Ithird_party/xxhash -Ithird_party/zlib -I/usr/local/google/home/ssreenithi/.pyenv/versions/3.12.0/envs/pyvenv_312/include -I/usr/local/google/home/ssreenithi/.pyenv/versions/3.12.0/include/python3.12 -c third_party/abseil-cpp/absl/debugging/internal/decode_rust_punycode.cc -o pyb/temp.linux-x86_64-cpython-312/third_party/abseil-cpp/absl/debugging/internal/decode_rust_punycode.o -std=c++17 -fvisibility=hidden -fno-wrapv -fno-exceptions -pthread
      In file included from src/core/lib/event_engine/posix_engine/posix_engine.cc:36:
      ./src/core/lib/event_engine/posix_engine/grpc_polled_fd_posix.h: In member function ‘virtual void grpc_event_engine::experimental::GrpcPolledFdFactoryPosix::ConfigureAresChannelLocked(ares_channel)’:
      ./src/core/lib/event_engine/posix_engine/grpc_polled_fd_posix.h:129:30: warning: ‘void ares_set_socket_functions(ares_channel_t*, const ares_socket_functions*, void*)’ is deprecated: Use ares_set_socket_functions_ex instead [-Wdeprecated-declarations]
        129 |     ares_set_socket_functions(channel, &kSockFuncs, this);
            |     ~~~~~~~~~~~~~~~~~~~~~~~~~^~~~~~~~~~~~~~~~~~~~~~~~~~~~
      In file included from ./src/core/lib/event_engine/ares_resolver.h:28,
                       from ./src/core/lib/event_engine/posix_engine/posix_engine.h:28,
                       from src/core/lib/event_engine/posix_engine/posix_engine.cc:14:
      third_party/cares/cares/include/ares.h:571:38: note: declared here
        571 |   ares_set_socket_functions_ex) void ares_set_socket_functions(ares_channel_t
            |                                      ^~~~~~~~~~~~~~~~~~~~~~~~~
      g++ -fno-strict-overflow -Wsign-compare -DNDEBUG -g -O3 -Wall -fPIC -D_WIN32_WINNT=1536 -DGRPC_XDS_USER_AGENT_NAME_SUFFIX=\"Python\" -DGRPC_XDS_USER_AGENT_VERSION_SUFFIX=\"1.79.0.dev0\" -DHAVE_CONFIG_H=1 -DGRPC_ENABLE_FORK_SUPPORT=1 -DGRPC_ENABLE_FORK_SUPPORT_DEFAULT=false -DGRPC_PYTHON_BUILD=1 -D__STDC_FORMAT_MACROS "-DPyMODINIT_FUNC=extern \"C\" __attribute__((visibility (\"default\"))) PyObject*" -DGRPC_POSIX_FORK_ALLOW_PTHREAD_ATFORK=1 -Isrc/python/grpcio -Iinclude -I. -Ithird_party/abseil-cpp -Ithird_party/address_sorting/include -Ithird_party/cares/cares/include -Ithird_party/cares -Ithird_party/cares/cares -Ithird_party/cares/cares/src/lib/include -Ithird_party/cares/cares/src/lib -Ithird_party/cares/config_linux -Ithird_party/re2 -Ithird_party/boringssl-with-bazel/src/include -Ithird_party/upb -Isrc/core/ext/upb-gen -Isrc/core/ext/upbdefs-gen -Ithird_party/utf8_range -Ithird_party/xxhash -Ithird_party/zlib -I/usr/local/google/home/ssreenithi/.pyenv/versions/3.12.0/envs/pyvenv_312/include -I/usr/local/google/home/ssreenithi/.pyenv/versions/3.12.0/include/python3.12 -c src/core/resolver/dns/native/dns_resolver.cc -o pyb/temp.linux-x86_64-cpython-312/src/core/resolver/dns/native/dns_resolver.o -std=c++17 -fvisibility=hidden -fno-wrapv -fno-exceptions -pthread
      g++ -fno-strict-overflow -Wsign-compare -DNDEBUG -g -O3 -Wall -fPIC -D_WIN32_WINNT=1536 -DGRPC_XDS_USER_AGENT_NAME_SUFFIX=\"Python\" -DGRPC_XDS_USER_AGENT_VERSION_SUFFIX=\"1.79.0.dev0\" -DHAVE_CONFIG_H=1 -DGRPC_ENABLE_FORK_SUPPORT=1 -DGRPC_ENABLE_FORK_SUPPORT_DEFAULT=false -DGRPC_PYTHON_BUILD=1 -D__STDC_FORMAT_MACROS "-DPyMODINIT_FUNC=extern \"C\" __attribute__((visibility (\"default\"))) PyObject*" -DGRPC_POSIX_FORK_ALLOW_PTHREAD_ATFORK=1 -Isrc/python/grpcio -Iinclude -I. -Ithird_party/abseil-cpp -Ithird_party/address_sorting/include -Ithird_party/cares/cares/include -Ithird_party/cares -Ithird_party/cares/cares -Ithird_party/cares/cares/src/lib/include -Ithird_party/cares/cares/src/lib -Ithird_party/cares/config_linux -Ithird_party/re2 -Ithird_party/boringssl-with-bazel/src/include -Ithird_party/upb -Isrc/core/ext/upb-gen -Isrc/core/ext/upbdefs-gen -Ithird_party/utf8_range -Ithird_party/xxhash -Ithird_party/zlib -I/usr/local/google/home/ssreenithi/.pyenv/versions/3.12.0/envs/pyvenv_312/include -I/usr/local/google/home/ssreenithi/.pyenv/versions/3.12.0/include/python3.12 -c src/core/util/sync_abseil.cc -o pyb/temp.linux-x86_64-cpython-312/src/core/util/sync_abseil.o -std=c++17 -fvisibility=hidden -fno-wrapv -fno-exceptions -pthread
      g++ -fno-strict-overflow -Wsign-compare -DNDEBUG -g -O3 -Wall -fPIC -D_WIN32_WINNT=1536 -DGRPC_XDS_USER_AGENT_NAME_SUFFIX=\"Python\" -DGRPC_XDS_USER_AGENT_VERSION_SUFFIX=\"1.79.0.dev0\" -DHAVE_CONFIG_H=1 -DGRPC_ENABLE_FORK_SUPPORT=1 -DGRPC_ENABLE_FORK_SUPPORT_DEFAULT=false -DGRPC_PYTHON_BUILD=1 -D__STDC_FORMAT_MACROS "-DPyMODINIT_FUNC=extern \"C\" __attribute__((visibility (\"default\"))) PyObject*" -DGRPC_POSIX_FORK_ALLOW_PTHREAD_ATFORK=1 -Isrc/python/grpcio -Iinclude -I. -Ithird_party/abseil-cpp -Ithird_party/address_sorting/include -Ithird_party/cares/cares/include -Ithird_party/cares -Ithird_party/cares/cares -Ithird_party/cares/cares/src/lib/include -Ithird_party/cares/cares/src/lib -Ithird_party/cares/config_linux -Ithird_party/re2 -Ithird_party/boringssl-with-bazel/src/include -Ithird_party/upb -Isrc/core/ext/upb-gen -Isrc/core/ext/upbdefs-gen -Ithird_party/utf8_range -Ithird_party/xxhash -Ithird_party/zlib -I/usr/local/google/home/ssreenithi/.pyenv/versions/3.12.0/envs/pyvenv_312/include -I/usr/local/google/home/ssreenithi/.pyenv/versions/3.12.0/include/python3.12 -c third_party/abseil-cpp/absl/base/internal/sysinfo.cc -o pyb/temp.linux-x86_64-cpython-312/third_party/abseil-cpp/absl/base/internal/sysinfo.o -std=c++17 -fvisibility=hidden -fno-wrapv -fno-exceptions -pthread
      g++ -fno-strict-overflow -Wsign-compare -DNDEBUG -g -O3 -Wall -fPIC -D_WIN32_WINNT=1536 -DGRPC_XDS_USER_AGENT_NAME_SUFFIX=\"Python\" -DGRPC_XDS_USER_AGENT_VERSION_SUFFIX=\"1.79.0.dev0\" -DHAVE_CONFIG_H=1 -DGRPC_ENABLE_FORK_SUPPORT=1 -DGRPC_ENABLE_FORK_SUPPORT_DEFAULT=false -DGRPC_PYTHON_BUILD=1 -D__STDC_FORMAT_MACROS "-DPyMODINIT_FUNC=extern \"C\" __attribute__((visibility (\"default\"))) PyObject*" -DGRPC_POSIX_FORK_ALLOW_PTHREAD_ATFORK=1 -Isrc/python/grpcio -Iinclude -I. -Ithird_party/abseil-cpp -Ithird_party/address_sorting/include -Ithird_party/cares/cares/include -Ithird_party/cares -Ithird_party/cares/cares -Ithird_party/cares/cares/src/lib/include -Ithird_party/cares/cares/src/lib -Ithird_party/cares/config_linux -Ithird_party/re2 -Ithird_party/boringssl-with-bazel/src/include -Ithird_party/upb -Isrc/core/ext/upb-gen -Isrc/core/ext/upbdefs-gen -Ithird_party/utf8_range -Ithird_party/xxhash -Ithird_party/zlib -I/usr/local/google/home/ssreenithi/.pyenv/versions/3.12.0/envs/pyvenv_312/include -I/usr/local/google/home/ssreenithi/.pyenv/versions/3.12.0/include/python3.12 -c src/core/credentials/call/json_util.cc -o pyb/temp.linux-x86_64-cpython-312/src/core/credentials/call/json_util.o -std=c++17 -fvisibility=hidden -fno-wrapv -fno-exceptions -pthread
      g++ -fno-strict-overflow -Wsign-compare -DNDEBUG -g -O3 -Wall -fPIC -D_WIN32_WINNT=1536 -DGRPC_XDS_USER_AGENT_NAME_SUFFIX=\"Python\" -DGRPC_XDS_USER_AGENT_VERSION_SUFFIX=\"1.79.0.dev0\" -DHAVE_CONFIG_H=1 -DGRPC_ENABLE_FORK_SUPPORT=1 -DGRPC_ENABLE_FORK_SUPPORT_DEFAULT=false -DGRPC_PYTHON_BUILD=1 -D__STDC_FORMAT_MACROS "-DPyMODINIT_FUNC=extern \"C\" __attribute__((visibility (\"default\"))) PyObject*" -DGRPC_POSIX_FORK_ALLOW_PTHREAD_ATFORK=1 -Isrc/python/grpcio -Iinclude -I. -Ithird_party/abseil-cpp -Ithird_party/address_sorting/include -Ithird_party/cares/cares/include -Ithird_party/cares -Ithird_party/cares/cares -Ithird_party/cares/cares/src/lib/include -Ithird_party/cares/cares/src/lib -Ithird_party/cares/config_linux -Ithird_party/re2 -Ithird_party/boringssl-with-bazel/src/include -Ithird_party/upb -Isrc/core/ext/upb-gen -Isrc/core/ext/upbdefs-gen -Ithird_party/utf8_range -Ithird_party/xxhash -Ithird_party/zlib -I/usr/local/google/home/ssreenithi/.pyenv/versions/3.12.0/envs/pyvenv_312/include -I/usr/local/google/home/ssreenithi/.pyenv/versions/3.12.0/include/python3.12 -c third_party/abseil-cpp/absl/crc/internal/crc_cord_state.cc -o pyb/temp.linux-x86_64-cpython-312/third_party/abseil-cpp/absl/crc/internal/crc_cord_state.o -std=c++17 -fvisibility=hidden -fno-wrapv -fno-exceptions -pthread
      g++ -fno-strict-overflow -Wsign-compare -DNDEBUG -g -O3 -Wall -fPIC -D_WIN32_WINNT=1536 -DGRPC_XDS_USER_AGENT_NAME_SUFFIX=\"Python\" -DGRPC_XDS_USER_AGENT_VERSION_SUFFIX=\"1.79.0.dev0\" -DHAVE_CONFIG_H=1 -DGRPC_ENABLE_FORK_SUPPORT=1 -DGRPC_ENABLE_FORK_SUPPORT_DEFAULT=false -DGRPC_PYTHON_BUILD=1 -D__STDC_FORMAT_MACROS "-DPyMODINIT_FUNC=extern \"C\" __attribute__((visibility (\"default\"))) PyObject*" -DGRPC_POSIX_FORK_ALLOW_PTHREAD_ATFORK=1 -Isrc/python/grpcio -Iinclude -I. -Ithird_party/abseil-cpp -Ithird_party/address_sorting/include -Ithird_party/cares/cares/include -Ithird_party/cares -Ithird_party/cares/cares -Ithird_party/cares/cares/src/lib/include -Ithird_party/cares/cares/src/lib -Ithird_party/cares/config_linux -Ithird_party/re2 -Ithird_party/boringssl-with-bazel/src/include -Ithird_party/upb -Isrc/core/ext/upb-gen -Isrc/core/ext/upbdefs-gen -Ithird_party/utf8_range -Ithird_party/xxhash -Ithird_party/zlib -I/usr/local/google/home/ssreenithi/.pyenv/versions/3.12.0/envs/pyvenv_312/include -I/usr/local/google/home/ssreenithi/.pyenv/versions/3.12.0/include/python3.12 -c src/core/lib/iomgr/fork_posix.cc -o pyb/temp.linux-x86_64-cpython-312/src/core/lib/iomgr/fork_posix.o -std=c++17 -fvisibility=hidden -fno-wrapv -fno-exceptions -pthread
      g++ -fno-strict-overflow -Wsign-compare -DNDEBUG -g -O3 -Wall -fPIC -D_WIN32_WINNT=1536 -DGRPC_XDS_USER_AGENT_NAME_SUFFIX=\"Python\" -DGRPC_XDS_USER_AGENT_VERSION_SUFFIX=\"1.79.0.dev0\" -DHAVE_CONFIG_H=1 -DGRPC_ENABLE_FORK_SUPPORT=1 -DGRPC_ENABLE_FORK_SUPPORT_DEFAULT=false -DGRPC_PYTHON_BUILD=1 -D__STDC_FORMAT_MACROS "-DPyMODINIT_FUNC=extern \"C\" __attribute__((visibility (\"default\"))) PyObject*" -DGRPC_POSIX_FORK_ALLOW_PTHREAD_ATFORK=1 -Isrc/python/grpcio -Iinclude -I. -Ithird_party/abseil-cpp -Ithird_party/address_sorting/include -Ithird_party/cares/cares/include -Ithird_party/cares -Ithird_party/cares/cares -Ithird_party/cares/cares/src/lib/include -Ithird_party/cares/cares/src/lib -Ithird_party/cares/config_linux -Ithird_party/re2 -Ithird_party/boringssl-with-bazel/src/include -Ithird_party/upb -Isrc/core/ext/upb-gen -Isrc/core/ext/upbdefs-gen -Ithird_party/utf8_range -Ithird_party/xxhash -Ithird_party/zlib -I/usr/local/google/home/ssreenithi/.pyenv/versions/3.12.0/envs/pyvenv_312/include -I/usr/local/google/home/ssreenithi/.pyenv/versions/3.12.0/include/python3.12 -c src/core/util/iphone/cpu.cc -o pyb/temp.linux-x86_64-cpython-312/src/core/util/iphone/cpu.o -std=c++17 -fvisibility=hidden -fno-wrapv -fno-exceptions -pthread
      g++ -fno-strict-overflow -Wsign-compare -DNDEBUG -g -O3 -Wall -fPIC -D_WIN32_WINNT=1536 -DGRPC_XDS_USER_AGENT_NAME_SUFFIX=\"Python\" -DGRPC_XDS_USER_AGENT_VERSION_SUFFIX=\"1.79.0.dev0\" -DHAVE_CONFIG_H=1 -DGRPC_ENABLE_FORK_SUPPORT=1 -DGRPC_ENABLE_FORK_SUPPORT_DEFAULT=false -DGRPC_PYTHON_BUILD=1 -D__STDC_FORMAT_MACROS "-DPyMODINIT_FUNC=extern \"C\" __attribute__((visibility (\"default\"))) PyObject*" -DGRPC_POSIX_FORK_ALLOW_PTHREAD_ATFORK=1 -Isrc/python/grpcio -Iinclude -I. -Ithird_party/abseil-cpp -Ithird_party/address_sorting/include -Ithird_party/cares/cares/include -Ithird_party/cares -Ithird_party/cares/cares -Ithird_party/cares/cares/src/lib/include -Ithird_party/cares/cares/src/lib -Ithird_party/cares/config_linux -Ithird_party/re2 -Ithird_party/boringssl-with-bazel/src/include -Ithird_party/upb -Isrc/core/ext/upb-gen -Isrc/core/ext/upbdefs-gen -Ithird_party/utf8_range -Ithird_party/xxhash -Ithird_party/zlib -I/usr/local/google/home/ssreenithi/.pyenv/versions/3.12.0/envs/pyvenv_312/include -I/usr/local/google/home/ssreenithi/.pyenv/versions/3.12.0/include/python3.12 -c third_party/abseil-cpp/absl/debugging/leak_check.cc -o pyb/temp.linux-x86_64-cpython-312/third_party/abseil-cpp/absl/debugging/leak_check.o -std=c++17 -fvisibility=hidden -fno-wrapv -fno-exceptions -pthread
      g++ -fno-strict-overflow -Wsign-compare -DNDEBUG -g -O3 -Wall -fPIC -D_WIN32_WINNT=1536 -DGRPC_XDS_USER_AGENT_NAME_SUFFIX=\"Python\" -DGRPC_XDS_USER_AGENT_VERSION_SUFFIX=\"1.79.0.dev0\" -DHAVE_CONFIG_H=1 -DGRPC_ENABLE_FORK_SUPPORT=1 -DGRPC_ENABLE_FORK_SUPPORT_DEFAULT=false -DGRPC_PYTHON_BUILD=1 -D__STDC_FORMAT_MACROS "-DPyMODINIT_FUNC=extern \"C\" __attribute__((visibility (\"default\"))) PyObject*" -DGRPC_POSIX_FORK_ALLOW_PTHREAD_ATFORK=1 -Isrc/python/grpcio -Iinclude -I. -Ithird_party/abseil-cpp -Ithird_party/address_sorting/include -Ithird_party/cares/cares/include -Ithird_party/cares -Ithird_party/cares/cares -Ithird_party/cares/cares/src/lib/include -Ithird_party/cares/cares/src/lib -Ithird_party/cares/config_linux -Ithird_party/re2 -Ithird_party/boringssl-with-bazel/src/include -Ithird_party/upb -Isrc/core/ext/upb-gen -Isrc/core/ext/upbdefs-gen -Ithird_party/utf8_range -Ithird_party/xxhash -Ithird_party/zlib -I/usr/local/google/home/ssreenithi/.pyenv/versions/3.12.0/envs/pyvenv_312/include -I/usr/local/google/home/ssreenithi/.pyenv/versions/3.12.0/include/python3.12 -c src/core/util/json/json_object_loader.cc -o pyb/temp.linux-x86_64-cpython-312/src/core/util/json/json_object_loader.o -std=c++17 -fvisibility=hidden -fno-wrapv -fno-exceptions -pthread
      g++ -fno-strict-overflow -Wsign-compare -DNDEBUG -g -O3 -Wall -fPIC -D_WIN32_WINNT=1536 -DGRPC_XDS_USER_AGENT_NAME_SUFFIX=\"Python\" -DGRPC_XDS_USER_AGENT_VERSION_SUFFIX=\"1.79.0.dev0\" -DHAVE_CONFIG_H=1 -DGRPC_ENABLE_FORK_SUPPORT=1 -DGRPC_ENABLE_FORK_SUPPORT_DEFAULT=false -DGRPC_PYTHON_BUILD=1 -D__STDC_FORMAT_MACROS "-DPyMODINIT_FUNC=extern \"C\" __attribute__((visibility (\"default\"))) PyObject*" -DGRPC_POSIX_FORK_ALLOW_PTHREAD_ATFORK=1 -Isrc/python/grpcio -Iinclude -I. -Ithird_party/abseil-cpp -Ithird_party/address_sorting/include -Ithird_party/cares/cares/include -Ithird_party/cares -Ithird_party/cares/cares -Ithird_party/cares/cares/src/lib/include -Ithird_party/cares/cares/src/lib -Ithird_party/cares/config_linux -Ithird_party/re2 -Ithird_party/boringssl-with-bazel/src/include -Ithird_party/upb -Isrc/core/ext/upb-gen -Isrc/core/ext/upbdefs-gen -Ithird_party/utf8_range -Ithird_party/xxhash -Ithird_party/zlib -I/usr/local/google/home/ssreenithi/.pyenv/versions/3.12.0/envs/pyvenv_312/include -I/usr/local/google/home/ssreenithi/.pyenv/versions/3.12.0/include/python3.12 -c third_party/abseil-cpp/absl/container/internal/hashtablez_sampler_force_weak_definition.cc -o pyb/temp.linux-x86_64-cpython-312/third_party/abseil-cpp/absl/container/internal/hashtablez_sampler_force_weak_definition.o -std=c++17 -fvisibility=hidden -fno-wrapv -fno-exceptions -pthread
      g++ -fno-strict-overflow -Wsign-compare -DNDEBUG -g -O3 -Wall -fPIC -D_WIN32_WINNT=1536 -DGRPC_XDS_USER_AGENT_NAME_SUFFIX=\"Python\" -DGRPC_XDS_USER_AGENT_VERSION_SUFFIX=\"1.79.0.dev0\" -DHAVE_CONFIG_H=1 -DGRPC_ENABLE_FORK_SUPPORT=1 -DGRPC_ENABLE_FORK_SUPPORT_DEFAULT=false -DGRPC_PYTHON_BUILD=1 -D__STDC_FORMAT_MACROS "-DPyMODINIT_FUNC=extern \"C\" __attribute__((visibility (\"default\"))) PyObject*" -DGRPC_POSIX_FORK_ALLOW_PTHREAD_ATFORK=1 -Isrc/python/grpcio -Iinclude -I. -Ithird_party/abseil-cpp -Ithird_party/address_sorting/include -Ithird_party/cares/cares/include -Ithird_party/cares -Ithird_party/cares/cares -Ithird_party/cares/cares/src/lib/include -Ithird_party/cares/cares/src/lib -Ithird_party/cares/config_linux -Ithird_party/re2 -Ithird_party/boringssl-with-bazel/src/include -Ithird_party/upb -Isrc/core/ext/upb-gen -Isrc/core/ext/upbdefs-gen -Ithird_party/utf8_range -Ithird_party/xxhash -Ithird_party/zlib -I/usr/local/google/home/ssreenithi/.pyenv/versions/3.12.0/envs/pyvenv_312/include -I/usr/local/google/home/ssreenithi/.pyenv/versions/3.12.0/include/python3.12 -c third_party/abseil-cpp/absl/debugging/stacktrace.cc -o pyb/temp.linux-x86_64-cpython-312/third_party/abseil-cpp/absl/debugging/stacktrace.o -std=c++17 -fvisibility=hidden -fno-wrapv -fno-exceptions -pthread
      g++ -fno-strict-overflow -Wsign-compare -DNDEBUG -g -O3 -Wall -fPIC -D_WIN32_WINNT=1536 -DGRPC_XDS_USER_AGENT_NAME_SUFFIX=\"Python\" -DGRPC_XDS_USER_AGENT_VERSION_SUFFIX=\"1.79.0.dev0\" -DHAVE_CONFIG_H=1 -DGRPC_ENABLE_FORK_SUPPORT=1 -DGRPC_ENABLE_FORK_SUPPORT_DEFAULT=false -DGRPC_PYTHON_BUILD=1 -D__STDC_FORMAT_MACROS "-DPyMODINIT_FUNC=extern \"C\" __attribute__((visibility (\"default\"))) PyObject*" -DGRPC_POSIX_FORK_ALLOW_PTHREAD_ATFORK=1 -Isrc/python/grpcio -Iinclude -I. -Ithird_party/abseil-cpp -Ithird_party/address_sorting/include -Ithird_party/cares/cares/include -Ithird_party/cares -Ithird_party/cares/cares -Ithird_party/cares/cares/src/lib/include -Ithird_party/cares/cares/src/lib -Ithird_party/cares/config_linux -Ithird_party/re2 -Ithird_party/boringssl-with-bazel/src/include -Ithird_party/upb -Isrc/core/ext/upb-gen -Isrc/core/ext/upbdefs-gen -Ithird_party/utf8_range -Ithird_party/xxhash -Ithird_party/zlib -I/usr/local/google/home/ssreenithi/.pyenv/versions/3.12.0/envs/pyvenv_312/include -I/usr/local/google/home/ssreenithi/.pyenv/versions/3.12.0/include/python3.12 -c third_party/abseil-cpp/absl/debugging/internal/demangle.cc -o pyb/temp.linux-x86_64-cpython-312/third_party/abseil-cpp/absl/debugging/internal/demangle.o -std=c++17 -fvisibility=hidden -fno-wrapv -fno-exceptions -pthread
      g++ -fno-strict-overflow -Wsign-compare -DNDEBUG -g -O3 -Wall -fPIC -D_WIN32_WINNT=1536 -DGRPC_XDS_USER_AGENT_NAME_SUFFIX=\"Python\" -DGRPC_XDS_USER_AGENT_VERSION_SUFFIX=\"1.79.0.dev0\" -DHAVE_CONFIG_H=1 -DGRPC_ENABLE_FORK_SUPPORT=1 -DGRPC_ENABLE_FORK_SUPPORT_DEFAULT=false -DGRPC_PYTHON_BUILD=1 -D__STDC_FORMAT_MACROS "-DPyMODINIT_FUNC=extern \"C\" __attribute__((visibility (\"default\"))) PyObject*" -DGRPC_POSIX_FORK_ALLOW_PTHREAD_ATFORK=1 -Isrc/python/grpcio -Iinclude -I. -Ithird_party/abseil-cpp -Ithird_party/address_sorting/include -Ithird_party/cares/cares/include -Ithird_party/cares -Ithird_party/cares/cares -Ithird_party/cares/cares/src/lib/include -Ithird_party/cares/cares/src/lib -Ithird_party/cares/config_linux -Ithird_party/re2 -Ithird_party/boringssl-with-bazel/src/include -Ithird_party/upb -Isrc/core/ext/upb-gen -Isrc/core/ext/upbdefs-gen -Ithird_party/utf8_range -Ithird_party/xxhash -Ithird_party/zlib -I/usr/local/google/home/ssreenithi/.pyenv/versions/3.12.0/envs/pyvenv_312/include -I/usr/local/google/home/ssreenithi/.pyenv/versions/3.12.0/include/python3.12 -c src/core/handshaker/proxy_mapper_registry.cc -o pyb/temp.linux-x86_64-cpython-312/src/core/handshaker/proxy_mapper_registry.o -std=c++17 -fvisibility=hidden -fno-wrapv -fno-exceptions -pthread
      g++ -fno-strict-overflow -Wsign-compare -DNDEBUG -g -O3 -Wall -fPIC -D_WIN32_WINNT=1536 -DGRPC_XDS_USER_AGENT_NAME_SUFFIX=\"Python\" -DGRPC_XDS_USER_AGENT_VERSION_SUFFIX=\"1.79.0.dev0\" -DHAVE_CONFIG_H=1 -DGRPC_ENABLE_FORK_SUPPORT=1 -DGRPC_ENABLE_FORK_SUPPORT_DEFAULT=false -DGRPC_PYTHON_BUILD=1 -D__STDC_FORMAT_MACROS "-DPyMODINIT_FUNC=extern \"C\" __attribute__((visibility (\"default\"))) PyObject*" -DGRPC_POSIX_FORK_ALLOW_PTHREAD_ATFORK=1 -Isrc/python/grpcio -Iinclude -I. -Ithird_party/abseil-cpp -Ithird_party/address_sorting/include -Ithird_party/cares/cares/include -Ithird_party/cares -Ithird_party/cares/cares -Ithird_party/cares/cares/src/lib/include -Ithird_party/cares/cares/src/lib -Ithird_party/cares/config_linux -Ithird_party/re2 -Ithird_party/boringssl-with-bazel/src/include -Ithird_party/upb -Isrc/core/ext/upb-gen -Isrc/core/ext/upbdefs-gen -Ithird_party/utf8_range -Ithird_party/xxhash -Ithird_party/zlib -I/usr/local/google/home/ssreenithi/.pyenv/versions/3.12.0/envs/pyvenv_312/include -I/usr/local/google/home/ssreenithi/.pyenv/versions/3.12.0/include/python3.12 -c src/core/util/uuid_v4.cc -o pyb/temp.linux-x86_64-cpython-312/src/core/util/uuid_v4.o -std=c++17 -fvisibility=hidden -fno-wrapv -fno-exceptions -pthread
      g++ -fno-strict-overflow -Wsign-compare -DNDEBUG -g -O3 -Wall -fPIC -D_WIN32_WINNT=1536 -DGRPC_XDS_USER_AGENT_NAME_SUFFIX=\"Python\" -DGRPC_XDS_USER_AGENT_VERSION_SUFFIX=\"1.79.0.dev0\" -DHAVE_CONFIG_H=1 -DGRPC_ENABLE_FORK_SUPPORT=1 -DGRPC_ENABLE_FORK_SUPPORT_DEFAULT=false -DGRPC_PYTHON_BUILD=1 -D__STDC_FORMAT_MACROS "-DPyMODINIT_FUNC=extern \"C\" __attribute__((visibility (\"default\"))) PyObject*" -DGRPC_POSIX_FORK_ALLOW_PTHREAD_ATFORK=1 -Isrc/python/grpcio -Iinclude -I. -Ithird_party/abseil-cpp -Ithird_party/address_sorting/include -Ithird_party/cares/cares/include -Ithird_party/cares -Ithird_party/cares/cares -Ithird_party/cares/cares/src/lib/include -Ithird_party/cares/cares/src/lib -Ithird_party/cares/config_linux -Ithird_party/re2 -Ithird_party/boringssl-with-bazel/src/include -Ithird_party/upb -Isrc/core/ext/upb-gen -Isrc/core/ext/upbdefs-gen -Ithird_party/utf8_range -Ithird_party/xxhash -Ithird_party/zlib -I/usr/local/google/home/ssreenithi/.pyenv/versions/3.12.0/envs/pyvenv_312/include -I/usr/local/google/home/ssreenithi/.pyenv/versions/3.12.0/include/python3.12 -c src/core/ext/transport/chttp2/transport/ping_callbacks.cc -o pyb/temp.linux-x86_64-cpython-312/src/core/ext/transport/chttp2/transport/ping_callbacks.o -std=c++17 -fvisibility=hidden -fno-wrapv -fno-exceptions -pthread
      g++ -fno-strict-overflow -Wsign-compare -DNDEBUG -g -O3 -Wall -fPIC -D_WIN32_WINNT=1536 -DGRPC_XDS_USER_AGENT_NAME_SUFFIX=\"Python\" -DGRPC_XDS_USER_AGENT_VERSION_SUFFIX=\"1.79.0.dev0\" -DHAVE_CONFIG_H=1 -DGRPC_ENABLE_FORK_SUPPORT=1 -DGRPC_ENABLE_FORK_SUPPORT_DEFAULT=false -DGRPC_PYTHON_BUILD=1 -D__STDC_FORMAT_MACROS "-DPyMODINIT_FUNC=extern \"C\" __attribute__((visibility (\"default\"))) PyObject*" -DGRPC_POSIX_FORK_ALLOW_PTHREAD_ATFORK=1 -Isrc/python/grpcio -Iinclude -I. -Ithird_party/abseil-cpp -Ithird_party/address_sorting/include -Ithird_party/cares/cares/include -Ithird_party/cares -Ithird_party/cares/cares -Ithird_party/cares/cares/src/lib/include -Ithird_party/cares/cares/src/lib -Ithird_party/cares/config_linux -Ithird_party/re2 -Ithird_party/boringssl-with-bazel/src/include -Ithird_party/upb -Isrc/core/ext/upb-gen -Isrc/core/ext/upbdefs-gen -Ithird_party/utf8_range -Ithird_party/xxhash -Ithird_party/zlib -I/usr/local/google/home/ssreenithi/.pyenv/versions/3.12.0/envs/pyvenv_312/include -I/usr/local/google/home/ssreenithi/.pyenv/versions/3.12.0/include/python3.12 -c src/core/telemetry/stats_data.cc -o pyb/temp.linux-x86_64-cpython-312/src/core/telemetry/stats_data.o -std=c++17 -fvisibility=hidden -fno-wrapv -fno-exceptions -pthread
      g++ -fno-strict-overflow -Wsign-compare -DNDEBUG -g -O3 -Wall -fPIC -D_WIN32_WINNT=1536 -DGRPC_XDS_USER_AGENT_NAME_SUFFIX=\"Python\" -DGRPC_XDS_USER_AGENT_VERSION_SUFFIX=\"1.79.0.dev0\" -DHAVE_CONFIG_H=1 -DGRPC_ENABLE_FORK_SUPPORT=1 -DGRPC_ENABLE_FORK_SUPPORT_DEFAULT=false -DGRPC_PYTHON_BUILD=1 -D__STDC_FORMAT_MACROS "-DPyMODINIT_FUNC=extern \"C\" __attribute__((visibility (\"default\"))) PyObject*" -DGRPC_POSIX_FORK_ALLOW_PTHREAD_ATFORK=1 -Isrc/python/grpcio -Iinclude -I. -Ithird_party/abseil-cpp -Ithird_party/address_sorting/include -Ithird_party/cares/cares/include -Ithird_party/cares -Ithird_party/cares/cares -Ithird_party/cares/cares/src/lib/include -Ithird_party/cares/cares/src/lib -Ithird_party/cares/config_linux -Ithird_party/re2 -Ithird_party/boringssl-with-bazel/src/include -Ithird_party/upb -Isrc/core/ext/upb-gen -Isrc/core/ext/upbdefs-gen -Ithird_party/utf8_range -Ithird_party/xxhash -Ithird_party/zlib -I/usr/local/google/home/ssreenithi/.pyenv/versions/3.12.0/envs/pyvenv_312/include -I/usr/local/google/home/ssreenithi/.pyenv/versions/3.12.0/include/python3.12 -c src/core/util/tchar.cc -o pyb/temp.linux-x86_64-cpython-312/src/core/util/tchar.o -std=c++17 -fvisibility=hidden -fno-wrapv -fno-exceptions -pthread
      g++ -fno-strict-overflow -Wsign-compare -DNDEBUG -g -O3 -Wall -fPIC -D_WIN32_WINNT=1536 -DGRPC_XDS_USER_AGENT_NAME_SUFFIX=\"Python\" -DGRPC_XDS_USER_AGENT_VERSION_SUFFIX=\"1.79.0.dev0\" -DHAVE_CONFIG_H=1 -DGRPC_ENABLE_FORK_SUPPORT=1 -DGRPC_ENABLE_FORK_SUPPORT_DEFAULT=false -DGRPC_PYTHON_BUILD=1 -D__STDC_FORMAT_MACROS "-DPyMODINIT_FUNC=extern \"C\" __attribute__((visibility (\"default\"))) PyObject*" -DGRPC_POSIX_FORK_ALLOW_PTHREAD_ATFORK=1 -Isrc/python/grpcio -Iinclude -I. -Ithird_party/abseil-cpp -Ithird_party/address_sorting/include -Ithird_party/cares/cares/include -Ithird_party/cares -Ithird_party/cares/cares -Ithird_party/cares/cares/src/lib/include -Ithird_party/cares/cares/src/lib -Ithird_party/cares/config_linux -Ithird_party/re2 -Ithird_party/boringssl-with-bazel/src/include -Ithird_party/upb -Isrc/core/ext/upb-gen -Isrc/core/ext/upbdefs-gen -Ithird_party/utf8_range -Ithird_party/xxhash -Ithird_party/zlib -I/usr/local/google/home/ssreenithi/.pyenv/versions/3.12.0/envs/pyvenv_312/include -I/usr/local/google/home/ssreenithi/.pyenv/versions/3.12.0/include/python3.12 -c third_party/abseil-cpp/absl/base/internal/thread_identity.cc -o pyb/temp.linux-x86_64-cpython-312/third_party/abseil-cpp/absl/base/internal/thread_identity.o -std=c++17 -fvisibility=hidden -fno-wrapv -fno-exceptions -pthread
      g++ -fno-strict-overflow -Wsign-compare -DNDEBUG -g -O3 -Wall -fPIC -D_WIN32_WINNT=1536 -DGRPC_XDS_USER_AGENT_NAME_SUFFIX=\"Python\" -DGRPC_XDS_USER_AGENT_VERSION_SUFFIX=\"1.79.0.dev0\" -DHAVE_CONFIG_H=1 -DGRPC_ENABLE_FORK_SUPPORT=1 -DGRPC_ENABLE_FORK_SUPPORT_DEFAULT=false -DGRPC_PYTHON_BUILD=1 -D__STDC_FORMAT_MACROS "-DPyMODINIT_FUNC=extern \"C\" __attribute__((visibility (\"default\"))) PyObject*" -DGRPC_POSIX_FORK_ALLOW_PTHREAD_ATFORK=1 -Isrc/python/grpcio -Iinclude -I. -Ithird_party/abseil-cpp -Ithird_party/address_sorting/include -Ithird_party/cares/cares/include -Ithird_party/cares -Ithird_party/cares/cares -Ithird_party/cares/cares/src/lib/include -Ithird_party/cares/cares/src/lib -Ithird_party/cares/config_linux -Ithird_party/re2 -Ithird_party/boringssl-with-bazel/src/include -Ithird_party/upb -Isrc/core/ext/upb-gen -Isrc/core/ext/upbdefs-gen -Ithird_party/utf8_range -Ithird_party/xxhash -Ithird_party/zlib -I/usr/local/google/home/ssreenithi/.pyenv/versions/3.12.0/envs/pyvenv_312/include -I/usr/local/google/home/ssreenithi/.pyenv/versions/3.12.0/include/python3.12 -c third_party/abseil-cpp/absl/flags/internal/program_name.cc -o pyb/temp.linux-x86_64-cpython-312/third_party/abseil-cpp/absl/flags/internal/program_name.o -std=c++17 -fvisibility=hidden -fno-wrapv -fno-exceptions -pthread
      In file included from ./src/core/lib/promise/activity.h:30,
                       from ./src/core/call/call_state.h:23,
                       from ./src/core/call/call_filters.h:26,
                       from ./src/core/lib/channel/promise_based_filter.h:36,
                       from ./src/core/ext/filters/rbac/rbac_filter.h:25,
                       from src/core/ext/filters/rbac/rbac_filter.cc:17:
      ./src/core/lib/promise/detail/promise_factory.h:210:5: warning: ‘always_inline’ function might not be inlinable unless also declared ‘inline’ [-Wattributes]
        210 |     PromiseFactoryImpl(Token, F&& f) {
            |     ^~~~~~~~~~~~~~~~~~
      ./src/core/lib/promise/detail/promise_factory.h:210:5: warning: ‘always_inline’ function might not be inlinable unless also declared ‘inline’ [-Wattributes]
      ./src/core/lib/promise/detail/promise_factory.h:210:5: warning: ‘always_inline’ function might not be inlinable unless also declared ‘inline’ [-Wattributes]
      ./src/core/lib/promise/detail/promise_factory.h:210:5: warning: ‘always_inline’ function might not be inlinable unless also declared ‘inline’ [-Wattributes]
      ./src/core/lib/promise/detail/promise_factory.h:210:5: warning: ‘always_inline’ function might not be inlinable unless also declared ‘inline’ [-Wattributes]
      ./src/core/lib/promise/detail/promise_factory.h:210:5: warning: ‘always_inline’ function might not be inlinable unless also declared ‘inline’ [-Wattributes]
      ./src/core/lib/promise/detail/promise_factory.h:210:5: warning: ‘always_inline’ function might not be inlinable unless also declared ‘inline’ [-Wattributes]
      ./src/core/lib/promise/detail/promise_factory.h:210:5: warning: ‘always_inline’ function might not be inlinable unless also declared ‘inline’ [-Wattributes]
      g++ -fno-strict-overflow -Wsign-compare -DNDEBUG -g -O3 -Wall -fPIC -D_WIN32_WINNT=1536 -DGRPC_XDS_USER_AGENT_NAME_SUFFIX=\"Python\" -DGRPC_XDS_USER_AGENT_VERSION_SUFFIX=\"1.79.0.dev0\" -DHAVE_CONFIG_H=1 -DGRPC_ENABLE_FORK_SUPPORT=1 -DGRPC_ENABLE_FORK_SUPPORT_DEFAULT=false -DGRPC_PYTHON_BUILD=1 -D__STDC_FORMAT_MACROS "-DPyMODINIT_FUNC=extern \"C\" __attribute__((visibility (\"default\"))) PyObject*" -DGRPC_POSIX_FORK_ALLOW_PTHREAD_ATFORK=1 -Isrc/python/grpcio -Iinclude -I. -Ithird_party/abseil-cpp -Ithird_party/address_sorting/include -Ithird_party/cares/cares/include -Ithird_party/cares -Ithird_party/cares/cares -Ithird_party/cares/cares/src/lib/include -Ithird_party/cares/cares/src/lib -Ithird_party/cares/config_linux -Ithird_party/re2 -Ithird_party/boringssl-with-bazel/src/include -Ithird_party/upb -Isrc/core/ext/upb-gen -Isrc/core/ext/upbdefs-gen -Ithird_party/utf8_range -Ithird_party/xxhash -Ithird_party/zlib -I/usr/local/google/home/ssreenithi/.pyenv/versions/3.12.0/envs/pyvenv_312/include -I/usr/local/google/home/ssreenithi/.pyenv/versions/3.12.0/include/python3.12 -c third_party/abseil-cpp/absl/debugging/symbolize.cc -o pyb/temp.linux-x86_64-cpython-312/third_party/abseil-cpp/absl/debugging/symbolize.o -std=c++17 -fvisibility=hidden -fno-wrapv -fno-exceptions -pthread
      g++ -fno-strict-overflow -Wsign-compare -DNDEBUG -g -O3 -Wall -fPIC -D_WIN32_WINNT=1536 -DGRPC_XDS_USER_AGENT_NAME_SUFFIX=\"Python\" -DGRPC_XDS_USER_AGENT_VERSION_SUFFIX=\"1.79.0.dev0\" -DHAVE_CONFIG_H=1 -DGRPC_ENABLE_FORK_SUPPORT=1 -DGRPC_ENABLE_FORK_SUPPORT_DEFAULT=false -DGRPC_PYTHON_BUILD=1 -D__STDC_FORMAT_MACROS "-DPyMODINIT_FUNC=extern \"C\" __attribute__((visibility (\"default\"))) PyObject*" -DGRPC_POSIX_FORK_ALLOW_PTHREAD_ATFORK=1 -Isrc/python/grpcio -Iinclude -I. -Ithird_party/abseil-cpp -Ithird_party/address_sorting/include -Ithird_party/cares/cares/include -Ithird_party/cares -Ithird_party/cares/cares -Ithird_party/cares/cares/src/lib/include -Ithird_party/cares/cares/src/lib -Ithird_party/cares/config_linux -Ithird_party/re2 -Ithird_party/boringssl-with-bazel/src/include -Ithird_party/upb -Isrc/core/ext/upb-gen -Isrc/core/ext/upbdefs-gen -Ithird_party/utf8_range -Ithird_party/xxhash -Ithird_party/zlib -I/usr/local/google/home/ssreenithi/.pyenv/versions/3.12.0/envs/pyvenv_312/include -I/usr/local/google/home/ssreenithi/.pyenv/versions/3.12.0/include/python3.12 -c third_party/abseil-cpp/absl/log/globals.cc -o pyb/temp.linux-x86_64-cpython-312/third_party/abseil-cpp/absl/log/globals.o -std=c++17 -fvisibility=hidden -fno-wrapv -fno-exceptions -pthread
      g++ -fno-strict-overflow -Wsign-compare -DNDEBUG -g -O3 -Wall -fPIC -D_WIN32_WINNT=1536 -DGRPC_XDS_USER_AGENT_NAME_SUFFIX=\"Python\" -DGRPC_XDS_USER_AGENT_VERSION_SUFFIX=\"1.79.0.dev0\" -DHAVE_CONFIG_H=1 -DGRPC_ENABLE_FORK_SUPPORT=1 -DGRPC_ENABLE_FORK_SUPPORT_DEFAULT=false -DGRPC_PYTHON_BUILD=1 -D__STDC_FORMAT_MACROS "-DPyMODINIT_FUNC=extern \"C\" __attribute__((visibility (\"default\"))) PyObject*" -DGRPC_POSIX_FORK_ALLOW_PTHREAD_ATFORK=1 -Isrc/python/grpcio -Iinclude -I. -Ithird_party/abseil-cpp -Ithird_party/address_sorting/include -Ithird_party/cares/cares/include -Ithird_party/cares -Ithird_party/cares/cares -Ithird_party/cares/cares/src/lib/include -Ithird_party/cares/cares/src/lib -Ithird_party/cares/config_linux -Ithird_party/re2 -Ithird_party/boringssl-with-bazel/src/include -Ithird_party/upb -Isrc/core/ext/upb-gen -Isrc/core/ext/upbdefs-gen -Ithird_party/utf8_range -Ithird_party/xxhash -Ithird_party/zlib -I/usr/local/google/home/ssreenithi/.pyenv/versions/3.12.0/envs/pyvenv_312/include -I/usr/local/google/home/ssreenithi/.pyenv/versions/3.12.0/include/python3.12 -c src/core/xds/xds_client/xds_bootstrap.cc -o pyb/temp.linux-x86_64-cpython-312/src/core/xds/xds_client/xds_bootstrap.o -std=c++17 -fvisibility=hidden -fno-wrapv -fno-exceptions -pthread
      In file included from ./src/core/lib/promise/activity.h:30,
                       from ./src/core/lib/resource_quota/memory_quota.h:39,
                       from ./src/core/lib/resource_quota/arena.h:39,
                       from ./src/core/lib/promise/arena_promise.h:28,
                       from ./src/core/credentials/transport/security_connector.h:36,
                       from src/core/credentials/transport/security_connector.cc:19:
      ./src/core/lib/promise/detail/promise_factory.h:210:5: warning: ‘always_inline’ function might not be inlinable unless also declared ‘inline’ [-Wattributes]
        210 |     PromiseFactoryImpl(Token, F&& f) {
            |     ^~~~~~~~~~~~~~~~~~
      ./src/core/lib/promise/detail/promise_factory.h:210:5: warning: ‘always_inline’ function might not be inlinable unless also declared ‘inline’ [-Wattributes]
      ./src/core/lib/promise/detail/promise_factory.h:210:5: warning: ‘always_inline’ function might not be inlinable unless also declared ‘inline’ [-Wattributes]
      ./src/core/lib/promise/detail/promise_factory.h:210:5: warning: ‘always_inline’ function might not be inlinable unless also declared ‘inline’ [-Wattributes]
      ./src/core/lib/promise/detail/promise_factory.h:210:5: warning: ‘always_inline’ function might not be inlinable unless also declared ‘inline’ [-Wattributes]
      ./src/core/lib/promise/detail/promise_factory.h:210:5: warning: ‘always_inline’ function might not be inlinable unless also declared ‘inline’ [-Wattributes]
      ./src/core/lib/promise/detail/promise_factory.h:210:5: warning: ‘always_inline’ function might not be inlinable unless also declared ‘inline’ [-Wattributes]
      In file included from ./src/core/lib/promise/activity.h:30,
                       from ./src/core/lib/resource_quota/memory_quota.h:39,
                       from ./src/core/lib/resource_quota/arena.h:39,
                       from ./src/core/lib/promise/arena_promise.h:28,
                       from ./src/core/credentials/transport/security_connector.h:36,
                       from ./src/core/credentials/call/call_credentials.h:31,
                       from ./src/core/credentials/call/plugin/plugin_credentials.h:34,
                       from src/core/credentials/call/plugin/plugin_credentials.cc:19:
      ./src/core/lib/promise/detail/promise_factory.h:210:5: warning: ‘always_inline’ function might not be inlinable unless also declared ‘inline’ [-Wattributes]
        210 |     PromiseFactoryImpl(Token, F&& f) {
            |     ^~~~~~~~~~~~~~~~~~
      ./src/core/lib/promise/detail/promise_factory.h:210:5: warning: ‘always_inline’ function might not be inlinable unless also declared ‘inline’ [-Wattributes]
      ./src/core/lib/promise/detail/promise_factory.h:210:5: warning: ‘always_inline’ function might not be inlinable unless also declared ‘inline’ [-Wattributes]
      ./src/core/lib/promise/detail/promise_factory.h:210:5: warning: ‘always_inline’ function might not be inlinable unless also declared ‘inline’ [-Wattributes]
      ./src/core/lib/promise/detail/promise_factory.h:210:5: warning: ‘always_inline’ function might not be inlinable unless also declared ‘inline’ [-Wattributes]
      ./src/core/lib/promise/detail/promise_factory.h:210:5: warning: ‘always_inline’ function might not be inlinable unless also declared ‘inline’ [-Wattributes]
      ./src/core/lib/promise/detail/promise_factory.h:210:5: warning: ‘always_inline’ function might not be inlinable unless also declared ‘inline’ [-Wattributes]
      g++ -fno-strict-overflow -Wsign-compare -DNDEBUG -g -O3 -Wall -fPIC -D_WIN32_WINNT=1536 -DGRPC_XDS_USER_AGENT_NAME_SUFFIX=\"Python\" -DGRPC_XDS_USER_AGENT_VERSION_SUFFIX=\"1.79.0.dev0\" -DHAVE_CONFIG_H=1 -DGRPC_ENABLE_FORK_SUPPORT=1 -DGRPC_ENABLE_FORK_SUPPORT_DEFAULT=false -DGRPC_PYTHON_BUILD=1 -D__STDC_FORMAT_MACROS "-DPyMODINIT_FUNC=extern \"C\" __attribute__((visibility (\"default\"))) PyObject*" -DGRPC_POSIX_FORK_ALLOW_PTHREAD_ATFORK=1 -Isrc/python/grpcio -Iinclude -I. -Ithird_party/abseil-cpp -Ithird_party/address_sorting/include -Ithird_party/cares/cares/include -Ithird_party/cares -Ithird_party/cares/cares -Ithird_party/cares/cares/src/lib/include -Ithird_party/cares/cares/src/lib -Ithird_party/cares/config_linux -Ithird_party/re2 -Ithird_party/boringssl-with-bazel/src/include -Ithird_party/upb -Isrc/core/ext/upb-gen -Isrc/core/ext/upbdefs-gen -Ithird_party/utf8_range -Ithird_party/xxhash -Ithird_party/zlib -I/usr/local/google/home/ssreenithi/.pyenv/versions/3.12.0/envs/pyvenv_312/include -I/usr/local/google/home/ssreenithi/.pyenv/versions/3.12.0/include/python3.12 -c src/core/util/mpscq.cc -o pyb/temp.linux-x86_64-cpython-312/src/core/util/mpscq.o -std=c++17 -fvisibility=hidden -fno-wrapv -fno-exceptions -pthread
      g++ -fno-strict-overflow -Wsign-compare -DNDEBUG -g -O3 -Wall -fPIC -D_WIN32_WINNT=1536 -DGRPC_XDS_USER_AGENT_NAME_SUFFIX=\"Python\" -DGRPC_XDS_USER_AGENT_VERSION_SUFFIX=\"1.79.0.dev0\" -DHAVE_CONFIG_H=1 -DGRPC_ENABLE_FORK_SUPPORT=1 -DGRPC_ENABLE_FORK_SUPPORT_DEFAULT=false -DGRPC_PYTHON_BUILD=1 -D__STDC_FORMAT_MACROS "-DPyMODINIT_FUNC=extern \"C\" __attribute__((visibility (\"default\"))) PyObject*" -DGRPC_POSIX_FORK_ALLOW_PTHREAD_ATFORK=1 -Isrc/python/grpcio -Iinclude -I. -Ithird_party/abseil-cpp -Ithird_party/address_sorting/include -Ithird_party/cares/cares/include -Ithird_party/cares -Ithird_party/cares/cares -Ithird_party/cares/cares/src/lib/include -Ithird_party/cares/cares/src/lib -Ithird_party/cares/config_linux -Ithird_party/re2 -Ithird_party/boringssl-with-bazel/src/include -Ithird_party/upb -Isrc/core/ext/upb-gen -Isrc/core/ext/upbdefs-gen -Ithird_party/utf8_range -Ithird_party/xxhash -Ithird_party/zlib -I/usr/local/google/home/ssreenithi/.pyenv/versions/3.12.0/envs/pyvenv_312/include -I/usr/local/google/home/ssreenithi/.pyenv/versions/3.12.0/include/python3.12 -c src/core/ext/transport/chttp2/transport/frame_goaway.cc -o pyb/temp.linux-x86_64-cpython-312/src/core/ext/transport/chttp2/transport/frame_goaway.o -std=c++17 -fvisibility=hidden -fno-wrapv -fno-exceptions -pthread
      g++ -fno-strict-overflow -Wsign-compare -DNDEBUG -g -O3 -Wall -fPIC -D_WIN32_WINNT=1536 -DGRPC_XDS_USER_AGENT_NAME_SUFFIX=\"Python\" -DGRPC_XDS_USER_AGENT_VERSION_SUFFIX=\"1.79.0.dev0\" -DHAVE_CONFIG_H=1 -DGRPC_ENABLE_FORK_SUPPORT=1 -DGRPC_ENABLE_FORK_SUPPORT_DEFAULT=false -DGRPC_PYTHON_BUILD=1 -D__STDC_FORMAT_MACROS "-DPyMODINIT_FUNC=extern \"C\" __attribute__((visibility (\"default\"))) PyObject*" -DGRPC_POSIX_FORK_ALLOW_PTHREAD_ATFORK=1 -Isrc/python/grpcio -Iinclude -I. -Ithird_party/abseil-cpp -Ithird_party/address_sorting/include -Ithird_party/cares/cares/include -Ithird_party/cares -Ithird_party/cares/cares -Ithird_party/cares/cares/src/lib/include -Ithird_party/cares/cares/src/lib -Ithird_party/cares/config_linux -Ithird_party/re2 -Ithird_party/boringssl-with-bazel/src/include -Ithird_party/upb -Isrc/core/ext/upb-gen -Isrc/core/ext/upbdefs-gen -Ithird_party/utf8_range -Ithird_party/xxhash -Ithird_party/zlib -I/usr/local/google/home/ssreenithi/.pyenv/versions/3.12.0/envs/pyvenv_312/include -I/usr/local/google/home/ssreenithi/.pyenv/versions/3.12.0/include/python3.12 -c third_party/abseil-cpp/absl/container/internal/raw_hash_set.cc -o pyb/temp.linux-x86_64-cpython-312/third_party/abseil-cpp/absl/container/internal/raw_hash_set.o -std=c++17 -fvisibility=hidden -fno-wrapv -fno-exceptions -pthread
      g++ -fno-strict-overflow -Wsign-compare -DNDEBUG -g -O3 -Wall -fPIC -D_WIN32_WINNT=1536 -DGRPC_XDS_USER_AGENT_NAME_SUFFIX=\"Python\" -DGRPC_XDS_USER_AGENT_VERSION_SUFFIX=\"1.79.0.dev0\" -DHAVE_CONFIG_H=1 -DGRPC_ENABLE_FORK_SUPPORT=1 -DGRPC_ENABLE_FORK_SUPPORT_DEFAULT=false -DGRPC_PYTHON_BUILD=1 -D__STDC_FORMAT_MACROS "-DPyMODINIT_FUNC=extern \"C\" __attribute__((visibility (\"default\"))) PyObject*" -DGRPC_POSIX_FORK_ALLOW_PTHREAD_ATFORK=1 -Isrc/python/grpcio -Iinclude -I. -Ithird_party/abseil-cpp -Ithird_party/address_sorting/include -Ithird_party/cares/cares/include -Ithird_party/cares -Ithird_party/cares/cares -Ithird_party/cares/cares/src/lib/include -Ithird_party/cares/cares/src/lib -Ithird_party/cares/config_linux -Ithird_party/re2 -Ithird_party/boringssl-with-bazel/src/include -Ithird_party/upb -Isrc/core/ext/upb-gen -Isrc/core/ext/upbdefs-gen -Ithird_party/utf8_range -Ithird_party/xxhash -Ithird_party/zlib -I/usr/local/google/home/ssreenithi/.pyenv/versions/3.12.0/envs/pyvenv_312/include -I/usr/local/google/home/ssreenithi/.pyenv/versions/3.12.0/include/python3.12 -c src/core/ext/filters/http/client/http_client_filter.cc -o pyb/temp.linux-x86_64-cpython-312/src/core/ext/filters/http/client/http_client_filter.o -std=c++17 -fvisibility=hidden -fno-wrapv -fno-exceptions -pthread
      g++ -fno-strict-overflow -Wsign-compare -DNDEBUG -g -O3 -Wall -fPIC -D_WIN32_WINNT=1536 -DGRPC_XDS_USER_AGENT_NAME_SUFFIX=\"Python\" -DGRPC_XDS_USER_AGENT_VERSION_SUFFIX=\"1.79.0.dev0\" -DHAVE_CONFIG_H=1 -DGRPC_ENABLE_FORK_SUPPORT=1 -DGRPC_ENABLE_FORK_SUPPORT_DEFAULT=false -DGRPC_PYTHON_BUILD=1 -D__STDC_FORMAT_MACROS "-DPyMODINIT_FUNC=extern \"C\" __attribute__((visibility (\"default\"))) PyObject*" -DGRPC_POSIX_FORK_ALLOW_PTHREAD_ATFORK=1 -Isrc/python/grpcio -Iinclude -I. -Ithird_party/abseil-cpp -Ithird_party/address_sorting/include -Ithird_party/cares/cares/include -Ithird_party/cares -Ithird_party/cares/cares -Ithird_party/cares/cares/src/lib/include -Ithird_party/cares/cares/src/lib -Ithird_party/cares/config_linux -Ithird_party/re2 -Ithird_party/boringssl-with-bazel/src/include -Ithird_party/upb -Isrc/core/ext/upb-gen -Isrc/core/ext/upbdefs-gen -Ithird_party/utf8_range -Ithird_party/xxhash -Ithird_party/zlib -I/usr/local/google/home/ssreenithi/.pyenv/versions/3.12.0/envs/pyvenv_312/include -I/usr/local/google/home/ssreenithi/.pyenv/versions/3.12.0/include/python3.12 -c src/core/lib/iomgr/tcp_server_utils_posix_common.cc -o pyb/temp.linux-x86_64-cpython-312/src/core/lib/iomgr/tcp_server_utils_posix_common.o -std=c++17 -fvisibility=hidden -fno-wrapv -fno-exceptions -pthread
      g++ -fno-strict-overflow -Wsign-compare -DNDEBUG -g -O3 -Wall -fPIC -D_WIN32_WINNT=1536 -DGRPC_XDS_USER_AGENT_NAME_SUFFIX=\"Python\" -DGRPC_XDS_USER_AGENT_VERSION_SUFFIX=\"1.79.0.dev0\" -DHAVE_CONFIG_H=1 -DGRPC_ENABLE_FORK_SUPPORT=1 -DGRPC_ENABLE_FORK_SUPPORT_DEFAULT=false -DGRPC_PYTHON_BUILD=1 -D__STDC_FORMAT_MACROS "-DPyMODINIT_FUNC=extern \"C\" __attribute__((visibility (\"default\"))) PyObject*" -DGRPC_POSIX_FORK_ALLOW_PTHREAD_ATFORK=1 -Isrc/python/grpcio -Iinclude -I. -Ithird_party/abseil-cpp -Ithird_party/address_sorting/include -Ithird_party/cares/cares/include -Ithird_party/cares -Ithird_party/cares/cares -Ithird_party/cares/cares/src/lib/include -Ithird_party/cares/cares/src/lib -Ithird_party/cares/config_linux -Ithird_party/re2 -Ithird_party/boringssl-with-bazel/src/include -Ithird_party/upb -Isrc/core/ext/upb-gen -Isrc/core/ext/upbdefs-gen -Ithird_party/utf8_range -Ithird_party/xxhash -Ithird_party/zlib -I/usr/local/google/home/ssreenithi/.pyenv/versions/3.12.0/envs/pyvenv_312/include -I/usr/local/google/home/ssreenithi/.pyenv/versions/3.12.0/include/python3.12 -c src/core/util/validation_errors.cc -o pyb/temp.linux-x86_64-cpython-312/src/core/util/validation_errors.o -std=c++17 -fvisibility=hidden -fno-wrapv -fno-exceptions -pthread
      g++ -fno-strict-overflow -Wsign-compare -DNDEBUG -g -O3 -Wall -fPIC -D_WIN32_WINNT=1536 -DGRPC_XDS_USER_AGENT_NAME_SUFFIX=\"Python\" -DGRPC_XDS_USER_AGENT_VERSION_SUFFIX=\"1.79.0.dev0\" -DHAVE_CONFIG_H=1 -DGRPC_ENABLE_FORK_SUPPORT=1 -DGRPC_ENABLE_FORK_SUPPORT_DEFAULT=false -DGRPC_PYTHON_BUILD=1 -D__STDC_FORMAT_MACROS "-DPyMODINIT_FUNC=extern \"C\" __attribute__((visibility (\"default\"))) PyObject*" -DGRPC_POSIX_FORK_ALLOW_PTHREAD_ATFORK=1 -Isrc/python/grpcio -Iinclude -I. -Ithird_party/abseil-cpp -Ithird_party/address_sorting/include -Ithird_party/cares/cares/include -Ithird_party/cares -Ithird_party/cares/cares -Ithird_party/cares/cares/src/lib/include -Ithird_party/cares/cares/src/lib -Ithird_party/cares/config_linux -Ithird_party/re2 -Ithird_party/boringssl-with-bazel/src/include -Ithird_party/upb -Isrc/core/ext/upb-gen -Isrc/core/ext/upbdefs-gen -Ithird_party/utf8_range -Ithird_party/xxhash -Ithird_party/zlib -I/usr/local/google/home/ssreenithi/.pyenv/versions/3.12.0/envs/pyvenv_312/include -I/usr/local/google/home/ssreenithi/.pyenv/versions/3.12.0/include/python3.12 -c third_party/abseil-cpp/absl/base/internal/throw_delegate.cc -o pyb/temp.linux-x86_64-cpython-312/third_party/abseil-cpp/absl/base/internal/throw_delegate.o -std=c++17 -fvisibility=hidden -fno-wrapv -fno-exceptions -pthread
      In file included from ./src/core/lib/promise/activity.h:30,
                       from ./src/core/lib/resource_quota/memory_quota.h:39,
                       from ./src/core/lib/resource_quota/arena.h:39,
                       from ./src/core/util/chunked_vector.h:24,
                       from ./src/core/call/metadata_batch.h:41,
                       from ./src/core/call/metadata.h:20,
                       from ./src/core/client_channel/client_channel.h:22,
                       from src/core/client_channel/client_channel.cc:15:
      ./src/core/lib/promise/detail/promise_factory.h:210:5: warning: ‘always_inline’ function might not be inlinable unless also declared ‘inline’ [-Wattributes]
        210 |     PromiseFactoryImpl(Token, F&& f) {
            |     ^~~~~~~~~~~~~~~~~~
      ./src/core/lib/promise/detail/promise_factory.h:210:5: warning: ‘always_inline’ function might not be inlinable unless also declared ‘inline’ [-Wattributes]
      ./src/core/lib/promise/detail/promise_factory.h:210:5: warning: ‘always_inline’ function might not be inlinable unless also declared ‘inline’ [-Wattributes]
      ./src/core/lib/promise/detail/promise_factory.h:210:5: warning: ‘always_inline’ function might not be inlinable unless also declared ‘inline’ [-Wattributes]
      ./src/core/lib/promise/detail/promise_factory.h:210:5: warning: ‘always_inline’ function might not be inlinable unless also declared ‘inline’ [-Wattributes]
      ./src/core/lib/promise/detail/promise_factory.h:210:5: warning: ‘always_inline’ function might not be inlinable unless also declared ‘inline’ [-Wattributes]
      ./src/core/lib/promise/detail/promise_factory.h:210:5: warning: ‘always_inline’ function might not be inlinable unless also declared ‘inline’ [-Wattributes]
      ./src/core/lib/promise/detail/promise_factory.h:210:5: warning: ‘always_inline’ function might not be inlinable unless also declared ‘inline’ [-Wattributes]
      ./src/core/lib/promise/detail/promise_factory.h:210:5: warning: ‘always_inline’ function might not be inlinable unless also declared ‘inline’ [-Wattributes]
      ./src/core/lib/promise/detail/promise_factory.h:210:5: warning: ‘always_inline’ function might not be inlinable unless also declared ‘inline’ [-Wattributes]
      g++ -fno-strict-overflow -Wsign-compare -DNDEBUG -g -O3 -Wall -fPIC -D_WIN32_WINNT=1536 -DGRPC_XDS_USER_AGENT_NAME_SUFFIX=\"Python\" -DGRPC_XDS_USER_AGENT_VERSION_SUFFIX=\"1.79.0.dev0\" -DHAVE_CONFIG_H=1 -DGRPC_ENABLE_FORK_SUPPORT=1 -DGRPC_ENABLE_FORK_SUPPORT_DEFAULT=false -DGRPC_PYTHON_BUILD=1 -D__STDC_FORMAT_MACROS "-DPyMODINIT_FUNC=extern \"C\" __attribute__((visibility (\"default\"))) PyObject*" -DGRPC_POSIX_FORK_ALLOW_PTHREAD_ATFORK=1 -Isrc/python/grpcio -Iinclude -I. -Ithird_party/abseil-cpp -Ithird_party/address_sorting/include -Ithird_party/cares/cares/include -Ithird_party/cares -Ithird_party/cares/cares -Ithird_party/cares/cares/src/lib/include -Ithird_party/cares/cares/src/lib -Ithird_party/cares/config_linux -Ithird_party/re2 -Ithird_party/boringssl-with-bazel/src/include -Ithird_party/upb -Isrc/core/ext/upb-gen -Isrc/core/ext/upbdefs-gen -Ithird_party/utf8_range -Ithird_party/xxhash -Ithird_party/zlib -I/usr/local/google/home/ssreenithi/.pyenv/versions/3.12.0/envs/pyvenv_312/include -I/usr/local/google/home/ssreenithi/.pyenv/versions/3.12.0/include/python3.12 -c src/core/xds/grpc/xds_bootstrap_grpc.cc -o pyb/temp.linux-x86_64-cpython-312/src/core/xds/grpc/xds_bootstrap_grpc.o -std=c++17 -fvisibility=hidden -fno-wrapv -fno-exceptions -pthread
      g++ -fno-strict-overflow -Wsign-compare -DNDEBUG -g -O3 -Wall -fPIC -D_WIN32_WINNT=1536 -DGRPC_XDS_USER_AGENT_NAME_SUFFIX=\"Python\" -DGRPC_XDS_USER_AGENT_VERSION_SUFFIX=\"1.79.0.dev0\" -DHAVE_CONFIG_H=1 -DGRPC_ENABLE_FORK_SUPPORT=1 -DGRPC_ENABLE_FORK_SUPPORT_DEFAULT=false -DGRPC_PYTHON_BUILD=1 -D__STDC_FORMAT_MACROS "-DPyMODINIT_FUNC=extern \"C\" __attribute__((visibility (\"default\"))) PyObject*" -DGRPC_POSIX_FORK_ALLOW_PTHREAD_ATFORK=1 -Isrc/python/grpcio -Iinclude -I. -Ithird_party/abseil-cpp -Ithird_party/address_sorting/include -Ithird_party/cares/cares/include -Ithird_party/cares -Ithird_party/cares/cares -Ithird_party/cares/cares/src/lib/include -Ithird_party/cares/cares/src/lib -Ithird_party/cares/config_linux -Ithird_party/re2 -Ithird_party/boringssl-with-bazel/src/include -Ithird_party/upb -Isrc/core/ext/upb-gen -Isrc/core/ext/upbdefs-gen -Ithird_party/utf8_range -Ithird_party/xxhash -Ithird_party/zlib -I/usr/local/google/home/ssreenithi/.pyenv/versions/3.12.0/envs/pyvenv_312/include -I/usr/local/google/home/ssreenithi/.pyenv/versions/3.12.0/include/python3.12 -c src/core/lib/event_engine/posix_engine/event_poller_posix_default.cc -o pyb/temp.linux-x86_64-cpython-312/src/core/lib/event_engine/posix_engine/event_poller_posix_default.o -std=c++17 -fvisibility=hidden -fno-wrapv -fno-exceptions -pthread
      g++ -fno-strict-overflow -Wsign-compare -DNDEBUG -g -O3 -Wall -fPIC -D_WIN32_WINNT=1536 -DGRPC_XDS_USER_AGENT_NAME_SUFFIX=\"Python\" -DGRPC_XDS_USER_AGENT_VERSION_SUFFIX=\"1.79.0.dev0\" -DHAVE_CONFIG_H=1 -DGRPC_ENABLE_FORK_SUPPORT=1 -DGRPC_ENABLE_FORK_SUPPORT_DEFAULT=false -DGRPC_PYTHON_BUILD=1 -D__STDC_FORMAT_MACROS "-DPyMODINIT_FUNC=extern \"C\" __attribute__((visibility (\"default\"))) PyObject*" -DGRPC_POSIX_FORK_ALLOW_PTHREAD_ATFORK=1 -Isrc/python/grpcio -Iinclude -I. -Ithird_party/abseil-cpp -Ithird_party/address_sorting/include -Ithird_party/cares/cares/include -Ithird_party/cares -Ithird_party/cares/cares -Ithird_party/cares/cares/src/lib/include -Ithird_party/cares/cares/src/lib -Ithird_party/cares/config_linux -Ithird_party/re2 -Ithird_party/boringssl-with-bazel/src/include -Ithird_party/upb -Isrc/core/ext/upb-gen -Isrc/core/ext/upbdefs-gen -Ithird_party/utf8_range -Ithird_party/xxhash -Ithird_party/zlib -I/usr/local/google/home/ssreenithi/.pyenv/versions/3.12.0/envs/pyvenv_312/include -I/usr/local/google/home/ssreenithi/.pyenv/versions/3.12.0/include/python3.12 -c src/core/resolver/polling_resolver.cc -o pyb/temp.linux-x86_64-cpython-312/src/core/resolver/polling_resolver.o -std=c++17 -fvisibility=hidden -fno-wrapv -fno-exceptions -pthread
      In file included from ./src/core/lib/promise/activity.h:30,
                       from ./src/core/lib/resource_quota/memory_quota.h:39,
                       from ./src/core/lib/resource_quota/arena.h:39,
                       from ./src/core/lib/promise/arena_promise.h:28,
                       from ./src/core/credentials/transport/security_connector.h:36,
                       from ./src/core/credentials/transport/tls/tls_security_connector.h:31,
                       from src/core/credentials/transport/tls/tls_security_connector.cc:19:
      ./src/core/lib/promise/detail/promise_factory.h:210:5: warning: ‘always_inline’ function might not be inlinable unless also declared ‘inline’ [-Wattributes]
        210 |     PromiseFactoryImpl(Token, F&& f) {
            |     ^~~~~~~~~~~~~~~~~~
      ./src/core/lib/promise/detail/promise_factory.h:210:5: warning: ‘always_inline’ function might not be inlinable unless also declared ‘inline’ [-Wattributes]
      ./src/core/lib/promise/detail/promise_factory.h:210:5: warning: ‘always_inline’ function might not be inlinable unless also declared ‘inline’ [-Wattributes]
      ./src/core/lib/promise/detail/promise_factory.h:210:5: warning: ‘always_inline’ function might not be inlinable unless also declared ‘inline’ [-Wattributes]
      ./src/core/lib/promise/detail/promise_factory.h:210:5: warning: ‘always_inline’ function might not be inlinable unless also declared ‘inline’ [-Wattributes]
      ./src/core/lib/promise/detail/promise_factory.h:210:5: warning: ‘always_inline’ function might not be inlinable unless also declared ‘inline’ [-Wattributes]
      ./src/core/lib/promise/detail/promise_factory.h:210:5: warning: ‘always_inline’ function might not be inlinable unless also declared ‘inline’ [-Wattributes]
      In file included from ./src/core/lib/promise/activity.h:30,
                       from ./src/core/lib/resource_quota/memory_quota.h:39,
                       from ./src/core/lib/resource_quota/arena.h:39,
                       from ./src/core/util/chunked_vector.h:24,
                       from ./src/core/call/metadata_batch.h:41,
                       from ./src/core/call/metadata.h:20,
                       from ./src/core/ext/transport/chttp2/transport/internal.h:37,
                       from ./src/core/ext/transport/chttp2/server/chttp2_server.h:29,
                       from src/core/ext/transport/chttp2/server/chttp2_server.cc:19:
      ./src/core/lib/promise/detail/promise_factory.h:210:5: warning: ‘always_inline’ function might not be inlinable unless also declared ‘inline’ [-Wattributes]
        210 |     PromiseFactoryImpl(Token, F&& f) {
            |     ^~~~~~~~~~~~~~~~~~
      ./src/core/lib/promise/detail/promise_factory.h:210:5: warning: ‘always_inline’ function might not be inlinable unless also declared ‘inline’ [-Wattributes]
      ./src/core/lib/promise/detail/promise_factory.h:210:5: warning: ‘always_inline’ function might not be inlinable unless also declared ‘inline’ [-Wattributes]
      ./src/core/lib/promise/detail/promise_factory.h:210:5: warning: ‘always_inline’ function might not be inlinable unless also declared ‘inline’ [-Wattributes]
      ./src/core/lib/promise/detail/promise_factory.h:210:5: warning: ‘always_inline’ function might not be inlinable unless also declared ‘inline’ [-Wattributes]
      ./src/core/lib/promise/detail/promise_factory.h:210:5: warning: ‘always_inline’ function might not be inlinable unless also declared ‘inline’ [-Wattributes]
      ./src/core/lib/promise/detail/promise_factory.h:210:5: warning: ‘always_inline’ function might not be inlinable unless also declared ‘inline’ [-Wattributes]
      g++ -fno-strict-overflow -Wsign-compare -DNDEBUG -g -O3 -Wall -fPIC -D_WIN32_WINNT=1536 -DGRPC_XDS_USER_AGENT_NAME_SUFFIX=\"Python\" -DGRPC_XDS_USER_AGENT_VERSION_SUFFIX=\"1.79.0.dev0\" -DHAVE_CONFIG_H=1 -DGRPC_ENABLE_FORK_SUPPORT=1 -DGRPC_ENABLE_FORK_SUPPORT_DEFAULT=false -DGRPC_PYTHON_BUILD=1 -D__STDC_FORMAT_MACROS "-DPyMODINIT_FUNC=extern \"C\" __attribute__((visibility (\"default\"))) PyObject*" -DGRPC_POSIX_FORK_ALLOW_PTHREAD_ATFORK=1 -Isrc/python/grpcio -Iinclude -I. -Ithird_party/abseil-cpp -Ithird_party/address_sorting/include -Ithird_party/cares/cares/include -Ithird_party/cares -Ithird_party/cares/cares -Ithird_party/cares/cares/src/lib/include -Ithird_party/cares/cares/src/lib -Ithird_party/cares/config_linux -Ithird_party/re2 -Ithird_party/boringssl-with-bazel/src/include -Ithird_party/upb -Isrc/core/ext/upb-gen -Isrc/core/ext/upbdefs-gen -Ithird_party/utf8_range -Ithird_party/xxhash -Ithird_party/zlib -I/usr/local/google/home/ssreenithi/.pyenv/versions/3.12.0/envs/pyvenv_312/include -I/usr/local/google/home/ssreenithi/.pyenv/versions/3.12.0/include/python3.12 -c third_party/abseil-cpp/absl/flags/marshalling.cc -o pyb/temp.linux-x86_64-cpython-312/third_party/abseil-cpp/absl/flags/marshalling.o -std=c++17 -fvisibility=hidden -fno-wrapv -fno-exceptions -pthread
      g++ -fno-strict-overflow -Wsign-compare -DNDEBUG -g -O3 -Wall -fPIC -D_WIN32_WINNT=1536 -DGRPC_XDS_USER_AGENT_NAME_SUFFIX=\"Python\" -DGRPC_XDS_USER_AGENT_VERSION_SUFFIX=\"1.79.0.dev0\" -DHAVE_CONFIG_H=1 -DGRPC_ENABLE_FORK_SUPPORT=1 -DGRPC_ENABLE_FORK_SUPPORT_DEFAULT=false -DGRPC_PYTHON_BUILD=1 -D__STDC_FORMAT_MACROS "-DPyMODINIT_FUNC=extern \"C\" __attribute__((visibility (\"default\"))) PyObject*" -DGRPC_POSIX_FORK_ALLOW_PTHREAD_ATFORK=1 -Isrc/python/grpcio -Iinclude -I. -Ithird_party/abseil-cpp -Ithird_party/address_sorting/include -Ithird_party/cares/cares/include -Ithird_party/cares -Ithird_party/cares/cares -Ithird_party/cares/cares/src/lib/include -Ithird_party/cares/cares/src/lib -Ithird_party/cares/config_linux -Ithird_party/re2 -Ithird_party/boringssl-with-bazel/src/include -Ithird_party/upb -Isrc/core/ext/upb-gen -Isrc/core/ext/upbdefs-gen -Ithird_party/utf8_range -Ithird_party/xxhash -Ithird_party/zlib -I/usr/local/google/home/ssreenithi/.pyenv/versions/3.12.0/envs/pyvenv_312/include -I/usr/local/google/home/ssreenithi/.pyenv/versions/3.12.0/include/python3.12 -c src/core/lib/resource_quota/api.cc -o pyb/temp.linux-x86_64-cpython-312/src/core/lib/resource_quota/api.o -std=c++17 -fvisibility=hidden -fno-wrapv -fno-exceptions -pthread
      g++ -fno-strict-overflow -Wsign-compare -DNDEBUG -g -O3 -Wall -fPIC -D_WIN32_WINNT=1536 -DGRPC_XDS_USER_AGENT_NAME_SUFFIX=\"Python\" -DGRPC_XDS_USER_AGENT_VERSION_SUFFIX=\"1.79.0.dev0\" -DHAVE_CONFIG_H=1 -DGRPC_ENABLE_FORK_SUPPORT=1 -DGRPC_ENABLE_FORK_SUPPORT_DEFAULT=false -DGRPC_PYTHON_BUILD=1 -D__STDC_FORMAT_MACROS "-DPyMODINIT_FUNC=extern \"C\" __attribute__((visibility (\"default\"))) PyObject*" -DGRPC_POSIX_FORK_ALLOW_PTHREAD_ATFORK=1 -Isrc/python/grpcio -Iinclude -I. -Ithird_party/abseil-cpp -Ithird_party/address_sorting/include -Ithird_party/cares/cares/include -Ithird_party/cares -Ithird_party/cares/cares -Ithird_party/cares/cares/src/lib/include -Ithird_party/cares/cares/src/lib -Ithird_party/cares/config_linux -Ithird_party/re2 -Ithird_party/boringssl-with-bazel/src/include -Ithird_party/upb -Isrc/core/ext/upb-gen -Isrc/core/ext/upbdefs-gen -Ithird_party/utf8_range -Ithird_party/xxhash -Ithird_party/zlib -I/usr/local/google/home/ssreenithi/.pyenv/versions/3.12.0/envs/pyvenv_312/include -I/usr/local/google/home/ssreenithi/.pyenv/versions/3.12.0/include/python3.12 -c src/core/call/call_state.cc -o pyb/temp.linux-x86_64-cpython-312/src/core/call/call_state.o -std=c++17 -fvisibility=hidden -fno-wrapv -fno-exceptions -pthread
      g++ -fno-strict-overflow -Wsign-compare -DNDEBUG -g -O3 -Wall -fPIC -D_WIN32_WINNT=1536 -DGRPC_XDS_USER_AGENT_NAME_SUFFIX=\"Python\" -DGRPC_XDS_USER_AGENT_VERSION_SUFFIX=\"1.79.0.dev0\" -DHAVE_CONFIG_H=1 -DGRPC_ENABLE_FORK_SUPPORT=1 -DGRPC_ENABLE_FORK_SUPPORT_DEFAULT=false -DGRPC_PYTHON_BUILD=1 -D__STDC_FORMAT_MACROS "-DPyMODINIT_FUNC=extern \"C\" __attribute__((visibility (\"default\"))) PyObject*" -DGRPC_POSIX_FORK_ALLOW_PTHREAD_ATFORK=1 -Isrc/python/grpcio -Iinclude -I. -Ithird_party/abseil-cpp -Ithird_party/address_sorting/include -Ithird_party/cares/cares/include -Ithird_party/cares -Ithird_party/cares/cares -Ithird_party/cares/cares/src/lib/include -Ithird_party/cares/cares/src/lib -Ithird_party/cares/config_linux -Ithird_party/re2 -Ithird_party/boringssl-with-bazel/src/include -Ithird_party/upb -Isrc/core/ext/upb-gen -Isrc/core/ext/upbdefs-gen -Ithird_party/utf8_range -Ithird_party/xxhash -Ithird_party/zlib -I/usr/local/google/home/ssreenithi/.pyenv/versions/3.12.0/envs/pyvenv_312/include -I/usr/local/google/home/ssreenithi/.pyenv/versions/3.12.0/include/python3.12 -c src/core/filter/fused_filters.cc -o pyb/temp.linux-x86_64-cpython-312/src/core/filter/fused_filters.o -std=c++17 -fvisibility=hidden -fno-wrapv -fno-exceptions -pthread
      g++ -fno-strict-overflow -Wsign-compare -DNDEBUG -g -O3 -Wall -fPIC -D_WIN32_WINNT=1536 -DGRPC_XDS_USER_AGENT_NAME_SUFFIX=\"Python\" -DGRPC_XDS_USER_AGENT_VERSION_SUFFIX=\"1.79.0.dev0\" -DHAVE_CONFIG_H=1 -DGRPC_ENABLE_FORK_SUPPORT=1 -DGRPC_ENABLE_FORK_SUPPORT_DEFAULT=false -DGRPC_PYTHON_BUILD=1 -D__STDC_FORMAT_MACROS "-DPyMODINIT_FUNC=extern \"C\" __attribute__((visibility (\"default\"))) PyObject*" -DGRPC_POSIX_FORK_ALLOW_PTHREAD_ATFORK=1 -Isrc/python/grpcio -Iinclude -I. -Ithird_party/abseil-cpp -Ithird_party/address_sorting/include -Ithird_party/cares/cares/include -Ithird_party/cares -Ithird_party/cares/cares -Ithird_party/cares/cares/src/lib/include -Ithird_party/cares/cares/src/lib -Ithird_party/cares/config_linux -Ithird_party/re2 -Ithird_party/boringssl-with-bazel/src/include -Ithird_party/upb -Isrc/core/ext/upb-gen -Isrc/core/ext/upbdefs-gen -Ithird_party/utf8_range -Ithird_party/xxhash -Ithird_party/zlib -I/usr/local/google/home/ssreenithi/.pyenv/versions/3.12.0/envs/pyvenv_312/include -I/usr/local/google/home/ssreenithi/.pyenv/versions/3.12.0/include/python3.12 -c third_party/abseil-cpp/absl/crc/internal/crc_memcpy_fallback.cc -o pyb/temp.linux-x86_64-cpython-312/third_party/abseil-cpp/absl/crc/internal/crc_memcpy_fallback.o -std=c++17 -fvisibility=hidden -fno-wrapv -fno-exceptions -pthread
      g++ -fno-strict-overflow -Wsign-compare -DNDEBUG -g -O3 -Wall -fPIC -D_WIN32_WINNT=1536 -DGRPC_XDS_USER_AGENT_NAME_SUFFIX=\"Python\" -DGRPC_XDS_USER_AGENT_VERSION_SUFFIX=\"1.79.0.dev0\" -DHAVE_CONFIG_H=1 -DGRPC_ENABLE_FORK_SUPPORT=1 -DGRPC_ENABLE_FORK_SUPPORT_DEFAULT=false -DGRPC_PYTHON_BUILD=1 -D__STDC_FORMAT_MACROS "-DPyMODINIT_FUNC=extern \"C\" __attribute__((visibility (\"default\"))) PyObject*" -DGRPC_POSIX_FORK_ALLOW_PTHREAD_ATFORK=1 -Isrc/python/grpcio -Iinclude -I. -Ithird_party/abseil-cpp -Ithird_party/address_sorting/include -Ithird_party/cares/cares/include -Ithird_party/cares -Ithird_party/cares/cares -Ithird_party/cares/cares/src/lib/include -Ithird_party/cares/cares/src/lib -Ithird_party/cares/config_linux -Ithird_party/re2 -Ithird_party/boringssl-with-bazel/src/include -Ithird_party/upb -Isrc/core/ext/upb-gen -Isrc/core/ext/upbdefs-gen -Ithird_party/utf8_range -Ithird_party/xxhash -Ithird_party/zlib -I/usr/local/google/home/ssreenithi/.pyenv/versions/3.12.0/envs/pyvenv_312/include -I/usr/local/google/home/ssreenithi/.pyenv/versions/3.12.0/include/python3.12 -c src/core/xds/xds_client/xds_client.cc -o pyb/temp.linux-x86_64-cpython-312/src/core/xds/xds_client/xds_client.o -std=c++17 -fvisibility=hidden -fno-wrapv -fno-exceptions -pthread
      g++ -fno-strict-overflow -Wsign-compare -DNDEBUG -g -O3 -Wall -fPIC -D_WIN32_WINNT=1536 -DGRPC_XDS_USER_AGENT_NAME_SUFFIX=\"Python\" -DGRPC_XDS_USER_AGENT_VERSION_SUFFIX=\"1.79.0.dev0\" -DHAVE_CONFIG_H=1 -DGRPC_ENABLE_FORK_SUPPORT=1 -DGRPC_ENABLE_FORK_SUPPORT_DEFAULT=false -DGRPC_PYTHON_BUILD=1 -D__STDC_FORMAT_MACROS "-DPyMODINIT_FUNC=extern \"C\" __attribute__((visibility (\"default\"))) PyObject*" -DGRPC_POSIX_FORK_ALLOW_PTHREAD_ATFORK=1 -Isrc/python/grpcio -Iinclude -I. -Ithird_party/abseil-cpp -Ithird_party/address_sorting/include -Ithird_party/cares/cares/include -Ithird_party/cares -Ithird_party/cares/cares -Ithird_party/cares/cares/src/lib/include -Ithird_party/cares/cares/src/lib -Ithird_party/cares/config_linux -Ithird_party/re2 -Ithird_party/boringssl-with-bazel/src/include -Ithird_party/upb -Isrc/core/ext/upb-gen -Isrc/core/ext/upbdefs-gen -Ithird_party/utf8_range -Ithird_party/xxhash -Ithird_party/zlib -I/usr/local/google/home/ssreenithi/.pyenv/versions/3.12.0/envs/pyvenv_312/include -I/usr/local/google/home/ssreenithi/.pyenv/versions/3.12.0/include/python3.12 -c src/core/load_balancing/priority/priority.cc -o pyb/temp.linux-x86_64-cpython-312/src/core/load_balancing/priority/priority.o -std=c++17 -fvisibility=hidden -fno-wrapv -fno-exceptions -pthread
      g++ -fno-strict-overflow -Wsign-compare -DNDEBUG -g -O3 -Wall -fPIC -D_WIN32_WINNT=1536 -DGRPC_XDS_USER_AGENT_NAME_SUFFIX=\"Python\" -DGRPC_XDS_USER_AGENT_VERSION_SUFFIX=\"1.79.0.dev0\" -DHAVE_CONFIG_H=1 -DGRPC_ENABLE_FORK_SUPPORT=1 -DGRPC_ENABLE_FORK_SUPPORT_DEFAULT=false -DGRPC_PYTHON_BUILD=1 -D__STDC_FORMAT_MACROS "-DPyMODINIT_FUNC=extern \"C\" __attribute__((visibility (\"default\"))) PyObject*" -DGRPC_POSIX_FORK_ALLOW_PTHREAD_ATFORK=1 -Isrc/python/grpcio -Iinclude -I. -Ithird_party/abseil-cpp -Ithird_party/address_sorting/include -Ithird_party/cares/cares/include -Ithird_party/cares -Ithird_party/cares/cares -Ithird_party/cares/cares/src/lib/include -Ithird_party/cares/cares/src/lib -Ithird_party/cares/config_linux -Ithird_party/re2 -Ithird_party/boringssl-with-bazel/src/include -Ithird_party/upb -Isrc/core/ext/upb-gen -Isrc/core/ext/upbdefs-gen -Ithird_party/utf8_range -Ithird_party/xxhash -Ithird_party/zlib -I/usr/local/google/home/ssreenithi/.pyenv/versions/3.12.0/envs/pyvenv_312/include -I/usr/local/google/home/ssreenithi/.pyenv/versions/3.12.0/include/python3.12 -c src/core/credentials/transport/ssl/ssl_credentials.cc -o pyb/temp.linux-x86_64-cpython-312/src/core/credentials/transport/ssl/ssl_credentials.o -std=c++17 -fvisibility=hidden -fno-wrapv -fno-exceptions -pthread
      g++ -fno-strict-overflow -Wsign-compare -DNDEBUG -g -O3 -Wall -fPIC -D_WIN32_WINNT=1536 -DGRPC_XDS_USER_AGENT_NAME_SUFFIX=\"Python\" -DGRPC_XDS_USER_AGENT_VERSION_SUFFIX=\"1.79.0.dev0\" -DHAVE_CONFIG_H=1 -DGRPC_ENABLE_FORK_SUPPORT=1 -DGRPC_ENABLE_FORK_SUPPORT_DEFAULT=false -DGRPC_PYTHON_BUILD=1 -D__STDC_FORMAT_MACROS "-DPyMODINIT_FUNC=extern \"C\" __attribute__((visibility (\"default\"))) PyObject*" -DGRPC_POSIX_FORK_ALLOW_PTHREAD_ATFORK=1 -Isrc/python/grpcio -Iinclude -I. -Ithird_party/abseil-cpp -Ithird_party/address_sorting/include -Ithird_party/cares/cares/include -Ithird_party/cares -Ithird_party/cares/cares -Ithird_party/cares/cares/src/lib/include -Ithird_party/cares/cares/src/lib -Ithird_party/cares/config_linux -Ithird_party/re2 -Ithird_party/boringssl-with-bazel/src/include -Ithird_party/upb -Isrc/core/ext/upb-gen -Isrc/core/ext/upbdefs-gen -Ithird_party/utf8_range -Ithird_party/xxhash -Ithird_party/zlib -I/usr/local/google/home/ssreenithi/.pyenv/versions/3.12.0/envs/pyvenv_312/include -I/usr/local/google/home/ssreenithi/.pyenv/versions/3.12.0/include/python3.12 -c third_party/abseil-cpp/absl/log/internal/log_message.cc -o pyb/temp.linux-x86_64-cpython-312/third_party/abseil-cpp/absl/log/internal/log_message.o -std=c++17 -fvisibility=hidden -fno-wrapv -fno-exceptions -pthread
      g++ -fno-strict-overflow -Wsign-compare -DNDEBUG -g -O3 -Wall -fPIC -D_WIN32_WINNT=1536 -DGRPC_XDS_USER_AGENT_NAME_SUFFIX=\"Python\" -DGRPC_XDS_USER_AGENT_VERSION_SUFFIX=\"1.79.0.dev0\" -DHAVE_CONFIG_H=1 -DGRPC_ENABLE_FORK_SUPPORT=1 -DGRPC_ENABLE_FORK_SUPPORT_DEFAULT=false -DGRPC_PYTHON_BUILD=1 -D__STDC_FORMAT_MACROS "-DPyMODINIT_FUNC=extern \"C\" __attribute__((visibility (\"default\"))) PyObject*" -DGRPC_POSIX_FORK_ALLOW_PTHREAD_ATFORK=1 -Isrc/python/grpcio -Iinclude -I. -Ithird_party/abseil-cpp -Ithird_party/address_sorting/include -Ithird_party/cares/cares/include -Ithird_party/cares -Ithird_party/cares/cares -Ithird_party/cares/cares/src/lib/include -Ithird_party/cares/cares/src/lib -Ithird_party/cares/config_linux -Ithird_party/re2 -Ithird_party/boringssl-with-bazel/src/include -Ithird_party/upb -Isrc/core/ext/upb-gen -Isrc/core/ext/upbdefs-gen -Ithird_party/utf8_range -Ithird_party/xxhash -Ithird_party/zlib -I/usr/local/google/home/ssreenithi/.pyenv/versions/3.12.0/envs/pyvenv_312/include -I/usr/local/google/home/ssreenithi/.pyenv/versions/3.12.0/include/python3.12 -c third_party/abseil-cpp/absl/base/internal/tracing.cc -o pyb/temp.linux-x86_64-cpython-312/third_party/abseil-cpp/absl/base/internal/tracing.o -std=c++17 -fvisibility=hidden -fno-wrapv -fno-exceptions -pthread
      g++ -fno-strict-overflow -Wsign-compare -DNDEBUG -g -O3 -Wall -fPIC -D_WIN32_WINNT=1536 -DGRPC_XDS_USER_AGENT_NAME_SUFFIX=\"Python\" -DGRPC_XDS_USER_AGENT_VERSION_SUFFIX=\"1.79.0.dev0\" -DHAVE_CONFIG_H=1 -DGRPC_ENABLE_FORK_SUPPORT=1 -DGRPC_ENABLE_FORK_SUPPORT_DEFAULT=false -DGRPC_PYTHON_BUILD=1 -D__STDC_FORMAT_MACROS "-DPyMODINIT_FUNC=extern \"C\" __attribute__((visibility (\"default\"))) PyObject*" -DGRPC_POSIX_FORK_ALLOW_PTHREAD_ATFORK=1 -Isrc/python/grpcio -Iinclude -I. -Ithird_party/abseil-cpp -Ithird_party/address_sorting/include -Ithird_party/cares/cares/include -Ithird_party/cares -Ithird_party/cares/cares -Ithird_party/cares/cares/src/lib/include -Ithird_party/cares/cares/src/lib -Ithird_party/cares/config_linux -Ithird_party/re2 -Ithird_party/boringssl-with-bazel/src/include -Ithird_party/upb -Isrc/core/ext/upb-gen -Isrc/core/ext/upbdefs-gen -Ithird_party/utf8_range -Ithird_party/xxhash -Ithird_party/zlib -I/usr/local/google/home/ssreenithi/.pyenv/versions/3.12.0/envs/pyvenv_312/include -I/usr/local/google/home/ssreenithi/.pyenv/versions/3.12.0/include/python3.12 -c src/core/credentials/call/jwt/json_token.cc -o pyb/temp.linux-x86_64-cpython-312/src/core/credentials/call/jwt/json_token.o -std=c++17 -fvisibility=hidden -fno-wrapv -fno-exceptions -pthread
      g++ -fno-strict-overflow -Wsign-compare -DNDEBUG -g -O3 -Wall -fPIC -D_WIN32_WINNT=1536 -DGRPC_XDS_USER_AGENT_NAME_SUFFIX=\"Python\" -DGRPC_XDS_USER_AGENT_VERSION_SUFFIX=\"1.79.0.dev0\" -DHAVE_CONFIG_H=1 -DGRPC_ENABLE_FORK_SUPPORT=1 -DGRPC_ENABLE_FORK_SUPPORT_DEFAULT=false -DGRPC_PYTHON_BUILD=1 -D__STDC_FORMAT_MACROS "-DPyMODINIT_FUNC=extern \"C\" __attribute__((visibility (\"default\"))) PyObject*" -DGRPC_POSIX_FORK_ALLOW_PTHREAD_ATFORK=1 -Isrc/python/grpcio -Iinclude -I. -Ithird_party/abseil-cpp -Ithird_party/address_sorting/include -Ithird_party/cares/cares/include -Ithird_party/cares -Ithird_party/cares/cares -Ithird_party/cares/cares/src/lib/include -Ithird_party/cares/cares/src/lib -Ithird_party/cares/config_linux -Ithird_party/re2 -Ithird_party/boringssl-with-bazel/src/include -Ithird_party/upb -Isrc/core/ext/upb-gen -Isrc/core/ext/upbdefs-gen -Ithird_party/utf8_range -Ithird_party/xxhash -Ithird_party/zlib -I/usr/local/google/home/ssreenithi/.pyenv/versions/3.12.0/envs/pyvenv_312/include -I/usr/local/google/home/ssreenithi/.pyenv/versions/3.12.0/include/python3.12 -c third_party/abseil-cpp/absl/numeric/int128.cc -o pyb/temp.linux-x86_64-cpython-312/third_party/abseil-cpp/absl/numeric/int128.o -std=c++17 -fvisibility=hidden -fno-wrapv -fno-exceptions -pthread
      g++ -fno-strict-overflow -Wsign-compare -DNDEBUG -g -O3 -Wall -fPIC -D_WIN32_WINNT=1536 -DGRPC_XDS_USER_AGENT_NAME_SUFFIX=\"Python\" -DGRPC_XDS_USER_AGENT_VERSION_SUFFIX=\"1.79.0.dev0\" -DHAVE_CONFIG_H=1 -DGRPC_ENABLE_FORK_SUPPORT=1 -DGRPC_ENABLE_FORK_SUPPORT_DEFAULT=false -DGRPC_PYTHON_BUILD=1 -D__STDC_FORMAT_MACROS "-DPyMODINIT_FUNC=extern \"C\" __attribute__((visibility (\"default\"))) PyObject*" -DGRPC_POSIX_FORK_ALLOW_PTHREAD_ATFORK=1 -Isrc/python/grpcio -Iinclude -I. -Ithird_party/abseil-cpp -Ithird_party/address_sorting/include -Ithird_party/cares/cares/include -Ithird_party/cares -Ithird_party/cares/cares -Ithird_party/cares/cares/src/lib/include -Ithird_party/cares/cares/src/lib -Ithird_party/cares/config_linux -Ithird_party/re2 -Ithird_party/boringssl-with-bazel/src/include -Ithird_party/upb -Isrc/core/ext/upb-gen -Isrc/core/ext/upbdefs-gen -Ithird_party/utf8_range -Ithird_party/xxhash -Ithird_party/zlib -I/usr/local/google/home/ssreenithi/.pyenv/versions/3.12.0/envs/pyvenv_312/include -I/usr/local/google/home/ssreenithi/.pyenv/versions/3.12.0/include/python3.12 -c src/core/load_balancing/xds/cds.cc -o pyb/temp.linux-x86_64-cpython-312/src/core/load_balancing/xds/cds.o -std=c++17 -fvisibility=hidden -fno-wrapv -fno-exceptions -pthread
      g++ -fno-strict-overflow -Wsign-compare -DNDEBUG -g -O3 -Wall -fPIC -D_WIN32_WINNT=1536 -DGRPC_XDS_USER_AGENT_NAME_SUFFIX=\"Python\" -DGRPC_XDS_USER_AGENT_VERSION_SUFFIX=\"1.79.0.dev0\" -DHAVE_CONFIG_H=1 -DGRPC_ENABLE_FORK_SUPPORT=1 -DGRPC_ENABLE_FORK_SUPPORT_DEFAULT=false -DGRPC_PYTHON_BUILD=1 -D__STDC_FORMAT_MACROS "-DPyMODINIT_FUNC=extern \"C\" __attribute__((visibility (\"default\"))) PyObject*" -DGRPC_POSIX_FORK_ALLOW_PTHREAD_ATFORK=1 -Isrc/python/grpcio -Iinclude -I. -Ithird_party/abseil-cpp -Ithird_party/address_sorting/include -Ithird_party/cares/cares/include -Ithird_party/cares -Ithird_party/cares/cares -Ithird_party/cares/cares/src/lib/include -Ithird_party/cares/cares/src/lib -Ithird_party/cares/config_linux -Ithird_party/re2 -Ithird_party/boringssl-with-bazel/src/include -Ithird_party/upb -Isrc/core/ext/upb-gen -Isrc/core/ext/upbdefs-gen -Ithird_party/utf8_range -Ithird_party/xxhash -Ithird_party/zlib -I/usr/local/google/home/ssreenithi/.pyenv/versions/3.12.0/envs/pyvenv_312/include -I/usr/local/google/home/ssreenithi/.pyenv/versions/3.12.0/include/python3.12 -c third_party/abseil-cpp/absl/flags/commandlineflag.cc -o pyb/temp.linux-x86_64-cpython-312/third_party/abseil-cpp/absl/flags/commandlineflag.o -std=c++17 -fvisibility=hidden -fno-wrapv -fno-exceptions -pthread
      g++ -fno-strict-overflow -Wsign-compare -DNDEBUG -g -O3 -Wall -fPIC -D_WIN32_WINNT=1536 -DGRPC_XDS_USER_AGENT_NAME_SUFFIX=\"Python\" -DGRPC_XDS_USER_AGENT_VERSION_SUFFIX=\"1.79.0.dev0\" -DHAVE_CONFIG_H=1 -DGRPC_ENABLE_FORK_SUPPORT=1 -DGRPC_ENABLE_FORK_SUPPORT_DEFAULT=false -DGRPC_PYTHON_BUILD=1 -D__STDC_FORMAT_MACROS "-DPyMODINIT_FUNC=extern \"C\" __attribute__((visibility (\"default\"))) PyObject*" -DGRPC_POSIX_FORK_ALLOW_PTHREAD_ATFORK=1 -Isrc/python/grpcio -Iinclude -I. -Ithird_party/abseil-cpp -Ithird_party/address_sorting/include -Ithird_party/cares/cares/include -Ithird_party/cares -Ithird_party/cares/cares -Ithird_party/cares/cares/src/lib/include -Ithird_party/cares/cares/src/lib -Ithird_party/cares/config_linux -Ithird_party/re2 -Ithird_party/boringssl-with-bazel/src/include -Ithird_party/upb -Isrc/core/ext/upb-gen -Isrc/core/ext/upbdefs-gen -Ithird_party/utf8_range -Ithird_party/xxhash -Ithird_party/zlib -I/usr/local/google/home/ssreenithi/.pyenv/versions/3.12.0/envs/pyvenv_312/include -I/usr/local/google/home/ssreenithi/.pyenv/versions/3.12.0/include/python3.12 -c third_party/abseil-cpp/absl/log/initialize.cc -o pyb/temp.linux-x86_64-cpython-312/third_party/abseil-cpp/absl/log/initialize.o -std=c++17 -fvisibility=hidden -fno-wrapv -fno-exceptions -pthread
      In file included from ./src/core/lib/promise/activity.h:30,
                       from ./src/core/call/call_state.h:23,
                       from ./src/core/call/call_filters.h:26,
                       from ./src/core/lib/channel/promise_based_filter.h:36,
                       from ./src/core/service_config/service_config_channel_arg_filter.h:31,
                       from src/core/service_config/service_config_channel_arg_filter.cc:20:
      ./src/core/lib/promise/detail/promise_factory.h:131:5: warning: ‘always_inline’ function might not be inlinable unless also declared ‘inline’ [-Wattributes]
        131 |     PromiseFactoryImpl(Token, F&& f, A&& arg) {
            |     ^~~~~~~~~~~~~~~~~~
      ./src/core/lib/promise/detail/promise_factory.h:131:5: warning: ‘always_inline’ function might not be inlinable unless also declared ‘inline’ [-Wattributes]
      ./src/core/lib/promise/detail/promise_factory.h:131:5: warning: ‘always_inline’ function might not be inlinable unless also declared ‘inline’ [-Wattributes]
      ./src/core/lib/promise/detail/promise_factory.h:131:5: warning: ‘always_inline’ function might not be inlinable unless also declared ‘inline’ [-Wattributes]
      ./src/core/lib/promise/detail/promise_factory.h:210:5: warning: ‘always_inline’ function might not be inlinable unless also declared ‘inline’ [-Wattributes]
        210 |     PromiseFactoryImpl(Token, F&& f) {
            |     ^~~~~~~~~~~~~~~~~~
      ./src/core/lib/promise/detail/promise_factory.h:210:5: warning: ‘always_inline’ function might not be inlinable unless also declared ‘inline’ [-Wattributes]
      ./src/core/lib/promise/detail/promise_factory.h:210:5: warning: ‘always_inline’ function might not be inlinable unless also declared ‘inline’ [-Wattributes]
      ./src/core/lib/promise/detail/promise_factory.h:210:5: warning: ‘always_inline’ function might not be inlinable unless also declared ‘inline’ [-Wattributes]
      ./src/core/lib/promise/detail/promise_factory.h:210:5: warning: ‘always_inline’ function might not be inlinable unless also declared ‘inline’ [-Wattributes]
      ./src/core/lib/promise/detail/promise_factory.h:210:5: warning: ‘always_inline’ function might not be inlinable unless also declared ‘inline’ [-Wattributes]
      ./src/core/lib/promise/detail/promise_factory.h:210:5: warning: ‘always_inline’ function might not be inlinable unless also declared ‘inline’ [-Wattributes]
      ./src/core/lib/promise/detail/promise_factory.h:210:5: warning: ‘always_inline’ function might not be inlinable unless also declared ‘inline’ [-Wattributes]
      In file included from ./src/core/lib/promise/activity.h:30,
                       from ./src/core/lib/resource_quota/memory_quota.h:39,
                       from ./src/core/lib/resource_quota/resource_quota.h:26,
                       from ./src/core/util/http_client/httpcli.h:43,
                       from src/core/util/http_client/httpcli.cc:19:
      ./src/core/lib/promise/detail/promise_factory.h:210:5: warning: ‘always_inline’ function might not be inlinable unless also declared ‘inline’ [-Wattributes]
        210 |     PromiseFactoryImpl(Token, F&& f) {
            |     ^~~~~~~~~~~~~~~~~~
      ./src/core/lib/promise/detail/promise_factory.h:210:5: warning: ‘always_inline’ function might not be inlinable unless also declared ‘inline’ [-Wattributes]
      ./src/core/lib/promise/detail/promise_factory.h:210:5: warning: ‘always_inline’ function might not be inlinable unless also declared ‘inline’ [-Wattributes]
      ./src/core/lib/promise/detail/promise_factory.h:210:5: warning: ‘always_inline’ function might not be inlinable unless also declared ‘inline’ [-Wattributes]
      ./src/core/lib/promise/detail/promise_factory.h:210:5: warning: ‘always_inline’ function might not be inlinable unless also declared ‘inline’ [-Wattributes]
      ./src/core/lib/promise/detail/promise_factory.h:210:5: warning: ‘always_inline’ function might not be inlinable unless also declared ‘inline’ [-Wattributes]
      ./src/core/lib/promise/detail/promise_factory.h:210:5: warning: ‘always_inline’ function might not be inlinable unless also declared ‘inline’ [-Wattributes]
      g++ -fno-strict-overflow -Wsign-compare -DNDEBUG -g -O3 -Wall -fPIC -D_WIN32_WINNT=1536 -DGRPC_XDS_USER_AGENT_NAME_SUFFIX=\"Python\" -DGRPC_XDS_USER_AGENT_VERSION_SUFFIX=\"1.79.0.dev0\" -DHAVE_CONFIG_H=1 -DGRPC_ENABLE_FORK_SUPPORT=1 -DGRPC_ENABLE_FORK_SUPPORT_DEFAULT=false -DGRPC_PYTHON_BUILD=1 -D__STDC_FORMAT_MACROS "-DPyMODINIT_FUNC=extern \"C\" __attribute__((visibility (\"default\"))) PyObject*" -DGRPC_POSIX_FORK_ALLOW_PTHREAD_ATFORK=1 -Isrc/python/grpcio -Iinclude -I. -Ithird_party/abseil-cpp -Ithird_party/address_sorting/include -Ithird_party/cares/cares/include -Ithird_party/cares -Ithird_party/cares/cares -Ithird_party/cares/cares/src/lib/include -Ithird_party/cares/cares/src/lib -Ithird_party/cares/config_linux -Ithird_party/re2 -Ithird_party/boringssl-with-bazel/src/include -Ithird_party/upb -Isrc/core/ext/upb-gen -Isrc/core/ext/upbdefs-gen -Ithird_party/utf8_range -Ithird_party/xxhash -Ithird_party/zlib -I/usr/local/google/home/ssreenithi/.pyenv/versions/3.12.0/envs/pyvenv_312/include -I/usr/local/google/home/ssreenithi/.pyenv/versions/3.12.0/include/python3.12 -c src/core/telemetry/tcp_tracer.cc -o pyb/temp.linux-x86_64-cpython-312/src/core/telemetry/tcp_tracer.o -std=c++17 -fvisibility=hidden -fno-wrapv -fno-exceptions -pthread
      In file included from ./src/core/lib/promise/activity.h:30,
                       from ./src/core/lib/resource_quota/memory_quota.h:39,
                       from ./src/core/lib/resource_quota/arena.h:39,
                       from ./src/core/call/call_arena_allocator.h:24,
                       from ./src/core/call/call_spine.h:20,
                       from ./src/core/call/call_destination.h:20,
                       from ./src/core/call/interception_chain.h:23,
                       from ./src/core/filter/filter_chain.h:24,
                       from ./src/core/xds/grpc/xds_http_filter.h:24,
                       from ./src/core/xds/grpc/xds_http_filter_registry.h:31,
                       from src/core/xds/grpc/xds_http_filter_registry.cc:17:
      ./src/core/lib/promise/detail/promise_factory.h:210:5: warning: ‘always_inline’ function might not be inlinable unless also declared ‘inline’ [-Wattributes]
        210 |     PromiseFactoryImpl(Token, F&& f) {
            |     ^~~~~~~~~~~~~~~~~~
      ./src/core/lib/promise/detail/promise_factory.h:210:5: warning: ‘always_inline’ function might not be inlinable unless also declared ‘inline’ [-Wattributes]
      ./src/core/lib/promise/detail/promise_factory.h:210:5: warning: ‘always_inline’ function might not be inlinable unless also declared ‘inline’ [-Wattributes]
      ./src/core/lib/promise/detail/promise_factory.h:210:5: warning: ‘always_inline’ function might not be inlinable unless also declared ‘inline’ [-Wattributes]
      ./src/core/lib/promise/detail/promise_factory.h:210:5: warning: ‘always_inline’ function might not be inlinable unless also declared ‘inline’ [-Wattributes]
      ./src/core/lib/promise/detail/promise_factory.h:210:5: warning: ‘always_inline’ function might not be inlinable unless also declared ‘inline’ [-Wattributes]
      ./src/core/lib/promise/detail/promise_factory.h:210:5: warning: ‘always_inline’ function might not be inlinable unless also declared ‘inline’ [-Wattributes]
      g++ -fno-strict-overflow -Wsign-compare -DNDEBUG -g -O3 -Wall -fPIC -D_WIN32_WINNT=1536 -DGRPC_XDS_USER_AGENT_NAME_SUFFIX=\"Python\" -DGRPC_XDS_USER_AGENT_VERSION_SUFFIX=\"1.79.0.dev0\" -DHAVE_CONFIG_H=1 -DGRPC_ENABLE_FORK_SUPPORT=1 -DGRPC_ENABLE_FORK_SUPPORT_DEFAULT=false -DGRPC_PYTHON_BUILD=1 -D__STDC_FORMAT_MACROS "-DPyMODINIT_FUNC=extern \"C\" __attribute__((visibility (\"default\"))) PyObject*" -DGRPC_POSIX_FORK_ALLOW_PTHREAD_ATFORK=1 -Isrc/python/grpcio -Iinclude -I. -Ithird_party/abseil-cpp -Ithird_party/address_sorting/include -Ithird_party/cares/cares/include -Ithird_party/cares -Ithird_party/cares/cares -Ithird_party/cares/cares/src/lib/include -Ithird_party/cares/cares/src/lib -Ithird_party/cares/config_linux -Ithird_party/re2 -Ithird_party/boringssl-with-bazel/src/include -Ithird_party/upb -Isrc/core/ext/upb-gen -Isrc/core/ext/upbdefs-gen -Ithird_party/utf8_range -Ithird_party/xxhash -Ithird_party/zlib -I/usr/local/google/home/ssreenithi/.pyenv/versions/3.12.0/envs/pyvenv_312/include -I/usr/local/google/home/ssreenithi/.pyenv/versions/3.12.0/include/python3.12 -c third_party/abseil-cpp/absl/flags/internal/commandlineflag.cc -o pyb/temp.linux-x86_64-cpython-312/third_party/abseil-cpp/absl/flags/internal/commandlineflag.o -std=c++17 -fvisibility=hidden -fno-wrapv -fno-exceptions -pthread
      g++ -fno-strict-overflow -Wsign-compare -DNDEBUG -g -O3 -Wall -fPIC -D_WIN32_WINNT=1536 -DGRPC_XDS_USER_AGENT_NAME_SUFFIX=\"Python\" -DGRPC_XDS_USER_AGENT_VERSION_SUFFIX=\"1.79.0.dev0\" -DHAVE_CONFIG_H=1 -DGRPC_ENABLE_FORK_SUPPORT=1 -DGRPC_ENABLE_FORK_SUPPORT_DEFAULT=false -DGRPC_PYTHON_BUILD=1 -D__STDC_FORMAT_MACROS "-DPyMODINIT_FUNC=extern \"C\" __attribute__((visibility (\"default\"))) PyObject*" -DGRPC_POSIX_FORK_ALLOW_PTHREAD_ATFORK=1 -Isrc/python/grpcio -Iinclude -I. -Ithird_party/abseil-cpp -Ithird_party/address_sorting/include -Ithird_party/cares/cares/include -Ithird_party/cares -Ithird_party/cares/cares -Ithird_party/cares/cares/src/lib/include -Ithird_party/cares/cares/src/lib -Ithird_party/cares/config_linux -Ithird_party/re2 -Ithird_party/boringssl-with-bazel/src/include -Ithird_party/upb -Isrc/core/ext/upb-gen -Isrc/core/ext/upbdefs-gen -Ithird_party/utf8_range -Ithird_party/xxhash -Ithird_party/zlib -I/usr/local/google/home/ssreenithi/.pyenv/versions/3.12.0/envs/pyvenv_312/include -I/usr/local/google/home/ssreenithi/.pyenv/versions/3.12.0/include/python3.12 -c src/core/credentials/transport/tls/grpc_tls_crl_provider.cc -o pyb/temp.linux-x86_64-cpython-312/src/core/credentials/transport/tls/grpc_tls_crl_provider.o -std=c++17 -fvisibility=hidden -fno-wrapv -fno-exceptions -pthread
      g++ -fno-strict-overflow -Wsign-compare -DNDEBUG -g -O3 -Wall -fPIC -D_WIN32_WINNT=1536 -DGRPC_XDS_USER_AGENT_NAME_SUFFIX=\"Python\" -DGRPC_XDS_USER_AGENT_VERSION_SUFFIX=\"1.79.0.dev0\" -DHAVE_CONFIG_H=1 -DGRPC_ENABLE_FORK_SUPPORT=1 -DGRPC_ENABLE_FORK_SUPPORT_DEFAULT=false -DGRPC_PYTHON_BUILD=1 -D__STDC_FORMAT_MACROS "-DPyMODINIT_FUNC=extern \"C\" __attribute__((visibility (\"default\"))) PyObject*" -DGRPC_POSIX_FORK_ALLOW_PTHREAD_ATFORK=1 -Isrc/python/grpcio -Iinclude -I. -Ithird_party/abseil-cpp -Ithird_party/address_sorting/include -Ithird_party/cares/cares/include -Ithird_party/cares -Ithird_party/cares/cares -Ithird_party/cares/cares/src/lib/include -Ithird_party/cares/cares/src/lib -Ithird_party/cares/config_linux -Ithird_party/re2 -Ithird_party/boringssl-with-bazel/src/include -Ithird_party/upb -Isrc/core/ext/upb-gen -Isrc/core/ext/upbdefs-gen -Ithird_party/utf8_range -Ithird_party/xxhash -Ithird_party/zlib -I/usr/local/google/home/ssreenithi/.pyenv/versions/3.12.0/envs/pyvenv_312/include -I/usr/local/google/home/ssreenithi/.pyenv/versions/3.12.0/include/python3.12 -c third_party/abseil-cpp/absl/flags/internal/flag.cc -o pyb/temp.linux-x86_64-cpython-312/third_party/abseil-cpp/absl/flags/internal/flag.o -std=c++17 -fvisibility=hidden -fno-wrapv -fno-exceptions -pthread
      g++ -fno-strict-overflow -Wsign-compare -DNDEBUG -g -O3 -Wall -fPIC -D_WIN32_WINNT=1536 -DGRPC_XDS_USER_AGENT_NAME_SUFFIX=\"Python\" -DGRPC_XDS_USER_AGENT_VERSION_SUFFIX=\"1.79.0.dev0\" -DHAVE_CONFIG_H=1 -DGRPC_ENABLE_FORK_SUPPORT=1 -DGRPC_ENABLE_FORK_SUPPORT_DEFAULT=false -DGRPC_PYTHON_BUILD=1 -D__STDC_FORMAT_MACROS "-DPyMODINIT_FUNC=extern \"C\" __attribute__((visibility (\"default\"))) PyObject*" -DGRPC_POSIX_FORK_ALLOW_PTHREAD_ATFORK=1 -Isrc/python/grpcio -Iinclude -I. -Ithird_party/abseil-cpp -Ithird_party/address_sorting/include -Ithird_party/cares/cares/include -Ithird_party/cares -Ithird_party/cares/cares -Ithird_party/cares/cares/src/lib/include -Ithird_party/cares/cares/src/lib -Ithird_party/cares/config_linux -Ithird_party/re2 -Ithird_party/boringssl-with-bazel/src/include -Ithird_party/upb -Isrc/core/ext/upb-gen -Isrc/core/ext/upbdefs-gen -Ithird_party/utf8_range -Ithird_party/xxhash -Ithird_party/zlib -I/usr/local/google/home/ssreenithi/.pyenv/versions/3.12.0/envs/pyvenv_312/include -I/usr/local/google/home/ssreenithi/.pyenv/versions/3.12.0/include/python3.12 -c third_party/abseil-cpp/absl/random/internal/randen_hwaes.cc -o pyb/temp.linux-x86_64-cpython-312/third_party/abseil-cpp/absl/random/internal/randen_hwaes.o -std=c++17 -fvisibility=hidden -fno-wrapv -fno-exceptions -pthread
      g++ -fno-strict-overflow -Wsign-compare -DNDEBUG -g -O3 -Wall -fPIC -D_WIN32_WINNT=1536 -DGRPC_XDS_USER_AGENT_NAME_SUFFIX=\"Python\" -DGRPC_XDS_USER_AGENT_VERSION_SUFFIX=\"1.79.0.dev0\" -DHAVE_CONFIG_H=1 -DGRPC_ENABLE_FORK_SUPPORT=1 -DGRPC_ENABLE_FORK_SUPPORT_DEFAULT=false -DGRPC_PYTHON_BUILD=1 -D__STDC_FORMAT_MACROS "-DPyMODINIT_FUNC=extern \"C\" __attribute__((visibility (\"default\"))) PyObject*" -DGRPC_POSIX_FORK_ALLOW_PTHREAD_ATFORK=1 -Isrc/python/grpcio -Iinclude -I. -Ithird_party/abseil-cpp -Ithird_party/address_sorting/include -Ithird_party/cares/cares/include -Ithird_party/cares -Ithird_party/cares/cares -Ithird_party/cares/cares/src/lib/include -Ithird_party/cares/cares/src/lib -Ithird_party/cares/config_linux -Ithird_party/re2 -Ithird_party/boringssl-with-bazel/src/include -Ithird_party/upb -Isrc/core/ext/upb-gen -Isrc/core/ext/upbdefs-gen -Ithird_party/utf8_range -Ithird_party/xxhash -Ithird_party/zlib -I/usr/local/google/home/ssreenithi/.pyenv/versions/3.12.0/envs/pyvenv_312/include -I/usr/local/google/home/ssreenithi/.pyenv/versions/3.12.0/include/python3.12 -c third_party/abseil-cpp/absl/log/internal/check_op.cc -o pyb/temp.linux-x86_64-cpython-312/third_party/abseil-cpp/absl/log/internal/check_op.o -std=c++17 -fvisibility=hidden -fno-wrapv -fno-exceptions -pthread
      g++ -fno-strict-overflow -Wsign-compare -DNDEBUG -g -O3 -Wall -fPIC -D_WIN32_WINNT=1536 -DGRPC_XDS_USER_AGENT_NAME_SUFFIX=\"Python\" -DGRPC_XDS_USER_AGENT_VERSION_SUFFIX=\"1.79.0.dev0\" -DHAVE_CONFIG_H=1 -DGRPC_ENABLE_FORK_SUPPORT=1 -DGRPC_ENABLE_FORK_SUPPORT_DEFAULT=false -DGRPC_PYTHON_BUILD=1 -D__STDC_FORMAT_MACROS "-DPyMODINIT_FUNC=extern \"C\" __attribute__((visibility (\"default\"))) PyObject*" -DGRPC_POSIX_FORK_ALLOW_PTHREAD_ATFORK=1 -Isrc/python/grpcio -Iinclude -I. -Ithird_party/abseil-cpp -Ithird_party/address_sorting/include -Ithird_party/cares/cares/include -Ithird_party/cares -Ithird_party/cares/cares -Ithird_party/cares/cares/src/lib/include -Ithird_party/cares/cares/src/lib -Ithird_party/cares/config_linux -Ithird_party/re2 -Ithird_party/boringssl-with-bazel/src/include -Ithird_party/upb -Isrc/core/ext/upb-gen -Isrc/core/ext/upbdefs-gen -Ithird_party/utf8_range -Ithird_party/xxhash -Ithird_party/zlib -I/usr/local/google/home/ssreenithi/.pyenv/versions/3.12.0/envs/pyvenv_312/include -I/usr/local/google/home/ssreenithi/.pyenv/versions/3.12.0/include/python3.12 -c third_party/abseil-cpp/absl/crc/internal/crc_memcpy_x86_arm_combined.cc -o pyb/temp.linux-x86_64-cpython-312/third_party/abseil-cpp/absl/crc/internal/crc_memcpy_x86_arm_combined.o -std=c++17 -fvisibility=hidden -fno-wrapv -fno-exceptions -pthread
      g++ -fno-strict-overflow -Wsign-compare -DNDEBUG -g -O3 -Wall -fPIC -D_WIN32_WINNT=1536 -DGRPC_XDS_USER_AGENT_NAME_SUFFIX=\"Python\" -DGRPC_XDS_USER_AGENT_VERSION_SUFFIX=\"1.79.0.dev0\" -DHAVE_CONFIG_H=1 -DGRPC_ENABLE_FORK_SUPPORT=1 -DGRPC_ENABLE_FORK_SUPPORT_DEFAULT=false -DGRPC_PYTHON_BUILD=1 -D__STDC_FORMAT_MACROS "-DPyMODINIT_FUNC=extern \"C\" __attribute__((visibility (\"default\"))) PyObject*" -DGRPC_POSIX_FORK_ALLOW_PTHREAD_ATFORK=1 -Isrc/python/grpcio -Iinclude -I. -Ithird_party/abseil-cpp -Ithird_party/address_sorting/include -Ithird_party/cares/cares/include -Ithird_party/cares -Ithird_party/cares/cares -Ithird_party/cares/cares/src/lib/include -Ithird_party/cares/cares/src/lib -Ithird_party/cares/config_linux -Ithird_party/re2 -Ithird_party/boringssl-with-bazel/src/include -Ithird_party/upb -Isrc/core/ext/upb-gen -Isrc/core/ext/upbdefs-gen -Ithird_party/utf8_range -Ithird_party/xxhash -Ithird_party/zlib -I/usr/local/google/home/ssreenithi/.pyenv/versions/3.12.0/envs/pyvenv_312/include -I/usr/local/google/home/ssreenithi/.pyenv/versions/3.12.0/include/python3.12 -c src/core/client_channel/retry_interceptor.cc -o pyb/temp.linux-x86_64-cpython-312/src/core/client_channel/retry_interceptor.o -std=c++17 -fvisibility=hidden -fno-wrapv -fno-exceptions -pthread
      g++ -fno-strict-overflow -Wsign-compare -DNDEBUG -g -O3 -Wall -fPIC -D_WIN32_WINNT=1536 -DGRPC_XDS_USER_AGENT_NAME_SUFFIX=\"Python\" -DGRPC_XDS_USER_AGENT_VERSION_SUFFIX=\"1.79.0.dev0\" -DHAVE_CONFIG_H=1 -DGRPC_ENABLE_FORK_SUPPORT=1 -DGRPC_ENABLE_FORK_SUPPORT_DEFAULT=false -DGRPC_PYTHON_BUILD=1 -D__STDC_FORMAT_MACROS "-DPyMODINIT_FUNC=extern \"C\" __attribute__((visibility (\"default\"))) PyObject*" -DGRPC_POSIX_FORK_ALLOW_PTHREAD_ATFORK=1 -Isrc/python/grpcio -Iinclude -I. -Ithird_party/abseil-cpp -Ithird_party/address_sorting/include -Ithird_party/cares/cares/include -Ithird_party/cares -Ithird_party/cares/cares -Ithird_party/cares/cares/src/lib/include -Ithird_party/cares/cares/src/lib -Ithird_party/cares/config_linux -Ithird_party/re2 -Ithird_party/boringssl-with-bazel/src/include -Ithird_party/upb -Isrc/core/ext/upb-gen -Isrc/core/ext/upbdefs-gen -Ithird_party/utf8_range -Ithird_party/xxhash -Ithird_party/zlib -I/usr/local/google/home/ssreenithi/.pyenv/versions/3.12.0/envs/pyvenv_312/include -I/usr/local/google/home/ssreenithi/.pyenv/versions/3.12.0/include/python3.12 -c src/core/handshaker/security/pipelined_secure_endpoint.cc -o pyb/temp.linux-x86_64-cpython-312/src/core/handshaker/security/pipelined_secure_endpoint.o -std=c++17 -fvisibility=hidden -fno-wrapv -fno-exceptions -pthread
      g++ -fno-strict-overflow -Wsign-compare -DNDEBUG -g -O3 -Wall -fPIC -D_WIN32_WINNT=1536 -DGRPC_XDS_USER_AGENT_NAME_SUFFIX=\"Python\" -DGRPC_XDS_USER_AGENT_VERSION_SUFFIX=\"1.79.0.dev0\" -DHAVE_CONFIG_H=1 -DGRPC_ENABLE_FORK_SUPPORT=1 -DGRPC_ENABLE_FORK_SUPPORT_DEFAULT=false -DGRPC_PYTHON_BUILD=1 -D__STDC_FORMAT_MACROS "-DPyMODINIT_FUNC=extern \"C\" __attribute__((visibility (\"default\"))) PyObject*" -DGRPC_POSIX_FORK_ALLOW_PTHREAD_ATFORK=1 -Isrc/python/grpcio -Iinclude -I. -Ithird_party/abseil-cpp -Ithird_party/address_sorting/include -Ithird_party/cares/cares/include -Ithird_party/cares -Ithird_party/cares/cares -Ithird_party/cares/cares/src/lib/include -Ithird_party/cares/cares/src/lib -Ithird_party/cares/config_linux -Ithird_party/re2 -Ithird_party/boringssl-with-bazel/src/include -Ithird_party/upb -Isrc/core/ext/upb-gen -Isrc/core/ext/upbdefs-gen -Ithird_party/utf8_range -Ithird_party/xxhash -Ithird_party/zlib -I/usr/local/google/home/ssreenithi/.pyenv/versions/3.12.0/envs/pyvenv_312/include -I/usr/local/google/home/ssreenithi/.pyenv/versions/3.12.0/include/python3.12 -c third_party/abseil-cpp/absl/profiling/internal/exponential_biased.cc -o pyb/temp.linux-x86_64-cpython-312/third_party/abseil-cpp/absl/profiling/internal/exponential_biased.o -std=c++17 -fvisibility=hidden -fno-wrapv -fno-exceptions -pthread
      g++ -fno-strict-overflow -Wsign-compare -DNDEBUG -g -O3 -Wall -fPIC -D_WIN32_WINNT=1536 -DGRPC_XDS_USER_AGENT_NAME_SUFFIX=\"Python\" -DGRPC_XDS_USER_AGENT_VERSION_SUFFIX=\"1.79.0.dev0\" -DHAVE_CONFIG_H=1 -DGRPC_ENABLE_FORK_SUPPORT=1 -DGRPC_ENABLE_FORK_SUPPORT_DEFAULT=false -DGRPC_PYTHON_BUILD=1 -D__STDC_FORMAT_MACROS "-DPyMODINIT_FUNC=extern \"C\" __attribute__((visibility (\"default\"))) PyObject*" -DGRPC_POSIX_FORK_ALLOW_PTHREAD_ATFORK=1 -Isrc/python/grpcio -Iinclude -I. -Ithird_party/abseil-cpp -Ithird_party/address_sorting/include -Ithird_party/cares/cares/include -Ithird_party/cares -Ithird_party/cares/cares -Ithird_party/cares/cares/src/lib/include -Ithird_party/cares/cares/src/lib -Ithird_party/cares/config_linux -Ithird_party/re2 -Ithird_party/boringssl-with-bazel/src/include -Ithird_party/upb -Isrc/core/ext/upb-gen -Isrc/core/ext/upbdefs-gen -Ithird_party/utf8_range -Ithird_party/xxhash -Ithird_party/zlib -I/usr/local/google/home/ssreenithi/.pyenv/versions/3.12.0/envs/pyvenv_312/include -I/usr/local/google/home/ssreenithi/.pyenv/versions/3.12.0/include/python3.12 -c src/core/ext/filters/rbac/rbac_service_config_parser.cc -o pyb/temp.linux-x86_64-cpython-312/src/core/ext/filters/rbac/rbac_service_config_parser.o -std=c++17 -fvisibility=hidden -fno-wrapv -fno-exceptions -pthread
      In file included from ./src/core/lib/promise/activity.h:30,
                       from ./src/core/lib/resource_quota/memory_quota.h:39,
                       from ./src/core/lib/resource_quota/arena.h:39,
                       from ./src/core/lib/promise/arena_promise.h:28,
                       from ./src/core/credentials/transport/security_connector.h:36,
                       from ./src/core/credentials/transport/fake/fake_security_connector.h:26,
                       from src/core/credentials/transport/fake/fake_security_connector.cc:19:
      ./src/core/lib/promise/detail/promise_factory.h:210:5: warning: ‘always_inline’ function might not be inlinable unless also declared ‘inline’ [-Wattributes]
        210 |     PromiseFactoryImpl(Token, F&& f) {
            |     ^~~~~~~~~~~~~~~~~~
      ./src/core/lib/promise/detail/promise_factory.h:210:5: warning: ‘always_inline’ function might not be inlinable unless also declared ‘inline’ [-Wattributes]
      ./src/core/lib/promise/detail/promise_factory.h:210:5: warning: ‘always_inline’ function might not be inlinable unless also declared ‘inline’ [-Wattributes]
      ./src/core/lib/promise/detail/promise_factory.h:210:5: warning: ‘always_inline’ function might not be inlinable unless also declared ‘inline’ [-Wattributes]
      ./src/core/lib/promise/detail/promise_factory.h:210:5: warning: ‘always_inline’ function might not be inlinable unless also declared ‘inline’ [-Wattributes]
      ./src/core/lib/promise/detail/promise_factory.h:210:5: warning: ‘always_inline’ function might not be inlinable unless also declared ‘inline’ [-Wattributes]
      ./src/core/lib/promise/detail/promise_factory.h:210:5: warning: ‘always_inline’ function might not be inlinable unless also declared ‘inline’ [-Wattributes]
      In file included from ./src/core/lib/promise/activity.h:30,
                       from ./src/core/lib/resource_quota/memory_quota.h:39,
                       from ./src/core/lib/resource_quota/arena.h:39,
                       from ./src/core/lib/promise/arena_promise.h:28,
                       from ./src/core/credentials/transport/security_connector.h:36,
                       from ./src/core/credentials/call/call_credentials.h:31,
                       from ./src/core/credentials/call/oauth2/oauth2_credentials.h:33,
                       from ./src/core/credentials/call/external/external_account_credentials.h:29,
                       from ./src/core/credentials/call/external/aws_external_account_credentials.h:28,
                       from src/core/credentials/call/external/aws_external_account_credentials.cc:16:
      ./src/core/lib/promise/detail/promise_factory.h:210:5: warning: ‘always_inline’ function might not be inlinable unless also declared ‘inline’ [-Wattributes]
        210 |     PromiseFactoryImpl(Token, F&& f) {
            |     ^~~~~~~~~~~~~~~~~~
      ./src/core/lib/promise/detail/promise_factory.h:210:5: warning: ‘always_inline’ function might not be inlinable unless also declared ‘inline’ [-Wattributes]
      ./src/core/lib/promise/detail/promise_factory.h:210:5: warning: ‘always_inline’ function might not be inlinable unless also declared ‘inline’ [-Wattributes]
      ./src/core/lib/promise/detail/promise_factory.h:210:5: warning: ‘always_inline’ function might not be inlinable unless also declared ‘inline’ [-Wattributes]
      ./src/core/lib/promise/detail/promise_factory.h:210:5: warning: ‘always_inline’ function might not be inlinable unless also declared ‘inline’ [-Wattributes]
      ./src/core/lib/promise/detail/promise_factory.h:210:5: warning: ‘always_inline’ function might not be inlinable unless also declared ‘inline’ [-Wattributes]
      ./src/core/lib/promise/detail/promise_factory.h:210:5: warning: ‘always_inline’ function might not be inlinable unless also declared ‘inline’ [-Wattributes]
      g++ -fno-strict-overflow -Wsign-compare -DNDEBUG -g -O3 -Wall -fPIC -D_WIN32_WINNT=1536 -DGRPC_XDS_USER_AGENT_NAME_SUFFIX=\"Python\" -DGRPC_XDS_USER_AGENT_VERSION_SUFFIX=\"1.79.0.dev0\" -DHAVE_CONFIG_H=1 -DGRPC_ENABLE_FORK_SUPPORT=1 -DGRPC_ENABLE_FORK_SUPPORT_DEFAULT=false -DGRPC_PYTHON_BUILD=1 -D__STDC_FORMAT_MACROS "-DPyMODINIT_FUNC=extern \"C\" __attribute__((visibility (\"default\"))) PyObject*" -DGRPC_POSIX_FORK_ALLOW_PTHREAD_ATFORK=1 -Isrc/python/grpcio -Iinclude -I. -Ithird_party/abseil-cpp -Ithird_party/address_sorting/include -Ithird_party/cares/cares/include -Ithird_party/cares -Ithird_party/cares/cares -Ithird_party/cares/cares/src/lib/include -Ithird_party/cares/cares/src/lib -Ithird_party/cares/config_linux -Ithird_party/re2 -Ithird_party/boringssl-with-bazel/src/include -Ithird_party/upb -Isrc/core/ext/upb-gen -Isrc/core/ext/upbdefs-gen -Ithird_party/utf8_range -Ithird_party/xxhash -Ithird_party/zlib -I/usr/local/google/home/ssreenithi/.pyenv/versions/3.12.0/envs/pyvenv_312/include -I/usr/local/google/home/ssreenithi/.pyenv/versions/3.12.0/include/python3.12 -c third_party/abseil-cpp/absl/status/status.cc -o pyb/temp.linux-x86_64-cpython-312/third_party/abseil-cpp/absl/status/status.o -std=c++17 -fvisibility=hidden -fno-wrapv -fno-exceptions -pthread
      In file included from ./src/core/lib/promise/activity.h:30,
                       from ./src/core/lib/resource_quota/memory_quota.h:39,
                       from ./src/core/lib/resource_quota/arena.h:39,
                       from ./src/core/lib/promise/arena_promise.h:28,
                       from ./src/core/lib/channel/channel_stack.h:59,
                       from src/core/lib/channel/channel_stack.cc:19:
      ./src/core/lib/promise/detail/promise_factory.h:210:5: warning: ‘always_inline’ function might not be inlinable unless also declared ‘inline’ [-Wattributes]
        210 |     PromiseFactoryImpl(Token, F&& f) {
            |     ^~~~~~~~~~~~~~~~~~
      ./src/core/lib/promise/detail/promise_factory.h:210:5: warning: ‘always_inline’ function might not be inlinable unless also declared ‘inline’ [-Wattributes]
      ./src/core/lib/promise/detail/promise_factory.h:210:5: warning: ‘always_inline’ function might not be inlinable unless also declared ‘inline’ [-Wattributes]
      ./src/core/lib/promise/detail/promise_factory.h:210:5: warning: ‘always_inline’ function might not be inlinable unless also declared ‘inline’ [-Wattributes]
      ./src/core/lib/promise/detail/promise_factory.h:210:5: warning: ‘always_inline’ function might not be inlinable unless also declared ‘inline’ [-Wattributes]
      ./src/core/lib/promise/detail/promise_factory.h:210:5: warning: ‘always_inline’ function might not be inlinable unless also declared ‘inline’ [-Wattributes]
      ./src/core/lib/promise/detail/promise_factory.h:210:5: warning: ‘always_inline’ function might not be inlinable unless also declared ‘inline’ [-Wattributes]
      g++ -fno-strict-overflow -Wsign-compare -DNDEBUG -g -O3 -Wall -fPIC -D_WIN32_WINNT=1536 -DGRPC_XDS_USER_AGENT_NAME_SUFFIX=\"Python\" -DGRPC_XDS_USER_AGENT_VERSION_SUFFIX=\"1.79.0.dev0\" -DHAVE_CONFIG_H=1 -DGRPC_ENABLE_FORK_SUPPORT=1 -DGRPC_ENABLE_FORK_SUPPORT_DEFAULT=false -DGRPC_PYTHON_BUILD=1 -D__STDC_FORMAT_MACROS "-DPyMODINIT_FUNC=extern \"C\" __attribute__((visibility (\"default\"))) PyObject*" -DGRPC_POSIX_FORK_ALLOW_PTHREAD_ATFORK=1 -Isrc/python/grpcio -Iinclude -I. -Ithird_party/abseil-cpp -Ithird_party/address_sorting/include -Ithird_party/cares/cares/include -Ithird_party/cares -Ithird_party/cares/cares -Ithird_party/cares/cares/src/lib/include -Ithird_party/cares/cares/src/lib -Ithird_party/cares/config_linux -Ithird_party/re2 -Ithird_party/boringssl-with-bazel/src/include -Ithird_party/upb -Isrc/core/ext/upb-gen -Isrc/core/ext/upbdefs-gen -Ithird_party/utf8_range -Ithird_party/xxhash -Ithird_party/zlib -I/usr/local/google/home/ssreenithi/.pyenv/versions/3.12.0/envs/pyvenv_312/include -I/usr/local/google/home/ssreenithi/.pyenv/versions/3.12.0/include/python3.12 -c third_party/abseil-cpp/absl/debugging/internal/demangle_rust.cc -o pyb/temp.linux-x86_64-cpython-312/third_party/abseil-cpp/absl/debugging/internal/demangle_rust.o -std=c++17 -fvisibility=hidden -fno-wrapv -fno-exceptions -pthread
      g++ -fno-strict-overflow -Wsign-compare -DNDEBUG -g -O3 -Wall -fPIC -D_WIN32_WINNT=1536 -DGRPC_XDS_USER_AGENT_NAME_SUFFIX=\"Python\" -DGRPC_XDS_USER_AGENT_VERSION_SUFFIX=\"1.79.0.dev0\" -DHAVE_CONFIG_H=1 -DGRPC_ENABLE_FORK_SUPPORT=1 -DGRPC_ENABLE_FORK_SUPPORT_DEFAULT=false -DGRPC_PYTHON_BUILD=1 -D__STDC_FORMAT_MACROS "-DPyMODINIT_FUNC=extern \"C\" __attribute__((visibility (\"default\"))) PyObject*" -DGRPC_POSIX_FORK_ALLOW_PTHREAD_ATFORK=1 -Isrc/python/grpcio -Iinclude -I. -Ithird_party/abseil-cpp -Ithird_party/address_sorting/include -Ithird_party/cares/cares/include -Ithird_party/cares -Ithird_party/cares/cares -Ithird_party/cares/cares/src/lib/include -Ithird_party/cares/cares/src/lib -Ithird_party/cares/config_linux -Ithird_party/re2 -Ithird_party/boringssl-with-bazel/src/include -Ithird_party/upb -Isrc/core/ext/upb-gen -Isrc/core/ext/upbdefs-gen -Ithird_party/utf8_range -Ithird_party/xxhash -Ithird_party/zlib -I/usr/local/google/home/ssreenithi/.pyenv/versions/3.12.0/envs/pyvenv_312/include -I/usr/local/google/home/ssreenithi/.pyenv/versions/3.12.0/include/python3.12 -c third_party/abseil-cpp/absl/random/internal/randen_round_keys.cc -o pyb/temp.linux-x86_64-cpython-312/third_party/abseil-cpp/absl/random/internal/randen_round_keys.o -std=c++17 -fvisibility=hidden -fno-wrapv -fno-exceptions -pthread
      g++ -fno-strict-overflow -Wsign-compare -DNDEBUG -g -O3 -Wall -fPIC -D_WIN32_WINNT=1536 -DGRPC_XDS_USER_AGENT_NAME_SUFFIX=\"Python\" -DGRPC_XDS_USER_AGENT_VERSION_SUFFIX=\"1.79.0.dev0\" -DHAVE_CONFIG_H=1 -DGRPC_ENABLE_FORK_SUPPORT=1 -DGRPC_ENABLE_FORK_SUPPORT_DEFAULT=false -DGRPC_PYTHON_BUILD=1 -D__STDC_FORMAT_MACROS "-DPyMODINIT_FUNC=extern \"C\" __attribute__((visibility (\"default\"))) PyObject*" -DGRPC_POSIX_FORK_ALLOW_PTHREAD_ATFORK=1 -Isrc/python/grpcio -Iinclude -I. -Ithird_party/abseil-cpp -Ithird_party/address_sorting/include -Ithird_party/cares/cares/include -Ithird_party/cares -Ithird_party/cares/cares -Ithird_party/cares/cares/src/lib/include -Ithird_party/cares/cares/src/lib -Ithird_party/cares/config_linux -Ithird_party/re2 -Ithird_party/boringssl-with-bazel/src/include -Ithird_party/upb -Isrc/core/ext/upb-gen -Isrc/core/ext/upbdefs-gen -Ithird_party/utf8_range -Ithird_party/xxhash -Ithird_party/zlib -I/usr/local/google/home/ssreenithi/.pyenv/versions/3.12.0/envs/pyvenv_312/include -I/usr/local/google/home/ssreenithi/.pyenv/versions/3.12.0/include/python3.12 -c src/core/xds/grpc/xds_matcher_action.cc -o pyb/temp.linux-x86_64-cpython-312/src/core/xds/grpc/xds_matcher_action.o -std=c++17 -fvisibility=hidden -fno-wrapv -fno-exceptions -pthread
      g++ -fno-strict-overflow -Wsign-compare -DNDEBUG -g -O3 -Wall -fPIC -D_WIN32_WINNT=1536 -DGRPC_XDS_USER_AGENT_NAME_SUFFIX=\"Python\" -DGRPC_XDS_USER_AGENT_VERSION_SUFFIX=\"1.79.0.dev0\" -DHAVE_CONFIG_H=1 -DGRPC_ENABLE_FORK_SUPPORT=1 -DGRPC_ENABLE_FORK_SUPPORT_DEFAULT=false -DGRPC_PYTHON_BUILD=1 -D__STDC_FORMAT_MACROS "-DPyMODINIT_FUNC=extern \"C\" __attribute__((visibility (\"default\"))) PyObject*" -DGRPC_POSIX_FORK_ALLOW_PTHREAD_ATFORK=1 -Isrc/python/grpcio -Iinclude -I. -Ithird_party/abseil-cpp -Ithird_party/address_sorting/include -Ithird_party/cares/cares/include -Ithird_party/cares -Ithird_party/cares/cares -Ithird_party/cares/cares/src/lib/include -Ithird_party/cares/cares/src/lib -Ithird_party/cares/config_linux -Ithird_party/re2 -Ithird_party/boringssl-with-bazel/src/include -Ithird_party/upb -Isrc/core/ext/upb-gen -Isrc/core/ext/upbdefs-gen -Ithird_party/utf8_range -Ithird_party/xxhash -Ithird_party/zlib -I/usr/local/google/home/ssreenithi/.pyenv/versions/3.12.0/envs/pyvenv_312/include -I/usr/local/google/home/ssreenithi/.pyenv/versions/3.12.0/include/python3.12 -c third_party/abseil-cpp/absl/random/internal/randen_slow.cc -o pyb/temp.linux-x86_64-cpython-312/third_party/abseil-cpp/absl/random/internal/randen_slow.o -std=c++17 -fvisibility=hidden -fno-wrapv -fno-exceptions -pthread
      g++ -fno-strict-overflow -Wsign-compare -DNDEBUG -g -O3 -Wall -fPIC -D_WIN32_WINNT=1536 -DGRPC_XDS_USER_AGENT_NAME_SUFFIX=\"Python\" -DGRPC_XDS_USER_AGENT_VERSION_SUFFIX=\"1.79.0.dev0\" -DHAVE_CONFIG_H=1 -DGRPC_ENABLE_FORK_SUPPORT=1 -DGRPC_ENABLE_FORK_SUPPORT_DEFAULT=false -DGRPC_PYTHON_BUILD=1 -D__STDC_FORMAT_MACROS "-DPyMODINIT_FUNC=extern \"C\" __attribute__((visibility (\"default\"))) PyObject*" -DGRPC_POSIX_FORK_ALLOW_PTHREAD_ATFORK=1 -Isrc/python/grpcio -Iinclude -I. -Ithird_party/abseil-cpp -Ithird_party/address_sorting/include -Ithird_party/cares/cares/include -Ithird_party/cares -Ithird_party/cares/cares -Ithird_party/cares/cares/src/lib/include -Ithird_party/cares/cares/src/lib -Ithird_party/cares/config_linux -Ithird_party/re2 -Ithird_party/boringssl-with-bazel/src/include -Ithird_party/upb -Isrc/core/ext/upb-gen -Isrc/core/ext/upbdefs-gen -Ithird_party/utf8_range -Ithird_party/xxhash -Ithird_party/zlib -I/usr/local/google/home/ssreenithi/.pyenv/versions/3.12.0/envs/pyvenv_312/include -I/usr/local/google/home/ssreenithi/.pyenv/versions/3.12.0/include/python3.12 -c third_party/abseil-cpp/absl/crc/crc32c.cc -o pyb/temp.linux-x86_64-cpython-312/third_party/abseil-cpp/absl/crc/crc32c.o -std=c++17 -fvisibility=hidden -fno-wrapv -fno-exceptions -pthread
      In file included from ./src/core/lib/promise/activity.h:30,
                       from ./src/core/lib/resource_quota/memory_quota.h:39,
                       from ./src/core/lib/resource_quota/arena.h:39,
                       from ./src/core/lib/promise/arena_promise.h:28,
                       from ./src/core/lib/channel/channel_stack.h:59,
                       from ./src/core/lib/surface/call.h:32,
                       from src/core/ext/filters/census/grpc_context.cc:24:
      ./src/core/lib/promise/detail/promise_factory.h:210:5: warning: ‘always_inline’ function might not be inlinable unless also declared ‘inline’ [-Wattributes]
        210 |     PromiseFactoryImpl(Token, F&& f) {
            |     ^~~~~~~~~~~~~~~~~~
      ./src/core/lib/promise/detail/promise_factory.h:210:5: warning: ‘always_inline’ function might not be inlinable unless also declared ‘inline’ [-Wattributes]
      ./src/core/lib/promise/detail/promise_factory.h:210:5: warning: ‘always_inline’ function might not be inlinable unless also declared ‘inline’ [-Wattributes]
      ./src/core/lib/promise/detail/promise_factory.h:210:5: warning: ‘always_inline’ function might not be inlinable unless also declared ‘inline’ [-Wattributes]
      ./src/core/lib/promise/detail/promise_factory.h:210:5: warning: ‘always_inline’ function might not be inlinable unless also declared ‘inline’ [-Wattributes]
      ./src/core/lib/promise/detail/promise_factory.h:210:5: warning: ‘always_inline’ function might not be inlinable unless also declared ‘inline’ [-Wattributes]
      ./src/core/lib/promise/detail/promise_factory.h:210:5: warning: ‘always_inline’ function might not be inlinable unless also declared ‘inline’ [-Wattributes]
      In file included from ./src/core/lib/promise/activity.h:30,
                       from ./src/core/call/call_state.h:23,
                       from ./src/core/call/call_filters.h:26,
                       from ./src/core/lib/channel/promise_based_filter.h:36,
                       from ./src/core/lib/security/authorization/grpc_server_authz_filter.h:23,
                       from src/core/lib/security/authorization/grpc_server_authz_filter.cc:15:
      ./src/core/lib/promise/detail/promise_factory.h:210:5: warning: ‘always_inline’ function might not be inlinable unless also declared ‘inline’ [-Wattributes]
        210 |     PromiseFactoryImpl(Token, F&& f) {
            |     ^~~~~~~~~~~~~~~~~~
      ./src/core/lib/promise/detail/promise_factory.h:210:5: warning: ‘always_inline’ function might not be inlinable unless also declared ‘inline’ [-Wattributes]
      ./src/core/lib/promise/detail/promise_factory.h:210:5: warning: ‘always_inline’ function might not be inlinable unless also declared ‘inline’ [-Wattributes]
      ./src/core/lib/promise/detail/promise_factory.h:210:5: warning: ‘always_inline’ function might not be inlinable unless also declared ‘inline’ [-Wattributes]
      ./src/core/lib/promise/detail/promise_factory.h:210:5: warning: ‘always_inline’ function might not be inlinable unless also declared ‘inline’ [-Wattributes]
      ./src/core/lib/promise/detail/promise_factory.h:210:5: warning: ‘always_inline’ function might not be inlinable unless also declared ‘inline’ [-Wattributes]
      ./src/core/lib/promise/detail/promise_factory.h:210:5: warning: ‘always_inline’ function might not be inlinable unless also declared ‘inline’ [-Wattributes]
      ./src/core/lib/promise/detail/promise_factory.h:210:5: warning: ‘always_inline’ function might not be inlinable unless also declared ‘inline’ [-Wattributes]
      g++ -fno-strict-overflow -Wsign-compare -DNDEBUG -g -O3 -Wall -fPIC -D_WIN32_WINNT=1536 -DGRPC_XDS_USER_AGENT_NAME_SUFFIX=\"Python\" -DGRPC_XDS_USER_AGENT_VERSION_SUFFIX=\"1.79.0.dev0\" -DHAVE_CONFIG_H=1 -DGRPC_ENABLE_FORK_SUPPORT=1 -DGRPC_ENABLE_FORK_SUPPORT_DEFAULT=false -DGRPC_PYTHON_BUILD=1 -D__STDC_FORMAT_MACROS "-DPyMODINIT_FUNC=extern \"C\" __attribute__((visibility (\"default\"))) PyObject*" -DGRPC_POSIX_FORK_ALLOW_PTHREAD_ATFORK=1 -Isrc/python/grpcio -Iinclude -I. -Ithird_party/abseil-cpp -Ithird_party/address_sorting/include -Ithird_party/cares/cares/include -Ithird_party/cares -Ithird_party/cares/cares -Ithird_party/cares/cares/src/lib/include -Ithird_party/cares/cares/src/lib -Ithird_party/cares/config_linux -Ithird_party/re2 -Ithird_party/boringssl-with-bazel/src/include -Ithird_party/upb -Isrc/core/ext/upb-gen -Isrc/core/ext/upbdefs-gen -Ithird_party/utf8_range -Ithird_party/xxhash -Ithird_party/zlib -I/usr/local/google/home/ssreenithi/.pyenv/versions/3.12.0/envs/pyvenv_312/include -I/usr/local/google/home/ssreenithi/.pyenv/versions/3.12.0/include/python3.12 -c src/core/transport/auth_context.cc -o pyb/temp.linux-x86_64-cpython-312/src/core/transport/auth_context.o -std=c++17 -fvisibility=hidden -fno-wrapv -fno-exceptions -pthread
      g++ -fno-strict-overflow -Wsign-compare -DNDEBUG -g -O3 -Wall -fPIC -D_WIN32_WINNT=1536 -DGRPC_XDS_USER_AGENT_NAME_SUFFIX=\"Python\" -DGRPC_XDS_USER_AGENT_VERSION_SUFFIX=\"1.79.0.dev0\" -DHAVE_CONFIG_H=1 -DGRPC_ENABLE_FORK_SUPPORT=1 -DGRPC_ENABLE_FORK_SUPPORT_DEFAULT=false -DGRPC_PYTHON_BUILD=1 -D__STDC_FORMAT_MACROS "-DPyMODINIT_FUNC=extern \"C\" __attribute__((visibility (\"default\"))) PyObject*" -DGRPC_POSIX_FORK_ALLOW_PTHREAD_ATFORK=1 -Isrc/python/grpcio -Iinclude -I. -Ithird_party/abseil-cpp -Ithird_party/address_sorting/include -Ithird_party/cares/cares/include -Ithird_party/cares -Ithird_party/cares/cares -Ithird_party/cares/cares/src/lib/include -Ithird_party/cares/cares/src/lib -Ithird_party/cares/config_linux -Ithird_party/re2 -Ithird_party/boringssl-with-bazel/src/include -Ithird_party/upb -Isrc/core/ext/upb-gen -Isrc/core/ext/upbdefs-gen -Ithird_party/utf8_range -Ithird_party/xxhash -Ithird_party/zlib -I/usr/local/google/home/ssreenithi/.pyenv/versions/3.12.0/envs/pyvenv_312/include -I/usr/local/google/home/ssreenithi/.pyenv/versions/3.12.0/include/python3.12 -c third_party/abseil-cpp/absl/random/discrete_distribution.cc -o pyb/temp.linux-x86_64-cpython-312/third_party/abseil-cpp/absl/random/discrete_distribution.o -std=c++17 -fvisibility=hidden -fno-wrapv -fno-exceptions -pthread
      In file included from ./src/core/lib/promise/activity.h:30,
                       from ./src/core/lib/resource_quota/memory_quota.h:39,
                       from ./src/core/lib/resource_quota/arena.h:39,
                       from ./src/core/call/call_arena_allocator.h:24,
                       from ./src/core/lib/surface/channel.h:31,
                       from src/core/tsi/alts/handshaker/alts_tsi_handshaker.cc:34:
      ./src/core/lib/promise/detail/promise_factory.h:210:5: warning: ‘always_inline’ function might not be inlinable unless also declared ‘inline’ [-Wattributes]
        210 |     PromiseFactoryImpl(Token, F&& f) {
            |     ^~~~~~~~~~~~~~~~~~
      ./src/core/lib/promise/detail/promise_factory.h:210:5: warning: ‘always_inline’ function might not be inlinable unless also declared ‘inline’ [-Wattributes]
      ./src/core/lib/promise/detail/promise_factory.h:210:5: warning: ‘always_inline’ function might not be inlinable unless also declared ‘inline’ [-Wattributes]
      ./src/core/lib/promise/detail/promise_factory.h:210:5: warning: ‘always_inline’ function might not be inlinable unless also declared ‘inline’ [-Wattributes]
      ./src/core/lib/promise/detail/promise_factory.h:210:5: warning: ‘always_inline’ function might not be inlinable unless also declared ‘inline’ [-Wattributes]
      ./src/core/lib/promise/detail/promise_factory.h:210:5: warning: ‘always_inline’ function might not be inlinable unless also declared ‘inline’ [-Wattributes]
      ./src/core/lib/promise/detail/promise_factory.h:210:5: warning: ‘always_inline’ function might not be inlinable unless also declared ‘inline’ [-Wattributes]
      g++ -fno-strict-overflow -Wsign-compare -DNDEBUG -g -O3 -Wall -fPIC -D_WIN32_WINNT=1536 -DGRPC_XDS_USER_AGENT_NAME_SUFFIX=\"Python\" -DGRPC_XDS_USER_AGENT_VERSION_SUFFIX=\"1.79.0.dev0\" -DHAVE_CONFIG_H=1 -DGRPC_ENABLE_FORK_SUPPORT=1 -DGRPC_ENABLE_FORK_SUPPORT_DEFAULT=false -DGRPC_PYTHON_BUILD=1 -D__STDC_FORMAT_MACROS "-DPyMODINIT_FUNC=extern \"C\" __attribute__((visibility (\"default\"))) PyObject*" -DGRPC_POSIX_FORK_ALLOW_PTHREAD_ATFORK=1 -Isrc/python/grpcio -Iinclude -I. -Ithird_party/abseil-cpp -Ithird_party/address_sorting/include -Ithird_party/cares/cares/include -Ithird_party/cares -Ithird_party/cares/cares -Ithird_party/cares/cares/src/lib/include -Ithird_party/cares/cares/src/lib -Ithird_party/cares/config_linux -Ithird_party/re2 -Ithird_party/boringssl-with-bazel/src/include -Ithird_party/upb -Isrc/core/ext/upb-gen -Isrc/core/ext/upbdefs-gen -Ithird_party/utf8_range -Ithird_party/xxhash -Ithird_party/zlib -I/usr/local/google/home/ssreenithi/.pyenv/versions/3.12.0/envs/pyvenv_312/include -I/usr/local/google/home/ssreenithi/.pyenv/versions/3.12.0/include/python3.12 -c third_party/abseil-cpp/absl/flags/reflection.cc -o pyb/temp.linux-x86_64-cpython-312/third_party/abseil-cpp/absl/flags/reflection.o -std=c++17 -fvisibility=hidden -fno-wrapv -fno-exceptions -pthread
      g++ -fno-strict-overflow -Wsign-compare -DNDEBUG -g -O3 -Wall -fPIC -D_WIN32_WINNT=1536 -DGRPC_XDS_USER_AGENT_NAME_SUFFIX=\"Python\" -DGRPC_XDS_USER_AGENT_VERSION_SUFFIX=\"1.79.0.dev0\" -DHAVE_CONFIG_H=1 -DGRPC_ENABLE_FORK_SUPPORT=1 -DGRPC_ENABLE_FORK_SUPPORT_DEFAULT=false -DGRPC_PYTHON_BUILD=1 -D__STDC_FORMAT_MACROS "-DPyMODINIT_FUNC=extern \"C\" __attribute__((visibility (\"default\"))) PyObject*" -DGRPC_POSIX_FORK_ALLOW_PTHREAD_ATFORK=1 -Isrc/python/grpcio -Iinclude -I. -Ithird_party/abseil-cpp -Ithird_party/address_sorting/include -Ithird_party/cares/cares/include -Ithird_party/cares -Ithird_party/cares/cares -Ithird_party/cares/cares/src/lib/include -Ithird_party/cares/cares/src/lib -Ithird_party/cares/config_linux -Ithird_party/re2 -Ithird_party/boringssl-with-bazel/src/include -Ithird_party/upb -Isrc/core/ext/upb-gen -Isrc/core/ext/upbdefs-gen -Ithird_party/utf8_range -Ithird_party/xxhash -Ithird_party/zlib -I/usr/local/google/home/ssreenithi/.pyenv/versions/3.12.0/envs/pyvenv_312/include -I/usr/local/google/home/ssreenithi/.pyenv/versions/3.12.0/include/python3.12 -c third_party/abseil-cpp/absl/crc/internal/crc_non_temporal_memcpy.cc -o pyb/temp.linux-x86_64-cpython-312/third_party/abseil-cpp/absl/crc/internal/crc_non_temporal_memcpy.o -std=c++17 -fvisibility=hidden -fno-wrapv -fno-exceptions -pthread
      In file included from ./src/core/lib/promise/activity.h:30,
                       from ./src/core/lib/resource_quota/memory_quota.h:39,
                       from ./src/core/lib/resource_quota/arena.h:39,
                       from ./src/core/call/call_arena_allocator.h:24,
                       from ./src/core/call/call_spine.h:20,
                       from ./src/core/call/call_destination.h:20,
                       from ./src/core/lib/transport/transport.h:36,
                       from ./src/core/ext/transport/chttp2/transport/frame_window_update.h:28,
                       from src/core/ext/transport/chttp2/transport/frame_window_update.cc:19:
      ./src/core/lib/promise/detail/promise_factory.h:210:5: warning: ‘always_inline’ function might not be inlinable unless also declared ‘inline’ [-Wattributes]
        210 |     PromiseFactoryImpl(Token, F&& f) {
            |     ^~~~~~~~~~~~~~~~~~
      ./src/core/lib/promise/detail/promise_factory.h:210:5: warning: ‘always_inline’ function might not be inlinable unless also declared ‘inline’ [-Wattributes]
      ./src/core/lib/promise/detail/promise_factory.h:210:5: warning: ‘always_inline’ function might not be inlinable unless also declared ‘inline’ [-Wattributes]
      ./src/core/lib/promise/detail/promise_factory.h:210:5: warning: ‘always_inline’ function might not be inlinable unless also declared ‘inline’ [-Wattributes]
      ./src/core/lib/promise/detail/promise_factory.h:210:5: warning: ‘always_inline’ function might not be inlinable unless also declared ‘inline’ [-Wattributes]
      ./src/core/lib/promise/detail/promise_factory.h:210:5: warning: ‘always_inline’ function might not be inlinable unless also declared ‘inline’ [-Wattributes]
      ./src/core/lib/promise/detail/promise_factory.h:210:5: warning: ‘always_inline’ function might not be inlinable unless also declared ‘inline’ [-Wattributes]
      In file included from ./src/core/lib/promise/activity.h:30,
                       from ./src/core/lib/resource_quota/memory_quota.h:39,
                       from ./src/core/lib/resource_quota/arena.h:39,
                       from ./src/core/lib/promise/arena_promise.h:28,
                       from ./src/core/credentials/transport/security_connector.h:36,
                       from ./src/core/credentials/transport/tls/ssl_utils.h:34,
                       from ./src/core/credentials/transport/tls/grpc_tls_certificate_distributor.h:30,
                       from ./src/core/xds/grpc/certificate_provider_store.h:29,
                       from src/core/xds/grpc/certificate_provider_store.cc:19:
      ./src/core/lib/promise/detail/promise_factory.h:210:5: warning: ‘always_inline’ function might not be inlinable unless also declared ‘inline’ [-Wattributes]
        210 |     PromiseFactoryImpl(Token, F&& f) {
            |     ^~~~~~~~~~~~~~~~~~
      ./src/core/lib/promise/detail/promise_factory.h:210:5: warning: ‘always_inline’ function might not be inlinable unless also declared ‘inline’ [-Wattributes]
      ./src/core/lib/promise/detail/promise_factory.h:210:5: warning: ‘always_inline’ function might not be inlinable unless also declared ‘inline’ [-Wattributes]
      ./src/core/lib/promise/detail/promise_factory.h:210:5: warning: ‘always_inline’ function might not be inlinable unless also declared ‘inline’ [-Wattributes]
      ./src/core/lib/promise/detail/promise_factory.h:210:5: warning: ‘always_inline’ function might not be inlinable unless also declared ‘inline’ [-Wattributes]
      ./src/core/lib/promise/detail/promise_factory.h:210:5: warning: ‘always_inline’ function might not be inlinable unless also declared ‘inline’ [-Wattributes]
      ./src/core/lib/promise/detail/promise_factory.h:210:5: warning: ‘always_inline’ function might not be inlinable unless also declared ‘inline’ [-Wattributes]
      In file included from ./src/core/ext/transport/chttp2/transport/goaway.h:31,
                       from ./src/core/ext/transport/chttp2/transport/http2_client_transport.h:39:
      ./src/core/lib/promise/race.h: In instantiation of ‘grpc_core::Race<Promise, Promises ...>::Result grpc_core::Race<Promise, Promises ...>::operator()() [with Promise = grpc_core::Map<grpc_core::Latch<void>::Wait()::<lambda()>, grpc_core::http2::Http2ClientTransport::UntilTransportClosed<grpc_core::Loop<grpc_core::http2::Http2ClientTransport::SecurityFrameLoop()::<lambda()>, false> >(grpc_core::Loop<grpc_core::http2::Http2ClientTransport::SecurityFrameLoop()::<lambda()>, false>&&)::<lambda(grpc_core::Empty)> >; Promises = {grpc_core::Loop<grpc_core::http2::Http2ClientTransport::SecurityFrameLoop()::<lambda()>, false>}; Result = grpc_core::Poll<grpc_core::Empty>]’:
      ./src/core/lib/promise/detail/promise_like.h:216:25:   required from ‘grpc_core::promise_detail::PromiseLike<F, typename std::enable_if<(! std::is_void<typename std::invoke_result<Releaser>::type>::value), void>::type>::WrappedResult grpc_core::promise_detail::PromiseLike<F, typename std::enable_if<(! std::is_void<typename std::invoke_result<Releaser>::type>::value), void>::type>::operator()() [with F = grpc_core::Race<grpc_core::Map<grpc_core::Latch<void>::Wait()::<lambda()>, grpc_core::http2::Http2ClientTransport::UntilTransportClosed<grpc_core::Loop<grpc_core::http2::Http2ClientTransport::SecurityFrameLoop()::<lambda()>, false> >(grpc_core::Loop<grpc_core::http2::Http2ClientTransport::SecurityFrameLoop()::<lambda()>, false>&&)::<lambda(grpc_core::Empty)> >, grpc_core::Loop<grpc_core::http2::Http2ClientTransport::SecurityFrameLoop()::<lambda()>, false> >; typename std::enable_if<(! std::is_void<typename std::invoke_result<Releaser>::type>::value), void>::type = void; typename std::invoke_result<Releaser>::type = grpc_core::Poll<grpc_core::Empty>; WrappedResult = grpc_core::Poll<grpc_core::Empty>]’
        216 |     return WrapInPoll(f_());
            |                       ~~^~
      ./src/core/lib/promise/party.h:454:24:   required from ‘bool grpc_core::Party::ParticipantImpl<SuppliedFactory, OnComplete>::PollParticipantPromise() [with SuppliedFactory = grpc_core::Race<grpc_core::Map<grpc_core::Latch<void>::Wait()::<lambda()>, grpc_core::http2::Http2ClientTransport::UntilTransportClosed<grpc_core::Loop<grpc_core::http2::Http2ClientTransport::SecurityFrameLoop()::<lambda()>, false> >(grpc_core::Loop<grpc_core::http2::Http2ClientTransport::SecurityFrameLoop()::<lambda()>, false>&&)::<lambda(grpc_core::Empty)> >, grpc_core::Loop<grpc_core::http2::Http2ClientTransport::SecurityFrameLoop()::<lambda()>, false> >; OnComplete = grpc_core::http2::Http2ClientTransport::SpawnInfallible<grpc_core::Race<grpc_core::Map<grpc_core::Latch<void>::Wait()::<lambda()>, grpc_core::http2::Http2ClientTransport::UntilTransportClosed<grpc_core::Loop<grpc_core::http2::Http2ClientTransport::SecurityFrameLoop()::<lambda()>, false> >(grpc_core::Loop<grpc_core::http2::Http2ClientTransport::SecurityFrameLoop()::<lambda()>, false>&&)::<lambda(grpc_core::Empty)> >, grpc_core::Loop<grpc_core::http2::Http2ClientTransport::SecurityFrameLoop()::<lambda()>, false> > >(grpc_core::RefCountedPtr<grpc_core::Party>, absl::lts_20250512::string_view, grpc_core::Race<grpc_core::Map<grpc_core::Latch<void>::Wait()::<lambda()>, grpc_core::http2::Http2ClientTransport::UntilTransportClosed<grpc_core::Loop<grpc_core::http2::Http2ClientTransport::SecurityFrameLoop()::<lambda()>, false> >(grpc_core::Loop<grpc_core::http2::Http2ClientTransport::SecurityFrameLoop()::<lambda()>, false>&&)::<lambda(grpc_core::Empty)> >, grpc_core::Loop<grpc_core::http2::Http2ClientTransport::SecurityFrameLoop()::<lambda()>, false> >&&)::<lambda(grpc_core::Empty)>]’
        454 |       auto p = promise_();
            |                ~~~~~~~~^~
      ./src/core/lib/promise/party.h:446:10:   required from here
        446 |     bool PollParticipantPromise() override {
            |          ^~~~~~~~~~~~~~~~~~~~~~
      ./src/core/lib/promise/race.h:50:31: warning: moving a temporary object prevents copy elision [-Wpessimizing-move]
         50 |     return std::move(r.value());
            |                               ^
      ./src/core/lib/promise/race.h:50:31: note: remove ‘std::move’ call
      g++ -fno-strict-overflow -Wsign-compare -DNDEBUG -g -O3 -Wall -fPIC -D_WIN32_WINNT=1536 -DGRPC_XDS_USER_AGENT_NAME_SUFFIX=\"Python\" -DGRPC_XDS_USER_AGENT_VERSION_SUFFIX=\"1.79.0.dev0\" -DHAVE_CONFIG_H=1 -DGRPC_ENABLE_FORK_SUPPORT=1 -DGRPC_ENABLE_FORK_SUPPORT_DEFAULT=false -DGRPC_PYTHON_BUILD=1 -D__STDC_FORMAT_MACROS "-DPyMODINIT_FUNC=extern \"C\" __attribute__((visibility (\"default\"))) PyObject*" -DGRPC_POSIX_FORK_ALLOW_PTHREAD_ATFORK=1 -Isrc/python/grpcio -Iinclude -I. -Ithird_party/abseil-cpp -Ithird_party/address_sorting/include -Ithird_party/cares/cares/include -Ithird_party/cares -Ithird_party/cares/cares -Ithird_party/cares/cares/src/lib/include -Ithird_party/cares/cares/src/lib -Ithird_party/cares/config_linux -Ithird_party/re2 -Ithird_party/boringssl-with-bazel/src/include -Ithird_party/upb -Isrc/core/ext/upb-gen -Isrc/core/ext/upbdefs-gen -Ithird_party/utf8_range -Ithird_party/xxhash -Ithird_party/zlib -I/usr/local/google/home/ssreenithi/.pyenv/versions/3.12.0/envs/pyvenv_312/include -I/usr/local/google/home/ssreenithi/.pyenv/versions/3.12.0/include/python3.12 -c src/core/load_balancing/oob_backend_metric.cc -o pyb/temp.linux-x86_64-cpython-312/src/core/load_balancing/oob_backend_metric.o -std=c++17 -fvisibility=hidden -fno-wrapv -fno-exceptions -pthread
      g++ -fno-strict-overflow -Wsign-compare -DNDEBUG -g -O3 -Wall -fPIC -D_WIN32_WINNT=1536 -DGRPC_XDS_USER_AGENT_NAME_SUFFIX=\"Python\" -DGRPC_XDS_USER_AGENT_VERSION_SUFFIX=\"1.79.0.dev0\" -DHAVE_CONFIG_H=1 -DGRPC_ENABLE_FORK_SUPPORT=1 -DGRPC_ENABLE_FORK_SUPPORT_DEFAULT=false -DGRPC_PYTHON_BUILD=1 -D__STDC_FORMAT_MACROS "-DPyMODINIT_FUNC=extern \"C\" __attribute__((visibility (\"default\"))) PyObject*" -DGRPC_POSIX_FORK_ALLOW_PTHREAD_ATFORK=1 -Isrc/python/grpcio -Iinclude -I. -Ithird_party/abseil-cpp -Ithird_party/address_sorting/include -Ithird_party/cares/cares/include -Ithird_party/cares -Ithird_party/cares/cares -Ithird_party/cares/cares/src/lib/include -Ithird_party/cares/cares/src/lib -Ithird_party/cares/config_linux -Ithird_party/re2 -Ithird_party/boringssl-with-bazel/src/include -Ithird_party/upb -Isrc/core/ext/upb-gen -Isrc/core/ext/upbdefs-gen -Ithird_party/utf8_range -Ithird_party/xxhash -Ithird_party/zlib -I/usr/local/google/home/ssreenithi/.pyenv/versions/3.12.0/envs/pyvenv_312/include -I/usr/local/google/home/ssreenithi/.pyenv/versions/3.12.0/include/python3.12 -c src/core/tsi/ssl_transport_security_utils.cc -o pyb/temp.linux-x86_64-cpython-312/src/core/tsi/ssl_transport_security_utils.o -std=c++17 -fvisibility=hidden -fno-wrapv -fno-exceptions -pthread
      g++ -fno-strict-overflow -Wsign-compare -DNDEBUG -g -O3 -Wall -fPIC -D_WIN32_WINNT=1536 -DGRPC_XDS_USER_AGENT_NAME_SUFFIX=\"Python\" -DGRPC_XDS_USER_AGENT_VERSION_SUFFIX=\"1.79.0.dev0\" -DHAVE_CONFIG_H=1 -DGRPC_ENABLE_FORK_SUPPORT=1 -DGRPC_ENABLE_FORK_SUPPORT_DEFAULT=false -DGRPC_PYTHON_BUILD=1 -D__STDC_FORMAT_MACROS "-DPyMODINIT_FUNC=extern \"C\" __attribute__((visibility (\"default\"))) PyObject*" -DGRPC_POSIX_FORK_ALLOW_PTHREAD_ATFORK=1 -Isrc/python/grpcio -Iinclude -I. -Ithird_party/abseil-cpp -Ithird_party/address_sorting/include -Ithird_party/cares/cares/include -Ithird_party/cares -Ithird_party/cares/cares -Ithird_party/cares/cares/src/lib/include -Ithird_party/cares/cares/src/lib -Ithird_party/cares/config_linux -Ithird_party/re2 -Ithird_party/boringssl-with-bazel/src/include -Ithird_party/upb -Isrc/core/ext/upb-gen -Isrc/core/ext/upbdefs-gen -Ithird_party/utf8_range -Ithird_party/xxhash -Ithird_party/zlib -I/usr/local/google/home/ssreenithi/.pyenv/versions/3.12.0/envs/pyvenv_312/include -I/usr/local/google/home/ssreenithi/.pyenv/versions/3.12.0/include/python3.12 -c src/core/lib/surface/channel.cc -o pyb/temp.linux-x86_64-cpython-312/src/core/lib/surface/channel.o -std=c++17 -fvisibility=hidden -fno-wrapv -fno-exceptions -pthread
      g++ -fno-strict-overflow -Wsign-compare -DNDEBUG -g -O3 -Wall -fPIC -D_WIN32_WINNT=1536 -DGRPC_XDS_USER_AGENT_NAME_SUFFIX=\"Python\" -DGRPC_XDS_USER_AGENT_VERSION_SUFFIX=\"1.79.0.dev0\" -DHAVE_CONFIG_H=1 -DGRPC_ENABLE_FORK_SUPPORT=1 -DGRPC_ENABLE_FORK_SUPPORT_DEFAULT=false -DGRPC_PYTHON_BUILD=1 -D__STDC_FORMAT_MACROS "-DPyMODINIT_FUNC=extern \"C\" __attribute__((visibility (\"default\"))) PyObject*" -DGRPC_POSIX_FORK_ALLOW_PTHREAD_ATFORK=1 -Isrc/python/grpcio -Iinclude -I. -Ithird_party/abseil-cpp -Ithird_party/address_sorting/include -Ithird_party/cares/cares/include -Ithird_party/cares -Ithird_party/cares/cares -Ithird_party/cares/cares/src/lib/include -Ithird_party/cares/cares/src/lib -Ithird_party/cares/config_linux -Ithird_party/re2 -Ithird_party/boringssl-with-bazel/src/include -Ithird_party/upb -Isrc/core/ext/upb-gen -Isrc/core/ext/upbdefs-gen -Ithird_party/utf8_range -Ithird_party/xxhash -Ithird_party/zlib -I/usr/local/google/home/ssreenithi/.pyenv/versions/3.12.0/envs/pyvenv_312/include -I/usr/local/google/home/ssreenithi/.pyenv/versions/3.12.0/include/python3.12 -c third_party/abseil-cpp/absl/log/internal/log_sink_set.cc -o pyb/temp.linux-x86_64-cpython-312/third_party/abseil-cpp/absl/log/internal/log_sink_set.o -std=c++17 -fvisibility=hidden -fno-wrapv -fno-exceptions -pthread
      g++ -fno-strict-overflow -Wsign-compare -DNDEBUG -g -O3 -Wall -fPIC -D_WIN32_WINNT=1536 -DGRPC_XDS_USER_AGENT_NAME_SUFFIX=\"Python\" -DGRPC_XDS_USER_AGENT_VERSION_SUFFIX=\"1.79.0.dev0\" -DHAVE_CONFIG_H=1 -DGRPC_ENABLE_FORK_SUPPORT=1 -DGRPC_ENABLE_FORK_SUPPORT_DEFAULT=false -DGRPC_PYTHON_BUILD=1 -D__STDC_FORMAT_MACROS "-DPyMODINIT_FUNC=extern \"C\" __attribute__((visibility (\"default\"))) PyObject*" -DGRPC_POSIX_FORK_ALLOW_PTHREAD_ATFORK=1 -Isrc/python/grpcio -Iinclude -I. -Ithird_party/abseil-cpp -Ithird_party/address_sorting/include -Ithird_party/cares/cares/include -Ithird_party/cares -Ithird_party/cares/cares -Ithird_party/cares/cares/src/lib/include -Ithird_party/cares/cares/src/lib -Ithird_party/cares/config_linux -Ithird_party/re2 -Ithird_party/boringssl-with-bazel/src/include -Ithird_party/upb -Isrc/core/ext/upb-gen -Isrc/core/ext/upbdefs-gen -Ithird_party/utf8_range -Ithird_party/xxhash -Ithird_party/zlib -I/usr/local/google/home/ssreenithi/.pyenv/versions/3.12.0/envs/pyvenv_312/include -I/usr/local/google/home/ssreenithi/.pyenv/versions/3.12.0/include/python3.12 -c src/core/resolver/dns/c_ares/grpc_ares_ev_driver_posix.cc -o pyb/temp.linux-x86_64-cpython-312/src/core/resolver/dns/c_ares/grpc_ares_ev_driver_posix.o -std=c++17 -fvisibility=hidden -fno-wrapv -fno-exceptions -pthread
      g++ -fno-strict-overflow -Wsign-compare -DNDEBUG -g -O3 -Wall -fPIC -D_WIN32_WINNT=1536 -DGRPC_XDS_USER_AGENT_NAME_SUFFIX=\"Python\" -DGRPC_XDS_USER_AGENT_VERSION_SUFFIX=\"1.79.0.dev0\" -DHAVE_CONFIG_H=1 -DGRPC_ENABLE_FORK_SUPPORT=1 -DGRPC_ENABLE_FORK_SUPPORT_DEFAULT=false -DGRPC_PYTHON_BUILD=1 -D__STDC_FORMAT_MACROS "-DPyMODINIT_FUNC=extern \"C\" __attribute__((visibility (\"default\"))) PyObject*" -DGRPC_POSIX_FORK_ALLOW_PTHREAD_ATFORK=1 -Isrc/python/grpcio -Iinclude -I. -Ithird_party/abseil-cpp -Ithird_party/address_sorting/include -Ithird_party/cares/cares/include -Ithird_party/cares -Ithird_party/cares/cares -Ithird_party/cares/cares/src/lib/include -Ithird_party/cares/cares/src/lib -Ithird_party/cares/config_linux -Ithird_party/re2 -Ithird_party/boringssl-with-bazel/src/include -Ithird_party/upb -Isrc/core/ext/upb-gen -Isrc/core/ext/upbdefs-gen -Ithird_party/utf8_range -Ithird_party/xxhash -Ithird_party/zlib -I/usr/local/google/home/ssreenithi/.pyenv/versions/3.12.0/envs/pyvenv_312/include -I/usr/local/google/home/ssreenithi/.pyenv/versions/3.12.0/include/python3.12 -c src/core/credentials/call/token_fetcher/token_fetcher_credentials.cc -o pyb/temp.linux-x86_64-cpython-312/src/core/credentials/call/token_fetcher/token_fetcher_credentials.o -std=c++17 -fvisibility=hidden -fno-wrapv -fno-exceptions -pthread
      In file included from ./src/core/lib/promise/activity.h:30,
                       from ./src/core/lib/resource_quota/memory_quota.h:39,
                       from ./src/core/lib/resource_quota/arena.h:39,
                       from ./src/core/call/call_arena_allocator.h:24,
                       from ./src/core/call/call_spine.h:20,
                       from ./src/core/call/call_destination.h:20,
                       from ./src/core/call/interception_chain.h:23,
                       from ./src/core/filter/filter_chain.h:24,
                       from ./src/core/xds/grpc/xds_http_filter.h:24,
                       from ./src/core/xds/grpc/xds_route_config.h:34,
                       from src/core/xds/grpc/xds_route_config.cc:17:
      ./src/core/lib/promise/detail/promise_factory.h:210:5: warning: ‘always_inline’ function might not be inlinable unless also declared ‘inline’ [-Wattributes]
        210 |     PromiseFactoryImpl(Token, F&& f) {
            |     ^~~~~~~~~~~~~~~~~~
      ./src/core/lib/promise/detail/promise_factory.h:210:5: warning: ‘always_inline’ function might not be inlinable unless also declared ‘inline’ [-Wattributes]
      ./src/core/lib/promise/detail/promise_factory.h:210:5: warning: ‘always_inline’ function might not be inlinable unless also declared ‘inline’ [-Wattributes]
      ./src/core/lib/promise/detail/promise_factory.h:210:5: warning: ‘always_inline’ function might not be inlinable unless also declared ‘inline’ [-Wattributes]
      ./src/core/lib/promise/detail/promise_factory.h:210:5: warning: ‘always_inline’ function might not be inlinable unless also declared ‘inline’ [-Wattributes]
      ./src/core/lib/promise/detail/promise_factory.h:210:5: warning: ‘always_inline’ function might not be inlinable unless also declared ‘inline’ [-Wattributes]
      ./src/core/lib/promise/detail/promise_factory.h:210:5: warning: ‘always_inline’ function might not be inlinable unless also declared ‘inline’ [-Wattributes]
      g++ -fno-strict-overflow -Wsign-compare -DNDEBUG -g -O3 -Wall -fPIC -D_WIN32_WINNT=1536 -DGRPC_XDS_USER_AGENT_NAME_SUFFIX=\"Python\" -DGRPC_XDS_USER_AGENT_VERSION_SUFFIX=\"1.79.0.dev0\" -DHAVE_CONFIG_H=1 -DGRPC_ENABLE_FORK_SUPPORT=1 -DGRPC_ENABLE_FORK_SUPPORT_DEFAULT=false -DGRPC_PYTHON_BUILD=1 -D__STDC_FORMAT_MACROS "-DPyMODINIT_FUNC=extern \"C\" __attribute__((visibility (\"default\"))) PyObject*" -DGRPC_POSIX_FORK_ALLOW_PTHREAD_ATFORK=1 -Isrc/python/grpcio -Iinclude -I. -Ithird_party/abseil-cpp -Ithird_party/address_sorting/include -Ithird_party/cares/cares/include -Ithird_party/cares -Ithird_party/cares/cares -Ithird_party/cares/cares/src/lib/include -Ithird_party/cares/cares/src/lib -Ithird_party/cares/config_linux -Ithird_party/re2 -Ithird_party/boringssl-with-bazel/src/include -Ithird_party/upb -Isrc/core/ext/upb-gen -Isrc/core/ext/upbdefs-gen -Ithird_party/utf8_range -Ithird_party/xxhash -Ithird_party/zlib -I/usr/local/google/home/ssreenithi/.pyenv/versions/3.12.0/envs/pyvenv_312/include -I/usr/local/google/home/ssreenithi/.pyenv/versions/3.12.0/include/python3.12 -c third_party/abseil-cpp/absl/random/internal/seed_material.cc -o pyb/temp.linux-x86_64-cpython-312/third_party/abseil-cpp/absl/random/internal/seed_material.o -std=c++17 -fvisibility=hidden -fno-wrapv -fno-exceptions -pthread
      g++ -fno-strict-overflow -Wsign-compare -DNDEBUG -g -O3 -Wall -fPIC -D_WIN32_WINNT=1536 -DGRPC_XDS_USER_AGENT_NAME_SUFFIX=\"Python\" -DGRPC_XDS_USER_AGENT_VERSION_SUFFIX=\"1.79.0.dev0\" -DHAVE_CONFIG_H=1 -DGRPC_ENABLE_FORK_SUPPORT=1 -DGRPC_ENABLE_FORK_SUPPORT_DEFAULT=false -DGRPC_PYTHON_BUILD=1 -D__STDC_FORMAT_MACROS "-DPyMODINIT_FUNC=extern \"C\" __attribute__((visibility (\"default\"))) PyObject*" -DGRPC_POSIX_FORK_ALLOW_PTHREAD_ATFORK=1 -Isrc/python/grpcio -Iinclude -I. -Ithird_party/abseil-cpp -Ithird_party/address_sorting/include -Ithird_party/cares/cares/include -Ithird_party/cares -Ithird_party/cares/cares -Ithird_party/cares/cares/src/lib/include -Ithird_party/cares/cares/src/lib -Ithird_party/cares/config_linux -Ithird_party/re2 -Ithird_party/boringssl-with-bazel/src/include -Ithird_party/upb -Isrc/core/ext/upb-gen -Isrc/core/ext/upbdefs-gen -Ithird_party/utf8_range -Ithird_party/xxhash -Ithird_party/zlib -I/usr/local/google/home/ssreenithi/.pyenv/versions/3.12.0/envs/pyvenv_312/include -I/usr/local/google/home/ssreenithi/.pyenv/versions/3.12.0/include/python3.12 -c third_party/abseil-cpp/absl/log/internal/conditions.cc -o pyb/temp.linux-x86_64-cpython-312/third_party/abseil-cpp/absl/log/internal/conditions.o -std=c++17 -fvisibility=hidden -fno-wrapv -fno-exceptions -pthread
      g++ -fno-strict-overflow -Wsign-compare -DNDEBUG -g -O3 -Wall -fPIC -D_WIN32_WINNT=1536 -DGRPC_XDS_USER_AGENT_NAME_SUFFIX=\"Python\" -DGRPC_XDS_USER_AGENT_VERSION_SUFFIX=\"1.79.0.dev0\" -DHAVE_CONFIG_H=1 -DGRPC_ENABLE_FORK_SUPPORT=1 -DGRPC_ENABLE_FORK_SUPPORT_DEFAULT=false -DGRPC_PYTHON_BUILD=1 -D__STDC_FORMAT_MACROS "-DPyMODINIT_FUNC=extern \"C\" __attribute__((visibility (\"default\"))) PyObject*" -DGRPC_POSIX_FORK_ALLOW_PTHREAD_ATFORK=1 -Isrc/python/grpcio -Iinclude -I. -Ithird_party/abseil-cpp -Ithird_party/address_sorting/include -Ithird_party/cares/cares/include -Ithird_party/cares -Ithird_party/cares/cares -Ithird_party/cares/cares/src/lib/include -Ithird_party/cares/cares/src/lib -Ithird_party/cares/config_linux -Ithird_party/re2 -Ithird_party/boringssl-with-bazel/src/include -Ithird_party/upb -Isrc/core/ext/upb-gen -Isrc/core/ext/upbdefs-gen -Ithird_party/utf8_range -Ithird_party/xxhash -Ithird_party/zlib -I/usr/local/google/home/ssreenithi/.pyenv/versions/3.12.0/envs/pyvenv_312/include -I/usr/local/google/home/ssreenithi/.pyenv/versions/3.12.0/include/python3.12 -c src/core/xds/grpc/xds_http_gcp_authn_filter.cc -o pyb/temp.linux-x86_64-cpython-312/src/core/xds/grpc/xds_http_gcp_authn_filter.o -std=c++17 -fvisibility=hidden -fno-wrapv -fno-exceptions -pthread
      g++ -fno-strict-overflow -Wsign-compare -DNDEBUG -g -O3 -Wall -fPIC -D_WIN32_WINNT=1536 -DGRPC_XDS_USER_AGENT_NAME_SUFFIX=\"Python\" -DGRPC_XDS_USER_AGENT_VERSION_SUFFIX=\"1.79.0.dev0\" -DHAVE_CONFIG_H=1 -DGRPC_ENABLE_FORK_SUPPORT=1 -DGRPC_ENABLE_FORK_SUPPORT_DEFAULT=false -DGRPC_PYTHON_BUILD=1 -D__STDC_FORMAT_MACROS "-DPyMODINIT_FUNC=extern \"C\" __attribute__((visibility (\"default\"))) PyObject*" -DGRPC_POSIX_FORK_ALLOW_PTHREAD_ATFORK=1 -Isrc/python/grpcio -Iinclude -I. -Ithird_party/abseil-cpp -Ithird_party/address_sorting/include -Ithird_party/cares/cares/include -Ithird_party/cares -Ithird_party/cares/cares -Ithird_party/cares/cares/src/lib/include -Ithird_party/cares/cares/src/lib -Ithird_party/cares/config_linux -Ithird_party/re2 -Ithird_party/boringssl-with-bazel/src/include -Ithird_party/upb -Isrc/core/ext/upb-gen -Isrc/core/ext/upbdefs-gen -Ithird_party/utf8_range -Ithird_party/xxhash -Ithird_party/zlib -I/usr/local/google/home/ssreenithi/.pyenv/versions/3.12.0/envs/pyvenv_312/include -I/usr/local/google/home/ssreenithi/.pyenv/versions/3.12.0/include/python3.12 -c src/core/ext/transport/chttp2/transport/ping_promise.cc -o pyb/temp.linux-x86_64-cpython-312/src/core/ext/transport/chttp2/transport/ping_promise.o -std=c++17 -fvisibility=hidden -fno-wrapv -fno-exceptions -pthread
      In file included from ./src/core/lib/promise/activity.h:30,
                       from ./src/core/lib/resource_quota/memory_quota.h:39,
                       from ./src/core/lib/resource_quota/arena.h:39,
                       from ./src/core/call/call_arena_allocator.h:24,
                       from ./src/core/call/call_spine.h:20,
                       from ./src/core/ext/transport/chttp2/transport/http2_client_transport.h:34:
      ./src/core/lib/promise/detail/promise_factory.h:210:5: warning: ‘always_inline’ function might not be inlinable unless also declared ‘inline’ [-Wattributes]
        210 |     PromiseFactoryImpl(Token, F&& f) {
            |     ^~~~~~~~~~~~~~~~~~
      ./src/core/lib/promise/detail/promise_factory.h:210:5: warning: ‘always_inline’ function might not be inlinable unless also declared ‘inline’ [-Wattributes]
      ./src/core/lib/promise/detail/promise_factory.h:210:5: warning: ‘always_inline’ function might not be inlinable unless also declared ‘inline’ [-Wattributes]
      ./src/core/lib/promise/detail/promise_factory.h:210:5: warning: ‘always_inline’ function might not be inlinable unless also declared ‘inline’ [-Wattributes]
      ./src/core/lib/promise/detail/promise_factory.h:210:5: warning: ‘always_inline’ function might not be inlinable unless also declared ‘inline’ [-Wattributes]
      ./src/core/lib/promise/detail/promise_factory.h:210:5: warning: ‘always_inline’ function might not be inlinable unless also declared ‘inline’ [-Wattributes]
      ./src/core/lib/promise/detail/promise_factory.h:210:5: warning: ‘always_inline’ function might not be inlinable unless also declared ‘inline’ [-Wattributes]
      ./src/core/lib/promise/detail/promise_factory.h:210:5: warning: ‘always_inline’ function might not be inlinable unless also declared ‘inline’ [-Wattributes]
      ./src/core/lib/promise/detail/promise_factory.h:210:5: warning: ‘always_inline’ function might not be inlinable unless also declared ‘inline’ [-Wattributes]
      ./src/core/lib/promise/detail/promise_factory.h:210:5: warning: ‘always_inline’ function might not be inlinable unless also declared ‘inline’ [-Wattributes]
      ./src/core/lib/promise/detail/promise_factory.h:210:5: warning: ‘always_inline’ function might not be inlinable unless also declared ‘inline’ [-Wattributes]
      ./src/core/lib/promise/detail/promise_factory.h:210:5: warning: ‘always_inline’ function might not be inlinable unless also declared ‘inline’ [-Wattributes]
      ./src/core/lib/promise/detail/promise_factory.h:210:5: warning: ‘always_inline’ function might not be inlinable unless also declared ‘inline’ [-Wattributes]
      ./src/core/lib/promise/detail/promise_factory.h:210:5: warning: ‘always_inline’ function might not be inlinable unless also declared ‘inline’ [-Wattributes]
      ./src/core/lib/promise/detail/promise_factory.h:131:5: warning: ‘always_inline’ function might not be inlinable unless also declared ‘inline’ [-Wattributes]
        131 |     PromiseFactoryImpl(Token, F&& f, A&& arg) {
            |     ^~~~~~~~~~~~~~~~~~
      ./src/core/lib/promise/detail/promise_factory.h:210:5: warning: ‘always_inline’ function might not be inlinable unless also declared ‘inline’ [-Wattributes]
        210 |     PromiseFactoryImpl(Token, F&& f) {
            |     ^~~~~~~~~~~~~~~~~~
      ./src/core/lib/promise/detail/promise_factory.h:210:5: warning: ‘always_inline’ function might not be inlinable unless also declared ‘inline’ [-Wattributes]
      ./src/core/lib/promise/detail/promise_factory.h:131:5: warning: ‘always_inline’ function might not be inlinable unless also declared ‘inline’ [-Wattributes]
        131 |     PromiseFactoryImpl(Token, F&& f, A&& arg) {
            |     ^~~~~~~~~~~~~~~~~~
      ./src/core/lib/promise/detail/promise_factory.h:210:5: warning: ‘always_inline’ function might not be inlinable unless also declared ‘inline’ [-Wattributes]
        210 |     PromiseFactoryImpl(Token, F&& f) {
            |     ^~~~~~~~~~~~~~~~~~
      ./src/core/lib/promise/detail/promise_factory.h:210:5: warning: ‘always_inline’ function might not be inlinable unless also declared ‘inline’ [-Wattributes]
      ./src/core/lib/promise/detail/promise_factory.h:210:5: warning: ‘always_inline’ function might not be inlinable unless also declared ‘inline’ [-Wattributes]
      ./src/core/lib/promise/detail/promise_factory.h:210:5: warning: ‘always_inline’ function might not be inlinable unless also declared ‘inline’ [-Wattributes]
      ./src/core/lib/promise/detail/promise_factory.h:210:5: warning: ‘always_inline’ function might not be inlinable unless also declared ‘inline’ [-Wattributes]
      ./src/core/lib/promise/detail/promise_factory.h:131:5: warning: ‘always_inline’ function might not be inlinable unless also declared ‘inline’ [-Wattributes]
        131 |     PromiseFactoryImpl(Token, F&& f, A&& arg) {
            |     ^~~~~~~~~~~~~~~~~~
      ./src/core/lib/promise/detail/promise_factory.h:131:5: warning: ‘always_inline’ function might not be inlinable unless also declared ‘inline’ [-Wattributes]
      ./src/core/lib/promise/detail/promise_factory.h:210:5: warning: ‘always_inline’ function might not be inlinable unless also declared ‘inline’ [-Wattributes]
        210 |     PromiseFactoryImpl(Token, F&& f) {
            |     ^~~~~~~~~~~~~~~~~~
      ./src/core/lib/promise/detail/promise_factory.h:210:5: warning: ‘always_inline’ function might not be inlinable unless also declared ‘inline’ [-Wattributes]
      ./src/core/lib/promise/detail/promise_factory.h:210:5: warning: ‘always_inline’ function might not be inlinable unless also declared ‘inline’ [-Wattributes]
      ./src/core/lib/promise/detail/promise_factory.h:210:5: warning: ‘always_inline’ function might not be inlinable unless also declared ‘inline’ [-Wattributes]
      ./src/core/lib/promise/detail/promise_factory.h:210:5: warning: ‘always_inline’ function might not be inlinable unless also declared ‘inline’ [-Wattributes]
      ./src/core/lib/promise/detail/promise_factory.h:210:5: warning: ‘always_inline’ function might not be inlinable unless also declared ‘inline’ [-Wattributes]
      ./src/core/lib/promise/detail/promise_factory.h:210:5: warning: ‘always_inline’ function might not be inlinable unless also declared ‘inline’ [-Wattributes]
      ./src/core/lib/promise/detail/promise_factory.h:210:5: warning: ‘always_inline’ function might not be inlinable unless also declared ‘inline’ [-Wattributes]
      ./src/core/lib/promise/detail/promise_factory.h:210:5: warning: ‘always_inline’ function might not be inlinable unless also declared ‘inline’ [-Wattributes]
      ./src/core/lib/promise/detail/promise_factory.h:210:5: warning: ‘always_inline’ function might not be inlinable unless also declared ‘inline’ [-Wattributes]
      ./src/core/lib/promise/detail/promise_factory.h:210:5: warning: ‘always_inline’ function might not be inlinable unless also declared ‘inline’ [-Wattributes]
      ./src/core/lib/promise/detail/promise_factory.h:210:5: warning: ‘always_inline’ function might not be inlinable unless also declared ‘inline’ [-Wattributes]
      ./src/core/lib/promise/detail/promise_factory.h:210:5: warning: ‘always_inline’ function might not be inlinable unless also declared ‘inline’ [-Wattributes]
      ./src/core/lib/promise/detail/promise_factory.h:210:5: warning: ‘always_inline’ function might not be inlinable unless also declared ‘inline’ [-Wattributes]
      g++ -fno-strict-overflow -Wsign-compare -DNDEBUG -g -O3 -Wall -fPIC -D_WIN32_WINNT=1536 -DGRPC_XDS_USER_AGENT_NAME_SUFFIX=\"Python\" -DGRPC_XDS_USER_AGENT_VERSION_SUFFIX=\"1.79.0.dev0\" -DHAVE_CONFIG_H=1 -DGRPC_ENABLE_FORK_SUPPORT=1 -DGRPC_ENABLE_FORK_SUPPORT_DEFAULT=false -DGRPC_PYTHON_BUILD=1 -D__STDC_FORMAT_MACROS "-DPyMODINIT_FUNC=extern \"C\" __attribute__((visibility (\"default\"))) PyObject*" -DGRPC_POSIX_FORK_ALLOW_PTHREAD_ATFORK=1 -Isrc/python/grpcio -Iinclude -I. -Ithird_party/abseil-cpp -Ithird_party/address_sorting/include -Ithird_party/cares/cares/include -Ithird_party/cares -Ithird_party/cares/cares -Ithird_party/cares/cares/src/lib/include -Ithird_party/cares/cares/src/lib -Ithird_party/cares/config_linux -Ithird_party/re2 -Ithird_party/boringssl-with-bazel/src/include -Ithird_party/upb -Isrc/core/ext/upb-gen -Isrc/core/ext/upbdefs-gen -Ithird_party/utf8_range -Ithird_party/xxhash -Ithird_party/zlib -I/usr/local/google/home/ssreenithi/.pyenv/versions/3.12.0/envs/pyvenv_312/include -I/usr/local/google/home/ssreenithi/.pyenv/versions/3.12.0/include/python3.12 -c third_party/abseil-cpp/absl/crc/internal/cpu_detect.cc -o pyb/temp.linux-x86_64-cpython-312/third_party/abseil-cpp/absl/crc/internal/cpu_detect.o -std=c++17 -fvisibility=hidden -fno-wrapv -fno-exceptions -pthread
      g++ -fno-strict-overflow -Wsign-compare -DNDEBUG -g -O3 -Wall -fPIC -D_WIN32_WINNT=1536 -DGRPC_XDS_USER_AGENT_NAME_SUFFIX=\"Python\" -DGRPC_XDS_USER_AGENT_VERSION_SUFFIX=\"1.79.0.dev0\" -DHAVE_CONFIG_H=1 -DGRPC_ENABLE_FORK_SUPPORT=1 -DGRPC_ENABLE_FORK_SUPPORT_DEFAULT=false -DGRPC_PYTHON_BUILD=1 -D__STDC_FORMAT_MACROS "-DPyMODINIT_FUNC=extern \"C\" __attribute__((visibility (\"default\"))) PyObject*" -DGRPC_POSIX_FORK_ALLOW_PTHREAD_ATFORK=1 -Isrc/python/grpcio -Iinclude -I. -Ithird_party/abseil-cpp -Ithird_party/address_sorting/include -Ithird_party/cares/cares/include -Ithird_party/cares -Ithird_party/cares/cares -Ithird_party/cares/cares/src/lib/include -Ithird_party/cares/cares/src/lib -Ithird_party/cares/config_linux -Ithird_party/re2 -Ithird_party/boringssl-with-bazel/src/include -Ithird_party/upb -Isrc/core/ext/upb-gen -Isrc/core/ext/upbdefs-gen -Ithird_party/utf8_range -Ithird_party/xxhash -Ithird_party/zlib -I/usr/local/google/home/ssreenithi/.pyenv/versions/3.12.0/envs/pyvenv_312/include -I/usr/local/google/home/ssreenithi/.pyenv/versions/3.12.0/include/python3.12 -c third_party/abseil-cpp/absl/debugging/internal/elf_mem_image.cc -o pyb/temp.linux-x86_64-cpython-312/third_party/abseil-cpp/absl/debugging/internal/elf_mem_image.o -std=c++17 -fvisibility=hidden -fno-wrapv -fno-exceptions -pthread
      g++ -fno-strict-overflow -Wsign-compare -DNDEBUG -g -O3 -Wall -fPIC -D_WIN32_WINNT=1536 -DGRPC_XDS_USER_AGENT_NAME_SUFFIX=\"Python\" -DGRPC_XDS_USER_AGENT_VERSION_SUFFIX=\"1.79.0.dev0\" -DHAVE_CONFIG_H=1 -DGRPC_ENABLE_FORK_SUPPORT=1 -DGRPC_ENABLE_FORK_SUPPORT_DEFAULT=false -DGRPC_PYTHON_BUILD=1 -D__STDC_FORMAT_MACROS "-DPyMODINIT_FUNC=extern \"C\" __attribute__((visibility (\"default\"))) PyObject*" -DGRPC_POSIX_FORK_ALLOW_PTHREAD_ATFORK=1 -Isrc/python/grpcio -Iinclude -I. -Ithird_party/abseil-cpp -Ithird_party/address_sorting/include -Ithird_party/cares/cares/include -Ithird_party/cares -Ithird_party/cares/cares -Ithird_party/cares/cares/src/lib/include -Ithird_party/cares/cares/src/lib -Ithird_party/cares/config_linux -Ithird_party/re2 -Ithird_party/boringssl-with-bazel/src/include -Ithird_party/upb -Isrc/core/ext/upb-gen -Isrc/core/ext/upbdefs-gen -Ithird_party/utf8_range -Ithird_party/xxhash -Ithird_party/zlib -I/usr/local/google/home/ssreenithi/.pyenv/versions/3.12.0/envs/pyvenv_312/include -I/usr/local/google/home/ssreenithi/.pyenv/versions/3.12.0/include/python3.12 -c third_party/abseil-cpp/absl/flags/internal/private_handle_accessor.cc -o pyb/temp.linux-x86_64-cpython-312/third_party/abseil-cpp/absl/flags/internal/private_handle_accessor.o -std=c++17 -fvisibility=hidden -fno-wrapv -fno-exceptions -pthread
      g++ -fno-strict-overflow -Wsign-compare -DNDEBUG -g -O3 -Wall -fPIC -D_WIN32_WINNT=1536 -DGRPC_XDS_USER_AGENT_NAME_SUFFIX=\"Python\" -DGRPC_XDS_USER_AGENT_VERSION_SUFFIX=\"1.79.0.dev0\" -DHAVE_CONFIG_H=1 -DGRPC_ENABLE_FORK_SUPPORT=1 -DGRPC_ENABLE_FORK_SUPPORT_DEFAULT=false -DGRPC_PYTHON_BUILD=1 -D__STDC_FORMAT_MACROS "-DPyMODINIT_FUNC=extern \"C\" __attribute__((visibility (\"default\"))) PyObject*" -DGRPC_POSIX_FORK_ALLOW_PTHREAD_ATFORK=1 -Isrc/python/grpcio -Iinclude -I. -Ithird_party/abseil-cpp -Ithird_party/address_sorting/include -Ithird_party/cares/cares/include -Ithird_party/cares -Ithird_party/cares/cares -Ithird_party/cares/cares/src/lib/include -Ithird_party/cares/cares/src/lib -Ithird_party/cares/config_linux -Ithird_party/re2 -Ithird_party/boringssl-with-bazel/src/include -Ithird_party/upb -Isrc/core/ext/upb-gen -Isrc/core/ext/upbdefs-gen -Ithird_party/utf8_range -Ithird_party/xxhash -Ithird_party/zlib -I/usr/local/google/home/ssreenithi/.pyenv/versions/3.12.0/envs/pyvenv_312/include -I/usr/local/google/home/ssreenithi/.pyenv/versions/3.12.0/include/python3.12 -c third_party/abseil-cpp/absl/log/internal/fnmatch.cc -o pyb/temp.linux-x86_64-cpython-312/third_party/abseil-cpp/absl/log/internal/fnmatch.o -std=c++17 -fvisibility=hidden -fno-wrapv -fno-exceptions -pthread
      In file included from ./src/core/lib/promise/activity.h:30,
                       from ./src/core/lib/resource_quota/memory_quota.h:39,
                       from ./src/core/lib/resource_quota/arena.h:39,
                       from ./src/core/call/message.h:20,
                       from ./src/core/telemetry/call_tracer.h:29,
                       from ./src/core/telemetry/metrics.h:28,
                       from ./src/core/load_balancing/lb_policy.h:41,
                       from ./src/core/load_balancing/endpoint_list.h:31,
                       from src/core/load_balancing/endpoint_list.cc:17:
      ./src/core/lib/promise/detail/promise_factory.h:210:5: warning: ‘always_inline’ function might not be inlinable unless also declared ‘inline’ [-Wattributes]
        210 |     PromiseFactoryImpl(Token, F&& f) {
            |     ^~~~~~~~~~~~~~~~~~
      ./src/core/lib/promise/detail/promise_factory.h:210:5: warning: ‘always_inline’ function might not be inlinable unless also declared ‘inline’ [-Wattributes]
      ./src/core/lib/promise/detail/promise_factory.h:210:5: warning: ‘always_inline’ function might not be inlinable unless also declared ‘inline’ [-Wattributes]
      ./src/core/lib/promise/detail/promise_factory.h:210:5: warning: ‘always_inline’ function might not be inlinable unless also declared ‘inline’ [-Wattributes]
      ./src/core/lib/promise/detail/promise_factory.h:210:5: warning: ‘always_inline’ function might not be inlinable unless also declared ‘inline’ [-Wattributes]
      ./src/core/lib/promise/detail/promise_factory.h:210:5: warning: ‘always_inline’ function might not be inlinable unless also declared ‘inline’ [-Wattributes]
      ./src/core/lib/promise/detail/promise_factory.h:210:5: warning: ‘always_inline’ function might not be inlinable unless also declared ‘inline’ [-Wattributes]
      g++ -fno-strict-overflow -Wsign-compare -DNDEBUG -g -O3 -Wall -fPIC -D_WIN32_WINNT=1536 -DGRPC_XDS_USER_AGENT_NAME_SUFFIX=\"Python\" -DGRPC_XDS_USER_AGENT_VERSION_SUFFIX=\"1.79.0.dev0\" -DHAVE_CONFIG_H=1 -DGRPC_ENABLE_FORK_SUPPORT=1 -DGRPC_ENABLE_FORK_SUPPORT_DEFAULT=false -DGRPC_PYTHON_BUILD=1 -D__STDC_FORMAT_MACROS "-DPyMODINIT_FUNC=extern \"C\" __attribute__((visibility (\"default\"))) PyObject*" -DGRPC_POSIX_FORK_ALLOW_PTHREAD_ATFORK=1 -Isrc/python/grpcio -Iinclude -I. -Ithird_party/abseil-cpp -Ithird_party/address_sorting/include -Ithird_party/cares/cares/include -Ithird_party/cares -Ithird_party/cares/cares -Ithird_party/cares/cares/src/lib/include -Ithird_party/cares/cares/src/lib -Ithird_party/cares/config_linux -Ithird_party/re2 -Ithird_party/boringssl-with-bazel/src/include -Ithird_party/upb -Isrc/core/ext/upb-gen -Isrc/core/ext/upbdefs-gen -Ithird_party/utf8_range -Ithird_party/xxhash -Ithird_party/zlib -I/usr/local/google/home/ssreenithi/.pyenv/versions/3.12.0/envs/pyvenv_312/include -I/usr/local/google/home/ssreenithi/.pyenv/versions/3.12.0/include/python3.12 -c src/core/ext/filters/channel_idle/idle_filter_state.cc -o pyb/temp.linux-x86_64-cpython-312/src/core/ext/filters/channel_idle/idle_filter_state.o -std=c++17 -fvisibility=hidden -fno-wrapv -fno-exceptions -pthread
      In file included from ./src/core/lib/promise/activity.h:30,
                       from ./src/core/call/call_state.h:23,
                       from ./src/core/call/call_filters.h:26,
                       from ./src/core/lib/surface/channel_init.h:31,
                       from ./src/core/config/core_configuration.h:29,
                       from src/core/xds/grpc/xds_common_types_parser.cc:35:
      ./src/core/lib/promise/detail/promise_factory.h:210:5: warning: ‘always_inline’ function might not be inlinable unless also declared ‘inline’ [-Wattributes]
        210 |     PromiseFactoryImpl(Token, F&& f) {
            |     ^~~~~~~~~~~~~~~~~~
      ./src/core/lib/promise/detail/promise_factory.h:210:5: warning: ‘always_inline’ function might not be inlinable unless also declared ‘inline’ [-Wattributes]
      ./src/core/lib/promise/detail/promise_factory.h:210:5: warning: ‘always_inline’ function might not be inlinable unless also declared ‘inline’ [-Wattributes]
      ./src/core/lib/promise/detail/promise_factory.h:210:5: warning: ‘always_inline’ function might not be inlinable unless also declared ‘inline’ [-Wattributes]
      ./src/core/lib/promise/detail/promise_factory.h:210:5: warning: ‘always_inline’ function might not be inlinable unless also declared ‘inline’ [-Wattributes]
      ./src/core/lib/promise/detail/promise_factory.h:210:5: warning: ‘always_inline’ function might not be inlinable unless also declared ‘inline’ [-Wattributes]
      ./src/core/lib/promise/detail/promise_factory.h:210:5: warning: ‘always_inline’ function might not be inlinable unless also declared ‘inline’ [-Wattributes]
      In file included from src/core/call/call_state.cc:15:
      ./src/core/call/call_state.h: In static member function ‘static const char* grpc_core::CallState::ClientToServerPushStateString(ClientToServerPushState)’:
      ./src/core/call/call_state.h:191:3: warning: control reaches end of non-void function [-Wreturn-type]
        191 |   }
            |   ^
      ./src/core/call/call_state.h: In static member function ‘static const char* grpc_core::CallState::ClientToServerPullStateString(ClientToServerPullState)’:
      ./src/core/call/call_state.h:161:3: warning: control reaches end of non-void function [-Wreturn-type]
        161 |   }
            |   ^
      ./src/core/call/call_state.h: In static member function ‘static const char* grpc_core::CallState::ServerToClientPullStateString(ServerToClientPullState)’:
      ./src/core/call/call_state.h:244:3: warning: control reaches end of non-void function [-Wreturn-type]
        244 |   }
            |   ^
      ./src/core/call/call_state.h: In static member function ‘static const char* grpc_core::CallState::ServerToClientPushStateString(ServerToClientPushState)’:
      ./src/core/call/call_state.h:284:3: warning: control reaches end of non-void function [-Wreturn-type]
        284 |   }
            |   ^
      ./src/core/call/call_state.h: In static member function ‘static const char* grpc_core::CallState::ServerTrailingMetadataStateString(ServerTrailingMetadataState)’:
      ./src/core/call/call_state.h:314:3: warning: control reaches end of non-void function [-Wreturn-type]
        314 |   }
            |   ^
      g++ -fno-strict-overflow -Wsign-compare -DNDEBUG -g -O3 -Wall -fPIC -D_WIN32_WINNT=1536 -DGRPC_XDS_USER_AGENT_NAME_SUFFIX=\"Python\" -DGRPC_XDS_USER_AGENT_VERSION_SUFFIX=\"1.79.0.dev0\" -DHAVE_CONFIG_H=1 -DGRPC_ENABLE_FORK_SUPPORT=1 -DGRPC_ENABLE_FORK_SUPPORT_DEFAULT=false -DGRPC_PYTHON_BUILD=1 -D__STDC_FORMAT_MACROS "-DPyMODINIT_FUNC=extern \"C\" __attribute__((visibility (\"default\"))) PyObject*" -DGRPC_POSIX_FORK_ALLOW_PTHREAD_ATFORK=1 -Isrc/python/grpcio -Iinclude -I. -Ithird_party/abseil-cpp -Ithird_party/address_sorting/include -Ithird_party/cares/cares/include -Ithird_party/cares -Ithird_party/cares/cares -Ithird_party/cares/cares/src/lib/include -Ithird_party/cares/cares/src/lib -Ithird_party/cares/config_linux -Ithird_party/re2 -Ithird_party/boringssl-with-bazel/src/include -Ithird_party/upb -Isrc/core/ext/upb-gen -Isrc/core/ext/upbdefs-gen -Ithird_party/utf8_range -Ithird_party/xxhash -Ithird_party/zlib -I/usr/local/google/home/ssreenithi/.pyenv/versions/3.12.0/envs/pyvenv_312/include -I/usr/local/google/home/ssreenithi/.pyenv/versions/3.12.0/include/python3.12 -c third_party/abseil-cpp/absl/random/gaussian_distribution.cc -o pyb/temp.linux-x86_64-cpython-312/third_party/abseil-cpp/absl/random/gaussian_distribution.o -std=c++17 -fvisibility=hidden -fno-wrapv -fno-exceptions -pthread
      In file included from ./src/core/call/call_filters.h:26,
                       from ./src/core/call/call_spine.h:21:
      ./src/core/call/call_state.h: In static member function ‘static const char* grpc_core::CallState::ServerToClientPushStateString(ServerToClientPushState)’:
      ./src/core/call/call_state.h:284:3: warning: control reaches end of non-void function [-Wreturn-type]
        284 |   }
            |   ^
      g++ -fno-strict-overflow -Wsign-compare -DNDEBUG -g -O3 -Wall -fPIC -D_WIN32_WINNT=1536 -DGRPC_XDS_USER_AGENT_NAME_SUFFIX=\"Python\" -DGRPC_XDS_USER_AGENT_VERSION_SUFFIX=\"1.79.0.dev0\" -DHAVE_CONFIG_H=1 -DGRPC_ENABLE_FORK_SUPPORT=1 -DGRPC_ENABLE_FORK_SUPPORT_DEFAULT=false -DGRPC_PYTHON_BUILD=1 -D__STDC_FORMAT_MACROS "-DPyMODINIT_FUNC=extern \"C\" __attribute__((visibility (\"default\"))) PyObject*" -DGRPC_POSIX_FORK_ALLOW_PTHREAD_ATFORK=1 -Isrc/python/grpcio -Iinclude -I. -Ithird_party/abseil-cpp -Ithird_party/address_sorting/include -Ithird_party/cares/cares/include -Ithird_party/cares -Ithird_party/cares/cares -Ithird_party/cares/cares/src/lib/include -Ithird_party/cares/cares/src/lib -Ithird_party/cares/config_linux -Ithird_party/re2 -Ithird_party/boringssl-with-bazel/src/include -Ithird_party/upb -Isrc/core/ext/upb-gen -Isrc/core/ext/upbdefs-gen -Ithird_party/utf8_range -Ithird_party/xxhash -Ithird_party/zlib -I/usr/local/google/home/ssreenithi/.pyenv/versions/3.12.0/envs/pyvenv_312/include -I/usr/local/google/home/ssreenithi/.pyenv/versions/3.12.0/include/python3.12 -c src/core/ext/filters/channel_idle/legacy_channel_idle_filter.cc -o pyb/temp.linux-x86_64-cpython-312/src/core/ext/filters/channel_idle/legacy_channel_idle_filter.o -std=c++17 -fvisibility=hidden -fno-wrapv -fno-exceptions -pthread
      g++ -fno-strict-overflow -Wsign-compare -DNDEBUG -g -O3 -Wall -fPIC -D_WIN32_WINNT=1536 -DGRPC_XDS_USER_AGENT_NAME_SUFFIX=\"Python\" -DGRPC_XDS_USER_AGENT_VERSION_SUFFIX=\"1.79.0.dev0\" -DHAVE_CONFIG_H=1 -DGRPC_ENABLE_FORK_SUPPORT=1 -DGRPC_ENABLE_FORK_SUPPORT_DEFAULT=false -DGRPC_PYTHON_BUILD=1 -D__STDC_FORMAT_MACROS "-DPyMODINIT_FUNC=extern \"C\" __attribute__((visibility (\"default\"))) PyObject*" -DGRPC_POSIX_FORK_ALLOW_PTHREAD_ATFORK=1 -Isrc/python/grpcio -Iinclude -I. -Ithird_party/abseil-cpp -Ithird_party/address_sorting/include -Ithird_party/cares/cares/include -Ithird_party/cares -Ithird_party/cares/cares -Ithird_party/cares/cares/src/lib/include -Ithird_party/cares/cares/src/lib -Ithird_party/cares/config_linux -Ithird_party/re2 -Ithird_party/boringssl-with-bazel/src/include -Ithird_party/upb -Isrc/core/ext/upb-gen -Isrc/core/ext/upbdefs-gen -Ithird_party/utf8_range -Ithird_party/xxhash -Ithird_party/zlib -I/usr/local/google/home/ssreenithi/.pyenv/versions/3.12.0/envs/pyvenv_312/include -I/usr/local/google/home/ssreenithi/.pyenv/versions/3.12.0/include/python3.12 -c src/core/call/client_call.cc -o pyb/temp.linux-x86_64-cpython-312/src/core/call/client_call.o -std=c++17 -fvisibility=hidden -fno-wrapv -fno-exceptions -pthread
      g++ -fno-strict-overflow -Wsign-compare -DNDEBUG -g -O3 -Wall -fPIC -D_WIN32_WINNT=1536 -DGRPC_XDS_USER_AGENT_NAME_SUFFIX=\"Python\" -DGRPC_XDS_USER_AGENT_VERSION_SUFFIX=\"1.79.0.dev0\" -DHAVE_CONFIG_H=1 -DGRPC_ENABLE_FORK_SUPPORT=1 -DGRPC_ENABLE_FORK_SUPPORT_DEFAULT=false -DGRPC_PYTHON_BUILD=1 -D__STDC_FORMAT_MACROS "-DPyMODINIT_FUNC=extern \"C\" __attribute__((visibility (\"default\"))) PyObject*" -DGRPC_POSIX_FORK_ALLOW_PTHREAD_ATFORK=1 -Isrc/python/grpcio -Iinclude -I. -Ithird_party/abseil-cpp -Ithird_party/address_sorting/include -Ithird_party/cares/cares/include -Ithird_party/cares -Ithird_party/cares/cares -Ithird_party/cares/cares/src/lib/include -Ithird_party/cares/cares/src/lib -Ithird_party/cares/config_linux -Ithird_party/re2 -Ithird_party/boringssl-with-bazel/src/include -Ithird_party/upb -Isrc/core/ext/upb-gen -Isrc/core/ext/upbdefs-gen -Ithird_party/utf8_range -Ithird_party/xxhash -Ithird_party/zlib -I/usr/local/google/home/ssreenithi/.pyenv/versions/3.12.0/envs/pyvenv_312/include -I/usr/local/google/home/ssreenithi/.pyenv/versions/3.12.0/include/python3.12 -c third_party/abseil-cpp/absl/log/internal/globals.cc -o pyb/temp.linux-x86_64-cpython-312/third_party/abseil-cpp/absl/log/internal/globals.o -std=c++17 -fvisibility=hidden -fno-wrapv -fno-exceptions -pthread
      g++ -fno-strict-overflow -Wsign-compare -DNDEBUG -g -O3 -Wall -fPIC -D_WIN32_WINNT=1536 -DGRPC_XDS_USER_AGENT_NAME_SUFFIX=\"Python\" -DGRPC_XDS_USER_AGENT_VERSION_SUFFIX=\"1.79.0.dev0\" -DHAVE_CONFIG_H=1 -DGRPC_ENABLE_FORK_SUPPORT=1 -DGRPC_ENABLE_FORK_SUPPORT_DEFAULT=false -DGRPC_PYTHON_BUILD=1 -D__STDC_FORMAT_MACROS "-DPyMODINIT_FUNC=extern \"C\" __attribute__((visibility (\"default\"))) PyObject*" -DGRPC_POSIX_FORK_ALLOW_PTHREAD_ATFORK=1 -Isrc/python/grpcio -Iinclude -I. -Ithird_party/abseil-cpp -Ithird_party/address_sorting/include -Ithird_party/cares/cares/include -Ithird_party/cares -Ithird_party/cares/cares -Ithird_party/cares/cares/src/lib/include -Ithird_party/cares/cares/src/lib -Ithird_party/cares/config_linux -Ithird_party/re2 -Ithird_party/boringssl-with-bazel/src/include -Ithird_party/upb -Isrc/core/ext/upb-gen -Isrc/core/ext/upbdefs-gen -Ithird_party/utf8_range -Ithird_party/xxhash -Ithird_party/zlib -I/usr/local/google/home/ssreenithi/.pyenv/versions/3.12.0/envs/pyvenv_312/include -I/usr/local/google/home/ssreenithi/.pyenv/versions/3.12.0/include/python3.12 -c third_party/abseil-cpp/absl/strings/escaping.cc -o pyb/temp.linux-x86_64-cpython-312/third_party/abseil-cpp/absl/strings/escaping.o -std=c++17 -fvisibility=hidden -fno-wrapv -fno-exceptions -pthread
      ./src/core/call/call_state.h: In static member function ‘static const char* grpc_core::CallState::ClientToServerPullStateString(ClientToServerPullState)’:
      ./src/core/call/call_state.h:161:3: warning: control reaches end of non-void function [-Wreturn-type]
        161 |   }
            |   ^
      ./src/core/call/call_state.h: In static member function ‘static const char* grpc_core::CallState::ClientToServerPushStateString(ClientToServerPushState)’:
      ./src/core/call/call_state.h:191:3: warning: control reaches end of non-void function [-Wreturn-type]
        191 |   }
            |   ^
      g++ -fno-strict-overflow -Wsign-compare -DNDEBUG -g -O3 -Wall -fPIC -D_WIN32_WINNT=1536 -DGRPC_XDS_USER_AGENT_NAME_SUFFIX=\"Python\" -DGRPC_XDS_USER_AGENT_VERSION_SUFFIX=\"1.79.0.dev0\" -DHAVE_CONFIG_H=1 -DGRPC_ENABLE_FORK_SUPPORT=1 -DGRPC_ENABLE_FORK_SUPPORT_DEFAULT=false -DGRPC_PYTHON_BUILD=1 -D__STDC_FORMAT_MACROS "-DPyMODINIT_FUNC=extern \"C\" __attribute__((visibility (\"default\"))) PyObject*" -DGRPC_POSIX_FORK_ALLOW_PTHREAD_ATFORK=1 -Isrc/python/grpcio -Iinclude -I. -Ithird_party/abseil-cpp -Ithird_party/address_sorting/include -Ithird_party/cares/cares/include -Ithird_party/cares -Ithird_party/cares/cares -Ithird_party/cares/cares/src/lib/include -Ithird_party/cares/cares/src/lib -Ithird_party/cares/config_linux -Ithird_party/re2 -Ithird_party/boringssl-with-bazel/src/include -Ithird_party/upb -Isrc/core/ext/upb-gen -Isrc/core/ext/upbdefs-gen -Ithird_party/utf8_range -Ithird_party/xxhash -Ithird_party/zlib -I/usr/local/google/home/ssreenithi/.pyenv/versions/3.12.0/envs/pyvenv_312/include -I/usr/local/google/home/ssreenithi/.pyenv/versions/3.12.0/include/python3.12 -c src/core/credentials/transport/google_default/credentials_generic.cc -o pyb/temp.linux-x86_64-cpython-312/src/core/credentials/transport/google_default/credentials_generic.o -std=c++17 -fvisibility=hidden -fno-wrapv -fno-exceptions -pthread
      g++ -fno-strict-overflow -Wsign-compare -DNDEBUG -g -O3 -Wall -fPIC -D_WIN32_WINNT=1536 -DGRPC_XDS_USER_AGENT_NAME_SUFFIX=\"Python\" -DGRPC_XDS_USER_AGENT_VERSION_SUFFIX=\"1.79.0.dev0\" -DHAVE_CONFIG_H=1 -DGRPC_ENABLE_FORK_SUPPORT=1 -DGRPC_ENABLE_FORK_SUPPORT_DEFAULT=false -DGRPC_PYTHON_BUILD=1 -D__STDC_FORMAT_MACROS "-DPyMODINIT_FUNC=extern \"C\" __attribute__((visibility (\"default\"))) PyObject*" -DGRPC_POSIX_FORK_ALLOW_PTHREAD_ATFORK=1 -Isrc/python/grpcio -Iinclude -I. -Ithird_party/abseil-cpp -Ithird_party/address_sorting/include -Ithird_party/cares/cares/include -Ithird_party/cares -Ithird_party/cares/cares -Ithird_party/cares/cares/src/lib/include -Ithird_party/cares/cares/src/lib -Ithird_party/cares/config_linux -Ithird_party/re2 -Ithird_party/boringssl-with-bazel/src/include -Ithird_party/upb -Isrc/core/ext/upb-gen -Isrc/core/ext/upbdefs-gen -Ithird_party/utf8_range -Ithird_party/xxhash -Ithird_party/zlib -I/usr/local/google/home/ssreenithi/.pyenv/versions/3.12.0/envs/pyvenv_312/include -I/usr/local/google/home/ssreenithi/.pyenv/versions/3.12.0/include/python3.12 -c src/core/call/security_context.cc -o pyb/temp.linux-x86_64-cpython-312/src/core/call/security_context.o -std=c++17 -fvisibility=hidden -fno-wrapv -fno-exceptions -pthread
      g++ -fno-strict-overflow -Wsign-compare -DNDEBUG -g -O3 -Wall -fPIC -D_WIN32_WINNT=1536 -DGRPC_XDS_USER_AGENT_NAME_SUFFIX=\"Python\" -DGRPC_XDS_USER_AGENT_VERSION_SUFFIX=\"1.79.0.dev0\" -DHAVE_CONFIG_H=1 -DGRPC_ENABLE_FORK_SUPPORT=1 -DGRPC_ENABLE_FORK_SUPPORT_DEFAULT=false -DGRPC_PYTHON_BUILD=1 -D__STDC_FORMAT_MACROS "-DPyMODINIT_FUNC=extern \"C\" __attribute__((visibility (\"default\"))) PyObject*" -DGRPC_POSIX_FORK_ALLOW_PTHREAD_ATFORK=1 -Isrc/python/grpcio -Iinclude -I. -Ithird_party/abseil-cpp -Ithird_party/address_sorting/include -Ithird_party/cares/cares/include -Ithird_party/cares -Ithird_party/cares/cares -Ithird_party/cares/cares/src/lib/include -Ithird_party/cares/cares/src/lib -Ithird_party/cares/config_linux -Ithird_party/re2 -Ithird_party/boringssl-with-bazel/src/include -Ithird_party/upb -Isrc/core/ext/upb-gen -Isrc/core/ext/upbdefs-gen -Ithird_party/utf8_range -Ithird_party/xxhash -Ithird_party/zlib -I/usr/local/google/home/ssreenithi/.pyenv/versions/3.12.0/envs/pyvenv_312/include -I/usr/local/google/home/ssreenithi/.pyenv/versions/3.12.0/include/python3.12 -c third_party/abseil-cpp/absl/strings/internal/cord_rep_consume.cc -o pyb/temp.linux-x86_64-cpython-312/third_party/abseil-cpp/absl/strings/internal/cord_rep_consume.o -std=c++17 -fvisibility=hidden -fno-wrapv -fno-exceptions -pthread
      g++ -fno-strict-overflow -Wsign-compare -DNDEBUG -g -O3 -Wall -fPIC -D_WIN32_WINNT=1536 -DGRPC_XDS_USER_AGENT_NAME_SUFFIX=\"Python\" -DGRPC_XDS_USER_AGENT_VERSION_SUFFIX=\"1.79.0.dev0\" -DHAVE_CONFIG_H=1 -DGRPC_ENABLE_FORK_SUPPORT=1 -DGRPC_ENABLE_FORK_SUPPORT_DEFAULT=false -DGRPC_PYTHON_BUILD=1 -D__STDC_FORMAT_MACROS "-DPyMODINIT_FUNC=extern \"C\" __attribute__((visibility (\"default\"))) PyObject*" -DGRPC_POSIX_FORK_ALLOW_PTHREAD_ATFORK=1 -Isrc/python/grpcio -Iinclude -I. -Ithird_party/abseil-cpp -Ithird_party/address_sorting/include -Ithird_party/cares/cares/include -Ithird_party/cares -Ithird_party/cares/cares -Ithird_party/cares/cares/src/lib/include -Ithird_party/cares/cares/src/lib -Ithird_party/cares/config_linux -Ithird_party/re2 -Ithird_party/boringssl-with-bazel/src/include -Ithird_party/upb -Isrc/core/ext/upb-gen -Isrc/core/ext/upbdefs-gen -Ithird_party/utf8_range -Ithird_party/xxhash -Ithird_party/zlib -I/usr/local/google/home/ssreenithi/.pyenv/versions/3.12.0/envs/pyvenv_312/include -I/usr/local/google/home/ssreenithi/.pyenv/versions/3.12.0/include/python3.12 -c third_party/abseil-cpp/absl/debugging/internal/examine_stack.cc -o pyb/temp.linux-x86_64-cpython-312/third_party/abseil-cpp/absl/debugging/internal/examine_stack.o -std=c++17 -fvisibility=hidden -fno-wrapv -fno-exceptions -pthread
      g++ -fno-strict-overflow -Wsign-compare -DNDEBUG -g -O3 -Wall -fPIC -D_WIN32_WINNT=1536 -DGRPC_XDS_USER_AGENT_NAME_SUFFIX=\"Python\" -DGRPC_XDS_USER_AGENT_VERSION_SUFFIX=\"1.79.0.dev0\" -DHAVE_CONFIG_H=1 -DGRPC_ENABLE_FORK_SUPPORT=1 -DGRPC_ENABLE_FORK_SUPPORT_DEFAULT=false -DGRPC_PYTHON_BUILD=1 -D__STDC_FORMAT_MACROS "-DPyMODINIT_FUNC=extern \"C\" __attribute__((visibility (\"default\"))) PyObject*" -DGRPC_POSIX_FORK_ALLOW_PTHREAD_ATFORK=1 -Isrc/python/grpcio -Iinclude -I. -Ithird_party/abseil-cpp -Ithird_party/address_sorting/include -Ithird_party/cares/cares/include -Ithird_party/cares -Ithird_party/cares/cares -Ithird_party/cares/cares/src/lib/include -Ithird_party/cares/cares/src/lib -Ithird_party/cares/config_linux -Ithird_party/re2 -Ithird_party/boringssl-with-bazel/src/include -Ithird_party/upb -Isrc/core/ext/upb-gen -Isrc/core/ext/upbdefs-gen -Ithird_party/utf8_range -Ithird_party/xxhash -Ithird_party/zlib -I/usr/local/google/home/ssreenithi/.pyenv/versions/3.12.0/envs/pyvenv_312/include -I/usr/local/google/home/ssreenithi/.pyenv/versions/3.12.0/include/python3.12 -c src/core/service_config/service_config_impl.cc -o pyb/temp.linux-x86_64-cpython-312/src/core/service_config/service_config_impl.o -std=c++17 -fvisibility=hidden -fno-wrapv -fno-exceptions -pthread
      g++ -fno-strict-overflow -Wsign-compare -DNDEBUG -g -O3 -Wall -fPIC -D_WIN32_WINNT=1536 -DGRPC_XDS_USER_AGENT_NAME_SUFFIX=\"Python\" -DGRPC_XDS_USER_AGENT_VERSION_SUFFIX=\"1.79.0.dev0\" -DHAVE_CONFIG_H=1 -DGRPC_ENABLE_FORK_SUPPORT=1 -DGRPC_ENABLE_FORK_SUPPORT_DEFAULT=false -DGRPC_PYTHON_BUILD=1 -D__STDC_FORMAT_MACROS "-DPyMODINIT_FUNC=extern \"C\" __attribute__((visibility (\"default\"))) PyObject*" -DGRPC_POSIX_FORK_ALLOW_PTHREAD_ATFORK=1 -Isrc/python/grpcio -Iinclude -I. -Ithird_party/abseil-cpp -Ithird_party/address_sorting/include -Ithird_party/cares/cares/include -Ithird_party/cares -Ithird_party/cares/cares -Ithird_party/cares/cares/src/lib/include -Ithird_party/cares/cares/src/lib -Ithird_party/cares/config_linux -Ithird_party/re2 -Ithird_party/boringssl-with-bazel/src/include -Ithird_party/upb -Isrc/core/ext/upb-gen -Isrc/core/ext/upbdefs-gen -Ithird_party/utf8_range -Ithird_party/xxhash -Ithird_party/zlib -I/usr/local/google/home/ssreenithi/.pyenv/versions/3.12.0/envs/pyvenv_312/include -I/usr/local/google/home/ssreenithi/.pyenv/versions/3.12.0/include/python3.12 -c third_party/abseil-cpp/absl/log/internal/nullguard.cc -o pyb/temp.linux-x86_64-cpython-312/third_party/abseil-cpp/absl/log/internal/nullguard.o -std=c++17 -fvisibility=hidden -fno-wrapv -fno-exceptions -pthread
      g++ -fno-strict-overflow -Wsign-compare -DNDEBUG -g -O3 -Wall -fPIC -D_WIN32_WINNT=1536 -DGRPC_XDS_USER_AGENT_NAME_SUFFIX=\"Python\" -DGRPC_XDS_USER_AGENT_VERSION_SUFFIX=\"1.79.0.dev0\" -DHAVE_CONFIG_H=1 -DGRPC_ENABLE_FORK_SUPPORT=1 -DGRPC_ENABLE_FORK_SUPPORT_DEFAULT=false -DGRPC_PYTHON_BUILD=1 -D__STDC_FORMAT_MACROS "-DPyMODINIT_FUNC=extern \"C\" __attribute__((visibility (\"default\"))) PyObject*" -DGRPC_POSIX_FORK_ALLOW_PTHREAD_ATFORK=1 -Isrc/python/grpcio -Iinclude -I. -Ithird_party/abseil-cpp -Ithird_party/address_sorting/include -Ithird_party/cares/cares/include -Ithird_party/cares -Ithird_party/cares/cares -Ithird_party/cares/cares/src/lib/include -Ithird_party/cares/cares/src/lib -Ithird_party/cares/config_linux -Ithird_party/re2 -Ithird_party/boringssl-with-bazel/src/include -Ithird_party/upb -Isrc/core/ext/upb-gen -Isrc/core/ext/upbdefs-gen -Ithird_party/utf8_range -Ithird_party/xxhash -Ithird_party/zlib -I/usr/local/google/home/ssreenithi/.pyenv/versions/3.12.0/envs/pyvenv_312/include -I/usr/local/google/home/ssreenithi/.pyenv/versions/3.12.0/include/python3.12 -c third_party/abseil-cpp/absl/random/seed_gen_exception.cc -o pyb/temp.linux-x86_64-cpython-312/third_party/abseil-cpp/absl/random/seed_gen_exception.o -std=c++17 -fvisibility=hidden -fno-wrapv -fno-exceptions -pthread
      g++ -fno-strict-overflow -Wsign-compare -DNDEBUG -g -O3 -Wall -fPIC -D_WIN32_WINNT=1536 -DGRPC_XDS_USER_AGENT_NAME_SUFFIX=\"Python\" -DGRPC_XDS_USER_AGENT_VERSION_SUFFIX=\"1.79.0.dev0\" -DHAVE_CONFIG_H=1 -DGRPC_ENABLE_FORK_SUPPORT=1 -DGRPC_ENABLE_FORK_SUPPORT_DEFAULT=false -DGRPC_PYTHON_BUILD=1 -D__STDC_FORMAT_MACROS "-DPyMODINIT_FUNC=extern \"C\" __attribute__((visibility (\"default\"))) PyObject*" -DGRPC_POSIX_FORK_ALLOW_PTHREAD_ATFORK=1 -Isrc/python/grpcio -Iinclude -I. -Ithird_party/abseil-cpp -Ithird_party/address_sorting/include -Ithird_party/cares/cares/include -Ithird_party/cares -Ithird_party/cares/cares -Ithird_party/cares/cares/src/lib/include -Ithird_party/cares/cares/src/lib -Ithird_party/cares/config_linux -Ithird_party/re2 -Ithird_party/boringssl-with-bazel/src/include -Ithird_party/upb -Isrc/core/ext/upb-gen -Isrc/core/ext/upbdefs-gen -Ithird_party/utf8_range -Ithird_party/xxhash -Ithird_party/zlib -I/usr/local/google/home/ssreenithi/.pyenv/versions/3.12.0/envs/pyvenv_312/include -I/usr/local/google/home/ssreenithi/.pyenv/versions/3.12.0/include/python3.12 -c third_party/abseil-cpp/absl/status/status_payload_printer.cc -o pyb/temp.linux-x86_64-cpython-312/third_party/abseil-cpp/absl/status/status_payload_printer.o -std=c++17 -fvisibility=hidden -fno-wrapv -fno-exceptions -pthread
      g++ -fno-strict-overflow -Wsign-compare -DNDEBUG -g -O3 -Wall -fPIC -D_WIN32_WINNT=1536 -DGRPC_XDS_USER_AGENT_NAME_SUFFIX=\"Python\" -DGRPC_XDS_USER_AGENT_VERSION_SUFFIX=\"1.79.0.dev0\" -DHAVE_CONFIG_H=1 -DGRPC_ENABLE_FORK_SUPPORT=1 -DGRPC_ENABLE_FORK_SUPPORT_DEFAULT=false -DGRPC_PYTHON_BUILD=1 -D__STDC_FORMAT_MACROS "-DPyMODINIT_FUNC=extern \"C\" __attribute__((visibility (\"default\"))) PyObject*" -DGRPC_POSIX_FORK_ALLOW_PTHREAD_ATFORK=1 -Isrc/python/grpcio -Iinclude -I. -Ithird_party/abseil-cpp -Ithird_party/address_sorting/include -Ithird_party/cares/cares/include -Ithird_party/cares -Ithird_party/cares/cares -Ithird_party/cares/cares/src/lib/include -Ithird_party/cares/cares/src/lib -Ithird_party/cares/config_linux -Ithird_party/re2 -Ithird_party/boringssl-with-bazel/src/include -Ithird_party/upb -Isrc/core/ext/upb-gen -Isrc/core/ext/upbdefs-gen -Ithird_party/utf8_range -Ithird_party/xxhash -Ithird_party/zlib -I/usr/local/google/home/ssreenithi/.pyenv/versions/3.12.0/envs/pyvenv_312/include -I/usr/local/google/home/ssreenithi/.pyenv/versions/3.12.0/include/python3.12 -c third_party/abseil-cpp/absl/log/internal/proto.cc -o pyb/temp.linux-x86_64-cpython-312/third_party/abseil-cpp/absl/log/internal/proto.o -std=c++17 -fvisibility=hidden -fno-wrapv -fno-exceptions -pthread
      g++ -fno-strict-overflow -Wsign-compare -DNDEBUG -g -O3 -Wall -fPIC -D_WIN32_WINNT=1536 -DGRPC_XDS_USER_AGENT_NAME_SUFFIX=\"Python\" -DGRPC_XDS_USER_AGENT_VERSION_SUFFIX=\"1.79.0.dev0\" -DHAVE_CONFIG_H=1 -DGRPC_ENABLE_FORK_SUPPORT=1 -DGRPC_ENABLE_FORK_SUPPORT_DEFAULT=false -DGRPC_PYTHON_BUILD=1 -D__STDC_FORMAT_MACROS "-DPyMODINIT_FUNC=extern \"C\" __attribute__((visibility (\"default\"))) PyObject*" -DGRPC_POSIX_FORK_ALLOW_PTHREAD_ATFORK=1 -Isrc/python/grpcio -Iinclude -I. -Ithird_party/abseil-cpp -Ithird_party/address_sorting/include -Ithird_party/cares/cares/include -Ithird_party/cares -Ithird_party/cares/cares -Ithird_party/cares/cares/src/lib/include -Ithird_party/cares/cares/src/lib -Ithird_party/cares/config_linux -Ithird_party/re2 -Ithird_party/boringssl-with-bazel/src/include -Ithird_party/upb -Isrc/core/ext/upb-gen -Isrc/core/ext/upbdefs-gen -Ithird_party/utf8_range -Ithird_party/xxhash -Ithird_party/zlib -I/usr/local/google/home/ssreenithi/.pyenv/versions/3.12.0/envs/pyvenv_312/include -I/usr/local/google/home/ssreenithi/.pyenv/versions/3.12.0/include/python3.12 -c third_party/abseil-cpp/absl/random/internal/entropy_pool.cc -o pyb/temp.linux-x86_64-cpython-312/third_party/abseil-cpp/absl/random/internal/entropy_pool.o -std=c++17 -fvisibility=hidden -fno-wrapv -fno-exceptions -pthread
      In file included from ./src/core/lib/promise/activity.h:30,
                       from ./src/core/call/call_state.h:23,
                       from ./src/core/call/call_filters.h:26,
                       from ./src/core/lib/surface/channel_init.h:31,
                       from ./src/core/config/core_configuration.h:29,
                       from src/core/lib/surface/init.cc:31:
      ./src/core/lib/promise/detail/promise_factory.h:210:5: warning: ‘always_inline’ function might not be inlinable unless also declared ‘inline’ [-Wattributes]
        210 |     PromiseFactoryImpl(Token, F&& f) {
            |     ^~~~~~~~~~~~~~~~~~
      ./src/core/lib/promise/detail/promise_factory.h:210:5: warning: ‘always_inline’ function might not be inlinable unless also declared ‘inline’ [-Wattributes]
      ./src/core/lib/promise/detail/promise_factory.h:210:5: warning: ‘always_inline’ function might not be inlinable unless also declared ‘inline’ [-Wattributes]
      ./src/core/lib/promise/detail/promise_factory.h:210:5: warning: ‘always_inline’ function might not be inlinable unless also declared ‘inline’ [-Wattributes]
      ./src/core/lib/promise/detail/promise_factory.h:210:5: warning: ‘always_inline’ function might not be inlinable unless also declared ‘inline’ [-Wattributes]
      ./src/core/lib/promise/detail/promise_factory.h:210:5: warning: ‘always_inline’ function might not be inlinable unless also declared ‘inline’ [-Wattributes]
      ./src/core/lib/promise/detail/promise_factory.h:210:5: warning: ‘always_inline’ function might not be inlinable unless also declared ‘inline’ [-Wattributes]
      ./src/core/lib/promise/detail/promise_factory.h:210:5: warning: ‘always_inline’ function might not be inlinable unless also declared ‘inline’ [-Wattributes]
      ./src/core/lib/promise/detail/promise_factory.h:210:5: warning: ‘always_inline’ function might not be inlinable unless also declared ‘inline’ [-Wattributes]
      ./src/core/lib/promise/detail/promise_factory.h:210:5: warning: ‘always_inline’ function might not be inlinable unless also declared ‘inline’ [-Wattributes]
      ./src/core/lib/promise/detail/promise_factory.h:210:5: warning: ‘always_inline’ function might not be inlinable unless also declared ‘inline’ [-Wattributes]
      ./src/core/lib/promise/detail/promise_factory.h:210:5: warning: ‘always_inline’ function might not be inlinable unless also declared ‘inline’ [-Wattributes]
      ./src/core/lib/promise/detail/promise_factory.h:210:5: warning: ‘always_inline’ function might not be inlinable unless also declared ‘inline’ [-Wattributes]
      ./src/core/lib/promise/detail/promise_factory.h:210:5: warning: ‘always_inline’ function might not be inlinable unless also declared ‘inline’ [-Wattributes]
      ./src/core/lib/promise/detail/promise_factory.h:210:5: warning: ‘always_inline’ function might not be inlinable unless also declared ‘inline’ [-Wattributes]
      ./src/core/lib/promise/detail/promise_factory.h:210:5: warning: ‘always_inline’ function might not be inlinable unless also declared ‘inline’ [-Wattributes]
      In file included from ./src/core/lib/promise/activity.h:30,
                       from ./src/core/lib/resource_quota/memory_quota.h:39,
                       from ./src/core/lib/resource_quota/arena.h:39,
                       from ./src/core/call/call_arena_allocator.h:24,
                       from ./src/core/call/call_spine.h:20,
                       from ./src/core/call/call_destination.h:20,
                       from ./src/core/call/interception_chain.h:23,
                       from ./src/core/filter/filter_chain.h:24,
                       from ./src/core/client_channel/dynamic_filters.h:27,
                       from src/core/client_channel/dynamic_filters.cc:17:
      ./src/core/lib/promise/detail/promise_factory.h:210:5: warning: ‘always_inline’ function might not be inlinable unless also declared ‘inline’ [-Wattributes]
        210 |     PromiseFactoryImpl(Token, F&& f) {
            |     ^~~~~~~~~~~~~~~~~~
      ./src/core/lib/promise/detail/promise_factory.h:210:5: warning: ‘always_inline’ function might not be inlinable unless also declared ‘inline’ [-Wattributes]
      ./src/core/lib/promise/detail/promise_factory.h:210:5: warning: ‘always_inline’ function might not be inlinable unless also declared ‘inline’ [-Wattributes]
      ./src/core/lib/promise/detail/promise_factory.h:210:5: warning: ‘always_inline’ function might not be inlinable unless also declared ‘inline’ [-Wattributes]
      ./src/core/lib/promise/detail/promise_factory.h:210:5: warning: ‘always_inline’ function might not be inlinable unless also declared ‘inline’ [-Wattributes]
      ./src/core/lib/promise/detail/promise_factory.h:210:5: warning: ‘always_inline’ function might not be inlinable unless also declared ‘inline’ [-Wattributes]
      ./src/core/lib/promise/detail/promise_factory.h:210:5: warning: ‘always_inline’ function might not be inlinable unless also declared ‘inline’ [-Wattributes]
      ./src/core/lib/promise/detail/promise_factory.h:210:5: warning: ‘always_inline’ function might not be inlinable unless also declared ‘inline’ [-Wattributes]
      g++ -fno-strict-overflow -Wsign-compare -DNDEBUG -g -O3 -Wall -fPIC -D_WIN32_WINNT=1536 -DGRPC_XDS_USER_AGENT_NAME_SUFFIX=\"Python\" -DGRPC_XDS_USER_AGENT_VERSION_SUFFIX=\"1.79.0.dev0\" -DHAVE_CONFIG_H=1 -DGRPC_ENABLE_FORK_SUPPORT=1 -DGRPC_ENABLE_FORK_SUPPORT_DEFAULT=false -DGRPC_PYTHON_BUILD=1 -D__STDC_FORMAT_MACROS "-DPyMODINIT_FUNC=extern \"C\" __attribute__((visibility (\"default\"))) PyObject*" -DGRPC_POSIX_FORK_ALLOW_PTHREAD_ATFORK=1 -Isrc/python/grpcio -Iinclude -I. -Ithird_party/abseil-cpp -Ithird_party/address_sorting/include -Ithird_party/cares/cares/include -Ithird_party/cares -Ithird_party/cares/cares -Ithird_party/cares/cares/src/lib/include -Ithird_party/cares/cares/src/lib -Ithird_party/cares/config_linux -Ithird_party/re2 -Ithird_party/boringssl-with-bazel/src/include -Ithird_party/upb -Isrc/core/ext/upb-gen -Isrc/core/ext/upbdefs-gen -Ithird_party/utf8_range -Ithird_party/xxhash -Ithird_party/zlib -I/usr/local/google/home/ssreenithi/.pyenv/versions/3.12.0/envs/pyvenv_312/include -I/usr/local/google/home/ssreenithi/.pyenv/versions/3.12.0/include/python3.12 -c src/core/lib/iomgr/tcp_server_utils_posix_ifaddrs.cc -o pyb/temp.linux-x86_64-cpython-312/src/core/lib/iomgr/tcp_server_utils_posix_ifaddrs.o -std=c++17 -fvisibility=hidden -fno-wrapv -fno-exceptions -pthread
      g++ -fno-strict-overflow -Wsign-compare -DNDEBUG -g -O3 -Wall -fPIC -D_WIN32_WINNT=1536 -DGRPC_XDS_USER_AGENT_NAME_SUFFIX=\"Python\" -DGRPC_XDS_USER_AGENT_VERSION_SUFFIX=\"1.79.0.dev0\" -DHAVE_CONFIG_H=1 -DGRPC_ENABLE_FORK_SUPPORT=1 -DGRPC_ENABLE_FORK_SUPPORT_DEFAULT=false -DGRPC_PYTHON_BUILD=1 -D__STDC_FORMAT_MACROS "-DPyMODINIT_FUNC=extern \"C\" __attribute__((visibility (\"default\"))) PyObject*" -DGRPC_POSIX_FORK_ALLOW_PTHREAD_ATFORK=1 -Isrc/python/grpcio -Iinclude -I. -Ithird_party/abseil-cpp -Ithird_party/address_sorting/include -Ithird_party/cares/cares/include -Ithird_party/cares -Ithird_party/cares/cares -Ithird_party/cares/cares/src/lib/include -Ithird_party/cares/cares/src/lib -Ithird_party/cares/config_linux -Ithird_party/re2 -Ithird_party/boringssl-with-bazel/src/include -Ithird_party/upb -Isrc/core/ext/upb-gen -Isrc/core/ext/upbdefs-gen -Ithird_party/utf8_range -Ithird_party/xxhash -Ithird_party/zlib -I/usr/local/google/home/ssreenithi/.pyenv/versions/3.12.0/envs/pyvenv_312/include -I/usr/local/google/home/ssreenithi/.pyenv/versions/3.12.0/include/python3.12 -c third_party/abseil-cpp/absl/crc/internal/crc_x86_arm_combined.cc -o pyb/temp.linux-x86_64-cpython-312/third_party/abseil-cpp/absl/crc/internal/crc_x86_arm_combined.o -std=c++17 -fvisibility=hidden -fno-wrapv -fno-exceptions -pthread
      g++ -fno-strict-overflow -Wsign-compare -DNDEBUG -g -O3 -Wall -fPIC -D_WIN32_WINNT=1536 -DGRPC_XDS_USER_AGENT_NAME_SUFFIX=\"Python\" -DGRPC_XDS_USER_AGENT_VERSION_SUFFIX=\"1.79.0.dev0\" -DHAVE_CONFIG_H=1 -DGRPC_ENABLE_FORK_SUPPORT=1 -DGRPC_ENABLE_FORK_SUPPORT_DEFAULT=false -DGRPC_PYTHON_BUILD=1 -D__STDC_FORMAT_MACROS "-DPyMODINIT_FUNC=extern \"C\" __attribute__((visibility (\"default\"))) PyObject*" -DGRPC_POSIX_FORK_ALLOW_PTHREAD_ATFORK=1 -Isrc/python/grpcio -Iinclude -I. -Ithird_party/abseil-cpp -Ithird_party/address_sorting/include -Ithird_party/cares/cares/include -Ithird_party/cares -Ithird_party/cares/cares -Ithird_party/cares/cares/src/lib/include -Ithird_party/cares/cares/src/lib -Ithird_party/cares/config_linux -Ithird_party/re2 -Ithird_party/boringssl-with-bazel/src/include -Ithird_party/upb -Isrc/core/ext/upb-gen -Isrc/core/ext/upbdefs-gen -Ithird_party/utf8_range -Ithird_party/xxhash -Ithird_party/zlib -I/usr/local/google/home/ssreenithi/.pyenv/versions/3.12.0/envs/pyvenv_312/include -I/usr/local/google/home/ssreenithi/.pyenv/versions/3.12.0/include/python3.12 -c src/core/tsi/alts/handshaker/alts_tsi_utils.cc -o pyb/temp.linux-x86_64-cpython-312/src/core/tsi/alts/handshaker/alts_tsi_utils.o -std=c++17 -fvisibility=hidden -fno-wrapv -fno-exceptions -pthread
      g++ -fno-strict-overflow -Wsign-compare -DNDEBUG -g -O3 -Wall -fPIC -D_WIN32_WINNT=1536 -DGRPC_XDS_USER_AGENT_NAME_SUFFIX=\"Python\" -DGRPC_XDS_USER_AGENT_VERSION_SUFFIX=\"1.79.0.dev0\" -DHAVE_CONFIG_H=1 -DGRPC_ENABLE_FORK_SUPPORT=1 -DGRPC_ENABLE_FORK_SUPPORT_DEFAULT=false -DGRPC_PYTHON_BUILD=1 -D__STDC_FORMAT_MACROS "-DPyMODINIT_FUNC=extern \"C\" __attribute__((visibility (\"default\"))) PyObject*" -DGRPC_POSIX_FORK_ALLOW_PTHREAD_ATFORK=1 -Isrc/python/grpcio -Iinclude -I. -Ithird_party/abseil-cpp -Ithird_party/address_sorting/include -Ithird_party/cares/cares/include -Ithird_party/cares -Ithird_party/cares/cares -Ithird_party/cares/cares/src/lib/include -Ithird_party/cares/cares/src/lib -Ithird_party/cares/config_linux -Ithird_party/re2 -Ithird_party/boringssl-with-bazel/src/include -Ithird_party/upb -Isrc/core/ext/upb-gen -Isrc/core/ext/upbdefs-gen -Ithird_party/utf8_range -Ithird_party/xxhash -Ithird_party/zlib -I/usr/local/google/home/ssreenithi/.pyenv/versions/3.12.0/envs/pyvenv_312/include -I/usr/local/google/home/ssreenithi/.pyenv/versions/3.12.0/include/python3.12 -c third_party/abseil-cpp/absl/random/seed_sequences.cc -o pyb/temp.linux-x86_64-cpython-312/third_party/abseil-cpp/absl/random/seed_sequences.o -std=c++17 -fvisibility=hidden -fno-wrapv -fno-exceptions -pthread
      g++ -fno-strict-overflow -Wsign-compare -DNDEBUG -g -O3 -Wall -fPIC -D_WIN32_WINNT=1536 -DGRPC_XDS_USER_AGENT_NAME_SUFFIX=\"Python\" -DGRPC_XDS_USER_AGENT_VERSION_SUFFIX=\"1.79.0.dev0\" -DHAVE_CONFIG_H=1 -DGRPC_ENABLE_FORK_SUPPORT=1 -DGRPC_ENABLE_FORK_SUPPORT_DEFAULT=false -DGRPC_PYTHON_BUILD=1 -D__STDC_FORMAT_MACROS "-DPyMODINIT_FUNC=extern \"C\" __attribute__((visibility (\"default\"))) PyObject*" -DGRPC_POSIX_FORK_ALLOW_PTHREAD_ATFORK=1 -Isrc/python/grpcio -Iinclude -I. -Ithird_party/abseil-cpp -Ithird_party/address_sorting/include -Ithird_party/cares/cares/include -Ithird_party/cares -Ithird_party/cares/cares -Ithird_party/cares/cares/src/lib/include -Ithird_party/cares/cares/src/lib -Ithird_party/cares/config_linux -Ithird_party/re2 -Ithird_party/boringssl-with-bazel/src/include -Ithird_party/upb -Isrc/core/ext/upb-gen -Isrc/core/ext/upbdefs-gen -Ithird_party/utf8_range -Ithird_party/xxhash -Ithird_party/zlib -I/usr/local/google/home/ssreenithi/.pyenv/versions/3.12.0/envs/pyvenv_312/include -I/usr/local/google/home/ssreenithi/.pyenv/versions/3.12.0/include/python3.12 -c src/core/resolver/resolver.cc -o pyb/temp.linux-x86_64-cpython-312/src/core/resolver/resolver.o -std=c++17 -fvisibility=hidden -fno-wrapv -fno-exceptions -pthread
      g++ -fno-strict-overflow -Wsign-compare -DNDEBUG -g -O3 -Wall -fPIC -D_WIN32_WINNT=1536 -DGRPC_XDS_USER_AGENT_NAME_SUFFIX=\"Python\" -DGRPC_XDS_USER_AGENT_VERSION_SUFFIX=\"1.79.0.dev0\" -DHAVE_CONFIG_H=1 -DGRPC_ENABLE_FORK_SUPPORT=1 -DGRPC_ENABLE_FORK_SUPPORT_DEFAULT=false -DGRPC_PYTHON_BUILD=1 -D__STDC_FORMAT_MACROS "-DPyMODINIT_FUNC=extern \"C\" __attribute__((visibility (\"default\"))) PyObject*" -DGRPC_POSIX_FORK_ALLOW_PTHREAD_ATFORK=1 -Isrc/python/grpcio -Iinclude -I. -Ithird_party/abseil-cpp -Ithird_party/address_sorting/include -Ithird_party/cares/cares/include -Ithird_party/cares -Ithird_party/cares/cares -Ithird_party/cares/cares/src/lib/include -Ithird_party/cares/cares/src/lib -Ithird_party/cares/config_linux -Ithird_party/re2 -Ithird_party/boringssl-with-bazel/src/include -Ithird_party/upb -Isrc/core/ext/upb-gen -Isrc/core/ext/upbdefs-gen -Ithird_party/utf8_range -Ithird_party/xxhash -Ithird_party/zlib -I/usr/local/google/home/ssreenithi/.pyenv/versions/3.12.0/envs/pyvenv_312/include -I/usr/local/google/home/ssreenithi/.pyenv/versions/3.12.0/include/python3.12 -c third_party/abseil-cpp/absl/debugging/internal/utf8_for_code_point.cc -o pyb/temp.linux-x86_64-cpython-312/third_party/abseil-cpp/absl/debugging/internal/utf8_for_code_point.o -std=c++17 -fvisibility=hidden -fno-wrapv -fno-exceptions -pthread
      g++ -fno-strict-overflow -Wsign-compare -DNDEBUG -g -O3 -Wall -fPIC -D_WIN32_WINNT=1536 -DGRPC_XDS_USER_AGENT_NAME_SUFFIX=\"Python\" -DGRPC_XDS_USER_AGENT_VERSION_SUFFIX=\"1.79.0.dev0\" -DHAVE_CONFIG_H=1 -DGRPC_ENABLE_FORK_SUPPORT=1 -DGRPC_ENABLE_FORK_SUPPORT_DEFAULT=false -DGRPC_PYTHON_BUILD=1 -D__STDC_FORMAT_MACROS "-DPyMODINIT_FUNC=extern \"C\" __attribute__((visibility (\"default\"))) PyObject*" -DGRPC_POSIX_FORK_ALLOW_PTHREAD_ATFORK=1 -Isrc/python/grpcio -Iinclude -I. -Ithird_party/abseil-cpp -Ithird_party/address_sorting/include -Ithird_party/cares/cares/include -Ithird_party/cares -Ithird_party/cares/cares -Ithird_party/cares/cares/src/lib/include -Ithird_party/cares/cares/src/lib -Ithird_party/cares/config_linux -Ithird_party/re2 -Ithird_party/boringssl-with-bazel/src/include -Ithird_party/upb -Isrc/core/ext/upb-gen -Isrc/core/ext/upbdefs-gen -Ithird_party/utf8_range -Ithird_party/xxhash -Ithird_party/zlib -I/usr/local/google/home/ssreenithi/.pyenv/versions/3.12.0/envs/pyvenv_312/include -I/usr/local/google/home/ssreenithi/.pyenv/versions/3.12.0/include/python3.12 -c third_party/abseil-cpp/absl/log/internal/log_format.cc -o pyb/temp.linux-x86_64-cpython-312/third_party/abseil-cpp/absl/log/internal/log_format.o -std=c++17 -fvisibility=hidden -fno-wrapv -fno-exceptions -pthread
      g++ -fno-strict-overflow -Wsign-compare -DNDEBUG -g -O3 -Wall -fPIC -D_WIN32_WINNT=1536 -DGRPC_XDS_USER_AGENT_NAME_SUFFIX=\"Python\" -DGRPC_XDS_USER_AGENT_VERSION_SUFFIX=\"1.79.0.dev0\" -DHAVE_CONFIG_H=1 -DGRPC_ENABLE_FORK_SUPPORT=1 -DGRPC_ENABLE_FORK_SUPPORT_DEFAULT=false -DGRPC_PYTHON_BUILD=1 -D__STDC_FORMAT_MACROS "-DPyMODINIT_FUNC=extern \"C\" __attribute__((visibility (\"default\"))) PyObject*" -DGRPC_POSIX_FORK_ALLOW_PTHREAD_ATFORK=1 -Isrc/python/grpcio -Iinclude -I. -Ithird_party/abseil-cpp -Ithird_party/address_sorting/include -Ithird_party/cares/cares/include -Ithird_party/cares -Ithird_party/cares/cares -Ithird_party/cares/cares/src/lib/include -Ithird_party/cares/cares/src/lib -Ithird_party/cares/config_linux -Ithird_party/re2 -Ithird_party/boringssl-with-bazel/src/include -Ithird_party/upb -Isrc/core/ext/upb-gen -Isrc/core/ext/upbdefs-gen -Ithird_party/utf8_range -Ithird_party/xxhash -Ithird_party/zlib -I/usr/local/google/home/ssreenithi/.pyenv/versions/3.12.0/envs/pyvenv_312/include -I/usr/local/google/home/ssreenithi/.pyenv/versions/3.12.0/include/python3.12 -c third_party/abseil-cpp/absl/strings/internal/cord_rep_crc.cc -o pyb/temp.linux-x86_64-cpython-312/third_party/abseil-cpp/absl/strings/internal/cord_rep_crc.o -std=c++17 -fvisibility=hidden -fno-wrapv -fno-exceptions -pthread
      g++ -fno-strict-overflow -Wsign-compare -DNDEBUG -g -O3 -Wall -fPIC -D_WIN32_WINNT=1536 -DGRPC_XDS_USER_AGENT_NAME_SUFFIX=\"Python\" -DGRPC_XDS_USER_AGENT_VERSION_SUFFIX=\"1.79.0.dev0\" -DHAVE_CONFIG_H=1 -DGRPC_ENABLE_FORK_SUPPORT=1 -DGRPC_ENABLE_FORK_SUPPORT_DEFAULT=false -DGRPC_PYTHON_BUILD=1 -D__STDC_FORMAT_MACROS "-DPyMODINIT_FUNC=extern \"C\" __attribute__((visibility (\"default\"))) PyObject*" -DGRPC_POSIX_FORK_ALLOW_PTHREAD_ATFORK=1 -Isrc/python/grpcio -Iinclude -I. -Ithird_party/abseil-cpp -Ithird_party/address_sorting/include -Ithird_party/cares/cares/include -Ithird_party/cares -Ithird_party/cares/cares -Ithird_party/cares/cares/src/lib/include -Ithird_party/cares/cares/src/lib -Ithird_party/cares/config_linux -Ithird_party/re2 -Ithird_party/boringssl-with-bazel/src/include -Ithird_party/upb -Isrc/core/ext/upb-gen -Isrc/core/ext/upbdefs-gen -Ithird_party/utf8_range -Ithird_party/xxhash -Ithird_party/zlib -I/usr/local/google/home/ssreenithi/.pyenv/versions/3.12.0/envs/pyvenv_312/include -I/usr/local/google/home/ssreenithi/.pyenv/versions/3.12.0/include/python3.12 -c third_party/abseil-cpp/absl/strings/internal/memutil.cc -o pyb/temp.linux-x86_64-cpython-312/third_party/abseil-cpp/absl/strings/internal/memutil.o -std=c++17 -fvisibility=hidden -fno-wrapv -fno-exceptions -pthread
      g++ -fno-strict-overflow -Wsign-compare -DNDEBUG -g -O3 -Wall -fPIC -D_WIN32_WINNT=1536 -DGRPC_XDS_USER_AGENT_NAME_SUFFIX=\"Python\" -DGRPC_XDS_USER_AGENT_VERSION_SUFFIX=\"1.79.0.dev0\" -DHAVE_CONFIG_H=1 -DGRPC_ENABLE_FORK_SUPPORT=1 -DGRPC_ENABLE_FORK_SUPPORT_DEFAULT=false -DGRPC_PYTHON_BUILD=1 -D__STDC_FORMAT_MACROS "-DPyMODINIT_FUNC=extern \"C\" __attribute__((visibility (\"default\"))) PyObject*" -DGRPC_POSIX_FORK_ALLOW_PTHREAD_ATFORK=1 -Isrc/python/grpcio -Iinclude -I. -Ithird_party/abseil-cpp -Ithird_party/address_sorting/include -Ithird_party/cares/cares/include -Ithird_party/cares -Ithird_party/cares/cares -Ithird_party/cares/cares/src/lib/include -Ithird_party/cares/cares/src/lib -Ithird_party/cares/config_linux -Ithird_party/re2 -Ithird_party/boringssl-with-bazel/src/include -Ithird_party/upb -Isrc/core/ext/upb-gen -Isrc/core/ext/upbdefs-gen -Ithird_party/utf8_range -Ithird_party/xxhash -Ithird_party/zlib -I/usr/local/google/home/ssreenithi/.pyenv/versions/3.12.0/envs/pyvenv_312/include -I/usr/local/google/home/ssreenithi/.pyenv/versions/3.12.0/include/python3.12 -c third_party/abseil-cpp/absl/debugging/internal/vdso_support.cc -o pyb/temp.linux-x86_64-cpython-312/third_party/abseil-cpp/absl/debugging/internal/vdso_support.o -std=c++17 -fvisibility=hidden -fno-wrapv -fno-exceptions -pthread
      g++ -fno-strict-overflow -Wsign-compare -DNDEBUG -g -O3 -Wall -fPIC -D_WIN32_WINNT=1536 -DGRPC_XDS_USER_AGENT_NAME_SUFFIX=\"Python\" -DGRPC_XDS_USER_AGENT_VERSION_SUFFIX=\"1.79.0.dev0\" -DHAVE_CONFIG_H=1 -DGRPC_ENABLE_FORK_SUPPORT=1 -DGRPC_ENABLE_FORK_SUPPORT_DEFAULT=false -DGRPC_PYTHON_BUILD=1 -D__STDC_FORMAT_MACROS "-DPyMODINIT_FUNC=extern \"C\" __attribute__((visibility (\"default\"))) PyObject*" -DGRPC_POSIX_FORK_ALLOW_PTHREAD_ATFORK=1 -Isrc/python/grpcio -Iinclude -I. -Ithird_party/abseil-cpp -Ithird_party/address_sorting/include -Ithird_party/cares/cares/include -Ithird_party/cares -Ithird_party/cares/cares -Ithird_party/cares/cares/src/lib/include -Ithird_party/cares/cares/src/lib -Ithird_party/cares/config_linux -Ithird_party/re2 -Ithird_party/boringssl-with-bazel/src/include -Ithird_party/upb -Isrc/core/ext/upb-gen -Isrc/core/ext/upbdefs-gen -Ithird_party/utf8_range -Ithird_party/xxhash -Ithird_party/zlib -I/usr/local/google/home/ssreenithi/.pyenv/versions/3.12.0/envs/pyvenv_312/include -I/usr/local/google/home/ssreenithi/.pyenv/versions/3.12.0/include/python3.12 -c src/core/lib/security/authorization/matchers.cc -o pyb/temp.linux-x86_64-cpython-312/src/core/lib/security/authorization/matchers.o -std=c++17 -fvisibility=hidden -fno-wrapv -fno-exceptions -pthread
      g++ -fno-strict-overflow -Wsign-compare -DNDEBUG -g -O3 -Wall -fPIC -D_WIN32_WINNT=1536 -DGRPC_XDS_USER_AGENT_NAME_SUFFIX=\"Python\" -DGRPC_XDS_USER_AGENT_VERSION_SUFFIX=\"1.79.0.dev0\" -DHAVE_CONFIG_H=1 -DGRPC_ENABLE_FORK_SUPPORT=1 -DGRPC_ENABLE_FORK_SUPPORT_DEFAULT=false -DGRPC_PYTHON_BUILD=1 -D__STDC_FORMAT_MACROS "-DPyMODINIT_FUNC=extern \"C\" __attribute__((visibility (\"default\"))) PyObject*" -DGRPC_POSIX_FORK_ALLOW_PTHREAD_ATFORK=1 -Isrc/python/grpcio -Iinclude -I. -Ithird_party/abseil-cpp -Ithird_party/address_sorting/include -Ithird_party/cares/cares/include -Ithird_party/cares -Ithird_party/cares/cares -Ithird_party/cares/cares/src/lib/include -Ithird_party/cares/cares/src/lib -Ithird_party/cares/config_linux -Ithird_party/re2 -Ithird_party/boringssl-with-bazel/src/include -Ithird_party/upb -Isrc/core/ext/upb-gen -Isrc/core/ext/upbdefs-gen -Ithird_party/utf8_range -Ithird_party/xxhash -Ithird_party/zlib -I/usr/local/google/home/ssreenithi/.pyenv/versions/3.12.0/envs/pyvenv_312/include -I/usr/local/google/home/ssreenithi/.pyenv/versions/3.12.0/include/python3.12 -c third_party/abseil-cpp/absl/log/internal/structured_proto.cc -o pyb/temp.linux-x86_64-cpython-312/third_party/abseil-cpp/absl/log/internal/structured_proto.o -std=c++17 -fvisibility=hidden -fno-wrapv -fno-exceptions -pthread
      g++ -fno-strict-overflow -Wsign-compare -DNDEBUG -g -O3 -Wall -fPIC -D_WIN32_WINNT=1536 -DGRPC_XDS_USER_AGENT_NAME_SUFFIX=\"Python\" -DGRPC_XDS_USER_AGENT_VERSION_SUFFIX=\"1.79.0.dev0\" -DHAVE_CONFIG_H=1 -DGRPC_ENABLE_FORK_SUPPORT=1 -DGRPC_ENABLE_FORK_SUPPORT_DEFAULT=false -DGRPC_PYTHON_BUILD=1 -D__STDC_FORMAT_MACROS "-DPyMODINIT_FUNC=extern \"C\" __attribute__((visibility (\"default\"))) PyObject*" -DGRPC_POSIX_FORK_ALLOW_PTHREAD_ATFORK=1 -Isrc/python/grpcio -Iinclude -I. -Ithird_party/abseil-cpp -Ithird_party/address_sorting/include -Ithird_party/cares/cares/include -Ithird_party/cares -Ithird_party/cares/cares -Ithird_party/cares/cares/src/lib/include -Ithird_party/cares/cares/src/lib -Ithird_party/cares/config_linux -Ithird_party/re2 -Ithird_party/boringssl-with-bazel/src/include -Ithird_party/upb -Isrc/core/ext/upb-gen -Isrc/core/ext/upbdefs-gen -Ithird_party/utf8_range -Ithird_party/xxhash -Ithird_party/zlib -I/usr/local/google/home/ssreenithi/.pyenv/versions/3.12.0/envs/pyvenv_312/include -I/usr/local/google/home/ssreenithi/.pyenv/versions/3.12.0/include/python3.12 -c src/core/util/json/json_reader.cc -o pyb/temp.linux-x86_64-cpython-312/src/core/util/json/json_reader.o -std=c++17 -fvisibility=hidden -fno-wrapv -fno-exceptions -pthread
      In file included from ./src/core/lib/promise/activity.h:30,
                       from ./src/core/lib/resource_quota/memory_quota.h:39,
                       from ./src/core/lib/resource_quota/arena.h:39,
                       from ./src/core/util/chunked_vector.h:24,
                       from ./src/core/call/metadata_batch.h:41,
                       from src/core/resolver/xds/xds_resolver.cc:36:
      ./src/core/lib/promise/detail/promise_factory.h:210:5: warning: ‘always_inline’ function might not be inlinable unless also declared ‘inline’ [-Wattributes]
        210 |     PromiseFactoryImpl(Token, F&& f) {
            |     ^~~~~~~~~~~~~~~~~~
      ./src/core/lib/promise/detail/promise_factory.h:210:5: warning: ‘always_inline’ function might not be inlinable unless also declared ‘inline’ [-Wattributes]
      ./src/core/lib/promise/detail/promise_factory.h:210:5: warning: ‘always_inline’ function might not be inlinable unless also declared ‘inline’ [-Wattributes]
      ./src/core/lib/promise/detail/promise_factory.h:210:5: warning: ‘always_inline’ function might not be inlinable unless also declared ‘inline’ [-Wattributes]
      ./src/core/lib/promise/detail/promise_factory.h:210:5: warning: ‘always_inline’ function might not be inlinable unless also declared ‘inline’ [-Wattributes]
      ./src/core/lib/promise/detail/promise_factory.h:210:5: warning: ‘always_inline’ function might not be inlinable unless also declared ‘inline’ [-Wattributes]
      ./src/core/lib/promise/detail/promise_factory.h:210:5: warning: ‘always_inline’ function might not be inlinable unless also declared ‘inline’ [-Wattributes]
      ./src/core/lib/promise/detail/promise_factory.h:210:5: warning: ‘always_inline’ function might not be inlinable unless also declared ‘inline’ [-Wattributes]
      In file included from ./src/core/lib/promise/activity.h:30,
                       from ./src/core/call/call_state.h:23,
                       from ./src/core/call/call_filters.h:26,
                       from ./src/core/lib/surface/channel_init.h:31,
                       from ./src/core/config/core_configuration.h:29,
                       from src/core/resolver/dns/native/dns_resolver.cc:26:
      ./src/core/lib/promise/detail/promise_factory.h:210:5: warning: ‘always_inline’ function might not be inlinable unless also declared ‘inline’ [-Wattributes]
        210 |     PromiseFactoryImpl(Token, F&& f) {
            |     ^~~~~~~~~~~~~~~~~~
      ./src/core/lib/promise/detail/promise_factory.h:210:5: warning: ‘always_inline’ function might not be inlinable unless also declared ‘inline’ [-Wattributes]
      ./src/core/lib/promise/detail/promise_factory.h:210:5: warning: ‘always_inline’ function might not be inlinable unless also declared ‘inline’ [-Wattributes]
      ./src/core/lib/promise/detail/promise_factory.h:210:5: warning: ‘always_inline’ function might not be inlinable unless also declared ‘inline’ [-Wattributes]
      ./src/core/lib/promise/detail/promise_factory.h:210:5: warning: ‘always_inline’ function might not be inlinable unless also declared ‘inline’ [-Wattributes]
      ./src/core/lib/promise/detail/promise_factory.h:210:5: warning: ‘always_inline’ function might not be inlinable unless also declared ‘inline’ [-Wattributes]
      ./src/core/lib/promise/detail/promise_factory.h:210:5: warning: ‘always_inline’ function might not be inlinable unless also declared ‘inline’ [-Wattributes]
      g++ -fno-strict-overflow -Wsign-compare -DNDEBUG -g -O3 -Wall -fPIC -D_WIN32_WINNT=1536 -DGRPC_XDS_USER_AGENT_NAME_SUFFIX=\"Python\" -DGRPC_XDS_USER_AGENT_VERSION_SUFFIX=\"1.79.0.dev0\" -DHAVE_CONFIG_H=1 -DGRPC_ENABLE_FORK_SUPPORT=1 -DGRPC_ENABLE_FORK_SUPPORT_DEFAULT=false -DGRPC_PYTHON_BUILD=1 -D__STDC_FORMAT_MACROS "-DPyMODINIT_FUNC=extern \"C\" __attribute__((visibility (\"default\"))) PyObject*" -DGRPC_POSIX_FORK_ALLOW_PTHREAD_ATFORK=1 -Isrc/python/grpcio -Iinclude -I. -Ithird_party/abseil-cpp -Ithird_party/address_sorting/include -Ithird_party/cares/cares/include -Ithird_party/cares -Ithird_party/cares/cares -Ithird_party/cares/cares/src/lib/include -Ithird_party/cares/cares/src/lib -Ithird_party/cares/config_linux -Ithird_party/re2 -Ithird_party/boringssl-with-bazel/src/include -Ithird_party/upb -Isrc/core/ext/upb-gen -Isrc/core/ext/upbdefs-gen -Ithird_party/utf8_range -Ithird_party/xxhash -Ithird_party/zlib -I/usr/local/google/home/ssreenithi/.pyenv/versions/3.12.0/envs/pyvenv_312/include -I/usr/local/google/home/ssreenithi/.pyenv/versions/3.12.0/include/python3.12 -c third_party/abseil-cpp/absl/debugging/internal/address_is_readable.cc -o pyb/temp.linux-x86_64-cpython-312/third_party/abseil-cpp/absl/debugging/internal/address_is_readable.o -std=c++17 -fvisibility=hidden -fno-wrapv -fno-exceptions -pthread
      g++ -fno-strict-overflow -Wsign-compare -DNDEBUG -g -O3 -Wall -fPIC -D_WIN32_WINNT=1536 -DGRPC_XDS_USER_AGENT_NAME_SUFFIX=\"Python\" -DGRPC_XDS_USER_AGENT_VERSION_SUFFIX=\"1.79.0.dev0\" -DHAVE_CONFIG_H=1 -DGRPC_ENABLE_FORK_SUPPORT=1 -DGRPC_ENABLE_FORK_SUPPORT_DEFAULT=false -DGRPC_PYTHON_BUILD=1 -D__STDC_FORMAT_MACROS "-DPyMODINIT_FUNC=extern \"C\" __attribute__((visibility (\"default\"))) PyObject*" -DGRPC_POSIX_FORK_ALLOW_PTHREAD_ATFORK=1 -Isrc/python/grpcio -Iinclude -I. -Ithird_party/abseil-cpp -Ithird_party/address_sorting/include -Ithird_party/cares/cares/include -Ithird_party/cares -Ithird_party/cares/cares -Ithird_party/cares/cares/src/lib/include -Ithird_party/cares/cares/src/lib -Ithird_party/cares/config_linux -Ithird_party/re2 -Ithird_party/boringssl-with-bazel/src/include -Ithird_party/upb -Isrc/core/ext/upb-gen -Isrc/core/ext/upbdefs-gen -Ithird_party/utf8_range -Ithird_party/xxhash -Ithird_party/zlib -I/usr/local/google/home/ssreenithi/.pyenv/versions/3.12.0/envs/pyvenv_312/include -I/usr/local/google/home/ssreenithi/.pyenv/versions/3.12.0/include/python3.12 -c src/core/xds/grpc/xds_route_config_parser.cc -o pyb/temp.linux-x86_64-cpython-312/src/core/xds/grpc/xds_route_config_parser.o -std=c++17 -fvisibility=hidden -fno-wrapv -fno-exceptions -pthread
      g++ -fno-strict-overflow -Wsign-compare -DNDEBUG -g -O3 -Wall -fPIC -D_WIN32_WINNT=1536 -DGRPC_XDS_USER_AGENT_NAME_SUFFIX=\"Python\" -DGRPC_XDS_USER_AGENT_VERSION_SUFFIX=\"1.79.0.dev0\" -DHAVE_CONFIG_H=1 -DGRPC_ENABLE_FORK_SUPPORT=1 -DGRPC_ENABLE_FORK_SUPPORT_DEFAULT=false -DGRPC_PYTHON_BUILD=1 -D__STDC_FORMAT_MACROS "-DPyMODINIT_FUNC=extern \"C\" __attribute__((visibility (\"default\"))) PyObject*" -DGRPC_POSIX_FORK_ALLOW_PTHREAD_ATFORK=1 -Isrc/python/grpcio -Iinclude -I. -Ithird_party/abseil-cpp -Ithird_party/address_sorting/include -Ithird_party/cares/cares/include -Ithird_party/cares -Ithird_party/cares/cares -Ithird_party/cares/cares/src/lib/include -Ithird_party/cares/cares/src/lib -Ithird_party/cares/config_linux -Ithird_party/re2 -Ithird_party/boringssl-with-bazel/src/include -Ithird_party/upb -Isrc/core/ext/upb-gen -Isrc/core/ext/upbdefs-gen -Ithird_party/utf8_range -Ithird_party/xxhash -Ithird_party/zlib -I/usr/local/google/home/ssreenithi/.pyenv/versions/3.12.0/envs/pyvenv_312/include -I/usr/local/google/home/ssreenithi/.pyenv/versions/3.12.0/include/python3.12 -c src/core/credentials/transport/tls/tls_utils.cc -o pyb/temp.linux-x86_64-cpython-312/src/core/credentials/transport/tls/tls_utils.o -std=c++17 -fvisibility=hidden -fno-wrapv -fno-exceptions -pthread
      g++ -fno-strict-overflow -Wsign-compare -DNDEBUG -g -O3 -Wall -fPIC -D_WIN32_WINNT=1536 -DGRPC_XDS_USER_AGENT_NAME_SUFFIX=\"Python\" -DGRPC_XDS_USER_AGENT_VERSION_SUFFIX=\"1.79.0.dev0\" -DHAVE_CONFIG_H=1 -DGRPC_ENABLE_FORK_SUPPORT=1 -DGRPC_ENABLE_FORK_SUPPORT_DEFAULT=false -DGRPC_PYTHON_BUILD=1 -D__STDC_FORMAT_MACROS "-DPyMODINIT_FUNC=extern \"C\" __attribute__((visibility (\"default\"))) PyObject*" -DGRPC_POSIX_FORK_ALLOW_PTHREAD_ATFORK=1 -Isrc/python/grpcio -Iinclude -I. -Ithird_party/abseil-cpp -Ithird_party/address_sorting/include -Ithird_party/cares/cares/include -Ithird_party/cares -Ithird_party/cares/cares -Ithird_party/cares/cares/src/lib/include -Ithird_party/cares/cares/src/lib -Ithird_party/cares/config_linux -Ithird_party/re2 -Ithird_party/boringssl-with-bazel/src/include -Ithird_party/upb -Isrc/core/ext/upb-gen -Isrc/core/ext/upbdefs-gen -Ithird_party/utf8_range -Ithird_party/xxhash -Ithird_party/zlib -I/usr/local/google/home/ssreenithi/.pyenv/versions/3.12.0/envs/pyvenv_312/include -I/usr/local/google/home/ssreenithi/.pyenv/versions/3.12.0/include/python3.12 -c third_party/abseil-cpp/absl/random/internal/randen.cc -o pyb/temp.linux-x86_64-cpython-312/third_party/abseil-cpp/absl/random/internal/randen.o -std=c++17 -fvisibility=hidden -fno-wrapv -fno-exceptions -pthread
      g++ -fno-strict-overflow -Wsign-compare -DNDEBUG -g -O3 -Wall -fPIC -D_WIN32_WINNT=1536 -DGRPC_XDS_USER_AGENT_NAME_SUFFIX=\"Python\" -DGRPC_XDS_USER_AGENT_VERSION_SUFFIX=\"1.79.0.dev0\" -DHAVE_CONFIG_H=1 -DGRPC_ENABLE_FORK_SUPPORT=1 -DGRPC_ENABLE_FORK_SUPPORT_DEFAULT=false -DGRPC_PYTHON_BUILD=1 -D__STDC_FORMAT_MACROS "-DPyMODINIT_FUNC=extern \"C\" __attribute__((visibility (\"default\"))) PyObject*" -DGRPC_POSIX_FORK_ALLOW_PTHREAD_ATFORK=1 -Isrc/python/grpcio -Iinclude -I. -Ithird_party/abseil-cpp -Ithird_party/address_sorting/include -Ithird_party/cares/cares/include -Ithird_party/cares -Ithird_party/cares/cares -Ithird_party/cares/cares/src/lib/include -Ithird_party/cares/cares/src/lib -Ithird_party/cares/config_linux -Ithird_party/re2 -Ithird_party/boringssl-with-bazel/src/include -Ithird_party/upb -Isrc/core/ext/upb-gen -Isrc/core/ext/upbdefs-gen -Ithird_party/utf8_range -Ithird_party/xxhash -Ithird_party/zlib -I/usr/local/google/home/ssreenithi/.pyenv/versions/3.12.0/envs/pyvenv_312/include -I/usr/local/google/home/ssreenithi/.pyenv/versions/3.12.0/include/python3.12 -c src/core/xds/grpc/xds_matcher_context.cc -o pyb/temp.linux-x86_64-cpython-312/src/core/xds/grpc/xds_matcher_context.o -std=c++17 -fvisibility=hidden -fno-wrapv -fno-exceptions -pthread
      g++ -fno-strict-overflow -Wsign-compare -DNDEBUG -g -O3 -Wall -fPIC -D_WIN32_WINNT=1536 -DGRPC_XDS_USER_AGENT_NAME_SUFFIX=\"Python\" -DGRPC_XDS_USER_AGENT_VERSION_SUFFIX=\"1.79.0.dev0\" -DHAVE_CONFIG_H=1 -DGRPC_ENABLE_FORK_SUPPORT=1 -DGRPC_ENABLE_FORK_SUPPORT_DEFAULT=false -DGRPC_PYTHON_BUILD=1 -D__STDC_FORMAT_MACROS "-DPyMODINIT_FUNC=extern \"C\" __attribute__((visibility (\"default\"))) PyObject*" -DGRPC_POSIX_FORK_ALLOW_PTHREAD_ATFORK=1 -Isrc/python/grpcio -Iinclude -I. -Ithird_party/abseil-cpp -Ithird_party/address_sorting/include -Ithird_party/cares/cares/include -Ithird_party/cares -Ithird_party/cares/cares -Ithird_party/cares/cares/src/lib/include -Ithird_party/cares/cares/src/lib -Ithird_party/cares/config_linux -Ithird_party/re2 -Ithird_party/boringssl-with-bazel/src/include -Ithird_party/upb -Isrc/core/ext/upb-gen -Isrc/core/ext/upbdefs-gen -Ithird_party/utf8_range -Ithird_party/xxhash -Ithird_party/zlib -I/usr/local/google/home/ssreenithi/.pyenv/versions/3.12.0/envs/pyvenv_312/include -I/usr/local/google/home/ssreenithi/.pyenv/versions/3.12.0/include/python3.12 -c third_party/abseil-cpp/absl/strings/internal/str_format/parser.cc -o pyb/temp.linux-x86_64-cpython-312/third_party/abseil-cpp/absl/strings/internal/str_format/parser.o -std=c++17 -fvisibility=hidden -fno-wrapv -fno-exceptions -pthread
      g++ -fno-strict-overflow -Wsign-compare -DNDEBUG -g -O3 -Wall -fPIC -D_WIN32_WINNT=1536 -DGRPC_XDS_USER_AGENT_NAME_SUFFIX=\"Python\" -DGRPC_XDS_USER_AGENT_VERSION_SUFFIX=\"1.79.0.dev0\" -DHAVE_CONFIG_H=1 -DGRPC_ENABLE_FORK_SUPPORT=1 -DGRPC_ENABLE_FORK_SUPPORT_DEFAULT=false -DGRPC_PYTHON_BUILD=1 -D__STDC_FORMAT_MACROS "-DPyMODINIT_FUNC=extern \"C\" __attribute__((visibility (\"default\"))) PyObject*" -DGRPC_POSIX_FORK_ALLOW_PTHREAD_ATFORK=1 -Isrc/python/grpcio -Iinclude -I. -Ithird_party/abseil-cpp -Ithird_party/address_sorting/include -Ithird_party/cares/cares/include -Ithird_party/cares -Ithird_party/cares/cares -Ithird_party/cares/cares/src/lib/include -Ithird_party/cares/cares/src/lib -Ithird_party/cares/config_linux -Ithird_party/re2 -Ithird_party/boringssl-with-bazel/src/include -Ithird_party/upb -Isrc/core/ext/upb-gen -Isrc/core/ext/upbdefs-gen -Ithird_party/utf8_range -Ithird_party/xxhash -Ithird_party/zlib -I/usr/local/google/home/ssreenithi/.pyenv/versions/3.12.0/envs/pyvenv_312/include -I/usr/local/google/home/ssreenithi/.pyenv/versions/3.12.0/include/python3.12 -c third_party/abseil-cpp/absl/strings/internal/ostringstream.cc -o pyb/temp.linux-x86_64-cpython-312/third_party/abseil-cpp/absl/strings/internal/ostringstream.o -std=c++17 -fvisibility=hidden -fno-wrapv -fno-exceptions -pthread
      g++ -fno-strict-overflow -Wsign-compare -DNDEBUG -g -O3 -Wall -fPIC -D_WIN32_WINNT=1536 -DGRPC_XDS_USER_AGENT_NAME_SUFFIX=\"Python\" -DGRPC_XDS_USER_AGENT_VERSION_SUFFIX=\"1.79.0.dev0\" -DHAVE_CONFIG_H=1 -DGRPC_ENABLE_FORK_SUPPORT=1 -DGRPC_ENABLE_FORK_SUPPORT_DEFAULT=false -DGRPC_PYTHON_BUILD=1 -D__STDC_FORMAT_MACROS "-DPyMODINIT_FUNC=extern \"C\" __attribute__((visibility (\"default\"))) PyObject*" -DGRPC_POSIX_FORK_ALLOW_PTHREAD_ATFORK=1 -Isrc/python/grpcio -Iinclude -I. -Ithird_party/abseil-cpp -Ithird_party/address_sorting/include -Ithird_party/cares/cares/include -Ithird_party/cares -Ithird_party/cares/cares -Ithird_party/cares/cares/src/lib/include -Ithird_party/cares/cares/src/lib -Ithird_party/cares/config_linux -Ithird_party/re2 -Ithird_party/boringssl-with-bazel/src/include -Ithird_party/upb -Isrc/core/ext/upb-gen -Isrc/core/ext/upbdefs-gen -Ithird_party/utf8_range -Ithird_party/xxhash -Ithird_party/zlib -I/usr/local/google/home/ssreenithi/.pyenv/versions/3.12.0/envs/pyvenv_312/include -I/usr/local/google/home/ssreenithi/.pyenv/versions/3.12.0/include/python3.12 -c third_party/abseil-cpp/absl/status/internal/status_internal.cc -o pyb/temp.linux-x86_64-cpython-312/third_party/abseil-cpp/absl/status/internal/status_internal.o -std=c++17 -fvisibility=hidden -fno-wrapv -fno-exceptions -pthread
      g++ -fno-strict-overflow -Wsign-compare -DNDEBUG -g -O3 -Wall -fPIC -D_WIN32_WINNT=1536 -DGRPC_XDS_USER_AGENT_NAME_SUFFIX=\"Python\" -DGRPC_XDS_USER_AGENT_VERSION_SUFFIX=\"1.79.0.dev0\" -DHAVE_CONFIG_H=1 -DGRPC_ENABLE_FORK_SUPPORT=1 -DGRPC_ENABLE_FORK_SUPPORT_DEFAULT=false -DGRPC_PYTHON_BUILD=1 -D__STDC_FORMAT_MACROS "-DPyMODINIT_FUNC=extern \"C\" __attribute__((visibility (\"default\"))) PyObject*" -DGRPC_POSIX_FORK_ALLOW_PTHREAD_ATFORK=1 -Isrc/python/grpcio -Iinclude -I. -Ithird_party/abseil-cpp -Ithird_party/address_sorting/include -Ithird_party/cares/cares/include -Ithird_party/cares -Ithird_party/cares/cares -Ithird_party/cares/cares/src/lib/include -Ithird_party/cares/cares/src/lib -Ithird_party/cares/config_linux -Ithird_party/re2 -Ithird_party/boringssl-with-bazel/src/include -Ithird_party/upb -Isrc/core/ext/upb-gen -Isrc/core/ext/upbdefs-gen -Ithird_party/utf8_range -Ithird_party/xxhash -Ithird_party/zlib -I/usr/local/google/home/ssreenithi/.pyenv/versions/3.12.0/envs/pyvenv_312/include -I/usr/local/google/home/ssreenithi/.pyenv/versions/3.12.0/include/python3.12 -c third_party/abseil-cpp/absl/status/statusor.cc -o pyb/temp.linux-x86_64-cpython-312/third_party/abseil-cpp/absl/status/statusor.o -std=c++17 -fvisibility=hidden -fno-wrapv -fno-exceptions -pthread
      g++ -fno-strict-overflow -Wsign-compare -DNDEBUG -g -O3 -Wall -fPIC -D_WIN32_WINNT=1536 -DGRPC_XDS_USER_AGENT_NAME_SUFFIX=\"Python\" -DGRPC_XDS_USER_AGENT_VERSION_SUFFIX=\"1.79.0.dev0\" -DHAVE_CONFIG_H=1 -DGRPC_ENABLE_FORK_SUPPORT=1 -DGRPC_ENABLE_FORK_SUPPORT_DEFAULT=false -DGRPC_PYTHON_BUILD=1 -D__STDC_FORMAT_MACROS "-DPyMODINIT_FUNC=extern \"C\" __attribute__((visibility (\"default\"))) PyObject*" -DGRPC_POSIX_FORK_ALLOW_PTHREAD_ATFORK=1 -Isrc/python/grpcio -Iinclude -I. -Ithird_party/abseil-cpp -Ithird_party/address_sorting/include -Ithird_party/cares/cares/include -Ithird_party/cares -Ithird_party/cares/cares -Ithird_party/cares/cares/src/lib/include -Ithird_party/cares/cares/src/lib -Ithird_party/cares/config_linux -Ithird_party/re2 -Ithird_party/boringssl-with-bazel/src/include -Ithird_party/upb -Isrc/core/ext/upb-gen -Isrc/core/ext/upbdefs-gen -Ithird_party/utf8_range -Ithird_party/xxhash -Ithird_party/zlib -I/usr/local/google/home/ssreenithi/.pyenv/versions/3.12.0/envs/pyvenv_312/include -I/usr/local/google/home/ssreenithi/.pyenv/versions/3.12.0/include/python3.12 -c third_party/abseil-cpp/absl/strings/str_split.cc -o pyb/temp.linux-x86_64-cpython-312/third_party/abseil-cpp/absl/strings/str_split.o -std=c++17 -fvisibility=hidden -fno-wrapv -fno-exceptions -pthread
      src/core/resolver/xds/xds_resolver.cc:434:35: warning: ‘grpc_core::RefCountedPtr<const grpc_core::FilterConfig> grpc_core::{anonymous}::GetOverrideConfig(const grpc_core::XdsHttpFilterImpl*, const grpc_core::XdsRouteConfigResource::TypedPerFilterConfig&, const std::string&)’ defined but not used [-Wunused-function]
        434 | RefCountedPtr<const FilterConfig> GetOverrideConfig(
            |                                   ^~~~~~~~~~~~~~~~~
      g++ -fno-strict-overflow -Wsign-compare -DNDEBUG -g -O3 -Wall -fPIC -D_WIN32_WINNT=1536 -DGRPC_XDS_USER_AGENT_NAME_SUFFIX=\"Python\" -DGRPC_XDS_USER_AGENT_VERSION_SUFFIX=\"1.79.0.dev0\" -DHAVE_CONFIG_H=1 -DGRPC_ENABLE_FORK_SUPPORT=1 -DGRPC_ENABLE_FORK_SUPPORT_DEFAULT=false -DGRPC_PYTHON_BUILD=1 -D__STDC_FORMAT_MACROS "-DPyMODINIT_FUNC=extern \"C\" __attribute__((visibility (\"default\"))) PyObject*" -DGRPC_POSIX_FORK_ALLOW_PTHREAD_ATFORK=1 -Isrc/python/grpcio -Iinclude -I. -Ithird_party/abseil-cpp -Ithird_party/address_sorting/include -Ithird_party/cares/cares/include -Ithird_party/cares -Ithird_party/cares/cares -Ithird_party/cares/cares/src/lib/include -Ithird_party/cares/cares/src/lib -Ithird_party/cares/config_linux -Ithird_party/re2 -Ithird_party/boringssl-with-bazel/src/include -Ithird_party/upb -Isrc/core/ext/upb-gen -Isrc/core/ext/upbdefs-gen -Ithird_party/utf8_range -Ithird_party/xxhash -Ithird_party/zlib -I/usr/local/google/home/ssreenithi/.pyenv/versions/3.12.0/envs/pyvenv_312/include -I/usr/local/google/home/ssreenithi/.pyenv/versions/3.12.0/include/python3.12 -c third_party/abseil-cpp/absl/synchronization/internal/graphcycles.cc -o pyb/temp.linux-x86_64-cpython-312/third_party/abseil-cpp/absl/synchronization/internal/graphcycles.o -std=c++17 -fvisibility=hidden -fno-wrapv -fno-exceptions -pthread
      g++ -fno-strict-overflow -Wsign-compare -DNDEBUG -g -O3 -Wall -fPIC -D_WIN32_WINNT=1536 -DGRPC_XDS_USER_AGENT_NAME_SUFFIX=\"Python\" -DGRPC_XDS_USER_AGENT_VERSION_SUFFIX=\"1.79.0.dev0\" -DHAVE_CONFIG_H=1 -DGRPC_ENABLE_FORK_SUPPORT=1 -DGRPC_ENABLE_FORK_SUPPORT_DEFAULT=false -DGRPC_PYTHON_BUILD=1 -D__STDC_FORMAT_MACROS "-DPyMODINIT_FUNC=extern \"C\" __attribute__((visibility (\"default\"))) PyObject*" -DGRPC_POSIX_FORK_ALLOW_PTHREAD_ATFORK=1 -Isrc/python/grpcio -Iinclude -I. -Ithird_party/abseil-cpp -Ithird_party/address_sorting/include -Ithird_party/cares/cares/include -Ithird_party/cares -Ithird_party/cares/cares -Ithird_party/cares/cares/src/lib/include -Ithird_party/cares/cares/src/lib -Ithird_party/cares/config_linux -Ithird_party/re2 -Ithird_party/boringssl-with-bazel/src/include -Ithird_party/upb -Isrc/core/ext/upb-gen -Isrc/core/ext/upbdefs-gen -Ithird_party/utf8_range -Ithird_party/xxhash -Ithird_party/zlib -I/usr/local/google/home/ssreenithi/.pyenv/versions/3.12.0/envs/pyvenv_312/include -I/usr/local/google/home/ssreenithi/.pyenv/versions/3.12.0/include/python3.12 -c src/core/lib/channel/channel_stack_builder.cc -o pyb/temp.linux-x86_64-cpython-312/src/core/lib/channel/channel_stack_builder.o -std=c++17 -fvisibility=hidden -fno-wrapv -fno-exceptions -pthread
      g++ -fno-strict-overflow -Wsign-compare -DNDEBUG -g -O3 -Wall -fPIC -D_WIN32_WINNT=1536 -DGRPC_XDS_USER_AGENT_NAME_SUFFIX=\"Python\" -DGRPC_XDS_USER_AGENT_VERSION_SUFFIX=\"1.79.0.dev0\" -DHAVE_CONFIG_H=1 -DGRPC_ENABLE_FORK_SUPPORT=1 -DGRPC_ENABLE_FORK_SUPPORT_DEFAULT=false -DGRPC_PYTHON_BUILD=1 -D__STDC_FORMAT_MACROS "-DPyMODINIT_FUNC=extern \"C\" __attribute__((visibility (\"default\"))) PyObject*" -DGRPC_POSIX_FORK_ALLOW_PTHREAD_ATFORK=1 -Isrc/python/grpcio -Iinclude -I. -Ithird_party/abseil-cpp -Ithird_party/address_sorting/include -Ithird_party/cares/cares/include -Ithird_party/cares -Ithird_party/cares/cares -Ithird_party/cares/cares/src/lib/include -Ithird_party/cares/cares/src/lib -Ithird_party/cares/config_linux -Ithird_party/re2 -Ithird_party/boringssl-with-bazel/src/include -Ithird_party/upb -Isrc/core/ext/upb-gen -Isrc/core/ext/upbdefs-gen -Ithird_party/utf8_range -Ithird_party/xxhash -Ithird_party/zlib -I/usr/local/google/home/ssreenithi/.pyenv/versions/3.12.0/envs/pyvenv_312/include -I/usr/local/google/home/ssreenithi/.pyenv/versions/3.12.0/include/python3.12 -c src/core/xds/grpc/file_watcher_certificate_provider_factory.cc -o pyb/temp.linux-x86_64-cpython-312/src/core/xds/grpc/file_watcher_certificate_provider_factory.o -std=c++17 -fvisibility=hidden -fno-wrapv -fno-exceptions -pthread
      g++ -fno-strict-overflow -Wsign-compare -DNDEBUG -g -O3 -Wall -fPIC -D_WIN32_WINNT=1536 -DGRPC_XDS_USER_AGENT_NAME_SUFFIX=\"Python\" -DGRPC_XDS_USER_AGENT_VERSION_SUFFIX=\"1.79.0.dev0\" -DHAVE_CONFIG_H=1 -DGRPC_ENABLE_FORK_SUPPORT=1 -DGRPC_ENABLE_FORK_SUPPORT_DEFAULT=false -DGRPC_PYTHON_BUILD=1 -D__STDC_FORMAT_MACROS "-DPyMODINIT_FUNC=extern \"C\" __attribute__((visibility (\"default\"))) PyObject*" -DGRPC_POSIX_FORK_ALLOW_PTHREAD_ATFORK=1 -Isrc/python/grpcio -Iinclude -I. -Ithird_party/abseil-cpp -Ithird_party/address_sorting/include -Ithird_party/cares/cares/include -Ithird_party/cares -Ithird_party/cares/cares -Ithird_party/cares/cares/src/lib/include -Ithird_party/cares/cares/src/lib -Ithird_party/cares/config_linux -Ithird_party/re2 -Ithird_party/boringssl-with-bazel/src/include -Ithird_party/upb -Isrc/core/ext/upb-gen -Isrc/core/ext/upbdefs-gen -Ithird_party/utf8_range -Ithird_party/xxhash -Ithird_party/zlib -I/usr/local/google/home/ssreenithi/.pyenv/versions/3.12.0/envs/pyvenv_312/include -I/usr/local/google/home/ssreenithi/.pyenv/versions/3.12.0/include/python3.12 -c third_party/abseil-cpp/absl/synchronization/internal/win32_waiter.cc -o pyb/temp.linux-x86_64-cpython-312/third_party/abseil-cpp/absl/synchronization/internal/win32_waiter.o -std=c++17 -fvisibility=hidden -fno-wrapv -fno-exceptions -pthread
      In file included from include/grpc/event_engine/event_engine.h:35,
                       from ./src/core/util/time.h:18,
                       from ./src/core/call/parsed_metadata.h:28,
                       from ./src/core/call/metadata_batch.h:35:
      In destructor ‘absl::lts_20250512::StatusOr<grpc_core::RefCountedPtr<grpc_core::ConfigSelector> >::~StatusOr()’,
          inlined from ‘bool grpc_core::Observable<T>::ObserverWhen<F>::ShouldReturn(const T&) [with F = grpc_core::ClientChannel::StartCall(grpc_core::UnstartedCallHandler)::<lambda()> mutable::<lambda(absl::lts_20250512::StatusOr<grpc_core::RefCountedPtr<grpc_core::ConfigSelector> >)>; T = absl::lts_20250512::StatusOr<grpc_core::RefCountedPtr<grpc_core::ConfigSelector> >]’ at ./src/core/lib/promise/observable.h:169:28,
          inlined from ‘grpc_core::Poll<T> grpc_core::Observable<T>::Observer::operator()() [with T = absl::lts_20250512::StatusOr<grpc_core::RefCountedPtr<grpc_core::ConfigSelector> >]’ at ./src/core/lib/promise/observable.h:139:23,
          inlined from ‘grpc_core::promise_detail::PromiseLike<F, typename std::enable_if<(! std::is_void<typename std::invoke_result<Releaser>::type>::value), void>::type>::WrappedResult grpc_core::promise_detail::PromiseLike<F, typename std::enable_if<(! std::is_void<typename std::invoke_result<Releaser>::type>::value), void>::type>::operator()() [with F = grpc_core::Observable<absl::lts_20250512::StatusOr<grpc_core::RefCountedPtr<grpc_core::ConfigSelector> > >::ObserverWhen<grpc_core::ClientChannel::StartCall(grpc_core::UnstartedCallHandler)::<lambda()> mutable::<lambda(absl::lts_20250512::StatusOr<grpc_core::RefCountedPtr<grpc_core::ConfigSelector> >)> >]’ at ./src/core/lib/promise/detail/promise_like.h:216:25,
          inlined from ‘grpc_core::CheckDelayed<Observable<absl::lts_20250512::StatusOr<RefCountedPtr<ConfigSelector> > >::ObserverWhen<ClientChannel::StartCall(grpc_core::UnstartedCallHandler)::<lambda()> mutable::<lambda(absl::lts_20250512::StatusOr<RefCountedPtr<ConfigSelector> >)> > >(Observable<absl::lts_20250512::StatusOr<RefCountedPtr<ConfigSelector> > >::ObserverWhen<ClientChannel::StartCall(grpc_core::UnstartedCallHandler)::<lambda()> mutable::<lambda(absl::lts_20250512::StatusOr<RefCountedPtr<ConfigSelector> >)> >)::<lambda()> mutable’ at ./src/core/lib/promise/map.h:241:10:
      third_party/abseil-cpp/absl/status/statusor.h:192:7: warning: ‘SR.11228’ may be used uninitialized [-Wmaybe-uninitialized]
        192 | class StatusOr : private internal_statusor::StatusOrData<T>,
            |       ^~~~~~~~
      In file included from ./src/core/client_channel/client_channel.h:28:
      ./src/core/lib/promise/observable.h: In lambda function:
      ./src/core/lib/promise/observable.h:169:28: note: ‘SR.11228’ was declared here
        169 |       return is_acceptable_(current);
            |              ~~~~~~~~~~~~~~^~~~~~~~~
      g++ -fno-strict-overflow -Wsign-compare -DNDEBUG -g -O3 -Wall -fPIC -D_WIN32_WINNT=1536 -DGRPC_XDS_USER_AGENT_NAME_SUFFIX=\"Python\" -DGRPC_XDS_USER_AGENT_VERSION_SUFFIX=\"1.79.0.dev0\" -DHAVE_CONFIG_H=1 -DGRPC_ENABLE_FORK_SUPPORT=1 -DGRPC_ENABLE_FORK_SUPPORT_DEFAULT=false -DGRPC_PYTHON_BUILD=1 -D__STDC_FORMAT_MACROS "-DPyMODINIT_FUNC=extern \"C\" __attribute__((visibility (\"default\"))) PyObject*" -DGRPC_POSIX_FORK_ALLOW_PTHREAD_ATFORK=1 -Isrc/python/grpcio -Iinclude -I. -Ithird_party/abseil-cpp -Ithird_party/address_sorting/include -Ithird_party/cares/cares/include -Ithird_party/cares -Ithird_party/cares/cares -Ithird_party/cares/cares/src/lib/include -Ithird_party/cares/cares/src/lib -Ithird_party/cares/config_linux -Ithird_party/re2 -Ithird_party/boringssl-with-bazel/src/include -Ithird_party/upb -Isrc/core/ext/upb-gen -Isrc/core/ext/upbdefs-gen -Ithird_party/utf8_range -Ithird_party/xxhash -Ithird_party/zlib -I/usr/local/google/home/ssreenithi/.pyenv/versions/3.12.0/envs/pyvenv_312/include -I/usr/local/google/home/ssreenithi/.pyenv/versions/3.12.0/include/python3.12 -c third_party/abseil-cpp/absl/synchronization/mutex.cc -o pyb/temp.linux-x86_64-cpython-312/third_party/abseil-cpp/absl/synchronization/mutex.o -std=c++17 -fvisibility=hidden -fno-wrapv -fno-exceptions -pthread
      src/core/resolver/dns/c_ares/grpc_ares_ev_driver_posix.cc: In member function ‘virtual void grpc_core::GrpcPolledFdFactoryPosix::ConfigureAresChannelLocked(ares_channel)’:
      src/core/resolver/dns/c_ares/grpc_ares_ev_driver_posix.cc:121:30: warning: ‘void ares_set_socket_functions(ares_channel_t*, const ares_socket_functions*, void*)’ is deprecated: Use ares_set_socket_functions_ex instead [-Wdeprecated-declarations]
        121 |     ares_set_socket_functions(channel, &kSockFuncs, this);
            |     ~~~~~~~~~~~~~~~~~~~~~~~~~^~~~~~~~~~~~~~~~~~~~~~~~~~~~
      In file included from src/core/resolver/dns/c_ares/grpc_ares_ev_driver_posix.cc:26:
      third_party/cares/cares/include/ares.h:571:38: note: declared here
        571 |   ares_set_socket_functions_ex) void ares_set_socket_functions(ares_channel_t
            |                                      ^~~~~~~~~~~~~~~~~~~~~~~~~
      g++ -fno-strict-overflow -Wsign-compare -DNDEBUG -g -O3 -Wall -fPIC -D_WIN32_WINNT=1536 -DGRPC_XDS_USER_AGENT_NAME_SUFFIX=\"Python\" -DGRPC_XDS_USER_AGENT_VERSION_SUFFIX=\"1.79.0.dev0\" -DHAVE_CONFIG_H=1 -DGRPC_ENABLE_FORK_SUPPORT=1 -DGRPC_ENABLE_FORK_SUPPORT_DEFAULT=false -DGRPC_PYTHON_BUILD=1 -D__STDC_FORMAT_MACROS "-DPyMODINIT_FUNC=extern \"C\" __attribute__((visibility (\"default\"))) PyObject*" -DGRPC_POSIX_FORK_ALLOW_PTHREAD_ATFORK=1 -Isrc/python/grpcio -Iinclude -I. -Ithird_party/abseil-cpp -Ithird_party/address_sorting/include -Ithird_party/cares/cares/include -Ithird_party/cares -Ithird_party/cares/cares -Ithird_party/cares/cares/src/lib/include -Ithird_party/cares/cares/src/lib -Ithird_party/cares/config_linux -Ithird_party/re2 -Ithird_party/boringssl-with-bazel/src/include -Ithird_party/upb -Isrc/core/ext/upb-gen -Isrc/core/ext/upbdefs-gen -Ithird_party/utf8_range -Ithird_party/xxhash -Ithird_party/zlib -I/usr/local/google/home/ssreenithi/.pyenv/versions/3.12.0/envs/pyvenv_312/include -I/usr/local/google/home/ssreenithi/.pyenv/versions/3.12.0/include/python3.12 -c third_party/abseil-cpp/absl/log/internal/vlog_config.cc -o pyb/temp.linux-x86_64-cpython-312/third_party/abseil-cpp/absl/log/internal/vlog_config.o -std=c++17 -fvisibility=hidden -fno-wrapv -fno-exceptions -pthread
      g++ -fno-strict-overflow -Wsign-compare -DNDEBUG -g -O3 -Wall -fPIC -D_WIN32_WINNT=1536 -DGRPC_XDS_USER_AGENT_NAME_SUFFIX=\"Python\" -DGRPC_XDS_USER_AGENT_VERSION_SUFFIX=\"1.79.0.dev0\" -DHAVE_CONFIG_H=1 -DGRPC_ENABLE_FORK_SUPPORT=1 -DGRPC_ENABLE_FORK_SUPPORT_DEFAULT=false -DGRPC_PYTHON_BUILD=1 -D__STDC_FORMAT_MACROS "-DPyMODINIT_FUNC=extern \"C\" __attribute__((visibility (\"default\"))) PyObject*" -DGRPC_POSIX_FORK_ALLOW_PTHREAD_ATFORK=1 -Isrc/python/grpcio -Iinclude -I. -Ithird_party/abseil-cpp -Ithird_party/address_sorting/include -Ithird_party/cares/cares/include -Ithird_party/cares -Ithird_party/cares/cares -Ithird_party/cares/cares/src/lib/include -Ithird_party/cares/cares/src/lib -Ithird_party/cares/config_linux -Ithird_party/re2 -Ithird_party/boringssl-with-bazel/src/include -Ithird_party/upb -Isrc/core/ext/upb-gen -Isrc/core/ext/upbdefs-gen -Ithird_party/utf8_range -Ithird_party/xxhash -Ithird_party/zlib -I/usr/local/google/home/ssreenithi/.pyenv/versions/3.12.0/envs/pyvenv_312/include -I/usr/local/google/home/ssreenithi/.pyenv/versions/3.12.0/include/python3.12 -c third_party/abseil-cpp/absl/random/internal/randen_detect.cc -o pyb/temp.linux-x86_64-cpython-312/third_party/abseil-cpp/absl/random/internal/randen_detect.o -std=c++17 -fvisibility=hidden -fno-wrapv -fno-exceptions -pthread
      g++ -fno-strict-overflow -Wsign-compare -DNDEBUG -g -O3 -Wall -fPIC -D_WIN32_WINNT=1536 -DGRPC_XDS_USER_AGENT_NAME_SUFFIX=\"Python\" -DGRPC_XDS_USER_AGENT_VERSION_SUFFIX=\"1.79.0.dev0\" -DHAVE_CONFIG_H=1 -DGRPC_ENABLE_FORK_SUPPORT=1 -DGRPC_ENABLE_FORK_SUPPORT_DEFAULT=false -DGRPC_PYTHON_BUILD=1 -D__STDC_FORMAT_MACROS "-DPyMODINIT_FUNC=extern \"C\" __attribute__((visibility (\"default\"))) PyObject*" -DGRPC_POSIX_FORK_ALLOW_PTHREAD_ATFORK=1 -Isrc/python/grpcio -Iinclude -I. -Ithird_party/abseil-cpp -Ithird_party/address_sorting/include -Ithird_party/cares/cares/include -Ithird_party/cares -Ithird_party/cares/cares -Ithird_party/cares/cares/src/lib/include -Ithird_party/cares/cares/src/lib -Ithird_party/cares/config_linux -Ithird_party/re2 -Ithird_party/boringssl-with-bazel/src/include -Ithird_party/upb -Isrc/core/ext/upb-gen -Isrc/core/ext/upbdefs-gen -Ithird_party/utf8_range -Ithird_party/xxhash -Ithird_party/zlib -I/usr/local/google/home/ssreenithi/.pyenv/versions/3.12.0/envs/pyvenv_312/include -I/usr/local/google/home/ssreenithi/.pyenv/versions/3.12.0/include/python3.12 -c third_party/abseil-cpp/absl/strings/internal/cordz_functions.cc -o pyb/temp.linux-x86_64-cpython-312/third_party/abseil-cpp/absl/strings/internal/cordz_functions.o -std=c++17 -fvisibility=hidden -fno-wrapv -fno-exceptions -pthread
      g++ -fno-strict-overflow -Wsign-compare -DNDEBUG -g -O3 -Wall -fPIC -D_WIN32_WINNT=1536 -DGRPC_XDS_USER_AGENT_NAME_SUFFIX=\"Python\" -DGRPC_XDS_USER_AGENT_VERSION_SUFFIX=\"1.79.0.dev0\" -DHAVE_CONFIG_H=1 -DGRPC_ENABLE_FORK_SUPPORT=1 -DGRPC_ENABLE_FORK_SUPPORT_DEFAULT=false -DGRPC_PYTHON_BUILD=1 -D__STDC_FORMAT_MACROS "-DPyMODINIT_FUNC=extern \"C\" __attribute__((visibility (\"default\"))) PyObject*" -DGRPC_POSIX_FORK_ALLOW_PTHREAD_ATFORK=1 -Isrc/python/grpcio -Iinclude -I. -Ithird_party/abseil-cpp -Ithird_party/address_sorting/include -Ithird_party/cares/cares/include -Ithird_party/cares -Ithird_party/cares/cares -Ithird_party/cares/cares/src/lib/include -Ithird_party/cares/cares/src/lib -Ithird_party/cares/config_linux -Ithird_party/re2 -Ithird_party/boringssl-with-bazel/src/include -Ithird_party/upb -Isrc/core/ext/upb-gen -Isrc/core/ext/upbdefs-gen -Ithird_party/utf8_range -Ithird_party/xxhash -Ithird_party/zlib -I/usr/local/google/home/ssreenithi/.pyenv/versions/3.12.0/envs/pyvenv_312/include -I/usr/local/google/home/ssreenithi/.pyenv/versions/3.12.0/include/python3.12 -c src/core/ext/transport/chttp2/transport/bin_decoder.cc -o pyb/temp.linux-x86_64-cpython-312/src/core/ext/transport/chttp2/transport/bin_decoder.o -std=c++17 -fvisibility=hidden -fno-wrapv -fno-exceptions -pthread
      g++ -fno-strict-overflow -Wsign-compare -DNDEBUG -g -O3 -Wall -fPIC -D_WIN32_WINNT=1536 -DGRPC_XDS_USER_AGENT_NAME_SUFFIX=\"Python\" -DGRPC_XDS_USER_AGENT_VERSION_SUFFIX=\"1.79.0.dev0\" -DHAVE_CONFIG_H=1 -DGRPC_ENABLE_FORK_SUPPORT=1 -DGRPC_ENABLE_FORK_SUPPORT_DEFAULT=false -DGRPC_PYTHON_BUILD=1 -D__STDC_FORMAT_MACROS "-DPyMODINIT_FUNC=extern \"C\" __attribute__((visibility (\"default\"))) PyObject*" -DGRPC_POSIX_FORK_ALLOW_PTHREAD_ATFORK=1 -Isrc/python/grpcio -Iinclude -I. -Ithird_party/abseil-cpp -Ithird_party/address_sorting/include -Ithird_party/cares/cares/include -Ithird_party/cares -Ithird_party/cares/cares -Ithird_party/cares/cares/src/lib/include -Ithird_party/cares/cares/src/lib -Ithird_party/cares/config_linux -Ithird_party/re2 -Ithird_party/boringssl-with-bazel/src/include -Ithird_party/upb -Isrc/core/ext/upb-gen -Isrc/core/ext/upbdefs-gen -Ithird_party/utf8_range -Ithird_party/xxhash -Ithird_party/zlib -I/usr/local/google/home/ssreenithi/.pyenv/versions/3.12.0/envs/pyvenv_312/include -I/usr/local/google/home/ssreenithi/.pyenv/versions/3.12.0/include/python3.12 -c src/core/client_channel/global_subchannel_pool.cc -o pyb/temp.linux-x86_64-cpython-312/src/core/client_channel/global_subchannel_pool.o -std=c++17 -fvisibility=hidden -fno-wrapv -fno-exceptions -pthread
      g++ -fno-strict-overflow -Wsign-compare -DNDEBUG -g -O3 -Wall -fPIC -D_WIN32_WINNT=1536 -DGRPC_XDS_USER_AGENT_NAME_SUFFIX=\"Python\" -DGRPC_XDS_USER_AGENT_VERSION_SUFFIX=\"1.79.0.dev0\" -DHAVE_CONFIG_H=1 -DGRPC_ENABLE_FORK_SUPPORT=1 -DGRPC_ENABLE_FORK_SUPPORT_DEFAULT=false -DGRPC_PYTHON_BUILD=1 -D__STDC_FORMAT_MACROS "-DPyMODINIT_FUNC=extern \"C\" __attribute__((visibility (\"default\"))) PyObject*" -DGRPC_POSIX_FORK_ALLOW_PTHREAD_ATFORK=1 -Isrc/python/grpcio -Iinclude -I. -Ithird_party/abseil-cpp -Ithird_party/address_sorting/include -Ithird_party/cares/cares/include -Ithird_party/cares -Ithird_party/cares/cares -Ithird_party/cares/cares/src/lib/include -Ithird_party/cares/cares/src/lib -Ithird_party/cares/config_linux -Ithird_party/re2 -Ithird_party/boringssl-with-bazel/src/include -Ithird_party/upb -Isrc/core/ext/upb-gen -Isrc/core/ext/upbdefs-gen -Ithird_party/utf8_range -Ithird_party/xxhash -Ithird_party/zlib -I/usr/local/google/home/ssreenithi/.pyenv/versions/3.12.0/envs/pyvenv_312/include -I/usr/local/google/home/ssreenithi/.pyenv/versions/3.12.0/include/python3.12 -c src/core/lib/event_engine/posix_engine/posix_engine_listener.cc -o pyb/temp.linux-x86_64-cpython-312/src/core/lib/event_engine/posix_engine/posix_engine_listener.o -std=c++17 -fvisibility=hidden -fno-wrapv -fno-exceptions -pthread
      g++ -fno-strict-overflow -Wsign-compare -DNDEBUG -g -O3 -Wall -fPIC -D_WIN32_WINNT=1536 -DGRPC_XDS_USER_AGENT_NAME_SUFFIX=\"Python\" -DGRPC_XDS_USER_AGENT_VERSION_SUFFIX=\"1.79.0.dev0\" -DHAVE_CONFIG_H=1 -DGRPC_ENABLE_FORK_SUPPORT=1 -DGRPC_ENABLE_FORK_SUPPORT_DEFAULT=false -DGRPC_PYTHON_BUILD=1 -D__STDC_FORMAT_MACROS "-DPyMODINIT_FUNC=extern \"C\" __attribute__((visibility (\"default\"))) PyObject*" -DGRPC_POSIX_FORK_ALLOW_PTHREAD_ATFORK=1 -Isrc/python/grpcio -Iinclude -I. -Ithird_party/abseil-cpp -Ithird_party/address_sorting/include -Ithird_party/cares/cares/include -Ithird_party/cares -Ithird_party/cares/cares -Ithird_party/cares/cares/src/lib/include -Ithird_party/cares/cares/src/lib -Ithird_party/cares/config_linux -Ithird_party/re2 -Ithird_party/boringssl-with-bazel/src/include -Ithird_party/upb -Isrc/core/ext/upb-gen -Isrc/core/ext/upbdefs-gen -Ithird_party/utf8_range -Ithird_party/xxhash -Ithird_party/zlib -I/usr/local/google/home/ssreenithi/.pyenv/versions/3.12.0/envs/pyvenv_312/include -I/usr/local/google/home/ssreenithi/.pyenv/versions/3.12.0/include/python3.12 -c third_party/abseil-cpp/absl/time/internal/cctz/src/civil_time_detail.cc -o pyb/temp.linux-x86_64-cpython-312/third_party/abseil-cpp/absl/time/internal/cctz/src/civil_time_detail.o -std=c++17 -fvisibility=hidden -fno-wrapv -fno-exceptions -pthread
      g++ -fno-strict-overflow -Wsign-compare -DNDEBUG -g -O3 -Wall -fPIC -D_WIN32_WINNT=1536 -DGRPC_XDS_USER_AGENT_NAME_SUFFIX=\"Python\" -DGRPC_XDS_USER_AGENT_VERSION_SUFFIX=\"1.79.0.dev0\" -DHAVE_CONFIG_H=1 -DGRPC_ENABLE_FORK_SUPPORT=1 -DGRPC_ENABLE_FORK_SUPPORT_DEFAULT=false -DGRPC_PYTHON_BUILD=1 -D__STDC_FORMAT_MACROS "-DPyMODINIT_FUNC=extern \"C\" __attribute__((visibility (\"default\"))) PyObject*" -DGRPC_POSIX_FORK_ALLOW_PTHREAD_ATFORK=1 -Isrc/python/grpcio -Iinclude -I. -Ithird_party/abseil-cpp -Ithird_party/address_sorting/include -Ithird_party/cares/cares/include -Ithird_party/cares -Ithird_party/cares/cares -Ithird_party/cares/cares/src/lib/include -Ithird_party/cares/cares/src/lib -Ithird_party/cares/config_linux -Ithird_party/re2 -Ithird_party/boringssl-with-bazel/src/include -Ithird_party/upb -Isrc/core/ext/upb-gen -Isrc/core/ext/upbdefs-gen -Ithird_party/utf8_range -Ithird_party/xxhash -Ithird_party/zlib -I/usr/local/google/home/ssreenithi/.pyenv/versions/3.12.0/envs/pyvenv_312/include -I/usr/local/google/home/ssreenithi/.pyenv/versions/3.12.0/include/python3.12 -c third_party/abseil-cpp/absl/strings/internal/str_format/arg.cc -o pyb/temp.linux-x86_64-cpython-312/third_party/abseil-cpp/absl/strings/internal/str_format/arg.o -std=c++17 -fvisibility=hidden -fno-wrapv -fno-exceptions -pthread
      g++ -fno-strict-overflow -Wsign-compare -DNDEBUG -g -O3 -Wall -fPIC -D_WIN32_WINNT=1536 -DGRPC_XDS_USER_AGENT_NAME_SUFFIX=\"Python\" -DGRPC_XDS_USER_AGENT_VERSION_SUFFIX=\"1.79.0.dev0\" -DHAVE_CONFIG_H=1 -DGRPC_ENABLE_FORK_SUPPORT=1 -DGRPC_ENABLE_FORK_SUPPORT_DEFAULT=false -DGRPC_PYTHON_BUILD=1 -D__STDC_FORMAT_MACROS "-DPyMODINIT_FUNC=extern \"C\" __attribute__((visibility (\"default\"))) PyObject*" -DGRPC_POSIX_FORK_ALLOW_PTHREAD_ATFORK=1 -Isrc/python/grpcio -Iinclude -I. -Ithird_party/abseil-cpp -Ithird_party/address_sorting/include -Ithird_party/cares/cares/include -Ithird_party/cares -Ithird_party/cares/cares -Ithird_party/cares/cares/src/lib/include -Ithird_party/cares/cares/src/lib -Ithird_party/cares/config_linux -Ithird_party/re2 -Ithird_party/boringssl-with-bazel/src/include -Ithird_party/upb -Isrc/core/ext/upb-gen -Isrc/core/ext/upbdefs-gen -Ithird_party/utf8_range -Ithird_party/xxhash -Ithird_party/zlib -I/usr/local/google/home/ssreenithi/.pyenv/versions/3.12.0/envs/pyvenv_312/include -I/usr/local/google/home/ssreenithi/.pyenv/versions/3.12.0/include/python3.12 -c third_party/abseil-cpp/absl/strings/internal/charconv_bigint.cc -o pyb/temp.linux-x86_64-cpython-312/third_party/abseil-cpp/absl/strings/internal/charconv_bigint.o -std=c++17 -fvisibility=hidden -fno-wrapv -fno-exceptions -pthread
      In file included from ./src/core/lib/promise/activity.h:30,
                       from ./src/core/lib/resource_quota/memory_quota.h:39,
                       from ./src/core/lib/resource_quota/arena.h:39,
                       from ./src/core/util/chunked_vector.h:24,
                       from ./src/core/call/metadata_batch.h:41,
                       from ./src/core/ext/filters/http/client/http_client_filter.h:23,
                       from src/core/ext/filters/http/client/http_client_filter.cc:18:
      ./src/core/lib/promise/detail/promise_factory.h:131:5: warning: ‘always_inline’ function might not be inlinable unless also declared ‘inline’ [-Wattributes]
        131 |     PromiseFactoryImpl(Token, F&& f, A&& arg) {
            |     ^~~~~~~~~~~~~~~~~~
      ./src/core/lib/promise/detail/promise_factory.h:210:5: warning: ‘always_inline’ function might not be inlinable unless also declared ‘inline’ [-Wattributes]
        210 |     PromiseFactoryImpl(Token, F&& f) {
            |     ^~~~~~~~~~~~~~~~~~
      ./src/core/lib/promise/detail/promise_factory.h:210:5: warning: ‘always_inline’ function might not be inlinable unless also declared ‘inline’ [-Wattributes]
      ./src/core/lib/promise/detail/promise_factory.h:210:5: warning: ‘always_inline’ function might not be inlinable unless also declared ‘inline’ [-Wattributes]
      ./src/core/lib/promise/detail/promise_factory.h:210:5: warning: ‘always_inline’ function might not be inlinable unless also declared ‘inline’ [-Wattributes]
      ./src/core/lib/promise/detail/promise_factory.h:210:5: warning: ‘always_inline’ function might not be inlinable unless also declared ‘inline’ [-Wattributes]
      ./src/core/lib/promise/detail/promise_factory.h:210:5: warning: ‘always_inline’ function might not be inlinable unless also declared ‘inline’ [-Wattributes]
      ./src/core/lib/promise/detail/promise_factory.h:210:5: warning: ‘always_inline’ function might not be inlinable unless also declared ‘inline’ [-Wattributes]
      ./src/core/lib/promise/detail/promise_factory.h:210:5: warning: ‘always_inline’ function might not be inlinable unless also declared ‘inline’ [-Wattributes]
      g++ -fno-strict-overflow -Wsign-compare -DNDEBUG -g -O3 -Wall -fPIC -D_WIN32_WINNT=1536 -DGRPC_XDS_USER_AGENT_NAME_SUFFIX=\"Python\" -DGRPC_XDS_USER_AGENT_VERSION_SUFFIX=\"1.79.0.dev0\" -DHAVE_CONFIG_H=1 -DGRPC_ENABLE_FORK_SUPPORT=1 -DGRPC_ENABLE_FORK_SUPPORT_DEFAULT=false -DGRPC_PYTHON_BUILD=1 -D__STDC_FORMAT_MACROS "-DPyMODINIT_FUNC=extern \"C\" __attribute__((visibility (\"default\"))) PyObject*" -DGRPC_POSIX_FORK_ALLOW_PTHREAD_ATFORK=1 -Isrc/python/grpcio -Iinclude -I. -Ithird_party/abseil-cpp -Ithird_party/address_sorting/include -Ithird_party/cares/cares/include -Ithird_party/cares -Ithird_party/cares/cares -Ithird_party/cares/cares/src/lib/include -Ithird_party/cares/cares/src/lib -Ithird_party/cares/config_linux -Ithird_party/re2 -Ithird_party/boringssl-with-bazel/src/include -Ithird_party/upb -Isrc/core/ext/upb-gen -Isrc/core/ext/upbdefs-gen -Ithird_party/utf8_range -Ithird_party/xxhash -Ithird_party/zlib -I/usr/local/google/home/ssreenithi/.pyenv/versions/3.12.0/envs/pyvenv_312/include -I/usr/local/google/home/ssreenithi/.pyenv/versions/3.12.0/include/python3.12 -c third_party/abseil-cpp/absl/time/internal/cctz/src/time_zone_lookup.cc -o pyb/temp.linux-x86_64-cpython-312/third_party/abseil-cpp/absl/time/internal/cctz/src/time_zone_lookup.o -std=c++17 -fvisibility=hidden -fno-wrapv -fno-exceptions -pthread
      g++ -fno-strict-overflow -Wsign-compare -DNDEBUG -g -O3 -Wall -fPIC -D_WIN32_WINNT=1536 -DGRPC_XDS_USER_AGENT_NAME_SUFFIX=\"Python\" -DGRPC_XDS_USER_AGENT_VERSION_SUFFIX=\"1.79.0.dev0\" -DHAVE_CONFIG_H=1 -DGRPC_ENABLE_FORK_SUPPORT=1 -DGRPC_ENABLE_FORK_SUPPORT_DEFAULT=false -DGRPC_PYTHON_BUILD=1 -D__STDC_FORMAT_MACROS "-DPyMODINIT_FUNC=extern \"C\" __attribute__((visibility (\"default\"))) PyObject*" -DGRPC_POSIX_FORK_ALLOW_PTHREAD_ATFORK=1 -Isrc/python/grpcio -Iinclude -I. -Ithird_party/abseil-cpp -Ithird_party/address_sorting/include -Ithird_party/cares/cares/include -Ithird_party/cares -Ithird_party/cares/cares -Ithird_party/cares/cares/src/lib/include -Ithird_party/cares/cares/src/lib -Ithird_party/cares/config_linux -Ithird_party/re2 -Ithird_party/boringssl-with-bazel/src/include -Ithird_party/upb -Isrc/core/ext/upb-gen -Isrc/core/ext/upbdefs-gen -Ithird_party/utf8_range -Ithird_party/xxhash -Ithird_party/zlib -I/usr/local/google/home/ssreenithi/.pyenv/versions/3.12.0/envs/pyvenv_312/include -I/usr/local/google/home/ssreenithi/.pyenv/versions/3.12.0/include/python3.12 -c third_party/abseil-cpp/absl/strings/string_view.cc -o pyb/temp.linux-x86_64-cpython-312/third_party/abseil-cpp/absl/strings/string_view.o -std=c++17 -fvisibility=hidden -fno-wrapv -fno-exceptions -pthread
      g++ -fno-strict-overflow -Wsign-compare -DNDEBUG -g -O3 -Wall -fPIC -D_WIN32_WINNT=1536 -DGRPC_XDS_USER_AGENT_NAME_SUFFIX=\"Python\" -DGRPC_XDS_USER_AGENT_VERSION_SUFFIX=\"1.79.0.dev0\" -DHAVE_CONFIG_H=1 -DGRPC_ENABLE_FORK_SUPPORT=1 -DGRPC_ENABLE_FORK_SUPPORT_DEFAULT=false -DGRPC_PYTHON_BUILD=1 -D__STDC_FORMAT_MACROS "-DPyMODINIT_FUNC=extern \"C\" __attribute__((visibility (\"default\"))) PyObject*" -DGRPC_POSIX_FORK_ALLOW_PTHREAD_ATFORK=1 -Isrc/python/grpcio -Iinclude -I. -Ithird_party/abseil-cpp -Ithird_party/address_sorting/include -Ithird_party/cares/cares/include -Ithird_party/cares -Ithird_party/cares/cares -Ithird_party/cares/cares/src/lib/include -Ithird_party/cares/cares/src/lib -Ithird_party/cares/config_linux -Ithird_party/re2 -Ithird_party/boringssl-with-bazel/src/include -Ithird_party/upb -Isrc/core/ext/upb-gen -Isrc/core/ext/upbdefs-gen -Ithird_party/utf8_range -Ithird_party/xxhash -Ithird_party/zlib -I/usr/local/google/home/ssreenithi/.pyenv/versions/3.12.0/envs/pyvenv_312/include -I/usr/local/google/home/ssreenithi/.pyenv/versions/3.12.0/include/python3.12 -c third_party/boringssl-with-bazel/src/crypto/aes/aes.cc -o pyb/temp.linux-x86_64-cpython-312/third_party/boringssl-with-bazel/src/crypto/aes/aes.o -std=c++17 -fvisibility=hidden -fno-wrapv -fno-exceptions -pthread
      g++ -fno-strict-overflow -Wsign-compare -DNDEBUG -g -O3 -Wall -fPIC -D_WIN32_WINNT=1536 -DGRPC_XDS_USER_AGENT_NAME_SUFFIX=\"Python\" -DGRPC_XDS_USER_AGENT_VERSION_SUFFIX=\"1.79.0.dev0\" -DHAVE_CONFIG_H=1 -DGRPC_ENABLE_FORK_SUPPORT=1 -DGRPC_ENABLE_FORK_SUPPORT_DEFAULT=false -DGRPC_PYTHON_BUILD=1 -D__STDC_FORMAT_MACROS "-DPyMODINIT_FUNC=extern \"C\" __attribute__((visibility (\"default\"))) PyObject*" -DGRPC_POSIX_FORK_ALLOW_PTHREAD_ATFORK=1 -Isrc/python/grpcio -Iinclude -I. -Ithird_party/abseil-cpp -Ithird_party/address_sorting/include -Ithird_party/cares/cares/include -Ithird_party/cares -Ithird_party/cares/cares -Ithird_party/cares/cares/src/lib/include -Ithird_party/cares/cares/src/lib -Ithird_party/cares/config_linux -Ithird_party/re2 -Ithird_party/boringssl-with-bazel/src/include -Ithird_party/upb -Isrc/core/ext/upb-gen -Isrc/core/ext/upbdefs-gen -Ithird_party/utf8_range -Ithird_party/xxhash -Ithird_party/zlib -I/usr/local/google/home/ssreenithi/.pyenv/versions/3.12.0/envs/pyvenv_312/include -I/usr/local/google/home/ssreenithi/.pyenv/versions/3.12.0/include/python3.12 -c third_party/abseil-cpp/absl/flags/usage_config.cc -o pyb/temp.linux-x86_64-cpython-312/third_party/abseil-cpp/absl/flags/usage_config.o -std=c++17 -fvisibility=hidden -fno-wrapv -fno-exceptions -pthread
      g++ -fno-strict-overflow -Wsign-compare -DNDEBUG -g -O3 -Wall -fPIC -D_WIN32_WINNT=1536 -DGRPC_XDS_USER_AGENT_NAME_SUFFIX=\"Python\" -DGRPC_XDS_USER_AGENT_VERSION_SUFFIX=\"1.79.0.dev0\" -DHAVE_CONFIG_H=1 -DGRPC_ENABLE_FORK_SUPPORT=1 -DGRPC_ENABLE_FORK_SUPPORT_DEFAULT=false -DGRPC_PYTHON_BUILD=1 -D__STDC_FORMAT_MACROS "-DPyMODINIT_FUNC=extern \"C\" __attribute__((visibility (\"default\"))) PyObject*" -DGRPC_POSIX_FORK_ALLOW_PTHREAD_ATFORK=1 -Isrc/python/grpcio -Iinclude -I. -Ithird_party/abseil-cpp -Ithird_party/address_sorting/include -Ithird_party/cares/cares/include -Ithird_party/cares -Ithird_party/cares/cares -Ithird_party/cares/cares/src/lib/include -Ithird_party/cares/cares/src/lib -Ithird_party/cares/config_linux -Ithird_party/re2 -Ithird_party/boringssl-with-bazel/src/include -Ithird_party/upb -Isrc/core/ext/upb-gen -Isrc/core/ext/upbdefs-gen -Ithird_party/utf8_range -Ithird_party/xxhash -Ithird_party/zlib -I/usr/local/google/home/ssreenithi/.pyenv/versions/3.12.0/envs/pyvenv_312/include -I/usr/local/google/home/ssreenithi/.pyenv/versions/3.12.0/include/python3.12 -c third_party/abseil-cpp/absl/strings/internal/cordz_handle.cc -o pyb/temp.linux-x86_64-cpython-312/third_party/abseil-cpp/absl/strings/internal/cordz_handle.o -std=c++17 -fvisibility=hidden -fno-wrapv -fno-exceptions -pthread
      g++ -fno-strict-overflow -Wsign-compare -DNDEBUG -g -O3 -Wall -fPIC -D_WIN32_WINNT=1536 -DGRPC_XDS_USER_AGENT_NAME_SUFFIX=\"Python\" -DGRPC_XDS_USER_AGENT_VERSION_SUFFIX=\"1.79.0.dev0\" -DHAVE_CONFIG_H=1 -DGRPC_ENABLE_FORK_SUPPORT=1 -DGRPC_ENABLE_FORK_SUPPORT_DEFAULT=false -DGRPC_PYTHON_BUILD=1 -D__STDC_FORMAT_MACROS "-DPyMODINIT_FUNC=extern \"C\" __attribute__((visibility (\"default\"))) PyObject*" -DGRPC_POSIX_FORK_ALLOW_PTHREAD_ATFORK=1 -Isrc/python/grpcio -Iinclude -I. -Ithird_party/abseil-cpp -Ithird_party/address_sorting/include -Ithird_party/cares/cares/include -Ithird_party/cares -Ithird_party/cares/cares -Ithird_party/cares/cares/src/lib/include -Ithird_party/cares/cares/src/lib -Ithird_party/cares/config_linux -Ithird_party/re2 -Ithird_party/boringssl-with-bazel/src/include -Ithird_party/upb -Isrc/core/ext/upb-gen -Isrc/core/ext/upbdefs-gen -Ithird_party/utf8_range -Ithird_party/xxhash -Ithird_party/zlib -I/usr/local/google/home/ssreenithi/.pyenv/versions/3.12.0/envs/pyvenv_312/include -I/usr/local/google/home/ssreenithi/.pyenv/versions/3.12.0/include/python3.12 -c third_party/boringssl-with-bazel/src/crypto/asn1/a_int.cc -o pyb/temp.linux-x86_64-cpython-312/third_party/boringssl-with-bazel/src/crypto/asn1/a_int.o -std=c++17 -fvisibility=hidden -fno-wrapv -fno-exceptions -pthread
      g++ -fno-strict-overflow -Wsign-compare -DNDEBUG -g -O3 -Wall -fPIC -D_WIN32_WINNT=1536 -DGRPC_XDS_USER_AGENT_NAME_SUFFIX=\"Python\" -DGRPC_XDS_USER_AGENT_VERSION_SUFFIX=\"1.79.0.dev0\" -DHAVE_CONFIG_H=1 -DGRPC_ENABLE_FORK_SUPPORT=1 -DGRPC_ENABLE_FORK_SUPPORT_DEFAULT=false -DGRPC_PYTHON_BUILD=1 -D__STDC_FORMAT_MACROS "-DPyMODINIT_FUNC=extern \"C\" __attribute__((visibility (\"default\"))) PyObject*" -DGRPC_POSIX_FORK_ALLOW_PTHREAD_ATFORK=1 -Isrc/python/grpcio -Iinclude -I. -Ithird_party/abseil-cpp -Ithird_party/address_sorting/include -Ithird_party/cares/cares/include -Ithird_party/cares -Ithird_party/cares/cares -Ithird_party/cares/cares/src/lib/include -Ithird_party/cares/cares/src/lib -Ithird_party/cares/config_linux -Ithird_party/re2 -Ithird_party/boringssl-with-bazel/src/include -Ithird_party/upb -Isrc/core/ext/upb-gen -Isrc/core/ext/upbdefs-gen -Ithird_party/utf8_range -Ithird_party/xxhash -Ithird_party/zlib -I/usr/local/google/home/ssreenithi/.pyenv/versions/3.12.0/envs/pyvenv_312/include -I/usr/local/google/home/ssreenithi/.pyenv/versions/3.12.0/include/python3.12 -c third_party/boringssl-with-bazel/src/crypto/asn1/a_bitstr.cc -o pyb/temp.linux-x86_64-cpython-312/third_party/boringssl-with-bazel/src/crypto/asn1/a_bitstr.o -std=c++17 -fvisibility=hidden -fno-wrapv -fno-exceptions -pthread
      g++ -fno-strict-overflow -Wsign-compare -DNDEBUG -g -O3 -Wall -fPIC -D_WIN32_WINNT=1536 -DGRPC_XDS_USER_AGENT_NAME_SUFFIX=\"Python\" -DGRPC_XDS_USER_AGENT_VERSION_SUFFIX=\"1.79.0.dev0\" -DHAVE_CONFIG_H=1 -DGRPC_ENABLE_FORK_SUPPORT=1 -DGRPC_ENABLE_FORK_SUPPORT_DEFAULT=false -DGRPC_PYTHON_BUILD=1 -D__STDC_FORMAT_MACROS "-DPyMODINIT_FUNC=extern \"C\" __attribute__((visibility (\"default\"))) PyObject*" -DGRPC_POSIX_FORK_ALLOW_PTHREAD_ATFORK=1 -Isrc/python/grpcio -Iinclude -I. -Ithird_party/abseil-cpp -Ithird_party/address_sorting/include -Ithird_party/cares/cares/include -Ithird_party/cares -Ithird_party/cares/cares -Ithird_party/cares/cares/src/lib/include -Ithird_party/cares/cares/src/lib -Ithird_party/cares/config_linux -Ithird_party/re2 -Ithird_party/boringssl-with-bazel/src/include -Ithird_party/upb -Isrc/core/ext/upb-gen -Isrc/core/ext/upbdefs-gen -Ithird_party/utf8_range -Ithird_party/xxhash -Ithird_party/zlib -I/usr/local/google/home/ssreenithi/.pyenv/versions/3.12.0/envs/pyvenv_312/include -I/usr/local/google/home/ssreenithi/.pyenv/versions/3.12.0/include/python3.12 -c third_party/abseil-cpp/absl/time/internal/cctz/src/time_zone_fixed.cc -o pyb/temp.linux-x86_64-cpython-312/third_party/abseil-cpp/absl/time/internal/cctz/src/time_zone_fixed.o -std=c++17 -fvisibility=hidden -fno-wrapv -fno-exceptions -pthread
      g++ -fno-strict-overflow -Wsign-compare -DNDEBUG -g -O3 -Wall -fPIC -D_WIN32_WINNT=1536 -DGRPC_XDS_USER_AGENT_NAME_SUFFIX=\"Python\" -DGRPC_XDS_USER_AGENT_VERSION_SUFFIX=\"1.79.0.dev0\" -DHAVE_CONFIG_H=1 -DGRPC_ENABLE_FORK_SUPPORT=1 -DGRPC_ENABLE_FORK_SUPPORT_DEFAULT=false -DGRPC_PYTHON_BUILD=1 -D__STDC_FORMAT_MACROS "-DPyMODINIT_FUNC=extern \"C\" __attribute__((visibility (\"default\"))) PyObject*" -DGRPC_POSIX_FORK_ALLOW_PTHREAD_ATFORK=1 -Isrc/python/grpcio -Iinclude -I. -Ithird_party/abseil-cpp -Ithird_party/address_sorting/include -Ithird_party/cares/cares/include -Ithird_party/cares -Ithird_party/cares/cares -Ithird_party/cares/cares/src/lib/include -Ithird_party/cares/cares/src/lib -Ithird_party/cares/config_linux -Ithird_party/re2 -Ithird_party/boringssl-with-bazel/src/include -Ithird_party/upb -Isrc/core/ext/upb-gen -Isrc/core/ext/upbdefs-gen -Ithird_party/utf8_range -Ithird_party/xxhash -Ithird_party/zlib -I/usr/local/google/home/ssreenithi/.pyenv/versions/3.12.0/envs/pyvenv_312/include -I/usr/local/google/home/ssreenithi/.pyenv/versions/3.12.0/include/python3.12 -c third_party/abseil-cpp/absl/strings/substitute.cc -o pyb/temp.linux-x86_64-cpython-312/third_party/abseil-cpp/absl/strings/substitute.o -std=c++17 -fvisibility=hidden -fno-wrapv -fno-exceptions -pthread
      In file included from ./src/core/lib/promise/activity.h:30,
                       from ./src/core/lib/resource_quota/memory_quota.h:39,
                       from ./src/core/lib/resource_quota/arena.h:39,
                       from ./src/core/util/chunked_vector.h:24,
                       from ./src/core/call/metadata_batch.h:41,
                       from ./src/core/call/metadata.h:20,
                       from ./src/core/ext/transport/chttp2/transport/internal.h:37,
                       from src/core/ext/transport/chttp2/transport/frame_goaway.cc:26:
      ./src/core/lib/promise/detail/promise_factory.h:210:5: warning: ‘always_inline’ function might not be inlinable unless also declared ‘inline’ [-Wattributes]
        210 |     PromiseFactoryImpl(Token, F&& f) {
            |     ^~~~~~~~~~~~~~~~~~
      ./src/core/lib/promise/detail/promise_factory.h:210:5: warning: ‘always_inline’ function might not be inlinable unless also declared ‘inline’ [-Wattributes]
      ./src/core/lib/promise/detail/promise_factory.h:210:5: warning: ‘always_inline’ function might not be inlinable unless also declared ‘inline’ [-Wattributes]
      ./src/core/lib/promise/detail/promise_factory.h:210:5: warning: ‘always_inline’ function might not be inlinable unless also declared ‘inline’ [-Wattributes]
      ./src/core/lib/promise/detail/promise_factory.h:210:5: warning: ‘always_inline’ function might not be inlinable unless also declared ‘inline’ [-Wattributes]
      ./src/core/lib/promise/detail/promise_factory.h:210:5: warning: ‘always_inline’ function might not be inlinable unless also declared ‘inline’ [-Wattributes]
      ./src/core/lib/promise/detail/promise_factory.h:210:5: warning: ‘always_inline’ function might not be inlinable unless also declared ‘inline’ [-Wattributes]
      In file included from ./src/core/lib/promise/activity.h:30,
                       from ./src/core/call/call_state.h:23,
                       from ./src/core/call/call_filters.h:26,
                       from ./src/core/lib/surface/channel_init.h:31,
                       from ./src/core/config/core_configuration.h:29,
                       from ./src/core/lib/resource_quota/api.h:23,
                       from src/core/lib/resource_quota/api.cc:15:
      ./src/core/lib/promise/detail/promise_factory.h:210:5: warning: ‘always_inline’ function might not be inlinable unless also declared ‘inline’ [-Wattributes]
        210 |     PromiseFactoryImpl(Token, F&& f) {
            |     ^~~~~~~~~~~~~~~~~~
      ./src/core/lib/promise/detail/promise_factory.h:210:5: warning: ‘always_inline’ function might not be inlinable unless also declared ‘inline’ [-Wattributes]
      ./src/core/lib/promise/detail/promise_factory.h:210:5: warning: ‘always_inline’ function might not be inlinable unless also declared ‘inline’ [-Wattributes]
      ./src/core/lib/promise/detail/promise_factory.h:210:5: warning: ‘always_inline’ function might not be inlinable unless also declared ‘inline’ [-Wattributes]
      ./src/core/lib/promise/detail/promise_factory.h:210:5: warning: ‘always_inline’ function might not be inlinable unless also declared ‘inline’ [-Wattributes]
      ./src/core/lib/promise/detail/promise_factory.h:210:5: warning: ‘always_inline’ function might not be inlinable unless also declared ‘inline’ [-Wattributes]
      ./src/core/lib/promise/detail/promise_factory.h:210:5: warning: ‘always_inline’ function might not be inlinable unless also declared ‘inline’ [-Wattributes]
      g++ -fno-strict-overflow -Wsign-compare -DNDEBUG -g -O3 -Wall -fPIC -D_WIN32_WINNT=1536 -DGRPC_XDS_USER_AGENT_NAME_SUFFIX=\"Python\" -DGRPC_XDS_USER_AGENT_VERSION_SUFFIX=\"1.79.0.dev0\" -DHAVE_CONFIG_H=1 -DGRPC_ENABLE_FORK_SUPPORT=1 -DGRPC_ENABLE_FORK_SUPPORT_DEFAULT=false -DGRPC_PYTHON_BUILD=1 -D__STDC_FORMAT_MACROS "-DPyMODINIT_FUNC=extern \"C\" __attribute__((visibility (\"default\"))) PyObject*" -DGRPC_POSIX_FORK_ALLOW_PTHREAD_ATFORK=1 -Isrc/python/grpcio -Iinclude -I. -Ithird_party/abseil-cpp -Ithird_party/address_sorting/include -Ithird_party/cares/cares/include -Ithird_party/cares -Ithird_party/cares/cares -Ithird_party/cares/cares/src/lib/include -Ithird_party/cares/cares/src/lib -Ithird_party/cares/config_linux -Ithird_party/re2 -Ithird_party/boringssl-with-bazel/src/include -Ithird_party/upb -Isrc/core/ext/upb-gen -Isrc/core/ext/upbdefs-gen -Ithird_party/utf8_range -Ithird_party/xxhash -Ithird_party/zlib -I/usr/local/google/home/ssreenithi/.pyenv/versions/3.12.0/envs/pyvenv_312/include -I/usr/local/google/home/ssreenithi/.pyenv/versions/3.12.0/include/python3.12 -c third_party/abseil-cpp/absl/strings/internal/stringify_sink.cc -o pyb/temp.linux-x86_64-cpython-312/third_party/abseil-cpp/absl/strings/internal/stringify_sink.o -std=c++17 -fvisibility=hidden -fno-wrapv -fno-exceptions -pthread
      In file included from ./src/core/lib/promise/activity.h:30,
                       from ./src/core/lib/resource_quota/memory_quota.h:39,
                       from ./src/core/lib/resource_quota/arena.h:39,
                       from ./src/core/lib/promise/arena_promise.h:28,
                       from ./src/core/credentials/transport/security_connector.h:36,
                       from ./src/core/credentials/transport/ssl/ssl_credentials.h:28,
                       from src/core/credentials/transport/ssl/ssl_credentials.cc:19:
      ./src/core/lib/promise/detail/promise_factory.h:210:5: warning: ‘always_inline’ function might not be inlinable unless also declared ‘inline’ [-Wattributes]
        210 |     PromiseFactoryImpl(Token, F&& f) {
            |     ^~~~~~~~~~~~~~~~~~
      ./src/core/lib/promise/detail/promise_factory.h:210:5: warning: ‘always_inline’ function might not be inlinable unless also declared ‘inline’ [-Wattributes]
      ./src/core/lib/promise/detail/promise_factory.h:210:5: warning: ‘always_inline’ function might not be inlinable unless also declared ‘inline’ [-Wattributes]
      ./src/core/lib/promise/detail/promise_factory.h:210:5: warning: ‘always_inline’ function might not be inlinable unless also declared ‘inline’ [-Wattributes]
      ./src/core/lib/promise/detail/promise_factory.h:210:5: warning: ‘always_inline’ function might not be inlinable unless also declared ‘inline’ [-Wattributes]
      ./src/core/lib/promise/detail/promise_factory.h:210:5: warning: ‘always_inline’ function might not be inlinable unless also declared ‘inline’ [-Wattributes]
      ./src/core/lib/promise/detail/promise_factory.h:210:5: warning: ‘always_inline’ function might not be inlinable unless also declared ‘inline’ [-Wattributes]
      g++ -fno-strict-overflow -Wsign-compare -DNDEBUG -g -O3 -Wall -fPIC -D_WIN32_WINNT=1536 -DGRPC_XDS_USER_AGENT_NAME_SUFFIX=\"Python\" -DGRPC_XDS_USER_AGENT_VERSION_SUFFIX=\"1.79.0.dev0\" -DHAVE_CONFIG_H=1 -DGRPC_ENABLE_FORK_SUPPORT=1 -DGRPC_ENABLE_FORK_SUPPORT_DEFAULT=false -DGRPC_PYTHON_BUILD=1 -D__STDC_FORMAT_MACROS "-DPyMODINIT_FUNC=extern \"C\" __attribute__((visibility (\"default\"))) PyObject*" -DGRPC_POSIX_FORK_ALLOW_PTHREAD_ATFORK=1 -Isrc/python/grpcio -Iinclude -I. -Ithird_party/abseil-cpp -Ithird_party/address_sorting/include -Ithird_party/cares/cares/include -Ithird_party/cares -Ithird_party/cares/cares -Ithird_party/cares/cares/src/lib/include -Ithird_party/cares/cares/src/lib -Ithird_party/cares/config_linux -Ithird_party/re2 -Ithird_party/boringssl-with-bazel/src/include -Ithird_party/upb -Isrc/core/ext/upb-gen -Isrc/core/ext/upbdefs-gen -Ithird_party/utf8_range -Ithird_party/xxhash -Ithird_party/zlib -I/usr/local/google/home/ssreenithi/.pyenv/versions/3.12.0/envs/pyvenv_312/include -I/usr/local/google/home/ssreenithi/.pyenv/versions/3.12.0/include/python3.12 -c third_party/abseil-cpp/absl/strings/ascii.cc -o pyb/temp.linux-x86_64-cpython-312/third_party/abseil-cpp/absl/strings/ascii.o -std=c++17 -fvisibility=hidden -fno-wrapv -fno-exceptions -pthread
      g++ -fno-strict-overflow -Wsign-compare -DNDEBUG -g -O3 -Wall -fPIC -D_WIN32_WINNT=1536 -DGRPC_XDS_USER_AGENT_NAME_SUFFIX=\"Python\" -DGRPC_XDS_USER_AGENT_VERSION_SUFFIX=\"1.79.0.dev0\" -DHAVE_CONFIG_H=1 -DGRPC_ENABLE_FORK_SUPPORT=1 -DGRPC_ENABLE_FORK_SUPPORT_DEFAULT=false -DGRPC_PYTHON_BUILD=1 -D__STDC_FORMAT_MACROS "-DPyMODINIT_FUNC=extern \"C\" __attribute__((visibility (\"default\"))) PyObject*" -DGRPC_POSIX_FORK_ALLOW_PTHREAD_ATFORK=1 -Isrc/python/grpcio -Iinclude -I. -Ithird_party/abseil-cpp -Ithird_party/address_sorting/include -Ithird_party/cares/cares/include -Ithird_party/cares -Ithird_party/cares/cares -Ithird_party/cares/cares/src/lib/include -Ithird_party/cares/cares/src/lib -Ithird_party/cares/config_linux -Ithird_party/re2 -Ithird_party/boringssl-with-bazel/src/include -Ithird_party/upb -Isrc/core/ext/upb-gen -Isrc/core/ext/upbdefs-gen -Ithird_party/utf8_range -Ithird_party/xxhash -Ithird_party/zlib -I/usr/local/google/home/ssreenithi/.pyenv/versions/3.12.0/envs/pyvenv_312/include -I/usr/local/google/home/ssreenithi/.pyenv/versions/3.12.0/include/python3.12 -c third_party/abseil-cpp/absl/time/internal/cctz/src/time_zone_posix.cc -o pyb/temp.linux-x86_64-cpython-312/third_party/abseil-cpp/absl/time/internal/cctz/src/time_zone_posix.o -std=c++17 -fvisibility=hidden -fno-wrapv -fno-exceptions -pthread
      g++ -fno-strict-overflow -Wsign-compare -DNDEBUG -g -O3 -Wall -fPIC -D_WIN32_WINNT=1536 -DGRPC_XDS_USER_AGENT_NAME_SUFFIX=\"Python\" -DGRPC_XDS_USER_AGENT_VERSION_SUFFIX=\"1.79.0.dev0\" -DHAVE_CONFIG_H=1 -DGRPC_ENABLE_FORK_SUPPORT=1 -DGRPC_ENABLE_FORK_SUPPORT_DEFAULT=false -DGRPC_PYTHON_BUILD=1 -D__STDC_FORMAT_MACROS "-DPyMODINIT_FUNC=extern \"C\" __attribute__((visibility (\"default\"))) PyObject*" -DGRPC_POSIX_FORK_ALLOW_PTHREAD_ATFORK=1 -Isrc/python/grpcio -Iinclude -I. -Ithird_party/abseil-cpp -Ithird_party/address_sorting/include -Ithird_party/cares/cares/include -Ithird_party/cares -Ithird_party/cares/cares -Ithird_party/cares/cares/src/lib/include -Ithird_party/cares/cares/src/lib -Ithird_party/cares/config_linux -Ithird_party/re2 -Ithird_party/boringssl-with-bazel/src/include -Ithird_party/upb -Isrc/core/ext/upb-gen -Isrc/core/ext/upbdefs-gen -Ithird_party/utf8_range -Ithird_party/xxhash -Ithird_party/zlib -I/usr/local/google/home/ssreenithi/.pyenv/versions/3.12.0/envs/pyvenv_312/include -I/usr/local/google/home/ssreenithi/.pyenv/versions/3.12.0/include/python3.12 -c third_party/abseil-cpp/absl/synchronization/internal/kernel_timeout.cc -o pyb/temp.linux-x86_64-cpython-312/third_party/abseil-cpp/absl/synchronization/internal/kernel_timeout.o -std=c++17 -fvisibility=hidden -fno-wrapv -fno-exceptions -pthread
      g++ -fno-strict-overflow -Wsign-compare -DNDEBUG -g -O3 -Wall -fPIC -D_WIN32_WINNT=1536 -DGRPC_XDS_USER_AGENT_NAME_SUFFIX=\"Python\" -DGRPC_XDS_USER_AGENT_VERSION_SUFFIX=\"1.79.0.dev0\" -DHAVE_CONFIG_H=1 -DGRPC_ENABLE_FORK_SUPPORT=1 -DGRPC_ENABLE_FORK_SUPPORT_DEFAULT=false -DGRPC_PYTHON_BUILD=1 -D__STDC_FORMAT_MACROS "-DPyMODINIT_FUNC=extern \"C\" __attribute__((visibility (\"default\"))) PyObject*" -DGRPC_POSIX_FORK_ALLOW_PTHREAD_ATFORK=1 -Isrc/python/grpcio -Iinclude -I. -Ithird_party/abseil-cpp -Ithird_party/address_sorting/include -Ithird_party/cares/cares/include -Ithird_party/cares -Ithird_party/cares/cares -Ithird_party/cares/cares/src/lib/include -Ithird_party/cares/cares/src/lib -Ithird_party/cares/config_linux -Ithird_party/re2 -Ithird_party/boringssl-with-bazel/src/include -Ithird_party/upb -Isrc/core/ext/upb-gen -Isrc/core/ext/upbdefs-gen -Ithird_party/utf8_range -Ithird_party/xxhash -Ithird_party/zlib -I/usr/local/google/home/ssreenithi/.pyenv/versions/3.12.0/envs/pyvenv_312/include -I/usr/local/google/home/ssreenithi/.pyenv/versions/3.12.0/include/python3.12 -c third_party/boringssl-with-bazel/src/crypto/asn1/a_bool.cc -o pyb/temp.linux-x86_64-cpython-312/third_party/boringssl-with-bazel/src/crypto/asn1/a_bool.o -std=c++17 -fvisibility=hidden -fno-wrapv -fno-exceptions -pthread
      g++ -fno-strict-overflow -Wsign-compare -DNDEBUG -g -O3 -Wall -fPIC -D_WIN32_WINNT=1536 -DGRPC_XDS_USER_AGENT_NAME_SUFFIX=\"Python\" -DGRPC_XDS_USER_AGENT_VERSION_SUFFIX=\"1.79.0.dev0\" -DHAVE_CONFIG_H=1 -DGRPC_ENABLE_FORK_SUPPORT=1 -DGRPC_ENABLE_FORK_SUPPORT_DEFAULT=false -DGRPC_PYTHON_BUILD=1 -D__STDC_FORMAT_MACROS "-DPyMODINIT_FUNC=extern \"C\" __attribute__((visibility (\"default\"))) PyObject*" -DGRPC_POSIX_FORK_ALLOW_PTHREAD_ATFORK=1 -Isrc/python/grpcio -Iinclude -I. -Ithird_party/abseil-cpp -Ithird_party/address_sorting/include -Ithird_party/cares/cares/include -Ithird_party/cares -Ithird_party/cares/cares -Ithird_party/cares/cares/src/lib/include -Ithird_party/cares/cares/src/lib -Ithird_party/cares/config_linux -Ithird_party/re2 -Ithird_party/boringssl-with-bazel/src/include -Ithird_party/upb -Isrc/core/ext/upb-gen -Isrc/core/ext/upbdefs-gen -Ithird_party/utf8_range -Ithird_party/xxhash -Ithird_party/zlib -I/usr/local/google/home/ssreenithi/.pyenv/versions/3.12.0/envs/pyvenv_312/include -I/usr/local/google/home/ssreenithi/.pyenv/versions/3.12.0/include/python3.12 -c third_party/boringssl-with-bazel/src/crypto/asn1/a_mbstr.cc -o pyb/temp.linux-x86_64-cpython-312/third_party/boringssl-with-bazel/src/crypto/asn1/a_mbstr.o -std=c++17 -fvisibility=hidden -fno-wrapv -fno-exceptions -pthread
      In file included from ./src/core/lib/promise/activity.h:30,
                       from ./src/core/call/call_state.h:23,
                       from ./src/core/call/call_filters.h:26,
                       from ./src/core/lib/surface/channel_init.h:31,
                       from ./src/core/config/core_configuration.h:29,
                       from src/core/load_balancing/priority/priority.cc:33:
      ./src/core/lib/promise/detail/promise_factory.h:210:5: warning: ‘always_inline’ function might not be inlinable unless also declared ‘inline’ [-Wattributes]
        210 |     PromiseFactoryImpl(Token, F&& f) {
            |     ^~~~~~~~~~~~~~~~~~
      ./src/core/lib/promise/detail/promise_factory.h:210:5: warning: ‘always_inline’ function might not be inlinable unless also declared ‘inline’ [-Wattributes]
      ./src/core/lib/promise/detail/promise_factory.h:210:5: warning: ‘always_inline’ function might not be inlinable unless also declared ‘inline’ [-Wattributes]
      ./src/core/lib/promise/detail/promise_factory.h:210:5: warning: ‘always_inline’ function might not be inlinable unless also declared ‘inline’ [-Wattributes]
      ./src/core/lib/promise/detail/promise_factory.h:210:5: warning: ‘always_inline’ function might not be inlinable unless also declared ‘inline’ [-Wattributes]
      ./src/core/lib/promise/detail/promise_factory.h:210:5: warning: ‘always_inline’ function might not be inlinable unless also declared ‘inline’ [-Wattributes]
      ./src/core/lib/promise/detail/promise_factory.h:210:5: warning: ‘always_inline’ function might not be inlinable unless also declared ‘inline’ [-Wattributes]
      g++ -fno-strict-overflow -Wsign-compare -DNDEBUG -g -O3 -Wall -fPIC -D_WIN32_WINNT=1536 -DGRPC_XDS_USER_AGENT_NAME_SUFFIX=\"Python\" -DGRPC_XDS_USER_AGENT_VERSION_SUFFIX=\"1.79.0.dev0\" -DHAVE_CONFIG_H=1 -DGRPC_ENABLE_FORK_SUPPORT=1 -DGRPC_ENABLE_FORK_SUPPORT_DEFAULT=false -DGRPC_PYTHON_BUILD=1 -D__STDC_FORMAT_MACROS "-DPyMODINIT_FUNC=extern \"C\" __attribute__((visibility (\"default\"))) PyObject*" -DGRPC_POSIX_FORK_ALLOW_PTHREAD_ATFORK=1 -Isrc/python/grpcio -Iinclude -I. -Ithird_party/abseil-cpp -Ithird_party/address_sorting/include -Ithird_party/cares/cares/include -Ithird_party/cares -Ithird_party/cares/cares -Ithird_party/cares/cares/src/lib/include -Ithird_party/cares/cares/src/lib -Ithird_party/cares/config_linux -Ithird_party/re2 -Ithird_party/boringssl-with-bazel/src/include -Ithird_party/upb -Isrc/core/ext/upb-gen -Isrc/core/ext/upbdefs-gen -Ithird_party/utf8_range -Ithird_party/xxhash -Ithird_party/zlib -I/usr/local/google/home/ssreenithi/.pyenv/versions/3.12.0/envs/pyvenv_312/include -I/usr/local/google/home/ssreenithi/.pyenv/versions/3.12.0/include/python3.12 -c third_party/abseil-cpp/absl/time/internal/cctz/src/time_zone_format.cc -o pyb/temp.linux-x86_64-cpython-312/third_party/abseil-cpp/absl/time/internal/cctz/src/time_zone_format.o -std=c++17 -fvisibility=hidden -fno-wrapv -fno-exceptions -pthread
      In file included from ./src/core/lib/promise/activity.h:30,
                       from ./src/core/lib/resource_quota/memory_quota.h:39,
                       from ./src/core/lib/resource_quota/arena.h:39,
                       from ./src/core/lib/promise/arena_promise.h:28,
                       from ./src/core/credentials/transport/security_connector.h:36,
                       from ./src/core/credentials/transport/tls/ssl_utils.h:34,
                       from ./src/core/credentials/transport/tls/grpc_tls_certificate_distributor.h:30,
                       from ./src/core/xds/grpc/certificate_provider_store.h:29,
                       from ./src/core/xds/grpc/xds_bootstrap_grpc.h:32,
                       from src/core/xds/grpc/xds_bootstrap_grpc.cc:17:
      ./src/core/lib/promise/detail/promise_factory.h:210:5: warning: ‘always_inline’ function might not be inlinable unless also declared ‘inline’ [-Wattributes]
        210 |     PromiseFactoryImpl(Token, F&& f) {
            |     ^~~~~~~~~~~~~~~~~~
      ./src/core/lib/promise/detail/promise_factory.h:210:5: warning: ‘always_inline’ function might not be inlinable unless also declared ‘inline’ [-Wattributes]
      ./src/core/lib/promise/detail/promise_factory.h:210:5: warning: ‘always_inline’ function might not be inlinable unless also declared ‘inline’ [-Wattributes]
      ./src/core/lib/promise/detail/promise_factory.h:210:5: warning: ‘always_inline’ function might not be inlinable unless also declared ‘inline’ [-Wattributes]
      ./src/core/lib/promise/detail/promise_factory.h:210:5: warning: ‘always_inline’ function might not be inlinable unless also declared ‘inline’ [-Wattributes]
      ./src/core/lib/promise/detail/promise_factory.h:210:5: warning: ‘always_inline’ function might not be inlinable unless also declared ‘inline’ [-Wattributes]
      ./src/core/lib/promise/detail/promise_factory.h:210:5: warning: ‘always_inline’ function might not be inlinable unless also declared ‘inline’ [-Wattributes]
      g++ -fno-strict-overflow -Wsign-compare -DNDEBUG -g -O3 -Wall -fPIC -D_WIN32_WINNT=1536 -DGRPC_XDS_USER_AGENT_NAME_SUFFIX=\"Python\" -DGRPC_XDS_USER_AGENT_VERSION_SUFFIX=\"1.79.0.dev0\" -DHAVE_CONFIG_H=1 -DGRPC_ENABLE_FORK_SUPPORT=1 -DGRPC_ENABLE_FORK_SUPPORT_DEFAULT=false -DGRPC_PYTHON_BUILD=1 -D__STDC_FORMAT_MACROS "-DPyMODINIT_FUNC=extern \"C\" __attribute__((visibility (\"default\"))) PyObject*" -DGRPC_POSIX_FORK_ALLOW_PTHREAD_ATFORK=1 -Isrc/python/grpcio -Iinclude -I. -Ithird_party/abseil-cpp -Ithird_party/address_sorting/include -Ithird_party/cares/cares/include -Ithird_party/cares -Ithird_party/cares/cares -Ithird_party/cares/cares/src/lib/include -Ithird_party/cares/cares/src/lib -Ithird_party/cares/config_linux -Ithird_party/re2 -Ithird_party/boringssl-with-bazel/src/include -Ithird_party/upb -Isrc/core/ext/upb-gen -Isrc/core/ext/upbdefs-gen -Ithird_party/utf8_range -Ithird_party/xxhash -Ithird_party/zlib -I/usr/local/google/home/ssreenithi/.pyenv/versions/3.12.0/envs/pyvenv_312/include -I/usr/local/google/home/ssreenithi/.pyenv/versions/3.12.0/include/python3.12 -c third_party/abseil-cpp/absl/strings/internal/utf8.cc -o pyb/temp.linux-x86_64-cpython-312/third_party/abseil-cpp/absl/strings/internal/utf8.o -std=c++17 -fvisibility=hidden -fno-wrapv -fno-exceptions -pthread
      g++ -fno-strict-overflow -Wsign-compare -DNDEBUG -g -O3 -Wall -fPIC -D_WIN32_WINNT=1536 -DGRPC_XDS_USER_AGENT_NAME_SUFFIX=\"Python\" -DGRPC_XDS_USER_AGENT_VERSION_SUFFIX=\"1.79.0.dev0\" -DHAVE_CONFIG_H=1 -DGRPC_ENABLE_FORK_SUPPORT=1 -DGRPC_ENABLE_FORK_SUPPORT_DEFAULT=false -DGRPC_PYTHON_BUILD=1 -D__STDC_FORMAT_MACROS "-DPyMODINIT_FUNC=extern \"C\" __attribute__((visibility (\"default\"))) PyObject*" -DGRPC_POSIX_FORK_ALLOW_PTHREAD_ATFORK=1 -Isrc/python/grpcio -Iinclude -I. -Ithird_party/abseil-cpp -Ithird_party/address_sorting/include -Ithird_party/cares/cares/include -Ithird_party/cares -Ithird_party/cares/cares -Ithird_party/cares/cares/src/lib/include -Ithird_party/cares/cares/src/lib -Ithird_party/cares/config_linux -Ithird_party/re2 -Ithird_party/boringssl-with-bazel/src/include -Ithird_party/upb -Isrc/core/ext/upb-gen -Isrc/core/ext/upbdefs-gen -Ithird_party/utf8_range -Ithird_party/xxhash -Ithird_party/zlib -I/usr/local/google/home/ssreenithi/.pyenv/versions/3.12.0/envs/pyvenv_312/include -I/usr/local/google/home/ssreenithi/.pyenv/versions/3.12.0/include/python3.12 -c third_party/abseil-cpp/absl/time/internal/cctz/src/zone_info_source.cc -o pyb/temp.linux-x86_64-cpython-312/third_party/abseil-cpp/absl/time/internal/cctz/src/zone_info_source.o -std=c++17 -fvisibility=hidden -fno-wrapv -fno-exceptions -pthread
      g++ -fno-strict-overflow -Wsign-compare -DNDEBUG -g -O3 -Wall -fPIC -D_WIN32_WINNT=1536 -DGRPC_XDS_USER_AGENT_NAME_SUFFIX=\"Python\" -DGRPC_XDS_USER_AGENT_VERSION_SUFFIX=\"1.79.0.dev0\" -DHAVE_CONFIG_H=1 -DGRPC_ENABLE_FORK_SUPPORT=1 -DGRPC_ENABLE_FORK_SUPPORT_DEFAULT=false -DGRPC_PYTHON_BUILD=1 -D__STDC_FORMAT_MACROS "-DPyMODINIT_FUNC=extern \"C\" __attribute__((visibility (\"default\"))) PyObject*" -DGRPC_POSIX_FORK_ALLOW_PTHREAD_ATFORK=1 -Isrc/python/grpcio -Iinclude -I. -Ithird_party/abseil-cpp -Ithird_party/address_sorting/include -Ithird_party/cares/cares/include -Ithird_party/cares -Ithird_party/cares/cares -Ithird_party/cares/cares/src/lib/include -Ithird_party/cares/cares/src/lib -Ithird_party/cares/config_linux -Ithird_party/re2 -Ithird_party/boringssl-with-bazel/src/include -Ithird_party/upb -Isrc/core/ext/upb-gen -Isrc/core/ext/upbdefs-gen -Ithird_party/utf8_range -Ithird_party/xxhash -Ithird_party/zlib -I/usr/local/google/home/ssreenithi/.pyenv/versions/3.12.0/envs/pyvenv_312/include -I/usr/local/google/home/ssreenithi/.pyenv/versions/3.12.0/include/python3.12 -c third_party/boringssl-with-bazel/src/crypto/asn1/a_type.cc -o pyb/temp.linux-x86_64-cpython-312/third_party/boringssl-with-bazel/src/crypto/asn1/a_type.o -std=c++17 -fvisibility=hidden -fno-wrapv -fno-exceptions -pthread
      g++ -fno-strict-overflow -Wsign-compare -DNDEBUG -g -O3 -Wall -fPIC -D_WIN32_WINNT=1536 -DGRPC_XDS_USER_AGENT_NAME_SUFFIX=\"Python\" -DGRPC_XDS_USER_AGENT_VERSION_SUFFIX=\"1.79.0.dev0\" -DHAVE_CONFIG_H=1 -DGRPC_ENABLE_FORK_SUPPORT=1 -DGRPC_ENABLE_FORK_SUPPORT_DEFAULT=false -DGRPC_PYTHON_BUILD=1 -D__STDC_FORMAT_MACROS "-DPyMODINIT_FUNC=extern \"C\" __attribute__((visibility (\"default\"))) PyObject*" -DGRPC_POSIX_FORK_ALLOW_PTHREAD_ATFORK=1 -Isrc/python/grpcio -Iinclude -I. -Ithird_party/abseil-cpp -Ithird_party/address_sorting/include -Ithird_party/cares/cares/include -Ithird_party/cares -Ithird_party/cares/cares -Ithird_party/cares/cares/src/lib/include -Ithird_party/cares/cares/src/lib -Ithird_party/cares/config_linux -Ithird_party/re2 -Ithird_party/boringssl-with-bazel/src/include -Ithird_party/upb -Isrc/core/ext/upb-gen -Isrc/core/ext/upbdefs-gen -Ithird_party/utf8_range -Ithird_party/xxhash -Ithird_party/zlib -I/usr/local/google/home/ssreenithi/.pyenv/versions/3.12.0/envs/pyvenv_312/include -I/usr/local/google/home/ssreenithi/.pyenv/versions/3.12.0/include/python3.12 -c third_party/abseil-cpp/absl/strings/internal/cordz_info.cc -o pyb/temp.linux-x86_64-cpython-312/third_party/abseil-cpp/absl/strings/internal/cordz_info.o -std=c++17 -fvisibility=hidden -fno-wrapv -fno-exceptions -pthread
      g++ -fno-strict-overflow -Wsign-compare -DNDEBUG -g -O3 -Wall -fPIC -D_WIN32_WINNT=1536 -DGRPC_XDS_USER_AGENT_NAME_SUFFIX=\"Python\" -DGRPC_XDS_USER_AGENT_VERSION_SUFFIX=\"1.79.0.dev0\" -DHAVE_CONFIG_H=1 -DGRPC_ENABLE_FORK_SUPPORT=1 -DGRPC_ENABLE_FORK_SUPPORT_DEFAULT=false -DGRPC_PYTHON_BUILD=1 -D__STDC_FORMAT_MACROS "-DPyMODINIT_FUNC=extern \"C\" __attribute__((visibility (\"default\"))) PyObject*" -DGRPC_POSIX_FORK_ALLOW_PTHREAD_ATFORK=1 -Isrc/python/grpcio -Iinclude -I. -Ithird_party/abseil-cpp -Ithird_party/address_sorting/include -Ithird_party/cares/cares/include -Ithird_party/cares -Ithird_party/cares/cares -Ithird_party/cares/cares/src/lib/include -Ithird_party/cares/cares/src/lib -Ithird_party/cares/config_linux -Ithird_party/re2 -Ithird_party/boringssl-with-bazel/src/include -Ithird_party/upb -Isrc/core/ext/upb-gen -Isrc/core/ext/upbdefs-gen -Ithird_party/utf8_range -Ithird_party/xxhash -Ithird_party/zlib -I/usr/local/google/home/ssreenithi/.pyenv/versions/3.12.0/envs/pyvenv_312/include -I/usr/local/google/home/ssreenithi/.pyenv/versions/3.12.0/include/python3.12 -c src/core/load_balancing/grpclb/client_load_reporting_filter.cc -o pyb/temp.linux-x86_64-cpython-312/src/core/load_balancing/grpclb/client_load_reporting_filter.o -std=c++17 -fvisibility=hidden -fno-wrapv -fno-exceptions -pthread
      g++ -fno-strict-overflow -Wsign-compare -DNDEBUG -g -O3 -Wall -fPIC -D_WIN32_WINNT=1536 -DGRPC_XDS_USER_AGENT_NAME_SUFFIX=\"Python\" -DGRPC_XDS_USER_AGENT_VERSION_SUFFIX=\"1.79.0.dev0\" -DHAVE_CONFIG_H=1 -DGRPC_ENABLE_FORK_SUPPORT=1 -DGRPC_ENABLE_FORK_SUPPORT_DEFAULT=false -DGRPC_PYTHON_BUILD=1 -D__STDC_FORMAT_MACROS "-DPyMODINIT_FUNC=extern \"C\" __attribute__((visibility (\"default\"))) PyObject*" -DGRPC_POSIX_FORK_ALLOW_PTHREAD_ATFORK=1 -Isrc/python/grpcio -Iinclude -I. -Ithird_party/abseil-cpp -Ithird_party/address_sorting/include -Ithird_party/cares/cares/include -Ithird_party/cares -Ithird_party/cares/cares -Ithird_party/cares/cares/src/lib/include -Ithird_party/cares/cares/src/lib -Ithird_party/cares/config_linux -Ithird_party/re2 -Ithird_party/boringssl-with-bazel/src/include -Ithird_party/upb -Isrc/core/ext/upb-gen -Isrc/core/ext/upbdefs-gen -Ithird_party/utf8_range -Ithird_party/xxhash -Ithird_party/zlib -I/usr/local/google/home/ssreenithi/.pyenv/versions/3.12.0/envs/pyvenv_312/include -I/usr/local/google/home/ssreenithi/.pyenv/versions/3.12.0/include/python3.12 -c third_party/abseil-cpp/absl/strings/match.cc -o pyb/temp.linux-x86_64-cpython-312/third_party/abseil-cpp/absl/strings/match.o -std=c++17 -fvisibility=hidden -fno-wrapv -fno-exceptions -pthread
      g++ -fno-strict-overflow -Wsign-compare -DNDEBUG -g -O3 -Wall -fPIC -D_WIN32_WINNT=1536 -DGRPC_XDS_USER_AGENT_NAME_SUFFIX=\"Python\" -DGRPC_XDS_USER_AGENT_VERSION_SUFFIX=\"1.79.0.dev0\" -DHAVE_CONFIG_H=1 -DGRPC_ENABLE_FORK_SUPPORT=1 -DGRPC_ENABLE_FORK_SUPPORT_DEFAULT=false -DGRPC_PYTHON_BUILD=1 -D__STDC_FORMAT_MACROS "-DPyMODINIT_FUNC=extern \"C\" __attribute__((visibility (\"default\"))) PyObject*" -DGRPC_POSIX_FORK_ALLOW_PTHREAD_ATFORK=1 -Isrc/python/grpcio -Iinclude -I. -Ithird_party/abseil-cpp -Ithird_party/address_sorting/include -Ithird_party/cares/cares/include -Ithird_party/cares -Ithird_party/cares/cares -Ithird_party/cares/cares/src/lib/include -Ithird_party/cares/cares/src/lib -Ithird_party/cares/config_linux -Ithird_party/re2 -Ithird_party/boringssl-with-bazel/src/include -Ithird_party/upb -Isrc/core/ext/upb-gen -Isrc/core/ext/upbdefs-gen -Ithird_party/utf8_range -Ithird_party/xxhash -Ithird_party/zlib -I/usr/local/google/home/ssreenithi/.pyenv/versions/3.12.0/envs/pyvenv_312/include -I/usr/local/google/home/ssreenithi/.pyenv/versions/3.12.0/include/python3.12 -c third_party/boringssl-with-bazel/src/crypto/asn1/a_d2i_fp.cc -o pyb/temp.linux-x86_64-cpython-312/third_party/boringssl-with-bazel/src/crypto/asn1/a_d2i_fp.o -std=c++17 -fvisibility=hidden -fno-wrapv -fno-exceptions -pthread
      In file included from ./src/core/lib/promise/activity.h:30,
                       from ./src/core/lib/resource_quota/memory_quota.h:39,
                       from ./src/core/lib/event_engine/extensions/chaotic_good_extension.h:20,
                       from ./src/core/lib/transport/promise_endpoint.h:33,
                       from ./src/core/ext/transport/chttp2/transport/write_cycle.h:32,
                       from ./src/core/ext/transport/chttp2/transport/ping_promise.h:32,
                       from src/core/ext/transport/chttp2/transport/ping_promise.cc:18:
      ./src/core/lib/promise/detail/promise_factory.h:210:5: warning: ‘always_inline’ function might not be inlinable unless also declared ‘inline’ [-Wattributes]
        210 |     PromiseFactoryImpl(Token, F&& f) {
            |     ^~~~~~~~~~~~~~~~~~
      ./src/core/lib/promise/detail/promise_factory.h:210:5: warning: ‘always_inline’ function might not be inlinable unless also declared ‘inline’ [-Wattributes]
      ./src/core/lib/promise/detail/promise_factory.h:210:5: warning: ‘always_inline’ function might not be inlinable unless also declared ‘inline’ [-Wattributes]
      ./src/core/lib/promise/detail/promise_factory.h:210:5: warning: ‘always_inline’ function might not be inlinable unless also declared ‘inline’ [-Wattributes]
      ./src/core/lib/promise/detail/promise_factory.h:210:5: warning: ‘always_inline’ function might not be inlinable unless also declared ‘inline’ [-Wattributes]
      ./src/core/lib/promise/detail/promise_factory.h:210:5: warning: ‘always_inline’ function might not be inlinable unless also declared ‘inline’ [-Wattributes]
      g++ -fno-strict-overflow -Wsign-compare -DNDEBUG -g -O3 -Wall -fPIC -D_WIN32_WINNT=1536 -DGRPC_XDS_USER_AGENT_NAME_SUFFIX=\"Python\" -DGRPC_XDS_USER_AGENT_VERSION_SUFFIX=\"1.79.0.dev0\" -DHAVE_CONFIG_H=1 -DGRPC_ENABLE_FORK_SUPPORT=1 -DGRPC_ENABLE_FORK_SUPPORT_DEFAULT=false -DGRPC_PYTHON_BUILD=1 -D__STDC_FORMAT_MACROS "-DPyMODINIT_FUNC=extern \"C\" __attribute__((visibility (\"default\"))) PyObject*" -DGRPC_POSIX_FORK_ALLOW_PTHREAD_ATFORK=1 -Isrc/python/grpcio -Iinclude -I. -Ithird_party/abseil-cpp -Ithird_party/address_sorting/include -Ithird_party/cares/cares/include -Ithird_party/cares -Ithird_party/cares/cares -Ithird_party/cares/cares/src/lib/include -Ithird_party/cares/cares/src/lib -Ithird_party/cares/config_linux -Ithird_party/re2 -Ithird_party/boringssl-with-bazel/src/include -Ithird_party/upb -Isrc/core/ext/upb-gen -Isrc/core/ext/upbdefs-gen -Ithird_party/utf8_range -Ithird_party/xxhash -Ithird_party/zlib -I/usr/local/google/home/ssreenithi/.pyenv/versions/3.12.0/envs/pyvenv_312/include -I/usr/local/google/home/ssreenithi/.pyenv/versions/3.12.0/include/python3.12 -c src/core/resolver/dns/c_ares/grpc_ares_ev_driver_windows.cc -o pyb/temp.linux-x86_64-cpython-312/src/core/resolver/dns/c_ares/grpc_ares_ev_driver_windows.o -std=c++17 -fvisibility=hidden -fno-wrapv -fno-exceptions -pthread
      g++ -fno-strict-overflow -Wsign-compare -DNDEBUG -g -O3 -Wall -fPIC -D_WIN32_WINNT=1536 -DGRPC_XDS_USER_AGENT_NAME_SUFFIX=\"Python\" -DGRPC_XDS_USER_AGENT_VERSION_SUFFIX=\"1.79.0.dev0\" -DHAVE_CONFIG_H=1 -DGRPC_ENABLE_FORK_SUPPORT=1 -DGRPC_ENABLE_FORK_SUPPORT_DEFAULT=false -DGRPC_PYTHON_BUILD=1 -D__STDC_FORMAT_MACROS "-DPyMODINIT_FUNC=extern \"C\" __attribute__((visibility (\"default\"))) PyObject*" -DGRPC_POSIX_FORK_ALLOW_PTHREAD_ATFORK=1 -Isrc/python/grpcio -Iinclude -I. -Ithird_party/abseil-cpp -Ithird_party/address_sorting/include -Ithird_party/cares/cares/include -Ithird_party/cares -Ithird_party/cares/cares -Ithird_party/cares/cares/src/lib/include -Ithird_party/cares/cares/src/lib -Ithird_party/cares/config_linux -Ithird_party/re2 -Ithird_party/boringssl-with-bazel/src/include -Ithird_party/upb -Isrc/core/ext/upb-gen -Isrc/core/ext/upbdefs-gen -Ithird_party/utf8_range -Ithird_party/xxhash -Ithird_party/zlib -I/usr/local/google/home/ssreenithi/.pyenv/versions/3.12.0/envs/pyvenv_312/include -I/usr/local/google/home/ssreenithi/.pyenv/versions/3.12.0/include/python3.12 -c third_party/abseil-cpp/absl/hash/internal/city.cc -o pyb/temp.linux-x86_64-cpython-312/third_party/abseil-cpp/absl/hash/internal/city.o -std=c++17 -fvisibility=hidden -fno-wrapv -fno-exceptions -pthread
      g++ -fno-strict-overflow -Wsign-compare -DNDEBUG -g -O3 -Wall -fPIC -D_WIN32_WINNT=1536 -DGRPC_XDS_USER_AGENT_NAME_SUFFIX=\"Python\" -DGRPC_XDS_USER_AGENT_VERSION_SUFFIX=\"1.79.0.dev0\" -DHAVE_CONFIG_H=1 -DGRPC_ENABLE_FORK_SUPPORT=1 -DGRPC_ENABLE_FORK_SUPPORT_DEFAULT=false -DGRPC_PYTHON_BUILD=1 -D__STDC_FORMAT_MACROS "-DPyMODINIT_FUNC=extern \"C\" __attribute__((visibility (\"default\"))) PyObject*" -DGRPC_POSIX_FORK_ALLOW_PTHREAD_ATFORK=1 -Isrc/python/grpcio -Iinclude -I. -Ithird_party/abseil-cpp -Ithird_party/address_sorting/include -Ithird_party/cares/cares/include -Ithird_party/cares -Ithird_party/cares/cares -Ithird_party/cares/cares/src/lib/include -Ithird_party/cares/cares/src/lib -Ithird_party/cares/config_linux -Ithird_party/re2 -Ithird_party/boringssl-with-bazel/src/include -Ithird_party/upb -Isrc/core/ext/upb-gen -Isrc/core/ext/upbdefs-gen -Ithird_party/utf8_range -Ithird_party/xxhash -Ithird_party/zlib -I/usr/local/google/home/ssreenithi/.pyenv/versions/3.12.0/envs/pyvenv_312/include -I/usr/local/google/home/ssreenithi/.pyenv/versions/3.12.0/include/python3.12 -c src/core/resolver/dns/c_ares/grpc_ares_wrapper.cc -o pyb/temp.linux-x86_64-cpython-312/src/core/resolver/dns/c_ares/grpc_ares_wrapper.o -std=c++17 -fvisibility=hidden -fno-wrapv -fno-exceptions -pthread
      g++ -fno-strict-overflow -Wsign-compare -DNDEBUG -g -O3 -Wall -fPIC -D_WIN32_WINNT=1536 -DGRPC_XDS_USER_AGENT_NAME_SUFFIX=\"Python\" -DGRPC_XDS_USER_AGENT_VERSION_SUFFIX=\"1.79.0.dev0\" -DHAVE_CONFIG_H=1 -DGRPC_ENABLE_FORK_SUPPORT=1 -DGRPC_ENABLE_FORK_SUPPORT_DEFAULT=false -DGRPC_PYTHON_BUILD=1 -D__STDC_FORMAT_MACROS "-DPyMODINIT_FUNC=extern \"C\" __attribute__((visibility (\"default\"))) PyObject*" -DGRPC_POSIX_FORK_ALLOW_PTHREAD_ATFORK=1 -Isrc/python/grpcio -Iinclude -I. -Ithird_party/abseil-cpp -Ithird_party/address_sorting/include -Ithird_party/cares/cares/include -Ithird_party/cares -Ithird_party/cares/cares -Ithird_party/cares/cares/src/lib/include -Ithird_party/cares/cares/src/lib -Ithird_party/cares/config_linux -Ithird_party/re2 -Ithird_party/boringssl-with-bazel/src/include -Ithird_party/upb -Isrc/core/ext/upb-gen -Isrc/core/ext/upbdefs-gen -Ithird_party/utf8_range -Ithird_party/xxhash -Ithird_party/zlib -I/usr/local/google/home/ssreenithi/.pyenv/versions/3.12.0/envs/pyvenv_312/include -I/usr/local/google/home/ssreenithi/.pyenv/versions/3.12.0/include/python3.12 -c src/core/resolver/resolver_registry.cc -o pyb/temp.linux-x86_64-cpython-312/src/core/resolver/resolver_registry.o -std=c++17 -fvisibility=hidden -fno-wrapv -fno-exceptions -pthread
      g++ -fno-strict-overflow -Wsign-compare -DNDEBUG -g -O3 -Wall -fPIC -D_WIN32_WINNT=1536 -DGRPC_XDS_USER_AGENT_NAME_SUFFIX=\"Python\" -DGRPC_XDS_USER_AGENT_VERSION_SUFFIX=\"1.79.0.dev0\" -DHAVE_CONFIG_H=1 -DGRPC_ENABLE_FORK_SUPPORT=1 -DGRPC_ENABLE_FORK_SUPPORT_DEFAULT=false -DGRPC_PYTHON_BUILD=1 -D__STDC_FORMAT_MACROS "-DPyMODINIT_FUNC=extern \"C\" __attribute__((visibility (\"default\"))) PyObject*" -DGRPC_POSIX_FORK_ALLOW_PTHREAD_ATFORK=1 -Isrc/python/grpcio -Iinclude -I. -Ithird_party/abseil-cpp -Ithird_party/address_sorting/include -Ithird_party/cares/cares/include -Ithird_party/cares -Ithird_party/cares/cares -Ithird_party/cares/cares/src/lib/include -Ithird_party/cares/cares/src/lib -Ithird_party/cares/config_linux -Ithird_party/re2 -Ithird_party/boringssl-with-bazel/src/include -Ithird_party/upb -Isrc/core/ext/upb-gen -Isrc/core/ext/upbdefs-gen -Ithird_party/utf8_range -Ithird_party/xxhash -Ithird_party/zlib -I/usr/local/google/home/ssreenithi/.pyenv/versions/3.12.0/envs/pyvenv_312/include -I/usr/local/google/home/ssreenithi/.pyenv/versions/3.12.0/include/python3.12 -c src/core/channelz/text_encode.cc -o pyb/temp.linux-x86_64-cpython-312/src/core/channelz/text_encode.o -std=c++17 -fvisibility=hidden -fno-wrapv -fno-exceptions -pthread
      src/core/load_balancing/priority/priority.cc:367:10: warning: ‘uint32_t grpc_core::{anonymous}::PriorityLb::GetChildPriorityLocked(const std::string&) const’ defined but not used [-Wunused-function]
        367 | uint32_t PriorityLb::GetChildPriorityLocked(
            |          ^~~~~~~~~~
      g++ -fno-strict-overflow -Wsign-compare -DNDEBUG -g -O3 -Wall -fPIC -D_WIN32_WINNT=1536 -DGRPC_XDS_USER_AGENT_NAME_SUFFIX=\"Python\" -DGRPC_XDS_USER_AGENT_VERSION_SUFFIX=\"1.79.0.dev0\" -DHAVE_CONFIG_H=1 -DGRPC_ENABLE_FORK_SUPPORT=1 -DGRPC_ENABLE_FORK_SUPPORT_DEFAULT=false -DGRPC_PYTHON_BUILD=1 -D__STDC_FORMAT_MACROS "-DPyMODINIT_FUNC=extern \"C\" __attribute__((visibility (\"default\"))) PyObject*" -DGRPC_POSIX_FORK_ALLOW_PTHREAD_ATFORK=1 -Isrc/python/grpcio -Iinclude -I. -Ithird_party/abseil-cpp -Ithird_party/address_sorting/include -Ithird_party/cares/cares/include -Ithird_party/cares -Ithird_party/cares/cares -Ithird_party/cares/cares/src/lib/include -Ithird_party/cares/cares/src/lib -Ithird_party/cares/config_linux -Ithird_party/re2 -Ithird_party/boringssl-with-bazel/src/include -Ithird_party/upb -Isrc/core/ext/upb-gen -Isrc/core/ext/upbdefs-gen -Ithird_party/utf8_range -Ithird_party/xxhash -Ithird_party/zlib -I/usr/local/google/home/ssreenithi/.pyenv/versions/3.12.0/envs/pyvenv_312/include -I/usr/local/google/home/ssreenithi/.pyenv/versions/3.12.0/include/python3.12 -c src/core/resolver/endpoint_addresses.cc -o pyb/temp.linux-x86_64-cpython-312/src/core/resolver/endpoint_addresses.o -std=c++17 -fvisibility=hidden -fno-wrapv -fno-exceptions -pthread
      g++ -fno-strict-overflow -Wsign-compare -DNDEBUG -g -O3 -Wall -fPIC -D_WIN32_WINNT=1536 -DGRPC_XDS_USER_AGENT_NAME_SUFFIX=\"Python\" -DGRPC_XDS_USER_AGENT_VERSION_SUFFIX=\"1.79.0.dev0\" -DHAVE_CONFIG_H=1 -DGRPC_ENABLE_FORK_SUPPORT=1 -DGRPC_ENABLE_FORK_SUPPORT_DEFAULT=false -DGRPC_PYTHON_BUILD=1 -D__STDC_FORMAT_MACROS "-DPyMODINIT_FUNC=extern \"C\" __attribute__((visibility (\"default\"))) PyObject*" -DGRPC_POSIX_FORK_ALLOW_PTHREAD_ATFORK=1 -Isrc/python/grpcio -Iinclude -I. -Ithird_party/abseil-cpp -Ithird_party/address_sorting/include -Ithird_party/cares/cares/include -Ithird_party/cares -Ithird_party/cares/cares -Ithird_party/cares/cares/src/lib/include -Ithird_party/cares/cares/src/lib -Ithird_party/cares/config_linux -Ithird_party/re2 -Ithird_party/boringssl-with-bazel/src/include -Ithird_party/upb -Isrc/core/ext/upb-gen -Isrc/core/ext/upbdefs-gen -Ithird_party/utf8_range -Ithird_party/xxhash -Ithird_party/zlib -I/usr/local/google/home/ssreenithi/.pyenv/versions/3.12.0/envs/pyvenv_312/include -I/usr/local/google/home/ssreenithi/.pyenv/versions/3.12.0/include/python3.12 -c third_party/abseil-cpp/absl/synchronization/notification.cc -o pyb/temp.linux-x86_64-cpython-312/third_party/abseil-cpp/absl/synchronization/notification.o -std=c++17 -fvisibility=hidden -fno-wrapv -fno-exceptions -pthread
      g++ -fno-strict-overflow -Wsign-compare -DNDEBUG -g -O3 -Wall -fPIC -D_WIN32_WINNT=1536 -DGRPC_XDS_USER_AGENT_NAME_SUFFIX=\"Python\" -DGRPC_XDS_USER_AGENT_VERSION_SUFFIX=\"1.79.0.dev0\" -DHAVE_CONFIG_H=1 -DGRPC_ENABLE_FORK_SUPPORT=1 -DGRPC_ENABLE_FORK_SUPPORT_DEFAULT=false -DGRPC_PYTHON_BUILD=1 -D__STDC_FORMAT_MACROS "-DPyMODINIT_FUNC=extern \"C\" __attribute__((visibility (\"default\"))) PyObject*" -DGRPC_POSIX_FORK_ALLOW_PTHREAD_ATFORK=1 -Isrc/python/grpcio -Iinclude -I. -Ithird_party/abseil-cpp -Ithird_party/address_sorting/include -Ithird_party/cares/cares/include -Ithird_party/cares -Ithird_party/cares/cares -Ithird_party/cares/cares/src/lib/include -Ithird_party/cares/cares/src/lib -Ithird_party/cares/config_linux -Ithird_party/re2 -Ithird_party/boringssl-with-bazel/src/include -Ithird_party/upb -Isrc/core/ext/upb-gen -Isrc/core/ext/upbdefs-gen -Ithird_party/utf8_range -Ithird_party/xxhash -Ithird_party/zlib -I/usr/local/google/home/ssreenithi/.pyenv/versions/3.12.0/envs/pyvenv_312/include -I/usr/local/google/home/ssreenithi/.pyenv/versions/3.12.0/include/python3.12 -c third_party/boringssl-with-bazel/src/crypto/asn1/a_object.cc -o pyb/temp.linux-x86_64-cpython-312/third_party/boringssl-with-bazel/src/crypto/asn1/a_object.o -std=c++17 -fvisibility=hidden -fno-wrapv -fno-exceptions -pthread
      g++ -fno-strict-overflow -Wsign-compare -DNDEBUG -g -O3 -Wall -fPIC -D_WIN32_WINNT=1536 -DGRPC_XDS_USER_AGENT_NAME_SUFFIX=\"Python\" -DGRPC_XDS_USER_AGENT_VERSION_SUFFIX=\"1.79.0.dev0\" -DHAVE_CONFIG_H=1 -DGRPC_ENABLE_FORK_SUPPORT=1 -DGRPC_ENABLE_FORK_SUPPORT_DEFAULT=false -DGRPC_PYTHON_BUILD=1 -D__STDC_FORMAT_MACROS "-DPyMODINIT_FUNC=extern \"C\" __attribute__((visibility (\"default\"))) PyObject*" -DGRPC_POSIX_FORK_ALLOW_PTHREAD_ATFORK=1 -Isrc/python/grpcio -Iinclude -I. -Ithird_party/abseil-cpp -Ithird_party/address_sorting/include -Ithird_party/cares/cares/include -Ithird_party/cares -Ithird_party/cares/cares -Ithird_party/cares/cares/src/lib/include -Ithird_party/cares/cares/src/lib -Ithird_party/cares/config_linux -Ithird_party/re2 -Ithird_party/boringssl-with-bazel/src/include -Ithird_party/upb -Isrc/core/ext/upb-gen -Isrc/core/ext/upbdefs-gen -Ithird_party/utf8_range -Ithird_party/xxhash -Ithird_party/zlib -I/usr/local/google/home/ssreenithi/.pyenv/versions/3.12.0/envs/pyvenv_312/include -I/usr/local/google/home/ssreenithi/.pyenv/versions/3.12.0/include/python3.12 -c src/core/ext/transport/chttp2/transport/bin_encoder.cc -o pyb/temp.linux-x86_64-cpython-312/src/core/ext/transport/chttp2/transport/bin_encoder.o -std=c++17 -fvisibility=hidden -fno-wrapv -fno-exceptions -pthread
      g++ -fno-strict-overflow -Wsign-compare -DNDEBUG -g -O3 -Wall -fPIC -D_WIN32_WINNT=1536 -DGRPC_XDS_USER_AGENT_NAME_SUFFIX=\"Python\" -DGRPC_XDS_USER_AGENT_VERSION_SUFFIX=\"1.79.0.dev0\" -DHAVE_CONFIG_H=1 -DGRPC_ENABLE_FORK_SUPPORT=1 -DGRPC_ENABLE_FORK_SUPPORT_DEFAULT=false -DGRPC_PYTHON_BUILD=1 -D__STDC_FORMAT_MACROS "-DPyMODINIT_FUNC=extern \"C\" __attribute__((visibility (\"default\"))) PyObject*" -DGRPC_POSIX_FORK_ALLOW_PTHREAD_ATFORK=1 -Isrc/python/grpcio -Iinclude -I. -Ithird_party/abseil-cpp -Ithird_party/address_sorting/include -Ithird_party/cares/cares/include -Ithird_party/cares -Ithird_party/cares/cares -Ithird_party/cares/cares/src/lib/include -Ithird_party/cares/cares/src/lib -Ithird_party/cares/config_linux -Ithird_party/re2 -Ithird_party/boringssl-with-bazel/src/include -Ithird_party/upb -Isrc/core/ext/upb-gen -Isrc/core/ext/upbdefs-gen -Ithird_party/utf8_range -Ithird_party/xxhash -Ithird_party/zlib -I/usr/local/google/home/ssreenithi/.pyenv/versions/3.12.0/envs/pyvenv_312/include -I/usr/local/google/home/ssreenithi/.pyenv/versions/3.12.0/include/python3.12 -c third_party/abseil-cpp/absl/log/log_sink.cc -o pyb/temp.linux-x86_64-cpython-312/third_party/abseil-cpp/absl/log/log_sink.o -std=c++17 -fvisibility=hidden -fno-wrapv -fno-exceptions -pthread
      g++ -fno-strict-overflow -Wsign-compare -DNDEBUG -g -O3 -Wall -fPIC -D_WIN32_WINNT=1536 -DGRPC_XDS_USER_AGENT_NAME_SUFFIX=\"Python\" -DGRPC_XDS_USER_AGENT_VERSION_SUFFIX=\"1.79.0.dev0\" -DHAVE_CONFIG_H=1 -DGRPC_ENABLE_FORK_SUPPORT=1 -DGRPC_ENABLE_FORK_SUPPORT_DEFAULT=false -DGRPC_PYTHON_BUILD=1 -D__STDC_FORMAT_MACROS "-DPyMODINIT_FUNC=extern \"C\" __attribute__((visibility (\"default\"))) PyObject*" -DGRPC_POSIX_FORK_ALLOW_PTHREAD_ATFORK=1 -Isrc/python/grpcio -Iinclude -I. -Ithird_party/abseil-cpp -Ithird_party/address_sorting/include -Ithird_party/cares/cares/include -Ithird_party/cares -Ithird_party/cares/cares -Ithird_party/cares/cares/src/lib/include -Ithird_party/cares/cares/src/lib -Ithird_party/cares/config_linux -Ithird_party/re2 -Ithird_party/boringssl-with-bazel/src/include -Ithird_party/upb -Isrc/core/ext/upb-gen -Isrc/core/ext/upbdefs-gen -Ithird_party/utf8_range -Ithird_party/xxhash -Ithird_party/zlib -I/usr/local/google/home/ssreenithi/.pyenv/versions/3.12.0/envs/pyvenv_312/include -I/usr/local/google/home/ssreenithi/.pyenv/versions/3.12.0/include/python3.12 -c third_party/abseil-cpp/absl/synchronization/barrier.cc -o pyb/temp.linux-x86_64-cpython-312/third_party/abseil-cpp/absl/synchronization/barrier.o -std=c++17 -fvisibility=hidden -fno-wrapv -fno-exceptions -pthread
      g++ -fno-strict-overflow -Wsign-compare -DNDEBUG -g -O3 -Wall -fPIC -D_WIN32_WINNT=1536 -DGRPC_XDS_USER_AGENT_NAME_SUFFIX=\"Python\" -DGRPC_XDS_USER_AGENT_VERSION_SUFFIX=\"1.79.0.dev0\" -DHAVE_CONFIG_H=1 -DGRPC_ENABLE_FORK_SUPPORT=1 -DGRPC_ENABLE_FORK_SUPPORT_DEFAULT=false -DGRPC_PYTHON_BUILD=1 -D__STDC_FORMAT_MACROS "-DPyMODINIT_FUNC=extern \"C\" __attribute__((visibility (\"default\"))) PyObject*" -DGRPC_POSIX_FORK_ALLOW_PTHREAD_ATFORK=1 -Isrc/python/grpcio -Iinclude -I. -Ithird_party/abseil-cpp -Ithird_party/address_sorting/include -Ithird_party/cares/cares/include -Ithird_party/cares -Ithird_party/cares/cares -Ithird_party/cares/cares/src/lib/include -Ithird_party/cares/cares/src/lib -Ithird_party/cares/config_linux -Ithird_party/re2 -Ithird_party/boringssl-with-bazel/src/include -Ithird_party/upb -Isrc/core/ext/upb-gen -Isrc/core/ext/upbdefs-gen -Ithird_party/utf8_range -Ithird_party/xxhash -Ithird_party/zlib -I/usr/local/google/home/ssreenithi/.pyenv/versions/3.12.0/envs/pyvenv_312/include -I/usr/local/google/home/ssreenithi/.pyenv/versions/3.12.0/include/python3.12 -c third_party/boringssl-with-bazel/src/crypto/asn1/a_dup.cc -o pyb/temp.linux-x86_64-cpython-312/third_party/boringssl-with-bazel/src/crypto/asn1/a_dup.o -std=c++17 -fvisibility=hidden -fno-wrapv -fno-exceptions -pthread
      g++ -fno-strict-overflow -Wsign-compare -DNDEBUG -g -O3 -Wall -fPIC -D_WIN32_WINNT=1536 -DGRPC_XDS_USER_AGENT_NAME_SUFFIX=\"Python\" -DGRPC_XDS_USER_AGENT_VERSION_SUFFIX=\"1.79.0.dev0\" -DHAVE_CONFIG_H=1 -DGRPC_ENABLE_FORK_SUPPORT=1 -DGRPC_ENABLE_FORK_SUPPORT_DEFAULT=false -DGRPC_PYTHON_BUILD=1 -D__STDC_FORMAT_MACROS "-DPyMODINIT_FUNC=extern \"C\" __attribute__((visibility (\"default\"))) PyObject*" -DGRPC_POSIX_FORK_ALLOW_PTHREAD_ATFORK=1 -Isrc/python/grpcio -Iinclude -I. -Ithird_party/abseil-cpp -Ithird_party/address_sorting/include -Ithird_party/cares/cares/include -Ithird_party/cares -Ithird_party/cares/cares -Ithird_party/cares/cares/src/lib/include -Ithird_party/cares/cares/src/lib -Ithird_party/cares/config_linux -Ithird_party/re2 -Ithird_party/boringssl-with-bazel/src/include -Ithird_party/upb -Isrc/core/ext/upb-gen -Isrc/core/ext/upbdefs-gen -Ithird_party/utf8_range -Ithird_party/xxhash -Ithird_party/zlib -I/usr/local/google/home/ssreenithi/.pyenv/versions/3.12.0/envs/pyvenv_312/include -I/usr/local/google/home/ssreenithi/.pyenv/versions/3.12.0/include/python3.12 -c third_party/boringssl-with-bazel/src/crypto/asn1/a_utctm.cc -o pyb/temp.linux-x86_64-cpython-312/third_party/boringssl-with-bazel/src/crypto/asn1/a_utctm.o -std=c++17 -fvisibility=hidden -fno-wrapv -fno-exceptions -pthread
      g++ -fno-strict-overflow -Wsign-compare -DNDEBUG -g -O3 -Wall -fPIC -D_WIN32_WINNT=1536 -DGRPC_XDS_USER_AGENT_NAME_SUFFIX=\"Python\" -DGRPC_XDS_USER_AGENT_VERSION_SUFFIX=\"1.79.0.dev0\" -DHAVE_CONFIG_H=1 -DGRPC_ENABLE_FORK_SUPPORT=1 -DGRPC_ENABLE_FORK_SUPPORT_DEFAULT=false -DGRPC_PYTHON_BUILD=1 -D__STDC_FORMAT_MACROS "-DPyMODINIT_FUNC=extern \"C\" __attribute__((visibility (\"default\"))) PyObject*" -DGRPC_POSIX_FORK_ALLOW_PTHREAD_ATFORK=1 -Isrc/python/grpcio -Iinclude -I. -Ithird_party/abseil-cpp -Ithird_party/address_sorting/include -Ithird_party/cares/cares/include -Ithird_party/cares -Ithird_party/cares/cares -Ithird_party/cares/cares/src/lib/include -Ithird_party/cares/cares/src/lib -Ithird_party/cares/config_linux -Ithird_party/re2 -Ithird_party/boringssl-with-bazel/src/include -Ithird_party/upb -Isrc/core/ext/upb-gen -Isrc/core/ext/upbdefs-gen -Ithird_party/utf8_range -Ithird_party/xxhash -Ithird_party/zlib -I/usr/local/google/home/ssreenithi/.pyenv/versions/3.12.0/envs/pyvenv_312/include -I/usr/local/google/home/ssreenithi/.pyenv/versions/3.12.0/include/python3.12 -c third_party/abseil-cpp/absl/strings/charconv.cc -o pyb/temp.linux-x86_64-cpython-312/third_party/abseil-cpp/absl/strings/charconv.o -std=c++17 -fvisibility=hidden -fno-wrapv -fno-exceptions -pthread
      g++ -fno-strict-overflow -Wsign-compare -DNDEBUG -g -O3 -Wall -fPIC -D_WIN32_WINNT=1536 -DGRPC_XDS_USER_AGENT_NAME_SUFFIX=\"Python\" -DGRPC_XDS_USER_AGENT_VERSION_SUFFIX=\"1.79.0.dev0\" -DHAVE_CONFIG_H=1 -DGRPC_ENABLE_FORK_SUPPORT=1 -DGRPC_ENABLE_FORK_SUPPORT_DEFAULT=false -DGRPC_PYTHON_BUILD=1 -D__STDC_FORMAT_MACROS "-DPyMODINIT_FUNC=extern \"C\" __attribute__((visibility (\"default\"))) PyObject*" -DGRPC_POSIX_FORK_ALLOW_PTHREAD_ATFORK=1 -Isrc/python/grpcio -Iinclude -I. -Ithird_party/abseil-cpp -Ithird_party/address_sorting/include -Ithird_party/cares/cares/include -Ithird_party/cares -Ithird_party/cares/cares -Ithird_party/cares/cares/src/lib/include -Ithird_party/cares/cares/src/lib -Ithird_party/cares/config_linux -Ithird_party/re2 -Ithird_party/boringssl-with-bazel/src/include -Ithird_party/upb -Isrc/core/ext/upb-gen -Isrc/core/ext/upbdefs-gen -Ithird_party/utf8_range -Ithird_party/xxhash -Ithird_party/zlib -I/usr/local/google/home/ssreenithi/.pyenv/versions/3.12.0/envs/pyvenv_312/include -I/usr/local/google/home/ssreenithi/.pyenv/versions/3.12.0/include/python3.12 -c third_party/abseil-cpp/absl/time/time.cc -o pyb/temp.linux-x86_64-cpython-312/third_party/abseil-cpp/absl/time/time.o -std=c++17 -fvisibility=hidden -fno-wrapv -fno-exceptions -pthread
      g++ -fno-strict-overflow -Wsign-compare -DNDEBUG -g -O3 -Wall -fPIC -D_WIN32_WINNT=1536 -DGRPC_XDS_USER_AGENT_NAME_SUFFIX=\"Python\" -DGRPC_XDS_USER_AGENT_VERSION_SUFFIX=\"1.79.0.dev0\" -DHAVE_CONFIG_H=1 -DGRPC_ENABLE_FORK_SUPPORT=1 -DGRPC_ENABLE_FORK_SUPPORT_DEFAULT=false -DGRPC_PYTHON_BUILD=1 -D__STDC_FORMAT_MACROS "-DPyMODINIT_FUNC=extern \"C\" __attribute__((visibility (\"default\"))) PyObject*" -DGRPC_POSIX_FORK_ALLOW_PTHREAD_ATFORK=1 -Isrc/python/grpcio -Iinclude -I. -Ithird_party/abseil-cpp -Ithird_party/address_sorting/include -Ithird_party/cares/cares/include -Ithird_party/cares -Ithird_party/cares/cares -Ithird_party/cares/cares/src/lib/include -Ithird_party/cares/cares/src/lib -Ithird_party/cares/config_linux -Ithird_party/re2 -Ithird_party/boringssl-with-bazel/src/include -Ithird_party/upb -Isrc/core/ext/upb-gen -Isrc/core/ext/upbdefs-gen -Ithird_party/utf8_range -Ithird_party/xxhash -Ithird_party/zlib -I/usr/local/google/home/ssreenithi/.pyenv/versions/3.12.0/envs/pyvenv_312/include -I/usr/local/google/home/ssreenithi/.pyenv/versions/3.12.0/include/python3.12 -c third_party/abseil-cpp/absl/synchronization/internal/per_thread_sem.cc -o pyb/temp.linux-x86_64-cpython-312/third_party/abseil-cpp/absl/synchronization/internal/per_thread_sem.o -std=c++17 -fvisibility=hidden -fno-wrapv -fno-exceptions -pthread
      In file included from ./src/core/lib/promise/activity.h:30,
                       from ./src/core/call/call_state.h:23,
                       from ./src/core/call/call_filters.h:26,
                       from ./src/core/lib/surface/channel_init.h:31,
                       from ./src/core/config/core_configuration.h:29,
                       from ./src/core/lib/event_engine/default_event_engine.h:23,
                       from src/core/credentials/transport/tls/grpc_tls_crl_provider.cc:36:
      ./src/core/lib/promise/detail/promise_factory.h:210:5: warning: ‘always_inline’ function might not be inlinable unless also declared ‘inline’ [-Wattributes]
        210 |     PromiseFactoryImpl(Token, F&& f) {
            |     ^~~~~~~~~~~~~~~~~~
      ./src/core/lib/promise/detail/promise_factory.h:210:5: warning: ‘always_inline’ function might not be inlinable unless also declared ‘inline’ [-Wattributes]
      ./src/core/lib/promise/detail/promise_factory.h:210:5: warning: ‘always_inline’ function might not be inlinable unless also declared ‘inline’ [-Wattributes]
      ./src/core/lib/promise/detail/promise_factory.h:210:5: warning: ‘always_inline’ function might not be inlinable unless also declared ‘inline’ [-Wattributes]
      ./src/core/lib/promise/detail/promise_factory.h:210:5: warning: ‘always_inline’ function might not be inlinable unless also declared ‘inline’ [-Wattributes]
      ./src/core/lib/promise/detail/promise_factory.h:210:5: warning: ‘always_inline’ function might not be inlinable unless also declared ‘inline’ [-Wattributes]
      ./src/core/lib/promise/detail/promise_factory.h:210:5: warning: ‘always_inline’ function might not be inlinable unless also declared ‘inline’ [-Wattributes]
      In file included from src/core/ext/filters/channel_idle/legacy_channel_idle_filter.cc:38:
      ./src/core/lib/promise/loop.h:214:31: warning: attribute ignored in declaration of ‘union grpc_core::Loop<F, kYield>::<unnamed>’ [-Wattributes]
        214 |   GPR_NO_UNIQUE_ADDRESS union {
            |                               ^
      ./src/core/lib/promise/loop.h:214:31: note: attribute for ‘union grpc_core::Loop<F, kYield>::<unnamed>’ must follow the ‘union’ keyword
      g++ -fno-strict-overflow -Wsign-compare -DNDEBUG -g -O3 -Wall -fPIC -D_WIN32_WINNT=1536 -DGRPC_XDS_USER_AGENT_NAME_SUFFIX=\"Python\" -DGRPC_XDS_USER_AGENT_VERSION_SUFFIX=\"1.79.0.dev0\" -DHAVE_CONFIG_H=1 -DGRPC_ENABLE_FORK_SUPPORT=1 -DGRPC_ENABLE_FORK_SUPPORT_DEFAULT=false -DGRPC_PYTHON_BUILD=1 -D__STDC_FORMAT_MACROS "-DPyMODINIT_FUNC=extern \"C\" __attribute__((visibility (\"default\"))) PyObject*" -DGRPC_POSIX_FORK_ALLOW_PTHREAD_ATFORK=1 -Isrc/python/grpcio -Iinclude -I. -Ithird_party/abseil-cpp -Ithird_party/address_sorting/include -Ithird_party/cares/cares/include -Ithird_party/cares -Ithird_party/cares/cares -Ithird_party/cares/cares/src/lib/include -Ithird_party/cares/cares/src/lib -Ithird_party/cares/config_linux -Ithird_party/re2 -Ithird_party/boringssl-with-bazel/src/include -Ithird_party/upb -Isrc/core/ext/upb-gen -Isrc/core/ext/upbdefs-gen -Ithird_party/utf8_range -Ithird_party/xxhash -Ithird_party/zlib -I/usr/local/google/home/ssreenithi/.pyenv/versions/3.12.0/envs/pyvenv_312/include -I/usr/local/google/home/ssreenithi/.pyenv/versions/3.12.0/include/python3.12 -c third_party/boringssl-with-bazel/src/crypto/asn1/a_gentm.cc -o pyb/temp.linux-x86_64-cpython-312/third_party/boringssl-with-bazel/src/crypto/asn1/a_gentm.o -std=c++17 -fvisibility=hidden -fno-wrapv -fno-exceptions -pthread
      g++ -fno-strict-overflow -Wsign-compare -DNDEBUG -g -O3 -Wall -fPIC -D_WIN32_WINNT=1536 -DGRPC_XDS_USER_AGENT_NAME_SUFFIX=\"Python\" -DGRPC_XDS_USER_AGENT_VERSION_SUFFIX=\"1.79.0.dev0\" -DHAVE_CONFIG_H=1 -DGRPC_ENABLE_FORK_SUPPORT=1 -DGRPC_ENABLE_FORK_SUPPORT_DEFAULT=false -DGRPC_PYTHON_BUILD=1 -D__STDC_FORMAT_MACROS "-DPyMODINIT_FUNC=extern \"C\" __attribute__((visibility (\"default\"))) PyObject*" -DGRPC_POSIX_FORK_ALLOW_PTHREAD_ATFORK=1 -Isrc/python/grpcio -Iinclude -I. -Ithird_party/abseil-cpp -Ithird_party/address_sorting/include -Ithird_party/cares/cares/include -Ithird_party/cares -Ithird_party/cares/cares -Ithird_party/cares/cares/src/lib/include -Ithird_party/cares/cares/src/lib -Ithird_party/cares/config_linux -Ithird_party/re2 -Ithird_party/boringssl-with-bazel/src/include -Ithird_party/upb -Isrc/core/ext/upb-gen -Isrc/core/ext/upbdefs-gen -Ithird_party/utf8_range -Ithird_party/xxhash -Ithird_party/zlib -I/usr/local/google/home/ssreenithi/.pyenv/versions/3.12.0/envs/pyvenv_312/include -I/usr/local/google/home/ssreenithi/.pyenv/versions/3.12.0/include/python3.12 -c third_party/boringssl-with-bazel/src/crypto/asn1/a_octet.cc -o pyb/temp.linux-x86_64-cpython-312/third_party/boringssl-with-bazel/src/crypto/asn1/a_octet.o -std=c++17 -fvisibility=hidden -fno-wrapv -fno-exceptions -pthread
      g++ -fno-strict-overflow -Wsign-compare -DNDEBUG -g -O3 -Wall -fPIC -D_WIN32_WINNT=1536 -DGRPC_XDS_USER_AGENT_NAME_SUFFIX=\"Python\" -DGRPC_XDS_USER_AGENT_VERSION_SUFFIX=\"1.79.0.dev0\" -DHAVE_CONFIG_H=1 -DGRPC_ENABLE_FORK_SUPPORT=1 -DGRPC_ENABLE_FORK_SUPPORT_DEFAULT=false -DGRPC_PYTHON_BUILD=1 -D__STDC_FORMAT_MACROS "-DPyMODINIT_FUNC=extern \"C\" __attribute__((visibility (\"default\"))) PyObject*" -DGRPC_POSIX_FORK_ALLOW_PTHREAD_ATFORK=1 -Isrc/python/grpcio -Iinclude -I. -Ithird_party/abseil-cpp -Ithird_party/address_sorting/include -Ithird_party/cares/cares/include -Ithird_party/cares -Ithird_party/cares/cares -Ithird_party/cares/cares/src/lib/include -Ithird_party/cares/cares/src/lib -Ithird_party/cares/config_linux -Ithird_party/re2 -Ithird_party/boringssl-with-bazel/src/include -Ithird_party/upb -Isrc/core/ext/upb-gen -Isrc/core/ext/upbdefs-gen -Ithird_party/utf8_range -Ithird_party/xxhash -Ithird_party/zlib -I/usr/local/google/home/ssreenithi/.pyenv/versions/3.12.0/envs/pyvenv_312/include -I/usr/local/google/home/ssreenithi/.pyenv/versions/3.12.0/include/python3.12 -c third_party/abseil-cpp/absl/strings/numbers.cc -o pyb/temp.linux-x86_64-cpython-312/third_party/abseil-cpp/absl/strings/numbers.o -std=c++17 -fvisibility=hidden -fno-wrapv -fno-exceptions -pthread
      g++ -fno-strict-overflow -Wsign-compare -DNDEBUG -g -O3 -Wall -fPIC -D_WIN32_WINNT=1536 -DGRPC_XDS_USER_AGENT_NAME_SUFFIX=\"Python\" -DGRPC_XDS_USER_AGENT_VERSION_SUFFIX=\"1.79.0.dev0\" -DHAVE_CONFIG_H=1 -DGRPC_ENABLE_FORK_SUPPORT=1 -DGRPC_ENABLE_FORK_SUPPORT_DEFAULT=false -DGRPC_PYTHON_BUILD=1 -D__STDC_FORMAT_MACROS "-DPyMODINIT_FUNC=extern \"C\" __attribute__((visibility (\"default\"))) PyObject*" -DGRPC_POSIX_FORK_ALLOW_PTHREAD_ATFORK=1 -Isrc/python/grpcio -Iinclude -I. -Ithird_party/abseil-cpp -Ithird_party/address_sorting/include -Ithird_party/cares/cares/include -Ithird_party/cares -Ithird_party/cares/cares -Ithird_party/cares/cares/src/lib/include -Ithird_party/cares/cares/src/lib -Ithird_party/cares/config_linux -Ithird_party/re2 -Ithird_party/boringssl-with-bazel/src/include -Ithird_party/upb -Isrc/core/ext/upb-gen -Isrc/core/ext/upbdefs-gen -Ithird_party/utf8_range -Ithird_party/xxhash -Ithird_party/zlib -I/usr/local/google/home/ssreenithi/.pyenv/versions/3.12.0/envs/pyvenv_312/include -I/usr/local/google/home/ssreenithi/.pyenv/versions/3.12.0/include/python3.12 -c third_party/abseil-cpp/absl/hash/internal/hash.cc -o pyb/temp.linux-x86_64-cpython-312/third_party/abseil-cpp/absl/hash/internal/hash.o -std=c++17 -fvisibility=hidden -fno-wrapv -fno-exceptions -pthread
      g++ -fno-strict-overflow -Wsign-compare -DNDEBUG -g -O3 -Wall -fPIC -D_WIN32_WINNT=1536 -DGRPC_XDS_USER_AGENT_NAME_SUFFIX=\"Python\" -DGRPC_XDS_USER_AGENT_VERSION_SUFFIX=\"1.79.0.dev0\" -DHAVE_CONFIG_H=1 -DGRPC_ENABLE_FORK_SUPPORT=1 -DGRPC_ENABLE_FORK_SUPPORT_DEFAULT=false -DGRPC_PYTHON_BUILD=1 -D__STDC_FORMAT_MACROS "-DPyMODINIT_FUNC=extern \"C\" __attribute__((visibility (\"default\"))) PyObject*" -DGRPC_POSIX_FORK_ALLOW_PTHREAD_ATFORK=1 -Isrc/python/grpcio -Iinclude -I. -Ithird_party/abseil-cpp -Ithird_party/address_sorting/include -Ithird_party/cares/cares/include -Ithird_party/cares -Ithird_party/cares/cares -Ithird_party/cares/cares/src/lib/include -Ithird_party/cares/cares/src/lib -Ithird_party/cares/config_linux -Ithird_party/re2 -Ithird_party/boringssl-with-bazel/src/include -Ithird_party/upb -Isrc/core/ext/upb-gen -Isrc/core/ext/upbdefs-gen -Ithird_party/utf8_range -Ithird_party/xxhash -Ithird_party/zlib -I/usr/local/google/home/ssreenithi/.pyenv/versions/3.12.0/envs/pyvenv_312/include -I/usr/local/google/home/ssreenithi/.pyenv/versions/3.12.0/include/python3.12 -c third_party/boringssl-with-bazel/src/crypto/asn1/asn1_lib.cc -o pyb/temp.linux-x86_64-cpython-312/third_party/boringssl-with-bazel/src/crypto/asn1/asn1_lib.o -std=c++17 -fvisibility=hidden -fno-wrapv -fno-exceptions -pthread
      g++ -fno-strict-overflow -Wsign-compare -DNDEBUG -g -O3 -Wall -fPIC -D_WIN32_WINNT=1536 -DGRPC_XDS_USER_AGENT_NAME_SUFFIX=\"Python\" -DGRPC_XDS_USER_AGENT_VERSION_SUFFIX=\"1.79.0.dev0\" -DHAVE_CONFIG_H=1 -DGRPC_ENABLE_FORK_SUPPORT=1 -DGRPC_ENABLE_FORK_SUPPORT_DEFAULT=false -DGRPC_PYTHON_BUILD=1 -D__STDC_FORMAT_MACROS "-DPyMODINIT_FUNC=extern \"C\" __attribute__((visibility (\"default\"))) PyObject*" -DGRPC_POSIX_FORK_ALLOW_PTHREAD_ATFORK=1 -Isrc/python/grpcio -Iinclude -I. -Ithird_party/abseil-cpp -Ithird_party/address_sorting/include -Ithird_party/cares/cares/include -Ithird_party/cares -Ithird_party/cares/cares -Ithird_party/cares/cares/src/lib/include -Ithird_party/cares/cares/src/lib -Ithird_party/cares/config_linux -Ithird_party/re2 -Ithird_party/boringssl-with-bazel/src/include -Ithird_party/upb -Isrc/core/ext/upb-gen -Isrc/core/ext/upbdefs-gen -Ithird_party/utf8_range -Ithird_party/xxhash -Ithird_party/zlib -I/usr/local/google/home/ssreenithi/.pyenv/versions/3.12.0/envs/pyvenv_312/include -I/usr/local/google/home/ssreenithi/.pyenv/versions/3.12.0/include/python3.12 -c third_party/abseil-cpp/absl/strings/internal/charconv_parse.cc -o pyb/temp.linux-x86_64-cpython-312/third_party/abseil-cpp/absl/strings/internal/charconv_parse.o -std=c++17 -fvisibility=hidden -fno-wrapv -fno-exceptions -pthread
      g++ -fno-strict-overflow -Wsign-compare -DNDEBUG -g -O3 -Wall -fPIC -D_WIN32_WINNT=1536 -DGRPC_XDS_USER_AGENT_NAME_SUFFIX=\"Python\" -DGRPC_XDS_USER_AGENT_VERSION_SUFFIX=\"1.79.0.dev0\" -DHAVE_CONFIG_H=1 -DGRPC_ENABLE_FORK_SUPPORT=1 -DGRPC_ENABLE_FORK_SUPPORT_DEFAULT=false -DGRPC_PYTHON_BUILD=1 -D__STDC_FORMAT_MACROS "-DPyMODINIT_FUNC=extern \"C\" __attribute__((visibility (\"default\"))) PyObject*" -DGRPC_POSIX_FORK_ALLOW_PTHREAD_ATFORK=1 -Isrc/python/grpcio -Iinclude -I. -Ithird_party/abseil-cpp -Ithird_party/address_sorting/include -Ithird_party/cares/cares/include -Ithird_party/cares -Ithird_party/cares/cares -Ithird_party/cares/cares/src/lib/include -Ithird_party/cares/cares/src/lib -Ithird_party/cares/config_linux -Ithird_party/re2 -Ithird_party/boringssl-with-bazel/src/include -Ithird_party/upb -Isrc/core/ext/upb-gen -Isrc/core/ext/upbdefs-gen -Ithird_party/utf8_range -Ithird_party/xxhash -Ithird_party/zlib -I/usr/local/google/home/ssreenithi/.pyenv/versions/3.12.0/envs/pyvenv_312/include -I/usr/local/google/home/ssreenithi/.pyenv/versions/3.12.0/include/python3.12 -c src/core/channelz/v2tov1/convert.cc -o pyb/temp.linux-x86_64-cpython-312/src/core/channelz/v2tov1/convert.o -std=c++17 -fvisibility=hidden -fno-wrapv -fno-exceptions -pthread
      g++ -fno-strict-overflow -Wsign-compare -DNDEBUG -g -O3 -Wall -fPIC -D_WIN32_WINNT=1536 -DGRPC_XDS_USER_AGENT_NAME_SUFFIX=\"Python\" -DGRPC_XDS_USER_AGENT_VERSION_SUFFIX=\"1.79.0.dev0\" -DHAVE_CONFIG_H=1 -DGRPC_ENABLE_FORK_SUPPORT=1 -DGRPC_ENABLE_FORK_SUPPORT_DEFAULT=false -DGRPC_PYTHON_BUILD=1 -D__STDC_FORMAT_MACROS "-DPyMODINIT_FUNC=extern \"C\" __attribute__((visibility (\"default\"))) PyObject*" -DGRPC_POSIX_FORK_ALLOW_PTHREAD_ATFORK=1 -Isrc/python/grpcio -Iinclude -I. -Ithird_party/abseil-cpp -Ithird_party/address_sorting/include -Ithird_party/cares/cares/include -Ithird_party/cares -Ithird_party/cares/cares -Ithird_party/cares/cares/src/lib/include -Ithird_party/cares/cares/src/lib -Ithird_party/cares/config_linux -Ithird_party/re2 -Ithird_party/boringssl-with-bazel/src/include -Ithird_party/upb -Isrc/core/ext/upb-gen -Isrc/core/ext/upbdefs-gen -Ithird_party/utf8_range -Ithird_party/xxhash -Ithird_party/zlib -I/usr/local/google/home/ssreenithi/.pyenv/versions/3.12.0/envs/pyvenv_312/include -I/usr/local/google/home/ssreenithi/.pyenv/versions/3.12.0/include/python3.12 -c src/core/lib/compression/compression.cc -o pyb/temp.linux-x86_64-cpython-312/src/core/lib/compression/compression.o -std=c++17 -fvisibility=hidden -fno-wrapv -fno-exceptions -pthread
      g++ -fno-strict-overflow -Wsign-compare -DNDEBUG -g -O3 -Wall -fPIC -D_WIN32_WINNT=1536 -DGRPC_XDS_USER_AGENT_NAME_SUFFIX=\"Python\" -DGRPC_XDS_USER_AGENT_VERSION_SUFFIX=\"1.79.0.dev0\" -DHAVE_CONFIG_H=1 -DGRPC_ENABLE_FORK_SUPPORT=1 -DGRPC_ENABLE_FORK_SUPPORT_DEFAULT=false -DGRPC_PYTHON_BUILD=1 -D__STDC_FORMAT_MACROS "-DPyMODINIT_FUNC=extern \"C\" __attribute__((visibility (\"default\"))) PyObject*" -DGRPC_POSIX_FORK_ALLOW_PTHREAD_ATFORK=1 -Isrc/python/grpcio -Iinclude -I. -Ithird_party/abseil-cpp -Ithird_party/address_sorting/include -Ithird_party/cares/cares/include -Ithird_party/cares -Ithird_party/cares/cares -Ithird_party/cares/cares/src/lib/include -Ithird_party/cares/cares/src/lib -Ithird_party/cares/config_linux -Ithird_party/re2 -Ithird_party/boringssl-with-bazel/src/include -Ithird_party/upb -Isrc/core/ext/upb-gen -Isrc/core/ext/upbdefs-gen -Ithird_party/utf8_range -Ithird_party/xxhash -Ithird_party/zlib -I/usr/local/google/home/ssreenithi/.pyenv/versions/3.12.0/envs/pyvenv_312/include -I/usr/local/google/home/ssreenithi/.pyenv/versions/3.12.0/include/python3.12 -c third_party/abseil-cpp/absl/time/civil_time.cc -o pyb/temp.linux-x86_64-cpython-312/third_party/abseil-cpp/absl/time/civil_time.o -std=c++17 -fvisibility=hidden -fno-wrapv -fno-exceptions -pthread
      g++ -fno-strict-overflow -Wsign-compare -DNDEBUG -g -O3 -Wall -fPIC -D_WIN32_WINNT=1536 -DGRPC_XDS_USER_AGENT_NAME_SUFFIX=\"Python\" -DGRPC_XDS_USER_AGENT_VERSION_SUFFIX=\"1.79.0.dev0\" -DHAVE_CONFIG_H=1 -DGRPC_ENABLE_FORK_SUPPORT=1 -DGRPC_ENABLE_FORK_SUPPORT_DEFAULT=false -DGRPC_PYTHON_BUILD=1 -D__STDC_FORMAT_MACROS "-DPyMODINIT_FUNC=extern \"C\" __attribute__((visibility (\"default\"))) PyObject*" -DGRPC_POSIX_FORK_ALLOW_PTHREAD_ATFORK=1 -Isrc/python/grpcio -Iinclude -I. -Ithird_party/abseil-cpp -Ithird_party/address_sorting/include -Ithird_party/cares/cares/include -Ithird_party/cares -Ithird_party/cares/cares -Ithird_party/cares/cares/src/lib/include -Ithird_party/cares/cares/src/lib -Ithird_party/cares/config_linux -Ithird_party/re2 -Ithird_party/boringssl-with-bazel/src/include -Ithird_party/upb -Isrc/core/ext/upb-gen -Isrc/core/ext/upbdefs-gen -Ithird_party/utf8_range -Ithird_party/xxhash -Ithird_party/zlib -I/usr/local/google/home/ssreenithi/.pyenv/versions/3.12.0/envs/pyvenv_312/include -I/usr/local/google/home/ssreenithi/.pyenv/versions/3.12.0/include/python3.12 -c third_party/boringssl-with-bazel/src/crypto/asn1/a_strex.cc -o pyb/temp.linux-x86_64-cpython-312/third_party/boringssl-with-bazel/src/crypto/asn1/a_strex.o -std=c++17 -fvisibility=hidden -fno-wrapv -fno-exceptions -pthread
      g++ -fno-strict-overflow -Wsign-compare -DNDEBUG -g -O3 -Wall -fPIC -D_WIN32_WINNT=1536 -DGRPC_XDS_USER_AGENT_NAME_SUFFIX=\"Python\" -DGRPC_XDS_USER_AGENT_VERSION_SUFFIX=\"1.79.0.dev0\" -DHAVE_CONFIG_H=1 -DGRPC_ENABLE_FORK_SUPPORT=1 -DGRPC_ENABLE_FORK_SUPPORT_DEFAULT=false -DGRPC_PYTHON_BUILD=1 -D__STDC_FORMAT_MACROS "-DPyMODINIT_FUNC=extern \"C\" __attribute__((visibility (\"default\"))) PyObject*" -DGRPC_POSIX_FORK_ALLOW_PTHREAD_ATFORK=1 -Isrc/python/grpcio -Iinclude -I. -Ithird_party/abseil-cpp -Ithird_party/address_sorting/include -Ithird_party/cares/cares/include -Ithird_party/cares -Ithird_party/cares/cares -Ithird_party/cares/cares/src/lib/include -Ithird_party/cares/cares/src/lib -Ithird_party/cares/config_linux -Ithird_party/re2 -Ithird_party/boringssl-with-bazel/src/include -Ithird_party/upb -Isrc/core/ext/upb-gen -Isrc/core/ext/upbdefs-gen -Ithird_party/utf8_range -Ithird_party/xxhash -Ithird_party/zlib -I/usr/local/google/home/ssreenithi/.pyenv/versions/3.12.0/envs/pyvenv_312/include -I/usr/local/google/home/ssreenithi/.pyenv/versions/3.12.0/include/python3.12 -c third_party/abseil-cpp/absl/synchronization/blocking_counter.cc -o pyb/temp.linux-x86_64-cpython-312/third_party/abseil-cpp/absl/synchronization/blocking_counter.o -std=c++17 -fvisibility=hidden -fno-wrapv -fno-exceptions -pthread
      g++ -fno-strict-overflow -Wsign-compare -DNDEBUG -g -O3 -Wall -fPIC -D_WIN32_WINNT=1536 -DGRPC_XDS_USER_AGENT_NAME_SUFFIX=\"Python\" -DGRPC_XDS_USER_AGENT_VERSION_SUFFIX=\"1.79.0.dev0\" -DHAVE_CONFIG_H=1 -DGRPC_ENABLE_FORK_SUPPORT=1 -DGRPC_ENABLE_FORK_SUPPORT_DEFAULT=false -DGRPC_PYTHON_BUILD=1 -D__STDC_FORMAT_MACROS "-DPyMODINIT_FUNC=extern \"C\" __attribute__((visibility (\"default\"))) PyObject*" -DGRPC_POSIX_FORK_ALLOW_PTHREAD_ATFORK=1 -Isrc/python/grpcio -Iinclude -I. -Ithird_party/abseil-cpp -Ithird_party/address_sorting/include -Ithird_party/cares/cares/include -Ithird_party/cares -Ithird_party/cares/cares -Ithird_party/cares/cares/src/lib/include -Ithird_party/cares/cares/src/lib -Ithird_party/cares/config_linux -Ithird_party/re2 -Ithird_party/boringssl-with-bazel/src/include -Ithird_party/upb -Isrc/core/ext/upb-gen -Isrc/core/ext/upbdefs-gen -Ithird_party/utf8_range -Ithird_party/xxhash -Ithird_party/zlib -I/usr/local/google/home/ssreenithi/.pyenv/versions/3.12.0/envs/pyvenv_312/include -I/usr/local/google/home/ssreenithi/.pyenv/versions/3.12.0/include/python3.12 -c third_party/boringssl-with-bazel/src/crypto/asn1/a_i2d_fp.cc -o pyb/temp.linux-x86_64-cpython-312/third_party/boringssl-with-bazel/src/crypto/asn1/a_i2d_fp.o -std=c++17 -fvisibility=hidden -fno-wrapv -fno-exceptions -pthread
      In file included from ./src/core/lib/promise/activity.h:30,
                       from ./src/core/lib/resource_quota/memory_quota.h:39,
                       from ./src/core/lib/resource_quota/arena.h:39,
                       from ./src/core/transport/auth_context.h:31,
                       from src/core/transport/auth_context.cc:17:
      ./src/core/lib/promise/detail/promise_factory.h:210:5: warning: ‘always_inline’ function might not be inlinable unless also declared ‘inline’ [-Wattributes]
        210 |     PromiseFactoryImpl(Token, F&& f) {
            |     ^~~~~~~~~~~~~~~~~~
      ./src/core/lib/promise/detail/promise_factory.h:210:5: warning: ‘always_inline’ function might not be inlinable unless also declared ‘inline’ [-Wattributes]
      ./src/core/lib/promise/detail/promise_factory.h:210:5: warning: ‘always_inline’ function might not be inlinable unless also declared ‘inline’ [-Wattributes]
      ./src/core/lib/promise/detail/promise_factory.h:210:5: warning: ‘always_inline’ function might not be inlinable unless also declared ‘inline’ [-Wattributes]
      ./src/core/lib/promise/detail/promise_factory.h:210:5: warning: ‘always_inline’ function might not be inlinable unless also declared ‘inline’ [-Wattributes]
      g++ -fno-strict-overflow -Wsign-compare -DNDEBUG -g -O3 -Wall -fPIC -D_WIN32_WINNT=1536 -DGRPC_XDS_USER_AGENT_NAME_SUFFIX=\"Python\" -DGRPC_XDS_USER_AGENT_VERSION_SUFFIX=\"1.79.0.dev0\" -DHAVE_CONFIG_H=1 -DGRPC_ENABLE_FORK_SUPPORT=1 -DGRPC_ENABLE_FORK_SUPPORT_DEFAULT=false -DGRPC_PYTHON_BUILD=1 -D__STDC_FORMAT_MACROS "-DPyMODINIT_FUNC=extern \"C\" __attribute__((visibility (\"default\"))) PyObject*" -DGRPC_POSIX_FORK_ALLOW_PTHREAD_ATFORK=1 -Isrc/python/grpcio -Iinclude -I. -Ithird_party/abseil-cpp -Ithird_party/address_sorting/include -Ithird_party/cares/cares/include -Ithird_party/cares -Ithird_party/cares/cares -Ithird_party/cares/cares/src/lib/include -Ithird_party/cares/cares/src/lib -Ithird_party/cares/config_linux -Ithird_party/re2 -Ithird_party/boringssl-with-bazel/src/include -Ithird_party/upb -Isrc/core/ext/upb-gen -Isrc/core/ext/upbdefs-gen -Ithird_party/utf8_range -Ithird_party/xxhash -Ithird_party/zlib -I/usr/local/google/home/ssreenithi/.pyenv/versions/3.12.0/envs/pyvenv_312/include -I/usr/local/google/home/ssreenithi/.pyenv/versions/3.12.0/include/python3.12 -c third_party/boringssl-with-bazel/src/crypto/asn1/posix_time.cc -o pyb/temp.linux-x86_64-cpython-312/third_party/boringssl-with-bazel/src/crypto/asn1/posix_time.o -std=c++17 -fvisibility=hidden -fno-wrapv -fno-exceptions -pthread
      ./src/core/lib/promise/detail/promise_factory.h:210:5: warning: ‘always_inline’ function might not be inlinable unless also declared ‘inline’ [-Wattributes]
      ./src/core/lib/promise/detail/promise_factory.h:210:5: warning: ‘always_inline’ function might not be inlinable unless also declared ‘inline’ [-Wattributes]
      g++ -fno-strict-overflow -Wsign-compare -DNDEBUG -g -O3 -Wall -fPIC -D_WIN32_WINNT=1536 -DGRPC_XDS_USER_AGENT_NAME_SUFFIX=\"Python\" -DGRPC_XDS_USER_AGENT_VERSION_SUFFIX=\"1.79.0.dev0\" -DHAVE_CONFIG_H=1 -DGRPC_ENABLE_FORK_SUPPORT=1 -DGRPC_ENABLE_FORK_SUPPORT_DEFAULT=false -DGRPC_PYTHON_BUILD=1 -D__STDC_FORMAT_MACROS "-DPyMODINIT_FUNC=extern \"C\" __attribute__((visibility (\"default\"))) PyObject*" -DGRPC_POSIX_FORK_ALLOW_PTHREAD_ATFORK=1 -Isrc/python/grpcio -Iinclude -I. -Ithird_party/abseil-cpp -Ithird_party/address_sorting/include -Ithird_party/cares/cares/include -Ithird_party/cares -Ithird_party/cares/cares -Ithird_party/cares/cares/src/lib/include -Ithird_party/cares/cares/src/lib -Ithird_party/cares/config_linux -Ithird_party/re2 -Ithird_party/boringssl-with-bazel/src/include -Ithird_party/upb -Isrc/core/ext/upb-gen -Isrc/core/ext/upbdefs-gen -Ithird_party/utf8_range -Ithird_party/xxhash -Ithird_party/zlib -I/usr/local/google/home/ssreenithi/.pyenv/versions/3.12.0/envs/pyvenv_312/include -I/usr/local/google/home/ssreenithi/.pyenv/versions/3.12.0/include/python3.12 -c third_party/boringssl-with-bazel/src/crypto/base64/base64.cc -o pyb/temp.linux-x86_64-cpython-312/third_party/boringssl-with-bazel/src/crypto/base64/base64.o -std=c++17 -fvisibility=hidden -fno-wrapv -fno-exceptions -pthread
      g++ -fno-strict-overflow -Wsign-compare -DNDEBUG -g -O3 -Wall -fPIC -D_WIN32_WINNT=1536 -DGRPC_XDS_USER_AGENT_NAME_SUFFIX=\"Python\" -DGRPC_XDS_USER_AGENT_VERSION_SUFFIX=\"1.79.0.dev0\" -DHAVE_CONFIG_H=1 -DGRPC_ENABLE_FORK_SUPPORT=1 -DGRPC_ENABLE_FORK_SUPPORT_DEFAULT=false -DGRPC_PYTHON_BUILD=1 -D__STDC_FORMAT_MACROS "-DPyMODINIT_FUNC=extern \"C\" __attribute__((visibility (\"default\"))) PyObject*" -DGRPC_POSIX_FORK_ALLOW_PTHREAD_ATFORK=1 -Isrc/python/grpcio -Iinclude -I. -Ithird_party/abseil-cpp -Ithird_party/address_sorting/include -Ithird_party/cares/cares/include -Ithird_party/cares -Ithird_party/cares/cares -Ithird_party/cares/cares/src/lib/include -Ithird_party/cares/cares/src/lib -Ithird_party/cares/config_linux -Ithird_party/re2 -Ithird_party/boringssl-with-bazel/src/include -Ithird_party/upb -Isrc/core/ext/upb-gen -Isrc/core/ext/upbdefs-gen -Ithird_party/utf8_range -Ithird_party/xxhash -Ithird_party/zlib -I/usr/local/google/home/ssreenithi/.pyenv/versions/3.12.0/envs/pyvenv_312/include -I/usr/local/google/home/ssreenithi/.pyenv/versions/3.12.0/include/python3.12 -c src/core/credentials/call/jwt/jwt_credentials.cc -o pyb/temp.linux-x86_64-cpython-312/src/core/credentials/call/jwt/jwt_credentials.o -std=c++17 -fvisibility=hidden -fno-wrapv -fno-exceptions -pthread
      g++ -fno-strict-overflow -Wsign-compare -DNDEBUG -g -O3 -Wall -fPIC -D_WIN32_WINNT=1536 -DGRPC_XDS_USER_AGENT_NAME_SUFFIX=\"Python\" -DGRPC_XDS_USER_AGENT_VERSION_SUFFIX=\"1.79.0.dev0\" -DHAVE_CONFIG_H=1 -DGRPC_ENABLE_FORK_SUPPORT=1 -DGRPC_ENABLE_FORK_SUPPORT_DEFAULT=false -DGRPC_PYTHON_BUILD=1 -D__STDC_FORMAT_MACROS "-DPyMODINIT_FUNC=extern \"C\" __attribute__((visibility (\"default\"))) PyObject*" -DGRPC_POSIX_FORK_ALLOW_PTHREAD_ATFORK=1 -Isrc/python/grpcio -Iinclude -I. -Ithird_party/abseil-cpp -Ithird_party/address_sorting/include -Ithird_party/cares/cares/include -Ithird_party/cares -Ithird_party/cares/cares -Ithird_party/cares/cares/src/lib/include -Ithird_party/cares/cares/src/lib -Ithird_party/cares/config_linux -Ithird_party/re2 -Ithird_party/boringssl-with-bazel/src/include -Ithird_party/upb -Isrc/core/ext/upb-gen -Isrc/core/ext/upbdefs-gen -Ithird_party/utf8_range -Ithird_party/xxhash -Ithird_party/zlib -I/usr/local/google/home/ssreenithi/.pyenv/versions/3.12.0/envs/pyvenv_312/include -I/usr/local/google/home/ssreenithi/.pyenv/versions/3.12.0/include/python3.12 -c third_party/abseil-cpp/absl/strings/internal/str_format/bind.cc -o pyb/temp.linux-x86_64-cpython-312/third_party/abseil-cpp/absl/strings/internal/str_format/bind.o -std=c++17 -fvisibility=hidden -fno-wrapv -fno-exceptions -pthread
      g++ -fno-strict-overflow -Wsign-compare -DNDEBUG -g -O3 -Wall -fPIC -D_WIN32_WINNT=1536 -DGRPC_XDS_USER_AGENT_NAME_SUFFIX=\"Python\" -DGRPC_XDS_USER_AGENT_VERSION_SUFFIX=\"1.79.0.dev0\" -DHAVE_CONFIG_H=1 -DGRPC_ENABLE_FORK_SUPPORT=1 -DGRPC_ENABLE_FORK_SUPPORT_DEFAULT=false -DGRPC_PYTHON_BUILD=1 -D__STDC_FORMAT_MACROS "-DPyMODINIT_FUNC=extern \"C\" __attribute__((visibility (\"default\"))) PyObject*" -DGRPC_POSIX_FORK_ALLOW_PTHREAD_ATFORK=1 -Isrc/python/grpcio -Iinclude -I. -Ithird_party/abseil-cpp -Ithird_party/address_sorting/include -Ithird_party/cares/cares/include -Ithird_party/cares -Ithird_party/cares/cares -Ithird_party/cares/cares/src/lib/include -Ithird_party/cares/cares/src/lib -Ithird_party/cares/config_linux -Ithird_party/re2 -Ithird_party/boringssl-with-bazel/src/include -Ithird_party/upb -Isrc/core/ext/upb-gen -Isrc/core/ext/upbdefs-gen -Ithird_party/utf8_range -Ithird_party/xxhash -Ithird_party/zlib -I/usr/local/google/home/ssreenithi/.pyenv/versions/3.12.0/envs/pyvenv_312/include -I/usr/local/google/home/ssreenithi/.pyenv/versions/3.12.0/include/python3.12 -c third_party/boringssl-with-bazel/src/crypto/bio/hexdump.cc -o pyb/temp.linux-x86_64-cpython-312/third_party/boringssl-with-bazel/src/crypto/bio/hexdump.o -std=c++17 -fvisibility=hidden -fno-wrapv -fno-exceptions -pthread
      g++ -fno-strict-overflow -Wsign-compare -DNDEBUG -g -O3 -Wall -fPIC -D_WIN32_WINNT=1536 -DGRPC_XDS_USER_AGENT_NAME_SUFFIX=\"Python\" -DGRPC_XDS_USER_AGENT_VERSION_SUFFIX=\"1.79.0.dev0\" -DHAVE_CONFIG_H=1 -DGRPC_ENABLE_FORK_SUPPORT=1 -DGRPC_ENABLE_FORK_SUPPORT_DEFAULT=false -DGRPC_PYTHON_BUILD=1 -D__STDC_FORMAT_MACROS "-DPyMODINIT_FUNC=extern \"C\" __attribute__((visibility (\"default\"))) PyObject*" -DGRPC_POSIX_FORK_ALLOW_PTHREAD_ATFORK=1 -Isrc/python/grpcio -Iinclude -I. -Ithird_party/abseil-cpp -Ithird_party/address_sorting/include -Ithird_party/cares/cares/include -Ithird_party/cares -Ithird_party/cares/cares -Ithird_party/cares/cares/src/lib/include -Ithird_party/cares/cares/src/lib -Ithird_party/cares/config_linux -Ithird_party/re2 -Ithird_party/boringssl-with-bazel/src/include -Ithird_party/upb -Isrc/core/ext/upb-gen -Isrc/core/ext/upbdefs-gen -Ithird_party/utf8_range -Ithird_party/xxhash -Ithird_party/zlib -I/usr/local/google/home/ssreenithi/.pyenv/versions/3.12.0/envs/pyvenv_312/include -I/usr/local/google/home/ssreenithi/.pyenv/versions/3.12.0/include/python3.12 -c src/core/lib/resource_quota/arena.cc -o pyb/temp.linux-x86_64-cpython-312/src/core/lib/resource_quota/arena.o -std=c++17 -fvisibility=hidden -fno-wrapv -fno-exceptions -pthread
      In file included from ./src/core/lib/promise/activity.h:30,
                       from ./src/core/lib/resource_quota/memory_quota.h:39,
                       from ./src/core/lib/resource_quota/arena.h:39,
                       from ./src/core/util/chunked_vector.h:24,
                       from ./src/core/call/metadata_batch.h:41,
                       from ./src/core/client_channel/subchannel.h:29,
                       from src/core/load_balancing/oob_backend_metric.cc:34:
      ./src/core/lib/promise/detail/promise_factory.h:210:5: warning: ‘always_inline’ function might not be inlinable unless also declared ‘inline’ [-Wattributes]
        210 |     PromiseFactoryImpl(Token, F&& f) {
            |     ^~~~~~~~~~~~~~~~~~
      ./src/core/lib/promise/detail/promise_factory.h:210:5: warning: ‘always_inline’ function might not be inlinable unless also declared ‘inline’ [-Wattributes]
      ./src/core/lib/promise/detail/promise_factory.h:210:5: warning: ‘always_inline’ function might not be inlinable unless also declared ‘inline’ [-Wattributes]
      ./src/core/lib/promise/detail/promise_factory.h:210:5: warning: ‘always_inline’ function might not be inlinable unless also declared ‘inline’ [-Wattributes]
      ./src/core/lib/promise/detail/promise_factory.h:210:5: warning: ‘always_inline’ function might not be inlinable unless also declared ‘inline’ [-Wattributes]
      ./src/core/lib/promise/detail/promise_factory.h:210:5: warning: ‘always_inline’ function might not be inlinable unless also declared ‘inline’ [-Wattributes]
      ./src/core/lib/promise/detail/promise_factory.h:210:5: warning: ‘always_inline’ function might not be inlinable unless also declared ‘inline’ [-Wattributes]
      g++ -fno-strict-overflow -Wsign-compare -DNDEBUG -g -O3 -Wall -fPIC -D_WIN32_WINNT=1536 -DGRPC_XDS_USER_AGENT_NAME_SUFFIX=\"Python\" -DGRPC_XDS_USER_AGENT_VERSION_SUFFIX=\"1.79.0.dev0\" -DHAVE_CONFIG_H=1 -DGRPC_ENABLE_FORK_SUPPORT=1 -DGRPC_ENABLE_FORK_SUPPORT_DEFAULT=false -DGRPC_PYTHON_BUILD=1 -D__STDC_FORMAT_MACROS "-DPyMODINIT_FUNC=extern \"C\" __attribute__((visibility (\"default\"))) PyObject*" -DGRPC_POSIX_FORK_ALLOW_PTHREAD_ATFORK=1 -Isrc/python/grpcio -Iinclude -I. -Ithird_party/abseil-cpp -Ithird_party/address_sorting/include -Ithird_party/cares/cares/include -Ithird_party/cares -Ithird_party/cares/cares -Ithird_party/cares/cares/src/lib/include -Ithird_party/cares/cares/src/lib -Ithird_party/cares/config_linux -Ithird_party/re2 -Ithird_party/boringssl-with-bazel/src/include -Ithird_party/upb -Isrc/core/ext/upb-gen -Isrc/core/ext/upbdefs-gen -Ithird_party/utf8_range -Ithird_party/xxhash -Ithird_party/zlib -I/usr/local/google/home/ssreenithi/.pyenv/versions/3.12.0/envs/pyvenv_312/include -I/usr/local/google/home/ssreenithi/.pyenv/versions/3.12.0/include/python3.12 -c third_party/boringssl-with-bazel/src/crypto/asn1/asn1_par.cc -o pyb/temp.linux-x86_64-cpython-312/third_party/boringssl-with-bazel/src/crypto/asn1/asn1_par.o -std=c++17 -fvisibility=hidden -fno-wrapv -fno-exceptions -pthread
      In file included from ./src/core/lib/promise/activity.h:30,
                       from ./src/core/lib/resource_quota/memory_quota.h:39,
                       from ./src/core/lib/resource_quota/arena.h:39,
                       from ./src/core/call/call_arena_allocator.h:24,
                       from ./src/core/call/call_spine.h:20,
                       from ./src/core/call/call_destination.h:20,
                       from ./src/core/call/interception_chain.h:23,
                       from ./src/core/client_channel/retry_interceptor.h:18,
                       from src/core/client_channel/retry_interceptor.cc:15:
      ./src/core/lib/promise/detail/promise_factory.h:210:5: warning: ‘always_inline’ function might not be inlinable unless also declared ‘inline’ [-Wattributes]
        210 |     PromiseFactoryImpl(Token, F&& f) {
            |     ^~~~~~~~~~~~~~~~~~
      ./src/core/lib/promise/detail/promise_factory.h:210:5: warning: ‘always_inline’ function might not be inlinable unless also declared ‘inline’ [-Wattributes]
      ./src/core/lib/promise/detail/promise_factory.h:210:5: warning: ‘always_inline’ function might not be inlinable unless also declared ‘inline’ [-Wattributes]
      ./src/core/lib/promise/detail/promise_factory.h:210:5: warning: ‘always_inline’ function might not be inlinable unless also declared ‘inline’ [-Wattributes]
      ./src/core/lib/promise/detail/promise_factory.h:210:5: warning: ‘always_inline’ function might not be inlinable unless also declared ‘inline’ [-Wattributes]
      ./src/core/lib/promise/detail/promise_factory.h:210:5: warning: ‘always_inline’ function might not be inlinable unless also declared ‘inline’ [-Wattributes]
      ./src/core/lib/promise/detail/promise_factory.h:131:5: warning: ‘always_inline’ function might not be inlinable unless also declared ‘inline’ [-Wattributes]
        131 |     PromiseFactoryImpl(Token, F&& f, A&& arg) {
            |     ^~~~~~~~~~~~~~~~~~
      ./src/core/lib/promise/detail/promise_factory.h:131:5: warning: ‘always_inline’ function might not be inlinable unless also declared ‘inline’ [-Wattributes]
      ./src/core/lib/promise/detail/promise_factory.h:210:5: warning: ‘always_inline’ function might not be inlinable unless also declared ‘inline’ [-Wattributes]
        210 |     PromiseFactoryImpl(Token, F&& f) {
            |     ^~~~~~~~~~~~~~~~~~
      ./src/core/lib/promise/detail/promise_factory.h:210:5: warning: ‘always_inline’ function might not be inlinable unless also declared ‘inline’ [-Wattributes]
      ./src/core/lib/promise/detail/promise_factory.h:210:5: warning: ‘always_inline’ function might not be inlinable unless also declared ‘inline’ [-Wattributes]
      ./src/core/lib/promise/detail/promise_factory.h:210:5: warning: ‘always_inline’ function might not be inlinable unless also declared ‘inline’ [-Wattributes]
      ./src/core/lib/promise/detail/promise_factory.h:210:5: warning: ‘always_inline’ function might not be inlinable unless also declared ‘inline’ [-Wattributes]
      ./src/core/lib/promise/detail/promise_factory.h:131:5: warning: ‘always_inline’ function might not be inlinable unless also declared ‘inline’ [-Wattributes]
        131 |     PromiseFactoryImpl(Token, F&& f, A&& arg) {
            |     ^~~~~~~~~~~~~~~~~~
      ./src/core/lib/promise/detail/promise_factory.h:131:5: warning: ‘always_inline’ function might not be inlinable unless also declared ‘inline’ [-Wattributes]
      ./src/core/lib/promise/detail/promise_factory.h:131:5: warning: ‘always_inline’ function might not be inlinable unless also declared ‘inline’ [-Wattributes]
      ./src/core/lib/promise/detail/promise_factory.h:210:5: warning: ‘always_inline’ function might not be inlinable unless also declared ‘inline’ [-Wattributes]
        210 |     PromiseFactoryImpl(Token, F&& f) {
            |     ^~~~~~~~~~~~~~~~~~
      ./src/core/lib/promise/detail/promise_factory.h:210:5: warning: ‘always_inline’ function might not be inlinable unless also declared ‘inline’ [-Wattributes]
      ./src/core/lib/promise/detail/promise_factory.h:210:5: warning: ‘always_inline’ function might not be inlinable unless also declared ‘inline’ [-Wattributes]
      ./src/core/lib/promise/detail/promise_factory.h:210:5: warning: ‘always_inline’ function might not be inlinable unless also declared ‘inline’ [-Wattributes]
      In file included from ./src/core/lib/promise/activity.h:30,
                       from ./src/core/lib/resource_quota/memory_quota.h:39,
                       from ./src/core/lib/resource_quota/arena.h:39,
                       from ./src/core/call/call_arena_allocator.h:24,
                       from ./src/core/lib/surface/channel.h:31,
                       from src/core/lib/surface/channel.cc:17:
      ./src/core/lib/promise/detail/promise_factory.h:210:5: warning: ‘always_inline’ function might not be inlinable unless also declared ‘inline’ [-Wattributes]
        210 |     PromiseFactoryImpl(Token, F&& f) {
            |     ^~~~~~~~~~~~~~~~~~
      ./src/core/lib/promise/detail/promise_factory.h:210:5: warning: ‘always_inline’ function might not be inlinable unless also declared ‘inline’ [-Wattributes]
      ./src/core/lib/promise/detail/promise_factory.h:210:5: warning: ‘always_inline’ function might not be inlinable unless also declared ‘inline’ [-Wattributes]
      ./src/core/lib/promise/detail/promise_factory.h:210:5: warning: ‘always_inline’ function might not be inlinable unless also declared ‘inline’ [-Wattributes]
      ./src/core/lib/promise/detail/promise_factory.h:210:5: warning: ‘always_inline’ function might not be inlinable unless also declared ‘inline’ [-Wattributes]
      ./src/core/lib/promise/detail/promise_factory.h:210:5: warning: ‘always_inline’ function might not be inlinable unless also declared ‘inline’ [-Wattributes]
      ./src/core/lib/promise/detail/promise_factory.h:210:5: warning: ‘always_inline’ function might not be inlinable unless also declared ‘inline’ [-Wattributes]
      g++ -fno-strict-overflow -Wsign-compare -DNDEBUG -g -O3 -Wall -fPIC -D_WIN32_WINNT=1536 -DGRPC_XDS_USER_AGENT_NAME_SUFFIX=\"Python\" -DGRPC_XDS_USER_AGENT_VERSION_SUFFIX=\"1.79.0.dev0\" -DHAVE_CONFIG_H=1 -DGRPC_ENABLE_FORK_SUPPORT=1 -DGRPC_ENABLE_FORK_SUPPORT_DEFAULT=false -DGRPC_PYTHON_BUILD=1 -D__STDC_FORMAT_MACROS "-DPyMODINIT_FUNC=extern \"C\" __attribute__((visibility (\"default\"))) PyObject*" -DGRPC_POSIX_FORK_ALLOW_PTHREAD_ATFORK=1 -Isrc/python/grpcio -Iinclude -I. -Ithird_party/abseil-cpp -Ithird_party/address_sorting/include -Ithird_party/cares/cares/include -Ithird_party/cares -Ithird_party/cares/cares -Ithird_party/cares/cares/src/lib/include -Ithird_party/cares/cares/src/lib -Ithird_party/cares/config_linux -Ithird_party/re2 -Ithird_party/boringssl-with-bazel/src/include -Ithird_party/upb -Isrc/core/ext/upb-gen -Isrc/core/ext/upbdefs-gen -Ithird_party/utf8_range -Ithird_party/xxhash -Ithird_party/zlib -I/usr/local/google/home/ssreenithi/.pyenv/versions/3.12.0/envs/pyvenv_312/include -I/usr/local/google/home/ssreenithi/.pyenv/versions/3.12.0/include/python3.12 -c third_party/boringssl-with-bazel/src/crypto/bn/convert.cc -o pyb/temp.linux-x86_64-cpython-312/third_party/boringssl-with-bazel/src/crypto/bn/convert.o -std=c++17 -fvisibility=hidden -fno-wrapv -fno-exceptions -pthread
      In file included from ./src/core/lib/promise/activity.h:30,
                       from ./src/core/call/call_state.h:23,
                       from ./src/core/call/call_filters.h:26,
                       from ./src/core/lib/surface/channel_init.h:31,
                       from ./src/core/config/core_configuration.h:29,
                       from ./src/core/ext/filters/rbac/rbac_service_config_parser.h:28,
                       from src/core/ext/filters/rbac/rbac_service_config_parser.cc:17:
      ./src/core/lib/promise/detail/promise_factory.h:210:5: warning: ‘always_inline’ function might not be inlinable unless also declared ‘inline’ [-Wattributes]
        210 |     PromiseFactoryImpl(Token, F&& f) {
            |     ^~~~~~~~~~~~~~~~~~
      ./src/core/lib/promise/detail/promise_factory.h:210:5: warning: ‘always_inline’ function might not be inlinable unless also declared ‘inline’ [-Wattributes]
      ./src/core/lib/promise/detail/promise_factory.h:210:5: warning: ‘always_inline’ function might not be inlinable unless also declared ‘inline’ [-Wattributes]
      ./src/core/lib/promise/detail/promise_factory.h:210:5: warning: ‘always_inline’ function might not be inlinable unless also declared ‘inline’ [-Wattributes]
      ./src/core/lib/promise/detail/promise_factory.h:210:5: warning: ‘always_inline’ function might not be inlinable unless also declared ‘inline’ [-Wattributes]
      ./src/core/lib/promise/detail/promise_factory.h:210:5: warning: ‘always_inline’ function might not be inlinable unless also declared ‘inline’ [-Wattributes]
      ./src/core/lib/promise/detail/promise_factory.h:210:5: warning: ‘always_inline’ function might not be inlinable unless also declared ‘inline’ [-Wattributes]
      g++ -fno-strict-overflow -Wsign-compare -DNDEBUG -g -O3 -Wall -fPIC -D_WIN32_WINNT=1536 -DGRPC_XDS_USER_AGENT_NAME_SUFFIX=\"Python\" -DGRPC_XDS_USER_AGENT_VERSION_SUFFIX=\"1.79.0.dev0\" -DHAVE_CONFIG_H=1 -DGRPC_ENABLE_FORK_SUPPORT=1 -DGRPC_ENABLE_FORK_SUPPORT_DEFAULT=false -DGRPC_PYTHON_BUILD=1 -D__STDC_FORMAT_MACROS "-DPyMODINIT_FUNC=extern \"C\" __attribute__((visibility (\"default\"))) PyObject*" -DGRPC_POSIX_FORK_ALLOW_PTHREAD_ATFORK=1 -Isrc/python/grpcio -Iinclude -I. -Ithird_party/abseil-cpp -Ithird_party/address_sorting/include -Ithird_party/cares/cares/include -Ithird_party/cares -Ithird_party/cares/cares -Ithird_party/cares/cares/src/lib/include -Ithird_party/cares/cares/src/lib -Ithird_party/cares/config_linux -Ithird_party/re2 -Ithird_party/boringssl-with-bazel/src/include -Ithird_party/upb -Isrc/core/ext/upb-gen -Isrc/core/ext/upbdefs-gen -Ithird_party/utf8_range -Ithird_party/xxhash -Ithird_party/zlib -I/usr/local/google/home/ssreenithi/.pyenv/versions/3.12.0/envs/pyvenv_312/include -I/usr/local/google/home/ssreenithi/.pyenv/versions/3.12.0/include/python3.12 -c src/core/credentials/call/external/aws_request_signer.cc -o pyb/temp.linux-x86_64-cpython-312/src/core/credentials/call/external/aws_request_signer.o -std=c++17 -fvisibility=hidden -fno-wrapv -fno-exceptions -pthread
      g++ -fno-strict-overflow -Wsign-compare -DNDEBUG -g -O3 -Wall -fPIC -D_WIN32_WINNT=1536 -DGRPC_XDS_USER_AGENT_NAME_SUFFIX=\"Python\" -DGRPC_XDS_USER_AGENT_VERSION_SUFFIX=\"1.79.0.dev0\" -DHAVE_CONFIG_H=1 -DGRPC_ENABLE_FORK_SUPPORT=1 -DGRPC_ENABLE_FORK_SUPPORT_DEFAULT=false -DGRPC_PYTHON_BUILD=1 -D__STDC_FORMAT_MACROS "-DPyMODINIT_FUNC=extern \"C\" __attribute__((visibility (\"default\"))) PyObject*" -DGRPC_POSIX_FORK_ALLOW_PTHREAD_ATFORK=1 -Isrc/python/grpcio -Iinclude -I. -Ithird_party/abseil-cpp -Ithird_party/address_sorting/include -Ithird_party/cares/cares/include -Ithird_party/cares -Ithird_party/cares/cares -Ithird_party/cares/cares/src/lib/include -Ithird_party/cares/cares/src/lib -Ithird_party/cares/config_linux -Ithird_party/re2 -Ithird_party/boringssl-with-bazel/src/include -Ithird_party/upb -Isrc/core/ext/upb-gen -Isrc/core/ext/upbdefs-gen -Ithird_party/utf8_range -Ithird_party/xxhash -Ithird_party/zlib -I/usr/local/google/home/ssreenithi/.pyenv/versions/3.12.0/envs/pyvenv_312/include -I/usr/local/google/home/ssreenithi/.pyenv/versions/3.12.0/include/python3.12 -c third_party/abseil-cpp/absl/synchronization/internal/pthread_waiter.cc -o pyb/temp.linux-x86_64-cpython-312/third_party/abseil-cpp/absl/synchronization/internal/pthread_waiter.o -std=c++17 -fvisibility=hidden -fno-wrapv -fno-exceptions -pthread
      g++ -fno-strict-overflow -Wsign-compare -DNDEBUG -g -O3 -Wall -fPIC -D_WIN32_WINNT=1536 -DGRPC_XDS_USER_AGENT_NAME_SUFFIX=\"Python\" -DGRPC_XDS_USER_AGENT_VERSION_SUFFIX=\"1.79.0.dev0\" -DHAVE_CONFIG_H=1 -DGRPC_ENABLE_FORK_SUPPORT=1 -DGRPC_ENABLE_FORK_SUPPORT_DEFAULT=false -DGRPC_PYTHON_BUILD=1 -D__STDC_FORMAT_MACROS "-DPyMODINIT_FUNC=extern \"C\" __attribute__((visibility (\"default\"))) PyObject*" -DGRPC_POSIX_FORK_ALLOW_PTHREAD_ATFORK=1 -Isrc/python/grpcio -Iinclude -I. -Ithird_party/abseil-cpp -Ithird_party/address_sorting/include -Ithird_party/cares/cares/include -Ithird_party/cares -Ithird_party/cares/cares -Ithird_party/cares/cares/src/lib/include -Ithird_party/cares/cares/src/lib -Ithird_party/cares/config_linux -Ithird_party/re2 -Ithird_party/boringssl-with-bazel/src/include -Ithird_party/upb -Isrc/core/ext/upb-gen -Isrc/core/ext/upbdefs-gen -Ithird_party/utf8_range -Ithird_party/xxhash -Ithird_party/zlib -I/usr/local/google/home/ssreenithi/.pyenv/versions/3.12.0/envs/pyvenv_312/include -I/usr/local/google/home/ssreenithi/.pyenv/versions/3.12.0/include/python3.12 -c third_party/abseil-cpp/absl/strings/internal/damerau_levenshtein_distance.cc -o pyb/temp.linux-x86_64-cpython-312/third_party/abseil-cpp/absl/strings/internal/damerau_levenshtein_distance.o -std=c++17 -fvisibility=hidden -fno-wrapv -fno-exceptions -pthread
      g++ -fno-strict-overflow -Wsign-compare -DNDEBUG -g -O3 -Wall -fPIC -D_WIN32_WINNT=1536 -DGRPC_XDS_USER_AGENT_NAME_SUFFIX=\"Python\" -DGRPC_XDS_USER_AGENT_VERSION_SUFFIX=\"1.79.0.dev0\" -DHAVE_CONFIG_H=1 -DGRPC_ENABLE_FORK_SUPPORT=1 -DGRPC_ENABLE_FORK_SUPPORT_DEFAULT=false -DGRPC_PYTHON_BUILD=1 -D__STDC_FORMAT_MACROS "-DPyMODINIT_FUNC=extern \"C\" __attribute__((visibility (\"default\"))) PyObject*" -DGRPC_POSIX_FORK_ALLOW_PTHREAD_ATFORK=1 -Isrc/python/grpcio -Iinclude -I. -Ithird_party/abseil-cpp -Ithird_party/address_sorting/include -Ithird_party/cares/cares/include -Ithird_party/cares -Ithird_party/cares/cares -Ithird_party/cares/cares/src/lib/include -Ithird_party/cares/cares/src/lib -Ithird_party/cares/config_linux -Ithird_party/re2 -Ithird_party/boringssl-with-bazel/src/include -Ithird_party/upb -Isrc/core/ext/upb-gen -Isrc/core/ext/upbdefs-gen -Ithird_party/utf8_range -Ithird_party/xxhash -Ithird_party/zlib -I/usr/local/google/home/ssreenithi/.pyenv/versions/3.12.0/envs/pyvenv_312/include -I/usr/local/google/home/ssreenithi/.pyenv/versions/3.12.0/include/python3.12 -c src/core/ext/transport/chttp2/transport/call_tracer_wrapper.cc -o pyb/temp.linux-x86_64-cpython-312/src/core/ext/transport/chttp2/transport/call_tracer_wrapper.o -std=c++17 -fvisibility=hidden -fno-wrapv -fno-exceptions -pthread
      g++ -fno-strict-overflow -Wsign-compare -DNDEBUG -g -O3 -Wall -fPIC -D_WIN32_WINNT=1536 -DGRPC_XDS_USER_AGENT_NAME_SUFFIX=\"Python\" -DGRPC_XDS_USER_AGENT_VERSION_SUFFIX=\"1.79.0.dev0\" -DHAVE_CONFIG_H=1 -DGRPC_ENABLE_FORK_SUPPORT=1 -DGRPC_ENABLE_FORK_SUPPORT_DEFAULT=false -DGRPC_PYTHON_BUILD=1 -D__STDC_FORMAT_MACROS "-DPyMODINIT_FUNC=extern \"C\" __attribute__((visibility (\"default\"))) PyObject*" -DGRPC_POSIX_FORK_ALLOW_PTHREAD_ATFORK=1 -Isrc/python/grpcio -Iinclude -I. -Ithird_party/abseil-cpp -Ithird_party/address_sorting/include -Ithird_party/cares/cares/include -Ithird_party/cares -Ithird_party/cares/cares -Ithird_party/cares/cares/src/lib/include -Ithird_party/cares/cares/src/lib -Ithird_party/cares/config_linux -Ithird_party/re2 -Ithird_party/boringssl-with-bazel/src/include -Ithird_party/upb -Isrc/core/ext/upb-gen -Isrc/core/ext/upbdefs-gen -Ithird_party/utf8_range -Ithird_party/xxhash -Ithird_party/zlib -I/usr/local/google/home/ssreenithi/.pyenv/versions/3.12.0/envs/pyvenv_312/include -I/usr/local/google/home/ssreenithi/.pyenv/versions/3.12.0/include/python3.12 -c src/core/handshaker/security/secure_endpoint.cc -o pyb/temp.linux-x86_64-cpython-312/src/core/handshaker/security/secure_endpoint.o -std=c++17 -fvisibility=hidden -fno-wrapv -fno-exceptions -pthread
      g++ -fno-strict-overflow -Wsign-compare -DNDEBUG -g -O3 -Wall -fPIC -D_WIN32_WINNT=1536 -DGRPC_XDS_USER_AGENT_NAME_SUFFIX=\"Python\" -DGRPC_XDS_USER_AGENT_VERSION_SUFFIX=\"1.79.0.dev0\" -DHAVE_CONFIG_H=1 -DGRPC_ENABLE_FORK_SUPPORT=1 -DGRPC_ENABLE_FORK_SUPPORT_DEFAULT=false -DGRPC_PYTHON_BUILD=1 -D__STDC_FORMAT_MACROS "-DPyMODINIT_FUNC=extern \"C\" __attribute__((visibility (\"default\"))) PyObject*" -DGRPC_POSIX_FORK_ALLOW_PTHREAD_ATFORK=1 -Isrc/python/grpcio -Iinclude -I. -Ithird_party/abseil-cpp -Ithird_party/address_sorting/include -Ithird_party/cares/cares/include -Ithird_party/cares -Ithird_party/cares/cares -Ithird_party/cares/cares/src/lib/include -Ithird_party/cares/cares/src/lib -Ithird_party/cares/config_linux -Ithird_party/re2 -Ithird_party/boringssl-with-bazel/src/include -Ithird_party/upb -Isrc/core/ext/upb-gen -Isrc/core/ext/upbdefs-gen -Ithird_party/utf8_range -Ithird_party/xxhash -Ithird_party/zlib -I/usr/local/google/home/ssreenithi/.pyenv/versions/3.12.0/envs/pyvenv_312/include -I/usr/local/google/home/ssreenithi/.pyenv/versions/3.12.0/include/python3.12 -c src/core/ext/transport/inproc/inproc_transport.cc -o pyb/temp.linux-x86_64-cpython-312/src/core/ext/transport/inproc/inproc_transport.o -std=c++17 -fvisibility=hidden -fno-wrapv -fno-exceptions -pthread
      g++ -fno-strict-overflow -Wsign-compare -DNDEBUG -g -O3 -Wall -fPIC -D_WIN32_WINNT=1536 -DGRPC_XDS_USER_AGENT_NAME_SUFFIX=\"Python\" -DGRPC_XDS_USER_AGENT_VERSION_SUFFIX=\"1.79.0.dev0\" -DHAVE_CONFIG_H=1 -DGRPC_ENABLE_FORK_SUPPORT=1 -DGRPC_ENABLE_FORK_SUPPORT_DEFAULT=false -DGRPC_PYTHON_BUILD=1 -D__STDC_FORMAT_MACROS "-DPyMODINIT_FUNC=extern \"C\" __attribute__((visibility (\"default\"))) PyObject*" -DGRPC_POSIX_FORK_ALLOW_PTHREAD_ATFORK=1 -Isrc/python/grpcio -Iinclude -I. -Ithird_party/abseil-cpp -Ithird_party/address_sorting/include -Ithird_party/cares/cares/include -Ithird_party/cares -Ithird_party/cares/cares -Ithird_party/cares/cares/src/lib/include -Ithird_party/cares/cares/src/lib -Ithird_party/cares/config_linux -Ithird_party/re2 -Ithird_party/boringssl-with-bazel/src/include -Ithird_party/upb -Isrc/core/ext/upb-gen -Isrc/core/ext/upbdefs-gen -Ithird_party/utf8_range -Ithird_party/xxhash -Ithird_party/zlib -I/usr/local/google/home/ssreenithi/.pyenv/versions/3.12.0/envs/pyvenv_312/include -I/usr/local/google/home/ssreenithi/.pyenv/versions/3.12.0/include/python3.12 -c third_party/boringssl-with-bazel/src/crypto/asn1/tasn_dec.cc -o pyb/temp.linux-x86_64-cpython-312/third_party/boringssl-with-bazel/src/crypto/asn1/tasn_dec.o -std=c++17 -fvisibility=hidden -fno-wrapv -fno-exceptions -pthread
      g++ -fno-strict-overflow -Wsign-compare -DNDEBUG -g -O3 -Wall -fPIC -D_WIN32_WINNT=1536 -DGRPC_XDS_USER_AGENT_NAME_SUFFIX=\"Python\" -DGRPC_XDS_USER_AGENT_VERSION_SUFFIX=\"1.79.0.dev0\" -DHAVE_CONFIG_H=1 -DGRPC_ENABLE_FORK_SUPPORT=1 -DGRPC_ENABLE_FORK_SUPPORT_DEFAULT=false -DGRPC_PYTHON_BUILD=1 -D__STDC_FORMAT_MACROS "-DPyMODINIT_FUNC=extern \"C\" __attribute__((visibility (\"default\"))) PyObject*" -DGRPC_POSIX_FORK_ALLOW_PTHREAD_ATFORK=1 -Isrc/python/grpcio -Iinclude -I. -Ithird_party/abseil-cpp -Ithird_party/address_sorting/include -Ithird_party/cares/cares/include -Ithird_party/cares -Ithird_party/cares/cares -Ithird_party/cares/cares/src/lib/include -Ithird_party/cares/cares/src/lib -Ithird_party/cares/config_linux -Ithird_party/re2 -Ithird_party/boringssl-with-bazel/src/include -Ithird_party/upb -Isrc/core/ext/upb-gen -Isrc/core/ext/upbdefs-gen -Ithird_party/utf8_range -Ithird_party/xxhash -Ithird_party/zlib -I/usr/local/google/home/ssreenithi/.pyenv/versions/3.12.0/envs/pyvenv_312/include -I/usr/local/google/home/ssreenithi/.pyenv/versions/3.12.0/include/python3.12 -c third_party/boringssl-with-bazel/src/crypto/bio/pair.cc -o pyb/temp.linux-x86_64-cpython-312/third_party/boringssl-with-bazel/src/crypto/bio/pair.o -std=c++17 -fvisibility=hidden -fno-wrapv -fno-exceptions -pthread
      In file included from ./src/core/call/call_filters.h:26,
                       from ./src/core/call/call_spine.h:21:
      ./src/core/call/call_state.h: In static member function ‘static const char* grpc_core::CallState::ClientToServerPullStateString(ClientToServerPullState)’:
      ./src/core/call/call_state.h:161:3: warning: control reaches end of non-void function [-Wreturn-type]
        161 |   }
            |   ^
      g++ -fno-strict-overflow -Wsign-compare -DNDEBUG -g -O3 -Wall -fPIC -D_WIN32_WINNT=1536 -DGRPC_XDS_USER_AGENT_NAME_SUFFIX=\"Python\" -DGRPC_XDS_USER_AGENT_VERSION_SUFFIX=\"1.79.0.dev0\" -DHAVE_CONFIG_H=1 -DGRPC_ENABLE_FORK_SUPPORT=1 -DGRPC_ENABLE_FORK_SUPPORT_DEFAULT=false -DGRPC_PYTHON_BUILD=1 -D__STDC_FORMAT_MACROS "-DPyMODINIT_FUNC=extern \"C\" __attribute__((visibility (\"default\"))) PyObject*" -DGRPC_POSIX_FORK_ALLOW_PTHREAD_ATFORK=1 -Isrc/python/grpcio -Iinclude -I. -Ithird_party/abseil-cpp -Ithird_party/address_sorting/include -Ithird_party/cares/cares/include -Ithird_party/cares -Ithird_party/cares/cares -Ithird_party/cares/cares/src/lib/include -Ithird_party/cares/cares/src/lib -Ithird_party/cares/config_linux -Ithird_party/re2 -Ithird_party/boringssl-with-bazel/src/include -Ithird_party/upb -Isrc/core/ext/upb-gen -Isrc/core/ext/upbdefs-gen -Ithird_party/utf8_range -Ithird_party/xxhash -Ithird_party/zlib -I/usr/local/google/home/ssreenithi/.pyenv/versions/3.12.0/envs/pyvenv_312/include -I/usr/local/google/home/ssreenithi/.pyenv/versions/3.12.0/include/python3.12 -c third_party/abseil-cpp/absl/strings/internal/cord_internal.cc -o pyb/temp.linux-x86_64-cpython-312/third_party/abseil-cpp/absl/strings/internal/cord_internal.o -std=c++17 -fvisibility=hidden -fno-wrapv -fno-exceptions -pthread
      g++ -fno-strict-overflow -Wsign-compare -DNDEBUG -g -O3 -Wall -fPIC -D_WIN32_WINNT=1536 -DGRPC_XDS_USER_AGENT_NAME_SUFFIX=\"Python\" -DGRPC_XDS_USER_AGENT_VERSION_SUFFIX=\"1.79.0.dev0\" -DHAVE_CONFIG_H=1 -DGRPC_ENABLE_FORK_SUPPORT=1 -DGRPC_ENABLE_FORK_SUPPORT_DEFAULT=false -DGRPC_PYTHON_BUILD=1 -D__STDC_FORMAT_MACROS "-DPyMODINIT_FUNC=extern \"C\" __attribute__((visibility (\"default\"))) PyObject*" -DGRPC_POSIX_FORK_ALLOW_PTHREAD_ATFORK=1 -Isrc/python/grpcio -Iinclude -I. -Ithird_party/abseil-cpp -Ithird_party/address_sorting/include -Ithird_party/cares/cares/include -Ithird_party/cares -Ithird_party/cares/cares -Ithird_party/cares/cares/src/lib/include -Ithird_party/cares/cares/src/lib -Ithird_party/cares/config_linux -Ithird_party/re2 -Ithird_party/boringssl-with-bazel/src/include -Ithird_party/upb -Isrc/core/ext/upb-gen -Isrc/core/ext/upbdefs-gen -Ithird_party/utf8_range -Ithird_party/xxhash -Ithird_party/zlib -I/usr/local/google/home/ssreenithi/.pyenv/versions/3.12.0/envs/pyvenv_312/include -I/usr/local/google/home/ssreenithi/.pyenv/versions/3.12.0/include/python3.12 -c src/core/credentials/transport/ssl/ssl_security_connector.cc -o pyb/temp.linux-x86_64-cpython-312/src/core/credentials/transport/ssl/ssl_security_connector.o -std=c++17 -fvisibility=hidden -fno-wrapv -fno-exceptions -pthread
      g++ -fno-strict-overflow -Wsign-compare -DNDEBUG -g -O3 -Wall -fPIC -D_WIN32_WINNT=1536 -DGRPC_XDS_USER_AGENT_NAME_SUFFIX=\"Python\" -DGRPC_XDS_USER_AGENT_VERSION_SUFFIX=\"1.79.0.dev0\" -DHAVE_CONFIG_H=1 -DGRPC_ENABLE_FORK_SUPPORT=1 -DGRPC_ENABLE_FORK_SUPPORT_DEFAULT=false -DGRPC_PYTHON_BUILD=1 -D__STDC_FORMAT_MACROS "-DPyMODINIT_FUNC=extern \"C\" __attribute__((visibility (\"default\"))) PyObject*" -DGRPC_POSIX_FORK_ALLOW_PTHREAD_ATFORK=1 -Isrc/python/grpcio -Iinclude -I. -Ithird_party/abseil-cpp -Ithird_party/address_sorting/include -Ithird_party/cares/cares/include -Ithird_party/cares -Ithird_party/cares/cares -Ithird_party/cares/cares/src/lib/include -Ithird_party/cares/cares/src/lib -Ithird_party/cares/config_linux -Ithird_party/re2 -Ithird_party/boringssl-with-bazel/src/include -Ithird_party/upb -Isrc/core/ext/upb-gen -Isrc/core/ext/upbdefs-gen -Ithird_party/utf8_range -Ithird_party/xxhash -Ithird_party/zlib -I/usr/local/google/home/ssreenithi/.pyenv/versions/3.12.0/envs/pyvenv_312/include -I/usr/local/google/home/ssreenithi/.pyenv/versions/3.12.0/include/python3.12 -c third_party/boringssl-with-bazel/src/crypto/bio/bio.cc -o pyb/temp.linux-x86_64-cpython-312/third_party/boringssl-with-bazel/src/crypto/bio/bio.o -std=c++17 -fvisibility=hidden -fno-wrapv -fno-exceptions -pthread
      g++ -fno-strict-overflow -Wsign-compare -DNDEBUG -g -O3 -Wall -fPIC -D_WIN32_WINNT=1536 -DGRPC_XDS_USER_AGENT_NAME_SUFFIX=\"Python\" -DGRPC_XDS_USER_AGENT_VERSION_SUFFIX=\"1.79.0.dev0\" -DHAVE_CONFIG_H=1 -DGRPC_ENABLE_FORK_SUPPORT=1 -DGRPC_ENABLE_FORK_SUPPORT_DEFAULT=false -DGRPC_PYTHON_BUILD=1 -D__STDC_FORMAT_MACROS "-DPyMODINIT_FUNC=extern \"C\" __attribute__((visibility (\"default\"))) PyObject*" -DGRPC_POSIX_FORK_ALLOW_PTHREAD_ATFORK=1 -Isrc/python/grpcio -Iinclude -I. -Ithird_party/abseil-cpp -Ithird_party/address_sorting/include -Ithird_party/cares/cares/include -Ithird_party/cares -Ithird_party/cares/cares -Ithird_party/cares/cares/src/lib/include -Ithird_party/cares/cares/src/lib -Ithird_party/cares/config_linux -Ithird_party/re2 -Ithird_party/boringssl-with-bazel/src/include -Ithird_party/upb -Isrc/core/ext/upb-gen -Isrc/core/ext/upbdefs-gen -Ithird_party/utf8_range -Ithird_party/xxhash -Ithird_party/zlib -I/usr/local/google/home/ssreenithi/.pyenv/versions/3.12.0/envs/pyvenv_312/include -I/usr/local/google/home/ssreenithi/.pyenv/versions/3.12.0/include/python3.12 -c third_party/boringssl-with-bazel/src/crypto/asn1/asn_pack.cc -o pyb/temp.linux-x86_64-cpython-312/third_party/boringssl-with-bazel/src/crypto/asn1/asn_pack.o -std=c++17 -fvisibility=hidden -fno-wrapv -fno-exceptions -pthread
      g++ -fno-strict-overflow -Wsign-compare -DNDEBUG -g -O3 -Wall -fPIC -D_WIN32_WINNT=1536 -DGRPC_XDS_USER_AGENT_NAME_SUFFIX=\"Python\" -DGRPC_XDS_USER_AGENT_VERSION_SUFFIX=\"1.79.0.dev0\" -DHAVE_CONFIG_H=1 -DGRPC_ENABLE_FORK_SUPPORT=1 -DGRPC_ENABLE_FORK_SUPPORT_DEFAULT=false -DGRPC_PYTHON_BUILD=1 -D__STDC_FORMAT_MACROS "-DPyMODINIT_FUNC=extern \"C\" __attribute__((visibility (\"default\"))) PyObject*" -DGRPC_POSIX_FORK_ALLOW_PTHREAD_ATFORK=1 -Isrc/python/grpcio -Iinclude -I. -Ithird_party/abseil-cpp -Ithird_party/address_sorting/include -Ithird_party/cares/cares/include -Ithird_party/cares -Ithird_party/cares/cares -Ithird_party/cares/cares/src/lib/include -Ithird_party/cares/cares/src/lib -Ithird_party/cares/config_linux -Ithird_party/re2 -Ithird_party/boringssl-with-bazel/src/include -Ithird_party/upb -Isrc/core/ext/upb-gen -Isrc/core/ext/upbdefs-gen -Ithird_party/utf8_range -Ithird_party/xxhash -Ithird_party/zlib -I/usr/local/google/home/ssreenithi/.pyenv/versions/3.12.0/envs/pyvenv_312/include -I/usr/local/google/home/ssreenithi/.pyenv/versions/3.12.0/include/python3.12 -c src/core/ext/filters/http/client_authority_filter.cc -o pyb/temp.linux-x86_64-cpython-312/src/core/ext/filters/http/client_authority_filter.o -std=c++17 -fvisibility=hidden -fno-wrapv -fno-exceptions -pthread
      ./src/core/call/call_state.h: In static member function ‘static const char* grpc_core::CallState::ClientToServerPushStateString(ClientToServerPushState)’:
      ./src/core/call/call_state.h:191:3: warning: control reaches end of non-void function [-Wreturn-type]
        191 |   }
            |   ^
      ./src/core/call/call_state.h: In static member function ‘static const char* grpc_core::CallState::ServerToClientPushStateString(ServerToClientPushState)’:
      ./src/core/call/call_state.h:284:3: warning: control reaches end of non-void function [-Wreturn-type]
        284 |   }
            |   ^
      g++ -fno-strict-overflow -Wsign-compare -DNDEBUG -g -O3 -Wall -fPIC -D_WIN32_WINNT=1536 -DGRPC_XDS_USER_AGENT_NAME_SUFFIX=\"Python\" -DGRPC_XDS_USER_AGENT_VERSION_SUFFIX=\"1.79.0.dev0\" -DHAVE_CONFIG_H=1 -DGRPC_ENABLE_FORK_SUPPORT=1 -DGRPC_ENABLE_FORK_SUPPORT_DEFAULT=false -DGRPC_PYTHON_BUILD=1 -D__STDC_FORMAT_MACROS "-DPyMODINIT_FUNC=extern \"C\" __attribute__((visibility (\"default\"))) PyObject*" -DGRPC_POSIX_FORK_ALLOW_PTHREAD_ATFORK=1 -Isrc/python/grpcio -Iinclude -I. -Ithird_party/abseil-cpp -Ithird_party/address_sorting/include -Ithird_party/cares/cares/include -Ithird_party/cares -Ithird_party/cares/cares -Ithird_party/cares/cares/src/lib/include -Ithird_party/cares/cares/src/lib -Ithird_party/cares/config_linux -Ithird_party/re2 -Ithird_party/boringssl-with-bazel/src/include -Ithird_party/upb -Isrc/core/ext/upb-gen -Isrc/core/ext/upbdefs-gen -Ithird_party/utf8_range -Ithird_party/xxhash -Ithird_party/zlib -I/usr/local/google/home/ssreenithi/.pyenv/versions/3.12.0/envs/pyvenv_312/include -I/usr/local/google/home/ssreenithi/.pyenv/versions/3.12.0/include/python3.12 -c third_party/boringssl-with-bazel/src/crypto/asn1/a_strnid.cc -o pyb/temp.linux-x86_64-cpython-312/third_party/boringssl-with-bazel/src/crypto/asn1/a_strnid.o -std=c++17 -fvisibility=hidden -fno-wrapv -fno-exceptions -pthread
      ./src/core/call/call_state.h: In static member function ‘static const char* grpc_core::CallState::ServerToClientPullStateString(ServerToClientPullState)’:
      ./src/core/call/call_state.h:244:3: warning: control reaches end of non-void function [-Wreturn-type]
        244 |   }
            |   ^
      ./src/core/call/call_state.h: In static member function ‘static const char* grpc_core::CallState::ServerTrailingMetadataStateString(ServerTrailingMetadataState)’:
      ./src/core/call/call_state.h:314:3: warning: control reaches end of non-void function [-Wreturn-type]
        314 |   }
            |   ^
      g++ -fno-strict-overflow -Wsign-compare -DNDEBUG -g -O3 -Wall -fPIC -D_WIN32_WINNT=1536 -DGRPC_XDS_USER_AGENT_NAME_SUFFIX=\"Python\" -DGRPC_XDS_USER_AGENT_VERSION_SUFFIX=\"1.79.0.dev0\" -DHAVE_CONFIG_H=1 -DGRPC_ENABLE_FORK_SUPPORT=1 -DGRPC_ENABLE_FORK_SUPPORT_DEFAULT=false -DGRPC_PYTHON_BUILD=1 -D__STDC_FORMAT_MACROS "-DPyMODINIT_FUNC=extern \"C\" __attribute__((visibility (\"default\"))) PyObject*" -DGRPC_POSIX_FORK_ALLOW_PTHREAD_ATFORK=1 -Isrc/python/grpcio -Iinclude -I. -Ithird_party/abseil-cpp -Ithird_party/address_sorting/include -Ithird_party/cares/cares/include -Ithird_party/cares -Ithird_party/cares/cares -Ithird_party/cares/cares/src/lib/include -Ithird_party/cares/cares/src/lib -Ithird_party/cares/config_linux -Ithird_party/re2 -Ithird_party/boringssl-with-bazel/src/include -Ithird_party/upb -Isrc/core/ext/upb-gen -Isrc/core/ext/upbdefs-gen -Ithird_party/utf8_range -Ithird_party/xxhash -Ithird_party/zlib -I/usr/local/google/home/ssreenithi/.pyenv/versions/3.12.0/envs/pyvenv_312/include -I/usr/local/google/home/ssreenithi/.pyenv/versions/3.12.0/include/python3.12 -c third_party/abseil-cpp/absl/synchronization/internal/create_thread_identity.cc -o pyb/temp.linux-x86_64-cpython-312/third_party/abseil-cpp/absl/synchronization/internal/create_thread_identity.o -std=c++17 -fvisibility=hidden -fno-wrapv -fno-exceptions -pthread
      g++ -fno-strict-overflow -Wsign-compare -DNDEBUG -g -O3 -Wall -fPIC -D_WIN32_WINNT=1536 -DGRPC_XDS_USER_AGENT_NAME_SUFFIX=\"Python\" -DGRPC_XDS_USER_AGENT_VERSION_SUFFIX=\"1.79.0.dev0\" -DHAVE_CONFIG_H=1 -DGRPC_ENABLE_FORK_SUPPORT=1 -DGRPC_ENABLE_FORK_SUPPORT_DEFAULT=false -DGRPC_PYTHON_BUILD=1 -D__STDC_FORMAT_MACROS "-DPyMODINIT_FUNC=extern \"C\" __attribute__((visibility (\"default\"))) PyObject*" -DGRPC_POSIX_FORK_ALLOW_PTHREAD_ATFORK=1 -Isrc/python/grpcio -Iinclude -I. -Ithird_party/abseil-cpp -Ithird_party/address_sorting/include -Ithird_party/cares/cares/include -Ithird_party/cares -Ithird_party/cares/cares -Ithird_party/cares/cares/src/lib/include -Ithird_party/cares/cares/src/lib -Ithird_party/cares/config_linux -Ithird_party/re2 -Ithird_party/boringssl-with-bazel/src/include -Ithird_party/upb -Isrc/core/ext/upb-gen -Isrc/core/ext/upbdefs-gen -Ithird_party/utf8_range -Ithird_party/xxhash -Ithird_party/zlib -I/usr/local/google/home/ssreenithi/.pyenv/versions/3.12.0/envs/pyvenv_312/include -I/usr/local/google/home/ssreenithi/.pyenv/versions/3.12.0/include/python3.12 -c third_party/boringssl-with-bazel/src/crypto/asn1/f_int.cc -o pyb/temp.linux-x86_64-cpython-312/third_party/boringssl-with-bazel/src/crypto/asn1/f_int.o -std=c++17 -fvisibility=hidden -fno-wrapv -fno-exceptions -pthread
      g++ -fno-strict-overflow -Wsign-compare -DNDEBUG -g -O3 -Wall -fPIC -D_WIN32_WINNT=1536 -DGRPC_XDS_USER_AGENT_NAME_SUFFIX=\"Python\" -DGRPC_XDS_USER_AGENT_VERSION_SUFFIX=\"1.79.0.dev0\" -DHAVE_CONFIG_H=1 -DGRPC_ENABLE_FORK_SUPPORT=1 -DGRPC_ENABLE_FORK_SUPPORT_DEFAULT=false -DGRPC_PYTHON_BUILD=1 -D__STDC_FORMAT_MACROS "-DPyMODINIT_FUNC=extern \"C\" __attribute__((visibility (\"default\"))) PyObject*" -DGRPC_POSIX_FORK_ALLOW_PTHREAD_ATFORK=1 -Isrc/python/grpcio -Iinclude -I. -Ithird_party/abseil-cpp -Ithird_party/address_sorting/include -Ithird_party/cares/cares/include -Ithird_party/cares -Ithird_party/cares/cares -Ithird_party/cares/cares/src/lib/include -Ithird_party/cares/cares/src/lib -Ithird_party/cares/config_linux -Ithird_party/re2 -Ithird_party/boringssl-with-bazel/src/include -Ithird_party/upb -Isrc/core/ext/upb-gen -Isrc/core/ext/upbdefs-gen -Ithird_party/utf8_range -Ithird_party/xxhash -Ithird_party/zlib -I/usr/local/google/home/ssreenithi/.pyenv/versions/3.12.0/envs/pyvenv_312/include -I/usr/local/google/home/ssreenithi/.pyenv/versions/3.12.0/include/python3.12 -c third_party/abseil-cpp/absl/strings/internal/escaping.cc -o pyb/temp.linux-x86_64-cpython-312/third_party/abseil-cpp/absl/strings/internal/escaping.o -std=c++17 -fvisibility=hidden -fno-wrapv -fno-exceptions -pthread
      g++ -fno-strict-overflow -Wsign-compare -DNDEBUG -g -O3 -Wall -fPIC -D_WIN32_WINNT=1536 -DGRPC_XDS_USER_AGENT_NAME_SUFFIX=\"Python\" -DGRPC_XDS_USER_AGENT_VERSION_SUFFIX=\"1.79.0.dev0\" -DHAVE_CONFIG_H=1 -DGRPC_ENABLE_FORK_SUPPORT=1 -DGRPC_ENABLE_FORK_SUPPORT_DEFAULT=false -DGRPC_PYTHON_BUILD=1 -D__STDC_FORMAT_MACROS "-DPyMODINIT_FUNC=extern \"C\" __attribute__((visibility (\"default\"))) PyObject*" -DGRPC_POSIX_FORK_ALLOW_PTHREAD_ATFORK=1 -Isrc/python/grpcio -Iinclude -I. -Ithird_party/abseil-cpp -Ithird_party/address_sorting/include -Ithird_party/cares/cares/include -Ithird_party/cares -Ithird_party/cares/cares -Ithird_party/cares/cares/src/lib/include -Ithird_party/cares/cares/src/lib -Ithird_party/cares/config_linux -Ithird_party/re2 -Ithird_party/boringssl-with-bazel/src/include -Ithird_party/upb -Isrc/core/ext/upb-gen -Isrc/core/ext/upbdefs-gen -Ithird_party/utf8_range -Ithird_party/xxhash -Ithird_party/zlib -I/usr/local/google/home/ssreenithi/.pyenv/versions/3.12.0/envs/pyvenv_312/include -I/usr/local/google/home/ssreenithi/.pyenv/versions/3.12.0/include/python3.12 -c third_party/abseil-cpp/absl/hash/internal/low_level_hash.cc -o pyb/temp.linux-x86_64-cpython-312/third_party/abseil-cpp/absl/hash/internal/low_level_hash.o -std=c++17 -fvisibility=hidden -fno-wrapv -fno-exceptions -pthread
      g++ -fno-strict-overflow -Wsign-compare -DNDEBUG -g -O3 -Wall -fPIC -D_WIN32_WINNT=1536 -DGRPC_XDS_USER_AGENT_NAME_SUFFIX=\"Python\" -DGRPC_XDS_USER_AGENT_VERSION_SUFFIX=\"1.79.0.dev0\" -DHAVE_CONFIG_H=1 -DGRPC_ENABLE_FORK_SUPPORT=1 -DGRPC_ENABLE_FORK_SUPPORT_DEFAULT=false -DGRPC_PYTHON_BUILD=1 -D__STDC_FORMAT_MACROS "-DPyMODINIT_FUNC=extern \"C\" __attribute__((visibility (\"default\"))) PyObject*" -DGRPC_POSIX_FORK_ALLOW_PTHREAD_ATFORK=1 -Isrc/python/grpcio -Iinclude -I. -Ithird_party/abseil-cpp -Ithird_party/address_sorting/include -Ithird_party/cares/cares/include -Ithird_party/cares -Ithird_party/cares/cares -Ithird_party/cares/cares/src/lib/include -Ithird_party/cares/cares/src/lib -Ithird_party/cares/config_linux -Ithird_party/re2 -Ithird_party/boringssl-with-bazel/src/include -Ithird_party/upb -Isrc/core/ext/upb-gen -Isrc/core/ext/upbdefs-gen -Ithird_party/utf8_range -Ithird_party/xxhash -Ithird_party/zlib -I/usr/local/google/home/ssreenithi/.pyenv/versions/3.12.0/envs/pyvenv_312/include -I/usr/local/google/home/ssreenithi/.pyenv/versions/3.12.0/include/python3.12 -c third_party/boringssl-with-bazel/src/crypto/bio/printf.cc -o pyb/temp.linux-x86_64-cpython-312/third_party/boringssl-with-bazel/src/crypto/bio/printf.o -std=c++17 -fvisibility=hidden -fno-wrapv -fno-exceptions -pthread
      g++ -fno-strict-overflow -Wsign-compare -DNDEBUG -g -O3 -Wall -fPIC -D_WIN32_WINNT=1536 -DGRPC_XDS_USER_AGENT_NAME_SUFFIX=\"Python\" -DGRPC_XDS_USER_AGENT_VERSION_SUFFIX=\"1.79.0.dev0\" -DHAVE_CONFIG_H=1 -DGRPC_ENABLE_FORK_SUPPORT=1 -DGRPC_ENABLE_FORK_SUPPORT_DEFAULT=false -DGRPC_PYTHON_BUILD=1 -D__STDC_FORMAT_MACROS "-DPyMODINIT_FUNC=extern \"C\" __attribute__((visibility (\"default\"))) PyObject*" -DGRPC_POSIX_FORK_ALLOW_PTHREAD_ATFORK=1 -Isrc/python/grpcio -Iinclude -I. -Ithird_party/abseil-cpp -Ithird_party/address_sorting/include -Ithird_party/cares/cares/include -Ithird_party/cares -Ithird_party/cares/cares -Ithird_party/cares/cares/src/lib/include -Ithird_party/cares/cares/src/lib -Ithird_party/cares/config_linux -Ithird_party/re2 -Ithird_party/boringssl-with-bazel/src/include -Ithird_party/upb -Isrc/core/ext/upb-gen -Isrc/core/ext/upbdefs-gen -Ithird_party/utf8_range -Ithird_party/xxhash -Ithird_party/zlib -I/usr/local/google/home/ssreenithi/.pyenv/versions/3.12.0/envs/pyvenv_312/include -I/usr/local/google/home/ssreenithi/.pyenv/versions/3.12.0/include/python3.12 -c third_party/abseil-cpp/absl/strings/cord.cc -o pyb/temp.linux-x86_64-cpython-312/third_party/abseil-cpp/absl/strings/cord.o -std=c++17 -fvisibility=hidden -fno-wrapv -fno-exceptions -pthread
      In file included from ./src/core/lib/promise/activity.h:30,
                       from ./src/core/lib/resource_quota/memory_quota.h:39,
                       from ./src/core/lib/resource_quota/arena.h:39,
                       from ./src/core/lib/promise/arena_promise.h:28,
                       from ./src/core/credentials/transport/security_connector.h:36,
                       from ./src/core/credentials/call/call_credentials.h:31,
                       from src/core/credentials/transport/google_default/credentials_generic.cc:24:
      ./src/core/lib/promise/detail/promise_factory.h:210:5: warning: ‘always_inline’ function might not be inlinable unless also declared ‘inline’ [-Wattributes]
        210 |     PromiseFactoryImpl(Token, F&& f) {
            |     ^~~~~~~~~~~~~~~~~~
      ./src/core/lib/promise/detail/promise_factory.h:210:5: warning: ‘always_inline’ function might not be inlinable unless also declared ‘inline’ [-Wattributes]
      ./src/core/lib/promise/detail/promise_factory.h:210:5: warning: ‘always_inline’ function might not be inlinable unless also declared ‘inline’ [-Wattributes]
      ./src/core/lib/promise/detail/promise_factory.h:210:5: warning: ‘always_inline’ function might not be inlinable unless also declared ‘inline’ [-Wattributes]
      ./src/core/lib/promise/detail/promise_factory.h:210:5: warning: ‘always_inline’ function might not be inlinable unless also declared ‘inline’ [-Wattributes]
      ./src/core/lib/promise/detail/promise_factory.h:210:5: warning: ‘always_inline’ function might not be inlinable unless also declared ‘inline’ [-Wattributes]
      ./src/core/lib/promise/detail/promise_factory.h:210:5: warning: ‘always_inline’ function might not be inlinable unless also declared ‘inline’ [-Wattributes]
      src/core/resolver/dns/c_ares/grpc_ares_wrapper.cc: In function ‘void grpc_ares_notify_on_event_locked(grpc_ares_ev_driver*)’:
      src/core/resolver/dns/c_ares/grpc_ares_wrapper.cc:427:21: warning: ‘int ares_getsock(const ares_channel_t*, ares_socket_t*, int)’ is deprecated: Use ARES_OPT_EVENT_THREAD or ARES_OPT_SOCK_STATE_CB instead [-Wdeprecated-declarations]
        427 |         ares_getsock(ev_driver->channel, socks, ARES_GETSOCK_MAXNUM);
            |         ~~~~~~~~~~~~^~~~~~~~~~~~~~~~~~~~~~~~~~~~~~~~~~~~~~~~~~~~~~~~
      In file included from src/core/resolver/dns/c_ares/grpc_ares_wrapper.cc:40:
      third_party/cares/cares/include/ares.h:903:31: note: declared here
        903 |   ARES_OPT_SOCK_STATE_CB) int ares_getsock(const ares_channel_t *channel,
            |                               ^~~~~~~~~~~~
      src/core/resolver/dns/c_ares/grpc_ares_wrapper.cc: In function ‘void on_srv_query_done_locked(void*, int, int, unsigned char*, int)’:
      src/core/resolver/dns/c_ares/grpc_ares_wrapper.cc:764:50: warning: ‘int ares_parse_srv_reply(const unsigned char*, int, ares_srv_reply**)’ is deprecated: Use ares_dns_parse instead [-Wdeprecated-declarations]
        764 |     const int parse_status = ares_parse_srv_reply(abuf, alen, &reply);
            |                              ~~~~~~~~~~~~~~~~~~~~^~~~~~~~~~~~~~~~~~~~
      third_party/cares/cares/include/ares.h:1116:55: note: declared here
       1116 | CARES_EXTERN CARES_DEPRECATED_FOR(ares_dns_parse) int ares_parse_srv_reply(
            |                                                       ^~~~~~~~~~~~~~~~~~~~
      src/core/resolver/dns/c_ares/grpc_ares_wrapper.cc:775:29: warning: ‘void ares_gethostbyname(ares_channel_t*, const char*, int, ares_host_callback, void*)’ is deprecated: Use ares_getaddrinfo instead [-Wdeprecated-declarations]
        775 |           ares_gethostbyname(r->ev_driver->channel, hr->host, AF_INET6,
            |           ~~~~~~~~~~~~~~~~~~^~~~~~~~~~~~~~~~~~~~~~~~~~~~~~~~~~~~~~~~~~~
        776 |                              on_hostbyname_done_locked, hr);
            |                              ~~~~~~~~~~~~~~~~~~~~~~~~~~~~~~
      third_party/cares/cares/include/ares.h:879:58: note: declared here
        879 | CARES_EXTERN CARES_DEPRECATED_FOR(ares_getaddrinfo) void ares_gethostbyname(
            |                                                          ^~~~~~~~~~~~~~~~~~
      src/core/resolver/dns/c_ares/grpc_ares_wrapper.cc:780:27: warning: ‘void ares_gethostbyname(ares_channel_t*, const char*, int, ares_host_callback, void*)’ is deprecated: Use ares_getaddrinfo instead [-Wdeprecated-declarations]
        780 |         ares_gethostbyname(r->ev_driver->channel, hr->host, AF_INET,
            |         ~~~~~~~~~~~~~~~~~~^~~~~~~~~~~~~~~~~~~~~~~~~~~~~~~~~~~~~~~~~~
        781 |                            on_hostbyname_done_locked, hr);
            |                            ~~~~~~~~~~~~~~~~~~~~~~~~~~~~~~
      third_party/cares/cares/include/ares.h:879:58: note: declared here
        879 | CARES_EXTERN CARES_DEPRECATED_FOR(ares_getaddrinfo) void ares_gethostbyname(
            |                                                          ^~~~~~~~~~~~~~~~~~
      src/core/resolver/dns/c_ares/grpc_ares_wrapper.cc: In function ‘void on_txt_done_locked(void*, int, int, unsigned char*, int)’:
      src/core/resolver/dns/c_ares/grpc_ares_wrapper.cc:817:36: warning: ‘int ares_parse_txt_reply_ext(const unsigned char*, int, ares_txt_ext**)’ is deprecated: Use ares_dns_parse instead [-Wdeprecated-declarations]
        817 |   status = ares_parse_txt_reply_ext(buf, len, &reply);
            |            ~~~~~~~~~~~~~~~~~~~~~~~~^~~~~~~~~~~~~~~~~~
      third_party/cares/cares/include/ares.h:1125:55: note: declared here
       1125 | CARES_EXTERN CARES_DEPRECATED_FOR(ares_dns_parse) int ares_parse_txt_reply_ext(
            |                                                       ^~~~~~~~~~~~~~~~~~~~~~~~
      src/core/resolver/dns/c_ares/grpc_ares_wrapper.cc: In function ‘grpc_error_handle set_request_dns_server(grpc_ares_request*, absl::lts_20250512::string_view)’:
      src/core/resolver/dns/c_ares/grpc_ares_wrapper.cc:891:31: warning: ‘int ares_set_servers_ports(ares_channel_t*, const ares_addr_port_node*)’ is deprecated: Use ares_set_servers_ports_csv instead [-Wdeprecated-declarations]
        891 |         ares_set_servers_ports(r->ev_driver->channel, &r->dns_server_addr);
            |         ~~~~~~~~~~~~~~~~~~~~~~^~~~~~~~~~~~~~~~~~~~~~~~~~~~~~~~~~~~~~~~~~~~
      third_party/cares/cares/include/ares.h:1173:20: note: declared here
       1173 | int                ares_set_servers_ports(ares_channel_t                   *channel,
            |                    ^~~~~~~~~~~~~~~~~~~~~~
      src/core/resolver/dns/c_ares/grpc_ares_wrapper.cc: In function ‘grpc_ares_request* grpc_dns_lookup_hostname_ares_impl(const char*, const char*, const char*, grpc_pollset_set*, grpc_closure*, std::unique_ptr<std::vector<grpc_core::EndpointAddresses> >*, int)’:
      src/core/resolver/dns/c_ares/grpc_ares_wrapper.cc:1094:23: warning: ‘void ares_gethostbyname(ares_channel_t*, const char*, int, ares_host_callback, void*)’ is deprecated: Use ares_getaddrinfo instead [-Wdeprecated-declarations]
       1094 |     ares_gethostbyname(r->ev_driver->channel, hr->host, AF_INET6,
            |     ~~~~~~~~~~~~~~~~~~^~~~~~~~~~~~~~~~~~~~~~~~~~~~~~~~~~~~~~~~~~~
       1095 |                        on_hostbyname_done_locked, hr);
            |                        ~~~~~~~~~~~~~~~~~~~~~~~~~~~~~~
      third_party/cares/cares/include/ares.h:879:58: note: declared here
        879 | CARES_EXTERN CARES_DEPRECATED_FOR(ares_getaddrinfo) void ares_gethostbyname(
            |                                                          ^~~~~~~~~~~~~~~~~~
      src/core/resolver/dns/c_ares/grpc_ares_wrapper.cc:1100:21: warning: ‘void ares_gethostbyname(ares_channel_t*, const char*, int, ares_host_callback, void*)’ is deprecated: Use ares_getaddrinfo instead [-Wdeprecated-declarations]
       1100 |   ares_gethostbyname(r->ev_driver->channel, hr->host, AF_INET,
            |   ~~~~~~~~~~~~~~~~~~^~~~~~~~~~~~~~~~~~~~~~~~~~~~~~~~~~~~~~~~~~
       1101 |                      on_hostbyname_done_locked, hr);
            |                      ~~~~~~~~~~~~~~~~~~~~~~~~~~~~~~
      third_party/cares/cares/include/ares.h:879:58: note: declared here
        879 | CARES_EXTERN CARES_DEPRECATED_FOR(ares_getaddrinfo) void ares_gethostbyname(
            |                                                          ^~~~~~~~~~~~~~~~~~
      src/core/resolver/dns/c_ares/grpc_ares_wrapper.cc: In function ‘grpc_ares_request* grpc_dns_lookup_srv_ares_impl(const char*, const char*, grpc_pollset_set*, grpc_closure*, std::unique_ptr<std::vector<grpc_core::EndpointAddresses> >*, int)’:
      src/core/resolver/dns/c_ares/grpc_ares_wrapper.cc:1140:13: warning: ‘void ares_query(ares_channel_t*, const char*, int, int, ares_callback, void*)’ is deprecated: Use ares_query_dnsrec instead [-Wdeprecated-declarations]
       1140 |   ares_query(r->ev_driver->channel, service_name.c_str(), ns_c_in, ns_t_srv,
            |   ~~~~~~~~~~^~~~~~~~~~~~~~~~~~~~~~~~~~~~~~~~~~~~~~~~~~~~~~~~~~~~~~~~~~~~~~~~
       1141 |              on_srv_query_done_locked, srv_query);
            |              ~~~~~~~~~~~~~~~~~~~~~~~~~~~~~~~~~~~~
      third_party/cares/cares/include/ares.h:836:59: note: declared here
        836 | CARES_EXTERN CARES_DEPRECATED_FOR(ares_query_dnsrec) void ares_query(
            |                                                           ^~~~~~~~~~
      g++ -fno-strict-overflow -Wsign-compare -DNDEBUG -g -O3 -Wall -fPIC -D_WIN32_WINNT=1536 -DGRPC_XDS_USER_AGENT_NAME_SUFFIX=\"Python\" -DGRPC_XDS_USER_AGENT_VERSION_SUFFIX=\"1.79.0.dev0\" -DHAVE_CONFIG_H=1 -DGRPC_ENABLE_FORK_SUPPORT=1 -DGRPC_ENABLE_FORK_SUPPORT_DEFAULT=false -DGRPC_PYTHON_BUILD=1 -D__STDC_FORMAT_MACROS "-DPyMODINIT_FUNC=extern \"C\" __attribute__((visibility (\"default\"))) PyObject*" -DGRPC_POSIX_FORK_ALLOW_PTHREAD_ATFORK=1 -Isrc/python/grpcio -Iinclude -I. -Ithird_party/abseil-cpp -Ithird_party/address_sorting/include -Ithird_party/cares/cares/include -Ithird_party/cares -Ithird_party/cares/cares -Ithird_party/cares/cares/src/lib/include -Ithird_party/cares/cares/src/lib -Ithird_party/cares/config_linux -Ithird_party/re2 -Ithird_party/boringssl-with-bazel/src/include -Ithird_party/upb -Isrc/core/ext/upb-gen -Isrc/core/ext/upbdefs-gen -Ithird_party/utf8_range -Ithird_party/xxhash -Ithird_party/zlib -I/usr/local/google/home/ssreenithi/.pyenv/versions/3.12.0/envs/pyvenv_312/include -I/usr/local/google/home/ssreenithi/.pyenv/versions/3.12.0/include/python3.12 -c third_party/boringssl-with-bazel/src/crypto/bn/div.cc -o pyb/temp.linux-x86_64-cpython-312/third_party/boringssl-with-bazel/src/crypto/bn/div.o -std=c++17 -fvisibility=hidden -fno-wrapv -fno-exceptions -pthread
      src/core/resolver/dns/c_ares/grpc_ares_wrapper.cc: In function ‘grpc_ares_request* grpc_dns_lookup_txt_ares_impl(const char*, const char*, grpc_pollset_set*, grpc_closure*, char**, int)’:
      src/core/resolver/dns/c_ares/grpc_ares_wrapper.cc:1179:14: warning: ‘void ares_search(ares_channel_t*, const char*, int, int, ares_callback, void*)’ is deprecated: Use ares_search_dnsrec instead [-Wdeprecated-declarations]
       1179 |   ares_search(r->ev_driver->channel, config_name.c_str(), ns_c_in, ns_t_txt,
            |   ~~~~~~~~~~~^~~~~~~~~~~~~~~~~~~~~~~~~~~~~~~~~~~~~~~~~~~~~~~~~~~~~~~~~~~~~~~
       1180 |               on_txt_done_locked, txt_query);
            |               ~~~~~~~~~~~~~~~~~~~~~~~~~~~~~~
      third_party/cares/cares/include/ares.h:859:60: note: declared here
        859 | CARES_EXTERN CARES_DEPRECATED_FOR(ares_search_dnsrec) void ares_search(
            |                                                            ^~~~~~~~~~~
      g++ -fno-strict-overflow -Wsign-compare -DNDEBUG -g -O3 -Wall -fPIC -D_WIN32_WINNT=1536 -DGRPC_XDS_USER_AGENT_NAME_SUFFIX=\"Python\" -DGRPC_XDS_USER_AGENT_VERSION_SUFFIX=\"1.79.0.dev0\" -DHAVE_CONFIG_H=1 -DGRPC_ENABLE_FORK_SUPPORT=1 -DGRPC_ENABLE_FORK_SUPPORT_DEFAULT=false -DGRPC_PYTHON_BUILD=1 -D__STDC_FORMAT_MACROS "-DPyMODINIT_FUNC=extern \"C\" __attribute__((visibility (\"default\"))) PyObject*" -DGRPC_POSIX_FORK_ALLOW_PTHREAD_ATFORK=1 -Isrc/python/grpcio -Iinclude -I. -Ithird_party/abseil-cpp -Ithird_party/address_sorting/include -Ithird_party/cares/cares/include -Ithird_party/cares -Ithird_party/cares/cares -Ithird_party/cares/cares/src/lib/include -Ithird_party/cares/cares/src/lib -Ithird_party/cares/config_linux -Ithird_party/re2 -Ithird_party/boringssl-with-bazel/src/include -Ithird_party/upb -Isrc/core/ext/upb-gen -Isrc/core/ext/upbdefs-gen -Ithird_party/utf8_range -Ithird_party/xxhash -Ithird_party/zlib -I/usr/local/google/home/ssreenithi/.pyenv/versions/3.12.0/envs/pyvenv_312/include -I/usr/local/google/home/ssreenithi/.pyenv/versions/3.12.0/include/python3.12 -c third_party/boringssl-with-bazel/src/crypto/asn1/a_time.cc -o pyb/temp.linux-x86_64-cpython-312/third_party/boringssl-with-bazel/src/crypto/asn1/a_time.o -std=c++17 -fvisibility=hidden -fno-wrapv -fno-exceptions -pthread
      In file included from ./src/core/lib/promise/activity.h:30,
                       from ./src/core/lib/resource_quota/memory_quota.h:39,
                       from ./src/core/lib/resource_quota/arena.h:39,
                       from ./src/core/lib/promise/arena_promise.h:28,
                       from ./src/core/credentials/transport/security_connector.h:36,
                       from ./src/core/credentials/call/call_credentials.h:31,
                       from ./src/core/call/security_context.h:30,
                       from src/core/call/security_context.cc:17:
      ./src/core/lib/promise/detail/promise_factory.h:210:5: warning: ‘always_inline’ function might not be inlinable unless also declared ‘inline’ [-Wattributes]
        210 |     PromiseFactoryImpl(Token, F&& f) {
            |     ^~~~~~~~~~~~~~~~~~
      ./src/core/lib/promise/detail/promise_factory.h:210:5: warning: ‘always_inline’ function might not be inlinable unless also declared ‘inline’ [-Wattributes]
      ./src/core/lib/promise/detail/promise_factory.h:210:5: warning: ‘always_inline’ function might not be inlinable unless also declared ‘inline’ [-Wattributes]
      ./src/core/lib/promise/detail/promise_factory.h:210:5: warning: ‘always_inline’ function might not be inlinable unless also declared ‘inline’ [-Wattributes]
      ./src/core/lib/promise/detail/promise_factory.h:210:5: warning: ‘always_inline’ function might not be inlinable unless also declared ‘inline’ [-Wattributes]
      ./src/core/lib/promise/detail/promise_factory.h:210:5: warning: ‘always_inline’ function might not be inlinable unless also declared ‘inline’ [-Wattributes]
      ./src/core/lib/promise/detail/promise_factory.h:210:5: warning: ‘always_inline’ function might not be inlinable unless also declared ‘inline’ [-Wattributes]
      g++ -fno-strict-overflow -Wsign-compare -DNDEBUG -g -O3 -Wall -fPIC -D_WIN32_WINNT=1536 -DGRPC_XDS_USER_AGENT_NAME_SUFFIX=\"Python\" -DGRPC_XDS_USER_AGENT_VERSION_SUFFIX=\"1.79.0.dev0\" -DHAVE_CONFIG_H=1 -DGRPC_ENABLE_FORK_SUPPORT=1 -DGRPC_ENABLE_FORK_SUPPORT_DEFAULT=false -DGRPC_PYTHON_BUILD=1 -D__STDC_FORMAT_MACROS "-DPyMODINIT_FUNC=extern \"C\" __attribute__((visibility (\"default\"))) PyObject*" -DGRPC_POSIX_FORK_ALLOW_PTHREAD_ATFORK=1 -Isrc/python/grpcio -Iinclude -I. -Ithird_party/abseil-cpp -Ithird_party/address_sorting/include -Ithird_party/cares/cares/include -Ithird_party/cares -Ithird_party/cares/cares -Ithird_party/cares/cares/src/lib/include -Ithird_party/cares/cares/src/lib -Ithird_party/cares/config_linux -Ithird_party/re2 -Ithird_party/boringssl-with-bazel/src/include -Ithird_party/upb -Isrc/core/ext/upb-gen -Isrc/core/ext/upbdefs-gen -Ithird_party/utf8_range -Ithird_party/xxhash -Ithird_party/zlib -I/usr/local/google/home/ssreenithi/.pyenv/versions/3.12.0/envs/pyvenv_312/include -I/usr/local/google/home/ssreenithi/.pyenv/versions/3.12.0/include/python3.12 -c third_party/abseil-cpp/absl/synchronization/internal/sem_waiter.cc -o pyb/temp.linux-x86_64-cpython-312/third_party/abseil-cpp/absl/synchronization/internal/sem_waiter.o -std=c++17 -fvisibility=hidden -fno-wrapv -fno-exceptions -pthread
      g++ -fno-strict-overflow -Wsign-compare -DNDEBUG -g -O3 -Wall -fPIC -D_WIN32_WINNT=1536 -DGRPC_XDS_USER_AGENT_NAME_SUFFIX=\"Python\" -DGRPC_XDS_USER_AGENT_VERSION_SUFFIX=\"1.79.0.dev0\" -DHAVE_CONFIG_H=1 -DGRPC_ENABLE_FORK_SUPPORT=1 -DGRPC_ENABLE_FORK_SUPPORT_DEFAULT=false -DGRPC_PYTHON_BUILD=1 -D__STDC_FORMAT_MACROS "-DPyMODINIT_FUNC=extern \"C\" __attribute__((visibility (\"default\"))) PyObject*" -DGRPC_POSIX_FORK_ALLOW_PTHREAD_ATFORK=1 -Isrc/python/grpcio -Iinclude -I. -Ithird_party/abseil-cpp -Ithird_party/address_sorting/include -Ithird_party/cares/cares/include -Ithird_party/cares -Ithird_party/cares/cares -Ithird_party/cares/cares/src/lib/include -Ithird_party/cares/cares/src/lib -Ithird_party/cares/config_linux -Ithird_party/re2 -Ithird_party/boringssl-with-bazel/src/include -Ithird_party/upb -Isrc/core/ext/upb-gen -Isrc/core/ext/upbdefs-gen -Ithird_party/utf8_range -Ithird_party/xxhash -Ithird_party/zlib -I/usr/local/google/home/ssreenithi/.pyenv/versions/3.12.0/envs/pyvenv_312/include -I/usr/local/google/home/ssreenithi/.pyenv/versions/3.12.0/include/python3.12 -c third_party/boringssl-with-bazel/src/crypto/asn1/tasn_enc.cc -o pyb/temp.linux-x86_64-cpython-312/third_party/boringssl-with-bazel/src/crypto/asn1/tasn_enc.o -std=c++17 -fvisibility=hidden -fno-wrapv -fno-exceptions -pthread
      g++ -fno-strict-overflow -Wsign-compare -DNDEBUG -g -O3 -Wall -fPIC -D_WIN32_WINNT=1536 -DGRPC_XDS_USER_AGENT_NAME_SUFFIX=\"Python\" -DGRPC_XDS_USER_AGENT_VERSION_SUFFIX=\"1.79.0.dev0\" -DHAVE_CONFIG_H=1 -DGRPC_ENABLE_FORK_SUPPORT=1 -DGRPC_ENABLE_FORK_SUPPORT_DEFAULT=false -DGRPC_PYTHON_BUILD=1 -D__STDC_FORMAT_MACROS "-DPyMODINIT_FUNC=extern \"C\" __attribute__((visibility (\"default\"))) PyObject*" -DGRPC_POSIX_FORK_ALLOW_PTHREAD_ATFORK=1 -Isrc/python/grpcio -Iinclude -I. -Ithird_party/abseil-cpp -Ithird_party/address_sorting/include -Ithird_party/cares/cares/include -Ithird_party/cares -Ithird_party/cares/cares -Ithird_party/cares/cares/src/lib/include -Ithird_party/cares/cares/src/lib -Ithird_party/cares/config_linux -Ithird_party/re2 -Ithird_party/boringssl-with-bazel/src/include -Ithird_party/upb -Isrc/core/ext/upb-gen -Isrc/core/ext/upbdefs-gen -Ithird_party/utf8_range -Ithird_party/xxhash -Ithird_party/zlib -I/usr/local/google/home/ssreenithi/.pyenv/versions/3.12.0/envs/pyvenv_312/include -I/usr/local/google/home/ssreenithi/.pyenv/versions/3.12.0/include/python3.12 -c third_party/boringssl-with-bazel/src/crypto/asn1/f_string.cc -o pyb/temp.linux-x86_64-cpython-312/third_party/boringssl-with-bazel/src/crypto/asn1/f_string.o -std=c++17 -fvisibility=hidden -fno-wrapv -fno-exceptions -pthread
      gcc -fno-strict-overflow -Wsign-compare -DNDEBUG -g -O3 -Wall -fPIC -D_WIN32_WINNT=1536 -DGRPC_XDS_USER_AGENT_NAME_SUFFIX=\"Python\" -DGRPC_XDS_USER_AGENT_VERSION_SUFFIX=\"1.79.0.dev0\" -DHAVE_CONFIG_H=1 -DGRPC_ENABLE_FORK_SUPPORT=1 -DGRPC_ENABLE_FORK_SUPPORT_DEFAULT=false -DGRPC_PYTHON_BUILD=1 -D__STDC_FORMAT_MACROS "-DPyMODINIT_FUNC=extern \"C\" __attribute__((visibility (\"default\"))) PyObject*" -DGRPC_POSIX_FORK_ALLOW_PTHREAD_ATFORK=1 -Isrc/python/grpcio -Iinclude -I. -Ithird_party/abseil-cpp -Ithird_party/address_sorting/include -Ithird_party/cares/cares/include -Ithird_party/cares -Ithird_party/cares/cares -Ithird_party/cares/cares/src/lib/include -Ithird_party/cares/cares/src/lib -Ithird_party/cares/config_linux -Ithird_party/re2 -Ithird_party/boringssl-with-bazel/src/include -Ithird_party/upb -Isrc/core/ext/upb-gen -Isrc/core/ext/upbdefs-gen -Ithird_party/utf8_range -Ithird_party/xxhash -Ithird_party/zlib -I/usr/local/google/home/ssreenithi/.pyenv/versions/3.12.0/envs/pyvenv_312/include -I/usr/local/google/home/ssreenithi/.pyenv/versions/3.12.0/include/python3.12 -c third_party/address_sorting/address_sorting.c -o pyb/temp.linux-x86_64-cpython-312/third_party/address_sorting/address_sorting.o -fvisibility=hidden -fno-wrapv -fno-exceptions -pthread
      g++ -fno-strict-overflow -Wsign-compare -DNDEBUG -g -O3 -Wall -fPIC -D_WIN32_WINNT=1536 -DGRPC_XDS_USER_AGENT_NAME_SUFFIX=\"Python\" -DGRPC_XDS_USER_AGENT_VERSION_SUFFIX=\"1.79.0.dev0\" -DHAVE_CONFIG_H=1 -DGRPC_ENABLE_FORK_SUPPORT=1 -DGRPC_ENABLE_FORK_SUPPORT_DEFAULT=false -DGRPC_PYTHON_BUILD=1 -D__STDC_FORMAT_MACROS "-DPyMODINIT_FUNC=extern \"C\" __attribute__((visibility (\"default\"))) PyObject*" -DGRPC_POSIX_FORK_ALLOW_PTHREAD_ATFORK=1 -Isrc/python/grpcio -Iinclude -I. -Ithird_party/abseil-cpp -Ithird_party/address_sorting/include -Ithird_party/cares/cares/include -Ithird_party/cares -Ithird_party/cares/cares -Ithird_party/cares/cares/src/lib/include -Ithird_party/cares/cares/src/lib -Ithird_party/cares/config_linux -Ithird_party/re2 -Ithird_party/boringssl-with-bazel/src/include -Ithird_party/upb -Isrc/core/ext/upb-gen -Isrc/core/ext/upbdefs-gen -Ithird_party/utf8_range -Ithird_party/xxhash -Ithird_party/zlib -I/usr/local/google/home/ssreenithi/.pyenv/versions/3.12.0/envs/pyvenv_312/include -I/usr/local/google/home/ssreenithi/.pyenv/versions/3.12.0/include/python3.12 -c third_party/boringssl-with-bazel/src/crypto/bio/bio_mem.cc -o pyb/temp.linux-x86_64-cpython-312/third_party/boringssl-with-bazel/src/crypto/bio/bio_mem.o -std=c++17 -fvisibility=hidden -fno-wrapv -fno-exceptions -pthread
      g++ -fno-strict-overflow -Wsign-compare -DNDEBUG -g -O3 -Wall -fPIC -D_WIN32_WINNT=1536 -DGRPC_XDS_USER_AGENT_NAME_SUFFIX=\"Python\" -DGRPC_XDS_USER_AGENT_VERSION_SUFFIX=\"1.79.0.dev0\" -DHAVE_CONFIG_H=1 -DGRPC_ENABLE_FORK_SUPPORT=1 -DGRPC_ENABLE_FORK_SUPPORT_DEFAULT=false -DGRPC_PYTHON_BUILD=1 -D__STDC_FORMAT_MACROS "-DPyMODINIT_FUNC=extern \"C\" __attribute__((visibility (\"default\"))) PyObject*" -DGRPC_POSIX_FORK_ALLOW_PTHREAD_ATFORK=1 -Isrc/python/grpcio -Iinclude -I. -Ithird_party/abseil-cpp -Ithird_party/address_sorting/include -Ithird_party/cares/cares/include -Ithird_party/cares -Ithird_party/cares/cares -Ithird_party/cares/cares/src/lib/include -Ithird_party/cares/cares/src/lib -Ithird_party/cares/config_linux -Ithird_party/re2 -Ithird_party/boringssl-with-bazel/src/include -Ithird_party/upb -Isrc/core/ext/upb-gen -Isrc/core/ext/upbdefs-gen -Ithird_party/utf8_range -Ithird_party/xxhash -Ithird_party/zlib -I/usr/local/google/home/ssreenithi/.pyenv/versions/3.12.0/envs/pyvenv_312/include -I/usr/local/google/home/ssreenithi/.pyenv/versions/3.12.0/include/python3.12 -c third_party/boringssl-with-bazel/src/crypto/bio/socket.cc -o pyb/temp.linux-x86_64-cpython-312/third_party/boringssl-with-bazel/src/crypto/bio/socket.o -std=c++17 -fvisibility=hidden -fno-wrapv -fno-exceptions -pthread
      In file included from ./src/core/lib/promise/activity.h:30,
                       from ./src/core/lib/resource_quota/memory_quota.h:39,
                       from ./src/core/lib/resource_quota/arena.h:39,
                       from ./src/core/util/chunked_vector.h:24,
                       from ./src/core/call/metadata_batch.h:41,
                       from ./src/core/call/metadata.h:20,
                       from ./src/core/credentials/call/token_fetcher/token_fetcher_credentials.h:27,
                       from src/core/credentials/call/token_fetcher/token_fetcher_credentials.cc:19:
      ./src/core/lib/promise/detail/promise_factory.h:210:5: warning: ‘always_inline’ function might not be inlinable unless also declared ‘inline’ [-Wattributes]
        210 |     PromiseFactoryImpl(Token, F&& f) {
            |     ^~~~~~~~~~~~~~~~~~
      ./src/core/lib/promise/detail/promise_factory.h:210:5: warning: ‘always_inline’ function might not be inlinable unless also declared ‘inline’ [-Wattributes]
      ./src/core/lib/promise/detail/promise_factory.h:210:5: warning: ‘always_inline’ function might not be inlinable unless also declared ‘inline’ [-Wattributes]
      ./src/core/lib/promise/detail/promise_factory.h:210:5: warning: ‘always_inline’ function might not be inlinable unless also declared ‘inline’ [-Wattributes]
      ./src/core/lib/promise/detail/promise_factory.h:210:5: warning: ‘always_inline’ function might not be inlinable unless also declared ‘inline’ [-Wattributes]
      ./src/core/lib/promise/detail/promise_factory.h:210:5: warning: ‘always_inline’ function might not be inlinable unless also declared ‘inline’ [-Wattributes]
      ./src/core/lib/promise/detail/promise_factory.h:210:5: warning: ‘always_inline’ function might not be inlinable unless also declared ‘inline’ [-Wattributes]
      g++ -fno-strict-overflow -Wsign-compare -DNDEBUG -g -O3 -Wall -fPIC -D_WIN32_WINNT=1536 -DGRPC_XDS_USER_AGENT_NAME_SUFFIX=\"Python\" -DGRPC_XDS_USER_AGENT_VERSION_SUFFIX=\"1.79.0.dev0\" -DHAVE_CONFIG_H=1 -DGRPC_ENABLE_FORK_SUPPORT=1 -DGRPC_ENABLE_FORK_SUPPORT_DEFAULT=false -DGRPC_PYTHON_BUILD=1 -D__STDC_FORMAT_MACROS "-DPyMODINIT_FUNC=extern \"C\" __attribute__((visibility (\"default\"))) PyObject*" -DGRPC_POSIX_FORK_ALLOW_PTHREAD_ATFORK=1 -Isrc/python/grpcio -Iinclude -I. -Ithird_party/abseil-cpp -Ithird_party/address_sorting/include -Ithird_party/cares/cares/include -Ithird_party/cares -Ithird_party/cares/cares -Ithird_party/cares/cares/src/lib/include -Ithird_party/cares/cares/src/lib -Ithird_party/cares/config_linux -Ithird_party/re2 -Ithird_party/boringssl-with-bazel/src/include -Ithird_party/upb -Isrc/core/ext/upb-gen -Isrc/core/ext/upbdefs-gen -Ithird_party/utf8_range -Ithird_party/xxhash -Ithird_party/zlib -I/usr/local/google/home/ssreenithi/.pyenv/versions/3.12.0/envs/pyvenv_312/include -I/usr/local/google/home/ssreenithi/.pyenv/versions/3.12.0/include/python3.12 -c third_party/abseil-cpp/absl/strings/str_cat.cc -o pyb/temp.linux-x86_64-cpython-312/third_party/abseil-cpp/absl/strings/str_cat.o -std=c++17 -fvisibility=hidden -fno-wrapv -fno-exceptions -pthread
      g++ -fno-strict-overflow -Wsign-compare -DNDEBUG -g -O3 -Wall -fPIC -D_WIN32_WINNT=1536 -DGRPC_XDS_USER_AGENT_NAME_SUFFIX=\"Python\" -DGRPC_XDS_USER_AGENT_VERSION_SUFFIX=\"1.79.0.dev0\" -DHAVE_CONFIG_H=1 -DGRPC_ENABLE_FORK_SUPPORT=1 -DGRPC_ENABLE_FORK_SUPPORT_DEFAULT=false -DGRPC_PYTHON_BUILD=1 -D__STDC_FORMAT_MACROS "-DPyMODINIT_FUNC=extern \"C\" __attribute__((visibility (\"default\"))) PyObject*" -DGRPC_POSIX_FORK_ALLOW_PTHREAD_ATFORK=1 -Isrc/python/grpcio -Iinclude -I. -Ithird_party/abseil-cpp -Ithird_party/address_sorting/include -Ithird_party/cares/cares/include -Ithird_party/cares -Ithird_party/cares/cares -Ithird_party/cares/cares/src/lib/include -Ithird_party/cares/cares/src/lib -Ithird_party/cares/config_linux -Ithird_party/re2 -Ithird_party/boringssl-with-bazel/src/include -Ithird_party/upb -Isrc/core/ext/upb-gen -Isrc/core/ext/upbdefs-gen -Ithird_party/utf8_range -Ithird_party/xxhash -Ithird_party/zlib -I/usr/local/google/home/ssreenithi/.pyenv/versions/3.12.0/envs/pyvenv_312/include -I/usr/local/google/home/ssreenithi/.pyenv/versions/3.12.0/include/python3.12 -c third_party/boringssl-with-bazel/src/crypto/bn/exponentiation.cc -o pyb/temp.linux-x86_64-cpython-312/third_party/boringssl-with-bazel/src/crypto/bn/exponentiation.o -std=c++17 -fvisibility=hidden -fno-wrapv -fno-exceptions -pthread
      g++ -fno-strict-overflow -Wsign-compare -DNDEBUG -g -O3 -Wall -fPIC -D_WIN32_WINNT=1536 -DGRPC_XDS_USER_AGENT_NAME_SUFFIX=\"Python\" -DGRPC_XDS_USER_AGENT_VERSION_SUFFIX=\"1.79.0.dev0\" -DHAVE_CONFIG_H=1 -DGRPC_ENABLE_FORK_SUPPORT=1 -DGRPC_ENABLE_FORK_SUPPORT_DEFAULT=false -DGRPC_PYTHON_BUILD=1 -D__STDC_FORMAT_MACROS "-DPyMODINIT_FUNC=extern \"C\" __attribute__((visibility (\"default\"))) PyObject*" -DGRPC_POSIX_FORK_ALLOW_PTHREAD_ATFORK=1 -Isrc/python/grpcio -Iinclude -I. -Ithird_party/abseil-cpp -Ithird_party/address_sorting/include -Ithird_party/cares/cares/include -Ithird_party/cares -Ithird_party/cares/cares -Ithird_party/cares/cares/src/lib/include -Ithird_party/cares/cares/src/lib -Ithird_party/cares/config_linux -Ithird_party/re2 -Ithird_party/boringssl-with-bazel/src/include -Ithird_party/upb -Isrc/core/ext/upb-gen -Isrc/core/ext/upbdefs-gen -Ithird_party/utf8_range -Ithird_party/xxhash -Ithird_party/zlib -I/usr/local/google/home/ssreenithi/.pyenv/versions/3.12.0/envs/pyvenv_312/include -I/usr/local/google/home/ssreenithi/.pyenv/versions/3.12.0/include/python3.12 -c src/core/ext/transport/chttp2/transport/ping_rate_policy.cc -o pyb/temp.linux-x86_64-cpython-312/src/core/ext/transport/chttp2/transport/ping_rate_policy.o -std=c++17 -fvisibility=hidden -fno-wrapv -fno-exceptions -pthread
      g++ -fno-strict-overflow -Wsign-compare -DNDEBUG -g -O3 -Wall -fPIC -D_WIN32_WINNT=1536 -DGRPC_XDS_USER_AGENT_NAME_SUFFIX=\"Python\" -DGRPC_XDS_USER_AGENT_VERSION_SUFFIX=\"1.79.0.dev0\" -DHAVE_CONFIG_H=1 -DGRPC_ENABLE_FORK_SUPPORT=1 -DGRPC_ENABLE_FORK_SUPPORT_DEFAULT=false -DGRPC_PYTHON_BUILD=1 -D__STDC_FORMAT_MACROS "-DPyMODINIT_FUNC=extern \"C\" __attribute__((visibility (\"default\"))) PyObject*" -DGRPC_POSIX_FORK_ALLOW_PTHREAD_ATFORK=1 -Isrc/python/grpcio -Iinclude -I. -Ithird_party/abseil-cpp -Ithird_party/address_sorting/include -Ithird_party/cares/cares/include -Ithird_party/cares -Ithird_party/cares/cares -Ithird_party/cares/cares/src/lib/include -Ithird_party/cares/cares/src/lib -Ithird_party/cares/config_linux -Ithird_party/re2 -Ithird_party/boringssl-with-bazel/src/include -Ithird_party/upb -Isrc/core/ext/upb-gen -Isrc/core/ext/upbdefs-gen -Ithird_party/utf8_range -Ithird_party/xxhash -Ithird_party/zlib -I/usr/local/google/home/ssreenithi/.pyenv/versions/3.12.0/envs/pyvenv_312/include -I/usr/local/google/home/ssreenithi/.pyenv/versions/3.12.0/include/python3.12 -c third_party/boringssl-with-bazel/src/crypto/bytestring/cbb.cc -o pyb/temp.linux-x86_64-cpython-312/third_party/boringssl-with-bazel/src/crypto/bytestring/cbb.o -std=c++17 -fvisibility=hidden -fno-wrapv -fno-exceptions -pthread
      In file included from ./src/core/lib/promise/activity.h:30,
                       from ./src/core/call/call_state.h:23,
                       from ./src/core/call/call_filters.h:26,
                       from ./src/core/lib/surface/channel_init.h:31,
                       from ./src/core/config/core_configuration.h:29,
                       from src/core/service_config/service_config_impl.cc:26:
      ./src/core/lib/promise/detail/promise_factory.h:210:5: warning: ‘always_inline’ function might not be inlinable unless also declared ‘inline’ [-Wattributes]
        210 |     PromiseFactoryImpl(Token, F&& f) {
            |     ^~~~~~~~~~~~~~~~~~
      ./src/core/lib/promise/detail/promise_factory.h:210:5: warning: ‘always_inline’ function might not be inlinable unless also declared ‘inline’ [-Wattributes]
      ./src/core/lib/promise/detail/promise_factory.h:210:5: warning: ‘always_inline’ function might not be inlinable unless also declared ‘inline’ [-Wattributes]
      ./src/core/lib/promise/detail/promise_factory.h:210:5: warning: ‘always_inline’ function might not be inlinable unless also declared ‘inline’ [-Wattributes]
      ./src/core/lib/promise/detail/promise_factory.h:210:5: warning: ‘always_inline’ function might not be inlinable unless also declared ‘inline’ [-Wattributes]
      ./src/core/lib/promise/detail/promise_factory.h:210:5: warning: ‘always_inline’ function might not be inlinable unless also declared ‘inline’ [-Wattributes]
      ./src/core/lib/promise/detail/promise_factory.h:210:5: warning: ‘always_inline’ function might not be inlinable unless also declared ‘inline’ [-Wattributes]
      g++ -fno-strict-overflow -Wsign-compare -DNDEBUG -g -O3 -Wall -fPIC -D_WIN32_WINNT=1536 -DGRPC_XDS_USER_AGENT_NAME_SUFFIX=\"Python\" -DGRPC_XDS_USER_AGENT_VERSION_SUFFIX=\"1.79.0.dev0\" -DHAVE_CONFIG_H=1 -DGRPC_ENABLE_FORK_SUPPORT=1 -DGRPC_ENABLE_FORK_SUPPORT_DEFAULT=false -DGRPC_PYTHON_BUILD=1 -D__STDC_FORMAT_MACROS "-DPyMODINIT_FUNC=extern \"C\" __attribute__((visibility (\"default\"))) PyObject*" -DGRPC_POSIX_FORK_ALLOW_PTHREAD_ATFORK=1 -Isrc/python/grpcio -Iinclude -I. -Ithird_party/abseil-cpp -Ithird_party/address_sorting/include -Ithird_party/cares/cares/include -Ithird_party/cares -Ithird_party/cares/cares -Ithird_party/cares/cares/src/lib/include -Ithird_party/cares/cares/src/lib -Ithird_party/cares/config_linux -Ithird_party/re2 -Ithird_party/boringssl-with-bazel/src/include -Ithird_party/upb -Isrc/core/ext/upb-gen -Isrc/core/ext/upbdefs-gen -Ithird_party/utf8_range -Ithird_party/xxhash -Ithird_party/zlib -I/usr/local/google/home/ssreenithi/.pyenv/versions/3.12.0/envs/pyvenv_312/include -I/usr/local/google/home/ssreenithi/.pyenv/versions/3.12.0/include/python3.12 -c third_party/boringssl-with-bazel/src/crypto/cipher/e_aesgcmsiv.cc -o pyb/temp.linux-x86_64-cpython-312/third_party/boringssl-with-bazel/src/crypto/cipher/e_aesgcmsiv.o -std=c++17 -fvisibility=hidden -fno-wrapv -fno-exceptions -pthread
      g++ -fno-strict-overflow -Wsign-compare -DNDEBUG -g -O3 -Wall -fPIC -D_WIN32_WINNT=1536 -DGRPC_XDS_USER_AGENT_NAME_SUFFIX=\"Python\" -DGRPC_XDS_USER_AGENT_VERSION_SUFFIX=\"1.79.0.dev0\" -DHAVE_CONFIG_H=1 -DGRPC_ENABLE_FORK_SUPPORT=1 -DGRPC_ENABLE_FORK_SUPPORT_DEFAULT=false -DGRPC_PYTHON_BUILD=1 -D__STDC_FORMAT_MACROS "-DPyMODINIT_FUNC=extern \"C\" __attribute__((visibility (\"default\"))) PyObject*" -DGRPC_POSIX_FORK_ALLOW_PTHREAD_ATFORK=1 -Isrc/python/grpcio -Iinclude -I. -Ithird_party/abseil-cpp -Ithird_party/address_sorting/include -Ithird_party/cares/cares/include -Ithird_party/cares -Ithird_party/cares/cares -Ithird_party/cares/cares/src/lib/include -Ithird_party/cares/cares/src/lib -Ithird_party/cares/config_linux -Ithird_party/re2 -Ithird_party/boringssl-with-bazel/src/include -Ithird_party/upb -Isrc/core/ext/upb-gen -Isrc/core/ext/upbdefs-gen -Ithird_party/utf8_range -Ithird_party/xxhash -Ithird_party/zlib -I/usr/local/google/home/ssreenithi/.pyenv/versions/3.12.0/envs/pyvenv_312/include -I/usr/local/google/home/ssreenithi/.pyenv/versions/3.12.0/include/python3.12 -c third_party/boringssl-with-bazel/src/crypto/bio/socket_helper.cc -o pyb/temp.linux-x86_64-cpython-312/third_party/boringssl-with-bazel/src/crypto/bio/socket_helper.o -std=c++17 -fvisibility=hidden -fno-wrapv -fno-exceptions -pthread
      g++ -fno-strict-overflow -Wsign-compare -DNDEBUG -g -O3 -Wall -fPIC -D_WIN32_WINNT=1536 -DGRPC_XDS_USER_AGENT_NAME_SUFFIX=\"Python\" -DGRPC_XDS_USER_AGENT_VERSION_SUFFIX=\"1.79.0.dev0\" -DHAVE_CONFIG_H=1 -DGRPC_ENABLE_FORK_SUPPORT=1 -DGRPC_ENABLE_FORK_SUPPORT_DEFAULT=false -DGRPC_PYTHON_BUILD=1 -D__STDC_FORMAT_MACROS "-DPyMODINIT_FUNC=extern \"C\" __attribute__((visibility (\"default\"))) PyObject*" -DGRPC_POSIX_FORK_ALLOW_PTHREAD_ATFORK=1 -Isrc/python/grpcio -Iinclude -I. -Ithird_party/abseil-cpp -Ithird_party/address_sorting/include -Ithird_party/cares/cares/include -Ithird_party/cares -Ithird_party/cares/cares -Ithird_party/cares/cares/src/lib/include -Ithird_party/cares/cares/src/lib -Ithird_party/cares/config_linux -Ithird_party/re2 -Ithird_party/boringssl-with-bazel/src/include -Ithird_party/upb -Isrc/core/ext/upb-gen -Isrc/core/ext/upbdefs-gen -Ithird_party/utf8_range -Ithird_party/xxhash -Ithird_party/zlib -I/usr/local/google/home/ssreenithi/.pyenv/versions/3.12.0/envs/pyvenv_312/include -I/usr/local/google/home/ssreenithi/.pyenv/versions/3.12.0/include/python3.12 -c third_party/abseil-cpp/absl/synchronization/internal/futex_waiter.cc -o pyb/temp.linux-x86_64-cpython-312/third_party/abseil-cpp/absl/synchronization/internal/futex_waiter.o -std=c++17 -fvisibility=hidden -fno-wrapv -fno-exceptions -pthread
      g++ -fno-strict-overflow -Wsign-compare -DNDEBUG -g -O3 -Wall -fPIC -D_WIN32_WINNT=1536 -DGRPC_XDS_USER_AGENT_NAME_SUFFIX=\"Python\" -DGRPC_XDS_USER_AGENT_VERSION_SUFFIX=\"1.79.0.dev0\" -DHAVE_CONFIG_H=1 -DGRPC_ENABLE_FORK_SUPPORT=1 -DGRPC_ENABLE_FORK_SUPPORT_DEFAULT=false -DGRPC_PYTHON_BUILD=1 -D__STDC_FORMAT_MACROS "-DPyMODINIT_FUNC=extern \"C\" __attribute__((visibility (\"default\"))) PyObject*" -DGRPC_POSIX_FORK_ALLOW_PTHREAD_ATFORK=1 -Isrc/python/grpcio -Iinclude -I. -Ithird_party/abseil-cpp -Ithird_party/address_sorting/include -Ithird_party/cares/cares/include -Ithird_party/cares -Ithird_party/cares/cares -Ithird_party/cares/cares/src/lib/include -Ithird_party/cares/cares/src/lib -Ithird_party/cares/config_linux -Ithird_party/re2 -Ithird_party/boringssl-with-bazel/src/include -Ithird_party/upb -Isrc/core/ext/upb-gen -Isrc/core/ext/upbdefs-gen -Ithird_party/utf8_range -Ithird_party/xxhash -Ithird_party/zlib -I/usr/local/google/home/ssreenithi/.pyenv/versions/3.12.0/envs/pyvenv_312/include -I/usr/local/google/home/ssreenithi/.pyenv/versions/3.12.0/include/python3.12 -c third_party/boringssl-with-bazel/src/crypto/cipher/get_cipher.cc -o pyb/temp.linux-x86_64-cpython-312/third_party/boringssl-with-bazel/src/crypto/cipher/get_cipher.o -std=c++17 -fvisibility=hidden -fno-wrapv -fno-exceptions -pthread
      gcc -fno-strict-overflow -Wsign-compare -DNDEBUG -g -O3 -Wall -fPIC -D_WIN32_WINNT=1536 -DGRPC_XDS_USER_AGENT_NAME_SUFFIX=\"Python\" -DGRPC_XDS_USER_AGENT_VERSION_SUFFIX=\"1.79.0.dev0\" -DHAVE_CONFIG_H=1 -DGRPC_ENABLE_FORK_SUPPORT=1 -DGRPC_ENABLE_FORK_SUPPORT_DEFAULT=false -DGRPC_PYTHON_BUILD=1 -D__STDC_FORMAT_MACROS "-DPyMODINIT_FUNC=extern \"C\" __attribute__((visibility (\"default\"))) PyObject*" -DGRPC_POSIX_FORK_ALLOW_PTHREAD_ATFORK=1 -Isrc/python/grpcio -Iinclude -I. -Ithird_party/abseil-cpp -Ithird_party/address_sorting/include -Ithird_party/cares/cares/include -Ithird_party/cares -Ithird_party/cares/cares -Ithird_party/cares/cares/src/lib/include -Ithird_party/cares/cares/src/lib -Ithird_party/cares/config_linux -Ithird_party/re2 -Ithird_party/boringssl-with-bazel/src/include -Ithird_party/upb -Isrc/core/ext/upb-gen -Isrc/core/ext/upbdefs-gen -Ithird_party/utf8_range -Ithird_party/xxhash -Ithird_party/zlib -I/usr/local/google/home/ssreenithi/.pyenv/versions/3.12.0/envs/pyvenv_312/include -I/usr/local/google/home/ssreenithi/.pyenv/versions/3.12.0/include/python3.12 -c third_party/address_sorting/address_sorting_posix.c -o pyb/temp.linux-x86_64-cpython-312/third_party/address_sorting/address_sorting_posix.o -fvisibility=hidden -fno-wrapv -fno-exceptions -pthread
      g++ -fno-strict-overflow -Wsign-compare -DNDEBUG -g -O3 -Wall -fPIC -D_WIN32_WINNT=1536 -DGRPC_XDS_USER_AGENT_NAME_SUFFIX=\"Python\" -DGRPC_XDS_USER_AGENT_VERSION_SUFFIX=\"1.79.0.dev0\" -DHAVE_CONFIG_H=1 -DGRPC_ENABLE_FORK_SUPPORT=1 -DGRPC_ENABLE_FORK_SUPPORT_DEFAULT=false -DGRPC_PYTHON_BUILD=1 -D__STDC_FORMAT_MACROS "-DPyMODINIT_FUNC=extern \"C\" __attribute__((visibility (\"default\"))) PyObject*" -DGRPC_POSIX_FORK_ALLOW_PTHREAD_ATFORK=1 -Isrc/python/grpcio -Iinclude -I. -Ithird_party/abseil-cpp -Ithird_party/address_sorting/include -Ithird_party/cares/cares/include -Ithird_party/cares -Ithird_party/cares/cares -Ithird_party/cares/cares/src/lib/include -Ithird_party/cares/cares/src/lib -Ithird_party/cares/config_linux -Ithird_party/re2 -Ithird_party/boringssl-with-bazel/src/include -Ithird_party/upb -Isrc/core/ext/upb-gen -Isrc/core/ext/upbdefs-gen -Ithird_party/utf8_range -Ithird_party/xxhash -Ithird_party/zlib -I/usr/local/google/home/ssreenithi/.pyenv/versions/3.12.0/envs/pyvenv_312/include -I/usr/local/google/home/ssreenithi/.pyenv/versions/3.12.0/include/python3.12 -c third_party/boringssl-with-bazel/src/crypto/cpu_aarch64_openbsd.cc -o pyb/temp.linux-x86_64-cpython-312/third_party/boringssl-with-bazel/src/crypto/cpu_aarch64_openbsd.o -std=c++17 -fvisibility=hidden -fno-wrapv -fno-exceptions -pthread
      g++ -fno-strict-overflow -Wsign-compare -DNDEBUG -g -O3 -Wall -fPIC -D_WIN32_WINNT=1536 -DGRPC_XDS_USER_AGENT_NAME_SUFFIX=\"Python\" -DGRPC_XDS_USER_AGENT_VERSION_SUFFIX=\"1.79.0.dev0\" -DHAVE_CONFIG_H=1 -DGRPC_ENABLE_FORK_SUPPORT=1 -DGRPC_ENABLE_FORK_SUPPORT_DEFAULT=false -DGRPC_PYTHON_BUILD=1 -D__STDC_FORMAT_MACROS "-DPyMODINIT_FUNC=extern \"C\" __attribute__((visibility (\"default\"))) PyObject*" -DGRPC_POSIX_FORK_ALLOW_PTHREAD_ATFORK=1 -Isrc/python/grpcio -Iinclude -I. -Ithird_party/abseil-cpp -Ithird_party/address_sorting/include -Ithird_party/cares/cares/include -Ithird_party/cares -Ithird_party/cares/cares -Ithird_party/cares/cares/src/lib/include -Ithird_party/cares/cares/src/lib -Ithird_party/cares/config_linux -Ithird_party/re2 -Ithird_party/boringssl-with-bazel/src/include -Ithird_party/upb -Isrc/core/ext/upb-gen -Isrc/core/ext/upbdefs-gen -Ithird_party/utf8_range -Ithird_party/xxhash -Ithird_party/zlib -I/usr/local/google/home/ssreenithi/.pyenv/versions/3.12.0/envs/pyvenv_312/include -I/usr/local/google/home/ssreenithi/.pyenv/versions/3.12.0/include/python3.12 -c third_party/boringssl-with-bazel/src/crypto/bio/connect.cc -o pyb/temp.linux-x86_64-cpython-312/third_party/boringssl-with-bazel/src/crypto/bio/connect.o -std=c++17 -fvisibility=hidden -fno-wrapv -fno-exceptions -pthread
      In file included from ./src/core/lib/promise/activity.h:30,
                       from ./src/core/lib/resource_quota/memory_quota.h:39,
                       from ./src/core/lib/resource_quota/arena.h:39,
                       from ./src/core/lib/promise/arena_promise.h:28,
                       from ./src/core/lib/channel/channel_stack.h:59,
                       from ./src/core/ext/filters/channel_idle/legacy_channel_idle_filter.h:26,
                       from src/core/ext/filters/channel_idle/legacy_channel_idle_filter.cc:18:
      ./src/core/lib/promise/detail/promise_factory.h:210:5: warning: ‘always_inline’ function might not be inlinable unless also declared ‘inline’ [-Wattributes]
        210 |     PromiseFactoryImpl(Token, F&& f) {
            |     ^~~~~~~~~~~~~~~~~~
      ./src/core/lib/promise/detail/promise_factory.h:210:5: warning: ‘always_inline’ function might not be inlinable unless also declared ‘inline’ [-Wattributes]
      ./src/core/lib/promise/detail/promise_factory.h:210:5: warning: ‘always_inline’ function might not be inlinable unless also declared ‘inline’ [-Wattributes]
      ./src/core/lib/promise/detail/promise_factory.h:210:5: warning: ‘always_inline’ function might not be inlinable unless also declared ‘inline’ [-Wattributes]
      ./src/core/lib/promise/detail/promise_factory.h:210:5: warning: ‘always_inline’ function might not be inlinable unless also declared ‘inline’ [-Wattributes]
      ./src/core/lib/promise/detail/promise_factory.h:210:5: warning: ‘always_inline’ function might not be inlinable unless also declared ‘inline’ [-Wattributes]
      ./src/core/lib/promise/detail/promise_factory.h:210:5: warning: ‘always_inline’ function might not be inlinable unless also declared ‘inline’ [-Wattributes]
      ./src/core/lib/promise/detail/promise_factory.h:210:5: warning: ‘always_inline’ function might not be inlinable unless also declared ‘inline’ [-Wattributes]
      ./src/core/lib/promise/detail/promise_factory.h:210:5: warning: ‘always_inline’ function might not be inlinable unless also declared ‘inline’ [-Wattributes]
      ./src/core/lib/promise/detail/promise_factory.h:210:5: warning: ‘always_inline’ function might not be inlinable unless also declared ‘inline’ [-Wattributes]
      ./src/core/lib/promise/detail/promise_factory.h:210:5: warning: ‘always_inline’ function might not be inlinable unless also declared ‘inline’ [-Wattributes]
      In file included from ./src/core/lib/promise/activity.h:30,
                       from ./src/core/lib/resource_quota/memory_quota.h:39,
                       from ./src/core/lib/resource_quota/arena.h:39,
                       from ./src/core/util/chunked_vector.h:24,
                       from ./src/core/call/metadata_batch.h:41,
                       from ./src/core/call/metadata.h:20,
                       from ./src/core/call/client_call.h:40,
                       from src/core/call/client_call.cc:15:
      ./src/core/lib/promise/detail/promise_factory.h:210:5: warning: ‘always_inline’ function might not be inlinable unless also declared ‘inline’ [-Wattributes]
        210 |     PromiseFactoryImpl(Token, F&& f) {
            |     ^~~~~~~~~~~~~~~~~~
      ./src/core/lib/promise/detail/promise_factory.h:210:5: warning: ‘always_inline’ function might not be inlinable unless also declared ‘inline’ [-Wattributes]
      ./src/core/lib/promise/detail/promise_factory.h:210:5: warning: ‘always_inline’ function might not be inlinable unless also declared ‘inline’ [-Wattributes]
      ./src/core/lib/promise/detail/promise_factory.h:210:5: warning: ‘always_inline’ function might not be inlinable unless also declared ‘inline’ [-Wattributes]
      ./src/core/lib/promise/detail/promise_factory.h:210:5: warning: ‘always_inline’ function might not be inlinable unless also declared ‘inline’ [-Wattributes]
      ./src/core/lib/promise/detail/promise_factory.h:210:5: warning: ‘always_inline’ function might not be inlinable unless also declared ‘inline’ [-Wattributes]
      ./src/core/lib/promise/detail/promise_factory.h:201:5: warning: ‘always_inline’ function might not be inlinable unless also declared ‘inline’ [-Wattributes]
        201 |     PromiseFactoryImpl(Token, F&& f, A&&) {
            |     ^~~~~~~~~~~~~~~~~~
      ./src/core/lib/promise/detail/promise_factory.h:210:5: warning: ‘always_inline’ function might not be inlinable unless also declared ‘inline’ [-Wattributes]
        210 |     PromiseFactoryImpl(Token, F&& f) {
            |     ^~~~~~~~~~~~~~~~~~
      ./src/core/lib/promise/detail/promise_factory.h:210:5: warning: ‘always_inline’ function might not be inlinable unless also declared ‘inline’ [-Wattributes]
      ./src/core/lib/promise/detail/promise_factory.h:210:5: warning: ‘always_inline’ function might not be inlinable unless also declared ‘inline’ [-Wattributes]
      ./src/core/lib/promise/detail/promise_factory.h:210:5: warning: ‘always_inline’ function might not be inlinable unless also declared ‘inline’ [-Wattributes]
      ./src/core/lib/promise/detail/promise_factory.h:210:5: warning: ‘always_inline’ function might not be inlinable unless also declared ‘inline’ [-Wattributes]
      ./src/core/lib/promise/detail/promise_factory.h:210:5: warning: ‘always_inline’ function might not be inlinable unless also declared ‘inline’ [-Wattributes]
      ./src/core/lib/promise/detail/promise_factory.h:210:5: warning: ‘always_inline’ function might not be inlinable unless also declared ‘inline’ [-Wattributes]
      g++ -fno-strict-overflow -Wsign-compare -DNDEBUG -g -O3 -Wall -fPIC -D_WIN32_WINNT=1536 -DGRPC_XDS_USER_AGENT_NAME_SUFFIX=\"Python\" -DGRPC_XDS_USER_AGENT_VERSION_SUFFIX=\"1.79.0.dev0\" -DHAVE_CONFIG_H=1 -DGRPC_ENABLE_FORK_SUPPORT=1 -DGRPC_ENABLE_FORK_SUPPORT_DEFAULT=false -DGRPC_PYTHON_BUILD=1 -D__STDC_FORMAT_MACROS "-DPyMODINIT_FUNC=extern \"C\" __attribute__((visibility (\"default\"))) PyObject*" -DGRPC_POSIX_FORK_ALLOW_PTHREAD_ATFORK=1 -Isrc/python/grpcio -Iinclude -I. -Ithird_party/abseil-cpp -Ithird_party/address_sorting/include -Ithird_party/cares/cares/include -Ithird_party/cares -Ithird_party/cares/cares -Ithird_party/cares/cares/src/lib/include -Ithird_party/cares/cares/src/lib -Ithird_party/cares/config_linux -Ithird_party/re2 -Ithird_party/boringssl-with-bazel/src/include -Ithird_party/upb -Isrc/core/ext/upb-gen -Isrc/core/ext/upbdefs-gen -Ithird_party/utf8_range -Ithird_party/xxhash -Ithird_party/zlib -I/usr/local/google/home/ssreenithi/.pyenv/versions/3.12.0/envs/pyvenv_312/include -I/usr/local/google/home/ssreenithi/.pyenv/versions/3.12.0/include/python3.12 -c third_party/abseil-cpp/absl/strings/internal/cord_rep_btree.cc -o pyb/temp.linux-x86_64-cpython-312/third_party/abseil-cpp/absl/strings/internal/cord_rep_btree.o -std=c++17 -fvisibility=hidden -fno-wrapv -fno-exceptions -pthread
      g++ -fno-strict-overflow -Wsign-compare -DNDEBUG -g -O3 -Wall -fPIC -D_WIN32_WINNT=1536 -DGRPC_XDS_USER_AGENT_NAME_SUFFIX=\"Python\" -DGRPC_XDS_USER_AGENT_VERSION_SUFFIX=\"1.79.0.dev0\" -DHAVE_CONFIG_H=1 -DGRPC_ENABLE_FORK_SUPPORT=1 -DGRPC_ENABLE_FORK_SUPPORT_DEFAULT=false -DGRPC_PYTHON_BUILD=1 -D__STDC_FORMAT_MACROS "-DPyMODINIT_FUNC=extern \"C\" __attribute__((visibility (\"default\"))) PyObject*" -DGRPC_POSIX_FORK_ALLOW_PTHREAD_ATFORK=1 -Isrc/python/grpcio -Iinclude -I. -Ithird_party/abseil-cpp -Ithird_party/address_sorting/include -Ithird_party/cares/cares/include -Ithird_party/cares -Ithird_party/cares/cares -Ithird_party/cares/cares/src/lib/include -Ithird_party/cares/cares/src/lib -Ithird_party/cares/config_linux -Ithird_party/re2 -Ithird_party/boringssl-with-bazel/src/include -Ithird_party/upb -Isrc/core/ext/upb-gen -Isrc/core/ext/upbdefs-gen -Ithird_party/utf8_range -Ithird_party/xxhash -Ithird_party/zlib -I/usr/local/google/home/ssreenithi/.pyenv/versions/3.12.0/envs/pyvenv_312/include -I/usr/local/google/home/ssreenithi/.pyenv/versions/3.12.0/include/python3.12 -c third_party/boringssl-with-bazel/src/crypto/asn1/tasn_fre.cc -o pyb/temp.linux-x86_64-cpython-312/third_party/boringssl-with-bazel/src/crypto/asn1/tasn_fre.o -std=c++17 -fvisibility=hidden -fno-wrapv -fno-exceptions -pthread
      gcc -fno-strict-overflow -Wsign-compare -DNDEBUG -g -O3 -Wall -fPIC -D_WIN32_WINNT=1536 -DGRPC_XDS_USER_AGENT_NAME_SUFFIX=\"Python\" -DGRPC_XDS_USER_AGENT_VERSION_SUFFIX=\"1.79.0.dev0\" -DHAVE_CONFIG_H=1 -DGRPC_ENABLE_FORK_SUPPORT=1 -DGRPC_ENABLE_FORK_SUPPORT_DEFAULT=false -DGRPC_PYTHON_BUILD=1 -D__STDC_FORMAT_MACROS "-DPyMODINIT_FUNC=extern \"C\" __attribute__((visibility (\"default\"))) PyObject*" -DGRPC_POSIX_FORK_ALLOW_PTHREAD_ATFORK=1 -Isrc/python/grpcio -Iinclude -I. -Ithird_party/abseil-cpp -Ithird_party/address_sorting/include -Ithird_party/cares/cares/include -Ithird_party/cares -Ithird_party/cares/cares -Ithird_party/cares/cares/src/lib/include -Ithird_party/cares/cares/src/lib -Ithird_party/cares/config_linux -Ithird_party/re2 -Ithird_party/boringssl-with-bazel/src/include -Ithird_party/upb -Isrc/core/ext/upb-gen -Isrc/core/ext/upbdefs-gen -Ithird_party/utf8_range -Ithird_party/xxhash -Ithird_party/zlib -I/usr/local/google/home/ssreenithi/.pyenv/versions/3.12.0/envs/pyvenv_312/include -I/usr/local/google/home/ssreenithi/.pyenv/versions/3.12.0/include/python3.12 -c third_party/address_sorting/address_sorting_windows.c -o pyb/temp.linux-x86_64-cpython-312/third_party/address_sorting/address_sorting_windows.o -fvisibility=hidden -fno-wrapv -fno-exceptions -pthread
      gcc -fno-strict-overflow -Wsign-compare -DNDEBUG -g -O3 -Wall -fPIC -D_WIN32_WINNT=1536 -DGRPC_XDS_USER_AGENT_NAME_SUFFIX=\"Python\" -DGRPC_XDS_USER_AGENT_VERSION_SUFFIX=\"1.79.0.dev0\" -DHAVE_CONFIG_H=1 -DGRPC_ENABLE_FORK_SUPPORT=1 -DGRPC_ENABLE_FORK_SUPPORT_DEFAULT=false -DGRPC_PYTHON_BUILD=1 -D__STDC_FORMAT_MACROS "-DPyMODINIT_FUNC=extern \"C\" __attribute__((visibility (\"default\"))) PyObject*" -DGRPC_POSIX_FORK_ALLOW_PTHREAD_ATFORK=1 -Isrc/python/grpcio -Iinclude -I. -Ithird_party/abseil-cpp -Ithird_party/address_sorting/include -Ithird_party/cares/cares/include -Ithird_party/cares -Ithird_party/cares/cares -Ithird_party/cares/cares/src/lib/include -Ithird_party/cares/cares/src/lib -Ithird_party/cares/config_linux -Ithird_party/re2 -Ithird_party/boringssl-with-bazel/src/include -Ithird_party/upb -Isrc/core/ext/upb-gen -Isrc/core/ext/upbdefs-gen -Ithird_party/utf8_range -Ithird_party/xxhash -Ithird_party/zlib -I/usr/local/google/home/ssreenithi/.pyenv/versions/3.12.0/envs/pyvenv_312/include -I/usr/local/google/home/ssreenithi/.pyenv/versions/3.12.0/include/python3.12 -c third_party/boringssl-with-bazel/src/crypto/curve25519/asm/x25519-asm-arm.S -o pyb/temp.linux-x86_64-cpython-312/third_party/boringssl-with-bazel/src/crypto/curve25519/asm/x25519-asm-arm.o -std=c++17 -fvisibility=hidden -fno-wrapv -fno-exceptions -pthread
      g++ -fno-strict-overflow -Wsign-compare -DNDEBUG -g -O3 -Wall -fPIC -D_WIN32_WINNT=1536 -DGRPC_XDS_USER_AGENT_NAME_SUFFIX=\"Python\" -DGRPC_XDS_USER_AGENT_VERSION_SUFFIX=\"1.79.0.dev0\" -DHAVE_CONFIG_H=1 -DGRPC_ENABLE_FORK_SUPPORT=1 -DGRPC_ENABLE_FORK_SUPPORT_DEFAULT=false -DGRPC_PYTHON_BUILD=1 -D__STDC_FORMAT_MACROS "-DPyMODINIT_FUNC=extern \"C\" __attribute__((visibility (\"default\"))) PyObject*" -DGRPC_POSIX_FORK_ALLOW_PTHREAD_ATFORK=1 -Isrc/python/grpcio -Iinclude -I. -Ithird_party/abseil-cpp -Ithird_party/address_sorting/include -Ithird_party/cares/cares/include -Ithird_party/cares -Ithird_party/cares/cares -Ithird_party/cares/cares/src/lib/include -Ithird_party/cares/cares/src/lib -Ithird_party/cares/config_linux -Ithird_party/re2 -Ithird_party/boringssl-with-bazel/src/include -Ithird_party/upb -Isrc/core/ext/upb-gen -Isrc/core/ext/upbdefs-gen -Ithird_party/utf8_range -Ithird_party/xxhash -Ithird_party/zlib -I/usr/local/google/home/ssreenithi/.pyenv/versions/3.12.0/envs/pyvenv_312/include -I/usr/local/google/home/ssreenithi/.pyenv/versions/3.12.0/include/python3.12 -c third_party/boringssl-with-bazel/src/crypto/curve25519/curve25519.cc -o pyb/temp.linux-x86_64-cpython-312/third_party/boringssl-with-bazel/src/crypto/curve25519/curve25519.o -std=c++17 -fvisibility=hidden -fno-wrapv -fno-exceptions -pthread
      g++ -fno-strict-overflow -Wsign-compare -DNDEBUG -g -O3 -Wall -fPIC -D_WIN32_WINNT=1536 -DGRPC_XDS_USER_AGENT_NAME_SUFFIX=\"Python\" -DGRPC_XDS_USER_AGENT_VERSION_SUFFIX=\"1.79.0.dev0\" -DHAVE_CONFIG_H=1 -DGRPC_ENABLE_FORK_SUPPORT=1 -DGRPC_ENABLE_FORK_SUPPORT_DEFAULT=false -DGRPC_PYTHON_BUILD=1 -D__STDC_FORMAT_MACROS "-DPyMODINIT_FUNC=extern \"C\" __attribute__((visibility (\"default\"))) PyObject*" -DGRPC_POSIX_FORK_ALLOW_PTHREAD_ATFORK=1 -Isrc/python/grpcio -Iinclude -I. -Ithird_party/abseil-cpp -Ithird_party/address_sorting/include -Ithird_party/cares/cares/include -Ithird_party/cares -Ithird_party/cares/cares -Ithird_party/cares/cares/src/lib/include -Ithird_party/cares/cares/src/lib -Ithird_party/cares/config_linux -Ithird_party/re2 -Ithird_party/boringssl-with-bazel/src/include -Ithird_party/upb -Isrc/core/ext/upb-gen -Isrc/core/ext/upbdefs-gen -Ithird_party/utf8_range -Ithird_party/xxhash -Ithird_party/zlib -I/usr/local/google/home/ssreenithi/.pyenv/versions/3.12.0/envs/pyvenv_312/include -I/usr/local/google/home/ssreenithi/.pyenv/versions/3.12.0/include/python3.12 -c third_party/boringssl-with-bazel/src/crypto/bn/sqrt.cc -o pyb/temp.linux-x86_64-cpython-312/third_party/boringssl-with-bazel/src/crypto/bn/sqrt.o -std=c++17 -fvisibility=hidden -fno-wrapv -fno-exceptions -pthread
      g++ -fno-strict-overflow -Wsign-compare -DNDEBUG -g -O3 -Wall -fPIC -D_WIN32_WINNT=1536 -DGRPC_XDS_USER_AGENT_NAME_SUFFIX=\"Python\" -DGRPC_XDS_USER_AGENT_VERSION_SUFFIX=\"1.79.0.dev0\" -DHAVE_CONFIG_H=1 -DGRPC_ENABLE_FORK_SUPPORT=1 -DGRPC_ENABLE_FORK_SUPPORT_DEFAULT=false -DGRPC_PYTHON_BUILD=1 -D__STDC_FORMAT_MACROS "-DPyMODINIT_FUNC=extern \"C\" __attribute__((visibility (\"default\"))) PyObject*" -DGRPC_POSIX_FORK_ALLOW_PTHREAD_ATFORK=1 -Isrc/python/grpcio -Iinclude -I. -Ithird_party/abseil-cpp -Ithird_party/address_sorting/include -Ithird_party/cares/cares/include -Ithird_party/cares -Ithird_party/cares/cares -Ithird_party/cares/cares/src/lib/include -Ithird_party/cares/cares/src/lib -Ithird_party/cares/config_linux -Ithird_party/re2 -Ithird_party/boringssl-with-bazel/src/include -Ithird_party/upb -Isrc/core/ext/upb-gen -Isrc/core/ext/upbdefs-gen -Ithird_party/utf8_range -Ithird_party/xxhash -Ithird_party/zlib -I/usr/local/google/home/ssreenithi/.pyenv/versions/3.12.0/envs/pyvenv_312/include -I/usr/local/google/home/ssreenithi/.pyenv/versions/3.12.0/include/python3.12 -c third_party/boringssl-with-bazel/src/crypto/cpu_aarch64_sysreg.cc -o pyb/temp.linux-x86_64-cpython-312/third_party/boringssl-with-bazel/src/crypto/cpu_aarch64_sysreg.o -std=c++17 -fvisibility=hidden -fno-wrapv -fno-exceptions -pthread
      g++ -fno-strict-overflow -Wsign-compare -DNDEBUG -g -O3 -Wall -fPIC -D_WIN32_WINNT=1536 -DGRPC_XDS_USER_AGENT_NAME_SUFFIX=\"Python\" -DGRPC_XDS_USER_AGENT_VERSION_SUFFIX=\"1.79.0.dev0\" -DHAVE_CONFIG_H=1 -DGRPC_ENABLE_FORK_SUPPORT=1 -DGRPC_ENABLE_FORK_SUPPORT_DEFAULT=false -DGRPC_PYTHON_BUILD=1 -D__STDC_FORMAT_MACROS "-DPyMODINIT_FUNC=extern \"C\" __attribute__((visibility (\"default\"))) PyObject*" -DGRPC_POSIX_FORK_ALLOW_PTHREAD_ATFORK=1 -Isrc/python/grpcio -Iinclude -I. -Ithird_party/abseil-cpp -Ithird_party/address_sorting/include -Ithird_party/cares/cares/include -Ithird_party/cares -Ithird_party/cares/cares -Ithird_party/cares/cares/src/lib/include -Ithird_party/cares/cares/src/lib -Ithird_party/cares/config_linux -Ithird_party/re2 -Ithird_party/boringssl-with-bazel/src/include -Ithird_party/upb -Isrc/core/ext/upb-gen -Isrc/core/ext/upbdefs-gen -Ithird_party/utf8_range -Ithird_party/xxhash -Ithird_party/zlib -I/usr/local/google/home/ssreenithi/.pyenv/versions/3.12.0/envs/pyvenv_312/include -I/usr/local/google/home/ssreenithi/.pyenv/versions/3.12.0/include/python3.12 -c third_party/abseil-cpp/absl/synchronization/internal/stdcpp_waiter.cc -o pyb/temp.linux-x86_64-cpython-312/third_party/abseil-cpp/absl/synchronization/internal/stdcpp_waiter.o -std=c++17 -fvisibility=hidden -fno-wrapv -fno-exceptions -pthread
      g++ -fno-strict-overflow -Wsign-compare -DNDEBUG -g -O3 -Wall -fPIC -D_WIN32_WINNT=1536 -DGRPC_XDS_USER_AGENT_NAME_SUFFIX=\"Python\" -DGRPC_XDS_USER_AGENT_VERSION_SUFFIX=\"1.79.0.dev0\" -DHAVE_CONFIG_H=1 -DGRPC_ENABLE_FORK_SUPPORT=1 -DGRPC_ENABLE_FORK_SUPPORT_DEFAULT=false -DGRPC_PYTHON_BUILD=1 -D__STDC_FORMAT_MACROS "-DPyMODINIT_FUNC=extern \"C\" __attribute__((visibility (\"default\"))) PyObject*" -DGRPC_POSIX_FORK_ALLOW_PTHREAD_ATFORK=1 -Isrc/python/grpcio -Iinclude -I. -Ithird_party/abseil-cpp -Ithird_party/address_sorting/include -Ithird_party/cares/cares/include -Ithird_party/cares -Ithird_party/cares/cares -Ithird_party/cares/cares/src/lib/include -Ithird_party/cares/cares/src/lib -Ithird_party/cares/config_linux -Ithird_party/re2 -Ithird_party/boringssl-with-bazel/src/include -Ithird_party/upb -Isrc/core/ext/upb-gen -Isrc/core/ext/upbdefs-gen -Ithird_party/utf8_range -Ithird_party/xxhash -Ithird_party/zlib -I/usr/local/google/home/ssreenithi/.pyenv/versions/3.12.0/envs/pyvenv_312/include -I/usr/local/google/home/ssreenithi/.pyenv/versions/3.12.0/include/python3.12 -c third_party/boringssl-with-bazel/src/crypto/cipher/tls_cbc.cc -o pyb/temp.linux-x86_64-cpython-312/third_party/boringssl-with-bazel/src/crypto/cipher/tls_cbc.o -std=c++17 -fvisibility=hidden -fno-wrapv -fno-exceptions -pthread
      g++ -fno-strict-overflow -Wsign-compare -DNDEBUG -g -O3 -Wall -fPIC -D_WIN32_WINNT=1536 -DGRPC_XDS_USER_AGENT_NAME_SUFFIX=\"Python\" -DGRPC_XDS_USER_AGENT_VERSION_SUFFIX=\"1.79.0.dev0\" -DHAVE_CONFIG_H=1 -DGRPC_ENABLE_FORK_SUPPORT=1 -DGRPC_ENABLE_FORK_SUPPORT_DEFAULT=false -DGRPC_PYTHON_BUILD=1 -D__STDC_FORMAT_MACROS "-DPyMODINIT_FUNC=extern \"C\" __attribute__((visibility (\"default\"))) PyObject*" -DGRPC_POSIX_FORK_ALLOW_PTHREAD_ATFORK=1 -Isrc/python/grpcio -Iinclude -I. -Ithird_party/abseil-cpp -Ithird_party/address_sorting/include -Ithird_party/cares/cares/include -Ithird_party/cares -Ithird_party/cares/cares -Ithird_party/cares/cares/src/lib/include -Ithird_party/cares/cares/src/lib -Ithird_party/cares/config_linux -Ithird_party/re2 -Ithird_party/boringssl-with-bazel/src/include -Ithird_party/upb -Isrc/core/ext/upb-gen -Isrc/core/ext/upbdefs-gen -Ithird_party/utf8_range -Ithird_party/xxhash -Ithird_party/zlib -I/usr/local/google/home/ssreenithi/.pyenv/versions/3.12.0/envs/pyvenv_312/include -I/usr/local/google/home/ssreenithi/.pyenv/versions/3.12.0/include/python3.12 -c third_party/abseil-cpp/absl/time/internal/cctz/src/time_zone_if.cc -o pyb/temp.linux-x86_64-cpython-312/third_party/abseil-cpp/absl/time/internal/cctz/src/time_zone_if.o -std=c++17 -fvisibility=hidden -fno-wrapv -fno-exceptions -pthread
      g++ -fno-strict-overflow -Wsign-compare -DNDEBUG -g -O3 -Wall -fPIC -D_WIN32_WINNT=1536 -DGRPC_XDS_USER_AGENT_NAME_SUFFIX=\"Python\" -DGRPC_XDS_USER_AGENT_VERSION_SUFFIX=\"1.79.0.dev0\" -DHAVE_CONFIG_H=1 -DGRPC_ENABLE_FORK_SUPPORT=1 -DGRPC_ENABLE_FORK_SUPPORT_DEFAULT=false -DGRPC_PYTHON_BUILD=1 -D__STDC_FORMAT_MACROS "-DPyMODINIT_FUNC=extern \"C\" __attribute__((visibility (\"default\"))) PyObject*" -DGRPC_POSIX_FORK_ALLOW_PTHREAD_ATFORK=1 -Isrc/python/grpcio -Iinclude -I. -Ithird_party/abseil-cpp -Ithird_party/address_sorting/include -Ithird_party/cares/cares/include -Ithird_party/cares -Ithird_party/cares/cares -Ithird_party/cares/cares/src/lib/include -Ithird_party/cares/cares/src/lib -Ithird_party/cares/config_linux -Ithird_party/re2 -Ithird_party/boringssl-with-bazel/src/include -Ithird_party/upb -Isrc/core/ext/upb-gen -Isrc/core/ext/upbdefs-gen -Ithird_party/utf8_range -Ithird_party/xxhash -Ithird_party/zlib -I/usr/local/google/home/ssreenithi/.pyenv/versions/3.12.0/envs/pyvenv_312/include -I/usr/local/google/home/ssreenithi/.pyenv/versions/3.12.0/include/python3.12 -c third_party/boringssl-with-bazel/src/crypto/blake2/blake2.cc -o pyb/temp.linux-x86_64-cpython-312/third_party/boringssl-with-bazel/src/crypto/blake2/blake2.o -std=c++17 -fvisibility=hidden -fno-wrapv -fno-exceptions -pthread
      g++ -fno-strict-overflow -Wsign-compare -DNDEBUG -g -O3 -Wall -fPIC -D_WIN32_WINNT=1536 -DGRPC_XDS_USER_AGENT_NAME_SUFFIX=\"Python\" -DGRPC_XDS_USER_AGENT_VERSION_SUFFIX=\"1.79.0.dev0\" -DHAVE_CONFIG_H=1 -DGRPC_ENABLE_FORK_SUPPORT=1 -DGRPC_ENABLE_FORK_SUPPORT_DEFAULT=false -DGRPC_PYTHON_BUILD=1 -D__STDC_FORMAT_MACROS "-DPyMODINIT_FUNC=extern \"C\" __attribute__((visibility (\"default\"))) PyObject*" -DGRPC_POSIX_FORK_ALLOW_PTHREAD_ATFORK=1 -Isrc/python/grpcio -Iinclude -I. -Ithird_party/abseil-cpp -Ithird_party/address_sorting/include -Ithird_party/cares/cares/include -Ithird_party/cares -Ithird_party/cares/cares -Ithird_party/cares/cares/src/lib/include -Ithird_party/cares/cares/src/lib -Ithird_party/cares/config_linux -Ithird_party/re2 -Ithird_party/boringssl-with-bazel/src/include -Ithird_party/upb -Isrc/core/ext/upb-gen -Isrc/core/ext/upbdefs-gen -Ithird_party/utf8_range -Ithird_party/xxhash -Ithird_party/zlib -I/usr/local/google/home/ssreenithi/.pyenv/versions/3.12.0/envs/pyvenv_312/include -I/usr/local/google/home/ssreenithi/.pyenv/versions/3.12.0/include/python3.12 -c third_party/boringssl-with-bazel/src/crypto/digest/digest_extra.cc -o pyb/temp.linux-x86_64-cpython-312/third_party/boringssl-with-bazel/src/crypto/digest/digest_extra.o -std=c++17 -fvisibility=hidden -fno-wrapv -fno-exceptions -pthread
      g++ -fno-strict-overflow -Wsign-compare -DNDEBUG -g -O3 -Wall -fPIC -D_WIN32_WINNT=1536 -DGRPC_XDS_USER_AGENT_NAME_SUFFIX=\"Python\" -DGRPC_XDS_USER_AGENT_VERSION_SUFFIX=\"1.79.0.dev0\" -DHAVE_CONFIG_H=1 -DGRPC_ENABLE_FORK_SUPPORT=1 -DGRPC_ENABLE_FORK_SUPPORT_DEFAULT=false -DGRPC_PYTHON_BUILD=1 -D__STDC_FORMAT_MACROS "-DPyMODINIT_FUNC=extern \"C\" __attribute__((visibility (\"default\"))) PyObject*" -DGRPC_POSIX_FORK_ALLOW_PTHREAD_ATFORK=1 -Isrc/python/grpcio -Iinclude -I. -Ithird_party/abseil-cpp -Ithird_party/address_sorting/include -Ithird_party/cares/cares/include -Ithird_party/cares -Ithird_party/cares/cares -Ithird_party/cares/cares/src/lib/include -Ithird_party/cares/cares/src/lib -Ithird_party/cares/config_linux -Ithird_party/re2 -Ithird_party/boringssl-with-bazel/src/include -Ithird_party/upb -Isrc/core/ext/upb-gen -Isrc/core/ext/upbdefs-gen -Ithird_party/utf8_range -Ithird_party/xxhash -Ithird_party/zlib -I/usr/local/google/home/ssreenithi/.pyenv/versions/3.12.0/envs/pyvenv_312/include -I/usr/local/google/home/ssreenithi/.pyenv/versions/3.12.0/include/python3.12 -c third_party/abseil-cpp/absl/time/clock.cc -o pyb/temp.linux-x86_64-cpython-312/third_party/abseil-cpp/absl/time/clock.o -std=c++17 -fvisibility=hidden -fno-wrapv -fno-exceptions -pthread
      In file included from ./src/core/call/call_filters.h:26,
                       from ./src/core/call/call_spine.h:21,
                       from ./src/core/call/call_destination.h:20,
                       from ./src/core/lib/transport/transport.h:36,
                       from ./src/core/lib/channel/channel_stack.h:63,
                       from ./src/core/lib/surface/call.h:32,
                       from ./src/core/call/client_call.h:43:
      ./src/core/call/call_state.h: In static member function ‘static const char* grpc_core::CallState::ClientToServerPushStateString(ClientToServerPushState)’:
      ./src/core/call/call_state.h:191:3: warning: control reaches end of non-void function [-Wreturn-type]
        191 |   }
            |   ^
      ./src/core/call/call_state.h: In static member function ‘static const char* grpc_core::CallState::ServerToClientPullStateString(ServerToClientPullState)’:
      ./src/core/call/call_state.h:244:3: warning: control reaches end of non-void function [-Wreturn-type]
        244 |   }
            |   ^
      ./src/core/call/call_state.h: In static member function ‘static const char* grpc_core::CallState::ServerToClientPushStateString(ServerToClientPushState)’:
      ./src/core/call/call_state.h:284:3: warning: control reaches end of non-void function [-Wreturn-type]
        284 |   }
            |   ^
      g++ -fno-strict-overflow -Wsign-compare -DNDEBUG -g -O3 -Wall -fPIC -D_WIN32_WINNT=1536 -DGRPC_XDS_USER_AGENT_NAME_SUFFIX=\"Python\" -DGRPC_XDS_USER_AGENT_VERSION_SUFFIX=\"1.79.0.dev0\" -DHAVE_CONFIG_H=1 -DGRPC_ENABLE_FORK_SUPPORT=1 -DGRPC_ENABLE_FORK_SUPPORT_DEFAULT=false -DGRPC_PYTHON_BUILD=1 -D__STDC_FORMAT_MACROS "-DPyMODINIT_FUNC=extern \"C\" __attribute__((visibility (\"default\"))) PyObject*" -DGRPC_POSIX_FORK_ALLOW_PTHREAD_ATFORK=1 -Isrc/python/grpcio -Iinclude -I. -Ithird_party/abseil-cpp -Ithird_party/address_sorting/include -Ithird_party/cares/cares/include -Ithird_party/cares -Ithird_party/cares/cares -Ithird_party/cares/cares/src/lib/include -Ithird_party/cares/cares/src/lib -Ithird_party/cares/config_linux -Ithird_party/re2 -Ithird_party/boringssl-with-bazel/src/include -Ithird_party/upb -Isrc/core/ext/upb-gen -Isrc/core/ext/upbdefs-gen -Ithird_party/utf8_range -Ithird_party/xxhash -Ithird_party/zlib -I/usr/local/google/home/ssreenithi/.pyenv/versions/3.12.0/envs/pyvenv_312/include -I/usr/local/google/home/ssreenithi/.pyenv/versions/3.12.0/include/python3.12 -c third_party/abseil-cpp/absl/strings/internal/str_format/extension.cc -o pyb/temp.linux-x86_64-cpython-312/third_party/abseil-cpp/absl/strings/internal/str_format/extension.o -std=c++17 -fvisibility=hidden -fno-wrapv -fno-exceptions -pthread
      ./src/core/call/call_state.h: In static member function ‘static const char* grpc_core::CallState::ServerTrailingMetadataStateString(ServerTrailingMetadataState)’:
      ./src/core/call/call_state.h:314:3: warning: control reaches end of non-void function [-Wreturn-type]
        314 |   }
            |   ^
      g++ -fno-strict-overflow -Wsign-compare -DNDEBUG -g -O3 -Wall -fPIC -D_WIN32_WINNT=1536 -DGRPC_XDS_USER_AGENT_NAME_SUFFIX=\"Python\" -DGRPC_XDS_USER_AGENT_VERSION_SUFFIX=\"1.79.0.dev0\" -DHAVE_CONFIG_H=1 -DGRPC_ENABLE_FORK_SUPPORT=1 -DGRPC_ENABLE_FORK_SUPPORT_DEFAULT=false -DGRPC_PYTHON_BUILD=1 -D__STDC_FORMAT_MACROS "-DPyMODINIT_FUNC=extern \"C\" __attribute__((visibility (\"default\"))) PyObject*" -DGRPC_POSIX_FORK_ALLOW_PTHREAD_ATFORK=1 -Isrc/python/grpcio -Iinclude -I. -Ithird_party/abseil-cpp -Ithird_party/address_sorting/include -Ithird_party/cares/cares/include -Ithird_party/cares -Ithird_party/cares/cares -Ithird_party/cares/cares/src/lib/include -Ithird_party/cares/cares/src/lib -Ithird_party/cares/config_linux -Ithird_party/re2 -Ithird_party/boringssl-with-bazel/src/include -Ithird_party/upb -Isrc/core/ext/upb-gen -Isrc/core/ext/upbdefs-gen -Ithird_party/utf8_range -Ithird_party/xxhash -Ithird_party/zlib -I/usr/local/google/home/ssreenithi/.pyenv/versions/3.12.0/envs/pyvenv_312/include -I/usr/local/google/home/ssreenithi/.pyenv/versions/3.12.0/include/python3.12 -c third_party/boringssl-with-bazel/src/crypto/asn1/tasn_new.cc -o pyb/temp.linux-x86_64-cpython-312/third_party/boringssl-with-bazel/src/crypto/asn1/tasn_new.o -std=c++17 -fvisibility=hidden -fno-wrapv -fno-exceptions -pthread
      g++ -fno-strict-overflow -Wsign-compare -DNDEBUG -g -O3 -Wall -fPIC -D_WIN32_WINNT=1536 -DGRPC_XDS_USER_AGENT_NAME_SUFFIX=\"Python\" -DGRPC_XDS_USER_AGENT_VERSION_SUFFIX=\"1.79.0.dev0\" -DHAVE_CONFIG_H=1 -DGRPC_ENABLE_FORK_SUPPORT=1 -DGRPC_ENABLE_FORK_SUPPORT_DEFAULT=false -DGRPC_PYTHON_BUILD=1 -D__STDC_FORMAT_MACROS "-DPyMODINIT_FUNC=extern \"C\" __attribute__((visibility (\"default\"))) PyObject*" -DGRPC_POSIX_FORK_ALLOW_PTHREAD_ATFORK=1 -Isrc/python/grpcio -Iinclude -I. -Ithird_party/abseil-cpp -Ithird_party/address_sorting/include -Ithird_party/cares/cares/include -Ithird_party/cares -Ithird_party/cares/cares -Ithird_party/cares/cares/src/lib/include -Ithird_party/cares/cares/src/lib -Ithird_party/cares/config_linux -Ithird_party/re2 -Ithird_party/boringssl-with-bazel/src/include -Ithird_party/upb -Isrc/core/ext/upb-gen -Isrc/core/ext/upbdefs-gen -Ithird_party/utf8_range -Ithird_party/xxhash -Ithird_party/zlib -I/usr/local/google/home/ssreenithi/.pyenv/versions/3.12.0/envs/pyvenv_312/include -I/usr/local/google/home/ssreenithi/.pyenv/versions/3.12.0/include/python3.12 -c src/core/credentials/transport/google_default/google_default_credentials.cc -o pyb/temp.linux-x86_64-cpython-312/src/core/credentials/transport/google_default/google_default_credentials.o -std=c++17 -fvisibility=hidden -fno-wrapv -fno-exceptions -pthread
      g++ -fno-strict-overflow -Wsign-compare -DNDEBUG -g -O3 -Wall -fPIC -D_WIN32_WINNT=1536 -DGRPC_XDS_USER_AGENT_NAME_SUFFIX=\"Python\" -DGRPC_XDS_USER_AGENT_VERSION_SUFFIX=\"1.79.0.dev0\" -DHAVE_CONFIG_H=1 -DGRPC_ENABLE_FORK_SUPPORT=1 -DGRPC_ENABLE_FORK_SUPPORT_DEFAULT=false -DGRPC_PYTHON_BUILD=1 -D__STDC_FORMAT_MACROS "-DPyMODINIT_FUNC=extern \"C\" __attribute__((visibility (\"default\"))) PyObject*" -DGRPC_POSIX_FORK_ALLOW_PTHREAD_ATFORK=1 -Isrc/python/grpcio -Iinclude -I. -Ithird_party/abseil-cpp -Ithird_party/address_sorting/include -Ithird_party/cares/cares/include -Ithird_party/cares -Ithird_party/cares/cares -Ithird_party/cares/cares/src/lib/include -Ithird_party/cares/cares/src/lib -Ithird_party/cares/config_linux -Ithird_party/re2 -Ithird_party/boringssl-with-bazel/src/include -Ithird_party/upb -Isrc/core/ext/upb-gen -Isrc/core/ext/upbdefs-gen -Ithird_party/utf8_range -Ithird_party/xxhash -Ithird_party/zlib -I/usr/local/google/home/ssreenithi/.pyenv/versions/3.12.0/envs/pyvenv_312/include -I/usr/local/google/home/ssreenithi/.pyenv/versions/3.12.0/include/python3.12 -c third_party/boringssl-with-bazel/src/crypto/bio/errno.cc -o pyb/temp.linux-x86_64-cpython-312/third_party/boringssl-with-bazel/src/crypto/bio/errno.o -std=c++17 -fvisibility=hidden -fno-wrapv -fno-exceptions -pthread
      g++ -fno-strict-overflow -Wsign-compare -DNDEBUG -g -O3 -Wall -fPIC -D_WIN32_WINNT=1536 -DGRPC_XDS_USER_AGENT_NAME_SUFFIX=\"Python\" -DGRPC_XDS_USER_AGENT_VERSION_SUFFIX=\"1.79.0.dev0\" -DHAVE_CONFIG_H=1 -DGRPC_ENABLE_FORK_SUPPORT=1 -DGRPC_ENABLE_FORK_SUPPORT_DEFAULT=false -DGRPC_PYTHON_BUILD=1 -D__STDC_FORMAT_MACROS "-DPyMODINIT_FUNC=extern \"C\" __attribute__((visibility (\"default\"))) PyObject*" -DGRPC_POSIX_FORK_ALLOW_PTHREAD_ATFORK=1 -Isrc/python/grpcio -Iinclude -I. -Ithird_party/abseil-cpp -Ithird_party/address_sorting/include -Ithird_party/cares/cares/include -Ithird_party/cares -Ithird_party/cares/cares -Ithird_party/cares/cares/src/lib/include -Ithird_party/cares/cares/src/lib -Ithird_party/cares/config_linux -Ithird_party/re2 -Ithird_party/boringssl-with-bazel/src/include -Ithird_party/upb -Isrc/core/ext/upb-gen -Isrc/core/ext/upbdefs-gen -Ithird_party/utf8_range -Ithird_party/xxhash -Ithird_party/zlib -I/usr/local/google/home/ssreenithi/.pyenv/versions/3.12.0/envs/pyvenv_312/include -I/usr/local/google/home/ssreenithi/.pyenv/versions/3.12.0/include/python3.12 -c third_party/boringssl-with-bazel/src/crypto/cpu_aarch64_win.cc -o pyb/temp.linux-x86_64-cpython-312/third_party/boringssl-with-bazel/src/crypto/cpu_aarch64_win.o -std=c++17 -fvisibility=hidden -fno-wrapv -fno-exceptions -pthread
      g++ -fno-strict-overflow -Wsign-compare -DNDEBUG -g -O3 -Wall -fPIC -D_WIN32_WINNT=1536 -DGRPC_XDS_USER_AGENT_NAME_SUFFIX=\"Python\" -DGRPC_XDS_USER_AGENT_VERSION_SUFFIX=\"1.79.0.dev0\" -DHAVE_CONFIG_H=1 -DGRPC_ENABLE_FORK_SUPPORT=1 -DGRPC_ENABLE_FORK_SUPPORT_DEFAULT=false -DGRPC_PYTHON_BUILD=1 -D__STDC_FORMAT_MACROS "-DPyMODINIT_FUNC=extern \"C\" __attribute__((visibility (\"default\"))) PyObject*" -DGRPC_POSIX_FORK_ALLOW_PTHREAD_ATFORK=1 -Isrc/python/grpcio -Iinclude -I. -Ithird_party/abseil-cpp -Ithird_party/address_sorting/include -Ithird_party/cares/cares/include -Ithird_party/cares -Ithird_party/cares/cares -Ithird_party/cares/cares/src/lib/include -Ithird_party/cares/cares/src/lib -Ithird_party/cares/config_linux -Ithird_party/re2 -Ithird_party/boringssl-with-bazel/src/include -Ithird_party/upb -Isrc/core/ext/upb-gen -Isrc/core/ext/upbdefs-gen -Ithird_party/utf8_range -Ithird_party/xxhash -Ithird_party/zlib -I/usr/local/google/home/ssreenithi/.pyenv/versions/3.12.0/envs/pyvenv_312/include -I/usr/local/google/home/ssreenithi/.pyenv/versions/3.12.0/include/python3.12 -c third_party/boringssl-with-bazel/src/crypto/buf/buf.cc -o pyb/temp.linux-x86_64-cpython-312/third_party/boringssl-with-bazel/src/crypto/buf/buf.o -std=c++17 -fvisibility=hidden -fno-wrapv -fno-exceptions -pthread
      g++ -fno-strict-overflow -Wsign-compare -DNDEBUG -g -O3 -Wall -fPIC -D_WIN32_WINNT=1536 -DGRPC_XDS_USER_AGENT_NAME_SUFFIX=\"Python\" -DGRPC_XDS_USER_AGENT_VERSION_SUFFIX=\"1.79.0.dev0\" -DHAVE_CONFIG_H=1 -DGRPC_ENABLE_FORK_SUPPORT=1 -DGRPC_ENABLE_FORK_SUPPORT_DEFAULT=false -DGRPC_PYTHON_BUILD=1 -D__STDC_FORMAT_MACROS "-DPyMODINIT_FUNC=extern \"C\" __attribute__((visibility (\"default\"))) PyObject*" -DGRPC_POSIX_FORK_ALLOW_PTHREAD_ATFORK=1 -Isrc/python/grpcio -Iinclude -I. -Ithird_party/abseil-cpp -Ithird_party/address_sorting/include -Ithird_party/cares/cares/include -Ithird_party/cares -Ithird_party/cares/cares -Ithird_party/cares/cares/src/lib/include -Ithird_party/cares/cares/src/lib -Ithird_party/cares/config_linux -Ithird_party/re2 -Ithird_party/boringssl-with-bazel/src/include -Ithird_party/upb -Isrc/core/ext/upb-gen -Isrc/core/ext/upbdefs-gen -Ithird_party/utf8_range -Ithird_party/xxhash -Ithird_party/zlib -I/usr/local/google/home/ssreenithi/.pyenv/versions/3.12.0/envs/pyvenv_312/include -I/usr/local/google/home/ssreenithi/.pyenv/versions/3.12.0/include/python3.12 -c third_party/boringssl-with-bazel/src/crypto/cipher/e_chacha20poly1305.cc -o pyb/temp.linux-x86_64-cpython-312/third_party/boringssl-with-bazel/src/crypto/cipher/e_chacha20poly1305.o -std=c++17 -fvisibility=hidden -fno-wrapv -fno-exceptions -pthread
      In file included from ./src/core/lib/promise/activity.h:30,
                       from ./src/core/lib/resource_quota/memory_quota.h:39,
                       from ./src/core/lib/resource_quota/arena.h:39,
                       from ./src/core/call/call_arena_allocator.h:24,
                       from ./src/core/call/call_spine.h:20,
                       from ./src/core/call/call_destination.h:20,
                       from ./src/core/call/interception_chain.h:23,
                       from ./src/core/filter/filter_chain.h:24,
                       from ./src/core/xds/grpc/xds_http_filter.h:24,
                       from ./src/core/xds/grpc/xds_http_gcp_authn_filter.h:26,
                       from src/core/xds/grpc/xds_http_gcp_authn_filter.cc:17:
      ./src/core/lib/promise/detail/promise_factory.h:210:5: warning: ‘always_inline’ function might not be inlinable unless also declared ‘inline’ [-Wattributes]
        210 |     PromiseFactoryImpl(Token, F&& f) {
            |     ^~~~~~~~~~~~~~~~~~
      ./src/core/lib/promise/detail/promise_factory.h:210:5: warning: ‘always_inline’ function might not be inlinable unless also declared ‘inline’ [-Wattributes]
      ./src/core/lib/promise/detail/promise_factory.h:210:5: warning: ‘always_inline’ function might not be inlinable unless also declared ‘inline’ [-Wattributes]
      ./src/core/lib/promise/detail/promise_factory.h:210:5: warning: ‘always_inline’ function might not be inlinable unless also declared ‘inline’ [-Wattributes]
      ./src/core/lib/promise/detail/promise_factory.h:210:5: warning: ‘always_inline’ function might not be inlinable unless also declared ‘inline’ [-Wattributes]
      ./src/core/lib/promise/detail/promise_factory.h:210:5: warning: ‘always_inline’ function might not be inlinable unless also declared ‘inline’ [-Wattributes]
      ./src/core/lib/promise/detail/promise_factory.h:210:5: warning: ‘always_inline’ function might not be inlinable unless also declared ‘inline’ [-Wattributes]
      ./src/core/lib/promise/detail/promise_factory.h:210:5: warning: ‘always_inline’ function might not be inlinable unless also declared ‘inline’ [-Wattributes]
      g++ -fno-strict-overflow -Wsign-compare -DNDEBUG -g -O3 -Wall -fPIC -D_WIN32_WINNT=1536 -DGRPC_XDS_USER_AGENT_NAME_SUFFIX=\"Python\" -DGRPC_XDS_USER_AGENT_VERSION_SUFFIX=\"1.79.0.dev0\" -DHAVE_CONFIG_H=1 -DGRPC_ENABLE_FORK_SUPPORT=1 -DGRPC_ENABLE_FORK_SUPPORT_DEFAULT=false -DGRPC_PYTHON_BUILD=1 -D__STDC_FORMAT_MACROS "-DPyMODINIT_FUNC=extern \"C\" __attribute__((visibility (\"default\"))) PyObject*" -DGRPC_POSIX_FORK_ALLOW_PTHREAD_ATFORK=1 -Isrc/python/grpcio -Iinclude -I. -Ithird_party/abseil-cpp -Ithird_party/address_sorting/include -Ithird_party/cares/cares/include -Ithird_party/cares -Ithird_party/cares/cares -Ithird_party/cares/cares/src/lib/include -Ithird_party/cares/cares/src/lib -Ithird_party/cares/config_linux -Ithird_party/re2 -Ithird_party/boringssl-with-bazel/src/include -Ithird_party/upb -Isrc/core/ext/upb-gen -Isrc/core/ext/upbdefs-gen -Ithird_party/utf8_range -Ithird_party/xxhash -Ithird_party/zlib -I/usr/local/google/home/ssreenithi/.pyenv/versions/3.12.0/envs/pyvenv_312/include -I/usr/local/google/home/ssreenithi/.pyenv/versions/3.12.0/include/python3.12 -c third_party/boringssl-with-bazel/src/crypto/ecdsa/ecdsa_asn1.cc -o pyb/temp.linux-x86_64-cpython-312/third_party/boringssl-with-bazel/src/crypto/ecdsa/ecdsa_asn1.o -std=c++17 -fvisibility=hidden -fno-wrapv -fno-exceptions -pthread
      g++ -fno-strict-overflow -Wsign-compare -DNDEBUG -g -O3 -Wall -fPIC -D_WIN32_WINNT=1536 -DGRPC_XDS_USER_AGENT_NAME_SUFFIX=\"Python\" -DGRPC_XDS_USER_AGENT_VERSION_SUFFIX=\"1.79.0.dev0\" -DHAVE_CONFIG_H=1 -DGRPC_ENABLE_FORK_SUPPORT=1 -DGRPC_ENABLE_FORK_SUPPORT_DEFAULT=false -DGRPC_PYTHON_BUILD=1 -D__STDC_FORMAT_MACROS "-DPyMODINIT_FUNC=extern \"C\" __attribute__((visibility (\"default\"))) PyObject*" -DGRPC_POSIX_FORK_ALLOW_PTHREAD_ATFORK=1 -Isrc/python/grpcio -Iinclude -I. -Ithird_party/abseil-cpp -Ithird_party/address_sorting/include -Ithird_party/cares/cares/include -Ithird_party/cares -Ithird_party/cares/cares -Ithird_party/cares/cares/src/lib/include -Ithird_party/cares/cares/src/lib -Ithird_party/cares/config_linux -Ithird_party/re2 -Ithird_party/boringssl-with-bazel/src/include -Ithird_party/upb -Isrc/core/ext/upb-gen -Isrc/core/ext/upbdefs-gen -Ithird_party/utf8_range -Ithird_party/xxhash -Ithird_party/zlib -I/usr/local/google/home/ssreenithi/.pyenv/versions/3.12.0/envs/pyvenv_312/include -I/usr/local/google/home/ssreenithi/.pyenv/versions/3.12.0/include/python3.12 -c third_party/boringssl-with-bazel/src/crypto/evp/p_dh_asn1.cc -o pyb/temp.linux-x86_64-cpython-312/third_party/boringssl-with-bazel/src/crypto/evp/p_dh_asn1.o -std=c++17 -fvisibility=hidden -fno-wrapv -fno-exceptions -pthread
      g++ -fno-strict-overflow -Wsign-compare -DNDEBUG -g -O3 -Wall -fPIC -D_WIN32_WINNT=1536 -DGRPC_XDS_USER_AGENT_NAME_SUFFIX=\"Python\" -DGRPC_XDS_USER_AGENT_VERSION_SUFFIX=\"1.79.0.dev0\" -DHAVE_CONFIG_H=1 -DGRPC_ENABLE_FORK_SUPPORT=1 -DGRPC_ENABLE_FORK_SUPPORT_DEFAULT=false -DGRPC_PYTHON_BUILD=1 -D__STDC_FORMAT_MACROS "-DPyMODINIT_FUNC=extern \"C\" __attribute__((visibility (\"default\"))) PyObject*" -DGRPC_POSIX_FORK_ALLOW_PTHREAD_ATFORK=1 -Isrc/python/grpcio -Iinclude -I. -Ithird_party/abseil-cpp -Ithird_party/address_sorting/include -Ithird_party/cares/cares/include -Ithird_party/cares -Ithird_party/cares/cares -Ithird_party/cares/cares/src/lib/include -Ithird_party/cares/cares/src/lib -Ithird_party/cares/config_linux -Ithird_party/re2 -Ithird_party/boringssl-with-bazel/src/include -Ithird_party/upb -Isrc/core/ext/upb-gen -Isrc/core/ext/upbdefs-gen -Ithird_party/utf8_range -Ithird_party/xxhash -Ithird_party/zlib -I/usr/local/google/home/ssreenithi/.pyenv/versions/3.12.0/envs/pyvenv_312/include -I/usr/local/google/home/ssreenithi/.pyenv/versions/3.12.0/include/python3.12 -c third_party/boringssl-with-bazel/src/crypto/bn/bn_asn1.cc -o pyb/temp.linux-x86_64-cpython-312/third_party/boringssl-with-bazel/src/crypto/bn/bn_asn1.o -std=c++17 -fvisibility=hidden -fno-wrapv -fno-exceptions -pthread
      g++ -fno-strict-overflow -Wsign-compare -DNDEBUG -g -O3 -Wall -fPIC -D_WIN32_WINNT=1536 -DGRPC_XDS_USER_AGENT_NAME_SUFFIX=\"Python\" -DGRPC_XDS_USER_AGENT_VERSION_SUFFIX=\"1.79.0.dev0\" -DHAVE_CONFIG_H=1 -DGRPC_ENABLE_FORK_SUPPORT=1 -DGRPC_ENABLE_FORK_SUPPORT_DEFAULT=false -DGRPC_PYTHON_BUILD=1 -D__STDC_FORMAT_MACROS "-DPyMODINIT_FUNC=extern \"C\" __attribute__((visibility (\"default\"))) PyObject*" -DGRPC_POSIX_FORK_ALLOW_PTHREAD_ATFORK=1 -Isrc/python/grpcio -Iinclude -I. -Ithird_party/abseil-cpp -Ithird_party/address_sorting/include -Ithird_party/cares/cares/include -Ithird_party/cares -Ithird_party/cares/cares -Ithird_party/cares/cares/src/lib/include -Ithird_party/cares/cares/src/lib -Ithird_party/cares/config_linux -Ithird_party/re2 -Ithird_party/boringssl-with-bazel/src/include -Ithird_party/upb -Isrc/core/ext/upb-gen -Isrc/core/ext/upbdefs-gen -Ithird_party/utf8_range -Ithird_party/xxhash -Ithird_party/zlib -I/usr/local/google/home/ssreenithi/.pyenv/versions/3.12.0/envs/pyvenv_312/include -I/usr/local/google/home/ssreenithi/.pyenv/versions/3.12.0/include/python3.12 -c src/core/lib/compression/compression_internal.cc -o pyb/temp.linux-x86_64-cpython-312/src/core/lib/compression/compression_internal.o -std=c++17 -fvisibility=hidden -fno-wrapv -fno-exceptions -pthread
      g++ -fno-strict-overflow -Wsign-compare -DNDEBUG -g -O3 -Wall -fPIC -D_WIN32_WINNT=1536 -DGRPC_XDS_USER_AGENT_NAME_SUFFIX=\"Python\" -DGRPC_XDS_USER_AGENT_VERSION_SUFFIX=\"1.79.0.dev0\" -DHAVE_CONFIG_H=1 -DGRPC_ENABLE_FORK_SUPPORT=1 -DGRPC_ENABLE_FORK_SUPPORT_DEFAULT=false -DGRPC_PYTHON_BUILD=1 -D__STDC_FORMAT_MACROS "-DPyMODINIT_FUNC=extern \"C\" __attribute__((visibility (\"default\"))) PyObject*" -DGRPC_POSIX_FORK_ALLOW_PTHREAD_ATFORK=1 -Isrc/python/grpcio -Iinclude -I. -Ithird_party/abseil-cpp -Ithird_party/address_sorting/include -Ithird_party/cares/cares/include -Ithird_party/cares -Ithird_party/cares/cares -Ithird_party/cares/cares/src/lib/include -Ithird_party/cares/cares/src/lib -Ithird_party/cares/config_linux -Ithird_party/re2 -Ithird_party/boringssl-with-bazel/src/include -Ithird_party/upb -Isrc/core/ext/upb-gen -Isrc/core/ext/upbdefs-gen -Ithird_party/utf8_range -Ithird_party/xxhash -Ithird_party/zlib -I/usr/local/google/home/ssreenithi/.pyenv/versions/3.12.0/envs/pyvenv_312/include -I/usr/local/google/home/ssreenithi/.pyenv/versions/3.12.0/include/python3.12 -c third_party/boringssl-with-bazel/src/crypto/cms/cms.cc -o pyb/temp.linux-x86_64-cpython-312/third_party/boringssl-with-bazel/src/crypto/cms/cms.o -std=c++17 -fvisibility=hidden -fno-wrapv -fno-exceptions -pthread
      g++ -fno-strict-overflow -Wsign-compare -DNDEBUG -g -O3 -Wall -fPIC -D_WIN32_WINNT=1536 -DGRPC_XDS_USER_AGENT_NAME_SUFFIX=\"Python\" -DGRPC_XDS_USER_AGENT_VERSION_SUFFIX=\"1.79.0.dev0\" -DHAVE_CONFIG_H=1 -DGRPC_ENABLE_FORK_SUPPORT=1 -DGRPC_ENABLE_FORK_SUPPORT_DEFAULT=false -DGRPC_PYTHON_BUILD=1 -D__STDC_FORMAT_MACROS "-DPyMODINIT_FUNC=extern \"C\" __attribute__((visibility (\"default\"))) PyObject*" -DGRPC_POSIX_FORK_ALLOW_PTHREAD_ATFORK=1 -Isrc/python/grpcio -Iinclude -I. -Ithird_party/abseil-cpp -Ithird_party/address_sorting/include -Ithird_party/cares/cares/include -Ithird_party/cares -Ithird_party/cares/cares -Ithird_party/cares/cares/src/lib/include -Ithird_party/cares/cares/src/lib -Ithird_party/cares/config_linux -Ithird_party/re2 -Ithird_party/boringssl-with-bazel/src/include -Ithird_party/upb -Isrc/core/ext/upb-gen -Isrc/core/ext/upbdefs-gen -Ithird_party/utf8_range -Ithird_party/xxhash -Ithird_party/zlib -I/usr/local/google/home/ssreenithi/.pyenv/versions/3.12.0/envs/pyvenv_312/include -I/usr/local/google/home/ssreenithi/.pyenv/versions/3.12.0/include/python3.12 -c third_party/boringssl-with-bazel/src/crypto/bio/fd.cc -o pyb/temp.linux-x86_64-cpython-312/third_party/boringssl-with-bazel/src/crypto/bio/fd.o -std=c++17 -fvisibility=hidden -fno-wrapv -fno-exceptions -pthread
      g++ -fno-strict-overflow -Wsign-compare -DNDEBUG -g -O3 -Wall -fPIC -D_WIN32_WINNT=1536 -DGRPC_XDS_USER_AGENT_NAME_SUFFIX=\"Python\" -DGRPC_XDS_USER_AGENT_VERSION_SUFFIX=\"1.79.0.dev0\" -DHAVE_CONFIG_H=1 -DGRPC_ENABLE_FORK_SUPPORT=1 -DGRPC_ENABLE_FORK_SUPPORT_DEFAULT=false -DGRPC_PYTHON_BUILD=1 -D__STDC_FORMAT_MACROS "-DPyMODINIT_FUNC=extern \"C\" __attribute__((visibility (\"default\"))) PyObject*" -DGRPC_POSIX_FORK_ALLOW_PTHREAD_ATFORK=1 -Isrc/python/grpcio -Iinclude -I. -Ithird_party/abseil-cpp -Ithird_party/address_sorting/include -Ithird_party/cares/cares/include -Ithird_party/cares -Ithird_party/cares/cares -Ithird_party/cares/cares/src/lib/include -Ithird_party/cares/cares/src/lib -Ithird_party/cares/config_linux -Ithird_party/re2 -Ithird_party/boringssl-with-bazel/src/include -Ithird_party/upb -Isrc/core/ext/upb-gen -Isrc/core/ext/upbdefs-gen -Ithird_party/utf8_range -Ithird_party/xxhash -Ithird_party/zlib -I/usr/local/google/home/ssreenithi/.pyenv/versions/3.12.0/envs/pyvenv_312/include -I/usr/local/google/home/ssreenithi/.pyenv/versions/3.12.0/include/python3.12 -c third_party/boringssl-with-bazel/src/crypto/dsa/dsa.cc -o pyb/temp.linux-x86_64-cpython-312/third_party/boringssl-with-bazel/src/crypto/dsa/dsa.o -std=c++17 -fvisibility=hidden -fno-wrapv -fno-exceptions -pthread
      g++ -fno-strict-overflow -Wsign-compare -DNDEBUG -g -O3 -Wall -fPIC -D_WIN32_WINNT=1536 -DGRPC_XDS_USER_AGENT_NAME_SUFFIX=\"Python\" -DGRPC_XDS_USER_AGENT_VERSION_SUFFIX=\"1.79.0.dev0\" -DHAVE_CONFIG_H=1 -DGRPC_ENABLE_FORK_SUPPORT=1 -DGRPC_ENABLE_FORK_SUPPORT_DEFAULT=false -DGRPC_PYTHON_BUILD=1 -D__STDC_FORMAT_MACROS "-DPyMODINIT_FUNC=extern \"C\" __attribute__((visibility (\"default\"))) PyObject*" -DGRPC_POSIX_FORK_ALLOW_PTHREAD_ATFORK=1 -Isrc/python/grpcio -Iinclude -I. -Ithird_party/abseil-cpp -Ithird_party/address_sorting/include -Ithird_party/cares/cares/include -Ithird_party/cares -Ithird_party/cares/cares -Ithird_party/cares/cares/src/lib/include -Ithird_party/cares/cares/src/lib -Ithird_party/cares/config_linux -Ithird_party/re2 -Ithird_party/boringssl-with-bazel/src/include -Ithird_party/upb -Isrc/core/ext/upb-gen -Isrc/core/ext/upbdefs-gen -Ithird_party/utf8_range -Ithird_party/xxhash -Ithird_party/zlib -I/usr/local/google/home/ssreenithi/.pyenv/versions/3.12.0/envs/pyvenv_312/include -I/usr/local/google/home/ssreenithi/.pyenv/versions/3.12.0/include/python3.12 -c third_party/abseil-cpp/absl/strings/str_replace.cc -o pyb/temp.linux-x86_64-cpython-312/third_party/abseil-cpp/absl/strings/str_replace.o -std=c++17 -fvisibility=hidden -fno-wrapv -fno-exceptions -pthread
      In file included from ./src/core/lib/promise/activity.h:30,
                       from ./src/core/lib/resource_quota/memory_quota.h:39,
                       from ./src/core/lib/resource_quota/arena.h:39,
                       from ./src/core/call/call_arena_allocator.h:24,
                       from ./src/core/call/call_spine.h:20,
                       from ./src/core/call/call_destination.h:20,
                       from ./src/core/client_channel/client_channel_internal.h:24,
                       from src/core/load_balancing/xds/cds.cc:33:
      ./src/core/lib/promise/detail/promise_factory.h:210:5: warning: ‘always_inline’ function might not be inlinable unless also declared ‘inline’ [-Wattributes]
        210 |     PromiseFactoryImpl(Token, F&& f) {
            |     ^~~~~~~~~~~~~~~~~~
      ./src/core/lib/promise/detail/promise_factory.h:210:5: warning: ‘always_inline’ function might not be inlinable unless also declared ‘inline’ [-Wattributes]
      ./src/core/lib/promise/detail/promise_factory.h:210:5: warning: ‘always_inline’ function might not be inlinable unless also declared ‘inline’ [-Wattributes]
      ./src/core/lib/promise/detail/promise_factory.h:210:5: warning: ‘always_inline’ function might not be inlinable unless also declared ‘inline’ [-Wattributes]
      ./src/core/lib/promise/detail/promise_factory.h:210:5: warning: ‘always_inline’ function might not be inlinable unless also declared ‘inline’ [-Wattributes]
      ./src/core/lib/promise/detail/promise_factory.h:210:5: warning: ‘always_inline’ function might not be inlinable unless also declared ‘inline’ [-Wattributes]
      ./src/core/lib/promise/detail/promise_factory.h:210:5: warning: ‘always_inline’ function might not be inlinable unless also declared ‘inline’ [-Wattributes]
      g++ -fno-strict-overflow -Wsign-compare -DNDEBUG -g -O3 -Wall -fPIC -D_WIN32_WINNT=1536 -DGRPC_XDS_USER_AGENT_NAME_SUFFIX=\"Python\" -DGRPC_XDS_USER_AGENT_VERSION_SUFFIX=\"1.79.0.dev0\" -DHAVE_CONFIG_H=1 -DGRPC_ENABLE_FORK_SUPPORT=1 -DGRPC_ENABLE_FORK_SUPPORT_DEFAULT=false -DGRPC_PYTHON_BUILD=1 -D__STDC_FORMAT_MACROS "-DPyMODINIT_FUNC=extern \"C\" __attribute__((visibility (\"default\"))) PyObject*" -DGRPC_POSIX_FORK_ALLOW_PTHREAD_ATFORK=1 -Isrc/python/grpcio -Iinclude -I. -Ithird_party/abseil-cpp -Ithird_party/address_sorting/include -Ithird_party/cares/cares/include -Ithird_party/cares -Ithird_party/cares/cares -Ithird_party/cares/cares/src/lib/include -Ithird_party/cares/cares/src/lib -Ithird_party/cares/config_linux -Ithird_party/re2 -Ithird_party/boringssl-with-bazel/src/include -Ithird_party/upb -Isrc/core/ext/upb-gen -Isrc/core/ext/upbdefs-gen -Ithird_party/utf8_range -Ithird_party/xxhash -Ithird_party/zlib -I/usr/local/google/home/ssreenithi/.pyenv/versions/3.12.0/envs/pyvenv_312/include -I/usr/local/google/home/ssreenithi/.pyenv/versions/3.12.0/include/python3.12 -c third_party/abseil-cpp/absl/strings/internal/str_format/float_conversion.cc -o pyb/temp.linux-x86_64-cpython-312/third_party/abseil-cpp/absl/strings/internal/str_format/float_conversion.o -std=c++17 -fvisibility=hidden -fno-wrapv -fno-exceptions -pthread
      g++ -fno-strict-overflow -Wsign-compare -DNDEBUG -g -O3 -Wall -fPIC -D_WIN32_WINNT=1536 -DGRPC_XDS_USER_AGENT_NAME_SUFFIX=\"Python\" -DGRPC_XDS_USER_AGENT_VERSION_SUFFIX=\"1.79.0.dev0\" -DHAVE_CONFIG_H=1 -DGRPC_ENABLE_FORK_SUPPORT=1 -DGRPC_ENABLE_FORK_SUPPORT_DEFAULT=false -DGRPC_PYTHON_BUILD=1 -D__STDC_FORMAT_MACROS "-DPyMODINIT_FUNC=extern \"C\" __attribute__((visibility (\"default\"))) PyObject*" -DGRPC_POSIX_FORK_ALLOW_PTHREAD_ATFORK=1 -Isrc/python/grpcio -Iinclude -I. -Ithird_party/abseil-cpp -Ithird_party/address_sorting/include -Ithird_party/cares/cares/include -Ithird_party/cares -Ithird_party/cares/cares -Ithird_party/cares/cares/src/lib/include -Ithird_party/cares/cares/src/lib -Ithird_party/cares/config_linux -Ithird_party/re2 -Ithird_party/boringssl-with-bazel/src/include -Ithird_party/upb -Isrc/core/ext/upb-gen -Isrc/core/ext/upbdefs-gen -Ithird_party/utf8_range -Ithird_party/xxhash -Ithird_party/zlib -I/usr/local/google/home/ssreenithi/.pyenv/versions/3.12.0/envs/pyvenv_312/include -I/usr/local/google/home/ssreenithi/.pyenv/versions/3.12.0/include/python3.12 -c third_party/boringssl-with-bazel/src/crypto/cpu_arm_freebsd.cc -o pyb/temp.linux-x86_64-cpython-312/third_party/boringssl-with-bazel/src/crypto/cpu_arm_freebsd.o -std=c++17 -fvisibility=hidden -fno-wrapv -fno-exceptions -pthread
      g++ -fno-strict-overflow -Wsign-compare -DNDEBUG -g -O3 -Wall -fPIC -D_WIN32_WINNT=1536 -DGRPC_XDS_USER_AGENT_NAME_SUFFIX=\"Python\" -DGRPC_XDS_USER_AGENT_VERSION_SUFFIX=\"1.79.0.dev0\" -DHAVE_CONFIG_H=1 -DGRPC_ENABLE_FORK_SUPPORT=1 -DGRPC_ENABLE_FORK_SUPPORT_DEFAULT=false -DGRPC_PYTHON_BUILD=1 -D__STDC_FORMAT_MACROS "-DPyMODINIT_FUNC=extern \"C\" __attribute__((visibility (\"default\"))) PyObject*" -DGRPC_POSIX_FORK_ALLOW_PTHREAD_ATFORK=1 -Isrc/python/grpcio -Iinclude -I. -Ithird_party/abseil-cpp -Ithird_party/address_sorting/include -Ithird_party/cares/cares/include -Ithird_party/cares -Ithird_party/cares/cares -Ithird_party/cares/cares/src/lib/include -Ithird_party/cares/cares/src/lib -Ithird_party/cares/config_linux -Ithird_party/re2 -Ithird_party/boringssl-with-bazel/src/include -Ithird_party/upb -Isrc/core/ext/upb-gen -Isrc/core/ext/upbdefs-gen -Ithird_party/utf8_range -Ithird_party/xxhash -Ithird_party/zlib -I/usr/local/google/home/ssreenithi/.pyenv/versions/3.12.0/envs/pyvenv_312/include -I/usr/local/google/home/ssreenithi/.pyenv/versions/3.12.0/include/python3.12 -c third_party/boringssl-with-bazel/src/crypto/bytestring/asn1_compat.cc -o pyb/temp.linux-x86_64-cpython-312/third_party/boringssl-with-bazel/src/crypto/bytestring/asn1_compat.o -std=c++17 -fvisibility=hidden -fno-wrapv -fno-exceptions -pthread
      g++ -fno-strict-overflow -Wsign-compare -DNDEBUG -g -O3 -Wall -fPIC -D_WIN32_WINNT=1536 -DGRPC_XDS_USER_AGENT_NAME_SUFFIX=\"Python\" -DGRPC_XDS_USER_AGENT_VERSION_SUFFIX=\"1.79.0.dev0\" -DHAVE_CONFIG_H=1 -DGRPC_ENABLE_FORK_SUPPORT=1 -DGRPC_ENABLE_FORK_SUPPORT_DEFAULT=false -DGRPC_PYTHON_BUILD=1 -D__STDC_FORMAT_MACROS "-DPyMODINIT_FUNC=extern \"C\" __attribute__((visibility (\"default\"))) PyObject*" -DGRPC_POSIX_FORK_ALLOW_PTHREAD_ATFORK=1 -Isrc/python/grpcio -Iinclude -I. -Ithird_party/abseil-cpp -Ithird_party/address_sorting/include -Ithird_party/cares/cares/include -Ithird_party/cares -Ithird_party/cares/cares -Ithird_party/cares/cares/src/lib/include -Ithird_party/cares/cares/src/lib -Ithird_party/cares/config_linux -Ithird_party/re2 -Ithird_party/boringssl-with-bazel/src/include -Ithird_party/upb -Isrc/core/ext/upb-gen -Isrc/core/ext/upbdefs-gen -Ithird_party/utf8_range -Ithird_party/xxhash -Ithird_party/zlib -I/usr/local/google/home/ssreenithi/.pyenv/versions/3.12.0/envs/pyvenv_312/include -I/usr/local/google/home/ssreenithi/.pyenv/versions/3.12.0/include/python3.12 -c third_party/boringssl-with-bazel/src/crypto/evp/p_rsa.cc -o pyb/temp.linux-x86_64-cpython-312/third_party/boringssl-with-bazel/src/crypto/evp/p_rsa.o -std=c++17 -fvisibility=hidden -fno-wrapv -fno-exceptions -pthread
      g++ -fno-strict-overflow -Wsign-compare -DNDEBUG -g -O3 -Wall -fPIC -D_WIN32_WINNT=1536 -DGRPC_XDS_USER_AGENT_NAME_SUFFIX=\"Python\" -DGRPC_XDS_USER_AGENT_VERSION_SUFFIX=\"1.79.0.dev0\" -DHAVE_CONFIG_H=1 -DGRPC_ENABLE_FORK_SUPPORT=1 -DGRPC_ENABLE_FORK_SUPPORT_DEFAULT=false -DGRPC_PYTHON_BUILD=1 -D__STDC_FORMAT_MACROS "-DPyMODINIT_FUNC=extern \"C\" __attribute__((visibility (\"default\"))) PyObject*" -DGRPC_POSIX_FORK_ALLOW_PTHREAD_ATFORK=1 -Isrc/python/grpcio -Iinclude -I. -Ithird_party/abseil-cpp -Ithird_party/address_sorting/include -Ithird_party/cares/cares/include -Ithird_party/cares -Ithird_party/cares/cares -Ithird_party/cares/cares/src/lib/include -Ithird_party/cares/cares/src/lib -Ithird_party/cares/config_linux -Ithird_party/re2 -Ithird_party/boringssl-with-bazel/src/include -Ithird_party/upb -Isrc/core/ext/upb-gen -Isrc/core/ext/upbdefs-gen -Ithird_party/utf8_range -Ithird_party/xxhash -Ithird_party/zlib -I/usr/local/google/home/ssreenithi/.pyenv/versions/3.12.0/envs/pyvenv_312/include -I/usr/local/google/home/ssreenithi/.pyenv/versions/3.12.0/include/python3.12 -c third_party/boringssl-with-bazel/src/crypto/asn1/tasn_typ.cc -o pyb/temp.linux-x86_64-cpython-312/third_party/boringssl-with-bazel/src/crypto/asn1/tasn_typ.o -std=c++17 -fvisibility=hidden -fno-wrapv -fno-exceptions -pthread
      g++ -fno-strict-overflow -Wsign-compare -DNDEBUG -g -O3 -Wall -fPIC -D_WIN32_WINNT=1536 -DGRPC_XDS_USER_AGENT_NAME_SUFFIX=\"Python\" -DGRPC_XDS_USER_AGENT_VERSION_SUFFIX=\"1.79.0.dev0\" -DHAVE_CONFIG_H=1 -DGRPC_ENABLE_FORK_SUPPORT=1 -DGRPC_ENABLE_FORK_SUPPORT_DEFAULT=false -DGRPC_PYTHON_BUILD=1 -D__STDC_FORMAT_MACROS "-DPyMODINIT_FUNC=extern \"C\" __attribute__((visibility (\"default\"))) PyObject*" -DGRPC_POSIX_FORK_ALLOW_PTHREAD_ATFORK=1 -Isrc/python/grpcio -Iinclude -I. -Ithird_party/abseil-cpp -Ithird_party/address_sorting/include -Ithird_party/cares/cares/include -Ithird_party/cares -Ithird_party/cares/cares -Ithird_party/cares/cares/src/lib/include -Ithird_party/cares/cares/src/lib -Ithird_party/cares/config_linux -Ithird_party/re2 -Ithird_party/boringssl-with-bazel/src/include -Ithird_party/upb -Isrc/core/ext/upb-gen -Isrc/core/ext/upbdefs-gen -Ithird_party/utf8_range -Ithird_party/xxhash -Ithird_party/zlib -I/usr/local/google/home/ssreenithi/.pyenv/versions/3.12.0/envs/pyvenv_312/include -I/usr/local/google/home/ssreenithi/.pyenv/versions/3.12.0/include/python3.12 -c third_party/boringssl-with-bazel/src/crypto/bytestring/cbs.cc -o pyb/temp.linux-x86_64-cpython-312/third_party/boringssl-with-bazel/src/crypto/bytestring/cbs.o -std=c++17 -fvisibility=hidden -fno-wrapv -fno-exceptions -pthread
      g++ -fno-strict-overflow -Wsign-compare -DNDEBUG -g -O3 -Wall -fPIC -D_WIN32_WINNT=1536 -DGRPC_XDS_USER_AGENT_NAME_SUFFIX=\"Python\" -DGRPC_XDS_USER_AGENT_VERSION_SUFFIX=\"1.79.0.dev0\" -DHAVE_CONFIG_H=1 -DGRPC_ENABLE_FORK_SUPPORT=1 -DGRPC_ENABLE_FORK_SUPPORT_DEFAULT=false -DGRPC_PYTHON_BUILD=1 -D__STDC_FORMAT_MACROS "-DPyMODINIT_FUNC=extern \"C\" __attribute__((visibility (\"default\"))) PyObject*" -DGRPC_POSIX_FORK_ALLOW_PTHREAD_ATFORK=1 -Isrc/python/grpcio -Iinclude -I. -Ithird_party/abseil-cpp -Ithird_party/address_sorting/include -Ithird_party/cares/cares/include -Ithird_party/cares -Ithird_party/cares/cares -Ithird_party/cares/cares/src/lib/include -Ithird_party/cares/cares/src/lib -Ithird_party/cares/config_linux -Ithird_party/re2 -Ithird_party/boringssl-with-bazel/src/include -Ithird_party/upb -Isrc/core/ext/upb-gen -Isrc/core/ext/upbdefs-gen -Ithird_party/utf8_range -Ithird_party/xxhash -Ithird_party/zlib -I/usr/local/google/home/ssreenithi/.pyenv/versions/3.12.0/envs/pyvenv_312/include -I/usr/local/google/home/ssreenithi/.pyenv/versions/3.12.0/include/python3.12 -c third_party/boringssl-with-bazel/src/crypto/cipher/e_des.cc -o pyb/temp.linux-x86_64-cpython-312/third_party/boringssl-with-bazel/src/crypto/cipher/e_des.o -std=c++17 -fvisibility=hidden -fno-wrapv -fno-exceptions -pthread
      g++ -fno-strict-overflow -Wsign-compare -DNDEBUG -g -O3 -Wall -fPIC -D_WIN32_WINNT=1536 -DGRPC_XDS_USER_AGENT_NAME_SUFFIX=\"Python\" -DGRPC_XDS_USER_AGENT_VERSION_SUFFIX=\"1.79.0.dev0\" -DHAVE_CONFIG_H=1 -DGRPC_ENABLE_FORK_SUPPORT=1 -DGRPC_ENABLE_FORK_SUPPORT_DEFAULT=false -DGRPC_PYTHON_BUILD=1 -D__STDC_FORMAT_MACROS "-DPyMODINIT_FUNC=extern \"C\" __attribute__((visibility (\"default\"))) PyObject*" -DGRPC_POSIX_FORK_ALLOW_PTHREAD_ATFORK=1 -Isrc/python/grpcio -Iinclude -I. -Ithird_party/abseil-cpp -Ithird_party/address_sorting/include -Ithird_party/cares/cares/include -Ithird_party/cares -Ithird_party/cares/cares -Ithird_party/cares/cares/src/lib/include -Ithird_party/cares/cares/src/lib -Ithird_party/cares/config_linux -Ithird_party/re2 -Ithird_party/boringssl-with-bazel/src/include -Ithird_party/upb -Isrc/core/ext/upb-gen -Isrc/core/ext/upbdefs-gen -Ithird_party/utf8_range -Ithird_party/xxhash -Ithird_party/zlib -I/usr/local/google/home/ssreenithi/.pyenv/versions/3.12.0/envs/pyvenv_312/include -I/usr/local/google/home/ssreenithi/.pyenv/versions/3.12.0/include/python3.12 -c third_party/boringssl-with-bazel/src/crypto/evp/sign.cc -o pyb/temp.linux-x86_64-cpython-312/third_party/boringssl-with-bazel/src/crypto/evp/sign.o -std=c++17 -fvisibility=hidden -fno-wrapv -fno-exceptions -pthread
      g++ -fno-strict-overflow -Wsign-compare -DNDEBUG -g -O3 -Wall -fPIC -D_WIN32_WINNT=1536 -DGRPC_XDS_USER_AGENT_NAME_SUFFIX=\"Python\" -DGRPC_XDS_USER_AGENT_VERSION_SUFFIX=\"1.79.0.dev0\" -DHAVE_CONFIG_H=1 -DGRPC_ENABLE_FORK_SUPPORT=1 -DGRPC_ENABLE_FORK_SUPPORT_DEFAULT=false -DGRPC_PYTHON_BUILD=1 -D__STDC_FORMAT_MACROS "-DPyMODINIT_FUNC=extern \"C\" __attribute__((visibility (\"default\"))) PyObject*" -DGRPC_POSIX_FORK_ALLOW_PTHREAD_ATFORK=1 -Isrc/python/grpcio -Iinclude -I. -Ithird_party/abseil-cpp -Ithird_party/address_sorting/include -Ithird_party/cares/cares/include -Ithird_party/cares -Ithird_party/cares/cares -Ithird_party/cares/cares/src/lib/include -Ithird_party/cares/cares/src/lib -Ithird_party/cares/config_linux -Ithird_party/re2 -Ithird_party/boringssl-with-bazel/src/include -Ithird_party/upb -Isrc/core/ext/upb-gen -Isrc/core/ext/upbdefs-gen -Ithird_party/utf8_range -Ithird_party/xxhash -Ithird_party/zlib -I/usr/local/google/home/ssreenithi/.pyenv/versions/3.12.0/envs/pyvenv_312/include -I/usr/local/google/home/ssreenithi/.pyenv/versions/3.12.0/include/python3.12 -c src/core/xds/grpc/xds_endpoint.cc -o pyb/temp.linux-x86_64-cpython-312/src/core/xds/grpc/xds_endpoint.o -std=c++17 -fvisibility=hidden -fno-wrapv -fno-exceptions -pthread
      g++ -fno-strict-overflow -Wsign-compare -DNDEBUG -g -O3 -Wall -fPIC -D_WIN32_WINNT=1536 -DGRPC_XDS_USER_AGENT_NAME_SUFFIX=\"Python\" -DGRPC_XDS_USER_AGENT_VERSION_SUFFIX=\"1.79.0.dev0\" -DHAVE_CONFIG_H=1 -DGRPC_ENABLE_FORK_SUPPORT=1 -DGRPC_ENABLE_FORK_SUPPORT_DEFAULT=false -DGRPC_PYTHON_BUILD=1 -D__STDC_FORMAT_MACROS "-DPyMODINIT_FUNC=extern \"C\" __attribute__((visibility (\"default\"))) PyObject*" -DGRPC_POSIX_FORK_ALLOW_PTHREAD_ATFORK=1 -Isrc/python/grpcio -Iinclude -I. -Ithird_party/abseil-cpp -Ithird_party/address_sorting/include -Ithird_party/cares/cares/include -Ithird_party/cares -Ithird_party/cares/cares -Ithird_party/cares/cares/src/lib/include -Ithird_party/cares/cares/src/lib -Ithird_party/cares/config_linux -Ithird_party/re2 -Ithird_party/boringssl-with-bazel/src/include -Ithird_party/upb -Isrc/core/ext/upb-gen -Isrc/core/ext/upbdefs-gen -Ithird_party/utf8_range -Ithird_party/xxhash -Ithird_party/zlib -I/usr/local/google/home/ssreenithi/.pyenv/versions/3.12.0/envs/pyvenv_312/include -I/usr/local/google/home/ssreenithi/.pyenv/versions/3.12.0/include/python3.12 -c third_party/abseil-cpp/absl/synchronization/internal/waiter_base.cc -o pyb/temp.linux-x86_64-cpython-312/third_party/abseil-cpp/absl/synchronization/internal/waiter_base.o -std=c++17 -fvisibility=hidden -fno-wrapv -fno-exceptions -pthread
      g++ -fno-strict-overflow -Wsign-compare -DNDEBUG -g -O3 -Wall -fPIC -D_WIN32_WINNT=1536 -DGRPC_XDS_USER_AGENT_NAME_SUFFIX=\"Python\" -DGRPC_XDS_USER_AGENT_VERSION_SUFFIX=\"1.79.0.dev0\" -DHAVE_CONFIG_H=1 -DGRPC_ENABLE_FORK_SUPPORT=1 -DGRPC_ENABLE_FORK_SUPPORT_DEFAULT=false -DGRPC_PYTHON_BUILD=1 -D__STDC_FORMAT_MACROS "-DPyMODINIT_FUNC=extern \"C\" __attribute__((visibility (\"default\"))) PyObject*" -DGRPC_POSIX_FORK_ALLOW_PTHREAD_ATFORK=1 -Isrc/python/grpcio -Iinclude -I. -Ithird_party/abseil-cpp -Ithird_party/address_sorting/include -Ithird_party/cares/cares/include -Ithird_party/cares -Ithird_party/cares/cares -Ithird_party/cares/cares/src/lib/include -Ithird_party/cares/cares/src/lib -Ithird_party/cares/config_linux -Ithird_party/re2 -Ithird_party/boringssl-with-bazel/src/include -Ithird_party/upb -Isrc/core/ext/upb-gen -Isrc/core/ext/upbdefs-gen -Ithird_party/utf8_range -Ithird_party/xxhash -Ithird_party/zlib -I/usr/local/google/home/ssreenithi/.pyenv/versions/3.12.0/envs/pyvenv_312/include -I/usr/local/google/home/ssreenithi/.pyenv/versions/3.12.0/include/python3.12 -c third_party/abseil-cpp/absl/time/duration.cc -o pyb/temp.linux-x86_64-cpython-312/third_party/abseil-cpp/absl/time/duration.o -std=c++17 -fvisibility=hidden -fno-wrapv -fno-exceptions -pthread
      g++ -fno-strict-overflow -Wsign-compare -DNDEBUG -g -O3 -Wall -fPIC -D_WIN32_WINNT=1536 -DGRPC_XDS_USER_AGENT_NAME_SUFFIX=\"Python\" -DGRPC_XDS_USER_AGENT_VERSION_SUFFIX=\"1.79.0.dev0\" -DHAVE_CONFIG_H=1 -DGRPC_ENABLE_FORK_SUPPORT=1 -DGRPC_ENABLE_FORK_SUPPORT_DEFAULT=false -DGRPC_PYTHON_BUILD=1 -D__STDC_FORMAT_MACROS "-DPyMODINIT_FUNC=extern \"C\" __attribute__((visibility (\"default\"))) PyObject*" -DGRPC_POSIX_FORK_ALLOW_PTHREAD_ATFORK=1 -Isrc/python/grpcio -Iinclude -I. -Ithird_party/abseil-cpp -Ithird_party/address_sorting/include -Ithird_party/cares/cares/include -Ithird_party/cares -Ithird_party/cares/cares -Ithird_party/cares/cares/src/lib/include -Ithird_party/cares/cares/src/lib -Ithird_party/cares/config_linux -Ithird_party/re2 -Ithird_party/boringssl-with-bazel/src/include -Ithird_party/upb -Isrc/core/ext/upb-gen -Isrc/core/ext/upbdefs-gen -Ithird_party/utf8_range -Ithird_party/xxhash -Ithird_party/zlib -I/usr/local/google/home/ssreenithi/.pyenv/versions/3.12.0/envs/pyvenv_312/include -I/usr/local/google/home/ssreenithi/.pyenv/versions/3.12.0/include/python3.12 -c third_party/abseil-cpp/absl/time/internal/cctz/src/time_zone_impl.cc -o pyb/temp.linux-x86_64-cpython-312/third_party/abseil-cpp/absl/time/internal/cctz/src/time_zone_impl.o -std=c++17 -fvisibility=hidden -fno-wrapv -fno-exceptions -pthread
      g++ -fno-strict-overflow -Wsign-compare -DNDEBUG -g -O3 -Wall -fPIC -D_WIN32_WINNT=1536 -DGRPC_XDS_USER_AGENT_NAME_SUFFIX=\"Python\" -DGRPC_XDS_USER_AGENT_VERSION_SUFFIX=\"1.79.0.dev0\" -DHAVE_CONFIG_H=1 -DGRPC_ENABLE_FORK_SUPPORT=1 -DGRPC_ENABLE_FORK_SUPPORT_DEFAULT=false -DGRPC_PYTHON_BUILD=1 -D__STDC_FORMAT_MACROS "-DPyMODINIT_FUNC=extern \"C\" __attribute__((visibility (\"default\"))) PyObject*" -DGRPC_POSIX_FORK_ALLOW_PTHREAD_ATFORK=1 -Isrc/python/grpcio -Iinclude -I. -Ithird_party/abseil-cpp -Ithird_party/address_sorting/include -Ithird_party/cares/cares/include -Ithird_party/cares -Ithird_party/cares/cares -Ithird_party/cares/cares/src/lib/include -Ithird_party/cares/cares/src/lib -Ithird_party/cares/config_linux -Ithird_party/re2 -Ithird_party/boringssl-with-bazel/src/include -Ithird_party/upb -Isrc/core/ext/upb-gen -Isrc/core/ext/upbdefs-gen -Ithird_party/utf8_range -Ithird_party/xxhash -Ithird_party/zlib -I/usr/local/google/home/ssreenithi/.pyenv/versions/3.12.0/envs/pyvenv_312/include -I/usr/local/google/home/ssreenithi/.pyenv/versions/3.12.0/include/python3.12 -c third_party/boringssl-with-bazel/src/crypto/evp/p_dsa_asn1.cc -o pyb/temp.linux-x86_64-cpython-312/third_party/boringssl-with-bazel/src/crypto/evp/p_dsa_asn1.o -std=c++17 -fvisibility=hidden -fno-wrapv -fno-exceptions -pthread
      g++ -fno-strict-overflow -Wsign-compare -DNDEBUG -g -O3 -Wall -fPIC -D_WIN32_WINNT=1536 -DGRPC_XDS_USER_AGENT_NAME_SUFFIX=\"Python\" -DGRPC_XDS_USER_AGENT_VERSION_SUFFIX=\"1.79.0.dev0\" -DHAVE_CONFIG_H=1 -DGRPC_ENABLE_FORK_SUPPORT=1 -DGRPC_ENABLE_FORK_SUPPORT_DEFAULT=false -DGRPC_PYTHON_BUILD=1 -D__STDC_FORMAT_MACROS "-DPyMODINIT_FUNC=extern \"C\" __attribute__((visibility (\"default\"))) PyObject*" -DGRPC_POSIX_FORK_ALLOW_PTHREAD_ATFORK=1 -Isrc/python/grpcio -Iinclude -I. -Ithird_party/abseil-cpp -Ithird_party/address_sorting/include -Ithird_party/cares/cares/include -Ithird_party/cares -Ithird_party/cares/cares -Ithird_party/cares/cares/src/lib/include -Ithird_party/cares/cares/src/lib -Ithird_party/cares/config_linux -Ithird_party/re2 -Ithird_party/boringssl-with-bazel/src/include -Ithird_party/upb -Isrc/core/ext/upb-gen -Isrc/core/ext/upbdefs-gen -Ithird_party/utf8_range -Ithird_party/xxhash -Ithird_party/zlib -I/usr/local/google/home/ssreenithi/.pyenv/versions/3.12.0/envs/pyvenv_312/include -I/usr/local/google/home/ssreenithi/.pyenv/versions/3.12.0/include/python3.12 -c src/core/lib/surface/channel_create.cc -o pyb/temp.linux-x86_64-cpython-312/src/core/lib/surface/channel_create.o -std=c++17 -fvisibility=hidden -fno-wrapv -fno-exceptions -pthread
      g++ -fno-strict-overflow -Wsign-compare -DNDEBUG -g -O3 -Wall -fPIC -D_WIN32_WINNT=1536 -DGRPC_XDS_USER_AGENT_NAME_SUFFIX=\"Python\" -DGRPC_XDS_USER_AGENT_VERSION_SUFFIX=\"1.79.0.dev0\" -DHAVE_CONFIG_H=1 -DGRPC_ENABLE_FORK_SUPPORT=1 -DGRPC_ENABLE_FORK_SUPPORT_DEFAULT=false -DGRPC_PYTHON_BUILD=1 -D__STDC_FORMAT_MACROS "-DPyMODINIT_FUNC=extern \"C\" __attribute__((visibility (\"default\"))) PyObject*" -DGRPC_POSIX_FORK_ALLOW_PTHREAD_ATFORK=1 -Isrc/python/grpcio -Iinclude -I. -Ithird_party/abseil-cpp -Ithird_party/address_sorting/include -Ithird_party/cares/cares/include -Ithird_party/cares -Ithird_party/cares/cares -Ithird_party/cares/cares/src/lib/include -Ithird_party/cares/cares/src/lib -Ithird_party/cares/config_linux -Ithird_party/re2 -Ithird_party/boringssl-with-bazel/src/include -Ithird_party/upb -Isrc/core/ext/upb-gen -Isrc/core/ext/upbdefs-gen -Ithird_party/utf8_range -Ithird_party/xxhash -Ithird_party/zlib -I/usr/local/google/home/ssreenithi/.pyenv/versions/3.12.0/envs/pyvenv_312/include -I/usr/local/google/home/ssreenithi/.pyenv/versions/3.12.0/include/python3.12 -c third_party/boringssl-with-bazel/src/crypto/cpu_arm_linux.cc -o pyb/temp.linux-x86_64-cpython-312/third_party/boringssl-with-bazel/src/crypto/cpu_arm_linux.o -std=c++17 -fvisibility=hidden -fno-wrapv -fno-exceptions -pthread
      g++ -fno-strict-overflow -Wsign-compare -DNDEBUG -g -O3 -Wall -fPIC -D_WIN32_WINNT=1536 -DGRPC_XDS_USER_AGENT_NAME_SUFFIX=\"Python\" -DGRPC_XDS_USER_AGENT_VERSION_SUFFIX=\"1.79.0.dev0\" -DHAVE_CONFIG_H=1 -DGRPC_ENABLE_FORK_SUPPORT=1 -DGRPC_ENABLE_FORK_SUPPORT_DEFAULT=false -DGRPC_PYTHON_BUILD=1 -D__STDC_FORMAT_MACROS "-DPyMODINIT_FUNC=extern \"C\" __attribute__((visibility (\"default\"))) PyObject*" -DGRPC_POSIX_FORK_ALLOW_PTHREAD_ATFORK=1 -Isrc/python/grpcio -Iinclude -I. -Ithird_party/abseil-cpp -Ithird_party/address_sorting/include -Ithird_party/cares/cares/include -Ithird_party/cares -Ithird_party/cares/cares -Ithird_party/cares/cares/src/lib/include -Ithird_party/cares/cares/src/lib -Ithird_party/cares/config_linux -Ithird_party/re2 -Ithird_party/boringssl-with-bazel/src/include -Ithird_party/upb -Isrc/core/ext/upb-gen -Isrc/core/ext/upbdefs-gen -Ithird_party/utf8_range -Ithird_party/xxhash -Ithird_party/zlib -I/usr/local/google/home/ssreenithi/.pyenv/versions/3.12.0/envs/pyvenv_312/include -I/usr/local/google/home/ssreenithi/.pyenv/versions/3.12.0/include/python3.12 -c third_party/boringssl-with-bazel/src/crypto/bio/file.cc -o pyb/temp.linux-x86_64-cpython-312/third_party/boringssl-with-bazel/src/crypto/bio/file.o -std=c++17 -fvisibility=hidden -fno-wrapv -fno-exceptions -pthread
      In file included from ./src/core/lib/promise/activity.h:30,
                       from ./src/core/call/call_state.h:23,
                       from ./src/core/call/call_filters.h:26,
                       from ./src/core/lib/surface/channel_init.h:31,
                       from ./src/core/config/core_configuration.h:29,
                       from src/core/filter/fused_filters.cc:22:
      ./src/core/lib/promise/detail/promise_factory.h:131:5: warning: ‘always_inline’ function might not be inlinable unless also declared ‘inline’ [-Wattributes]
        131 |     PromiseFactoryImpl(Token, F&& f, A&& arg) {
            |     ^~~~~~~~~~~~~~~~~~
      ./src/core/lib/promise/detail/promise_factory.h:131:5: warning: ‘always_inline’ function might not be inlinable unless also declared ‘inline’ [-Wattributes]
      ./src/core/lib/promise/detail/promise_factory.h:131:5: warning: ‘always_inline’ function might not be inlinable unless also declared ‘inline’ [-Wattributes]
      ./src/core/lib/promise/detail/promise_factory.h:131:5: warning: ‘always_inline’ function might not be inlinable unless also declared ‘inline’ [-Wattributes]
      ./src/core/lib/promise/detail/promise_factory.h:131:5: warning: ‘always_inline’ function might not be inlinable unless also declared ‘inline’ [-Wattributes]
      ./src/core/lib/promise/detail/promise_factory.h:131:5: warning: ‘always_inline’ function might not be inlinable unless also declared ‘inline’ [-Wattributes]
      ./src/core/lib/promise/detail/promise_factory.h:131:5: warning: ‘always_inline’ function might not be inlinable unless also declared ‘inline’ [-Wattributes]
      ./src/core/lib/promise/detail/promise_factory.h:131:5: warning: ‘always_inline’ function might not be inlinable unless also declared ‘inline’ [-Wattributes]
      ./src/core/lib/promise/detail/promise_factory.h:131:5: warning: ‘always_inline’ function might not be inlinable unless also declared ‘inline’ [-Wattributes]
      ./src/core/lib/promise/detail/promise_factory.h:131:5: warning: ‘always_inline’ function might not be inlinable unless also declared ‘inline’ [-Wattributes]
      ./src/core/lib/promise/detail/promise_factory.h:131:5: warning: ‘always_inline’ function might not be inlinable unless also declared ‘inline’ [-Wattributes]
      ./src/core/lib/promise/detail/promise_factory.h:131:5: warning: ‘always_inline’ function might not be inlinable unless also declared ‘inline’ [-Wattributes]
      ./src/core/lib/promise/detail/promise_factory.h:131:5: warning: ‘always_inline’ function might not be inlinable unless also declared ‘inline’ [-Wattributes]
      ./src/core/lib/promise/detail/promise_factory.h:131:5: warning: ‘always_inline’ function might not be inlinable unless also declared ‘inline’ [-Wattributes]
      ./src/core/lib/promise/detail/promise_factory.h:210:5: warning: ‘always_inline’ function might not be inlinable unless also declared ‘inline’ [-Wattributes]
        210 |     PromiseFactoryImpl(Token, F&& f) {
            |     ^~~~~~~~~~~~~~~~~~
      ./src/core/lib/promise/detail/promise_factory.h:210:5: warning: ‘always_inline’ function might not be inlinable unless also declared ‘inline’ [-Wattributes]
      ./src/core/lib/promise/detail/promise_factory.h:210:5: warning: ‘always_inline’ function might not be inlinable unless also declared ‘inline’ [-Wattributes]
      ./src/core/lib/promise/detail/promise_factory.h:210:5: warning: ‘always_inline’ function might not be inlinable unless also declared ‘inline’ [-Wattributes]
      In file included from ./src/core/call/metadata.h:21,
                       from ./src/core/call/call_filters.h:28:
      ./src/core/lib/promise/try_seq.h:342:5: warning: ‘always_inline’ function might not be inlinable unless also declared ‘inline’ [-Wattributes]
        342 |     TrySeq(F0 f0, F1 f1, F2 f2, F3 f3, F4 f4, F5 f5,
            |     ^~~~~~
      ./src/core/lib/promise/try_seq.h:342:5: warning: ‘always_inline’ function might not be inlinable unless also declared ‘inline’ [-Wattributes]
      ./src/core/lib/promise/try_seq.h:342:5: warning: ‘always_inline’ function might not be inlinable unless also declared ‘inline’ [-Wattributes]
      ./src/core/lib/promise/try_seq.h:342:5: warning: ‘always_inline’ function might not be inlinable unless also declared ‘inline’ [-Wattributes]
      ./src/core/lib/promise/try_seq.h:342:5: warning: ‘always_inline’ function might not be inlinable unless also declared ‘inline’ [-Wattributes]
      ./src/core/lib/promise/try_seq.h:342:5: warning: ‘always_inline’ function might not be inlinable unless also declared ‘inline’ [-Wattributes]
      ./src/core/lib/promise/try_seq.h:342:5: warning: ‘always_inline’ function might not be inlinable unless also declared ‘inline’ [-Wattributes]
      ./src/core/lib/promise/try_seq.h:342:5: warning: ‘always_inline’ function might not be inlinable unless also declared ‘inline’ [-Wattributes]
      ./src/core/lib/promise/try_seq.h:342:5: warning: ‘always_inline’ function might not be inlinable unless also declared ‘inline’ [-Wattributes]
      ./src/core/lib/promise/try_seq.h:342:5: warning: ‘always_inline’ function might not be inlinable unless also declared ‘inline’ [-Wattributes]
      ./src/core/lib/promise/try_seq.h:342:5: warning: ‘always_inline’ function might not be inlinable unless also declared ‘inline’ [-Wattributes]
      ./src/core/lib/promise/try_seq.h:342:5: warning: ‘always_inline’ function might not be inlinable unless also declared ‘inline’ [-Wattributes]
      ./src/core/lib/promise/detail/promise_factory.h:210:5: warning: ‘always_inline’ function might not be inlinable unless also declared ‘inline’ [-Wattributes]
        210 |     PromiseFactoryImpl(Token, F&& f) {
            |     ^~~~~~~~~~~~~~~~~~
      ./src/core/lib/promise/detail/promise_factory.h:210:5: warning: ‘always_inline’ function might not be inlinable unless also declared ‘inline’ [-Wattributes]
      ./src/core/lib/promise/detail/promise_factory.h:210:5: warning: ‘always_inline’ function might not be inlinable unless also declared ‘inline’ [-Wattributes]
      ./src/core/lib/promise/detail/promise_factory.h:210:5: warning: ‘always_inline’ function might not be inlinable unless also declared ‘inline’ [-Wattributes]
      ./src/core/lib/promise/detail/promise_factory.h:210:5: warning: ‘always_inline’ function might not be inlinable unless also declared ‘inline’ [-Wattributes]
      ./src/core/lib/promise/detail/promise_factory.h:210:5: warning: ‘always_inline’ function might not be inlinable unless also declared ‘inline’ [-Wattributes]
      ./src/core/lib/promise/detail/promise_factory.h:210:5: warning: ‘always_inline’ function might not be inlinable unless also declared ‘inline’ [-Wattributes]
      ./src/core/lib/promise/detail/promise_factory.h:210:5: warning: ‘always_inline’ function might not be inlinable unless also declared ‘inline’ [-Wattributes]
      ./src/core/lib/promise/detail/promise_factory.h:210:5: warning: ‘always_inline’ function might not be inlinable unless also declared ‘inline’ [-Wattributes]
      ./src/core/lib/promise/detail/promise_factory.h:210:5: warning: ‘always_inline’ function might not be inlinable unless also declared ‘inline’ [-Wattributes]
      ./src/core/lib/promise/detail/promise_factory.h:210:5: warning: ‘always_inline’ function might not be inlinable unless also declared ‘inline’ [-Wattributes]
      ./src/core/lib/promise/detail/promise_factory.h:210:5: warning: ‘always_inline’ function might not be inlinable unless also declared ‘inline’ [-Wattributes]
      g++ -fno-strict-overflow -Wsign-compare -DNDEBUG -g -O3 -Wall -fPIC -D_WIN32_WINNT=1536 -DGRPC_XDS_USER_AGENT_NAME_SUFFIX=\"Python\" -DGRPC_XDS_USER_AGENT_VERSION_SUFFIX=\"1.79.0.dev0\" -DHAVE_CONFIG_H=1 -DGRPC_ENABLE_FORK_SUPPORT=1 -DGRPC_ENABLE_FORK_SUPPORT_DEFAULT=false -DGRPC_PYTHON_BUILD=1 -D__STDC_FORMAT_MACROS "-DPyMODINIT_FUNC=extern \"C\" __attribute__((visibility (\"default\"))) PyObject*" -DGRPC_POSIX_FORK_ALLOW_PTHREAD_ATFORK=1 -Isrc/python/grpcio -Iinclude -I. -Ithird_party/abseil-cpp -Ithird_party/address_sorting/include -Ithird_party/cares/cares/include -Ithird_party/cares -Ithird_party/cares/cares -Ithird_party/cares/cares/src/lib/include -Ithird_party/cares/cares/src/lib -Ithird_party/cares/config_linux -Ithird_party/re2 -Ithird_party/boringssl-with-bazel/src/include -Ithird_party/upb -Isrc/core/ext/upb-gen -Isrc/core/ext/upbdefs-gen -Ithird_party/utf8_range -Ithird_party/xxhash -Ithird_party/zlib -I/usr/local/google/home/ssreenithi/.pyenv/versions/3.12.0/envs/pyvenv_312/include -I/usr/local/google/home/ssreenithi/.pyenv/versions/3.12.0/include/python3.12 -c third_party/boringssl-with-bazel/src/crypto/engine/engine.cc -o pyb/temp.linux-x86_64-cpython-312/third_party/boringssl-with-bazel/src/crypto/engine/engine.o -std=c++17 -fvisibility=hidden -fno-wrapv -fno-exceptions -pthread
      g++ -fno-strict-overflow -Wsign-compare -DNDEBUG -g -O3 -Wall -fPIC -D_WIN32_WINNT=1536 -DGRPC_XDS_USER_AGENT_NAME_SUFFIX=\"Python\" -DGRPC_XDS_USER_AGENT_VERSION_SUFFIX=\"1.79.0.dev0\" -DHAVE_CONFIG_H=1 -DGRPC_ENABLE_FORK_SUPPORT=1 -DGRPC_ENABLE_FORK_SUPPORT_DEFAULT=false -DGRPC_PYTHON_BUILD=1 -D__STDC_FORMAT_MACROS "-DPyMODINIT_FUNC=extern \"C\" __attribute__((visibility (\"default\"))) PyObject*" -DGRPC_POSIX_FORK_ALLOW_PTHREAD_ATFORK=1 -Isrc/python/grpcio -Iinclude -I. -Ithird_party/abseil-cpp -Ithird_party/address_sorting/include -Ithird_party/cares/cares/include -Ithird_party/cares -Ithird_party/cares/cares -Ithird_party/cares/cares/src/lib/include -Ithird_party/cares/cares/src/lib -Ithird_party/cares/config_linux -Ithird_party/re2 -Ithird_party/boringssl-with-bazel/src/include -Ithird_party/upb -Isrc/core/ext/upb-gen -Isrc/core/ext/upbdefs-gen -Ithird_party/utf8_range -Ithird_party/xxhash -Ithird_party/zlib -I/usr/local/google/home/ssreenithi/.pyenv/versions/3.12.0/envs/pyvenv_312/include -I/usr/local/google/home/ssreenithi/.pyenv/versions/3.12.0/include/python3.12 -c third_party/boringssl-with-bazel/src/crypto/bytestring/ber.cc -o pyb/temp.linux-x86_64-cpython-312/third_party/boringssl-with-bazel/src/crypto/bytestring/ber.o -std=c++17 -fvisibility=hidden -fno-wrapv -fno-exceptions -pthread
      g++ -fno-strict-overflow -Wsign-compare -DNDEBUG -g -O3 -Wall -fPIC -D_WIN32_WINNT=1536 -DGRPC_XDS_USER_AGENT_NAME_SUFFIX=\"Python\" -DGRPC_XDS_USER_AGENT_VERSION_SUFFIX=\"1.79.0.dev0\" -DHAVE_CONFIG_H=1 -DGRPC_ENABLE_FORK_SUPPORT=1 -DGRPC_ENABLE_FORK_SUPPORT_DEFAULT=false -DGRPC_PYTHON_BUILD=1 -D__STDC_FORMAT_MACROS "-DPyMODINIT_FUNC=extern \"C\" __attribute__((visibility (\"default\"))) PyObject*" -DGRPC_POSIX_FORK_ALLOW_PTHREAD_ATFORK=1 -Isrc/python/grpcio -Iinclude -I. -Ithird_party/abseil-cpp -Ithird_party/address_sorting/include -Ithird_party/cares/cares/include -Ithird_party/cares -Ithird_party/cares/cares -Ithird_party/cares/cares/src/lib/include -Ithird_party/cares/cares/src/lib -Ithird_party/cares/config_linux -Ithird_party/re2 -Ithird_party/boringssl-with-bazel/src/include -Ithird_party/upb -Isrc/core/ext/upb-gen -Isrc/core/ext/upbdefs-gen -Ithird_party/utf8_range -Ithird_party/xxhash -Ithird_party/zlib -I/usr/local/google/home/ssreenithi/.pyenv/versions/3.12.0/envs/pyvenv_312/include -I/usr/local/google/home/ssreenithi/.pyenv/versions/3.12.0/include/python3.12 -c third_party/boringssl-with-bazel/src/crypto/asn1/tasn_utl.cc -o pyb/temp.linux-x86_64-cpython-312/third_party/boringssl-with-bazel/src/crypto/asn1/tasn_utl.o -std=c++17 -fvisibility=hidden -fno-wrapv -fno-exceptions -pthread
      g++ -fno-strict-overflow -Wsign-compare -DNDEBUG -g -O3 -Wall -fPIC -D_WIN32_WINNT=1536 -DGRPC_XDS_USER_AGENT_NAME_SUFFIX=\"Python\" -DGRPC_XDS_USER_AGENT_VERSION_SUFFIX=\"1.79.0.dev0\" -DHAVE_CONFIG_H=1 -DGRPC_ENABLE_FORK_SUPPORT=1 -DGRPC_ENABLE_FORK_SUPPORT_DEFAULT=false -DGRPC_PYTHON_BUILD=1 -D__STDC_FORMAT_MACROS "-DPyMODINIT_FUNC=extern \"C\" __attribute__((visibility (\"default\"))) PyObject*" -DGRPC_POSIX_FORK_ALLOW_PTHREAD_ATFORK=1 -Isrc/python/grpcio -Iinclude -I. -Ithird_party/abseil-cpp -Ithird_party/address_sorting/include -Ithird_party/cares/cares/include -Ithird_party/cares -Ithird_party/cares/cares -Ithird_party/cares/cares/src/lib/include -Ithird_party/cares/cares/src/lib -Ithird_party/cares/config_linux -Ithird_party/re2 -Ithird_party/boringssl-with-bazel/src/include -Ithird_party/upb -Isrc/core/ext/upb-gen -Isrc/core/ext/upbdefs-gen -Ithird_party/utf8_range -Ithird_party/xxhash -Ithird_party/zlib -I/usr/local/google/home/ssreenithi/.pyenv/versions/3.12.0/envs/pyvenv_312/include -I/usr/local/google/home/ssreenithi/.pyenv/versions/3.12.0/include/python3.12 -c third_party/boringssl-with-bazel/src/crypto/cipher/e_null.cc -o pyb/temp.linux-x86_64-cpython-312/third_party/boringssl-with-bazel/src/crypto/cipher/e_null.o -std=c++17 -fvisibility=hidden -fno-wrapv -fno-exceptions -pthread
      g++ -fno-strict-overflow -Wsign-compare -DNDEBUG -g -O3 -Wall -fPIC -D_WIN32_WINNT=1536 -DGRPC_XDS_USER_AGENT_NAME_SUFFIX=\"Python\" -DGRPC_XDS_USER_AGENT_VERSION_SUFFIX=\"1.79.0.dev0\" -DHAVE_CONFIG_H=1 -DGRPC_ENABLE_FORK_SUPPORT=1 -DGRPC_ENABLE_FORK_SUPPORT_DEFAULT=false -DGRPC_PYTHON_BUILD=1 -D__STDC_FORMAT_MACROS "-DPyMODINIT_FUNC=extern \"C\" __attribute__((visibility (\"default\"))) PyObject*" -DGRPC_POSIX_FORK_ALLOW_PTHREAD_ATFORK=1 -Isrc/python/grpcio -Iinclude -I. -Ithird_party/abseil-cpp -Ithird_party/address_sorting/include -Ithird_party/cares/cares/include -Ithird_party/cares -Ithird_party/cares/cares -Ithird_party/cares/cares/src/lib/include -Ithird_party/cares/cares/src/lib -Ithird_party/cares/config_linux -Ithird_party/re2 -Ithird_party/boringssl-with-bazel/src/include -Ithird_party/upb -Isrc/core/ext/upb-gen -Isrc/core/ext/upbdefs-gen -Ithird_party/utf8_range -Ithird_party/xxhash -Ithird_party/zlib -I/usr/local/google/home/ssreenithi/.pyenv/versions/3.12.0/envs/pyvenv_312/include -I/usr/local/google/home/ssreenithi/.pyenv/versions/3.12.0/include/python3.12 -c third_party/boringssl-with-bazel/src/crypto/conf/conf.cc -o pyb/temp.linux-x86_64-cpython-312/third_party/boringssl-with-bazel/src/crypto/conf/conf.o -std=c++17 -fvisibility=hidden -fno-wrapv -fno-exceptions -pthread
      In file included from ./src/core/lib/promise/activity.h:30,
                       from ./src/core/lib/resource_quota/memory_quota.h:39,
                       from ./src/core/lib/resource_quota/arena.h:39,
                       from ./src/core/util/chunked_vector.h:24,
                       from ./src/core/call/metadata_batch.h:41,
                       from ./src/core/client_channel/subchannel.h:29,
                       from src/core/client_channel/global_subchannel_pool.cc:25:
      ./src/core/lib/promise/detail/promise_factory.h:210:5: warning: ‘always_inline’ function might not be inlinable unless also declared ‘inline’ [-Wattributes]
        210 |     PromiseFactoryImpl(Token, F&& f) {
            |     ^~~~~~~~~~~~~~~~~~
      ./src/core/lib/promise/detail/promise_factory.h:210:5: warning: ‘always_inline’ function might not be inlinable unless also declared ‘inline’ [-Wattributes]
      ./src/core/lib/promise/detail/promise_factory.h:210:5: warning: ‘always_inline’ function might not be inlinable unless also declared ‘inline’ [-Wattributes]
      ./src/core/lib/promise/detail/promise_factory.h:210:5: warning: ‘always_inline’ function might not be inlinable unless also declared ‘inline’ [-Wattributes]
      ./src/core/lib/promise/detail/promise_factory.h:210:5: warning: ‘always_inline’ function might not be inlinable unless also declared ‘inline’ [-Wattributes]
      ./src/core/lib/promise/detail/promise_factory.h:210:5: warning: ‘always_inline’ function might not be inlinable unless also declared ‘inline’ [-Wattributes]
      ./src/core/lib/promise/detail/promise_factory.h:210:5: warning: ‘always_inline’ function might not be inlinable unless also declared ‘inline’ [-Wattributes]
      g++ -fno-strict-overflow -Wsign-compare -DNDEBUG -g -O3 -Wall -fPIC -D_WIN32_WINNT=1536 -DGRPC_XDS_USER_AGENT_NAME_SUFFIX=\"Python\" -DGRPC_XDS_USER_AGENT_VERSION_SUFFIX=\"1.79.0.dev0\" -DHAVE_CONFIG_H=1 -DGRPC_ENABLE_FORK_SUPPORT=1 -DGRPC_ENABLE_FORK_SUPPORT_DEFAULT=false -DGRPC_PYTHON_BUILD=1 -D__STDC_FORMAT_MACROS "-DPyMODINIT_FUNC=extern \"C\" __attribute__((visibility (\"default\"))) PyObject*" -DGRPC_POSIX_FORK_ALLOW_PTHREAD_ATFORK=1 -Isrc/python/grpcio -Iinclude -I. -Ithird_party/abseil-cpp -Ithird_party/address_sorting/include -Ithird_party/cares/cares/include -Ithird_party/cares -Ithird_party/cares/cares -Ithird_party/cares/cares/src/lib/include -Ithird_party/cares/cares/src/lib -Ithird_party/cares/config_linux -Ithird_party/re2 -Ithird_party/boringssl-with-bazel/src/include -Ithird_party/upb -Isrc/core/ext/upb-gen -Isrc/core/ext/upbdefs-gen -Ithird_party/utf8_range -Ithird_party/xxhash -Ithird_party/zlib -I/usr/local/google/home/ssreenithi/.pyenv/versions/3.12.0/envs/pyvenv_312/include -I/usr/local/google/home/ssreenithi/.pyenv/versions/3.12.0/include/python3.12 -c third_party/boringssl-with-bazel/src/crypto/ex_data.cc -o pyb/temp.linux-x86_64-cpython-312/third_party/boringssl-with-bazel/src/crypto/ex_data.o -std=c++17 -fvisibility=hidden -fno-wrapv -fno-exceptions -pthread
      g++ -fno-strict-overflow -Wsign-compare -DNDEBUG -g -O3 -Wall -fPIC -D_WIN32_WINNT=1536 -DGRPC_XDS_USER_AGENT_NAME_SUFFIX=\"Python\" -DGRPC_XDS_USER_AGENT_VERSION_SUFFIX=\"1.79.0.dev0\" -DHAVE_CONFIG_H=1 -DGRPC_ENABLE_FORK_SUPPORT=1 -DGRPC_ENABLE_FORK_SUPPORT_DEFAULT=false -DGRPC_PYTHON_BUILD=1 -D__STDC_FORMAT_MACROS "-DPyMODINIT_FUNC=extern \"C\" __attribute__((visibility (\"default\"))) PyObject*" -DGRPC_POSIX_FORK_ALLOW_PTHREAD_ATFORK=1 -Isrc/python/grpcio -Iinclude -I. -Ithird_party/abseil-cpp -Ithird_party/address_sorting/include -Ithird_party/cares/cares/include -Ithird_party/cares -Ithird_party/cares/cares -Ithird_party/cares/cares/src/lib/include -Ithird_party/cares/cares/src/lib -Ithird_party/cares/config_linux -Ithird_party/re2 -Ithird_party/boringssl-with-bazel/src/include -Ithird_party/upb -Isrc/core/ext/upb-gen -Isrc/core/ext/upbdefs-gen -Ithird_party/utf8_range -Ithird_party/xxhash -Ithird_party/zlib -I/usr/local/google/home/ssreenithi/.pyenv/versions/3.12.0/envs/pyvenv_312/include -I/usr/local/google/home/ssreenithi/.pyenv/versions/3.12.0/include/python3.12 -c third_party/boringssl-with-bazel/src/crypto/evp/p_rsa_asn1.cc -o pyb/temp.linux-x86_64-cpython-312/third_party/boringssl-with-bazel/src/crypto/evp/p_rsa_asn1.o -std=c++17 -fvisibility=hidden -fno-wrapv -fno-exceptions -pthread
      g++ -fno-strict-overflow -Wsign-compare -DNDEBUG -g -O3 -Wall -fPIC -D_WIN32_WINNT=1536 -DGRPC_XDS_USER_AGENT_NAME_SUFFIX=\"Python\" -DGRPC_XDS_USER_AGENT_VERSION_SUFFIX=\"1.79.0.dev0\" -DHAVE_CONFIG_H=1 -DGRPC_ENABLE_FORK_SUPPORT=1 -DGRPC_ENABLE_FORK_SUPPORT_DEFAULT=false -DGRPC_PYTHON_BUILD=1 -D__STDC_FORMAT_MACROS "-DPyMODINIT_FUNC=extern \"C\" __attribute__((visibility (\"default\"))) PyObject*" -DGRPC_POSIX_FORK_ALLOW_PTHREAD_ATFORK=1 -Isrc/python/grpcio -Iinclude -I. -Ithird_party/abseil-cpp -Ithird_party/address_sorting/include -Ithird_party/cares/cares/include -Ithird_party/cares -Ithird_party/cares/cares -Ithird_party/cares/cares/src/lib/include -Ithird_party/cares/cares/src/lib -Ithird_party/cares/config_linux -Ithird_party/re2 -Ithird_party/boringssl-with-bazel/src/include -Ithird_party/upb -Isrc/core/ext/upb-gen -Isrc/core/ext/upbdefs-gen -Ithird_party/utf8_range -Ithird_party/xxhash -Ithird_party/zlib -I/usr/local/google/home/ssreenithi/.pyenv/versions/3.12.0/envs/pyvenv_312/include -I/usr/local/google/home/ssreenithi/.pyenv/versions/3.12.0/include/python3.12 -c third_party/boringssl-with-bazel/src/crypto/cpu_intel.cc -o pyb/temp.linux-x86_64-cpython-312/third_party/boringssl-with-bazel/src/crypto/cpu_intel.o -std=c++17 -fvisibility=hidden -fno-wrapv -fno-exceptions -pthread
      g++ -fno-strict-overflow -Wsign-compare -DNDEBUG -g -O3 -Wall -fPIC -D_WIN32_WINNT=1536 -DGRPC_XDS_USER_AGENT_NAME_SUFFIX=\"Python\" -DGRPC_XDS_USER_AGENT_VERSION_SUFFIX=\"1.79.0.dev0\" -DHAVE_CONFIG_H=1 -DGRPC_ENABLE_FORK_SUPPORT=1 -DGRPC_ENABLE_FORK_SUPPORT_DEFAULT=false -DGRPC_PYTHON_BUILD=1 -D__STDC_FORMAT_MACROS "-DPyMODINIT_FUNC=extern \"C\" __attribute__((visibility (\"default\"))) PyObject*" -DGRPC_POSIX_FORK_ALLOW_PTHREAD_ATFORK=1 -Isrc/python/grpcio -Iinclude -I. -Ithird_party/abseil-cpp -Ithird_party/address_sorting/include -Ithird_party/cares/cares/include -Ithird_party/cares -Ithird_party/cares/cares -Ithird_party/cares/cares/src/lib/include -Ithird_party/cares/cares/src/lib -Ithird_party/cares/config_linux -Ithird_party/re2 -Ithird_party/boringssl-with-bazel/src/include -Ithird_party/upb -Isrc/core/ext/upb-gen -Isrc/core/ext/upbdefs-gen -Ithird_party/utf8_range -Ithird_party/xxhash -Ithird_party/zlib -I/usr/local/google/home/ssreenithi/.pyenv/versions/3.12.0/envs/pyvenv_312/include -I/usr/local/google/home/ssreenithi/.pyenv/versions/3.12.0/include/python3.12 -c third_party/boringssl-with-bazel/src/crypto/hrss/hrss.cc -o pyb/temp.linux-x86_64-cpython-312/third_party/boringssl-with-bazel/src/crypto/hrss/hrss.o -std=c++17 -fvisibility=hidden -fno-wrapv -fno-exceptions -pthread
      g++ -fno-strict-overflow -Wsign-compare -DNDEBUG -g -O3 -Wall -fPIC -D_WIN32_WINNT=1536 -DGRPC_XDS_USER_AGENT_NAME_SUFFIX=\"Python\" -DGRPC_XDS_USER_AGENT_VERSION_SUFFIX=\"1.79.0.dev0\" -DHAVE_CONFIG_H=1 -DGRPC_ENABLE_FORK_SUPPORT=1 -DGRPC_ENABLE_FORK_SUPPORT_DEFAULT=false -DGRPC_PYTHON_BUILD=1 -D__STDC_FORMAT_MACROS "-DPyMODINIT_FUNC=extern \"C\" __attribute__((visibility (\"default\"))) PyObject*" -DGRPC_POSIX_FORK_ALLOW_PTHREAD_ATFORK=1 -Isrc/python/grpcio -Iinclude -I. -Ithird_party/abseil-cpp -Ithird_party/address_sorting/include -Ithird_party/cares/cares/include -Ithird_party/cares -Ithird_party/cares/cares -Ithird_party/cares/cares/src/lib/include -Ithird_party/cares/cares/src/lib -Ithird_party/cares/config_linux -Ithird_party/re2 -Ithird_party/boringssl-with-bazel/src/include -Ithird_party/upb -Isrc/core/ext/upb-gen -Isrc/core/ext/upbdefs-gen -Ithird_party/utf8_range -Ithird_party/xxhash -Ithird_party/zlib -I/usr/local/google/home/ssreenithi/.pyenv/versions/3.12.0/envs/pyvenv_312/include -I/usr/local/google/home/ssreenithi/.pyenv/versions/3.12.0/include/python3.12 -c third_party/boringssl-with-bazel/src/crypto/mlkem/mlkem.cc -o pyb/temp.linux-x86_64-cpython-312/third_party/boringssl-with-bazel/src/crypto/mlkem/mlkem.o -std=c++17 -fvisibility=hidden -fno-wrapv -fno-exceptions -pthread
      g++ -fno-strict-overflow -Wsign-compare -DNDEBUG -g -O3 -Wall -fPIC -D_WIN32_WINNT=1536 -DGRPC_XDS_USER_AGENT_NAME_SUFFIX=\"Python\" -DGRPC_XDS_USER_AGENT_VERSION_SUFFIX=\"1.79.0.dev0\" -DHAVE_CONFIG_H=1 -DGRPC_ENABLE_FORK_SUPPORT=1 -DGRPC_ENABLE_FORK_SUPPORT_DEFAULT=false -DGRPC_PYTHON_BUILD=1 -D__STDC_FORMAT_MACROS "-DPyMODINIT_FUNC=extern \"C\" __attribute__((visibility (\"default\"))) PyObject*" -DGRPC_POSIX_FORK_ALLOW_PTHREAD_ATFORK=1 -Isrc/python/grpcio -Iinclude -I. -Ithird_party/abseil-cpp -Ithird_party/address_sorting/include -Ithird_party/cares/cares/include -Ithird_party/cares -Ithird_party/cares/cares -Ithird_party/cares/cares/src/lib/include -Ithird_party/cares/cares/src/lib -Ithird_party/cares/config_linux -Ithird_party/re2 -Ithird_party/boringssl-with-bazel/src/include -Ithird_party/upb -Isrc/core/ext/upb-gen -Isrc/core/ext/upbdefs-gen -Ithird_party/utf8_range -Ithird_party/xxhash -Ithird_party/zlib -I/usr/local/google/home/ssreenithi/.pyenv/versions/3.12.0/envs/pyvenv_312/include -I/usr/local/google/home/ssreenithi/.pyenv/versions/3.12.0/include/python3.12 -c third_party/boringssl-with-bazel/src/crypto/err/err.cc -o pyb/temp.linux-x86_64-cpython-312/third_party/boringssl-with-bazel/src/crypto/err/err.o -std=c++17 -fvisibility=hidden -fno-wrapv -fno-exceptions -pthread
      g++ -fno-strict-overflow -Wsign-compare -DNDEBUG -g -O3 -Wall -fPIC -D_WIN32_WINNT=1536 -DGRPC_XDS_USER_AGENT_NAME_SUFFIX=\"Python\" -DGRPC_XDS_USER_AGENT_VERSION_SUFFIX=\"1.79.0.dev0\" -DHAVE_CONFIG_H=1 -DGRPC_ENABLE_FORK_SUPPORT=1 -DGRPC_ENABLE_FORK_SUPPORT_DEFAULT=false -DGRPC_PYTHON_BUILD=1 -D__STDC_FORMAT_MACROS "-DPyMODINIT_FUNC=extern \"C\" __attribute__((visibility (\"default\"))) PyObject*" -DGRPC_POSIX_FORK_ALLOW_PTHREAD_ATFORK=1 -Isrc/python/grpcio -Iinclude -I. -Ithird_party/abseil-cpp -Ithird_party/address_sorting/include -Ithird_party/cares/cares/include -Ithird_party/cares -Ithird_party/cares/cares -Ithird_party/cares/cares/src/lib/include -Ithird_party/cares/cares/src/lib -Ithird_party/cares/config_linux -Ithird_party/re2 -Ithird_party/boringssl-with-bazel/src/include -Ithird_party/upb -Isrc/core/ext/upb-gen -Isrc/core/ext/upbdefs-gen -Ithird_party/utf8_range -Ithird_party/xxhash -Ithird_party/zlib -I/usr/local/google/home/ssreenithi/.pyenv/versions/3.12.0/envs/pyvenv_312/include -I/usr/local/google/home/ssreenithi/.pyenv/versions/3.12.0/include/python3.12 -c src/core/call/server_call.cc -o pyb/temp.linux-x86_64-cpython-312/src/core/call/server_call.o -std=c++17 -fvisibility=hidden -fno-wrapv -fno-exceptions -pthread
      g++ -fno-strict-overflow -Wsign-compare -DNDEBUG -g -O3 -Wall -fPIC -D_WIN32_WINNT=1536 -DGRPC_XDS_USER_AGENT_NAME_SUFFIX=\"Python\" -DGRPC_XDS_USER_AGENT_VERSION_SUFFIX=\"1.79.0.dev0\" -DHAVE_CONFIG_H=1 -DGRPC_ENABLE_FORK_SUPPORT=1 -DGRPC_ENABLE_FORK_SUPPORT_DEFAULT=false -DGRPC_PYTHON_BUILD=1 -D__STDC_FORMAT_MACROS "-DPyMODINIT_FUNC=extern \"C\" __attribute__((visibility (\"default\"))) PyObject*" -DGRPC_POSIX_FORK_ALLOW_PTHREAD_ATFORK=1 -Isrc/python/grpcio -Iinclude -I. -Ithird_party/abseil-cpp -Ithird_party/address_sorting/include -Ithird_party/cares/cares/include -Ithird_party/cares -Ithird_party/cares/cares -Ithird_party/cares/cares/src/lib/include -Ithird_party/cares/cares/src/lib -Ithird_party/cares/config_linux -Ithird_party/re2 -Ithird_party/boringssl-with-bazel/src/include -Ithird_party/upb -Isrc/core/ext/upb-gen -Isrc/core/ext/upbdefs-gen -Ithird_party/utf8_range -Ithird_party/xxhash -Ithird_party/zlib -I/usr/local/google/home/ssreenithi/.pyenv/versions/3.12.0/envs/pyvenv_312/include -I/usr/local/google/home/ssreenithi/.pyenv/versions/3.12.0/include/python3.12 -c third_party/boringssl-with-bazel/src/crypto/dsa/dsa_asn1.cc -o pyb/temp.linux-x86_64-cpython-312/third_party/boringssl-with-bazel/src/crypto/dsa/dsa_asn1.o -std=c++17 -fvisibility=hidden -fno-wrapv -fno-exceptions -pthread
      g++ -fno-strict-overflow -Wsign-compare -DNDEBUG -g -O3 -Wall -fPIC -D_WIN32_WINNT=1536 -DGRPC_XDS_USER_AGENT_NAME_SUFFIX=\"Python\" -DGRPC_XDS_USER_AGENT_VERSION_SUFFIX=\"1.79.0.dev0\" -DHAVE_CONFIG_H=1 -DGRPC_ENABLE_FORK_SUPPORT=1 -DGRPC_ENABLE_FORK_SUPPORT_DEFAULT=false -DGRPC_PYTHON_BUILD=1 -D__STDC_FORMAT_MACROS "-DPyMODINIT_FUNC=extern \"C\" __attribute__((visibility (\"default\"))) PyObject*" -DGRPC_POSIX_FORK_ALLOW_PTHREAD_ATFORK=1 -Isrc/python/grpcio -Iinclude -I. -Ithird_party/abseil-cpp -Ithird_party/address_sorting/include -Ithird_party/cares/cares/include -Ithird_party/cares -Ithird_party/cares/cares -Ithird_party/cares/cares/src/lib/include -Ithird_party/cares/cares/src/lib -Ithird_party/cares/config_linux -Ithird_party/re2 -Ithird_party/boringssl-with-bazel/src/include -Ithird_party/upb -Isrc/core/ext/upb-gen -Isrc/core/ext/upbdefs-gen -Ithird_party/utf8_range -Ithird_party/xxhash -Ithird_party/zlib -I/usr/local/google/home/ssreenithi/.pyenv/versions/3.12.0/envs/pyvenv_312/include -I/usr/local/google/home/ssreenithi/.pyenv/versions/3.12.0/include/python3.12 -c third_party/boringssl-with-bazel/src/crypto/evp/p_ec.cc -o pyb/temp.linux-x86_64-cpython-312/third_party/boringssl-with-bazel/src/crypto/evp/p_ec.o -std=c++17 -fvisibility=hidden -fno-wrapv -fno-exceptions -pthread
      g++ -fno-strict-overflow -Wsign-compare -DNDEBUG -g -O3 -Wall -fPIC -D_WIN32_WINNT=1536 -DGRPC_XDS_USER_AGENT_NAME_SUFFIX=\"Python\" -DGRPC_XDS_USER_AGENT_VERSION_SUFFIX=\"1.79.0.dev0\" -DHAVE_CONFIG_H=1 -DGRPC_ENABLE_FORK_SUPPORT=1 -DGRPC_ENABLE_FORK_SUPPORT_DEFAULT=false -DGRPC_PYTHON_BUILD=1 -D__STDC_FORMAT_MACROS "-DPyMODINIT_FUNC=extern \"C\" __attribute__((visibility (\"default\"))) PyObject*" -DGRPC_POSIX_FORK_ALLOW_PTHREAD_ATFORK=1 -Isrc/python/grpcio -Iinclude -I. -Ithird_party/abseil-cpp -Ithird_party/address_sorting/include -Ithird_party/cares/cares/include -Ithird_party/cares -Ithird_party/cares/cares -Ithird_party/cares/cares/src/lib/include -Ithird_party/cares/cares/src/lib -Ithird_party/cares/config_linux -Ithird_party/re2 -Ithird_party/boringssl-with-bazel/src/include -Ithird_party/upb -Isrc/core/ext/upb-gen -Isrc/core/ext/upbdefs-gen -Ithird_party/utf8_range -Ithird_party/xxhash -Ithird_party/zlib -I/usr/local/google/home/ssreenithi/.pyenv/versions/3.12.0/envs/pyvenv_312/include -I/usr/local/google/home/ssreenithi/.pyenv/versions/3.12.0/include/python3.12 -c third_party/boringssl-with-bazel/src/crypto/pem/pem_pk8.cc -o pyb/temp.linux-x86_64-cpython-312/third_party/boringssl-with-bazel/src/crypto/pem/pem_pk8.o -std=c++17 -fvisibility=hidden -fno-wrapv -fno-exceptions -pthread
      g++ -fno-strict-overflow -Wsign-compare -DNDEBUG -g -O3 -Wall -fPIC -D_WIN32_WINNT=1536 -DGRPC_XDS_USER_AGENT_NAME_SUFFIX=\"Python\" -DGRPC_XDS_USER_AGENT_VERSION_SUFFIX=\"1.79.0.dev0\" -DHAVE_CONFIG_H=1 -DGRPC_ENABLE_FORK_SUPPORT=1 -DGRPC_ENABLE_FORK_SUPPORT_DEFAULT=false -DGRPC_PYTHON_BUILD=1 -D__STDC_FORMAT_MACROS "-DPyMODINIT_FUNC=extern \"C\" __attribute__((visibility (\"default\"))) PyObject*" -DGRPC_POSIX_FORK_ALLOW_PTHREAD_ATFORK=1 -Isrc/python/grpcio -Iinclude -I. -Ithird_party/abseil-cpp -Ithird_party/address_sorting/include -Ithird_party/cares/cares/include -Ithird_party/cares -Ithird_party/cares/cares -Ithird_party/cares/cares/src/lib/include -Ithird_party/cares/cares/src/lib -Ithird_party/cares/config_linux -Ithird_party/re2 -Ithird_party/boringssl-with-bazel/src/include -Ithird_party/upb -Isrc/core/ext/upb-gen -Isrc/core/ext/upbdefs-gen -Ithird_party/utf8_range -Ithird_party/xxhash -Ithird_party/zlib -I/usr/local/google/home/ssreenithi/.pyenv/versions/3.12.0/envs/pyvenv_312/include -I/usr/local/google/home/ssreenithi/.pyenv/versions/3.12.0/include/python3.12 -c third_party/boringssl-with-bazel/src/crypto/cipher/e_rc2.cc -o pyb/temp.linux-x86_64-cpython-312/third_party/boringssl-with-bazel/src/crypto/cipher/e_rc2.o -std=c++17 -fvisibility=hidden -fno-wrapv -fno-exceptions -pthread
      g++ -fno-strict-overflow -Wsign-compare -DNDEBUG -g -O3 -Wall -fPIC -D_WIN32_WINNT=1536 -DGRPC_XDS_USER_AGENT_NAME_SUFFIX=\"Python\" -DGRPC_XDS_USER_AGENT_VERSION_SUFFIX=\"1.79.0.dev0\" -DHAVE_CONFIG_H=1 -DGRPC_ENABLE_FORK_SUPPORT=1 -DGRPC_ENABLE_FORK_SUPPORT_DEFAULT=false -DGRPC_PYTHON_BUILD=1 -D__STDC_FORMAT_MACROS "-DPyMODINIT_FUNC=extern \"C\" __attribute__((visibility (\"default\"))) PyObject*" -DGRPC_POSIX_FORK_ALLOW_PTHREAD_ATFORK=1 -Isrc/python/grpcio -Iinclude -I. -Ithird_party/abseil-cpp -Ithird_party/address_sorting/include -Ithird_party/cares/cares/include -Ithird_party/cares -Ithird_party/cares/cares -Ithird_party/cares/cares/src/lib/include -Ithird_party/cares/cares/src/lib -Ithird_party/cares/config_linux -Ithird_party/re2 -Ithird_party/boringssl-with-bazel/src/include -Ithird_party/upb -Isrc/core/ext/upb-gen -Isrc/core/ext/upbdefs-gen -Ithird_party/utf8_range -Ithird_party/xxhash -Ithird_party/zlib -I/usr/local/google/home/ssreenithi/.pyenv/versions/3.12.0/envs/pyvenv_312/include -I/usr/local/google/home/ssreenithi/.pyenv/versions/3.12.0/include/python3.12 -c third_party/boringssl-with-bazel/src/crypto/pkcs8/pkcs8.cc -o pyb/temp.linux-x86_64-cpython-312/third_party/boringssl-with-bazel/src/crypto/pkcs8/pkcs8.o -std=c++17 -fvisibility=hidden -fno-wrapv -fno-exceptions -pthread
      g++ -fno-strict-overflow -Wsign-compare -DNDEBUG -g -O3 -Wall -fPIC -D_WIN32_WINNT=1536 -DGRPC_XDS_USER_AGENT_NAME_SUFFIX=\"Python\" -DGRPC_XDS_USER_AGENT_VERSION_SUFFIX=\"1.79.0.dev0\" -DHAVE_CONFIG_H=1 -DGRPC_ENABLE_FORK_SUPPORT=1 -DGRPC_ENABLE_FORK_SUPPORT_DEFAULT=false -DGRPC_PYTHON_BUILD=1 -D__STDC_FORMAT_MACROS "-DPyMODINIT_FUNC=extern \"C\" __attribute__((visibility (\"default\"))) PyObject*" -DGRPC_POSIX_FORK_ALLOW_PTHREAD_ATFORK=1 -Isrc/python/grpcio -Iinclude -I. -Ithird_party/abseil-cpp -Ithird_party/address_sorting/include -Ithird_party/cares/cares/include -Ithird_party/cares -Ithird_party/cares/cares -Ithird_party/cares/cares/src/lib/include -Ithird_party/cares/cares/src/lib -Ithird_party/cares/config_linux -Ithird_party/re2 -Ithird_party/boringssl-with-bazel/src/include -Ithird_party/upb -Isrc/core/ext/upb-gen -Isrc/core/ext/upbdefs-gen -Ithird_party/utf8_range -Ithird_party/xxhash -Ithird_party/zlib -I/usr/local/google/home/ssreenithi/.pyenv/versions/3.12.0/envs/pyvenv_312/include -I/usr/local/google/home/ssreenithi/.pyenv/versions/3.12.0/include/python3.12 -c third_party/boringssl-with-bazel/src/crypto/rand/deterministic.cc -o pyb/temp.linux-x86_64-cpython-312/third_party/boringssl-with-bazel/src/crypto/rand/deterministic.o -std=c++17 -fvisibility=hidden -fno-wrapv -fno-exceptions -pthread
      g++ -fno-strict-overflow -Wsign-compare -DNDEBUG -g -O3 -Wall -fPIC -D_WIN32_WINNT=1536 -DGRPC_XDS_USER_AGENT_NAME_SUFFIX=\"Python\" -DGRPC_XDS_USER_AGENT_VERSION_SUFFIX=\"1.79.0.dev0\" -DHAVE_CONFIG_H=1 -DGRPC_ENABLE_FORK_SUPPORT=1 -DGRPC_ENABLE_FORK_SUPPORT_DEFAULT=false -DGRPC_PYTHON_BUILD=1 -D__STDC_FORMAT_MACROS "-DPyMODINIT_FUNC=extern \"C\" __attribute__((visibility (\"default\"))) PyObject*" -DGRPC_POSIX_FORK_ALLOW_PTHREAD_ATFORK=1 -Isrc/python/grpcio -Iinclude -I. -Ithird_party/abseil-cpp -Ithird_party/address_sorting/include -Ithird_party/cares/cares/include -Ithird_party/cares -Ithird_party/cares/cares -Ithird_party/cares/cares/src/lib/include -Ithird_party/cares/cares/src/lib -Ithird_party/cares/config_linux -Ithird_party/re2 -Ithird_party/boringssl-with-bazel/src/include -Ithird_party/upb -Isrc/core/ext/upb-gen -Isrc/core/ext/upbdefs-gen -Ithird_party/utf8_range -Ithird_party/xxhash -Ithird_party/zlib -I/usr/local/google/home/ssreenithi/.pyenv/versions/3.12.0/envs/pyvenv_312/include -I/usr/local/google/home/ssreenithi/.pyenv/versions/3.12.0/include/python3.12 -c third_party/boringssl-with-bazel/src/crypto/fipsmodule/bcm.cc -o pyb/temp.linux-x86_64-cpython-312/third_party/boringssl-with-bazel/src/crypto/fipsmodule/bcm.o -std=c++17 -fvisibility=hidden -fno-wrapv -fno-exceptions -pthread
      g++ -fno-strict-overflow -Wsign-compare -DNDEBUG -g -O3 -Wall -fPIC -D_WIN32_WINNT=1536 -DGRPC_XDS_USER_AGENT_NAME_SUFFIX=\"Python\" -DGRPC_XDS_USER_AGENT_VERSION_SUFFIX=\"1.79.0.dev0\" -DHAVE_CONFIG_H=1 -DGRPC_ENABLE_FORK_SUPPORT=1 -DGRPC_ENABLE_FORK_SUPPORT_DEFAULT=false -DGRPC_PYTHON_BUILD=1 -D__STDC_FORMAT_MACROS "-DPyMODINIT_FUNC=extern \"C\" __attribute__((visibility (\"default\"))) PyObject*" -DGRPC_POSIX_FORK_ALLOW_PTHREAD_ATFORK=1 -Isrc/python/grpcio -Iinclude -I. -Ithird_party/abseil-cpp -Ithird_party/address_sorting/include -Ithird_party/cares/cares/include -Ithird_party/cares -Ithird_party/cares/cares -Ithird_party/cares/cares/src/lib/include -Ithird_party/cares/cares/src/lib -Ithird_party/cares/config_linux -Ithird_party/re2 -Ithird_party/boringssl-with-bazel/src/include -Ithird_party/upb -Isrc/core/ext/upb-gen -Isrc/core/ext/upbdefs-gen -Ithird_party/utf8_range -Ithird_party/xxhash -Ithird_party/zlib -I/usr/local/google/home/ssreenithi/.pyenv/versions/3.12.0/envs/pyvenv_312/include -I/usr/local/google/home/ssreenithi/.pyenv/versions/3.12.0/include/python3.12 -c third_party/boringssl-with-bazel/src/crypto/rand/trusty.cc -o pyb/temp.linux-x86_64-cpython-312/third_party/boringssl-with-bazel/src/crypto/rand/trusty.o -std=c++17 -fvisibility=hidden -fno-wrapv -fno-exceptions -pthread
      g++ -fno-strict-overflow -Wsign-compare -DNDEBUG -g -O3 -Wall -fPIC -D_WIN32_WINNT=1536 -DGRPC_XDS_USER_AGENT_NAME_SUFFIX=\"Python\" -DGRPC_XDS_USER_AGENT_VERSION_SUFFIX=\"1.79.0.dev0\" -DHAVE_CONFIG_H=1 -DGRPC_ENABLE_FORK_SUPPORT=1 -DGRPC_ENABLE_FORK_SUPPORT_DEFAULT=false -DGRPC_PYTHON_BUILD=1 -D__STDC_FORMAT_MACROS "-DPyMODINIT_FUNC=extern \"C\" __attribute__((visibility (\"default\"))) PyObject*" -DGRPC_POSIX_FORK_ALLOW_PTHREAD_ATFORK=1 -Isrc/python/grpcio -Iinclude -I. -Ithird_party/abseil-cpp -Ithird_party/address_sorting/include -Ithird_party/cares/cares/include -Ithird_party/cares -Ithird_party/cares/cares -Ithird_party/cares/cares/src/lib/include -Ithird_party/cares/cares/src/lib -Ithird_party/cares/config_linux -Ithird_party/re2 -Ithird_party/boringssl-with-bazel/src/include -Ithird_party/upb -Isrc/core/ext/upb-gen -Isrc/core/ext/upbdefs-gen -Ithird_party/utf8_range -Ithird_party/xxhash -Ithird_party/zlib -I/usr/local/google/home/ssreenithi/.pyenv/versions/3.12.0/envs/pyvenv_312/include -I/usr/local/google/home/ssreenithi/.pyenv/versions/3.12.0/include/python3.12 -c third_party/boringssl-with-bazel/src/crypto/rsa/rsa_extra.cc -o pyb/temp.linux-x86_64-cpython-312/third_party/boringssl-with-bazel/src/crypto/rsa/rsa_extra.o -std=c++17 -fvisibility=hidden -fno-wrapv -fno-exceptions -pthread
      g++ -fno-strict-overflow -Wsign-compare -DNDEBUG -g -O3 -Wall -fPIC -D_WIN32_WINNT=1536 -DGRPC_XDS_USER_AGENT_NAME_SUFFIX=\"Python\" -DGRPC_XDS_USER_AGENT_VERSION_SUFFIX=\"1.79.0.dev0\" -DHAVE_CONFIG_H=1 -DGRPC_ENABLE_FORK_SUPPORT=1 -DGRPC_ENABLE_FORK_SUPPORT_DEFAULT=false -DGRPC_PYTHON_BUILD=1 -D__STDC_FORMAT_MACROS "-DPyMODINIT_FUNC=extern \"C\" __attribute__((visibility (\"default\"))) PyObject*" -DGRPC_POSIX_FORK_ALLOW_PTHREAD_ATFORK=1 -Isrc/python/grpcio -Iinclude -I. -Ithird_party/abseil-cpp -Ithird_party/address_sorting/include -Ithird_party/cares/cares/include -Ithird_party/cares -Ithird_party/cares/cares -Ithird_party/cares/cares/src/lib/include -Ithird_party/cares/cares/src/lib -Ithird_party/cares/config_linux -Ithird_party/re2 -Ithird_party/boringssl-with-bazel/src/include -Ithird_party/upb -Isrc/core/ext/upb-gen -Isrc/core/ext/upbdefs-gen -Ithird_party/utf8_range -Ithird_party/xxhash -Ithird_party/zlib -I/usr/local/google/home/ssreenithi/.pyenv/versions/3.12.0/envs/pyvenv_312/include -I/usr/local/google/home/ssreenithi/.pyenv/versions/3.12.0/include/python3.12 -c third_party/boringssl-with-bazel/src/crypto/crypto.cc -o pyb/temp.linux-x86_64-cpython-312/third_party/boringssl-with-bazel/src/crypto/crypto.o -std=c++17 -fvisibility=hidden -fno-wrapv -fno-exceptions -pthread
      g++ -fno-strict-overflow -Wsign-compare -DNDEBUG -g -O3 -Wall -fPIC -D_WIN32_WINNT=1536 -DGRPC_XDS_USER_AGENT_NAME_SUFFIX=\"Python\" -DGRPC_XDS_USER_AGENT_VERSION_SUFFIX=\"1.79.0.dev0\" -DHAVE_CONFIG_H=1 -DGRPC_ENABLE_FORK_SUPPORT=1 -DGRPC_ENABLE_FORK_SUPPORT_DEFAULT=false -DGRPC_PYTHON_BUILD=1 -D__STDC_FORMAT_MACROS "-DPyMODINIT_FUNC=extern \"C\" __attribute__((visibility (\"default\"))) PyObject*" -DGRPC_POSIX_FORK_ALLOW_PTHREAD_ATFORK=1 -Isrc/python/grpcio -Iinclude -I. -Ithird_party/abseil-cpp -Ithird_party/address_sorting/include -Ithird_party/cares/cares/include -Ithird_party/cares -Ithird_party/cares/cares -Ithird_party/cares/cares/src/lib/include -Ithird_party/cares/cares/src/lib -Ithird_party/cares/config_linux -Ithird_party/re2 -Ithird_party/boringssl-with-bazel/src/include -Ithird_party/upb -Isrc/core/ext/upb-gen -Isrc/core/ext/upbdefs-gen -Ithird_party/utf8_range -Ithird_party/xxhash -Ithird_party/zlib -I/usr/local/google/home/ssreenithi/.pyenv/versions/3.12.0/envs/pyvenv_312/include -I/usr/local/google/home/ssreenithi/.pyenv/versions/3.12.0/include/python3.12 -c third_party/boringssl-with-bazel/src/crypto/obj/obj.cc -o pyb/temp.linux-x86_64-cpython-312/third_party/boringssl-with-bazel/src/crypto/obj/obj.o -std=c++17 -fvisibility=hidden -fno-wrapv -fno-exceptions -pthread
      g++ -fno-strict-overflow -Wsign-compare -DNDEBUG -g -O3 -Wall -fPIC -D_WIN32_WINNT=1536 -DGRPC_XDS_USER_AGENT_NAME_SUFFIX=\"Python\" -DGRPC_XDS_USER_AGENT_VERSION_SUFFIX=\"1.79.0.dev0\" -DHAVE_CONFIG_H=1 -DGRPC_ENABLE_FORK_SUPPORT=1 -DGRPC_ENABLE_FORK_SUPPORT_DEFAULT=false -DGRPC_PYTHON_BUILD=1 -D__STDC_FORMAT_MACROS "-DPyMODINIT_FUNC=extern \"C\" __attribute__((visibility (\"default\"))) PyObject*" -DGRPC_POSIX_FORK_ALLOW_PTHREAD_ATFORK=1 -Isrc/python/grpcio -Iinclude -I. -Ithird_party/abseil-cpp -Ithird_party/address_sorting/include -Ithird_party/cares/cares/include -Ithird_party/cares -Ithird_party/cares/cares -Ithird_party/cares/cares/src/lib/include -Ithird_party/cares/cares/src/lib -Ithird_party/cares/config_linux -Ithird_party/re2 -Ithird_party/boringssl-with-bazel/src/include -Ithird_party/upb -Isrc/core/ext/upb-gen -Isrc/core/ext/upbdefs-gen -Ithird_party/utf8_range -Ithird_party/xxhash -Ithird_party/zlib -I/usr/local/google/home/ssreenithi/.pyenv/versions/3.12.0/envs/pyvenv_312/include -I/usr/local/google/home/ssreenithi/.pyenv/versions/3.12.0/include/python3.12 -c src/core/credentials/transport/tls/load_system_roots_fallback.cc -o pyb/temp.linux-x86_64-cpython-312/src/core/credentials/transport/tls/load_system_roots_fallback.o -std=c++17 -fvisibility=hidden -fno-wrapv -fno-exceptions -pthread
      In file included from ./src/core/lib/promise/activity.h:30,
                       from ./src/core/call/call_state.h:23,
                       from ./src/core/call/call_filters.h:26,
                       from ./src/core/lib/surface/channel_init.h:31,
                       from ./src/core/config/core_configuration.h:29,
                       from src/core/xds/grpc/file_watcher_certificate_provider_factory.cc:28:
      ./src/core/lib/promise/detail/promise_factory.h:210:5: warning: ‘always_inline’ function might not be inlinable unless also declared ‘inline’ [-Wattributes]
        210 |     PromiseFactoryImpl(Token, F&& f) {
            |     ^~~~~~~~~~~~~~~~~~
      ./src/core/lib/promise/detail/promise_factory.h:210:5: warning: ‘always_inline’ function might not be inlinable unless also declared ‘inline’ [-Wattributes]
      ./src/core/lib/promise/detail/promise_factory.h:210:5: warning: ‘always_inline’ function might not be inlinable unless also declared ‘inline’ [-Wattributes]
      ./src/core/lib/promise/detail/promise_factory.h:210:5: warning: ‘always_inline’ function might not be inlinable unless also declared ‘inline’ [-Wattributes]
      ./src/core/lib/promise/detail/promise_factory.h:210:5: warning: ‘always_inline’ function might not be inlinable unless also declared ‘inline’ [-Wattributes]
      ./src/core/lib/promise/detail/promise_factory.h:210:5: warning: ‘always_inline’ function might not be inlinable unless also declared ‘inline’ [-Wattributes]
      ./src/core/lib/promise/detail/promise_factory.h:210:5: warning: ‘always_inline’ function might not be inlinable unless also declared ‘inline’ [-Wattributes]
      g++ -fno-strict-overflow -Wsign-compare -DNDEBUG -g -O3 -Wall -fPIC -D_WIN32_WINNT=1536 -DGRPC_XDS_USER_AGENT_NAME_SUFFIX=\"Python\" -DGRPC_XDS_USER_AGENT_VERSION_SUFFIX=\"1.79.0.dev0\" -DHAVE_CONFIG_H=1 -DGRPC_ENABLE_FORK_SUPPORT=1 -DGRPC_ENABLE_FORK_SUPPORT_DEFAULT=false -DGRPC_PYTHON_BUILD=1 -D__STDC_FORMAT_MACROS "-DPyMODINIT_FUNC=extern \"C\" __attribute__((visibility (\"default\"))) PyObject*" -DGRPC_POSIX_FORK_ALLOW_PTHREAD_ATFORK=1 -Isrc/python/grpcio -Iinclude -I. -Ithird_party/abseil-cpp -Ithird_party/address_sorting/include -Ithird_party/cares/cares/include -Ithird_party/cares -Ithird_party/cares/cares -Ithird_party/cares/cares/src/lib/include -Ithird_party/cares/cares/src/lib -Ithird_party/cares/config_linux -Ithird_party/re2 -Ithird_party/boringssl-with-bazel/src/include -Ithird_party/upb -Isrc/core/ext/upb-gen -Isrc/core/ext/upbdefs-gen -Ithird_party/utf8_range -Ithird_party/xxhash -Ithird_party/zlib -I/usr/local/google/home/ssreenithi/.pyenv/versions/3.12.0/envs/pyvenv_312/include -I/usr/local/google/home/ssreenithi/.pyenv/versions/3.12.0/include/python3.12 -c third_party/boringssl-with-bazel/src/crypto/evp/p_x25519.cc -o pyb/temp.linux-x86_64-cpython-312/third_party/boringssl-with-bazel/src/crypto/evp/p_x25519.o -std=c++17 -fvisibility=hidden -fno-wrapv -fno-exceptions -pthread
      g++ -fno-strict-overflow -Wsign-compare -DNDEBUG -g -O3 -Wall -fPIC -D_WIN32_WINNT=1536 -DGRPC_XDS_USER_AGENT_NAME_SUFFIX=\"Python\" -DGRPC_XDS_USER_AGENT_VERSION_SUFFIX=\"1.79.0.dev0\" -DHAVE_CONFIG_H=1 -DGRPC_ENABLE_FORK_SUPPORT=1 -DGRPC_ENABLE_FORK_SUPPORT_DEFAULT=false -DGRPC_PYTHON_BUILD=1 -D__STDC_FORMAT_MACROS "-DPyMODINIT_FUNC=extern \"C\" __attribute__((visibility (\"default\"))) PyObject*" -DGRPC_POSIX_FORK_ALLOW_PTHREAD_ATFORK=1 -Isrc/python/grpcio -Iinclude -I. -Ithird_party/abseil-cpp -Ithird_party/address_sorting/include -Ithird_party/cares/cares/include -Ithird_party/cares -Ithird_party/cares/cares -Ithird_party/cares/cares/src/lib/include -Ithird_party/cares/cares/src/lib -Ithird_party/cares/config_linux -Ithird_party/re2 -Ithird_party/boringssl-with-bazel/src/include -Ithird_party/upb -Isrc/core/ext/upb-gen -Isrc/core/ext/upbdefs-gen -Ithird_party/utf8_range -Ithird_party/xxhash -Ithird_party/zlib -I/usr/local/google/home/ssreenithi/.pyenv/versions/3.12.0/envs/pyvenv_312/include -I/usr/local/google/home/ssreenithi/.pyenv/versions/3.12.0/include/python3.12 -c third_party/boringssl-with-bazel/src/crypto/spake2plus/spake2plus.cc -o pyb/temp.linux-x86_64-cpython-312/third_party/boringssl-with-bazel/src/crypto/spake2plus/spake2plus.o -std=c++17 -fvisibility=hidden -fno-wrapv -fno-exceptions -pthread
      g++ -fno-strict-overflow -Wsign-compare -DNDEBUG -g -O3 -Wall -fPIC -D_WIN32_WINNT=1536 -DGRPC_XDS_USER_AGENT_NAME_SUFFIX=\"Python\" -DGRPC_XDS_USER_AGENT_VERSION_SUFFIX=\"1.79.0.dev0\" -DHAVE_CONFIG_H=1 -DGRPC_ENABLE_FORK_SUPPORT=1 -DGRPC_ENABLE_FORK_SUPPORT_DEFAULT=false -DGRPC_PYTHON_BUILD=1 -D__STDC_FORMAT_MACROS "-DPyMODINIT_FUNC=extern \"C\" __attribute__((visibility (\"default\"))) PyObject*" -DGRPC_POSIX_FORK_ALLOW_PTHREAD_ATFORK=1 -Isrc/python/grpcio -Iinclude -I. -Ithird_party/abseil-cpp -Ithird_party/address_sorting/include -Ithird_party/cares/cares/include -Ithird_party/cares -Ithird_party/cares/cares -Ithird_party/cares/cares/src/lib/include -Ithird_party/cares/cares/src/lib -Ithird_party/cares/config_linux -Ithird_party/re2 -Ithird_party/boringssl-with-bazel/src/include -Ithird_party/upb -Isrc/core/ext/upb-gen -Isrc/core/ext/upbdefs-gen -Ithird_party/utf8_range -Ithird_party/xxhash -Ithird_party/zlib -I/usr/local/google/home/ssreenithi/.pyenv/versions/3.12.0/envs/pyvenv_312/include -I/usr/local/google/home/ssreenithi/.pyenv/versions/3.12.0/include/python3.12 -c src/core/client_channel/client_channel_factory.cc -o pyb/temp.linux-x86_64-cpython-312/src/core/client_channel/client_channel_factory.o -std=c++17 -fvisibility=hidden -fno-wrapv -fno-exceptions -pthread
      g++ -fno-strict-overflow -Wsign-compare -DNDEBUG -g -O3 -Wall -fPIC -D_WIN32_WINNT=1536 -DGRPC_XDS_USER_AGENT_NAME_SUFFIX=\"Python\" -DGRPC_XDS_USER_AGENT_VERSION_SUFFIX=\"1.79.0.dev0\" -DHAVE_CONFIG_H=1 -DGRPC_ENABLE_FORK_SUPPORT=1 -DGRPC_ENABLE_FORK_SUPPORT_DEFAULT=false -DGRPC_PYTHON_BUILD=1 -D__STDC_FORMAT_MACROS "-DPyMODINIT_FUNC=extern \"C\" __attribute__((visibility (\"default\"))) PyObject*" -DGRPC_POSIX_FORK_ALLOW_PTHREAD_ATFORK=1 -Isrc/python/grpcio -Iinclude -I. -Ithird_party/abseil-cpp -Ithird_party/address_sorting/include -Ithird_party/cares/cares/include -Ithird_party/cares -Ithird_party/cares/cares -Ithird_party/cares/cares/src/lib/include -Ithird_party/cares/cares/src/lib -Ithird_party/cares/config_linux -Ithird_party/re2 -Ithird_party/boringssl-with-bazel/src/include -Ithird_party/upb -Isrc/core/ext/upb-gen -Isrc/core/ext/upbdefs-gen -Ithird_party/utf8_range -Ithird_party/xxhash -Ithird_party/zlib -I/usr/local/google/home/ssreenithi/.pyenv/versions/3.12.0/envs/pyvenv_312/include -I/usr/local/google/home/ssreenithi/.pyenv/versions/3.12.0/include/python3.12 -c src/core/lib/security/authorization/rbac_policy.cc -o pyb/temp.linux-x86_64-cpython-312/src/core/lib/security/authorization/rbac_policy.o -std=c++17 -fvisibility=hidden -fno-wrapv -fno-exceptions -pthread
      g++ -fno-strict-overflow -Wsign-compare -DNDEBUG -g -O3 -Wall -fPIC -D_WIN32_WINNT=1536 -DGRPC_XDS_USER_AGENT_NAME_SUFFIX=\"Python\" -DGRPC_XDS_USER_AGENT_VERSION_SUFFIX=\"1.79.0.dev0\" -DHAVE_CONFIG_H=1 -DGRPC_ENABLE_FORK_SUPPORT=1 -DGRPC_ENABLE_FORK_SUPPORT_DEFAULT=false -DGRPC_PYTHON_BUILD=1 -D__STDC_FORMAT_MACROS "-DPyMODINIT_FUNC=extern \"C\" __attribute__((visibility (\"default\"))) PyObject*" -DGRPC_POSIX_FORK_ALLOW_PTHREAD_ATFORK=1 -Isrc/python/grpcio -Iinclude -I. -Ithird_party/abseil-cpp -Ithird_party/address_sorting/include -Ithird_party/cares/cares/include -Ithird_party/cares -Ithird_party/cares/cares -Ithird_party/cares/cares/src/lib/include -Ithird_party/cares/cares/src/lib -Ithird_party/cares/config_linux -Ithird_party/re2 -Ithird_party/boringssl-with-bazel/src/include -Ithird_party/upb -Isrc/core/ext/upb-gen -Isrc/core/ext/upbdefs-gen -Ithird_party/utf8_range -Ithird_party/xxhash -Ithird_party/zlib -I/usr/local/google/home/ssreenithi/.pyenv/versions/3.12.0/envs/pyvenv_312/include -I/usr/local/google/home/ssreenithi/.pyenv/versions/3.12.0/include/python3.12 -c third_party/boringssl-with-bazel/src/crypto/cpu_aarch64_apple.cc -o pyb/temp.linux-x86_64-cpython-312/third_party/boringssl-with-bazel/src/crypto/cpu_aarch64_apple.o -std=c++17 -fvisibility=hidden -fno-wrapv -fno-exceptions -pthread
      g++ -fno-strict-overflow -Wsign-compare -DNDEBUG -g -O3 -Wall -fPIC -D_WIN32_WINNT=1536 -DGRPC_XDS_USER_AGENT_NAME_SUFFIX=\"Python\" -DGRPC_XDS_USER_AGENT_VERSION_SUFFIX=\"1.79.0.dev0\" -DHAVE_CONFIG_H=1 -DGRPC_ENABLE_FORK_SUPPORT=1 -DGRPC_ENABLE_FORK_SUPPORT_DEFAULT=false -DGRPC_PYTHON_BUILD=1 -D__STDC_FORMAT_MACROS "-DPyMODINIT_FUNC=extern \"C\" __attribute__((visibility (\"default\"))) PyObject*" -DGRPC_POSIX_FORK_ALLOW_PTHREAD_ATFORK=1 -Isrc/python/grpcio -Iinclude -I. -Ithird_party/abseil-cpp -Ithird_party/address_sorting/include -Ithird_party/cares/cares/include -Ithird_party/cares -Ithird_party/cares/cares -Ithird_party/cares/cares/src/lib/include -Ithird_party/cares/cares/src/lib -Ithird_party/cares/config_linux -Ithird_party/re2 -Ithird_party/boringssl-with-bazel/src/include -Ithird_party/upb -Isrc/core/ext/upb-gen -Isrc/core/ext/upbdefs-gen -Ithird_party/utf8_range -Ithird_party/xxhash -Ithird_party/zlib -I/usr/local/google/home/ssreenithi/.pyenv/versions/3.12.0/envs/pyvenv_312/include -I/usr/local/google/home/ssreenithi/.pyenv/versions/3.12.0/include/python3.12 -c third_party/boringssl-with-bazel/src/crypto/rand/fork_detect.cc -o pyb/temp.linux-x86_64-cpython-312/third_party/boringssl-with-bazel/src/crypto/rand/fork_detect.o -std=c++17 -fvisibility=hidden -fno-wrapv -fno-exceptions -pthread
      g++ -fno-strict-overflow -Wsign-compare -DNDEBUG -g -O3 -Wall -fPIC -D_WIN32_WINNT=1536 -DGRPC_XDS_USER_AGENT_NAME_SUFFIX=\"Python\" -DGRPC_XDS_USER_AGENT_VERSION_SUFFIX=\"1.79.0.dev0\" -DHAVE_CONFIG_H=1 -DGRPC_ENABLE_FORK_SUPPORT=1 -DGRPC_ENABLE_FORK_SUPPORT_DEFAULT=false -DGRPC_PYTHON_BUILD=1 -D__STDC_FORMAT_MACROS "-DPyMODINIT_FUNC=extern \"C\" __attribute__((visibility (\"default\"))) PyObject*" -DGRPC_POSIX_FORK_ALLOW_PTHREAD_ATFORK=1 -Isrc/python/grpcio -Iinclude -I. -Ithird_party/abseil-cpp -Ithird_party/address_sorting/include -Ithird_party/cares/cares/include -Ithird_party/cares -Ithird_party/cares/cares -Ithird_party/cares/cares/src/lib/include -Ithird_party/cares/cares/src/lib -Ithird_party/cares/config_linux -Ithird_party/re2 -Ithird_party/boringssl-with-bazel/src/include -Ithird_party/upb -Isrc/core/ext/upb-gen -Isrc/core/ext/upbdefs-gen -Ithird_party/utf8_range -Ithird_party/xxhash -Ithird_party/zlib -I/usr/local/google/home/ssreenithi/.pyenv/versions/3.12.0/envs/pyvenv_312/include -I/usr/local/google/home/ssreenithi/.pyenv/versions/3.12.0/include/python3.12 -c src/core/resolver/sockaddr/sockaddr_resolver.cc -o pyb/temp.linux-x86_64-cpython-312/src/core/resolver/sockaddr/sockaddr_resolver.o -std=c++17 -fvisibility=hidden -fno-wrapv -fno-exceptions -pthread
      g++ -fno-strict-overflow -Wsign-compare -DNDEBUG -g -O3 -Wall -fPIC -D_WIN32_WINNT=1536 -DGRPC_XDS_USER_AGENT_NAME_SUFFIX=\"Python\" -DGRPC_XDS_USER_AGENT_VERSION_SUFFIX=\"1.79.0.dev0\" -DHAVE_CONFIG_H=1 -DGRPC_ENABLE_FORK_SUPPORT=1 -DGRPC_ENABLE_FORK_SUPPORT_DEFAULT=false -DGRPC_PYTHON_BUILD=1 -D__STDC_FORMAT_MACROS "-DPyMODINIT_FUNC=extern \"C\" __attribute__((visibility (\"default\"))) PyObject*" -DGRPC_POSIX_FORK_ALLOW_PTHREAD_ATFORK=1 -Isrc/python/grpcio -Iinclude -I. -Ithird_party/abseil-cpp -Ithird_party/address_sorting/include -Ithird_party/cares/cares/include -Ithird_party/cares -Ithird_party/cares/cares -Ithird_party/cares/cares/src/lib/include -Ithird_party/cares/cares/src/lib -Ithird_party/cares/config_linux -Ithird_party/re2 -Ithird_party/boringssl-with-bazel/src/include -Ithird_party/upb -Isrc/core/ext/upb-gen -Isrc/core/ext/upbdefs-gen -Ithird_party/utf8_range -Ithird_party/xxhash -Ithird_party/zlib -I/usr/local/google/home/ssreenithi/.pyenv/versions/3.12.0/envs/pyvenv_312/include -I/usr/local/google/home/ssreenithi/.pyenv/versions/3.12.0/include/python3.12 -c third_party/boringssl-with-bazel/src/crypto/rand/urandom.cc -o pyb/temp.linux-x86_64-cpython-312/third_party/boringssl-with-bazel/src/crypto/rand/urandom.o -std=c++17 -fvisibility=hidden -fno-wrapv -fno-exceptions -pthread
      g++ -fno-strict-overflow -Wsign-compare -DNDEBUG -g -O3 -Wall -fPIC -D_WIN32_WINNT=1536 -DGRPC_XDS_USER_AGENT_NAME_SUFFIX=\"Python\" -DGRPC_XDS_USER_AGENT_VERSION_SUFFIX=\"1.79.0.dev0\" -DHAVE_CONFIG_H=1 -DGRPC_ENABLE_FORK_SUPPORT=1 -DGRPC_ENABLE_FORK_SUPPORT_DEFAULT=false -DGRPC_PYTHON_BUILD=1 -D__STDC_FORMAT_MACROS "-DPyMODINIT_FUNC=extern \"C\" __attribute__((visibility (\"default\"))) PyObject*" -DGRPC_POSIX_FORK_ALLOW_PTHREAD_ATFORK=1 -Isrc/python/grpcio -Iinclude -I. -Ithird_party/abseil-cpp -Ithird_party/address_sorting/include -Ithird_party/cares/cares/include -Ithird_party/cares -Ithird_party/cares/cares -Ithird_party/cares/cares/src/lib/include -Ithird_party/cares/cares/src/lib -Ithird_party/cares/config_linux -Ithird_party/re2 -Ithird_party/boringssl-with-bazel/src/include -Ithird_party/upb -Isrc/core/ext/upb-gen -Isrc/core/ext/upbdefs-gen -Ithird_party/utf8_range -Ithird_party/xxhash -Ithird_party/zlib -I/usr/local/google/home/ssreenithi/.pyenv/versions/3.12.0/envs/pyvenv_312/include -I/usr/local/google/home/ssreenithi/.pyenv/versions/3.12.0/include/python3.12 -c third_party/boringssl-with-bazel/src/crypto/evp/p_ec_asn1.cc -o pyb/temp.linux-x86_64-cpython-312/third_party/boringssl-with-bazel/src/crypto/evp/p_ec_asn1.o -std=c++17 -fvisibility=hidden -fno-wrapv -fno-exceptions -pthread
      g++ -fno-strict-overflow -Wsign-compare -DNDEBUG -g -O3 -Wall -fPIC -D_WIN32_WINNT=1536 -DGRPC_XDS_USER_AGENT_NAME_SUFFIX=\"Python\" -DGRPC_XDS_USER_AGENT_VERSION_SUFFIX=\"1.79.0.dev0\" -DHAVE_CONFIG_H=1 -DGRPC_ENABLE_FORK_SUPPORT=1 -DGRPC_ENABLE_FORK_SUPPORT_DEFAULT=false -DGRPC_PYTHON_BUILD=1 -D__STDC_FORMAT_MACROS "-DPyMODINIT_FUNC=extern \"C\" __attribute__((visibility (\"default\"))) PyObject*" -DGRPC_POSIX_FORK_ALLOW_PTHREAD_ATFORK=1 -Isrc/python/grpcio -Iinclude -I. -Ithird_party/abseil-cpp -Ithird_party/address_sorting/include -Ithird_party/cares/cares/include -Ithird_party/cares -Ithird_party/cares/cares -Ithird_party/cares/cares/src/lib/include -Ithird_party/cares/cares/src/lib -Ithird_party/cares/config_linux -Ithird_party/re2 -Ithird_party/boringssl-with-bazel/src/include -Ithird_party/upb -Isrc/core/ext/upb-gen -Isrc/core/ext/upbdefs-gen -Ithird_party/utf8_range -Ithird_party/xxhash -Ithird_party/zlib -I/usr/local/google/home/ssreenithi/.pyenv/versions/3.12.0/envs/pyvenv_312/include -I/usr/local/google/home/ssreenithi/.pyenv/versions/3.12.0/include/python3.12 -c src/core/xds/grpc/xds_matcher_input.cc -o pyb/temp.linux-x86_64-cpython-312/src/core/xds/grpc/xds_matcher_input.o -std=c++17 -fvisibility=hidden -fno-wrapv -fno-exceptions -pthread
      g++ -fno-strict-overflow -Wsign-compare -DNDEBUG -g -O3 -Wall -fPIC -D_WIN32_WINNT=1536 -DGRPC_XDS_USER_AGENT_NAME_SUFFIX=\"Python\" -DGRPC_XDS_USER_AGENT_VERSION_SUFFIX=\"1.79.0.dev0\" -DHAVE_CONFIG_H=1 -DGRPC_ENABLE_FORK_SUPPORT=1 -DGRPC_ENABLE_FORK_SUPPORT_DEFAULT=false -DGRPC_PYTHON_BUILD=1 -D__STDC_FORMAT_MACROS "-DPyMODINIT_FUNC=extern \"C\" __attribute__((visibility (\"default\"))) PyObject*" -DGRPC_POSIX_FORK_ALLOW_PTHREAD_ATFORK=1 -Isrc/python/grpcio -Iinclude -I. -Ithird_party/abseil-cpp -Ithird_party/address_sorting/include -Ithird_party/cares/cares/include -Ithird_party/cares -Ithird_party/cares/cares -Ithird_party/cares/cares/src/lib/include -Ithird_party/cares/cares/src/lib -Ithird_party/cares/config_linux -Ithird_party/re2 -Ithird_party/boringssl-with-bazel/src/include -Ithird_party/upb -Isrc/core/ext/upb-gen -Isrc/core/ext/upbdefs-gen -Ithird_party/utf8_range -Ithird_party/xxhash -Ithird_party/zlib -I/usr/local/google/home/ssreenithi/.pyenv/versions/3.12.0/envs/pyvenv_312/include -I/usr/local/google/home/ssreenithi/.pyenv/versions/3.12.0/include/python3.12 -c src/core/util/json/json_util.cc -o pyb/temp.linux-x86_64-cpython-312/src/core/util/json/json_util.o -std=c++17 -fvisibility=hidden -fno-wrapv -fno-exceptions -pthread
      g++ -fno-strict-overflow -Wsign-compare -DNDEBUG -g -O3 -Wall -fPIC -D_WIN32_WINNT=1536 -DGRPC_XDS_USER_AGENT_NAME_SUFFIX=\"Python\" -DGRPC_XDS_USER_AGENT_VERSION_SUFFIX=\"1.79.0.dev0\" -DHAVE_CONFIG_H=1 -DGRPC_ENABLE_FORK_SUPPORT=1 -DGRPC_ENABLE_FORK_SUPPORT_DEFAULT=false -DGRPC_PYTHON_BUILD=1 -D__STDC_FORMAT_MACROS "-DPyMODINIT_FUNC=extern \"C\" __attribute__((visibility (\"default\"))) PyObject*" -DGRPC_POSIX_FORK_ALLOW_PTHREAD_ATFORK=1 -Isrc/python/grpcio -Iinclude -I. -Ithird_party/abseil-cpp -Ithird_party/address_sorting/include -Ithird_party/cares/cares/include -Ithird_party/cares -Ithird_party/cares/cares -Ithird_party/cares/cares/src/lib/include -Ithird_party/cares/cares/src/lib -Ithird_party/cares/config_linux -Ithird_party/re2 -Ithird_party/boringssl-with-bazel/src/include -Ithird_party/upb -Isrc/core/ext/upb-gen -Isrc/core/ext/upbdefs-gen -Ithird_party/utf8_range -Ithird_party/xxhash -Ithird_party/zlib -I/usr/local/google/home/ssreenithi/.pyenv/versions/3.12.0/envs/pyvenv_312/include -I/usr/local/google/home/ssreenithi/.pyenv/versions/3.12.0/include/python3.12 -c third_party/boringssl-with-bazel/src/crypto/trust_token/trust_token.cc -o pyb/temp.linux-x86_64-cpython-312/third_party/boringssl-with-bazel/src/crypto/trust_token/trust_token.o -std=c++17 -fvisibility=hidden -fno-wrapv -fno-exceptions -pthread
      g++ -fno-strict-overflow -Wsign-compare -DNDEBUG -g -O3 -Wall -fPIC -D_WIN32_WINNT=1536 -DGRPC_XDS_USER_AGENT_NAME_SUFFIX=\"Python\" -DGRPC_XDS_USER_AGENT_VERSION_SUFFIX=\"1.79.0.dev0\" -DHAVE_CONFIG_H=1 -DGRPC_ENABLE_FORK_SUPPORT=1 -DGRPC_ENABLE_FORK_SUPPORT_DEFAULT=false -DGRPC_PYTHON_BUILD=1 -D__STDC_FORMAT_MACROS "-DPyMODINIT_FUNC=extern \"C\" __attribute__((visibility (\"default\"))) PyObject*" -DGRPC_POSIX_FORK_ALLOW_PTHREAD_ATFORK=1 -Isrc/python/grpcio -Iinclude -I. -Ithird_party/abseil-cpp -Ithird_party/address_sorting/include -Ithird_party/cares/cares/include -Ithird_party/cares -Ithird_party/cares/cares -Ithird_party/cares/cares/src/lib/include -Ithird_party/cares/cares/src/lib -Ithird_party/cares/config_linux -Ithird_party/re2 -Ithird_party/boringssl-with-bazel/src/include -Ithird_party/upb -Isrc/core/ext/upb-gen -Isrc/core/ext/upbdefs-gen -Ithird_party/utf8_range -Ithird_party/xxhash -Ithird_party/zlib -I/usr/local/google/home/ssreenithi/.pyenv/versions/3.12.0/envs/pyvenv_312/include -I/usr/local/google/home/ssreenithi/.pyenv/versions/3.12.0/include/python3.12 -c third_party/boringssl-with-bazel/src/crypto/rsa/rsa_print.cc -o pyb/temp.linux-x86_64-cpython-312/third_party/boringssl-with-bazel/src/crypto/rsa/rsa_print.o -std=c++17 -fvisibility=hidden -fno-wrapv -fno-exceptions -pthread
      g++ -fno-strict-overflow -Wsign-compare -DNDEBUG -g -O3 -Wall -fPIC -D_WIN32_WINNT=1536 -DGRPC_XDS_USER_AGENT_NAME_SUFFIX=\"Python\" -DGRPC_XDS_USER_AGENT_VERSION_SUFFIX=\"1.79.0.dev0\" -DHAVE_CONFIG_H=1 -DGRPC_ENABLE_FORK_SUPPORT=1 -DGRPC_ENABLE_FORK_SUPPORT_DEFAULT=false -DGRPC_PYTHON_BUILD=1 -D__STDC_FORMAT_MACROS "-DPyMODINIT_FUNC=extern \"C\" __attribute__((visibility (\"default\"))) PyObject*" -DGRPC_POSIX_FORK_ALLOW_PTHREAD_ATFORK=1 -Isrc/python/grpcio -Iinclude -I. -Ithird_party/abseil-cpp -Ithird_party/address_sorting/include -Ithird_party/cares/cares/include -Ithird_party/cares -Ithird_party/cares/cares -Ithird_party/cares/cares/src/lib/include -Ithird_party/cares/cares/src/lib -Ithird_party/cares/config_linux -Ithird_party/re2 -Ithird_party/boringssl-with-bazel/src/include -Ithird_party/upb -Isrc/core/ext/upb-gen -Isrc/core/ext/upbdefs-gen -Ithird_party/utf8_range -Ithird_party/xxhash -Ithird_party/zlib -I/usr/local/google/home/ssreenithi/.pyenv/versions/3.12.0/envs/pyvenv_312/include -I/usr/local/google/home/ssreenithi/.pyenv/versions/3.12.0/include/python3.12 -c third_party/boringssl-with-bazel/src/crypto/cipher/e_rc4.cc -o pyb/temp.linux-x86_64-cpython-312/third_party/boringssl-with-bazel/src/crypto/cipher/e_rc4.o -std=c++17 -fvisibility=hidden -fno-wrapv -fno-exceptions -pthread
      g++ -fno-strict-overflow -Wsign-compare -DNDEBUG -g -O3 -Wall -fPIC -D_WIN32_WINNT=1536 -DGRPC_XDS_USER_AGENT_NAME_SUFFIX=\"Python\" -DGRPC_XDS_USER_AGENT_VERSION_SUFFIX=\"1.79.0.dev0\" -DHAVE_CONFIG_H=1 -DGRPC_ENABLE_FORK_SUPPORT=1 -DGRPC_ENABLE_FORK_SUPPORT_DEFAULT=false -DGRPC_PYTHON_BUILD=1 -D__STDC_FORMAT_MACROS "-DPyMODINIT_FUNC=extern \"C\" __attribute__((visibility (\"default\"))) PyObject*" -DGRPC_POSIX_FORK_ALLOW_PTHREAD_ATFORK=1 -Isrc/python/grpcio -Iinclude -I. -Ithird_party/abseil-cpp -Ithird_party/address_sorting/include -Ithird_party/cares/cares/include -Ithird_party/cares -Ithird_party/cares/cares -Ithird_party/cares/cares/src/lib/include -Ithird_party/cares/cares/src/lib -Ithird_party/cares/config_linux -Ithird_party/re2 -Ithird_party/boringssl-with-bazel/src/include -Ithird_party/upb -Isrc/core/ext/upb-gen -Isrc/core/ext/upbdefs-gen -Ithird_party/utf8_range -Ithird_party/xxhash -Ithird_party/zlib -I/usr/local/google/home/ssreenithi/.pyenv/versions/3.12.0/envs/pyvenv_312/include -I/usr/local/google/home/ssreenithi/.pyenv/versions/3.12.0/include/python3.12 -c third_party/boringssl-with-bazel/src/crypto/ec/ec_asn1.cc -o pyb/temp.linux-x86_64-cpython-312/third_party/boringssl-with-bazel/src/crypto/ec/ec_asn1.o -std=c++17 -fvisibility=hidden -fno-wrapv -fno-exceptions -pthread
      g++ -fno-strict-overflow -Wsign-compare -DNDEBUG -g -O3 -Wall -fPIC -D_WIN32_WINNT=1536 -DGRPC_XDS_USER_AGENT_NAME_SUFFIX=\"Python\" -DGRPC_XDS_USER_AGENT_VERSION_SUFFIX=\"1.79.0.dev0\" -DHAVE_CONFIG_H=1 -DGRPC_ENABLE_FORK_SUPPORT=1 -DGRPC_ENABLE_FORK_SUPPORT_DEFAULT=false -DGRPC_PYTHON_BUILD=1 -D__STDC_FORMAT_MACROS "-DPyMODINIT_FUNC=extern \"C\" __attribute__((visibility (\"default\"))) PyObject*" -DGRPC_POSIX_FORK_ALLOW_PTHREAD_ATFORK=1 -Isrc/python/grpcio -Iinclude -I. -Ithird_party/abseil-cpp -Ithird_party/address_sorting/include -Ithird_party/cares/cares/include -Ithird_party/cares -Ithird_party/cares/cares -Ithird_party/cares/cares/src/lib/include -Ithird_party/cares/cares/src/lib -Ithird_party/cares/config_linux -Ithird_party/re2 -Ithird_party/boringssl-with-bazel/src/include -Ithird_party/upb -Isrc/core/ext/upb-gen -Isrc/core/ext/upbdefs-gen -Ithird_party/utf8_range -Ithird_party/xxhash -Ithird_party/zlib -I/usr/local/google/home/ssreenithi/.pyenv/versions/3.12.0/envs/pyvenv_312/include -I/usr/local/google/home/ssreenithi/.pyenv/versions/3.12.0/include/python3.12 -c third_party/abseil-cpp/absl/time/internal/cctz/src/time_zone_info.cc -o pyb/temp.linux-x86_64-cpython-312/third_party/abseil-cpp/absl/time/internal/cctz/src/time_zone_info.o -std=c++17 -fvisibility=hidden -fno-wrapv -fno-exceptions -pthread
      g++ -fno-strict-overflow -Wsign-compare -DNDEBUG -g -O3 -Wall -fPIC -D_WIN32_WINNT=1536 -DGRPC_XDS_USER_AGENT_NAME_SUFFIX=\"Python\" -DGRPC_XDS_USER_AGENT_VERSION_SUFFIX=\"1.79.0.dev0\" -DHAVE_CONFIG_H=1 -DGRPC_ENABLE_FORK_SUPPORT=1 -DGRPC_ENABLE_FORK_SUPPORT_DEFAULT=false -DGRPC_PYTHON_BUILD=1 -D__STDC_FORMAT_MACROS "-DPyMODINIT_FUNC=extern \"C\" __attribute__((visibility (\"default\"))) PyObject*" -DGRPC_POSIX_FORK_ALLOW_PTHREAD_ATFORK=1 -Isrc/python/grpcio -Iinclude -I. -Ithird_party/abseil-cpp -Ithird_party/address_sorting/include -Ithird_party/cares/cares/include -Ithird_party/cares -Ithird_party/cares/cares -Ithird_party/cares/cares/src/lib/include -Ithird_party/cares/cares/src/lib -Ithird_party/cares/config_linux -Ithird_party/re2 -Ithird_party/boringssl-with-bazel/src/include -Ithird_party/upb -Isrc/core/ext/upb-gen -Isrc/core/ext/upbdefs-gen -Ithird_party/utf8_range -Ithird_party/xxhash -Ithird_party/zlib -I/usr/local/google/home/ssreenithi/.pyenv/versions/3.12.0/envs/pyvenv_312/include -I/usr/local/google/home/ssreenithi/.pyenv/versions/3.12.0/include/python3.12 -c third_party/boringssl-with-bazel/src/crypto/evp/p_x25519_asn1.cc -o pyb/temp.linux-x86_64-cpython-312/third_party/boringssl-with-bazel/src/crypto/evp/p_x25519_asn1.o -std=c++17 -fvisibility=hidden -fno-wrapv -fno-exceptions -pthread
      g++ -fno-strict-overflow -Wsign-compare -DNDEBUG -g -O3 -Wall -fPIC -D_WIN32_WINNT=1536 -DGRPC_XDS_USER_AGENT_NAME_SUFFIX=\"Python\" -DGRPC_XDS_USER_AGENT_VERSION_SUFFIX=\"1.79.0.dev0\" -DHAVE_CONFIG_H=1 -DGRPC_ENABLE_FORK_SUPPORT=1 -DGRPC_ENABLE_FORK_SUPPORT_DEFAULT=false -DGRPC_PYTHON_BUILD=1 -D__STDC_FORMAT_MACROS "-DPyMODINIT_FUNC=extern \"C\" __attribute__((visibility (\"default\"))) PyObject*" -DGRPC_POSIX_FORK_ALLOW_PTHREAD_ATFORK=1 -Isrc/python/grpcio -Iinclude -I. -Ithird_party/abseil-cpp -Ithird_party/address_sorting/include -Ithird_party/cares/cares/include -Ithird_party/cares -Ithird_party/cares/cares -Ithird_party/cares/cares/src/lib/include -Ithird_party/cares/cares/src/lib -Ithird_party/cares/config_linux -Ithird_party/re2 -Ithird_party/boringssl-with-bazel/src/include -Ithird_party/upb -Isrc/core/ext/upb-gen -Isrc/core/ext/upbdefs-gen -Ithird_party/utf8_range -Ithird_party/xxhash -Ithird_party/zlib -I/usr/local/google/home/ssreenithi/.pyenv/versions/3.12.0/envs/pyvenv_312/include -I/usr/local/google/home/ssreenithi/.pyenv/versions/3.12.0/include/python3.12 -c third_party/boringssl-with-bazel/src/crypto/x509/by_dir.cc -o pyb/temp.linux-x86_64-cpython-312/third_party/boringssl-with-bazel/src/crypto/x509/by_dir.o -std=c++17 -fvisibility=hidden -fno-wrapv -fno-exceptions -pthread
      g++ -fno-strict-overflow -Wsign-compare -DNDEBUG -g -O3 -Wall -fPIC -D_WIN32_WINNT=1536 -DGRPC_XDS_USER_AGENT_NAME_SUFFIX=\"Python\" -DGRPC_XDS_USER_AGENT_VERSION_SUFFIX=\"1.79.0.dev0\" -DHAVE_CONFIG_H=1 -DGRPC_ENABLE_FORK_SUPPORT=1 -DGRPC_ENABLE_FORK_SUPPORT_DEFAULT=false -DGRPC_PYTHON_BUILD=1 -D__STDC_FORMAT_MACROS "-DPyMODINIT_FUNC=extern \"C\" __attribute__((visibility (\"default\"))) PyObject*" -DGRPC_POSIX_FORK_ALLOW_PTHREAD_ATFORK=1 -Isrc/python/grpcio -Iinclude -I. -Ithird_party/abseil-cpp -Ithird_party/address_sorting/include -Ithird_party/cares/cares/include -Ithird_party/cares -Ithird_party/cares/cares -Ithird_party/cares/cares/src/lib/include -Ithird_party/cares/cares/src/lib -Ithird_party/cares/config_linux -Ithird_party/re2 -Ithird_party/boringssl-with-bazel/src/include -Ithird_party/upb -Isrc/core/ext/upb-gen -Isrc/core/ext/upbdefs-gen -Ithird_party/utf8_range -Ithird_party/xxhash -Ithird_party/zlib -I/usr/local/google/home/ssreenithi/.pyenv/versions/3.12.0/envs/pyvenv_312/include -I/usr/local/google/home/ssreenithi/.pyenv/versions/3.12.0/include/python3.12 -c third_party/boringssl-with-bazel/src/crypto/pem/pem_pkey.cc -o pyb/temp.linux-x86_64-cpython-312/third_party/boringssl-with-bazel/src/crypto/pem/pem_pkey.o -std=c++17 -fvisibility=hidden -fno-wrapv -fno-exceptions -pthread
      g++ -fno-strict-overflow -Wsign-compare -DNDEBUG -g -O3 -Wall -fPIC -D_WIN32_WINNT=1536 -DGRPC_XDS_USER_AGENT_NAME_SUFFIX=\"Python\" -DGRPC_XDS_USER_AGENT_VERSION_SUFFIX=\"1.79.0.dev0\" -DHAVE_CONFIG_H=1 -DGRPC_ENABLE_FORK_SUPPORT=1 -DGRPC_ENABLE_FORK_SUPPORT_DEFAULT=false -DGRPC_PYTHON_BUILD=1 -D__STDC_FORMAT_MACROS "-DPyMODINIT_FUNC=extern \"C\" __attribute__((visibility (\"default\"))) PyObject*" -DGRPC_POSIX_FORK_ALLOW_PTHREAD_ATFORK=1 -Isrc/python/grpcio -Iinclude -I. -Ithird_party/abseil-cpp -Ithird_party/address_sorting/include -Ithird_party/cares/cares/include -Ithird_party/cares -Ithird_party/cares/cares -Ithird_party/cares/cares/src/lib/include -Ithird_party/cares/cares/src/lib -Ithird_party/cares/config_linux -Ithird_party/re2 -Ithird_party/boringssl-with-bazel/src/include -Ithird_party/upb -Isrc/core/ext/upb-gen -Isrc/core/ext/upbdefs-gen -Ithird_party/utf8_range -Ithird_party/xxhash -Ithird_party/zlib -I/usr/local/google/home/ssreenithi/.pyenv/versions/3.12.0/envs/pyvenv_312/include -I/usr/local/google/home/ssreenithi/.pyenv/versions/3.12.0/include/python3.12 -c third_party/boringssl-with-bazel/src/crypto/cpu_aarch64_fuchsia.cc -o pyb/temp.linux-x86_64-cpython-312/third_party/boringssl-with-bazel/src/crypto/cpu_aarch64_fuchsia.o -std=c++17 -fvisibility=hidden -fno-wrapv -fno-exceptions -pthread
      g++ -fno-strict-overflow -Wsign-compare -DNDEBUG -g -O3 -Wall -fPIC -D_WIN32_WINNT=1536 -DGRPC_XDS_USER_AGENT_NAME_SUFFIX=\"Python\" -DGRPC_XDS_USER_AGENT_VERSION_SUFFIX=\"1.79.0.dev0\" -DHAVE_CONFIG_H=1 -DGRPC_ENABLE_FORK_SUPPORT=1 -DGRPC_ENABLE_FORK_SUPPORT_DEFAULT=false -DGRPC_PYTHON_BUILD=1 -D__STDC_FORMAT_MACROS "-DPyMODINIT_FUNC=extern \"C\" __attribute__((visibility (\"default\"))) PyObject*" -DGRPC_POSIX_FORK_ALLOW_PTHREAD_ATFORK=1 -Isrc/python/grpcio -Iinclude -I. -Ithird_party/abseil-cpp -Ithird_party/address_sorting/include -Ithird_party/cares/cares/include -Ithird_party/cares -Ithird_party/cares/cares -Ithird_party/cares/cares/src/lib/include -Ithird_party/cares/cares/src/lib -Ithird_party/cares/config_linux -Ithird_party/re2 -Ithird_party/boringssl-with-bazel/src/include -Ithird_party/upb -Isrc/core/ext/upb-gen -Isrc/core/ext/upbdefs-gen -Ithird_party/utf8_range -Ithird_party/xxhash -Ithird_party/zlib -I/usr/local/google/home/ssreenithi/.pyenv/versions/3.12.0/envs/pyvenv_312/include -I/usr/local/google/home/ssreenithi/.pyenv/versions/3.12.0/include/python3.12 -c third_party/boringssl-with-bazel/src/crypto/rand/forkunsafe.cc -o pyb/temp.linux-x86_64-cpython-312/third_party/boringssl-with-bazel/src/crypto/rand/forkunsafe.o -std=c++17 -fvisibility=hidden -fno-wrapv -fno-exceptions -pthread
      g++ -fno-strict-overflow -Wsign-compare -DNDEBUG -g -O3 -Wall -fPIC -D_WIN32_WINNT=1536 -DGRPC_XDS_USER_AGENT_NAME_SUFFIX=\"Python\" -DGRPC_XDS_USER_AGENT_VERSION_SUFFIX=\"1.79.0.dev0\" -DHAVE_CONFIG_H=1 -DGRPC_ENABLE_FORK_SUPPORT=1 -DGRPC_ENABLE_FORK_SUPPORT_DEFAULT=false -DGRPC_PYTHON_BUILD=1 -D__STDC_FORMAT_MACROS "-DPyMODINIT_FUNC=extern \"C\" __attribute__((visibility (\"default\"))) PyObject*" -DGRPC_POSIX_FORK_ALLOW_PTHREAD_ATFORK=1 -Isrc/python/grpcio -Iinclude -I. -Ithird_party/abseil-cpp -Ithird_party/address_sorting/include -Ithird_party/cares/cares/include -Ithird_party/cares -Ithird_party/cares/cares -Ithird_party/cares/cares/src/lib/include -Ithird_party/cares/cares/src/lib -Ithird_party/cares/config_linux -Ithird_party/re2 -Ithird_party/boringssl-with-bazel/src/include -Ithird_party/upb -Isrc/core/ext/upb-gen -Isrc/core/ext/upbdefs-gen -Ithird_party/utf8_range -Ithird_party/xxhash -Ithird_party/zlib -I/usr/local/google/home/ssreenithi/.pyenv/versions/3.12.0/envs/pyvenv_312/include -I/usr/local/google/home/ssreenithi/.pyenv/versions/3.12.0/include/python3.12 -c third_party/boringssl-with-bazel/src/crypto/bytestring/unicode.cc -o pyb/temp.linux-x86_64-cpython-312/third_party/boringssl-with-bazel/src/crypto/bytestring/unicode.o -std=c++17 -fvisibility=hidden -fno-wrapv -fno-exceptions -pthread
      g++ -fno-strict-overflow -Wsign-compare -DNDEBUG -g -O3 -Wall -fPIC -D_WIN32_WINNT=1536 -DGRPC_XDS_USER_AGENT_NAME_SUFFIX=\"Python\" -DGRPC_XDS_USER_AGENT_VERSION_SUFFIX=\"1.79.0.dev0\" -DHAVE_CONFIG_H=1 -DGRPC_ENABLE_FORK_SUPPORT=1 -DGRPC_ENABLE_FORK_SUPPORT_DEFAULT=false -DGRPC_PYTHON_BUILD=1 -D__STDC_FORMAT_MACROS "-DPyMODINIT_FUNC=extern \"C\" __attribute__((visibility (\"default\"))) PyObject*" -DGRPC_POSIX_FORK_ALLOW_PTHREAD_ATFORK=1 -Isrc/python/grpcio -Iinclude -I. -Ithird_party/abseil-cpp -Ithird_party/address_sorting/include -Ithird_party/cares/cares/include -Ithird_party/cares -Ithird_party/cares/cares -Ithird_party/cares/cares/src/lib/include -Ithird_party/cares/cares/src/lib -Ithird_party/cares/config_linux -Ithird_party/re2 -Ithird_party/boringssl-with-bazel/src/include -Ithird_party/upb -Isrc/core/ext/upb-gen -Isrc/core/ext/upbdefs-gen -Ithird_party/utf8_range -Ithird_party/xxhash -Ithird_party/zlib -I/usr/local/google/home/ssreenithi/.pyenv/versions/3.12.0/envs/pyvenv_312/include -I/usr/local/google/home/ssreenithi/.pyenv/versions/3.12.0/include/python3.12 -c src/core/ext/transport/chttp2/transport/goaway.cc -o pyb/temp.linux-x86_64-cpython-312/src/core/ext/transport/chttp2/transport/goaway.o -std=c++17 -fvisibility=hidden -fno-wrapv -fno-exceptions -pthread
      g++ -fno-strict-overflow -Wsign-compare -DNDEBUG -g -O3 -Wall -fPIC -D_WIN32_WINNT=1536 -DGRPC_XDS_USER_AGENT_NAME_SUFFIX=\"Python\" -DGRPC_XDS_USER_AGENT_VERSION_SUFFIX=\"1.79.0.dev0\" -DHAVE_CONFIG_H=1 -DGRPC_ENABLE_FORK_SUPPORT=1 -DGRPC_ENABLE_FORK_SUPPORT_DEFAULT=false -DGRPC_PYTHON_BUILD=1 -D__STDC_FORMAT_MACROS "-DPyMODINIT_FUNC=extern \"C\" __attribute__((visibility (\"default\"))) PyObject*" -DGRPC_POSIX_FORK_ALLOW_PTHREAD_ATFORK=1 -Isrc/python/grpcio -Iinclude -I. -Ithird_party/abseil-cpp -Ithird_party/address_sorting/include -Ithird_party/cares/cares/include -Ithird_party/cares -Ithird_party/cares/cares -Ithird_party/cares/cares/src/lib/include -Ithird_party/cares/cares/src/lib -Ithird_party/cares/config_linux -Ithird_party/re2 -Ithird_party/boringssl-with-bazel/src/include -Ithird_party/upb -Isrc/core/ext/upb-gen -Isrc/core/ext/upbdefs-gen -Ithird_party/utf8_range -Ithird_party/xxhash -Ithird_party/zlib -I/usr/local/google/home/ssreenithi/.pyenv/versions/3.12.0/envs/pyvenv_312/include -I/usr/local/google/home/ssreenithi/.pyenv/versions/3.12.0/include/python3.12 -c third_party/boringssl-with-bazel/src/crypto/pkcs8/pkcs8_x509.cc -o pyb/temp.linux-x86_64-cpython-312/third_party/boringssl-with-bazel/src/crypto/pkcs8/pkcs8_x509.o -std=c++17 -fvisibility=hidden -fno-wrapv -fno-exceptions -pthread
      g++ -fno-strict-overflow -Wsign-compare -DNDEBUG -g -O3 -Wall -fPIC -D_WIN32_WINNT=1536 -DGRPC_XDS_USER_AGENT_NAME_SUFFIX=\"Python\" -DGRPC_XDS_USER_AGENT_VERSION_SUFFIX=\"1.79.0.dev0\" -DHAVE_CONFIG_H=1 -DGRPC_ENABLE_FORK_SUPPORT=1 -DGRPC_ENABLE_FORK_SUPPORT_DEFAULT=false -DGRPC_PYTHON_BUILD=1 -D__STDC_FORMAT_MACROS "-DPyMODINIT_FUNC=extern \"C\" __attribute__((visibility (\"default\"))) PyObject*" -DGRPC_POSIX_FORK_ALLOW_PTHREAD_ATFORK=1 -Isrc/python/grpcio -Iinclude -I. -Ithird_party/abseil-cpp -Ithird_party/address_sorting/include -Ithird_party/cares/cares/include -Ithird_party/cares -Ithird_party/cares/cares -Ithird_party/cares/cares/src/lib/include -Ithird_party/cares/cares/src/lib -Ithird_party/cares/config_linux -Ithird_party/re2 -Ithird_party/boringssl-with-bazel/src/include -Ithird_party/upb -Isrc/core/ext/upb-gen -Isrc/core/ext/upbdefs-gen -Ithird_party/utf8_range -Ithird_party/xxhash -Ithird_party/zlib -I/usr/local/google/home/ssreenithi/.pyenv/versions/3.12.0/envs/pyvenv_312/include -I/usr/local/google/home/ssreenithi/.pyenv/versions/3.12.0/include/python3.12 -c third_party/boringssl-with-bazel/src/crypto/evp/evp.cc -o pyb/temp.linux-x86_64-cpython-312/third_party/boringssl-with-bazel/src/crypto/evp/evp.o -std=c++17 -fvisibility=hidden -fno-wrapv -fno-exceptions -pthread
      g++ -fno-strict-overflow -Wsign-compare -DNDEBUG -g -O3 -Wall -fPIC -D_WIN32_WINNT=1536 -DGRPC_XDS_USER_AGENT_NAME_SUFFIX=\"Python\" -DGRPC_XDS_USER_AGENT_VERSION_SUFFIX=\"1.79.0.dev0\" -DHAVE_CONFIG_H=1 -DGRPC_ENABLE_FORK_SUPPORT=1 -DGRPC_ENABLE_FORK_SUPPORT_DEFAULT=false -DGRPC_PYTHON_BUILD=1 -D__STDC_FORMAT_MACROS "-DPyMODINIT_FUNC=extern \"C\" __attribute__((visibility (\"default\"))) PyObject*" -DGRPC_POSIX_FORK_ALLOW_PTHREAD_ATFORK=1 -Isrc/python/grpcio -Iinclude -I. -Ithird_party/abseil-cpp -Ithird_party/address_sorting/include -Ithird_party/cares/cares/include -Ithird_party/cares -Ithird_party/cares/cares -Ithird_party/cares/cares/src/lib/include -Ithird_party/cares/cares/src/lib -Ithird_party/cares/config_linux -Ithird_party/re2 -Ithird_party/boringssl-with-bazel/src/include -Ithird_party/upb -Isrc/core/ext/upb-gen -Isrc/core/ext/upbdefs-gen -Ithird_party/utf8_range -Ithird_party/xxhash -Ithird_party/zlib -I/usr/local/google/home/ssreenithi/.pyenv/versions/3.12.0/envs/pyvenv_312/include -I/usr/local/google/home/ssreenithi/.pyenv/versions/3.12.0/include/python3.12 -c third_party/boringssl-with-bazel/src/crypto/rand/windows.cc -o pyb/temp.linux-x86_64-cpython-312/third_party/boringssl-with-bazel/src/crypto/rand/windows.o -std=c++17 -fvisibility=hidden -fno-wrapv -fno-exceptions -pthread
      g++ -fno-strict-overflow -Wsign-compare -DNDEBUG -g -O3 -Wall -fPIC -D_WIN32_WINNT=1536 -DGRPC_XDS_USER_AGENT_NAME_SUFFIX=\"Python\" -DGRPC_XDS_USER_AGENT_VERSION_SUFFIX=\"1.79.0.dev0\" -DHAVE_CONFIG_H=1 -DGRPC_ENABLE_FORK_SUPPORT=1 -DGRPC_ENABLE_FORK_SUPPORT_DEFAULT=false -DGRPC_PYTHON_BUILD=1 -D__STDC_FORMAT_MACROS "-DPyMODINIT_FUNC=extern \"C\" __attribute__((visibility (\"default\"))) PyObject*" -DGRPC_POSIX_FORK_ALLOW_PTHREAD_ATFORK=1 -Isrc/python/grpcio -Iinclude -I. -Ithird_party/abseil-cpp -Ithird_party/address_sorting/include -Ithird_party/cares/cares/include -Ithird_party/cares -Ithird_party/cares/cares -Ithird_party/cares/cares/src/lib/include -Ithird_party/cares/cares/src/lib -Ithird_party/cares/config_linux -Ithird_party/re2 -Ithird_party/boringssl-with-bazel/src/include -Ithird_party/upb -Isrc/core/ext/upb-gen -Isrc/core/ext/upbdefs-gen -Ithird_party/utf8_range -Ithird_party/xxhash -Ithird_party/zlib -I/usr/local/google/home/ssreenithi/.pyenv/versions/3.12.0/envs/pyvenv_312/include -I/usr/local/google/home/ssreenithi/.pyenv/versions/3.12.0/include/python3.12 -c third_party/boringssl-with-bazel/src/crypto/sha/sha1.cc -o pyb/temp.linux-x86_64-cpython-312/third_party/boringssl-with-bazel/src/crypto/sha/sha1.o -std=c++17 -fvisibility=hidden -fno-wrapv -fno-exceptions -pthread
      g++ -fno-strict-overflow -Wsign-compare -DNDEBUG -g -O3 -Wall -fPIC -D_WIN32_WINNT=1536 -DGRPC_XDS_USER_AGENT_NAME_SUFFIX=\"Python\" -DGRPC_XDS_USER_AGENT_VERSION_SUFFIX=\"1.79.0.dev0\" -DHAVE_CONFIG_H=1 -DGRPC_ENABLE_FORK_SUPPORT=1 -DGRPC_ENABLE_FORK_SUPPORT_DEFAULT=false -DGRPC_PYTHON_BUILD=1 -D__STDC_FORMAT_MACROS "-DPyMODINIT_FUNC=extern \"C\" __attribute__((visibility (\"default\"))) PyObject*" -DGRPC_POSIX_FORK_ALLOW_PTHREAD_ATFORK=1 -Isrc/python/grpcio -Iinclude -I. -Ithird_party/abseil-cpp -Ithird_party/address_sorting/include -Ithird_party/cares/cares/include -Ithird_party/cares -Ithird_party/cares/cares -Ithird_party/cares/cares/src/lib/include -Ithird_party/cares/cares/src/lib -Ithird_party/cares/config_linux -Ithird_party/re2 -Ithird_party/boringssl-with-bazel/src/include -Ithird_party/upb -Isrc/core/ext/upb-gen -Isrc/core/ext/upbdefs-gen -Ithird_party/utf8_range -Ithird_party/xxhash -Ithird_party/zlib -I/usr/local/google/home/ssreenithi/.pyenv/versions/3.12.0/envs/pyvenv_312/include -I/usr/local/google/home/ssreenithi/.pyenv/versions/3.12.0/include/python3.12 -c third_party/boringssl-with-bazel/src/crypto/cipher/e_tls.cc -o pyb/temp.linux-x86_64-cpython-312/third_party/boringssl-with-bazel/src/crypto/cipher/e_tls.o -std=c++17 -fvisibility=hidden -fno-wrapv -fno-exceptions -pthread
      g++ -fno-strict-overflow -Wsign-compare -DNDEBUG -g -O3 -Wall -fPIC -D_WIN32_WINNT=1536 -DGRPC_XDS_USER_AGENT_NAME_SUFFIX=\"Python\" -DGRPC_XDS_USER_AGENT_VERSION_SUFFIX=\"1.79.0.dev0\" -DHAVE_CONFIG_H=1 -DGRPC_ENABLE_FORK_SUPPORT=1 -DGRPC_ENABLE_FORK_SUPPORT_DEFAULT=false -DGRPC_PYTHON_BUILD=1 -D__STDC_FORMAT_MACROS "-DPyMODINIT_FUNC=extern \"C\" __attribute__((visibility (\"default\"))) PyObject*" -DGRPC_POSIX_FORK_ALLOW_PTHREAD_ATFORK=1 -Isrc/python/grpcio -Iinclude -I. -Ithird_party/abseil-cpp -Ithird_party/address_sorting/include -Ithird_party/cares/cares/include -Ithird_party/cares -Ithird_party/cares/cares -Ithird_party/cares/cares/src/lib/include -Ithird_party/cares/cares/src/lib -Ithird_party/cares/config_linux -Ithird_party/re2 -Ithird_party/boringssl-with-bazel/src/include -Ithird_party/upb -Isrc/core/ext/upb-gen -Isrc/core/ext/upbdefs-gen -Ithird_party/utf8_range -Ithird_party/xxhash -Ithird_party/zlib -I/usr/local/google/home/ssreenithi/.pyenv/versions/3.12.0/envs/pyvenv_312/include -I/usr/local/google/home/ssreenithi/.pyenv/versions/3.12.0/include/python3.12 -c third_party/boringssl-with-bazel/src/crypto/evp/p_ed25519.cc -o pyb/temp.linux-x86_64-cpython-312/third_party/boringssl-with-bazel/src/crypto/evp/p_ed25519.o -std=c++17 -fvisibility=hidden -fno-wrapv -fno-exceptions -pthread
      g++ -fno-strict-overflow -Wsign-compare -DNDEBUG -g -O3 -Wall -fPIC -D_WIN32_WINNT=1536 -DGRPC_XDS_USER_AGENT_NAME_SUFFIX=\"Python\" -DGRPC_XDS_USER_AGENT_VERSION_SUFFIX=\"1.79.0.dev0\" -DHAVE_CONFIG_H=1 -DGRPC_ENABLE_FORK_SUPPORT=1 -DGRPC_ENABLE_FORK_SUPPORT_DEFAULT=false -DGRPC_PYTHON_BUILD=1 -D__STDC_FORMAT_MACROS "-DPyMODINIT_FUNC=extern \"C\" __attribute__((visibility (\"default\"))) PyObject*" -DGRPC_POSIX_FORK_ALLOW_PTHREAD_ATFORK=1 -Isrc/python/grpcio -Iinclude -I. -Ithird_party/abseil-cpp -Ithird_party/address_sorting/include -Ithird_party/cares/cares/include -Ithird_party/cares -Ithird_party/cares/cares -Ithird_party/cares/cares/src/lib/include -Ithird_party/cares/cares/src/lib -Ithird_party/cares/config_linux -Ithird_party/re2 -Ithird_party/boringssl-with-bazel/src/include -Ithird_party/upb -Isrc/core/ext/upb-gen -Isrc/core/ext/upbdefs-gen -Ithird_party/utf8_range -Ithird_party/xxhash -Ithird_party/zlib -I/usr/local/google/home/ssreenithi/.pyenv/versions/3.12.0/envs/pyvenv_312/include -I/usr/local/google/home/ssreenithi/.pyenv/versions/3.12.0/include/python3.12 -c third_party/boringssl-with-bazel/src/crypto/cpu_aarch64_linux.cc -o pyb/temp.linux-x86_64-cpython-312/third_party/boringssl-with-bazel/src/crypto/cpu_aarch64_linux.o -std=c++17 -fvisibility=hidden -fno-wrapv -fno-exceptions -pthread
      g++ -fno-strict-overflow -Wsign-compare -DNDEBUG -g -O3 -Wall -fPIC -D_WIN32_WINNT=1536 -DGRPC_XDS_USER_AGENT_NAME_SUFFIX=\"Python\" -DGRPC_XDS_USER_AGENT_VERSION_SUFFIX=\"1.79.0.dev0\" -DHAVE_CONFIG_H=1 -DGRPC_ENABLE_FORK_SUPPORT=1 -DGRPC_ENABLE_FORK_SUPPORT_DEFAULT=false -DGRPC_PYTHON_BUILD=1 -D__STDC_FORMAT_MACROS "-DPyMODINIT_FUNC=extern \"C\" __attribute__((visibility (\"default\"))) PyObject*" -DGRPC_POSIX_FORK_ALLOW_PTHREAD_ATFORK=1 -Isrc/python/grpcio -Iinclude -I. -Ithird_party/abseil-cpp -Ithird_party/address_sorting/include -Ithird_party/cares/cares/include -Ithird_party/cares -Ithird_party/cares/cares -Ithird_party/cares/cares/src/lib/include -Ithird_party/cares/cares/src/lib -Ithird_party/cares/config_linux -Ithird_party/re2 -Ithird_party/boringssl-with-bazel/src/include -Ithird_party/upb -Isrc/core/ext/upb-gen -Isrc/core/ext/upbdefs-gen -Ithird_party/utf8_range -Ithird_party/xxhash -Ithird_party/zlib -I/usr/local/google/home/ssreenithi/.pyenv/versions/3.12.0/envs/pyvenv_312/include -I/usr/local/google/home/ssreenithi/.pyenv/versions/3.12.0/include/python3.12 -c third_party/boringssl-with-bazel/src/crypto/obj/obj_xref.cc -o pyb/temp.linux-x86_64-cpython-312/third_party/boringssl-with-bazel/src/crypto/obj/obj_xref.o -std=c++17 -fvisibility=hidden -fno-wrapv -fno-exceptions -pthread
      g++ -fno-strict-overflow -Wsign-compare -DNDEBUG -g -O3 -Wall -fPIC -D_WIN32_WINNT=1536 -DGRPC_XDS_USER_AGENT_NAME_SUFFIX=\"Python\" -DGRPC_XDS_USER_AGENT_VERSION_SUFFIX=\"1.79.0.dev0\" -DHAVE_CONFIG_H=1 -DGRPC_ENABLE_FORK_SUPPORT=1 -DGRPC_ENABLE_FORK_SUPPORT_DEFAULT=false -DGRPC_PYTHON_BUILD=1 -D__STDC_FORMAT_MACROS "-DPyMODINIT_FUNC=extern \"C\" __attribute__((visibility (\"default\"))) PyObject*" -DGRPC_POSIX_FORK_ALLOW_PTHREAD_ATFORK=1 -Isrc/python/grpcio -Iinclude -I. -Ithird_party/abseil-cpp -Ithird_party/address_sorting/include -Ithird_party/cares/cares/include -Ithird_party/cares -Ithird_party/cares/cares -Ithird_party/cares/cares/src/lib/include -Ithird_party/cares/cares/src/lib -Ithird_party/cares/config_linux -Ithird_party/re2 -Ithird_party/boringssl-with-bazel/src/include -Ithird_party/upb -Isrc/core/ext/upb-gen -Isrc/core/ext/upbdefs-gen -Ithird_party/utf8_range -Ithird_party/xxhash -Ithird_party/zlib -I/usr/local/google/home/ssreenithi/.pyenv/versions/3.12.0/envs/pyvenv_312/include -I/usr/local/google/home/ssreenithi/.pyenv/versions/3.12.0/include/python3.12 -c third_party/boringssl-with-bazel/src/crypto/stack/stack.cc -o pyb/temp.linux-x86_64-cpython-312/third_party/boringssl-with-bazel/src/crypto/stack/stack.o -std=c++17 -fvisibility=hidden -fno-wrapv -fno-exceptions -pthread
      g++ -fno-strict-overflow -Wsign-compare -DNDEBUG -g -O3 -Wall -fPIC -D_WIN32_WINNT=1536 -DGRPC_XDS_USER_AGENT_NAME_SUFFIX=\"Python\" -DGRPC_XDS_USER_AGENT_VERSION_SUFFIX=\"1.79.0.dev0\" -DHAVE_CONFIG_H=1 -DGRPC_ENABLE_FORK_SUPPORT=1 -DGRPC_ENABLE_FORK_SUPPORT_DEFAULT=false -DGRPC_PYTHON_BUILD=1 -D__STDC_FORMAT_MACROS "-DPyMODINIT_FUNC=extern \"C\" __attribute__((visibility (\"default\"))) PyObject*" -DGRPC_POSIX_FORK_ALLOW_PTHREAD_ATFORK=1 -Isrc/python/grpcio -Iinclude -I. -Ithird_party/abseil-cpp -Ithird_party/address_sorting/include -Ithird_party/cares/cares/include -Ithird_party/cares -Ithird_party/cares/cares -Ithird_party/cares/cares/src/lib/include -Ithird_party/cares/cares/src/lib -Ithird_party/cares/config_linux -Ithird_party/re2 -Ithird_party/boringssl-with-bazel/src/include -Ithird_party/upb -Isrc/core/ext/upb-gen -Isrc/core/ext/upbdefs-gen -Ithird_party/utf8_range -Ithird_party/xxhash -Ithird_party/zlib -I/usr/local/google/home/ssreenithi/.pyenv/versions/3.12.0/envs/pyvenv_312/include -I/usr/local/google/home/ssreenithi/.pyenv/versions/3.12.0/include/python3.12 -c third_party/boringssl-with-bazel/src/crypto/evp/pbkdf.cc -o pyb/temp.linux-x86_64-cpython-312/third_party/boringssl-with-bazel/src/crypto/evp/pbkdf.o -std=c++17 -fvisibility=hidden -fno-wrapv -fno-exceptions -pthread
      g++ -fno-strict-overflow -Wsign-compare -DNDEBUG -g -O3 -Wall -fPIC -D_WIN32_WINNT=1536 -DGRPC_XDS_USER_AGENT_NAME_SUFFIX=\"Python\" -DGRPC_XDS_USER_AGENT_VERSION_SUFFIX=\"1.79.0.dev0\" -DHAVE_CONFIG_H=1 -DGRPC_ENABLE_FORK_SUPPORT=1 -DGRPC_ENABLE_FORK_SUPPORT_DEFAULT=false -DGRPC_PYTHON_BUILD=1 -D__STDC_FORMAT_MACROS "-DPyMODINIT_FUNC=extern \"C\" __attribute__((visibility (\"default\"))) PyObject*" -DGRPC_POSIX_FORK_ALLOW_PTHREAD_ATFORK=1 -Isrc/python/grpcio -Iinclude -I. -Ithird_party/abseil-cpp -Ithird_party/address_sorting/include -Ithird_party/cares/cares/include -Ithird_party/cares -Ithird_party/cares/cares -Ithird_party/cares/cares/src/lib/include -Ithird_party/cares/cares/src/lib -Ithird_party/cares/config_linux -Ithird_party/re2 -Ithird_party/boringssl-with-bazel/src/include -Ithird_party/upb -Isrc/core/ext/upb-gen -Isrc/core/ext/upbdefs-gen -Ithird_party/utf8_range -Ithird_party/xxhash -Ithird_party/zlib -I/usr/local/google/home/ssreenithi/.pyenv/versions/3.12.0/envs/pyvenv_312/include -I/usr/local/google/home/ssreenithi/.pyenv/versions/3.12.0/include/python3.12 -c third_party/boringssl-with-bazel/src/crypto/rand/getentropy.cc -o pyb/temp.linux-x86_64-cpython-312/third_party/boringssl-with-bazel/src/crypto/rand/getentropy.o -std=c++17 -fvisibility=hidden -fno-wrapv -fno-exceptions -pthread
      g++ -fno-strict-overflow -Wsign-compare -DNDEBUG -g -O3 -Wall -fPIC -D_WIN32_WINNT=1536 -DGRPC_XDS_USER_AGENT_NAME_SUFFIX=\"Python\" -DGRPC_XDS_USER_AGENT_VERSION_SUFFIX=\"1.79.0.dev0\" -DHAVE_CONFIG_H=1 -DGRPC_ENABLE_FORK_SUPPORT=1 -DGRPC_ENABLE_FORK_SUPPORT_DEFAULT=false -DGRPC_PYTHON_BUILD=1 -D__STDC_FORMAT_MACROS "-DPyMODINIT_FUNC=extern \"C\" __attribute__((visibility (\"default\"))) PyObject*" -DGRPC_POSIX_FORK_ALLOW_PTHREAD_ATFORK=1 -Isrc/python/grpcio -Iinclude -I. -Ithird_party/abseil-cpp -Ithird_party/address_sorting/include -Ithird_party/cares/cares/include -Ithird_party/cares -Ithird_party/cares/cares -Ithird_party/cares/cares/src/lib/include -Ithird_party/cares/cares/src/lib -Ithird_party/cares/config_linux -Ithird_party/re2 -Ithird_party/boringssl-with-bazel/src/include -Ithird_party/upb -Isrc/core/ext/upb-gen -Isrc/core/ext/upbdefs-gen -Ithird_party/utf8_range -Ithird_party/xxhash -Ithird_party/zlib -I/usr/local/google/home/ssreenithi/.pyenv/versions/3.12.0/envs/pyvenv_312/include -I/usr/local/google/home/ssreenithi/.pyenv/versions/3.12.0/include/python3.12 -c third_party/boringssl-with-bazel/src/crypto/x509/t_req.cc -o pyb/temp.linux-x86_64-cpython-312/third_party/boringssl-with-bazel/src/crypto/x509/t_req.o -std=c++17 -fvisibility=hidden -fno-wrapv -fno-exceptions -pthread
      g++ -fno-strict-overflow -Wsign-compare -DNDEBUG -g -O3 -Wall -fPIC -D_WIN32_WINNT=1536 -DGRPC_XDS_USER_AGENT_NAME_SUFFIX=\"Python\" -DGRPC_XDS_USER_AGENT_VERSION_SUFFIX=\"1.79.0.dev0\" -DHAVE_CONFIG_H=1 -DGRPC_ENABLE_FORK_SUPPORT=1 -DGRPC_ENABLE_FORK_SUPPORT_DEFAULT=false -DGRPC_PYTHON_BUILD=1 -D__STDC_FORMAT_MACROS "-DPyMODINIT_FUNC=extern \"C\" __attribute__((visibility (\"default\"))) PyObject*" -DGRPC_POSIX_FORK_ALLOW_PTHREAD_ATFORK=1 -Isrc/python/grpcio -Iinclude -I. -Ithird_party/abseil-cpp -Ithird_party/address_sorting/include -Ithird_party/cares/cares/include -Ithird_party/cares -Ithird_party/cares/cares -Ithird_party/cares/cares/src/lib/include -Ithird_party/cares/cares/src/lib -Ithird_party/cares/config_linux -Ithird_party/re2 -Ithird_party/boringssl-with-bazel/src/include -Ithird_party/upb -Isrc/core/ext/upb-gen -Isrc/core/ext/upbdefs-gen -Ithird_party/utf8_range -Ithird_party/xxhash -Ithird_party/zlib -I/usr/local/google/home/ssreenithi/.pyenv/versions/3.12.0/envs/pyvenv_312/include -I/usr/local/google/home/ssreenithi/.pyenv/versions/3.12.0/include/python3.12 -c third_party/boringssl-with-bazel/src/crypto/chacha/chacha.cc -o pyb/temp.linux-x86_64-cpython-312/third_party/boringssl-with-bazel/src/crypto/chacha/chacha.o -std=c++17 -fvisibility=hidden -fno-wrapv -fno-exceptions -pthread
      g++ -fno-strict-overflow -Wsign-compare -DNDEBUG -g -O3 -Wall -fPIC -D_WIN32_WINNT=1536 -DGRPC_XDS_USER_AGENT_NAME_SUFFIX=\"Python\" -DGRPC_XDS_USER_AGENT_VERSION_SUFFIX=\"1.79.0.dev0\" -DHAVE_CONFIG_H=1 -DGRPC_ENABLE_FORK_SUPPORT=1 -DGRPC_ENABLE_FORK_SUPPORT_DEFAULT=false -DGRPC_PYTHON_BUILD=1 -D__STDC_FORMAT_MACROS "-DPyMODINIT_FUNC=extern \"C\" __attribute__((visibility (\"default\"))) PyObject*" -DGRPC_POSIX_FORK_ALLOW_PTHREAD_ATFORK=1 -Isrc/python/grpcio -Iinclude -I. -Ithird_party/abseil-cpp -Ithird_party/address_sorting/include -Ithird_party/cares/cares/include -Ithird_party/cares -Ithird_party/cares/cares -Ithird_party/cares/cares/src/lib/include -Ithird_party/cares/cares/src/lib -Ithird_party/cares/config_linux -Ithird_party/re2 -Ithird_party/boringssl-with-bazel/src/include -Ithird_party/upb -Isrc/core/ext/upb-gen -Isrc/core/ext/upbdefs-gen -Ithird_party/utf8_range -Ithird_party/xxhash -Ithird_party/zlib -I/usr/local/google/home/ssreenithi/.pyenv/versions/3.12.0/envs/pyvenv_312/include -I/usr/local/google/home/ssreenithi/.pyenv/versions/3.12.0/include/python3.12 -c third_party/boringssl-with-bazel/src/crypto/sha/sha256.cc -o pyb/temp.linux-x86_64-cpython-312/third_party/boringssl-with-bazel/src/crypto/sha/sha256.o -std=c++17 -fvisibility=hidden -fno-wrapv -fno-exceptions -pthread
      g++ -fno-strict-overflow -Wsign-compare -DNDEBUG -g -O3 -Wall -fPIC -D_WIN32_WINNT=1536 -DGRPC_XDS_USER_AGENT_NAME_SUFFIX=\"Python\" -DGRPC_XDS_USER_AGENT_VERSION_SUFFIX=\"1.79.0.dev0\" -DHAVE_CONFIG_H=1 -DGRPC_ENABLE_FORK_SUPPORT=1 -DGRPC_ENABLE_FORK_SUPPORT_DEFAULT=false -DGRPC_PYTHON_BUILD=1 -D__STDC_FORMAT_MACROS "-DPyMODINIT_FUNC=extern \"C\" __attribute__((visibility (\"default\"))) PyObject*" -DGRPC_POSIX_FORK_ALLOW_PTHREAD_ATFORK=1 -Isrc/python/grpcio -Iinclude -I. -Ithird_party/abseil-cpp -Ithird_party/address_sorting/include -Ithird_party/cares/cares/include -Ithird_party/cares -Ithird_party/cares/cares -Ithird_party/cares/cares/src/lib/include -Ithird_party/cares/cares/src/lib -Ithird_party/cares/config_linux -Ithird_party/re2 -Ithird_party/boringssl-with-bazel/src/include -Ithird_party/upb -Isrc/core/ext/upb-gen -Isrc/core/ext/upbdefs-gen -Ithird_party/utf8_range -Ithird_party/xxhash -Ithird_party/zlib -I/usr/local/google/home/ssreenithi/.pyenv/versions/3.12.0/envs/pyvenv_312/include -I/usr/local/google/home/ssreenithi/.pyenv/versions/3.12.0/include/python3.12 -c third_party/boringssl-with-bazel/src/crypto/trust_token/voprf.cc -o pyb/temp.linux-x86_64-cpython-312/third_party/boringssl-with-bazel/src/crypto/trust_token/voprf.o -std=c++17 -fvisibility=hidden -fno-wrapv -fno-exceptions -pthread
      g++ -fno-strict-overflow -Wsign-compare -DNDEBUG -g -O3 -Wall -fPIC -D_WIN32_WINNT=1536 -DGRPC_XDS_USER_AGENT_NAME_SUFFIX=\"Python\" -DGRPC_XDS_USER_AGENT_VERSION_SUFFIX=\"1.79.0.dev0\" -DHAVE_CONFIG_H=1 -DGRPC_ENABLE_FORK_SUPPORT=1 -DGRPC_ENABLE_FORK_SUPPORT_DEFAULT=false -DGRPC_PYTHON_BUILD=1 -D__STDC_FORMAT_MACROS "-DPyMODINIT_FUNC=extern \"C\" __attribute__((visibility (\"default\"))) PyObject*" -DGRPC_POSIX_FORK_ALLOW_PTHREAD_ATFORK=1 -Isrc/python/grpcio -Iinclude -I. -Ithird_party/abseil-cpp -Ithird_party/address_sorting/include -Ithird_party/cares/cares/include -Ithird_party/cares -Ithird_party/cares/cares -Ithird_party/cares/cares/src/lib/include -Ithird_party/cares/cares/src/lib -Ithird_party/cares/config_linux -Ithird_party/re2 -Ithird_party/boringssl-with-bazel/src/include -Ithird_party/upb -Isrc/core/ext/upb-gen -Isrc/core/ext/upbdefs-gen -Ithird_party/utf8_range -Ithird_party/xxhash -Ithird_party/zlib -I/usr/local/google/home/ssreenithi/.pyenv/versions/3.12.0/envs/pyvenv_312/include -I/usr/local/google/home/ssreenithi/.pyenv/versions/3.12.0/include/python3.12 -c third_party/boringssl-with-bazel/src/crypto/pem/pem_x509.cc -o pyb/temp.linux-x86_64-cpython-312/third_party/boringssl-with-bazel/src/crypto/pem/pem_x509.o -std=c++17 -fvisibility=hidden -fno-wrapv -fno-exceptions -pthread
      g++ -fno-strict-overflow -Wsign-compare -DNDEBUG -g -O3 -Wall -fPIC -D_WIN32_WINNT=1536 -DGRPC_XDS_USER_AGENT_NAME_SUFFIX=\"Python\" -DGRPC_XDS_USER_AGENT_VERSION_SUFFIX=\"1.79.0.dev0\" -DHAVE_CONFIG_H=1 -DGRPC_ENABLE_FORK_SUPPORT=1 -DGRPC_ENABLE_FORK_SUPPORT_DEFAULT=false -DGRPC_PYTHON_BUILD=1 -D__STDC_FORMAT_MACROS "-DPyMODINIT_FUNC=extern \"C\" __attribute__((visibility (\"default\"))) PyObject*" -DGRPC_POSIX_FORK_ALLOW_PTHREAD_ATFORK=1 -Isrc/python/grpcio -Iinclude -I. -Ithird_party/abseil-cpp -Ithird_party/address_sorting/include -Ithird_party/cares/cares/include -Ithird_party/cares -Ithird_party/cares/cares -Ithird_party/cares/cares/src/lib/include -Ithird_party/cares/cares/src/lib -Ithird_party/cares/config_linux -Ithird_party/re2 -Ithird_party/boringssl-with-bazel/src/include -Ithird_party/upb -Isrc/core/ext/upb-gen -Isrc/core/ext/upbdefs-gen -Ithird_party/utf8_range -Ithird_party/xxhash -Ithird_party/zlib -I/usr/local/google/home/ssreenithi/.pyenv/versions/3.12.0/envs/pyvenv_312/include -I/usr/local/google/home/ssreenithi/.pyenv/versions/3.12.0/include/python3.12 -c third_party/boringssl-with-bazel/src/crypto/rc4/rc4.cc -o pyb/temp.linux-x86_64-cpython-312/third_party/boringssl-with-bazel/src/crypto/rc4/rc4.o -std=c++17 -fvisibility=hidden -fno-wrapv -fno-exceptions -pthread
      g++ -fno-strict-overflow -Wsign-compare -DNDEBUG -g -O3 -Wall -fPIC -D_WIN32_WINNT=1536 -DGRPC_XDS_USER_AGENT_NAME_SUFFIX=\"Python\" -DGRPC_XDS_USER_AGENT_VERSION_SUFFIX=\"1.79.0.dev0\" -DHAVE_CONFIG_H=1 -DGRPC_ENABLE_FORK_SUPPORT=1 -DGRPC_ENABLE_FORK_SUPPORT_DEFAULT=false -DGRPC_PYTHON_BUILD=1 -D__STDC_FORMAT_MACROS "-DPyMODINIT_FUNC=extern \"C\" __attribute__((visibility (\"default\"))) PyObject*" -DGRPC_POSIX_FORK_ALLOW_PTHREAD_ATFORK=1 -Isrc/python/grpcio -Iinclude -I. -Ithird_party/abseil-cpp -Ithird_party/address_sorting/include -Ithird_party/cares/cares/include -Ithird_party/cares -Ithird_party/cares/cares -Ithird_party/cares/cares/src/lib/include -Ithird_party/cares/cares/src/lib -Ithird_party/cares/config_linux -Ithird_party/re2 -Ithird_party/boringssl-with-bazel/src/include -Ithird_party/upb -Isrc/core/ext/upb-gen -Isrc/core/ext/upbdefs-gen -Ithird_party/utf8_range -Ithird_party/xxhash -Ithird_party/zlib -I/usr/local/google/home/ssreenithi/.pyenv/versions/3.12.0/envs/pyvenv_312/include -I/usr/local/google/home/ssreenithi/.pyenv/versions/3.12.0/include/python3.12 -c third_party/boringssl-with-bazel/src/crypto/x509/v3_bitst.cc -o pyb/temp.linux-x86_64-cpython-312/third_party/boringssl-with-bazel/src/crypto/x509/v3_bitst.o -std=c++17 -fvisibility=hidden -fno-wrapv -fno-exceptions -pthread
      g++ -fno-strict-overflow -Wsign-compare -DNDEBUG -g -O3 -Wall -fPIC -D_WIN32_WINNT=1536 -DGRPC_XDS_USER_AGENT_NAME_SUFFIX=\"Python\" -DGRPC_XDS_USER_AGENT_VERSION_SUFFIX=\"1.79.0.dev0\" -DHAVE_CONFIG_H=1 -DGRPC_ENABLE_FORK_SUPPORT=1 -DGRPC_ENABLE_FORK_SUPPORT_DEFAULT=false -DGRPC_PYTHON_BUILD=1 -D__STDC_FORMAT_MACROS "-DPyMODINIT_FUNC=extern \"C\" __attribute__((visibility (\"default\"))) PyObject*" -DGRPC_POSIX_FORK_ALLOW_PTHREAD_ATFORK=1 -Isrc/python/grpcio -Iinclude -I. -Ithird_party/abseil-cpp -Ithird_party/address_sorting/include -Ithird_party/cares/cares/include -Ithird_party/cares -Ithird_party/cares/cares -Ithird_party/cares/cares/src/lib/include -Ithird_party/cares/cares/src/lib -Ithird_party/cares/config_linux -Ithird_party/re2 -Ithird_party/boringssl-with-bazel/src/include -Ithird_party/upb -Isrc/core/ext/upb-gen -Isrc/core/ext/upbdefs-gen -Ithird_party/utf8_range -Ithird_party/xxhash -Ithird_party/zlib -I/usr/local/google/home/ssreenithi/.pyenv/versions/3.12.0/envs/pyvenv_312/include -I/usr/local/google/home/ssreenithi/.pyenv/versions/3.12.0/include/python3.12 -c third_party/boringssl-with-bazel/src/crypto/x509/v3_ia5.cc -o pyb/temp.linux-x86_64-cpython-312/third_party/boringssl-with-bazel/src/crypto/x509/v3_ia5.o -std=c++17 -fvisibility=hidden -fno-wrapv -fno-exceptions -pthread
      g++ -fno-strict-overflow -Wsign-compare -DNDEBUG -g -O3 -Wall -fPIC -D_WIN32_WINNT=1536 -DGRPC_XDS_USER_AGENT_NAME_SUFFIX=\"Python\" -DGRPC_XDS_USER_AGENT_VERSION_SUFFIX=\"1.79.0.dev0\" -DHAVE_CONFIG_H=1 -DGRPC_ENABLE_FORK_SUPPORT=1 -DGRPC_ENABLE_FORK_SUPPORT_DEFAULT=false -DGRPC_PYTHON_BUILD=1 -D__STDC_FORMAT_MACROS "-DPyMODINIT_FUNC=extern \"C\" __attribute__((visibility (\"default\"))) PyObject*" -DGRPC_POSIX_FORK_ALLOW_PTHREAD_ATFORK=1 -Isrc/python/grpcio -Iinclude -I. -Ithird_party/abseil-cpp -Ithird_party/address_sorting/include -Ithird_party/cares/cares/include -Ithird_party/cares -Ithird_party/cares/cares -Ithird_party/cares/cares/src/lib/include -Ithird_party/cares/cares/src/lib -Ithird_party/cares/config_linux -Ithird_party/re2 -Ithird_party/boringssl-with-bazel/src/include -Ithird_party/upb -Isrc/core/ext/upb-gen -Isrc/core/ext/upbdefs-gen -Ithird_party/utf8_range -Ithird_party/xxhash -Ithird_party/zlib -I/usr/local/google/home/ssreenithi/.pyenv/versions/3.12.0/envs/pyvenv_312/include -I/usr/local/google/home/ssreenithi/.pyenv/versions/3.12.0/include/python3.12 -c third_party/boringssl-with-bazel/src/crypto/evp/p_ed25519_asn1.cc -o pyb/temp.linux-x86_64-cpython-312/third_party/boringssl-with-bazel/src/crypto/evp/p_ed25519_asn1.o -std=c++17 -fvisibility=hidden -fno-wrapv -fno-exceptions -pthread
      g++ -fno-strict-overflow -Wsign-compare -DNDEBUG -g -O3 -Wall -fPIC -D_WIN32_WINNT=1536 -DGRPC_XDS_USER_AGENT_NAME_SUFFIX=\"Python\" -DGRPC_XDS_USER_AGENT_VERSION_SUFFIX=\"1.79.0.dev0\" -DHAVE_CONFIG_H=1 -DGRPC_ENABLE_FORK_SUPPORT=1 -DGRPC_ENABLE_FORK_SUPPORT_DEFAULT=false -DGRPC_PYTHON_BUILD=1 -D__STDC_FORMAT_MACROS "-DPyMODINIT_FUNC=extern \"C\" __attribute__((visibility (\"default\"))) PyObject*" -DGRPC_POSIX_FORK_ALLOW_PTHREAD_ATFORK=1 -Isrc/python/grpcio -Iinclude -I. -Ithird_party/abseil-cpp -Ithird_party/address_sorting/include -Ithird_party/cares/cares/include -Ithird_party/cares -Ithird_party/cares/cares -Ithird_party/cares/cares/src/lib/include -Ithird_party/cares/cares/src/lib -Ithird_party/cares/config_linux -Ithird_party/re2 -Ithird_party/boringssl-with-bazel/src/include -Ithird_party/upb -Isrc/core/ext/upb-gen -Isrc/core/ext/upbdefs-gen -Ithird_party/utf8_range -Ithird_party/xxhash -Ithird_party/zlib -I/usr/local/google/home/ssreenithi/.pyenv/versions/3.12.0/envs/pyvenv_312/include -I/usr/local/google/home/ssreenithi/.pyenv/versions/3.12.0/include/python3.12 -c third_party/boringssl-with-bazel/src/crypto/evp/evp_asn1.cc -o pyb/temp.linux-x86_64-cpython-312/third_party/boringssl-with-bazel/src/crypto/evp/evp_asn1.o -std=c++17 -fvisibility=hidden -fno-wrapv -fno-exceptions -pthread
      g++ -fno-strict-overflow -Wsign-compare -DNDEBUG -g -O3 -Wall -fPIC -D_WIN32_WINNT=1536 -DGRPC_XDS_USER_AGENT_NAME_SUFFIX=\"Python\" -DGRPC_XDS_USER_AGENT_VERSION_SUFFIX=\"1.79.0.dev0\" -DHAVE_CONFIG_H=1 -DGRPC_ENABLE_FORK_SUPPORT=1 -DGRPC_ENABLE_FORK_SUPPORT_DEFAULT=false -DGRPC_PYTHON_BUILD=1 -D__STDC_FORMAT_MACROS "-DPyMODINIT_FUNC=extern \"C\" __attribute__((visibility (\"default\"))) PyObject*" -DGRPC_POSIX_FORK_ALLOW_PTHREAD_ATFORK=1 -Isrc/python/grpcio -Iinclude -I. -Ithird_party/abseil-cpp -Ithird_party/address_sorting/include -Ithird_party/cares/cares/include -Ithird_party/cares -Ithird_party/cares/cares -Ithird_party/cares/cares/src/lib/include -Ithird_party/cares/cares/src/lib -Ithird_party/cares/config_linux -Ithird_party/re2 -Ithird_party/boringssl-with-bazel/src/include -Ithird_party/upb -Isrc/core/ext/upb-gen -Isrc/core/ext/upbdefs-gen -Ithird_party/utf8_range -Ithird_party/xxhash -Ithird_party/zlib -I/usr/local/google/home/ssreenithi/.pyenv/versions/3.12.0/envs/pyvenv_312/include -I/usr/local/google/home/ssreenithi/.pyenv/versions/3.12.0/include/python3.12 -c third_party/boringssl-with-bazel/src/crypto/x509/by_file.cc -o pyb/temp.linux-x86_64-cpython-312/third_party/boringssl-with-bazel/src/crypto/x509/by_file.o -std=c++17 -fvisibility=hidden -fno-wrapv -fno-exceptions -pthread
      g++ -fno-strict-overflow -Wsign-compare -DNDEBUG -g -O3 -Wall -fPIC -D_WIN32_WINNT=1536 -DGRPC_XDS_USER_AGENT_NAME_SUFFIX=\"Python\" -DGRPC_XDS_USER_AGENT_VERSION_SUFFIX=\"1.79.0.dev0\" -DHAVE_CONFIG_H=1 -DGRPC_ENABLE_FORK_SUPPORT=1 -DGRPC_ENABLE_FORK_SUPPORT_DEFAULT=false -DGRPC_PYTHON_BUILD=1 -D__STDC_FORMAT_MACROS "-DPyMODINIT_FUNC=extern \"C\" __attribute__((visibility (\"default\"))) PyObject*" -DGRPC_POSIX_FORK_ALLOW_PTHREAD_ATFORK=1 -Isrc/python/grpcio -Iinclude -I. -Ithird_party/abseil-cpp -Ithird_party/address_sorting/include -Ithird_party/cares/cares/include -Ithird_party/cares -Ithird_party/cares/cares -Ithird_party/cares/cares/src/lib/include -Ithird_party/cares/cares/src/lib -Ithird_party/cares/config_linux -Ithird_party/re2 -Ithird_party/boringssl-with-bazel/src/include -Ithird_party/upb -Isrc/core/ext/upb-gen -Isrc/core/ext/upbdefs-gen -Ithird_party/utf8_range -Ithird_party/xxhash -Ithird_party/zlib -I/usr/local/google/home/ssreenithi/.pyenv/versions/3.12.0/envs/pyvenv_312/include -I/usr/local/google/home/ssreenithi/.pyenv/versions/3.12.0/include/python3.12 -c third_party/boringssl-with-bazel/src/crypto/rand/ios.cc -o pyb/temp.linux-x86_64-cpython-312/third_party/boringssl-with-bazel/src/crypto/rand/ios.o -std=c++17 -fvisibility=hidden -fno-wrapv -fno-exceptions -pthread
      g++ -fno-strict-overflow -Wsign-compare -DNDEBUG -g -O3 -Wall -fPIC -D_WIN32_WINNT=1536 -DGRPC_XDS_USER_AGENT_NAME_SUFFIX=\"Python\" -DGRPC_XDS_USER_AGENT_VERSION_SUFFIX=\"1.79.0.dev0\" -DHAVE_CONFIG_H=1 -DGRPC_ENABLE_FORK_SUPPORT=1 -DGRPC_ENABLE_FORK_SUPPORT_DEFAULT=false -DGRPC_PYTHON_BUILD=1 -D__STDC_FORMAT_MACROS "-DPyMODINIT_FUNC=extern \"C\" __attribute__((visibility (\"default\"))) PyObject*" -DGRPC_POSIX_FORK_ALLOW_PTHREAD_ATFORK=1 -Isrc/python/grpcio -Iinclude -I. -Ithird_party/abseil-cpp -Ithird_party/address_sorting/include -Ithird_party/cares/cares/include -Ithird_party/cares -Ithird_party/cares/cares -Ithird_party/cares/cares/src/lib/include -Ithird_party/cares/cares/src/lib -Ithird_party/cares/config_linux -Ithird_party/re2 -Ithird_party/boringssl-with-bazel/src/include -Ithird_party/upb -Isrc/core/ext/upb-gen -Isrc/core/ext/upbdefs-gen -Ithird_party/utf8_range -Ithird_party/xxhash -Ithird_party/zlib -I/usr/local/google/home/ssreenithi/.pyenv/versions/3.12.0/envs/pyvenv_312/include -I/usr/local/google/home/ssreenithi/.pyenv/versions/3.12.0/include/python3.12 -c third_party/boringssl-with-bazel/src/crypto/x509/v3_pmaps.cc -o pyb/temp.linux-x86_64-cpython-312/third_party/boringssl-with-bazel/src/crypto/x509/v3_pmaps.o -std=c++17 -fvisibility=hidden -fno-wrapv -fno-exceptions -pthread
      g++ -fno-strict-overflow -Wsign-compare -DNDEBUG -g -O3 -Wall -fPIC -D_WIN32_WINNT=1536 -DGRPC_XDS_USER_AGENT_NAME_SUFFIX=\"Python\" -DGRPC_XDS_USER_AGENT_VERSION_SUFFIX=\"1.79.0.dev0\" -DHAVE_CONFIG_H=1 -DGRPC_ENABLE_FORK_SUPPORT=1 -DGRPC_ENABLE_FORK_SUPPORT_DEFAULT=false -DGRPC_PYTHON_BUILD=1 -D__STDC_FORMAT_MACROS "-DPyMODINIT_FUNC=extern \"C\" __attribute__((visibility (\"default\"))) PyObject*" -DGRPC_POSIX_FORK_ALLOW_PTHREAD_ATFORK=1 -Isrc/python/grpcio -Iinclude -I. -Ithird_party/abseil-cpp -Ithird_party/address_sorting/include -Ithird_party/cares/cares/include -Ithird_party/cares -Ithird_party/cares/cares -Ithird_party/cares/cares/src/lib/include -Ithird_party/cares/cares/src/lib -Ithird_party/cares/config_linux -Ithird_party/re2 -Ithird_party/boringssl-with-bazel/src/include -Ithird_party/upb -Isrc/core/ext/upb-gen -Isrc/core/ext/upbdefs-gen -Ithird_party/utf8_range -Ithird_party/xxhash -Ithird_party/zlib -I/usr/local/google/home/ssreenithi/.pyenv/versions/3.12.0/envs/pyvenv_312/include -I/usr/local/google/home/ssreenithi/.pyenv/versions/3.12.0/include/python3.12 -c third_party/boringssl-with-bazel/src/crypto/pem/pem_all.cc -o pyb/temp.linux-x86_64-cpython-312/third_party/boringssl-with-bazel/src/crypto/pem/pem_all.o -std=c++17 -fvisibility=hidden -fno-wrapv -fno-exceptions -pthread
      g++ -fno-strict-overflow -Wsign-compare -DNDEBUG -g -O3 -Wall -fPIC -D_WIN32_WINNT=1536 -DGRPC_XDS_USER_AGENT_NAME_SUFFIX=\"Python\" -DGRPC_XDS_USER_AGENT_VERSION_SUFFIX=\"1.79.0.dev0\" -DHAVE_CONFIG_H=1 -DGRPC_ENABLE_FORK_SUPPORT=1 -DGRPC_ENABLE_FORK_SUPPORT_DEFAULT=false -DGRPC_PYTHON_BUILD=1 -D__STDC_FORMAT_MACROS "-DPyMODINIT_FUNC=extern \"C\" __attribute__((visibility (\"default\"))) PyObject*" -DGRPC_POSIX_FORK_ALLOW_PTHREAD_ATFORK=1 -Isrc/python/grpcio -Iinclude -I. -Ithird_party/abseil-cpp -Ithird_party/address_sorting/include -Ithird_party/cares/cares/include -Ithird_party/cares -Ithird_party/cares/cares -Ithird_party/cares/cares/src/lib/include -Ithird_party/cares/cares/src/lib -Ithird_party/cares/config_linux -Ithird_party/re2 -Ithird_party/boringssl-with-bazel/src/include -Ithird_party/upb -Isrc/core/ext/upb-gen -Isrc/core/ext/upbdefs-gen -Ithird_party/utf8_range -Ithird_party/xxhash -Ithird_party/zlib -I/usr/local/google/home/ssreenithi/.pyenv/versions/3.12.0/envs/pyvenv_312/include -I/usr/local/google/home/ssreenithi/.pyenv/versions/3.12.0/include/python3.12 -c third_party/boringssl-with-bazel/src/crypto/ec/ec_derive.cc -o pyb/temp.linux-x86_64-cpython-312/third_party/boringssl-with-bazel/src/crypto/ec/ec_derive.o -std=c++17 -fvisibility=hidden -fno-wrapv -fno-exceptions -pthread
      g++ -fno-strict-overflow -Wsign-compare -DNDEBUG -g -O3 -Wall -fPIC -D_WIN32_WINNT=1536 -DGRPC_XDS_USER_AGENT_NAME_SUFFIX=\"Python\" -DGRPC_XDS_USER_AGENT_VERSION_SUFFIX=\"1.79.0.dev0\" -DHAVE_CONFIG_H=1 -DGRPC_ENABLE_FORK_SUPPORT=1 -DGRPC_ENABLE_FORK_SUPPORT_DEFAULT=false -DGRPC_PYTHON_BUILD=1 -D__STDC_FORMAT_MACROS "-DPyMODINIT_FUNC=extern \"C\" __attribute__((visibility (\"default\"))) PyObject*" -DGRPC_POSIX_FORK_ALLOW_PTHREAD_ATFORK=1 -Isrc/python/grpcio -Iinclude -I. -Ithird_party/abseil-cpp -Ithird_party/address_sorting/include -Ithird_party/cares/cares/include -Ithird_party/cares -Ithird_party/cares/cares -Ithird_party/cares/cares/src/lib/include -Ithird_party/cares/cares/src/lib -Ithird_party/cares/config_linux -Ithird_party/re2 -Ithird_party/boringssl-with-bazel/src/include -Ithird_party/upb -Isrc/core/ext/upb-gen -Isrc/core/ext/upbdefs-gen -Ithird_party/utf8_range -Ithird_party/xxhash -Ithird_party/zlib -I/usr/local/google/home/ssreenithi/.pyenv/versions/3.12.0/envs/pyvenv_312/include -I/usr/local/google/home/ssreenithi/.pyenv/versions/3.12.0/include/python3.12 -c src/core/credentials/call/external/external_account_credentials.cc -o pyb/temp.linux-x86_64-cpython-312/src/core/credentials/call/external/external_account_credentials.o -std=c++17 -fvisibility=hidden -fno-wrapv -fno-exceptions -pthread
      g++ -fno-strict-overflow -Wsign-compare -DNDEBUG -g -O3 -Wall -fPIC -D_WIN32_WINNT=1536 -DGRPC_XDS_USER_AGENT_NAME_SUFFIX=\"Python\" -DGRPC_XDS_USER_AGENT_VERSION_SUFFIX=\"1.79.0.dev0\" -DHAVE_CONFIG_H=1 -DGRPC_ENABLE_FORK_SUPPORT=1 -DGRPC_ENABLE_FORK_SUPPORT_DEFAULT=false -DGRPC_PYTHON_BUILD=1 -D__STDC_FORMAT_MACROS "-DPyMODINIT_FUNC=extern \"C\" __attribute__((visibility (\"default\"))) PyObject*" -DGRPC_POSIX_FORK_ALLOW_PTHREAD_ATFORK=1 -Isrc/python/grpcio -Iinclude -I. -Ithird_party/abseil-cpp -Ithird_party/address_sorting/include -Ithird_party/cares/cares/include -Ithird_party/cares -Ithird_party/cares/cares -Ithird_party/cares/cares/src/lib/include -Ithird_party/cares/cares/src/lib -Ithird_party/cares/config_linux -Ithird_party/re2 -Ithird_party/boringssl-with-bazel/src/include -Ithird_party/upb -Isrc/core/ext/upb-gen -Isrc/core/ext/upbdefs-gen -Ithird_party/utf8_range -Ithird_party/xxhash -Ithird_party/zlib -I/usr/local/google/home/ssreenithi/.pyenv/versions/3.12.0/envs/pyvenv_312/include -I/usr/local/google/home/ssreenithi/.pyenv/versions/3.12.0/include/python3.12 -c third_party/boringssl-with-bazel/src/crypto/evp/print.cc -o pyb/temp.linux-x86_64-cpython-312/third_party/boringssl-with-bazel/src/crypto/evp/print.o -std=c++17 -fvisibility=hidden -fno-wrapv -fno-exceptions -pthread
      g++ -fno-strict-overflow -Wsign-compare -DNDEBUG -g -O3 -Wall -fPIC -D_WIN32_WINNT=1536 -DGRPC_XDS_USER_AGENT_NAME_SUFFIX=\"Python\" -DGRPC_XDS_USER_AGENT_VERSION_SUFFIX=\"1.79.0.dev0\" -DHAVE_CONFIG_H=1 -DGRPC_ENABLE_FORK_SUPPORT=1 -DGRPC_ENABLE_FORK_SUPPORT_DEFAULT=false -DGRPC_PYTHON_BUILD=1 -D__STDC_FORMAT_MACROS "-DPyMODINIT_FUNC=extern \"C\" __attribute__((visibility (\"default\"))) PyObject*" -DGRPC_POSIX_FORK_ALLOW_PTHREAD_ATFORK=1 -Isrc/python/grpcio -Iinclude -I. -Ithird_party/abseil-cpp -Ithird_party/address_sorting/include -Ithird_party/cares/cares/include -Ithird_party/cares -Ithird_party/cares/cares -Ithird_party/cares/cares/src/lib/include -Ithird_party/cares/cares/src/lib -Ithird_party/cares/config_linux -Ithird_party/re2 -Ithird_party/boringssl-with-bazel/src/include -Ithird_party/upb -Isrc/core/ext/upb-gen -Isrc/core/ext/upbdefs-gen -Ithird_party/utf8_range -Ithird_party/xxhash -Ithird_party/zlib -I/usr/local/google/home/ssreenithi/.pyenv/versions/3.12.0/envs/pyvenv_312/include -I/usr/local/google/home/ssreenithi/.pyenv/versions/3.12.0/include/python3.12 -c third_party/boringssl-with-bazel/src/crypto/sha/sha512.cc -o pyb/temp.linux-x86_64-cpython-312/third_party/boringssl-with-bazel/src/crypto/sha/sha512.o -std=c++17 -fvisibility=hidden -fno-wrapv -fno-exceptions -pthread
      g++ -fno-strict-overflow -Wsign-compare -DNDEBUG -g -O3 -Wall -fPIC -D_WIN32_WINNT=1536 -DGRPC_XDS_USER_AGENT_NAME_SUFFIX=\"Python\" -DGRPC_XDS_USER_AGENT_VERSION_SUFFIX=\"1.79.0.dev0\" -DHAVE_CONFIG_H=1 -DGRPC_ENABLE_FORK_SUPPORT=1 -DGRPC_ENABLE_FORK_SUPPORT_DEFAULT=false -DGRPC_PYTHON_BUILD=1 -D__STDC_FORMAT_MACROS "-DPyMODINIT_FUNC=extern \"C\" __attribute__((visibility (\"default\"))) PyObject*" -DGRPC_POSIX_FORK_ALLOW_PTHREAD_ATFORK=1 -Isrc/python/grpcio -Iinclude -I. -Ithird_party/abseil-cpp -Ithird_party/address_sorting/include -Ithird_party/cares/cares/include -Ithird_party/cares -Ithird_party/cares/cares -Ithird_party/cares/cares/src/lib/include -Ithird_party/cares/cares/src/lib -Ithird_party/cares/config_linux -Ithird_party/re2 -Ithird_party/boringssl-with-bazel/src/include -Ithird_party/upb -Isrc/core/ext/upb-gen -Isrc/core/ext/upbdefs-gen -Ithird_party/utf8_range -Ithird_party/xxhash -Ithird_party/zlib -I/usr/local/google/home/ssreenithi/.pyenv/versions/3.12.0/envs/pyvenv_312/include -I/usr/local/google/home/ssreenithi/.pyenv/versions/3.12.0/include/python3.12 -c third_party/boringssl-with-bazel/src/crypto/refcount.cc -o pyb/temp.linux-x86_64-cpython-312/third_party/boringssl-with-bazel/src/crypto/refcount.o -std=c++17 -fvisibility=hidden -fno-wrapv -fno-exceptions -pthread
      g++ -fno-strict-overflow -Wsign-compare -DNDEBUG -g -O3 -Wall -fPIC -D_WIN32_WINNT=1536 -DGRPC_XDS_USER_AGENT_NAME_SUFFIX=\"Python\" -DGRPC_XDS_USER_AGENT_VERSION_SUFFIX=\"1.79.0.dev0\" -DHAVE_CONFIG_H=1 -DGRPC_ENABLE_FORK_SUPPORT=1 -DGRPC_ENABLE_FORK_SUPPORT_DEFAULT=false -DGRPC_PYTHON_BUILD=1 -D__STDC_FORMAT_MACROS "-DPyMODINIT_FUNC=extern \"C\" __attribute__((visibility (\"default\"))) PyObject*" -DGRPC_POSIX_FORK_ALLOW_PTHREAD_ATFORK=1 -Isrc/python/grpcio -Iinclude -I. -Ithird_party/abseil-cpp -Ithird_party/address_sorting/include -Ithird_party/cares/cares/include -Ithird_party/cares -Ithird_party/cares/cares -Ithird_party/cares/cares/src/lib/include -Ithird_party/cares/cares/src/lib -Ithird_party/cares/config_linux -Ithird_party/re2 -Ithird_party/boringssl-with-bazel/src/include -Ithird_party/upb -Isrc/core/ext/upb-gen -Isrc/core/ext/upbdefs-gen -Ithird_party/utf8_range -Ithird_party/xxhash -Ithird_party/zlib -I/usr/local/google/home/ssreenithi/.pyenv/versions/3.12.0/envs/pyvenv_312/include -I/usr/local/google/home/ssreenithi/.pyenv/versions/3.12.0/include/python3.12 -c third_party/boringssl-with-bazel/src/crypto/cipher/derive_key.cc -o pyb/temp.linux-x86_64-cpython-312/third_party/boringssl-with-bazel/src/crypto/cipher/derive_key.o -std=c++17 -fvisibility=hidden -fno-wrapv -fno-exceptions -pthread
      In file included from ./src/core/lib/promise/activity.h:30,
                       from ./src/core/lib/resource_quota/memory_quota.h:39,
                       from ./src/core/lib/resource_quota/arena.h:39,
                       from ./src/core/lib/promise/arena_promise.h:28,
                       from ./src/core/credentials/transport/security_connector.h:36,
                       from ./src/core/credentials/transport/tls/ssl_utils.h:34,
                       from ./src/core/credentials/transport/tls/grpc_tls_certificate_distributor.h:30,
                       from ./src/core/xds/grpc/certificate_provider_store.h:29,
                       from ./src/core/xds/grpc/xds_bootstrap_grpc.h:32,
                       from ./src/core/xds/grpc/xds_route_config_parser.h:37,
                       from src/core/xds/grpc/xds_route_config_parser.cc:17:
      ./src/core/lib/promise/detail/promise_factory.h:210:5: warning: ‘always_inline’ function might not be inlinable unless also declared ‘inline’ [-Wattributes]
        210 |     PromiseFactoryImpl(Token, F&& f) {
            |     ^~~~~~~~~~~~~~~~~~
      ./src/core/lib/promise/detail/promise_factory.h:210:5: warning: ‘always_inline’ function might not be inlinable unless also declared ‘inline’ [-Wattributes]
      ./src/core/lib/promise/detail/promise_factory.h:210:5: warning: ‘always_inline’ function might not be inlinable unless also declared ‘inline’ [-Wattributes]
      ./src/core/lib/promise/detail/promise_factory.h:210:5: warning: ‘always_inline’ function might not be inlinable unless also declared ‘inline’ [-Wattributes]
      ./src/core/lib/promise/detail/promise_factory.h:210:5: warning: ‘always_inline’ function might not be inlinable unless also declared ‘inline’ [-Wattributes]
      ./src/core/lib/promise/detail/promise_factory.h:210:5: warning: ‘always_inline’ function might not be inlinable unless also declared ‘inline’ [-Wattributes]
      ./src/core/lib/promise/detail/promise_factory.h:210:5: warning: ‘always_inline’ function might not be inlinable unless also declared ‘inline’ [-Wattributes]
      g++ -fno-strict-overflow -Wsign-compare -DNDEBUG -g -O3 -Wall -fPIC -D_WIN32_WINNT=1536 -DGRPC_XDS_USER_AGENT_NAME_SUFFIX=\"Python\" -DGRPC_XDS_USER_AGENT_VERSION_SUFFIX=\"1.79.0.dev0\" -DHAVE_CONFIG_H=1 -DGRPC_ENABLE_FORK_SUPPORT=1 -DGRPC_ENABLE_FORK_SUPPORT_DEFAULT=false -DGRPC_PYTHON_BUILD=1 -D__STDC_FORMAT_MACROS "-DPyMODINIT_FUNC=extern \"C\" __attribute__((visibility (\"default\"))) PyObject*" -DGRPC_POSIX_FORK_ALLOW_PTHREAD_ATFORK=1 -Isrc/python/grpcio -Iinclude -I. -Ithird_party/abseil-cpp -Ithird_party/address_sorting/include -Ithird_party/cares/cares/include -Ithird_party/cares -Ithird_party/cares/cares -Ithird_party/cares/cares/src/lib/include -Ithird_party/cares/cares/src/lib -Ithird_party/cares/config_linux -Ithird_party/re2 -Ithird_party/boringssl-with-bazel/src/include -Ithird_party/upb -Isrc/core/ext/upb-gen -Isrc/core/ext/upbdefs-gen -Ithird_party/utf8_range -Ithird_party/xxhash -Ithird_party/zlib -I/usr/local/google/home/ssreenithi/.pyenv/versions/3.12.0/envs/pyvenv_312/include -I/usr/local/google/home/ssreenithi/.pyenv/versions/3.12.0/include/python3.12 -c third_party/boringssl-with-bazel/src/crypto/thread.cc -o pyb/temp.linux-x86_64-cpython-312/third_party/boringssl-with-bazel/src/crypto/thread.o -std=c++17 -fvisibility=hidden -fno-wrapv -fno-exceptions -pthread
      g++ -fno-strict-overflow -Wsign-compare -DNDEBUG -g -O3 -Wall -fPIC -D_WIN32_WINNT=1536 -DGRPC_XDS_USER_AGENT_NAME_SUFFIX=\"Python\" -DGRPC_XDS_USER_AGENT_VERSION_SUFFIX=\"1.79.0.dev0\" -DHAVE_CONFIG_H=1 -DGRPC_ENABLE_FORK_SUPPORT=1 -DGRPC_ENABLE_FORK_SUPPORT_DEFAULT=false -DGRPC_PYTHON_BUILD=1 -D__STDC_FORMAT_MACROS "-DPyMODINIT_FUNC=extern \"C\" __attribute__((visibility (\"default\"))) PyObject*" -DGRPC_POSIX_FORK_ALLOW_PTHREAD_ATFORK=1 -Isrc/python/grpcio -Iinclude -I. -Ithird_party/abseil-cpp -Ithird_party/address_sorting/include -Ithird_party/cares/cares/include -Ithird_party/cares -Ithird_party/cares/cares -Ithird_party/cares/cares/src/lib/include -Ithird_party/cares/cares/src/lib -Ithird_party/cares/config_linux -Ithird_party/re2 -Ithird_party/boringssl-with-bazel/src/include -Ithird_party/upb -Isrc/core/ext/upb-gen -Isrc/core/ext/upbdefs-gen -Ithird_party/utf8_range -Ithird_party/xxhash -Ithird_party/zlib -I/usr/local/google/home/ssreenithi/.pyenv/versions/3.12.0/envs/pyvenv_312/include -I/usr/local/google/home/ssreenithi/.pyenv/versions/3.12.0/include/python3.12 -c third_party/boringssl-with-bazel/src/crypto/rand/passive.cc -o pyb/temp.linux-x86_64-cpython-312/third_party/boringssl-with-bazel/src/crypto/rand/passive.o -std=c++17 -fvisibility=hidden -fno-wrapv -fno-exceptions -pthread
      g++ -fno-strict-overflow -Wsign-compare -DNDEBUG -g -O3 -Wall -fPIC -D_WIN32_WINNT=1536 -DGRPC_XDS_USER_AGENT_NAME_SUFFIX=\"Python\" -DGRPC_XDS_USER_AGENT_VERSION_SUFFIX=\"1.79.0.dev0\" -DHAVE_CONFIG_H=1 -DGRPC_ENABLE_FORK_SUPPORT=1 -DGRPC_ENABLE_FORK_SUPPORT_DEFAULT=false -DGRPC_PYTHON_BUILD=1 -D__STDC_FORMAT_MACROS "-DPyMODINIT_FUNC=extern \"C\" __attribute__((visibility (\"default\"))) PyObject*" -DGRPC_POSIX_FORK_ALLOW_PTHREAD_ATFORK=1 -Isrc/python/grpcio -Iinclude -I. -Ithird_party/abseil-cpp -Ithird_party/address_sorting/include -Ithird_party/cares/cares/include -Ithird_party/cares -Ithird_party/cares/cares -Ithird_party/cares/cares/src/lib/include -Ithird_party/cares/cares/src/lib -Ithird_party/cares/config_linux -Ithird_party/re2 -Ithird_party/boringssl-with-bazel/src/include -Ithird_party/upb -Isrc/core/ext/upb-gen -Isrc/core/ext/upbdefs-gen -Ithird_party/utf8_range -Ithird_party/xxhash -Ithird_party/zlib -I/usr/local/google/home/ssreenithi/.pyenv/versions/3.12.0/envs/pyvenv_312/include -I/usr/local/google/home/ssreenithi/.pyenv/versions/3.12.0/include/python3.12 -c third_party/boringssl-with-bazel/src/crypto/pem/pem_xaux.cc -o pyb/temp.linux-x86_64-cpython-312/third_party/boringssl-with-bazel/src/crypto/pem/pem_xaux.o -std=c++17 -fvisibility=hidden -fno-wrapv -fno-exceptions -pthread
      g++ -fno-strict-overflow -Wsign-compare -DNDEBUG -g -O3 -Wall -fPIC -D_WIN32_WINNT=1536 -DGRPC_XDS_USER_AGENT_NAME_SUFFIX=\"Python\" -DGRPC_XDS_USER_AGENT_VERSION_SUFFIX=\"1.79.0.dev0\" -DHAVE_CONFIG_H=1 -DGRPC_ENABLE_FORK_SUPPORT=1 -DGRPC_ENABLE_FORK_SUPPORT_DEFAULT=false -DGRPC_PYTHON_BUILD=1 -D__STDC_FORMAT_MACROS "-DPyMODINIT_FUNC=extern \"C\" __attribute__((visibility (\"default\"))) PyObject*" -DGRPC_POSIX_FORK_ALLOW_PTHREAD_ATFORK=1 -Isrc/python/grpcio -Iinclude -I. -Ithird_party/abseil-cpp -Ithird_party/address_sorting/include -Ithird_party/cares/cares/include -Ithird_party/cares -Ithird_party/cares/cares -Ithird_party/cares/cares/src/lib/include -Ithird_party/cares/cares/src/lib -Ithird_party/cares/config_linux -Ithird_party/re2 -Ithird_party/boringssl-with-bazel/src/include -Ithird_party/upb -Isrc/core/ext/upb-gen -Isrc/core/ext/upbdefs-gen -Ithird_party/utf8_range -Ithird_party/xxhash -Ithird_party/zlib -I/usr/local/google/home/ssreenithi/.pyenv/versions/3.12.0/envs/pyvenv_312/include -I/usr/local/google/home/ssreenithi/.pyenv/versions/3.12.0/include/python3.12 -c third_party/abseil-cpp/absl/time/format.cc -o pyb/temp.linux-x86_64-cpython-312/third_party/abseil-cpp/absl/time/format.o -std=c++17 -fvisibility=hidden -fno-wrapv -fno-exceptions -pthread
      g++ -fno-strict-overflow -Wsign-compare -DNDEBUG -g -O3 -Wall -fPIC -D_WIN32_WINNT=1536 -DGRPC_XDS_USER_AGENT_NAME_SUFFIX=\"Python\" -DGRPC_XDS_USER_AGENT_VERSION_SUFFIX=\"1.79.0.dev0\" -DHAVE_CONFIG_H=1 -DGRPC_ENABLE_FORK_SUPPORT=1 -DGRPC_ENABLE_FORK_SUPPORT_DEFAULT=false -DGRPC_PYTHON_BUILD=1 -D__STDC_FORMAT_MACROS "-DPyMODINIT_FUNC=extern \"C\" __attribute__((visibility (\"default\"))) PyObject*" -DGRPC_POSIX_FORK_ALLOW_PTHREAD_ATFORK=1 -Isrc/python/grpcio -Iinclude -I. -Ithird_party/abseil-cpp -Ithird_party/address_sorting/include -Ithird_party/cares/cares/include -Ithird_party/cares -Ithird_party/cares/cares -Ithird_party/cares/cares/src/lib/include -Ithird_party/cares/cares/src/lib -Ithird_party/cares/config_linux -Ithird_party/re2 -Ithird_party/boringssl-with-bazel/src/include -Ithird_party/upb -Isrc/core/ext/upb-gen -Isrc/core/ext/upbdefs-gen -Ithird_party/utf8_range -Ithird_party/xxhash -Ithird_party/zlib -I/usr/local/google/home/ssreenithi/.pyenv/versions/3.12.0/envs/pyvenv_312/include -I/usr/local/google/home/ssreenithi/.pyenv/versions/3.12.0/include/python3.12 -c third_party/boringssl-with-bazel/src/crypto/x509/t_x509.cc -o pyb/temp.linux-x86_64-cpython-312/third_party/boringssl-with-bazel/src/crypto/x509/t_x509.o -std=c++17 -fvisibility=hidden -fno-wrapv -fno-exceptions -pthread
      g++ -fno-strict-overflow -Wsign-compare -DNDEBUG -g -O3 -Wall -fPIC -D_WIN32_WINNT=1536 -DGRPC_XDS_USER_AGENT_NAME_SUFFIX=\"Python\" -DGRPC_XDS_USER_AGENT_VERSION_SUFFIX=\"1.79.0.dev0\" -DHAVE_CONFIG_H=1 -DGRPC_ENABLE_FORK_SUPPORT=1 -DGRPC_ENABLE_FORK_SUPPORT_DEFAULT=false -DGRPC_PYTHON_BUILD=1 -D__STDC_FORMAT_MACROS "-DPyMODINIT_FUNC=extern \"C\" __attribute__((visibility (\"default\"))) PyObject*" -DGRPC_POSIX_FORK_ALLOW_PTHREAD_ATFORK=1 -Isrc/python/grpcio -Iinclude -I. -Ithird_party/abseil-cpp -Ithird_party/address_sorting/include -Ithird_party/cares/cares/include -Ithird_party/cares -Ithird_party/cares/cares -Ithird_party/cares/cares/src/lib/include -Ithird_party/cares/cares/src/lib -Ithird_party/cares/config_linux -Ithird_party/re2 -Ithird_party/boringssl-with-bazel/src/include -Ithird_party/upb -Isrc/core/ext/upb-gen -Isrc/core/ext/upbdefs-gen -Ithird_party/utf8_range -Ithird_party/xxhash -Ithird_party/zlib -I/usr/local/google/home/ssreenithi/.pyenv/versions/3.12.0/envs/pyvenv_312/include -I/usr/local/google/home/ssreenithi/.pyenv/versions/3.12.0/include/python3.12 -c third_party/boringssl-with-bazel/src/crypto/siphash/siphash.cc -o pyb/temp.linux-x86_64-cpython-312/third_party/boringssl-with-bazel/src/crypto/siphash/siphash.o -std=c++17 -fvisibility=hidden -fno-wrapv -fno-exceptions -pthread
      g++ -fno-strict-overflow -Wsign-compare -DNDEBUG -g -O3 -Wall -fPIC -D_WIN32_WINNT=1536 -DGRPC_XDS_USER_AGENT_NAME_SUFFIX=\"Python\" -DGRPC_XDS_USER_AGENT_VERSION_SUFFIX=\"1.79.0.dev0\" -DHAVE_CONFIG_H=1 -DGRPC_ENABLE_FORK_SUPPORT=1 -DGRPC_ENABLE_FORK_SUPPORT_DEFAULT=false -DGRPC_PYTHON_BUILD=1 -D__STDC_FORMAT_MACROS "-DPyMODINIT_FUNC=extern \"C\" __attribute__((visibility (\"default\"))) PyObject*" -DGRPC_POSIX_FORK_ALLOW_PTHREAD_ATFORK=1 -Isrc/python/grpcio -Iinclude -I. -Ithird_party/abseil-cpp -Ithird_party/address_sorting/include -Ithird_party/cares/cares/include -Ithird_party/cares -Ithird_party/cares/cares -Ithird_party/cares/cares/src/lib/include -Ithird_party/cares/cares/src/lib -Ithird_party/cares/config_linux -Ithird_party/re2 -Ithird_party/boringssl-with-bazel/src/include -Ithird_party/upb -Isrc/core/ext/upb-gen -Isrc/core/ext/upbdefs-gen -Ithird_party/utf8_range -Ithird_party/xxhash -Ithird_party/zlib -I/usr/local/google/home/ssreenithi/.pyenv/versions/3.12.0/envs/pyvenv_312/include -I/usr/local/google/home/ssreenithi/.pyenv/versions/3.12.0/include/python3.12 -c third_party/boringssl-with-bazel/src/crypto/x509/v3_conf.cc -o pyb/temp.linux-x86_64-cpython-312/third_party/boringssl-with-bazel/src/crypto/x509/v3_conf.o -std=c++17 -fvisibility=hidden -fno-wrapv -fno-exceptions -pthread
      g++ -fno-strict-overflow -Wsign-compare -DNDEBUG -g -O3 -Wall -fPIC -D_WIN32_WINNT=1536 -DGRPC_XDS_USER_AGENT_NAME_SUFFIX=\"Python\" -DGRPC_XDS_USER_AGENT_VERSION_SUFFIX=\"1.79.0.dev0\" -DHAVE_CONFIG_H=1 -DGRPC_ENABLE_FORK_SUPPORT=1 -DGRPC_ENABLE_FORK_SUPPORT_DEFAULT=false -DGRPC_PYTHON_BUILD=1 -D__STDC_FORMAT_MACROS "-DPyMODINIT_FUNC=extern \"C\" __attribute__((visibility (\"default\"))) PyObject*" -DGRPC_POSIX_FORK_ALLOW_PTHREAD_ATFORK=1 -Isrc/python/grpcio -Iinclude -I. -Ithird_party/abseil-cpp -Ithird_party/address_sorting/include -Ithird_party/cares/cares/include -Ithird_party/cares -Ithird_party/cares/cares -Ithird_party/cares/cares/src/lib/include -Ithird_party/cares/cares/src/lib -Ithird_party/cares/config_linux -Ithird_party/re2 -Ithird_party/boringssl-with-bazel/src/include -Ithird_party/upb -Isrc/core/ext/upb-gen -Isrc/core/ext/upbdefs-gen -Ithird_party/utf8_range -Ithird_party/xxhash -Ithird_party/zlib -I/usr/local/google/home/ssreenithi/.pyenv/versions/3.12.0/envs/pyvenv_312/include -I/usr/local/google/home/ssreenithi/.pyenv/versions/3.12.0/include/python3.12 -c third_party/boringssl-with-bazel/src/crypto/evp/p_hkdf.cc -o pyb/temp.linux-x86_64-cpython-312/third_party/boringssl-with-bazel/src/crypto/evp/p_hkdf.o -std=c++17 -fvisibility=hidden -fno-wrapv -fno-exceptions -pthread
      g++ -fno-strict-overflow -Wsign-compare -DNDEBUG -g -O3 -Wall -fPIC -D_WIN32_WINNT=1536 -DGRPC_XDS_USER_AGENT_NAME_SUFFIX=\"Python\" -DGRPC_XDS_USER_AGENT_VERSION_SUFFIX=\"1.79.0.dev0\" -DHAVE_CONFIG_H=1 -DGRPC_ENABLE_FORK_SUPPORT=1 -DGRPC_ENABLE_FORK_SUPPORT_DEFAULT=false -DGRPC_PYTHON_BUILD=1 -D__STDC_FORMAT_MACROS "-DPyMODINIT_FUNC=extern \"C\" __attribute__((visibility (\"default\"))) PyObject*" -DGRPC_POSIX_FORK_ALLOW_PTHREAD_ATFORK=1 -Isrc/python/grpcio -Iinclude -I. -Ithird_party/abseil-cpp -Ithird_party/address_sorting/include -Ithird_party/cares/cares/include -Ithird_party/cares -Ithird_party/cares/cares -Ithird_party/cares/cares/src/lib/include -Ithird_party/cares/cares/src/lib -Ithird_party/cares/config_linux -Ithird_party/re2 -Ithird_party/boringssl-with-bazel/src/include -Ithird_party/upb -Isrc/core/ext/upb-gen -Isrc/core/ext/upbdefs-gen -Ithird_party/utf8_range -Ithird_party/xxhash -Ithird_party/zlib -I/usr/local/google/home/ssreenithi/.pyenv/versions/3.12.0/envs/pyvenv_312/include -I/usr/local/google/home/ssreenithi/.pyenv/versions/3.12.0/include/python3.12 -c third_party/boringssl-with-bazel/src/crypto/cipher/e_aesctrhmac.cc -o pyb/temp.linux-x86_64-cpython-312/third_party/boringssl-with-bazel/src/crypto/cipher/e_aesctrhmac.o -std=c++17 -fvisibility=hidden -fno-wrapv -fno-exceptions -pthread
      g++ -fno-strict-overflow -Wsign-compare -DNDEBUG -g -O3 -Wall -fPIC -D_WIN32_WINNT=1536 -DGRPC_XDS_USER_AGENT_NAME_SUFFIX=\"Python\" -DGRPC_XDS_USER_AGENT_VERSION_SUFFIX=\"1.79.0.dev0\" -DHAVE_CONFIG_H=1 -DGRPC_ENABLE_FORK_SUPPORT=1 -DGRPC_ENABLE_FORK_SUPPORT_DEFAULT=false -DGRPC_PYTHON_BUILD=1 -D__STDC_FORMAT_MACROS "-DPyMODINIT_FUNC=extern \"C\" __attribute__((visibility (\"default\"))) PyObject*" -DGRPC_POSIX_FORK_ALLOW_PTHREAD_ATFORK=1 -Isrc/python/grpcio -Iinclude -I. -Ithird_party/abseil-cpp -Ithird_party/address_sorting/include -Ithird_party/cares/cares/include -Ithird_party/cares -Ithird_party/cares/cares -Ithird_party/cares/cares/src/lib/include -Ithird_party/cares/cares/src/lib -Ithird_party/cares/config_linux -Ithird_party/re2 -Ithird_party/boringssl-with-bazel/src/include -Ithird_party/upb -Isrc/core/ext/upb-gen -Isrc/core/ext/upbdefs-gen -Ithird_party/utf8_range -Ithird_party/xxhash -Ithird_party/zlib -I/usr/local/google/home/ssreenithi/.pyenv/versions/3.12.0/envs/pyvenv_312/include -I/usr/local/google/home/ssreenithi/.pyenv/versions/3.12.0/include/python3.12 -c third_party/boringssl-with-bazel/src/crypto/ec/hash_to_curve.cc -o pyb/temp.linux-x86_64-cpython-312/third_party/boringssl-with-bazel/src/crypto/ec/hash_to_curve.o -std=c++17 -fvisibility=hidden -fno-wrapv -fno-exceptions -pthread
      g++ -fno-strict-overflow -Wsign-compare -DNDEBUG -g -O3 -Wall -fPIC -D_WIN32_WINNT=1536 -DGRPC_XDS_USER_AGENT_NAME_SUFFIX=\"Python\" -DGRPC_XDS_USER_AGENT_VERSION_SUFFIX=\"1.79.0.dev0\" -DHAVE_CONFIG_H=1 -DGRPC_ENABLE_FORK_SUPPORT=1 -DGRPC_ENABLE_FORK_SUPPORT_DEFAULT=false -DGRPC_PYTHON_BUILD=1 -D__STDC_FORMAT_MACROS "-DPyMODINIT_FUNC=extern \"C\" __attribute__((visibility (\"default\"))) PyObject*" -DGRPC_POSIX_FORK_ALLOW_PTHREAD_ATFORK=1 -Isrc/python/grpcio -Iinclude -I. -Ithird_party/abseil-cpp -Ithird_party/address_sorting/include -Ithird_party/cares/cares/include -Ithird_party/cares -Ithird_party/cares/cares -Ithird_party/cares/cares/src/lib/include -Ithird_party/cares/cares/src/lib -Ithird_party/cares/config_linux -Ithird_party/re2 -Ithird_party/boringssl-with-bazel/src/include -Ithird_party/upb -Isrc/core/ext/upb-gen -Isrc/core/ext/upbdefs-gen -Ithird_party/utf8_range -Ithird_party/xxhash -Ithird_party/zlib -I/usr/local/google/home/ssreenithi/.pyenv/versions/3.12.0/envs/pyvenv_312/include -I/usr/local/google/home/ssreenithi/.pyenv/versions/3.12.0/include/python3.12 -c third_party/boringssl-with-bazel/src/crypto/x509/v3_info.cc -o pyb/temp.linux-x86_64-cpython-312/third_party/boringssl-with-bazel/src/crypto/x509/v3_info.o -std=c++17 -fvisibility=hidden -fno-wrapv -fno-exceptions -pthread
      g++ -fno-strict-overflow -Wsign-compare -DNDEBUG -g -O3 -Wall -fPIC -D_WIN32_WINNT=1536 -DGRPC_XDS_USER_AGENT_NAME_SUFFIX=\"Python\" -DGRPC_XDS_USER_AGENT_VERSION_SUFFIX=\"1.79.0.dev0\" -DHAVE_CONFIG_H=1 -DGRPC_ENABLE_FORK_SUPPORT=1 -DGRPC_ENABLE_FORK_SUPPORT_DEFAULT=false -DGRPC_PYTHON_BUILD=1 -D__STDC_FORMAT_MACROS "-DPyMODINIT_FUNC=extern \"C\" __attribute__((visibility (\"default\"))) PyObject*" -DGRPC_POSIX_FORK_ALLOW_PTHREAD_ATFORK=1 -Isrc/python/grpcio -Iinclude -I. -Ithird_party/abseil-cpp -Ithird_party/address_sorting/include -Ithird_party/cares/cares/include -Ithird_party/cares -Ithird_party/cares/cares -Ithird_party/cares/cares/src/lib/include -Ithird_party/cares/cares/src/lib -Ithird_party/cares/config_linux -Ithird_party/re2 -Ithird_party/boringssl-with-bazel/src/include -Ithird_party/upb -Isrc/core/ext/upb-gen -Isrc/core/ext/upbdefs-gen -Ithird_party/utf8_range -Ithird_party/xxhash -Ithird_party/zlib -I/usr/local/google/home/ssreenithi/.pyenv/versions/3.12.0/envs/pyvenv_312/include -I/usr/local/google/home/ssreenithi/.pyenv/versions/3.12.0/include/python3.12 -c third_party/boringssl-with-bazel/src/crypto/poly1305/poly1305.cc -o pyb/temp.linux-x86_64-cpython-312/third_party/boringssl-with-bazel/src/crypto/poly1305/poly1305.o -std=c++17 -fvisibility=hidden -fno-wrapv -fno-exceptions -pthread
      g++ -fno-strict-overflow -Wsign-compare -DNDEBUG -g -O3 -Wall -fPIC -D_WIN32_WINNT=1536 -DGRPC_XDS_USER_AGENT_NAME_SUFFIX=\"Python\" -DGRPC_XDS_USER_AGENT_VERSION_SUFFIX=\"1.79.0.dev0\" -DHAVE_CONFIG_H=1 -DGRPC_ENABLE_FORK_SUPPORT=1 -DGRPC_ENABLE_FORK_SUPPORT_DEFAULT=false -DGRPC_PYTHON_BUILD=1 -D__STDC_FORMAT_MACROS "-DPyMODINIT_FUNC=extern \"C\" __attribute__((visibility (\"default\"))) PyObject*" -DGRPC_POSIX_FORK_ALLOW_PTHREAD_ATFORK=1 -Isrc/python/grpcio -Iinclude -I. -Ithird_party/abseil-cpp -Ithird_party/address_sorting/include -Ithird_party/cares/cares/include -Ithird_party/cares -Ithird_party/cares/cares -Ithird_party/cares/cares/src/lib/include -Ithird_party/cares/cares/src/lib -Ithird_party/cares/config_linux -Ithird_party/re2 -Ithird_party/boringssl-with-bazel/src/include -Ithird_party/upb -Isrc/core/ext/upb-gen -Isrc/core/ext/upbdefs-gen -Ithird_party/utf8_range -Ithird_party/xxhash -Ithird_party/zlib -I/usr/local/google/home/ssreenithi/.pyenv/versions/3.12.0/envs/pyvenv_312/include -I/usr/local/google/home/ssreenithi/.pyenv/versions/3.12.0/include/python3.12 -c third_party/boringssl-with-bazel/src/crypto/rsa/rsa_asn1.cc -o pyb/temp.linux-x86_64-cpython-312/third_party/boringssl-with-bazel/src/crypto/rsa/rsa_asn1.o -std=c++17 -fvisibility=hidden -fno-wrapv -fno-exceptions -pthread
      g++ -fno-strict-overflow -Wsign-compare -DNDEBUG -g -O3 -Wall -fPIC -D_WIN32_WINNT=1536 -DGRPC_XDS_USER_AGENT_NAME_SUFFIX=\"Python\" -DGRPC_XDS_USER_AGENT_VERSION_SUFFIX=\"1.79.0.dev0\" -DHAVE_CONFIG_H=1 -DGRPC_ENABLE_FORK_SUPPORT=1 -DGRPC_ENABLE_FORK_SUPPORT_DEFAULT=false -DGRPC_PYTHON_BUILD=1 -D__STDC_FORMAT_MACROS "-DPyMODINIT_FUNC=extern \"C\" __attribute__((visibility (\"default\"))) PyObject*" -DGRPC_POSIX_FORK_ALLOW_PTHREAD_ATFORK=1 -Isrc/python/grpcio -Iinclude -I. -Ithird_party/abseil-cpp -Ithird_party/address_sorting/include -Ithird_party/cares/cares/include -Ithird_party/cares -Ithird_party/cares/cares -Ithird_party/cares/cares/src/lib/include -Ithird_party/cares/cares/src/lib -Ithird_party/cares/config_linux -Ithird_party/re2 -Ithird_party/boringssl-with-bazel/src/include -Ithird_party/upb -Isrc/core/ext/upb-gen -Isrc/core/ext/upbdefs-gen -Ithird_party/utf8_range -Ithird_party/xxhash -Ithird_party/zlib -I/usr/local/google/home/ssreenithi/.pyenv/versions/3.12.0/envs/pyvenv_312/include -I/usr/local/google/home/ssreenithi/.pyenv/versions/3.12.0/include/python3.12 -c third_party/boringssl-with-bazel/src/crypto/thread_none.cc -o pyb/temp.linux-x86_64-cpython-312/third_party/boringssl-with-bazel/src/crypto/thread_none.o -std=c++17 -fvisibility=hidden -fno-wrapv -fno-exceptions -pthread
      g++ -fno-strict-overflow -Wsign-compare -DNDEBUG -g -O3 -Wall -fPIC -D_WIN32_WINNT=1536 -DGRPC_XDS_USER_AGENT_NAME_SUFFIX=\"Python\" -DGRPC_XDS_USER_AGENT_VERSION_SUFFIX=\"1.79.0.dev0\" -DHAVE_CONFIG_H=1 -DGRPC_ENABLE_FORK_SUPPORT=1 -DGRPC_ENABLE_FORK_SUPPORT_DEFAULT=false -DGRPC_PYTHON_BUILD=1 -D__STDC_FORMAT_MACROS "-DPyMODINIT_FUNC=extern \"C\" __attribute__((visibility (\"default\"))) PyObject*" -DGRPC_POSIX_FORK_ALLOW_PTHREAD_ATFORK=1 -Isrc/python/grpcio -Iinclude -I. -Ithird_party/abseil-cpp -Ithird_party/address_sorting/include -Ithird_party/cares/cares/include -Ithird_party/cares -Ithird_party/cares/cares -Ithird_party/cares/cares/src/lib/include -Ithird_party/cares/cares/src/lib -Ithird_party/cares/config_linux -Ithird_party/re2 -Ithird_party/boringssl-with-bazel/src/include -Ithird_party/upb -Isrc/core/ext/upb-gen -Isrc/core/ext/upbdefs-gen -Ithird_party/utf8_range -Ithird_party/xxhash -Ithird_party/zlib -I/usr/local/google/home/ssreenithi/.pyenv/versions/3.12.0/envs/pyvenv_312/include -I/usr/local/google/home/ssreenithi/.pyenv/versions/3.12.0/include/python3.12 -c third_party/boringssl-with-bazel/src/crypto/x509/v3_prn.cc -o pyb/temp.linux-x86_64-cpython-312/third_party/boringssl-with-bazel/src/crypto/x509/v3_prn.o -std=c++17 -fvisibility=hidden -fno-wrapv -fno-exceptions -pthread
      g++ -fno-strict-overflow -Wsign-compare -DNDEBUG -g -O3 -Wall -fPIC -D_WIN32_WINNT=1536 -DGRPC_XDS_USER_AGENT_NAME_SUFFIX=\"Python\" -DGRPC_XDS_USER_AGENT_VERSION_SUFFIX=\"1.79.0.dev0\" -DHAVE_CONFIG_H=1 -DGRPC_ENABLE_FORK_SUPPORT=1 -DGRPC_ENABLE_FORK_SUPPORT_DEFAULT=false -DGRPC_PYTHON_BUILD=1 -D__STDC_FORMAT_MACROS "-DPyMODINIT_FUNC=extern \"C\" __attribute__((visibility (\"default\"))) PyObject*" -DGRPC_POSIX_FORK_ALLOW_PTHREAD_ATFORK=1 -Isrc/python/grpcio -Iinclude -I. -Ithird_party/abseil-cpp -Ithird_party/address_sorting/include -Ithird_party/cares/cares/include -Ithird_party/cares -Ithird_party/cares/cares -Ithird_party/cares/cares/src/lib/include -Ithird_party/cares/cares/src/lib -Ithird_party/cares/config_linux -Ithird_party/re2 -Ithird_party/boringssl-with-bazel/src/include -Ithird_party/upb -Isrc/core/ext/upb-gen -Isrc/core/ext/upbdefs-gen -Ithird_party/utf8_range -Ithird_party/xxhash -Ithird_party/zlib -I/usr/local/google/home/ssreenithi/.pyenv/versions/3.12.0/envs/pyvenv_312/include -I/usr/local/google/home/ssreenithi/.pyenv/versions/3.12.0/include/python3.12 -c third_party/boringssl-with-bazel/src/crypto/x509/i2d_pr.cc -o pyb/temp.linux-x86_64-cpython-312/third_party/boringssl-with-bazel/src/crypto/x509/i2d_pr.o -std=c++17 -fvisibility=hidden -fno-wrapv -fno-exceptions -pthread
      g++ -fno-strict-overflow -Wsign-compare -DNDEBUG -g -O3 -Wall -fPIC -D_WIN32_WINNT=1536 -DGRPC_XDS_USER_AGENT_NAME_SUFFIX=\"Python\" -DGRPC_XDS_USER_AGENT_VERSION_SUFFIX=\"1.79.0.dev0\" -DHAVE_CONFIG_H=1 -DGRPC_ENABLE_FORK_SUPPORT=1 -DGRPC_ENABLE_FORK_SUPPORT_DEFAULT=false -DGRPC_PYTHON_BUILD=1 -D__STDC_FORMAT_MACROS "-DPyMODINIT_FUNC=extern \"C\" __attribute__((visibility (\"default\"))) PyObject*" -DGRPC_POSIX_FORK_ALLOW_PTHREAD_ATFORK=1 -Isrc/python/grpcio -Iinclude -I. -Ithird_party/abseil-cpp -Ithird_party/address_sorting/include -Ithird_party/cares/cares/include -Ithird_party/cares -Ithird_party/cares/cares -Ithird_party/cares/cares/src/lib/include -Ithird_party/cares/cares/src/lib -Ithird_party/cares/config_linux -Ithird_party/re2 -Ithird_party/boringssl-with-bazel/src/include -Ithird_party/upb -Isrc/core/ext/upb-gen -Isrc/core/ext/upbdefs-gen -Ithird_party/utf8_range -Ithird_party/xxhash -Ithird_party/zlib -I/usr/local/google/home/ssreenithi/.pyenv/versions/3.12.0/envs/pyvenv_312/include -I/usr/local/google/home/ssreenithi/.pyenv/versions/3.12.0/include/python3.12 -c third_party/boringssl-with-bazel/src/crypto/rand/rand.cc -o pyb/temp.linux-x86_64-cpython-312/third_party/boringssl-with-bazel/src/crypto/rand/rand.o -std=c++17 -fvisibility=hidden -fno-wrapv -fno-exceptions -pthread
      g++ -fno-strict-overflow -Wsign-compare -DNDEBUG -g -O3 -Wall -fPIC -D_WIN32_WINNT=1536 -DGRPC_XDS_USER_AGENT_NAME_SUFFIX=\"Python\" -DGRPC_XDS_USER_AGENT_VERSION_SUFFIX=\"1.79.0.dev0\" -DHAVE_CONFIG_H=1 -DGRPC_ENABLE_FORK_SUPPORT=1 -DGRPC_ENABLE_FORK_SUPPORT_DEFAULT=false -DGRPC_PYTHON_BUILD=1 -D__STDC_FORMAT_MACROS "-DPyMODINIT_FUNC=extern \"C\" __attribute__((visibility (\"default\"))) PyObject*" -DGRPC_POSIX_FORK_ALLOW_PTHREAD_ATFORK=1 -Isrc/python/grpcio -Iinclude -I. -Ithird_party/abseil-cpp -Ithird_party/address_sorting/include -Ithird_party/cares/cares/include -Ithird_party/cares -Ithird_party/cares/cares -Ithird_party/cares/cares/src/lib/include -Ithird_party/cares/cares/src/lib -Ithird_party/cares/config_linux -Ithird_party/re2 -Ithird_party/boringssl-with-bazel/src/include -Ithird_party/upb -Isrc/core/ext/upb-gen -Isrc/core/ext/upbdefs-gen -Ithird_party/utf8_range -Ithird_party/xxhash -Ithird_party/zlib -I/usr/local/google/home/ssreenithi/.pyenv/versions/3.12.0/envs/pyvenv_312/include -I/usr/local/google/home/ssreenithi/.pyenv/versions/3.12.0/include/python3.12 -c src/core/service_config/service_config_parser.cc -o pyb/temp.linux-x86_64-cpython-312/src/core/service_config/service_config_parser.o -std=c++17 -fvisibility=hidden -fno-wrapv -fno-exceptions -pthread
      g++ -fno-strict-overflow -Wsign-compare -DNDEBUG -g -O3 -Wall -fPIC -D_WIN32_WINNT=1536 -DGRPC_XDS_USER_AGENT_NAME_SUFFIX=\"Python\" -DGRPC_XDS_USER_AGENT_VERSION_SUFFIX=\"1.79.0.dev0\" -DHAVE_CONFIG_H=1 -DGRPC_ENABLE_FORK_SUPPORT=1 -DGRPC_ENABLE_FORK_SUPPORT_DEFAULT=false -DGRPC_PYTHON_BUILD=1 -D__STDC_FORMAT_MACROS "-DPyMODINIT_FUNC=extern \"C\" __attribute__((visibility (\"default\"))) PyObject*" -DGRPC_POSIX_FORK_ALLOW_PTHREAD_ATFORK=1 -Isrc/python/grpcio -Iinclude -I. -Ithird_party/abseil-cpp -Ithird_party/address_sorting/include -Ithird_party/cares/cares/include -Ithird_party/cares -Ithird_party/cares/cares -Ithird_party/cares/cares/src/lib/include -Ithird_party/cares/cares/src/lib -Ithird_party/cares/config_linux -Ithird_party/re2 -Ithird_party/boringssl-with-bazel/src/include -Ithird_party/upb -Isrc/core/ext/upb-gen -Isrc/core/ext/upbdefs-gen -Ithird_party/utf8_range -Ithird_party/xxhash -Ithird_party/zlib -I/usr/local/google/home/ssreenithi/.pyenv/versions/3.12.0/envs/pyvenv_312/include -I/usr/local/google/home/ssreenithi/.pyenv/versions/3.12.0/include/python3.12 -c third_party/boringssl-with-bazel/src/crypto/evp/scrypt.cc -o pyb/temp.linux-x86_64-cpython-312/third_party/boringssl-with-bazel/src/crypto/evp/scrypt.o -std=c++17 -fvisibility=hidden -fno-wrapv -fno-exceptions -pthread
      g++ -fno-strict-overflow -Wsign-compare -DNDEBUG -g -O3 -Wall -fPIC -D_WIN32_WINNT=1536 -DGRPC_XDS_USER_AGENT_NAME_SUFFIX=\"Python\" -DGRPC_XDS_USER_AGENT_VERSION_SUFFIX=\"1.79.0.dev0\" -DHAVE_CONFIG_H=1 -DGRPC_ENABLE_FORK_SUPPORT=1 -DGRPC_ENABLE_FORK_SUPPORT_DEFAULT=false -DGRPC_PYTHON_BUILD=1 -D__STDC_FORMAT_MACROS "-DPyMODINIT_FUNC=extern \"C\" __attribute__((visibility (\"default\"))) PyObject*" -DGRPC_POSIX_FORK_ALLOW_PTHREAD_ATFORK=1 -Isrc/python/grpcio -Iinclude -I. -Ithird_party/abseil-cpp -Ithird_party/address_sorting/include -Ithird_party/cares/cares/include -Ithird_party/cares -Ithird_party/cares/cares -Ithird_party/cares/cares/src/lib/include -Ithird_party/cares/cares/src/lib -Ithird_party/cares/config_linux -Ithird_party/re2 -Ithird_party/boringssl-with-bazel/src/include -Ithird_party/upb -Isrc/core/ext/upb-gen -Isrc/core/ext/upbdefs-gen -Ithird_party/utf8_range -Ithird_party/xxhash -Ithird_party/zlib -I/usr/local/google/home/ssreenithi/.pyenv/versions/3.12.0/envs/pyvenv_312/include -I/usr/local/google/home/ssreenithi/.pyenv/versions/3.12.0/include/python3.12 -c third_party/boringssl-with-bazel/src/crypto/evp/evp_ctx.cc -o pyb/temp.linux-x86_64-cpython-312/third_party/boringssl-with-bazel/src/crypto/evp/evp_ctx.o -std=c++17 -fvisibility=hidden -fno-wrapv -fno-exceptions -pthread
      g++ -fno-strict-overflow -Wsign-compare -DNDEBUG -g -O3 -Wall -fPIC -D_WIN32_WINNT=1536 -DGRPC_XDS_USER_AGENT_NAME_SUFFIX=\"Python\" -DGRPC_XDS_USER_AGENT_VERSION_SUFFIX=\"1.79.0.dev0\" -DHAVE_CONFIG_H=1 -DGRPC_ENABLE_FORK_SUPPORT=1 -DGRPC_ENABLE_FORK_SUPPORT_DEFAULT=false -DGRPC_PYTHON_BUILD=1 -D__STDC_FORMAT_MACROS "-DPyMODINIT_FUNC=extern \"C\" __attribute__((visibility (\"default\"))) PyObject*" -DGRPC_POSIX_FORK_ALLOW_PTHREAD_ATFORK=1 -Isrc/python/grpcio -Iinclude -I. -Ithird_party/abseil-cpp -Ithird_party/address_sorting/include -Ithird_party/cares/cares/include -Ithird_party/cares -Ithird_party/cares/cares -Ithird_party/cares/cares/src/lib/include -Ithird_party/cares/cares/src/lib -Ithird_party/cares/config_linux -Ithird_party/re2 -Ithird_party/boringssl-with-bazel/src/include -Ithird_party/upb -Isrc/core/ext/upb-gen -Isrc/core/ext/upbdefs-gen -Ithird_party/utf8_range -Ithird_party/xxhash -Ithird_party/zlib -I/usr/local/google/home/ssreenithi/.pyenv/versions/3.12.0/envs/pyvenv_312/include -I/usr/local/google/home/ssreenithi/.pyenv/versions/3.12.0/include/python3.12 -c third_party/abseil-cpp/absl/strings/internal/str_format/output.cc -o pyb/temp.linux-x86_64-cpython-312/third_party/abseil-cpp/absl/strings/internal/str_format/output.o -std=c++17 -fvisibility=hidden -fno-wrapv -fno-exceptions -pthread
      In file included from ./src/core/lib/promise/activity.h:30,
                       from ./src/core/call/call_state.h:23,
                       from ./src/core/call/call_filters.h:26,
                       from ./src/core/lib/channel/promise_based_filter.h:36,
                       from ./src/core/load_balancing/grpclb/client_load_reporting_filter.h:26,
                       from src/core/load_balancing/grpclb/client_load_reporting_filter.cc:19:
      ./src/core/lib/promise/detail/promise_factory.h:131:5: warning: ‘always_inline’ function might not be inlinable unless also declared ‘inline’ [-Wattributes]
        131 |     PromiseFactoryImpl(Token, F&& f, A&& arg) {
            |     ^~~~~~~~~~~~~~~~~~
      ./src/core/lib/promise/detail/promise_factory.h:210:5: warning: ‘always_inline’ function might not be inlinable unless also declared ‘inline’ [-Wattributes]
        210 |     PromiseFactoryImpl(Token, F&& f) {
            |     ^~~~~~~~~~~~~~~~~~
      ./src/core/lib/promise/detail/promise_factory.h:210:5: warning: ‘always_inline’ function might not be inlinable unless also declared ‘inline’ [-Wattributes]
      ./src/core/lib/promise/detail/promise_factory.h:210:5: warning: ‘always_inline’ function might not be inlinable unless also declared ‘inline’ [-Wattributes]
      ./src/core/lib/promise/detail/promise_factory.h:210:5: warning: ‘always_inline’ function might not be inlinable unless also declared ‘inline’ [-Wattributes]
      ./src/core/lib/promise/detail/promise_factory.h:210:5: warning: ‘always_inline’ function might not be inlinable unless also declared ‘inline’ [-Wattributes]
      ./src/core/lib/promise/detail/promise_factory.h:210:5: warning: ‘always_inline’ function might not be inlinable unless also declared ‘inline’ [-Wattributes]
      ./src/core/lib/promise/detail/promise_factory.h:210:5: warning: ‘always_inline’ function might not be inlinable unless also declared ‘inline’ [-Wattributes]
      ./src/core/lib/promise/detail/promise_factory.h:210:5: warning: ‘always_inline’ function might not be inlinable unless also declared ‘inline’ [-Wattributes]
      g++ -fno-strict-overflow -Wsign-compare -DNDEBUG -g -O3 -Wall -fPIC -D_WIN32_WINNT=1536 -DGRPC_XDS_USER_AGENT_NAME_SUFFIX=\"Python\" -DGRPC_XDS_USER_AGENT_VERSION_SUFFIX=\"1.79.0.dev0\" -DHAVE_CONFIG_H=1 -DGRPC_ENABLE_FORK_SUPPORT=1 -DGRPC_ENABLE_FORK_SUPPORT_DEFAULT=false -DGRPC_PYTHON_BUILD=1 -D__STDC_FORMAT_MACROS "-DPyMODINIT_FUNC=extern \"C\" __attribute__((visibility (\"default\"))) PyObject*" -DGRPC_POSIX_FORK_ALLOW_PTHREAD_ATFORK=1 -Isrc/python/grpcio -Iinclude -I. -Ithird_party/abseil-cpp -Ithird_party/address_sorting/include -Ithird_party/cares/cares/include -Ithird_party/cares -Ithird_party/cares/cares -Ithird_party/cares/cares/src/lib/include -Ithird_party/cares/cares/src/lib -Ithird_party/cares/config_linux -Ithird_party/re2 -Ithird_party/boringssl-with-bazel/src/include -Ithird_party/upb -Isrc/core/ext/upb-gen -Isrc/core/ext/upbdefs-gen -Ithird_party/utf8_range -Ithird_party/xxhash -Ithird_party/zlib -I/usr/local/google/home/ssreenithi/.pyenv/versions/3.12.0/envs/pyvenv_312/include -I/usr/local/google/home/ssreenithi/.pyenv/versions/3.12.0/include/python3.12 -c third_party/boringssl-with-bazel/src/crypto/slhdsa/slhdsa.cc -o pyb/temp.linux-x86_64-cpython-312/third_party/boringssl-with-bazel/src/crypto/slhdsa/slhdsa.o -std=c++17 -fvisibility=hidden -fno-wrapv -fno-exceptions -pthread
      g++ -fno-strict-overflow -Wsign-compare -DNDEBUG -g -O3 -Wall -fPIC -D_WIN32_WINNT=1536 -DGRPC_XDS_USER_AGENT_NAME_SUFFIX=\"Python\" -DGRPC_XDS_USER_AGENT_VERSION_SUFFIX=\"1.79.0.dev0\" -DHAVE_CONFIG_H=1 -DGRPC_ENABLE_FORK_SUPPORT=1 -DGRPC_ENABLE_FORK_SUPPORT_DEFAULT=false -DGRPC_PYTHON_BUILD=1 -D__STDC_FORMAT_MACROS "-DPyMODINIT_FUNC=extern \"C\" __attribute__((visibility (\"default\"))) PyObject*" -DGRPC_POSIX_FORK_ALLOW_PTHREAD_ATFORK=1 -Isrc/python/grpcio -Iinclude -I. -Ithird_party/abseil-cpp -Ithird_party/address_sorting/include -Ithird_party/cares/cares/include -Ithird_party/cares -Ithird_party/cares/cares -Ithird_party/cares/cares/src/lib/include -Ithird_party/cares/cares/src/lib -Ithird_party/cares/config_linux -Ithird_party/re2 -Ithird_party/boringssl-with-bazel/src/include -Ithird_party/upb -Isrc/core/ext/upb-gen -Isrc/core/ext/upbdefs-gen -Ithird_party/utf8_range -Ithird_party/xxhash -Ithird_party/zlib -I/usr/local/google/home/ssreenithi/.pyenv/versions/3.12.0/envs/pyvenv_312/include -I/usr/local/google/home/ssreenithi/.pyenv/versions/3.12.0/include/python3.12 -c third_party/boringssl-with-bazel/src/crypto/thread_pthread.cc -o pyb/temp.linux-x86_64-cpython-312/third_party/boringssl-with-bazel/src/crypto/thread_pthread.o -std=c++17 -fvisibility=hidden -fno-wrapv -fno-exceptions -pthread
      g++ -fno-strict-overflow -Wsign-compare -DNDEBUG -g -O3 -Wall -fPIC -D_WIN32_WINNT=1536 -DGRPC_XDS_USER_AGENT_NAME_SUFFIX=\"Python\" -DGRPC_XDS_USER_AGENT_VERSION_SUFFIX=\"1.79.0.dev0\" -DHAVE_CONFIG_H=1 -DGRPC_ENABLE_FORK_SUPPORT=1 -DGRPC_ENABLE_FORK_SUPPORT_DEFAULT=false -DGRPC_PYTHON_BUILD=1 -D__STDC_FORMAT_MACROS "-DPyMODINIT_FUNC=extern \"C\" __attribute__((visibility (\"default\"))) PyObject*" -DGRPC_POSIX_FORK_ALLOW_PTHREAD_ATFORK=1 -Isrc/python/grpcio -Iinclude -I. -Ithird_party/abseil-cpp -Ithird_party/address_sorting/include -Ithird_party/cares/cares/include -Ithird_party/cares -Ithird_party/cares/cares -Ithird_party/cares/cares/src/lib/include -Ithird_party/cares/cares/src/lib -Ithird_party/cares/config_linux -Ithird_party/re2 -Ithird_party/boringssl-with-bazel/src/include -Ithird_party/upb -Isrc/core/ext/upb-gen -Isrc/core/ext/upbdefs-gen -Ithird_party/utf8_range -Ithird_party/xxhash -Ithird_party/zlib -I/usr/local/google/home/ssreenithi/.pyenv/versions/3.12.0/envs/pyvenv_312/include -I/usr/local/google/home/ssreenithi/.pyenv/versions/3.12.0/include/python3.12 -c third_party/boringssl-with-bazel/src/crypto/pem/pem_info.cc -o pyb/temp.linux-x86_64-cpython-312/third_party/boringssl-with-bazel/src/crypto/pem/pem_info.o -std=c++17 -fvisibility=hidden -fno-wrapv -fno-exceptions -pthread
      g++ -fno-strict-overflow -Wsign-compare -DNDEBUG -g -O3 -Wall -fPIC -D_WIN32_WINNT=1536 -DGRPC_XDS_USER_AGENT_NAME_SUFFIX=\"Python\" -DGRPC_XDS_USER_AGENT_VERSION_SUFFIX=\"1.79.0.dev0\" -DHAVE_CONFIG_H=1 -DGRPC_ENABLE_FORK_SUPPORT=1 -DGRPC_ENABLE_FORK_SUPPORT_DEFAULT=false -DGRPC_PYTHON_BUILD=1 -D__STDC_FORMAT_MACROS "-DPyMODINIT_FUNC=extern \"C\" __attribute__((visibility (\"default\"))) PyObject*" -DGRPC_POSIX_FORK_ALLOW_PTHREAD_ATFORK=1 -Isrc/python/grpcio -Iinclude -I. -Ithird_party/abseil-cpp -Ithird_party/address_sorting/include -Ithird_party/cares/cares/include -Ithird_party/cares -Ithird_party/cares/cares -Ithird_party/cares/cares/src/lib/include -Ithird_party/cares/cares/src/lib -Ithird_party/cares/config_linux -Ithird_party/re2 -Ithird_party/boringssl-with-bazel/src/include -Ithird_party/upb -Isrc/core/ext/upb-gen -Isrc/core/ext/upbdefs-gen -Ithird_party/utf8_range -Ithird_party/xxhash -Ithird_party/zlib -I/usr/local/google/home/ssreenithi/.pyenv/versions/3.12.0/envs/pyvenv_312/include -I/usr/local/google/home/ssreenithi/.pyenv/versions/3.12.0/include/python3.12 -c third_party/boringssl-with-bazel/src/crypto/pkcs7/pkcs7.cc -o pyb/temp.linux-x86_64-cpython-312/third_party/boringssl-with-bazel/src/crypto/pkcs7/pkcs7.o -std=c++17 -fvisibility=hidden -fno-wrapv -fno-exceptions -pthread
      g++ -fno-strict-overflow -Wsign-compare -DNDEBUG -g -O3 -Wall -fPIC -D_WIN32_WINNT=1536 -DGRPC_XDS_USER_AGENT_NAME_SUFFIX=\"Python\" -DGRPC_XDS_USER_AGENT_VERSION_SUFFIX=\"1.79.0.dev0\" -DHAVE_CONFIG_H=1 -DGRPC_ENABLE_FORK_SUPPORT=1 -DGRPC_ENABLE_FORK_SUPPORT_DEFAULT=false -DGRPC_PYTHON_BUILD=1 -D__STDC_FORMAT_MACROS "-DPyMODINIT_FUNC=extern \"C\" __attribute__((visibility (\"default\"))) PyObject*" -DGRPC_POSIX_FORK_ALLOW_PTHREAD_ATFORK=1 -Isrc/python/grpcio -Iinclude -I. -Ithird_party/abseil-cpp -Ithird_party/address_sorting/include -Ithird_party/cares/cares/include -Ithird_party/cares -Ithird_party/cares/cares -Ithird_party/cares/cares/src/lib/include -Ithird_party/cares/cares/src/lib -Ithird_party/cares/config_linux -Ithird_party/re2 -Ithird_party/boringssl-with-bazel/src/include -Ithird_party/upb -Isrc/core/ext/upb-gen -Isrc/core/ext/upbdefs-gen -Ithird_party/utf8_range -Ithird_party/xxhash -Ithird_party/zlib -I/usr/local/google/home/ssreenithi/.pyenv/versions/3.12.0/envs/pyvenv_312/include -I/usr/local/google/home/ssreenithi/.pyenv/versions/3.12.0/include/python3.12 -c third_party/boringssl-with-bazel/src/crypto/poly1305/poly1305_arm.cc -o pyb/temp.linux-x86_64-cpython-312/third_party/boringssl-with-bazel/src/crypto/poly1305/poly1305_arm.o -std=c++17 -fvisibility=hidden -fno-wrapv -fno-exceptions -pthread
      g++ -fno-strict-overflow -Wsign-compare -DNDEBUG -g -O3 -Wall -fPIC -D_WIN32_WINNT=1536 -DGRPC_XDS_USER_AGENT_NAME_SUFFIX=\"Python\" -DGRPC_XDS_USER_AGENT_VERSION_SUFFIX=\"1.79.0.dev0\" -DHAVE_CONFIG_H=1 -DGRPC_ENABLE_FORK_SUPPORT=1 -DGRPC_ENABLE_FORK_SUPPORT_DEFAULT=false -DGRPC_PYTHON_BUILD=1 -D__STDC_FORMAT_MACROS "-DPyMODINIT_FUNC=extern \"C\" __attribute__((visibility (\"default\"))) PyObject*" -DGRPC_POSIX_FORK_ALLOW_PTHREAD_ATFORK=1 -Isrc/python/grpcio -Iinclude -I. -Ithird_party/abseil-cpp -Ithird_party/address_sorting/include -Ithird_party/cares/cares/include -Ithird_party/cares -Ithird_party/cares/cares -Ithird_party/cares/cares/src/lib/include -Ithird_party/cares/cares/src/lib -Ithird_party/cares/config_linux -Ithird_party/re2 -Ithird_party/boringssl-with-bazel/src/include -Ithird_party/upb -Isrc/core/ext/upb-gen -Isrc/core/ext/upbdefs-gen -Ithird_party/utf8_range -Ithird_party/xxhash -Ithird_party/zlib -I/usr/local/google/home/ssreenithi/.pyenv/versions/3.12.0/envs/pyvenv_312/include -I/usr/local/google/home/ssreenithi/.pyenv/versions/3.12.0/include/python3.12 -c third_party/boringssl-with-bazel/src/crypto/x509/x509_cmp.cc -o pyb/temp.linux-x86_64-cpython-312/third_party/boringssl-with-bazel/src/crypto/x509/x509_cmp.o -std=c++17 -fvisibility=hidden -fno-wrapv -fno-exceptions -pthread
      g++ -fno-strict-overflow -Wsign-compare -DNDEBUG -g -O3 -Wall -fPIC -D_WIN32_WINNT=1536 -DGRPC_XDS_USER_AGENT_NAME_SUFFIX=\"Python\" -DGRPC_XDS_USER_AGENT_VERSION_SUFFIX=\"1.79.0.dev0\" -DHAVE_CONFIG_H=1 -DGRPC_ENABLE_FORK_SUPPORT=1 -DGRPC_ENABLE_FORK_SUPPORT_DEFAULT=false -DGRPC_PYTHON_BUILD=1 -D__STDC_FORMAT_MACROS "-DPyMODINIT_FUNC=extern \"C\" __attribute__((visibility (\"default\"))) PyObject*" -DGRPC_POSIX_FORK_ALLOW_PTHREAD_ATFORK=1 -Isrc/python/grpcio -Iinclude -I. -Ithird_party/abseil-cpp -Ithird_party/address_sorting/include -Ithird_party/cares/cares/include -Ithird_party/cares -Ithird_party/cares/cares -Ithird_party/cares/cares/src/lib/include -Ithird_party/cares/cares/src/lib -Ithird_party/cares/config_linux -Ithird_party/re2 -Ithird_party/boringssl-with-bazel/src/include -Ithird_party/upb -Isrc/core/ext/upb-gen -Isrc/core/ext/upbdefs-gen -Ithird_party/utf8_range -Ithird_party/xxhash -Ithird_party/zlib -I/usr/local/google/home/ssreenithi/.pyenv/versions/3.12.0/envs/pyvenv_312/include -I/usr/local/google/home/ssreenithi/.pyenv/versions/3.12.0/include/python3.12 -c third_party/boringssl-with-bazel/src/crypto/x509/x509_set.cc -o pyb/temp.linux-x86_64-cpython-312/third_party/boringssl-with-bazel/src/crypto/x509/x509_set.o -std=c++17 -fvisibility=hidden -fno-wrapv -fno-exceptions -pthread
      g++ -fno-strict-overflow -Wsign-compare -DNDEBUG -g -O3 -Wall -fPIC -D_WIN32_WINNT=1536 -DGRPC_XDS_USER_AGENT_NAME_SUFFIX=\"Python\" -DGRPC_XDS_USER_AGENT_VERSION_SUFFIX=\"1.79.0.dev0\" -DHAVE_CONFIG_H=1 -DGRPC_ENABLE_FORK_SUPPORT=1 -DGRPC_ENABLE_FORK_SUPPORT_DEFAULT=false -DGRPC_PYTHON_BUILD=1 -D__STDC_FORMAT_MACROS "-DPyMODINIT_FUNC=extern \"C\" __attribute__((visibility (\"default\"))) PyObject*" -DGRPC_POSIX_FORK_ALLOW_PTHREAD_ATFORK=1 -Isrc/python/grpcio -Iinclude -I. -Ithird_party/abseil-cpp -Ithird_party/address_sorting/include -Ithird_party/cares/cares/include -Ithird_party/cares -Ithird_party/cares/cares -Ithird_party/cares/cares/src/lib/include -Ithird_party/cares/cares/src/lib -Ithird_party/cares/config_linux -Ithird_party/re2 -Ithird_party/boringssl-with-bazel/src/include -Ithird_party/upb -Isrc/core/ext/upb-gen -Isrc/core/ext/upbdefs-gen -Ithird_party/utf8_range -Ithird_party/xxhash -Ithird_party/zlib -I/usr/local/google/home/ssreenithi/.pyenv/versions/3.12.0/envs/pyvenv_312/include -I/usr/local/google/home/ssreenithi/.pyenv/versions/3.12.0/include/python3.12 -c third_party/boringssl-with-bazel/src/crypto/cipher/e_aeseax.cc -o pyb/temp.linux-x86_64-cpython-312/third_party/boringssl-with-bazel/src/crypto/cipher/e_aeseax.o -std=c++17 -fvisibility=hidden -fno-wrapv -fno-exceptions -pthread
      g++ -fno-strict-overflow -Wsign-compare -DNDEBUG -g -O3 -Wall -fPIC -D_WIN32_WINNT=1536 -DGRPC_XDS_USER_AGENT_NAME_SUFFIX=\"Python\" -DGRPC_XDS_USER_AGENT_VERSION_SUFFIX=\"1.79.0.dev0\" -DHAVE_CONFIG_H=1 -DGRPC_ENABLE_FORK_SUPPORT=1 -DGRPC_ENABLE_FORK_SUPPORT_DEFAULT=false -DGRPC_PYTHON_BUILD=1 -D__STDC_FORMAT_MACROS "-DPyMODINIT_FUNC=extern \"C\" __attribute__((visibility (\"default\"))) PyObject*" -DGRPC_POSIX_FORK_ALLOW_PTHREAD_ATFORK=1 -Isrc/python/grpcio -Iinclude -I. -Ithird_party/abseil-cpp -Ithird_party/address_sorting/include -Ithird_party/cares/cares/include -Ithird_party/cares -Ithird_party/cares/cares -Ithird_party/cares/cares/src/lib/include -Ithird_party/cares/cares/src/lib -Ithird_party/cares/config_linux -Ithird_party/re2 -Ithird_party/boringssl-with-bazel/src/include -Ithird_party/upb -Isrc/core/ext/upb-gen -Isrc/core/ext/upbdefs-gen -Ithird_party/utf8_range -Ithird_party/xxhash -Ithird_party/zlib -I/usr/local/google/home/ssreenithi/.pyenv/versions/3.12.0/envs/pyvenv_312/include -I/usr/local/google/home/ssreenithi/.pyenv/versions/3.12.0/include/python3.12 -c third_party/boringssl-with-bazel/src/crypto/x509/x509name.cc -o pyb/temp.linux-x86_64-cpython-312/third_party/boringssl-with-bazel/src/crypto/x509/x509name.o -std=c++17 -fvisibility=hidden -fno-wrapv -fno-exceptions -pthread
      g++ -fno-strict-overflow -Wsign-compare -DNDEBUG -g -O3 -Wall -fPIC -D_WIN32_WINNT=1536 -DGRPC_XDS_USER_AGENT_NAME_SUFFIX=\"Python\" -DGRPC_XDS_USER_AGENT_VERSION_SUFFIX=\"1.79.0.dev0\" -DHAVE_CONFIG_H=1 -DGRPC_ENABLE_FORK_SUPPORT=1 -DGRPC_ENABLE_FORK_SUPPORT_DEFAULT=false -DGRPC_PYTHON_BUILD=1 -D__STDC_FORMAT_MACROS "-DPyMODINIT_FUNC=extern \"C\" __attribute__((visibility (\"default\"))) PyObject*" -DGRPC_POSIX_FORK_ALLOW_PTHREAD_ATFORK=1 -Isrc/python/grpcio -Iinclude -I. -Ithird_party/abseil-cpp -Ithird_party/address_sorting/include -Ithird_party/cares/cares/include -Ithird_party/cares -Ithird_party/cares/cares -Ithird_party/cares/cares/src/lib/include -Ithird_party/cares/cares/src/lib -Ithird_party/cares/config_linux -Ithird_party/re2 -Ithird_party/boringssl-with-bazel/src/include -Ithird_party/upb -Isrc/core/ext/upb-gen -Isrc/core/ext/upbdefs-gen -Ithird_party/utf8_range -Ithird_party/xxhash -Ithird_party/zlib -I/usr/local/google/home/ssreenithi/.pyenv/versions/3.12.0/envs/pyvenv_312/include -I/usr/local/google/home/ssreenithi/.pyenv/versions/3.12.0/include/python3.12 -c third_party/boringssl-with-bazel/src/crypto/x509/name_print.cc -o pyb/temp.linux-x86_64-cpython-312/third_party/boringssl-with-bazel/src/crypto/x509/name_print.o -std=c++17 -fvisibility=hidden -fno-wrapv -fno-exceptions -pthread
      g++ -fno-strict-overflow -Wsign-compare -DNDEBUG -g -O3 -Wall -fPIC -D_WIN32_WINNT=1536 -DGRPC_XDS_USER_AGENT_NAME_SUFFIX=\"Python\" -DGRPC_XDS_USER_AGENT_VERSION_SUFFIX=\"1.79.0.dev0\" -DHAVE_CONFIG_H=1 -DGRPC_ENABLE_FORK_SUPPORT=1 -DGRPC_ENABLE_FORK_SUPPORT_DEFAULT=false -DGRPC_PYTHON_BUILD=1 -D__STDC_FORMAT_MACROS "-DPyMODINIT_FUNC=extern \"C\" __attribute__((visibility (\"default\"))) PyObject*" -DGRPC_POSIX_FORK_ALLOW_PTHREAD_ATFORK=1 -Isrc/python/grpcio -Iinclude -I. -Ithird_party/abseil-cpp -Ithird_party/address_sorting/include -Ithird_party/cares/cares/include -Ithird_party/cares -Ithird_party/cares/cares -Ithird_party/cares/cares/src/lib/include -Ithird_party/cares/cares/src/lib -Ithird_party/cares/config_linux -Ithird_party/re2 -Ithird_party/boringssl-with-bazel/src/include -Ithird_party/upb -Isrc/core/ext/upb-gen -Isrc/core/ext/upbdefs-gen -Ithird_party/utf8_range -Ithird_party/xxhash -Ithird_party/zlib -I/usr/local/google/home/ssreenithi/.pyenv/versions/3.12.0/envs/pyvenv_312/include -I/usr/local/google/home/ssreenithi/.pyenv/versions/3.12.0/include/python3.12 -c third_party/boringssl-with-bazel/src/crypto/x509/a_digest.cc -o pyb/temp.linux-x86_64-cpython-312/third_party/boringssl-with-bazel/src/crypto/x509/a_digest.o -std=c++17 -fvisibility=hidden -fno-wrapv -fno-exceptions -pthread
      g++ -fno-strict-overflow -Wsign-compare -DNDEBUG -g -O3 -Wall -fPIC -D_WIN32_WINNT=1536 -DGRPC_XDS_USER_AGENT_NAME_SUFFIX=\"Python\" -DGRPC_XDS_USER_AGENT_VERSION_SUFFIX=\"1.79.0.dev0\" -DHAVE_CONFIG_H=1 -DGRPC_ENABLE_FORK_SUPPORT=1 -DGRPC_ENABLE_FORK_SUPPORT_DEFAULT=false -DGRPC_PYTHON_BUILD=1 -D__STDC_FORMAT_MACROS "-DPyMODINIT_FUNC=extern \"C\" __attribute__((visibility (\"default\"))) PyObject*" -DGRPC_POSIX_FORK_ALLOW_PTHREAD_ATFORK=1 -Isrc/python/grpcio -Iinclude -I. -Ithird_party/abseil-cpp -Ithird_party/address_sorting/include -Ithird_party/cares/cares/include -Ithird_party/cares -Ithird_party/cares/cares -Ithird_party/cares/cares/src/lib/include -Ithird_party/cares/cares/src/lib -Ithird_party/cares/config_linux -Ithird_party/re2 -Ithird_party/boringssl-with-bazel/src/include -Ithird_party/upb -Isrc/core/ext/upb-gen -Isrc/core/ext/upbdefs-gen -Ithird_party/utf8_range -Ithird_party/xxhash -Ithird_party/zlib -I/usr/local/google/home/ssreenithi/.pyenv/versions/3.12.0/envs/pyvenv_312/include -I/usr/local/google/home/ssreenithi/.pyenv/versions/3.12.0/include/python3.12 -c src/core/lib/compression/message_compress.cc -o pyb/temp.linux-x86_64-cpython-312/src/core/lib/compression/message_compress.o -std=c++17 -fvisibility=hidden -fno-wrapv -fno-exceptions -pthread
      g++ -fno-strict-overflow -Wsign-compare -DNDEBUG -g -O3 -Wall -fPIC -D_WIN32_WINNT=1536 -DGRPC_XDS_USER_AGENT_NAME_SUFFIX=\"Python\" -DGRPC_XDS_USER_AGENT_VERSION_SUFFIX=\"1.79.0.dev0\" -DHAVE_CONFIG_H=1 -DGRPC_ENABLE_FORK_SUPPORT=1 -DGRPC_ENABLE_FORK_SUPPORT_DEFAULT=false -DGRPC_PYTHON_BUILD=1 -D__STDC_FORMAT_MACROS "-DPyMODINIT_FUNC=extern \"C\" __attribute__((visibility (\"default\"))) PyObject*" -DGRPC_POSIX_FORK_ALLOW_PTHREAD_ATFORK=1 -Isrc/python/grpcio -Iinclude -I. -Ithird_party/abseil-cpp -Ithird_party/address_sorting/include -Ithird_party/cares/cares/include -Ithird_party/cares -Ithird_party/cares/cares -Ithird_party/cares/cares/src/lib/include -Ithird_party/cares/cares/src/lib -Ithird_party/cares/config_linux -Ithird_party/re2 -Ithird_party/boringssl-with-bazel/src/include -Ithird_party/upb -Isrc/core/ext/upb-gen -Isrc/core/ext/upbdefs-gen -Ithird_party/utf8_range -Ithird_party/xxhash -Ithird_party/zlib -I/usr/local/google/home/ssreenithi/.pyenv/versions/3.12.0/envs/pyvenv_312/include -I/usr/local/google/home/ssreenithi/.pyenv/versions/3.12.0/include/python3.12 -c third_party/boringssl-with-bazel/src/crypto/x509/t_x509a.cc -o pyb/temp.linux-x86_64-cpython-312/third_party/boringssl-with-bazel/src/crypto/x509/t_x509a.o -std=c++17 -fvisibility=hidden -fno-wrapv -fno-exceptions -pthread
      g++ -fno-strict-overflow -Wsign-compare -DNDEBUG -g -O3 -Wall -fPIC -D_WIN32_WINNT=1536 -DGRPC_XDS_USER_AGENT_NAME_SUFFIX=\"Python\" -DGRPC_XDS_USER_AGENT_VERSION_SUFFIX=\"1.79.0.dev0\" -DHAVE_CONFIG_H=1 -DGRPC_ENABLE_FORK_SUPPORT=1 -DGRPC_ENABLE_FORK_SUPPORT_DEFAULT=false -DGRPC_PYTHON_BUILD=1 -D__STDC_FORMAT_MACROS "-DPyMODINIT_FUNC=extern \"C\" __attribute__((visibility (\"default\"))) PyObject*" -DGRPC_POSIX_FORK_ALLOW_PTHREAD_ATFORK=1 -Isrc/python/grpcio -Iinclude -I. -Ithird_party/abseil-cpp -Ithird_party/address_sorting/include -Ithird_party/cares/cares/include -Ithird_party/cares -Ithird_party/cares/cares -Ithird_party/cares/cares/src/lib/include -Ithird_party/cares/cares/src/lib -Ithird_party/cares/config_linux -Ithird_party/re2 -Ithird_party/boringssl-with-bazel/src/include -Ithird_party/upb -Isrc/core/ext/upb-gen -Isrc/core/ext/upbdefs-gen -Ithird_party/utf8_range -Ithird_party/xxhash -Ithird_party/zlib -I/usr/local/google/home/ssreenithi/.pyenv/versions/3.12.0/envs/pyvenv_312/include -I/usr/local/google/home/ssreenithi/.pyenv/versions/3.12.0/include/python3.12 -c third_party/boringssl-with-bazel/src/crypto/rsa/rsa_crypt.cc -o pyb/temp.linux-x86_64-cpython-312/third_party/boringssl-with-bazel/src/crypto/rsa/rsa_crypt.o -std=c++17 -fvisibility=hidden -fno-wrapv -fno-exceptions -pthread
      g++ -fno-strict-overflow -Wsign-compare -DNDEBUG -g -O3 -Wall -fPIC -D_WIN32_WINNT=1536 -DGRPC_XDS_USER_AGENT_NAME_SUFFIX=\"Python\" -DGRPC_XDS_USER_AGENT_VERSION_SUFFIX=\"1.79.0.dev0\" -DHAVE_CONFIG_H=1 -DGRPC_ENABLE_FORK_SUPPORT=1 -DGRPC_ENABLE_FORK_SUPPORT_DEFAULT=false -DGRPC_PYTHON_BUILD=1 -D__STDC_FORMAT_MACROS "-DPyMODINIT_FUNC=extern \"C\" __attribute__((visibility (\"default\"))) PyObject*" -DGRPC_POSIX_FORK_ALLOW_PTHREAD_ATFORK=1 -Isrc/python/grpcio -Iinclude -I. -Ithird_party/abseil-cpp -Ithird_party/address_sorting/include -Ithird_party/cares/cares/include -Ithird_party/cares -Ithird_party/cares/cares -Ithird_party/cares/cares/src/lib/include -Ithird_party/cares/cares/src/lib -Ithird_party/cares/config_linux -Ithird_party/re2 -Ithird_party/boringssl-with-bazel/src/include -Ithird_party/upb -Isrc/core/ext/upb-gen -Isrc/core/ext/upbdefs-gen -Ithird_party/utf8_range -Ithird_party/xxhash -Ithird_party/zlib -I/usr/local/google/home/ssreenithi/.pyenv/versions/3.12.0/envs/pyvenv_312/include -I/usr/local/google/home/ssreenithi/.pyenv/versions/3.12.0/include/python3.12 -c third_party/boringssl-with-bazel/src/crypto/ecdh/ecdh.cc -o pyb/temp.linux-x86_64-cpython-312/third_party/boringssl-with-bazel/src/crypto/ecdh/ecdh.o -std=c++17 -fvisibility=hidden -fno-wrapv -fno-exceptions -pthread
      g++ -fno-strict-overflow -Wsign-compare -DNDEBUG -g -O3 -Wall -fPIC -D_WIN32_WINNT=1536 -DGRPC_XDS_USER_AGENT_NAME_SUFFIX=\"Python\" -DGRPC_XDS_USER_AGENT_VERSION_SUFFIX=\"1.79.0.dev0\" -DHAVE_CONFIG_H=1 -DGRPC_ENABLE_FORK_SUPPORT=1 -DGRPC_ENABLE_FORK_SUPPORT_DEFAULT=false -DGRPC_PYTHON_BUILD=1 -D__STDC_FORMAT_MACROS "-DPyMODINIT_FUNC=extern \"C\" __attribute__((visibility (\"default\"))) PyObject*" -DGRPC_POSIX_FORK_ALLOW_PTHREAD_ATFORK=1 -Isrc/python/grpcio -Iinclude -I. -Ithird_party/abseil-cpp -Ithird_party/address_sorting/include -Ithird_party/cares/cares/include -Ithird_party/cares -Ithird_party/cares/cares -Ithird_party/cares/cares/src/lib/include -Ithird_party/cares/cares/src/lib -Ithird_party/cares/config_linux -Ithird_party/re2 -Ithird_party/boringssl-with-bazel/src/include -Ithird_party/upb -Isrc/core/ext/upb-gen -Isrc/core/ext/upbdefs-gen -Ithird_party/utf8_range -Ithird_party/xxhash -Ithird_party/zlib -I/usr/local/google/home/ssreenithi/.pyenv/versions/3.12.0/envs/pyvenv_312/include -I/usr/local/google/home/ssreenithi/.pyenv/versions/3.12.0/include/python3.12 -c third_party/boringssl-with-bazel/src/crypto/thread_win.cc -o pyb/temp.linux-x86_64-cpython-312/third_party/boringssl-with-bazel/src/crypto/thread_win.o -std=c++17 -fvisibility=hidden -fno-wrapv -fno-exceptions -pthread
      gcc -fno-strict-overflow -Wsign-compare -DNDEBUG -g -O3 -Wall -fPIC -D_WIN32_WINNT=1536 -DGRPC_XDS_USER_AGENT_NAME_SUFFIX=\"Python\" -DGRPC_XDS_USER_AGENT_VERSION_SUFFIX=\"1.79.0.dev0\" -DHAVE_CONFIG_H=1 -DGRPC_ENABLE_FORK_SUPPORT=1 -DGRPC_ENABLE_FORK_SUPPORT_DEFAULT=false -DGRPC_PYTHON_BUILD=1 -D__STDC_FORMAT_MACROS "-DPyMODINIT_FUNC=extern \"C\" __attribute__((visibility (\"default\"))) PyObject*" -DGRPC_POSIX_FORK_ALLOW_PTHREAD_ATFORK=1 -Isrc/python/grpcio -Iinclude -I. -Ithird_party/abseil-cpp -Ithird_party/address_sorting/include -Ithird_party/cares/cares/include -Ithird_party/cares -Ithird_party/cares/cares -Ithird_party/cares/cares/src/lib/include -Ithird_party/cares/cares/src/lib -Ithird_party/cares/config_linux -Ithird_party/re2 -Ithird_party/boringssl-with-bazel/src/include -Ithird_party/upb -Isrc/core/ext/upb-gen -Isrc/core/ext/upbdefs-gen -Ithird_party/utf8_range -Ithird_party/xxhash -Ithird_party/zlib -I/usr/local/google/home/ssreenithi/.pyenv/versions/3.12.0/envs/pyvenv_312/include -I/usr/local/google/home/ssreenithi/.pyenv/versions/3.12.0/include/python3.12 -c third_party/boringssl-with-bazel/src/crypto/poly1305/poly1305_arm_asm.S -o pyb/temp.linux-x86_64-cpython-312/third_party/boringssl-with-bazel/src/crypto/poly1305/poly1305_arm_asm.o -std=c++17 -fvisibility=hidden -fno-wrapv -fno-exceptions -pthread
      g++ -fno-strict-overflow -Wsign-compare -DNDEBUG -g -O3 -Wall -fPIC -D_WIN32_WINNT=1536 -DGRPC_XDS_USER_AGENT_NAME_SUFFIX=\"Python\" -DGRPC_XDS_USER_AGENT_VERSION_SUFFIX=\"1.79.0.dev0\" -DHAVE_CONFIG_H=1 -DGRPC_ENABLE_FORK_SUPPORT=1 -DGRPC_ENABLE_FORK_SUPPORT_DEFAULT=false -DGRPC_PYTHON_BUILD=1 -D__STDC_FORMAT_MACROS "-DPyMODINIT_FUNC=extern \"C\" __attribute__((visibility (\"default\"))) PyObject*" -DGRPC_POSIX_FORK_ALLOW_PTHREAD_ATFORK=1 -Isrc/python/grpcio -Iinclude -I. -Ithird_party/abseil-cpp -Ithird_party/address_sorting/include -Ithird_party/cares/cares/include -Ithird_party/cares -Ithird_party/cares/cares -Ithird_party/cares/cares/src/lib/include -Ithird_party/cares/cares/src/lib -Ithird_party/cares/config_linux -Ithird_party/re2 -Ithird_party/boringssl-with-bazel/src/include -Ithird_party/upb -Isrc/core/ext/upb-gen -Isrc/core/ext/upbdefs-gen -Ithird_party/utf8_range -Ithird_party/xxhash -Ithird_party/zlib -I/usr/local/google/home/ssreenithi/.pyenv/versions/3.12.0/envs/pyvenv_312/include -I/usr/local/google/home/ssreenithi/.pyenv/versions/3.12.0/include/python3.12 -c third_party/boringssl-with-bazel/src/crypto/x509/x_exten.cc -o pyb/temp.linux-x86_64-cpython-312/third_party/boringssl-with-bazel/src/crypto/x509/x_exten.o -std=c++17 -fvisibility=hidden -fno-wrapv -fno-exceptions -pthread
      g++ -fno-strict-overflow -Wsign-compare -DNDEBUG -g -O3 -Wall -fPIC -D_WIN32_WINNT=1536 -DGRPC_XDS_USER_AGENT_NAME_SUFFIX=\"Python\" -DGRPC_XDS_USER_AGENT_VERSION_SUFFIX=\"1.79.0.dev0\" -DHAVE_CONFIG_H=1 -DGRPC_ENABLE_FORK_SUPPORT=1 -DGRPC_ENABLE_FORK_SUPPORT_DEFAULT=false -DGRPC_PYTHON_BUILD=1 -D__STDC_FORMAT_MACROS "-DPyMODINIT_FUNC=extern \"C\" __attribute__((visibility (\"default\"))) PyObject*" -DGRPC_POSIX_FORK_ALLOW_PTHREAD_ATFORK=1 -Isrc/python/grpcio -Iinclude -I. -Ithird_party/abseil-cpp -Ithird_party/address_sorting/include -Ithird_party/cares/cares/include -Ithird_party/cares -Ithird_party/cares/cares -Ithird_party/cares/cares/src/lib/include -Ithird_party/cares/cares/src/lib -Ithird_party/cares/config_linux -Ithird_party/re2 -Ithird_party/boringssl-with-bazel/src/include -Ithird_party/upb -Isrc/core/ext/upb-gen -Isrc/core/ext/upbdefs-gen -Ithird_party/utf8_range -Ithird_party/xxhash -Ithird_party/zlib -I/usr/local/google/home/ssreenithi/.pyenv/versions/3.12.0/envs/pyvenv_312/include -I/usr/local/google/home/ssreenithi/.pyenv/versions/3.12.0/include/python3.12 -c third_party/boringssl-with-bazel/src/crypto/x509/x_x509.cc -o pyb/temp.linux-x86_64-cpython-312/third_party/boringssl-with-bazel/src/crypto/x509/x_x509.o -std=c++17 -fvisibility=hidden -fno-wrapv -fno-exceptions -pthread
      g++ -fno-strict-overflow -Wsign-compare -DNDEBUG -g -O3 -Wall -fPIC -D_WIN32_WINNT=1536 -DGRPC_XDS_USER_AGENT_NAME_SUFFIX=\"Python\" -DGRPC_XDS_USER_AGENT_VERSION_SUFFIX=\"1.79.0.dev0\" -DHAVE_CONFIG_H=1 -DGRPC_ENABLE_FORK_SUPPORT=1 -DGRPC_ENABLE_FORK_SUPPORT_DEFAULT=false -DGRPC_PYTHON_BUILD=1 -D__STDC_FORMAT_MACROS "-DPyMODINIT_FUNC=extern \"C\" __attribute__((visibility (\"default\"))) PyObject*" -DGRPC_POSIX_FORK_ALLOW_PTHREAD_ATFORK=1 -Isrc/python/grpcio -Iinclude -I. -Ithird_party/abseil-cpp -Ithird_party/address_sorting/include -Ithird_party/cares/cares/include -Ithird_party/cares -Ithird_party/cares/cares -Ithird_party/cares/cares/src/lib/include -Ithird_party/cares/cares/src/lib -Ithird_party/cares/config_linux -Ithird_party/re2 -Ithird_party/boringssl-with-bazel/src/include -Ithird_party/upb -Isrc/core/ext/upb-gen -Isrc/core/ext/upbdefs-gen -Ithird_party/utf8_range -Ithird_party/xxhash -Ithird_party/zlib -I/usr/local/google/home/ssreenithi/.pyenv/versions/3.12.0/envs/pyvenv_312/include -I/usr/local/google/home/ssreenithi/.pyenv/versions/3.12.0/include/python3.12 -c third_party/boringssl-with-bazel/src/crypto/evp/p_dh.cc -o pyb/temp.linux-x86_64-cpython-312/third_party/boringssl-with-bazel/src/crypto/evp/p_dh.o -std=c++17 -fvisibility=hidden -fno-wrapv -fno-exceptions -pthread
      g++ -fno-strict-overflow -Wsign-compare -DNDEBUG -g -O3 -Wall -fPIC -D_WIN32_WINNT=1536 -DGRPC_XDS_USER_AGENT_NAME_SUFFIX=\"Python\" -DGRPC_XDS_USER_AGENT_VERSION_SUFFIX=\"1.79.0.dev0\" -DHAVE_CONFIG_H=1 -DGRPC_ENABLE_FORK_SUPPORT=1 -DGRPC_ENABLE_FORK_SUPPORT_DEFAULT=false -DGRPC_PYTHON_BUILD=1 -D__STDC_FORMAT_MACROS "-DPyMODINIT_FUNC=extern \"C\" __attribute__((visibility (\"default\"))) PyObject*" -DGRPC_POSIX_FORK_ALLOW_PTHREAD_ATFORK=1 -Isrc/python/grpcio -Iinclude -I. -Ithird_party/abseil-cpp -Ithird_party/address_sorting/include -Ithird_party/cares/cares/include -Ithird_party/cares -Ithird_party/cares/cares -Ithird_party/cares/cares/src/lib/include -Ithird_party/cares/cares/src/lib -Ithird_party/cares/config_linux -Ithird_party/re2 -Ithird_party/boringssl-with-bazel/src/include -Ithird_party/upb -Isrc/core/ext/upb-gen -Isrc/core/ext/upbdefs-gen -Ithird_party/utf8_range -Ithird_party/xxhash -Ithird_party/zlib -I/usr/local/google/home/ssreenithi/.pyenv/versions/3.12.0/envs/pyvenv_312/include -I/usr/local/google/home/ssreenithi/.pyenv/versions/3.12.0/include/python3.12 -c third_party/boringssl-with-bazel/src/crypto/x509/v3_purp.cc -o pyb/temp.linux-x86_64-cpython-312/third_party/boringssl-with-bazel/src/crypto/x509/v3_purp.o -std=c++17 -fvisibility=hidden -fno-wrapv -fno-exceptions -pthread
      g++ -fno-strict-overflow -Wsign-compare -DNDEBUG -g -O3 -Wall -fPIC -D_WIN32_WINNT=1536 -DGRPC_XDS_USER_AGENT_NAME_SUFFIX=\"Python\" -DGRPC_XDS_USER_AGENT_VERSION_SUFFIX=\"1.79.0.dev0\" -DHAVE_CONFIG_H=1 -DGRPC_ENABLE_FORK_SUPPORT=1 -DGRPC_ENABLE_FORK_SUPPORT_DEFAULT=false -DGRPC_PYTHON_BUILD=1 -D__STDC_FORMAT_MACROS "-DPyMODINIT_FUNC=extern \"C\" __attribute__((visibility (\"default\"))) PyObject*" -DGRPC_POSIX_FORK_ALLOW_PTHREAD_ATFORK=1 -Isrc/python/grpcio -Iinclude -I. -Ithird_party/abseil-cpp -Ithird_party/address_sorting/include -Ithird_party/cares/cares/include -Ithird_party/cares -Ithird_party/cares/cares -Ithird_party/cares/cares/src/lib/include -Ithird_party/cares/cares/src/lib -Ithird_party/cares/config_linux -Ithird_party/re2 -Ithird_party/boringssl-with-bazel/src/include -Ithird_party/upb -Isrc/core/ext/upb-gen -Isrc/core/ext/upbdefs-gen -Ithird_party/utf8_range -Ithird_party/xxhash -Ithird_party/zlib -I/usr/local/google/home/ssreenithi/.pyenv/versions/3.12.0/envs/pyvenv_312/include -I/usr/local/google/home/ssreenithi/.pyenv/versions/3.12.0/include/python3.12 -c third_party/boringssl-with-bazel/src/crypto/poly1305/poly1305_vec.cc -o pyb/temp.linux-x86_64-cpython-312/third_party/boringssl-with-bazel/src/crypto/poly1305/poly1305_vec.o -std=c++17 -fvisibility=hidden -fno-wrapv -fno-exceptions -pthread
      g++ -fno-strict-overflow -Wsign-compare -DNDEBUG -g -O3 -Wall -fPIC -D_WIN32_WINNT=1536 -DGRPC_XDS_USER_AGENT_NAME_SUFFIX=\"Python\" -DGRPC_XDS_USER_AGENT_VERSION_SUFFIX=\"1.79.0.dev0\" -DHAVE_CONFIG_H=1 -DGRPC_ENABLE_FORK_SUPPORT=1 -DGRPC_ENABLE_FORK_SUPPORT_DEFAULT=false -DGRPC_PYTHON_BUILD=1 -D__STDC_FORMAT_MACROS "-DPyMODINIT_FUNC=extern \"C\" __attribute__((visibility (\"default\"))) PyObject*" -DGRPC_POSIX_FORK_ALLOW_PTHREAD_ATFORK=1 -Isrc/python/grpcio -Iinclude -I. -Ithird_party/abseil-cpp -Ithird_party/address_sorting/include -Ithird_party/cares/cares/include -Ithird_party/cares -Ithird_party/cares/cares -Ithird_party/cares/cares/src/lib/include -Ithird_party/cares/cares/src/lib -Ithird_party/cares/config_linux -Ithird_party/re2 -Ithird_party/boringssl-with-bazel/src/include -Ithird_party/upb -Isrc/core/ext/upb-gen -Isrc/core/ext/upbdefs-gen -Ithird_party/utf8_range -Ithird_party/xxhash -Ithird_party/zlib -I/usr/local/google/home/ssreenithi/.pyenv/versions/3.12.0/envs/pyvenv_312/include -I/usr/local/google/home/ssreenithi/.pyenv/versions/3.12.0/include/python3.12 -c src/core/load_balancing/ring_hash/ring_hash.cc -o pyb/temp.linux-x86_64-cpython-312/src/core/load_balancing/ring_hash/ring_hash.o -std=c++17 -fvisibility=hidden -fno-wrapv -fno-exceptions -pthread
      g++ -fno-strict-overflow -Wsign-compare -DNDEBUG -g -O3 -Wall -fPIC -D_WIN32_WINNT=1536 -DGRPC_XDS_USER_AGENT_NAME_SUFFIX=\"Python\" -DGRPC_XDS_USER_AGENT_VERSION_SUFFIX=\"1.79.0.dev0\" -DHAVE_CONFIG_H=1 -DGRPC_ENABLE_FORK_SUPPORT=1 -DGRPC_ENABLE_FORK_SUPPORT_DEFAULT=false -DGRPC_PYTHON_BUILD=1 -D__STDC_FORMAT_MACROS "-DPyMODINIT_FUNC=extern \"C\" __attribute__((visibility (\"default\"))) PyObject*" -DGRPC_POSIX_FORK_ALLOW_PTHREAD_ATFORK=1 -Isrc/python/grpcio -Iinclude -I. -Ithird_party/abseil-cpp -Ithird_party/address_sorting/include -Ithird_party/cares/cares/include -Ithird_party/cares -Ithird_party/cares/cares -Ithird_party/cares/cares/src/lib/include -Ithird_party/cares/cares/src/lib -Ithird_party/cares/config_linux -Ithird_party/re2 -Ithird_party/boringssl-with-bazel/src/include -Ithird_party/upb -Isrc/core/ext/upb-gen -Isrc/core/ext/upbdefs-gen -Ithird_party/utf8_range -Ithird_party/xxhash -Ithird_party/zlib -I/usr/local/google/home/ssreenithi/.pyenv/versions/3.12.0/envs/pyvenv_312/include -I/usr/local/google/home/ssreenithi/.pyenv/versions/3.12.0/include/python3.12 -c third_party/boringssl-with-bazel/src/crypto/x509/v3_cpols.cc -o pyb/temp.linux-x86_64-cpython-312/third_party/boringssl-with-bazel/src/crypto/x509/v3_cpols.o -std=c++17 -fvisibility=hidden -fno-wrapv -fno-exceptions -pthread
      g++ -fno-strict-overflow -Wsign-compare -DNDEBUG -g -O3 -Wall -fPIC -D_WIN32_WINNT=1536 -DGRPC_XDS_USER_AGENT_NAME_SUFFIX=\"Python\" -DGRPC_XDS_USER_AGENT_VERSION_SUFFIX=\"1.79.0.dev0\" -DHAVE_CONFIG_H=1 -DGRPC_ENABLE_FORK_SUPPORT=1 -DGRPC_ENABLE_FORK_SUPPORT_DEFAULT=false -DGRPC_PYTHON_BUILD=1 -D__STDC_FORMAT_MACROS "-DPyMODINIT_FUNC=extern \"C\" __attribute__((visibility (\"default\"))) PyObject*" -DGRPC_POSIX_FORK_ALLOW_PTHREAD_ATFORK=1 -Isrc/python/grpcio -Iinclude -I. -Ithird_party/abseil-cpp -Ithird_party/address_sorting/include -Ithird_party/cares/cares/include -Ithird_party/cares -Ithird_party/cares/cares -Ithird_party/cares/cares/src/lib/include -Ithird_party/cares/cares/src/lib -Ithird_party/cares/config_linux -Ithird_party/re2 -Ithird_party/boringssl-with-bazel/src/include -Ithird_party/upb -Isrc/core/ext/upb-gen -Isrc/core/ext/upbdefs-gen -Ithird_party/utf8_range -Ithird_party/xxhash -Ithird_party/zlib -I/usr/local/google/home/ssreenithi/.pyenv/versions/3.12.0/envs/pyvenv_312/include -I/usr/local/google/home/ssreenithi/.pyenv/versions/3.12.0/include/python3.12 -c third_party/boringssl-with-bazel/src/crypto/pkcs7/pkcs7_x509.cc -o pyb/temp.linux-x86_64-cpython-312/third_party/boringssl-with-bazel/src/crypto/pkcs7/pkcs7_x509.o -std=c++17 -fvisibility=hidden -fno-wrapv -fno-exceptions -pthread
      gcc -fno-strict-overflow -Wsign-compare -DNDEBUG -g -O3 -Wall -fPIC -D_WIN32_WINNT=1536 -DGRPC_XDS_USER_AGENT_NAME_SUFFIX=\"Python\" -DGRPC_XDS_USER_AGENT_VERSION_SUFFIX=\"1.79.0.dev0\" -DHAVE_CONFIG_H=1 -DGRPC_ENABLE_FORK_SUPPORT=1 -DGRPC_ENABLE_FORK_SUPPORT_DEFAULT=false -DGRPC_PYTHON_BUILD=1 -D__STDC_FORMAT_MACROS "-DPyMODINIT_FUNC=extern \"C\" __attribute__((visibility (\"default\"))) PyObject*" -DGRPC_POSIX_FORK_ALLOW_PTHREAD_ATFORK=1 -Isrc/python/grpcio -Iinclude -I. -Ithird_party/abseil-cpp -Ithird_party/address_sorting/include -Ithird_party/cares/cares/include -Ithird_party/cares -Ithird_party/cares/cares -Ithird_party/cares/cares/src/lib/include -Ithird_party/cares/cares/src/lib -Ithird_party/cares/config_linux -Ithird_party/re2 -Ithird_party/boringssl-with-bazel/src/include -Ithird_party/upb -Isrc/core/ext/upb-gen -Isrc/core/ext/upbdefs-gen -Ithird_party/utf8_range -Ithird_party/xxhash -Ithird_party/zlib -I/usr/local/google/home/ssreenithi/.pyenv/versions/3.12.0/envs/pyvenv_312/include -I/usr/local/google/home/ssreenithi/.pyenv/versions/3.12.0/include/python3.12 -c third_party/boringssl-with-bazel/src/gen/bcm/aesni-gcm-x86_64-linux.S -o pyb/temp.linux-x86_64-cpython-312/third_party/boringssl-with-bazel/src/gen/bcm/aesni-gcm-x86_64-linux.o -std=c++17 -fvisibility=hidden -fno-wrapv -fno-exceptions -pthread
      g++ -fno-strict-overflow -Wsign-compare -DNDEBUG -g -O3 -Wall -fPIC -D_WIN32_WINNT=1536 -DGRPC_XDS_USER_AGENT_NAME_SUFFIX=\"Python\" -DGRPC_XDS_USER_AGENT_VERSION_SUFFIX=\"1.79.0.dev0\" -DHAVE_CONFIG_H=1 -DGRPC_ENABLE_FORK_SUPPORT=1 -DGRPC_ENABLE_FORK_SUPPORT_DEFAULT=false -DGRPC_PYTHON_BUILD=1 -D__STDC_FORMAT_MACROS "-DPyMODINIT_FUNC=extern \"C\" __attribute__((visibility (\"default\"))) PyObject*" -DGRPC_POSIX_FORK_ALLOW_PTHREAD_ATFORK=1 -Isrc/python/grpcio -Iinclude -I. -Ithird_party/abseil-cpp -Ithird_party/address_sorting/include -Ithird_party/cares/cares/include -Ithird_party/cares -Ithird_party/cares/cares -Ithird_party/cares/cares/src/lib/include -Ithird_party/cares/cares/src/lib -Ithird_party/cares/config_linux -Ithird_party/re2 -Ithird_party/boringssl-with-bazel/src/include -Ithird_party/upb -Isrc/core/ext/upb-gen -Isrc/core/ext/upbdefs-gen -Ithird_party/utf8_range -Ithird_party/xxhash -Ithird_party/zlib -I/usr/local/google/home/ssreenithi/.pyenv/versions/3.12.0/envs/pyvenv_312/include -I/usr/local/google/home/ssreenithi/.pyenv/versions/3.12.0/include/python3.12 -c third_party/boringssl-with-bazel/src/crypto/x509/v3_int.cc -o pyb/temp.linux-x86_64-cpython-312/third_party/boringssl-with-bazel/src/crypto/x509/v3_int.o -std=c++17 -fvisibility=hidden -fno-wrapv -fno-exceptions -pthread
      gcc -fno-strict-overflow -Wsign-compare -DNDEBUG -g -O3 -Wall -fPIC -D_WIN32_WINNT=1536 -DGRPC_XDS_USER_AGENT_NAME_SUFFIX=\"Python\" -DGRPC_XDS_USER_AGENT_VERSION_SUFFIX=\"1.79.0.dev0\" -DHAVE_CONFIG_H=1 -DGRPC_ENABLE_FORK_SUPPORT=1 -DGRPC_ENABLE_FORK_SUPPORT_DEFAULT=false -DGRPC_PYTHON_BUILD=1 -D__STDC_FORMAT_MACROS "-DPyMODINIT_FUNC=extern \"C\" __attribute__((visibility (\"default\"))) PyObject*" -DGRPC_POSIX_FORK_ALLOW_PTHREAD_ATFORK=1 -Isrc/python/grpcio -Iinclude -I. -Ithird_party/abseil-cpp -Ithird_party/address_sorting/include -Ithird_party/cares/cares/include -Ithird_party/cares -Ithird_party/cares/cares -Ithird_party/cares/cares/src/lib/include -Ithird_party/cares/cares/src/lib -Ithird_party/cares/config_linux -Ithird_party/re2 -Ithird_party/boringssl-with-bazel/src/include -Ithird_party/upb -Isrc/core/ext/upb-gen -Isrc/core/ext/upbdefs-gen -Ithird_party/utf8_range -Ithird_party/xxhash -Ithird_party/zlib -I/usr/local/google/home/ssreenithi/.pyenv/versions/3.12.0/envs/pyvenv_312/include -I/usr/local/google/home/ssreenithi/.pyenv/versions/3.12.0/include/python3.12 -c third_party/boringssl-with-bazel/src/gen/bcm/aesni-x86-apple.S -o pyb/temp.linux-x86_64-cpython-312/third_party/boringssl-with-bazel/src/gen/bcm/aesni-x86-apple.o -std=c++17 -fvisibility=hidden -fno-wrapv -fno-exceptions -pthread
      gcc -fno-strict-overflow -Wsign-compare -DNDEBUG -g -O3 -Wall -fPIC -D_WIN32_WINNT=1536 -DGRPC_XDS_USER_AGENT_NAME_SUFFIX=\"Python\" -DGRPC_XDS_USER_AGENT_VERSION_SUFFIX=\"1.79.0.dev0\" -DHAVE_CONFIG_H=1 -DGRPC_ENABLE_FORK_SUPPORT=1 -DGRPC_ENABLE_FORK_SUPPORT_DEFAULT=false -DGRPC_PYTHON_BUILD=1 -D__STDC_FORMAT_MACROS "-DPyMODINIT_FUNC=extern \"C\" __attribute__((visibility (\"default\"))) PyObject*" -DGRPC_POSIX_FORK_ALLOW_PTHREAD_ATFORK=1 -Isrc/python/grpcio -Iinclude -I. -Ithird_party/abseil-cpp -Ithird_party/address_sorting/include -Ithird_party/cares/cares/include -Ithird_party/cares -Ithird_party/cares/cares -Ithird_party/cares/cares/src/lib/include -Ithird_party/cares/cares/src/lib -Ithird_party/cares/config_linux -Ithird_party/re2 -Ithird_party/boringssl-with-bazel/src/include -Ithird_party/upb -Isrc/core/ext/upb-gen -Isrc/core/ext/upbdefs-gen -Ithird_party/utf8_range -Ithird_party/xxhash -Ithird_party/zlib -I/usr/local/google/home/ssreenithi/.pyenv/versions/3.12.0/envs/pyvenv_312/include -I/usr/local/google/home/ssreenithi/.pyenv/versions/3.12.0/include/python3.12 -c third_party/boringssl-with-bazel/src/gen/bcm/aesni-x86-linux.S -o pyb/temp.linux-x86_64-cpython-312/third_party/boringssl-with-bazel/src/gen/bcm/aesni-x86-linux.o -std=c++17 -fvisibility=hidden -fno-wrapv -fno-exceptions -pthread
      gcc -fno-strict-overflow -Wsign-compare -DNDEBUG -g -O3 -Wall -fPIC -D_WIN32_WINNT=1536 -DGRPC_XDS_USER_AGENT_NAME_SUFFIX=\"Python\" -DGRPC_XDS_USER_AGENT_VERSION_SUFFIX=\"1.79.0.dev0\" -DHAVE_CONFIG_H=1 -DGRPC_ENABLE_FORK_SUPPORT=1 -DGRPC_ENABLE_FORK_SUPPORT_DEFAULT=false -DGRPC_PYTHON_BUILD=1 -D__STDC_FORMAT_MACROS "-DPyMODINIT_FUNC=extern \"C\" __attribute__((visibility (\"default\"))) PyObject*" -DGRPC_POSIX_FORK_ALLOW_PTHREAD_ATFORK=1 -Isrc/python/grpcio -Iinclude -I. -Ithird_party/abseil-cpp -Ithird_party/address_sorting/include -Ithird_party/cares/cares/include -Ithird_party/cares -Ithird_party/cares/cares -Ithird_party/cares/cares/src/lib/include -Ithird_party/cares/cares/src/lib -Ithird_party/cares/config_linux -Ithird_party/re2 -Ithird_party/boringssl-with-bazel/src/include -Ithird_party/upb -Isrc/core/ext/upb-gen -Isrc/core/ext/upbdefs-gen -Ithird_party/utf8_range -Ithird_party/xxhash -Ithird_party/zlib -I/usr/local/google/home/ssreenithi/.pyenv/versions/3.12.0/envs/pyvenv_312/include -I/usr/local/google/home/ssreenithi/.pyenv/versions/3.12.0/include/python3.12 -c third_party/boringssl-with-bazel/src/gen/bcm/aesni-x86_64-apple.S -o pyb/temp.linux-x86_64-cpython-312/third_party/boringssl-with-bazel/src/gen/bcm/aesni-x86_64-apple.o -std=c++17 -fvisibility=hidden -fno-wrapv -fno-exceptions -pthread
      gcc -fno-strict-overflow -Wsign-compare -DNDEBUG -g -O3 -Wall -fPIC -D_WIN32_WINNT=1536 -DGRPC_XDS_USER_AGENT_NAME_SUFFIX=\"Python\" -DGRPC_XDS_USER_AGENT_VERSION_SUFFIX=\"1.79.0.dev0\" -DHAVE_CONFIG_H=1 -DGRPC_ENABLE_FORK_SUPPORT=1 -DGRPC_ENABLE_FORK_SUPPORT_DEFAULT=false -DGRPC_PYTHON_BUILD=1 -D__STDC_FORMAT_MACROS "-DPyMODINIT_FUNC=extern \"C\" __attribute__((visibility (\"default\"))) PyObject*" -DGRPC_POSIX_FORK_ALLOW_PTHREAD_ATFORK=1 -Isrc/python/grpcio -Iinclude -I. -Ithird_party/abseil-cpp -Ithird_party/address_sorting/include -Ithird_party/cares/cares/include -Ithird_party/cares -Ithird_party/cares/cares -Ithird_party/cares/cares/src/lib/include -Ithird_party/cares/cares/src/lib -Ithird_party/cares/config_linux -Ithird_party/re2 -Ithird_party/boringssl-with-bazel/src/include -Ithird_party/upb -Isrc/core/ext/upb-gen -Isrc/core/ext/upbdefs-gen -Ithird_party/utf8_range -Ithird_party/xxhash -Ithird_party/zlib -I/usr/local/google/home/ssreenithi/.pyenv/versions/3.12.0/envs/pyvenv_312/include -I/usr/local/google/home/ssreenithi/.pyenv/versions/3.12.0/include/python3.12 -c third_party/boringssl-with-bazel/src/gen/bcm/aesv8-armv8-linux.S -o pyb/temp.linux-x86_64-cpython-312/third_party/boringssl-with-bazel/src/gen/bcm/aesv8-armv8-linux.o -std=c++17 -fvisibility=hidden -fno-wrapv -fno-exceptions -pthread
      gcc -fno-strict-overflow -Wsign-compare -DNDEBUG -g -O3 -Wall -fPIC -D_WIN32_WINNT=1536 -DGRPC_XDS_USER_AGENT_NAME_SUFFIX=\"Python\" -DGRPC_XDS_USER_AGENT_VERSION_SUFFIX=\"1.79.0.dev0\" -DHAVE_CONFIG_H=1 -DGRPC_ENABLE_FORK_SUPPORT=1 -DGRPC_ENABLE_FORK_SUPPORT_DEFAULT=false -DGRPC_PYTHON_BUILD=1 -D__STDC_FORMAT_MACROS "-DPyMODINIT_FUNC=extern \"C\" __attribute__((visibility (\"default\"))) PyObject*" -DGRPC_POSIX_FORK_ALLOW_PTHREAD_ATFORK=1 -Isrc/python/grpcio -Iinclude -I. -Ithird_party/abseil-cpp -Ithird_party/address_sorting/include -Ithird_party/cares/cares/include -Ithird_party/cares -Ithird_party/cares/cares -Ithird_party/cares/cares/src/lib/include -Ithird_party/cares/cares/src/lib -Ithird_party/cares/config_linux -Ithird_party/re2 -Ithird_party/boringssl-with-bazel/src/include -Ithird_party/upb -Isrc/core/ext/upb-gen -Isrc/core/ext/upbdefs-gen -Ithird_party/utf8_range -Ithird_party/xxhash -Ithird_party/zlib -I/usr/local/google/home/ssreenithi/.pyenv/versions/3.12.0/envs/pyvenv_312/include -I/usr/local/google/home/ssreenithi/.pyenv/versions/3.12.0/include/python3.12 -c third_party/boringssl-with-bazel/src/gen/bcm/aesni-x86_64-linux.S -o pyb/temp.linux-x86_64-cpython-312/third_party/boringssl-with-bazel/src/gen/bcm/aesni-x86_64-linux.o -std=c++17 -fvisibility=hidden -fno-wrapv -fno-exceptions -pthread
      gcc -fno-strict-overflow -Wsign-compare -DNDEBUG -g -O3 -Wall -fPIC -D_WIN32_WINNT=1536 -DGRPC_XDS_USER_AGENT_NAME_SUFFIX=\"Python\" -DGRPC_XDS_USER_AGENT_VERSION_SUFFIX=\"1.79.0.dev0\" -DHAVE_CONFIG_H=1 -DGRPC_ENABLE_FORK_SUPPORT=1 -DGRPC_ENABLE_FORK_SUPPORT_DEFAULT=false -DGRPC_PYTHON_BUILD=1 -D__STDC_FORMAT_MACROS "-DPyMODINIT_FUNC=extern \"C\" __attribute__((visibility (\"default\"))) PyObject*" -DGRPC_POSIX_FORK_ALLOW_PTHREAD_ATFORK=1 -Isrc/python/grpcio -Iinclude -I. -Ithird_party/abseil-cpp -Ithird_party/address_sorting/include -Ithird_party/cares/cares/include -Ithird_party/cares -Ithird_party/cares/cares -Ithird_party/cares/cares/src/lib/include -Ithird_party/cares/cares/src/lib -Ithird_party/cares/config_linux -Ithird_party/re2 -Ithird_party/boringssl-with-bazel/src/include -Ithird_party/upb -Isrc/core/ext/upb-gen -Isrc/core/ext/upbdefs-gen -Ithird_party/utf8_range -Ithird_party/xxhash -Ithird_party/zlib -I/usr/local/google/home/ssreenithi/.pyenv/versions/3.12.0/envs/pyvenv_312/include -I/usr/local/google/home/ssreenithi/.pyenv/versions/3.12.0/include/python3.12 -c third_party/boringssl-with-bazel/src/gen/bcm/armv8-mont-linux.S -o pyb/temp.linux-x86_64-cpython-312/third_party/boringssl-with-bazel/src/gen/bcm/armv8-mont-linux.o -std=c++17 -fvisibility=hidden -fno-wrapv -fno-exceptions -pthread
      /tmp/ccRZFN9V.s: Assembler messages:
      /tmp/ccRZFN9V.s: Warning: no SFrame FDE emitted; non-SP/FP register 11 in .cfi_def_cfa_register
      /tmp/ccRZFN9V.s: Warning: no SFrame FDE emitted; non-SP/FP register 11 in .cfi_def_cfa_register
      g++ -fno-strict-overflow -Wsign-compare -DNDEBUG -g -O3 -Wall -fPIC -D_WIN32_WINNT=1536 -DGRPC_XDS_USER_AGENT_NAME_SUFFIX=\"Python\" -DGRPC_XDS_USER_AGENT_VERSION_SUFFIX=\"1.79.0.dev0\" -DHAVE_CONFIG_H=1 -DGRPC_ENABLE_FORK_SUPPORT=1 -DGRPC_ENABLE_FORK_SUPPORT_DEFAULT=false -DGRPC_PYTHON_BUILD=1 -D__STDC_FORMAT_MACROS "-DPyMODINIT_FUNC=extern \"C\" __attribute__((visibility (\"default\"))) PyObject*" -DGRPC_POSIX_FORK_ALLOW_PTHREAD_ATFORK=1 -Isrc/python/grpcio -Iinclude -I. -Ithird_party/abseil-cpp -Ithird_party/address_sorting/include -Ithird_party/cares/cares/include -Ithird_party/cares -Ithird_party/cares/cares -Ithird_party/cares/cares/src/lib/include -Ithird_party/cares/cares/src/lib -Ithird_party/cares/config_linux -Ithird_party/re2 -Ithird_party/boringssl-with-bazel/src/include -Ithird_party/upb -Isrc/core/ext/upb-gen -Isrc/core/ext/upbdefs-gen -Ithird_party/utf8_range -Ithird_party/xxhash -Ithird_party/zlib -I/usr/local/google/home/ssreenithi/.pyenv/versions/3.12.0/envs/pyvenv_312/include -I/usr/local/google/home/ssreenithi/.pyenv/versions/3.12.0/include/python3.12 -c third_party/boringssl-with-bazel/src/crypto/kyber/kyber.cc -o pyb/temp.linux-x86_64-cpython-312/third_party/boringssl-with-bazel/src/crypto/kyber/kyber.o -std=c++17 -fvisibility=hidden -fno-wrapv -fno-exceptions -pthread
      g++ -fno-strict-overflow -Wsign-compare -DNDEBUG -g -O3 -Wall -fPIC -D_WIN32_WINNT=1536 -DGRPC_XDS_USER_AGENT_NAME_SUFFIX=\"Python\" -DGRPC_XDS_USER_AGENT_VERSION_SUFFIX=\"1.79.0.dev0\" -DHAVE_CONFIG_H=1 -DGRPC_ENABLE_FORK_SUPPORT=1 -DGRPC_ENABLE_FORK_SUPPORT_DEFAULT=false -DGRPC_PYTHON_BUILD=1 -D__STDC_FORMAT_MACROS "-DPyMODINIT_FUNC=extern \"C\" __attribute__((visibility (\"default\"))) PyObject*" -DGRPC_POSIX_FORK_ALLOW_PTHREAD_ATFORK=1 -Isrc/python/grpcio -Iinclude -I. -Ithird_party/abseil-cpp -Ithird_party/address_sorting/include -Ithird_party/cares/cares/include -Ithird_party/cares -Ithird_party/cares/cares -Ithird_party/cares/cares/src/lib/include -Ithird_party/cares/cares/src/lib -Ithird_party/cares/config_linux -Ithird_party/re2 -Ithird_party/boringssl-with-bazel/src/include -Ithird_party/upb -Isrc/core/ext/upb-gen -Isrc/core/ext/upbdefs-gen -Ithird_party/utf8_range -Ithird_party/xxhash -Ithird_party/zlib -I/usr/local/google/home/ssreenithi/.pyenv/versions/3.12.0/envs/pyvenv_312/include -I/usr/local/google/home/ssreenithi/.pyenv/versions/3.12.0/include/python3.12 -c third_party/boringssl-with-bazel/src/crypto/trust_token/pmbtoken.cc -o pyb/temp.linux-x86_64-cpython-312/third_party/boringssl-with-bazel/src/crypto/trust_token/pmbtoken.o -std=c++17 -fvisibility=hidden -fno-wrapv -fno-exceptions -pthread
      gcc -fno-strict-overflow -Wsign-compare -DNDEBUG -g -O3 -Wall -fPIC -D_WIN32_WINNT=1536 -DGRPC_XDS_USER_AGENT_NAME_SUFFIX=\"Python\" -DGRPC_XDS_USER_AGENT_VERSION_SUFFIX=\"1.79.0.dev0\" -DHAVE_CONFIG_H=1 -DGRPC_ENABLE_FORK_SUPPORT=1 -DGRPC_ENABLE_FORK_SUPPORT_DEFAULT=false -DGRPC_PYTHON_BUILD=1 -D__STDC_FORMAT_MACROS "-DPyMODINIT_FUNC=extern \"C\" __attribute__((visibility (\"default\"))) PyObject*" -DGRPC_POSIX_FORK_ALLOW_PTHREAD_ATFORK=1 -Isrc/python/grpcio -Iinclude -I. -Ithird_party/abseil-cpp -Ithird_party/address_sorting/include -Ithird_party/cares/cares/include -Ithird_party/cares -Ithird_party/cares/cares -Ithird_party/cares/cares/src/lib/include -Ithird_party/cares/cares/src/lib -Ithird_party/cares/config_linux -Ithird_party/re2 -Ithird_party/boringssl-with-bazel/src/include -Ithird_party/upb -Isrc/core/ext/upb-gen -Isrc/core/ext/upbdefs-gen -Ithird_party/utf8_range -Ithird_party/xxhash -Ithird_party/zlib -I/usr/local/google/home/ssreenithi/.pyenv/versions/3.12.0/envs/pyvenv_312/include -I/usr/local/google/home/ssreenithi/.pyenv/versions/3.12.0/include/python3.12 -c third_party/boringssl-with-bazel/src/gen/bcm/aesv8-armv7-linux.S -o pyb/temp.linux-x86_64-cpython-312/third_party/boringssl-with-bazel/src/gen/bcm/aesv8-armv7-linux.o -std=c++17 -fvisibility=hidden -fno-wrapv -fno-exceptions -pthread
      gcc -fno-strict-overflow -Wsign-compare -DNDEBUG -g -O3 -Wall -fPIC -D_WIN32_WINNT=1536 -DGRPC_XDS_USER_AGENT_NAME_SUFFIX=\"Python\" -DGRPC_XDS_USER_AGENT_VERSION_SUFFIX=\"1.79.0.dev0\" -DHAVE_CONFIG_H=1 -DGRPC_ENABLE_FORK_SUPPORT=1 -DGRPC_ENABLE_FORK_SUPPORT_DEFAULT=false -DGRPC_PYTHON_BUILD=1 -D__STDC_FORMAT_MACROS "-DPyMODINIT_FUNC=extern \"C\" __attribute__((visibility (\"default\"))) PyObject*" -DGRPC_POSIX_FORK_ALLOW_PTHREAD_ATFORK=1 -Isrc/python/grpcio -Iinclude -I. -Ithird_party/abseil-cpp -Ithird_party/address_sorting/include -Ithird_party/cares/cares/include -Ithird_party/cares -Ithird_party/cares/cares -Ithird_party/cares/cares/src/lib/include -Ithird_party/cares/cares/src/lib -Ithird_party/cares/config_linux -Ithird_party/re2 -Ithird_party/boringssl-with-bazel/src/include -Ithird_party/upb -Isrc/core/ext/upb-gen -Isrc/core/ext/upbdefs-gen -Ithird_party/utf8_range -Ithird_party/xxhash -Ithird_party/zlib -I/usr/local/google/home/ssreenithi/.pyenv/versions/3.12.0/envs/pyvenv_312/include -I/usr/local/google/home/ssreenithi/.pyenv/versions/3.12.0/include/python3.12 -c third_party/boringssl-with-bazel/src/gen/bcm/aesv8-armv8-win.S -o pyb/temp.linux-x86_64-cpython-312/third_party/boringssl-with-bazel/src/gen/bcm/aesv8-armv8-win.o -std=c++17 -fvisibility=hidden -fno-wrapv -fno-exceptions -pthread
      gcc -fno-strict-overflow -Wsign-compare -DNDEBUG -g -O3 -Wall -fPIC -D_WIN32_WINNT=1536 -DGRPC_XDS_USER_AGENT_NAME_SUFFIX=\"Python\" -DGRPC_XDS_USER_AGENT_VERSION_SUFFIX=\"1.79.0.dev0\" -DHAVE_CONFIG_H=1 -DGRPC_ENABLE_FORK_SUPPORT=1 -DGRPC_ENABLE_FORK_SUPPORT_DEFAULT=false -DGRPC_PYTHON_BUILD=1 -D__STDC_FORMAT_MACROS "-DPyMODINIT_FUNC=extern \"C\" __attribute__((visibility (\"default\"))) PyObject*" -DGRPC_POSIX_FORK_ALLOW_PTHREAD_ATFORK=1 -Isrc/python/grpcio -Iinclude -I. -Ithird_party/abseil-cpp -Ithird_party/address_sorting/include -Ithird_party/cares/cares/include -Ithird_party/cares -Ithird_party/cares/cares -Ithird_party/cares/cares/src/lib/include -Ithird_party/cares/cares/src/lib -Ithird_party/cares/config_linux -Ithird_party/re2 -Ithird_party/boringssl-with-bazel/src/include -Ithird_party/upb -Isrc/core/ext/upb-gen -Isrc/core/ext/upbdefs-gen -Ithird_party/utf8_range -Ithird_party/xxhash -Ithird_party/zlib -I/usr/local/google/home/ssreenithi/.pyenv/versions/3.12.0/envs/pyvenv_312/include -I/usr/local/google/home/ssreenithi/.pyenv/versions/3.12.0/include/python3.12 -c third_party/boringssl-with-bazel/src/gen/bcm/armv8-mont-win.S -o pyb/temp.linux-x86_64-cpython-312/third_party/boringssl-with-bazel/src/gen/bcm/armv8-mont-win.o -std=c++17 -fvisibility=hidden -fno-wrapv -fno-exceptions -pthread
      gcc -fno-strict-overflow -Wsign-compare -DNDEBUG -g -O3 -Wall -fPIC -D_WIN32_WINNT=1536 -DGRPC_XDS_USER_AGENT_NAME_SUFFIX=\"Python\" -DGRPC_XDS_USER_AGENT_VERSION_SUFFIX=\"1.79.0.dev0\" -DHAVE_CONFIG_H=1 -DGRPC_ENABLE_FORK_SUPPORT=1 -DGRPC_ENABLE_FORK_SUPPORT_DEFAULT=false -DGRPC_PYTHON_BUILD=1 -D__STDC_FORMAT_MACROS "-DPyMODINIT_FUNC=extern \"C\" __attribute__((visibility (\"default\"))) PyObject*" -DGRPC_POSIX_FORK_ALLOW_PTHREAD_ATFORK=1 -Isrc/python/grpcio -Iinclude -I. -Ithird_party/abseil-cpp -Ithird_party/address_sorting/include -Ithird_party/cares/cares/include -Ithird_party/cares -Ithird_party/cares/cares -Ithird_party/cares/cares/src/lib/include -Ithird_party/cares/cares/src/lib -Ithird_party/cares/config_linux -Ithird_party/re2 -Ithird_party/boringssl-with-bazel/src/include -Ithird_party/upb -Isrc/core/ext/upb-gen -Isrc/core/ext/upbdefs-gen -Ithird_party/utf8_range -Ithird_party/xxhash -Ithird_party/zlib -I/usr/local/google/home/ssreenithi/.pyenv/versions/3.12.0/envs/pyvenv_312/include -I/usr/local/google/home/ssreenithi/.pyenv/versions/3.12.0/include/python3.12 -c third_party/boringssl-with-bazel/src/gen/bcm/bsaes-armv7-linux.S -o pyb/temp.linux-x86_64-cpython-312/third_party/boringssl-with-bazel/src/gen/bcm/bsaes-armv7-linux.o -std=c++17 -fvisibility=hidden -fno-wrapv -fno-exceptions -pthread
      g++ -fno-strict-overflow -Wsign-compare -DNDEBUG -g -O3 -Wall -fPIC -D_WIN32_WINNT=1536 -DGRPC_XDS_USER_AGENT_NAME_SUFFIX=\"Python\" -DGRPC_XDS_USER_AGENT_VERSION_SUFFIX=\"1.79.0.dev0\" -DHAVE_CONFIG_H=1 -DGRPC_ENABLE_FORK_SUPPORT=1 -DGRPC_ENABLE_FORK_SUPPORT_DEFAULT=false -DGRPC_PYTHON_BUILD=1 -D__STDC_FORMAT_MACROS "-DPyMODINIT_FUNC=extern \"C\" __attribute__((visibility (\"default\"))) PyObject*" -DGRPC_POSIX_FORK_ALLOW_PTHREAD_ATFORK=1 -Isrc/python/grpcio -Iinclude -I. -Ithird_party/abseil-cpp -Ithird_party/address_sorting/include -Ithird_party/cares/cares/include -Ithird_party/cares -Ithird_party/cares/cares -Ithird_party/cares/cares/src/lib/include -Ithird_party/cares/cares/src/lib -Ithird_party/cares/config_linux -Ithird_party/re2 -Ithird_party/boringssl-with-bazel/src/include -Ithird_party/upb -Isrc/core/ext/upb-gen -Isrc/core/ext/upbdefs-gen -Ithird_party/utf8_range -Ithird_party/xxhash -Ithird_party/zlib -I/usr/local/google/home/ssreenithi/.pyenv/versions/3.12.0/envs/pyvenv_312/include -I/usr/local/google/home/ssreenithi/.pyenv/versions/3.12.0/include/python3.12 -c third_party/boringssl-with-bazel/src/crypto/pem/pem_lib.cc -o pyb/temp.linux-x86_64-cpython-312/third_party/boringssl-with-bazel/src/crypto/pem/pem_lib.o -std=c++17 -fvisibility=hidden -fno-wrapv -fno-exceptions -pthread
      gcc -fno-strict-overflow -Wsign-compare -DNDEBUG -g -O3 -Wall -fPIC -D_WIN32_WINNT=1536 -DGRPC_XDS_USER_AGENT_NAME_SUFFIX=\"Python\" -DGRPC_XDS_USER_AGENT_VERSION_SUFFIX=\"1.79.0.dev0\" -DHAVE_CONFIG_H=1 -DGRPC_ENABLE_FORK_SUPPORT=1 -DGRPC_ENABLE_FORK_SUPPORT_DEFAULT=false -DGRPC_PYTHON_BUILD=1 -D__STDC_FORMAT_MACROS "-DPyMODINIT_FUNC=extern \"C\" __attribute__((visibility (\"default\"))) PyObject*" -DGRPC_POSIX_FORK_ALLOW_PTHREAD_ATFORK=1 -Isrc/python/grpcio -Iinclude -I. -Ithird_party/abseil-cpp -Ithird_party/address_sorting/include -Ithird_party/cares/cares/include -Ithird_party/cares -Ithird_party/cares/cares -Ithird_party/cares/cares/src/lib/include -Ithird_party/cares/cares/src/lib -Ithird_party/cares/config_linux -Ithird_party/re2 -Ithird_party/boringssl-with-bazel/src/include -Ithird_party/upb -Isrc/core/ext/upb-gen -Isrc/core/ext/upbdefs-gen -Ithird_party/utf8_range -Ithird_party/xxhash -Ithird_party/zlib -I/usr/local/google/home/ssreenithi/.pyenv/versions/3.12.0/envs/pyvenv_312/include -I/usr/local/google/home/ssreenithi/.pyenv/versions/3.12.0/include/python3.12 -c third_party/boringssl-with-bazel/src/gen/bcm/aesv8-armv8-apple.S -o pyb/temp.linux-x86_64-cpython-312/third_party/boringssl-with-bazel/src/gen/bcm/aesv8-armv8-apple.o -std=c++17 -fvisibility=hidden -fno-wrapv -fno-exceptions -pthread
      gcc -fno-strict-overflow -Wsign-compare -DNDEBUG -g -O3 -Wall -fPIC -D_WIN32_WINNT=1536 -DGRPC_XDS_USER_AGENT_NAME_SUFFIX=\"Python\" -DGRPC_XDS_USER_AGENT_VERSION_SUFFIX=\"1.79.0.dev0\" -DHAVE_CONFIG_H=1 -DGRPC_ENABLE_FORK_SUPPORT=1 -DGRPC_ENABLE_FORK_SUPPORT_DEFAULT=false -DGRPC_PYTHON_BUILD=1 -D__STDC_FORMAT_MACROS "-DPyMODINIT_FUNC=extern \"C\" __attribute__((visibility (\"default\"))) PyObject*" -DGRPC_POSIX_FORK_ALLOW_PTHREAD_ATFORK=1 -Isrc/python/grpcio -Iinclude -I. -Ithird_party/abseil-cpp -Ithird_party/address_sorting/include -Ithird_party/cares/cares/include -Ithird_party/cares -Ithird_party/cares/cares -Ithird_party/cares/cares/src/lib/include -Ithird_party/cares/cares/src/lib -Ithird_party/cares/config_linux -Ithird_party/re2 -Ithird_party/boringssl-with-bazel/src/include -Ithird_party/upb -Isrc/core/ext/upb-gen -Isrc/core/ext/upbdefs-gen -Ithird_party/utf8_range -Ithird_party/xxhash -Ithird_party/zlib -I/usr/local/google/home/ssreenithi/.pyenv/versions/3.12.0/envs/pyvenv_312/include -I/usr/local/google/home/ssreenithi/.pyenv/versions/3.12.0/include/python3.12 -c third_party/boringssl-with-bazel/src/gen/bcm/aesv8-gcm-armv8-apple.S -o pyb/temp.linux-x86_64-cpython-312/third_party/boringssl-with-bazel/src/gen/bcm/aesv8-gcm-armv8-apple.o -std=c++17 -fvisibility=hidden -fno-wrapv -fno-exceptions -pthread
      gcc -fno-strict-overflow -Wsign-compare -DNDEBUG -g -O3 -Wall -fPIC -D_WIN32_WINNT=1536 -DGRPC_XDS_USER_AGENT_NAME_SUFFIX=\"Python\" -DGRPC_XDS_USER_AGENT_VERSION_SUFFIX=\"1.79.0.dev0\" -DHAVE_CONFIG_H=1 -DGRPC_ENABLE_FORK_SUPPORT=1 -DGRPC_ENABLE_FORK_SUPPORT_DEFAULT=false -DGRPC_PYTHON_BUILD=1 -D__STDC_FORMAT_MACROS "-DPyMODINIT_FUNC=extern \"C\" __attribute__((visibility (\"default\"))) PyObject*" -DGRPC_POSIX_FORK_ALLOW_PTHREAD_ATFORK=1 -Isrc/python/grpcio -Iinclude -I. -Ithird_party/abseil-cpp -Ithird_party/address_sorting/include -Ithird_party/cares/cares/include -Ithird_party/cares -Ithird_party/cares/cares -Ithird_party/cares/cares/src/lib/include -Ithird_party/cares/cares/src/lib -Ithird_party/cares/config_linux -Ithird_party/re2 -Ithird_party/boringssl-with-bazel/src/include -Ithird_party/upb -Isrc/core/ext/upb-gen -Isrc/core/ext/upbdefs-gen -Ithird_party/utf8_range -Ithird_party/xxhash -Ithird_party/zlib -I/usr/local/google/home/ssreenithi/.pyenv/versions/3.12.0/envs/pyvenv_312/include -I/usr/local/google/home/ssreenithi/.pyenv/versions/3.12.0/include/python3.12 -c third_party/boringssl-with-bazel/src/gen/bcm/bn-586-apple.S -o pyb/temp.linux-x86_64-cpython-312/third_party/boringssl-with-bazel/src/gen/bcm/bn-586-apple.o -std=c++17 -fvisibility=hidden -fno-wrapv -fno-exceptions -pthread
      gcc -fno-strict-overflow -Wsign-compare -DNDEBUG -g -O3 -Wall -fPIC -D_WIN32_WINNT=1536 -DGRPC_XDS_USER_AGENT_NAME_SUFFIX=\"Python\" -DGRPC_XDS_USER_AGENT_VERSION_SUFFIX=\"1.79.0.dev0\" -DHAVE_CONFIG_H=1 -DGRPC_ENABLE_FORK_SUPPORT=1 -DGRPC_ENABLE_FORK_SUPPORT_DEFAULT=false -DGRPC_PYTHON_BUILD=1 -D__STDC_FORMAT_MACROS "-DPyMODINIT_FUNC=extern \"C\" __attribute__((visibility (\"default\"))) PyObject*" -DGRPC_POSIX_FORK_ALLOW_PTHREAD_ATFORK=1 -Isrc/python/grpcio -Iinclude -I. -Ithird_party/abseil-cpp -Ithird_party/address_sorting/include -Ithird_party/cares/cares/include -Ithird_party/cares -Ithird_party/cares/cares -Ithird_party/cares/cares/src/lib/include -Ithird_party/cares/cares/src/lib -Ithird_party/cares/config_linux -Ithird_party/re2 -Ithird_party/boringssl-with-bazel/src/include -Ithird_party/upb -Isrc/core/ext/upb-gen -Isrc/core/ext/upbdefs-gen -Ithird_party/utf8_range -Ithird_party/xxhash -Ithird_party/zlib -I/usr/local/google/home/ssreenithi/.pyenv/versions/3.12.0/envs/pyvenv_312/include -I/usr/local/google/home/ssreenithi/.pyenv/versions/3.12.0/include/python3.12 -c third_party/boringssl-with-bazel/src/gen/bcm/co-586-apple.S -o pyb/temp.linux-x86_64-cpython-312/third_party/boringssl-with-bazel/src/gen/bcm/co-586-apple.o -std=c++17 -fvisibility=hidden -fno-wrapv -fno-exceptions -pthread
      gcc -fno-strict-overflow -Wsign-compare -DNDEBUG -g -O3 -Wall -fPIC -D_WIN32_WINNT=1536 -DGRPC_XDS_USER_AGENT_NAME_SUFFIX=\"Python\" -DGRPC_XDS_USER_AGENT_VERSION_SUFFIX=\"1.79.0.dev0\" -DHAVE_CONFIG_H=1 -DGRPC_ENABLE_FORK_SUPPORT=1 -DGRPC_ENABLE_FORK_SUPPORT_DEFAULT=false -DGRPC_PYTHON_BUILD=1 -D__STDC_FORMAT_MACROS "-DPyMODINIT_FUNC=extern \"C\" __attribute__((visibility (\"default\"))) PyObject*" -DGRPC_POSIX_FORK_ALLOW_PTHREAD_ATFORK=1 -Isrc/python/grpcio -Iinclude -I. -Ithird_party/abseil-cpp -Ithird_party/address_sorting/include -Ithird_party/cares/cares/include -Ithird_party/cares -Ithird_party/cares/cares -Ithird_party/cares/cares/src/lib/include -Ithird_party/cares/cares/src/lib -Ithird_party/cares/config_linux -Ithird_party/re2 -Ithird_party/boringssl-with-bazel/src/include -Ithird_party/upb -Isrc/core/ext/upb-gen -Isrc/core/ext/upbdefs-gen -Ithird_party/utf8_range -Ithird_party/xxhash -Ithird_party/zlib -I/usr/local/google/home/ssreenithi/.pyenv/versions/3.12.0/envs/pyvenv_312/include -I/usr/local/google/home/ssreenithi/.pyenv/versions/3.12.0/include/python3.12 -c third_party/boringssl-with-bazel/src/gen/bcm/ghash-ssse3-x86-apple.S -o pyb/temp.linux-x86_64-cpython-312/third_party/boringssl-with-bazel/src/gen/bcm/ghash-ssse3-x86-apple.o -std=c++17 -fvisibility=hidden -fno-wrapv -fno-exceptions -pthread
      gcc -fno-strict-overflow -Wsign-compare -DNDEBUG -g -O3 -Wall -fPIC -D_WIN32_WINNT=1536 -DGRPC_XDS_USER_AGENT_NAME_SUFFIX=\"Python\" -DGRPC_XDS_USER_AGENT_VERSION_SUFFIX=\"1.79.0.dev0\" -DHAVE_CONFIG_H=1 -DGRPC_ENABLE_FORK_SUPPORT=1 -DGRPC_ENABLE_FORK_SUPPORT_DEFAULT=false -DGRPC_PYTHON_BUILD=1 -D__STDC_FORMAT_MACROS "-DPyMODINIT_FUNC=extern \"C\" __attribute__((visibility (\"default\"))) PyObject*" -DGRPC_POSIX_FORK_ALLOW_PTHREAD_ATFORK=1 -Isrc/python/grpcio -Iinclude -I. -Ithird_party/abseil-cpp -Ithird_party/address_sorting/include -Ithird_party/cares/cares/include -Ithird_party/cares -Ithird_party/cares/cares -Ithird_party/cares/cares/src/lib/include -Ithird_party/cares/cares/src/lib -Ithird_party/cares/config_linux -Ithird_party/re2 -Ithird_party/boringssl-with-bazel/src/include -Ithird_party/upb -Isrc/core/ext/upb-gen -Isrc/core/ext/upbdefs-gen -Ithird_party/utf8_range -Ithird_party/xxhash -Ithird_party/zlib -I/usr/local/google/home/ssreenithi/.pyenv/versions/3.12.0/envs/pyvenv_312/include -I/usr/local/google/home/ssreenithi/.pyenv/versions/3.12.0/include/python3.12 -c third_party/boringssl-with-bazel/src/gen/bcm/ghash-x86_64-linux.S -o pyb/temp.linux-x86_64-cpython-312/third_party/boringssl-with-bazel/src/gen/bcm/ghash-x86_64-linux.o -std=c++17 -fvisibility=hidden -fno-wrapv -fno-exceptions -pthread
      g++ -fno-strict-overflow -Wsign-compare -DNDEBUG -g -O3 -Wall -fPIC -D_WIN32_WINNT=1536 -DGRPC_XDS_USER_AGENT_NAME_SUFFIX=\"Python\" -DGRPC_XDS_USER_AGENT_VERSION_SUFFIX=\"1.79.0.dev0\" -DHAVE_CONFIG_H=1 -DGRPC_ENABLE_FORK_SUPPORT=1 -DGRPC_ENABLE_FORK_SUPPORT_DEFAULT=false -DGRPC_PYTHON_BUILD=1 -D__STDC_FORMAT_MACROS "-DPyMODINIT_FUNC=extern \"C\" __attribute__((visibility (\"default\"))) PyObject*" -DGRPC_POSIX_FORK_ALLOW_PTHREAD_ATFORK=1 -Isrc/python/grpcio -Iinclude -I. -Ithird_party/abseil-cpp -Ithird_party/address_sorting/include -Ithird_party/cares/cares/include -Ithird_party/cares -Ithird_party/cares/cares -Ithird_party/cares/cares/src/lib/include -Ithird_party/cares/cares/src/lib -Ithird_party/cares/config_linux -Ithird_party/re2 -Ithird_party/boringssl-with-bazel/src/include -Ithird_party/upb -Isrc/core/ext/upb-gen -Isrc/core/ext/upbdefs-gen -Ithird_party/utf8_range -Ithird_party/xxhash -Ithird_party/zlib -I/usr/local/google/home/ssreenithi/.pyenv/versions/3.12.0/envs/pyvenv_312/include -I/usr/local/google/home/ssreenithi/.pyenv/versions/3.12.0/include/python3.12 -c third_party/boringssl-with-bazel/src/crypto/x509/a_sign.cc -o pyb/temp.linux-x86_64-cpython-312/third_party/boringssl-with-bazel/src/crypto/x509/a_sign.o -std=c++17 -fvisibility=hidden -fno-wrapv -fno-exceptions -pthread
      gcc -fno-strict-overflow -Wsign-compare -DNDEBUG -g -O3 -Wall -fPIC -D_WIN32_WINNT=1536 -DGRPC_XDS_USER_AGENT_NAME_SUFFIX=\"Python\" -DGRPC_XDS_USER_AGENT_VERSION_SUFFIX=\"1.79.0.dev0\" -DHAVE_CONFIG_H=1 -DGRPC_ENABLE_FORK_SUPPORT=1 -DGRPC_ENABLE_FORK_SUPPORT_DEFAULT=false -DGRPC_PYTHON_BUILD=1 -D__STDC_FORMAT_MACROS "-DPyMODINIT_FUNC=extern \"C\" __attribute__((visibility (\"default\"))) PyObject*" -DGRPC_POSIX_FORK_ALLOW_PTHREAD_ATFORK=1 -Isrc/python/grpcio -Iinclude -I. -Ithird_party/abseil-cpp -Ithird_party/address_sorting/include -Ithird_party/cares/cares/include -Ithird_party/cares -Ithird_party/cares/cares -Ithird_party/cares/cares/src/lib/include -Ithird_party/cares/cares/src/lib -Ithird_party/cares/config_linux -Ithird_party/re2 -Ithird_party/boringssl-with-bazel/src/include -Ithird_party/upb -Isrc/core/ext/upb-gen -Isrc/core/ext/upbdefs-gen -Ithird_party/utf8_range -Ithird_party/xxhash -Ithird_party/zlib -I/usr/local/google/home/ssreenithi/.pyenv/versions/3.12.0/envs/pyvenv_312/include -I/usr/local/google/home/ssreenithi/.pyenv/versions/3.12.0/include/python3.12 -c third_party/boringssl-with-bazel/src/gen/bcm/bn-586-linux.S -o pyb/temp.linux-x86_64-cpython-312/third_party/boringssl-with-bazel/src/gen/bcm/bn-586-linux.o -std=c++17 -fvisibility=hidden -fno-wrapv -fno-exceptions -pthread
      g++ -fno-strict-overflow -Wsign-compare -DNDEBUG -g -O3 -Wall -fPIC -D_WIN32_WINNT=1536 -DGRPC_XDS_USER_AGENT_NAME_SUFFIX=\"Python\" -DGRPC_XDS_USER_AGENT_VERSION_SUFFIX=\"1.79.0.dev0\" -DHAVE_CONFIG_H=1 -DGRPC_ENABLE_FORK_SUPPORT=1 -DGRPC_ENABLE_FORK_SUPPORT_DEFAULT=false -DGRPC_PYTHON_BUILD=1 -D__STDC_FORMAT_MACROS "-DPyMODINIT_FUNC=extern \"C\" __attribute__((visibility (\"default\"))) PyObject*" -DGRPC_POSIX_FORK_ALLOW_PTHREAD_ATFORK=1 -Isrc/python/grpcio -Iinclude -I. -Ithird_party/abseil-cpp -Ithird_party/address_sorting/include -Ithird_party/cares/cares/include -Ithird_party/cares -Ithird_party/cares/cares -Ithird_party/cares/cares/src/lib/include -Ithird_party/cares/cares/src/lib -Ithird_party/cares/config_linux -Ithird_party/re2 -Ithird_party/boringssl-with-bazel/src/include -Ithird_party/upb -Isrc/core/ext/upb-gen -Isrc/core/ext/upbdefs-gen -Ithird_party/utf8_range -Ithird_party/xxhash -Ithird_party/zlib -I/usr/local/google/home/ssreenithi/.pyenv/versions/3.12.0/envs/pyvenv_312/include -I/usr/local/google/home/ssreenithi/.pyenv/versions/3.12.0/include/python3.12 -c third_party/boringssl-with-bazel/src/crypto/x509/x509_trs.cc -o pyb/temp.linux-x86_64-cpython-312/third_party/boringssl-with-bazel/src/crypto/x509/x509_trs.o -std=c++17 -fvisibility=hidden -fno-wrapv -fno-exceptions -pthread
      gcc -fno-strict-overflow -Wsign-compare -DNDEBUG -g -O3 -Wall -fPIC -D_WIN32_WINNT=1536 -DGRPC_XDS_USER_AGENT_NAME_SUFFIX=\"Python\" -DGRPC_XDS_USER_AGENT_VERSION_SUFFIX=\"1.79.0.dev0\" -DHAVE_CONFIG_H=1 -DGRPC_ENABLE_FORK_SUPPORT=1 -DGRPC_ENABLE_FORK_SUPPORT_DEFAULT=false -DGRPC_PYTHON_BUILD=1 -D__STDC_FORMAT_MACROS "-DPyMODINIT_FUNC=extern \"C\" __attribute__((visibility (\"default\"))) PyObject*" -DGRPC_POSIX_FORK_ALLOW_PTHREAD_ATFORK=1 -Isrc/python/grpcio -Iinclude -I. -Ithird_party/abseil-cpp -Ithird_party/address_sorting/include -Ithird_party/cares/cares/include -Ithird_party/cares -Ithird_party/cares/cares -Ithird_party/cares/cares/src/lib/include -Ithird_party/cares/cares/src/lib -Ithird_party/cares/config_linux -Ithird_party/re2 -Ithird_party/boringssl-with-bazel/src/include -Ithird_party/upb -Isrc/core/ext/upb-gen -Isrc/core/ext/upbdefs-gen -Ithird_party/utf8_range -Ithird_party/xxhash -Ithird_party/zlib -I/usr/local/google/home/ssreenithi/.pyenv/versions/3.12.0/envs/pyvenv_312/include -I/usr/local/google/home/ssreenithi/.pyenv/versions/3.12.0/include/python3.12 -c third_party/boringssl-with-bazel/src/gen/bcm/aesv8-gcm-armv8-linux.S -o pyb/temp.linux-x86_64-cpython-312/third_party/boringssl-with-bazel/src/gen/bcm/aesv8-gcm-armv8-linux.o -std=c++17 -fvisibility=hidden -fno-wrapv -fno-exceptions -pthread
      gcc -fno-strict-overflow -Wsign-compare -DNDEBUG -g -O3 -Wall -fPIC -D_WIN32_WINNT=1536 -DGRPC_XDS_USER_AGENT_NAME_SUFFIX=\"Python\" -DGRPC_XDS_USER_AGENT_VERSION_SUFFIX=\"1.79.0.dev0\" -DHAVE_CONFIG_H=1 -DGRPC_ENABLE_FORK_SUPPORT=1 -DGRPC_ENABLE_FORK_SUPPORT_DEFAULT=false -DGRPC_PYTHON_BUILD=1 -D__STDC_FORMAT_MACROS "-DPyMODINIT_FUNC=extern \"C\" __attribute__((visibility (\"default\"))) PyObject*" -DGRPC_POSIX_FORK_ALLOW_PTHREAD_ATFORK=1 -Isrc/python/grpcio -Iinclude -I. -Ithird_party/abseil-cpp -Ithird_party/address_sorting/include -Ithird_party/cares/cares/include -Ithird_party/cares -Ithird_party/cares/cares -Ithird_party/cares/cares/src/lib/include -Ithird_party/cares/cares/src/lib -Ithird_party/cares/config_linux -Ithird_party/re2 -Ithird_party/boringssl-with-bazel/src/include -Ithird_party/upb -Isrc/core/ext/upb-gen -Isrc/core/ext/upbdefs-gen -Ithird_party/utf8_range -Ithird_party/xxhash -Ithird_party/zlib -I/usr/local/google/home/ssreenithi/.pyenv/versions/3.12.0/envs/pyvenv_312/include -I/usr/local/google/home/ssreenithi/.pyenv/versions/3.12.0/include/python3.12 -c third_party/boringssl-with-bazel/src/gen/bcm/ghash-ssse3-x86-linux.S -o pyb/temp.linux-x86_64-cpython-312/third_party/boringssl-with-bazel/src/gen/bcm/ghash-ssse3-x86-linux.o -std=c++17 -fvisibility=hidden -fno-wrapv -fno-exceptions -pthread
      gcc -fno-strict-overflow -Wsign-compare -DNDEBUG -g -O3 -Wall -fPIC -D_WIN32_WINNT=1536 -DGRPC_XDS_USER_AGENT_NAME_SUFFIX=\"Python\" -DGRPC_XDS_USER_AGENT_VERSION_SUFFIX=\"1.79.0.dev0\" -DHAVE_CONFIG_H=1 -DGRPC_ENABLE_FORK_SUPPORT=1 -DGRPC_ENABLE_FORK_SUPPORT_DEFAULT=false -DGRPC_PYTHON_BUILD=1 -D__STDC_FORMAT_MACROS "-DPyMODINIT_FUNC=extern \"C\" __attribute__((visibility (\"default\"))) PyObject*" -DGRPC_POSIX_FORK_ALLOW_PTHREAD_ATFORK=1 -Isrc/python/grpcio -Iinclude -I. -Ithird_party/abseil-cpp -Ithird_party/address_sorting/include -Ithird_party/cares/cares/include -Ithird_party/cares -Ithird_party/cares/cares -Ithird_party/cares/cares/src/lib/include -Ithird_party/cares/cares/src/lib -Ithird_party/cares/config_linux -Ithird_party/re2 -Ithird_party/boringssl-with-bazel/src/include -Ithird_party/upb -Isrc/core/ext/upb-gen -Isrc/core/ext/upbdefs-gen -Ithird_party/utf8_range -Ithird_party/xxhash -Ithird_party/zlib -I/usr/local/google/home/ssreenithi/.pyenv/versions/3.12.0/envs/pyvenv_312/include -I/usr/local/google/home/ssreenithi/.pyenv/versions/3.12.0/include/python3.12 -c third_party/boringssl-with-bazel/src/gen/bcm/co-586-linux.S -o pyb/temp.linux-x86_64-cpython-312/third_party/boringssl-with-bazel/src/gen/bcm/co-586-linux.o -std=c++17 -fvisibility=hidden -fno-wrapv -fno-exceptions -pthread
      g++ -fno-strict-overflow -Wsign-compare -DNDEBUG -g -O3 -Wall -fPIC -D_WIN32_WINNT=1536 -DGRPC_XDS_USER_AGENT_NAME_SUFFIX=\"Python\" -DGRPC_XDS_USER_AGENT_VERSION_SUFFIX=\"1.79.0.dev0\" -DHAVE_CONFIG_H=1 -DGRPC_ENABLE_FORK_SUPPORT=1 -DGRPC_ENABLE_FORK_SUPPORT_DEFAULT=false -DGRPC_PYTHON_BUILD=1 -D__STDC_FORMAT_MACROS "-DPyMODINIT_FUNC=extern \"C\" __attribute__((visibility (\"default\"))) PyObject*" -DGRPC_POSIX_FORK_ALLOW_PTHREAD_ATFORK=1 -Isrc/python/grpcio -Iinclude -I. -Ithird_party/abseil-cpp -Ithird_party/address_sorting/include -Ithird_party/cares/cares/include -Ithird_party/cares -Ithird_party/cares/cares -Ithird_party/cares/cares/src/lib/include -Ithird_party/cares/cares/src/lib -Ithird_party/cares/config_linux -Ithird_party/re2 -Ithird_party/boringssl-with-bazel/src/include -Ithird_party/upb -Isrc/core/ext/upb-gen -Isrc/core/ext/upbdefs-gen -Ithird_party/utf8_range -Ithird_party/xxhash -Ithird_party/zlib -I/usr/local/google/home/ssreenithi/.pyenv/versions/3.12.0/envs/pyvenv_312/include -I/usr/local/google/home/ssreenithi/.pyenv/versions/3.12.0/include/python3.12 -c third_party/boringssl-with-bazel/src/crypto/x509/x509_d2.cc -o pyb/temp.linux-x86_64-cpython-312/third_party/boringssl-with-bazel/src/crypto/x509/x509_d2.o -std=c++17 -fvisibility=hidden -fno-wrapv -fno-exceptions -pthread
      gcc -fno-strict-overflow -Wsign-compare -DNDEBUG -g -O3 -Wall -fPIC -D_WIN32_WINNT=1536 -DGRPC_XDS_USER_AGENT_NAME_SUFFIX=\"Python\" -DGRPC_XDS_USER_AGENT_VERSION_SUFFIX=\"1.79.0.dev0\" -DHAVE_CONFIG_H=1 -DGRPC_ENABLE_FORK_SUPPORT=1 -DGRPC_ENABLE_FORK_SUPPORT_DEFAULT=false -DGRPC_PYTHON_BUILD=1 -D__STDC_FORMAT_MACROS "-DPyMODINIT_FUNC=extern \"C\" __attribute__((visibility (\"default\"))) PyObject*" -DGRPC_POSIX_FORK_ALLOW_PTHREAD_ATFORK=1 -Isrc/python/grpcio -Iinclude -I. -Ithird_party/abseil-cpp -Ithird_party/address_sorting/include -Ithird_party/cares/cares/include -Ithird_party/cares -Ithird_party/cares/cares -Ithird_party/cares/cares/src/lib/include -Ithird_party/cares/cares/src/lib -Ithird_party/cares/config_linux -Ithird_party/re2 -Ithird_party/boringssl-with-bazel/src/include -Ithird_party/upb -Isrc/core/ext/upb-gen -Isrc/core/ext/upbdefs-gen -Ithird_party/utf8_range -Ithird_party/xxhash -Ithird_party/zlib -I/usr/local/google/home/ssreenithi/.pyenv/versions/3.12.0/envs/pyvenv_312/include -I/usr/local/google/home/ssreenithi/.pyenv/versions/3.12.0/include/python3.12 -c third_party/boringssl-with-bazel/src/gen/bcm/bn-armv8-apple.S -o pyb/temp.linux-x86_64-cpython-312/third_party/boringssl-with-bazel/src/gen/bcm/bn-armv8-apple.o -std=c++17 -fvisibility=hidden -fno-wrapv -fno-exceptions -pthread
      gcc -fno-strict-overflow -Wsign-compare -DNDEBUG -g -O3 -Wall -fPIC -D_WIN32_WINNT=1536 -DGRPC_XDS_USER_AGENT_NAME_SUFFIX=\"Python\" -DGRPC_XDS_USER_AGENT_VERSION_SUFFIX=\"1.79.0.dev0\" -DHAVE_CONFIG_H=1 -DGRPC_ENABLE_FORK_SUPPORT=1 -DGRPC_ENABLE_FORK_SUPPORT_DEFAULT=false -DGRPC_PYTHON_BUILD=1 -D__STDC_FORMAT_MACROS "-DPyMODINIT_FUNC=extern \"C\" __attribute__((visibility (\"default\"))) PyObject*" -DGRPC_POSIX_FORK_ALLOW_PTHREAD_ATFORK=1 -Isrc/python/grpcio -Iinclude -I. -Ithird_party/abseil-cpp -Ithird_party/address_sorting/include -Ithird_party/cares/cares/include -Ithird_party/cares -Ithird_party/cares/cares -Ithird_party/cares/cares/src/lib/include -Ithird_party/cares/cares/src/lib -Ithird_party/cares/config_linux -Ithird_party/re2 -Ithird_party/boringssl-with-bazel/src/include -Ithird_party/upb -Isrc/core/ext/upb-gen -Isrc/core/ext/upbdefs-gen -Ithird_party/utf8_range -Ithird_party/xxhash -Ithird_party/zlib -I/usr/local/google/home/ssreenithi/.pyenv/versions/3.12.0/envs/pyvenv_312/include -I/usr/local/google/home/ssreenithi/.pyenv/versions/3.12.0/include/python3.12 -c third_party/boringssl-with-bazel/src/gen/bcm/ghashv8-armv7-linux.S -o pyb/temp.linux-x86_64-cpython-312/third_party/boringssl-with-bazel/src/gen/bcm/ghashv8-armv7-linux.o -std=c++17 -fvisibility=hidden -fno-wrapv -fno-exceptions -pthread
      g++ -fno-strict-overflow -Wsign-compare -DNDEBUG -g -O3 -Wall -fPIC -D_WIN32_WINNT=1536 -DGRPC_XDS_USER_AGENT_NAME_SUFFIX=\"Python\" -DGRPC_XDS_USER_AGENT_VERSION_SUFFIX=\"1.79.0.dev0\" -DHAVE_CONFIG_H=1 -DGRPC_ENABLE_FORK_SUPPORT=1 -DGRPC_ENABLE_FORK_SUPPORT_DEFAULT=false -DGRPC_PYTHON_BUILD=1 -D__STDC_FORMAT_MACROS "-DPyMODINIT_FUNC=extern \"C\" __attribute__((visibility (\"default\"))) PyObject*" -DGRPC_POSIX_FORK_ALLOW_PTHREAD_ATFORK=1 -Isrc/python/grpcio -Iinclude -I. -Ithird_party/abseil-cpp -Ithird_party/address_sorting/include -Ithird_party/cares/cares/include -Ithird_party/cares -Ithird_party/cares/cares -Ithird_party/cares/cares/src/lib/include -Ithird_party/cares/cares/src/lib -Ithird_party/cares/config_linux -Ithird_party/re2 -Ithird_party/boringssl-with-bazel/src/include -Ithird_party/upb -Isrc/core/ext/upb-gen -Isrc/core/ext/upbdefs-gen -Ithird_party/utf8_range -Ithird_party/xxhash -Ithird_party/zlib -I/usr/local/google/home/ssreenithi/.pyenv/versions/3.12.0/envs/pyvenv_312/include -I/usr/local/google/home/ssreenithi/.pyenv/versions/3.12.0/include/python3.12 -c third_party/boringssl-with-bazel/src/crypto/x509/policy.cc -o pyb/temp.linux-x86_64-cpython-312/third_party/boringssl-with-bazel/src/crypto/x509/policy.o -std=c++17 -fvisibility=hidden -fno-wrapv -fno-exceptions -pthread
      g++ -fno-strict-overflow -Wsign-compare -DNDEBUG -g -O3 -Wall -fPIC -D_WIN32_WINNT=1536 -DGRPC_XDS_USER_AGENT_NAME_SUFFIX=\"Python\" -DGRPC_XDS_USER_AGENT_VERSION_SUFFIX=\"1.79.0.dev0\" -DHAVE_CONFIG_H=1 -DGRPC_ENABLE_FORK_SUPPORT=1 -DGRPC_ENABLE_FORK_SUPPORT_DEFAULT=false -DGRPC_PYTHON_BUILD=1 -D__STDC_FORMAT_MACROS "-DPyMODINIT_FUNC=extern \"C\" __attribute__((visibility (\"default\"))) PyObject*" -DGRPC_POSIX_FORK_ALLOW_PTHREAD_ATFORK=1 -Isrc/python/grpcio -Iinclude -I. -Ithird_party/abseil-cpp -Ithird_party/address_sorting/include -Ithird_party/cares/cares/include -Ithird_party/cares -Ithird_party/cares/cares -Ithird_party/cares/cares/src/lib/include -Ithird_party/cares/cares/src/lib -Ithird_party/cares/config_linux -Ithird_party/re2 -Ithird_party/boringssl-with-bazel/src/include -Ithird_party/upb -Isrc/core/ext/upb-gen -Isrc/core/ext/upbdefs-gen -Ithird_party/utf8_range -Ithird_party/xxhash -Ithird_party/zlib -I/usr/local/google/home/ssreenithi/.pyenv/versions/3.12.0/envs/pyvenv_312/include -I/usr/local/google/home/ssreenithi/.pyenv/versions/3.12.0/include/python3.12 -c third_party/boringssl-with-bazel/src/crypto/x509/v3_akey.cc -o pyb/temp.linux-x86_64-cpython-312/third_party/boringssl-with-bazel/src/crypto/x509/v3_akey.o -std=c++17 -fvisibility=hidden -fno-wrapv -fno-exceptions -pthread
      gcc -fno-strict-overflow -Wsign-compare -DNDEBUG -g -O3 -Wall -fPIC -D_WIN32_WINNT=1536 -DGRPC_XDS_USER_AGENT_NAME_SUFFIX=\"Python\" -DGRPC_XDS_USER_AGENT_VERSION_SUFFIX=\"1.79.0.dev0\" -DHAVE_CONFIG_H=1 -DGRPC_ENABLE_FORK_SUPPORT=1 -DGRPC_ENABLE_FORK_SUPPORT_DEFAULT=false -DGRPC_PYTHON_BUILD=1 -D__STDC_FORMAT_MACROS "-DPyMODINIT_FUNC=extern \"C\" __attribute__((visibility (\"default\"))) PyObject*" -DGRPC_POSIX_FORK_ALLOW_PTHREAD_ATFORK=1 -Isrc/python/grpcio -Iinclude -I. -Ithird_party/abseil-cpp -Ithird_party/address_sorting/include -Ithird_party/cares/cares/include -Ithird_party/cares -Ithird_party/cares/cares -Ithird_party/cares/cares/src/lib/include -Ithird_party/cares/cares/src/lib -Ithird_party/cares/config_linux -Ithird_party/re2 -Ithird_party/boringssl-with-bazel/src/include -Ithird_party/upb -Isrc/core/ext/upb-gen -Isrc/core/ext/upbdefs-gen -Ithird_party/utf8_range -Ithird_party/xxhash -Ithird_party/zlib -I/usr/local/google/home/ssreenithi/.pyenv/versions/3.12.0/envs/pyvenv_312/include -I/usr/local/google/home/ssreenithi/.pyenv/versions/3.12.0/include/python3.12 -c third_party/boringssl-with-bazel/src/gen/bcm/aesv8-gcm-armv8-win.S -o pyb/temp.linux-x86_64-cpython-312/third_party/boringssl-with-bazel/src/gen/bcm/aesv8-gcm-armv8-win.o -std=c++17 -fvisibility=hidden -fno-wrapv -fno-exceptions -pthread
      gcc -fno-strict-overflow -Wsign-compare -DNDEBUG -g -O3 -Wall -fPIC -D_WIN32_WINNT=1536 -DGRPC_XDS_USER_AGENT_NAME_SUFFIX=\"Python\" -DGRPC_XDS_USER_AGENT_VERSION_SUFFIX=\"1.79.0.dev0\" -DHAVE_CONFIG_H=1 -DGRPC_ENABLE_FORK_SUPPORT=1 -DGRPC_ENABLE_FORK_SUPPORT_DEFAULT=false -DGRPC_PYTHON_BUILD=1 -D__STDC_FORMAT_MACROS "-DPyMODINIT_FUNC=extern \"C\" __attribute__((visibility (\"default\"))) PyObject*" -DGRPC_POSIX_FORK_ALLOW_PTHREAD_ATFORK=1 -Isrc/python/grpcio -Iinclude -I. -Ithird_party/abseil-cpp -Ithird_party/address_sorting/include -Ithird_party/cares/cares/include -Ithird_party/cares -Ithird_party/cares/cares -Ithird_party/cares/cares/src/lib/include -Ithird_party/cares/cares/src/lib -Ithird_party/cares/config_linux -Ithird_party/re2 -Ithird_party/boringssl-with-bazel/src/include -Ithird_party/upb -Isrc/core/ext/upb-gen -Isrc/core/ext/upbdefs-gen -Ithird_party/utf8_range -Ithird_party/xxhash -Ithird_party/zlib -I/usr/local/google/home/ssreenithi/.pyenv/versions/3.12.0/envs/pyvenv_312/include -I/usr/local/google/home/ssreenithi/.pyenv/versions/3.12.0/include/python3.12 -c third_party/boringssl-with-bazel/src/gen/bcm/ghash-ssse3-x86_64-apple.S -o pyb/temp.linux-x86_64-cpython-312/third_party/boringssl-with-bazel/src/gen/bcm/ghash-ssse3-x86_64-apple.o -std=c++17 -fvisibility=hidden -fno-wrapv -fno-exceptions -pthread
      gcc -fno-strict-overflow -Wsign-compare -DNDEBUG -g -O3 -Wall -fPIC -D_WIN32_WINNT=1536 -DGRPC_XDS_USER_AGENT_NAME_SUFFIX=\"Python\" -DGRPC_XDS_USER_AGENT_VERSION_SUFFIX=\"1.79.0.dev0\" -DHAVE_CONFIG_H=1 -DGRPC_ENABLE_FORK_SUPPORT=1 -DGRPC_ENABLE_FORK_SUPPORT_DEFAULT=false -DGRPC_PYTHON_BUILD=1 -D__STDC_FORMAT_MACROS "-DPyMODINIT_FUNC=extern \"C\" __attribute__((visibility (\"default\"))) PyObject*" -DGRPC_POSIX_FORK_ALLOW_PTHREAD_ATFORK=1 -Isrc/python/grpcio -Iinclude -I. -Ithird_party/abseil-cpp -Ithird_party/address_sorting/include -Ithird_party/cares/cares/include -Ithird_party/cares -Ithird_party/cares/cares -Ithird_party/cares/cares/src/lib/include -Ithird_party/cares/cares/src/lib -Ithird_party/cares/config_linux -Ithird_party/re2 -Ithird_party/boringssl-with-bazel/src/include -Ithird_party/upb -Isrc/core/ext/upb-gen -Isrc/core/ext/upbdefs-gen -Ithird_party/utf8_range -Ithird_party/xxhash -Ithird_party/zlib -I/usr/local/google/home/ssreenithi/.pyenv/versions/3.12.0/envs/pyvenv_312/include -I/usr/local/google/home/ssreenithi/.pyenv/versions/3.12.0/include/python3.12 -c third_party/boringssl-with-bazel/src/gen/bcm/ghashv8-armv8-apple.S -o pyb/temp.linux-x86_64-cpython-312/third_party/boringssl-with-bazel/src/gen/bcm/ghashv8-armv8-apple.o -std=c++17 -fvisibility=hidden -fno-wrapv -fno-exceptions -pthread
      gcc -fno-strict-overflow -Wsign-compare -DNDEBUG -g -O3 -Wall -fPIC -D_WIN32_WINNT=1536 -DGRPC_XDS_USER_AGENT_NAME_SUFFIX=\"Python\" -DGRPC_XDS_USER_AGENT_VERSION_SUFFIX=\"1.79.0.dev0\" -DHAVE_CONFIG_H=1 -DGRPC_ENABLE_FORK_SUPPORT=1 -DGRPC_ENABLE_FORK_SUPPORT_DEFAULT=false -DGRPC_PYTHON_BUILD=1 -D__STDC_FORMAT_MACROS "-DPyMODINIT_FUNC=extern \"C\" __attribute__((visibility (\"default\"))) PyObject*" -DGRPC_POSIX_FORK_ALLOW_PTHREAD_ATFORK=1 -Isrc/python/grpcio -Iinclude -I. -Ithird_party/abseil-cpp -Ithird_party/address_sorting/include -Ithird_party/cares/cares/include -Ithird_party/cares -Ithird_party/cares/cares -Ithird_party/cares/cares/src/lib/include -Ithird_party/cares/cares/src/lib -Ithird_party/cares/config_linux -Ithird_party/re2 -Ithird_party/boringssl-with-bazel/src/include -Ithird_party/upb -Isrc/core/ext/upb-gen -Isrc/core/ext/upbdefs-gen -Ithird_party/utf8_range -Ithird_party/xxhash -Ithird_party/zlib -I/usr/local/google/home/ssreenithi/.pyenv/versions/3.12.0/envs/pyvenv_312/include -I/usr/local/google/home/ssreenithi/.pyenv/versions/3.12.0/include/python3.12 -c third_party/boringssl-with-bazel/src/gen/bcm/bn-armv8-linux.S -o pyb/temp.linux-x86_64-cpython-312/third_party/boringssl-with-bazel/src/gen/bcm/bn-armv8-linux.o -std=c++17 -fvisibility=hidden -fno-wrapv -fno-exceptions -pthread
      gcc -fno-strict-overflow -Wsign-compare -DNDEBUG -g -O3 -Wall -fPIC -D_WIN32_WINNT=1536 -DGRPC_XDS_USER_AGENT_NAME_SUFFIX=\"Python\" -DGRPC_XDS_USER_AGENT_VERSION_SUFFIX=\"1.79.0.dev0\" -DHAVE_CONFIG_H=1 -DGRPC_ENABLE_FORK_SUPPORT=1 -DGRPC_ENABLE_FORK_SUPPORT_DEFAULT=false -DGRPC_PYTHON_BUILD=1 -D__STDC_FORMAT_MACROS "-DPyMODINIT_FUNC=extern \"C\" __attribute__((visibility (\"default\"))) PyObject*" -DGRPC_POSIX_FORK_ALLOW_PTHREAD_ATFORK=1 -Isrc/python/grpcio -Iinclude -I. -Ithird_party/abseil-cpp -Ithird_party/address_sorting/include -Ithird_party/cares/cares/include -Ithird_party/cares -Ithird_party/cares/cares -Ithird_party/cares/cares/src/lib/include -Ithird_party/cares/cares/src/lib -Ithird_party/cares/config_linux -Ithird_party/re2 -Ithird_party/boringssl-with-bazel/src/include -Ithird_party/upb -Isrc/core/ext/upb-gen -Isrc/core/ext/upbdefs-gen -Ithird_party/utf8_range -Ithird_party/xxhash -Ithird_party/zlib -I/usr/local/google/home/ssreenithi/.pyenv/versions/3.12.0/envs/pyvenv_312/include -I/usr/local/google/home/ssreenithi/.pyenv/versions/3.12.0/include/python3.12 -c third_party/boringssl-with-bazel/src/gen/bcm/ghash-armv4-linux.S -o pyb/temp.linux-x86_64-cpython-312/third_party/boringssl-with-bazel/src/gen/bcm/ghash-armv4-linux.o -std=c++17 -fvisibility=hidden -fno-wrapv -fno-exceptions -pthread
      gcc -fno-strict-overflow -Wsign-compare -DNDEBUG -g -O3 -Wall -fPIC -D_WIN32_WINNT=1536 -DGRPC_XDS_USER_AGENT_NAME_SUFFIX=\"Python\" -DGRPC_XDS_USER_AGENT_VERSION_SUFFIX=\"1.79.0.dev0\" -DHAVE_CONFIG_H=1 -DGRPC_ENABLE_FORK_SUPPORT=1 -DGRPC_ENABLE_FORK_SUPPORT_DEFAULT=false -DGRPC_PYTHON_BUILD=1 -D__STDC_FORMAT_MACROS "-DPyMODINIT_FUNC=extern \"C\" __attribute__((visibility (\"default\"))) PyObject*" -DGRPC_POSIX_FORK_ALLOW_PTHREAD_ATFORK=1 -Isrc/python/grpcio -Iinclude -I. -Ithird_party/abseil-cpp -Ithird_party/address_sorting/include -Ithird_party/cares/cares/include -Ithird_party/cares -Ithird_party/cares/cares -Ithird_party/cares/cares/src/lib/include -Ithird_party/cares/cares/src/lib -Ithird_party/cares/config_linux -Ithird_party/re2 -Ithird_party/boringssl-with-bazel/src/include -Ithird_party/upb -Isrc/core/ext/upb-gen -Isrc/core/ext/upbdefs-gen -Ithird_party/utf8_range -Ithird_party/xxhash -Ithird_party/zlib -I/usr/local/google/home/ssreenithi/.pyenv/versions/3.12.0/envs/pyvenv_312/include -I/usr/local/google/home/ssreenithi/.pyenv/versions/3.12.0/include/python3.12 -c third_party/boringssl-with-bazel/src/gen/bcm/armv4-mont-linux.S -o pyb/temp.linux-x86_64-cpython-312/third_party/boringssl-with-bazel/src/gen/bcm/armv4-mont-linux.o -std=c++17 -fvisibility=hidden -fno-wrapv -fno-exceptions -pthread
      gcc -fno-strict-overflow -Wsign-compare -DNDEBUG -g -O3 -Wall -fPIC -D_WIN32_WINNT=1536 -DGRPC_XDS_USER_AGENT_NAME_SUFFIX=\"Python\" -DGRPC_XDS_USER_AGENT_VERSION_SUFFIX=\"1.79.0.dev0\" -DHAVE_CONFIG_H=1 -DGRPC_ENABLE_FORK_SUPPORT=1 -DGRPC_ENABLE_FORK_SUPPORT_DEFAULT=false -DGRPC_PYTHON_BUILD=1 -D__STDC_FORMAT_MACROS "-DPyMODINIT_FUNC=extern \"C\" __attribute__((visibility (\"default\"))) PyObject*" -DGRPC_POSIX_FORK_ALLOW_PTHREAD_ATFORK=1 -Isrc/python/grpcio -Iinclude -I. -Ithird_party/abseil-cpp -Ithird_party/address_sorting/include -Ithird_party/cares/cares/include -Ithird_party/cares -Ithird_party/cares/cares -Ithird_party/cares/cares/src/lib/include -Ithird_party/cares/cares/src/lib -Ithird_party/cares/config_linux -Ithird_party/re2 -Ithird_party/boringssl-with-bazel/src/include -Ithird_party/upb -Isrc/core/ext/upb-gen -Isrc/core/ext/upbdefs-gen -Ithird_party/utf8_range -Ithird_party/xxhash -Ithird_party/zlib -I/usr/local/google/home/ssreenithi/.pyenv/versions/3.12.0/envs/pyvenv_312/include -I/usr/local/google/home/ssreenithi/.pyenv/versions/3.12.0/include/python3.12 -c third_party/boringssl-with-bazel/src/gen/bcm/ghashv8-armv8-linux.S -o pyb/temp.linux-x86_64-cpython-312/third_party/boringssl-with-bazel/src/gen/bcm/ghashv8-armv8-linux.o -std=c++17 -fvisibility=hidden -fno-wrapv -fno-exceptions -pthread
      gcc -fno-strict-overflow -Wsign-compare -DNDEBUG -g -O3 -Wall -fPIC -D_WIN32_WINNT=1536 -DGRPC_XDS_USER_AGENT_NAME_SUFFIX=\"Python\" -DGRPC_XDS_USER_AGENT_VERSION_SUFFIX=\"1.79.0.dev0\" -DHAVE_CONFIG_H=1 -DGRPC_ENABLE_FORK_SUPPORT=1 -DGRPC_ENABLE_FORK_SUPPORT_DEFAULT=false -DGRPC_PYTHON_BUILD=1 -D__STDC_FORMAT_MACROS "-DPyMODINIT_FUNC=extern \"C\" __attribute__((visibility (\"default\"))) PyObject*" -DGRPC_POSIX_FORK_ALLOW_PTHREAD_ATFORK=1 -Isrc/python/grpcio -Iinclude -I. -Ithird_party/abseil-cpp -Ithird_party/address_sorting/include -Ithird_party/cares/cares/include -Ithird_party/cares -Ithird_party/cares/cares -Ithird_party/cares/cares/src/lib/include -Ithird_party/cares/cares/src/lib -Ithird_party/cares/config_linux -Ithird_party/re2 -Ithird_party/boringssl-with-bazel/src/include -Ithird_party/upb -Isrc/core/ext/upb-gen -Isrc/core/ext/upbdefs-gen -Ithird_party/utf8_range -Ithird_party/xxhash -Ithird_party/zlib -I/usr/local/google/home/ssreenithi/.pyenv/versions/3.12.0/envs/pyvenv_312/include -I/usr/local/google/home/ssreenithi/.pyenv/versions/3.12.0/include/python3.12 -c third_party/boringssl-with-bazel/src/gen/bcm/ghash-ssse3-x86_64-linux.S -o pyb/temp.linux-x86_64-cpython-312/third_party/boringssl-with-bazel/src/gen/bcm/ghash-ssse3-x86_64-linux.o -std=c++17 -fvisibility=hidden -fno-wrapv -fno-exceptions -pthread
      gcc -fno-strict-overflow -Wsign-compare -DNDEBUG -g -O3 -Wall -fPIC -D_WIN32_WINNT=1536 -DGRPC_XDS_USER_AGENT_NAME_SUFFIX=\"Python\" -DGRPC_XDS_USER_AGENT_VERSION_SUFFIX=\"1.79.0.dev0\" -DHAVE_CONFIG_H=1 -DGRPC_ENABLE_FORK_SUPPORT=1 -DGRPC_ENABLE_FORK_SUPPORT_DEFAULT=false -DGRPC_PYTHON_BUILD=1 -D__STDC_FORMAT_MACROS "-DPyMODINIT_FUNC=extern \"C\" __attribute__((visibility (\"default\"))) PyObject*" -DGRPC_POSIX_FORK_ALLOW_PTHREAD_ATFORK=1 -Isrc/python/grpcio -Iinclude -I. -Ithird_party/abseil-cpp -Ithird_party/address_sorting/include -Ithird_party/cares/cares/include -Ithird_party/cares -Ithird_party/cares/cares -Ithird_party/cares/cares/src/lib/include -Ithird_party/cares/cares/src/lib -Ithird_party/cares/config_linux -Ithird_party/re2 -Ithird_party/boringssl-with-bazel/src/include -Ithird_party/upb -Isrc/core/ext/upb-gen -Isrc/core/ext/upbdefs-gen -Ithird_party/utf8_range -Ithird_party/xxhash -Ithird_party/zlib -I/usr/local/google/home/ssreenithi/.pyenv/versions/3.12.0/envs/pyvenv_312/include -I/usr/local/google/home/ssreenithi/.pyenv/versions/3.12.0/include/python3.12 -c third_party/boringssl-with-bazel/src/gen/bcm/bn-armv8-win.S -o pyb/temp.linux-x86_64-cpython-312/third_party/boringssl-with-bazel/src/gen/bcm/bn-armv8-win.o -std=c++17 -fvisibility=hidden -fno-wrapv -fno-exceptions -pthread
      gcc -fno-strict-overflow -Wsign-compare -DNDEBUG -g -O3 -Wall -fPIC -D_WIN32_WINNT=1536 -DGRPC_XDS_USER_AGENT_NAME_SUFFIX=\"Python\" -DGRPC_XDS_USER_AGENT_VERSION_SUFFIX=\"1.79.0.dev0\" -DHAVE_CONFIG_H=1 -DGRPC_ENABLE_FORK_SUPPORT=1 -DGRPC_ENABLE_FORK_SUPPORT_DEFAULT=false -DGRPC_PYTHON_BUILD=1 -D__STDC_FORMAT_MACROS "-DPyMODINIT_FUNC=extern \"C\" __attribute__((visibility (\"default\"))) PyObject*" -DGRPC_POSIX_FORK_ALLOW_PTHREAD_ATFORK=1 -Isrc/python/grpcio -Iinclude -I. -Ithird_party/abseil-cpp -Ithird_party/address_sorting/include -Ithird_party/cares/cares/include -Ithird_party/cares -Ithird_party/cares/cares -Ithird_party/cares/cares/src/lib/include -Ithird_party/cares/cares/src/lib -Ithird_party/cares/config_linux -Ithird_party/re2 -Ithird_party/boringssl-with-bazel/src/include -Ithird_party/upb -Isrc/core/ext/upb-gen -Isrc/core/ext/upbdefs-gen -Ithird_party/utf8_range -Ithird_party/xxhash -Ithird_party/zlib -I/usr/local/google/home/ssreenithi/.pyenv/versions/3.12.0/envs/pyvenv_312/include -I/usr/local/google/home/ssreenithi/.pyenv/versions/3.12.0/include/python3.12 -c third_party/boringssl-with-bazel/src/gen/bcm/ghash-neon-armv8-apple.S -o pyb/temp.linux-x86_64-cpython-312/third_party/boringssl-with-bazel/src/gen/bcm/ghash-neon-armv8-apple.o -std=c++17 -fvisibility=hidden -fno-wrapv -fno-exceptions -pthread
      gcc -fno-strict-overflow -Wsign-compare -DNDEBUG -g -O3 -Wall -fPIC -D_WIN32_WINNT=1536 -DGRPC_XDS_USER_AGENT_NAME_SUFFIX=\"Python\" -DGRPC_XDS_USER_AGENT_VERSION_SUFFIX=\"1.79.0.dev0\" -DHAVE_CONFIG_H=1 -DGRPC_ENABLE_FORK_SUPPORT=1 -DGRPC_ENABLE_FORK_SUPPORT_DEFAULT=false -DGRPC_PYTHON_BUILD=1 -D__STDC_FORMAT_MACROS "-DPyMODINIT_FUNC=extern \"C\" __attribute__((visibility (\"default\"))) PyObject*" -DGRPC_POSIX_FORK_ALLOW_PTHREAD_ATFORK=1 -Isrc/python/grpcio -Iinclude -I. -Ithird_party/abseil-cpp -Ithird_party/address_sorting/include -Ithird_party/cares/cares/include -Ithird_party/cares -Ithird_party/cares/cares -Ithird_party/cares/cares/src/lib/include -Ithird_party/cares/cares/src/lib -Ithird_party/cares/config_linux -Ithird_party/re2 -Ithird_party/boringssl-with-bazel/src/include -Ithird_party/upb -Isrc/core/ext/upb-gen -Isrc/core/ext/upbdefs-gen -Ithird_party/utf8_range -Ithird_party/xxhash -Ithird_party/zlib -I/usr/local/google/home/ssreenithi/.pyenv/versions/3.12.0/envs/pyvenv_312/include -I/usr/local/google/home/ssreenithi/.pyenv/versions/3.12.0/include/python3.12 -c third_party/boringssl-with-bazel/src/gen/bcm/armv8-mont-apple.S -o pyb/temp.linux-x86_64-cpython-312/third_party/boringssl-with-bazel/src/gen/bcm/armv8-mont-apple.o -std=c++17 -fvisibility=hidden -fno-wrapv -fno-exceptions -pthread
      gcc -fno-strict-overflow -Wsign-compare -DNDEBUG -g -O3 -Wall -fPIC -D_WIN32_WINNT=1536 -DGRPC_XDS_USER_AGENT_NAME_SUFFIX=\"Python\" -DGRPC_XDS_USER_AGENT_VERSION_SUFFIX=\"1.79.0.dev0\" -DHAVE_CONFIG_H=1 -DGRPC_ENABLE_FORK_SUPPORT=1 -DGRPC_ENABLE_FORK_SUPPORT_DEFAULT=false -DGRPC_PYTHON_BUILD=1 -D__STDC_FORMAT_MACROS "-DPyMODINIT_FUNC=extern \"C\" __attribute__((visibility (\"default\"))) PyObject*" -DGRPC_POSIX_FORK_ALLOW_PTHREAD_ATFORK=1 -Isrc/python/grpcio -Iinclude -I. -Ithird_party/abseil-cpp -Ithird_party/address_sorting/include -Ithird_party/cares/cares/include -Ithird_party/cares -Ithird_party/cares/cares -Ithird_party/cares/cares/src/lib/include -Ithird_party/cares/cares/src/lib -Ithird_party/cares/config_linux -Ithird_party/re2 -Ithird_party/boringssl-with-bazel/src/include -Ithird_party/upb -Isrc/core/ext/upb-gen -Isrc/core/ext/upbdefs-gen -Ithird_party/utf8_range -Ithird_party/xxhash -Ithird_party/zlib -I/usr/local/google/home/ssreenithi/.pyenv/versions/3.12.0/envs/pyvenv_312/include -I/usr/local/google/home/ssreenithi/.pyenv/versions/3.12.0/include/python3.12 -c third_party/boringssl-with-bazel/src/gen/bcm/ghash-x86-apple.S -o pyb/temp.linux-x86_64-cpython-312/third_party/boringssl-with-bazel/src/gen/bcm/ghash-x86-apple.o -std=c++17 -fvisibility=hidden -fno-wrapv -fno-exceptions -pthread
      gcc -fno-strict-overflow -Wsign-compare -DNDEBUG -g -O3 -Wall -fPIC -D_WIN32_WINNT=1536 -DGRPC_XDS_USER_AGENT_NAME_SUFFIX=\"Python\" -DGRPC_XDS_USER_AGENT_VERSION_SUFFIX=\"1.79.0.dev0\" -DHAVE_CONFIG_H=1 -DGRPC_ENABLE_FORK_SUPPORT=1 -DGRPC_ENABLE_FORK_SUPPORT_DEFAULT=false -DGRPC_PYTHON_BUILD=1 -D__STDC_FORMAT_MACROS "-DPyMODINIT_FUNC=extern \"C\" __attribute__((visibility (\"default\"))) PyObject*" -DGRPC_POSIX_FORK_ALLOW_PTHREAD_ATFORK=1 -Isrc/python/grpcio -Iinclude -I. -Ithird_party/abseil-cpp -Ithird_party/address_sorting/include -Ithird_party/cares/cares/include -Ithird_party/cares -Ithird_party/cares/cares -Ithird_party/cares/cares/src/lib/include -Ithird_party/cares/cares/src/lib -Ithird_party/cares/config_linux -Ithird_party/re2 -Ithird_party/boringssl-with-bazel/src/include -Ithird_party/upb -Isrc/core/ext/upb-gen -Isrc/core/ext/upbdefs-gen -Ithird_party/utf8_range -Ithird_party/xxhash -Ithird_party/zlib -I/usr/local/google/home/ssreenithi/.pyenv/versions/3.12.0/envs/pyvenv_312/include -I/usr/local/google/home/ssreenithi/.pyenv/versions/3.12.0/include/python3.12 -c third_party/boringssl-with-bazel/src/gen/bcm/ghashv8-armv8-win.S -o pyb/temp.linux-x86_64-cpython-312/third_party/boringssl-with-bazel/src/gen/bcm/ghashv8-armv8-win.o -std=c++17 -fvisibility=hidden -fno-wrapv -fno-exceptions -pthread
      g++ -fno-strict-overflow -Wsign-compare -DNDEBUG -g -O3 -Wall -fPIC -D_WIN32_WINNT=1536 -DGRPC_XDS_USER_AGENT_NAME_SUFFIX=\"Python\" -DGRPC_XDS_USER_AGENT_VERSION_SUFFIX=\"1.79.0.dev0\" -DHAVE_CONFIG_H=1 -DGRPC_ENABLE_FORK_SUPPORT=1 -DGRPC_ENABLE_FORK_SUPPORT_DEFAULT=false -DGRPC_PYTHON_BUILD=1 -D__STDC_FORMAT_MACROS "-DPyMODINIT_FUNC=extern \"C\" __attribute__((visibility (\"default\"))) PyObject*" -DGRPC_POSIX_FORK_ALLOW_PTHREAD_ATFORK=1 -Isrc/python/grpcio -Iinclude -I. -Ithird_party/abseil-cpp -Ithird_party/address_sorting/include -Ithird_party/cares/cares/include -Ithird_party/cares -Ithird_party/cares/cares -Ithird_party/cares/cares/src/lib/include -Ithird_party/cares/cares/src/lib -Ithird_party/cares/config_linux -Ithird_party/re2 -Ithird_party/boringssl-with-bazel/src/include -Ithird_party/upb -Isrc/core/ext/upb-gen -Isrc/core/ext/upbdefs-gen -Ithird_party/utf8_range -Ithird_party/xxhash -Ithird_party/zlib -I/usr/local/google/home/ssreenithi/.pyenv/versions/3.12.0/envs/pyvenv_312/include -I/usr/local/google/home/ssreenithi/.pyenv/versions/3.12.0/include/python3.12 -c third_party/boringssl-with-bazel/src/crypto/x509/x509rset.cc -o pyb/temp.linux-x86_64-cpython-312/third_party/boringssl-with-bazel/src/crypto/x509/x509rset.o -std=c++17 -fvisibility=hidden -fno-wrapv -fno-exceptions -pthread
      g++ -fno-strict-overflow -Wsign-compare -DNDEBUG -g -O3 -Wall -fPIC -D_WIN32_WINNT=1536 -DGRPC_XDS_USER_AGENT_NAME_SUFFIX=\"Python\" -DGRPC_XDS_USER_AGENT_VERSION_SUFFIX=\"1.79.0.dev0\" -DHAVE_CONFIG_H=1 -DGRPC_ENABLE_FORK_SUPPORT=1 -DGRPC_ENABLE_FORK_SUPPORT_DEFAULT=false -DGRPC_PYTHON_BUILD=1 -D__STDC_FORMAT_MACROS "-DPyMODINIT_FUNC=extern \"C\" __attribute__((visibility (\"default\"))) PyObject*" -DGRPC_POSIX_FORK_ALLOW_PTHREAD_ATFORK=1 -Isrc/python/grpcio -Iinclude -I. -Ithird_party/abseil-cpp -Ithird_party/address_sorting/include -Ithird_party/cares/cares/include -Ithird_party/cares -Ithird_party/cares/cares -Ithird_party/cares/cares/src/lib/include -Ithird_party/cares/cares/src/lib -Ithird_party/cares/config_linux -Ithird_party/re2 -Ithird_party/boringssl-with-bazel/src/include -Ithird_party/upb -Isrc/core/ext/upb-gen -Isrc/core/ext/upbdefs-gen -Ithird_party/utf8_range -Ithird_party/xxhash -Ithird_party/zlib -I/usr/local/google/home/ssreenithi/.pyenv/versions/3.12.0/envs/pyvenv_312/include -I/usr/local/google/home/ssreenithi/.pyenv/versions/3.12.0/include/python3.12 -c third_party/boringssl-with-bazel/src/crypto/x509/x_name.cc -o pyb/temp.linux-x86_64-cpython-312/third_party/boringssl-with-bazel/src/crypto/x509/x_name.o -std=c++17 -fvisibility=hidden -fno-wrapv -fno-exceptions -pthread
      gcc -fno-strict-overflow -Wsign-compare -DNDEBUG -g -O3 -Wall -fPIC -D_WIN32_WINNT=1536 -DGRPC_XDS_USER_AGENT_NAME_SUFFIX=\"Python\" -DGRPC_XDS_USER_AGENT_VERSION_SUFFIX=\"1.79.0.dev0\" -DHAVE_CONFIG_H=1 -DGRPC_ENABLE_FORK_SUPPORT=1 -DGRPC_ENABLE_FORK_SUPPORT_DEFAULT=false -DGRPC_PYTHON_BUILD=1 -D__STDC_FORMAT_MACROS "-DPyMODINIT_FUNC=extern \"C\" __attribute__((visibility (\"default\"))) PyObject*" -DGRPC_POSIX_FORK_ALLOW_PTHREAD_ATFORK=1 -Isrc/python/grpcio -Iinclude -I. -Ithird_party/abseil-cpp -Ithird_party/address_sorting/include -Ithird_party/cares/cares/include -Ithird_party/cares -Ithird_party/cares/cares -Ithird_party/cares/cares/src/lib/include -Ithird_party/cares/cares/src/lib -Ithird_party/cares/config_linux -Ithird_party/re2 -Ithird_party/boringssl-with-bazel/src/include -Ithird_party/upb -Isrc/core/ext/upb-gen -Isrc/core/ext/upbdefs-gen -Ithird_party/utf8_range -Ithird_party/xxhash -Ithird_party/zlib -I/usr/local/google/home/ssreenithi/.pyenv/versions/3.12.0/envs/pyvenv_312/include -I/usr/local/google/home/ssreenithi/.pyenv/versions/3.12.0/include/python3.12 -c third_party/boringssl-with-bazel/src/gen/bcm/ghash-neon-armv8-linux.S -o pyb/temp.linux-x86_64-cpython-312/third_party/boringssl-with-bazel/src/gen/bcm/ghash-neon-armv8-linux.o -std=c++17 -fvisibility=hidden -fno-wrapv -fno-exceptions -pthread
      gcc -fno-strict-overflow -Wsign-compare -DNDEBUG -g -O3 -Wall -fPIC -D_WIN32_WINNT=1536 -DGRPC_XDS_USER_AGENT_NAME_SUFFIX=\"Python\" -DGRPC_XDS_USER_AGENT_VERSION_SUFFIX=\"1.79.0.dev0\" -DHAVE_CONFIG_H=1 -DGRPC_ENABLE_FORK_SUPPORT=1 -DGRPC_ENABLE_FORK_SUPPORT_DEFAULT=false -DGRPC_PYTHON_BUILD=1 -D__STDC_FORMAT_MACROS "-DPyMODINIT_FUNC=extern \"C\" __attribute__((visibility (\"default\"))) PyObject*" -DGRPC_POSIX_FORK_ALLOW_PTHREAD_ATFORK=1 -Isrc/python/grpcio -Iinclude -I. -Ithird_party/abseil-cpp -Ithird_party/address_sorting/include -Ithird_party/cares/cares/include -Ithird_party/cares -Ithird_party/cares/cares -Ithird_party/cares/cares/src/lib/include -Ithird_party/cares/cares/src/lib -Ithird_party/cares/config_linux -Ithird_party/re2 -Ithird_party/boringssl-with-bazel/src/include -Ithird_party/upb -Isrc/core/ext/upb-gen -Isrc/core/ext/upbdefs-gen -Ithird_party/utf8_range -Ithird_party/xxhash -Ithird_party/zlib -I/usr/local/google/home/ssreenithi/.pyenv/versions/3.12.0/envs/pyvenv_312/include -I/usr/local/google/home/ssreenithi/.pyenv/versions/3.12.0/include/python3.12 -c third_party/boringssl-with-bazel/src/gen/bcm/p256-armv8-asm-win.S -o pyb/temp.linux-x86_64-cpython-312/third_party/boringssl-with-bazel/src/gen/bcm/p256-armv8-asm-win.o -std=c++17 -fvisibility=hidden -fno-wrapv -fno-exceptions -pthread
      gcc -fno-strict-overflow -Wsign-compare -DNDEBUG -g -O3 -Wall -fPIC -D_WIN32_WINNT=1536 -DGRPC_XDS_USER_AGENT_NAME_SUFFIX=\"Python\" -DGRPC_XDS_USER_AGENT_VERSION_SUFFIX=\"1.79.0.dev0\" -DHAVE_CONFIG_H=1 -DGRPC_ENABLE_FORK_SUPPORT=1 -DGRPC_ENABLE_FORK_SUPPORT_DEFAULT=false -DGRPC_PYTHON_BUILD=1 -D__STDC_FORMAT_MACROS "-DPyMODINIT_FUNC=extern \"C\" __attribute__((visibility (\"default\"))) PyObject*" -DGRPC_POSIX_FORK_ALLOW_PTHREAD_ATFORK=1 -Isrc/python/grpcio -Iinclude -I. -Ithird_party/abseil-cpp -Ithird_party/address_sorting/include -Ithird_party/cares/cares/include -Ithird_party/cares -Ithird_party/cares/cares -Ithird_party/cares/cares/src/lib/include -Ithird_party/cares/cares/src/lib -Ithird_party/cares/config_linux -Ithird_party/re2 -Ithird_party/boringssl-with-bazel/src/include -Ithird_party/upb -Isrc/core/ext/upb-gen -Isrc/core/ext/upbdefs-gen -Ithird_party/utf8_range -Ithird_party/xxhash -Ithird_party/zlib -I/usr/local/google/home/ssreenithi/.pyenv/versions/3.12.0/envs/pyvenv_312/include -I/usr/local/google/home/ssreenithi/.pyenv/versions/3.12.0/include/python3.12 -c third_party/boringssl-with-bazel/src/gen/bcm/p256_beeu-x86_64-asm-linux.S -o pyb/temp.linux-x86_64-cpython-312/third_party/boringssl-with-bazel/src/gen/bcm/p256_beeu-x86_64-asm-linux.o -std=c++17 -fvisibility=hidden -fno-wrapv -fno-exceptions -pthread
      In file included from ./src/core/lib/promise/activity.h:30,
                       from ./src/core/lib/resource_quota/memory_quota.h:39,
                       from ./src/core/lib/resource_quota/arena.h:39,
                       from ./src/core/lib/promise/arena_promise.h:28,
                       from ./src/core/credentials/transport/security_connector.h:36,
                       from ./src/core/credentials/call/call_credentials.h:31,
                       from ./src/core/credentials/call/jwt/jwt_credentials.h:32,
                       from src/core/credentials/call/jwt/jwt_credentials.cc:18:
      ./src/core/lib/promise/detail/promise_factory.h:210:5: warning: ‘always_inline’ function might not be inlinable unless also declared ‘inline’ [-Wattributes]
        210 |     PromiseFactoryImpl(Token, F&& f) {
            |     ^~~~~~~~~~~~~~~~~~
      ./src/core/lib/promise/detail/promise_factory.h:210:5: warning: ‘always_inline’ function might not be inlinable unless also declared ‘inline’ [-Wattributes]
      ./src/core/lib/promise/detail/promise_factory.h:210:5: warning: ‘always_inline’ function might not be inlinable unless also declared ‘inline’ [-Wattributes]
      gcc -fno-strict-overflow -Wsign-compare -DNDEBUG -g -O3 -Wall -fPIC -D_WIN32_WINNT=1536 -DGRPC_XDS_USER_AGENT_NAME_SUFFIX=\"Python\" -DGRPC_XDS_USER_AGENT_VERSION_SUFFIX=\"1.79.0.dev0\" -DHAVE_CONFIG_H=1 -DGRPC_ENABLE_FORK_SUPPORT=1 -DGRPC_ENABLE_FORK_SUPPORT_DEFAULT=false -DGRPC_PYTHON_BUILD=1 -D__STDC_FORMAT_MACROS "-DPyMODINIT_FUNC=extern \"C\" __attribute__((visibility (\"default\"))) PyObject*" -DGRPC_POSIX_FORK_ALLOW_PTHREAD_ATFORK=1 -Isrc/python/grpcio -Iinclude -I. -Ithird_party/abseil-cpp -Ithird_party/address_sorting/include -Ithird_party/cares/cares/include -Ithird_party/cares -Ithird_party/cares/cares -Ithird_party/cares/cares/src/lib/include -Ithird_party/cares/cares/src/lib -Ithird_party/cares/config_linux -Ithird_party/re2 -Ithird_party/boringssl-with-bazel/src/include -Ithird_party/upb -Isrc/core/ext/upb-gen -Isrc/core/ext/upbdefs-gen -Ithird_party/utf8_range -Ithird_party/xxhash -Ithird_party/zlib -I/usr/local/google/home/ssreenithi/.pyenv/versions/3.12.0/envs/pyvenv_312/include -I/usr/local/google/home/ssreenithi/.pyenv/versions/3.12.0/include/python3.12 -c third_party/boringssl-with-bazel/src/gen/bcm/ghash-x86-linux.S -o pyb/temp.linux-x86_64-cpython-312/third_party/boringssl-with-bazel/src/gen/bcm/ghash-x86-linux.o -std=c++17 -fvisibility=hidden -fno-wrapv -fno-exceptions -pthread
      ./src/core/lib/promise/detail/promise_factory.h:210:5: warning: ‘always_inline’ function might not be inlinable unless also declared ‘inline’ [-Wattributes]
      ./src/core/lib/promise/detail/promise_factory.h:210:5: warning: ‘always_inline’ function might not be inlinable unless also declared ‘inline’ [-Wattributes]
      ./src/core/lib/promise/detail/promise_factory.h:210:5: warning: ‘always_inline’ function might not be inlinable unless also declared ‘inline’ [-Wattributes]
      ./src/core/lib/promise/detail/promise_factory.h:210:5: warning: ‘always_inline’ function might not be inlinable unless also declared ‘inline’ [-Wattributes]
      gcc -fno-strict-overflow -Wsign-compare -DNDEBUG -g -O3 -Wall -fPIC -D_WIN32_WINNT=1536 -DGRPC_XDS_USER_AGENT_NAME_SUFFIX=\"Python\" -DGRPC_XDS_USER_AGENT_VERSION_SUFFIX=\"1.79.0.dev0\" -DHAVE_CONFIG_H=1 -DGRPC_ENABLE_FORK_SUPPORT=1 -DGRPC_ENABLE_FORK_SUPPORT_DEFAULT=false -DGRPC_PYTHON_BUILD=1 -D__STDC_FORMAT_MACROS "-DPyMODINIT_FUNC=extern \"C\" __attribute__((visibility (\"default\"))) PyObject*" -DGRPC_POSIX_FORK_ALLOW_PTHREAD_ATFORK=1 -Isrc/python/grpcio -Iinclude -I. -Ithird_party/abseil-cpp -Ithird_party/address_sorting/include -Ithird_party/cares/cares/include -Ithird_party/cares -Ithird_party/cares/cares -Ithird_party/cares/cares/src/lib/include -Ithird_party/cares/cares/src/lib -Ithird_party/cares/config_linux -Ithird_party/re2 -Ithird_party/boringssl-with-bazel/src/include -Ithird_party/upb -Isrc/core/ext/upb-gen -Isrc/core/ext/upbdefs-gen -Ithird_party/utf8_range -Ithird_party/xxhash -Ithird_party/zlib -I/usr/local/google/home/ssreenithi/.pyenv/versions/3.12.0/envs/pyvenv_312/include -I/usr/local/google/home/ssreenithi/.pyenv/versions/3.12.0/include/python3.12 -c third_party/boringssl-with-bazel/src/gen/bcm/p256-armv8-asm-apple.S -o pyb/temp.linux-x86_64-cpython-312/third_party/boringssl-with-bazel/src/gen/bcm/p256-armv8-asm-apple.o -std=c++17 -fvisibility=hidden -fno-wrapv -fno-exceptions -pthread
      g++ -fno-strict-overflow -Wsign-compare -DNDEBUG -g -O3 -Wall -fPIC -D_WIN32_WINNT=1536 -DGRPC_XDS_USER_AGENT_NAME_SUFFIX=\"Python\" -DGRPC_XDS_USER_AGENT_VERSION_SUFFIX=\"1.79.0.dev0\" -DHAVE_CONFIG_H=1 -DGRPC_ENABLE_FORK_SUPPORT=1 -DGRPC_ENABLE_FORK_SUPPORT_DEFAULT=false -DGRPC_PYTHON_BUILD=1 -D__STDC_FORMAT_MACROS "-DPyMODINIT_FUNC=extern \"C\" __attribute__((visibility (\"default\"))) PyObject*" -DGRPC_POSIX_FORK_ALLOW_PTHREAD_ATFORK=1 -Isrc/python/grpcio -Iinclude -I. -Ithird_party/abseil-cpp -Ithird_party/address_sorting/include -Ithird_party/cares/cares/include -Ithird_party/cares -Ithird_party/cares/cares -Ithird_party/cares/cares/src/lib/include -Ithird_party/cares/cares/src/lib -Ithird_party/cares/config_linux -Ithird_party/re2 -Ithird_party/boringssl-with-bazel/src/include -Ithird_party/upb -Isrc/core/ext/upb-gen -Isrc/core/ext/upbdefs-gen -Ithird_party/utf8_range -Ithird_party/xxhash -Ithird_party/zlib -I/usr/local/google/home/ssreenithi/.pyenv/versions/3.12.0/envs/pyvenv_312/include -I/usr/local/google/home/ssreenithi/.pyenv/versions/3.12.0/include/python3.12 -c third_party/boringssl-with-bazel/src/crypto/x509/v3_lib.cc -o pyb/temp.linux-x86_64-cpython-312/third_party/boringssl-with-bazel/src/crypto/x509/v3_lib.o -std=c++17 -fvisibility=hidden -fno-wrapv -fno-exceptions -pthread
      gcc -fno-strict-overflow -Wsign-compare -DNDEBUG -g -O3 -Wall -fPIC -D_WIN32_WINNT=1536 -DGRPC_XDS_USER_AGENT_NAME_SUFFIX=\"Python\" -DGRPC_XDS_USER_AGENT_VERSION_SUFFIX=\"1.79.0.dev0\" -DHAVE_CONFIG_H=1 -DGRPC_ENABLE_FORK_SUPPORT=1 -DGRPC_ENABLE_FORK_SUPPORT_DEFAULT=false -DGRPC_PYTHON_BUILD=1 -D__STDC_FORMAT_MACROS "-DPyMODINIT_FUNC=extern \"C\" __attribute__((visibility (\"default\"))) PyObject*" -DGRPC_POSIX_FORK_ALLOW_PTHREAD_ATFORK=1 -Isrc/python/grpcio -Iinclude -I. -Ithird_party/abseil-cpp -Ithird_party/address_sorting/include -Ithird_party/cares/cares/include -Ithird_party/cares -Ithird_party/cares/cares -Ithird_party/cares/cares/src/lib/include -Ithird_party/cares/cares/src/lib -Ithird_party/cares/config_linux -Ithird_party/re2 -Ithird_party/boringssl-with-bazel/src/include -Ithird_party/upb -Isrc/core/ext/upb-gen -Isrc/core/ext/upbdefs-gen -Ithird_party/utf8_range -Ithird_party/xxhash -Ithird_party/zlib -I/usr/local/google/home/ssreenithi/.pyenv/versions/3.12.0/envs/pyvenv_312/include -I/usr/local/google/home/ssreenithi/.pyenv/versions/3.12.0/include/python3.12 -c third_party/boringssl-with-bazel/src/gen/bcm/ghash-neon-armv8-win.S -o pyb/temp.linux-x86_64-cpython-312/third_party/boringssl-with-bazel/src/gen/bcm/ghash-neon-armv8-win.o -std=c++17 -fvisibility=hidden -fno-wrapv -fno-exceptions -pthread
      gcc -fno-strict-overflow -Wsign-compare -DNDEBUG -g -O3 -Wall -fPIC -D_WIN32_WINNT=1536 -DGRPC_XDS_USER_AGENT_NAME_SUFFIX=\"Python\" -DGRPC_XDS_USER_AGENT_VERSION_SUFFIX=\"1.79.0.dev0\" -DHAVE_CONFIG_H=1 -DGRPC_ENABLE_FORK_SUPPORT=1 -DGRPC_ENABLE_FORK_SUPPORT_DEFAULT=false -DGRPC_PYTHON_BUILD=1 -D__STDC_FORMAT_MACROS "-DPyMODINIT_FUNC=extern \"C\" __attribute__((visibility (\"default\"))) PyObject*" -DGRPC_POSIX_FORK_ALLOW_PTHREAD_ATFORK=1 -Isrc/python/grpcio -Iinclude -I. -Ithird_party/abseil-cpp -Ithird_party/address_sorting/include -Ithird_party/cares/cares/include -Ithird_party/cares -Ithird_party/cares/cares -Ithird_party/cares/cares/src/lib/include -Ithird_party/cares/cares/src/lib -Ithird_party/cares/config_linux -Ithird_party/re2 -Ithird_party/boringssl-with-bazel/src/include -Ithird_party/upb -Isrc/core/ext/upb-gen -Isrc/core/ext/upbdefs-gen -Ithird_party/utf8_range -Ithird_party/xxhash -Ithird_party/zlib -I/usr/local/google/home/ssreenithi/.pyenv/versions/3.12.0/envs/pyvenv_312/include -I/usr/local/google/home/ssreenithi/.pyenv/versions/3.12.0/include/python3.12 -c third_party/boringssl-with-bazel/src/gen/bcm/rdrand-x86_64-apple.S -o pyb/temp.linux-x86_64-cpython-312/third_party/boringssl-with-bazel/src/gen/bcm/rdrand-x86_64-apple.o -std=c++17 -fvisibility=hidden -fno-wrapv -fno-exceptions -pthread
      gcc -fno-strict-overflow -Wsign-compare -DNDEBUG -g -O3 -Wall -fPIC -D_WIN32_WINNT=1536 -DGRPC_XDS_USER_AGENT_NAME_SUFFIX=\"Python\" -DGRPC_XDS_USER_AGENT_VERSION_SUFFIX=\"1.79.0.dev0\" -DHAVE_CONFIG_H=1 -DGRPC_ENABLE_FORK_SUPPORT=1 -DGRPC_ENABLE_FORK_SUPPORT_DEFAULT=false -DGRPC_PYTHON_BUILD=1 -D__STDC_FORMAT_MACROS "-DPyMODINIT_FUNC=extern \"C\" __attribute__((visibility (\"default\"))) PyObject*" -DGRPC_POSIX_FORK_ALLOW_PTHREAD_ATFORK=1 -Isrc/python/grpcio -Iinclude -I. -Ithird_party/abseil-cpp -Ithird_party/address_sorting/include -Ithird_party/cares/cares/include -Ithird_party/cares -Ithird_party/cares/cares -Ithird_party/cares/cares/src/lib/include -Ithird_party/cares/cares/src/lib -Ithird_party/cares/config_linux -Ithird_party/re2 -Ithird_party/boringssl-with-bazel/src/include -Ithird_party/upb -Isrc/core/ext/upb-gen -Isrc/core/ext/upbdefs-gen -Ithird_party/utf8_range -Ithird_party/xxhash -Ithird_party/zlib -I/usr/local/google/home/ssreenithi/.pyenv/versions/3.12.0/envs/pyvenv_312/include -I/usr/local/google/home/ssreenithi/.pyenv/versions/3.12.0/include/python3.12 -c third_party/boringssl-with-bazel/src/gen/bcm/p256-x86_64-asm-apple.S -o pyb/temp.linux-x86_64-cpython-312/third_party/boringssl-with-bazel/src/gen/bcm/p256-x86_64-asm-apple.o -std=c++17 -fvisibility=hidden -fno-wrapv -fno-exceptions -pthread
      gcc -fno-strict-overflow -Wsign-compare -DNDEBUG -g -O3 -Wall -fPIC -D_WIN32_WINNT=1536 -DGRPC_XDS_USER_AGENT_NAME_SUFFIX=\"Python\" -DGRPC_XDS_USER_AGENT_VERSION_SUFFIX=\"1.79.0.dev0\" -DHAVE_CONFIG_H=1 -DGRPC_ENABLE_FORK_SUPPORT=1 -DGRPC_ENABLE_FORK_SUPPORT_DEFAULT=false -DGRPC_PYTHON_BUILD=1 -D__STDC_FORMAT_MACROS "-DPyMODINIT_FUNC=extern \"C\" __attribute__((visibility (\"default\"))) PyObject*" -DGRPC_POSIX_FORK_ALLOW_PTHREAD_ATFORK=1 -Isrc/python/grpcio -Iinclude -I. -Ithird_party/abseil-cpp -Ithird_party/address_sorting/include -Ithird_party/cares/cares/include -Ithird_party/cares -Ithird_party/cares/cares -Ithird_party/cares/cares/src/lib/include -Ithird_party/cares/cares/src/lib -Ithird_party/cares/config_linux -Ithird_party/re2 -Ithird_party/boringssl-with-bazel/src/include -Ithird_party/upb -Isrc/core/ext/upb-gen -Isrc/core/ext/upbdefs-gen -Ithird_party/utf8_range -Ithird_party/xxhash -Ithird_party/zlib -I/usr/local/google/home/ssreenithi/.pyenv/versions/3.12.0/envs/pyvenv_312/include -I/usr/local/google/home/ssreenithi/.pyenv/versions/3.12.0/include/python3.12 -c third_party/boringssl-with-bazel/src/gen/bcm/ghash-x86_64-apple.S -o pyb/temp.linux-x86_64-cpython-312/third_party/boringssl-with-bazel/src/gen/bcm/ghash-x86_64-apple.o -std=c++17 -fvisibility=hidden -fno-wrapv -fno-exceptions -pthread
      gcc -fno-strict-overflow -Wsign-compare -DNDEBUG -g -O3 -Wall -fPIC -D_WIN32_WINNT=1536 -DGRPC_XDS_USER_AGENT_NAME_SUFFIX=\"Python\" -DGRPC_XDS_USER_AGENT_VERSION_SUFFIX=\"1.79.0.dev0\" -DHAVE_CONFIG_H=1 -DGRPC_ENABLE_FORK_SUPPORT=1 -DGRPC_ENABLE_FORK_SUPPORT_DEFAULT=false -DGRPC_PYTHON_BUILD=1 -D__STDC_FORMAT_MACROS "-DPyMODINIT_FUNC=extern \"C\" __attribute__((visibility (\"default\"))) PyObject*" -DGRPC_POSIX_FORK_ALLOW_PTHREAD_ATFORK=1 -Isrc/python/grpcio -Iinclude -I. -Ithird_party/abseil-cpp -Ithird_party/address_sorting/include -Ithird_party/cares/cares/include -Ithird_party/cares -Ithird_party/cares/cares -Ithird_party/cares/cares/src/lib/include -Ithird_party/cares/cares/src/lib -Ithird_party/cares/config_linux -Ithird_party/re2 -Ithird_party/boringssl-with-bazel/src/include -Ithird_party/upb -Isrc/core/ext/upb-gen -Isrc/core/ext/upbdefs-gen -Ithird_party/utf8_range -Ithird_party/xxhash -Ithird_party/zlib -I/usr/local/google/home/ssreenithi/.pyenv/versions/3.12.0/envs/pyvenv_312/include -I/usr/local/google/home/ssreenithi/.pyenv/versions/3.12.0/include/python3.12 -c third_party/boringssl-with-bazel/src/gen/bcm/p256-armv8-asm-linux.S -o pyb/temp.linux-x86_64-cpython-312/third_party/boringssl-with-bazel/src/gen/bcm/p256-armv8-asm-linux.o -std=c++17 -fvisibility=hidden -fno-wrapv -fno-exceptions -pthread
      gcc -fno-strict-overflow -Wsign-compare -DNDEBUG -g -O3 -Wall -fPIC -D_WIN32_WINNT=1536 -DGRPC_XDS_USER_AGENT_NAME_SUFFIX=\"Python\" -DGRPC_XDS_USER_AGENT_VERSION_SUFFIX=\"1.79.0.dev0\" -DHAVE_CONFIG_H=1 -DGRPC_ENABLE_FORK_SUPPORT=1 -DGRPC_ENABLE_FORK_SUPPORT_DEFAULT=false -DGRPC_PYTHON_BUILD=1 -D__STDC_FORMAT_MACROS "-DPyMODINIT_FUNC=extern \"C\" __attribute__((visibility (\"default\"))) PyObject*" -DGRPC_POSIX_FORK_ALLOW_PTHREAD_ATFORK=1 -Isrc/python/grpcio -Iinclude -I. -Ithird_party/abseil-cpp -Ithird_party/address_sorting/include -Ithird_party/cares/cares/include -Ithird_party/cares -Ithird_party/cares/cares -Ithird_party/cares/cares/src/lib/include -Ithird_party/cares/cares/src/lib -Ithird_party/cares/config_linux -Ithird_party/re2 -Ithird_party/boringssl-with-bazel/src/include -Ithird_party/upb -Isrc/core/ext/upb-gen -Isrc/core/ext/upbdefs-gen -Ithird_party/utf8_range -Ithird_party/xxhash -Ithird_party/zlib -I/usr/local/google/home/ssreenithi/.pyenv/versions/3.12.0/envs/pyvenv_312/include -I/usr/local/google/home/ssreenithi/.pyenv/versions/3.12.0/include/python3.12 -c third_party/boringssl-with-bazel/src/gen/bcm/sha1-armv4-large-linux.S -o pyb/temp.linux-x86_64-cpython-312/third_party/boringssl-with-bazel/src/gen/bcm/sha1-armv4-large-linux.o -std=c++17 -fvisibility=hidden -fno-wrapv -fno-exceptions -pthread
      gcc -fno-strict-overflow -Wsign-compare -DNDEBUG -g -O3 -Wall -fPIC -D_WIN32_WINNT=1536 -DGRPC_XDS_USER_AGENT_NAME_SUFFIX=\"Python\" -DGRPC_XDS_USER_AGENT_VERSION_SUFFIX=\"1.79.0.dev0\" -DHAVE_CONFIG_H=1 -DGRPC_ENABLE_FORK_SUPPORT=1 -DGRPC_ENABLE_FORK_SUPPORT_DEFAULT=false -DGRPC_PYTHON_BUILD=1 -D__STDC_FORMAT_MACROS "-DPyMODINIT_FUNC=extern \"C\" __attribute__((visibility (\"default\"))) PyObject*" -DGRPC_POSIX_FORK_ALLOW_PTHREAD_ATFORK=1 -Isrc/python/grpcio -Iinclude -I. -Ithird_party/abseil-cpp -Ithird_party/address_sorting/include -Ithird_party/cares/cares/include -Ithird_party/cares -Ithird_party/cares/cares -Ithird_party/cares/cares/src/lib/include -Ithird_party/cares/cares/src/lib -Ithird_party/cares/config_linux -Ithird_party/re2 -Ithird_party/boringssl-with-bazel/src/include -Ithird_party/upb -Isrc/core/ext/upb-gen -Isrc/core/ext/upbdefs-gen -Ithird_party/utf8_range -Ithird_party/xxhash -Ithird_party/zlib -I/usr/local/google/home/ssreenithi/.pyenv/versions/3.12.0/envs/pyvenv_312/include -I/usr/local/google/home/ssreenithi/.pyenv/versions/3.12.0/include/python3.12 -c third_party/boringssl-with-bazel/src/gen/bcm/rdrand-x86_64-linux.S -o pyb/temp.linux-x86_64-cpython-312/third_party/boringssl-with-bazel/src/gen/bcm/rdrand-x86_64-linux.o -std=c++17 -fvisibility=hidden -fno-wrapv -fno-exceptions -pthread
      gcc -fno-strict-overflow -Wsign-compare -DNDEBUG -g -O3 -Wall -fPIC -D_WIN32_WINNT=1536 -DGRPC_XDS_USER_AGENT_NAME_SUFFIX=\"Python\" -DGRPC_XDS_USER_AGENT_VERSION_SUFFIX=\"1.79.0.dev0\" -DHAVE_CONFIG_H=1 -DGRPC_ENABLE_FORK_SUPPORT=1 -DGRPC_ENABLE_FORK_SUPPORT_DEFAULT=false -DGRPC_PYTHON_BUILD=1 -D__STDC_FORMAT_MACROS "-DPyMODINIT_FUNC=extern \"C\" __attribute__((visibility (\"default\"))) PyObject*" -DGRPC_POSIX_FORK_ALLOW_PTHREAD_ATFORK=1 -Isrc/python/grpcio -Iinclude -I. -Ithird_party/abseil-cpp -Ithird_party/address_sorting/include -Ithird_party/cares/cares/include -Ithird_party/cares -Ithird_party/cares/cares -Ithird_party/cares/cares/src/lib/include -Ithird_party/cares/cares/src/lib -Ithird_party/cares/config_linux -Ithird_party/re2 -Ithird_party/boringssl-with-bazel/src/include -Ithird_party/upb -Isrc/core/ext/upb-gen -Isrc/core/ext/upbdefs-gen -Ithird_party/utf8_range -Ithird_party/xxhash -Ithird_party/zlib -I/usr/local/google/home/ssreenithi/.pyenv/versions/3.12.0/envs/pyvenv_312/include -I/usr/local/google/home/ssreenithi/.pyenv/versions/3.12.0/include/python3.12 -c third_party/boringssl-with-bazel/src/gen/bcm/p256-x86_64-asm-linux.S -o pyb/temp.linux-x86_64-cpython-312/third_party/boringssl-with-bazel/src/gen/bcm/p256-x86_64-asm-linux.o -std=c++17 -fvisibility=hidden -fno-wrapv -fno-exceptions -pthread
      gcc -fno-strict-overflow -Wsign-compare -DNDEBUG -g -O3 -Wall -fPIC -D_WIN32_WINNT=1536 -DGRPC_XDS_USER_AGENT_NAME_SUFFIX=\"Python\" -DGRPC_XDS_USER_AGENT_VERSION_SUFFIX=\"1.79.0.dev0\" -DHAVE_CONFIG_H=1 -DGRPC_ENABLE_FORK_SUPPORT=1 -DGRPC_ENABLE_FORK_SUPPORT_DEFAULT=false -DGRPC_PYTHON_BUILD=1 -D__STDC_FORMAT_MACROS "-DPyMODINIT_FUNC=extern \"C\" __attribute__((visibility (\"default\"))) PyObject*" -DGRPC_POSIX_FORK_ALLOW_PTHREAD_ATFORK=1 -Isrc/python/grpcio -Iinclude -I. -Ithird_party/abseil-cpp -Ithird_party/address_sorting/include -Ithird_party/cares/cares/include -Ithird_party/cares -Ithird_party/cares/cares -Ithird_party/cares/cares/src/lib/include -Ithird_party/cares/cares/src/lib -Ithird_party/cares/config_linux -Ithird_party/re2 -Ithird_party/boringssl-with-bazel/src/include -Ithird_party/upb -Isrc/core/ext/upb-gen -Isrc/core/ext/upbdefs-gen -Ithird_party/utf8_range -Ithird_party/xxhash -Ithird_party/zlib -I/usr/local/google/home/ssreenithi/.pyenv/versions/3.12.0/envs/pyvenv_312/include -I/usr/local/google/home/ssreenithi/.pyenv/versions/3.12.0/include/python3.12 -c third_party/boringssl-with-bazel/src/gen/bcm/sha256-586-linux.S -o pyb/temp.linux-x86_64-cpython-312/third_party/boringssl-with-bazel/src/gen/bcm/sha256-586-linux.o -std=c++17 -fvisibility=hidden -fno-wrapv -fno-exceptions -pthread
      gcc -fno-strict-overflow -Wsign-compare -DNDEBUG -g -O3 -Wall -fPIC -D_WIN32_WINNT=1536 -DGRPC_XDS_USER_AGENT_NAME_SUFFIX=\"Python\" -DGRPC_XDS_USER_AGENT_VERSION_SUFFIX=\"1.79.0.dev0\" -DHAVE_CONFIG_H=1 -DGRPC_ENABLE_FORK_SUPPORT=1 -DGRPC_ENABLE_FORK_SUPPORT_DEFAULT=false -DGRPC_PYTHON_BUILD=1 -D__STDC_FORMAT_MACROS "-DPyMODINIT_FUNC=extern \"C\" __attribute__((visibility (\"default\"))) PyObject*" -DGRPC_POSIX_FORK_ALLOW_PTHREAD_ATFORK=1 -Isrc/python/grpcio -Iinclude -I. -Ithird_party/abseil-cpp -Ithird_party/address_sorting/include -Ithird_party/cares/cares/include -Ithird_party/cares -Ithird_party/cares/cares -Ithird_party/cares/cares/src/lib/include -Ithird_party/cares/cares/src/lib -Ithird_party/cares/config_linux -Ithird_party/re2 -Ithird_party/boringssl-with-bazel/src/include -Ithird_party/upb -Isrc/core/ext/upb-gen -Isrc/core/ext/upbdefs-gen -Ithird_party/utf8_range -Ithird_party/xxhash -Ithird_party/zlib -I/usr/local/google/home/ssreenithi/.pyenv/versions/3.12.0/envs/pyvenv_312/include -I/usr/local/google/home/ssreenithi/.pyenv/versions/3.12.0/include/python3.12 -c third_party/boringssl-with-bazel/src/gen/bcm/sha1-armv8-apple.S -o pyb/temp.linux-x86_64-cpython-312/third_party/boringssl-with-bazel/src/gen/bcm/sha1-armv8-apple.o -std=c++17 -fvisibility=hidden -fno-wrapv -fno-exceptions -pthread
      gcc -fno-strict-overflow -Wsign-compare -DNDEBUG -g -O3 -Wall -fPIC -D_WIN32_WINNT=1536 -DGRPC_XDS_USER_AGENT_NAME_SUFFIX=\"Python\" -DGRPC_XDS_USER_AGENT_VERSION_SUFFIX=\"1.79.0.dev0\" -DHAVE_CONFIG_H=1 -DGRPC_ENABLE_FORK_SUPPORT=1 -DGRPC_ENABLE_FORK_SUPPORT_DEFAULT=false -DGRPC_PYTHON_BUILD=1 -D__STDC_FORMAT_MACROS "-DPyMODINIT_FUNC=extern \"C\" __attribute__((visibility (\"default\"))) PyObject*" -DGRPC_POSIX_FORK_ALLOW_PTHREAD_ATFORK=1 -Isrc/python/grpcio -Iinclude -I. -Ithird_party/abseil-cpp -Ithird_party/address_sorting/include -Ithird_party/cares/cares/include -Ithird_party/cares -Ithird_party/cares/cares -Ithird_party/cares/cares/src/lib/include -Ithird_party/cares/cares/src/lib -Ithird_party/cares/config_linux -Ithird_party/re2 -Ithird_party/boringssl-with-bazel/src/include -Ithird_party/upb -Isrc/core/ext/upb-gen -Isrc/core/ext/upbdefs-gen -Ithird_party/utf8_range -Ithird_party/xxhash -Ithird_party/zlib -I/usr/local/google/home/ssreenithi/.pyenv/versions/3.12.0/envs/pyvenv_312/include -I/usr/local/google/home/ssreenithi/.pyenv/versions/3.12.0/include/python3.12 -c third_party/boringssl-with-bazel/src/gen/bcm/sha512-586-apple.S -o pyb/temp.linux-x86_64-cpython-312/third_party/boringssl-with-bazel/src/gen/bcm/sha512-586-apple.o -std=c++17 -fvisibility=hidden -fno-wrapv -fno-exceptions -pthread
      gcc -fno-strict-overflow -Wsign-compare -DNDEBUG -g -O3 -Wall -fPIC -D_WIN32_WINNT=1536 -DGRPC_XDS_USER_AGENT_NAME_SUFFIX=\"Python\" -DGRPC_XDS_USER_AGENT_VERSION_SUFFIX=\"1.79.0.dev0\" -DHAVE_CONFIG_H=1 -DGRPC_ENABLE_FORK_SUPPORT=1 -DGRPC_ENABLE_FORK_SUPPORT_DEFAULT=false -DGRPC_PYTHON_BUILD=1 -D__STDC_FORMAT_MACROS "-DPyMODINIT_FUNC=extern \"C\" __attribute__((visibility (\"default\"))) PyObject*" -DGRPC_POSIX_FORK_ALLOW_PTHREAD_ATFORK=1 -Isrc/python/grpcio -Iinclude -I. -Ithird_party/abseil-cpp -Ithird_party/address_sorting/include -Ithird_party/cares/cares/include -Ithird_party/cares -Ithird_party/cares/cares -Ithird_party/cares/cares/src/lib/include -Ithird_party/cares/cares/src/lib -Ithird_party/cares/config_linux -Ithird_party/re2 -Ithird_party/boringssl-with-bazel/src/include -Ithird_party/upb -Isrc/core/ext/upb-gen -Isrc/core/ext/upbdefs-gen -Ithird_party/utf8_range -Ithird_party/xxhash -Ithird_party/zlib -I/usr/local/google/home/ssreenithi/.pyenv/versions/3.12.0/envs/pyvenv_312/include -I/usr/local/google/home/ssreenithi/.pyenv/versions/3.12.0/include/python3.12 -c third_party/boringssl-with-bazel/src/gen/bcm/rsaz-avx2-apple.S -o pyb/temp.linux-x86_64-cpython-312/third_party/boringssl-with-bazel/src/gen/bcm/rsaz-avx2-apple.o -std=c++17 -fvisibility=hidden -fno-wrapv -fno-exceptions -pthread
      gcc -fno-strict-overflow -Wsign-compare -DNDEBUG -g -O3 -Wall -fPIC -D_WIN32_WINNT=1536 -DGRPC_XDS_USER_AGENT_NAME_SUFFIX=\"Python\" -DGRPC_XDS_USER_AGENT_VERSION_SUFFIX=\"1.79.0.dev0\" -DHAVE_CONFIG_H=1 -DGRPC_ENABLE_FORK_SUPPORT=1 -DGRPC_ENABLE_FORK_SUPPORT_DEFAULT=false -DGRPC_PYTHON_BUILD=1 -D__STDC_FORMAT_MACROS "-DPyMODINIT_FUNC=extern \"C\" __attribute__((visibility (\"default\"))) PyObject*" -DGRPC_POSIX_FORK_ALLOW_PTHREAD_ATFORK=1 -Isrc/python/grpcio -Iinclude -I. -Ithird_party/abseil-cpp -Ithird_party/address_sorting/include -Ithird_party/cares/cares/include -Ithird_party/cares -Ithird_party/cares/cares -Ithird_party/cares/cares/src/lib/include -Ithird_party/cares/cares/src/lib -Ithird_party/cares/config_linux -Ithird_party/re2 -Ithird_party/boringssl-with-bazel/src/include -Ithird_party/upb -Isrc/core/ext/upb-gen -Isrc/core/ext/upbdefs-gen -Ithird_party/utf8_range -Ithird_party/xxhash -Ithird_party/zlib -I/usr/local/google/home/ssreenithi/.pyenv/versions/3.12.0/envs/pyvenv_312/include -I/usr/local/google/home/ssreenithi/.pyenv/versions/3.12.0/include/python3.12 -c third_party/boringssl-with-bazel/src/gen/bcm/p256_beeu-armv8-asm-apple.S -o pyb/temp.linux-x86_64-cpython-312/third_party/boringssl-with-bazel/src/gen/bcm/p256_beeu-armv8-asm-apple.o -std=c++17 -fvisibility=hidden -fno-wrapv -fno-exceptions -pthread
      gcc -fno-strict-overflow -Wsign-compare -DNDEBUG -g -O3 -Wall -fPIC -D_WIN32_WINNT=1536 -DGRPC_XDS_USER_AGENT_NAME_SUFFIX=\"Python\" -DGRPC_XDS_USER_AGENT_VERSION_SUFFIX=\"1.79.0.dev0\" -DHAVE_CONFIG_H=1 -DGRPC_ENABLE_FORK_SUPPORT=1 -DGRPC_ENABLE_FORK_SUPPORT_DEFAULT=false -DGRPC_PYTHON_BUILD=1 -D__STDC_FORMAT_MACROS "-DPyMODINIT_FUNC=extern \"C\" __attribute__((visibility (\"default\"))) PyObject*" -DGRPC_POSIX_FORK_ALLOW_PTHREAD_ATFORK=1 -Isrc/python/grpcio -Iinclude -I. -Ithird_party/abseil-cpp -Ithird_party/address_sorting/include -Ithird_party/cares/cares/include -Ithird_party/cares -Ithird_party/cares/cares -Ithird_party/cares/cares/src/lib/include -Ithird_party/cares/cares/src/lib -Ithird_party/cares/config_linux -Ithird_party/re2 -Ithird_party/boringssl-with-bazel/src/include -Ithird_party/upb -Isrc/core/ext/upb-gen -Isrc/core/ext/upbdefs-gen -Ithird_party/utf8_range -Ithird_party/xxhash -Ithird_party/zlib -I/usr/local/google/home/ssreenithi/.pyenv/versions/3.12.0/envs/pyvenv_312/include -I/usr/local/google/home/ssreenithi/.pyenv/versions/3.12.0/include/python3.12 -c third_party/boringssl-with-bazel/src/gen/bcm/sha512-586-linux.S -o pyb/temp.linux-x86_64-cpython-312/third_party/boringssl-with-bazel/src/gen/bcm/sha512-586-linux.o -std=c++17 -fvisibility=hidden -fno-wrapv -fno-exceptions -pthread
      gcc -fno-strict-overflow -Wsign-compare -DNDEBUG -g -O3 -Wall -fPIC -D_WIN32_WINNT=1536 -DGRPC_XDS_USER_AGENT_NAME_SUFFIX=\"Python\" -DGRPC_XDS_USER_AGENT_VERSION_SUFFIX=\"1.79.0.dev0\" -DHAVE_CONFIG_H=1 -DGRPC_ENABLE_FORK_SUPPORT=1 -DGRPC_ENABLE_FORK_SUPPORT_DEFAULT=false -DGRPC_PYTHON_BUILD=1 -D__STDC_FORMAT_MACROS "-DPyMODINIT_FUNC=extern \"C\" __attribute__((visibility (\"default\"))) PyObject*" -DGRPC_POSIX_FORK_ALLOW_PTHREAD_ATFORK=1 -Isrc/python/grpcio -Iinclude -I. -Ithird_party/abseil-cpp -Ithird_party/address_sorting/include -Ithird_party/cares/cares/include -Ithird_party/cares -Ithird_party/cares/cares -Ithird_party/cares/cares/src/lib/include -Ithird_party/cares/cares/src/lib -Ithird_party/cares/config_linux -Ithird_party/re2 -Ithird_party/boringssl-with-bazel/src/include -Ithird_party/upb -Isrc/core/ext/upb-gen -Isrc/core/ext/upbdefs-gen -Ithird_party/utf8_range -Ithird_party/xxhash -Ithird_party/zlib -I/usr/local/google/home/ssreenithi/.pyenv/versions/3.12.0/envs/pyvenv_312/include -I/usr/local/google/home/ssreenithi/.pyenv/versions/3.12.0/include/python3.12 -c third_party/boringssl-with-bazel/src/gen/bcm/sha256-armv4-linux.S -o pyb/temp.linux-x86_64-cpython-312/third_party/boringssl-with-bazel/src/gen/bcm/sha256-armv4-linux.o -std=c++17 -fvisibility=hidden -fno-wrapv -fno-exceptions -pthread
      g++ -fno-strict-overflow -Wsign-compare -DNDEBUG -g -O3 -Wall -fPIC -D_WIN32_WINNT=1536 -DGRPC_XDS_USER_AGENT_NAME_SUFFIX=\"Python\" -DGRPC_XDS_USER_AGENT_VERSION_SUFFIX=\"1.79.0.dev0\" -DHAVE_CONFIG_H=1 -DGRPC_ENABLE_FORK_SUPPORT=1 -DGRPC_ENABLE_FORK_SUPPORT_DEFAULT=false -DGRPC_PYTHON_BUILD=1 -D__STDC_FORMAT_MACROS "-DPyMODINIT_FUNC=extern \"C\" __attribute__((visibility (\"default\"))) PyObject*" -DGRPC_POSIX_FORK_ALLOW_PTHREAD_ATFORK=1 -Isrc/python/grpcio -Iinclude -I. -Ithird_party/abseil-cpp -Ithird_party/address_sorting/include -Ithird_party/cares/cares/include -Ithird_party/cares -Ithird_party/cares/cares -Ithird_party/cares/cares/src/lib/include -Ithird_party/cares/cares/src/lib -Ithird_party/cares/config_linux -Ithird_party/re2 -Ithird_party/boringssl-with-bazel/src/include -Ithird_party/upb -Isrc/core/ext/upb-gen -Isrc/core/ext/upbdefs-gen -Ithird_party/utf8_range -Ithird_party/xxhash -Ithird_party/zlib -I/usr/local/google/home/ssreenithi/.pyenv/versions/3.12.0/envs/pyvenv_312/include -I/usr/local/google/home/ssreenithi/.pyenv/versions/3.12.0/include/python3.12 -c src/core/util/json/json_writer.cc -o pyb/temp.linux-x86_64-cpython-312/src/core/util/json/json_writer.o -std=c++17 -fvisibility=hidden -fno-wrapv -fno-exceptions -pthread
      gcc -fno-strict-overflow -Wsign-compare -DNDEBUG -g -O3 -Wall -fPIC -D_WIN32_WINNT=1536 -DGRPC_XDS_USER_AGENT_NAME_SUFFIX=\"Python\" -DGRPC_XDS_USER_AGENT_VERSION_SUFFIX=\"1.79.0.dev0\" -DHAVE_CONFIG_H=1 -DGRPC_ENABLE_FORK_SUPPORT=1 -DGRPC_ENABLE_FORK_SUPPORT_DEFAULT=false -DGRPC_PYTHON_BUILD=1 -D__STDC_FORMAT_MACROS "-DPyMODINIT_FUNC=extern \"C\" __attribute__((visibility (\"default\"))) PyObject*" -DGRPC_POSIX_FORK_ALLOW_PTHREAD_ATFORK=1 -Isrc/python/grpcio -Iinclude -I. -Ithird_party/abseil-cpp -Ithird_party/address_sorting/include -Ithird_party/cares/cares/include -Ithird_party/cares -Ithird_party/cares/cares -Ithird_party/cares/cares/src/lib/include -Ithird_party/cares/cares/src/lib -Ithird_party/cares/config_linux -Ithird_party/re2 -Ithird_party/boringssl-with-bazel/src/include -Ithird_party/upb -Isrc/core/ext/upb-gen -Isrc/core/ext/upbdefs-gen -Ithird_party/utf8_range -Ithird_party/xxhash -Ithird_party/zlib -I/usr/local/google/home/ssreenithi/.pyenv/versions/3.12.0/envs/pyvenv_312/include -I/usr/local/google/home/ssreenithi/.pyenv/versions/3.12.0/include/python3.12 -c third_party/boringssl-with-bazel/src/gen/bcm/sha1-armv8-linux.S -o pyb/temp.linux-x86_64-cpython-312/third_party/boringssl-with-bazel/src/gen/bcm/sha1-armv8-linux.o -std=c++17 -fvisibility=hidden -fno-wrapv -fno-exceptions -pthread
      gcc -fno-strict-overflow -Wsign-compare -DNDEBUG -g -O3 -Wall -fPIC -D_WIN32_WINNT=1536 -DGRPC_XDS_USER_AGENT_NAME_SUFFIX=\"Python\" -DGRPC_XDS_USER_AGENT_VERSION_SUFFIX=\"1.79.0.dev0\" -DHAVE_CONFIG_H=1 -DGRPC_ENABLE_FORK_SUPPORT=1 -DGRPC_ENABLE_FORK_SUPPORT_DEFAULT=false -DGRPC_PYTHON_BUILD=1 -D__STDC_FORMAT_MACROS "-DPyMODINIT_FUNC=extern \"C\" __attribute__((visibility (\"default\"))) PyObject*" -DGRPC_POSIX_FORK_ALLOW_PTHREAD_ATFORK=1 -Isrc/python/grpcio -Iinclude -I. -Ithird_party/abseil-cpp -Ithird_party/address_sorting/include -Ithird_party/cares/cares/include -Ithird_party/cares -Ithird_party/cares/cares -Ithird_party/cares/cares/src/lib/include -Ithird_party/cares/cares/src/lib -Ithird_party/cares/config_linux -Ithird_party/re2 -Ithird_party/boringssl-with-bazel/src/include -Ithird_party/upb -Isrc/core/ext/upb-gen -Isrc/core/ext/upbdefs-gen -Ithird_party/utf8_range -Ithird_party/xxhash -Ithird_party/zlib -I/usr/local/google/home/ssreenithi/.pyenv/versions/3.12.0/envs/pyvenv_312/include -I/usr/local/google/home/ssreenithi/.pyenv/versions/3.12.0/include/python3.12 -c third_party/boringssl-with-bazel/src/gen/bcm/sha512-x86_64-linux.S -o pyb/temp.linux-x86_64-cpython-312/third_party/boringssl-with-bazel/src/gen/bcm/sha512-x86_64-linux.o -std=c++17 -fvisibility=hidden -fno-wrapv -fno-exceptions -pthread
      gcc -fno-strict-overflow -Wsign-compare -DNDEBUG -g -O3 -Wall -fPIC -D_WIN32_WINNT=1536 -DGRPC_XDS_USER_AGENT_NAME_SUFFIX=\"Python\" -DGRPC_XDS_USER_AGENT_VERSION_SUFFIX=\"1.79.0.dev0\" -DHAVE_CONFIG_H=1 -DGRPC_ENABLE_FORK_SUPPORT=1 -DGRPC_ENABLE_FORK_SUPPORT_DEFAULT=false -DGRPC_PYTHON_BUILD=1 -D__STDC_FORMAT_MACROS "-DPyMODINIT_FUNC=extern \"C\" __attribute__((visibility (\"default\"))) PyObject*" -DGRPC_POSIX_FORK_ALLOW_PTHREAD_ATFORK=1 -Isrc/python/grpcio -Iinclude -I. -Ithird_party/abseil-cpp -Ithird_party/address_sorting/include -Ithird_party/cares/cares/include -Ithird_party/cares -Ithird_party/cares/cares -Ithird_party/cares/cares/src/lib/include -Ithird_party/cares/cares/src/lib -Ithird_party/cares/config_linux -Ithird_party/re2 -Ithird_party/boringssl-with-bazel/src/include -Ithird_party/upb -Isrc/core/ext/upb-gen -Isrc/core/ext/upbdefs-gen -Ithird_party/utf8_range -Ithird_party/xxhash -Ithird_party/zlib -I/usr/local/google/home/ssreenithi/.pyenv/versions/3.12.0/envs/pyvenv_312/include -I/usr/local/google/home/ssreenithi/.pyenv/versions/3.12.0/include/python3.12 -c third_party/boringssl-with-bazel/src/gen/bcm/p256_beeu-armv8-asm-linux.S -o pyb/temp.linux-x86_64-cpython-312/third_party/boringssl-with-bazel/src/gen/bcm/p256_beeu-armv8-asm-linux.o -std=c++17 -fvisibility=hidden -fno-wrapv -fno-exceptions -pthread
      gcc -fno-strict-overflow -Wsign-compare -DNDEBUG -g -O3 -Wall -fPIC -D_WIN32_WINNT=1536 -DGRPC_XDS_USER_AGENT_NAME_SUFFIX=\"Python\" -DGRPC_XDS_USER_AGENT_VERSION_SUFFIX=\"1.79.0.dev0\" -DHAVE_CONFIG_H=1 -DGRPC_ENABLE_FORK_SUPPORT=1 -DGRPC_ENABLE_FORK_SUPPORT_DEFAULT=false -DGRPC_PYTHON_BUILD=1 -D__STDC_FORMAT_MACROS "-DPyMODINIT_FUNC=extern \"C\" __attribute__((visibility (\"default\"))) PyObject*" -DGRPC_POSIX_FORK_ALLOW_PTHREAD_ATFORK=1 -Isrc/python/grpcio -Iinclude -I. -Ithird_party/abseil-cpp -Ithird_party/address_sorting/include -Ithird_party/cares/cares/include -Ithird_party/cares -Ithird_party/cares/cares -Ithird_party/cares/cares/src/lib/include -Ithird_party/cares/cares/src/lib -Ithird_party/cares/config_linux -Ithird_party/re2 -Ithird_party/boringssl-with-bazel/src/include -Ithird_party/upb -Isrc/core/ext/upb-gen -Isrc/core/ext/upbdefs-gen -Ithird_party/utf8_range -Ithird_party/xxhash -Ithird_party/zlib -I/usr/local/google/home/ssreenithi/.pyenv/versions/3.12.0/envs/pyvenv_312/include -I/usr/local/google/home/ssreenithi/.pyenv/versions/3.12.0/include/python3.12 -c third_party/boringssl-with-bazel/src/gen/bcm/rsaz-avx2-linux.S -o pyb/temp.linux-x86_64-cpython-312/third_party/boringssl-with-bazel/src/gen/bcm/rsaz-avx2-linux.o -std=c++17 -fvisibility=hidden -fno-wrapv -fno-exceptions -pthread
      gcc -fno-strict-overflow -Wsign-compare -DNDEBUG -g -O3 -Wall -fPIC -D_WIN32_WINNT=1536 -DGRPC_XDS_USER_AGENT_NAME_SUFFIX=\"Python\" -DGRPC_XDS_USER_AGENT_VERSION_SUFFIX=\"1.79.0.dev0\" -DHAVE_CONFIG_H=1 -DGRPC_ENABLE_FORK_SUPPORT=1 -DGRPC_ENABLE_FORK_SUPPORT_DEFAULT=false -DGRPC_PYTHON_BUILD=1 -D__STDC_FORMAT_MACROS "-DPyMODINIT_FUNC=extern \"C\" __attribute__((visibility (\"default\"))) PyObject*" -DGRPC_POSIX_FORK_ALLOW_PTHREAD_ATFORK=1 -Isrc/python/grpcio -Iinclude -I. -Ithird_party/abseil-cpp -Ithird_party/address_sorting/include -Ithird_party/cares/cares/include -Ithird_party/cares -Ithird_party/cares/cares -Ithird_party/cares/cares/src/lib/include -Ithird_party/cares/cares/src/lib -Ithird_party/cares/config_linux -Ithird_party/re2 -Ithird_party/boringssl-with-bazel/src/include -Ithird_party/upb -Isrc/core/ext/upb-gen -Isrc/core/ext/upbdefs-gen -Ithird_party/utf8_range -Ithird_party/xxhash -Ithird_party/zlib -I/usr/local/google/home/ssreenithi/.pyenv/versions/3.12.0/envs/pyvenv_312/include -I/usr/local/google/home/ssreenithi/.pyenv/versions/3.12.0/include/python3.12 -c third_party/boringssl-with-bazel/src/gen/bcm/sha256-armv8-apple.S -o pyb/temp.linux-x86_64-cpython-312/third_party/boringssl-with-bazel/src/gen/bcm/sha256-armv8-apple.o -std=c++17 -fvisibility=hidden -fno-wrapv -fno-exceptions -pthread
      gcc -fno-strict-overflow -Wsign-compare -DNDEBUG -g -O3 -Wall -fPIC -D_WIN32_WINNT=1536 -DGRPC_XDS_USER_AGENT_NAME_SUFFIX=\"Python\" -DGRPC_XDS_USER_AGENT_VERSION_SUFFIX=\"1.79.0.dev0\" -DHAVE_CONFIG_H=1 -DGRPC_ENABLE_FORK_SUPPORT=1 -DGRPC_ENABLE_FORK_SUPPORT_DEFAULT=false -DGRPC_PYTHON_BUILD=1 -D__STDC_FORMAT_MACROS "-DPyMODINIT_FUNC=extern \"C\" __attribute__((visibility (\"default\"))) PyObject*" -DGRPC_POSIX_FORK_ALLOW_PTHREAD_ATFORK=1 -Isrc/python/grpcio -Iinclude -I. -Ithird_party/abseil-cpp -Ithird_party/address_sorting/include -Ithird_party/cares/cares/include -Ithird_party/cares -Ithird_party/cares/cares -Ithird_party/cares/cares/src/lib/include -Ithird_party/cares/cares/src/lib -Ithird_party/cares/config_linux -Ithird_party/re2 -Ithird_party/boringssl-with-bazel/src/include -Ithird_party/upb -Isrc/core/ext/upb-gen -Isrc/core/ext/upbdefs-gen -Ithird_party/utf8_range -Ithird_party/xxhash -Ithird_party/zlib -I/usr/local/google/home/ssreenithi/.pyenv/versions/3.12.0/envs/pyvenv_312/include -I/usr/local/google/home/ssreenithi/.pyenv/versions/3.12.0/include/python3.12 -c third_party/boringssl-with-bazel/src/gen/bcm/sha512-armv4-linux.S -o pyb/temp.linux-x86_64-cpython-312/third_party/boringssl-with-bazel/src/gen/bcm/sha512-armv4-linux.o -std=c++17 -fvisibility=hidden -fno-wrapv -fno-exceptions -pthread
      gcc -fno-strict-overflow -Wsign-compare -DNDEBUG -g -O3 -Wall -fPIC -D_WIN32_WINNT=1536 -DGRPC_XDS_USER_AGENT_NAME_SUFFIX=\"Python\" -DGRPC_XDS_USER_AGENT_VERSION_SUFFIX=\"1.79.0.dev0\" -DHAVE_CONFIG_H=1 -DGRPC_ENABLE_FORK_SUPPORT=1 -DGRPC_ENABLE_FORK_SUPPORT_DEFAULT=false -DGRPC_PYTHON_BUILD=1 -D__STDC_FORMAT_MACROS "-DPyMODINIT_FUNC=extern \"C\" __attribute__((visibility (\"default\"))) PyObject*" -DGRPC_POSIX_FORK_ALLOW_PTHREAD_ATFORK=1 -Isrc/python/grpcio -Iinclude -I. -Ithird_party/abseil-cpp -Ithird_party/address_sorting/include -Ithird_party/cares/cares/include -Ithird_party/cares -Ithird_party/cares/cares -Ithird_party/cares/cares/src/lib/include -Ithird_party/cares/cares/src/lib -Ithird_party/cares/config_linux -Ithird_party/re2 -Ithird_party/boringssl-with-bazel/src/include -Ithird_party/upb -Isrc/core/ext/upb-gen -Isrc/core/ext/upbdefs-gen -Ithird_party/utf8_range -Ithird_party/xxhash -Ithird_party/zlib -I/usr/local/google/home/ssreenithi/.pyenv/versions/3.12.0/envs/pyvenv_312/include -I/usr/local/google/home/ssreenithi/.pyenv/versions/3.12.0/include/python3.12 -c third_party/boringssl-with-bazel/src/gen/bcm/sha1-armv8-win.S -o pyb/temp.linux-x86_64-cpython-312/third_party/boringssl-with-bazel/src/gen/bcm/sha1-armv8-win.o -std=c++17 -fvisibility=hidden -fno-wrapv -fno-exceptions -pthread
      /tmp/ccNnXvRg.s: Assembler messages:
      /tmp/ccNnXvRg.s: Warning: no SFrame FDE emitted; non-SP/FP register 0 in .cfi_def_cfa_register
      /tmp/ccNnXvRg.s: Warning: no SFrame FDE emitted; non-SP/FP register 0 in .cfi_def_cfa_register
      gcc -fno-strict-overflow -Wsign-compare -DNDEBUG -g -O3 -Wall -fPIC -D_WIN32_WINNT=1536 -DGRPC_XDS_USER_AGENT_NAME_SUFFIX=\"Python\" -DGRPC_XDS_USER_AGENT_VERSION_SUFFIX=\"1.79.0.dev0\" -DHAVE_CONFIG_H=1 -DGRPC_ENABLE_FORK_SUPPORT=1 -DGRPC_ENABLE_FORK_SUPPORT_DEFAULT=false -DGRPC_PYTHON_BUILD=1 -D__STDC_FORMAT_MACROS "-DPyMODINIT_FUNC=extern \"C\" __attribute__((visibility (\"default\"))) PyObject*" -DGRPC_POSIX_FORK_ALLOW_PTHREAD_ATFORK=1 -Isrc/python/grpcio -Iinclude -I. -Ithird_party/abseil-cpp -Ithird_party/address_sorting/include -Ithird_party/cares/cares/include -Ithird_party/cares -Ithird_party/cares/cares -Ithird_party/cares/cares/src/lib/include -Ithird_party/cares/cares/src/lib -Ithird_party/cares/config_linux -Ithird_party/re2 -Ithird_party/boringssl-with-bazel/src/include -Ithird_party/upb -Isrc/core/ext/upb-gen -Isrc/core/ext/upbdefs-gen -Ithird_party/utf8_range -Ithird_party/xxhash -Ithird_party/zlib -I/usr/local/google/home/ssreenithi/.pyenv/versions/3.12.0/envs/pyvenv_312/include -I/usr/local/google/home/ssreenithi/.pyenv/versions/3.12.0/include/python3.12 -c third_party/boringssl-with-bazel/src/gen/bcm/p256_beeu-armv8-asm-win.S -o pyb/temp.linux-x86_64-cpython-312/third_party/boringssl-with-bazel/src/gen/bcm/p256_beeu-armv8-asm-win.o -std=c++17 -fvisibility=hidden -fno-wrapv -fno-exceptions -pthread
      gcc -fno-strict-overflow -Wsign-compare -DNDEBUG -g -O3 -Wall -fPIC -D_WIN32_WINNT=1536 -DGRPC_XDS_USER_AGENT_NAME_SUFFIX=\"Python\" -DGRPC_XDS_USER_AGENT_VERSION_SUFFIX=\"1.79.0.dev0\" -DHAVE_CONFIG_H=1 -DGRPC_ENABLE_FORK_SUPPORT=1 -DGRPC_ENABLE_FORK_SUPPORT_DEFAULT=false -DGRPC_PYTHON_BUILD=1 -D__STDC_FORMAT_MACROS "-DPyMODINIT_FUNC=extern \"C\" __attribute__((visibility (\"default\"))) PyObject*" -DGRPC_POSIX_FORK_ALLOW_PTHREAD_ATFORK=1 -Isrc/python/grpcio -Iinclude -I. -Ithird_party/abseil-cpp -Ithird_party/address_sorting/include -Ithird_party/cares/cares/include -Ithird_party/cares -Ithird_party/cares/cares -Ithird_party/cares/cares/src/lib/include -Ithird_party/cares/cares/src/lib -Ithird_party/cares/config_linux -Ithird_party/re2 -Ithird_party/boringssl-with-bazel/src/include -Ithird_party/upb -Isrc/core/ext/upb-gen -Isrc/core/ext/upbdefs-gen -Ithird_party/utf8_range -Ithird_party/xxhash -Ithird_party/zlib -I/usr/local/google/home/ssreenithi/.pyenv/versions/3.12.0/envs/pyvenv_312/include -I/usr/local/google/home/ssreenithi/.pyenv/versions/3.12.0/include/python3.12 -c third_party/boringssl-with-bazel/src/gen/bcm/vpaes-armv7-linux.S -o pyb/temp.linux-x86_64-cpython-312/third_party/boringssl-with-bazel/src/gen/bcm/vpaes-armv7-linux.o -std=c++17 -fvisibility=hidden -fno-wrapv -fno-exceptions -pthread
      g++ -fno-strict-overflow -Wsign-compare -DNDEBUG -g -O3 -Wall -fPIC -D_WIN32_WINNT=1536 -DGRPC_XDS_USER_AGENT_NAME_SUFFIX=\"Python\" -DGRPC_XDS_USER_AGENT_VERSION_SUFFIX=\"1.79.0.dev0\" -DHAVE_CONFIG_H=1 -DGRPC_ENABLE_FORK_SUPPORT=1 -DGRPC_ENABLE_FORK_SUPPORT_DEFAULT=false -DGRPC_PYTHON_BUILD=1 -D__STDC_FORMAT_MACROS "-DPyMODINIT_FUNC=extern \"C\" __attribute__((visibility (\"default\"))) PyObject*" -DGRPC_POSIX_FORK_ALLOW_PTHREAD_ATFORK=1 -Isrc/python/grpcio -Iinclude -I. -Ithird_party/abseil-cpp -Ithird_party/address_sorting/include -Ithird_party/cares/cares/include -Ithird_party/cares -Ithird_party/cares/cares -Ithird_party/cares/cares/src/lib/include -Ithird_party/cares/cares/src/lib -Ithird_party/cares/config_linux -Ithird_party/re2 -Ithird_party/boringssl-with-bazel/src/include -Ithird_party/upb -Isrc/core/ext/upb-gen -Isrc/core/ext/upbdefs-gen -Ithird_party/utf8_range -Ithird_party/xxhash -Ithird_party/zlib -I/usr/local/google/home/ssreenithi/.pyenv/versions/3.12.0/envs/pyvenv_312/include -I/usr/local/google/home/ssreenithi/.pyenv/versions/3.12.0/include/python3.12 -c third_party/boringssl-with-bazel/src/crypto/x509/v3_skey.cc -o pyb/temp.linux-x86_64-cpython-312/third_party/boringssl-with-bazel/src/crypto/x509/v3_skey.o -std=c++17 -fvisibility=hidden -fno-wrapv -fno-exceptions -pthread
      gcc -fno-strict-overflow -Wsign-compare -DNDEBUG -g -O3 -Wall -fPIC -D_WIN32_WINNT=1536 -DGRPC_XDS_USER_AGENT_NAME_SUFFIX=\"Python\" -DGRPC_XDS_USER_AGENT_VERSION_SUFFIX=\"1.79.0.dev0\" -DHAVE_CONFIG_H=1 -DGRPC_ENABLE_FORK_SUPPORT=1 -DGRPC_ENABLE_FORK_SUPPORT_DEFAULT=false -DGRPC_PYTHON_BUILD=1 -D__STDC_FORMAT_MACROS "-DPyMODINIT_FUNC=extern \"C\" __attribute__((visibility (\"default\"))) PyObject*" -DGRPC_POSIX_FORK_ALLOW_PTHREAD_ATFORK=1 -Isrc/python/grpcio -Iinclude -I. -Ithird_party/abseil-cpp -Ithird_party/address_sorting/include -Ithird_party/cares/cares/include -Ithird_party/cares -Ithird_party/cares/cares -Ithird_party/cares/cares/src/lib/include -Ithird_party/cares/cares/src/lib -Ithird_party/cares/config_linux -Ithird_party/re2 -Ithird_party/boringssl-with-bazel/src/include -Ithird_party/upb -Isrc/core/ext/upb-gen -Isrc/core/ext/upbdefs-gen -Ithird_party/utf8_range -Ithird_party/xxhash -Ithird_party/zlib -I/usr/local/google/home/ssreenithi/.pyenv/versions/3.12.0/envs/pyvenv_312/include -I/usr/local/google/home/ssreenithi/.pyenv/versions/3.12.0/include/python3.12 -c third_party/boringssl-with-bazel/src/gen/bcm/sha512-armv8-apple.S -o pyb/temp.linux-x86_64-cpython-312/third_party/boringssl-with-bazel/src/gen/bcm/sha512-armv8-apple.o -std=c++17 -fvisibility=hidden -fno-wrapv -fno-exceptions -pthread
      /tmp/ccHyxHhq.s: Assembler messages:
      /tmp/ccHyxHhq.s: Warning: no SFrame FDE emitted; non-SP/FP register 0 in .cfi_def_cfa_register
      /tmp/ccHyxHhq.s: Warning: no SFrame FDE emitted; non-SP/FP register 0 in .cfi_def_cfa_register
      /tmp/ccHyxHhq.s: Warning: no SFrame FDE emitted; non-SP/FP register 11 in .cfi_def_cfa_register
      gcc -fno-strict-overflow -Wsign-compare -DNDEBUG -g -O3 -Wall -fPIC -D_WIN32_WINNT=1536 -DGRPC_XDS_USER_AGENT_NAME_SUFFIX=\"Python\" -DGRPC_XDS_USER_AGENT_VERSION_SUFFIX=\"1.79.0.dev0\" -DHAVE_CONFIG_H=1 -DGRPC_ENABLE_FORK_SUPPORT=1 -DGRPC_ENABLE_FORK_SUPPORT_DEFAULT=false -DGRPC_PYTHON_BUILD=1 -D__STDC_FORMAT_MACROS "-DPyMODINIT_FUNC=extern \"C\" __attribute__((visibility (\"default\"))) PyObject*" -DGRPC_POSIX_FORK_ALLOW_PTHREAD_ATFORK=1 -Isrc/python/grpcio -Iinclude -I. -Ithird_party/abseil-cpp -Ithird_party/address_sorting/include -Ithird_party/cares/cares/include -Ithird_party/cares -Ithird_party/cares/cares -Ithird_party/cares/cares/src/lib/include -Ithird_party/cares/cares/src/lib -Ithird_party/cares/config_linux -Ithird_party/re2 -Ithird_party/boringssl-with-bazel/src/include -Ithird_party/upb -Isrc/core/ext/upb-gen -Isrc/core/ext/upbdefs-gen -Ithird_party/utf8_range -Ithird_party/xxhash -Ithird_party/zlib -I/usr/local/google/home/ssreenithi/.pyenv/versions/3.12.0/envs/pyvenv_312/include -I/usr/local/google/home/ssreenithi/.pyenv/versions/3.12.0/include/python3.12 -c third_party/boringssl-with-bazel/src/gen/bcm/sha256-armv8-linux.S -o pyb/temp.linux-x86_64-cpython-312/third_party/boringssl-with-bazel/src/gen/bcm/sha256-armv8-linux.o -std=c++17 -fvisibility=hidden -fno-wrapv -fno-exceptions -pthread
      g++ -fno-strict-overflow -Wsign-compare -DNDEBUG -g -O3 -Wall -fPIC -D_WIN32_WINNT=1536 -DGRPC_XDS_USER_AGENT_NAME_SUFFIX=\"Python\" -DGRPC_XDS_USER_AGENT_VERSION_SUFFIX=\"1.79.0.dev0\" -DHAVE_CONFIG_H=1 -DGRPC_ENABLE_FORK_SUPPORT=1 -DGRPC_ENABLE_FORK_SUPPORT_DEFAULT=false -DGRPC_PYTHON_BUILD=1 -D__STDC_FORMAT_MACROS "-DPyMODINIT_FUNC=extern \"C\" __attribute__((visibility (\"default\"))) PyObject*" -DGRPC_POSIX_FORK_ALLOW_PTHREAD_ATFORK=1 -Isrc/python/grpcio -Iinclude -I. -Ithird_party/abseil-cpp -Ithird_party/address_sorting/include -Ithird_party/cares/cares/include -Ithird_party/cares -Ithird_party/cares/cares -Ithird_party/cares/cares/src/lib/include -Ithird_party/cares/cares/src/lib -Ithird_party/cares/config_linux -Ithird_party/re2 -Ithird_party/boringssl-with-bazel/src/include -Ithird_party/upb -Isrc/core/ext/upb-gen -Isrc/core/ext/upbdefs-gen -Ithird_party/utf8_range -Ithird_party/xxhash -Ithird_party/zlib -I/usr/local/google/home/ssreenithi/.pyenv/versions/3.12.0/envs/pyvenv_312/include -I/usr/local/google/home/ssreenithi/.pyenv/versions/3.12.0/include/python3.12 -c third_party/boringssl-with-bazel/src/crypto/pkcs8/p5_pbev2.cc -o pyb/temp.linux-x86_64-cpython-312/third_party/boringssl-with-bazel/src/crypto/pkcs8/p5_pbev2.o -std=c++17 -fvisibility=hidden -fno-wrapv -fno-exceptions -pthread
      g++ -fno-strict-overflow -Wsign-compare -DNDEBUG -g -O3 -Wall -fPIC -D_WIN32_WINNT=1536 -DGRPC_XDS_USER_AGENT_NAME_SUFFIX=\"Python\" -DGRPC_XDS_USER_AGENT_VERSION_SUFFIX=\"1.79.0.dev0\" -DHAVE_CONFIG_H=1 -DGRPC_ENABLE_FORK_SUPPORT=1 -DGRPC_ENABLE_FORK_SUPPORT_DEFAULT=false -DGRPC_PYTHON_BUILD=1 -D__STDC_FORMAT_MACROS "-DPyMODINIT_FUNC=extern \"C\" __attribute__((visibility (\"default\"))) PyObject*" -DGRPC_POSIX_FORK_ALLOW_PTHREAD_ATFORK=1 -Isrc/python/grpcio -Iinclude -I. -Ithird_party/abseil-cpp -Ithird_party/address_sorting/include -Ithird_party/cares/cares/include -Ithird_party/cares -Ithird_party/cares/cares -Ithird_party/cares/cares/src/lib/include -Ithird_party/cares/cares/src/lib -Ithird_party/cares/config_linux -Ithird_party/re2 -Ithird_party/boringssl-with-bazel/src/include -Ithird_party/upb -Isrc/core/ext/upb-gen -Isrc/core/ext/upbdefs-gen -Ithird_party/utf8_range -Ithird_party/xxhash -Ithird_party/zlib -I/usr/local/google/home/ssreenithi/.pyenv/versions/3.12.0/envs/pyvenv_312/include -I/usr/local/google/home/ssreenithi/.pyenv/versions/3.12.0/include/python3.12 -c src/core/xds/grpc/xds_endpoint_parser.cc -o pyb/temp.linux-x86_64-cpython-312/src/core/xds/grpc/xds_endpoint_parser.o -std=c++17 -fvisibility=hidden -fno-wrapv -fno-exceptions -pthread
      g++ -fno-strict-overflow -Wsign-compare -DNDEBUG -g -O3 -Wall -fPIC -D_WIN32_WINNT=1536 -DGRPC_XDS_USER_AGENT_NAME_SUFFIX=\"Python\" -DGRPC_XDS_USER_AGENT_VERSION_SUFFIX=\"1.79.0.dev0\" -DHAVE_CONFIG_H=1 -DGRPC_ENABLE_FORK_SUPPORT=1 -DGRPC_ENABLE_FORK_SUPPORT_DEFAULT=false -DGRPC_PYTHON_BUILD=1 -D__STDC_FORMAT_MACROS "-DPyMODINIT_FUNC=extern \"C\" __attribute__((visibility (\"default\"))) PyObject*" -DGRPC_POSIX_FORK_ALLOW_PTHREAD_ATFORK=1 -Isrc/python/grpcio -Iinclude -I. -Ithird_party/abseil-cpp -Ithird_party/address_sorting/include -Ithird_party/cares/cares/include -Ithird_party/cares -Ithird_party/cares/cares -Ithird_party/cares/cares/src/lib/include -Ithird_party/cares/cares/src/lib -Ithird_party/cares/config_linux -Ithird_party/re2 -Ithird_party/boringssl-with-bazel/src/include -Ithird_party/upb -Isrc/core/ext/upb-gen -Isrc/core/ext/upbdefs-gen -Ithird_party/utf8_range -Ithird_party/xxhash -Ithird_party/zlib -I/usr/local/google/home/ssreenithi/.pyenv/versions/3.12.0/envs/pyvenv_312/include -I/usr/local/google/home/ssreenithi/.pyenv/versions/3.12.0/include/python3.12 -c third_party/boringssl-with-bazel/src/crypto/x509/v3_crld.cc -o pyb/temp.linux-x86_64-cpython-312/third_party/boringssl-with-bazel/src/crypto/x509/v3_crld.o -std=c++17 -fvisibility=hidden -fno-wrapv -fno-exceptions -pthread
      gcc -fno-strict-overflow -Wsign-compare -DNDEBUG -g -O3 -Wall -fPIC -D_WIN32_WINNT=1536 -DGRPC_XDS_USER_AGENT_NAME_SUFFIX=\"Python\" -DGRPC_XDS_USER_AGENT_VERSION_SUFFIX=\"1.79.0.dev0\" -DHAVE_CONFIG_H=1 -DGRPC_ENABLE_FORK_SUPPORT=1 -DGRPC_ENABLE_FORK_SUPPORT_DEFAULT=false -DGRPC_PYTHON_BUILD=1 -D__STDC_FORMAT_MACROS "-DPyMODINIT_FUNC=extern \"C\" __attribute__((visibility (\"default\"))) PyObject*" -DGRPC_POSIX_FORK_ALLOW_PTHREAD_ATFORK=1 -Isrc/python/grpcio -Iinclude -I. -Ithird_party/abseil-cpp -Ithird_party/address_sorting/include -Ithird_party/cares/cares/include -Ithird_party/cares -Ithird_party/cares/cares -Ithird_party/cares/cares/src/lib/include -Ithird_party/cares/cares/src/lib -Ithird_party/cares/config_linux -Ithird_party/re2 -Ithird_party/boringssl-with-bazel/src/include -Ithird_party/upb -Isrc/core/ext/upb-gen -Isrc/core/ext/upbdefs-gen -Ithird_party/utf8_range -Ithird_party/xxhash -Ithird_party/zlib -I/usr/local/google/home/ssreenithi/.pyenv/versions/3.12.0/envs/pyvenv_312/include -I/usr/local/google/home/ssreenithi/.pyenv/versions/3.12.0/include/python3.12 -c third_party/boringssl-with-bazel/src/gen/bcm/sha1-586-apple.S -o pyb/temp.linux-x86_64-cpython-312/third_party/boringssl-with-bazel/src/gen/bcm/sha1-586-apple.o -std=c++17 -fvisibility=hidden -fno-wrapv -fno-exceptions -pthread
      gcc -fno-strict-overflow -Wsign-compare -DNDEBUG -g -O3 -Wall -fPIC -D_WIN32_WINNT=1536 -DGRPC_XDS_USER_AGENT_NAME_SUFFIX=\"Python\" -DGRPC_XDS_USER_AGENT_VERSION_SUFFIX=\"1.79.0.dev0\" -DHAVE_CONFIG_H=1 -DGRPC_ENABLE_FORK_SUPPORT=1 -DGRPC_ENABLE_FORK_SUPPORT_DEFAULT=false -DGRPC_PYTHON_BUILD=1 -D__STDC_FORMAT_MACROS "-DPyMODINIT_FUNC=extern \"C\" __attribute__((visibility (\"default\"))) PyObject*" -DGRPC_POSIX_FORK_ALLOW_PTHREAD_ATFORK=1 -Isrc/python/grpcio -Iinclude -I. -Ithird_party/abseil-cpp -Ithird_party/address_sorting/include -Ithird_party/cares/cares/include -Ithird_party/cares -Ithird_party/cares/cares -Ithird_party/cares/cares/src/lib/include -Ithird_party/cares/cares/src/lib -Ithird_party/cares/config_linux -Ithird_party/re2 -Ithird_party/boringssl-with-bazel/src/include -Ithird_party/upb -Isrc/core/ext/upb-gen -Isrc/core/ext/upbdefs-gen -Ithird_party/utf8_range -Ithird_party/xxhash -Ithird_party/zlib -I/usr/local/google/home/ssreenithi/.pyenv/versions/3.12.0/envs/pyvenv_312/include -I/usr/local/google/home/ssreenithi/.pyenv/versions/3.12.0/include/python3.12 -c third_party/boringssl-with-bazel/src/gen/bcm/sha1-x86_64-apple.S -o pyb/temp.linux-x86_64-cpython-312/third_party/boringssl-with-bazel/src/gen/bcm/sha1-x86_64-apple.o -std=c++17 -fvisibility=hidden -fno-wrapv -fno-exceptions -pthread
      gcc -fno-strict-overflow -Wsign-compare -DNDEBUG -g -O3 -Wall -fPIC -D_WIN32_WINNT=1536 -DGRPC_XDS_USER_AGENT_NAME_SUFFIX=\"Python\" -DGRPC_XDS_USER_AGENT_VERSION_SUFFIX=\"1.79.0.dev0\" -DHAVE_CONFIG_H=1 -DGRPC_ENABLE_FORK_SUPPORT=1 -DGRPC_ENABLE_FORK_SUPPORT_DEFAULT=false -DGRPC_PYTHON_BUILD=1 -D__STDC_FORMAT_MACROS "-DPyMODINIT_FUNC=extern \"C\" __attribute__((visibility (\"default\"))) PyObject*" -DGRPC_POSIX_FORK_ALLOW_PTHREAD_ATFORK=1 -Isrc/python/grpcio -Iinclude -I. -Ithird_party/abseil-cpp -Ithird_party/address_sorting/include -Ithird_party/cares/cares/include -Ithird_party/cares -Ithird_party/cares/cares -Ithird_party/cares/cares/src/lib/include -Ithird_party/cares/cares/src/lib -Ithird_party/cares/config_linux -Ithird_party/re2 -Ithird_party/boringssl-with-bazel/src/include -Ithird_party/upb -Isrc/core/ext/upb-gen -Isrc/core/ext/upbdefs-gen -Ithird_party/utf8_range -Ithird_party/xxhash -Ithird_party/zlib -I/usr/local/google/home/ssreenithi/.pyenv/versions/3.12.0/envs/pyvenv_312/include -I/usr/local/google/home/ssreenithi/.pyenv/versions/3.12.0/include/python3.12 -c third_party/boringssl-with-bazel/src/gen/bcm/vpaes-armv8-apple.S -o pyb/temp.linux-x86_64-cpython-312/third_party/boringssl-with-bazel/src/gen/bcm/vpaes-armv8-apple.o -std=c++17 -fvisibility=hidden -fno-wrapv -fno-exceptions -pthread
      gcc -fno-strict-overflow -Wsign-compare -DNDEBUG -g -O3 -Wall -fPIC -D_WIN32_WINNT=1536 -DGRPC_XDS_USER_AGENT_NAME_SUFFIX=\"Python\" -DGRPC_XDS_USER_AGENT_VERSION_SUFFIX=\"1.79.0.dev0\" -DHAVE_CONFIG_H=1 -DGRPC_ENABLE_FORK_SUPPORT=1 -DGRPC_ENABLE_FORK_SUPPORT_DEFAULT=false -DGRPC_PYTHON_BUILD=1 -D__STDC_FORMAT_MACROS "-DPyMODINIT_FUNC=extern \"C\" __attribute__((visibility (\"default\"))) PyObject*" -DGRPC_POSIX_FORK_ALLOW_PTHREAD_ATFORK=1 -Isrc/python/grpcio -Iinclude -I. -Ithird_party/abseil-cpp -Ithird_party/address_sorting/include -Ithird_party/cares/cares/include -Ithird_party/cares -Ithird_party/cares/cares -Ithird_party/cares/cares/src/lib/include -Ithird_party/cares/cares/src/lib -Ithird_party/cares/config_linux -Ithird_party/re2 -Ithird_party/boringssl-with-bazel/src/include -Ithird_party/upb -Isrc/core/ext/upb-gen -Isrc/core/ext/upbdefs-gen -Ithird_party/utf8_range -Ithird_party/xxhash -Ithird_party/zlib -I/usr/local/google/home/ssreenithi/.pyenv/versions/3.12.0/envs/pyvenv_312/include -I/usr/local/google/home/ssreenithi/.pyenv/versions/3.12.0/include/python3.12 -c third_party/boringssl-with-bazel/src/gen/bcm/p256_beeu-x86_64-asm-apple.S -o pyb/temp.linux-x86_64-cpython-312/third_party/boringssl-with-bazel/src/gen/bcm/p256_beeu-x86_64-asm-apple.o -std=c++17 -fvisibility=hidden -fno-wrapv -fno-exceptions -pthread
      g++ -fno-strict-overflow -Wsign-compare -DNDEBUG -g -O3 -Wall -fPIC -D_WIN32_WINNT=1536 -DGRPC_XDS_USER_AGENT_NAME_SUFFIX=\"Python\" -DGRPC_XDS_USER_AGENT_VERSION_SUFFIX=\"1.79.0.dev0\" -DHAVE_CONFIG_H=1 -DGRPC_ENABLE_FORK_SUPPORT=1 -DGRPC_ENABLE_FORK_SUPPORT_DEFAULT=false -DGRPC_PYTHON_BUILD=1 -D__STDC_FORMAT_MACROS "-DPyMODINIT_FUNC=extern \"C\" __attribute__((visibility (\"default\"))) PyObject*" -DGRPC_POSIX_FORK_ALLOW_PTHREAD_ATFORK=1 -Isrc/python/grpcio -Iinclude -I. -Ithird_party/abseil-cpp -Ithird_party/address_sorting/include -Ithird_party/cares/cares/include -Ithird_party/cares -Ithird_party/cares/cares -Ithird_party/cares/cares/src/lib/include -Ithird_party/cares/cares/src/lib -Ithird_party/cares/config_linux -Ithird_party/re2 -Ithird_party/boringssl-with-bazel/src/include -Ithird_party/upb -Isrc/core/ext/upb-gen -Isrc/core/ext/upbdefs-gen -Ithird_party/utf8_range -Ithird_party/xxhash -Ithird_party/zlib -I/usr/local/google/home/ssreenithi/.pyenv/versions/3.12.0/envs/pyvenv_312/include -I/usr/local/google/home/ssreenithi/.pyenv/versions/3.12.0/include/python3.12 -c third_party/boringssl-with-bazel/src/crypto/x509/x_x509a.cc -o pyb/temp.linux-x86_64-cpython-312/third_party/boringssl-with-bazel/src/crypto/x509/x_x509a.o -std=c++17 -fvisibility=hidden -fno-wrapv -fno-exceptions -pthread
      gcc -fno-strict-overflow -Wsign-compare -DNDEBUG -g -O3 -Wall -fPIC -D_WIN32_WINNT=1536 -DGRPC_XDS_USER_AGENT_NAME_SUFFIX=\"Python\" -DGRPC_XDS_USER_AGENT_VERSION_SUFFIX=\"1.79.0.dev0\" -DHAVE_CONFIG_H=1 -DGRPC_ENABLE_FORK_SUPPORT=1 -DGRPC_ENABLE_FORK_SUPPORT_DEFAULT=false -DGRPC_PYTHON_BUILD=1 -D__STDC_FORMAT_MACROS "-DPyMODINIT_FUNC=extern \"C\" __attribute__((visibility (\"default\"))) PyObject*" -DGRPC_POSIX_FORK_ALLOW_PTHREAD_ATFORK=1 -Isrc/python/grpcio -Iinclude -I. -Ithird_party/abseil-cpp -Ithird_party/address_sorting/include -Ithird_party/cares/cares/include -Ithird_party/cares -Ithird_party/cares/cares -Ithird_party/cares/cares/src/lib/include -Ithird_party/cares/cares/src/lib -Ithird_party/cares/config_linux -Ithird_party/re2 -Ithird_party/boringssl-with-bazel/src/include -Ithird_party/upb -Isrc/core/ext/upb-gen -Isrc/core/ext/upbdefs-gen -Ithird_party/utf8_range -Ithird_party/xxhash -Ithird_party/zlib -I/usr/local/google/home/ssreenithi/.pyenv/versions/3.12.0/envs/pyvenv_312/include -I/usr/local/google/home/ssreenithi/.pyenv/versions/3.12.0/include/python3.12 -c third_party/boringssl-with-bazel/src/gen/bcm/sha512-armv8-linux.S -o pyb/temp.linux-x86_64-cpython-312/third_party/boringssl-with-bazel/src/gen/bcm/sha512-armv8-linux.o -std=c++17 -fvisibility=hidden -fno-wrapv -fno-exceptions -pthread
      g++ -fno-strict-overflow -Wsign-compare -DNDEBUG -g -O3 -Wall -fPIC -D_WIN32_WINNT=1536 -DGRPC_XDS_USER_AGENT_NAME_SUFFIX=\"Python\" -DGRPC_XDS_USER_AGENT_VERSION_SUFFIX=\"1.79.0.dev0\" -DHAVE_CONFIG_H=1 -DGRPC_ENABLE_FORK_SUPPORT=1 -DGRPC_ENABLE_FORK_SUPPORT_DEFAULT=false -DGRPC_PYTHON_BUILD=1 -D__STDC_FORMAT_MACROS "-DPyMODINIT_FUNC=extern \"C\" __attribute__((visibility (\"default\"))) PyObject*" -DGRPC_POSIX_FORK_ALLOW_PTHREAD_ATFORK=1 -Isrc/python/grpcio -Iinclude -I. -Ithird_party/abseil-cpp -Ithird_party/address_sorting/include -Ithird_party/cares/cares/include -Ithird_party/cares -Ithird_party/cares/cares -Ithird_party/cares/cares/src/lib/include -Ithird_party/cares/cares/src/lib -Ithird_party/cares/config_linux -Ithird_party/re2 -Ithird_party/boringssl-with-bazel/src/include -Ithird_party/upb -Isrc/core/ext/upb-gen -Isrc/core/ext/upbdefs-gen -Ithird_party/utf8_range -Ithird_party/xxhash -Ithird_party/zlib -I/usr/local/google/home/ssreenithi/.pyenv/versions/3.12.0/envs/pyvenv_312/include -I/usr/local/google/home/ssreenithi/.pyenv/versions/3.12.0/include/python3.12 -c third_party/boringssl-with-bazel/src/crypto/x509/x509_def.cc -o pyb/temp.linux-x86_64-cpython-312/third_party/boringssl-with-bazel/src/crypto/x509/x509_def.o -std=c++17 -fvisibility=hidden -fno-wrapv -fno-exceptions -pthread
      gcc -fno-strict-overflow -Wsign-compare -DNDEBUG -g -O3 -Wall -fPIC -D_WIN32_WINNT=1536 -DGRPC_XDS_USER_AGENT_NAME_SUFFIX=\"Python\" -DGRPC_XDS_USER_AGENT_VERSION_SUFFIX=\"1.79.0.dev0\" -DHAVE_CONFIG_H=1 -DGRPC_ENABLE_FORK_SUPPORT=1 -DGRPC_ENABLE_FORK_SUPPORT_DEFAULT=false -DGRPC_PYTHON_BUILD=1 -D__STDC_FORMAT_MACROS "-DPyMODINIT_FUNC=extern \"C\" __attribute__((visibility (\"default\"))) PyObject*" -DGRPC_POSIX_FORK_ALLOW_PTHREAD_ATFORK=1 -Isrc/python/grpcio -Iinclude -I. -Ithird_party/abseil-cpp -Ithird_party/address_sorting/include -Ithird_party/cares/cares/include -Ithird_party/cares -Ithird_party/cares/cares -Ithird_party/cares/cares/src/lib/include -Ithird_party/cares/cares/src/lib -Ithird_party/cares/config_linux -Ithird_party/re2 -Ithird_party/boringssl-with-bazel/src/include -Ithird_party/upb -Isrc/core/ext/upb-gen -Isrc/core/ext/upbdefs-gen -Ithird_party/utf8_range -Ithird_party/xxhash -Ithird_party/zlib -I/usr/local/google/home/ssreenithi/.pyenv/versions/3.12.0/envs/pyvenv_312/include -I/usr/local/google/home/ssreenithi/.pyenv/versions/3.12.0/include/python3.12 -c third_party/boringssl-with-bazel/src/gen/bcm/sha256-armv8-win.S -o pyb/temp.linux-x86_64-cpython-312/third_party/boringssl-with-bazel/src/gen/bcm/sha256-armv8-win.o -std=c++17 -fvisibility=hidden -fno-wrapv -fno-exceptions -pthread
      gcc -fno-strict-overflow -Wsign-compare -DNDEBUG -g -O3 -Wall -fPIC -D_WIN32_WINNT=1536 -DGRPC_XDS_USER_AGENT_NAME_SUFFIX=\"Python\" -DGRPC_XDS_USER_AGENT_VERSION_SUFFIX=\"1.79.0.dev0\" -DHAVE_CONFIG_H=1 -DGRPC_ENABLE_FORK_SUPPORT=1 -DGRPC_ENABLE_FORK_SUPPORT_DEFAULT=false -DGRPC_PYTHON_BUILD=1 -D__STDC_FORMAT_MACROS "-DPyMODINIT_FUNC=extern \"C\" __attribute__((visibility (\"default\"))) PyObject*" -DGRPC_POSIX_FORK_ALLOW_PTHREAD_ATFORK=1 -Isrc/python/grpcio -Iinclude -I. -Ithird_party/abseil-cpp -Ithird_party/address_sorting/include -Ithird_party/cares/cares/include -Ithird_party/cares -Ithird_party/cares/cares -Ithird_party/cares/cares/src/lib/include -Ithird_party/cares/cares/src/lib -Ithird_party/cares/config_linux -Ithird_party/re2 -Ithird_party/boringssl-with-bazel/src/include -Ithird_party/upb -Isrc/core/ext/upb-gen -Isrc/core/ext/upbdefs-gen -Ithird_party/utf8_range -Ithird_party/xxhash -Ithird_party/zlib -I/usr/local/google/home/ssreenithi/.pyenv/versions/3.12.0/envs/pyvenv_312/include -I/usr/local/google/home/ssreenithi/.pyenv/versions/3.12.0/include/python3.12 -c third_party/boringssl-with-bazel/src/gen/bcm/vpaes-armv8-linux.S -o pyb/temp.linux-x86_64-cpython-312/third_party/boringssl-with-bazel/src/gen/bcm/vpaes-armv8-linux.o -std=c++17 -fvisibility=hidden -fno-wrapv -fno-exceptions -pthread
      gcc -fno-strict-overflow -Wsign-compare -DNDEBUG -g -O3 -Wall -fPIC -D_WIN32_WINNT=1536 -DGRPC_XDS_USER_AGENT_NAME_SUFFIX=\"Python\" -DGRPC_XDS_USER_AGENT_VERSION_SUFFIX=\"1.79.0.dev0\" -DHAVE_CONFIG_H=1 -DGRPC_ENABLE_FORK_SUPPORT=1 -DGRPC_ENABLE_FORK_SUPPORT_DEFAULT=false -DGRPC_PYTHON_BUILD=1 -D__STDC_FORMAT_MACROS "-DPyMODINIT_FUNC=extern \"C\" __attribute__((visibility (\"default\"))) PyObject*" -DGRPC_POSIX_FORK_ALLOW_PTHREAD_ATFORK=1 -Isrc/python/grpcio -Iinclude -I. -Ithird_party/abseil-cpp -Ithird_party/address_sorting/include -Ithird_party/cares/cares/include -Ithird_party/cares -Ithird_party/cares/cares -Ithird_party/cares/cares/src/lib/include -Ithird_party/cares/cares/src/lib -Ithird_party/cares/config_linux -Ithird_party/re2 -Ithird_party/boringssl-with-bazel/src/include -Ithird_party/upb -Isrc/core/ext/upb-gen -Isrc/core/ext/upbdefs-gen -Ithird_party/utf8_range -Ithird_party/xxhash -Ithird_party/zlib -I/usr/local/google/home/ssreenithi/.pyenv/versions/3.12.0/envs/pyvenv_312/include -I/usr/local/google/home/ssreenithi/.pyenv/versions/3.12.0/include/python3.12 -c third_party/boringssl-with-bazel/src/gen/bcm/sha1-x86_64-linux.S -o pyb/temp.linux-x86_64-cpython-312/third_party/boringssl-with-bazel/src/gen/bcm/sha1-x86_64-linux.o -std=c++17 -fvisibility=hidden -fno-wrapv -fno-exceptions -pthread
      gcc -fno-strict-overflow -Wsign-compare -DNDEBUG -g -O3 -Wall -fPIC -D_WIN32_WINNT=1536 -DGRPC_XDS_USER_AGENT_NAME_SUFFIX=\"Python\" -DGRPC_XDS_USER_AGENT_VERSION_SUFFIX=\"1.79.0.dev0\" -DHAVE_CONFIG_H=1 -DGRPC_ENABLE_FORK_SUPPORT=1 -DGRPC_ENABLE_FORK_SUPPORT_DEFAULT=false -DGRPC_PYTHON_BUILD=1 -D__STDC_FORMAT_MACROS "-DPyMODINIT_FUNC=extern \"C\" __attribute__((visibility (\"default\"))) PyObject*" -DGRPC_POSIX_FORK_ALLOW_PTHREAD_ATFORK=1 -Isrc/python/grpcio -Iinclude -I. -Ithird_party/abseil-cpp -Ithird_party/address_sorting/include -Ithird_party/cares/cares/include -Ithird_party/cares -Ithird_party/cares/cares -Ithird_party/cares/cares/src/lib/include -Ithird_party/cares/cares/src/lib -Ithird_party/cares/config_linux -Ithird_party/re2 -Ithird_party/boringssl-with-bazel/src/include -Ithird_party/upb -Isrc/core/ext/upb-gen -Isrc/core/ext/upbdefs-gen -Ithird_party/utf8_range -Ithird_party/xxhash -Ithird_party/zlib -I/usr/local/google/home/ssreenithi/.pyenv/versions/3.12.0/envs/pyvenv_312/include -I/usr/local/google/home/ssreenithi/.pyenv/versions/3.12.0/include/python3.12 -c third_party/boringssl-with-bazel/src/gen/bcm/vpaes-x86_64-apple.S -o pyb/temp.linux-x86_64-cpython-312/third_party/boringssl-with-bazel/src/gen/bcm/vpaes-x86_64-apple.o -std=c++17 -fvisibility=hidden -fno-wrapv -fno-exceptions -pthread
      gcc -fno-strict-overflow -Wsign-compare -DNDEBUG -g -O3 -Wall -fPIC -D_WIN32_WINNT=1536 -DGRPC_XDS_USER_AGENT_NAME_SUFFIX=\"Python\" -DGRPC_XDS_USER_AGENT_VERSION_SUFFIX=\"1.79.0.dev0\" -DHAVE_CONFIG_H=1 -DGRPC_ENABLE_FORK_SUPPORT=1 -DGRPC_ENABLE_FORK_SUPPORT_DEFAULT=false -DGRPC_PYTHON_BUILD=1 -D__STDC_FORMAT_MACROS "-DPyMODINIT_FUNC=extern \"C\" __attribute__((visibility (\"default\"))) PyObject*" -DGRPC_POSIX_FORK_ALLOW_PTHREAD_ATFORK=1 -Isrc/python/grpcio -Iinclude -I. -Ithird_party/abseil-cpp -Ithird_party/address_sorting/include -Ithird_party/cares/cares/include -Ithird_party/cares -Ithird_party/cares/cares -Ithird_party/cares/cares/src/lib/include -Ithird_party/cares/cares/src/lib -Ithird_party/cares/config_linux -Ithird_party/re2 -Ithird_party/boringssl-with-bazel/src/include -Ithird_party/upb -Isrc/core/ext/upb-gen -Isrc/core/ext/upbdefs-gen -Ithird_party/utf8_range -Ithird_party/xxhash -Ithird_party/zlib -I/usr/local/google/home/ssreenithi/.pyenv/versions/3.12.0/envs/pyvenv_312/include -I/usr/local/google/home/ssreenithi/.pyenv/versions/3.12.0/include/python3.12 -c third_party/boringssl-with-bazel/src/gen/bcm/sha1-586-linux.S -o pyb/temp.linux-x86_64-cpython-312/third_party/boringssl-with-bazel/src/gen/bcm/sha1-586-linux.o -std=c++17 -fvisibility=hidden -fno-wrapv -fno-exceptions -pthread
      g++ -fno-strict-overflow -Wsign-compare -DNDEBUG -g -O3 -Wall -fPIC -D_WIN32_WINNT=1536 -DGRPC_XDS_USER_AGENT_NAME_SUFFIX=\"Python\" -DGRPC_XDS_USER_AGENT_VERSION_SUFFIX=\"1.79.0.dev0\" -DHAVE_CONFIG_H=1 -DGRPC_ENABLE_FORK_SUPPORT=1 -DGRPC_ENABLE_FORK_SUPPORT_DEFAULT=false -DGRPC_PYTHON_BUILD=1 -D__STDC_FORMAT_MACROS "-DPyMODINIT_FUNC=extern \"C\" __attribute__((visibility (\"default\"))) PyObject*" -DGRPC_POSIX_FORK_ALLOW_PTHREAD_ATFORK=1 -Isrc/python/grpcio -Iinclude -I. -Ithird_party/abseil-cpp -Ithird_party/address_sorting/include -Ithird_party/cares/cares/include -Ithird_party/cares -Ithird_party/cares/cares -Ithird_party/cares/cares/src/lib/include -Ithird_party/cares/cares/src/lib -Ithird_party/cares/config_linux -Ithird_party/re2 -Ithird_party/boringssl-with-bazel/src/include -Ithird_party/upb -Isrc/core/ext/upb-gen -Isrc/core/ext/upbdefs-gen -Ithird_party/utf8_range -Ithird_party/xxhash -Ithird_party/zlib -I/usr/local/google/home/ssreenithi/.pyenv/versions/3.12.0/envs/pyvenv_312/include -I/usr/local/google/home/ssreenithi/.pyenv/versions/3.12.0/include/python3.12 -c third_party/boringssl-with-bazel/src/crypto/x509/a_verify.cc -o pyb/temp.linux-x86_64-cpython-312/third_party/boringssl-with-bazel/src/crypto/x509/a_verify.o -std=c++17 -fvisibility=hidden -fno-wrapv -fno-exceptions -pthread
      g++ -fno-strict-overflow -Wsign-compare -DNDEBUG -g -O3 -Wall -fPIC -D_WIN32_WINNT=1536 -DGRPC_XDS_USER_AGENT_NAME_SUFFIX=\"Python\" -DGRPC_XDS_USER_AGENT_VERSION_SUFFIX=\"1.79.0.dev0\" -DHAVE_CONFIG_H=1 -DGRPC_ENABLE_FORK_SUPPORT=1 -DGRPC_ENABLE_FORK_SUPPORT_DEFAULT=false -DGRPC_PYTHON_BUILD=1 -D__STDC_FORMAT_MACROS "-DPyMODINIT_FUNC=extern \"C\" __attribute__((visibility (\"default\"))) PyObject*" -DGRPC_POSIX_FORK_ALLOW_PTHREAD_ATFORK=1 -Isrc/python/grpcio -Iinclude -I. -Ithird_party/abseil-cpp -Ithird_party/address_sorting/include -Ithird_party/cares/cares/include -Ithird_party/cares -Ithird_party/cares/cares -Ithird_party/cares/cares/src/lib/include -Ithird_party/cares/cares/src/lib -Ithird_party/cares/config_linux -Ithird_party/re2 -Ithird_party/boringssl-with-bazel/src/include -Ithird_party/upb -Isrc/core/ext/upb-gen -Isrc/core/ext/upbdefs-gen -Ithird_party/utf8_range -Ithird_party/xxhash -Ithird_party/zlib -I/usr/local/google/home/ssreenithi/.pyenv/versions/3.12.0/envs/pyvenv_312/include -I/usr/local/google/home/ssreenithi/.pyenv/versions/3.12.0/include/python3.12 -c third_party/boringssl-with-bazel/src/crypto/pool/pool.cc -o pyb/temp.linux-x86_64-cpython-312/third_party/boringssl-with-bazel/src/crypto/pool/pool.o -std=c++17 -fvisibility=hidden -fno-wrapv -fno-exceptions -pthread
      gcc -fno-strict-overflow -Wsign-compare -DNDEBUG -g -O3 -Wall -fPIC -D_WIN32_WINNT=1536 -DGRPC_XDS_USER_AGENT_NAME_SUFFIX=\"Python\" -DGRPC_XDS_USER_AGENT_VERSION_SUFFIX=\"1.79.0.dev0\" -DHAVE_CONFIG_H=1 -DGRPC_ENABLE_FORK_SUPPORT=1 -DGRPC_ENABLE_FORK_SUPPORT_DEFAULT=false -DGRPC_PYTHON_BUILD=1 -D__STDC_FORMAT_MACROS "-DPyMODINIT_FUNC=extern \"C\" __attribute__((visibility (\"default\"))) PyObject*" -DGRPC_POSIX_FORK_ALLOW_PTHREAD_ATFORK=1 -Isrc/python/grpcio -Iinclude -I. -Ithird_party/abseil-cpp -Ithird_party/address_sorting/include -Ithird_party/cares/cares/include -Ithird_party/cares -Ithird_party/cares/cares -Ithird_party/cares/cares/src/lib/include -Ithird_party/cares/cares/src/lib -Ithird_party/cares/config_linux -Ithird_party/re2 -Ithird_party/boringssl-with-bazel/src/include -Ithird_party/upb -Isrc/core/ext/upb-gen -Isrc/core/ext/upbdefs-gen -Ithird_party/utf8_range -Ithird_party/xxhash -Ithird_party/zlib -I/usr/local/google/home/ssreenithi/.pyenv/versions/3.12.0/envs/pyvenv_312/include -I/usr/local/google/home/ssreenithi/.pyenv/versions/3.12.0/include/python3.12 -c third_party/boringssl-with-bazel/src/gen/bcm/sha256-x86_64-apple.S -o pyb/temp.linux-x86_64-cpython-312/third_party/boringssl-with-bazel/src/gen/bcm/sha256-x86_64-apple.o -std=c++17 -fvisibility=hidden -fno-wrapv -fno-exceptions -pthread
      g++ -fno-strict-overflow -Wsign-compare -DNDEBUG -g -O3 -Wall -fPIC -D_WIN32_WINNT=1536 -DGRPC_XDS_USER_AGENT_NAME_SUFFIX=\"Python\" -DGRPC_XDS_USER_AGENT_VERSION_SUFFIX=\"1.79.0.dev0\" -DHAVE_CONFIG_H=1 -DGRPC_ENABLE_FORK_SUPPORT=1 -DGRPC_ENABLE_FORK_SUPPORT_DEFAULT=false -DGRPC_PYTHON_BUILD=1 -D__STDC_FORMAT_MACROS "-DPyMODINIT_FUNC=extern \"C\" __attribute__((visibility (\"default\"))) PyObject*" -DGRPC_POSIX_FORK_ALLOW_PTHREAD_ATFORK=1 -Isrc/python/grpcio -Iinclude -I. -Ithird_party/abseil-cpp -Ithird_party/address_sorting/include -Ithird_party/cares/cares/include -Ithird_party/cares -Ithird_party/cares/cares -Ithird_party/cares/cares/src/lib/include -Ithird_party/cares/cares/src/lib -Ithird_party/cares/config_linux -Ithird_party/re2 -Ithird_party/boringssl-with-bazel/src/include -Ithird_party/upb -Isrc/core/ext/upb-gen -Isrc/core/ext/upbdefs-gen -Ithird_party/utf8_range -Ithird_party/xxhash -Ithird_party/zlib -I/usr/local/google/home/ssreenithi/.pyenv/versions/3.12.0/envs/pyvenv_312/include -I/usr/local/google/home/ssreenithi/.pyenv/versions/3.12.0/include/python3.12 -c third_party/boringssl-with-bazel/src/crypto/x509/x509_txt.cc -o pyb/temp.linux-x86_64-cpython-312/third_party/boringssl-with-bazel/src/crypto/x509/x509_txt.o -std=c++17 -fvisibility=hidden -fno-wrapv -fno-exceptions -pthread
      gcc -fno-strict-overflow -Wsign-compare -DNDEBUG -g -O3 -Wall -fPIC -D_WIN32_WINNT=1536 -DGRPC_XDS_USER_AGENT_NAME_SUFFIX=\"Python\" -DGRPC_XDS_USER_AGENT_VERSION_SUFFIX=\"1.79.0.dev0\" -DHAVE_CONFIG_H=1 -DGRPC_ENABLE_FORK_SUPPORT=1 -DGRPC_ENABLE_FORK_SUPPORT_DEFAULT=false -DGRPC_PYTHON_BUILD=1 -D__STDC_FORMAT_MACROS "-DPyMODINIT_FUNC=extern \"C\" __attribute__((visibility (\"default\"))) PyObject*" -DGRPC_POSIX_FORK_ALLOW_PTHREAD_ATFORK=1 -Isrc/python/grpcio -Iinclude -I. -Ithird_party/abseil-cpp -Ithird_party/address_sorting/include -Ithird_party/cares/cares/include -Ithird_party/cares -Ithird_party/cares/cares -Ithird_party/cares/cares/src/lib/include -Ithird_party/cares/cares/src/lib -Ithird_party/cares/config_linux -Ithird_party/re2 -Ithird_party/boringssl-with-bazel/src/include -Ithird_party/upb -Isrc/core/ext/upb-gen -Isrc/core/ext/upbdefs-gen -Ithird_party/utf8_range -Ithird_party/xxhash -Ithird_party/zlib -I/usr/local/google/home/ssreenithi/.pyenv/versions/3.12.0/envs/pyvenv_312/include -I/usr/local/google/home/ssreenithi/.pyenv/versions/3.12.0/include/python3.12 -c third_party/boringssl-with-bazel/src/gen/bcm/x86_64-mont5-linux.S -o pyb/temp.linux-x86_64-cpython-312/third_party/boringssl-with-bazel/src/gen/bcm/x86_64-mont5-linux.o -std=c++17 -fvisibility=hidden -fno-wrapv -fno-exceptions -pthread
      gcc -fno-strict-overflow -Wsign-compare -DNDEBUG -g -O3 -Wall -fPIC -D_WIN32_WINNT=1536 -DGRPC_XDS_USER_AGENT_NAME_SUFFIX=\"Python\" -DGRPC_XDS_USER_AGENT_VERSION_SUFFIX=\"1.79.0.dev0\" -DHAVE_CONFIG_H=1 -DGRPC_ENABLE_FORK_SUPPORT=1 -DGRPC_ENABLE_FORK_SUPPORT_DEFAULT=false -DGRPC_PYTHON_BUILD=1 -D__STDC_FORMAT_MACROS "-DPyMODINIT_FUNC=extern \"C\" __attribute__((visibility (\"default\"))) PyObject*" -DGRPC_POSIX_FORK_ALLOW_PTHREAD_ATFORK=1 -Isrc/python/grpcio -Iinclude -I. -Ithird_party/abseil-cpp -Ithird_party/address_sorting/include -Ithird_party/cares/cares/include -Ithird_party/cares -Ithird_party/cares/cares -Ithird_party/cares/cares/src/lib/include -Ithird_party/cares/cares/src/lib -Ithird_party/cares/config_linux -Ithird_party/re2 -Ithird_party/boringssl-with-bazel/src/include -Ithird_party/upb -Isrc/core/ext/upb-gen -Isrc/core/ext/upbdefs-gen -Ithird_party/utf8_range -Ithird_party/xxhash -Ithird_party/zlib -I/usr/local/google/home/ssreenithi/.pyenv/versions/3.12.0/envs/pyvenv_312/include -I/usr/local/google/home/ssreenithi/.pyenv/versions/3.12.0/include/python3.12 -c third_party/boringssl-with-bazel/src/gen/bcm/vpaes-x86_64-linux.S -o pyb/temp.linux-x86_64-cpython-312/third_party/boringssl-with-bazel/src/gen/bcm/vpaes-x86_64-linux.o -std=c++17 -fvisibility=hidden -fno-wrapv -fno-exceptions -pthread
      gcc -fno-strict-overflow -Wsign-compare -DNDEBUG -g -O3 -Wall -fPIC -D_WIN32_WINNT=1536 -DGRPC_XDS_USER_AGENT_NAME_SUFFIX=\"Python\" -DGRPC_XDS_USER_AGENT_VERSION_SUFFIX=\"1.79.0.dev0\" -DHAVE_CONFIG_H=1 -DGRPC_ENABLE_FORK_SUPPORT=1 -DGRPC_ENABLE_FORK_SUPPORT_DEFAULT=false -DGRPC_PYTHON_BUILD=1 -D__STDC_FORMAT_MACROS "-DPyMODINIT_FUNC=extern \"C\" __attribute__((visibility (\"default\"))) PyObject*" -DGRPC_POSIX_FORK_ALLOW_PTHREAD_ATFORK=1 -Isrc/python/grpcio -Iinclude -I. -Ithird_party/abseil-cpp -Ithird_party/address_sorting/include -Ithird_party/cares/cares/include -Ithird_party/cares -Ithird_party/cares/cares -Ithird_party/cares/cares/src/lib/include -Ithird_party/cares/cares/src/lib -Ithird_party/cares/config_linux -Ithird_party/re2 -Ithird_party/boringssl-with-bazel/src/include -Ithird_party/upb -Isrc/core/ext/upb-gen -Isrc/core/ext/upbdefs-gen -Ithird_party/utf8_range -Ithird_party/xxhash -Ithird_party/zlib -I/usr/local/google/home/ssreenithi/.pyenv/versions/3.12.0/envs/pyvenv_312/include -I/usr/local/google/home/ssreenithi/.pyenv/versions/3.12.0/include/python3.12 -c third_party/boringssl-with-bazel/src/gen/bcm/sha512-armv8-win.S -o pyb/temp.linux-x86_64-cpython-312/third_party/boringssl-with-bazel/src/gen/bcm/sha512-armv8-win.o -std=c++17 -fvisibility=hidden -fno-wrapv -fno-exceptions -pthread
      /tmp/ccRQblt9.s: Assembler messages:
      /tmp/ccRQblt9.s: Warning: no SFrame FDE emitted; non-SP/FP register 0 in .cfi_def_cfa_register
      /tmp/ccRQblt9.s: Warning: no SFrame FDE emitted; non-SP/FP register 11 in .cfi_def_cfa_register
      /tmp/ccRQblt9.s: Warning: no SFrame FDE emitted; non-SP/FP register 11 in .cfi_def_cfa_register
      /tmp/ccRQblt9.s: Warning: no SFrame FDE emitted; non-SP/FP register 11 in .cfi_def_cfa_register
      gcc -fno-strict-overflow -Wsign-compare -DNDEBUG -g -O3 -Wall -fPIC -D_WIN32_WINNT=1536 -DGRPC_XDS_USER_AGENT_NAME_SUFFIX=\"Python\" -DGRPC_XDS_USER_AGENT_VERSION_SUFFIX=\"1.79.0.dev0\" -DHAVE_CONFIG_H=1 -DGRPC_ENABLE_FORK_SUPPORT=1 -DGRPC_ENABLE_FORK_SUPPORT_DEFAULT=false -DGRPC_PYTHON_BUILD=1 -D__STDC_FORMAT_MACROS "-DPyMODINIT_FUNC=extern \"C\" __attribute__((visibility (\"default\"))) PyObject*" -DGRPC_POSIX_FORK_ALLOW_PTHREAD_ATFORK=1 -Isrc/python/grpcio -Iinclude -I. -Ithird_party/abseil-cpp -Ithird_party/address_sorting/include -Ithird_party/cares/cares/include -Ithird_party/cares -Ithird_party/cares/cares -Ithird_party/cares/cares/src/lib/include -Ithird_party/cares/cares/src/lib -Ithird_party/cares/config_linux -Ithird_party/re2 -Ithird_party/boringssl-with-bazel/src/include -Ithird_party/upb -Isrc/core/ext/upb-gen -Isrc/core/ext/upbdefs-gen -Ithird_party/utf8_range -Ithird_party/xxhash -Ithird_party/zlib -I/usr/local/google/home/ssreenithi/.pyenv/versions/3.12.0/envs/pyvenv_312/include -I/usr/local/google/home/ssreenithi/.pyenv/versions/3.12.0/include/python3.12 -c third_party/boringssl-with-bazel/src/gen/bcm/sha256-586-apple.S -o pyb/temp.linux-x86_64-cpython-312/third_party/boringssl-with-bazel/src/gen/bcm/sha256-586-apple.o -std=c++17 -fvisibility=hidden -fno-wrapv -fno-exceptions -pthread
      g++ -fno-strict-overflow -Wsign-compare -DNDEBUG -g -O3 -Wall -fPIC -D_WIN32_WINNT=1536 -DGRPC_XDS_USER_AGENT_NAME_SUFFIX=\"Python\" -DGRPC_XDS_USER_AGENT_VERSION_SUFFIX=\"1.79.0.dev0\" -DHAVE_CONFIG_H=1 -DGRPC_ENABLE_FORK_SUPPORT=1 -DGRPC_ENABLE_FORK_SUPPORT_DEFAULT=false -DGRPC_PYTHON_BUILD=1 -D__STDC_FORMAT_MACROS "-DPyMODINIT_FUNC=extern \"C\" __attribute__((visibility (\"default\"))) PyObject*" -DGRPC_POSIX_FORK_ALLOW_PTHREAD_ATFORK=1 -Isrc/python/grpcio -Iinclude -I. -Ithird_party/abseil-cpp -Ithird_party/address_sorting/include -Ithird_party/cares/cares/include -Ithird_party/cares -Ithird_party/cares/cares -Ithird_party/cares/cares/src/lib/include -Ithird_party/cares/cares/src/lib -Ithird_party/cares/config_linux -Ithird_party/re2 -Ithird_party/boringssl-with-bazel/src/include -Ithird_party/upb -Isrc/core/ext/upb-gen -Isrc/core/ext/upbdefs-gen -Ithird_party/utf8_range -Ithird_party/xxhash -Ithird_party/zlib -I/usr/local/google/home/ssreenithi/.pyenv/versions/3.12.0/envs/pyvenv_312/include -I/usr/local/google/home/ssreenithi/.pyenv/versions/3.12.0/include/python3.12 -c third_party/boringssl-with-bazel/src/crypto/x509/v3_akeya.cc -o pyb/temp.linux-x86_64-cpython-312/third_party/boringssl-with-bazel/src/crypto/x509/v3_akeya.o -std=c++17 -fvisibility=hidden -fno-wrapv -fno-exceptions -pthread
      gcc -fno-strict-overflow -Wsign-compare -DNDEBUG -g -O3 -Wall -fPIC -D_WIN32_WINNT=1536 -DGRPC_XDS_USER_AGENT_NAME_SUFFIX=\"Python\" -DGRPC_XDS_USER_AGENT_VERSION_SUFFIX=\"1.79.0.dev0\" -DHAVE_CONFIG_H=1 -DGRPC_ENABLE_FORK_SUPPORT=1 -DGRPC_ENABLE_FORK_SUPPORT_DEFAULT=false -DGRPC_PYTHON_BUILD=1 -D__STDC_FORMAT_MACROS "-DPyMODINIT_FUNC=extern \"C\" __attribute__((visibility (\"default\"))) PyObject*" -DGRPC_POSIX_FORK_ALLOW_PTHREAD_ATFORK=1 -Isrc/python/grpcio -Iinclude -I. -Ithird_party/abseil-cpp -Ithird_party/address_sorting/include -Ithird_party/cares/cares/include -Ithird_party/cares -Ithird_party/cares/cares -Ithird_party/cares/cares/src/lib/include -Ithird_party/cares/cares/src/lib -Ithird_party/cares/config_linux -Ithird_party/re2 -Ithird_party/boringssl-with-bazel/src/include -Ithird_party/upb -Isrc/core/ext/upb-gen -Isrc/core/ext/upbdefs-gen -Ithird_party/utf8_range -Ithird_party/xxhash -Ithird_party/zlib -I/usr/local/google/home/ssreenithi/.pyenv/versions/3.12.0/envs/pyvenv_312/include -I/usr/local/google/home/ssreenithi/.pyenv/versions/3.12.0/include/python3.12 -c third_party/boringssl-with-bazel/src/gen/bcm/vpaes-armv8-win.S -o pyb/temp.linux-x86_64-cpython-312/third_party/boringssl-with-bazel/src/gen/bcm/vpaes-armv8-win.o -std=c++17 -fvisibility=hidden -fno-wrapv -fno-exceptions -pthread
      /tmp/cc06T8ES.s: Assembler messages:
      /tmp/cc06T8ES.s: Warning: no SFrame FDE emitted; non-SP/FP register 0 in .cfi_def_cfa_register
      /tmp/cc06T8ES.s: Warning: no SFrame FDE emitted; non-SP/FP register 0 in .cfi_def_cfa_register
      /tmp/cc06T8ES.s: Warning: no SFrame FDE emitted; non-SP/FP register 0 in .cfi_def_cfa_register
      /tmp/cc06T8ES.s: Warning: no SFrame FDE emitted; non-SP/FP register 0 in .cfi_def_cfa_register
      /tmp/cc06T8ES.s: Warning: no SFrame FDE emitted; non-SP/FP register 0 in .cfi_def_cfa_register
      /tmp/cc06T8ES.s: Warning: no SFrame FDE emitted; non-SP/FP register 10 in .cfi_def_cfa_register
      gcc -fno-strict-overflow -Wsign-compare -DNDEBUG -g -O3 -Wall -fPIC -D_WIN32_WINNT=1536 -DGRPC_XDS_USER_AGENT_NAME_SUFFIX=\"Python\" -DGRPC_XDS_USER_AGENT_VERSION_SUFFIX=\"1.79.0.dev0\" -DHAVE_CONFIG_H=1 -DGRPC_ENABLE_FORK_SUPPORT=1 -DGRPC_ENABLE_FORK_SUPPORT_DEFAULT=false -DGRPC_PYTHON_BUILD=1 -D__STDC_FORMAT_MACROS "-DPyMODINIT_FUNC=extern \"C\" __attribute__((visibility (\"default\"))) PyObject*" -DGRPC_POSIX_FORK_ALLOW_PTHREAD_ATFORK=1 -Isrc/python/grpcio -Iinclude -I. -Ithird_party/abseil-cpp -Ithird_party/address_sorting/include -Ithird_party/cares/cares/include -Ithird_party/cares -Ithird_party/cares/cares -Ithird_party/cares/cares/src/lib/include -Ithird_party/cares/cares/src/lib -Ithird_party/cares/config_linux -Ithird_party/re2 -Ithird_party/boringssl-with-bazel/src/include -Ithird_party/upb -Isrc/core/ext/upb-gen -Isrc/core/ext/upbdefs-gen -Ithird_party/utf8_range -Ithird_party/xxhash -Ithird_party/zlib -I/usr/local/google/home/ssreenithi/.pyenv/versions/3.12.0/envs/pyvenv_312/include -I/usr/local/google/home/ssreenithi/.pyenv/versions/3.12.0/include/python3.12 -c third_party/boringssl-with-bazel/src/gen/crypto/aes128gcmsiv-x86_64-apple.S -o pyb/temp.linux-x86_64-cpython-312/third_party/boringssl-with-bazel/src/gen/crypto/aes128gcmsiv-x86_64-apple.o -std=c++17 -fvisibility=hidden -fno-wrapv -fno-exceptions -pthread
      gcc -fno-strict-overflow -Wsign-compare -DNDEBUG -g -O3 -Wall -fPIC -D_WIN32_WINNT=1536 -DGRPC_XDS_USER_AGENT_NAME_SUFFIX=\"Python\" -DGRPC_XDS_USER_AGENT_VERSION_SUFFIX=\"1.79.0.dev0\" -DHAVE_CONFIG_H=1 -DGRPC_ENABLE_FORK_SUPPORT=1 -DGRPC_ENABLE_FORK_SUPPORT_DEFAULT=false -DGRPC_PYTHON_BUILD=1 -D__STDC_FORMAT_MACROS "-DPyMODINIT_FUNC=extern \"C\" __attribute__((visibility (\"default\"))) PyObject*" -DGRPC_POSIX_FORK_ALLOW_PTHREAD_ATFORK=1 -Isrc/python/grpcio -Iinclude -I. -Ithird_party/abseil-cpp -Ithird_party/address_sorting/include -Ithird_party/cares/cares/include -Ithird_party/cares -Ithird_party/cares/cares -Ithird_party/cares/cares/src/lib/include -Ithird_party/cares/cares/src/lib -Ithird_party/cares/config_linux -Ithird_party/re2 -Ithird_party/boringssl-with-bazel/src/include -Ithird_party/upb -Isrc/core/ext/upb-gen -Isrc/core/ext/upbdefs-gen -Ithird_party/utf8_range -Ithird_party/xxhash -Ithird_party/zlib -I/usr/local/google/home/ssreenithi/.pyenv/versions/3.12.0/envs/pyvenv_312/include -I/usr/local/google/home/ssreenithi/.pyenv/versions/3.12.0/include/python3.12 -c third_party/boringssl-with-bazel/src/gen/bcm/sha512-x86_64-apple.S -o pyb/temp.linux-x86_64-cpython-312/third_party/boringssl-with-bazel/src/gen/bcm/sha512-x86_64-apple.o -std=c++17 -fvisibility=hidden -fno-wrapv -fno-exceptions -pthread
      gcc -fno-strict-overflow -Wsign-compare -DNDEBUG -g -O3 -Wall -fPIC -D_WIN32_WINNT=1536 -DGRPC_XDS_USER_AGENT_NAME_SUFFIX=\"Python\" -DGRPC_XDS_USER_AGENT_VERSION_SUFFIX=\"1.79.0.dev0\" -DHAVE_CONFIG_H=1 -DGRPC_ENABLE_FORK_SUPPORT=1 -DGRPC_ENABLE_FORK_SUPPORT_DEFAULT=false -DGRPC_PYTHON_BUILD=1 -D__STDC_FORMAT_MACROS "-DPyMODINIT_FUNC=extern \"C\" __attribute__((visibility (\"default\"))) PyObject*" -DGRPC_POSIX_FORK_ALLOW_PTHREAD_ATFORK=1 -Isrc/python/grpcio -Iinclude -I. -Ithird_party/abseil-cpp -Ithird_party/address_sorting/include -Ithird_party/cares/cares/include -Ithird_party/cares -Ithird_party/cares/cares -Ithird_party/cares/cares/src/lib/include -Ithird_party/cares/cares/src/lib -Ithird_party/cares/config_linux -Ithird_party/re2 -Ithird_party/boringssl-with-bazel/src/include -Ithird_party/upb -Isrc/core/ext/upb-gen -Isrc/core/ext/upbdefs-gen -Ithird_party/utf8_range -Ithird_party/xxhash -Ithird_party/zlib -I/usr/local/google/home/ssreenithi/.pyenv/versions/3.12.0/envs/pyvenv_312/include -I/usr/local/google/home/ssreenithi/.pyenv/versions/3.12.0/include/python3.12 -c third_party/boringssl-with-bazel/src/gen/bcm/x86-mont-apple.S -o pyb/temp.linux-x86_64-cpython-312/third_party/boringssl-with-bazel/src/gen/bcm/x86-mont-apple.o -std=c++17 -fvisibility=hidden -fno-wrapv -fno-exceptions -pthread
      In file included from ./src/core/lib/promise/activity.h:30,
                       from ./src/core/lib/resource_quota/memory_quota.h:39,
                       from ./src/core/lib/resource_quota/arena.h:39,
                       from ./src/core/call/message.h:20,
                       from ./src/core/telemetry/call_tracer.h:29,
                       from ./src/core/ext/transport/chttp2/transport/call_tracer_wrapper.h:22,
                       from src/core/ext/transport/chttp2/transport/call_tracer_wrapper.cc:19:
      ./src/core/lib/promise/detail/promise_factory.h:210:5: warning: ‘always_inline’ function might not be inlinable unless also declared ‘inline’ [-Wattributes]
        210 |     PromiseFactoryImpl(Token, F&& f) {
            |     ^~~~~~~~~~~~~~~~~~
      ./src/core/lib/promise/detail/promise_factory.h:210:5: warning: ‘always_inline’ function might not be inlinable unless also declared ‘inline’ [-Wattributes]
      ./src/core/lib/promise/detail/promise_factory.h:210:5: warning: ‘always_inline’ function might not be inlinable unless also declared ‘inline’ [-Wattributes]
      ./src/core/lib/promise/detail/promise_factory.h:210:5: warning: ‘always_inline’ function might not be inlinable unless also declared ‘inline’ [-Wattributes]
      ./src/core/lib/promise/detail/promise_factory.h:210:5: warning: ‘always_inline’ function might not be inlinable unless also declared ‘inline’ [-Wattributes]
      ./src/core/lib/promise/detail/promise_factory.h:210:5: warning: ‘always_inline’ function might not be inlinable unless also declared ‘inline’ [-Wattributes]
      ./src/core/lib/promise/detail/promise_factory.h:210:5: warning: ‘always_inline’ function might not be inlinable unless also declared ‘inline’ [-Wattributes]
      gcc -fno-strict-overflow -Wsign-compare -DNDEBUG -g -O3 -Wall -fPIC -D_WIN32_WINNT=1536 -DGRPC_XDS_USER_AGENT_NAME_SUFFIX=\"Python\" -DGRPC_XDS_USER_AGENT_VERSION_SUFFIX=\"1.79.0.dev0\" -DHAVE_CONFIG_H=1 -DGRPC_ENABLE_FORK_SUPPORT=1 -DGRPC_ENABLE_FORK_SUPPORT_DEFAULT=false -DGRPC_PYTHON_BUILD=1 -D__STDC_FORMAT_MACROS "-DPyMODINIT_FUNC=extern \"C\" __attribute__((visibility (\"default\"))) PyObject*" -DGRPC_POSIX_FORK_ALLOW_PTHREAD_ATFORK=1 -Isrc/python/grpcio -Iinclude -I. -Ithird_party/abseil-cpp -Ithird_party/address_sorting/include -Ithird_party/cares/cares/include -Ithird_party/cares -Ithird_party/cares/cares -Ithird_party/cares/cares/src/lib/include -Ithird_party/cares/cares/src/lib -Ithird_party/cares/config_linux -Ithird_party/re2 -Ithird_party/boringssl-with-bazel/src/include -Ithird_party/upb -Isrc/core/ext/upb-gen -Isrc/core/ext/upbdefs-gen -Ithird_party/utf8_range -Ithird_party/xxhash -Ithird_party/zlib -I/usr/local/google/home/ssreenithi/.pyenv/versions/3.12.0/envs/pyvenv_312/include -I/usr/local/google/home/ssreenithi/.pyenv/versions/3.12.0/include/python3.12 -c third_party/boringssl-with-bazel/src/gen/bcm/sha256-x86_64-linux.S -o pyb/temp.linux-x86_64-cpython-312/third_party/boringssl-with-bazel/src/gen/bcm/sha256-x86_64-linux.o -std=c++17 -fvisibility=hidden -fno-wrapv -fno-exceptions -pthread
      gcc -fno-strict-overflow -Wsign-compare -DNDEBUG -g -O3 -Wall -fPIC -D_WIN32_WINNT=1536 -DGRPC_XDS_USER_AGENT_NAME_SUFFIX=\"Python\" -DGRPC_XDS_USER_AGENT_VERSION_SUFFIX=\"1.79.0.dev0\" -DHAVE_CONFIG_H=1 -DGRPC_ENABLE_FORK_SUPPORT=1 -DGRPC_ENABLE_FORK_SUPPORT_DEFAULT=false -DGRPC_PYTHON_BUILD=1 -D__STDC_FORMAT_MACROS "-DPyMODINIT_FUNC=extern \"C\" __attribute__((visibility (\"default\"))) PyObject*" -DGRPC_POSIX_FORK_ALLOW_PTHREAD_ATFORK=1 -Isrc/python/grpcio -Iinclude -I. -Ithird_party/abseil-cpp -Ithird_party/address_sorting/include -Ithird_party/cares/cares/include -Ithird_party/cares -Ithird_party/cares/cares -Ithird_party/cares/cares/src/lib/include -Ithird_party/cares/cares/src/lib -Ithird_party/cares/config_linux -Ithird_party/re2 -Ithird_party/boringssl-with-bazel/src/include -Ithird_party/upb -Isrc/core/ext/upb-gen -Isrc/core/ext/upbdefs-gen -Ithird_party/utf8_range -Ithird_party/xxhash -Ithird_party/zlib -I/usr/local/google/home/ssreenithi/.pyenv/versions/3.12.0/envs/pyvenv_312/include -I/usr/local/google/home/ssreenithi/.pyenv/versions/3.12.0/include/python3.12 -c third_party/boringssl-with-bazel/src/gen/bcm/vpaes-x86-apple.S -o pyb/temp.linux-x86_64-cpython-312/third_party/boringssl-with-bazel/src/gen/bcm/vpaes-x86-apple.o -std=c++17 -fvisibility=hidden -fno-wrapv -fno-exceptions -pthread
      gcc -fno-strict-overflow -Wsign-compare -DNDEBUG -g -O3 -Wall -fPIC -D_WIN32_WINNT=1536 -DGRPC_XDS_USER_AGENT_NAME_SUFFIX=\"Python\" -DGRPC_XDS_USER_AGENT_VERSION_SUFFIX=\"1.79.0.dev0\" -DHAVE_CONFIG_H=1 -DGRPC_ENABLE_FORK_SUPPORT=1 -DGRPC_ENABLE_FORK_SUPPORT_DEFAULT=false -DGRPC_PYTHON_BUILD=1 -D__STDC_FORMAT_MACROS "-DPyMODINIT_FUNC=extern \"C\" __attribute__((visibility (\"default\"))) PyObject*" -DGRPC_POSIX_FORK_ALLOW_PTHREAD_ATFORK=1 -Isrc/python/grpcio -Iinclude -I. -Ithird_party/abseil-cpp -Ithird_party/address_sorting/include -Ithird_party/cares/cares/include -Ithird_party/cares -Ithird_party/cares/cares -Ithird_party/cares/cares/src/lib/include -Ithird_party/cares/cares/src/lib -Ithird_party/cares/config_linux -Ithird_party/re2 -Ithird_party/boringssl-with-bazel/src/include -Ithird_party/upb -Isrc/core/ext/upb-gen -Isrc/core/ext/upbdefs-gen -Ithird_party/utf8_range -Ithird_party/xxhash -Ithird_party/zlib -I/usr/local/google/home/ssreenithi/.pyenv/versions/3.12.0/envs/pyvenv_312/include -I/usr/local/google/home/ssreenithi/.pyenv/versions/3.12.0/include/python3.12 -c third_party/boringssl-with-bazel/src/gen/crypto/chacha-x86-apple.S -o pyb/temp.linux-x86_64-cpython-312/third_party/boringssl-with-bazel/src/gen/crypto/chacha-x86-apple.o -std=c++17 -fvisibility=hidden -fno-wrapv -fno-exceptions -pthread
      gcc -fno-strict-overflow -Wsign-compare -DNDEBUG -g -O3 -Wall -fPIC -D_WIN32_WINNT=1536 -DGRPC_XDS_USER_AGENT_NAME_SUFFIX=\"Python\" -DGRPC_XDS_USER_AGENT_VERSION_SUFFIX=\"1.79.0.dev0\" -DHAVE_CONFIG_H=1 -DGRPC_ENABLE_FORK_SUPPORT=1 -DGRPC_ENABLE_FORK_SUPPORT_DEFAULT=false -DGRPC_PYTHON_BUILD=1 -D__STDC_FORMAT_MACROS "-DPyMODINIT_FUNC=extern \"C\" __attribute__((visibility (\"default\"))) PyObject*" -DGRPC_POSIX_FORK_ALLOW_PTHREAD_ATFORK=1 -Isrc/python/grpcio -Iinclude -I. -Ithird_party/abseil-cpp -Ithird_party/address_sorting/include -Ithird_party/cares/cares/include -Ithird_party/cares -Ithird_party/cares/cares -Ithird_party/cares/cares/src/lib/include -Ithird_party/cares/cares/src/lib -Ithird_party/cares/config_linux -Ithird_party/re2 -Ithird_party/boringssl-with-bazel/src/include -Ithird_party/upb -Isrc/core/ext/upb-gen -Isrc/core/ext/upbdefs-gen -Ithird_party/utf8_range -Ithird_party/xxhash -Ithird_party/zlib -I/usr/local/google/home/ssreenithi/.pyenv/versions/3.12.0/envs/pyvenv_312/include -I/usr/local/google/home/ssreenithi/.pyenv/versions/3.12.0/include/python3.12 -c third_party/boringssl-with-bazel/src/gen/crypto/chacha20_poly1305_x86_64-apple.S -o pyb/temp.linux-x86_64-cpython-312/third_party/boringssl-with-bazel/src/gen/crypto/chacha20_poly1305_x86_64-apple.o -std=c++17 -fvisibility=hidden -fno-wrapv -fno-exceptions -pthread
      gcc -fno-strict-overflow -Wsign-compare -DNDEBUG -g -O3 -Wall -fPIC -D_WIN32_WINNT=1536 -DGRPC_XDS_USER_AGENT_NAME_SUFFIX=\"Python\" -DGRPC_XDS_USER_AGENT_VERSION_SUFFIX=\"1.79.0.dev0\" -DHAVE_CONFIG_H=1 -DGRPC_ENABLE_FORK_SUPPORT=1 -DGRPC_ENABLE_FORK_SUPPORT_DEFAULT=false -DGRPC_PYTHON_BUILD=1 -D__STDC_FORMAT_MACROS "-DPyMODINIT_FUNC=extern \"C\" __attribute__((visibility (\"default\"))) PyObject*" -DGRPC_POSIX_FORK_ALLOW_PTHREAD_ATFORK=1 -Isrc/python/grpcio -Iinclude -I. -Ithird_party/abseil-cpp -Ithird_party/address_sorting/include -Ithird_party/cares/cares/include -Ithird_party/cares -Ithird_party/cares/cares -Ithird_party/cares/cares/src/lib/include -Ithird_party/cares/cares/src/lib -Ithird_party/cares/config_linux -Ithird_party/re2 -Ithird_party/boringssl-with-bazel/src/include -Ithird_party/upb -Isrc/core/ext/upb-gen -Isrc/core/ext/upbdefs-gen -Ithird_party/utf8_range -Ithird_party/xxhash -Ithird_party/zlib -I/usr/local/google/home/ssreenithi/.pyenv/versions/3.12.0/envs/pyvenv_312/include -I/usr/local/google/home/ssreenithi/.pyenv/versions/3.12.0/include/python3.12 -c third_party/boringssl-with-bazel/src/gen/test_support/trampoline-armv4-linux.S -o pyb/temp.linux-x86_64-cpython-312/third_party/boringssl-with-bazel/src/gen/test_support/trampoline-armv4-linux.o -std=c++17 -fvisibility=hidden -fno-wrapv -fno-exceptions -pthread
      g++ -fno-strict-overflow -Wsign-compare -DNDEBUG -g -O3 -Wall -fPIC -D_WIN32_WINNT=1536 -DGRPC_XDS_USER_AGENT_NAME_SUFFIX=\"Python\" -DGRPC_XDS_USER_AGENT_VERSION_SUFFIX=\"1.79.0.dev0\" -DHAVE_CONFIG_H=1 -DGRPC_ENABLE_FORK_SUPPORT=1 -DGRPC_ENABLE_FORK_SUPPORT_DEFAULT=false -DGRPC_PYTHON_BUILD=1 -D__STDC_FORMAT_MACROS "-DPyMODINIT_FUNC=extern \"C\" __attribute__((visibility (\"default\"))) PyObject*" -DGRPC_POSIX_FORK_ALLOW_PTHREAD_ATFORK=1 -Isrc/python/grpcio -Iinclude -I. -Ithird_party/abseil-cpp -Ithird_party/address_sorting/include -Ithird_party/cares/cares/include -Ithird_party/cares -Ithird_party/cares/cares -Ithird_party/cares/cares/src/lib/include -Ithird_party/cares/cares/src/lib -Ithird_party/cares/config_linux -Ithird_party/re2 -Ithird_party/boringssl-with-bazel/src/include -Ithird_party/upb -Isrc/core/ext/upb-gen -Isrc/core/ext/upbdefs-gen -Ithird_party/utf8_range -Ithird_party/xxhash -Ithird_party/zlib -I/usr/local/google/home/ssreenithi/.pyenv/versions/3.12.0/envs/pyvenv_312/include -I/usr/local/google/home/ssreenithi/.pyenv/versions/3.12.0/include/python3.12 -c third_party/boringssl-with-bazel/src/crypto/x509/x509spki.cc -o pyb/temp.linux-x86_64-cpython-312/third_party/boringssl-with-bazel/src/crypto/x509/x509spki.o -std=c++17 -fvisibility=hidden -fno-wrapv -fno-exceptions -pthread
      gcc -fno-strict-overflow -Wsign-compare -DNDEBUG -g -O3 -Wall -fPIC -D_WIN32_WINNT=1536 -DGRPC_XDS_USER_AGENT_NAME_SUFFIX=\"Python\" -DGRPC_XDS_USER_AGENT_VERSION_SUFFIX=\"1.79.0.dev0\" -DHAVE_CONFIG_H=1 -DGRPC_ENABLE_FORK_SUPPORT=1 -DGRPC_ENABLE_FORK_SUPPORT_DEFAULT=false -DGRPC_PYTHON_BUILD=1 -D__STDC_FORMAT_MACROS "-DPyMODINIT_FUNC=extern \"C\" __attribute__((visibility (\"default\"))) PyObject*" -DGRPC_POSIX_FORK_ALLOW_PTHREAD_ATFORK=1 -Isrc/python/grpcio -Iinclude -I. -Ithird_party/abseil-cpp -Ithird_party/address_sorting/include -Ithird_party/cares/cares/include -Ithird_party/cares -Ithird_party/cares/cares -Ithird_party/cares/cares/src/lib/include -Ithird_party/cares/cares/src/lib -Ithird_party/cares/config_linux -Ithird_party/re2 -Ithird_party/boringssl-with-bazel/src/include -Ithird_party/upb -Isrc/core/ext/upb-gen -Isrc/core/ext/upbdefs-gen -Ithird_party/utf8_range -Ithird_party/xxhash -Ithird_party/zlib -I/usr/local/google/home/ssreenithi/.pyenv/versions/3.12.0/envs/pyvenv_312/include -I/usr/local/google/home/ssreenithi/.pyenv/versions/3.12.0/include/python3.12 -c third_party/boringssl-with-bazel/src/gen/bcm/x86-mont-linux.S -o pyb/temp.linux-x86_64-cpython-312/third_party/boringssl-with-bazel/src/gen/bcm/x86-mont-linux.o -std=c++17 -fvisibility=hidden -fno-wrapv -fno-exceptions -pthread
      gcc -fno-strict-overflow -Wsign-compare -DNDEBUG -g -O3 -Wall -fPIC -D_WIN32_WINNT=1536 -DGRPC_XDS_USER_AGENT_NAME_SUFFIX=\"Python\" -DGRPC_XDS_USER_AGENT_VERSION_SUFFIX=\"1.79.0.dev0\" -DHAVE_CONFIG_H=1 -DGRPC_ENABLE_FORK_SUPPORT=1 -DGRPC_ENABLE_FORK_SUPPORT_DEFAULT=false -DGRPC_PYTHON_BUILD=1 -D__STDC_FORMAT_MACROS "-DPyMODINIT_FUNC=extern \"C\" __attribute__((visibility (\"default\"))) PyObject*" -DGRPC_POSIX_FORK_ALLOW_PTHREAD_ATFORK=1 -Isrc/python/grpcio -Iinclude -I. -Ithird_party/abseil-cpp -Ithird_party/address_sorting/include -Ithird_party/cares/cares/include -Ithird_party/cares -Ithird_party/cares/cares -Ithird_party/cares/cares/src/lib/include -Ithird_party/cares/cares/src/lib -Ithird_party/cares/config_linux -Ithird_party/re2 -Ithird_party/boringssl-with-bazel/src/include -Ithird_party/upb -Isrc/core/ext/upb-gen -Isrc/core/ext/upbdefs-gen -Ithird_party/utf8_range -Ithird_party/xxhash -Ithird_party/zlib -I/usr/local/google/home/ssreenithi/.pyenv/versions/3.12.0/envs/pyvenv_312/include -I/usr/local/google/home/ssreenithi/.pyenv/versions/3.12.0/include/python3.12 -c third_party/boringssl-with-bazel/src/gen/crypto/aes128gcmsiv-x86_64-linux.S -o pyb/temp.linux-x86_64-cpython-312/third_party/boringssl-with-bazel/src/gen/crypto/aes128gcmsiv-x86_64-linux.o -std=c++17 -fvisibility=hidden -fno-wrapv -fno-exceptions -pthread
      gcc -fno-strict-overflow -Wsign-compare -DNDEBUG -g -O3 -Wall -fPIC -D_WIN32_WINNT=1536 -DGRPC_XDS_USER_AGENT_NAME_SUFFIX=\"Python\" -DGRPC_XDS_USER_AGENT_VERSION_SUFFIX=\"1.79.0.dev0\" -DHAVE_CONFIG_H=1 -DGRPC_ENABLE_FORK_SUPPORT=1 -DGRPC_ENABLE_FORK_SUPPORT_DEFAULT=false -DGRPC_PYTHON_BUILD=1 -D__STDC_FORMAT_MACROS "-DPyMODINIT_FUNC=extern \"C\" __attribute__((visibility (\"default\"))) PyObject*" -DGRPC_POSIX_FORK_ALLOW_PTHREAD_ATFORK=1 -Isrc/python/grpcio -Iinclude -I. -Ithird_party/abseil-cpp -Ithird_party/address_sorting/include -Ithird_party/cares/cares/include -Ithird_party/cares -Ithird_party/cares/cares -Ithird_party/cares/cares/src/lib/include -Ithird_party/cares/cares/src/lib -Ithird_party/cares/config_linux -Ithird_party/re2 -Ithird_party/boringssl-with-bazel/src/include -Ithird_party/upb -Isrc/core/ext/upb-gen -Isrc/core/ext/upbdefs-gen -Ithird_party/utf8_range -Ithird_party/xxhash -Ithird_party/zlib -I/usr/local/google/home/ssreenithi/.pyenv/versions/3.12.0/envs/pyvenv_312/include -I/usr/local/google/home/ssreenithi/.pyenv/versions/3.12.0/include/python3.12 -c third_party/boringssl-with-bazel/src/gen/bcm/vpaes-x86-linux.S -o pyb/temp.linux-x86_64-cpython-312/third_party/boringssl-with-bazel/src/gen/bcm/vpaes-x86-linux.o -std=c++17 -fvisibility=hidden -fno-wrapv -fno-exceptions -pthread
      /tmp/ccMO1iD3.s: Assembler messages:
      /tmp/ccMO1iD3.s: Warning: no SFrame FDE emitted; non-SP/FP register 0 in .cfi_def_cfa_register
      /tmp/ccMO1iD3.s: Warning: no SFrame FDE emitted; non-SP/FP register 0 in .cfi_def_cfa_register
      /tmp/ccMO1iD3.s: Warning: no SFrame FDE emitted; non-SP/FP register 0 in .cfi_def_cfa_register
      gcc -fno-strict-overflow -Wsign-compare -DNDEBUG -g -O3 -Wall -fPIC -D_WIN32_WINNT=1536 -DGRPC_XDS_USER_AGENT_NAME_SUFFIX=\"Python\" -DGRPC_XDS_USER_AGENT_VERSION_SUFFIX=\"1.79.0.dev0\" -DHAVE_CONFIG_H=1 -DGRPC_ENABLE_FORK_SUPPORT=1 -DGRPC_ENABLE_FORK_SUPPORT_DEFAULT=false -DGRPC_PYTHON_BUILD=1 -D__STDC_FORMAT_MACROS "-DPyMODINIT_FUNC=extern \"C\" __attribute__((visibility (\"default\"))) PyObject*" -DGRPC_POSIX_FORK_ALLOW_PTHREAD_ATFORK=1 -Isrc/python/grpcio -Iinclude -I. -Ithird_party/abseil-cpp -Ithird_party/address_sorting/include -Ithird_party/cares/cares/include -Ithird_party/cares -Ithird_party/cares/cares -Ithird_party/cares/cares/src/lib/include -Ithird_party/cares/cares/src/lib -Ithird_party/cares/config_linux -Ithird_party/re2 -Ithird_party/boringssl-with-bazel/src/include -Ithird_party/upb -Isrc/core/ext/upb-gen -Isrc/core/ext/upbdefs-gen -Ithird_party/utf8_range -Ithird_party/xxhash -Ithird_party/zlib -I/usr/local/google/home/ssreenithi/.pyenv/versions/3.12.0/envs/pyvenv_312/include -I/usr/local/google/home/ssreenithi/.pyenv/versions/3.12.0/include/python3.12 -c third_party/boringssl-with-bazel/src/gen/test_support/trampoline-x86_64-linux.S -o pyb/temp.linux-x86_64-cpython-312/third_party/boringssl-with-bazel/src/gen/test_support/trampoline-x86_64-linux.o -std=c++17 -fvisibility=hidden -fno-wrapv -fno-exceptions -pthread
      gcc -fno-strict-overflow -Wsign-compare -DNDEBUG -g -O3 -Wall -fPIC -D_WIN32_WINNT=1536 -DGRPC_XDS_USER_AGENT_NAME_SUFFIX=\"Python\" -DGRPC_XDS_USER_AGENT_VERSION_SUFFIX=\"1.79.0.dev0\" -DHAVE_CONFIG_H=1 -DGRPC_ENABLE_FORK_SUPPORT=1 -DGRPC_ENABLE_FORK_SUPPORT_DEFAULT=false -DGRPC_PYTHON_BUILD=1 -D__STDC_FORMAT_MACROS "-DPyMODINIT_FUNC=extern \"C\" __attribute__((visibility (\"default\"))) PyObject*" -DGRPC_POSIX_FORK_ALLOW_PTHREAD_ATFORK=1 -Isrc/python/grpcio -Iinclude -I. -Ithird_party/abseil-cpp -Ithird_party/address_sorting/include -Ithird_party/cares/cares/include -Ithird_party/cares -Ithird_party/cares/cares -Ithird_party/cares/cares/src/lib/include -Ithird_party/cares/cares/src/lib -Ithird_party/cares/config_linux -Ithird_party/re2 -Ithird_party/boringssl-with-bazel/src/include -Ithird_party/upb -Isrc/core/ext/upb-gen -Isrc/core/ext/upbdefs-gen -Ithird_party/utf8_range -Ithird_party/xxhash -Ithird_party/zlib -I/usr/local/google/home/ssreenithi/.pyenv/versions/3.12.0/envs/pyvenv_312/include -I/usr/local/google/home/ssreenithi/.pyenv/versions/3.12.0/include/python3.12 -c third_party/boringssl-with-bazel/src/gen/bcm/x86_64-mont-apple.S -o pyb/temp.linux-x86_64-cpython-312/third_party/boringssl-with-bazel/src/gen/bcm/x86_64-mont-apple.o -std=c++17 -fvisibility=hidden -fno-wrapv -fno-exceptions -pthread
      gcc -fno-strict-overflow -Wsign-compare -DNDEBUG -g -O3 -Wall -fPIC -D_WIN32_WINNT=1536 -DGRPC_XDS_USER_AGENT_NAME_SUFFIX=\"Python\" -DGRPC_XDS_USER_AGENT_VERSION_SUFFIX=\"1.79.0.dev0\" -DHAVE_CONFIG_H=1 -DGRPC_ENABLE_FORK_SUPPORT=1 -DGRPC_ENABLE_FORK_SUPPORT_DEFAULT=false -DGRPC_PYTHON_BUILD=1 -D__STDC_FORMAT_MACROS "-DPyMODINIT_FUNC=extern \"C\" __attribute__((visibility (\"default\"))) PyObject*" -DGRPC_POSIX_FORK_ALLOW_PTHREAD_ATFORK=1 -Isrc/python/grpcio -Iinclude -I. -Ithird_party/abseil-cpp -Ithird_party/address_sorting/include -Ithird_party/cares/cares/include -Ithird_party/cares -Ithird_party/cares/cares -Ithird_party/cares/cares/src/lib/include -Ithird_party/cares/cares/src/lib -Ithird_party/cares/config_linux -Ithird_party/re2 -Ithird_party/boringssl-with-bazel/src/include -Ithird_party/upb -Isrc/core/ext/upb-gen -Isrc/core/ext/upbdefs-gen -Ithird_party/utf8_range -Ithird_party/xxhash -Ithird_party/zlib -I/usr/local/google/home/ssreenithi/.pyenv/versions/3.12.0/envs/pyvenv_312/include -I/usr/local/google/home/ssreenithi/.pyenv/versions/3.12.0/include/python3.12 -c third_party/boringssl-with-bazel/src/gen/test_support/trampoline-armv8-apple.S -o pyb/temp.linux-x86_64-cpython-312/third_party/boringssl-with-bazel/src/gen/test_support/trampoline-armv8-apple.o -std=c++17 -fvisibility=hidden -fno-wrapv -fno-exceptions -pthread
      gcc -fno-strict-overflow -Wsign-compare -DNDEBUG -g -O3 -Wall -fPIC -D_WIN32_WINNT=1536 -DGRPC_XDS_USER_AGENT_NAME_SUFFIX=\"Python\" -DGRPC_XDS_USER_AGENT_VERSION_SUFFIX=\"1.79.0.dev0\" -DHAVE_CONFIG_H=1 -DGRPC_ENABLE_FORK_SUPPORT=1 -DGRPC_ENABLE_FORK_SUPPORT_DEFAULT=false -DGRPC_PYTHON_BUILD=1 -D__STDC_FORMAT_MACROS "-DPyMODINIT_FUNC=extern \"C\" __attribute__((visibility (\"default\"))) PyObject*" -DGRPC_POSIX_FORK_ALLOW_PTHREAD_ATFORK=1 -Isrc/python/grpcio -Iinclude -I. -Ithird_party/abseil-cpp -Ithird_party/address_sorting/include -Ithird_party/cares/cares/include -Ithird_party/cares -Ithird_party/cares/cares -Ithird_party/cares/cares/src/lib/include -Ithird_party/cares/cares/src/lib -Ithird_party/cares/config_linux -Ithird_party/re2 -Ithird_party/boringssl-with-bazel/src/include -Ithird_party/upb -Isrc/core/ext/upb-gen -Isrc/core/ext/upbdefs-gen -Ithird_party/utf8_range -Ithird_party/xxhash -Ithird_party/zlib -I/usr/local/google/home/ssreenithi/.pyenv/versions/3.12.0/envs/pyvenv_312/include -I/usr/local/google/home/ssreenithi/.pyenv/versions/3.12.0/include/python3.12 -c third_party/boringssl-with-bazel/src/gen/crypto/chacha-x86-linux.S -o pyb/temp.linux-x86_64-cpython-312/third_party/boringssl-with-bazel/src/gen/crypto/chacha-x86-linux.o -std=c++17 -fvisibility=hidden -fno-wrapv -fno-exceptions -pthread
      gcc -fno-strict-overflow -Wsign-compare -DNDEBUG -g -O3 -Wall -fPIC -D_WIN32_WINNT=1536 -DGRPC_XDS_USER_AGENT_NAME_SUFFIX=\"Python\" -DGRPC_XDS_USER_AGENT_VERSION_SUFFIX=\"1.79.0.dev0\" -DHAVE_CONFIG_H=1 -DGRPC_ENABLE_FORK_SUPPORT=1 -DGRPC_ENABLE_FORK_SUPPORT_DEFAULT=false -DGRPC_PYTHON_BUILD=1 -D__STDC_FORMAT_MACROS "-DPyMODINIT_FUNC=extern \"C\" __attribute__((visibility (\"default\"))) PyObject*" -DGRPC_POSIX_FORK_ALLOW_PTHREAD_ATFORK=1 -Isrc/python/grpcio -Iinclude -I. -Ithird_party/abseil-cpp -Ithird_party/address_sorting/include -Ithird_party/cares/cares/include -Ithird_party/cares -Ithird_party/cares/cares -Ithird_party/cares/cares/src/lib/include -Ithird_party/cares/cares/src/lib -Ithird_party/cares/config_linux -Ithird_party/re2 -Ithird_party/boringssl-with-bazel/src/include -Ithird_party/upb -Isrc/core/ext/upb-gen -Isrc/core/ext/upbdefs-gen -Ithird_party/utf8_range -Ithird_party/xxhash -Ithird_party/zlib -I/usr/local/google/home/ssreenithi/.pyenv/versions/3.12.0/envs/pyvenv_312/include -I/usr/local/google/home/ssreenithi/.pyenv/versions/3.12.0/include/python3.12 -c third_party/boringssl-with-bazel/src/gen/crypto/chacha20_poly1305_x86_64-linux.S -o pyb/temp.linux-x86_64-cpython-312/third_party/boringssl-with-bazel/src/gen/crypto/chacha20_poly1305_x86_64-linux.o -std=c++17 -fvisibility=hidden -fno-wrapv -fno-exceptions -pthread
      g++ -fno-strict-overflow -Wsign-compare -DNDEBUG -g -O3 -Wall -fPIC -D_WIN32_WINNT=1536 -DGRPC_XDS_USER_AGENT_NAME_SUFFIX=\"Python\" -DGRPC_XDS_USER_AGENT_VERSION_SUFFIX=\"1.79.0.dev0\" -DHAVE_CONFIG_H=1 -DGRPC_ENABLE_FORK_SUPPORT=1 -DGRPC_ENABLE_FORK_SUPPORT_DEFAULT=false -DGRPC_PYTHON_BUILD=1 -D__STDC_FORMAT_MACROS "-DPyMODINIT_FUNC=extern \"C\" __attribute__((visibility (\"default\"))) PyObject*" -DGRPC_POSIX_FORK_ALLOW_PTHREAD_ATFORK=1 -Isrc/python/grpcio -Iinclude -I. -Ithird_party/abseil-cpp -Ithird_party/address_sorting/include -Ithird_party/cares/cares/include -Ithird_party/cares -Ithird_party/cares/cares -Ithird_party/cares/cares/src/lib/include -Ithird_party/cares/cares/src/lib -Ithird_party/cares/config_linux -Ithird_party/re2 -Ithird_party/boringssl-with-bazel/src/include -Ithird_party/upb -Isrc/core/ext/upb-gen -Isrc/core/ext/upbdefs-gen -Ithird_party/utf8_range -Ithird_party/xxhash -Ithird_party/zlib -I/usr/local/google/home/ssreenithi/.pyenv/versions/3.12.0/envs/pyvenv_312/include -I/usr/local/google/home/ssreenithi/.pyenv/versions/3.12.0/include/python3.12 -c third_party/boringssl-with-bazel/src/ssl/dtls_record.cc -o pyb/temp.linux-x86_64-cpython-312/third_party/boringssl-with-bazel/src/ssl/dtls_record.o -std=c++17 -fvisibility=hidden -fno-wrapv -fno-exceptions -pthread
      g++ -fno-strict-overflow -Wsign-compare -DNDEBUG -g -O3 -Wall -fPIC -D_WIN32_WINNT=1536 -DGRPC_XDS_USER_AGENT_NAME_SUFFIX=\"Python\" -DGRPC_XDS_USER_AGENT_VERSION_SUFFIX=\"1.79.0.dev0\" -DHAVE_CONFIG_H=1 -DGRPC_ENABLE_FORK_SUPPORT=1 -DGRPC_ENABLE_FORK_SUPPORT_DEFAULT=false -DGRPC_PYTHON_BUILD=1 -D__STDC_FORMAT_MACROS "-DPyMODINIT_FUNC=extern \"C\" __attribute__((visibility (\"default\"))) PyObject*" -DGRPC_POSIX_FORK_ALLOW_PTHREAD_ATFORK=1 -Isrc/python/grpcio -Iinclude -I. -Ithird_party/abseil-cpp -Ithird_party/address_sorting/include -Ithird_party/cares/cares/include -Ithird_party/cares -Ithird_party/cares/cares -Ithird_party/cares/cares/src/lib/include -Ithird_party/cares/cares/src/lib -Ithird_party/cares/config_linux -Ithird_party/re2 -Ithird_party/boringssl-with-bazel/src/include -Ithird_party/upb -Isrc/core/ext/upb-gen -Isrc/core/ext/upbdefs-gen -Ithird_party/utf8_range -Ithird_party/xxhash -Ithird_party/zlib -I/usr/local/google/home/ssreenithi/.pyenv/versions/3.12.0/envs/pyvenv_312/include -I/usr/local/google/home/ssreenithi/.pyenv/versions/3.12.0/include/python3.12 -c third_party/boringssl-with-bazel/src/ssl/bio_ssl.cc -o pyb/temp.linux-x86_64-cpython-312/third_party/boringssl-with-bazel/src/ssl/bio_ssl.o -std=c++17 -fvisibility=hidden -fno-wrapv -fno-exceptions -pthread
      gcc -fno-strict-overflow -Wsign-compare -DNDEBUG -g -O3 -Wall -fPIC -D_WIN32_WINNT=1536 -DGRPC_XDS_USER_AGENT_NAME_SUFFIX=\"Python\" -DGRPC_XDS_USER_AGENT_VERSION_SUFFIX=\"1.79.0.dev0\" -DHAVE_CONFIG_H=1 -DGRPC_ENABLE_FORK_SUPPORT=1 -DGRPC_ENABLE_FORK_SUPPORT_DEFAULT=false -DGRPC_PYTHON_BUILD=1 -D__STDC_FORMAT_MACROS "-DPyMODINIT_FUNC=extern \"C\" __attribute__((visibility (\"default\"))) PyObject*" -DGRPC_POSIX_FORK_ALLOW_PTHREAD_ATFORK=1 -Isrc/python/grpcio -Iinclude -I. -Ithird_party/abseil-cpp -Ithird_party/address_sorting/include -Ithird_party/cares/cares/include -Ithird_party/cares -Ithird_party/cares/cares -Ithird_party/cares/cares/src/lib/include -Ithird_party/cares/cares/src/lib -Ithird_party/cares/config_linux -Ithird_party/re2 -Ithird_party/boringssl-with-bazel/src/include -Ithird_party/upb -Isrc/core/ext/upb-gen -Isrc/core/ext/upbdefs-gen -Ithird_party/utf8_range -Ithird_party/xxhash -Ithird_party/zlib -I/usr/local/google/home/ssreenithi/.pyenv/versions/3.12.0/envs/pyvenv_312/include -I/usr/local/google/home/ssreenithi/.pyenv/versions/3.12.0/include/python3.12 -c third_party/boringssl-with-bazel/src/gen/test_support/trampoline-armv8-linux.S -o pyb/temp.linux-x86_64-cpython-312/third_party/boringssl-with-bazel/src/gen/test_support/trampoline-armv8-linux.o -std=c++17 -fvisibility=hidden -fno-wrapv -fno-exceptions -pthread
      g++ -fno-strict-overflow -Wsign-compare -DNDEBUG -g -O3 -Wall -fPIC -D_WIN32_WINNT=1536 -DGRPC_XDS_USER_AGENT_NAME_SUFFIX=\"Python\" -DGRPC_XDS_USER_AGENT_VERSION_SUFFIX=\"1.79.0.dev0\" -DHAVE_CONFIG_H=1 -DGRPC_ENABLE_FORK_SUPPORT=1 -DGRPC_ENABLE_FORK_SUPPORT_DEFAULT=false -DGRPC_PYTHON_BUILD=1 -D__STDC_FORMAT_MACROS "-DPyMODINIT_FUNC=extern \"C\" __attribute__((visibility (\"default\"))) PyObject*" -DGRPC_POSIX_FORK_ALLOW_PTHREAD_ATFORK=1 -Isrc/python/grpcio -Iinclude -I. -Ithird_party/abseil-cpp -Ithird_party/address_sorting/include -Ithird_party/cares/cares/include -Ithird_party/cares -Ithird_party/cares/cares -Ithird_party/cares/cares/src/lib/include -Ithird_party/cares/cares/src/lib -Ithird_party/cares/config_linux -Ithird_party/re2 -Ithird_party/boringssl-with-bazel/src/include -Ithird_party/upb -Isrc/core/ext/upb-gen -Isrc/core/ext/upbdefs-gen -Ithird_party/utf8_range -Ithird_party/xxhash -Ithird_party/zlib -I/usr/local/google/home/ssreenithi/.pyenv/versions/3.12.0/envs/pyvenv_312/include -I/usr/local/google/home/ssreenithi/.pyenv/versions/3.12.0/include/python3.12 -c third_party/boringssl-with-bazel/src/crypto/pem/pem_oth.cc -o pyb/temp.linux-x86_64-cpython-312/third_party/boringssl-with-bazel/src/crypto/pem/pem_oth.o -std=c++17 -fvisibility=hidden -fno-wrapv -fno-exceptions -pthread
      gcc -fno-strict-overflow -Wsign-compare -DNDEBUG -g -O3 -Wall -fPIC -D_WIN32_WINNT=1536 -DGRPC_XDS_USER_AGENT_NAME_SUFFIX=\"Python\" -DGRPC_XDS_USER_AGENT_VERSION_SUFFIX=\"1.79.0.dev0\" -DHAVE_CONFIG_H=1 -DGRPC_ENABLE_FORK_SUPPORT=1 -DGRPC_ENABLE_FORK_SUPPORT_DEFAULT=false -DGRPC_PYTHON_BUILD=1 -D__STDC_FORMAT_MACROS "-DPyMODINIT_FUNC=extern \"C\" __attribute__((visibility (\"default\"))) PyObject*" -DGRPC_POSIX_FORK_ALLOW_PTHREAD_ATFORK=1 -Isrc/python/grpcio -Iinclude -I. -Ithird_party/abseil-cpp -Ithird_party/address_sorting/include -Ithird_party/cares/cares/include -Ithird_party/cares -Ithird_party/cares/cares -Ithird_party/cares/cares/src/lib/include -Ithird_party/cares/cares/src/lib -Ithird_party/cares/config_linux -Ithird_party/re2 -Ithird_party/boringssl-with-bazel/src/include -Ithird_party/upb -Isrc/core/ext/upb-gen -Isrc/core/ext/upbdefs-gen -Ithird_party/utf8_range -Ithird_party/xxhash -Ithird_party/zlib -I/usr/local/google/home/ssreenithi/.pyenv/versions/3.12.0/envs/pyvenv_312/include -I/usr/local/google/home/ssreenithi/.pyenv/versions/3.12.0/include/python3.12 -c third_party/boringssl-with-bazel/src/gen/bcm/x86_64-mont-linux.S -o pyb/temp.linux-x86_64-cpython-312/third_party/boringssl-with-bazel/src/gen/bcm/x86_64-mont-linux.o -std=c++17 -fvisibility=hidden -fno-wrapv -fno-exceptions -pthread
      gcc -fno-strict-overflow -Wsign-compare -DNDEBUG -g -O3 -Wall -fPIC -D_WIN32_WINNT=1536 -DGRPC_XDS_USER_AGENT_NAME_SUFFIX=\"Python\" -DGRPC_XDS_USER_AGENT_VERSION_SUFFIX=\"1.79.0.dev0\" -DHAVE_CONFIG_H=1 -DGRPC_ENABLE_FORK_SUPPORT=1 -DGRPC_ENABLE_FORK_SUPPORT_DEFAULT=false -DGRPC_PYTHON_BUILD=1 -D__STDC_FORMAT_MACROS "-DPyMODINIT_FUNC=extern \"C\" __attribute__((visibility (\"default\"))) PyObject*" -DGRPC_POSIX_FORK_ALLOW_PTHREAD_ATFORK=1 -Isrc/python/grpcio -Iinclude -I. -Ithird_party/abseil-cpp -Ithird_party/address_sorting/include -Ithird_party/cares/cares/include -Ithird_party/cares -Ithird_party/cares/cares -Ithird_party/cares/cares/src/lib/include -Ithird_party/cares/cares/src/lib -Ithird_party/cares/config_linux -Ithird_party/re2 -Ithird_party/boringssl-with-bazel/src/include -Ithird_party/upb -Isrc/core/ext/upb-gen -Isrc/core/ext/upbdefs-gen -Ithird_party/utf8_range -Ithird_party/xxhash -Ithird_party/zlib -I/usr/local/google/home/ssreenithi/.pyenv/versions/3.12.0/envs/pyvenv_312/include -I/usr/local/google/home/ssreenithi/.pyenv/versions/3.12.0/include/python3.12 -c third_party/boringssl-with-bazel/src/gen/crypto/chacha-armv4-linux.S -o pyb/temp.linux-x86_64-cpython-312/third_party/boringssl-with-bazel/src/gen/crypto/chacha-armv4-linux.o -std=c++17 -fvisibility=hidden -fno-wrapv -fno-exceptions -pthread
      gcc -fno-strict-overflow -Wsign-compare -DNDEBUG -g -O3 -Wall -fPIC -D_WIN32_WINNT=1536 -DGRPC_XDS_USER_AGENT_NAME_SUFFIX=\"Python\" -DGRPC_XDS_USER_AGENT_VERSION_SUFFIX=\"1.79.0.dev0\" -DHAVE_CONFIG_H=1 -DGRPC_ENABLE_FORK_SUPPORT=1 -DGRPC_ENABLE_FORK_SUPPORT_DEFAULT=false -DGRPC_PYTHON_BUILD=1 -D__STDC_FORMAT_MACROS "-DPyMODINIT_FUNC=extern \"C\" __attribute__((visibility (\"default\"))) PyObject*" -DGRPC_POSIX_FORK_ALLOW_PTHREAD_ATFORK=1 -Isrc/python/grpcio -Iinclude -I. -Ithird_party/abseil-cpp -Ithird_party/address_sorting/include -Ithird_party/cares/cares/include -Ithird_party/cares -Ithird_party/cares/cares -Ithird_party/cares/cares/src/lib/include -Ithird_party/cares/cares/src/lib -Ithird_party/cares/config_linux -Ithird_party/re2 -Ithird_party/boringssl-with-bazel/src/include -Ithird_party/upb -Isrc/core/ext/upb-gen -Isrc/core/ext/upbdefs-gen -Ithird_party/utf8_range -Ithird_party/xxhash -Ithird_party/zlib -I/usr/local/google/home/ssreenithi/.pyenv/versions/3.12.0/envs/pyvenv_312/include -I/usr/local/google/home/ssreenithi/.pyenv/versions/3.12.0/include/python3.12 -c third_party/boringssl-with-bazel/src/gen/crypto/chacha-x86_64-apple.S -o pyb/temp.linux-x86_64-cpython-312/third_party/boringssl-with-bazel/src/gen/crypto/chacha-x86_64-apple.o -std=c++17 -fvisibility=hidden -fno-wrapv -fno-exceptions -pthread
      gcc -fno-strict-overflow -Wsign-compare -DNDEBUG -g -O3 -Wall -fPIC -D_WIN32_WINNT=1536 -DGRPC_XDS_USER_AGENT_NAME_SUFFIX=\"Python\" -DGRPC_XDS_USER_AGENT_VERSION_SUFFIX=\"1.79.0.dev0\" -DHAVE_CONFIG_H=1 -DGRPC_ENABLE_FORK_SUPPORT=1 -DGRPC_ENABLE_FORK_SUPPORT_DEFAULT=false -DGRPC_PYTHON_BUILD=1 -D__STDC_FORMAT_MACROS "-DPyMODINIT_FUNC=extern \"C\" __attribute__((visibility (\"default\"))) PyObject*" -DGRPC_POSIX_FORK_ALLOW_PTHREAD_ATFORK=1 -Isrc/python/grpcio -Iinclude -I. -Ithird_party/abseil-cpp -Ithird_party/address_sorting/include -Ithird_party/cares/cares/include -Ithird_party/cares -Ithird_party/cares/cares -Ithird_party/cares/cares/src/lib/include -Ithird_party/cares/cares/src/lib -Ithird_party/cares/config_linux -Ithird_party/re2 -Ithird_party/boringssl-with-bazel/src/include -Ithird_party/upb -Isrc/core/ext/upb-gen -Isrc/core/ext/upbdefs-gen -Ithird_party/utf8_range -Ithird_party/xxhash -Ithird_party/zlib -I/usr/local/google/home/ssreenithi/.pyenv/versions/3.12.0/envs/pyvenv_312/include -I/usr/local/google/home/ssreenithi/.pyenv/versions/3.12.0/include/python3.12 -c third_party/boringssl-with-bazel/src/gen/test_support/trampoline-armv8-win.S -o pyb/temp.linux-x86_64-cpython-312/third_party/boringssl-with-bazel/src/gen/test_support/trampoline-armv8-win.o -std=c++17 -fvisibility=hidden -fno-wrapv -fno-exceptions -pthread
      g++ -fno-strict-overflow -Wsign-compare -DNDEBUG -g -O3 -Wall -fPIC -D_WIN32_WINNT=1536 -DGRPC_XDS_USER_AGENT_NAME_SUFFIX=\"Python\" -DGRPC_XDS_USER_AGENT_VERSION_SUFFIX=\"1.79.0.dev0\" -DHAVE_CONFIG_H=1 -DGRPC_ENABLE_FORK_SUPPORT=1 -DGRPC_ENABLE_FORK_SUPPORT_DEFAULT=false -DGRPC_PYTHON_BUILD=1 -D__STDC_FORMAT_MACROS "-DPyMODINIT_FUNC=extern \"C\" __attribute__((visibility (\"default\"))) PyObject*" -DGRPC_POSIX_FORK_ALLOW_PTHREAD_ATFORK=1 -Isrc/python/grpcio -Iinclude -I. -Ithird_party/abseil-cpp -Ithird_party/address_sorting/include -Ithird_party/cares/cares/include -Ithird_party/cares -Ithird_party/cares/cares -Ithird_party/cares/cares/src/lib/include -Ithird_party/cares/cares/src/lib -Ithird_party/cares/config_linux -Ithird_party/re2 -Ithird_party/boringssl-with-bazel/src/include -Ithird_party/upb -Isrc/core/ext/upb-gen -Isrc/core/ext/upbdefs-gen -Ithird_party/utf8_range -Ithird_party/xxhash -Ithird_party/zlib -I/usr/local/google/home/ssreenithi/.pyenv/versions/3.12.0/envs/pyvenv_312/include -I/usr/local/google/home/ssreenithi/.pyenv/versions/3.12.0/include/python3.12 -c third_party/boringssl-with-bazel/src/crypto/x509/v3_ncons.cc -o pyb/temp.linux-x86_64-cpython-312/third_party/boringssl-with-bazel/src/crypto/x509/v3_ncons.o -std=c++17 -fvisibility=hidden -fno-wrapv -fno-exceptions -pthread
      g++ -fno-strict-overflow -Wsign-compare -DNDEBUG -g -O3 -Wall -fPIC -D_WIN32_WINNT=1536 -DGRPC_XDS_USER_AGENT_NAME_SUFFIX=\"Python\" -DGRPC_XDS_USER_AGENT_VERSION_SUFFIX=\"1.79.0.dev0\" -DHAVE_CONFIG_H=1 -DGRPC_ENABLE_FORK_SUPPORT=1 -DGRPC_ENABLE_FORK_SUPPORT_DEFAULT=false -DGRPC_PYTHON_BUILD=1 -D__STDC_FORMAT_MACROS "-DPyMODINIT_FUNC=extern \"C\" __attribute__((visibility (\"default\"))) PyObject*" -DGRPC_POSIX_FORK_ALLOW_PTHREAD_ATFORK=1 -Isrc/python/grpcio -Iinclude -I. -Ithird_party/abseil-cpp -Ithird_party/address_sorting/include -Ithird_party/cares/cares/include -Ithird_party/cares -Ithird_party/cares/cares -Ithird_party/cares/cares/src/lib/include -Ithird_party/cares/cares/src/lib -Ithird_party/cares/config_linux -Ithird_party/re2 -Ithird_party/boringssl-with-bazel/src/include -Ithird_party/upb -Isrc/core/ext/upb-gen -Isrc/core/ext/upbdefs-gen -Ithird_party/utf8_range -Ithird_party/xxhash -Ithird_party/zlib -I/usr/local/google/home/ssreenithi/.pyenv/versions/3.12.0/envs/pyvenv_312/include -I/usr/local/google/home/ssreenithi/.pyenv/versions/3.12.0/include/python3.12 -c third_party/boringssl-with-bazel/src/gen/crypto/err_data.cc -o pyb/temp.linux-x86_64-cpython-312/third_party/boringssl-with-bazel/src/gen/crypto/err_data.o -std=c++17 -fvisibility=hidden -fno-wrapv -fno-exceptions -pthread
      gcc -fno-strict-overflow -Wsign-compare -DNDEBUG -g -O3 -Wall -fPIC -D_WIN32_WINNT=1536 -DGRPC_XDS_USER_AGENT_NAME_SUFFIX=\"Python\" -DGRPC_XDS_USER_AGENT_VERSION_SUFFIX=\"1.79.0.dev0\" -DHAVE_CONFIG_H=1 -DGRPC_ENABLE_FORK_SUPPORT=1 -DGRPC_ENABLE_FORK_SUPPORT_DEFAULT=false -DGRPC_PYTHON_BUILD=1 -D__STDC_FORMAT_MACROS "-DPyMODINIT_FUNC=extern \"C\" __attribute__((visibility (\"default\"))) PyObject*" -DGRPC_POSIX_FORK_ALLOW_PTHREAD_ATFORK=1 -Isrc/python/grpcio -Iinclude -I. -Ithird_party/abseil-cpp -Ithird_party/address_sorting/include -Ithird_party/cares/cares/include -Ithird_party/cares -Ithird_party/cares/cares -Ithird_party/cares/cares/src/lib/include -Ithird_party/cares/cares/src/lib -Ithird_party/cares/config_linux -Ithird_party/re2 -Ithird_party/boringssl-with-bazel/src/include -Ithird_party/upb -Isrc/core/ext/upb-gen -Isrc/core/ext/upbdefs-gen -Ithird_party/utf8_range -Ithird_party/xxhash -Ithird_party/zlib -I/usr/local/google/home/ssreenithi/.pyenv/versions/3.12.0/envs/pyvenv_312/include -I/usr/local/google/home/ssreenithi/.pyenv/versions/3.12.0/include/python3.12 -c third_party/boringssl-with-bazel/src/gen/crypto/chacha-x86_64-linux.S -o pyb/temp.linux-x86_64-cpython-312/third_party/boringssl-with-bazel/src/gen/crypto/chacha-x86_64-linux.o -std=c++17 -fvisibility=hidden -fno-wrapv -fno-exceptions -pthread
      /tmp/ccMRsqGJ.s: Assembler messages:
      /tmp/ccMRsqGJ.s: Warning: no SFrame FDE emitted; non-SP/FP register 0 in .cfi_def_cfa_register
      /tmp/ccMRsqGJ.s: Warning: no SFrame FDE emitted; non-SP/FP register 0 in .cfi_def_cfa_register
      /tmp/ccMRsqGJ.s: Warning: no SFrame FDE emitted; non-SP/FP register 0 in .cfi_def_cfa_register
      /tmp/ccMRsqGJ.s: Warning: no SFrame FDE emitted; non-SP/FP register 0 in .cfi_def_cfa_register
      gcc -fno-strict-overflow -Wsign-compare -DNDEBUG -g -O3 -Wall -fPIC -D_WIN32_WINNT=1536 -DGRPC_XDS_USER_AGENT_NAME_SUFFIX=\"Python\" -DGRPC_XDS_USER_AGENT_VERSION_SUFFIX=\"1.79.0.dev0\" -DHAVE_CONFIG_H=1 -DGRPC_ENABLE_FORK_SUPPORT=1 -DGRPC_ENABLE_FORK_SUPPORT_DEFAULT=false -DGRPC_PYTHON_BUILD=1 -D__STDC_FORMAT_MACROS "-DPyMODINIT_FUNC=extern \"C\" __attribute__((visibility (\"default\"))) PyObject*" -DGRPC_POSIX_FORK_ALLOW_PTHREAD_ATFORK=1 -Isrc/python/grpcio -Iinclude -I. -Ithird_party/abseil-cpp -Ithird_party/address_sorting/include -Ithird_party/cares/cares/include -Ithird_party/cares -Ithird_party/cares/cares -Ithird_party/cares/cares/src/lib/include -Ithird_party/cares/cares/src/lib -Ithird_party/cares/config_linux -Ithird_party/re2 -Ithird_party/boringssl-with-bazel/src/include -Ithird_party/upb -Isrc/core/ext/upb-gen -Isrc/core/ext/upbdefs-gen -Ithird_party/utf8_range -Ithird_party/xxhash -Ithird_party/zlib -I/usr/local/google/home/ssreenithi/.pyenv/versions/3.12.0/envs/pyvenv_312/include -I/usr/local/google/home/ssreenithi/.pyenv/versions/3.12.0/include/python3.12 -c third_party/boringssl-with-bazel/src/gen/bcm/x86_64-mont5-apple.S -o pyb/temp.linux-x86_64-cpython-312/third_party/boringssl-with-bazel/src/gen/bcm/x86_64-mont5-apple.o -std=c++17 -fvisibility=hidden -fno-wrapv -fno-exceptions -pthread
      gcc -fno-strict-overflow -Wsign-compare -DNDEBUG -g -O3 -Wall -fPIC -D_WIN32_WINNT=1536 -DGRPC_XDS_USER_AGENT_NAME_SUFFIX=\"Python\" -DGRPC_XDS_USER_AGENT_VERSION_SUFFIX=\"1.79.0.dev0\" -DHAVE_CONFIG_H=1 -DGRPC_ENABLE_FORK_SUPPORT=1 -DGRPC_ENABLE_FORK_SUPPORT_DEFAULT=false -DGRPC_PYTHON_BUILD=1 -D__STDC_FORMAT_MACROS "-DPyMODINIT_FUNC=extern \"C\" __attribute__((visibility (\"default\"))) PyObject*" -DGRPC_POSIX_FORK_ALLOW_PTHREAD_ATFORK=1 -Isrc/python/grpcio -Iinclude -I. -Ithird_party/abseil-cpp -Ithird_party/address_sorting/include -Ithird_party/cares/cares/include -Ithird_party/cares -Ithird_party/cares/cares -Ithird_party/cares/cares/src/lib/include -Ithird_party/cares/cares/src/lib -Ithird_party/cares/config_linux -Ithird_party/re2 -Ithird_party/boringssl-with-bazel/src/include -Ithird_party/upb -Isrc/core/ext/upb-gen -Isrc/core/ext/upbdefs-gen -Ithird_party/utf8_range -Ithird_party/xxhash -Ithird_party/zlib -I/usr/local/google/home/ssreenithi/.pyenv/versions/3.12.0/envs/pyvenv_312/include -I/usr/local/google/home/ssreenithi/.pyenv/versions/3.12.0/include/python3.12 -c third_party/boringssl-with-bazel/src/gen/crypto/chacha-armv8-apple.S -o pyb/temp.linux-x86_64-cpython-312/third_party/boringssl-with-bazel/src/gen/crypto/chacha-armv8-apple.o -std=c++17 -fvisibility=hidden -fno-wrapv -fno-exceptions -pthread
      gcc -fno-strict-overflow -Wsign-compare -DNDEBUG -g -O3 -Wall -fPIC -D_WIN32_WINNT=1536 -DGRPC_XDS_USER_AGENT_NAME_SUFFIX=\"Python\" -DGRPC_XDS_USER_AGENT_VERSION_SUFFIX=\"1.79.0.dev0\" -DHAVE_CONFIG_H=1 -DGRPC_ENABLE_FORK_SUPPORT=1 -DGRPC_ENABLE_FORK_SUPPORT_DEFAULT=false -DGRPC_PYTHON_BUILD=1 -D__STDC_FORMAT_MACROS "-DPyMODINIT_FUNC=extern \"C\" __attribute__((visibility (\"default\"))) PyObject*" -DGRPC_POSIX_FORK_ALLOW_PTHREAD_ATFORK=1 -Isrc/python/grpcio -Iinclude -I. -Ithird_party/abseil-cpp -Ithird_party/address_sorting/include -Ithird_party/cares/cares/include -Ithird_party/cares -Ithird_party/cares/cares -Ithird_party/cares/cares/src/lib/include -Ithird_party/cares/cares/src/lib -Ithird_party/cares/config_linux -Ithird_party/re2 -Ithird_party/boringssl-with-bazel/src/include -Ithird_party/upb -Isrc/core/ext/upb-gen -Isrc/core/ext/upbdefs-gen -Ithird_party/utf8_range -Ithird_party/xxhash -Ithird_party/zlib -I/usr/local/google/home/ssreenithi/.pyenv/versions/3.12.0/envs/pyvenv_312/include -I/usr/local/google/home/ssreenithi/.pyenv/versions/3.12.0/include/python3.12 -c third_party/boringssl-with-bazel/src/gen/test_support/trampoline-x86-apple.S -o pyb/temp.linux-x86_64-cpython-312/third_party/boringssl-with-bazel/src/gen/test_support/trampoline-x86-apple.o -std=c++17 -fvisibility=hidden -fno-wrapv -fno-exceptions -pthread
      g++ -fno-strict-overflow -Wsign-compare -DNDEBUG -g -O3 -Wall -fPIC -D_WIN32_WINNT=1536 -DGRPC_XDS_USER_AGENT_NAME_SUFFIX=\"Python\" -DGRPC_XDS_USER_AGENT_VERSION_SUFFIX=\"1.79.0.dev0\" -DHAVE_CONFIG_H=1 -DGRPC_ENABLE_FORK_SUPPORT=1 -DGRPC_ENABLE_FORK_SUPPORT_DEFAULT=false -DGRPC_PYTHON_BUILD=1 -D__STDC_FORMAT_MACROS "-DPyMODINIT_FUNC=extern \"C\" __attribute__((visibility (\"default\"))) PyObject*" -DGRPC_POSIX_FORK_ALLOW_PTHREAD_ATFORK=1 -Isrc/python/grpcio -Iinclude -I. -Ithird_party/abseil-cpp -Ithird_party/address_sorting/include -Ithird_party/cares/cares/include -Ithird_party/cares -Ithird_party/cares/cares -Ithird_party/cares/cares/src/lib/include -Ithird_party/cares/cares/src/lib -Ithird_party/cares/config_linux -Ithird_party/re2 -Ithird_party/boringssl-with-bazel/src/include -Ithird_party/upb -Isrc/core/ext/upb-gen -Isrc/core/ext/upbdefs-gen -Ithird_party/utf8_range -Ithird_party/xxhash -Ithird_party/zlib -I/usr/local/google/home/ssreenithi/.pyenv/versions/3.12.0/envs/pyvenv_312/include -I/usr/local/google/home/ssreenithi/.pyenv/versions/3.12.0/include/python3.12 -c src/core/credentials/transport/alts/alts_credentials.cc -o pyb/temp.linux-x86_64-cpython-312/src/core/credentials/transport/alts/alts_credentials.o -std=c++17 -fvisibility=hidden -fno-wrapv -fno-exceptions -pthread
      g++ -fno-strict-overflow -Wsign-compare -DNDEBUG -g -O3 -Wall -fPIC -D_WIN32_WINNT=1536 -DGRPC_XDS_USER_AGENT_NAME_SUFFIX=\"Python\" -DGRPC_XDS_USER_AGENT_VERSION_SUFFIX=\"1.79.0.dev0\" -DHAVE_CONFIG_H=1 -DGRPC_ENABLE_FORK_SUPPORT=1 -DGRPC_ENABLE_FORK_SUPPORT_DEFAULT=false -DGRPC_PYTHON_BUILD=1 -D__STDC_FORMAT_MACROS "-DPyMODINIT_FUNC=extern \"C\" __attribute__((visibility (\"default\"))) PyObject*" -DGRPC_POSIX_FORK_ALLOW_PTHREAD_ATFORK=1 -Isrc/python/grpcio -Iinclude -I. -Ithird_party/abseil-cpp -Ithird_party/address_sorting/include -Ithird_party/cares/cares/include -Ithird_party/cares -Ithird_party/cares/cares -Ithird_party/cares/cares/src/lib/include -Ithird_party/cares/cares/src/lib -Ithird_party/cares/config_linux -Ithird_party/re2 -Ithird_party/boringssl-with-bazel/src/include -Ithird_party/upb -Isrc/core/ext/upb-gen -Isrc/core/ext/upbdefs-gen -Ithird_party/utf8_range -Ithird_party/xxhash -Ithird_party/zlib -I/usr/local/google/home/ssreenithi/.pyenv/versions/3.12.0/envs/pyvenv_312/include -I/usr/local/google/home/ssreenithi/.pyenv/versions/3.12.0/include/python3.12 -c third_party/boringssl-with-bazel/src/crypto/x509/x_pubkey.cc -o pyb/temp.linux-x86_64-cpython-312/third_party/boringssl-with-bazel/src/crypto/x509/x_pubkey.o -std=c++17 -fvisibility=hidden -fno-wrapv -fno-exceptions -pthread
      /tmp/cciu5KEz.s: Assembler messages:
      /tmp/cciu5KEz.s: Warning: no SFrame FDE emitted; non-SP/FP register 9 in .cfi_def_cfa_register
      /tmp/cciu5KEz.s: Warning: no SFrame FDE emitted; non-SP/FP register 9 in .cfi_def_cfa_register
      /tmp/cciu5KEz.s: Warning: no SFrame FDE emitted; non-SP/FP register 9 in .cfi_def_cfa_register
      gcc -fno-strict-overflow -Wsign-compare -DNDEBUG -g -O3 -Wall -fPIC -D_WIN32_WINNT=1536 -DGRPC_XDS_USER_AGENT_NAME_SUFFIX=\"Python\" -DGRPC_XDS_USER_AGENT_VERSION_SUFFIX=\"1.79.0.dev0\" -DHAVE_CONFIG_H=1 -DGRPC_ENABLE_FORK_SUPPORT=1 -DGRPC_ENABLE_FORK_SUPPORT_DEFAULT=false -DGRPC_PYTHON_BUILD=1 -D__STDC_FORMAT_MACROS "-DPyMODINIT_FUNC=extern \"C\" __attribute__((visibility (\"default\"))) PyObject*" -DGRPC_POSIX_FORK_ALLOW_PTHREAD_ATFORK=1 -Isrc/python/grpcio -Iinclude -I. -Ithird_party/abseil-cpp -Ithird_party/address_sorting/include -Ithird_party/cares/cares/include -Ithird_party/cares -Ithird_party/cares/cares -Ithird_party/cares/cares/src/lib/include -Ithird_party/cares/cares/src/lib -Ithird_party/cares/config_linux -Ithird_party/re2 -Ithird_party/boringssl-with-bazel/src/include -Ithird_party/upb -Isrc/core/ext/upb-gen -Isrc/core/ext/upbdefs-gen -Ithird_party/utf8_range -Ithird_party/xxhash -Ithird_party/zlib -I/usr/local/google/home/ssreenithi/.pyenv/versions/3.12.0/envs/pyvenv_312/include -I/usr/local/google/home/ssreenithi/.pyenv/versions/3.12.0/include/python3.12 -c third_party/boringssl-with-bazel/src/gen/crypto/chacha20_poly1305_armv8-apple.S -o pyb/temp.linux-x86_64-cpython-312/third_party/boringssl-with-bazel/src/gen/crypto/chacha20_poly1305_armv8-apple.o -std=c++17 -fvisibility=hidden -fno-wrapv -fno-exceptions -pthread
      g++ -fno-strict-overflow -Wsign-compare -DNDEBUG -g -O3 -Wall -fPIC -D_WIN32_WINNT=1536 -DGRPC_XDS_USER_AGENT_NAME_SUFFIX=\"Python\" -DGRPC_XDS_USER_AGENT_VERSION_SUFFIX=\"1.79.0.dev0\" -DHAVE_CONFIG_H=1 -DGRPC_ENABLE_FORK_SUPPORT=1 -DGRPC_ENABLE_FORK_SUPPORT_DEFAULT=false -DGRPC_PYTHON_BUILD=1 -D__STDC_FORMAT_MACROS "-DPyMODINIT_FUNC=extern \"C\" __attribute__((visibility (\"default\"))) PyObject*" -DGRPC_POSIX_FORK_ALLOW_PTHREAD_ATFORK=1 -Isrc/python/grpcio -Iinclude -I. -Ithird_party/abseil-cpp -Ithird_party/address_sorting/include -Ithird_party/cares/cares/include -Ithird_party/cares -Ithird_party/cares/cares -Ithird_party/cares/cares/src/lib/include -Ithird_party/cares/cares/src/lib -Ithird_party/cares/config_linux -Ithird_party/re2 -Ithird_party/boringssl-with-bazel/src/include -Ithird_party/upb -Isrc/core/ext/upb-gen -Isrc/core/ext/upbdefs-gen -Ithird_party/utf8_range -Ithird_party/xxhash -Ithird_party/zlib -I/usr/local/google/home/ssreenithi/.pyenv/versions/3.12.0/envs/pyvenv_312/include -I/usr/local/google/home/ssreenithi/.pyenv/versions/3.12.0/include/python3.12 -c third_party/abseil-cpp/absl/strings/internal/cord_rep_btree_navigator.cc -o pyb/temp.linux-x86_64-cpython-312/third_party/abseil-cpp/absl/strings/internal/cord_rep_btree_navigator.o -std=c++17 -fvisibility=hidden -fno-wrapv -fno-exceptions -pthread
      gcc -fno-strict-overflow -Wsign-compare -DNDEBUG -g -O3 -Wall -fPIC -D_WIN32_WINNT=1536 -DGRPC_XDS_USER_AGENT_NAME_SUFFIX=\"Python\" -DGRPC_XDS_USER_AGENT_VERSION_SUFFIX=\"1.79.0.dev0\" -DHAVE_CONFIG_H=1 -DGRPC_ENABLE_FORK_SUPPORT=1 -DGRPC_ENABLE_FORK_SUPPORT_DEFAULT=false -DGRPC_PYTHON_BUILD=1 -D__STDC_FORMAT_MACROS "-DPyMODINIT_FUNC=extern \"C\" __attribute__((visibility (\"default\"))) PyObject*" -DGRPC_POSIX_FORK_ALLOW_PTHREAD_ATFORK=1 -Isrc/python/grpcio -Iinclude -I. -Ithird_party/abseil-cpp -Ithird_party/address_sorting/include -Ithird_party/cares/cares/include -Ithird_party/cares -Ithird_party/cares/cares -Ithird_party/cares/cares/src/lib/include -Ithird_party/cares/cares/src/lib -Ithird_party/cares/config_linux -Ithird_party/re2 -Ithird_party/boringssl-with-bazel/src/include -Ithird_party/upb -Isrc/core/ext/upb-gen -Isrc/core/ext/upbdefs-gen -Ithird_party/utf8_range -Ithird_party/xxhash -Ithird_party/zlib -I/usr/local/google/home/ssreenithi/.pyenv/versions/3.12.0/envs/pyvenv_312/include -I/usr/local/google/home/ssreenithi/.pyenv/versions/3.12.0/include/python3.12 -c third_party/boringssl-with-bazel/src/gen/crypto/chacha-armv8-linux.S -o pyb/temp.linux-x86_64-cpython-312/third_party/boringssl-with-bazel/src/gen/crypto/chacha-armv8-linux.o -std=c++17 -fvisibility=hidden -fno-wrapv -fno-exceptions -pthread
      In file included from ./src/core/lib/promise/activity.h:30,
                       from ./src/core/call/call_state.h:23,
                       from ./src/core/call/call_filters.h:26,
                       from ./src/core/lib/surface/channel_init.h:31,
                       from ./src/core/config/core_configuration.h:29,
                       from ./src/core/lib/resource_quota/api.h:23,
                       from src/core/handshaker/security/secure_endpoint.cc:48:
      ./src/core/lib/promise/detail/promise_factory.h:210:5: warning: ‘always_inline’ function might not be inlinable unless also declared ‘inline’ [-Wattributes]
        210 |     PromiseFactoryImpl(Token, F&& f) {
            |     ^~~~~~~~~~~~~~~~~~
      ./src/core/lib/promise/detail/promise_factory.h:210:5: warning: ‘always_inline’ function might not be inlinable unless also declared ‘inline’ [-Wattributes]
      ./src/core/lib/promise/detail/promise_factory.h:210:5: warning: ‘always_inline’ function might not be inlinable unless also declared ‘inline’ [-Wattributes]
      g++ -fno-strict-overflow -Wsign-compare -DNDEBUG -g -O3 -Wall -fPIC -D_WIN32_WINNT=1536 -DGRPC_XDS_USER_AGENT_NAME_SUFFIX=\"Python\" -DGRPC_XDS_USER_AGENT_VERSION_SUFFIX=\"1.79.0.dev0\" -DHAVE_CONFIG_H=1 -DGRPC_ENABLE_FORK_SUPPORT=1 -DGRPC_ENABLE_FORK_SUPPORT_DEFAULT=false -DGRPC_PYTHON_BUILD=1 -D__STDC_FORMAT_MACROS "-DPyMODINIT_FUNC=extern \"C\" __attribute__((visibility (\"default\"))) PyObject*" -DGRPC_POSIX_FORK_ALLOW_PTHREAD_ATFORK=1 -Isrc/python/grpcio -Iinclude -I. -Ithird_party/abseil-cpp -Ithird_party/address_sorting/include -Ithird_party/cares/cares/include -Ithird_party/cares -Ithird_party/cares/cares -Ithird_party/cares/cares/src/lib/include -Ithird_party/cares/cares/src/lib -Ithird_party/cares/config_linux -Ithird_party/re2 -Ithird_party/boringssl-with-bazel/src/include -Ithird_party/upb -Isrc/core/ext/upb-gen -Isrc/core/ext/upbdefs-gen -Ithird_party/utf8_range -Ithird_party/xxhash -Ithird_party/zlib -I/usr/local/google/home/ssreenithi/.pyenv/versions/3.12.0/envs/pyvenv_312/include -I/usr/local/google/home/ssreenithi/.pyenv/versions/3.12.0/include/python3.12 -c third_party/boringssl-with-bazel/src/ssl/s3_both.cc -o pyb/temp.linux-x86_64-cpython-312/third_party/boringssl-with-bazel/src/ssl/s3_both.o -std=c++17 -fvisibility=hidden -fno-wrapv -fno-exceptions -pthread
      ./src/core/lib/promise/detail/promise_factory.h:210:5: warning: ‘always_inline’ function might not be inlinable unless also declared ‘inline’ [-Wattributes]
      ./src/core/lib/promise/detail/promise_factory.h:210:5: warning: ‘always_inline’ function might not be inlinable unless also declared ‘inline’ [-Wattributes]
      ./src/core/lib/promise/detail/promise_factory.h:210:5: warning: ‘always_inline’ function might not be inlinable unless also declared ‘inline’ [-Wattributes]
      ./src/core/lib/promise/detail/promise_factory.h:210:5: warning: ‘always_inline’ function might not be inlinable unless also declared ‘inline’ [-Wattributes]
      gcc -fno-strict-overflow -Wsign-compare -DNDEBUG -g -O3 -Wall -fPIC -D_WIN32_WINNT=1536 -DGRPC_XDS_USER_AGENT_NAME_SUFFIX=\"Python\" -DGRPC_XDS_USER_AGENT_VERSION_SUFFIX=\"1.79.0.dev0\" -DHAVE_CONFIG_H=1 -DGRPC_ENABLE_FORK_SUPPORT=1 -DGRPC_ENABLE_FORK_SUPPORT_DEFAULT=false -DGRPC_PYTHON_BUILD=1 -D__STDC_FORMAT_MACROS "-DPyMODINIT_FUNC=extern \"C\" __attribute__((visibility (\"default\"))) PyObject*" -DGRPC_POSIX_FORK_ALLOW_PTHREAD_ATFORK=1 -Isrc/python/grpcio -Iinclude -I. -Ithird_party/abseil-cpp -Ithird_party/address_sorting/include -Ithird_party/cares/cares/include -Ithird_party/cares -Ithird_party/cares/cares -Ithird_party/cares/cares/src/lib/include -Ithird_party/cares/cares/src/lib -Ithird_party/cares/config_linux -Ithird_party/re2 -Ithird_party/boringssl-with-bazel/src/include -Ithird_party/upb -Isrc/core/ext/upb-gen -Isrc/core/ext/upbdefs-gen -Ithird_party/utf8_range -Ithird_party/xxhash -Ithird_party/zlib -I/usr/local/google/home/ssreenithi/.pyenv/versions/3.12.0/envs/pyvenv_312/include -I/usr/local/google/home/ssreenithi/.pyenv/versions/3.12.0/include/python3.12 -c third_party/boringssl-with-bazel/src/gen/crypto/chacha20_poly1305_armv8-linux.S -o pyb/temp.linux-x86_64-cpython-312/third_party/boringssl-with-bazel/src/gen/crypto/chacha20_poly1305_armv8-linux.o -std=c++17 -fvisibility=hidden -fno-wrapv -fno-exceptions -pthread
      gcc -fno-strict-overflow -Wsign-compare -DNDEBUG -g -O3 -Wall -fPIC -D_WIN32_WINNT=1536 -DGRPC_XDS_USER_AGENT_NAME_SUFFIX=\"Python\" -DGRPC_XDS_USER_AGENT_VERSION_SUFFIX=\"1.79.0.dev0\" -DHAVE_CONFIG_H=1 -DGRPC_ENABLE_FORK_SUPPORT=1 -DGRPC_ENABLE_FORK_SUPPORT_DEFAULT=false -DGRPC_PYTHON_BUILD=1 -D__STDC_FORMAT_MACROS "-DPyMODINIT_FUNC=extern \"C\" __attribute__((visibility (\"default\"))) PyObject*" -DGRPC_POSIX_FORK_ALLOW_PTHREAD_ATFORK=1 -Isrc/python/grpcio -Iinclude -I. -Ithird_party/abseil-cpp -Ithird_party/address_sorting/include -Ithird_party/cares/cares/include -Ithird_party/cares -Ithird_party/cares/cares -Ithird_party/cares/cares/src/lib/include -Ithird_party/cares/cares/src/lib -Ithird_party/cares/config_linux -Ithird_party/re2 -Ithird_party/boringssl-with-bazel/src/include -Ithird_party/upb -Isrc/core/ext/upb-gen -Isrc/core/ext/upbdefs-gen -Ithird_party/utf8_range -Ithird_party/xxhash -Ithird_party/zlib -I/usr/local/google/home/ssreenithi/.pyenv/versions/3.12.0/envs/pyvenv_312/include -I/usr/local/google/home/ssreenithi/.pyenv/versions/3.12.0/include/python3.12 -c third_party/boringssl-with-bazel/src/gen/test_support/trampoline-x86-linux.S -o pyb/temp.linux-x86_64-cpython-312/third_party/boringssl-with-bazel/src/gen/test_support/trampoline-x86-linux.o -std=c++17 -fvisibility=hidden -fno-wrapv -fno-exceptions -pthread
      g++ -fno-strict-overflow -Wsign-compare -DNDEBUG -g -O3 -Wall -fPIC -D_WIN32_WINNT=1536 -DGRPC_XDS_USER_AGENT_NAME_SUFFIX=\"Python\" -DGRPC_XDS_USER_AGENT_VERSION_SUFFIX=\"1.79.0.dev0\" -DHAVE_CONFIG_H=1 -DGRPC_ENABLE_FORK_SUPPORT=1 -DGRPC_ENABLE_FORK_SUPPORT_DEFAULT=false -DGRPC_PYTHON_BUILD=1 -D__STDC_FORMAT_MACROS "-DPyMODINIT_FUNC=extern \"C\" __attribute__((visibility (\"default\"))) PyObject*" -DGRPC_POSIX_FORK_ALLOW_PTHREAD_ATFORK=1 -Isrc/python/grpcio -Iinclude -I. -Ithird_party/abseil-cpp -Ithird_party/address_sorting/include -Ithird_party/cares/cares/include -Ithird_party/cares -Ithird_party/cares/cares -Ithird_party/cares/cares/src/lib/include -Ithird_party/cares/cares/src/lib -Ithird_party/cares/config_linux -Ithird_party/re2 -Ithird_party/boringssl-with-bazel/src/include -Ithird_party/upb -Isrc/core/ext/upb-gen -Isrc/core/ext/upbdefs-gen -Ithird_party/utf8_range -Ithird_party/xxhash -Ithird_party/zlib -I/usr/local/google/home/ssreenithi/.pyenv/versions/3.12.0/envs/pyvenv_312/include -I/usr/local/google/home/ssreenithi/.pyenv/versions/3.12.0/include/python3.12 -c third_party/boringssl-with-bazel/src/crypto/x509/v3_utl.cc -o pyb/temp.linux-x86_64-cpython-312/third_party/boringssl-with-bazel/src/crypto/x509/v3_utl.o -std=c++17 -fvisibility=hidden -fno-wrapv -fno-exceptions -pthread
      gcc -fno-strict-overflow -Wsign-compare -DNDEBUG -g -O3 -Wall -fPIC -D_WIN32_WINNT=1536 -DGRPC_XDS_USER_AGENT_NAME_SUFFIX=\"Python\" -DGRPC_XDS_USER_AGENT_VERSION_SUFFIX=\"1.79.0.dev0\" -DHAVE_CONFIG_H=1 -DGRPC_ENABLE_FORK_SUPPORT=1 -DGRPC_ENABLE_FORK_SUPPORT_DEFAULT=false -DGRPC_PYTHON_BUILD=1 -D__STDC_FORMAT_MACROS "-DPyMODINIT_FUNC=extern \"C\" __attribute__((visibility (\"default\"))) PyObject*" -DGRPC_POSIX_FORK_ALLOW_PTHREAD_ATFORK=1 -Isrc/python/grpcio -Iinclude -I. -Ithird_party/abseil-cpp -Ithird_party/address_sorting/include -Ithird_party/cares/cares/include -Ithird_party/cares -Ithird_party/cares/cares -Ithird_party/cares/cares/src/lib/include -Ithird_party/cares/cares/src/lib -Ithird_party/cares/config_linux -Ithird_party/re2 -Ithird_party/boringssl-with-bazel/src/include -Ithird_party/upb -Isrc/core/ext/upb-gen -Isrc/core/ext/upbdefs-gen -Ithird_party/utf8_range -Ithird_party/xxhash -Ithird_party/zlib -I/usr/local/google/home/ssreenithi/.pyenv/versions/3.12.0/envs/pyvenv_312/include -I/usr/local/google/home/ssreenithi/.pyenv/versions/3.12.0/include/python3.12 -c third_party/boringssl-with-bazel/src/gen/crypto/chacha-armv8-win.S -o pyb/temp.linux-x86_64-cpython-312/third_party/boringssl-with-bazel/src/gen/crypto/chacha-armv8-win.o -std=c++17 -fvisibility=hidden -fno-wrapv -fno-exceptions -pthread
      gcc -fno-strict-overflow -Wsign-compare -DNDEBUG -g -O3 -Wall -fPIC -D_WIN32_WINNT=1536 -DGRPC_XDS_USER_AGENT_NAME_SUFFIX=\"Python\" -DGRPC_XDS_USER_AGENT_VERSION_SUFFIX=\"1.79.0.dev0\" -DHAVE_CONFIG_H=1 -DGRPC_ENABLE_FORK_SUPPORT=1 -DGRPC_ENABLE_FORK_SUPPORT_DEFAULT=false -DGRPC_PYTHON_BUILD=1 -D__STDC_FORMAT_MACROS "-DPyMODINIT_FUNC=extern \"C\" __attribute__((visibility (\"default\"))) PyObject*" -DGRPC_POSIX_FORK_ALLOW_PTHREAD_ATFORK=1 -Isrc/python/grpcio -Iinclude -I. -Ithird_party/abseil-cpp -Ithird_party/address_sorting/include -Ithird_party/cares/cares/include -Ithird_party/cares -Ithird_party/cares/cares -Ithird_party/cares/cares/src/lib/include -Ithird_party/cares/cares/src/lib -Ithird_party/cares/config_linux -Ithird_party/re2 -Ithird_party/boringssl-with-bazel/src/include -Ithird_party/upb -Isrc/core/ext/upb-gen -Isrc/core/ext/upbdefs-gen -Ithird_party/utf8_range -Ithird_party/xxhash -Ithird_party/zlib -I/usr/local/google/home/ssreenithi/.pyenv/versions/3.12.0/envs/pyvenv_312/include -I/usr/local/google/home/ssreenithi/.pyenv/versions/3.12.0/include/python3.12 -c third_party/boringssl-with-bazel/src/gen/crypto/chacha20_poly1305_armv8-win.S -o pyb/temp.linux-x86_64-cpython-312/third_party/boringssl-with-bazel/src/gen/crypto/chacha20_poly1305_armv8-win.o -std=c++17 -fvisibility=hidden -fno-wrapv -fno-exceptions -pthread
      g++ -fno-strict-overflow -Wsign-compare -DNDEBUG -g -O3 -Wall -fPIC -D_WIN32_WINNT=1536 -DGRPC_XDS_USER_AGENT_NAME_SUFFIX=\"Python\" -DGRPC_XDS_USER_AGENT_VERSION_SUFFIX=\"1.79.0.dev0\" -DHAVE_CONFIG_H=1 -DGRPC_ENABLE_FORK_SUPPORT=1 -DGRPC_ENABLE_FORK_SUPPORT_DEFAULT=false -DGRPC_PYTHON_BUILD=1 -D__STDC_FORMAT_MACROS "-DPyMODINIT_FUNC=extern \"C\" __attribute__((visibility (\"default\"))) PyObject*" -DGRPC_POSIX_FORK_ALLOW_PTHREAD_ATFORK=1 -Isrc/python/grpcio -Iinclude -I. -Ithird_party/abseil-cpp -Ithird_party/address_sorting/include -Ithird_party/cares/cares/include -Ithird_party/cares -Ithird_party/cares/cares -Ithird_party/cares/cares/src/lib/include -Ithird_party/cares/cares/src/lib -Ithird_party/cares/config_linux -Ithird_party/re2 -Ithird_party/boringssl-with-bazel/src/include -Ithird_party/upb -Isrc/core/ext/upb-gen -Isrc/core/ext/upbdefs-gen -Ithird_party/utf8_range -Ithird_party/xxhash -Ithird_party/zlib -I/usr/local/google/home/ssreenithi/.pyenv/versions/3.12.0/envs/pyvenv_312/include -I/usr/local/google/home/ssreenithi/.pyenv/versions/3.12.0/include/python3.12 -c third_party/boringssl-with-bazel/src/crypto/x509/x509_ext.cc -o pyb/temp.linux-x86_64-cpython-312/third_party/boringssl-with-bazel/src/crypto/x509/x509_ext.o -std=c++17 -fvisibility=hidden -fno-wrapv -fno-exceptions -pthread
      g++ -fno-strict-overflow -Wsign-compare -DNDEBUG -g -O3 -Wall -fPIC -D_WIN32_WINNT=1536 -DGRPC_XDS_USER_AGENT_NAME_SUFFIX=\"Python\" -DGRPC_XDS_USER_AGENT_VERSION_SUFFIX=\"1.79.0.dev0\" -DHAVE_CONFIG_H=1 -DGRPC_ENABLE_FORK_SUPPORT=1 -DGRPC_ENABLE_FORK_SUPPORT_DEFAULT=false -DGRPC_PYTHON_BUILD=1 -D__STDC_FORMAT_MACROS "-DPyMODINIT_FUNC=extern \"C\" __attribute__((visibility (\"default\"))) PyObject*" -DGRPC_POSIX_FORK_ALLOW_PTHREAD_ATFORK=1 -Isrc/python/grpcio -Iinclude -I. -Ithird_party/abseil-cpp -Ithird_party/address_sorting/include -Ithird_party/cares/cares/include -Ithird_party/cares -Ithird_party/cares/cares -Ithird_party/cares/cares/src/lib/include -Ithird_party/cares/cares/src/lib -Ithird_party/cares/config_linux -Ithird_party/re2 -Ithird_party/boringssl-with-bazel/src/include -Ithird_party/upb -Isrc/core/ext/upb-gen -Isrc/core/ext/upbdefs-gen -Ithird_party/utf8_range -Ithird_party/xxhash -Ithird_party/zlib -I/usr/local/google/home/ssreenithi/.pyenv/versions/3.12.0/envs/pyvenv_312/include -I/usr/local/google/home/ssreenithi/.pyenv/versions/3.12.0/include/python3.12 -c third_party/boringssl-with-bazel/src/ssl/ssl_cipher.cc -o pyb/temp.linux-x86_64-cpython-312/third_party/boringssl-with-bazel/src/ssl/ssl_cipher.o -std=c++17 -fvisibility=hidden -fno-wrapv -fno-exceptions -pthread
      gcc -fno-strict-overflow -Wsign-compare -DNDEBUG -g -O3 -Wall -fPIC -D_WIN32_WINNT=1536 -DGRPC_XDS_USER_AGENT_NAME_SUFFIX=\"Python\" -DGRPC_XDS_USER_AGENT_VERSION_SUFFIX=\"1.79.0.dev0\" -DHAVE_CONFIG_H=1 -DGRPC_ENABLE_FORK_SUPPORT=1 -DGRPC_ENABLE_FORK_SUPPORT_DEFAULT=false -DGRPC_PYTHON_BUILD=1 -D__STDC_FORMAT_MACROS "-DPyMODINIT_FUNC=extern \"C\" __attribute__((visibility (\"default\"))) PyObject*" -DGRPC_POSIX_FORK_ALLOW_PTHREAD_ATFORK=1 -Isrc/python/grpcio -Iinclude -I. -Ithird_party/abseil-cpp -Ithird_party/address_sorting/include -Ithird_party/cares/cares/include -Ithird_party/cares -Ithird_party/cares/cares -Ithird_party/cares/cares/src/lib/include -Ithird_party/cares/cares/src/lib -Ithird_party/cares/config_linux -Ithird_party/re2 -Ithird_party/boringssl-with-bazel/src/include -Ithird_party/upb -Isrc/core/ext/upb-gen -Isrc/core/ext/upbdefs-gen -Ithird_party/utf8_range -Ithird_party/xxhash -Ithird_party/zlib -I/usr/local/google/home/ssreenithi/.pyenv/versions/3.12.0/envs/pyvenv_312/include -I/usr/local/google/home/ssreenithi/.pyenv/versions/3.12.0/include/python3.12 -c third_party/boringssl-with-bazel/src/gen/test_support/trampoline-x86_64-apple.S -o pyb/temp.linux-x86_64-cpython-312/third_party/boringssl-with-bazel/src/gen/test_support/trampoline-x86_64-apple.o -std=c++17 -fvisibility=hidden -fno-wrapv -fno-exceptions -pthread
      g++ -fno-strict-overflow -Wsign-compare -DNDEBUG -g -O3 -Wall -fPIC -D_WIN32_WINNT=1536 -DGRPC_XDS_USER_AGENT_NAME_SUFFIX=\"Python\" -DGRPC_XDS_USER_AGENT_VERSION_SUFFIX=\"1.79.0.dev0\" -DHAVE_CONFIG_H=1 -DGRPC_ENABLE_FORK_SUPPORT=1 -DGRPC_ENABLE_FORK_SUPPORT_DEFAULT=false -DGRPC_PYTHON_BUILD=1 -D__STDC_FORMAT_MACROS "-DPyMODINIT_FUNC=extern \"C\" __attribute__((visibility (\"default\"))) PyObject*" -DGRPC_POSIX_FORK_ALLOW_PTHREAD_ATFORK=1 -Isrc/python/grpcio -Iinclude -I. -Ithird_party/abseil-cpp -Ithird_party/address_sorting/include -Ithird_party/cares/cares/include -Ithird_party/cares -Ithird_party/cares/cares -Ithird_party/cares/cares/src/lib/include -Ithird_party/cares/cares/src/lib -Ithird_party/cares/config_linux -Ithird_party/re2 -Ithird_party/boringssl-with-bazel/src/include -Ithird_party/upb -Isrc/core/ext/upb-gen -Isrc/core/ext/upbdefs-gen -Ithird_party/utf8_range -Ithird_party/xxhash -Ithird_party/zlib -I/usr/local/google/home/ssreenithi/.pyenv/versions/3.12.0/envs/pyvenv_312/include -I/usr/local/google/home/ssreenithi/.pyenv/versions/3.12.0/include/python3.12 -c third_party/boringssl-with-bazel/src/ssl/ssl_stat.cc -o pyb/temp.linux-x86_64-cpython-312/third_party/boringssl-with-bazel/src/ssl/ssl_stat.o -std=c++17 -fvisibility=hidden -fno-wrapv -fno-exceptions -pthread
      g++ -fno-strict-overflow -Wsign-compare -DNDEBUG -g -O3 -Wall -fPIC -D_WIN32_WINNT=1536 -DGRPC_XDS_USER_AGENT_NAME_SUFFIX=\"Python\" -DGRPC_XDS_USER_AGENT_VERSION_SUFFIX=\"1.79.0.dev0\" -DHAVE_CONFIG_H=1 -DGRPC_ENABLE_FORK_SUPPORT=1 -DGRPC_ENABLE_FORK_SUPPORT_DEFAULT=false -DGRPC_PYTHON_BUILD=1 -D__STDC_FORMAT_MACROS "-DPyMODINIT_FUNC=extern \"C\" __attribute__((visibility (\"default\"))) PyObject*" -DGRPC_POSIX_FORK_ALLOW_PTHREAD_ATFORK=1 -Isrc/python/grpcio -Iinclude -I. -Ithird_party/abseil-cpp -Ithird_party/address_sorting/include -Ithird_party/cares/cares/include -Ithird_party/cares -Ithird_party/cares/cares -Ithird_party/cares/cares/src/lib/include -Ithird_party/cares/cares/src/lib -Ithird_party/cares/config_linux -Ithird_party/re2 -Ithird_party/boringssl-with-bazel/src/include -Ithird_party/upb -Isrc/core/ext/upb-gen -Isrc/core/ext/upbdefs-gen -Ithird_party/utf8_range -Ithird_party/xxhash -Ithird_party/zlib -I/usr/local/google/home/ssreenithi/.pyenv/versions/3.12.0/envs/pyvenv_312/include -I/usr/local/google/home/ssreenithi/.pyenv/versions/3.12.0/include/python3.12 -c third_party/boringssl-with-bazel/src/ssl/tls13_enc.cc -o pyb/temp.linux-x86_64-cpython-312/third_party/boringssl-with-bazel/src/ssl/tls13_enc.o -std=c++17 -fvisibility=hidden -fno-wrapv -fno-exceptions -pthread
      gcc -fno-strict-overflow -Wsign-compare -DNDEBUG -g -O3 -Wall -fPIC -D_WIN32_WINNT=1536 -DGRPC_XDS_USER_AGENT_NAME_SUFFIX=\"Python\" -DGRPC_XDS_USER_AGENT_VERSION_SUFFIX=\"1.79.0.dev0\" -DHAVE_CONFIG_H=1 -DGRPC_ENABLE_FORK_SUPPORT=1 -DGRPC_ENABLE_FORK_SUPPORT_DEFAULT=false -DGRPC_PYTHON_BUILD=1 -D__STDC_FORMAT_MACROS "-DPyMODINIT_FUNC=extern \"C\" __attribute__((visibility (\"default\"))) PyObject*" -DGRPC_POSIX_FORK_ALLOW_PTHREAD_ATFORK=1 -Isrc/python/grpcio -Iinclude -I. -Ithird_party/abseil-cpp -Ithird_party/address_sorting/include -Ithird_party/cares/cares/include -Ithird_party/cares -Ithird_party/cares/cares -Ithird_party/cares/cares/src/lib/include -Ithird_party/cares/cares/src/lib -Ithird_party/cares/config_linux -Ithird_party/re2 -Ithird_party/boringssl-with-bazel/src/include -Ithird_party/upb -Isrc/core/ext/upb-gen -Isrc/core/ext/upbdefs-gen -Ithird_party/utf8_range -Ithird_party/xxhash -Ithird_party/zlib -I/usr/local/google/home/ssreenithi/.pyenv/versions/3.12.0/envs/pyvenv_312/include -I/usr/local/google/home/ssreenithi/.pyenv/versions/3.12.0/include/python3.12 -c third_party/boringssl-with-bazel/src/third_party/fiat/asm/fiat_p256_adx_sqr.S -o pyb/temp.linux-x86_64-cpython-312/third_party/boringssl-with-bazel/src/third_party/fiat/asm/fiat_p256_adx_sqr.o -std=c++17 -fvisibility=hidden -fno-wrapv -fno-exceptions -pthread
      g++ -fno-strict-overflow -Wsign-compare -DNDEBUG -g -O3 -Wall -fPIC -D_WIN32_WINNT=1536 -DGRPC_XDS_USER_AGENT_NAME_SUFFIX=\"Python\" -DGRPC_XDS_USER_AGENT_VERSION_SUFFIX=\"1.79.0.dev0\" -DHAVE_CONFIG_H=1 -DGRPC_ENABLE_FORK_SUPPORT=1 -DGRPC_ENABLE_FORK_SUPPORT_DEFAULT=false -DGRPC_PYTHON_BUILD=1 -D__STDC_FORMAT_MACROS "-DPyMODINIT_FUNC=extern \"C\" __attribute__((visibility (\"default\"))) PyObject*" -DGRPC_POSIX_FORK_ALLOW_PTHREAD_ATFORK=1 -Isrc/python/grpcio -Iinclude -I. -Ithird_party/abseil-cpp -Ithird_party/address_sorting/include -Ithird_party/cares/cares/include -Ithird_party/cares -Ithird_party/cares/cares -Ithird_party/cares/cares/src/lib/include -Ithird_party/cares/cares/src/lib -Ithird_party/cares/config_linux -Ithird_party/re2 -Ithird_party/boringssl-with-bazel/src/include -Ithird_party/upb -Isrc/core/ext/upb-gen -Isrc/core/ext/upbdefs-gen -Ithird_party/utf8_range -Ithird_party/xxhash -Ithird_party/zlib -I/usr/local/google/home/ssreenithi/.pyenv/versions/3.12.0/envs/pyvenv_312/include -I/usr/local/google/home/ssreenithi/.pyenv/versions/3.12.0/include/python3.12 -c third_party/boringssl-with-bazel/src/crypto/x509/x509_v3.cc -o pyb/temp.linux-x86_64-cpython-312/third_party/boringssl-with-bazel/src/crypto/x509/x509_v3.o -std=c++17 -fvisibility=hidden -fno-wrapv -fno-exceptions -pthread
      In file included from ./src/core/lib/promise/activity.h:30,
                       from ./src/core/lib/resource_quota/memory_quota.h:39,
                       from ./src/core/lib/resource_quota/arena.h:39,
                       from ./src/core/call/call_arena_allocator.h:24,
                       from ./src/core/call/call_spine.h:20,
                       from ./src/core/call/call_destination.h:20,
                       from ./src/core/lib/transport/transport.h:36,
                       from ./src/core/ext/transport/inproc/inproc_transport.h:22,
                       from src/core/ext/transport/inproc/inproc_transport.cc:15:
      ./src/core/lib/promise/detail/promise_factory.h:210:5: warning: ‘always_inline’ function might not be inlinable unless also declared ‘inline’ [-Wattributes]
        210 |     PromiseFactoryImpl(Token, F&& f) {
            |     ^~~~~~~~~~~~~~~~~~
      ./src/core/lib/promise/detail/promise_factory.h:210:5: warning: ‘always_inline’ function might not be inlinable unless also declared ‘inline’ [-Wattributes]
      ./src/core/lib/promise/detail/promise_factory.h:210:5: warning: ‘always_inline’ function might not be inlinable unless also declared ‘inline’ [-Wattributes]
      ./src/core/lib/promise/detail/promise_factory.h:131:5: warning: ‘always_inline’ function might not be inlinable unless also declared ‘inline’ [-Wattributes]
        131 |     PromiseFactoryImpl(Token, F&& f, A&& arg) {
            |     ^~~~~~~~~~~~~~~~~~
      ./src/core/lib/promise/detail/promise_factory.h:210:5: warning: ‘always_inline’ function might not be inlinable unless also declared ‘inline’ [-Wattributes]
        210 |     PromiseFactoryImpl(Token, F&& f) {
            |     ^~~~~~~~~~~~~~~~~~
      ./src/core/lib/promise/detail/promise_factory.h:210:5: warning: ‘always_inline’ function might not be inlinable unless also declared ‘inline’ [-Wattributes]
      ./src/core/lib/promise/detail/promise_factory.h:210:5: warning: ‘always_inline’ function might not be inlinable unless also declared ‘inline’ [-Wattributes]
      ./src/core/lib/promise/detail/promise_factory.h:210:5: warning: ‘always_inline’ function might not be inlinable unless also declared ‘inline’ [-Wattributes]
      gcc -fno-strict-overflow -Wsign-compare -DNDEBUG -g -O3 -Wall -fPIC -D_WIN32_WINNT=1536 -DGRPC_XDS_USER_AGENT_NAME_SUFFIX=\"Python\" -DGRPC_XDS_USER_AGENT_VERSION_SUFFIX=\"1.79.0.dev0\" -DHAVE_CONFIG_H=1 -DGRPC_ENABLE_FORK_SUPPORT=1 -DGRPC_ENABLE_FORK_SUPPORT_DEFAULT=false -DGRPC_PYTHON_BUILD=1 -D__STDC_FORMAT_MACROS "-DPyMODINIT_FUNC=extern \"C\" __attribute__((visibility (\"default\"))) PyObject*" -DGRPC_POSIX_FORK_ALLOW_PTHREAD_ATFORK=1 -Isrc/python/grpcio -Iinclude -I. -Ithird_party/abseil-cpp -Ithird_party/address_sorting/include -Ithird_party/cares/cares/include -Ithird_party/cares -Ithird_party/cares/cares -Ithird_party/cares/cares/src/lib/include -Ithird_party/cares/cares/src/lib -Ithird_party/cares/config_linux -Ithird_party/re2 -Ithird_party/boringssl-with-bazel/src/include -Ithird_party/upb -Isrc/core/ext/upb-gen -Isrc/core/ext/upbdefs-gen -Ithird_party/utf8_range -Ithird_party/xxhash -Ithird_party/zlib -I/usr/local/google/home/ssreenithi/.pyenv/versions/3.12.0/envs/pyvenv_312/include -I/usr/local/google/home/ssreenithi/.pyenv/versions/3.12.0/include/python3.12 -c third_party/cares/cares/src/lib/ares_cookie.c -o pyb/temp.linux-x86_64-cpython-312/third_party/cares/cares/src/lib/ares_cookie.o -fvisibility=hidden -fno-wrapv -fno-exceptions -pthread
      gcc -fno-strict-overflow -Wsign-compare -DNDEBUG -g -O3 -Wall -fPIC -D_WIN32_WINNT=1536 -DGRPC_XDS_USER_AGENT_NAME_SUFFIX=\"Python\" -DGRPC_XDS_USER_AGENT_VERSION_SUFFIX=\"1.79.0.dev0\" -DHAVE_CONFIG_H=1 -DGRPC_ENABLE_FORK_SUPPORT=1 -DGRPC_ENABLE_FORK_SUPPORT_DEFAULT=false -DGRPC_PYTHON_BUILD=1 -D__STDC_FORMAT_MACROS "-DPyMODINIT_FUNC=extern \"C\" __attribute__((visibility (\"default\"))) PyObject*" -DGRPC_POSIX_FORK_ALLOW_PTHREAD_ATFORK=1 -Isrc/python/grpcio -Iinclude -I. -Ithird_party/abseil-cpp -Ithird_party/address_sorting/include -Ithird_party/cares/cares/include -Ithird_party/cares -Ithird_party/cares/cares -Ithird_party/cares/cares/src/lib/include -Ithird_party/cares/cares/src/lib -Ithird_party/cares/config_linux -Ithird_party/re2 -Ithird_party/boringssl-with-bazel/src/include -Ithird_party/upb -Isrc/core/ext/upb-gen -Isrc/core/ext/upbdefs-gen -Ithird_party/utf8_range -Ithird_party/xxhash -Ithird_party/zlib -I/usr/local/google/home/ssreenithi/.pyenv/versions/3.12.0/envs/pyvenv_312/include -I/usr/local/google/home/ssreenithi/.pyenv/versions/3.12.0/include/python3.12 -c third_party/boringssl-with-bazel/src/gen/crypto/md5-586-apple.S -o pyb/temp.linux-x86_64-cpython-312/third_party/boringssl-with-bazel/src/gen/crypto/md5-586-apple.o -std=c++17 -fvisibility=hidden -fno-wrapv -fno-exceptions -pthread
      In file included from ./src/core/lib/promise/activity.h:30,
                       from ./src/core/lib/resource_quota/memory_quota.h:39,
                       from ./src/core/lib/resource_quota/arena.h:39,
                       from ./src/core/lib/promise/arena_promise.h:28,
                       from ./src/core/credentials/transport/security_connector.h:36,
                       from ./src/core/credentials/transport/ssl/ssl_security_connector.h:28,
                       from src/core/credentials/transport/ssl/ssl_security_connector.cc:19:
      ./src/core/lib/promise/detail/promise_factory.h:210:5: warning: ‘always_inline’ function might not be inlinable unless also declared ‘inline’ [-Wattributes]
        210 |     PromiseFactoryImpl(Token, F&& f) {
            |     ^~~~~~~~~~~~~~~~~~
      g++ -fno-strict-overflow -Wsign-compare -DNDEBUG -g -O3 -Wall -fPIC -D_WIN32_WINNT=1536 -DGRPC_XDS_USER_AGENT_NAME_SUFFIX=\"Python\" -DGRPC_XDS_USER_AGENT_VERSION_SUFFIX=\"1.79.0.dev0\" -DHAVE_CONFIG_H=1 -DGRPC_ENABLE_FORK_SUPPORT=1 -DGRPC_ENABLE_FORK_SUPPORT_DEFAULT=false -DGRPC_PYTHON_BUILD=1 -D__STDC_FORMAT_MACROS "-DPyMODINIT_FUNC=extern \"C\" __attribute__((visibility (\"default\"))) PyObject*" -DGRPC_POSIX_FORK_ALLOW_PTHREAD_ATFORK=1 -Isrc/python/grpcio -Iinclude -I. -Ithird_party/abseil-cpp -Ithird_party/address_sorting/include -Ithird_party/cares/cares/include -Ithird_party/cares -Ithird_party/cares/cares -Ithird_party/cares/cares/src/lib/include -Ithird_party/cares/cares/src/lib -Ithird_party/cares/config_linux -Ithird_party/re2 -Ithird_party/boringssl-with-bazel/src/include -Ithird_party/upb -Isrc/core/ext/upb-gen -Isrc/core/ext/upbdefs-gen -Ithird_party/utf8_range -Ithird_party/xxhash -Ithird_party/zlib -I/usr/local/google/home/ssreenithi/.pyenv/versions/3.12.0/envs/pyvenv_312/include -I/usr/local/google/home/ssreenithi/.pyenv/versions/3.12.0/include/python3.12 -c third_party/boringssl-with-bazel/src/crypto/x509/algorithm.cc -o pyb/temp.linux-x86_64-cpython-312/third_party/boringssl-with-bazel/src/crypto/x509/algorithm.o -std=c++17 -fvisibility=hidden -fno-wrapv -fno-exceptions -pthread
      ./src/core/lib/promise/detail/promise_factory.h:210:5: warning: ‘always_inline’ function might not be inlinable unless also declared ‘inline’ [-Wattributes]
      ./src/core/lib/promise/detail/promise_factory.h:210:5: warning: ‘always_inline’ function might not be inlinable unless also declared ‘inline’ [-Wattributes]
      ./src/core/lib/promise/detail/promise_factory.h:210:5: warning: ‘always_inline’ function might not be inlinable unless also declared ‘inline’ [-Wattributes]
      ./src/core/lib/promise/detail/promise_factory.h:210:5: warning: ‘always_inline’ function might not be inlinable unless also declared ‘inline’ [-Wattributes]
      ./src/core/lib/promise/detail/promise_factory.h:210:5: warning: ‘always_inline’ function might not be inlinable unless also declared ‘inline’ [-Wattributes]
      ./src/core/lib/promise/detail/promise_factory.h:210:5: warning: ‘always_inline’ function might not be inlinable unless also declared ‘inline’ [-Wattributes]
      gcc -fno-strict-overflow -Wsign-compare -DNDEBUG -g -O3 -Wall -fPIC -D_WIN32_WINNT=1536 -DGRPC_XDS_USER_AGENT_NAME_SUFFIX=\"Python\" -DGRPC_XDS_USER_AGENT_VERSION_SUFFIX=\"1.79.0.dev0\" -DHAVE_CONFIG_H=1 -DGRPC_ENABLE_FORK_SUPPORT=1 -DGRPC_ENABLE_FORK_SUPPORT_DEFAULT=false -DGRPC_PYTHON_BUILD=1 -D__STDC_FORMAT_MACROS "-DPyMODINIT_FUNC=extern \"C\" __attribute__((visibility (\"default\"))) PyObject*" -DGRPC_POSIX_FORK_ALLOW_PTHREAD_ATFORK=1 -Isrc/python/grpcio -Iinclude -I. -Ithird_party/abseil-cpp -Ithird_party/address_sorting/include -Ithird_party/cares/cares/include -Ithird_party/cares -Ithird_party/cares/cares -Ithird_party/cares/cares/src/lib/include -Ithird_party/cares/cares/src/lib -Ithird_party/cares/config_linux -Ithird_party/re2 -Ithird_party/boringssl-with-bazel/src/include -Ithird_party/upb -Isrc/core/ext/upb-gen -Isrc/core/ext/upbdefs-gen -Ithird_party/utf8_range -Ithird_party/xxhash -Ithird_party/zlib -I/usr/local/google/home/ssreenithi/.pyenv/versions/3.12.0/envs/pyvenv_312/include -I/usr/local/google/home/ssreenithi/.pyenv/versions/3.12.0/include/python3.12 -c third_party/cares/cares/src/lib/ares_addrinfo2hostent.c -o pyb/temp.linux-x86_64-cpython-312/third_party/cares/cares/src/lib/ares_addrinfo2hostent.o -fvisibility=hidden -fno-wrapv -fno-exceptions -pthread
      g++ -fno-strict-overflow -Wsign-compare -DNDEBUG -g -O3 -Wall -fPIC -D_WIN32_WINNT=1536 -DGRPC_XDS_USER_AGENT_NAME_SUFFIX=\"Python\" -DGRPC_XDS_USER_AGENT_VERSION_SUFFIX=\"1.79.0.dev0\" -DHAVE_CONFIG_H=1 -DGRPC_ENABLE_FORK_SUPPORT=1 -DGRPC_ENABLE_FORK_SUPPORT_DEFAULT=false -DGRPC_PYTHON_BUILD=1 -D__STDC_FORMAT_MACROS "-DPyMODINIT_FUNC=extern \"C\" __attribute__((visibility (\"default\"))) PyObject*" -DGRPC_POSIX_FORK_ALLOW_PTHREAD_ATFORK=1 -Isrc/python/grpcio -Iinclude -I. -Ithird_party/abseil-cpp -Ithird_party/address_sorting/include -Ithird_party/cares/cares/include -Ithird_party/cares -Ithird_party/cares/cares -Ithird_party/cares/cares/src/lib/include -Ithird_party/cares/cares/src/lib -Ithird_party/cares/config_linux -Ithird_party/re2 -Ithird_party/boringssl-with-bazel/src/include -Ithird_party/upb -Isrc/core/ext/upb-gen -Isrc/core/ext/upbdefs-gen -Ithird_party/utf8_range -Ithird_party/xxhash -Ithird_party/zlib -I/usr/local/google/home/ssreenithi/.pyenv/versions/3.12.0/envs/pyvenv_312/include -I/usr/local/google/home/ssreenithi/.pyenv/versions/3.12.0/include/python3.12 -c third_party/boringssl-with-bazel/src/crypto/x509/rsa_pss.cc -o pyb/temp.linux-x86_64-cpython-312/third_party/boringssl-with-bazel/src/crypto/x509/rsa_pss.o -std=c++17 -fvisibility=hidden -fno-wrapv -fno-exceptions -pthread
      gcc -fno-strict-overflow -Wsign-compare -DNDEBUG -g -O3 -Wall -fPIC -D_WIN32_WINNT=1536 -DGRPC_XDS_USER_AGENT_NAME_SUFFIX=\"Python\" -DGRPC_XDS_USER_AGENT_VERSION_SUFFIX=\"1.79.0.dev0\" -DHAVE_CONFIG_H=1 -DGRPC_ENABLE_FORK_SUPPORT=1 -DGRPC_ENABLE_FORK_SUPPORT_DEFAULT=false -DGRPC_PYTHON_BUILD=1 -D__STDC_FORMAT_MACROS "-DPyMODINIT_FUNC=extern \"C\" __attribute__((visibility (\"default\"))) PyObject*" -DGRPC_POSIX_FORK_ALLOW_PTHREAD_ATFORK=1 -Isrc/python/grpcio -Iinclude -I. -Ithird_party/abseil-cpp -Ithird_party/address_sorting/include -Ithird_party/cares/cares/include -Ithird_party/cares -Ithird_party/cares/cares -Ithird_party/cares/cares/src/lib/include -Ithird_party/cares/cares/src/lib -Ithird_party/cares/config_linux -Ithird_party/re2 -Ithird_party/boringssl-with-bazel/src/include -Ithird_party/upb -Isrc/core/ext/upb-gen -Isrc/core/ext/upbdefs-gen -Ithird_party/utf8_range -Ithird_party/xxhash -Ithird_party/zlib -I/usr/local/google/home/ssreenithi/.pyenv/versions/3.12.0/envs/pyvenv_312/include -I/usr/local/google/home/ssreenithi/.pyenv/versions/3.12.0/include/python3.12 -c third_party/boringssl-with-bazel/src/gen/bcm/aes-gcm-avx2-x86_64-apple.S -o pyb/temp.linux-x86_64-cpython-312/third_party/boringssl-with-bazel/src/gen/bcm/aes-gcm-avx2-x86_64-apple.o -std=c++17 -fvisibility=hidden -fno-wrapv -fno-exceptions -pthread
      g++ -fno-strict-overflow -Wsign-compare -DNDEBUG -g -O3 -Wall -fPIC -D_WIN32_WINNT=1536 -DGRPC_XDS_USER_AGENT_NAME_SUFFIX=\"Python\" -DGRPC_XDS_USER_AGENT_VERSION_SUFFIX=\"1.79.0.dev0\" -DHAVE_CONFIG_H=1 -DGRPC_ENABLE_FORK_SUPPORT=1 -DGRPC_ENABLE_FORK_SUPPORT_DEFAULT=false -DGRPC_PYTHON_BUILD=1 -D__STDC_FORMAT_MACROS "-DPyMODINIT_FUNC=extern \"C\" __attribute__((visibility (\"default\"))) PyObject*" -DGRPC_POSIX_FORK_ALLOW_PTHREAD_ATFORK=1 -Isrc/python/grpcio -Iinclude -I. -Ithird_party/abseil-cpp -Ithird_party/address_sorting/include -Ithird_party/cares/cares/include -Ithird_party/cares -Ithird_party/cares/cares -Ithird_party/cares/cares/src/lib/include -Ithird_party/cares/cares/src/lib -Ithird_party/cares/config_linux -Ithird_party/re2 -Ithird_party/boringssl-with-bazel/src/include -Ithird_party/upb -Isrc/core/ext/upb-gen -Isrc/core/ext/upbdefs-gen -Ithird_party/utf8_range -Ithird_party/xxhash -Ithird_party/zlib -I/usr/local/google/home/ssreenithi/.pyenv/versions/3.12.0/envs/pyvenv_312/include -I/usr/local/google/home/ssreenithi/.pyenv/versions/3.12.0/include/python3.12 -c third_party/boringssl-with-bazel/src/crypto/x509/v3_alt.cc -o pyb/temp.linux-x86_64-cpython-312/third_party/boringssl-with-bazel/src/crypto/x509/v3_alt.o -std=c++17 -fvisibility=hidden -fno-wrapv -fno-exceptions -pthread
      gcc -fno-strict-overflow -Wsign-compare -DNDEBUG -g -O3 -Wall -fPIC -D_WIN32_WINNT=1536 -DGRPC_XDS_USER_AGENT_NAME_SUFFIX=\"Python\" -DGRPC_XDS_USER_AGENT_VERSION_SUFFIX=\"1.79.0.dev0\" -DHAVE_CONFIG_H=1 -DGRPC_ENABLE_FORK_SUPPORT=1 -DGRPC_ENABLE_FORK_SUPPORT_DEFAULT=false -DGRPC_PYTHON_BUILD=1 -D__STDC_FORMAT_MACROS "-DPyMODINIT_FUNC=extern \"C\" __attribute__((visibility (\"default\"))) PyObject*" -DGRPC_POSIX_FORK_ALLOW_PTHREAD_ATFORK=1 -Isrc/python/grpcio -Iinclude -I. -Ithird_party/abseil-cpp -Ithird_party/address_sorting/include -Ithird_party/cares/cares/include -Ithird_party/cares -Ithird_party/cares/cares -Ithird_party/cares/cares/src/lib/include -Ithird_party/cares/cares/src/lib -Ithird_party/cares/config_linux -Ithird_party/re2 -Ithird_party/boringssl-with-bazel/src/include -Ithird_party/upb -Isrc/core/ext/upb-gen -Isrc/core/ext/upbdefs-gen -Ithird_party/utf8_range -Ithird_party/xxhash -Ithird_party/zlib -I/usr/local/google/home/ssreenithi/.pyenv/versions/3.12.0/envs/pyvenv_312/include -I/usr/local/google/home/ssreenithi/.pyenv/versions/3.12.0/include/python3.12 -c third_party/boringssl-with-bazel/src/gen/crypto/md5-586-linux.S -o pyb/temp.linux-x86_64-cpython-312/third_party/boringssl-with-bazel/src/gen/crypto/md5-586-linux.o -std=c++17 -fvisibility=hidden -fno-wrapv -fno-exceptions -pthread
      g++ -fno-strict-overflow -Wsign-compare -DNDEBUG -g -O3 -Wall -fPIC -D_WIN32_WINNT=1536 -DGRPC_XDS_USER_AGENT_NAME_SUFFIX=\"Python\" -DGRPC_XDS_USER_AGENT_VERSION_SUFFIX=\"1.79.0.dev0\" -DHAVE_CONFIG_H=1 -DGRPC_ENABLE_FORK_SUPPORT=1 -DGRPC_ENABLE_FORK_SUPPORT_DEFAULT=false -DGRPC_PYTHON_BUILD=1 -D__STDC_FORMAT_MACROS "-DPyMODINIT_FUNC=extern \"C\" __attribute__((visibility (\"default\"))) PyObject*" -DGRPC_POSIX_FORK_ALLOW_PTHREAD_ATFORK=1 -Isrc/python/grpcio -Iinclude -I. -Ithird_party/abseil-cpp -Ithird_party/address_sorting/include -Ithird_party/cares/cares/include -Ithird_party/cares -Ithird_party/cares/cares -Ithird_party/cares/cares/src/lib/include -Ithird_party/cares/cares/src/lib -Ithird_party/cares/config_linux -Ithird_party/re2 -Ithird_party/boringssl-with-bazel/src/include -Ithird_party/upb -Isrc/core/ext/upb-gen -Isrc/core/ext/upbdefs-gen -Ithird_party/utf8_range -Ithird_party/xxhash -Ithird_party/zlib -I/usr/local/google/home/ssreenithi/.pyenv/versions/3.12.0/envs/pyvenv_312/include -I/usr/local/google/home/ssreenithi/.pyenv/versions/3.12.0/include/python3.12 -c third_party/boringssl-with-bazel/src/crypto/x509/x_algor.cc -o pyb/temp.linux-x86_64-cpython-312/third_party/boringssl-with-bazel/src/crypto/x509/x_algor.o -std=c++17 -fvisibility=hidden -fno-wrapv -fno-exceptions -pthread
      gcc -fno-strict-overflow -Wsign-compare -DNDEBUG -g -O3 -Wall -fPIC -D_WIN32_WINNT=1536 -DGRPC_XDS_USER_AGENT_NAME_SUFFIX=\"Python\" -DGRPC_XDS_USER_AGENT_VERSION_SUFFIX=\"1.79.0.dev0\" -DHAVE_CONFIG_H=1 -DGRPC_ENABLE_FORK_SUPPORT=1 -DGRPC_ENABLE_FORK_SUPPORT_DEFAULT=false -DGRPC_PYTHON_BUILD=1 -D__STDC_FORMAT_MACROS "-DPyMODINIT_FUNC=extern \"C\" __attribute__((visibility (\"default\"))) PyObject*" -DGRPC_POSIX_FORK_ALLOW_PTHREAD_ATFORK=1 -Isrc/python/grpcio -Iinclude -I. -Ithird_party/abseil-cpp -Ithird_party/address_sorting/include -Ithird_party/cares/cares/include -Ithird_party/cares -Ithird_party/cares/cares -Ithird_party/cares/cares/src/lib/include -Ithird_party/cares/cares/src/lib -Ithird_party/cares/config_linux -Ithird_party/re2 -Ithird_party/boringssl-with-bazel/src/include -Ithird_party/upb -Isrc/core/ext/upb-gen -Isrc/core/ext/upbdefs-gen -Ithird_party/utf8_range -Ithird_party/xxhash -Ithird_party/zlib -I/usr/local/google/home/ssreenithi/.pyenv/versions/3.12.0/envs/pyvenv_312/include -I/usr/local/google/home/ssreenithi/.pyenv/versions/3.12.0/include/python3.12 -c third_party/boringssl-with-bazel/src/gen/crypto/md5-x86_64-apple.S -o pyb/temp.linux-x86_64-cpython-312/third_party/boringssl-with-bazel/src/gen/crypto/md5-x86_64-apple.o -std=c++17 -fvisibility=hidden -fno-wrapv -fno-exceptions -pthread
      gcc -fno-strict-overflow -Wsign-compare -DNDEBUG -g -O3 -Wall -fPIC -D_WIN32_WINNT=1536 -DGRPC_XDS_USER_AGENT_NAME_SUFFIX=\"Python\" -DGRPC_XDS_USER_AGENT_VERSION_SUFFIX=\"1.79.0.dev0\" -DHAVE_CONFIG_H=1 -DGRPC_ENABLE_FORK_SUPPORT=1 -DGRPC_ENABLE_FORK_SUPPORT_DEFAULT=false -DGRPC_PYTHON_BUILD=1 -D__STDC_FORMAT_MACROS "-DPyMODINIT_FUNC=extern \"C\" __attribute__((visibility (\"default\"))) PyObject*" -DGRPC_POSIX_FORK_ALLOW_PTHREAD_ATFORK=1 -Isrc/python/grpcio -Iinclude -I. -Ithird_party/abseil-cpp -Ithird_party/address_sorting/include -Ithird_party/cares/cares/include -Ithird_party/cares -Ithird_party/cares/cares -Ithird_party/cares/cares/src/lib/include -Ithird_party/cares/cares/src/lib -Ithird_party/cares/config_linux -Ithird_party/re2 -Ithird_party/boringssl-with-bazel/src/include -Ithird_party/upb -Isrc/core/ext/upb-gen -Isrc/core/ext/upbdefs-gen -Ithird_party/utf8_range -Ithird_party/xxhash -Ithird_party/zlib -I/usr/local/google/home/ssreenithi/.pyenv/versions/3.12.0/envs/pyvenv_312/include -I/usr/local/google/home/ssreenithi/.pyenv/versions/3.12.0/include/python3.12 -c third_party/boringssl-with-bazel/src/gen/bcm/aes-gcm-avx2-x86_64-linux.S -o pyb/temp.linux-x86_64-cpython-312/third_party/boringssl-with-bazel/src/gen/bcm/aes-gcm-avx2-x86_64-linux.o -std=c++17 -fvisibility=hidden -fno-wrapv -fno-exceptions -pthread
      gcc -fno-strict-overflow -Wsign-compare -DNDEBUG -g -O3 -Wall -fPIC -D_WIN32_WINNT=1536 -DGRPC_XDS_USER_AGENT_NAME_SUFFIX=\"Python\" -DGRPC_XDS_USER_AGENT_VERSION_SUFFIX=\"1.79.0.dev0\" -DHAVE_CONFIG_H=1 -DGRPC_ENABLE_FORK_SUPPORT=1 -DGRPC_ENABLE_FORK_SUPPORT_DEFAULT=false -DGRPC_PYTHON_BUILD=1 -D__STDC_FORMAT_MACROS "-DPyMODINIT_FUNC=extern \"C\" __attribute__((visibility (\"default\"))) PyObject*" -DGRPC_POSIX_FORK_ALLOW_PTHREAD_ATFORK=1 -Isrc/python/grpcio -Iinclude -I. -Ithird_party/abseil-cpp -Ithird_party/address_sorting/include -Ithird_party/cares/cares/include -Ithird_party/cares -Ithird_party/cares/cares -Ithird_party/cares/cares/src/lib/include -Ithird_party/cares/cares/src/lib -Ithird_party/cares/config_linux -Ithird_party/re2 -Ithird_party/boringssl-with-bazel/src/include -Ithird_party/upb -Isrc/core/ext/upb-gen -Isrc/core/ext/upbdefs-gen -Ithird_party/utf8_range -Ithird_party/xxhash -Ithird_party/zlib -I/usr/local/google/home/ssreenithi/.pyenv/versions/3.12.0/envs/pyvenv_312/include -I/usr/local/google/home/ssreenithi/.pyenv/versions/3.12.0/include/python3.12 -c third_party/boringssl-with-bazel/src/gen/crypto/md5-x86_64-linux.S -o pyb/temp.linux-x86_64-cpython-312/third_party/boringssl-with-bazel/src/gen/crypto/md5-x86_64-linux.o -std=c++17 -fvisibility=hidden -fno-wrapv -fno-exceptions -pthread
      g++ -fno-strict-overflow -Wsign-compare -DNDEBUG -g -O3 -Wall -fPIC -D_WIN32_WINNT=1536 -DGRPC_XDS_USER_AGENT_NAME_SUFFIX=\"Python\" -DGRPC_XDS_USER_AGENT_VERSION_SUFFIX=\"1.79.0.dev0\" -DHAVE_CONFIG_H=1 -DGRPC_ENABLE_FORK_SUPPORT=1 -DGRPC_ENABLE_FORK_SUPPORT_DEFAULT=false -DGRPC_PYTHON_BUILD=1 -D__STDC_FORMAT_MACROS "-DPyMODINIT_FUNC=extern \"C\" __attribute__((visibility (\"default\"))) PyObject*" -DGRPC_POSIX_FORK_ALLOW_PTHREAD_ATFORK=1 -Isrc/python/grpcio -Iinclude -I. -Ithird_party/abseil-cpp -Ithird_party/address_sorting/include -Ithird_party/cares/cares/include -Ithird_party/cares -Ithird_party/cares/cares -Ithird_party/cares/cares/src/lib/include -Ithird_party/cares/cares/src/lib -Ithird_party/cares/config_linux -Ithird_party/re2 -Ithird_party/boringssl-with-bazel/src/include -Ithird_party/upb -Isrc/core/ext/upb-gen -Isrc/core/ext/upbdefs-gen -Ithird_party/utf8_range -Ithird_party/xxhash -Ithird_party/zlib -I/usr/local/google/home/ssreenithi/.pyenv/versions/3.12.0/envs/pyvenv_312/include -I/usr/local/google/home/ssreenithi/.pyenv/versions/3.12.0/include/python3.12 -c third_party/boringssl-with-bazel/src/crypto/lhash/lhash.cc -o pyb/temp.linux-x86_64-cpython-312/third_party/boringssl-with-bazel/src/crypto/lhash/lhash.o -std=c++17 -fvisibility=hidden -fno-wrapv -fno-exceptions -pthread
      gcc -fno-strict-overflow -Wsign-compare -DNDEBUG -g -O3 -Wall -fPIC -D_WIN32_WINNT=1536 -DGRPC_XDS_USER_AGENT_NAME_SUFFIX=\"Python\" -DGRPC_XDS_USER_AGENT_VERSION_SUFFIX=\"1.79.0.dev0\" -DHAVE_CONFIG_H=1 -DGRPC_ENABLE_FORK_SUPPORT=1 -DGRPC_ENABLE_FORK_SUPPORT_DEFAULT=false -DGRPC_PYTHON_BUILD=1 -D__STDC_FORMAT_MACROS "-DPyMODINIT_FUNC=extern \"C\" __attribute__((visibility (\"default\"))) PyObject*" -DGRPC_POSIX_FORK_ALLOW_PTHREAD_ATFORK=1 -Isrc/python/grpcio -Iinclude -I. -Ithird_party/abseil-cpp -Ithird_party/address_sorting/include -Ithird_party/cares/cares/include -Ithird_party/cares -Ithird_party/cares/cares -Ithird_party/cares/cares/src/lib/include -Ithird_party/cares/cares/src/lib -Ithird_party/cares/config_linux -Ithird_party/re2 -Ithird_party/boringssl-with-bazel/src/include -Ithird_party/upb -Isrc/core/ext/upb-gen -Isrc/core/ext/upbdefs-gen -Ithird_party/utf8_range -Ithird_party/xxhash -Ithird_party/zlib -I/usr/local/google/home/ssreenithi/.pyenv/versions/3.12.0/envs/pyvenv_312/include -I/usr/local/google/home/ssreenithi/.pyenv/versions/3.12.0/include/python3.12 -c third_party/boringssl-with-bazel/src/gen/bcm/aes-gcm-avx512-x86_64-apple.S -o pyb/temp.linux-x86_64-cpython-312/third_party/boringssl-with-bazel/src/gen/bcm/aes-gcm-avx512-x86_64-apple.o -std=c++17 -fvisibility=hidden -fno-wrapv -fno-exceptions -pthread
      gcc -fno-strict-overflow -Wsign-compare -DNDEBUG -g -O3 -Wall -fPIC -D_WIN32_WINNT=1536 -DGRPC_XDS_USER_AGENT_NAME_SUFFIX=\"Python\" -DGRPC_XDS_USER_AGENT_VERSION_SUFFIX=\"1.79.0.dev0\" -DHAVE_CONFIG_H=1 -DGRPC_ENABLE_FORK_SUPPORT=1 -DGRPC_ENABLE_FORK_SUPPORT_DEFAULT=false -DGRPC_PYTHON_BUILD=1 -D__STDC_FORMAT_MACROS "-DPyMODINIT_FUNC=extern \"C\" __attribute__((visibility (\"default\"))) PyObject*" -DGRPC_POSIX_FORK_ALLOW_PTHREAD_ATFORK=1 -Isrc/python/grpcio -Iinclude -I. -Ithird_party/abseil-cpp -Ithird_party/address_sorting/include -Ithird_party/cares/cares/include -Ithird_party/cares -Ithird_party/cares/cares -Ithird_party/cares/cares/src/lib/include -Ithird_party/cares/cares/src/lib -Ithird_party/cares/config_linux -Ithird_party/re2 -Ithird_party/boringssl-with-bazel/src/include -Ithird_party/upb -Isrc/core/ext/upb-gen -Isrc/core/ext/upbdefs-gen -Ithird_party/utf8_range -Ithird_party/xxhash -Ithird_party/zlib -I/usr/local/google/home/ssreenithi/.pyenv/versions/3.12.0/envs/pyvenv_312/include -I/usr/local/google/home/ssreenithi/.pyenv/versions/3.12.0/include/python3.12 -c third_party/cares/cares/src/lib/ares_data.c -o pyb/temp.linux-x86_64-cpython-312/third_party/cares/cares/src/lib/ares_data.o -fvisibility=hidden -fno-wrapv -fno-exceptions -pthread
      gcc -fno-strict-overflow -Wsign-compare -DNDEBUG -g -O3 -Wall -fPIC -D_WIN32_WINNT=1536 -DGRPC_XDS_USER_AGENT_NAME_SUFFIX=\"Python\" -DGRPC_XDS_USER_AGENT_VERSION_SUFFIX=\"1.79.0.dev0\" -DHAVE_CONFIG_H=1 -DGRPC_ENABLE_FORK_SUPPORT=1 -DGRPC_ENABLE_FORK_SUPPORT_DEFAULT=false -DGRPC_PYTHON_BUILD=1 -D__STDC_FORMAT_MACROS "-DPyMODINIT_FUNC=extern \"C\" __attribute__((visibility (\"default\"))) PyObject*" -DGRPC_POSIX_FORK_ALLOW_PTHREAD_ATFORK=1 -Isrc/python/grpcio -Iinclude -I. -Ithird_party/abseil-cpp -Ithird_party/address_sorting/include -Ithird_party/cares/cares/include -Ithird_party/cares -Ithird_party/cares/cares -Ithird_party/cares/cares/src/lib/include -Ithird_party/cares/cares/src/lib -Ithird_party/cares/config_linux -Ithird_party/re2 -Ithird_party/boringssl-with-bazel/src/include -Ithird_party/upb -Isrc/core/ext/upb-gen -Isrc/core/ext/upbdefs-gen -Ithird_party/utf8_range -Ithird_party/xxhash -Ithird_party/zlib -I/usr/local/google/home/ssreenithi/.pyenv/versions/3.12.0/envs/pyvenv_312/include -I/usr/local/google/home/ssreenithi/.pyenv/versions/3.12.0/include/python3.12 -c third_party/cares/cares/src/lib/ares_getenv.c -o pyb/temp.linux-x86_64-cpython-312/third_party/cares/cares/src/lib/ares_getenv.o -fvisibility=hidden -fno-wrapv -fno-exceptions -pthread
      In file included from ./src/core/lib/promise/activity.h:30,
                       from ./src/core/call/call_state.h:23,
                       from ./src/core/call/call_filters.h:26,
                       from ./src/core/lib/channel/promise_based_filter.h:36,
                       from ./src/core/ext/filters/http/client_authority_filter.h:28,
                       from src/core/ext/filters/http/client_authority_filter.cc:19:
      ./src/core/lib/promise/detail/promise_factory.h:210:5: warning: ‘always_inline’ function might not be inlinable unless also declared ‘inline’ [-Wattributes]
        210 |     PromiseFactoryImpl(Token, F&& f) {
            |     ^~~~~~~~~~~~~~~~~~
      ./src/core/lib/promise/detail/promise_factory.h:210:5: warning: ‘always_inline’ function might not be inlinable unless also declared ‘inline’ [-Wattributes]
      ./src/core/lib/promise/detail/promise_factory.h:210:5: warning: ‘always_inline’ function might not be inlinable unless also declared ‘inline’ [-Wattributes]
      ./src/core/lib/promise/detail/promise_factory.h:210:5: warning: ‘always_inline’ function might not be inlinable unless also declared ‘inline’ [-Wattributes]
      ./src/core/lib/promise/detail/promise_factory.h:210:5: warning: ‘always_inline’ function might not be inlinable unless also declared ‘inline’ [-Wattributes]
      ./src/core/lib/promise/detail/promise_factory.h:210:5: warning: ‘always_inline’ function might not be inlinable unless also declared ‘inline’ [-Wattributes]
      ./src/core/lib/promise/detail/promise_factory.h:210:5: warning: ‘always_inline’ function might not be inlinable unless also declared ‘inline’ [-Wattributes]
      ./src/core/lib/promise/detail/promise_factory.h:210:5: warning: ‘always_inline’ function might not be inlinable unless also declared ‘inline’ [-Wattributes]
      ./src/core/lib/promise/detail/promise_factory.h:210:5: warning: ‘always_inline’ function might not be inlinable unless also declared ‘inline’ [-Wattributes]
      ./src/core/lib/promise/detail/promise_factory.h:210:5: warning: ‘always_inline’ function might not be inlinable unless also declared ‘inline’ [-Wattributes]
      ./src/core/lib/promise/detail/promise_factory.h:210:5: warning: ‘always_inline’ function might not be inlinable unless also declared ‘inline’ [-Wattributes]
      ./src/core/lib/promise/detail/promise_factory.h:210:5: warning: ‘always_inline’ function might not be inlinable unless also declared ‘inline’ [-Wattributes]
      ./src/core/lib/promise/detail/promise_factory.h:210:5: warning: ‘always_inline’ function might not be inlinable unless also declared ‘inline’ [-Wattributes]
      ./src/core/lib/promise/detail/promise_factory.h:210:5: warning: ‘always_inline’ function might not be inlinable unless also declared ‘inline’ [-Wattributes]
      ./src/core/lib/promise/detail/promise_factory.h:210:5: warning: ‘always_inline’ function might not be inlinable unless also declared ‘inline’ [-Wattributes]
      In file included from ./src/core/call/call_filters.h:26,
                       from ./src/core/call/call_spine.h:21:
      ./src/core/call/call_state.h: In static member function ‘static const char* grpc_core::CallState::ClientToServerPullStateString(ClientToServerPullState)’:
      ./src/core/call/call_state.h:161:3: warning: control reaches end of non-void function [-Wreturn-type]
        161 |   }
            |   ^
      gcc -fno-strict-overflow -Wsign-compare -DNDEBUG -g -O3 -Wall -fPIC -D_WIN32_WINNT=1536 -DGRPC_XDS_USER_AGENT_NAME_SUFFIX=\"Python\" -DGRPC_XDS_USER_AGENT_VERSION_SUFFIX=\"1.79.0.dev0\" -DHAVE_CONFIG_H=1 -DGRPC_ENABLE_FORK_SUPPORT=1 -DGRPC_ENABLE_FORK_SUPPORT_DEFAULT=false -DGRPC_PYTHON_BUILD=1 -D__STDC_FORMAT_MACROS "-DPyMODINIT_FUNC=extern \"C\" __attribute__((visibility (\"default\"))) PyObject*" -DGRPC_POSIX_FORK_ALLOW_PTHREAD_ATFORK=1 -Isrc/python/grpcio -Iinclude -I. -Ithird_party/abseil-cpp -Ithird_party/address_sorting/include -Ithird_party/cares/cares/include -Ithird_party/cares -Ithird_party/cares/cares -Ithird_party/cares/cares/src/lib/include -Ithird_party/cares/cares/src/lib -Ithird_party/cares/config_linux -Ithird_party/re2 -Ithird_party/boringssl-with-bazel/src/include -Ithird_party/upb -Isrc/core/ext/upb-gen -Isrc/core/ext/upbdefs-gen -Ithird_party/utf8_range -Ithird_party/xxhash -Ithird_party/zlib -I/usr/local/google/home/ssreenithi/.pyenv/versions/3.12.0/envs/pyvenv_312/include -I/usr/local/google/home/ssreenithi/.pyenv/versions/3.12.0/include/python3.12 -c third_party/cares/cares/src/lib/ares_metrics.c -o pyb/temp.linux-x86_64-cpython-312/third_party/cares/cares/src/lib/ares_metrics.o -fvisibility=hidden -fno-wrapv -fno-exceptions -pthread
      g++ -fno-strict-overflow -Wsign-compare -DNDEBUG -g -O3 -Wall -fPIC -D_WIN32_WINNT=1536 -DGRPC_XDS_USER_AGENT_NAME_SUFFIX=\"Python\" -DGRPC_XDS_USER_AGENT_VERSION_SUFFIX=\"1.79.0.dev0\" -DHAVE_CONFIG_H=1 -DGRPC_ENABLE_FORK_SUPPORT=1 -DGRPC_ENABLE_FORK_SUPPORT_DEFAULT=false -DGRPC_PYTHON_BUILD=1 -D__STDC_FORMAT_MACROS "-DPyMODINIT_FUNC=extern \"C\" __attribute__((visibility (\"default\"))) PyObject*" -DGRPC_POSIX_FORK_ALLOW_PTHREAD_ATFORK=1 -Isrc/python/grpcio -Iinclude -I. -Ithird_party/abseil-cpp -Ithird_party/address_sorting/include -Ithird_party/cares/cares/include -Ithird_party/cares -Ithird_party/cares/cares -Ithird_party/cares/cares/src/lib/include -Ithird_party/cares/cares/src/lib -Ithird_party/cares/config_linux -Ithird_party/re2 -Ithird_party/boringssl-with-bazel/src/include -Ithird_party/upb -Isrc/core/ext/upb-gen -Isrc/core/ext/upbdefs-gen -Ithird_party/utf8_range -Ithird_party/xxhash -Ithird_party/zlib -I/usr/local/google/home/ssreenithi/.pyenv/versions/3.12.0/envs/pyvenv_312/include -I/usr/local/google/home/ssreenithi/.pyenv/versions/3.12.0/include/python3.12 -c third_party/boringssl-with-bazel/src/crypto/x509/v3_enum.cc -o pyb/temp.linux-x86_64-cpython-312/third_party/boringssl-with-bazel/src/crypto/x509/v3_enum.o -std=c++17 -fvisibility=hidden -fno-wrapv -fno-exceptions -pthread
      gcc -fno-strict-overflow -Wsign-compare -DNDEBUG -g -O3 -Wall -fPIC -D_WIN32_WINNT=1536 -DGRPC_XDS_USER_AGENT_NAME_SUFFIX=\"Python\" -DGRPC_XDS_USER_AGENT_VERSION_SUFFIX=\"1.79.0.dev0\" -DHAVE_CONFIG_H=1 -DGRPC_ENABLE_FORK_SUPPORT=1 -DGRPC_ENABLE_FORK_SUPPORT_DEFAULT=false -DGRPC_PYTHON_BUILD=1 -D__STDC_FORMAT_MACROS "-DPyMODINIT_FUNC=extern \"C\" __attribute__((visibility (\"default\"))) PyObject*" -DGRPC_POSIX_FORK_ALLOW_PTHREAD_ATFORK=1 -Isrc/python/grpcio -Iinclude -I. -Ithird_party/abseil-cpp -Ithird_party/address_sorting/include -Ithird_party/cares/cares/include -Ithird_party/cares -Ithird_party/cares/cares -Ithird_party/cares/cares/src/lib/include -Ithird_party/cares/cares/src/lib -Ithird_party/cares/config_linux -Ithird_party/re2 -Ithird_party/boringssl-with-bazel/src/include -Ithird_party/upb -Isrc/core/ext/upb-gen -Isrc/core/ext/upbdefs-gen -Ithird_party/utf8_range -Ithird_party/xxhash -Ithird_party/zlib -I/usr/local/google/home/ssreenithi/.pyenv/versions/3.12.0/envs/pyvenv_312/include -I/usr/local/google/home/ssreenithi/.pyenv/versions/3.12.0/include/python3.12 -c third_party/cares/cares/src/lib/ares_addrinfo_localhost.c -o pyb/temp.linux-x86_64-cpython-312/third_party/cares/cares/src/lib/ares_addrinfo_localhost.o -fvisibility=hidden -fno-wrapv -fno-exceptions -pthread
      gcc -fno-strict-overflow -Wsign-compare -DNDEBUG -g -O3 -Wall -fPIC -D_WIN32_WINNT=1536 -DGRPC_XDS_USER_AGENT_NAME_SUFFIX=\"Python\" -DGRPC_XDS_USER_AGENT_VERSION_SUFFIX=\"1.79.0.dev0\" -DHAVE_CONFIG_H=1 -DGRPC_ENABLE_FORK_SUPPORT=1 -DGRPC_ENABLE_FORK_SUPPORT_DEFAULT=false -DGRPC_PYTHON_BUILD=1 -D__STDC_FORMAT_MACROS "-DPyMODINIT_FUNC=extern \"C\" __attribute__((visibility (\"default\"))) PyObject*" -DGRPC_POSIX_FORK_ALLOW_PTHREAD_ATFORK=1 -Isrc/python/grpcio -Iinclude -I. -Ithird_party/abseil-cpp -Ithird_party/address_sorting/include -Ithird_party/cares/cares/include -Ithird_party/cares -Ithird_party/cares/cares -Ithird_party/cares/cares/src/lib/include -Ithird_party/cares/cares/src/lib -Ithird_party/cares/config_linux -Ithird_party/re2 -Ithird_party/boringssl-with-bazel/src/include -Ithird_party/upb -Isrc/core/ext/upb-gen -Isrc/core/ext/upbdefs-gen -Ithird_party/utf8_range -Ithird_party/xxhash -Ithird_party/zlib -I/usr/local/google/home/ssreenithi/.pyenv/versions/3.12.0/envs/pyvenv_312/include -I/usr/local/google/home/ssreenithi/.pyenv/versions/3.12.0/include/python3.12 -c third_party/cares/cares/src/lib/ares_send.c -o pyb/temp.linux-x86_64-cpython-312/third_party/cares/cares/src/lib/ares_send.o -fvisibility=hidden -fno-wrapv -fno-exceptions -pthread
      gcc -fno-strict-overflow -Wsign-compare -DNDEBUG -g -O3 -Wall -fPIC -D_WIN32_WINNT=1536 -DGRPC_XDS_USER_AGENT_NAME_SUFFIX=\"Python\" -DGRPC_XDS_USER_AGENT_VERSION_SUFFIX=\"1.79.0.dev0\" -DHAVE_CONFIG_H=1 -DGRPC_ENABLE_FORK_SUPPORT=1 -DGRPC_ENABLE_FORK_SUPPORT_DEFAULT=false -DGRPC_PYTHON_BUILD=1 -D__STDC_FORMAT_MACROS "-DPyMODINIT_FUNC=extern \"C\" __attribute__((visibility (\"default\"))) PyObject*" -DGRPC_POSIX_FORK_ALLOW_PTHREAD_ATFORK=1 -Isrc/python/grpcio -Iinclude -I. -Ithird_party/abseil-cpp -Ithird_party/address_sorting/include -Ithird_party/cares/cares/include -Ithird_party/cares -Ithird_party/cares/cares -Ithird_party/cares/cares/src/lib/include -Ithird_party/cares/cares/src/lib -Ithird_party/cares/config_linux -Ithird_party/re2 -Ithird_party/boringssl-with-bazel/src/include -Ithird_party/upb -Isrc/core/ext/upb-gen -Isrc/core/ext/upbdefs-gen -Ithird_party/utf8_range -Ithird_party/xxhash -Ithird_party/zlib -I/usr/local/google/home/ssreenithi/.pyenv/versions/3.12.0/envs/pyvenv_312/include -I/usr/local/google/home/ssreenithi/.pyenv/versions/3.12.0/include/python3.12 -c third_party/boringssl-with-bazel/src/gen/bcm/aes-gcm-avx512-x86_64-linux.S -o pyb/temp.linux-x86_64-cpython-312/third_party/boringssl-with-bazel/src/gen/bcm/aes-gcm-avx512-x86_64-linux.o -std=c++17 -fvisibility=hidden -fno-wrapv -fno-exceptions -pthread
      g++ -fno-strict-overflow -Wsign-compare -DNDEBUG -g -O3 -Wall -fPIC -D_WIN32_WINNT=1536 -DGRPC_XDS_USER_AGENT_NAME_SUFFIX=\"Python\" -DGRPC_XDS_USER_AGENT_VERSION_SUFFIX=\"1.79.0.dev0\" -DHAVE_CONFIG_H=1 -DGRPC_ENABLE_FORK_SUPPORT=1 -DGRPC_ENABLE_FORK_SUPPORT_DEFAULT=false -DGRPC_PYTHON_BUILD=1 -D__STDC_FORMAT_MACROS "-DPyMODINIT_FUNC=extern \"C\" __attribute__((visibility (\"default\"))) PyObject*" -DGRPC_POSIX_FORK_ALLOW_PTHREAD_ATFORK=1 -Isrc/python/grpcio -Iinclude -I. -Ithird_party/abseil-cpp -Ithird_party/address_sorting/include -Ithird_party/cares/cares/include -Ithird_party/cares -Ithird_party/cares/cares -Ithird_party/cares/cares/src/lib/include -Ithird_party/cares/cares/src/lib -Ithird_party/cares/config_linux -Ithird_party/re2 -Ithird_party/boringssl-with-bazel/src/include -Ithird_party/upb -Isrc/core/ext/upb-gen -Isrc/core/ext/upbdefs-gen -Ithird_party/utf8_range -Ithird_party/xxhash -Ithird_party/zlib -I/usr/local/google/home/ssreenithi/.pyenv/versions/3.12.0/envs/pyvenv_312/include -I/usr/local/google/home/ssreenithi/.pyenv/versions/3.12.0/include/python3.12 -c src/core/lib/debug/trace.cc -o pyb/temp.linux-x86_64-cpython-312/src/core/lib/debug/trace.o -std=c++17 -fvisibility=hidden -fno-wrapv -fno-exceptions -pthread
      gcc -fno-strict-overflow -Wsign-compare -DNDEBUG -g -O3 -Wall -fPIC -D_WIN32_WINNT=1536 -DGRPC_XDS_USER_AGENT_NAME_SUFFIX=\"Python\" -DGRPC_XDS_USER_AGENT_VERSION_SUFFIX=\"1.79.0.dev0\" -DHAVE_CONFIG_H=1 -DGRPC_ENABLE_FORK_SUPPORT=1 -DGRPC_ENABLE_FORK_SUPPORT_DEFAULT=false -DGRPC_PYTHON_BUILD=1 -D__STDC_FORMAT_MACROS "-DPyMODINIT_FUNC=extern \"C\" __attribute__((visibility (\"default\"))) PyObject*" -DGRPC_POSIX_FORK_ALLOW_PTHREAD_ATFORK=1 -Isrc/python/grpcio -Iinclude -I. -Ithird_party/abseil-cpp -Ithird_party/address_sorting/include -Ithird_party/cares/cares/include -Ithird_party/cares -Ithird_party/cares/cares -Ithird_party/cares/cares/src/lib/include -Ithird_party/cares/cares/src/lib -Ithird_party/cares/config_linux -Ithird_party/re2 -Ithird_party/boringssl-with-bazel/src/include -Ithird_party/upb -Isrc/core/ext/upb-gen -Isrc/core/ext/upbdefs-gen -Ithird_party/utf8_range -Ithird_party/xxhash -Ithird_party/zlib -I/usr/local/google/home/ssreenithi/.pyenv/versions/3.12.0/envs/pyvenv_312/include -I/usr/local/google/home/ssreenithi/.pyenv/versions/3.12.0/include/python3.12 -c third_party/boringssl-with-bazel/src/gen/bcm/aesni-gcm-x86_64-apple.S -o pyb/temp.linux-x86_64-cpython-312/third_party/boringssl-with-bazel/src/gen/bcm/aesni-gcm-x86_64-apple.o -std=c++17 -fvisibility=hidden -fno-wrapv -fno-exceptions -pthread
      gcc -fno-strict-overflow -Wsign-compare -DNDEBUG -g -O3 -Wall -fPIC -D_WIN32_WINNT=1536 -DGRPC_XDS_USER_AGENT_NAME_SUFFIX=\"Python\" -DGRPC_XDS_USER_AGENT_VERSION_SUFFIX=\"1.79.0.dev0\" -DHAVE_CONFIG_H=1 -DGRPC_ENABLE_FORK_SUPPORT=1 -DGRPC_ENABLE_FORK_SUPPORT_DEFAULT=false -DGRPC_PYTHON_BUILD=1 -D__STDC_FORMAT_MACROS "-DPyMODINIT_FUNC=extern \"C\" __attribute__((visibility (\"default\"))) PyObject*" -DGRPC_POSIX_FORK_ALLOW_PTHREAD_ATFORK=1 -Isrc/python/grpcio -Iinclude -I. -Ithird_party/abseil-cpp -Ithird_party/address_sorting/include -Ithird_party/cares/cares/include -Ithird_party/cares -Ithird_party/cares/cares -Ithird_party/cares/cares/src/lib/include -Ithird_party/cares/cares/src/lib -Ithird_party/cares/config_linux -Ithird_party/re2 -Ithird_party/boringssl-with-bazel/src/include -Ithird_party/upb -Isrc/core/ext/upb-gen -Isrc/core/ext/upbdefs-gen -Ithird_party/utf8_range -Ithird_party/xxhash -Ithird_party/zlib -I/usr/local/google/home/ssreenithi/.pyenv/versions/3.12.0/envs/pyvenv_312/include -I/usr/local/google/home/ssreenithi/.pyenv/versions/3.12.0/include/python3.12 -c third_party/cares/cares/src/lib/ares_gethostbyaddr.c -o pyb/temp.linux-x86_64-cpython-312/third_party/cares/cares/src/lib/ares_gethostbyaddr.o -fvisibility=hidden -fno-wrapv -fno-exceptions -pthread
      gcc -fno-strict-overflow -Wsign-compare -DNDEBUG -g -O3 -Wall -fPIC -D_WIN32_WINNT=1536 -DGRPC_XDS_USER_AGENT_NAME_SUFFIX=\"Python\" -DGRPC_XDS_USER_AGENT_VERSION_SUFFIX=\"1.79.0.dev0\" -DHAVE_CONFIG_H=1 -DGRPC_ENABLE_FORK_SUPPORT=1 -DGRPC_ENABLE_FORK_SUPPORT_DEFAULT=false -DGRPC_PYTHON_BUILD=1 -D__STDC_FORMAT_MACROS "-DPyMODINIT_FUNC=extern \"C\" __attribute__((visibility (\"default\"))) PyObject*" -DGRPC_POSIX_FORK_ALLOW_PTHREAD_ATFORK=1 -Isrc/python/grpcio -Iinclude -I. -Ithird_party/abseil-cpp -Ithird_party/address_sorting/include -Ithird_party/cares/cares/include -Ithird_party/cares -Ithird_party/cares/cares -Ithird_party/cares/cares/src/lib/include -Ithird_party/cares/cares/src/lib -Ithird_party/cares/config_linux -Ithird_party/re2 -Ithird_party/boringssl-with-bazel/src/include -Ithird_party/upb -Isrc/core/ext/upb-gen -Isrc/core/ext/upbdefs-gen -Ithird_party/utf8_range -Ithird_party/xxhash -Ithird_party/zlib -I/usr/local/google/home/ssreenithi/.pyenv/versions/3.12.0/envs/pyvenv_312/include -I/usr/local/google/home/ssreenithi/.pyenv/versions/3.12.0/include/python3.12 -c third_party/cares/cares/src/lib/ares_sysconfig_mac.c -o pyb/temp.linux-x86_64-cpython-312/third_party/cares/cares/src/lib/ares_sysconfig_mac.o -fvisibility=hidden -fno-wrapv -fno-exceptions -pthread
      g++ -fno-strict-overflow -Wsign-compare -DNDEBUG -g -O3 -Wall -fPIC -D_WIN32_WINNT=1536 -DGRPC_XDS_USER_AGENT_NAME_SUFFIX=\"Python\" -DGRPC_XDS_USER_AGENT_VERSION_SUFFIX=\"1.79.0.dev0\" -DHAVE_CONFIG_H=1 -DGRPC_ENABLE_FORK_SUPPORT=1 -DGRPC_ENABLE_FORK_SUPPORT_DEFAULT=false -DGRPC_PYTHON_BUILD=1 -D__STDC_FORMAT_MACROS "-DPyMODINIT_FUNC=extern \"C\" __attribute__((visibility (\"default\"))) PyObject*" -DGRPC_POSIX_FORK_ALLOW_PTHREAD_ATFORK=1 -Isrc/python/grpcio -Iinclude -I. -Ithird_party/abseil-cpp -Ithird_party/address_sorting/include -Ithird_party/cares/cares/include -Ithird_party/cares -Ithird_party/cares/cares -Ithird_party/cares/cares/src/lib/include -Ithird_party/cares/cares/src/lib -Ithird_party/cares/config_linux -Ithird_party/re2 -Ithird_party/boringssl-with-bazel/src/include -Ithird_party/upb -Isrc/core/ext/upb-gen -Isrc/core/ext/upbdefs-gen -Ithird_party/utf8_range -Ithird_party/xxhash -Ithird_party/zlib -I/usr/local/google/home/ssreenithi/.pyenv/versions/3.12.0/envs/pyvenv_312/include -I/usr/local/google/home/ssreenithi/.pyenv/versions/3.12.0/include/python3.12 -c third_party/boringssl-with-bazel/src/ssl/d1_both.cc -o pyb/temp.linux-x86_64-cpython-312/third_party/boringssl-with-bazel/src/ssl/d1_both.o -std=c++17 -fvisibility=hidden -fno-wrapv -fno-exceptions -pthread
      g++ -fno-strict-overflow -Wsign-compare -DNDEBUG -g -O3 -Wall -fPIC -D_WIN32_WINNT=1536 -DGRPC_XDS_USER_AGENT_NAME_SUFFIX=\"Python\" -DGRPC_XDS_USER_AGENT_VERSION_SUFFIX=\"1.79.0.dev0\" -DHAVE_CONFIG_H=1 -DGRPC_ENABLE_FORK_SUPPORT=1 -DGRPC_ENABLE_FORK_SUPPORT_DEFAULT=false -DGRPC_PYTHON_BUILD=1 -D__STDC_FORMAT_MACROS "-DPyMODINIT_FUNC=extern \"C\" __attribute__((visibility (\"default\"))) PyObject*" -DGRPC_POSIX_FORK_ALLOW_PTHREAD_ATFORK=1 -Isrc/python/grpcio -Iinclude -I. -Ithird_party/abseil-cpp -Ithird_party/address_sorting/include -Ithird_party/cares/cares/include -Ithird_party/cares -Ithird_party/cares/cares -Ithird_party/cares/cares/src/lib/include -Ithird_party/cares/cares/src/lib -Ithird_party/cares/config_linux -Ithird_party/re2 -Ithird_party/boringssl-with-bazel/src/include -Ithird_party/upb -Isrc/core/ext/upb-gen -Isrc/core/ext/upbdefs-gen -Ithird_party/utf8_range -Ithird_party/xxhash -Ithird_party/zlib -I/usr/local/google/home/ssreenithi/.pyenv/versions/3.12.0/envs/pyvenv_312/include -I/usr/local/google/home/ssreenithi/.pyenv/versions/3.12.0/include/python3.12 -c src/python/grpcio/grpc/_cython/cygrpc.cpp -o pyb/temp.linux-x86_64-cpython-312/src/python/grpcio/grpc/_cython/cygrpc.o -std=c++17 -fvisibility=hidden -fno-wrapv -fno-exceptions -pthread
      gcc -fno-strict-overflow -Wsign-compare -DNDEBUG -g -O3 -Wall -fPIC -D_WIN32_WINNT=1536 -DGRPC_XDS_USER_AGENT_NAME_SUFFIX=\"Python\" -DGRPC_XDS_USER_AGENT_VERSION_SUFFIX=\"1.79.0.dev0\" -DHAVE_CONFIG_H=1 -DGRPC_ENABLE_FORK_SUPPORT=1 -DGRPC_ENABLE_FORK_SUPPORT_DEFAULT=false -DGRPC_PYTHON_BUILD=1 -D__STDC_FORMAT_MACROS "-DPyMODINIT_FUNC=extern \"C\" __attribute__((visibility (\"default\"))) PyObject*" -DGRPC_POSIX_FORK_ALLOW_PTHREAD_ATFORK=1 -Isrc/python/grpcio -Iinclude -I. -Ithird_party/abseil-cpp -Ithird_party/address_sorting/include -Ithird_party/cares/cares/include -Ithird_party/cares -Ithird_party/cares/cares -Ithird_party/cares/cares/src/lib/include -Ithird_party/cares/cares/src/lib -Ithird_party/cares/config_linux -Ithird_party/re2 -Ithird_party/boringssl-with-bazel/src/include -Ithird_party/upb -Isrc/core/ext/upb-gen -Isrc/core/ext/upbdefs-gen -Ithird_party/utf8_range -Ithird_party/xxhash -Ithird_party/zlib -I/usr/local/google/home/ssreenithi/.pyenv/versions/3.12.0/envs/pyvenv_312/include -I/usr/local/google/home/ssreenithi/.pyenv/versions/3.12.0/include/python3.12 -c third_party/cares/cares/src/lib/ares_destroy.c -o pyb/temp.linux-x86_64-cpython-312/third_party/cares/cares/src/lib/ares_destroy.o -fvisibility=hidden -fno-wrapv -fno-exceptions -pthread
      gcc -fno-strict-overflow -Wsign-compare -DNDEBUG -g -O3 -Wall -fPIC -D_WIN32_WINNT=1536 -DGRPC_XDS_USER_AGENT_NAME_SUFFIX=\"Python\" -DGRPC_XDS_USER_AGENT_VERSION_SUFFIX=\"1.79.0.dev0\" -DHAVE_CONFIG_H=1 -DGRPC_ENABLE_FORK_SUPPORT=1 -DGRPC_ENABLE_FORK_SUPPORT_DEFAULT=false -DGRPC_PYTHON_BUILD=1 -D__STDC_FORMAT_MACROS "-DPyMODINIT_FUNC=extern \"C\" __attribute__((visibility (\"default\"))) PyObject*" -DGRPC_POSIX_FORK_ALLOW_PTHREAD_ATFORK=1 -Isrc/python/grpcio -Iinclude -I. -Ithird_party/abseil-cpp -Ithird_party/address_sorting/include -Ithird_party/cares/cares/include -Ithird_party/cares -Ithird_party/cares/cares -Ithird_party/cares/cares/src/lib/include -Ithird_party/cares/cares/src/lib -Ithird_party/cares/config_linux -Ithird_party/re2 -Ithird_party/boringssl-with-bazel/src/include -Ithird_party/upb -Isrc/core/ext/upb-gen -Isrc/core/ext/upbdefs-gen -Ithird_party/utf8_range -Ithird_party/xxhash -Ithird_party/zlib -I/usr/local/google/home/ssreenithi/.pyenv/versions/3.12.0/envs/pyvenv_312/include -I/usr/local/google/home/ssreenithi/.pyenv/versions/3.12.0/include/python3.12 -c third_party/cares/cares/src/lib/dsa/ares_htable_asvp.c -o pyb/temp.linux-x86_64-cpython-312/third_party/cares/cares/src/lib/dsa/ares_htable_asvp.o -fvisibility=hidden -fno-wrapv -fno-exceptions -pthread
      gcc -fno-strict-overflow -Wsign-compare -DNDEBUG -g -O3 -Wall -fPIC -D_WIN32_WINNT=1536 -DGRPC_XDS_USER_AGENT_NAME_SUFFIX=\"Python\" -DGRPC_XDS_USER_AGENT_VERSION_SUFFIX=\"1.79.0.dev0\" -DHAVE_CONFIG_H=1 -DGRPC_ENABLE_FORK_SUPPORT=1 -DGRPC_ENABLE_FORK_SUPPORT_DEFAULT=false -DGRPC_PYTHON_BUILD=1 -D__STDC_FORMAT_MACROS "-DPyMODINIT_FUNC=extern \"C\" __attribute__((visibility (\"default\"))) PyObject*" -DGRPC_POSIX_FORK_ALLOW_PTHREAD_ATFORK=1 -Isrc/python/grpcio -Iinclude -I. -Ithird_party/abseil-cpp -Ithird_party/address_sorting/include -Ithird_party/cares/cares/include -Ithird_party/cares -Ithird_party/cares/cares -Ithird_party/cares/cares/src/lib/include -Ithird_party/cares/cares/src/lib -Ithird_party/cares/config_linux -Ithird_party/re2 -Ithird_party/boringssl-with-bazel/src/include -Ithird_party/upb -Isrc/core/ext/upb-gen -Isrc/core/ext/upbdefs-gen -Ithird_party/utf8_range -Ithird_party/xxhash -Ithird_party/zlib -I/usr/local/google/home/ssreenithi/.pyenv/versions/3.12.0/envs/pyvenv_312/include -I/usr/local/google/home/ssreenithi/.pyenv/versions/3.12.0/include/python3.12 -c third_party/cares/cares/src/lib/ares_sysconfig_win.c -o pyb/temp.linux-x86_64-cpython-312/third_party/cares/cares/src/lib/ares_sysconfig_win.o -fvisibility=hidden -fno-wrapv -fno-exceptions -pthread
      g++ -fno-strict-overflow -Wsign-compare -DNDEBUG -g -O3 -Wall -fPIC -D_WIN32_WINNT=1536 -DGRPC_XDS_USER_AGENT_NAME_SUFFIX=\"Python\" -DGRPC_XDS_USER_AGENT_VERSION_SUFFIX=\"1.79.0.dev0\" -DHAVE_CONFIG_H=1 -DGRPC_ENABLE_FORK_SUPPORT=1 -DGRPC_ENABLE_FORK_SUPPORT_DEFAULT=false -DGRPC_PYTHON_BUILD=1 -D__STDC_FORMAT_MACROS "-DPyMODINIT_FUNC=extern \"C\" __attribute__((visibility (\"default\"))) PyObject*" -DGRPC_POSIX_FORK_ALLOW_PTHREAD_ATFORK=1 -Isrc/python/grpcio -Iinclude -I. -Ithird_party/abseil-cpp -Ithird_party/address_sorting/include -Ithird_party/cares/cares/include -Ithird_party/cares -Ithird_party/cares/cares -Ithird_party/cares/cares/src/lib/include -Ithird_party/cares/cares/src/lib -Ithird_party/cares/config_linux -Ithird_party/re2 -Ithird_party/boringssl-with-bazel/src/include -Ithird_party/upb -Isrc/core/ext/upb-gen -Isrc/core/ext/upbdefs-gen -Ithird_party/utf8_range -Ithird_party/xxhash -Ithird_party/zlib -I/usr/local/google/home/ssreenithi/.pyenv/versions/3.12.0/envs/pyvenv_312/include -I/usr/local/google/home/ssreenithi/.pyenv/versions/3.12.0/include/python3.12 -c third_party/boringssl-with-bazel/src/crypto/x509/x_req.cc -o pyb/temp.linux-x86_64-cpython-312/third_party/boringssl-with-bazel/src/crypto/x509/x_req.o -std=c++17 -fvisibility=hidden -fno-wrapv -fno-exceptions -pthread
      gcc -fno-strict-overflow -Wsign-compare -DNDEBUG -g -O3 -Wall -fPIC -D_WIN32_WINNT=1536 -DGRPC_XDS_USER_AGENT_NAME_SUFFIX=\"Python\" -DGRPC_XDS_USER_AGENT_VERSION_SUFFIX=\"1.79.0.dev0\" -DHAVE_CONFIG_H=1 -DGRPC_ENABLE_FORK_SUPPORT=1 -DGRPC_ENABLE_FORK_SUPPORT_DEFAULT=false -DGRPC_PYTHON_BUILD=1 -D__STDC_FORMAT_MACROS "-DPyMODINIT_FUNC=extern \"C\" __attribute__((visibility (\"default\"))) PyObject*" -DGRPC_POSIX_FORK_ALLOW_PTHREAD_ATFORK=1 -Isrc/python/grpcio -Iinclude -I. -Ithird_party/abseil-cpp -Ithird_party/address_sorting/include -Ithird_party/cares/cares/include -Ithird_party/cares -Ithird_party/cares/cares -Ithird_party/cares/cares/src/lib/include -Ithird_party/cares/cares/src/lib -Ithird_party/cares/config_linux -Ithird_party/re2 -Ithird_party/boringssl-with-bazel/src/include -Ithird_party/upb -Isrc/core/ext/upb-gen -Isrc/core/ext/upbdefs-gen -Ithird_party/utf8_range -Ithird_party/xxhash -Ithird_party/zlib -I/usr/local/google/home/ssreenithi/.pyenv/versions/3.12.0/envs/pyvenv_312/include -I/usr/local/google/home/ssreenithi/.pyenv/versions/3.12.0/include/python3.12 -c third_party/cares/cares/src/lib/ares_android.c -o pyb/temp.linux-x86_64-cpython-312/third_party/cares/cares/src/lib/ares_android.o -fvisibility=hidden -fno-wrapv -fno-exceptions -pthread
      g++ -fno-strict-overflow -Wsign-compare -DNDEBUG -g -O3 -Wall -fPIC -D_WIN32_WINNT=1536 -DGRPC_XDS_USER_AGENT_NAME_SUFFIX=\"Python\" -DGRPC_XDS_USER_AGENT_VERSION_SUFFIX=\"1.79.0.dev0\" -DHAVE_CONFIG_H=1 -DGRPC_ENABLE_FORK_SUPPORT=1 -DGRPC_ENABLE_FORK_SUPPORT_DEFAULT=false -DGRPC_PYTHON_BUILD=1 -D__STDC_FORMAT_MACROS "-DPyMODINIT_FUNC=extern \"C\" __attribute__((visibility (\"default\"))) PyObject*" -DGRPC_POSIX_FORK_ALLOW_PTHREAD_ATFORK=1 -Isrc/python/grpcio -Iinclude -I. -Ithird_party/abseil-cpp -Ithird_party/address_sorting/include -Ithird_party/cares/cares/include -Ithird_party/cares -Ithird_party/cares/cares -Ithird_party/cares/cares/src/lib/include -Ithird_party/cares/cares/src/lib -Ithird_party/cares/config_linux -Ithird_party/re2 -Ithird_party/boringssl-with-bazel/src/include -Ithird_party/upb -Isrc/core/ext/upb-gen -Isrc/core/ext/upbdefs-gen -Ithird_party/utf8_range -Ithird_party/xxhash -Ithird_party/zlib -I/usr/local/google/home/ssreenithi/.pyenv/versions/3.12.0/envs/pyvenv_312/include -I/usr/local/google/home/ssreenithi/.pyenv/versions/3.12.0/include/python3.12 -c src/core/client_channel/lb_metadata.cc -o pyb/temp.linux-x86_64-cpython-312/src/core/client_channel/lb_metadata.o -std=c++17 -fvisibility=hidden -fno-wrapv -fno-exceptions -pthread
      gcc -fno-strict-overflow -Wsign-compare -DNDEBUG -g -O3 -Wall -fPIC -D_WIN32_WINNT=1536 -DGRPC_XDS_USER_AGENT_NAME_SUFFIX=\"Python\" -DGRPC_XDS_USER_AGENT_VERSION_SUFFIX=\"1.79.0.dev0\" -DHAVE_CONFIG_H=1 -DGRPC_ENABLE_FORK_SUPPORT=1 -DGRPC_ENABLE_FORK_SUPPORT_DEFAULT=false -DGRPC_PYTHON_BUILD=1 -D__STDC_FORMAT_MACROS "-DPyMODINIT_FUNC=extern \"C\" __attribute__((visibility (\"default\"))) PyObject*" -DGRPC_POSIX_FORK_ALLOW_PTHREAD_ATFORK=1 -Isrc/python/grpcio -Iinclude -I. -Ithird_party/abseil-cpp -Ithird_party/address_sorting/include -Ithird_party/cares/cares/include -Ithird_party/cares -Ithird_party/cares/cares -Ithird_party/cares/cares/src/lib/include -Ithird_party/cares/cares/src/lib -Ithird_party/cares/config_linux -Ithird_party/re2 -Ithird_party/boringssl-with-bazel/src/include -Ithird_party/upb -Isrc/core/ext/upb-gen -Isrc/core/ext/upbdefs-gen -Ithird_party/utf8_range -Ithird_party/xxhash -Ithird_party/zlib -I/usr/local/google/home/ssreenithi/.pyenv/versions/3.12.0/envs/pyvenv_312/include -I/usr/local/google/home/ssreenithi/.pyenv/versions/3.12.0/include/python3.12 -c third_party/cares/cares/src/lib/ares_options.c -o pyb/temp.linux-x86_64-cpython-312/third_party/cares/cares/src/lib/ares_options.o -fvisibility=hidden -fno-wrapv -fno-exceptions -pthread
      gcc -fno-strict-overflow -Wsign-compare -DNDEBUG -g -O3 -Wall -fPIC -D_WIN32_WINNT=1536 -DGRPC_XDS_USER_AGENT_NAME_SUFFIX=\"Python\" -DGRPC_XDS_USER_AGENT_VERSION_SUFFIX=\"1.79.0.dev0\" -DHAVE_CONFIG_H=1 -DGRPC_ENABLE_FORK_SUPPORT=1 -DGRPC_ENABLE_FORK_SUPPORT_DEFAULT=false -DGRPC_PYTHON_BUILD=1 -D__STDC_FORMAT_MACROS "-DPyMODINIT_FUNC=extern \"C\" __attribute__((visibility (\"default\"))) PyObject*" -DGRPC_POSIX_FORK_ALLOW_PTHREAD_ATFORK=1 -Isrc/python/grpcio -Iinclude -I. -Ithird_party/abseil-cpp -Ithird_party/address_sorting/include -Ithird_party/cares/cares/include -Ithird_party/cares -Ithird_party/cares/cares -Ithird_party/cares/cares/src/lib/include -Ithird_party/cares/cares/src/lib -Ithird_party/cares/config_linux -Ithird_party/re2 -Ithird_party/boringssl-with-bazel/src/include -Ithird_party/upb -Isrc/core/ext/upb-gen -Isrc/core/ext/upbdefs-gen -Ithird_party/utf8_range -Ithird_party/xxhash -Ithird_party/zlib -I/usr/local/google/home/ssreenithi/.pyenv/versions/3.12.0/envs/pyvenv_312/include -I/usr/local/google/home/ssreenithi/.pyenv/versions/3.12.0/include/python3.12 -c third_party/cares/cares/src/lib/ares_cancel.c -o pyb/temp.linux-x86_64-cpython-312/third_party/cares/cares/src/lib/ares_cancel.o -fvisibility=hidden -fno-wrapv -fno-exceptions -pthread
      gcc -fno-strict-overflow -Wsign-compare -DNDEBUG -g -O3 -Wall -fPIC -D_WIN32_WINNT=1536 -DGRPC_XDS_USER_AGENT_NAME_SUFFIX=\"Python\" -DGRPC_XDS_USER_AGENT_VERSION_SUFFIX=\"1.79.0.dev0\" -DHAVE_CONFIG_H=1 -DGRPC_ENABLE_FORK_SUPPORT=1 -DGRPC_ENABLE_FORK_SUPPORT_DEFAULT=false -DGRPC_PYTHON_BUILD=1 -D__STDC_FORMAT_MACROS "-DPyMODINIT_FUNC=extern \"C\" __attribute__((visibility (\"default\"))) PyObject*" -DGRPC_POSIX_FORK_ALLOW_PTHREAD_ATFORK=1 -Isrc/python/grpcio -Iinclude -I. -Ithird_party/abseil-cpp -Ithird_party/address_sorting/include -Ithird_party/cares/cares/include -Ithird_party/cares -Ithird_party/cares/cares -Ithird_party/cares/cares/src/lib/include -Ithird_party/cares/cares/src/lib -Ithird_party/cares/config_linux -Ithird_party/re2 -Ithird_party/boringssl-with-bazel/src/include -Ithird_party/upb -Isrc/core/ext/upb-gen -Isrc/core/ext/upbdefs-gen -Ithird_party/utf8_range -Ithird_party/xxhash -Ithird_party/zlib -I/usr/local/google/home/ssreenithi/.pyenv/versions/3.12.0/envs/pyvenv_312/include -I/usr/local/google/home/ssreenithi/.pyenv/versions/3.12.0/include/python3.12 -c third_party/cares/cares/src/lib/ares_set_socket_functions.c -o pyb/temp.linux-x86_64-cpython-312/third_party/cares/cares/src/lib/ares_set_socket_functions.o -fvisibility=hidden -fno-wrapv -fno-exceptions -pthread
      g++ -fno-strict-overflow -Wsign-compare -DNDEBUG -g -O3 -Wall -fPIC -D_WIN32_WINNT=1536 -DGRPC_XDS_USER_AGENT_NAME_SUFFIX=\"Python\" -DGRPC_XDS_USER_AGENT_VERSION_SUFFIX=\"1.79.0.dev0\" -DHAVE_CONFIG_H=1 -DGRPC_ENABLE_FORK_SUPPORT=1 -DGRPC_ENABLE_FORK_SUPPORT_DEFAULT=false -DGRPC_PYTHON_BUILD=1 -D__STDC_FORMAT_MACROS "-DPyMODINIT_FUNC=extern \"C\" __attribute__((visibility (\"default\"))) PyObject*" -DGRPC_POSIX_FORK_ALLOW_PTHREAD_ATFORK=1 -Isrc/python/grpcio -Iinclude -I. -Ithird_party/abseil-cpp -Ithird_party/address_sorting/include -Ithird_party/cares/cares/include -Ithird_party/cares -Ithird_party/cares/cares -Ithird_party/cares/cares/src/lib/include -Ithird_party/cares/cares/src/lib -Ithird_party/cares/config_linux -Ithird_party/re2 -Ithird_party/boringssl-with-bazel/src/include -Ithird_party/upb -Isrc/core/ext/upb-gen -Isrc/core/ext/upbdefs-gen -Ithird_party/utf8_range -Ithird_party/xxhash -Ithird_party/zlib -I/usr/local/google/home/ssreenithi/.pyenv/versions/3.12.0/envs/pyvenv_312/include -I/usr/local/google/home/ssreenithi/.pyenv/versions/3.12.0/include/python3.12 -c third_party/boringssl-with-bazel/src/crypto/x509/v3_ocsp.cc -o pyb/temp.linux-x86_64-cpython-312/third_party/boringssl-with-bazel/src/crypto/x509/v3_ocsp.o -std=c++17 -fvisibility=hidden -fno-wrapv -fno-exceptions -pthread
      gcc -fno-strict-overflow -Wsign-compare -DNDEBUG -g -O3 -Wall -fPIC -D_WIN32_WINNT=1536 -DGRPC_XDS_USER_AGENT_NAME_SUFFIX=\"Python\" -DGRPC_XDS_USER_AGENT_VERSION_SUFFIX=\"1.79.0.dev0\" -DHAVE_CONFIG_H=1 -DGRPC_ENABLE_FORK_SUPPORT=1 -DGRPC_ENABLE_FORK_SUPPORT_DEFAULT=false -DGRPC_PYTHON_BUILD=1 -D__STDC_FORMAT_MACROS "-DPyMODINIT_FUNC=extern \"C\" __attribute__((visibility (\"default\"))) PyObject*" -DGRPC_POSIX_FORK_ALLOW_PTHREAD_ATFORK=1 -Isrc/python/grpcio -Iinclude -I. -Ithird_party/abseil-cpp -Ithird_party/address_sorting/include -Ithird_party/cares/cares/include -Ithird_party/cares -Ithird_party/cares/cares -Ithird_party/cares/cares/src/lib/include -Ithird_party/cares/cares/src/lib -Ithird_party/cares/config_linux -Ithird_party/re2 -Ithird_party/boringssl-with-bazel/src/include -Ithird_party/upb -Isrc/core/ext/upb-gen -Isrc/core/ext/upbdefs-gen -Ithird_party/utf8_range -Ithird_party/xxhash -Ithird_party/zlib -I/usr/local/google/home/ssreenithi/.pyenv/versions/3.12.0/envs/pyvenv_312/include -I/usr/local/google/home/ssreenithi/.pyenv/versions/3.12.0/include/python3.12 -c third_party/cares/cares/src/lib/ares_gethostbyname.c -o pyb/temp.linux-x86_64-cpython-312/third_party/cares/cares/src/lib/ares_gethostbyname.o -fvisibility=hidden -fno-wrapv -fno-exceptions -pthread
      gcc -fno-strict-overflow -Wsign-compare -DNDEBUG -g -O3 -Wall -fPIC -D_WIN32_WINNT=1536 -DGRPC_XDS_USER_AGENT_NAME_SUFFIX=\"Python\" -DGRPC_XDS_USER_AGENT_VERSION_SUFFIX=\"1.79.0.dev0\" -DHAVE_CONFIG_H=1 -DGRPC_ENABLE_FORK_SUPPORT=1 -DGRPC_ENABLE_FORK_SUPPORT_DEFAULT=false -DGRPC_PYTHON_BUILD=1 -D__STDC_FORMAT_MACROS "-DPyMODINIT_FUNC=extern \"C\" __attribute__((visibility (\"default\"))) PyObject*" -DGRPC_POSIX_FORK_ALLOW_PTHREAD_ATFORK=1 -Isrc/python/grpcio -Iinclude -I. -Ithird_party/abseil-cpp -Ithird_party/address_sorting/include -Ithird_party/cares/cares/include -Ithird_party/cares -Ithird_party/cares/cares -Ithird_party/cares/cares/src/lib/include -Ithird_party/cares/cares/src/lib -Ithird_party/cares/config_linux -Ithird_party/re2 -Ithird_party/boringssl-with-bazel/src/include -Ithird_party/upb -Isrc/core/ext/upb-gen -Isrc/core/ext/upbdefs-gen -Ithird_party/utf8_range -Ithird_party/xxhash -Ithird_party/zlib -I/usr/local/google/home/ssreenithi/.pyenv/versions/3.12.0/envs/pyvenv_312/include -I/usr/local/google/home/ssreenithi/.pyenv/versions/3.12.0/include/python3.12 -c third_party/cares/cares/src/lib/ares_timeout.c -o pyb/temp.linux-x86_64-cpython-312/third_party/cares/cares/src/lib/ares_timeout.o -fvisibility=hidden -fno-wrapv -fno-exceptions -pthread
      g++ -fno-strict-overflow -Wsign-compare -DNDEBUG -g -O3 -Wall -fPIC -D_WIN32_WINNT=1536 -DGRPC_XDS_USER_AGENT_NAME_SUFFIX=\"Python\" -DGRPC_XDS_USER_AGENT_VERSION_SUFFIX=\"1.79.0.dev0\" -DHAVE_CONFIG_H=1 -DGRPC_ENABLE_FORK_SUPPORT=1 -DGRPC_ENABLE_FORK_SUPPORT_DEFAULT=false -DGRPC_PYTHON_BUILD=1 -D__STDC_FORMAT_MACROS "-DPyMODINIT_FUNC=extern \"C\" __attribute__((visibility (\"default\"))) PyObject*" -DGRPC_POSIX_FORK_ALLOW_PTHREAD_ATFORK=1 -Isrc/python/grpcio -Iinclude -I. -Ithird_party/abseil-cpp -Ithird_party/address_sorting/include -Ithird_party/cares/cares/include -Ithird_party/cares -Ithird_party/cares/cares -Ithird_party/cares/cares/src/lib/include -Ithird_party/cares/cares/src/lib -Ithird_party/cares/config_linux -Ithird_party/re2 -Ithird_party/boringssl-with-bazel/src/include -Ithird_party/upb -Isrc/core/ext/upb-gen -Isrc/core/ext/upbdefs-gen -Ithird_party/utf8_range -Ithird_party/xxhash -Ithird_party/zlib -I/usr/local/google/home/ssreenithi/.pyenv/versions/3.12.0/envs/pyvenv_312/include -I/usr/local/google/home/ssreenithi/.pyenv/versions/3.12.0/include/python3.12 -c src/core/xds/grpc/xds_certificate_provider.cc -o pyb/temp.linux-x86_64-cpython-312/src/core/xds/grpc/xds_certificate_provider.o -std=c++17 -fvisibility=hidden -fno-wrapv -fno-exceptions -pthread
      g++ -fno-strict-overflow -Wsign-compare -DNDEBUG -g -O3 -Wall -fPIC -D_WIN32_WINNT=1536 -DGRPC_XDS_USER_AGENT_NAME_SUFFIX=\"Python\" -DGRPC_XDS_USER_AGENT_VERSION_SUFFIX=\"1.79.0.dev0\" -DHAVE_CONFIG_H=1 -DGRPC_ENABLE_FORK_SUPPORT=1 -DGRPC_ENABLE_FORK_SUPPORT_DEFAULT=false -DGRPC_PYTHON_BUILD=1 -D__STDC_FORMAT_MACROS "-DPyMODINIT_FUNC=extern \"C\" __attribute__((visibility (\"default\"))) PyObject*" -DGRPC_POSIX_FORK_ALLOW_PTHREAD_ATFORK=1 -Isrc/python/grpcio -Iinclude -I. -Ithird_party/abseil-cpp -Ithird_party/address_sorting/include -Ithird_party/cares/cares/include -Ithird_party/cares -Ithird_party/cares/cares -Ithird_party/cares/cares/src/lib/include -Ithird_party/cares/cares/src/lib -Ithird_party/cares/config_linux -Ithird_party/re2 -Ithird_party/boringssl-with-bazel/src/include -Ithird_party/upb -Isrc/core/ext/upb-gen -Isrc/core/ext/upbdefs-gen -Ithird_party/utf8_range -Ithird_party/xxhash -Ithird_party/zlib -I/usr/local/google/home/ssreenithi/.pyenv/versions/3.12.0/envs/pyvenv_312/include -I/usr/local/google/home/ssreenithi/.pyenv/versions/3.12.0/include/python3.12 -c third_party/boringssl-with-bazel/src/crypto/x509/x509_lu.cc -o pyb/temp.linux-x86_64-cpython-312/third_party/boringssl-with-bazel/src/crypto/x509/x509_lu.o -std=c++17 -fvisibility=hidden -fno-wrapv -fno-exceptions -pthread
      gcc -fno-strict-overflow -Wsign-compare -DNDEBUG -g -O3 -Wall -fPIC -D_WIN32_WINNT=1536 -DGRPC_XDS_USER_AGENT_NAME_SUFFIX=\"Python\" -DGRPC_XDS_USER_AGENT_VERSION_SUFFIX=\"1.79.0.dev0\" -DHAVE_CONFIG_H=1 -DGRPC_ENABLE_FORK_SUPPORT=1 -DGRPC_ENABLE_FORK_SUPPORT_DEFAULT=false -DGRPC_PYTHON_BUILD=1 -D__STDC_FORMAT_MACROS "-DPyMODINIT_FUNC=extern \"C\" __attribute__((visibility (\"default\"))) PyObject*" -DGRPC_POSIX_FORK_ALLOW_PTHREAD_ATFORK=1 -Isrc/python/grpcio -Iinclude -I. -Ithird_party/abseil-cpp -Ithird_party/address_sorting/include -Ithird_party/cares/cares/include -Ithird_party/cares -Ithird_party/cares/cares -Ithird_party/cares/cares/src/lib/include -Ithird_party/cares/cares/src/lib -Ithird_party/cares/config_linux -Ithird_party/re2 -Ithird_party/boringssl-with-bazel/src/include -Ithird_party/upb -Isrc/core/ext/upb-gen -Isrc/core/ext/upbdefs-gen -Ithird_party/utf8_range -Ithird_party/xxhash -Ithird_party/zlib -I/usr/local/google/home/ssreenithi/.pyenv/versions/3.12.0/envs/pyvenv_312/include -I/usr/local/google/home/ssreenithi/.pyenv/versions/3.12.0/include/python3.12 -c third_party/cares/cares/src/lib/ares_free_hostent.c -o pyb/temp.linux-x86_64-cpython-312/third_party/cares/cares/src/lib/ares_free_hostent.o -fvisibility=hidden -fno-wrapv -fno-exceptions -pthread
      gcc -fno-strict-overflow -Wsign-compare -DNDEBUG -g -O3 -Wall -fPIC -D_WIN32_WINNT=1536 -DGRPC_XDS_USER_AGENT_NAME_SUFFIX=\"Python\" -DGRPC_XDS_USER_AGENT_VERSION_SUFFIX=\"1.79.0.dev0\" -DHAVE_CONFIG_H=1 -DGRPC_ENABLE_FORK_SUPPORT=1 -DGRPC_ENABLE_FORK_SUPPORT_DEFAULT=false -DGRPC_PYTHON_BUILD=1 -D__STDC_FORMAT_MACROS "-DPyMODINIT_FUNC=extern \"C\" __attribute__((visibility (\"default\"))) PyObject*" -DGRPC_POSIX_FORK_ALLOW_PTHREAD_ATFORK=1 -Isrc/python/grpcio -Iinclude -I. -Ithird_party/abseil-cpp -Ithird_party/address_sorting/include -Ithird_party/cares/cares/include -Ithird_party/cares -Ithird_party/cares/cares -Ithird_party/cares/cares/src/lib/include -Ithird_party/cares/cares/src/lib -Ithird_party/cares/config_linux -Ithird_party/re2 -Ithird_party/boringssl-with-bazel/src/include -Ithird_party/upb -Isrc/core/ext/upb-gen -Isrc/core/ext/upbdefs-gen -Ithird_party/utf8_range -Ithird_party/xxhash -Ithird_party/zlib -I/usr/local/google/home/ssreenithi/.pyenv/versions/3.12.0/envs/pyvenv_312/include -I/usr/local/google/home/ssreenithi/.pyenv/versions/3.12.0/include/python3.12 -c third_party/cares/cares/src/lib/dsa/ares_htable_dict.c -o pyb/temp.linux-x86_64-cpython-312/third_party/cares/cares/src/lib/dsa/ares_htable_dict.o -fvisibility=hidden -fno-wrapv -fno-exceptions -pthread
      g++ -fno-strict-overflow -Wsign-compare -DNDEBUG -g -O3 -Wall -fPIC -D_WIN32_WINNT=1536 -DGRPC_XDS_USER_AGENT_NAME_SUFFIX=\"Python\" -DGRPC_XDS_USER_AGENT_VERSION_SUFFIX=\"1.79.0.dev0\" -DHAVE_CONFIG_H=1 -DGRPC_ENABLE_FORK_SUPPORT=1 -DGRPC_ENABLE_FORK_SUPPORT_DEFAULT=false -DGRPC_PYTHON_BUILD=1 -D__STDC_FORMAT_MACROS "-DPyMODINIT_FUNC=extern \"C\" __attribute__((visibility (\"default\"))) PyObject*" -DGRPC_POSIX_FORK_ALLOW_PTHREAD_ATFORK=1 -Isrc/python/grpcio -Iinclude -I. -Ithird_party/abseil-cpp -Ithird_party/address_sorting/include -Ithird_party/cares/cares/include -Ithird_party/cares -Ithird_party/cares/cares -Ithird_party/cares/cares/src/lib/include -Ithird_party/cares/cares/src/lib -Ithird_party/cares/config_linux -Ithird_party/re2 -Ithird_party/boringssl-with-bazel/src/include -Ithird_party/upb -Isrc/core/ext/upb-gen -Isrc/core/ext/upbdefs-gen -Ithird_party/utf8_range -Ithird_party/xxhash -Ithird_party/zlib -I/usr/local/google/home/ssreenithi/.pyenv/versions/3.12.0/envs/pyvenv_312/include -I/usr/local/google/home/ssreenithi/.pyenv/versions/3.12.0/include/python3.12 -c src/core/server/add_port.cc -o pyb/temp.linux-x86_64-cpython-312/src/core/server/add_port.o -std=c++17 -fvisibility=hidden -fno-wrapv -fno-exceptions -pthread
      In constructor ‘grpc_core::filters_detail::OperationExecutor<T>::OperationExecutor(grpc_core::filters_detail::OperationExecutor<T>&&) [with T = std::unique_ptr<grpc_core::Message, grpc_core::Arena::PooledDeleter>]’,
          inlined from ‘grpc_core::CallFilters::MessageExecutor<&grpc_core::CallFilters::push_client_to_server_message_, &grpc_core::filters_detail::StackData::client_to_server_messages, &grpc_core::CallState::FinishPullClientToServerMessage, const grpc_core::CallFilters::AddedStack*>::MessageExecutor(grpc_core::CallFilters::MessageExecutor<&grpc_core::CallFilters::push_client_to_server_message_, &grpc_core::filters_detail::StackData::client_to_server_messages, &grpc_core::CallState::FinishPullClientToServerMessage, const grpc_core::CallFilters::AddedStack*>&&)’ at ./src/core/call/call_filters.h:1886:9,
          inlined from ‘grpc_core::promise_detail::PromiseLike<F, typename std::enable_if<(! std::is_void<typename std::invoke_result<Releaser>::type>::value), void>::type>::PromiseLike(F&&) [with F = grpc_core::CallFilters::MessageExecutor<&grpc_core::CallFilters::push_client_to_server_message_, &grpc_core::filters_detail::StackData::client_to_server_messages, &grpc_core::CallState::FinishPullClientToServerMessage, const grpc_core::CallFilters::AddedStack*>]’ at ./src/core/lib/promise/detail/promise_like.h:214:9,
          inlined from ‘std::enable_if_t<((bool)grpc_core::promise_detail::IsVoidCallable<typename grpc_core::promise_detail::ResultOfT<F(), void>::T>::value), grpc_core::promise_detail::PromiseLike<decltype (declval<F>()())> > grpc_core::promise_detail::PromiseFactoryImpl(Token, F&&) [with Token = OnceToken; F = grpc_core::CallFilters::PullClientToServerMessage()::<lambda(bool)>::<lambda()>]’ at ./src/core/lib/promise/detail/promise_factory.h:211:12,
          inlined from ‘grpc_core::promise_detail::OncePromiseFactory<void, F>::Promise grpc_core::promise_detail::OncePromiseFactory<void, F>::Make() [with F = grpc_core::CallFilters::PullClientToServerMessage()::<lambda(bool)>::<lambda()>]’ at ./src/core/lib/promise/detail/promise_factory.h:250:57,
          inlined from ‘grpc_core::If<bool, T, F>::If(bool, T, F) [with T = grpc_core::CallFilters::PullClientToServerMessage()::<lambda(bool)>::<lambda()>; F = grpc_core::CallFilters::PullClientToServerMessage()::<lambda(bool)>::<lambda()>]’ at ./src/core/lib/promise/if.h:181:45,
          inlined from ‘grpc_core::CallFilters::PullClientToServerMessage()::<lambda(bool)>’ at ./src/core/call/call_filters.h:2019:16:
      ./src/core/call/call_filters.h:1424:20: warning: ‘<unnamed>.grpc_core::CallFilters::MessageExecutor<grpc_core::CallFilters::push_client_to_server_message_, grpc_core::filters_detail::StackData::client_to_server_messages, grpc_core::CallState::FinishPullClientToServerMessage, const grpc_core::CallFilters::AddedStack*>::executor_.grpc_core::filters_detail::OperationExecutor<std::unique_ptr<grpc_core::Message, grpc_core::Arena::PooledDeleter> >::ops_’ may be used uninitialized [-Wmaybe-uninitialized]
       1424 |       : ops_(other.ops_), end_ops_(other.end_ops_) {
            |              ~~~~~~^~~~
      ./src/core/lib/promise/detail/promise_factory.h: In lambda function:
      ./src/core/lib/promise/detail/promise_factory.h:211:11: note: ‘<anonymous>’ declared here
        211 |   return f();
            |          ~^~
      In constructor ‘grpc_core::filters_detail::OperationExecutor<T>::OperationExecutor(grpc_core::filters_detail::OperationExecutor<T>&&) [with T = std::unique_ptr<grpc_core::Message, grpc_core::Arena::PooledDeleter>]’,
          inlined from ‘grpc_core::CallFilters::MessageExecutor<&grpc_core::CallFilters::push_client_to_server_message_, &grpc_core::filters_detail::StackData::client_to_server_messages, &grpc_core::CallState::FinishPullClientToServerMessage, const grpc_core::CallFilters::AddedStack*>::MessageExecutor(grpc_core::CallFilters::MessageExecutor<&grpc_core::CallFilters::push_client_to_server_message_, &grpc_core::filters_detail::StackData::client_to_server_messages, &grpc_core::CallState::FinishPullClientToServerMessage, const grpc_core::CallFilters::AddedStack*>&&)’ at ./src/core/call/call_filters.h:1886:9,
          inlined from ‘grpc_core::promise_detail::PromiseLike<F, typename std::enable_if<(! std::is_void<typename std::invoke_result<Releaser>::type>::value), void>::type>::PromiseLike(F&&) [with F = grpc_core::CallFilters::MessageExecutor<&grpc_core::CallFilters::push_client_to_server_message_, &grpc_core::filters_detail::StackData::client_to_server_messages, &grpc_core::CallState::FinishPullClientToServerMessage, const grpc_core::CallFilters::AddedStack*>]’ at ./src/core/lib/promise/detail/promise_like.h:214:9,
          inlined from ‘std::enable_if_t<((bool)grpc_core::promise_detail::IsVoidCallable<typename grpc_core::promise_detail::ResultOfT<F(), void>::T>::value), grpc_core::promise_detail::PromiseLike<decltype (declval<F>()())> > grpc_core::promise_detail::PromiseFactoryImpl(Token, F&&) [with Token = OnceToken; F = grpc_core::CallFilters::PullClientToServerMessage()::<lambda(bool)>::<lambda()>]’ at ./src/core/lib/promise/detail/promise_factory.h:211:12,
          inlined from ‘grpc_core::promise_detail::OncePromiseFactory<void, F>::Promise grpc_core::promise_detail::OncePromiseFactory<void, F>::Make() [with F = grpc_core::CallFilters::PullClientToServerMessage()::<lambda(bool)>::<lambda()>]’ at ./src/core/lib/promise/detail/promise_factory.h:250:57,
          inlined from ‘grpc_core::If<bool, T, F>::If(bool, T, F) [with T = grpc_core::CallFilters::PullClientToServerMessage()::<lambda(bool)>::<lambda()>; F = grpc_core::CallFilters::PullClientToServerMessage()::<lambda(bool)>::<lambda()>]’ at ./src/core/lib/promise/if.h:181:45,
          inlined from ‘grpc_core::CallFilters::PullClientToServerMessage()::<lambda(bool)>’ at ./src/core/call/call_filters.h:2019:16:
      ./src/core/call/call_filters.h:1424:42: warning: ‘<unnamed>.grpc_core::CallFilters::MessageExecutor<grpc_core::CallFilters::push_client_to_server_message_, grpc_core::filters_detail::StackData::client_to_server_messages, grpc_core::CallState::FinishPullClientToServerMessage, const grpc_core::CallFilters::AddedStack*>::executor_.grpc_core::filters_detail::OperationExecutor<std::unique_ptr<grpc_core::Message, grpc_core::Arena::PooledDeleter> >::end_ops_’ may be used uninitialized [-Wmaybe-uninitialized]
       1424 |       : ops_(other.ops_), end_ops_(other.end_ops_) {
            |                                    ~~~~~~^~~~~~~~
      ./src/core/lib/promise/detail/promise_factory.h: In lambda function:
      ./src/core/lib/promise/detail/promise_factory.h:211:11: note: ‘<anonymous>’ declared here
        211 |   return f();
            |          ~^~
      gcc -fno-strict-overflow -Wsign-compare -DNDEBUG -g -O3 -Wall -fPIC -D_WIN32_WINNT=1536 -DGRPC_XDS_USER_AGENT_NAME_SUFFIX=\"Python\" -DGRPC_XDS_USER_AGENT_VERSION_SUFFIX=\"1.79.0.dev0\" -DHAVE_CONFIG_H=1 -DGRPC_ENABLE_FORK_SUPPORT=1 -DGRPC_ENABLE_FORK_SUPPORT_DEFAULT=false -DGRPC_PYTHON_BUILD=1 -D__STDC_FORMAT_MACROS "-DPyMODINIT_FUNC=extern \"C\" __attribute__((visibility (\"default\"))) PyObject*" -DGRPC_POSIX_FORK_ALLOW_PTHREAD_ATFORK=1 -Isrc/python/grpcio -Iinclude -I. -Ithird_party/abseil-cpp -Ithird_party/address_sorting/include -Ithird_party/cares/cares/include -Ithird_party/cares -Ithird_party/cares/cares -Ithird_party/cares/cares/src/lib/include -Ithird_party/cares/cares/src/lib -Ithird_party/cares/config_linux -Ithird_party/re2 -Ithird_party/boringssl-with-bazel/src/include -Ithird_party/upb -Isrc/core/ext/upb-gen -Isrc/core/ext/upbdefs-gen -Ithird_party/utf8_range -Ithird_party/xxhash -Ithird_party/zlib -I/usr/local/google/home/ssreenithi/.pyenv/versions/3.12.0/envs/pyvenv_312/include -I/usr/local/google/home/ssreenithi/.pyenv/versions/3.12.0/include/python3.12 -c third_party/cares/cares/src/lib/ares_close_sockets.c -o pyb/temp.linux-x86_64-cpython-312/third_party/cares/cares/src/lib/ares_close_sockets.o -fvisibility=hidden -fno-wrapv -fno-exceptions -pthread
      g++ -fno-strict-overflow -Wsign-compare -DNDEBUG -g -O3 -Wall -fPIC -D_WIN32_WINNT=1536 -DGRPC_XDS_USER_AGENT_NAME_SUFFIX=\"Python\" -DGRPC_XDS_USER_AGENT_VERSION_SUFFIX=\"1.79.0.dev0\" -DHAVE_CONFIG_H=1 -DGRPC_ENABLE_FORK_SUPPORT=1 -DGRPC_ENABLE_FORK_SUPPORT_DEFAULT=false -DGRPC_PYTHON_BUILD=1 -D__STDC_FORMAT_MACROS "-DPyMODINIT_FUNC=extern \"C\" __attribute__((visibility (\"default\"))) PyObject*" -DGRPC_POSIX_FORK_ALLOW_PTHREAD_ATFORK=1 -Isrc/python/grpcio -Iinclude -I. -Ithird_party/abseil-cpp -Ithird_party/address_sorting/include -Ithird_party/cares/cares/include -Ithird_party/cares -Ithird_party/cares/cares -Ithird_party/cares/cares/src/lib/include -Ithird_party/cares/cares/src/lib -Ithird_party/cares/config_linux -Ithird_party/re2 -Ithird_party/boringssl-with-bazel/src/include -Ithird_party/upb -Isrc/core/ext/upb-gen -Isrc/core/ext/upbdefs-gen -Ithird_party/utf8_range -Ithird_party/xxhash -Ithird_party/zlib -I/usr/local/google/home/ssreenithi/.pyenv/versions/3.12.0/envs/pyvenv_312/include -I/usr/local/google/home/ssreenithi/.pyenv/versions/3.12.0/include/python3.12 -c third_party/boringssl-with-bazel/src/crypto/x509/asn1_gen.cc -o pyb/temp.linux-x86_64-cpython-312/third_party/boringssl-with-bazel/src/crypto/x509/asn1_gen.o -std=c++17 -fvisibility=hidden -fno-wrapv -fno-exceptions -pthread
      g++ -fno-strict-overflow -Wsign-compare -DNDEBUG -g -O3 -Wall -fPIC -D_WIN32_WINNT=1536 -DGRPC_XDS_USER_AGENT_NAME_SUFFIX=\"Python\" -DGRPC_XDS_USER_AGENT_VERSION_SUFFIX=\"1.79.0.dev0\" -DHAVE_CONFIG_H=1 -DGRPC_ENABLE_FORK_SUPPORT=1 -DGRPC_ENABLE_FORK_SUPPORT_DEFAULT=false -DGRPC_PYTHON_BUILD=1 -D__STDC_FORMAT_MACROS "-DPyMODINIT_FUNC=extern \"C\" __attribute__((visibility (\"default\"))) PyObject*" -DGRPC_POSIX_FORK_ALLOW_PTHREAD_ATFORK=1 -Isrc/python/grpcio -Iinclude -I. -Ithird_party/abseil-cpp -Ithird_party/address_sorting/include -Ithird_party/cares/cares/include -Ithird_party/cares -Ithird_party/cares/cares -Ithird_party/cares/cares/src/lib/include -Ithird_party/cares/cares/src/lib -Ithird_party/cares/config_linux -Ithird_party/re2 -Ithird_party/boringssl-with-bazel/src/include -Ithird_party/upb -Isrc/core/ext/upb-gen -Isrc/core/ext/upbdefs-gen -Ithird_party/utf8_range -Ithird_party/xxhash -Ithird_party/zlib -I/usr/local/google/home/ssreenithi/.pyenv/versions/3.12.0/envs/pyvenv_312/include -I/usr/local/google/home/ssreenithi/.pyenv/versions/3.12.0/include/python3.12 -c third_party/boringssl-with-bazel/src/crypto/x509/x509_vfy.cc -o pyb/temp.linux-x86_64-cpython-312/third_party/boringssl-with-bazel/src/crypto/x509/x509_vfy.o -std=c++17 -fvisibility=hidden -fno-wrapv -fno-exceptions -pthread
      gcc -fno-strict-overflow -Wsign-compare -DNDEBUG -g -O3 -Wall -fPIC -D_WIN32_WINNT=1536 -DGRPC_XDS_USER_AGENT_NAME_SUFFIX=\"Python\" -DGRPC_XDS_USER_AGENT_VERSION_SUFFIX=\"1.79.0.dev0\" -DHAVE_CONFIG_H=1 -DGRPC_ENABLE_FORK_SUPPORT=1 -DGRPC_ENABLE_FORK_SUPPORT_DEFAULT=false -DGRPC_PYTHON_BUILD=1 -D__STDC_FORMAT_MACROS "-DPyMODINIT_FUNC=extern \"C\" __attribute__((visibility (\"default\"))) PyObject*" -DGRPC_POSIX_FORK_ALLOW_PTHREAD_ATFORK=1 -Isrc/python/grpcio -Iinclude -I. -Ithird_party/abseil-cpp -Ithird_party/address_sorting/include -Ithird_party/cares/cares/include -Ithird_party/cares -Ithird_party/cares/cares -Ithird_party/cares/cares/src/lib/include -Ithird_party/cares/cares/src/lib -Ithird_party/cares/config_linux -Ithird_party/re2 -Ithird_party/boringssl-with-bazel/src/include -Ithird_party/upb -Isrc/core/ext/upb-gen -Isrc/core/ext/upbdefs-gen -Ithird_party/utf8_range -Ithird_party/xxhash -Ithird_party/zlib -I/usr/local/google/home/ssreenithi/.pyenv/versions/3.12.0/envs/pyvenv_312/include -I/usr/local/google/home/ssreenithi/.pyenv/versions/3.12.0/include/python3.12 -c third_party/cares/cares/src/lib/ares_socket.c -o pyb/temp.linux-x86_64-cpython-312/third_party/cares/cares/src/lib/ares_socket.o -fvisibility=hidden -fno-wrapv -fno-exceptions -pthread
      g++ -fno-strict-overflow -Wsign-compare -DNDEBUG -g -O3 -Wall -fPIC -D_WIN32_WINNT=1536 -DGRPC_XDS_USER_AGENT_NAME_SUFFIX=\"Python\" -DGRPC_XDS_USER_AGENT_VERSION_SUFFIX=\"1.79.0.dev0\" -DHAVE_CONFIG_H=1 -DGRPC_ENABLE_FORK_SUPPORT=1 -DGRPC_ENABLE_FORK_SUPPORT_DEFAULT=false -DGRPC_PYTHON_BUILD=1 -D__STDC_FORMAT_MACROS "-DPyMODINIT_FUNC=extern \"C\" __attribute__((visibility (\"default\"))) PyObject*" -DGRPC_POSIX_FORK_ALLOW_PTHREAD_ATFORK=1 -Isrc/python/grpcio -Iinclude -I. -Ithird_party/abseil-cpp -Ithird_party/address_sorting/include -Ithird_party/cares/cares/include -Ithird_party/cares -Ithird_party/cares/cares -Ithird_party/cares/cares/src/lib/include -Ithird_party/cares/cares/src/lib -Ithird_party/cares/config_linux -Ithird_party/re2 -Ithird_party/boringssl-with-bazel/src/include -Ithird_party/upb -Isrc/core/ext/upb-gen -Isrc/core/ext/upbdefs-gen -Ithird_party/utf8_range -Ithird_party/xxhash -Ithird_party/zlib -I/usr/local/google/home/ssreenithi/.pyenv/versions/3.12.0/envs/pyvenv_312/include -I/usr/local/google/home/ssreenithi/.pyenv/versions/3.12.0/include/python3.12 -c third_party/boringssl-with-bazel/src/crypto/md4/md4.cc -o pyb/temp.linux-x86_64-cpython-312/third_party/boringssl-with-bazel/src/crypto/md4/md4.o -std=c++17 -fvisibility=hidden -fno-wrapv -fno-exceptions -pthread
      gcc -fno-strict-overflow -Wsign-compare -DNDEBUG -g -O3 -Wall -fPIC -D_WIN32_WINNT=1536 -DGRPC_XDS_USER_AGENT_NAME_SUFFIX=\"Python\" -DGRPC_XDS_USER_AGENT_VERSION_SUFFIX=\"1.79.0.dev0\" -DHAVE_CONFIG_H=1 -DGRPC_ENABLE_FORK_SUPPORT=1 -DGRPC_ENABLE_FORK_SUPPORT_DEFAULT=false -DGRPC_PYTHON_BUILD=1 -D__STDC_FORMAT_MACROS "-DPyMODINIT_FUNC=extern \"C\" __attribute__((visibility (\"default\"))) PyObject*" -DGRPC_POSIX_FORK_ALLOW_PTHREAD_ATFORK=1 -Isrc/python/grpcio -Iinclude -I. -Ithird_party/abseil-cpp -Ithird_party/address_sorting/include -Ithird_party/cares/cares/include -Ithird_party/cares -Ithird_party/cares/cares -Ithird_party/cares/cares/src/lib/include -Ithird_party/cares/cares/src/lib -Ithird_party/cares/config_linux -Ithird_party/re2 -Ithird_party/boringssl-with-bazel/src/include -Ithird_party/upb -Isrc/core/ext/upb-gen -Isrc/core/ext/upbdefs-gen -Ithird_party/utf8_range -Ithird_party/xxhash -Ithird_party/zlib -I/usr/local/google/home/ssreenithi/.pyenv/versions/3.12.0/envs/pyvenv_312/include -I/usr/local/google/home/ssreenithi/.pyenv/versions/3.12.0/include/python3.12 -c third_party/cares/cares/src/lib/ares_free_string.c -o pyb/temp.linux-x86_64-cpython-312/third_party/cares/cares/src/lib/ares_free_string.o -fvisibility=hidden -fno-wrapv -fno-exceptions -pthread
      g++ -fno-strict-overflow -Wsign-compare -DNDEBUG -g -O3 -Wall -fPIC -D_WIN32_WINNT=1536 -DGRPC_XDS_USER_AGENT_NAME_SUFFIX=\"Python\" -DGRPC_XDS_USER_AGENT_VERSION_SUFFIX=\"1.79.0.dev0\" -DHAVE_CONFIG_H=1 -DGRPC_ENABLE_FORK_SUPPORT=1 -DGRPC_ENABLE_FORK_SUPPORT_DEFAULT=false -DGRPC_PYTHON_BUILD=1 -D__STDC_FORMAT_MACROS "-DPyMODINIT_FUNC=extern \"C\" __attribute__((visibility (\"default\"))) PyObject*" -DGRPC_POSIX_FORK_ALLOW_PTHREAD_ATFORK=1 -Isrc/python/grpcio -Iinclude -I. -Ithird_party/abseil-cpp -Ithird_party/address_sorting/include -Ithird_party/cares/cares/include -Ithird_party/cares -Ithird_party/cares/cares -Ithird_party/cares/cares/src/lib/include -Ithird_party/cares/cares/src/lib -Ithird_party/cares/config_linux -Ithird_party/re2 -Ithird_party/boringssl-with-bazel/src/include -Ithird_party/upb -Isrc/core/ext/upb-gen -Isrc/core/ext/upbdefs-gen -Ithird_party/utf8_range -Ithird_party/xxhash -Ithird_party/zlib -I/usr/local/google/home/ssreenithi/.pyenv/versions/3.12.0/envs/pyvenv_312/include -I/usr/local/google/home/ssreenithi/.pyenv/versions/3.12.0/include/python3.12 -c third_party/boringssl-with-bazel/src/crypto/x509/x_all.cc -o pyb/temp.linux-x86_64-cpython-312/third_party/boringssl-with-bazel/src/crypto/x509/x_all.o -std=c++17 -fvisibility=hidden -fno-wrapv -fno-exceptions -pthread
      gcc -fno-strict-overflow -Wsign-compare -DNDEBUG -g -O3 -Wall -fPIC -D_WIN32_WINNT=1536 -DGRPC_XDS_USER_AGENT_NAME_SUFFIX=\"Python\" -DGRPC_XDS_USER_AGENT_VERSION_SUFFIX=\"1.79.0.dev0\" -DHAVE_CONFIG_H=1 -DGRPC_ENABLE_FORK_SUPPORT=1 -DGRPC_ENABLE_FORK_SUPPORT_DEFAULT=false -DGRPC_PYTHON_BUILD=1 -D__STDC_FORMAT_MACROS "-DPyMODINIT_FUNC=extern \"C\" __attribute__((visibility (\"default\"))) PyObject*" -DGRPC_POSIX_FORK_ALLOW_PTHREAD_ATFORK=1 -Isrc/python/grpcio -Iinclude -I. -Ithird_party/abseil-cpp -Ithird_party/address_sorting/include -Ithird_party/cares/cares/include -Ithird_party/cares -Ithird_party/cares/cares -Ithird_party/cares/cares/src/lib/include -Ithird_party/cares/cares/src/lib -Ithird_party/cares/config_linux -Ithird_party/re2 -Ithird_party/boringssl-with-bazel/src/include -Ithird_party/upb -Isrc/core/ext/upb-gen -Isrc/core/ext/upbdefs-gen -Ithird_party/utf8_range -Ithird_party/xxhash -Ithird_party/zlib -I/usr/local/google/home/ssreenithi/.pyenv/versions/3.12.0/envs/pyvenv_312/include -I/usr/local/google/home/ssreenithi/.pyenv/versions/3.12.0/include/python3.12 -c third_party/cares/cares/src/lib/ares_update_servers.c -o pyb/temp.linux-x86_64-cpython-312/third_party/cares/cares/src/lib/ares_update_servers.o -fvisibility=hidden -fno-wrapv -fno-exceptions -pthread
      g++ -fno-strict-overflow -Wsign-compare -DNDEBUG -g -O3 -Wall -fPIC -D_WIN32_WINNT=1536 -DGRPC_XDS_USER_AGENT_NAME_SUFFIX=\"Python\" -DGRPC_XDS_USER_AGENT_VERSION_SUFFIX=\"1.79.0.dev0\" -DHAVE_CONFIG_H=1 -DGRPC_ENABLE_FORK_SUPPORT=1 -DGRPC_ENABLE_FORK_SUPPORT_DEFAULT=false -DGRPC_PYTHON_BUILD=1 -D__STDC_FORMAT_MACROS "-DPyMODINIT_FUNC=extern \"C\" __attribute__((visibility (\"default\"))) PyObject*" -DGRPC_POSIX_FORK_ALLOW_PTHREAD_ATFORK=1 -Isrc/python/grpcio -Iinclude -I. -Ithird_party/abseil-cpp -Ithird_party/address_sorting/include -Ithird_party/cares/cares/include -Ithird_party/cares -Ithird_party/cares/cares -Ithird_party/cares/cares/src/lib/include -Ithird_party/cares/cares/src/lib -Ithird_party/cares/config_linux -Ithird_party/re2 -Ithird_party/boringssl-with-bazel/src/include -Ithird_party/upb -Isrc/core/ext/upb-gen -Isrc/core/ext/upbdefs-gen -Ithird_party/utf8_range -Ithird_party/xxhash -Ithird_party/zlib -I/usr/local/google/home/ssreenithi/.pyenv/versions/3.12.0/envs/pyvenv_312/include -I/usr/local/google/home/ssreenithi/.pyenv/versions/3.12.0/include/python3.12 -c third_party/abseil-cpp/absl/time/internal/cctz/src/time_zone_libc.cc -o pyb/temp.linux-x86_64-cpython-312/third_party/abseil-cpp/absl/time/internal/cctz/src/time_zone_libc.o -std=c++17 -fvisibility=hidden -fno-wrapv -fno-exceptions -pthread
      gcc -fno-strict-overflow -Wsign-compare -DNDEBUG -g -O3 -Wall -fPIC -D_WIN32_WINNT=1536 -DGRPC_XDS_USER_AGENT_NAME_SUFFIX=\"Python\" -DGRPC_XDS_USER_AGENT_VERSION_SUFFIX=\"1.79.0.dev0\" -DHAVE_CONFIG_H=1 -DGRPC_ENABLE_FORK_SUPPORT=1 -DGRPC_ENABLE_FORK_SUPPORT_DEFAULT=false -DGRPC_PYTHON_BUILD=1 -D__STDC_FORMAT_MACROS "-DPyMODINIT_FUNC=extern \"C\" __attribute__((visibility (\"default\"))) PyObject*" -DGRPC_POSIX_FORK_ALLOW_PTHREAD_ATFORK=1 -Isrc/python/grpcio -Iinclude -I. -Ithird_party/abseil-cpp -Ithird_party/address_sorting/include -Ithird_party/cares/cares/include -Ithird_party/cares -Ithird_party/cares/cares -Ithird_party/cares/cares/src/lib/include -Ithird_party/cares/cares/src/lib -Ithird_party/cares/config_linux -Ithird_party/re2 -Ithird_party/boringssl-with-bazel/src/include -Ithird_party/upb -Isrc/core/ext/upb-gen -Isrc/core/ext/upbdefs-gen -Ithird_party/utf8_range -Ithird_party/xxhash -Ithird_party/zlib -I/usr/local/google/home/ssreenithi/.pyenv/versions/3.12.0/envs/pyvenv_312/include -I/usr/local/google/home/ssreenithi/.pyenv/versions/3.12.0/include/python3.12 -c third_party/cares/cares/src/lib/dsa/ares_htable_strvp.c -o pyb/temp.linux-x86_64-cpython-312/third_party/cares/cares/src/lib/dsa/ares_htable_strvp.o -fvisibility=hidden -fno-wrapv -fno-exceptions -pthread
      gcc -fno-strict-overflow -Wsign-compare -DNDEBUG -g -O3 -Wall -fPIC -D_WIN32_WINNT=1536 -DGRPC_XDS_USER_AGENT_NAME_SUFFIX=\"Python\" -DGRPC_XDS_USER_AGENT_VERSION_SUFFIX=\"1.79.0.dev0\" -DHAVE_CONFIG_H=1 -DGRPC_ENABLE_FORK_SUPPORT=1 -DGRPC_ENABLE_FORK_SUPPORT_DEFAULT=false -DGRPC_PYTHON_BUILD=1 -D__STDC_FORMAT_MACROS "-DPyMODINIT_FUNC=extern \"C\" __attribute__((visibility (\"default\"))) PyObject*" -DGRPC_POSIX_FORK_ALLOW_PTHREAD_ATFORK=1 -Isrc/python/grpcio -Iinclude -I. -Ithird_party/abseil-cpp -Ithird_party/address_sorting/include -Ithird_party/cares/cares/include -Ithird_party/cares -Ithird_party/cares/cares -Ithird_party/cares/cares/src/lib/include -Ithird_party/cares/cares/src/lib -Ithird_party/cares/config_linux -Ithird_party/re2 -Ithird_party/boringssl-with-bazel/src/include -Ithird_party/upb -Isrc/core/ext/upb-gen -Isrc/core/ext/upbdefs-gen -Ithird_party/utf8_range -Ithird_party/xxhash -Ithird_party/zlib -I/usr/local/google/home/ssreenithi/.pyenv/versions/3.12.0/envs/pyvenv_312/include -I/usr/local/google/home/ssreenithi/.pyenv/versions/3.12.0/include/python3.12 -c third_party/cares/cares/src/lib/ares_getnameinfo.c -o pyb/temp.linux-x86_64-cpython-312/third_party/cares/cares/src/lib/ares_getnameinfo.o -fvisibility=hidden -fno-wrapv -fno-exceptions -pthread
      g++ -fno-strict-overflow -Wsign-compare -DNDEBUG -g -O3 -Wall -fPIC -D_WIN32_WINNT=1536 -DGRPC_XDS_USER_AGENT_NAME_SUFFIX=\"Python\" -DGRPC_XDS_USER_AGENT_VERSION_SUFFIX=\"1.79.0.dev0\" -DHAVE_CONFIG_H=1 -DGRPC_ENABLE_FORK_SUPPORT=1 -DGRPC_ENABLE_FORK_SUPPORT_DEFAULT=false -DGRPC_PYTHON_BUILD=1 -D__STDC_FORMAT_MACROS "-DPyMODINIT_FUNC=extern \"C\" __attribute__((visibility (\"default\"))) PyObject*" -DGRPC_POSIX_FORK_ALLOW_PTHREAD_ATFORK=1 -Isrc/python/grpcio -Iinclude -I. -Ithird_party/abseil-cpp -Ithird_party/address_sorting/include -Ithird_party/cares/cares/include -Ithird_party/cares -Ithird_party/cares/cares -Ithird_party/cares/cares/src/lib/include -Ithird_party/cares/cares/src/lib -Ithird_party/cares/config_linux -Ithird_party/re2 -Ithird_party/boringssl-with-bazel/src/include -Ithird_party/upb -Isrc/core/ext/upb-gen -Isrc/core/ext/upbdefs-gen -Ithird_party/utf8_range -Ithird_party/xxhash -Ithird_party/zlib -I/usr/local/google/home/ssreenithi/.pyenv/versions/3.12.0/envs/pyvenv_312/include -I/usr/local/google/home/ssreenithi/.pyenv/versions/3.12.0/include/python3.12 -c src/core/load_balancing/grpclb/grpclb.cc -o pyb/temp.linux-x86_64-cpython-312/src/core/load_balancing/grpclb/grpclb.o -std=c++17 -fvisibility=hidden -fno-wrapv -fno-exceptions -pthread
      gcc -fno-strict-overflow -Wsign-compare -DNDEBUG -g -O3 -Wall -fPIC -D_WIN32_WINNT=1536 -DGRPC_XDS_USER_AGENT_NAME_SUFFIX=\"Python\" -DGRPC_XDS_USER_AGENT_VERSION_SUFFIX=\"1.79.0.dev0\" -DHAVE_CONFIG_H=1 -DGRPC_ENABLE_FORK_SUPPORT=1 -DGRPC_ENABLE_FORK_SUPPORT_DEFAULT=false -DGRPC_PYTHON_BUILD=1 -D__STDC_FORMAT_MACROS "-DPyMODINIT_FUNC=extern \"C\" __attribute__((visibility (\"default\"))) PyObject*" -DGRPC_POSIX_FORK_ALLOW_PTHREAD_ATFORK=1 -Isrc/python/grpcio -Iinclude -I. -Ithird_party/abseil-cpp -Ithird_party/address_sorting/include -Ithird_party/cares/cares/include -Ithird_party/cares -Ithird_party/cares/cares -Ithird_party/cares/cares/src/lib/include -Ithird_party/cares/cares/src/lib -Ithird_party/cares/config_linux -Ithird_party/re2 -Ithird_party/boringssl-with-bazel/src/include -Ithird_party/upb -Isrc/core/ext/upb-gen -Isrc/core/ext/upbdefs-gen -Ithird_party/utf8_range -Ithird_party/xxhash -Ithird_party/zlib -I/usr/local/google/home/ssreenithi/.pyenv/versions/3.12.0/envs/pyvenv_312/include -I/usr/local/google/home/ssreenithi/.pyenv/versions/3.12.0/include/python3.12 -c third_party/cares/cares/src/lib/ares_conn.c -o pyb/temp.linux-x86_64-cpython-312/third_party/cares/cares/src/lib/ares_conn.o -fvisibility=hidden -fno-wrapv -fno-exceptions -pthread
      g++ -fno-strict-overflow -Wsign-compare -DNDEBUG -g -O3 -Wall -fPIC -D_WIN32_WINNT=1536 -DGRPC_XDS_USER_AGENT_NAME_SUFFIX=\"Python\" -DGRPC_XDS_USER_AGENT_VERSION_SUFFIX=\"1.79.0.dev0\" -DHAVE_CONFIG_H=1 -DGRPC_ENABLE_FORK_SUPPORT=1 -DGRPC_ENABLE_FORK_SUPPORT_DEFAULT=false -DGRPC_PYTHON_BUILD=1 -D__STDC_FORMAT_MACROS "-DPyMODINIT_FUNC=extern \"C\" __attribute__((visibility (\"default\"))) PyObject*" -DGRPC_POSIX_FORK_ALLOW_PTHREAD_ATFORK=1 -Isrc/python/grpcio -Iinclude -I. -Ithird_party/abseil-cpp -Ithird_party/address_sorting/include -Ithird_party/cares/cares/include -Ithird_party/cares -Ithird_party/cares/cares -Ithird_party/cares/cares/src/lib/include -Ithird_party/cares/cares/src/lib -Ithird_party/cares/config_linux -Ithird_party/re2 -Ithird_party/boringssl-with-bazel/src/include -Ithird_party/upb -Isrc/core/ext/upb-gen -Isrc/core/ext/upbdefs-gen -Ithird_party/utf8_range -Ithird_party/xxhash -Ithird_party/zlib -I/usr/local/google/home/ssreenithi/.pyenv/versions/3.12.0/envs/pyvenv_312/include -I/usr/local/google/home/ssreenithi/.pyenv/versions/3.12.0/include/python3.12 -c third_party/abseil-cpp/absl/strings/internal/cord_rep_btree_reader.cc -o pyb/temp.linux-x86_64-cpython-312/third_party/abseil-cpp/absl/strings/internal/cord_rep_btree_reader.o -std=c++17 -fvisibility=hidden -fno-wrapv -fno-exceptions -pthread
      gcc -fno-strict-overflow -Wsign-compare -DNDEBUG -g -O3 -Wall -fPIC -D_WIN32_WINNT=1536 -DGRPC_XDS_USER_AGENT_NAME_SUFFIX=\"Python\" -DGRPC_XDS_USER_AGENT_VERSION_SUFFIX=\"1.79.0.dev0\" -DHAVE_CONFIG_H=1 -DGRPC_ENABLE_FORK_SUPPORT=1 -DGRPC_ENABLE_FORK_SUPPORT_DEFAULT=false -DGRPC_PYTHON_BUILD=1 -D__STDC_FORMAT_MACROS "-DPyMODINIT_FUNC=extern \"C\" __attribute__((visibility (\"default\"))) PyObject*" -DGRPC_POSIX_FORK_ALLOW_PTHREAD_ATFORK=1 -Isrc/python/grpcio -Iinclude -I. -Ithird_party/abseil-cpp -Ithird_party/address_sorting/include -Ithird_party/cares/cares/include -Ithird_party/cares -Ithird_party/cares/cares -Ithird_party/cares/cares/src/lib/include -Ithird_party/cares/cares/src/lib -Ithird_party/cares/config_linux -Ithird_party/re2 -Ithird_party/boringssl-with-bazel/src/include -Ithird_party/upb -Isrc/core/ext/upb-gen -Isrc/core/ext/upbdefs-gen -Ithird_party/utf8_range -Ithird_party/xxhash -Ithird_party/zlib -I/usr/local/google/home/ssreenithi/.pyenv/versions/3.12.0/envs/pyvenv_312/include -I/usr/local/google/home/ssreenithi/.pyenv/versions/3.12.0/include/python3.12 -c third_party/cares/cares/src/lib/ares_freeaddrinfo.c -o pyb/temp.linux-x86_64-cpython-312/third_party/cares/cares/src/lib/ares_freeaddrinfo.o -fvisibility=hidden -fno-wrapv -fno-exceptions -pthread
      In file included from ./src/core/lib/promise/activity.h:30,
                       from ./src/core/lib/resource_quota/memory_quota.h:39,
                       from ./src/core/lib/event_engine/extensions/chaotic_good_extension.h:20,
                       from ./src/core/lib/transport/promise_endpoint.h:33,
                       from ./src/core/ext/transport/chttp2/transport/write_cycle.h:32,
                       from ./src/core/ext/transport/chttp2/transport/goaway.h:27,
                       from src/core/ext/transport/chttp2/transport/goaway.cc:19:
      ./src/core/lib/promise/detail/promise_factory.h:210:5: warning: ‘always_inline’ function might not be inlinable unless also declared ‘inline’ [-Wattributes]
        210 |     PromiseFactoryImpl(Token, F&& f) {
            |     ^~~~~~~~~~~~~~~~~~
      ./src/core/lib/promise/detail/promise_factory.h:210:5: warning: ‘always_inline’ function might not be inlinable unless also declared ‘inline’ [-Wattributes]
      ./src/core/lib/promise/detail/promise_factory.h:210:5: warning: ‘always_inline’ function might not be inlinable unless also declared ‘inline’ [-Wattributes]
      ./src/core/lib/promise/detail/promise_factory.h:210:5: warning: ‘always_inline’ function might not be inlinable unless also declared ‘inline’ [-Wattributes]
      ./src/core/lib/promise/detail/promise_factory.h:210:5: warning: ‘always_inline’ function might not be inlinable unless also declared ‘inline’ [-Wattributes]
      ./src/core/lib/promise/detail/promise_factory.h:210:5: warning: ‘always_inline’ function might not be inlinable unless also declared ‘inline’ [-Wattributes]
      ./src/core/lib/promise/detail/promise_factory.h:210:5: warning: ‘always_inline’ function might not be inlinable unless also declared ‘inline’ [-Wattributes]
      ./src/core/lib/promise/detail/promise_factory.h:210:5: warning: ‘always_inline’ function might not be inlinable unless also declared ‘inline’ [-Wattributes]
      g++ -fno-strict-overflow -Wsign-compare -DNDEBUG -g -O3 -Wall -fPIC -D_WIN32_WINNT=1536 -DGRPC_XDS_USER_AGENT_NAME_SUFFIX=\"Python\" -DGRPC_XDS_USER_AGENT_VERSION_SUFFIX=\"1.79.0.dev0\" -DHAVE_CONFIG_H=1 -DGRPC_ENABLE_FORK_SUPPORT=1 -DGRPC_ENABLE_FORK_SUPPORT_DEFAULT=false -DGRPC_PYTHON_BUILD=1 -D__STDC_FORMAT_MACROS "-DPyMODINIT_FUNC=extern \"C\" __attribute__((visibility (\"default\"))) PyObject*" -DGRPC_POSIX_FORK_ALLOW_PTHREAD_ATFORK=1 -Isrc/python/grpcio -Iinclude -I. -Ithird_party/abseil-cpp -Ithird_party/address_sorting/include -Ithird_party/cares/cares/include -Ithird_party/cares -Ithird_party/cares/cares -Ithird_party/cares/cares/src/lib/include -Ithird_party/cares/cares/src/lib -Ithird_party/cares/config_linux -Ithird_party/re2 -Ithird_party/boringssl-with-bazel/src/include -Ithird_party/upb -Isrc/core/ext/upb-gen -Isrc/core/ext/upbdefs-gen -Ithird_party/utf8_range -Ithird_party/xxhash -Ithird_party/zlib -I/usr/local/google/home/ssreenithi/.pyenv/versions/3.12.0/envs/pyvenv_312/include -I/usr/local/google/home/ssreenithi/.pyenv/versions/3.12.0/include/python3.12 -c third_party/boringssl-with-bazel/src/crypto/x509/t_crl.cc -o pyb/temp.linux-x86_64-cpython-312/third_party/boringssl-with-bazel/src/crypto/x509/t_crl.o -std=c++17 -fvisibility=hidden -fno-wrapv -fno-exceptions -pthread
      gcc -fno-strict-overflow -Wsign-compare -DNDEBUG -g -O3 -Wall -fPIC -D_WIN32_WINNT=1536 -DGRPC_XDS_USER_AGENT_NAME_SUFFIX=\"Python\" -DGRPC_XDS_USER_AGENT_VERSION_SUFFIX=\"1.79.0.dev0\" -DHAVE_CONFIG_H=1 -DGRPC_ENABLE_FORK_SUPPORT=1 -DGRPC_ENABLE_FORK_SUPPORT_DEFAULT=false -DGRPC_PYTHON_BUILD=1 -D__STDC_FORMAT_MACROS "-DPyMODINIT_FUNC=extern \"C\" __attribute__((visibility (\"default\"))) PyObject*" -DGRPC_POSIX_FORK_ALLOW_PTHREAD_ATFORK=1 -Isrc/python/grpcio -Iinclude -I. -Ithird_party/abseil-cpp -Ithird_party/address_sorting/include -Ithird_party/cares/cares/include -Ithird_party/cares -Ithird_party/cares/cares -Ithird_party/cares/cares/src/lib/include -Ithird_party/cares/cares/src/lib -Ithird_party/cares/config_linux -Ithird_party/re2 -Ithird_party/boringssl-with-bazel/src/include -Ithird_party/upb -Isrc/core/ext/upb-gen -Isrc/core/ext/upbdefs-gen -Ithird_party/utf8_range -Ithird_party/xxhash -Ithird_party/zlib -I/usr/local/google/home/ssreenithi/.pyenv/versions/3.12.0/envs/pyvenv_312/include -I/usr/local/google/home/ssreenithi/.pyenv/versions/3.12.0/include/python3.12 -c third_party/cares/cares/src/lib/ares_parse_into_addrinfo.c -o pyb/temp.linux-x86_64-cpython-312/third_party/cares/cares/src/lib/ares_parse_into_addrinfo.o -fvisibility=hidden -fno-wrapv -fno-exceptions -pthread
      g++ -fno-strict-overflow -Wsign-compare -DNDEBUG -g -O3 -Wall -fPIC -D_WIN32_WINNT=1536 -DGRPC_XDS_USER_AGENT_NAME_SUFFIX=\"Python\" -DGRPC_XDS_USER_AGENT_VERSION_SUFFIX=\"1.79.0.dev0\" -DHAVE_CONFIG_H=1 -DGRPC_ENABLE_FORK_SUPPORT=1 -DGRPC_ENABLE_FORK_SUPPORT_DEFAULT=false -DGRPC_PYTHON_BUILD=1 -D__STDC_FORMAT_MACROS "-DPyMODINIT_FUNC=extern \"C\" __attribute__((visibility (\"default\"))) PyObject*" -DGRPC_POSIX_FORK_ALLOW_PTHREAD_ATFORK=1 -Isrc/python/grpcio -Iinclude -I. -Ithird_party/abseil-cpp -Ithird_party/address_sorting/include -Ithird_party/cares/cares/include -Ithird_party/cares -Ithird_party/cares/cares -Ithird_party/cares/cares/src/lib/include -Ithird_party/cares/cares/src/lib -Ithird_party/cares/config_linux -Ithird_party/re2 -Ithird_party/boringssl-with-bazel/src/include -Ithird_party/upb -Isrc/core/ext/upb-gen -Isrc/core/ext/upbdefs-gen -Ithird_party/utf8_range -Ithird_party/xxhash -Ithird_party/zlib -I/usr/local/google/home/ssreenithi/.pyenv/versions/3.12.0/envs/pyvenv_312/include -I/usr/local/google/home/ssreenithi/.pyenv/versions/3.12.0/include/python3.12 -c third_party/boringssl-with-bazel/src/crypto/x509/v3_extku.cc -o pyb/temp.linux-x86_64-cpython-312/third_party/boringssl-with-bazel/src/crypto/x509/v3_extku.o -std=c++17 -fvisibility=hidden -fno-wrapv -fno-exceptions -pthread
      gcc -fno-strict-overflow -Wsign-compare -DNDEBUG -g -O3 -Wall -fPIC -D_WIN32_WINNT=1536 -DGRPC_XDS_USER_AGENT_NAME_SUFFIX=\"Python\" -DGRPC_XDS_USER_AGENT_VERSION_SUFFIX=\"1.79.0.dev0\" -DHAVE_CONFIG_H=1 -DGRPC_ENABLE_FORK_SUPPORT=1 -DGRPC_ENABLE_FORK_SUPPORT_DEFAULT=false -DGRPC_PYTHON_BUILD=1 -D__STDC_FORMAT_MACROS "-DPyMODINIT_FUNC=extern \"C\" __attribute__((visibility (\"default\"))) PyObject*" -DGRPC_POSIX_FORK_ALLOW_PTHREAD_ATFORK=1 -Isrc/python/grpcio -Iinclude -I. -Ithird_party/abseil-cpp -Ithird_party/address_sorting/include -Ithird_party/cares/cares/include -Ithird_party/cares -Ithird_party/cares/cares -Ithird_party/cares/cares/src/lib/include -Ithird_party/cares/cares/src/lib -Ithird_party/cares/config_linux -Ithird_party/re2 -Ithird_party/boringssl-with-bazel/src/include -Ithird_party/upb -Isrc/core/ext/upb-gen -Isrc/core/ext/upbdefs-gen -Ithird_party/utf8_range -Ithird_party/xxhash -Ithird_party/zlib -I/usr/local/google/home/ssreenithi/.pyenv/versions/3.12.0/envs/pyvenv_312/include -I/usr/local/google/home/ssreenithi/.pyenv/versions/3.12.0/include/python3.12 -c third_party/cares/cares/src/lib/dsa/ares_htable_szvp.c -o pyb/temp.linux-x86_64-cpython-312/third_party/cares/cares/src/lib/dsa/ares_htable_szvp.o -fvisibility=hidden -fno-wrapv -fno-exceptions -pthread
      gcc -fno-strict-overflow -Wsign-compare -DNDEBUG -g -O3 -Wall -fPIC -D_WIN32_WINNT=1536 -DGRPC_XDS_USER_AGENT_NAME_SUFFIX=\"Python\" -DGRPC_XDS_USER_AGENT_VERSION_SUFFIX=\"1.79.0.dev0\" -DHAVE_CONFIG_H=1 -DGRPC_ENABLE_FORK_SUPPORT=1 -DGRPC_ENABLE_FORK_SUPPORT_DEFAULT=false -DGRPC_PYTHON_BUILD=1 -D__STDC_FORMAT_MACROS "-DPyMODINIT_FUNC=extern \"C\" __attribute__((visibility (\"default\"))) PyObject*" -DGRPC_POSIX_FORK_ALLOW_PTHREAD_ATFORK=1 -Isrc/python/grpcio -Iinclude -I. -Ithird_party/abseil-cpp -Ithird_party/address_sorting/include -Ithird_party/cares/cares/include -Ithird_party/cares -Ithird_party/cares/cares -Ithird_party/cares/cares/src/lib/include -Ithird_party/cares/cares/src/lib -Ithird_party/cares/config_linux -Ithird_party/re2 -Ithird_party/boringssl-with-bazel/src/include -Ithird_party/upb -Isrc/core/ext/upb-gen -Isrc/core/ext/upbdefs-gen -Ithird_party/utf8_range -Ithird_party/xxhash -Ithird_party/zlib -I/usr/local/google/home/ssreenithi/.pyenv/versions/3.12.0/envs/pyvenv_312/include -I/usr/local/google/home/ssreenithi/.pyenv/versions/3.12.0/include/python3.12 -c third_party/cares/cares/src/lib/ares_getaddrinfo.c -o pyb/temp.linux-x86_64-cpython-312/third_party/cares/cares/src/lib/ares_getaddrinfo.o -fvisibility=hidden -fno-wrapv -fno-exceptions -pthread
      gcc -fno-strict-overflow -Wsign-compare -DNDEBUG -g -O3 -Wall -fPIC -D_WIN32_WINNT=1536 -DGRPC_XDS_USER_AGENT_NAME_SUFFIX=\"Python\" -DGRPC_XDS_USER_AGENT_VERSION_SUFFIX=\"1.79.0.dev0\" -DHAVE_CONFIG_H=1 -DGRPC_ENABLE_FORK_SUPPORT=1 -DGRPC_ENABLE_FORK_SUPPORT_DEFAULT=false -DGRPC_PYTHON_BUILD=1 -D__STDC_FORMAT_MACROS "-DPyMODINIT_FUNC=extern \"C\" __attribute__((visibility (\"default\"))) PyObject*" -DGRPC_POSIX_FORK_ALLOW_PTHREAD_ATFORK=1 -Isrc/python/grpcio -Iinclude -I. -Ithird_party/abseil-cpp -Ithird_party/address_sorting/include -Ithird_party/cares/cares/include -Ithird_party/cares -Ithird_party/cares/cares -Ithird_party/cares/cares/src/lib/include -Ithird_party/cares/cares/src/lib -Ithird_party/cares/config_linux -Ithird_party/re2 -Ithird_party/boringssl-with-bazel/src/include -Ithird_party/upb -Isrc/core/ext/upb-gen -Isrc/core/ext/upbdefs-gen -Ithird_party/utf8_range -Ithird_party/xxhash -Ithird_party/zlib -I/usr/local/google/home/ssreenithi/.pyenv/versions/3.12.0/envs/pyvenv_312/include -I/usr/local/google/home/ssreenithi/.pyenv/versions/3.12.0/include/python3.12 -c third_party/cares/cares/src/lib/ares_sortaddrinfo.c -o pyb/temp.linux-x86_64-cpython-312/third_party/cares/cares/src/lib/ares_sortaddrinfo.o -fvisibility=hidden -fno-wrapv -fno-exceptions -pthread
      In file included from ./src/core/lib/promise/activity.h:30,
                       from ./src/core/lib/resource_quota/memory_quota.h:39,
                       from ./src/core/lib/resource_quota/arena.h:39,
                       from ./src/core/lib/promise/arena_promise.h:28,
                       from ./src/core/credentials/transport/security_connector.h:36,
                       from ./src/core/credentials/transport/google_default/google_default_credentials.h:28,
                       from src/core/credentials/transport/google_default/google_default_credentials.cc:19:
      ./src/core/lib/promise/detail/promise_factory.h:210:5: warning: ‘always_inline’ function might not be inlinable unless also declared ‘inline’ [-Wattributes]
        210 |     PromiseFactoryImpl(Token, F&& f) {
            |     ^~~~~~~~~~~~~~~~~~
      ./src/core/lib/promise/detail/promise_factory.h:210:5: warning: ‘always_inline’ function might not be inlinable unless also declared ‘inline’ [-Wattributes]
      ./src/core/lib/promise/detail/promise_factory.h:210:5: warning: ‘always_inline’ function might not be inlinable unless also declared ‘inline’ [-Wattributes]
      ./src/core/lib/promise/detail/promise_factory.h:210:5: warning: ‘always_inline’ function might not be inlinable unless also declared ‘inline’ [-Wattributes]
      ./src/core/lib/promise/detail/promise_factory.h:210:5: warning: ‘always_inline’ function might not be inlinable unless also declared ‘inline’ [-Wattributes]
      ./src/core/lib/promise/detail/promise_factory.h:210:5: warning: ‘always_inline’ function might not be inlinable unless also declared ‘inline’ [-Wattributes]
      ./src/core/lib/promise/detail/promise_factory.h:210:5: warning: ‘always_inline’ function might not be inlinable unless also declared ‘inline’ [-Wattributes]
      g++ -fno-strict-overflow -Wsign-compare -DNDEBUG -g -O3 -Wall -fPIC -D_WIN32_WINNT=1536 -DGRPC_XDS_USER_AGENT_NAME_SUFFIX=\"Python\" -DGRPC_XDS_USER_AGENT_VERSION_SUFFIX=\"1.79.0.dev0\" -DHAVE_CONFIG_H=1 -DGRPC_ENABLE_FORK_SUPPORT=1 -DGRPC_ENABLE_FORK_SUPPORT_DEFAULT=false -DGRPC_PYTHON_BUILD=1 -D__STDC_FORMAT_MACROS "-DPyMODINIT_FUNC=extern \"C\" __attribute__((visibility (\"default\"))) PyObject*" -DGRPC_POSIX_FORK_ALLOW_PTHREAD_ATFORK=1 -Isrc/python/grpcio -Iinclude -I. -Ithird_party/abseil-cpp -Ithird_party/address_sorting/include -Ithird_party/cares/cares/include -Ithird_party/cares -Ithird_party/cares/cares -Ithird_party/cares/cares/src/lib/include -Ithird_party/cares/cares/src/lib -Ithird_party/cares/config_linux -Ithird_party/re2 -Ithird_party/boringssl-with-bazel/src/include -Ithird_party/upb -Isrc/core/ext/upb-gen -Isrc/core/ext/upbdefs-gen -Ithird_party/utf8_range -Ithird_party/xxhash -Ithird_party/zlib -I/usr/local/google/home/ssreenithi/.pyenv/versions/3.12.0/envs/pyvenv_312/include -I/usr/local/google/home/ssreenithi/.pyenv/versions/3.12.0/include/python3.12 -c src/core/ext/transport/chttp2/transport/chttp2_transport.cc -o pyb/temp.linux-x86_64-cpython-312/src/core/ext/transport/chttp2/transport/chttp2_transport.o -std=c++17 -fvisibility=hidden -fno-wrapv -fno-exceptions -pthread
      gcc -fno-strict-overflow -Wsign-compare -DNDEBUG -g -O3 -Wall -fPIC -D_WIN32_WINNT=1536 -DGRPC_XDS_USER_AGENT_NAME_SUFFIX=\"Python\" -DGRPC_XDS_USER_AGENT_VERSION_SUFFIX=\"1.79.0.dev0\" -DHAVE_CONFIG_H=1 -DGRPC_ENABLE_FORK_SUPPORT=1 -DGRPC_ENABLE_FORK_SUPPORT_DEFAULT=false -DGRPC_PYTHON_BUILD=1 -D__STDC_FORMAT_MACROS "-DPyMODINIT_FUNC=extern \"C\" __attribute__((visibility (\"default\"))) PyObject*" -DGRPC_POSIX_FORK_ALLOW_PTHREAD_ATFORK=1 -Isrc/python/grpcio -Iinclude -I. -Ithird_party/abseil-cpp -Ithird_party/address_sorting/include -Ithird_party/cares/cares/include -Ithird_party/cares -Ithird_party/cares/cares -Ithird_party/cares/cares/src/lib/include -Ithird_party/cares/cares/src/lib -Ithird_party/cares/config_linux -Ithird_party/re2 -Ithird_party/boringssl-with-bazel/src/include -Ithird_party/upb -Isrc/core/ext/upb-gen -Isrc/core/ext/upbdefs-gen -Ithird_party/utf8_range -Ithird_party/xxhash -Ithird_party/zlib -I/usr/local/google/home/ssreenithi/.pyenv/versions/3.12.0/envs/pyvenv_312/include -I/usr/local/google/home/ssreenithi/.pyenv/versions/3.12.0/include/python3.12 -c third_party/cares/cares/src/lib/ares_hosts_file.c -o pyb/temp.linux-x86_64-cpython-312/third_party/cares/cares/src/lib/ares_hosts_file.o -fvisibility=hidden -fno-wrapv -fno-exceptions -pthread
      gcc -fno-strict-overflow -Wsign-compare -DNDEBUG -g -O3 -Wall -fPIC -D_WIN32_WINNT=1536 -DGRPC_XDS_USER_AGENT_NAME_SUFFIX=\"Python\" -DGRPC_XDS_USER_AGENT_VERSION_SUFFIX=\"1.79.0.dev0\" -DHAVE_CONFIG_H=1 -DGRPC_ENABLE_FORK_SUPPORT=1 -DGRPC_ENABLE_FORK_SUPPORT_DEFAULT=false -DGRPC_PYTHON_BUILD=1 -D__STDC_FORMAT_MACROS "-DPyMODINIT_FUNC=extern \"C\" __attribute__((visibility (\"default\"))) PyObject*" -DGRPC_POSIX_FORK_ALLOW_PTHREAD_ATFORK=1 -Isrc/python/grpcio -Iinclude -I. -Ithird_party/abseil-cpp -Ithird_party/address_sorting/include -Ithird_party/cares/cares/include -Ithird_party/cares -Ithird_party/cares/cares -Ithird_party/cares/cares/src/lib/include -Ithird_party/cares/cares/src/lib -Ithird_party/cares/config_linux -Ithird_party/re2 -Ithird_party/boringssl-with-bazel/src/include -Ithird_party/upb -Isrc/core/ext/upb-gen -Isrc/core/ext/upbdefs-gen -Ithird_party/utf8_range -Ithird_party/xxhash -Ithird_party/zlib -I/usr/local/google/home/ssreenithi/.pyenv/versions/3.12.0/envs/pyvenv_312/include -I/usr/local/google/home/ssreenithi/.pyenv/versions/3.12.0/include/python3.12 -c third_party/cares/cares/src/lib/dsa/ares_slist.c -o pyb/temp.linux-x86_64-cpython-312/third_party/cares/cares/src/lib/dsa/ares_slist.o -fvisibility=hidden -fno-wrapv -fno-exceptions -pthread
      gcc -fno-strict-overflow -Wsign-compare -DNDEBUG -g -O3 -Wall -fPIC -D_WIN32_WINNT=1536 -DGRPC_XDS_USER_AGENT_NAME_SUFFIX=\"Python\" -DGRPC_XDS_USER_AGENT_VERSION_SUFFIX=\"1.79.0.dev0\" -DHAVE_CONFIG_H=1 -DGRPC_ENABLE_FORK_SUPPORT=1 -DGRPC_ENABLE_FORK_SUPPORT_DEFAULT=false -DGRPC_PYTHON_BUILD=1 -D__STDC_FORMAT_MACROS "-DPyMODINIT_FUNC=extern \"C\" __attribute__((visibility (\"default\"))) PyObject*" -DGRPC_POSIX_FORK_ALLOW_PTHREAD_ATFORK=1 -Isrc/python/grpcio -Iinclude -I. -Ithird_party/abseil-cpp -Ithird_party/address_sorting/include -Ithird_party/cares/cares/include -Ithird_party/cares -Ithird_party/cares/cares -Ithird_party/cares/cares/src/lib/include -Ithird_party/cares/cares/src/lib -Ithird_party/cares/config_linux -Ithird_party/re2 -Ithird_party/boringssl-with-bazel/src/include -Ithird_party/upb -Isrc/core/ext/upb-gen -Isrc/core/ext/upbdefs-gen -Ithird_party/utf8_range -Ithird_party/xxhash -Ithird_party/zlib -I/usr/local/google/home/ssreenithi/.pyenv/versions/3.12.0/envs/pyvenv_312/include -I/usr/local/google/home/ssreenithi/.pyenv/versions/3.12.0/include/python3.12 -c third_party/cares/cares/src/lib/ares_process.c -o pyb/temp.linux-x86_64-cpython-312/third_party/cares/cares/src/lib/ares_process.o -fvisibility=hidden -fno-wrapv -fno-exceptions -pthread
      g++ -fno-strict-overflow -Wsign-compare -DNDEBUG -g -O3 -Wall -fPIC -D_WIN32_WINNT=1536 -DGRPC_XDS_USER_AGENT_NAME_SUFFIX=\"Python\" -DGRPC_XDS_USER_AGENT_VERSION_SUFFIX=\"1.79.0.dev0\" -DHAVE_CONFIG_H=1 -DGRPC_ENABLE_FORK_SUPPORT=1 -DGRPC_ENABLE_FORK_SUPPORT_DEFAULT=false -DGRPC_PYTHON_BUILD=1 -D__STDC_FORMAT_MACROS "-DPyMODINIT_FUNC=extern \"C\" __attribute__((visibility (\"default\"))) PyObject*" -DGRPC_POSIX_FORK_ALLOW_PTHREAD_ATFORK=1 -Isrc/python/grpcio -Iinclude -I. -Ithird_party/abseil-cpp -Ithird_party/address_sorting/include -Ithird_party/cares/cares/include -Ithird_party/cares -Ithird_party/cares/cares -Ithird_party/cares/cares/src/lib/include -Ithird_party/cares/cares/src/lib -Ithird_party/cares/config_linux -Ithird_party/re2 -Ithird_party/boringssl-with-bazel/src/include -Ithird_party/upb -Isrc/core/ext/upb-gen -Isrc/core/ext/upbdefs-gen -Ithird_party/utf8_range -Ithird_party/xxhash -Ithird_party/zlib -I/usr/local/google/home/ssreenithi/.pyenv/versions/3.12.0/envs/pyvenv_312/include -I/usr/local/google/home/ssreenithi/.pyenv/versions/3.12.0/include/python3.12 -c third_party/boringssl-with-bazel/src/crypto/x509/v3_pcons.cc -o pyb/temp.linux-x86_64-cpython-312/third_party/boringssl-with-bazel/src/crypto/x509/v3_pcons.o -std=c++17 -fvisibility=hidden -fno-wrapv -fno-exceptions -pthread
      g++ -fno-strict-overflow -Wsign-compare -DNDEBUG -g -O3 -Wall -fPIC -D_WIN32_WINNT=1536 -DGRPC_XDS_USER_AGENT_NAME_SUFFIX=\"Python\" -DGRPC_XDS_USER_AGENT_VERSION_SUFFIX=\"1.79.0.dev0\" -DHAVE_CONFIG_H=1 -DGRPC_ENABLE_FORK_SUPPORT=1 -DGRPC_ENABLE_FORK_SUPPORT_DEFAULT=false -DGRPC_PYTHON_BUILD=1 -D__STDC_FORMAT_MACROS "-DPyMODINIT_FUNC=extern \"C\" __attribute__((visibility (\"default\"))) PyObject*" -DGRPC_POSIX_FORK_ALLOW_PTHREAD_ATFORK=1 -Isrc/python/grpcio -Iinclude -I. -Ithird_party/abseil-cpp -Ithird_party/address_sorting/include -Ithird_party/cares/cares/include -Ithird_party/cares -Ithird_party/cares/cares -Ithird_party/cares/cares/src/lib/include -Ithird_party/cares/cares/src/lib -Ithird_party/cares/config_linux -Ithird_party/re2 -Ithird_party/boringssl-with-bazel/src/include -Ithird_party/upb -Isrc/core/ext/upb-gen -Isrc/core/ext/upbdefs-gen -Ithird_party/utf8_range -Ithird_party/xxhash -Ithird_party/zlib -I/usr/local/google/home/ssreenithi/.pyenv/versions/3.12.0/envs/pyvenv_312/include -I/usr/local/google/home/ssreenithi/.pyenv/versions/3.12.0/include/python3.12 -c third_party/boringssl-with-bazel/src/ssl/ssl_transcript.cc -o pyb/temp.linux-x86_64-cpython-312/third_party/boringssl-with-bazel/src/ssl/ssl_transcript.o -std=c++17 -fvisibility=hidden -fno-wrapv -fno-exceptions -pthread
      g++ -fno-strict-overflow -Wsign-compare -DNDEBUG -g -O3 -Wall -fPIC -D_WIN32_WINNT=1536 -DGRPC_XDS_USER_AGENT_NAME_SUFFIX=\"Python\" -DGRPC_XDS_USER_AGENT_VERSION_SUFFIX=\"1.79.0.dev0\" -DHAVE_CONFIG_H=1 -DGRPC_ENABLE_FORK_SUPPORT=1 -DGRPC_ENABLE_FORK_SUPPORT_DEFAULT=false -DGRPC_PYTHON_BUILD=1 -D__STDC_FORMAT_MACROS "-DPyMODINIT_FUNC=extern \"C\" __attribute__((visibility (\"default\"))) PyObject*" -DGRPC_POSIX_FORK_ALLOW_PTHREAD_ATFORK=1 -Isrc/python/grpcio -Iinclude -I. -Ithird_party/abseil-cpp -Ithird_party/address_sorting/include -Ithird_party/cares/cares/include -Ithird_party/cares -Ithird_party/cares/cares -Ithird_party/cares/cares/src/lib/include -Ithird_party/cares/cares/src/lib -Ithird_party/cares/config_linux -Ithird_party/re2 -Ithird_party/boringssl-with-bazel/src/include -Ithird_party/upb -Isrc/core/ext/upb-gen -Isrc/core/ext/upbdefs-gen -Ithird_party/utf8_range -Ithird_party/xxhash -Ithird_party/zlib -I/usr/local/google/home/ssreenithi/.pyenv/versions/3.12.0/envs/pyvenv_312/include -I/usr/local/google/home/ssreenithi/.pyenv/versions/3.12.0/include/python3.12 -c third_party/boringssl-with-bazel/src/crypto/x509/v3_bcons.cc -o pyb/temp.linux-x86_64-cpython-312/third_party/boringssl-with-bazel/src/crypto/x509/v3_bcons.o -std=c++17 -fvisibility=hidden -fno-wrapv -fno-exceptions -pthread
      gcc -fno-strict-overflow -Wsign-compare -DNDEBUG -g -O3 -Wall -fPIC -D_WIN32_WINNT=1536 -DGRPC_XDS_USER_AGENT_NAME_SUFFIX=\"Python\" -DGRPC_XDS_USER_AGENT_VERSION_SUFFIX=\"1.79.0.dev0\" -DHAVE_CONFIG_H=1 -DGRPC_ENABLE_FORK_SUPPORT=1 -DGRPC_ENABLE_FORK_SUPPORT_DEFAULT=false -DGRPC_PYTHON_BUILD=1 -D__STDC_FORMAT_MACROS "-DPyMODINIT_FUNC=extern \"C\" __attribute__((visibility (\"default\"))) PyObject*" -DGRPC_POSIX_FORK_ALLOW_PTHREAD_ATFORK=1 -Isrc/python/grpcio -Iinclude -I. -Ithird_party/abseil-cpp -Ithird_party/address_sorting/include -Ithird_party/cares/cares/include -Ithird_party/cares -Ithird_party/cares/cares -Ithird_party/cares/cares/src/lib/include -Ithird_party/cares/cares/src/lib -Ithird_party/cares/config_linux -Ithird_party/re2 -Ithird_party/boringssl-with-bazel/src/include -Ithird_party/upb -Isrc/core/ext/upb-gen -Isrc/core/ext/upbdefs-gen -Ithird_party/utf8_range -Ithird_party/xxhash -Ithird_party/zlib -I/usr/local/google/home/ssreenithi/.pyenv/versions/3.12.0/envs/pyvenv_312/include -I/usr/local/google/home/ssreenithi/.pyenv/versions/3.12.0/include/python3.12 -c third_party/cares/cares/src/lib/dsa/ares_htable_vpstr.c -o pyb/temp.linux-x86_64-cpython-312/third_party/cares/cares/src/lib/dsa/ares_htable_vpstr.o -fvisibility=hidden -fno-wrapv -fno-exceptions -pthread
      g++ -fno-strict-overflow -Wsign-compare -DNDEBUG -g -O3 -Wall -fPIC -D_WIN32_WINNT=1536 -DGRPC_XDS_USER_AGENT_NAME_SUFFIX=\"Python\" -DGRPC_XDS_USER_AGENT_VERSION_SUFFIX=\"1.79.0.dev0\" -DHAVE_CONFIG_H=1 -DGRPC_ENABLE_FORK_SUPPORT=1 -DGRPC_ENABLE_FORK_SUPPORT_DEFAULT=false -DGRPC_PYTHON_BUILD=1 -D__STDC_FORMAT_MACROS "-DPyMODINIT_FUNC=extern \"C\" __attribute__((visibility (\"default\"))) PyObject*" -DGRPC_POSIX_FORK_ALLOW_PTHREAD_ATFORK=1 -Isrc/python/grpcio -Iinclude -I. -Ithird_party/abseil-cpp -Ithird_party/address_sorting/include -Ithird_party/cares/cares/include -Ithird_party/cares -Ithird_party/cares/cares -Ithird_party/cares/cares/src/lib/include -Ithird_party/cares/cares/src/lib -Ithird_party/cares/config_linux -Ithird_party/re2 -Ithird_party/boringssl-with-bazel/src/include -Ithird_party/upb -Isrc/core/ext/upb-gen -Isrc/core/ext/upbdefs-gen -Ithird_party/utf8_range -Ithird_party/xxhash -Ithird_party/zlib -I/usr/local/google/home/ssreenithi/.pyenv/versions/3.12.0/envs/pyvenv_312/include -I/usr/local/google/home/ssreenithi/.pyenv/versions/3.12.0/include/python3.12 -c third_party/boringssl-with-bazel/src/crypto/x509/x_sig.cc -o pyb/temp.linux-x86_64-cpython-312/third_party/boringssl-with-bazel/src/crypto/x509/x_sig.o -std=c++17 -fvisibility=hidden -fno-wrapv -fno-exceptions -pthread
      gcc -fno-strict-overflow -Wsign-compare -DNDEBUG -g -O3 -Wall -fPIC -D_WIN32_WINNT=1536 -DGRPC_XDS_USER_AGENT_NAME_SUFFIX=\"Python\" -DGRPC_XDS_USER_AGENT_VERSION_SUFFIX=\"1.79.0.dev0\" -DHAVE_CONFIG_H=1 -DGRPC_ENABLE_FORK_SUPPORT=1 -DGRPC_ENABLE_FORK_SUPPORT_DEFAULT=false -DGRPC_PYTHON_BUILD=1 -D__STDC_FORMAT_MACROS "-DPyMODINIT_FUNC=extern \"C\" __attribute__((visibility (\"default\"))) PyObject*" -DGRPC_POSIX_FORK_ALLOW_PTHREAD_ATFORK=1 -Isrc/python/grpcio -Iinclude -I. -Ithird_party/abseil-cpp -Ithird_party/address_sorting/include -Ithird_party/cares/cares/include -Ithird_party/cares -Ithird_party/cares/cares -Ithird_party/cares/cares/src/lib/include -Ithird_party/cares/cares/src/lib -Ithird_party/cares/config_linux -Ithird_party/re2 -Ithird_party/boringssl-with-bazel/src/include -Ithird_party/upb -Isrc/core/ext/upb-gen -Isrc/core/ext/upbdefs-gen -Ithird_party/utf8_range -Ithird_party/xxhash -Ithird_party/zlib -I/usr/local/google/home/ssreenithi/.pyenv/versions/3.12.0/envs/pyvenv_312/include -I/usr/local/google/home/ssreenithi/.pyenv/versions/3.12.0/include/python3.12 -c third_party/cares/cares/src/lib/event/ares_event_wake_pipe.c -o pyb/temp.linux-x86_64-cpython-312/third_party/cares/cares/src/lib/event/ares_event_wake_pipe.o -fvisibility=hidden -fno-wrapv -fno-exceptions -pthread
      g++ -fno-strict-overflow -Wsign-compare -DNDEBUG -g -O3 -Wall -fPIC -D_WIN32_WINNT=1536 -DGRPC_XDS_USER_AGENT_NAME_SUFFIX=\"Python\" -DGRPC_XDS_USER_AGENT_VERSION_SUFFIX=\"1.79.0.dev0\" -DHAVE_CONFIG_H=1 -DGRPC_ENABLE_FORK_SUPPORT=1 -DGRPC_ENABLE_FORK_SUPPORT_DEFAULT=false -DGRPC_PYTHON_BUILD=1 -D__STDC_FORMAT_MACROS "-DPyMODINIT_FUNC=extern \"C\" __attribute__((visibility (\"default\"))) PyObject*" -DGRPC_POSIX_FORK_ALLOW_PTHREAD_ATFORK=1 -Isrc/python/grpcio -Iinclude -I. -Ithird_party/abseil-cpp -Ithird_party/address_sorting/include -Ithird_party/cares/cares/include -Ithird_party/cares -Ithird_party/cares/cares -Ithird_party/cares/cares/src/lib/include -Ithird_party/cares/cares/src/lib -Ithird_party/cares/config_linux -Ithird_party/re2 -Ithird_party/boringssl-with-bazel/src/include -Ithird_party/upb -Isrc/core/ext/upb-gen -Isrc/core/ext/upbdefs-gen -Ithird_party/utf8_range -Ithird_party/xxhash -Ithird_party/zlib -I/usr/local/google/home/ssreenithi/.pyenv/versions/3.12.0/envs/pyvenv_312/include -I/usr/local/google/home/ssreenithi/.pyenv/versions/3.12.0/include/python3.12 -c third_party/boringssl-with-bazel/src/crypto/x509/x509.cc -o pyb/temp.linux-x86_64-cpython-312/third_party/boringssl-with-bazel/src/crypto/x509/x509.o -std=c++17 -fvisibility=hidden -fno-wrapv -fno-exceptions -pthread
      gcc -fno-strict-overflow -Wsign-compare -DNDEBUG -g -O3 -Wall -fPIC -D_WIN32_WINNT=1536 -DGRPC_XDS_USER_AGENT_NAME_SUFFIX=\"Python\" -DGRPC_XDS_USER_AGENT_VERSION_SUFFIX=\"1.79.0.dev0\" -DHAVE_CONFIG_H=1 -DGRPC_ENABLE_FORK_SUPPORT=1 -DGRPC_ENABLE_FORK_SUPPORT_DEFAULT=false -DGRPC_PYTHON_BUILD=1 -D__STDC_FORMAT_MACROS "-DPyMODINIT_FUNC=extern \"C\" __attribute__((visibility (\"default\"))) PyObject*" -DGRPC_POSIX_FORK_ALLOW_PTHREAD_ATFORK=1 -Isrc/python/grpcio -Iinclude -I. -Ithird_party/abseil-cpp -Ithird_party/address_sorting/include -Ithird_party/cares/cares/include -Ithird_party/cares -Ithird_party/cares/cares -Ithird_party/cares/cares/src/lib/include -Ithird_party/cares/cares/src/lib -Ithird_party/cares/config_linux -Ithird_party/re2 -Ithird_party/boringssl-with-bazel/src/include -Ithird_party/upb -Isrc/core/ext/upb-gen -Isrc/core/ext/upbdefs-gen -Ithird_party/utf8_range -Ithird_party/xxhash -Ithird_party/zlib -I/usr/local/google/home/ssreenithi/.pyenv/versions/3.12.0/envs/pyvenv_312/include -I/usr/local/google/home/ssreenithi/.pyenv/versions/3.12.0/include/python3.12 -c third_party/cares/cares/src/lib/event/ares_event_win32.c -o pyb/temp.linux-x86_64-cpython-312/third_party/cares/cares/src/lib/event/ares_event_win32.o -fvisibility=hidden -fno-wrapv -fno-exceptions -pthread
      gcc -fno-strict-overflow -Wsign-compare -DNDEBUG -g -O3 -Wall -fPIC -D_WIN32_WINNT=1536 -DGRPC_XDS_USER_AGENT_NAME_SUFFIX=\"Python\" -DGRPC_XDS_USER_AGENT_VERSION_SUFFIX=\"1.79.0.dev0\" -DHAVE_CONFIG_H=1 -DGRPC_ENABLE_FORK_SUPPORT=1 -DGRPC_ENABLE_FORK_SUPPORT_DEFAULT=false -DGRPC_PYTHON_BUILD=1 -D__STDC_FORMAT_MACROS "-DPyMODINIT_FUNC=extern \"C\" __attribute__((visibility (\"default\"))) PyObject*" -DGRPC_POSIX_FORK_ALLOW_PTHREAD_ATFORK=1 -Isrc/python/grpcio -Iinclude -I. -Ithird_party/abseil-cpp -Ithird_party/address_sorting/include -Ithird_party/cares/cares/include -Ithird_party/cares -Ithird_party/cares/cares -Ithird_party/cares/cares/src/lib/include -Ithird_party/cares/cares/src/lib -Ithird_party/cares/config_linux -Ithird_party/re2 -Ithird_party/boringssl-with-bazel/src/include -Ithird_party/upb -Isrc/core/ext/upb-gen -Isrc/core/ext/upbdefs-gen -Ithird_party/utf8_range -Ithird_party/xxhash -Ithird_party/zlib -I/usr/local/google/home/ssreenithi/.pyenv/versions/3.12.0/envs/pyvenv_312/include -I/usr/local/google/home/ssreenithi/.pyenv/versions/3.12.0/include/python3.12 -c third_party/cares/cares/src/lib/event/ares_event_configchg.c -o pyb/temp.linux-x86_64-cpython-312/third_party/cares/cares/src/lib/event/ares_event_configchg.o -fvisibility=hidden -fno-wrapv -fno-exceptions -pthread
      gcc -fno-strict-overflow -Wsign-compare -DNDEBUG -g -O3 -Wall -fPIC -D_WIN32_WINNT=1536 -DGRPC_XDS_USER_AGENT_NAME_SUFFIX=\"Python\" -DGRPC_XDS_USER_AGENT_VERSION_SUFFIX=\"1.79.0.dev0\" -DHAVE_CONFIG_H=1 -DGRPC_ENABLE_FORK_SUPPORT=1 -DGRPC_ENABLE_FORK_SUPPORT_DEFAULT=false -DGRPC_PYTHON_BUILD=1 -D__STDC_FORMAT_MACROS "-DPyMODINIT_FUNC=extern \"C\" __attribute__((visibility (\"default\"))) PyObject*" -DGRPC_POSIX_FORK_ALLOW_PTHREAD_ATFORK=1 -Isrc/python/grpcio -Iinclude -I. -Ithird_party/abseil-cpp -Ithird_party/address_sorting/include -Ithird_party/cares/cares/include -Ithird_party/cares -Ithird_party/cares/cares -Ithird_party/cares/cares/src/lib/include -Ithird_party/cares/cares/src/lib -Ithird_party/cares/config_linux -Ithird_party/re2 -Ithird_party/boringssl-with-bazel/src/include -Ithird_party/upb -Isrc/core/ext/upb-gen -Isrc/core/ext/upbdefs-gen -Ithird_party/utf8_range -Ithird_party/xxhash -Ithird_party/zlib -I/usr/local/google/home/ssreenithi/.pyenv/versions/3.12.0/envs/pyvenv_312/include -I/usr/local/google/home/ssreenithi/.pyenv/versions/3.12.0/include/python3.12 -c third_party/cares/cares/src/lib/dsa/ares_htable_vpvp.c -o pyb/temp.linux-x86_64-cpython-312/third_party/cares/cares/src/lib/dsa/ares_htable_vpvp.o -fvisibility=hidden -fno-wrapv -fno-exceptions -pthread
      gcc -fno-strict-overflow -Wsign-compare -DNDEBUG -g -O3 -Wall -fPIC -D_WIN32_WINNT=1536 -DGRPC_XDS_USER_AGENT_NAME_SUFFIX=\"Python\" -DGRPC_XDS_USER_AGENT_VERSION_SUFFIX=\"1.79.0.dev0\" -DHAVE_CONFIG_H=1 -DGRPC_ENABLE_FORK_SUPPORT=1 -DGRPC_ENABLE_FORK_SUPPORT_DEFAULT=false -DGRPC_PYTHON_BUILD=1 -D__STDC_FORMAT_MACROS "-DPyMODINIT_FUNC=extern \"C\" __attribute__((visibility (\"default\"))) PyObject*" -DGRPC_POSIX_FORK_ALLOW_PTHREAD_ATFORK=1 -Isrc/python/grpcio -Iinclude -I. -Ithird_party/abseil-cpp -Ithird_party/address_sorting/include -Ithird_party/cares/cares/include -Ithird_party/cares -Ithird_party/cares/cares -Ithird_party/cares/cares/src/lib/include -Ithird_party/cares/cares/src/lib -Ithird_party/cares/config_linux -Ithird_party/re2 -Ithird_party/boringssl-with-bazel/src/include -Ithird_party/upb -Isrc/core/ext/upb-gen -Isrc/core/ext/upbdefs-gen -Ithird_party/utf8_range -Ithird_party/xxhash -Ithird_party/zlib -I/usr/local/google/home/ssreenithi/.pyenv/versions/3.12.0/envs/pyvenv_312/include -I/usr/local/google/home/ssreenithi/.pyenv/versions/3.12.0/include/python3.12 -c third_party/cares/cares/src/lib/legacy/ares_fds.c -o pyb/temp.linux-x86_64-cpython-312/third_party/cares/cares/src/lib/legacy/ares_fds.o -fvisibility=hidden -fno-wrapv -fno-exceptions -pthread
      g++ -fno-strict-overflow -Wsign-compare -DNDEBUG -g -O3 -Wall -fPIC -D_WIN32_WINNT=1536 -DGRPC_XDS_USER_AGENT_NAME_SUFFIX=\"Python\" -DGRPC_XDS_USER_AGENT_VERSION_SUFFIX=\"1.79.0.dev0\" -DHAVE_CONFIG_H=1 -DGRPC_ENABLE_FORK_SUPPORT=1 -DGRPC_ENABLE_FORK_SUPPORT_DEFAULT=false -DGRPC_PYTHON_BUILD=1 -D__STDC_FORMAT_MACROS "-DPyMODINIT_FUNC=extern \"C\" __attribute__((visibility (\"default\"))) PyObject*" -DGRPC_POSIX_FORK_ALLOW_PTHREAD_ATFORK=1 -Isrc/python/grpcio -Iinclude -I. -Ithird_party/abseil-cpp -Ithird_party/address_sorting/include -Ithird_party/cares/cares/include -Ithird_party/cares -Ithird_party/cares/cares -Ithird_party/cares/cares/src/lib/include -Ithird_party/cares/cares/src/lib -Ithird_party/cares/config_linux -Ithird_party/re2 -Ithird_party/boringssl-with-bazel/src/include -Ithird_party/upb -Isrc/core/ext/upb-gen -Isrc/core/ext/upbdefs-gen -Ithird_party/utf8_range -Ithird_party/xxhash -Ithird_party/zlib -I/usr/local/google/home/ssreenithi/.pyenv/versions/3.12.0/envs/pyvenv_312/include -I/usr/local/google/home/ssreenithi/.pyenv/versions/3.12.0/include/python3.12 -c third_party/boringssl-with-bazel/src/crypto/md5/md5.cc -o pyb/temp.linux-x86_64-cpython-312/third_party/boringssl-with-bazel/src/crypto/md5/md5.o -std=c++17 -fvisibility=hidden -fno-wrapv -fno-exceptions -pthread
      gcc -fno-strict-overflow -Wsign-compare -DNDEBUG -g -O3 -Wall -fPIC -D_WIN32_WINNT=1536 -DGRPC_XDS_USER_AGENT_NAME_SUFFIX=\"Python\" -DGRPC_XDS_USER_AGENT_VERSION_SUFFIX=\"1.79.0.dev0\" -DHAVE_CONFIG_H=1 -DGRPC_ENABLE_FORK_SUPPORT=1 -DGRPC_ENABLE_FORK_SUPPORT_DEFAULT=false -DGRPC_PYTHON_BUILD=1 -D__STDC_FORMAT_MACROS "-DPyMODINIT_FUNC=extern \"C\" __attribute__((visibility (\"default\"))) PyObject*" -DGRPC_POSIX_FORK_ALLOW_PTHREAD_ATFORK=1 -Isrc/python/grpcio -Iinclude -I. -Ithird_party/abseil-cpp -Ithird_party/address_sorting/include -Ithird_party/cares/cares/include -Ithird_party/cares -Ithird_party/cares/cares -Ithird_party/cares/cares/src/lib/include -Ithird_party/cares/cares/src/lib -Ithird_party/cares/config_linux -Ithird_party/re2 -Ithird_party/boringssl-with-bazel/src/include -Ithird_party/upb -Isrc/core/ext/upb-gen -Isrc/core/ext/upbdefs-gen -Ithird_party/utf8_range -Ithird_party/xxhash -Ithird_party/zlib -I/usr/local/google/home/ssreenithi/.pyenv/versions/3.12.0/envs/pyvenv_312/include -I/usr/local/google/home/ssreenithi/.pyenv/versions/3.12.0/include/python3.12 -c third_party/cares/cares/src/lib/ares_version.c -o pyb/temp.linux-x86_64-cpython-312/third_party/cares/cares/src/lib/ares_version.o -fvisibility=hidden -fno-wrapv -fno-exceptions -pthread
      g++ -fno-strict-overflow -Wsign-compare -DNDEBUG -g -O3 -Wall -fPIC -D_WIN32_WINNT=1536 -DGRPC_XDS_USER_AGENT_NAME_SUFFIX=\"Python\" -DGRPC_XDS_USER_AGENT_VERSION_SUFFIX=\"1.79.0.dev0\" -DHAVE_CONFIG_H=1 -DGRPC_ENABLE_FORK_SUPPORT=1 -DGRPC_ENABLE_FORK_SUPPORT_DEFAULT=false -DGRPC_PYTHON_BUILD=1 -D__STDC_FORMAT_MACROS "-DPyMODINIT_FUNC=extern \"C\" __attribute__((visibility (\"default\"))) PyObject*" -DGRPC_POSIX_FORK_ALLOW_PTHREAD_ATFORK=1 -Isrc/python/grpcio -Iinclude -I. -Ithird_party/abseil-cpp -Ithird_party/address_sorting/include -Ithird_party/cares/cares/include -Ithird_party/cares -Ithird_party/cares/cares -Ithird_party/cares/cares/src/lib/include -Ithird_party/cares/cares/src/lib -Ithird_party/cares/config_linux -Ithird_party/re2 -Ithird_party/boringssl-with-bazel/src/include -Ithird_party/upb -Isrc/core/ext/upb-gen -Isrc/core/ext/upbdefs-gen -Ithird_party/utf8_range -Ithird_party/xxhash -Ithird_party/zlib -I/usr/local/google/home/ssreenithi/.pyenv/versions/3.12.0/envs/pyvenv_312/include -I/usr/local/google/home/ssreenithi/.pyenv/versions/3.12.0/include/python3.12 -c src/core/telemetry/call_tracer.cc -o pyb/temp.linux-x86_64-cpython-312/src/core/telemetry/call_tracer.o -std=c++17 -fvisibility=hidden -fno-wrapv -fno-exceptions -pthread
      g++ -fno-strict-overflow -Wsign-compare -DNDEBUG -g -O3 -Wall -fPIC -D_WIN32_WINNT=1536 -DGRPC_XDS_USER_AGENT_NAME_SUFFIX=\"Python\" -DGRPC_XDS_USER_AGENT_VERSION_SUFFIX=\"1.79.0.dev0\" -DHAVE_CONFIG_H=1 -DGRPC_ENABLE_FORK_SUPPORT=1 -DGRPC_ENABLE_FORK_SUPPORT_DEFAULT=false -DGRPC_PYTHON_BUILD=1 -D__STDC_FORMAT_MACROS "-DPyMODINIT_FUNC=extern \"C\" __attribute__((visibility (\"default\"))) PyObject*" -DGRPC_POSIX_FORK_ALLOW_PTHREAD_ATFORK=1 -Isrc/python/grpcio -Iinclude -I. -Ithird_party/abseil-cpp -Ithird_party/address_sorting/include -Ithird_party/cares/cares/include -Ithird_party/cares -Ithird_party/cares/cares -Ithird_party/cares/cares/src/lib/include -Ithird_party/cares/cares/src/lib -Ithird_party/cares/config_linux -Ithird_party/re2 -Ithird_party/boringssl-with-bazel/src/include -Ithird_party/upb -Isrc/core/ext/upb-gen -Isrc/core/ext/upbdefs-gen -Ithird_party/utf8_range -Ithird_party/xxhash -Ithird_party/zlib -I/usr/local/google/home/ssreenithi/.pyenv/versions/3.12.0/envs/pyvenv_312/include -I/usr/local/google/home/ssreenithi/.pyenv/versions/3.12.0/include/python3.12 -c third_party/boringssl-with-bazel/src/crypto/x509/x509_obj.cc -o pyb/temp.linux-x86_64-cpython-312/third_party/boringssl-with-bazel/src/crypto/x509/x509_obj.o -std=c++17 -fvisibility=hidden -fno-wrapv -fno-exceptions -pthread
      gcc -fno-strict-overflow -Wsign-compare -DNDEBUG -g -O3 -Wall -fPIC -D_WIN32_WINNT=1536 -DGRPC_XDS_USER_AGENT_NAME_SUFFIX=\"Python\" -DGRPC_XDS_USER_AGENT_VERSION_SUFFIX=\"1.79.0.dev0\" -DHAVE_CONFIG_H=1 -DGRPC_ENABLE_FORK_SUPPORT=1 -DGRPC_ENABLE_FORK_SUPPORT_DEFAULT=false -DGRPC_PYTHON_BUILD=1 -D__STDC_FORMAT_MACROS "-DPyMODINIT_FUNC=extern \"C\" __attribute__((visibility (\"default\"))) PyObject*" -DGRPC_POSIX_FORK_ALLOW_PTHREAD_ATFORK=1 -Isrc/python/grpcio -Iinclude -I. -Ithird_party/abseil-cpp -Ithird_party/address_sorting/include -Ithird_party/cares/cares/include -Ithird_party/cares -Ithird_party/cares/cares -Ithird_party/cares/cares/src/lib/include -Ithird_party/cares/cares/src/lib -Ithird_party/cares/config_linux -Ithird_party/re2 -Ithird_party/boringssl-with-bazel/src/include -Ithird_party/upb -Isrc/core/ext/upb-gen -Isrc/core/ext/upbdefs-gen -Ithird_party/utf8_range -Ithird_party/xxhash -Ithird_party/zlib -I/usr/local/google/home/ssreenithi/.pyenv/versions/3.12.0/envs/pyvenv_312/include -I/usr/local/google/home/ssreenithi/.pyenv/versions/3.12.0/include/python3.12 -c third_party/cares/cares/src/lib/inet_net_pton.c -o pyb/temp.linux-x86_64-cpython-312/third_party/cares/cares/src/lib/inet_net_pton.o -fvisibility=hidden -fno-wrapv -fno-exceptions -pthread
      gcc -fno-strict-overflow -Wsign-compare -DNDEBUG -g -O3 -Wall -fPIC -D_WIN32_WINNT=1536 -DGRPC_XDS_USER_AGENT_NAME_SUFFIX=\"Python\" -DGRPC_XDS_USER_AGENT_VERSION_SUFFIX=\"1.79.0.dev0\" -DHAVE_CONFIG_H=1 -DGRPC_ENABLE_FORK_SUPPORT=1 -DGRPC_ENABLE_FORK_SUPPORT_DEFAULT=false -DGRPC_PYTHON_BUILD=1 -D__STDC_FORMAT_MACROS "-DPyMODINIT_FUNC=extern \"C\" __attribute__((visibility (\"default\"))) PyObject*" -DGRPC_POSIX_FORK_ALLOW_PTHREAD_ATFORK=1 -Isrc/python/grpcio -Iinclude -I. -Ithird_party/abseil-cpp -Ithird_party/address_sorting/include -Ithird_party/cares/cares/include -Ithird_party/cares -Ithird_party/cares/cares -Ithird_party/cares/cares/src/lib/include -Ithird_party/cares/cares/src/lib -Ithird_party/cares/config_linux -Ithird_party/re2 -Ithird_party/boringssl-with-bazel/src/include -Ithird_party/upb -Isrc/core/ext/upb-gen -Isrc/core/ext/upbdefs-gen -Ithird_party/utf8_range -Ithird_party/xxhash -Ithird_party/zlib -I/usr/local/google/home/ssreenithi/.pyenv/versions/3.12.0/envs/pyvenv_312/include -I/usr/local/google/home/ssreenithi/.pyenv/versions/3.12.0/include/python3.12 -c third_party/cares/cares/src/lib/event/ares_event_epoll.c -o pyb/temp.linux-x86_64-cpython-312/third_party/cares/cares/src/lib/event/ares_event_epoll.o -fvisibility=hidden -fno-wrapv -fno-exceptions -pthread
      gcc -fno-strict-overflow -Wsign-compare -DNDEBUG -g -O3 -Wall -fPIC -D_WIN32_WINNT=1536 -DGRPC_XDS_USER_AGENT_NAME_SUFFIX=\"Python\" -DGRPC_XDS_USER_AGENT_VERSION_SUFFIX=\"1.79.0.dev0\" -DHAVE_CONFIG_H=1 -DGRPC_ENABLE_FORK_SUPPORT=1 -DGRPC_ENABLE_FORK_SUPPORT_DEFAULT=false -DGRPC_PYTHON_BUILD=1 -D__STDC_FORMAT_MACROS "-DPyMODINIT_FUNC=extern \"C\" __attribute__((visibility (\"default\"))) PyObject*" -DGRPC_POSIX_FORK_ALLOW_PTHREAD_ATFORK=1 -Isrc/python/grpcio -Iinclude -I. -Ithird_party/abseil-cpp -Ithird_party/address_sorting/include -Ithird_party/cares/cares/include -Ithird_party/cares -Ithird_party/cares/cares -Ithird_party/cares/cares/src/lib/include -Ithird_party/cares/cares/src/lib -Ithird_party/cares/config_linux -Ithird_party/re2 -Ithird_party/boringssl-with-bazel/src/include -Ithird_party/upb -Isrc/core/ext/upb-gen -Isrc/core/ext/upbdefs-gen -Ithird_party/utf8_range -Ithird_party/xxhash -Ithird_party/zlib -I/usr/local/google/home/ssreenithi/.pyenv/versions/3.12.0/envs/pyvenv_312/include -I/usr/local/google/home/ssreenithi/.pyenv/versions/3.12.0/include/python3.12 -c third_party/cares/cares/src/lib/ares_strerror.c -o pyb/temp.linux-x86_64-cpython-312/third_party/cares/cares/src/lib/ares_strerror.o -fvisibility=hidden -fno-wrapv -fno-exceptions -pthread
      g++ -fno-strict-overflow -Wsign-compare -DNDEBUG -g -O3 -Wall -fPIC -D_WIN32_WINNT=1536 -DGRPC_XDS_USER_AGENT_NAME_SUFFIX=\"Python\" -DGRPC_XDS_USER_AGENT_VERSION_SUFFIX=\"1.79.0.dev0\" -DHAVE_CONFIG_H=1 -DGRPC_ENABLE_FORK_SUPPORT=1 -DGRPC_ENABLE_FORK_SUPPORT_DEFAULT=false -DGRPC_PYTHON_BUILD=1 -D__STDC_FORMAT_MACROS "-DPyMODINIT_FUNC=extern \"C\" __attribute__((visibility (\"default\"))) PyObject*" -DGRPC_POSIX_FORK_ALLOW_PTHREAD_ATFORK=1 -Isrc/python/grpcio -Iinclude -I. -Ithird_party/abseil-cpp -Ithird_party/address_sorting/include -Ithird_party/cares/cares/include -Ithird_party/cares -Ithird_party/cares/cares -Ithird_party/cares/cares/src/lib/include -Ithird_party/cares/cares/src/lib -Ithird_party/cares/config_linux -Ithird_party/re2 -Ithird_party/boringssl-with-bazel/src/include -Ithird_party/upb -Isrc/core/ext/upb-gen -Isrc/core/ext/upbdefs-gen -Ithird_party/utf8_range -Ithird_party/xxhash -Ithird_party/zlib -I/usr/local/google/home/ssreenithi/.pyenv/versions/3.12.0/envs/pyvenv_312/include -I/usr/local/google/home/ssreenithi/.pyenv/versions/3.12.0/include/python3.12 -c third_party/boringssl-with-bazel/src/ssl/s3_lib.cc -o pyb/temp.linux-x86_64-cpython-312/third_party/boringssl-with-bazel/src/ssl/s3_lib.o -std=c++17 -fvisibility=hidden -fno-wrapv -fno-exceptions -pthread
      gcc -fno-strict-overflow -Wsign-compare -DNDEBUG -g -O3 -Wall -fPIC -D_WIN32_WINNT=1536 -DGRPC_XDS_USER_AGENT_NAME_SUFFIX=\"Python\" -DGRPC_XDS_USER_AGENT_VERSION_SUFFIX=\"1.79.0.dev0\" -DHAVE_CONFIG_H=1 -DGRPC_ENABLE_FORK_SUPPORT=1 -DGRPC_ENABLE_FORK_SUPPORT_DEFAULT=false -DGRPC_PYTHON_BUILD=1 -D__STDC_FORMAT_MACROS "-DPyMODINIT_FUNC=extern \"C\" __attribute__((visibility (\"default\"))) PyObject*" -DGRPC_POSIX_FORK_ALLOW_PTHREAD_ATFORK=1 -Isrc/python/grpcio -Iinclude -I. -Ithird_party/abseil-cpp -Ithird_party/address_sorting/include -Ithird_party/cares/cares/include -Ithird_party/cares -Ithird_party/cares/cares -Ithird_party/cares/cares/src/lib/include -Ithird_party/cares/cares/src/lib -Ithird_party/cares/config_linux -Ithird_party/re2 -Ithird_party/boringssl-with-bazel/src/include -Ithird_party/upb -Isrc/core/ext/upb-gen -Isrc/core/ext/upbdefs-gen -Ithird_party/utf8_range -Ithird_party/xxhash -Ithird_party/zlib -I/usr/local/google/home/ssreenithi/.pyenv/versions/3.12.0/envs/pyvenv_312/include -I/usr/local/google/home/ssreenithi/.pyenv/versions/3.12.0/include/python3.12 -c third_party/cares/cares/src/lib/dsa/ares_llist.c -o pyb/temp.linux-x86_64-cpython-312/third_party/cares/cares/src/lib/dsa/ares_llist.o -fvisibility=hidden -fno-wrapv -fno-exceptions -pthread
      gcc -fno-strict-overflow -Wsign-compare -DNDEBUG -g -O3 -Wall -fPIC -D_WIN32_WINNT=1536 -DGRPC_XDS_USER_AGENT_NAME_SUFFIX=\"Python\" -DGRPC_XDS_USER_AGENT_VERSION_SUFFIX=\"1.79.0.dev0\" -DHAVE_CONFIG_H=1 -DGRPC_ENABLE_FORK_SUPPORT=1 -DGRPC_ENABLE_FORK_SUPPORT_DEFAULT=false -DGRPC_PYTHON_BUILD=1 -D__STDC_FORMAT_MACROS "-DPyMODINIT_FUNC=extern \"C\" __attribute__((visibility (\"default\"))) PyObject*" -DGRPC_POSIX_FORK_ALLOW_PTHREAD_ATFORK=1 -Isrc/python/grpcio -Iinclude -I. -Ithird_party/abseil-cpp -Ithird_party/address_sorting/include -Ithird_party/cares/cares/include -Ithird_party/cares -Ithird_party/cares/cares -Ithird_party/cares/cares/src/lib/include -Ithird_party/cares/cares/src/lib -Ithird_party/cares/config_linux -Ithird_party/re2 -Ithird_party/boringssl-with-bazel/src/include -Ithird_party/upb -Isrc/core/ext/upb-gen -Isrc/core/ext/upbdefs-gen -Ithird_party/utf8_range -Ithird_party/xxhash -Ithird_party/zlib -I/usr/local/google/home/ssreenithi/.pyenv/versions/3.12.0/envs/pyvenv_312/include -I/usr/local/google/home/ssreenithi/.pyenv/versions/3.12.0/include/python3.12 -c third_party/cares/cares/src/lib/legacy/ares_parse_ns_reply.c -o pyb/temp.linux-x86_64-cpython-312/third_party/cares/cares/src/lib/legacy/ares_parse_ns_reply.o -fvisibility=hidden -fno-wrapv -fno-exceptions -pthread
      gcc -fno-strict-overflow -Wsign-compare -DNDEBUG -g -O3 -Wall -fPIC -D_WIN32_WINNT=1536 -DGRPC_XDS_USER_AGENT_NAME_SUFFIX=\"Python\" -DGRPC_XDS_USER_AGENT_VERSION_SUFFIX=\"1.79.0.dev0\" -DHAVE_CONFIG_H=1 -DGRPC_ENABLE_FORK_SUPPORT=1 -DGRPC_ENABLE_FORK_SUPPORT_DEFAULT=false -DGRPC_PYTHON_BUILD=1 -D__STDC_FORMAT_MACROS "-DPyMODINIT_FUNC=extern \"C\" __attribute__((visibility (\"default\"))) PyObject*" -DGRPC_POSIX_FORK_ALLOW_PTHREAD_ATFORK=1 -Isrc/python/grpcio -Iinclude -I. -Ithird_party/abseil-cpp -Ithird_party/address_sorting/include -Ithird_party/cares/cares/include -Ithird_party/cares -Ithird_party/cares/cares -Ithird_party/cares/cares/src/lib/include -Ithird_party/cares/cares/src/lib -Ithird_party/cares/config_linux -Ithird_party/re2 -Ithird_party/boringssl-with-bazel/src/include -Ithird_party/upb -Isrc/core/ext/upb-gen -Isrc/core/ext/upbdefs-gen -Ithird_party/utf8_range -Ithird_party/xxhash -Ithird_party/zlib -I/usr/local/google/home/ssreenithi/.pyenv/versions/3.12.0/envs/pyvenv_312/include -I/usr/local/google/home/ssreenithi/.pyenv/versions/3.12.0/include/python3.12 -c third_party/cares/cares/src/lib/ares_init.c -o pyb/temp.linux-x86_64-cpython-312/third_party/cares/cares/src/lib/ares_init.o -fvisibility=hidden -fno-wrapv -fno-exceptions -pthread
      gcc -fno-strict-overflow -Wsign-compare -DNDEBUG -g -O3 -Wall -fPIC -D_WIN32_WINNT=1536 -DGRPC_XDS_USER_AGENT_NAME_SUFFIX=\"Python\" -DGRPC_XDS_USER_AGENT_VERSION_SUFFIX=\"1.79.0.dev0\" -DHAVE_CONFIG_H=1 -DGRPC_ENABLE_FORK_SUPPORT=1 -DGRPC_ENABLE_FORK_SUPPORT_DEFAULT=false -DGRPC_PYTHON_BUILD=1 -D__STDC_FORMAT_MACROS "-DPyMODINIT_FUNC=extern \"C\" __attribute__((visibility (\"default\"))) PyObject*" -DGRPC_POSIX_FORK_ALLOW_PTHREAD_ATFORK=1 -Isrc/python/grpcio -Iinclude -I. -Ithird_party/abseil-cpp -Ithird_party/address_sorting/include -Ithird_party/cares/cares/include -Ithird_party/cares -Ithird_party/cares/cares -Ithird_party/cares/cares/src/lib/include -Ithird_party/cares/cares/src/lib -Ithird_party/cares/config_linux -Ithird_party/re2 -Ithird_party/boringssl-with-bazel/src/include -Ithird_party/upb -Isrc/core/ext/upb-gen -Isrc/core/ext/upbdefs-gen -Ithird_party/utf8_range -Ithird_party/xxhash -Ithird_party/zlib -I/usr/local/google/home/ssreenithi/.pyenv/versions/3.12.0/envs/pyvenv_312/include -I/usr/local/google/home/ssreenithi/.pyenv/versions/3.12.0/include/python3.12 -c third_party/cares/cares/src/lib/legacy/ares_getsock.c -o pyb/temp.linux-x86_64-cpython-312/third_party/cares/cares/src/lib/legacy/ares_getsock.o -fvisibility=hidden -fno-wrapv -fno-exceptions -pthread
      g++ -fno-strict-overflow -Wsign-compare -DNDEBUG -g -O3 -Wall -fPIC -D_WIN32_WINNT=1536 -DGRPC_XDS_USER_AGENT_NAME_SUFFIX=\"Python\" -DGRPC_XDS_USER_AGENT_VERSION_SUFFIX=\"1.79.0.dev0\" -DHAVE_CONFIG_H=1 -DGRPC_ENABLE_FORK_SUPPORT=1 -DGRPC_ENABLE_FORK_SUPPORT_DEFAULT=false -DGRPC_PYTHON_BUILD=1 -D__STDC_FORMAT_MACROS "-DPyMODINIT_FUNC=extern \"C\" __attribute__((visibility (\"default\"))) PyObject*" -DGRPC_POSIX_FORK_ALLOW_PTHREAD_ATFORK=1 -Isrc/python/grpcio -Iinclude -I. -Ithird_party/abseil-cpp -Ithird_party/address_sorting/include -Ithird_party/cares/cares/include -Ithird_party/cares -Ithird_party/cares/cares -Ithird_party/cares/cares/src/lib/include -Ithird_party/cares/cares/src/lib -Ithird_party/cares/config_linux -Ithird_party/re2 -Ithird_party/boringssl-with-bazel/src/include -Ithird_party/upb -Isrc/core/ext/upb-gen -Isrc/core/ext/upbdefs-gen -Ithird_party/utf8_range -Ithird_party/xxhash -Ithird_party/zlib -I/usr/local/google/home/ssreenithi/.pyenv/versions/3.12.0/envs/pyvenv_312/include -I/usr/local/google/home/ssreenithi/.pyenv/versions/3.12.0/include/python3.12 -c third_party/boringssl-with-bazel/src/ssl/encrypted_client_hello.cc -o pyb/temp.linux-x86_64-cpython-312/third_party/boringssl-with-bazel/src/ssl/encrypted_client_hello.o -std=c++17 -fvisibility=hidden -fno-wrapv -fno-exceptions -pthread
      gcc -fno-strict-overflow -Wsign-compare -DNDEBUG -g -O3 -Wall -fPIC -D_WIN32_WINNT=1536 -DGRPC_XDS_USER_AGENT_NAME_SUFFIX=\"Python\" -DGRPC_XDS_USER_AGENT_VERSION_SUFFIX=\"1.79.0.dev0\" -DHAVE_CONFIG_H=1 -DGRPC_ENABLE_FORK_SUPPORT=1 -DGRPC_ENABLE_FORK_SUPPORT_DEFAULT=false -DGRPC_PYTHON_BUILD=1 -D__STDC_FORMAT_MACROS "-DPyMODINIT_FUNC=extern \"C\" __attribute__((visibility (\"default\"))) PyObject*" -DGRPC_POSIX_FORK_ALLOW_PTHREAD_ATFORK=1 -Isrc/python/grpcio -Iinclude -I. -Ithird_party/abseil-cpp -Ithird_party/address_sorting/include -Ithird_party/cares/cares/include -Ithird_party/cares -Ithird_party/cares/cares -Ithird_party/cares/cares/src/lib/include -Ithird_party/cares/cares/src/lib -Ithird_party/cares/config_linux -Ithird_party/re2 -Ithird_party/boringssl-with-bazel/src/include -Ithird_party/upb -Isrc/core/ext/upb-gen -Isrc/core/ext/upbdefs-gen -Ithird_party/utf8_range -Ithird_party/xxhash -Ithird_party/zlib -I/usr/local/google/home/ssreenithi/.pyenv/versions/3.12.0/envs/pyvenv_312/include -I/usr/local/google/home/ssreenithi/.pyenv/versions/3.12.0/include/python3.12 -c third_party/cares/cares/src/lib/dsa/ares_array.c -o pyb/temp.linux-x86_64-cpython-312/third_party/cares/cares/src/lib/dsa/ares_array.o -fvisibility=hidden -fno-wrapv -fno-exceptions -pthread
      g++ -fno-strict-overflow -Wsign-compare -DNDEBUG -g -O3 -Wall -fPIC -D_WIN32_WINNT=1536 -DGRPC_XDS_USER_AGENT_NAME_SUFFIX=\"Python\" -DGRPC_XDS_USER_AGENT_VERSION_SUFFIX=\"1.79.0.dev0\" -DHAVE_CONFIG_H=1 -DGRPC_ENABLE_FORK_SUPPORT=1 -DGRPC_ENABLE_FORK_SUPPORT_DEFAULT=false -DGRPC_PYTHON_BUILD=1 -D__STDC_FORMAT_MACROS "-DPyMODINIT_FUNC=extern \"C\" __attribute__((visibility (\"default\"))) PyObject*" -DGRPC_POSIX_FORK_ALLOW_PTHREAD_ATFORK=1 -Isrc/python/grpcio -Iinclude -I. -Ithird_party/abseil-cpp -Ithird_party/address_sorting/include -Ithird_party/cares/cares/include -Ithird_party/cares -Ithird_party/cares/cares -Ithird_party/cares/cares/src/lib/include -Ithird_party/cares/cares/src/lib -Ithird_party/cares/config_linux -Ithird_party/re2 -Ithird_party/boringssl-with-bazel/src/include -Ithird_party/upb -Isrc/core/ext/upb-gen -Isrc/core/ext/upbdefs-gen -Ithird_party/utf8_range -Ithird_party/xxhash -Ithird_party/zlib -I/usr/local/google/home/ssreenithi/.pyenv/versions/3.12.0/envs/pyvenv_312/include -I/usr/local/google/home/ssreenithi/.pyenv/versions/3.12.0/include/python3.12 -c third_party/boringssl-with-bazel/src/crypto/x509/v3_genn.cc -o pyb/temp.linux-x86_64-cpython-312/third_party/boringssl-with-bazel/src/crypto/x509/v3_genn.o -std=c++17 -fvisibility=hidden -fno-wrapv -fno-exceptions -pthread
      gcc -fno-strict-overflow -Wsign-compare -DNDEBUG -g -O3 -Wall -fPIC -D_WIN32_WINNT=1536 -DGRPC_XDS_USER_AGENT_NAME_SUFFIX=\"Python\" -DGRPC_XDS_USER_AGENT_VERSION_SUFFIX=\"1.79.0.dev0\" -DHAVE_CONFIG_H=1 -DGRPC_ENABLE_FORK_SUPPORT=1 -DGRPC_ENABLE_FORK_SUPPORT_DEFAULT=false -DGRPC_PYTHON_BUILD=1 -D__STDC_FORMAT_MACROS "-DPyMODINIT_FUNC=extern \"C\" __attribute__((visibility (\"default\"))) PyObject*" -DGRPC_POSIX_FORK_ALLOW_PTHREAD_ATFORK=1 -Isrc/python/grpcio -Iinclude -I. -Ithird_party/abseil-cpp -Ithird_party/address_sorting/include -Ithird_party/cares/cares/include -Ithird_party/cares -Ithird_party/cares/cares -Ithird_party/cares/cares/src/lib/include -Ithird_party/cares/cares/src/lib -Ithird_party/cares/config_linux -Ithird_party/re2 -Ithird_party/boringssl-with-bazel/src/include -Ithird_party/upb -Isrc/core/ext/upb-gen -Isrc/core/ext/upbdefs-gen -Ithird_party/utf8_range -Ithird_party/xxhash -Ithird_party/zlib -I/usr/local/google/home/ssreenithi/.pyenv/versions/3.12.0/envs/pyvenv_312/include -I/usr/local/google/home/ssreenithi/.pyenv/versions/3.12.0/include/python3.12 -c third_party/cares/cares/src/lib/event/ares_event_kqueue.c -o pyb/temp.linux-x86_64-cpython-312/third_party/cares/cares/src/lib/event/ares_event_kqueue.o -fvisibility=hidden -fno-wrapv -fno-exceptions -pthread
      gcc -fno-strict-overflow -Wsign-compare -DNDEBUG -g -O3 -Wall -fPIC -D_WIN32_WINNT=1536 -DGRPC_XDS_USER_AGENT_NAME_SUFFIX=\"Python\" -DGRPC_XDS_USER_AGENT_VERSION_SUFFIX=\"1.79.0.dev0\" -DHAVE_CONFIG_H=1 -DGRPC_ENABLE_FORK_SUPPORT=1 -DGRPC_ENABLE_FORK_SUPPORT_DEFAULT=false -DGRPC_PYTHON_BUILD=1 -D__STDC_FORMAT_MACROS "-DPyMODINIT_FUNC=extern \"C\" __attribute__((visibility (\"default\"))) PyObject*" -DGRPC_POSIX_FORK_ALLOW_PTHREAD_ATFORK=1 -Isrc/python/grpcio -Iinclude -I. -Ithird_party/abseil-cpp -Ithird_party/address_sorting/include -Ithird_party/cares/cares/include -Ithird_party/cares -Ithird_party/cares/cares -Ithird_party/cares/cares/src/lib/include -Ithird_party/cares/cares/src/lib -Ithird_party/cares/config_linux -Ithird_party/re2 -Ithird_party/boringssl-with-bazel/src/include -Ithird_party/upb -Isrc/core/ext/upb-gen -Isrc/core/ext/upbdefs-gen -Ithird_party/utf8_range -Ithird_party/xxhash -Ithird_party/zlib -I/usr/local/google/home/ssreenithi/.pyenv/versions/3.12.0/envs/pyvenv_312/include -I/usr/local/google/home/ssreenithi/.pyenv/versions/3.12.0/include/python3.12 -c third_party/cares/cares/src/lib/ares_sysconfig.c -o pyb/temp.linux-x86_64-cpython-312/third_party/cares/cares/src/lib/ares_sysconfig.o -fvisibility=hidden -fno-wrapv -fno-exceptions -pthread
      gcc -fno-strict-overflow -Wsign-compare -DNDEBUG -g -O3 -Wall -fPIC -D_WIN32_WINNT=1536 -DGRPC_XDS_USER_AGENT_NAME_SUFFIX=\"Python\" -DGRPC_XDS_USER_AGENT_VERSION_SUFFIX=\"1.79.0.dev0\" -DHAVE_CONFIG_H=1 -DGRPC_ENABLE_FORK_SUPPORT=1 -DGRPC_ENABLE_FORK_SUPPORT_DEFAULT=false -DGRPC_PYTHON_BUILD=1 -D__STDC_FORMAT_MACROS "-DPyMODINIT_FUNC=extern \"C\" __attribute__((visibility (\"default\"))) PyObject*" -DGRPC_POSIX_FORK_ALLOW_PTHREAD_ATFORK=1 -Isrc/python/grpcio -Iinclude -I. -Ithird_party/abseil-cpp -Ithird_party/address_sorting/include -Ithird_party/cares/cares/include -Ithird_party/cares -Ithird_party/cares/cares -Ithird_party/cares/cares/src/lib/include -Ithird_party/cares/cares/src/lib -Ithird_party/cares/config_linux -Ithird_party/re2 -Ithird_party/boringssl-with-bazel/src/include -Ithird_party/upb -Isrc/core/ext/upb-gen -Isrc/core/ext/upbdefs-gen -Ithird_party/utf8_range -Ithird_party/xxhash -Ithird_party/zlib -I/usr/local/google/home/ssreenithi/.pyenv/versions/3.12.0/envs/pyvenv_312/include -I/usr/local/google/home/ssreenithi/.pyenv/versions/3.12.0/include/python3.12 -c third_party/cares/cares/src/lib/record/ares_dns_multistring.c -o pyb/temp.linux-x86_64-cpython-312/third_party/cares/cares/src/lib/record/ares_dns_multistring.o -fvisibility=hidden -fno-wrapv -fno-exceptions -pthread
      gcc -fno-strict-overflow -Wsign-compare -DNDEBUG -g -O3 -Wall -fPIC -D_WIN32_WINNT=1536 -DGRPC_XDS_USER_AGENT_NAME_SUFFIX=\"Python\" -DGRPC_XDS_USER_AGENT_VERSION_SUFFIX=\"1.79.0.dev0\" -DHAVE_CONFIG_H=1 -DGRPC_ENABLE_FORK_SUPPORT=1 -DGRPC_ENABLE_FORK_SUPPORT_DEFAULT=false -DGRPC_PYTHON_BUILD=1 -D__STDC_FORMAT_MACROS "-DPyMODINIT_FUNC=extern \"C\" __attribute__((visibility (\"default\"))) PyObject*" -DGRPC_POSIX_FORK_ALLOW_PTHREAD_ATFORK=1 -Isrc/python/grpcio -Iinclude -I. -Ithird_party/abseil-cpp -Ithird_party/address_sorting/include -Ithird_party/cares/cares/include -Ithird_party/cares -Ithird_party/cares/cares -Ithird_party/cares/cares/src/lib/include -Ithird_party/cares/cares/src/lib -Ithird_party/cares/config_linux -Ithird_party/re2 -Ithird_party/boringssl-with-bazel/src/include -Ithird_party/upb -Isrc/core/ext/upb-gen -Isrc/core/ext/upbdefs-gen -Ithird_party/utf8_range -Ithird_party/xxhash -Ithird_party/zlib -I/usr/local/google/home/ssreenithi/.pyenv/versions/3.12.0/envs/pyvenv_312/include -I/usr/local/google/home/ssreenithi/.pyenv/versions/3.12.0/include/python3.12 -c third_party/cares/cares/src/lib/legacy/ares_parse_ptr_reply.c -o pyb/temp.linux-x86_64-cpython-312/third_party/cares/cares/src/lib/legacy/ares_parse_ptr_reply.o -fvisibility=hidden -fno-wrapv -fno-exceptions -pthread
      gcc -fno-strict-overflow -Wsign-compare -DNDEBUG -g -O3 -Wall -fPIC -D_WIN32_WINNT=1536 -DGRPC_XDS_USER_AGENT_NAME_SUFFIX=\"Python\" -DGRPC_XDS_USER_AGENT_VERSION_SUFFIX=\"1.79.0.dev0\" -DHAVE_CONFIG_H=1 -DGRPC_ENABLE_FORK_SUPPORT=1 -DGRPC_ENABLE_FORK_SUPPORT_DEFAULT=false -DGRPC_PYTHON_BUILD=1 -D__STDC_FORMAT_MACROS "-DPyMODINIT_FUNC=extern \"C\" __attribute__((visibility (\"default\"))) PyObject*" -DGRPC_POSIX_FORK_ALLOW_PTHREAD_ATFORK=1 -Isrc/python/grpcio -Iinclude -I. -Ithird_party/abseil-cpp -Ithird_party/address_sorting/include -Ithird_party/cares/cares/include -Ithird_party/cares -Ithird_party/cares/cares -Ithird_party/cares/cares/src/lib/include -Ithird_party/cares/cares/src/lib -Ithird_party/cares/config_linux -Ithird_party/re2 -Ithird_party/boringssl-with-bazel/src/include -Ithird_party/upb -Isrc/core/ext/upb-gen -Isrc/core/ext/upbdefs-gen -Ithird_party/utf8_range -Ithird_party/xxhash -Ithird_party/zlib -I/usr/local/google/home/ssreenithi/.pyenv/versions/3.12.0/envs/pyvenv_312/include -I/usr/local/google/home/ssreenithi/.pyenv/versions/3.12.0/include/python3.12 -c third_party/cares/cares/src/lib/legacy/ares_parse_a_reply.c -o pyb/temp.linux-x86_64-cpython-312/third_party/cares/cares/src/lib/legacy/ares_parse_a_reply.o -fvisibility=hidden -fno-wrapv -fno-exceptions -pthread
      gcc -fno-strict-overflow -Wsign-compare -DNDEBUG -g -O3 -Wall -fPIC -D_WIN32_WINNT=1536 -DGRPC_XDS_USER_AGENT_NAME_SUFFIX=\"Python\" -DGRPC_XDS_USER_AGENT_VERSION_SUFFIX=\"1.79.0.dev0\" -DHAVE_CONFIG_H=1 -DGRPC_ENABLE_FORK_SUPPORT=1 -DGRPC_ENABLE_FORK_SUPPORT_DEFAULT=false -DGRPC_PYTHON_BUILD=1 -D__STDC_FORMAT_MACROS "-DPyMODINIT_FUNC=extern \"C\" __attribute__((visibility (\"default\"))) PyObject*" -DGRPC_POSIX_FORK_ALLOW_PTHREAD_ATFORK=1 -Isrc/python/grpcio -Iinclude -I. -Ithird_party/abseil-cpp -Ithird_party/address_sorting/include -Ithird_party/cares/cares/include -Ithird_party/cares -Ithird_party/cares/cares -Ithird_party/cares/cares/src/lib/include -Ithird_party/cares/cares/src/lib -Ithird_party/cares/config_linux -Ithird_party/re2 -Ithird_party/boringssl-with-bazel/src/include -Ithird_party/upb -Isrc/core/ext/upb-gen -Isrc/core/ext/upbdefs-gen -Ithird_party/utf8_range -Ithird_party/xxhash -Ithird_party/zlib -I/usr/local/google/home/ssreenithi/.pyenv/versions/3.12.0/envs/pyvenv_312/include -I/usr/local/google/home/ssreenithi/.pyenv/versions/3.12.0/include/python3.12 -c third_party/cares/cares/src/lib/event/ares_event_poll.c -o pyb/temp.linux-x86_64-cpython-312/third_party/cares/cares/src/lib/event/ares_event_poll.o -fvisibility=hidden -fno-wrapv -fno-exceptions -pthread
      g++ -fno-strict-overflow -Wsign-compare -DNDEBUG -g -O3 -Wall -fPIC -D_WIN32_WINNT=1536 -DGRPC_XDS_USER_AGENT_NAME_SUFFIX=\"Python\" -DGRPC_XDS_USER_AGENT_VERSION_SUFFIX=\"1.79.0.dev0\" -DHAVE_CONFIG_H=1 -DGRPC_ENABLE_FORK_SUPPORT=1 -DGRPC_ENABLE_FORK_SUPPORT_DEFAULT=false -DGRPC_PYTHON_BUILD=1 -D__STDC_FORMAT_MACROS "-DPyMODINIT_FUNC=extern \"C\" __attribute__((visibility (\"default\"))) PyObject*" -DGRPC_POSIX_FORK_ALLOW_PTHREAD_ATFORK=1 -Isrc/python/grpcio -Iinclude -I. -Ithird_party/abseil-cpp -Ithird_party/address_sorting/include -Ithird_party/cares/cares/include -Ithird_party/cares -Ithird_party/cares/cares -Ithird_party/cares/cares/src/lib/include -Ithird_party/cares/cares/src/lib -Ithird_party/cares/config_linux -Ithird_party/re2 -Ithird_party/boringssl-with-bazel/src/include -Ithird_party/upb -Isrc/core/ext/upb-gen -Isrc/core/ext/upbdefs-gen -Ithird_party/utf8_range -Ithird_party/xxhash -Ithird_party/zlib -I/usr/local/google/home/ssreenithi/.pyenv/versions/3.12.0/envs/pyvenv_312/include -I/usr/local/google/home/ssreenithi/.pyenv/versions/3.12.0/include/python3.12 -c third_party/boringssl-with-bazel/src/crypto/x509/x_spki.cc -o pyb/temp.linux-x86_64-cpython-312/third_party/boringssl-with-bazel/src/crypto/x509/x_spki.o -std=c++17 -fvisibility=hidden -fno-wrapv -fno-exceptions -pthread
      gcc -fno-strict-overflow -Wsign-compare -DNDEBUG -g -O3 -Wall -fPIC -D_WIN32_WINNT=1536 -DGRPC_XDS_USER_AGENT_NAME_SUFFIX=\"Python\" -DGRPC_XDS_USER_AGENT_VERSION_SUFFIX=\"1.79.0.dev0\" -DHAVE_CONFIG_H=1 -DGRPC_ENABLE_FORK_SUPPORT=1 -DGRPC_ENABLE_FORK_SUPPORT_DEFAULT=false -DGRPC_PYTHON_BUILD=1 -D__STDC_FORMAT_MACROS "-DPyMODINIT_FUNC=extern \"C\" __attribute__((visibility (\"default\"))) PyObject*" -DGRPC_POSIX_FORK_ALLOW_PTHREAD_ATFORK=1 -Isrc/python/grpcio -Iinclude -I. -Ithird_party/abseil-cpp -Ithird_party/address_sorting/include -Ithird_party/cares/cares/include -Ithird_party/cares -Ithird_party/cares/cares -Ithird_party/cares/cares/src/lib/include -Ithird_party/cares/cares/src/lib -Ithird_party/cares/config_linux -Ithird_party/re2 -Ithird_party/boringssl-with-bazel/src/include -Ithird_party/upb -Isrc/core/ext/upb-gen -Isrc/core/ext/upbdefs-gen -Ithird_party/utf8_range -Ithird_party/xxhash -Ithird_party/zlib -I/usr/local/google/home/ssreenithi/.pyenv/versions/3.12.0/envs/pyvenv_312/include -I/usr/local/google/home/ssreenithi/.pyenv/versions/3.12.0/include/python3.12 -c third_party/cares/cares/src/lib/str/ares_strsplit.c -o pyb/temp.linux-x86_64-cpython-312/third_party/cares/cares/src/lib/str/ares_strsplit.o -fvisibility=hidden -fno-wrapv -fno-exceptions -pthread
      g++ -fno-strict-overflow -Wsign-compare -DNDEBUG -g -O3 -Wall -fPIC -D_WIN32_WINNT=1536 -DGRPC_XDS_USER_AGENT_NAME_SUFFIX=\"Python\" -DGRPC_XDS_USER_AGENT_VERSION_SUFFIX=\"1.79.0.dev0\" -DHAVE_CONFIG_H=1 -DGRPC_ENABLE_FORK_SUPPORT=1 -DGRPC_ENABLE_FORK_SUPPORT_DEFAULT=false -DGRPC_PYTHON_BUILD=1 -D__STDC_FORMAT_MACROS "-DPyMODINIT_FUNC=extern \"C\" __attribute__((visibility (\"default\"))) PyObject*" -DGRPC_POSIX_FORK_ALLOW_PTHREAD_ATFORK=1 -Isrc/python/grpcio -Iinclude -I. -Ithird_party/abseil-cpp -Ithird_party/address_sorting/include -Ithird_party/cares/cares/include -Ithird_party/cares -Ithird_party/cares/cares -Ithird_party/cares/cares/src/lib/include -Ithird_party/cares/cares/src/lib -Ithird_party/cares/config_linux -Ithird_party/re2 -Ithird_party/boringssl-with-bazel/src/include -Ithird_party/upb -Isrc/core/ext/upb-gen -Isrc/core/ext/upbdefs-gen -Ithird_party/utf8_range -Ithird_party/xxhash -Ithird_party/zlib -I/usr/local/google/home/ssreenithi/.pyenv/versions/3.12.0/envs/pyvenv_312/include -I/usr/local/google/home/ssreenithi/.pyenv/versions/3.12.0/include/python3.12 -c third_party/boringssl-with-bazel/src/crypto/x509/x_attrib.cc -o pyb/temp.linux-x86_64-cpython-312/third_party/boringssl-with-bazel/src/crypto/x509/x_attrib.o -std=c++17 -fvisibility=hidden -fno-wrapv -fno-exceptions -pthread
      g++ -fno-strict-overflow -Wsign-compare -DNDEBUG -g -O3 -Wall -fPIC -D_WIN32_WINNT=1536 -DGRPC_XDS_USER_AGENT_NAME_SUFFIX=\"Python\" -DGRPC_XDS_USER_AGENT_VERSION_SUFFIX=\"1.79.0.dev0\" -DHAVE_CONFIG_H=1 -DGRPC_ENABLE_FORK_SUPPORT=1 -DGRPC_ENABLE_FORK_SUPPORT_DEFAULT=false -DGRPC_PYTHON_BUILD=1 -D__STDC_FORMAT_MACROS "-DPyMODINIT_FUNC=extern \"C\" __attribute__((visibility (\"default\"))) PyObject*" -DGRPC_POSIX_FORK_ALLOW_PTHREAD_ATFORK=1 -Isrc/python/grpcio -Iinclude -I. -Ithird_party/abseil-cpp -Ithird_party/address_sorting/include -Ithird_party/cares/cares/include -Ithird_party/cares -Ithird_party/cares/cares -Ithird_party/cares/cares/src/lib/include -Ithird_party/cares/cares/src/lib -Ithird_party/cares/config_linux -Ithird_party/re2 -Ithird_party/boringssl-with-bazel/src/include -Ithird_party/upb -Isrc/core/ext/upb-gen -Isrc/core/ext/upbdefs-gen -Ithird_party/utf8_range -Ithird_party/xxhash -Ithird_party/zlib -I/usr/local/google/home/ssreenithi/.pyenv/versions/3.12.0/envs/pyvenv_312/include -I/usr/local/google/home/ssreenithi/.pyenv/versions/3.12.0/include/python3.12 -c third_party/boringssl-with-bazel/src/ssl/tls13_server.cc -o pyb/temp.linux-x86_64-cpython-312/third_party/boringssl-with-bazel/src/ssl/tls13_server.o -std=c++17 -fvisibility=hidden -fno-wrapv -fno-exceptions -pthread
      gcc -fno-strict-overflow -Wsign-compare -DNDEBUG -g -O3 -Wall -fPIC -D_WIN32_WINNT=1536 -DGRPC_XDS_USER_AGENT_NAME_SUFFIX=\"Python\" -DGRPC_XDS_USER_AGENT_VERSION_SUFFIX=\"1.79.0.dev0\" -DHAVE_CONFIG_H=1 -DGRPC_ENABLE_FORK_SUPPORT=1 -DGRPC_ENABLE_FORK_SUPPORT_DEFAULT=false -DGRPC_PYTHON_BUILD=1 -D__STDC_FORMAT_MACROS "-DPyMODINIT_FUNC=extern \"C\" __attribute__((visibility (\"default\"))) PyObject*" -DGRPC_POSIX_FORK_ALLOW_PTHREAD_ATFORK=1 -Isrc/python/grpcio -Iinclude -I. -Ithird_party/abseil-cpp -Ithird_party/address_sorting/include -Ithird_party/cares/cares/include -Ithird_party/cares -Ithird_party/cares/cares -Ithird_party/cares/cares/src/lib/include -Ithird_party/cares/cares/src/lib -Ithird_party/cares/config_linux -Ithird_party/re2 -Ithird_party/boringssl-with-bazel/src/include -Ithird_party/upb -Isrc/core/ext/upb-gen -Isrc/core/ext/upbdefs-gen -Ithird_party/utf8_range -Ithird_party/xxhash -Ithird_party/zlib -I/usr/local/google/home/ssreenithi/.pyenv/versions/3.12.0/envs/pyvenv_312/include -I/usr/local/google/home/ssreenithi/.pyenv/versions/3.12.0/include/python3.12 -c third_party/cares/cares/src/lib/windows_port.c -o pyb/temp.linux-x86_64-cpython-312/third_party/cares/cares/src/lib/windows_port.o -fvisibility=hidden -fno-wrapv -fno-exceptions -pthread
      g++ -fno-strict-overflow -Wsign-compare -DNDEBUG -g -O3 -Wall -fPIC -D_WIN32_WINNT=1536 -DGRPC_XDS_USER_AGENT_NAME_SUFFIX=\"Python\" -DGRPC_XDS_USER_AGENT_VERSION_SUFFIX=\"1.79.0.dev0\" -DHAVE_CONFIG_H=1 -DGRPC_ENABLE_FORK_SUPPORT=1 -DGRPC_ENABLE_FORK_SUPPORT_DEFAULT=false -DGRPC_PYTHON_BUILD=1 -D__STDC_FORMAT_MACROS "-DPyMODINIT_FUNC=extern \"C\" __attribute__((visibility (\"default\"))) PyObject*" -DGRPC_POSIX_FORK_ALLOW_PTHREAD_ATFORK=1 -Isrc/python/grpcio -Iinclude -I. -Ithird_party/abseil-cpp -Ithird_party/address_sorting/include -Ithird_party/cares/cares/include -Ithird_party/cares -Ithird_party/cares/cares -Ithird_party/cares/cares/src/lib/include -Ithird_party/cares/cares/src/lib -Ithird_party/cares/config_linux -Ithird_party/re2 -Ithird_party/boringssl-with-bazel/src/include -Ithird_party/upb -Isrc/core/ext/upb-gen -Isrc/core/ext/upbdefs-gen -Ithird_party/utf8_range -Ithird_party/xxhash -Ithird_party/zlib -I/usr/local/google/home/ssreenithi/.pyenv/versions/3.12.0/envs/pyvenv_312/include -I/usr/local/google/home/ssreenithi/.pyenv/versions/3.12.0/include/python3.12 -c third_party/re2/re2/onepass.cc -o pyb/temp.linux-x86_64-cpython-312/third_party/re2/re2/onepass.o -std=c++17 -fvisibility=hidden -fno-wrapv -fno-exceptions -pthread
      gcc -fno-strict-overflow -Wsign-compare -DNDEBUG -g -O3 -Wall -fPIC -D_WIN32_WINNT=1536 -DGRPC_XDS_USER_AGENT_NAME_SUFFIX=\"Python\" -DGRPC_XDS_USER_AGENT_VERSION_SUFFIX=\"1.79.0.dev0\" -DHAVE_CONFIG_H=1 -DGRPC_ENABLE_FORK_SUPPORT=1 -DGRPC_ENABLE_FORK_SUPPORT_DEFAULT=false -DGRPC_PYTHON_BUILD=1 -D__STDC_FORMAT_MACROS "-DPyMODINIT_FUNC=extern \"C\" __attribute__((visibility (\"default\"))) PyObject*" -DGRPC_POSIX_FORK_ALLOW_PTHREAD_ATFORK=1 -Isrc/python/grpcio -Iinclude -I. -Ithird_party/abseil-cpp -Ithird_party/address_sorting/include -Ithird_party/cares/cares/include -Ithird_party/cares -Ithird_party/cares/cares -Ithird_party/cares/cares/src/lib/include -Ithird_party/cares/cares/src/lib -Ithird_party/cares/config_linux -Ithird_party/re2 -Ithird_party/boringssl-with-bazel/src/include -Ithird_party/upb -Isrc/core/ext/upb-gen -Isrc/core/ext/upbdefs-gen -Ithird_party/utf8_range -Ithird_party/xxhash -Ithird_party/zlib -I/usr/local/google/home/ssreenithi/.pyenv/versions/3.12.0/envs/pyvenv_312/include -I/usr/local/google/home/ssreenithi/.pyenv/versions/3.12.0/include/python3.12 -c third_party/cares/cares/src/lib/ares_library_init.c -o pyb/temp.linux-x86_64-cpython-312/third_party/cares/cares/src/lib/ares_library_init.o -fvisibility=hidden -fno-wrapv -fno-exceptions -pthread
      gcc -fno-strict-overflow -Wsign-compare -DNDEBUG -g -O3 -Wall -fPIC -D_WIN32_WINNT=1536 -DGRPC_XDS_USER_AGENT_NAME_SUFFIX=\"Python\" -DGRPC_XDS_USER_AGENT_VERSION_SUFFIX=\"1.79.0.dev0\" -DHAVE_CONFIG_H=1 -DGRPC_ENABLE_FORK_SUPPORT=1 -DGRPC_ENABLE_FORK_SUPPORT_DEFAULT=false -DGRPC_PYTHON_BUILD=1 -D__STDC_FORMAT_MACROS "-DPyMODINIT_FUNC=extern \"C\" __attribute__((visibility (\"default\"))) PyObject*" -DGRPC_POSIX_FORK_ALLOW_PTHREAD_ATFORK=1 -Isrc/python/grpcio -Iinclude -I. -Ithird_party/abseil-cpp -Ithird_party/address_sorting/include -Ithird_party/cares/cares/include -Ithird_party/cares -Ithird_party/cares/cares -Ithird_party/cares/cares/src/lib/include -Ithird_party/cares/cares/src/lib -Ithird_party/cares/config_linux -Ithird_party/re2 -Ithird_party/boringssl-with-bazel/src/include -Ithird_party/upb -Isrc/core/ext/upb-gen -Isrc/core/ext/upbdefs-gen -Ithird_party/utf8_range -Ithird_party/xxhash -Ithird_party/zlib -I/usr/local/google/home/ssreenithi/.pyenv/versions/3.12.0/envs/pyvenv_312/include -I/usr/local/google/home/ssreenithi/.pyenv/versions/3.12.0/include/python3.12 -c third_party/cares/cares/src/lib/inet_ntop.c -o pyb/temp.linux-x86_64-cpython-312/third_party/cares/cares/src/lib/inet_ntop.o -fvisibility=hidden -fno-wrapv -fno-exceptions -pthread
      gcc -fno-strict-overflow -Wsign-compare -DNDEBUG -g -O3 -Wall -fPIC -D_WIN32_WINNT=1536 -DGRPC_XDS_USER_AGENT_NAME_SUFFIX=\"Python\" -DGRPC_XDS_USER_AGENT_VERSION_SUFFIX=\"1.79.0.dev0\" -DHAVE_CONFIG_H=1 -DGRPC_ENABLE_FORK_SUPPORT=1 -DGRPC_ENABLE_FORK_SUPPORT_DEFAULT=false -DGRPC_PYTHON_BUILD=1 -D__STDC_FORMAT_MACROS "-DPyMODINIT_FUNC=extern \"C\" __attribute__((visibility (\"default\"))) PyObject*" -DGRPC_POSIX_FORK_ALLOW_PTHREAD_ATFORK=1 -Isrc/python/grpcio -Iinclude -I. -Ithird_party/abseil-cpp -Ithird_party/address_sorting/include -Ithird_party/cares/cares/include -Ithird_party/cares -Ithird_party/cares/cares -Ithird_party/cares/cares/src/lib/include -Ithird_party/cares/cares/src/lib -Ithird_party/cares/config_linux -Ithird_party/re2 -Ithird_party/boringssl-with-bazel/src/include -Ithird_party/upb -Isrc/core/ext/upb-gen -Isrc/core/ext/upbdefs-gen -Ithird_party/utf8_range -Ithird_party/xxhash -Ithird_party/zlib -I/usr/local/google/home/ssreenithi/.pyenv/versions/3.12.0/envs/pyvenv_312/include -I/usr/local/google/home/ssreenithi/.pyenv/versions/3.12.0/include/python3.12 -c third_party/cares/cares/src/lib/ares_qcache.c -o pyb/temp.linux-x86_64-cpython-312/third_party/cares/cares/src/lib/ares_qcache.o -fvisibility=hidden -fno-wrapv -fno-exceptions -pthread
      g++ -fno-strict-overflow -Wsign-compare -DNDEBUG -g -O3 -Wall -fPIC -D_WIN32_WINNT=1536 -DGRPC_XDS_USER_AGENT_NAME_SUFFIX=\"Python\" -DGRPC_XDS_USER_AGENT_VERSION_SUFFIX=\"1.79.0.dev0\" -DHAVE_CONFIG_H=1 -DGRPC_ENABLE_FORK_SUPPORT=1 -DGRPC_ENABLE_FORK_SUPPORT_DEFAULT=false -DGRPC_PYTHON_BUILD=1 -D__STDC_FORMAT_MACROS "-DPyMODINIT_FUNC=extern \"C\" __attribute__((visibility (\"default\"))) PyObject*" -DGRPC_POSIX_FORK_ALLOW_PTHREAD_ATFORK=1 -Isrc/python/grpcio -Iinclude -I. -Ithird_party/abseil-cpp -Ithird_party/address_sorting/include -Ithird_party/cares/cares/include -Ithird_party/cares -Ithird_party/cares/cares -Ithird_party/cares/cares/src/lib/include -Ithird_party/cares/cares/src/lib -Ithird_party/cares/config_linux -Ithird_party/re2 -Ithird_party/boringssl-with-bazel/src/include -Ithird_party/upb -Isrc/core/ext/upb-gen -Isrc/core/ext/upbdefs-gen -Ithird_party/utf8_range -Ithird_party/xxhash -Ithird_party/zlib -I/usr/local/google/home/ssreenithi/.pyenv/versions/3.12.0/envs/pyvenv_312/include -I/usr/local/google/home/ssreenithi/.pyenv/versions/3.12.0/include/python3.12 -c third_party/boringssl-with-bazel/src/crypto/x509/x509_att.cc -o pyb/temp.linux-x86_64-cpython-312/third_party/boringssl-with-bazel/src/crypto/x509/x509_att.o -std=c++17 -fvisibility=hidden -fno-wrapv -fno-exceptions -pthread
      gcc -fno-strict-overflow -Wsign-compare -DNDEBUG -g -O3 -Wall -fPIC -D_WIN32_WINNT=1536 -DGRPC_XDS_USER_AGENT_NAME_SUFFIX=\"Python\" -DGRPC_XDS_USER_AGENT_VERSION_SUFFIX=\"1.79.0.dev0\" -DHAVE_CONFIG_H=1 -DGRPC_ENABLE_FORK_SUPPORT=1 -DGRPC_ENABLE_FORK_SUPPORT_DEFAULT=false -DGRPC_PYTHON_BUILD=1 -D__STDC_FORMAT_MACROS "-DPyMODINIT_FUNC=extern \"C\" __attribute__((visibility (\"default\"))) PyObject*" -DGRPC_POSIX_FORK_ALLOW_PTHREAD_ATFORK=1 -Isrc/python/grpcio -Iinclude -I. -Ithird_party/abseil-cpp -Ithird_party/address_sorting/include -Ithird_party/cares/cares/include -Ithird_party/cares -Ithird_party/cares/cares -Ithird_party/cares/cares/src/lib/include -Ithird_party/cares/cares/src/lib -Ithird_party/cares/config_linux -Ithird_party/re2 -Ithird_party/boringssl-with-bazel/src/include -Ithird_party/upb -Isrc/core/ext/upb-gen -Isrc/core/ext/upbdefs-gen -Ithird_party/utf8_range -Ithird_party/xxhash -Ithird_party/zlib -I/usr/local/google/home/ssreenithi/.pyenv/versions/3.12.0/envs/pyvenv_312/include -I/usr/local/google/home/ssreenithi/.pyenv/versions/3.12.0/include/python3.12 -c third_party/cares/cares/src/lib/dsa/ares_htable.c -o pyb/temp.linux-x86_64-cpython-312/third_party/cares/cares/src/lib/dsa/ares_htable.o -fvisibility=hidden -fno-wrapv -fno-exceptions -pthread
      gcc -fno-strict-overflow -Wsign-compare -DNDEBUG -g -O3 -Wall -fPIC -D_WIN32_WINNT=1536 -DGRPC_XDS_USER_AGENT_NAME_SUFFIX=\"Python\" -DGRPC_XDS_USER_AGENT_VERSION_SUFFIX=\"1.79.0.dev0\" -DHAVE_CONFIG_H=1 -DGRPC_ENABLE_FORK_SUPPORT=1 -DGRPC_ENABLE_FORK_SUPPORT_DEFAULT=false -DGRPC_PYTHON_BUILD=1 -D__STDC_FORMAT_MACROS "-DPyMODINIT_FUNC=extern \"C\" __attribute__((visibility (\"default\"))) PyObject*" -DGRPC_POSIX_FORK_ALLOW_PTHREAD_ATFORK=1 -Isrc/python/grpcio -Iinclude -I. -Ithird_party/abseil-cpp -Ithird_party/address_sorting/include -Ithird_party/cares/cares/include -Ithird_party/cares -Ithird_party/cares/cares -Ithird_party/cares/cares/src/lib/include -Ithird_party/cares/cares/src/lib -Ithird_party/cares/config_linux -Ithird_party/re2 -Ithird_party/boringssl-with-bazel/src/include -Ithird_party/upb -Isrc/core/ext/upb-gen -Isrc/core/ext/upbdefs-gen -Ithird_party/utf8_range -Ithird_party/xxhash -Ithird_party/zlib -I/usr/local/google/home/ssreenithi/.pyenv/versions/3.12.0/envs/pyvenv_312/include -I/usr/local/google/home/ssreenithi/.pyenv/versions/3.12.0/include/python3.12 -c third_party/cares/cares/src/lib/ares_sysconfig_files.c -o pyb/temp.linux-x86_64-cpython-312/third_party/cares/cares/src/lib/ares_sysconfig_files.o -fvisibility=hidden -fno-wrapv -fno-exceptions -pthread
      g++ -fno-strict-overflow -Wsign-compare -DNDEBUG -g -O3 -Wall -fPIC -D_WIN32_WINNT=1536 -DGRPC_XDS_USER_AGENT_NAME_SUFFIX=\"Python\" -DGRPC_XDS_USER_AGENT_VERSION_SUFFIX=\"1.79.0.dev0\" -DHAVE_CONFIG_H=1 -DGRPC_ENABLE_FORK_SUPPORT=1 -DGRPC_ENABLE_FORK_SUPPORT_DEFAULT=false -DGRPC_PYTHON_BUILD=1 -D__STDC_FORMAT_MACROS "-DPyMODINIT_FUNC=extern \"C\" __attribute__((visibility (\"default\"))) PyObject*" -DGRPC_POSIX_FORK_ALLOW_PTHREAD_ATFORK=1 -Isrc/python/grpcio -Iinclude -I. -Ithird_party/abseil-cpp -Ithird_party/address_sorting/include -Ithird_party/cares/cares/include -Ithird_party/cares -Ithird_party/cares/cares -Ithird_party/cares/cares/src/lib/include -Ithird_party/cares/cares/src/lib -Ithird_party/cares/config_linux -Ithird_party/re2 -Ithird_party/boringssl-with-bazel/src/include -Ithird_party/upb -Isrc/core/ext/upb-gen -Isrc/core/ext/upbdefs-gen -Ithird_party/utf8_range -Ithird_party/xxhash -Ithird_party/zlib -I/usr/local/google/home/ssreenithi/.pyenv/versions/3.12.0/envs/pyvenv_312/include -I/usr/local/google/home/ssreenithi/.pyenv/versions/3.12.0/include/python3.12 -c third_party/boringssl-with-bazel/src/ssl/ssl_credential.cc -o pyb/temp.linux-x86_64-cpython-312/third_party/boringssl-with-bazel/src/ssl/ssl_credential.o -std=c++17 -fvisibility=hidden -fno-wrapv -fno-exceptions -pthread
      gcc -fno-strict-overflow -Wsign-compare -DNDEBUG -g -O3 -Wall -fPIC -D_WIN32_WINNT=1536 -DGRPC_XDS_USER_AGENT_NAME_SUFFIX=\"Python\" -DGRPC_XDS_USER_AGENT_VERSION_SUFFIX=\"1.79.0.dev0\" -DHAVE_CONFIG_H=1 -DGRPC_ENABLE_FORK_SUPPORT=1 -DGRPC_ENABLE_FORK_SUPPORT_DEFAULT=false -DGRPC_PYTHON_BUILD=1 -D__STDC_FORMAT_MACROS "-DPyMODINIT_FUNC=extern \"C\" __attribute__((visibility (\"default\"))) PyObject*" -DGRPC_POSIX_FORK_ALLOW_PTHREAD_ATFORK=1 -Isrc/python/grpcio -Iinclude -I. -Ithird_party/abseil-cpp -Ithird_party/address_sorting/include -Ithird_party/cares/cares/include -Ithird_party/cares -Ithird_party/cares/cares -Ithird_party/cares/cares/src/lib/include -Ithird_party/cares/cares/src/lib -Ithird_party/cares/config_linux -Ithird_party/re2 -Ithird_party/boringssl-with-bazel/src/include -Ithird_party/upb -Isrc/core/ext/upb-gen -Isrc/core/ext/upbdefs-gen -Ithird_party/utf8_range -Ithird_party/xxhash -Ithird_party/zlib -I/usr/local/google/home/ssreenithi/.pyenv/versions/3.12.0/envs/pyvenv_312/include -I/usr/local/google/home/ssreenithi/.pyenv/versions/3.12.0/include/python3.12 -c third_party/cares/cares/src/lib/event/ares_event_select.c -o pyb/temp.linux-x86_64-cpython-312/third_party/cares/cares/src/lib/event/ares_event_select.o -fvisibility=hidden -fno-wrapv -fno-exceptions -pthread
      g++ -fno-strict-overflow -Wsign-compare -DNDEBUG -g -O3 -Wall -fPIC -D_WIN32_WINNT=1536 -DGRPC_XDS_USER_AGENT_NAME_SUFFIX=\"Python\" -DGRPC_XDS_USER_AGENT_VERSION_SUFFIX=\"1.79.0.dev0\" -DHAVE_CONFIG_H=1 -DGRPC_ENABLE_FORK_SUPPORT=1 -DGRPC_ENABLE_FORK_SUPPORT_DEFAULT=false -DGRPC_PYTHON_BUILD=1 -D__STDC_FORMAT_MACROS "-DPyMODINIT_FUNC=extern \"C\" __attribute__((visibility (\"default\"))) PyObject*" -DGRPC_POSIX_FORK_ALLOW_PTHREAD_ATFORK=1 -Isrc/python/grpcio -Iinclude -I. -Ithird_party/abseil-cpp -Ithird_party/address_sorting/include -Ithird_party/cares/cares/include -Ithird_party/cares -Ithird_party/cares/cares -Ithird_party/cares/cares/src/lib/include -Ithird_party/cares/cares/src/lib -Ithird_party/cares/config_linux -Ithird_party/re2 -Ithird_party/boringssl-with-bazel/src/include -Ithird_party/upb -Isrc/core/ext/upb-gen -Isrc/core/ext/upbdefs-gen -Ithird_party/utf8_range -Ithird_party/xxhash -Ithird_party/zlib -I/usr/local/google/home/ssreenithi/.pyenv/versions/3.12.0/envs/pyvenv_312/include -I/usr/local/google/home/ssreenithi/.pyenv/versions/3.12.0/include/python3.12 -c third_party/re2/re2/regexp.cc -o pyb/temp.linux-x86_64-cpython-312/third_party/re2/re2/regexp.o -std=c++17 -fvisibility=hidden -fno-wrapv -fno-exceptions -pthread
      g++ -fno-strict-overflow -Wsign-compare -DNDEBUG -g -O3 -Wall -fPIC -D_WIN32_WINNT=1536 -DGRPC_XDS_USER_AGENT_NAME_SUFFIX=\"Python\" -DGRPC_XDS_USER_AGENT_VERSION_SUFFIX=\"1.79.0.dev0\" -DHAVE_CONFIG_H=1 -DGRPC_ENABLE_FORK_SUPPORT=1 -DGRPC_ENABLE_FORK_SUPPORT_DEFAULT=false -DGRPC_PYTHON_BUILD=1 -D__STDC_FORMAT_MACROS "-DPyMODINIT_FUNC=extern \"C\" __attribute__((visibility (\"default\"))) PyObject*" -DGRPC_POSIX_FORK_ALLOW_PTHREAD_ATFORK=1 -Isrc/python/grpcio -Iinclude -I. -Ithird_party/abseil-cpp -Ithird_party/address_sorting/include -Ithird_party/cares/cares/include -Ithird_party/cares -Ithird_party/cares/cares -Ithird_party/cares/cares/src/lib/include -Ithird_party/cares/cares/src/lib -Ithird_party/cares/config_linux -Ithird_party/re2 -Ithird_party/boringssl-with-bazel/src/include -Ithird_party/upb -Isrc/core/ext/upb-gen -Isrc/core/ext/upbdefs-gen -Ithird_party/utf8_range -Ithird_party/xxhash -Ithird_party/zlib -I/usr/local/google/home/ssreenithi/.pyenv/versions/3.12.0/envs/pyvenv_312/include -I/usr/local/google/home/ssreenithi/.pyenv/versions/3.12.0/include/python3.12 -c third_party/boringssl-with-bazel/src/crypto/mem.cc -o pyb/temp.linux-x86_64-cpython-312/third_party/boringssl-with-bazel/src/crypto/mem.o -std=c++17 -fvisibility=hidden -fno-wrapv -fno-exceptions -pthread
      gcc -fno-strict-overflow -Wsign-compare -DNDEBUG -g -O3 -Wall -fPIC -D_WIN32_WINNT=1536 -DGRPC_XDS_USER_AGENT_NAME_SUFFIX=\"Python\" -DGRPC_XDS_USER_AGENT_VERSION_SUFFIX=\"1.79.0.dev0\" -DHAVE_CONFIG_H=1 -DGRPC_ENABLE_FORK_SUPPORT=1 -DGRPC_ENABLE_FORK_SUPPORT_DEFAULT=false -DGRPC_PYTHON_BUILD=1 -D__STDC_FORMAT_MACROS "-DPyMODINIT_FUNC=extern \"C\" __attribute__((visibility (\"default\"))) PyObject*" -DGRPC_POSIX_FORK_ALLOW_PTHREAD_ATFORK=1 -Isrc/python/grpcio -Iinclude -I. -Ithird_party/abseil-cpp -Ithird_party/address_sorting/include -Ithird_party/cares/cares/include -Ithird_party/cares -Ithird_party/cares/cares -Ithird_party/cares/cares/src/lib/include -Ithird_party/cares/cares/src/lib -Ithird_party/cares/config_linux -Ithird_party/re2 -Ithird_party/boringssl-with-bazel/src/include -Ithird_party/upb -Isrc/core/ext/upb-gen -Isrc/core/ext/upbdefs-gen -Ithird_party/utf8_range -Ithird_party/xxhash -Ithird_party/zlib -I/usr/local/google/home/ssreenithi/.pyenv/versions/3.12.0/envs/pyvenv_312/include -I/usr/local/google/home/ssreenithi/.pyenv/versions/3.12.0/include/python3.12 -c third_party/cares/cares/src/lib/legacy/ares_parse_soa_reply.c -o pyb/temp.linux-x86_64-cpython-312/third_party/cares/cares/src/lib/legacy/ares_parse_soa_reply.o -fvisibility=hidden -fno-wrapv -fno-exceptions -pthread
      gcc -fno-strict-overflow -Wsign-compare -DNDEBUG -g -O3 -Wall -fPIC -D_WIN32_WINNT=1536 -DGRPC_XDS_USER_AGENT_NAME_SUFFIX=\"Python\" -DGRPC_XDS_USER_AGENT_VERSION_SUFFIX=\"1.79.0.dev0\" -DHAVE_CONFIG_H=1 -DGRPC_ENABLE_FORK_SUPPORT=1 -DGRPC_ENABLE_FORK_SUPPORT_DEFAULT=false -DGRPC_PYTHON_BUILD=1 -D__STDC_FORMAT_MACROS "-DPyMODINIT_FUNC=extern \"C\" __attribute__((visibility (\"default\"))) PyObject*" -DGRPC_POSIX_FORK_ALLOW_PTHREAD_ATFORK=1 -Isrc/python/grpcio -Iinclude -I. -Ithird_party/abseil-cpp -Ithird_party/address_sorting/include -Ithird_party/cares/cares/include -Ithird_party/cares -Ithird_party/cares/cares -Ithird_party/cares/cares/src/lib/include -Ithird_party/cares/cares/src/lib -Ithird_party/cares/config_linux -Ithird_party/re2 -Ithird_party/boringssl-with-bazel/src/include -Ithird_party/upb -Isrc/core/ext/upb-gen -Isrc/core/ext/upbdefs-gen -Ithird_party/utf8_range -Ithird_party/xxhash -Ithird_party/zlib -I/usr/local/google/home/ssreenithi/.pyenv/versions/3.12.0/envs/pyvenv_312/include -I/usr/local/google/home/ssreenithi/.pyenv/versions/3.12.0/include/python3.12 -c third_party/cares/cares/src/lib/legacy/ares_parse_aaaa_reply.c -o pyb/temp.linux-x86_64-cpython-312/third_party/cares/cares/src/lib/legacy/ares_parse_aaaa_reply.o -fvisibility=hidden -fno-wrapv -fno-exceptions -pthread
      g++ -fno-strict-overflow -Wsign-compare -DNDEBUG -g -O3 -Wall -fPIC -D_WIN32_WINNT=1536 -DGRPC_XDS_USER_AGENT_NAME_SUFFIX=\"Python\" -DGRPC_XDS_USER_AGENT_VERSION_SUFFIX=\"1.79.0.dev0\" -DHAVE_CONFIG_H=1 -DGRPC_ENABLE_FORK_SUPPORT=1 -DGRPC_ENABLE_FORK_SUPPORT_DEFAULT=false -DGRPC_PYTHON_BUILD=1 -D__STDC_FORMAT_MACROS "-DPyMODINIT_FUNC=extern \"C\" __attribute__((visibility (\"default\"))) PyObject*" -DGRPC_POSIX_FORK_ALLOW_PTHREAD_ATFORK=1 -Isrc/python/grpcio -Iinclude -I. -Ithird_party/abseil-cpp -Ithird_party/address_sorting/include -Ithird_party/cares/cares/include -Ithird_party/cares -Ithird_party/cares/cares -Ithird_party/cares/cares/src/lib/include -Ithird_party/cares/cares/src/lib -Ithird_party/cares/config_linux -Ithird_party/re2 -Ithird_party/boringssl-with-bazel/src/include -Ithird_party/upb -Isrc/core/ext/upb-gen -Isrc/core/ext/upbdefs-gen -Ithird_party/utf8_range -Ithird_party/xxhash -Ithird_party/zlib -I/usr/local/google/home/ssreenithi/.pyenv/versions/3.12.0/envs/pyvenv_312/include -I/usr/local/google/home/ssreenithi/.pyenv/versions/3.12.0/include/python3.12 -c third_party/re2/re2/bitstate.cc -o pyb/temp.linux-x86_64-cpython-312/third_party/re2/re2/bitstate.o -std=c++17 -fvisibility=hidden -fno-wrapv -fno-exceptions -pthread
      gcc -fno-strict-overflow -Wsign-compare -DNDEBUG -g -O3 -Wall -fPIC -D_WIN32_WINNT=1536 -DGRPC_XDS_USER_AGENT_NAME_SUFFIX=\"Python\" -DGRPC_XDS_USER_AGENT_VERSION_SUFFIX=\"1.79.0.dev0\" -DHAVE_CONFIG_H=1 -DGRPC_ENABLE_FORK_SUPPORT=1 -DGRPC_ENABLE_FORK_SUPPORT_DEFAULT=false -DGRPC_PYTHON_BUILD=1 -D__STDC_FORMAT_MACROS "-DPyMODINIT_FUNC=extern \"C\" __attribute__((visibility (\"default\"))) PyObject*" -DGRPC_POSIX_FORK_ALLOW_PTHREAD_ATFORK=1 -Isrc/python/grpcio -Iinclude -I. -Ithird_party/abseil-cpp -Ithird_party/address_sorting/include -Ithird_party/cares/cares/include -Ithird_party/cares -Ithird_party/cares/cares -Ithird_party/cares/cares/src/lib/include -Ithird_party/cares/cares/src/lib -Ithird_party/cares/config_linux -Ithird_party/re2 -Ithird_party/boringssl-with-bazel/src/include -Ithird_party/upb -Isrc/core/ext/upb-gen -Isrc/core/ext/upbdefs-gen -Ithird_party/utf8_range -Ithird_party/xxhash -Ithird_party/zlib -I/usr/local/google/home/ssreenithi/.pyenv/versions/3.12.0/envs/pyvenv_312/include -I/usr/local/google/home/ssreenithi/.pyenv/versions/3.12.0/include/python3.12 -c third_party/cares/cares/src/lib/util/ares_iface_ips.c -o pyb/temp.linux-x86_64-cpython-312/third_party/cares/cares/src/lib/util/ares_iface_ips.o -fvisibility=hidden -fno-wrapv -fno-exceptions -pthread
      gcc -fno-strict-overflow -Wsign-compare -DNDEBUG -g -O3 -Wall -fPIC -D_WIN32_WINNT=1536 -DGRPC_XDS_USER_AGENT_NAME_SUFFIX=\"Python\" -DGRPC_XDS_USER_AGENT_VERSION_SUFFIX=\"1.79.0.dev0\" -DHAVE_CONFIG_H=1 -DGRPC_ENABLE_FORK_SUPPORT=1 -DGRPC_ENABLE_FORK_SUPPORT_DEFAULT=false -DGRPC_PYTHON_BUILD=1 -D__STDC_FORMAT_MACROS "-DPyMODINIT_FUNC=extern \"C\" __attribute__((visibility (\"default\"))) PyObject*" -DGRPC_POSIX_FORK_ALLOW_PTHREAD_ATFORK=1 -Isrc/python/grpcio -Iinclude -I. -Ithird_party/abseil-cpp -Ithird_party/address_sorting/include -Ithird_party/cares/cares/include -Ithird_party/cares -Ithird_party/cares/cares -Ithird_party/cares/cares/src/lib/include -Ithird_party/cares/cares/src/lib -Ithird_party/cares/config_linux -Ithird_party/re2 -Ithird_party/boringssl-with-bazel/src/include -Ithird_party/upb -Isrc/core/ext/upb-gen -Isrc/core/ext/upbdefs-gen -Ithird_party/utf8_range -Ithird_party/xxhash -Ithird_party/zlib -I/usr/local/google/home/ssreenithi/.pyenv/versions/3.12.0/envs/pyvenv_312/include -I/usr/local/google/home/ssreenithi/.pyenv/versions/3.12.0/include/python3.12 -c third_party/cares/cares/src/lib/record/ares_dns_name.c -o pyb/temp.linux-x86_64-cpython-312/third_party/cares/cares/src/lib/record/ares_dns_name.o -fvisibility=hidden -fno-wrapv -fno-exceptions -pthread
      gcc -fno-strict-overflow -Wsign-compare -DNDEBUG -g -O3 -Wall -fPIC -D_WIN32_WINNT=1536 -DGRPC_XDS_USER_AGENT_NAME_SUFFIX=\"Python\" -DGRPC_XDS_USER_AGENT_VERSION_SUFFIX=\"1.79.0.dev0\" -DHAVE_CONFIG_H=1 -DGRPC_ENABLE_FORK_SUPPORT=1 -DGRPC_ENABLE_FORK_SUPPORT_DEFAULT=false -DGRPC_PYTHON_BUILD=1 -D__STDC_FORMAT_MACROS "-DPyMODINIT_FUNC=extern \"C\" __attribute__((visibility (\"default\"))) PyObject*" -DGRPC_POSIX_FORK_ALLOW_PTHREAD_ATFORK=1 -Isrc/python/grpcio -Iinclude -I. -Ithird_party/abseil-cpp -Ithird_party/address_sorting/include -Ithird_party/cares/cares/include -Ithird_party/cares -Ithird_party/cares/cares -Ithird_party/cares/cares/src/lib/include -Ithird_party/cares/cares/src/lib -Ithird_party/cares/config_linux -Ithird_party/re2 -Ithird_party/boringssl-with-bazel/src/include -Ithird_party/upb -Isrc/core/ext/upb-gen -Isrc/core/ext/upbdefs-gen -Ithird_party/utf8_range -Ithird_party/xxhash -Ithird_party/zlib -I/usr/local/google/home/ssreenithi/.pyenv/versions/3.12.0/envs/pyvenv_312/include -I/usr/local/google/home/ssreenithi/.pyenv/versions/3.12.0/include/python3.12 -c third_party/cares/cares/src/lib/event/ares_event_thread.c -o pyb/temp.linux-x86_64-cpython-312/third_party/cares/cares/src/lib/event/ares_event_thread.o -fvisibility=hidden -fno-wrapv -fno-exceptions -pthread
      g++ -fno-strict-overflow -Wsign-compare -DNDEBUG -g -O3 -Wall -fPIC -D_WIN32_WINNT=1536 -DGRPC_XDS_USER_AGENT_NAME_SUFFIX=\"Python\" -DGRPC_XDS_USER_AGENT_VERSION_SUFFIX=\"1.79.0.dev0\" -DHAVE_CONFIG_H=1 -DGRPC_ENABLE_FORK_SUPPORT=1 -DGRPC_ENABLE_FORK_SUPPORT_DEFAULT=false -DGRPC_PYTHON_BUILD=1 -D__STDC_FORMAT_MACROS "-DPyMODINIT_FUNC=extern \"C\" __attribute__((visibility (\"default\"))) PyObject*" -DGRPC_POSIX_FORK_ALLOW_PTHREAD_ATFORK=1 -Isrc/python/grpcio -Iinclude -I. -Ithird_party/abseil-cpp -Ithird_party/address_sorting/include -Ithird_party/cares/cares/include -Ithird_party/cares -Ithird_party/cares/cares -Ithird_party/cares/cares/src/lib/include -Ithird_party/cares/cares/src/lib -Ithird_party/cares/config_linux -Ithird_party/re2 -Ithird_party/boringssl-with-bazel/src/include -Ithird_party/upb -Isrc/core/ext/upb-gen -Isrc/core/ext/upbdefs-gen -Ithird_party/utf8_range -Ithird_party/xxhash -Ithird_party/zlib -I/usr/local/google/home/ssreenithi/.pyenv/versions/3.12.0/envs/pyvenv_312/include -I/usr/local/google/home/ssreenithi/.pyenv/versions/3.12.0/include/python3.12 -c third_party/re2/util/rune.cc -o pyb/temp.linux-x86_64-cpython-312/third_party/re2/util/rune.o -std=c++17 -fvisibility=hidden -fno-wrapv -fno-exceptions -pthread
      gcc -fno-strict-overflow -Wsign-compare -DNDEBUG -g -O3 -Wall -fPIC -D_WIN32_WINNT=1536 -DGRPC_XDS_USER_AGENT_NAME_SUFFIX=\"Python\" -DGRPC_XDS_USER_AGENT_VERSION_SUFFIX=\"1.79.0.dev0\" -DHAVE_CONFIG_H=1 -DGRPC_ENABLE_FORK_SUPPORT=1 -DGRPC_ENABLE_FORK_SUPPORT_DEFAULT=false -DGRPC_PYTHON_BUILD=1 -D__STDC_FORMAT_MACROS "-DPyMODINIT_FUNC=extern \"C\" __attribute__((visibility (\"default\"))) PyObject*" -DGRPC_POSIX_FORK_ALLOW_PTHREAD_ATFORK=1 -Isrc/python/grpcio -Iinclude -I. -Ithird_party/abseil-cpp -Ithird_party/address_sorting/include -Ithird_party/cares/cares/include -Ithird_party/cares -Ithird_party/cares/cares -Ithird_party/cares/cares/src/lib/include -Ithird_party/cares/cares/src/lib -Ithird_party/cares/config_linux -Ithird_party/re2 -Ithird_party/boringssl-with-bazel/src/include -Ithird_party/upb -Isrc/core/ext/upb-gen -Isrc/core/ext/upbdefs-gen -Ithird_party/utf8_range -Ithird_party/xxhash -Ithird_party/zlib -I/usr/local/google/home/ssreenithi/.pyenv/versions/3.12.0/envs/pyvenv_312/include -I/usr/local/google/home/ssreenithi/.pyenv/versions/3.12.0/include/python3.12 -c third_party/cares/cares/src/lib/legacy/ares_parse_srv_reply.c -o pyb/temp.linux-x86_64-cpython-312/third_party/cares/cares/src/lib/legacy/ares_parse_srv_reply.o -fvisibility=hidden -fno-wrapv -fno-exceptions -pthread
      gcc -fno-strict-overflow -Wsign-compare -DNDEBUG -g -O3 -Wall -fPIC -D_WIN32_WINNT=1536 -DGRPC_XDS_USER_AGENT_NAME_SUFFIX=\"Python\" -DGRPC_XDS_USER_AGENT_VERSION_SUFFIX=\"1.79.0.dev0\" -DHAVE_CONFIG_H=1 -DGRPC_ENABLE_FORK_SUPPORT=1 -DGRPC_ENABLE_FORK_SUPPORT_DEFAULT=false -DGRPC_PYTHON_BUILD=1 -D__STDC_FORMAT_MACROS "-DPyMODINIT_FUNC=extern \"C\" __attribute__((visibility (\"default\"))) PyObject*" -DGRPC_POSIX_FORK_ALLOW_PTHREAD_ATFORK=1 -Isrc/python/grpcio -Iinclude -I. -Ithird_party/abseil-cpp -Ithird_party/address_sorting/include -Ithird_party/cares/cares/include -Ithird_party/cares -Ithird_party/cares/cares -Ithird_party/cares/cares/src/lib/include -Ithird_party/cares/cares/src/lib -Ithird_party/cares/config_linux -Ithird_party/re2 -Ithird_party/boringssl-with-bazel/src/include -Ithird_party/upb -Isrc/core/ext/upb-gen -Isrc/core/ext/upbdefs-gen -Ithird_party/utf8_range -Ithird_party/xxhash -Ithird_party/zlib -I/usr/local/google/home/ssreenithi/.pyenv/versions/3.12.0/envs/pyvenv_312/include -I/usr/local/google/home/ssreenithi/.pyenv/versions/3.12.0/include/python3.12 -c third_party/cares/cares/src/lib/legacy/ares_parse_caa_reply.c -o pyb/temp.linux-x86_64-cpython-312/third_party/cares/cares/src/lib/legacy/ares_parse_caa_reply.o -fvisibility=hidden -fno-wrapv -fno-exceptions -pthread
      gcc -fno-strict-overflow -Wsign-compare -DNDEBUG -g -O3 -Wall -fPIC -D_WIN32_WINNT=1536 -DGRPC_XDS_USER_AGENT_NAME_SUFFIX=\"Python\" -DGRPC_XDS_USER_AGENT_VERSION_SUFFIX=\"1.79.0.dev0\" -DHAVE_CONFIG_H=1 -DGRPC_ENABLE_FORK_SUPPORT=1 -DGRPC_ENABLE_FORK_SUPPORT_DEFAULT=false -DGRPC_PYTHON_BUILD=1 -D__STDC_FORMAT_MACROS "-DPyMODINIT_FUNC=extern \"C\" __attribute__((visibility (\"default\"))) PyObject*" -DGRPC_POSIX_FORK_ALLOW_PTHREAD_ATFORK=1 -Isrc/python/grpcio -Iinclude -I. -Ithird_party/abseil-cpp -Ithird_party/address_sorting/include -Ithird_party/cares/cares/include -Ithird_party/cares -Ithird_party/cares/cares -Ithird_party/cares/cares/src/lib/include -Ithird_party/cares/cares/src/lib -Ithird_party/cares/config_linux -Ithird_party/re2 -Ithird_party/boringssl-with-bazel/src/include -Ithird_party/upb -Isrc/core/ext/upb-gen -Isrc/core/ext/upbdefs-gen -Ithird_party/utf8_range -Ithird_party/xxhash -Ithird_party/zlib -I/usr/local/google/home/ssreenithi/.pyenv/versions/3.12.0/envs/pyvenv_312/include -I/usr/local/google/home/ssreenithi/.pyenv/versions/3.12.0/include/python3.12 -c third_party/cares/cares/src/lib/ares_query.c -o pyb/temp.linux-x86_64-cpython-312/third_party/cares/cares/src/lib/ares_query.o -fvisibility=hidden -fno-wrapv -fno-exceptions -pthread
      third_party/cares/cares/src/lib/util/ares_iface_ips.c:140:3: warning: ‘ares_iface_ips_add’ defined but not used [-Wunused-function]
        140 |   ares_iface_ips_add(ares_iface_ips_t *ips, ares_iface_ip_flags_t flags,
            |   ^~~~~~~~~~~~~~~~~~
      gcc -fno-strict-overflow -Wsign-compare -DNDEBUG -g -O3 -Wall -fPIC -D_WIN32_WINNT=1536 -DGRPC_XDS_USER_AGENT_NAME_SUFFIX=\"Python\" -DGRPC_XDS_USER_AGENT_VERSION_SUFFIX=\"1.79.0.dev0\" -DHAVE_CONFIG_H=1 -DGRPC_ENABLE_FORK_SUPPORT=1 -DGRPC_ENABLE_FORK_SUPPORT_DEFAULT=false -DGRPC_PYTHON_BUILD=1 -D__STDC_FORMAT_MACROS "-DPyMODINIT_FUNC=extern \"C\" __attribute__((visibility (\"default\"))) PyObject*" -DGRPC_POSIX_FORK_ALLOW_PTHREAD_ATFORK=1 -Isrc/python/grpcio -Iinclude -I. -Ithird_party/abseil-cpp -Ithird_party/address_sorting/include -Ithird_party/cares/cares/include -Ithird_party/cares -Ithird_party/cares/cares -Ithird_party/cares/cares/src/lib/include -Ithird_party/cares/cares/src/lib -Ithird_party/cares/config_linux -Ithird_party/re2 -Ithird_party/boringssl-with-bazel/src/include -Ithird_party/upb -Isrc/core/ext/upb-gen -Isrc/core/ext/upbdefs-gen -Ithird_party/utf8_range -Ithird_party/xxhash -Ithird_party/zlib -I/usr/local/google/home/ssreenithi/.pyenv/versions/3.12.0/envs/pyvenv_312/include -I/usr/local/google/home/ssreenithi/.pyenv/versions/3.12.0/include/python3.12 -c third_party/upb/upb/lex/round_trip.c -o pyb/temp.linux-x86_64-cpython-312/third_party/upb/upb/lex/round_trip.o -fvisibility=hidden -fno-wrapv -fno-exceptions -pthread
      g++ -fno-strict-overflow -Wsign-compare -DNDEBUG -g -O3 -Wall -fPIC -D_WIN32_WINNT=1536 -DGRPC_XDS_USER_AGENT_NAME_SUFFIX=\"Python\" -DGRPC_XDS_USER_AGENT_VERSION_SUFFIX=\"1.79.0.dev0\" -DHAVE_CONFIG_H=1 -DGRPC_ENABLE_FORK_SUPPORT=1 -DGRPC_ENABLE_FORK_SUPPORT_DEFAULT=false -DGRPC_PYTHON_BUILD=1 -D__STDC_FORMAT_MACROS "-DPyMODINIT_FUNC=extern \"C\" __attribute__((visibility (\"default\"))) PyObject*" -DGRPC_POSIX_FORK_ALLOW_PTHREAD_ATFORK=1 -Isrc/python/grpcio -Iinclude -I. -Ithird_party/abseil-cpp -Ithird_party/address_sorting/include -Ithird_party/cares/cares/include -Ithird_party/cares -Ithird_party/cares/cares -Ithird_party/cares/cares/src/lib/include -Ithird_party/cares/cares/src/lib -Ithird_party/cares/config_linux -Ithird_party/re2 -Ithird_party/boringssl-with-bazel/src/include -Ithird_party/upb -Isrc/core/ext/upb-gen -Isrc/core/ext/upbdefs-gen -Ithird_party/utf8_range -Ithird_party/xxhash -Ithird_party/zlib -I/usr/local/google/home/ssreenithi/.pyenv/versions/3.12.0/envs/pyvenv_312/include -I/usr/local/google/home/ssreenithi/.pyenv/versions/3.12.0/include/python3.12 -c third_party/re2/util/strutil.cc -o pyb/temp.linux-x86_64-cpython-312/third_party/re2/util/strutil.o -std=c++17 -fvisibility=hidden -fno-wrapv -fno-exceptions -pthread
      gcc -fno-strict-overflow -Wsign-compare -DNDEBUG -g -O3 -Wall -fPIC -D_WIN32_WINNT=1536 -DGRPC_XDS_USER_AGENT_NAME_SUFFIX=\"Python\" -DGRPC_XDS_USER_AGENT_VERSION_SUFFIX=\"1.79.0.dev0\" -DHAVE_CONFIG_H=1 -DGRPC_ENABLE_FORK_SUPPORT=1 -DGRPC_ENABLE_FORK_SUPPORT_DEFAULT=false -DGRPC_PYTHON_BUILD=1 -D__STDC_FORMAT_MACROS "-DPyMODINIT_FUNC=extern \"C\" __attribute__((visibility (\"default\"))) PyObject*" -DGRPC_POSIX_FORK_ALLOW_PTHREAD_ATFORK=1 -Isrc/python/grpcio -Iinclude -I. -Ithird_party/abseil-cpp -Ithird_party/address_sorting/include -Ithird_party/cares/cares/include -Ithird_party/cares -Ithird_party/cares/cares -Ithird_party/cares/cares/src/lib/include -Ithird_party/cares/cares/src/lib -Ithird_party/cares/config_linux -Ithird_party/re2 -Ithird_party/boringssl-with-bazel/src/include -Ithird_party/upb -Isrc/core/ext/upb-gen -Isrc/core/ext/upbdefs-gen -Ithird_party/utf8_range -Ithird_party/xxhash -Ithird_party/zlib -I/usr/local/google/home/ssreenithi/.pyenv/versions/3.12.0/envs/pyvenv_312/include -I/usr/local/google/home/ssreenithi/.pyenv/versions/3.12.0/include/python3.12 -c third_party/cares/cares/src/lib/legacy/ares_create_query.c -o pyb/temp.linux-x86_64-cpython-312/third_party/cares/cares/src/lib/legacy/ares_create_query.o -fvisibility=hidden -fno-wrapv -fno-exceptions -pthread
      gcc -fno-strict-overflow -Wsign-compare -DNDEBUG -g -O3 -Wall -fPIC -D_WIN32_WINNT=1536 -DGRPC_XDS_USER_AGENT_NAME_SUFFIX=\"Python\" -DGRPC_XDS_USER_AGENT_VERSION_SUFFIX=\"1.79.0.dev0\" -DHAVE_CONFIG_H=1 -DGRPC_ENABLE_FORK_SUPPORT=1 -DGRPC_ENABLE_FORK_SUPPORT_DEFAULT=false -DGRPC_PYTHON_BUILD=1 -D__STDC_FORMAT_MACROS "-DPyMODINIT_FUNC=extern \"C\" __attribute__((visibility (\"default\"))) PyObject*" -DGRPC_POSIX_FORK_ALLOW_PTHREAD_ATFORK=1 -Isrc/python/grpcio -Iinclude -I. -Ithird_party/abseil-cpp -Ithird_party/address_sorting/include -Ithird_party/cares/cares/include -Ithird_party/cares -Ithird_party/cares/cares -Ithird_party/cares/cares/src/lib/include -Ithird_party/cares/cares/src/lib -Ithird_party/cares/config_linux -Ithird_party/re2 -Ithird_party/boringssl-with-bazel/src/include -Ithird_party/upb -Isrc/core/ext/upb-gen -Isrc/core/ext/upbdefs-gen -Ithird_party/utf8_range -Ithird_party/xxhash -Ithird_party/zlib -I/usr/local/google/home/ssreenithi/.pyenv/versions/3.12.0/envs/pyvenv_312/include -I/usr/local/google/home/ssreenithi/.pyenv/versions/3.12.0/include/python3.12 -c third_party/cares/cares/src/lib/util/ares_math.c -o pyb/temp.linux-x86_64-cpython-312/third_party/cares/cares/src/lib/util/ares_math.o -fvisibility=hidden -fno-wrapv -fno-exceptions -pthread
      gcc -fno-strict-overflow -Wsign-compare -DNDEBUG -g -O3 -Wall -fPIC -D_WIN32_WINNT=1536 -DGRPC_XDS_USER_AGENT_NAME_SUFFIX=\"Python\" -DGRPC_XDS_USER_AGENT_VERSION_SUFFIX=\"1.79.0.dev0\" -DHAVE_CONFIG_H=1 -DGRPC_ENABLE_FORK_SUPPORT=1 -DGRPC_ENABLE_FORK_SUPPORT_DEFAULT=false -DGRPC_PYTHON_BUILD=1 -D__STDC_FORMAT_MACROS "-DPyMODINIT_FUNC=extern \"C\" __attribute__((visibility (\"default\"))) PyObject*" -DGRPC_POSIX_FORK_ALLOW_PTHREAD_ATFORK=1 -Isrc/python/grpcio -Iinclude -I. -Ithird_party/abseil-cpp -Ithird_party/address_sorting/include -Ithird_party/cares/cares/include -Ithird_party/cares -Ithird_party/cares/cares -Ithird_party/cares/cares/src/lib/include -Ithird_party/cares/cares/src/lib -Ithird_party/cares/config_linux -Ithird_party/re2 -Ithird_party/boringssl-with-bazel/src/include -Ithird_party/upb -Isrc/core/ext/upb-gen -Isrc/core/ext/upbdefs-gen -Ithird_party/utf8_range -Ithird_party/xxhash -Ithird_party/zlib -I/usr/local/google/home/ssreenithi/.pyenv/versions/3.12.0/envs/pyvenv_312/include -I/usr/local/google/home/ssreenithi/.pyenv/versions/3.12.0/include/python3.12 -c third_party/upb/upb/message/compat.c -o pyb/temp.linux-x86_64-cpython-312/third_party/upb/upb/message/compat.o -fvisibility=hidden -fno-wrapv -fno-exceptions -pthread
      g++ -fno-strict-overflow -Wsign-compare -DNDEBUG -g -O3 -Wall -fPIC -D_WIN32_WINNT=1536 -DGRPC_XDS_USER_AGENT_NAME_SUFFIX=\"Python\" -DGRPC_XDS_USER_AGENT_VERSION_SUFFIX=\"1.79.0.dev0\" -DHAVE_CONFIG_H=1 -DGRPC_ENABLE_FORK_SUPPORT=1 -DGRPC_ENABLE_FORK_SUPPORT_DEFAULT=false -DGRPC_PYTHON_BUILD=1 -D__STDC_FORMAT_MACROS "-DPyMODINIT_FUNC=extern \"C\" __attribute__((visibility (\"default\"))) PyObject*" -DGRPC_POSIX_FORK_ALLOW_PTHREAD_ATFORK=1 -Isrc/python/grpcio -Iinclude -I. -Ithird_party/abseil-cpp -Ithird_party/address_sorting/include -Ithird_party/cares/cares/include -Ithird_party/cares -Ithird_party/cares/cares -Ithird_party/cares/cares/src/lib/include -Ithird_party/cares/cares/src/lib -Ithird_party/cares/config_linux -Ithird_party/re2 -Ithird_party/boringssl-with-bazel/src/include -Ithird_party/upb -Isrc/core/ext/upb-gen -Isrc/core/ext/upbdefs-gen -Ithird_party/utf8_range -Ithird_party/xxhash -Ithird_party/zlib -I/usr/local/google/home/ssreenithi/.pyenv/versions/3.12.0/envs/pyvenv_312/include -I/usr/local/google/home/ssreenithi/.pyenv/versions/3.12.0/include/python3.12 -c third_party/boringssl-with-bazel/src/crypto/x509/x509_req.cc -o pyb/temp.linux-x86_64-cpython-312/third_party/boringssl-with-bazel/src/crypto/x509/x509_req.o -std=c++17 -fvisibility=hidden -fno-wrapv -fno-exceptions -pthread
      gcc -fno-strict-overflow -Wsign-compare -DNDEBUG -g -O3 -Wall -fPIC -D_WIN32_WINNT=1536 -DGRPC_XDS_USER_AGENT_NAME_SUFFIX=\"Python\" -DGRPC_XDS_USER_AGENT_VERSION_SUFFIX=\"1.79.0.dev0\" -DHAVE_CONFIG_H=1 -DGRPC_ENABLE_FORK_SUPPORT=1 -DGRPC_ENABLE_FORK_SUPPORT_DEFAULT=false -DGRPC_PYTHON_BUILD=1 -D__STDC_FORMAT_MACROS "-DPyMODINIT_FUNC=extern \"C\" __attribute__((visibility (\"default\"))) PyObject*" -DGRPC_POSIX_FORK_ALLOW_PTHREAD_ATFORK=1 -Isrc/python/grpcio -Iinclude -I. -Ithird_party/abseil-cpp -Ithird_party/address_sorting/include -Ithird_party/cares/cares/include -Ithird_party/cares -Ithird_party/cares/cares -Ithird_party/cares/cares/src/lib/include -Ithird_party/cares/cares/src/lib -Ithird_party/cares/config_linux -Ithird_party/re2 -Ithird_party/boringssl-with-bazel/src/include -Ithird_party/upb -Isrc/core/ext/upb-gen -Isrc/core/ext/upbdefs-gen -Ithird_party/utf8_range -Ithird_party/xxhash -Ithird_party/zlib -I/usr/local/google/home/ssreenithi/.pyenv/versions/3.12.0/envs/pyvenv_312/include -I/usr/local/google/home/ssreenithi/.pyenv/versions/3.12.0/include/python3.12 -c third_party/cares/cares/src/lib/legacy/ares_parse_mx_reply.c -o pyb/temp.linux-x86_64-cpython-312/third_party/cares/cares/src/lib/legacy/ares_parse_mx_reply.o -fvisibility=hidden -fno-wrapv -fno-exceptions -pthread
      gcc -fno-strict-overflow -Wsign-compare -DNDEBUG -g -O3 -Wall -fPIC -D_WIN32_WINNT=1536 -DGRPC_XDS_USER_AGENT_NAME_SUFFIX=\"Python\" -DGRPC_XDS_USER_AGENT_VERSION_SUFFIX=\"1.79.0.dev0\" -DHAVE_CONFIG_H=1 -DGRPC_ENABLE_FORK_SUPPORT=1 -DGRPC_ENABLE_FORK_SUPPORT_DEFAULT=false -DGRPC_PYTHON_BUILD=1 -D__STDC_FORMAT_MACROS "-DPyMODINIT_FUNC=extern \"C\" __attribute__((visibility (\"default\"))) PyObject*" -DGRPC_POSIX_FORK_ALLOW_PTHREAD_ATFORK=1 -Isrc/python/grpcio -Iinclude -I. -Ithird_party/abseil-cpp -Ithird_party/address_sorting/include -Ithird_party/cares/cares/include -Ithird_party/cares -Ithird_party/cares/cares -Ithird_party/cares/cares/src/lib/include -Ithird_party/cares/cares/src/lib -Ithird_party/cares/config_linux -Ithird_party/re2 -Ithird_party/boringssl-with-bazel/src/include -Ithird_party/upb -Isrc/core/ext/upb-gen -Isrc/core/ext/upbdefs-gen -Ithird_party/utf8_range -Ithird_party/xxhash -Ithird_party/zlib -I/usr/local/google/home/ssreenithi/.pyenv/versions/3.12.0/envs/pyvenv_312/include -I/usr/local/google/home/ssreenithi/.pyenv/versions/3.12.0/include/python3.12 -c third_party/cares/cares/src/lib/legacy/ares_parse_txt_reply.c -o pyb/temp.linux-x86_64-cpython-312/third_party/cares/cares/src/lib/legacy/ares_parse_txt_reply.o -fvisibility=hidden -fno-wrapv -fno-exceptions -pthread
      gcc -fno-strict-overflow -Wsign-compare -DNDEBUG -g -O3 -Wall -fPIC -D_WIN32_WINNT=1536 -DGRPC_XDS_USER_AGENT_NAME_SUFFIX=\"Python\" -DGRPC_XDS_USER_AGENT_VERSION_SUFFIX=\"1.79.0.dev0\" -DHAVE_CONFIG_H=1 -DGRPC_ENABLE_FORK_SUPPORT=1 -DGRPC_ENABLE_FORK_SUPPORT_DEFAULT=false -DGRPC_PYTHON_BUILD=1 -D__STDC_FORMAT_MACROS "-DPyMODINIT_FUNC=extern \"C\" __attribute__((visibility (\"default\"))) PyObject*" -DGRPC_POSIX_FORK_ALLOW_PTHREAD_ATFORK=1 -Isrc/python/grpcio -Iinclude -I. -Ithird_party/abseil-cpp -Ithird_party/address_sorting/include -Ithird_party/cares/cares/include -Ithird_party/cares -Ithird_party/cares/cares -Ithird_party/cares/cares/src/lib/include -Ithird_party/cares/cares/src/lib -Ithird_party/cares/config_linux -Ithird_party/re2 -Ithird_party/boringssl-with-bazel/src/include -Ithird_party/upb -Isrc/core/ext/upb-gen -Isrc/core/ext/upbdefs-gen -Ithird_party/utf8_range -Ithird_party/xxhash -Ithird_party/zlib -I/usr/local/google/home/ssreenithi/.pyenv/versions/3.12.0/envs/pyvenv_312/include -I/usr/local/google/home/ssreenithi/.pyenv/versions/3.12.0/include/python3.12 -c third_party/cares/cares/src/lib/ares_search.c -o pyb/temp.linux-x86_64-cpython-312/third_party/cares/cares/src/lib/ares_search.o -fvisibility=hidden -fno-wrapv -fno-exceptions -pthread
      gcc -fno-strict-overflow -Wsign-compare -DNDEBUG -g -O3 -Wall -fPIC -D_WIN32_WINNT=1536 -DGRPC_XDS_USER_AGENT_NAME_SUFFIX=\"Python\" -DGRPC_XDS_USER_AGENT_VERSION_SUFFIX=\"1.79.0.dev0\" -DHAVE_CONFIG_H=1 -DGRPC_ENABLE_FORK_SUPPORT=1 -DGRPC_ENABLE_FORK_SUPPORT_DEFAULT=false -DGRPC_PYTHON_BUILD=1 -D__STDC_FORMAT_MACROS "-DPyMODINIT_FUNC=extern \"C\" __attribute__((visibility (\"default\"))) PyObject*" -DGRPC_POSIX_FORK_ALLOW_PTHREAD_ATFORK=1 -Isrc/python/grpcio -Iinclude -I. -Ithird_party/abseil-cpp -Ithird_party/address_sorting/include -Ithird_party/cares/cares/include -Ithird_party/cares -Ithird_party/cares/cares -Ithird_party/cares/cares/src/lib/include -Ithird_party/cares/cares/src/lib -Ithird_party/cares/config_linux -Ithird_party/re2 -Ithird_party/boringssl-with-bazel/src/include -Ithird_party/upb -Isrc/core/ext/upb-gen -Isrc/core/ext/upbdefs-gen -Ithird_party/utf8_range -Ithird_party/xxhash -Ithird_party/zlib -I/usr/local/google/home/ssreenithi/.pyenv/versions/3.12.0/envs/pyvenv_312/include -I/usr/local/google/home/ssreenithi/.pyenv/versions/3.12.0/include/python3.12 -c third_party/upb/upb/lex/strtod.c -o pyb/temp.linux-x86_64-cpython-312/third_party/upb/upb/lex/strtod.o -fvisibility=hidden -fno-wrapv -fno-exceptions -pthread
      gcc -fno-strict-overflow -Wsign-compare -DNDEBUG -g -O3 -Wall -fPIC -D_WIN32_WINNT=1536 -DGRPC_XDS_USER_AGENT_NAME_SUFFIX=\"Python\" -DGRPC_XDS_USER_AGENT_VERSION_SUFFIX=\"1.79.0.dev0\" -DHAVE_CONFIG_H=1 -DGRPC_ENABLE_FORK_SUPPORT=1 -DGRPC_ENABLE_FORK_SUPPORT_DEFAULT=false -DGRPC_PYTHON_BUILD=1 -D__STDC_FORMAT_MACROS "-DPyMODINIT_FUNC=extern \"C\" __attribute__((visibility (\"default\"))) PyObject*" -DGRPC_POSIX_FORK_ALLOW_PTHREAD_ATFORK=1 -Isrc/python/grpcio -Iinclude -I. -Ithird_party/abseil-cpp -Ithird_party/address_sorting/include -Ithird_party/cares/cares/include -Ithird_party/cares -Ithird_party/cares/cares -Ithird_party/cares/cares/src/lib/include -Ithird_party/cares/cares/src/lib -Ithird_party/cares/config_linux -Ithird_party/re2 -Ithird_party/boringssl-with-bazel/src/include -Ithird_party/upb -Isrc/core/ext/upb-gen -Isrc/core/ext/upbdefs-gen -Ithird_party/utf8_range -Ithird_party/xxhash -Ithird_party/zlib -I/usr/local/google/home/ssreenithi/.pyenv/versions/3.12.0/envs/pyvenv_312/include -I/usr/local/google/home/ssreenithi/.pyenv/versions/3.12.0/include/python3.12 -c third_party/upb/upb/message/merge.c -o pyb/temp.linux-x86_64-cpython-312/third_party/upb/upb/message/merge.o -fvisibility=hidden -fno-wrapv -fno-exceptions -pthread
      gcc -fno-strict-overflow -Wsign-compare -DNDEBUG -g -O3 -Wall -fPIC -D_WIN32_WINNT=1536 -DGRPC_XDS_USER_AGENT_NAME_SUFFIX=\"Python\" -DGRPC_XDS_USER_AGENT_VERSION_SUFFIX=\"1.79.0.dev0\" -DHAVE_CONFIG_H=1 -DGRPC_ENABLE_FORK_SUPPORT=1 -DGRPC_ENABLE_FORK_SUPPORT_DEFAULT=false -DGRPC_PYTHON_BUILD=1 -D__STDC_FORMAT_MACROS "-DPyMODINIT_FUNC=extern \"C\" __attribute__((visibility (\"default\"))) PyObject*" -DGRPC_POSIX_FORK_ALLOW_PTHREAD_ATFORK=1 -Isrc/python/grpcio -Iinclude -I. -Ithird_party/abseil-cpp -Ithird_party/address_sorting/include -Ithird_party/cares/cares/include -Ithird_party/cares -Ithird_party/cares/cares -Ithird_party/cares/cares/src/lib/include -Ithird_party/cares/cares/src/lib -Ithird_party/cares/config_linux -Ithird_party/re2 -Ithird_party/boringssl-with-bazel/src/include -Ithird_party/upb -Isrc/core/ext/upb-gen -Isrc/core/ext/upbdefs-gen -Ithird_party/utf8_range -Ithird_party/xxhash -Ithird_party/zlib -I/usr/local/google/home/ssreenithi/.pyenv/versions/3.12.0/envs/pyvenv_312/include -I/usr/local/google/home/ssreenithi/.pyenv/versions/3.12.0/include/python3.12 -c third_party/upb/upb/mini_table/extension_registry.c -o pyb/temp.linux-x86_64-cpython-312/third_party/upb/upb/mini_table/extension_registry.o -fvisibility=hidden -fno-wrapv -fno-exceptions -pthread
      gcc -fno-strict-overflow -Wsign-compare -DNDEBUG -g -O3 -Wall -fPIC -D_WIN32_WINNT=1536 -DGRPC_XDS_USER_AGENT_NAME_SUFFIX=\"Python\" -DGRPC_XDS_USER_AGENT_VERSION_SUFFIX=\"1.79.0.dev0\" -DHAVE_CONFIG_H=1 -DGRPC_ENABLE_FORK_SUPPORT=1 -DGRPC_ENABLE_FORK_SUPPORT_DEFAULT=false -DGRPC_PYTHON_BUILD=1 -D__STDC_FORMAT_MACROS "-DPyMODINIT_FUNC=extern \"C\" __attribute__((visibility (\"default\"))) PyObject*" -DGRPC_POSIX_FORK_ALLOW_PTHREAD_ATFORK=1 -Isrc/python/grpcio -Iinclude -I. -Ithird_party/abseil-cpp -Ithird_party/address_sorting/include -Ithird_party/cares/cares/include -Ithird_party/cares -Ithird_party/cares/cares -Ithird_party/cares/cares/src/lib/include -Ithird_party/cares/cares/src/lib -Ithird_party/cares/config_linux -Ithird_party/re2 -Ithird_party/boringssl-with-bazel/src/include -Ithird_party/upb -Isrc/core/ext/upb-gen -Isrc/core/ext/upbdefs-gen -Ithird_party/utf8_range -Ithird_party/xxhash -Ithird_party/zlib -I/usr/local/google/home/ssreenithi/.pyenv/versions/3.12.0/envs/pyvenv_312/include -I/usr/local/google/home/ssreenithi/.pyenv/versions/3.12.0/include/python3.12 -c third_party/cares/cares/src/lib/legacy/ares_expand_name.c -o pyb/temp.linux-x86_64-cpython-312/third_party/cares/cares/src/lib/legacy/ares_expand_name.o -fvisibility=hidden -fno-wrapv -fno-exceptions -pthread
      gcc -fno-strict-overflow -Wsign-compare -DNDEBUG -g -O3 -Wall -fPIC -D_WIN32_WINNT=1536 -DGRPC_XDS_USER_AGENT_NAME_SUFFIX=\"Python\" -DGRPC_XDS_USER_AGENT_VERSION_SUFFIX=\"1.79.0.dev0\" -DHAVE_CONFIG_H=1 -DGRPC_ENABLE_FORK_SUPPORT=1 -DGRPC_ENABLE_FORK_SUPPORT_DEFAULT=false -DGRPC_PYTHON_BUILD=1 -D__STDC_FORMAT_MACROS "-DPyMODINIT_FUNC=extern \"C\" __attribute__((visibility (\"default\"))) PyObject*" -DGRPC_POSIX_FORK_ALLOW_PTHREAD_ATFORK=1 -Isrc/python/grpcio -Iinclude -I. -Ithird_party/abseil-cpp -Ithird_party/address_sorting/include -Ithird_party/cares/cares/include -Ithird_party/cares -Ithird_party/cares/cares -Ithird_party/cares/cares/src/lib/include -Ithird_party/cares/cares/src/lib -Ithird_party/cares/config_linux -Ithird_party/re2 -Ithird_party/boringssl-with-bazel/src/include -Ithird_party/upb -Isrc/core/ext/upb-gen -Isrc/core/ext/upbdefs-gen -Ithird_party/utf8_range -Ithird_party/xxhash -Ithird_party/zlib -I/usr/local/google/home/ssreenithi/.pyenv/versions/3.12.0/envs/pyvenv_312/include -I/usr/local/google/home/ssreenithi/.pyenv/versions/3.12.0/include/python3.12 -c third_party/cares/cares/src/lib/util/ares_rand.c -o pyb/temp.linux-x86_64-cpython-312/third_party/cares/cares/src/lib/util/ares_rand.o -fvisibility=hidden -fno-wrapv -fno-exceptions -pthread
      gcc -fno-strict-overflow -Wsign-compare -DNDEBUG -g -O3 -Wall -fPIC -D_WIN32_WINNT=1536 -DGRPC_XDS_USER_AGENT_NAME_SUFFIX=\"Python\" -DGRPC_XDS_USER_AGENT_VERSION_SUFFIX=\"1.79.0.dev0\" -DHAVE_CONFIG_H=1 -DGRPC_ENABLE_FORK_SUPPORT=1 -DGRPC_ENABLE_FORK_SUPPORT_DEFAULT=false -DGRPC_PYTHON_BUILD=1 -D__STDC_FORMAT_MACROS "-DPyMODINIT_FUNC=extern \"C\" __attribute__((visibility (\"default\"))) PyObject*" -DGRPC_POSIX_FORK_ALLOW_PTHREAD_ATFORK=1 -Isrc/python/grpcio -Iinclude -I. -Ithird_party/abseil-cpp -Ithird_party/address_sorting/include -Ithird_party/cares/cares/include -Ithird_party/cares -Ithird_party/cares/cares -Ithird_party/cares/cares/src/lib/include -Ithird_party/cares/cares/src/lib -Ithird_party/cares/config_linux -Ithird_party/re2 -Ithird_party/boringssl-with-bazel/src/include -Ithird_party/upb -Isrc/core/ext/upb-gen -Isrc/core/ext/upbdefs-gen -Ithird_party/utf8_range -Ithird_party/xxhash -Ithird_party/zlib -I/usr/local/google/home/ssreenithi/.pyenv/versions/3.12.0/envs/pyvenv_312/include -I/usr/local/google/home/ssreenithi/.pyenv/versions/3.12.0/include/python3.12 -c third_party/cares/cares/src/lib/record/ares_dns_parse.c -o pyb/temp.linux-x86_64-cpython-312/third_party/cares/cares/src/lib/record/ares_dns_parse.o -fvisibility=hidden -fno-wrapv -fno-exceptions -pthread
      gcc -fno-strict-overflow -Wsign-compare -DNDEBUG -g -O3 -Wall -fPIC -D_WIN32_WINNT=1536 -DGRPC_XDS_USER_AGENT_NAME_SUFFIX=\"Python\" -DGRPC_XDS_USER_AGENT_VERSION_SUFFIX=\"1.79.0.dev0\" -DHAVE_CONFIG_H=1 -DGRPC_ENABLE_FORK_SUPPORT=1 -DGRPC_ENABLE_FORK_SUPPORT_DEFAULT=false -DGRPC_PYTHON_BUILD=1 -D__STDC_FORMAT_MACROS "-DPyMODINIT_FUNC=extern \"C\" __attribute__((visibility (\"default\"))) PyObject*" -DGRPC_POSIX_FORK_ALLOW_PTHREAD_ATFORK=1 -Isrc/python/grpcio -Iinclude -I. -Ithird_party/abseil-cpp -Ithird_party/address_sorting/include -Ithird_party/cares/cares/include -Ithird_party/cares -Ithird_party/cares/cares -Ithird_party/cares/cares/src/lib/include -Ithird_party/cares/cares/src/lib -Ithird_party/cares/config_linux -Ithird_party/re2 -Ithird_party/boringssl-with-bazel/src/include -Ithird_party/upb -Isrc/core/ext/upb-gen -Isrc/core/ext/upbdefs-gen -Ithird_party/utf8_range -Ithird_party/xxhash -Ithird_party/zlib -I/usr/local/google/home/ssreenithi/.pyenv/versions/3.12.0/envs/pyvenv_312/include -I/usr/local/google/home/ssreenithi/.pyenv/versions/3.12.0/include/python3.12 -c third_party/upb/upb/message/copy.c -o pyb/temp.linux-x86_64-cpython-312/third_party/upb/upb/message/copy.o -fvisibility=hidden -fno-wrapv -fno-exceptions -pthread
      gcc -fno-strict-overflow -Wsign-compare -DNDEBUG -g -O3 -Wall -fPIC -D_WIN32_WINNT=1536 -DGRPC_XDS_USER_AGENT_NAME_SUFFIX=\"Python\" -DGRPC_XDS_USER_AGENT_VERSION_SUFFIX=\"1.79.0.dev0\" -DHAVE_CONFIG_H=1 -DGRPC_ENABLE_FORK_SUPPORT=1 -DGRPC_ENABLE_FORK_SUPPORT_DEFAULT=false -DGRPC_PYTHON_BUILD=1 -D__STDC_FORMAT_MACROS "-DPyMODINIT_FUNC=extern \"C\" __attribute__((visibility (\"default\"))) PyObject*" -DGRPC_POSIX_FORK_ALLOW_PTHREAD_ATFORK=1 -Isrc/python/grpcio -Iinclude -I. -Ithird_party/abseil-cpp -Ithird_party/address_sorting/include -Ithird_party/cares/cares/include -Ithird_party/cares -Ithird_party/cares/cares -Ithird_party/cares/cares/src/lib/include -Ithird_party/cares/cares/src/lib -Ithird_party/cares/config_linux -Ithird_party/re2 -Ithird_party/boringssl-with-bazel/src/include -Ithird_party/upb -Isrc/core/ext/upb-gen -Isrc/core/ext/upbdefs-gen -Ithird_party/utf8_range -Ithird_party/xxhash -Ithird_party/zlib -I/usr/local/google/home/ssreenithi/.pyenv/versions/3.12.0/envs/pyvenv_312/include -I/usr/local/google/home/ssreenithi/.pyenv/versions/3.12.0/include/python3.12 -c third_party/upb/upb/reflection/enum_reserved_range.c -o pyb/temp.linux-x86_64-cpython-312/third_party/upb/upb/reflection/enum_reserved_range.o -fvisibility=hidden -fno-wrapv -fno-exceptions -pthread
      g++ -fno-strict-overflow -Wsign-compare -DNDEBUG -g -O3 -Wall -fPIC -D_WIN32_WINNT=1536 -DGRPC_XDS_USER_AGENT_NAME_SUFFIX=\"Python\" -DGRPC_XDS_USER_AGENT_VERSION_SUFFIX=\"1.79.0.dev0\" -DHAVE_CONFIG_H=1 -DGRPC_ENABLE_FORK_SUPPORT=1 -DGRPC_ENABLE_FORK_SUPPORT_DEFAULT=false -DGRPC_PYTHON_BUILD=1 -D__STDC_FORMAT_MACROS "-DPyMODINIT_FUNC=extern \"C\" __attribute__((visibility (\"default\"))) PyObject*" -DGRPC_POSIX_FORK_ALLOW_PTHREAD_ATFORK=1 -Isrc/python/grpcio -Iinclude -I. -Ithird_party/abseil-cpp -Ithird_party/address_sorting/include -Ithird_party/cares/cares/include -Ithird_party/cares -Ithird_party/cares/cares -Ithird_party/cares/cares/src/lib/include -Ithird_party/cares/cares/src/lib -Ithird_party/cares/config_linux -Ithird_party/re2 -Ithird_party/boringssl-with-bazel/src/include -Ithird_party/upb -Isrc/core/ext/upb-gen -Isrc/core/ext/upbdefs-gen -Ithird_party/utf8_range -Ithird_party/xxhash -Ithird_party/zlib -I/usr/local/google/home/ssreenithi/.pyenv/versions/3.12.0/envs/pyvenv_312/include -I/usr/local/google/home/ssreenithi/.pyenv/versions/3.12.0/include/python3.12 -c src/core/ext/filters/fault_injection/fault_injection_filter.cc -o pyb/temp.linux-x86_64-cpython-312/src/core/ext/filters/fault_injection/fault_injection_filter.o -std=c++17 -fvisibility=hidden -fno-wrapv -fno-exceptions -pthread
      g++ -fno-strict-overflow -Wsign-compare -DNDEBUG -g -O3 -Wall -fPIC -D_WIN32_WINNT=1536 -DGRPC_XDS_USER_AGENT_NAME_SUFFIX=\"Python\" -DGRPC_XDS_USER_AGENT_VERSION_SUFFIX=\"1.79.0.dev0\" -DHAVE_CONFIG_H=1 -DGRPC_ENABLE_FORK_SUPPORT=1 -DGRPC_ENABLE_FORK_SUPPORT_DEFAULT=false -DGRPC_PYTHON_BUILD=1 -D__STDC_FORMAT_MACROS "-DPyMODINIT_FUNC=extern \"C\" __attribute__((visibility (\"default\"))) PyObject*" -DGRPC_POSIX_FORK_ALLOW_PTHREAD_ATFORK=1 -Isrc/python/grpcio -Iinclude -I. -Ithird_party/abseil-cpp -Ithird_party/address_sorting/include -Ithird_party/cares/cares/include -Ithird_party/cares -Ithird_party/cares/cares -Ithird_party/cares/cares/src/lib/include -Ithird_party/cares/cares/src/lib -Ithird_party/cares/config_linux -Ithird_party/re2 -Ithird_party/boringssl-with-bazel/src/include -Ithird_party/upb -Isrc/core/ext/upb-gen -Isrc/core/ext/upbdefs-gen -Ithird_party/utf8_range -Ithird_party/xxhash -Ithird_party/zlib -I/usr/local/google/home/ssreenithi/.pyenv/versions/3.12.0/envs/pyvenv_312/include -I/usr/local/google/home/ssreenithi/.pyenv/versions/3.12.0/include/python3.12 -c third_party/boringssl-with-bazel/src/crypto/x509/x509_vpm.cc -o pyb/temp.linux-x86_64-cpython-312/third_party/boringssl-with-bazel/src/crypto/x509/x509_vpm.o -std=c++17 -fvisibility=hidden -fno-wrapv -fno-exceptions -pthread
      gcc -fno-strict-overflow -Wsign-compare -DNDEBUG -g -O3 -Wall -fPIC -D_WIN32_WINNT=1536 -DGRPC_XDS_USER_AGENT_NAME_SUFFIX=\"Python\" -DGRPC_XDS_USER_AGENT_VERSION_SUFFIX=\"1.79.0.dev0\" -DHAVE_CONFIG_H=1 -DGRPC_ENABLE_FORK_SUPPORT=1 -DGRPC_ENABLE_FORK_SUPPORT_DEFAULT=false -DGRPC_PYTHON_BUILD=1 -D__STDC_FORMAT_MACROS "-DPyMODINIT_FUNC=extern \"C\" __attribute__((visibility (\"default\"))) PyObject*" -DGRPC_POSIX_FORK_ALLOW_PTHREAD_ATFORK=1 -Isrc/python/grpcio -Iinclude -I. -Ithird_party/abseil-cpp -Ithird_party/address_sorting/include -Ithird_party/cares/cares/include -Ithird_party/cares -Ithird_party/cares/cares -Ithird_party/cares/cares/src/lib/include -Ithird_party/cares/cares/src/lib -Ithird_party/cares/config_linux -Ithird_party/re2 -Ithird_party/boringssl-with-bazel/src/include -Ithird_party/upb -Isrc/core/ext/upb-gen -Isrc/core/ext/upbdefs-gen -Ithird_party/utf8_range -Ithird_party/xxhash -Ithird_party/zlib -I/usr/local/google/home/ssreenithi/.pyenv/versions/3.12.0/envs/pyvenv_312/include -I/usr/local/google/home/ssreenithi/.pyenv/versions/3.12.0/include/python3.12 -c third_party/cares/cares/src/lib/legacy/ares_parse_naptr_reply.c -o pyb/temp.linux-x86_64-cpython-312/third_party/cares/cares/src/lib/legacy/ares_parse_naptr_reply.o -fvisibility=hidden -fno-wrapv -fno-exceptions -pthread
      gcc -fno-strict-overflow -Wsign-compare -DNDEBUG -g -O3 -Wall -fPIC -D_WIN32_WINNT=1536 -DGRPC_XDS_USER_AGENT_NAME_SUFFIX=\"Python\" -DGRPC_XDS_USER_AGENT_VERSION_SUFFIX=\"1.79.0.dev0\" -DHAVE_CONFIG_H=1 -DGRPC_ENABLE_FORK_SUPPORT=1 -DGRPC_ENABLE_FORK_SUPPORT_DEFAULT=false -DGRPC_PYTHON_BUILD=1 -D__STDC_FORMAT_MACROS "-DPyMODINIT_FUNC=extern \"C\" __attribute__((visibility (\"default\"))) PyObject*" -DGRPC_POSIX_FORK_ALLOW_PTHREAD_ATFORK=1 -Isrc/python/grpcio -Iinclude -I. -Ithird_party/abseil-cpp -Ithird_party/address_sorting/include -Ithird_party/cares/cares/include -Ithird_party/cares -Ithird_party/cares/cares -Ithird_party/cares/cares/src/lib/include -Ithird_party/cares/cares/src/lib -Ithird_party/cares/config_linux -Ithird_party/re2 -Ithird_party/boringssl-with-bazel/src/include -Ithird_party/upb -Isrc/core/ext/upb-gen -Isrc/core/ext/upbdefs-gen -Ithird_party/utf8_range -Ithird_party/xxhash -Ithird_party/zlib -I/usr/local/google/home/ssreenithi/.pyenv/versions/3.12.0/envs/pyvenv_312/include -I/usr/local/google/home/ssreenithi/.pyenv/versions/3.12.0/include/python3.12 -c third_party/upb/upb/lex/unicode.c -o pyb/temp.linux-x86_64-cpython-312/third_party/upb/upb/lex/unicode.o -fvisibility=hidden -fno-wrapv -fno-exceptions -pthread
      g++ -fno-strict-overflow -Wsign-compare -DNDEBUG -g -O3 -Wall -fPIC -D_WIN32_WINNT=1536 -DGRPC_XDS_USER_AGENT_NAME_SUFFIX=\"Python\" -DGRPC_XDS_USER_AGENT_VERSION_SUFFIX=\"1.79.0.dev0\" -DHAVE_CONFIG_H=1 -DGRPC_ENABLE_FORK_SUPPORT=1 -DGRPC_ENABLE_FORK_SUPPORT_DEFAULT=false -DGRPC_PYTHON_BUILD=1 -D__STDC_FORMAT_MACROS "-DPyMODINIT_FUNC=extern \"C\" __attribute__((visibility (\"default\"))) PyObject*" -DGRPC_POSIX_FORK_ALLOW_PTHREAD_ATFORK=1 -Isrc/python/grpcio -Iinclude -I. -Ithird_party/abseil-cpp -Ithird_party/address_sorting/include -Ithird_party/cares/cares/include -Ithird_party/cares -Ithird_party/cares/cares -Ithird_party/cares/cares/src/lib/include -Ithird_party/cares/cares/src/lib -Ithird_party/cares/config_linux -Ithird_party/re2 -Ithird_party/boringssl-with-bazel/src/include -Ithird_party/upb -Isrc/core/ext/upb-gen -Isrc/core/ext/upbdefs-gen -Ithird_party/utf8_range -Ithird_party/xxhash -Ithird_party/zlib -I/usr/local/google/home/ssreenithi/.pyenv/versions/3.12.0/envs/pyvenv_312/include -I/usr/local/google/home/ssreenithi/.pyenv/versions/3.12.0/include/python3.12 -c third_party/boringssl-with-bazel/src/crypto/x509/x_val.cc -o pyb/temp.linux-x86_64-cpython-312/third_party/boringssl-with-bazel/src/crypto/x509/x_val.o -std=c++17 -fvisibility=hidden -fno-wrapv -fno-exceptions -pthread
      gcc -fno-strict-overflow -Wsign-compare -DNDEBUG -g -O3 -Wall -fPIC -D_WIN32_WINNT=1536 -DGRPC_XDS_USER_AGENT_NAME_SUFFIX=\"Python\" -DGRPC_XDS_USER_AGENT_VERSION_SUFFIX=\"1.79.0.dev0\" -DHAVE_CONFIG_H=1 -DGRPC_ENABLE_FORK_SUPPORT=1 -DGRPC_ENABLE_FORK_SUPPORT_DEFAULT=false -DGRPC_PYTHON_BUILD=1 -D__STDC_FORMAT_MACROS "-DPyMODINIT_FUNC=extern \"C\" __attribute__((visibility (\"default\"))) PyObject*" -DGRPC_POSIX_FORK_ALLOW_PTHREAD_ATFORK=1 -Isrc/python/grpcio -Iinclude -I. -Ithird_party/abseil-cpp -Ithird_party/address_sorting/include -Ithird_party/cares/cares/include -Ithird_party/cares -Ithird_party/cares/cares -Ithird_party/cares/cares/src/lib/include -Ithird_party/cares/cares/src/lib -Ithird_party/cares/config_linux -Ithird_party/re2 -Ithird_party/boringssl-with-bazel/src/include -Ithird_party/upb -Isrc/core/ext/upb-gen -Isrc/core/ext/upbdefs-gen -Ithird_party/utf8_range -Ithird_party/xxhash -Ithird_party/zlib -I/usr/local/google/home/ssreenithi/.pyenv/versions/3.12.0/envs/pyvenv_312/include -I/usr/local/google/home/ssreenithi/.pyenv/versions/3.12.0/include/python3.12 -c third_party/cares/cares/src/lib/legacy/ares_parse_uri_reply.c -o pyb/temp.linux-x86_64-cpython-312/third_party/cares/cares/src/lib/legacy/ares_parse_uri_reply.o -fvisibility=hidden -fno-wrapv -fno-exceptions -pthread
      g++ -fno-strict-overflow -Wsign-compare -DNDEBUG -g -O3 -Wall -fPIC -D_WIN32_WINNT=1536 -DGRPC_XDS_USER_AGENT_NAME_SUFFIX=\"Python\" -DGRPC_XDS_USER_AGENT_VERSION_SUFFIX=\"1.79.0.dev0\" -DHAVE_CONFIG_H=1 -DGRPC_ENABLE_FORK_SUPPORT=1 -DGRPC_ENABLE_FORK_SUPPORT_DEFAULT=false -DGRPC_PYTHON_BUILD=1 -D__STDC_FORMAT_MACROS "-DPyMODINIT_FUNC=extern \"C\" __attribute__((visibility (\"default\"))) PyObject*" -DGRPC_POSIX_FORK_ALLOW_PTHREAD_ATFORK=1 -Isrc/python/grpcio -Iinclude -I. -Ithird_party/abseil-cpp -Ithird_party/address_sorting/include -Ithird_party/cares/cares/include -Ithird_party/cares -Ithird_party/cares/cares -Ithird_party/cares/cares/src/lib/include -Ithird_party/cares/cares/src/lib -Ithird_party/cares/config_linux -Ithird_party/re2 -Ithird_party/boringssl-with-bazel/src/include -Ithird_party/upb -Isrc/core/ext/upb-gen -Isrc/core/ext/upbdefs-gen -Ithird_party/utf8_range -Ithird_party/xxhash -Ithird_party/zlib -I/usr/local/google/home/ssreenithi/.pyenv/versions/3.12.0/envs/pyvenv_312/include -I/usr/local/google/home/ssreenithi/.pyenv/versions/3.12.0/include/python3.12 -c third_party/boringssl-with-bazel/src/crypto/x509/x_crl.cc -o pyb/temp.linux-x86_64-cpython-312/third_party/boringssl-with-bazel/src/crypto/x509/x_crl.o -std=c++17 -fvisibility=hidden -fno-wrapv -fno-exceptions -pthread
      gcc -fno-strict-overflow -Wsign-compare -DNDEBUG -g -O3 -Wall -fPIC -D_WIN32_WINNT=1536 -DGRPC_XDS_USER_AGENT_NAME_SUFFIX=\"Python\" -DGRPC_XDS_USER_AGENT_VERSION_SUFFIX=\"1.79.0.dev0\" -DHAVE_CONFIG_H=1 -DGRPC_ENABLE_FORK_SUPPORT=1 -DGRPC_ENABLE_FORK_SUPPORT_DEFAULT=false -DGRPC_PYTHON_BUILD=1 -D__STDC_FORMAT_MACROS "-DPyMODINIT_FUNC=extern \"C\" __attribute__((visibility (\"default\"))) PyObject*" -DGRPC_POSIX_FORK_ALLOW_PTHREAD_ATFORK=1 -Isrc/python/grpcio -Iinclude -I. -Ithird_party/abseil-cpp -Ithird_party/address_sorting/include -Ithird_party/cares/cares/include -Ithird_party/cares -Ithird_party/cares/cares -Ithird_party/cares/cares/src/lib/include -Ithird_party/cares/cares/src/lib -Ithird_party/cares/config_linux -Ithird_party/re2 -Ithird_party/boringssl-with-bazel/src/include -Ithird_party/upb -Isrc/core/ext/upb-gen -Isrc/core/ext/upbdefs-gen -Ithird_party/utf8_range -Ithird_party/xxhash -Ithird_party/zlib -I/usr/local/google/home/ssreenithi/.pyenv/versions/3.12.0/envs/pyvenv_312/include -I/usr/local/google/home/ssreenithi/.pyenv/versions/3.12.0/include/python3.12 -c third_party/upb/upb/message/message.c -o pyb/temp.linux-x86_64-cpython-312/third_party/upb/upb/message/message.o -fvisibility=hidden -fno-wrapv -fno-exceptions -pthread
      g++ -fno-strict-overflow -Wsign-compare -DNDEBUG -g -O3 -Wall -fPIC -D_WIN32_WINNT=1536 -DGRPC_XDS_USER_AGENT_NAME_SUFFIX=\"Python\" -DGRPC_XDS_USER_AGENT_VERSION_SUFFIX=\"1.79.0.dev0\" -DHAVE_CONFIG_H=1 -DGRPC_ENABLE_FORK_SUPPORT=1 -DGRPC_ENABLE_FORK_SUPPORT_DEFAULT=false -DGRPC_PYTHON_BUILD=1 -D__STDC_FORMAT_MACROS "-DPyMODINIT_FUNC=extern \"C\" __attribute__((visibility (\"default\"))) PyObject*" -DGRPC_POSIX_FORK_ALLOW_PTHREAD_ATFORK=1 -Isrc/python/grpcio -Iinclude -I. -Ithird_party/abseil-cpp -Ithird_party/address_sorting/include -Ithird_party/cares/cares/include -Ithird_party/cares -Ithird_party/cares/cares -Ithird_party/cares/cares/src/lib/include -Ithird_party/cares/cares/src/lib -Ithird_party/cares/config_linux -Ithird_party/re2 -Ithird_party/boringssl-with-bazel/src/include -Ithird_party/upb -Isrc/core/ext/upb-gen -Isrc/core/ext/upbdefs-gen -Ithird_party/utf8_range -Ithird_party/xxhash -Ithird_party/zlib -I/usr/local/google/home/ssreenithi/.pyenv/versions/3.12.0/envs/pyvenv_312/include -I/usr/local/google/home/ssreenithi/.pyenv/versions/3.12.0/include/python3.12 -c third_party/boringssl-with-bazel/src/ssl/ssl_versions.cc -o pyb/temp.linux-x86_64-cpython-312/third_party/boringssl-with-bazel/src/ssl/ssl_versions.o -std=c++17 -fvisibility=hidden -fno-wrapv -fno-exceptions -pthread
      gcc -fno-strict-overflow -Wsign-compare -DNDEBUG -g -O3 -Wall -fPIC -D_WIN32_WINNT=1536 -DGRPC_XDS_USER_AGENT_NAME_SUFFIX=\"Python\" -DGRPC_XDS_USER_AGENT_VERSION_SUFFIX=\"1.79.0.dev0\" -DHAVE_CONFIG_H=1 -DGRPC_ENABLE_FORK_SUPPORT=1 -DGRPC_ENABLE_FORK_SUPPORT_DEFAULT=false -DGRPC_PYTHON_BUILD=1 -D__STDC_FORMAT_MACROS "-DPyMODINIT_FUNC=extern \"C\" __attribute__((visibility (\"default\"))) PyObject*" -DGRPC_POSIX_FORK_ALLOW_PTHREAD_ATFORK=1 -Isrc/python/grpcio -Iinclude -I. -Ithird_party/abseil-cpp -Ithird_party/address_sorting/include -Ithird_party/cares/cares/include -Ithird_party/cares -Ithird_party/cares/cares -Ithird_party/cares/cares/src/lib/include -Ithird_party/cares/cares/src/lib -Ithird_party/cares/config_linux -Ithird_party/re2 -Ithird_party/boringssl-with-bazel/src/include -Ithird_party/upb -Isrc/core/ext/upb-gen -Isrc/core/ext/upbdefs-gen -Ithird_party/utf8_range -Ithird_party/xxhash -Ithird_party/zlib -I/usr/local/google/home/ssreenithi/.pyenv/versions/3.12.0/envs/pyvenv_312/include -I/usr/local/google/home/ssreenithi/.pyenv/versions/3.12.0/include/python3.12 -c third_party/upb/upb/mini_table/internal/message.c -o pyb/temp.linux-x86_64-cpython-312/third_party/upb/upb/mini_table/internal/message.o -fvisibility=hidden -fno-wrapv -fno-exceptions -pthread
      gcc -fno-strict-overflow -Wsign-compare -DNDEBUG -g -O3 -Wall -fPIC -D_WIN32_WINNT=1536 -DGRPC_XDS_USER_AGENT_NAME_SUFFIX=\"Python\" -DGRPC_XDS_USER_AGENT_VERSION_SUFFIX=\"1.79.0.dev0\" -DHAVE_CONFIG_H=1 -DGRPC_ENABLE_FORK_SUPPORT=1 -DGRPC_ENABLE_FORK_SUPPORT_DEFAULT=false -DGRPC_PYTHON_BUILD=1 -D__STDC_FORMAT_MACROS "-DPyMODINIT_FUNC=extern \"C\" __attribute__((visibility (\"default\"))) PyObject*" -DGRPC_POSIX_FORK_ALLOW_PTHREAD_ATFORK=1 -Isrc/python/grpcio -Iinclude -I. -Ithird_party/abseil-cpp -Ithird_party/address_sorting/include -Ithird_party/cares/cares/include -Ithird_party/cares -Ithird_party/cares/cares -Ithird_party/cares/cares/src/lib/include -Ithird_party/cares/cares/src/lib -Ithird_party/cares/config_linux -Ithird_party/re2 -Ithird_party/boringssl-with-bazel/src/include -Ithird_party/upb -Isrc/core/ext/upb-gen -Isrc/core/ext/upbdefs-gen -Ithird_party/utf8_range -Ithird_party/xxhash -Ithird_party/zlib -I/usr/local/google/home/ssreenithi/.pyenv/versions/3.12.0/envs/pyvenv_312/include -I/usr/local/google/home/ssreenithi/.pyenv/versions/3.12.0/include/python3.12 -c third_party/upb/upb/mem/alloc.c -o pyb/temp.linux-x86_64-cpython-312/third_party/upb/upb/mem/alloc.o -fvisibility=hidden -fno-wrapv -fno-exceptions -pthread
      gcc -fno-strict-overflow -Wsign-compare -DNDEBUG -g -O3 -Wall -fPIC -D_WIN32_WINNT=1536 -DGRPC_XDS_USER_AGENT_NAME_SUFFIX=\"Python\" -DGRPC_XDS_USER_AGENT_VERSION_SUFFIX=\"1.79.0.dev0\" -DHAVE_CONFIG_H=1 -DGRPC_ENABLE_FORK_SUPPORT=1 -DGRPC_ENABLE_FORK_SUPPORT_DEFAULT=false -DGRPC_PYTHON_BUILD=1 -D__STDC_FORMAT_MACROS "-DPyMODINIT_FUNC=extern \"C\" __attribute__((visibility (\"default\"))) PyObject*" -DGRPC_POSIX_FORK_ALLOW_PTHREAD_ATFORK=1 -Isrc/python/grpcio -Iinclude -I. -Ithird_party/abseil-cpp -Ithird_party/address_sorting/include -Ithird_party/cares/cares/include -Ithird_party/cares -Ithird_party/cares/cares -Ithird_party/cares/cares/src/lib/include -Ithird_party/cares/cares/src/lib -Ithird_party/cares/config_linux -Ithird_party/re2 -Ithird_party/boringssl-with-bazel/src/include -Ithird_party/upb -Isrc/core/ext/upb-gen -Isrc/core/ext/upbdefs-gen -Ithird_party/utf8_range -Ithird_party/xxhash -Ithird_party/zlib -I/usr/local/google/home/ssreenithi/.pyenv/versions/3.12.0/envs/pyvenv_312/include -I/usr/local/google/home/ssreenithi/.pyenv/versions/3.12.0/include/python3.12 -c third_party/cares/cares/src/lib/legacy/ares_expand_string.c -o pyb/temp.linux-x86_64-cpython-312/third_party/cares/cares/src/lib/legacy/ares_expand_string.o -fvisibility=hidden -fno-wrapv -fno-exceptions -pthread
      gcc -fno-strict-overflow -Wsign-compare -DNDEBUG -g -O3 -Wall -fPIC -D_WIN32_WINNT=1536 -DGRPC_XDS_USER_AGENT_NAME_SUFFIX=\"Python\" -DGRPC_XDS_USER_AGENT_VERSION_SUFFIX=\"1.79.0.dev0\" -DHAVE_CONFIG_H=1 -DGRPC_ENABLE_FORK_SUPPORT=1 -DGRPC_ENABLE_FORK_SUPPORT_DEFAULT=false -DGRPC_PYTHON_BUILD=1 -D__STDC_FORMAT_MACROS "-DPyMODINIT_FUNC=extern \"C\" __attribute__((visibility (\"default\"))) PyObject*" -DGRPC_POSIX_FORK_ALLOW_PTHREAD_ATFORK=1 -Isrc/python/grpcio -Iinclude -I. -Ithird_party/abseil-cpp -Ithird_party/address_sorting/include -Ithird_party/cares/cares/include -Ithird_party/cares -Ithird_party/cares/cares -Ithird_party/cares/cares/src/lib/include -Ithird_party/cares/cares/src/lib -Ithird_party/cares/config_linux -Ithird_party/re2 -Ithird_party/boringssl-with-bazel/src/include -Ithird_party/upb -Isrc/core/ext/upb-gen -Isrc/core/ext/upbdefs-gen -Ithird_party/utf8_range -Ithird_party/xxhash -Ithird_party/zlib -I/usr/local/google/home/ssreenithi/.pyenv/versions/3.12.0/envs/pyvenv_312/include -I/usr/local/google/home/ssreenithi/.pyenv/versions/3.12.0/include/python3.12 -c third_party/cares/cares/src/lib/util/ares_threads.c -o pyb/temp.linux-x86_64-cpython-312/third_party/cares/cares/src/lib/util/ares_threads.o -fvisibility=hidden -fno-wrapv -fno-exceptions -pthread
      gcc -fno-strict-overflow -Wsign-compare -DNDEBUG -g -O3 -Wall -fPIC -D_WIN32_WINNT=1536 -DGRPC_XDS_USER_AGENT_NAME_SUFFIX=\"Python\" -DGRPC_XDS_USER_AGENT_VERSION_SUFFIX=\"1.79.0.dev0\" -DHAVE_CONFIG_H=1 -DGRPC_ENABLE_FORK_SUPPORT=1 -DGRPC_ENABLE_FORK_SUPPORT_DEFAULT=false -DGRPC_PYTHON_BUILD=1 -D__STDC_FORMAT_MACROS "-DPyMODINIT_FUNC=extern \"C\" __attribute__((visibility (\"default\"))) PyObject*" -DGRPC_POSIX_FORK_ALLOW_PTHREAD_ATFORK=1 -Isrc/python/grpcio -Iinclude -I. -Ithird_party/abseil-cpp -Ithird_party/address_sorting/include -Ithird_party/cares/cares/include -Ithird_party/cares -Ithird_party/cares/cares -Ithird_party/cares/cares/src/lib/include -Ithird_party/cares/cares/src/lib -Ithird_party/cares/config_linux -Ithird_party/re2 -Ithird_party/boringssl-with-bazel/src/include -Ithird_party/upb -Isrc/core/ext/upb-gen -Isrc/core/ext/upbdefs-gen -Ithird_party/utf8_range -Ithird_party/xxhash -Ithird_party/zlib -I/usr/local/google/home/ssreenithi/.pyenv/versions/3.12.0/envs/pyvenv_312/include -I/usr/local/google/home/ssreenithi/.pyenv/versions/3.12.0/include/python3.12 -c third_party/upb/upb/reflection/message.c -o pyb/temp.linux-x86_64-cpython-312/third_party/upb/upb/reflection/message.o -fvisibility=hidden -fno-wrapv -fno-exceptions -pthread
      g++ -fno-strict-overflow -Wsign-compare -DNDEBUG -g -O3 -Wall -fPIC -D_WIN32_WINNT=1536 -DGRPC_XDS_USER_AGENT_NAME_SUFFIX=\"Python\" -DGRPC_XDS_USER_AGENT_VERSION_SUFFIX=\"1.79.0.dev0\" -DHAVE_CONFIG_H=1 -DGRPC_ENABLE_FORK_SUPPORT=1 -DGRPC_ENABLE_FORK_SUPPORT_DEFAULT=false -DGRPC_PYTHON_BUILD=1 -D__STDC_FORMAT_MACROS "-DPyMODINIT_FUNC=extern \"C\" __attribute__((visibility (\"default\"))) PyObject*" -DGRPC_POSIX_FORK_ALLOW_PTHREAD_ATFORK=1 -Isrc/python/grpcio -Iinclude -I. -Ithird_party/abseil-cpp -Ithird_party/address_sorting/include -Ithird_party/cares/cares/include -Ithird_party/cares -Ithird_party/cares/cares -Ithird_party/cares/cares/src/lib/include -Ithird_party/cares/cares/src/lib -Ithird_party/cares/config_linux -Ithird_party/re2 -Ithird_party/boringssl-with-bazel/src/include -Ithird_party/upb -Isrc/core/ext/upb-gen -Isrc/core/ext/upbdefs-gen -Ithird_party/utf8_range -Ithird_party/xxhash -Ithird_party/zlib -I/usr/local/google/home/ssreenithi/.pyenv/versions/3.12.0/envs/pyvenv_312/include -I/usr/local/google/home/ssreenithi/.pyenv/versions/3.12.0/include/python3.12 -c third_party/boringssl-with-bazel/src/crypto/mldsa/mldsa.cc -o pyb/temp.linux-x86_64-cpython-312/third_party/boringssl-with-bazel/src/crypto/mldsa/mldsa.o -std=c++17 -fvisibility=hidden -fno-wrapv -fno-exceptions -pthread
      gcc -fno-strict-overflow -Wsign-compare -DNDEBUG -g -O3 -Wall -fPIC -D_WIN32_WINNT=1536 -DGRPC_XDS_USER_AGENT_NAME_SUFFIX=\"Python\" -DGRPC_XDS_USER_AGENT_VERSION_SUFFIX=\"1.79.0.dev0\" -DHAVE_CONFIG_H=1 -DGRPC_ENABLE_FORK_SUPPORT=1 -DGRPC_ENABLE_FORK_SUPPORT_DEFAULT=false -DGRPC_PYTHON_BUILD=1 -D__STDC_FORMAT_MACROS "-DPyMODINIT_FUNC=extern \"C\" __attribute__((visibility (\"default\"))) PyObject*" -DGRPC_POSIX_FORK_ALLOW_PTHREAD_ATFORK=1 -Isrc/python/grpcio -Iinclude -I. -Ithird_party/abseil-cpp -Ithird_party/address_sorting/include -Ithird_party/cares/cares/include -Ithird_party/cares -Ithird_party/cares/cares -Ithird_party/cares/cares/src/lib/include -Ithird_party/cares/cares/src/lib -Ithird_party/cares/config_linux -Ithird_party/re2 -Ithird_party/boringssl-with-bazel/src/include -Ithird_party/upb -Isrc/core/ext/upb-gen -Isrc/core/ext/upbdefs-gen -Ithird_party/utf8_range -Ithird_party/xxhash -Ithird_party/zlib -I/usr/local/google/home/ssreenithi/.pyenv/versions/3.12.0/envs/pyvenv_312/include -I/usr/local/google/home/ssreenithi/.pyenv/versions/3.12.0/include/python3.12 -c third_party/upb/upb/text/internal/encode.c -o pyb/temp.linux-x86_64-cpython-312/third_party/upb/upb/text/internal/encode.o -fvisibility=hidden -fno-wrapv -fno-exceptions -pthread
      gcc -fno-strict-overflow -Wsign-compare -DNDEBUG -g -O3 -Wall -fPIC -D_WIN32_WINNT=1536 -DGRPC_XDS_USER_AGENT_NAME_SUFFIX=\"Python\" -DGRPC_XDS_USER_AGENT_VERSION_SUFFIX=\"1.79.0.dev0\" -DHAVE_CONFIG_H=1 -DGRPC_ENABLE_FORK_SUPPORT=1 -DGRPC_ENABLE_FORK_SUPPORT_DEFAULT=false -DGRPC_PYTHON_BUILD=1 -D__STDC_FORMAT_MACROS "-DPyMODINIT_FUNC=extern \"C\" __attribute__((visibility (\"default\"))) PyObject*" -DGRPC_POSIX_FORK_ALLOW_PTHREAD_ATFORK=1 -Isrc/python/grpcio -Iinclude -I. -Ithird_party/abseil-cpp -Ithird_party/address_sorting/include -Ithird_party/cares/cares/include -Ithird_party/cares -Ithird_party/cares/cares -Ithird_party/cares/cares/src/lib/include -Ithird_party/cares/cares/src/lib -Ithird_party/cares/config_linux -Ithird_party/re2 -Ithird_party/boringssl-with-bazel/src/include -Ithird_party/upb -Isrc/core/ext/upb-gen -Isrc/core/ext/upbdefs-gen -Ithird_party/utf8_range -Ithird_party/xxhash -Ithird_party/zlib -I/usr/local/google/home/ssreenithi/.pyenv/versions/3.12.0/envs/pyvenv_312/include -I/usr/local/google/home/ssreenithi/.pyenv/versions/3.12.0/include/python3.12 -c third_party/upb/upb/mini_table/message.c -o pyb/temp.linux-x86_64-cpython-312/third_party/upb/upb/mini_table/message.o -fvisibility=hidden -fno-wrapv -fno-exceptions -pthread
      gcc -fno-strict-overflow -Wsign-compare -DNDEBUG -g -O3 -Wall -fPIC -D_WIN32_WINNT=1536 -DGRPC_XDS_USER_AGENT_NAME_SUFFIX=\"Python\" -DGRPC_XDS_USER_AGENT_VERSION_SUFFIX=\"1.79.0.dev0\" -DHAVE_CONFIG_H=1 -DGRPC_ENABLE_FORK_SUPPORT=1 -DGRPC_ENABLE_FORK_SUPPORT_DEFAULT=false -DGRPC_PYTHON_BUILD=1 -D__STDC_FORMAT_MACROS "-DPyMODINIT_FUNC=extern \"C\" __attribute__((visibility (\"default\"))) PyObject*" -DGRPC_POSIX_FORK_ALLOW_PTHREAD_ATFORK=1 -Isrc/python/grpcio -Iinclude -I. -Ithird_party/abseil-cpp -Ithird_party/address_sorting/include -Ithird_party/cares/cares/include -Ithird_party/cares -Ithird_party/cares/cares -Ithird_party/cares/cares/src/lib/include -Ithird_party/cares/cares/src/lib -Ithird_party/cares/config_linux -Ithird_party/re2 -Ithird_party/boringssl-with-bazel/src/include -Ithird_party/upb -Isrc/core/ext/upb-gen -Isrc/core/ext/upbdefs-gen -Ithird_party/utf8_range -Ithird_party/xxhash -Ithird_party/zlib -I/usr/local/google/home/ssreenithi/.pyenv/versions/3.12.0/envs/pyvenv_312/include -I/usr/local/google/home/ssreenithi/.pyenv/versions/3.12.0/include/python3.12 -c third_party/zlib/adler32.c -o pyb/temp.linux-x86_64-cpython-312/third_party/zlib/adler32.o -fvisibility=hidden -fno-wrapv -fno-exceptions -pthread
      gcc -fno-strict-overflow -Wsign-compare -DNDEBUG -g -O3 -Wall -fPIC -D_WIN32_WINNT=1536 -DGRPC_XDS_USER_AGENT_NAME_SUFFIX=\"Python\" -DGRPC_XDS_USER_AGENT_VERSION_SUFFIX=\"1.79.0.dev0\" -DHAVE_CONFIG_H=1 -DGRPC_ENABLE_FORK_SUPPORT=1 -DGRPC_ENABLE_FORK_SUPPORT_DEFAULT=false -DGRPC_PYTHON_BUILD=1 -D__STDC_FORMAT_MACROS "-DPyMODINIT_FUNC=extern \"C\" __attribute__((visibility (\"default\"))) PyObject*" -DGRPC_POSIX_FORK_ALLOW_PTHREAD_ATFORK=1 -Isrc/python/grpcio -Iinclude -I. -Ithird_party/abseil-cpp -Ithird_party/address_sorting/include -Ithird_party/cares/cares/include -Ithird_party/cares -Ithird_party/cares/cares -Ithird_party/cares/cares/src/lib/include -Ithird_party/cares/cares/src/lib -Ithird_party/cares/config_linux -Ithird_party/re2 -Ithird_party/boringssl-with-bazel/src/include -Ithird_party/upb -Isrc/core/ext/upb-gen -Isrc/core/ext/upbdefs-gen -Ithird_party/utf8_range -Ithird_party/xxhash -Ithird_party/zlib -I/usr/local/google/home/ssreenithi/.pyenv/versions/3.12.0/envs/pyvenv_312/include -I/usr/local/google/home/ssreenithi/.pyenv/versions/3.12.0/include/python3.12 -c third_party/cares/cares/src/lib/record/ares_dns_mapping.c -o pyb/temp.linux-x86_64-cpython-312/third_party/cares/cares/src/lib/record/ares_dns_mapping.o -fvisibility=hidden -fno-wrapv -fno-exceptions -pthread
      gcc -fno-strict-overflow -Wsign-compare -DNDEBUG -g -O3 -Wall -fPIC -D_WIN32_WINNT=1536 -DGRPC_XDS_USER_AGENT_NAME_SUFFIX=\"Python\" -DGRPC_XDS_USER_AGENT_VERSION_SUFFIX=\"1.79.0.dev0\" -DHAVE_CONFIG_H=1 -DGRPC_ENABLE_FORK_SUPPORT=1 -DGRPC_ENABLE_FORK_SUPPORT_DEFAULT=false -DGRPC_PYTHON_BUILD=1 -D__STDC_FORMAT_MACROS "-DPyMODINIT_FUNC=extern \"C\" __attribute__((visibility (\"default\"))) PyObject*" -DGRPC_POSIX_FORK_ALLOW_PTHREAD_ATFORK=1 -Isrc/python/grpcio -Iinclude -I. -Ithird_party/abseil-cpp -Ithird_party/address_sorting/include -Ithird_party/cares/cares/include -Ithird_party/cares -Ithird_party/cares/cares -Ithird_party/cares/cares/src/lib/include -Ithird_party/cares/cares/src/lib -Ithird_party/cares/config_linux -Ithird_party/re2 -Ithird_party/boringssl-with-bazel/src/include -Ithird_party/upb -Isrc/core/ext/upb-gen -Isrc/core/ext/upbdefs-gen -Ithird_party/utf8_range -Ithird_party/xxhash -Ithird_party/zlib -I/usr/local/google/home/ssreenithi/.pyenv/versions/3.12.0/envs/pyvenv_312/include -I/usr/local/google/home/ssreenithi/.pyenv/versions/3.12.0/include/python3.12 -c third_party/upb/upb/mem/arena.c -o pyb/temp.linux-x86_64-cpython-312/third_party/upb/upb/mem/arena.o -fvisibility=hidden -fno-wrapv -fno-exceptions -pthread
      gcc -fno-strict-overflow -Wsign-compare -DNDEBUG -g -O3 -Wall -fPIC -D_WIN32_WINNT=1536 -DGRPC_XDS_USER_AGENT_NAME_SUFFIX=\"Python\" -DGRPC_XDS_USER_AGENT_VERSION_SUFFIX=\"1.79.0.dev0\" -DHAVE_CONFIG_H=1 -DGRPC_ENABLE_FORK_SUPPORT=1 -DGRPC_ENABLE_FORK_SUPPORT_DEFAULT=false -DGRPC_PYTHON_BUILD=1 -D__STDC_FORMAT_MACROS "-DPyMODINIT_FUNC=extern \"C\" __attribute__((visibility (\"default\"))) PyObject*" -DGRPC_POSIX_FORK_ALLOW_PTHREAD_ATFORK=1 -Isrc/python/grpcio -Iinclude -I. -Ithird_party/abseil-cpp -Ithird_party/address_sorting/include -Ithird_party/cares/cares/include -Ithird_party/cares -Ithird_party/cares/cares -Ithird_party/cares/cares/src/lib/include -Ithird_party/cares/cares/src/lib -Ithird_party/cares/config_linux -Ithird_party/re2 -Ithird_party/boringssl-with-bazel/src/include -Ithird_party/upb -Isrc/core/ext/upb-gen -Isrc/core/ext/upbdefs-gen -Ithird_party/utf8_range -Ithird_party/xxhash -Ithird_party/zlib -I/usr/local/google/home/ssreenithi/.pyenv/versions/3.12.0/envs/pyvenv_312/include -I/usr/local/google/home/ssreenithi/.pyenv/versions/3.12.0/include/python3.12 -c third_party/upb/upb/reflection/enum_value_def.c -o pyb/temp.linux-x86_64-cpython-312/third_party/upb/upb/reflection/enum_value_def.o -fvisibility=hidden -fno-wrapv -fno-exceptions -pthread
      In destructor ‘grpc_core::filters_detail::OperationExecutor<T>::~OperationExecutor() [with T = std::unique_ptr<grpc_core::Message, grpc_core::Arena::PooledDeleter>]’,
          inlined from ‘grpc_core::CallFilters::MessageExecutor<&grpc_core::CallFilters::push_server_to_client_message_, &grpc_core::filters_detail::StackData::server_to_client_messages, &grpc_core::CallState::FinishPullServerToClientMessage, std::reverse_iterator<const grpc_core::CallFilters::AddedStack*> >::~MessageExecutor()’ at ./src/core/call/call_filters.h:1886:9,
          inlined from ‘grpc_core::promise_detail::PromiseLike<grpc_core::CallFilters::MessageExecutor<&grpc_core::CallFilters::push_server_to_client_message_, &grpc_core::filters_detail::StackData::server_to_client_messages, &grpc_core::CallState::FinishPullServerToClientMessage, std::reverse_iterator<const grpc_core::CallFilters::AddedStack*> >, void>::~PromiseLike()’ at ./src/core/lib/promise/detail/promise_like.h:204:7,
          inlined from ‘void grpc_core::Destruct(T*) [with T = promise_detail::PromiseLike<CallFilters::MessageExecutor<&CallFilters::push_server_to_client_message_, &filters_detail::StackData::server_to_client_messages, &CallState::FinishPullServerToClientMessage, std::reverse_iterator<const CallFilters::AddedStack*> >, void>]’ at ./src/core/util/construct_destruct.h:28:8,
          inlined from ‘grpc_core::If<bool, T, F>::~If() [with T = grpc_core::CallFilters::PullServerToClientMessage()::<lambda(bool)>::<lambda()>; F = grpc_core::CallFilters::PullServerToClientMessage()::<lambda(bool)>::<lambda()>]’ at ./src/core/lib/promise/if.h:188:15,
          inlined from ‘grpc_core::promise_detail::PromiseLike<grpc_core::If<bool, grpc_core::CallFilters::PullServerToClientMessage()::<lambda(bool)>::<lambda()>, grpc_core::CallFilters::PullServerToClientMessage()::<lambda(bool)>::<lambda()> >, void>::~PromiseLike()’ at ./src/core/lib/promise/detail/promise_like.h:204:7,
          inlined from ‘void grpc_core::Destruct(T*) [with T = promise_detail::PromiseLike<If<bool, CallFilters::PullServerToClientMessage()::<lambda(bool)>::<lambda()>, CallFilters::PullServerToClientMessage()::<lambda(bool)>::<lambda()> >, void>]’ at ./src/core/util/construct_destruct.h:28:8,
          inlined from ‘grpc_core::promise_detail::SeqState<Traits, P, F0>::~SeqState() [with Traits = grpc_core::promise_detail::TrySeqTraits; P = grpc_core::CallFilters::PullServerToClientMessage()::<lambda()>; F0 = grpc_core::CallFilters::PullServerToClientMessage()::<lambda(bool)>]’ at ./src/core/lib/promise/detail/seq_state.h:116:17,
          inlined from ‘grpc_core::promise_detail::TrySeq<grpc_core::CallFilters::PullServerToClientMessage()::<lambda()>, grpc_core::CallFilters::PullServerToClientMessage()::<lambda(bool)> >::~TrySeq()’ at ./src/core/lib/promise/try_seq.h:254:7,
          inlined from ‘grpc_core::promise_detail::PromiseLike<grpc_core::promise_detail::TrySeq<grpc_core::CallFilters::PullServerToClientMessage()::<lambda()>, grpc_core::CallFilters::PullServerToClientMessage()::<lambda(bool)> >, void>::~PromiseLike()’ at ./src/core/lib/promise/detail/promise_like.h:204:7,
          inlined from ‘grpc_core::Map<grpc_core::promise_detail::TrySeq<grpc_core::CallFilters::PullServerToClientMessage()::<lambda()>, grpc_core::CallFilters::PullServerToClientMessage()::<lambda(bool)> >, grpc_core::MessageReceiver::MakeBatchOp<grpc_core::CallInitiator>(const grpc_op&, grpc_core::CallInitiator*)::<lambda()> mutable::<lambda(grpc_core::CallInitiator::NextMessage)> >::~Map()’ at ./src/core/lib/promise/map.h:134:7,
          inlined from ‘grpc_core::promise_detail::PromiseLike<grpc_core::Map<grpc_core::promise_detail::TrySeq<grpc_core::CallFilters::PullServerToClientMessage()::<lambda()>, grpc_core::CallFilters::PullServerToClientMessage()::<lambda(bool)> >, grpc_core::MessageReceiver::MakeBatchOp<grpc_core::CallInitiator>(const grpc_op&, grpc_core::CallInitiator*)::<lambda()> mutable::<lambda(grpc_core::CallInitiator::NextMessage)> >, void>::~PromiseLike()’ at ./src/core/lib/promise/detail/promise_like.h:204:7,
          inlined from ‘void grpc_core::Destruct(T*) [with T = promise_detail::PromiseLike<Map<promise_detail::TrySeq<CallFilters::PullServerToClientMessage()::<lambda()>, CallFilters::PullServerToClientMessage()::<lambda(bool)> >, MessageReceiver::MakeBatchOp<grpc_core::CallInitiator>(const grpc_op&, grpc_core::CallInitiator*)::<lambda()> mutable::<lambda(CallInitiator::NextMessage)> >, void>]’ at ./src/core/util/construct_destruct.h:28:8,
          inlined from ‘grpc_core::OpHandlerImpl<SetupResult, kOp>::~OpHandlerImpl() [with SetupResult = grpc_core::MessageReceiver::MakeBatchOp<grpc_core::CallInitiator>(const grpc_op&, grpc_core::CallInitiator*)::<lambda()>; grpc_op_type kOp = GRPC_OP_RECV_MESSAGE]’ at ./src/core/lib/surface/call_utils.h:195:17,
          inlined from ‘grpc_core::OpHandlerImpl<SetupResult, kOp>::~OpHandlerImpl() [with SetupResult = grpc_core::MessageReceiver::MakeBatchOp<grpc_core::CallInitiator>(const grpc_op&, grpc_core::CallInitiator*)::<lambda()>; grpc_op_type kOp = GRPC_OP_RECV_MESSAGE]’ at ./src/core/lib/surface/call_utils.h:187:3,
          inlined from ‘void grpc_core::Construct(T*, Args&& ...) [with T = promise_detail::OncePromiseFactory<void, OpHandlerImpl<MessageReceiver::MakeBatchOp<grpc_core::CallInitiator>(const grpc_op&, grpc_core::CallInitiator*)::<lambda()>, GRPC_OP_RECV_MESSAGE> >; Args = {OpHandlerImpl<MessageReceiver::MakeBatchOp<grpc_core::CallInitiator>(const grpc_op&, grpc_core::CallInitiator*)::<lambda()>, GRPC_OP_RECV_MESSAGE>}]’ at ./src/core/util/construct_destruct.h:36:3,
          inlined from ‘grpc_core::promise_detail::SeqState<Traits, P, F0>::SeqState(P&&, F0&&, grpc_core::DebugLocation) [with Traits = grpc_core::promise_detail::TrySeqTraits; P = grpc_core::OpHandlerImpl<grpc_core::ClientCall::CommitBatch(const grpc_op*, size_t, void*, bool)::<lambda(const grpc_op&)>::<lambda()>, GRPC_OP_RECV_INITIAL_METADATA>; F0 = grpc_core::OpHandlerImpl<grpc_core::MessageReceiver::MakeBatchOp<grpc_core::CallInitiator>(const grpc_op&, grpc_core::CallInitiator*)::<lambda()>, GRPC_OP_RECV_MESSAGE>]’ at ./src/core/lib/promise/detail/seq_state.h:108:14,
          inlined from ‘grpc_core::promise_detail::TrySeq<P, Fs>::TrySeq(P&&, Fs&& ..., grpc_core::DebugLocation) [with P = grpc_core::OpHandlerImpl<grpc_core::ClientCall::CommitBatch(const grpc_op*, size_t, void*, bool)::<lambda(const grpc_op&)>::<lambda()>, GRPC_OP_RECV_INITIAL_METADATA>; Fs = {grpc_core::OpHandlerImpl<grpc_core::MessageReceiver::MakeBatchOp<grpc_core::CallInitiator>(const grpc_op&, grpc_core::CallInitiator*)::<lambda()>, GRPC_OP_RECV_MESSAGE>}]’ at ./src/core/lib/promise/try_seq.h:259:9,
          inlined from ‘grpc_core::promise_detail::TrySeq<F0, F1> grpc_core::TrySeq(F0, F1, DebugLocation) [with F0 = OpHandlerImpl<ClientCall::CommitBatch(const grpc_op*, size_t, void*, bool)::<lambda(const grpc_op&)>::<lambda()>, GRPC_OP_RECV_INITIAL_METADATA>; F1 = OpHandlerImpl<MessageReceiver::MakeBatchOp<grpc_core::CallInitiator>(const grpc_op&, grpc_core::CallInitiator*)::<lambda()>, GRPC_OP_RECV_MESSAGE>]’ at ./src/core/lib/promise/try_seq.h:311:77,
          inlined from ‘void grpc_core::ClientCall::CommitBatch(const grpc_op*, size_t, void*, bool)’ at src/core/call/client_call.cc:384:17:
      ./src/core/call/call_filters.h:1469:7: warning: ‘((grpc_core::filters_detail::OperationExecutor<std::unique_ptr<grpc_core::Message, grpc_core::Arena::PooledDeleter> >*)((char*)&<unnamed> + offsetof(grpc_core::OpHandlerImpl<grpc_core::MessageReceiver::MakeBatchOp::._anon_740, GRPC_OP_RECV_MESSAGE>,grpc_core::OpHandlerImpl<grpc_core::MessageReceiver::MakeBatchOp::._anon_740, GRPC_OP_RECV_MESSAGE>::<unnamed>) + 8))[1].grpc_core::filters_detail::OperationExecutor<std::unique_ptr<grpc_core::Message, grpc_core::Arena::PooledDeleter> >::promise_data_’ may be used uninitialized [-Wmaybe-uninitialized]
       1469 |   if (promise_data_ != nullptr) {
            |       ^~~~~~~~~~~~~
      In file included from ./src/core/lib/promise/poll.h:24,
                       from ./src/core/call/metadata_batch.h:39:
      ./src/core/util/construct_destruct.h: In member function ‘void grpc_core::ClientCall::CommitBatch(const grpc_op*, size_t, void*, bool)’:
      ./src/core/util/construct_destruct.h:36:3: note: ‘<anonymous>’ declared here
         36 |   new (p) T(std::forward<Args>(args)...);
            |   ^~~~~~~~~~~~~~~~~~~~~~~~~~~~~~~~~~~~~~
      In destructor ‘grpc_core::filters_detail::OperationExecutor<T>::~OperationExecutor() [with T = std::unique_ptr<grpc_core::Message, grpc_core::Arena::PooledDeleter>]’,
          inlined from ‘grpc_core::CallFilters::MessageExecutor<&grpc_core::CallFilters::push_server_to_client_message_, &grpc_core::filters_detail::StackData::server_to_client_messages, &grpc_core::CallState::FinishPullServerToClientMessage, std::reverse_iterator<const grpc_core::CallFilters::AddedStack*> >::~MessageExecutor()’ at ./src/core/call/call_filters.h:1886:9,
          inlined from ‘grpc_core::promise_detail::PromiseLike<grpc_core::CallFilters::MessageExecutor<&grpc_core::CallFilters::push_server_to_client_message_, &grpc_core::filters_detail::StackData::server_to_client_messages, &grpc_core::CallState::FinishPullServerToClientMessage, std::reverse_iterator<const grpc_core::CallFilters::AddedStack*> >, void>::~PromiseLike()’ at ./src/core/lib/promise/detail/promise_like.h:204:7,
          inlined from ‘void grpc_core::Destruct(T*) [with T = promise_detail::PromiseLike<CallFilters::MessageExecutor<&CallFilters::push_server_to_client_message_, &filters_detail::StackData::server_to_client_messages, &CallState::FinishPullServerToClientMessage, std::reverse_iterator<const CallFilters::AddedStack*> >, void>]’ at ./src/core/util/construct_destruct.h:28:8,
          inlined from ‘grpc_core::If<bool, T, F>::~If() [with T = grpc_core::CallFilters::PullServerToClientMessage()::<lambda(bool)>::<lambda()>; F = grpc_core::CallFilters::PullServerToClientMessage()::<lambda(bool)>::<lambda()>]’ at ./src/core/lib/promise/if.h:188:15,
          inlined from ‘grpc_core::promise_detail::PromiseLike<grpc_core::If<bool, grpc_core::CallFilters::PullServerToClientMessage()::<lambda(bool)>::<lambda()>, grpc_core::CallFilters::PullServerToClientMessage()::<lambda(bool)>::<lambda()> >, void>::~PromiseLike()’ at ./src/core/lib/promise/detail/promise_like.h:204:7,
          inlined from ‘void grpc_core::Destruct(T*) [with T = promise_detail::PromiseLike<If<bool, CallFilters::PullServerToClientMessage()::<lambda(bool)>::<lambda()>, CallFilters::PullServerToClientMessage()::<lambda(bool)>::<lambda()> >, void>]’ at ./src/core/util/construct_destruct.h:28:8,
          inlined from ‘grpc_core::promise_detail::SeqState<Traits, P, F0>::~SeqState() [with Traits = grpc_core::promise_detail::TrySeqTraits; P = grpc_core::CallFilters::PullServerToClientMessage()::<lambda()>; F0 = grpc_core::CallFilters::PullServerToClientMessage()::<lambda(bool)>]’ at ./src/core/lib/promise/detail/seq_state.h:116:17,
          inlined from ‘grpc_core::promise_detail::TrySeq<grpc_core::CallFilters::PullServerToClientMessage()::<lambda()>, grpc_core::CallFilters::PullServerToClientMessage()::<lambda(bool)> >::~TrySeq()’ at ./src/core/lib/promise/try_seq.h:254:7,
          inlined from ‘grpc_core::promise_detail::PromiseLike<grpc_core::promise_detail::TrySeq<grpc_core::CallFilters::PullServerToClientMessage()::<lambda()>, grpc_core::CallFilters::PullServerToClientMessage()::<lambda(bool)> >, void>::~PromiseLike()’ at ./src/core/lib/promise/detail/promise_like.h:204:7,
          inlined from ‘grpc_core::Map<grpc_core::promise_detail::TrySeq<grpc_core::CallFilters::PullServerToClientMessage()::<lambda()>, grpc_core::CallFilters::PullServerToClientMessage()::<lambda(bool)> >, grpc_core::MessageReceiver::MakeBatchOp<grpc_core::CallInitiator>(const grpc_op&, grpc_core::CallInitiator*)::<lambda()> mutable::<lambda(grpc_core::CallInitiator::NextMessage)> >::~Map()’ at ./src/core/lib/promise/map.h:134:7,
          inlined from ‘grpc_core::promise_detail::PromiseLike<grpc_core::Map<grpc_core::promise_detail::TrySeq<grpc_core::CallFilters::PullServerToClientMessage()::<lambda()>, grpc_core::CallFilters::PullServerToClientMessage()::<lambda(bool)> >, grpc_core::MessageReceiver::MakeBatchOp<grpc_core::CallInitiator>(const grpc_op&, grpc_core::CallInitiator*)::<lambda()> mutable::<lambda(grpc_core::CallInitiator::NextMessage)> >, void>::~PromiseLike()’ at ./src/core/lib/promise/detail/promise_like.h:204:7,
          inlined from ‘void grpc_core::Destruct(T*) [with T = promise_detail::PromiseLike<Map<promise_detail::TrySeq<CallFilters::PullServerToClientMessage()::<lambda()>, CallFilters::PullServerToClientMessage()::<lambda(bool)> >, MessageReceiver::MakeBatchOp<grpc_core::CallInitiator>(const grpc_op&, grpc_core::CallInitiator*)::<lambda()> mutable::<lambda(CallInitiator::NextMessage)> >, void>]’ at ./src/core/util/construct_destruct.h:28:8,
          inlined from ‘grpc_core::OpHandlerImpl<SetupResult, kOp>::~OpHandlerImpl() [with SetupResult = grpc_core::MessageReceiver::MakeBatchOp<grpc_core::CallInitiator>(const grpc_op&, grpc_core::CallInitiator*)::<lambda()>; grpc_op_type kOp = GRPC_OP_RECV_MESSAGE]’ at ./src/core/lib/surface/call_utils.h:195:17,
          inlined from ‘grpc_core::OpHandlerImpl<SetupResult, kOp>::~OpHandlerImpl() [with SetupResult = grpc_core::MessageReceiver::MakeBatchOp<grpc_core::CallInitiator>(const grpc_op&, grpc_core::CallInitiator*)::<lambda()>; grpc_op_type kOp = GRPC_OP_RECV_MESSAGE]’ at ./src/core/lib/surface/call_utils.h:187:3,
          inlined from ‘void grpc_core::Construct(T*, Args&& ...) [with T = promise_detail::OncePromiseFactory<void, OpHandlerImpl<MessageReceiver::MakeBatchOp<grpc_core::CallInitiator>(const grpc_op&, grpc_core::CallInitiator*)::<lambda()>, GRPC_OP_RECV_MESSAGE> >; Args = {OpHandlerImpl<MessageReceiver::MakeBatchOp<grpc_core::CallInitiator>(const grpc_op&, grpc_core::CallInitiator*)::<lambda()>, GRPC_OP_RECV_MESSAGE>}]’ at ./src/core/util/construct_destruct.h:36:3,
          inlined from ‘grpc_core::promise_detail::SeqState<Traits, P, F0>::SeqState(P&&, F0&&, grpc_core::DebugLocation) [with Traits = grpc_core::promise_detail::TrySeqTraits; P = grpc_core::OpHandlerImpl<grpc_core::ClientCall::CommitBatch(const grpc_op*, size_t, void*, bool)::<lambda(const grpc_op&)>::<lambda()>, GRPC_OP_RECV_INITIAL_METADATA>; F0 = grpc_core::OpHandlerImpl<grpc_core::MessageReceiver::MakeBatchOp<grpc_core::CallInitiator>(const grpc_op&, grpc_core::CallInitiator*)::<lambda()>, GRPC_OP_RECV_MESSAGE>]’ at ./src/core/lib/promise/detail/seq_state.h:108:14,
          inlined from ‘grpc_core::promise_detail::TrySeq<P, Fs>::TrySeq(P&&, Fs&& ..., grpc_core::DebugLocation) [with P = grpc_core::OpHandlerImpl<grpc_core::ClientCall::CommitBatch(const grpc_op*, size_t, void*, bool)::<lambda(const grpc_op&)>::<lambda()>, GRPC_OP_RECV_INITIAL_METADATA>; Fs = {grpc_core::OpHandlerImpl<grpc_core::MessageReceiver::MakeBatchOp<grpc_core::CallInitiator>(const grpc_op&, grpc_core::CallInitiator*)::<lambda()>, GRPC_OP_RECV_MESSAGE>}]’ at ./src/core/lib/promise/try_seq.h:259:9,
          inlined from ‘grpc_core::promise_detail::TrySeq<F0, F1> grpc_core::TrySeq(F0, F1, DebugLocation) [with F0 = OpHandlerImpl<ClientCall::CommitBatch(const grpc_op*, size_t, void*, bool)::<lambda(const grpc_op&)>::<lambda()>, GRPC_OP_RECV_INITIAL_METADATA>; F1 = OpHandlerImpl<MessageReceiver::MakeBatchOp<grpc_core::CallInitiator>(const grpc_op&, grpc_core::CallInitiator*)::<lambda()>, GRPC_OP_RECV_MESSAGE>]’ at ./src/core/lib/promise/try_seq.h:311:77,
          inlined from ‘void grpc_core::ClientCall::CommitBatch(const grpc_op*, size_t, void*, bool)’ at src/core/call/client_call.cc:384:17:
      ./src/core/call/call_filters.h:1470:9: warning: ‘((grpc_core::filters_detail::OperationExecutor<std::unique_ptr<grpc_core::Message, grpc_core::Arena::PooledDeleter> >*)((char*)&<unnamed> + offsetof(grpc_core::OpHandlerImpl<grpc_core::MessageReceiver::MakeBatchOp::._anon_740, GRPC_OP_RECV_MESSAGE>,grpc_core::OpHandlerImpl<grpc_core::MessageReceiver::MakeBatchOp::._anon_740, GRPC_OP_RECV_MESSAGE>::<unnamed>) + 8))[1].grpc_core::filters_detail::OperationExecutor<std::unique_ptr<grpc_core::Message, grpc_core::Arena::PooledDeleter> >::ops_’ may be used uninitialized [-Wmaybe-uninitialized]
       1470 |     if (ops_ != end_ops_) ops_->early_destroy(promise_data_);
            |         ^~~~
      ./src/core/util/construct_destruct.h: In member function ‘void grpc_core::ClientCall::CommitBatch(const grpc_op*, size_t, void*, bool)’:
      ./src/core/util/construct_destruct.h:36:3: note: ‘<anonymous>’ declared here
         36 |   new (p) T(std::forward<Args>(args)...);
            |   ^~~~~~~~~~~~~~~~~~~~~~~~~~~~~~~~~~~~~~
      In destructor ‘grpc_core::filters_detail::OperationExecutor<T>::~OperationExecutor() [with T = std::unique_ptr<grpc_core::Message, grpc_core::Arena::PooledDeleter>]’,
          inlined from ‘grpc_core::CallFilters::MessageExecutor<&grpc_core::CallFilters::push_server_to_client_message_, &grpc_core::filters_detail::StackData::server_to_client_messages, &grpc_core::CallState::FinishPullServerToClientMessage, std::reverse_iterator<const grpc_core::CallFilters::AddedStack*> >::~MessageExecutor()’ at ./src/core/call/call_filters.h:1886:9,
          inlined from ‘grpc_core::promise_detail::PromiseLike<grpc_core::CallFilters::MessageExecutor<&grpc_core::CallFilters::push_server_to_client_message_, &grpc_core::filters_detail::StackData::server_to_client_messages, &grpc_core::CallState::FinishPullServerToClientMessage, std::reverse_iterator<const grpc_core::CallFilters::AddedStack*> >, void>::~PromiseLike()’ at ./src/core/lib/promise/detail/promise_like.h:204:7,
          inlined from ‘void grpc_core::Destruct(T*) [with T = promise_detail::PromiseLike<CallFilters::MessageExecutor<&CallFilters::push_server_to_client_message_, &filters_detail::StackData::server_to_client_messages, &CallState::FinishPullServerToClientMessage, std::reverse_iterator<const CallFilters::AddedStack*> >, void>]’ at ./src/core/util/construct_destruct.h:28:8,
          inlined from ‘grpc_core::If<bool, T, F>::~If() [with T = grpc_core::CallFilters::PullServerToClientMessage()::<lambda(bool)>::<lambda()>; F = grpc_core::CallFilters::PullServerToClientMessage()::<lambda(bool)>::<lambda()>]’ at ./src/core/lib/promise/if.h:188:15,
          inlined from ‘grpc_core::promise_detail::PromiseLike<grpc_core::If<bool, grpc_core::CallFilters::PullServerToClientMessage()::<lambda(bool)>::<lambda()>, grpc_core::CallFilters::PullServerToClientMessage()::<lambda(bool)>::<lambda()> >, void>::~PromiseLike()’ at ./src/core/lib/promise/detail/promise_like.h:204:7,
          inlined from ‘void grpc_core::Destruct(T*) [with T = promise_detail::PromiseLike<If<bool, CallFilters::PullServerToClientMessage()::<lambda(bool)>::<lambda()>, CallFilters::PullServerToClientMessage()::<lambda(bool)>::<lambda()> >, void>]’ at ./src/core/util/construct_destruct.h:28:8,
          inlined from ‘grpc_core::promise_detail::SeqState<Traits, P, F0>::~SeqState() [with Traits = grpc_core::promise_detail::TrySeqTraits; P = grpc_core::CallFilters::PullServerToClientMessage()::<lambda()>; F0 = grpc_core::CallFilters::PullServerToClientMessage()::<lambda(bool)>]’ at ./src/core/lib/promise/detail/seq_state.h:116:17,
          inlined from ‘grpc_core::promise_detail::TrySeq<grpc_core::CallFilters::PullServerToClientMessage()::<lambda()>, grpc_core::CallFilters::PullServerToClientMessage()::<lambda(bool)> >::~TrySeq()’ at ./src/core/lib/promise/try_seq.h:254:7,
          inlined from ‘grpc_core::promise_detail::PromiseLike<grpc_core::promise_detail::TrySeq<grpc_core::CallFilters::PullServerToClientMessage()::<lambda()>, grpc_core::CallFilters::PullServerToClientMessage()::<lambda(bool)> >, void>::~PromiseLike()’ at ./src/core/lib/promise/detail/promise_like.h:204:7,
          inlined from ‘grpc_core::Map<grpc_core::promise_detail::TrySeq<grpc_core::CallFilters::PullServerToClientMessage()::<lambda()>, grpc_core::CallFilters::PullServerToClientMessage()::<lambda(bool)> >, grpc_core::MessageReceiver::MakeBatchOp<grpc_core::CallInitiator>(const grpc_op&, grpc_core::CallInitiator*)::<lambda()> mutable::<lambda(grpc_core::CallInitiator::NextMessage)> >::~Map()’ at ./src/core/lib/promise/map.h:134:7,
          inlined from ‘grpc_core::promise_detail::PromiseLike<grpc_core::Map<grpc_core::promise_detail::TrySeq<grpc_core::CallFilters::PullServerToClientMessage()::<lambda()>, grpc_core::CallFilters::PullServerToClientMessage()::<lambda(bool)> >, grpc_core::MessageReceiver::MakeBatchOp<grpc_core::CallInitiator>(const grpc_op&, grpc_core::CallInitiator*)::<lambda()> mutable::<lambda(grpc_core::CallInitiator::NextMessage)> >, void>::~PromiseLike()’ at ./src/core/lib/promise/detail/promise_like.h:204:7,
          inlined from ‘void grpc_core::Destruct(T*) [with T = promise_detail::PromiseLike<Map<promise_detail::TrySeq<CallFilters::PullServerToClientMessage()::<lambda()>, CallFilters::PullServerToClientMessage()::<lambda(bool)> >, MessageReceiver::MakeBatchOp<grpc_core::CallInitiator>(const grpc_op&, grpc_core::CallInitiator*)::<lambda()> mutable::<lambda(CallInitiator::NextMessage)> >, void>]’ at ./src/core/util/construct_destruct.h:28:8,
          inlined from ‘grpc_core::OpHandlerImpl<SetupResult, kOp>::~OpHandlerImpl() [with SetupResult = grpc_core::MessageReceiver::MakeBatchOp<grpc_core::CallInitiator>(const grpc_op&, grpc_core::CallInitiator*)::<lambda()>; grpc_op_type kOp = GRPC_OP_RECV_MESSAGE]’ at ./src/core/lib/surface/call_utils.h:195:17,
          inlined from ‘grpc_core::OpHandlerImpl<SetupResult, kOp>::~OpHandlerImpl() [with SetupResult = grpc_core::MessageReceiver::MakeBatchOp<grpc_core::CallInitiator>(const grpc_op&, grpc_core::CallInitiator*)::<lambda()>; grpc_op_type kOp = GRPC_OP_RECV_MESSAGE]’ at ./src/core/lib/surface/call_utils.h:187:3,
          inlined from ‘void grpc_core::Construct(T*, Args&& ...) [with T = promise_detail::OncePromiseFactory<void, OpHandlerImpl<MessageReceiver::MakeBatchOp<grpc_core::CallInitiator>(const grpc_op&, grpc_core::CallInitiator*)::<lambda()>, GRPC_OP_RECV_MESSAGE> >; Args = {OpHandlerImpl<MessageReceiver::MakeBatchOp<grpc_core::CallInitiator>(const grpc_op&, grpc_core::CallInitiator*)::<lambda()>, GRPC_OP_RECV_MESSAGE>}]’ at ./src/core/util/construct_destruct.h:36:3,
          inlined from ‘grpc_core::promise_detail::SeqState<Traits, P, F0>::SeqState(P&&, F0&&, grpc_core::DebugLocation) [with Traits = grpc_core::promise_detail::TrySeqTraits; P = grpc_core::OpHandlerImpl<grpc_core::ClientCall::CommitBatch(const grpc_op*, size_t, void*, bool)::<lambda(const grpc_op&)>::<lambda()>, GRPC_OP_RECV_INITIAL_METADATA>; F0 = grpc_core::OpHandlerImpl<grpc_core::MessageReceiver::MakeBatchOp<grpc_core::CallInitiator>(const grpc_op&, grpc_core::CallInitiator*)::<lambda()>, GRPC_OP_RECV_MESSAGE>]’ at ./src/core/lib/promise/detail/seq_state.h:108:14,
          inlined from ‘grpc_core::promise_detail::TrySeq<P, Fs>::TrySeq(P&&, Fs&& ..., grpc_core::DebugLocation) [with P = grpc_core::OpHandlerImpl<grpc_core::ClientCall::CommitBatch(const grpc_op*, size_t, void*, bool)::<lambda(const grpc_op&)>::<lambda()>, GRPC_OP_RECV_INITIAL_METADATA>; Fs = {grpc_core::OpHandlerImpl<grpc_core::MessageReceiver::MakeBatchOp<grpc_core::CallInitiator>(const grpc_op&, grpc_core::CallInitiator*)::<lambda()>, GRPC_OP_RECV_MESSAGE>}]’ at ./src/core/lib/promise/try_seq.h:259:9,
          inlined from ‘grpc_core::promise_detail::TrySeq<F0, F1> grpc_core::TrySeq(F0, F1, DebugLocation) [with F0 = OpHandlerImpl<ClientCall::CommitBatch(const grpc_op*, size_t, void*, bool)::<lambda(const grpc_op&)>::<lambda()>, GRPC_OP_RECV_INITIAL_METADATA>; F1 = OpHandlerImpl<MessageReceiver::MakeBatchOp<grpc_core::CallInitiator>(const grpc_op&, grpc_core::CallInitiator*)::<lambda()>, GRPC_OP_RECV_MESSAGE>]’ at ./src/core/lib/promise/try_seq.h:311:77,
          inlined from ‘void grpc_core::ClientCall::CommitBatch(const grpc_op*, size_t, void*, bool)’ at src/core/call/client_call.cc:384:17:
      ./src/core/call/call_filters.h:1470:17: warning: ‘((grpc_core::filters_detail::OperationExecutor<std::unique_ptr<grpc_core::Message, grpc_core::Arena::PooledDeleter> >*)((char*)&<unnamed> + offsetof(grpc_core::OpHandlerImpl<grpc_core::MessageReceiver::MakeBatchOp::._anon_740, GRPC_OP_RECV_MESSAGE>,grpc_core::OpHandlerImpl<grpc_core::MessageReceiver::MakeBatchOp::._anon_740, GRPC_OP_RECV_MESSAGE>::<unnamed>) + 8))[1].grpc_core::filters_detail::OperationExecutor<std::unique_ptr<grpc_core::Message, grpc_core::Arena::PooledDeleter> >::end_ops_’ may be used uninitialized [-Wmaybe-uninitialized]
       1470 |     if (ops_ != end_ops_) ops_->early_destroy(promise_data_);
            |                 ^~~~~~~~
      ./src/core/util/construct_destruct.h: In member function ‘void grpc_core::ClientCall::CommitBatch(const grpc_op*, size_t, void*, bool)’:
      ./src/core/util/construct_destruct.h:36:3: note: ‘<anonymous>’ declared here
         36 |   new (p) T(std::forward<Args>(args)...);
            |   ^~~~~~~~~~~~~~~~~~~~~~~~~~~~~~~~~~~~~~
      In destructor ‘grpc_core::filters_detail::OperationExecutor<T>::~OperationExecutor() [with T = std::unique_ptr<grpc_core::Message, grpc_core::Arena::PooledDeleter>]’,
          inlined from ‘grpc_core::CallFilters::MessageExecutor<&grpc_core::CallFilters::push_server_to_client_message_, &grpc_core::filters_detail::StackData::server_to_client_messages, &grpc_core::CallState::FinishPullServerToClientMessage, std::reverse_iterator<const grpc_core::CallFilters::AddedStack*> >::~MessageExecutor()’ at ./src/core/call/call_filters.h:1886:9,
          inlined from ‘grpc_core::promise_detail::PromiseLike<grpc_core::CallFilters::MessageExecutor<&grpc_core::CallFilters::push_server_to_client_message_, &grpc_core::filters_detail::StackData::server_to_client_messages, &grpc_core::CallState::FinishPullServerToClientMessage, std::reverse_iterator<const grpc_core::CallFilters::AddedStack*> >, void>::~PromiseLike()’ at ./src/core/lib/promise/detail/promise_like.h:204:7,
          inlined from ‘void grpc_core::Destruct(T*) [with T = promise_detail::PromiseLike<CallFilters::MessageExecutor<&CallFilters::push_server_to_client_message_, &filters_detail::StackData::server_to_client_messages, &CallState::FinishPullServerToClientMessage, std::reverse_iterator<const CallFilters::AddedStack*> >, void>]’ at ./src/core/util/construct_destruct.h:28:8,
          inlined from ‘grpc_core::If<bool, T, F>::~If() [with T = grpc_core::CallFilters::PullServerToClientMessage()::<lambda(bool)>::<lambda()>; F = grpc_core::CallFilters::PullServerToClientMessage()::<lambda(bool)>::<lambda()>]’ at ./src/core/lib/promise/if.h:188:15,
          inlined from ‘grpc_core::promise_detail::PromiseLike<grpc_core::If<bool, grpc_core::CallFilters::PullServerToClientMessage()::<lambda(bool)>::<lambda()>, grpc_core::CallFilters::PullServerToClientMessage()::<lambda(bool)>::<lambda()> >, void>::~PromiseLike()’ at ./src/core/lib/promise/detail/promise_like.h:204:7,
          inlined from ‘void grpc_core::Destruct(T*) [with T = promise_detail::PromiseLike<If<bool, CallFilters::PullServerToClientMessage()::<lambda(bool)>::<lambda()>, CallFilters::PullServerToClientMessage()::<lambda(bool)>::<lambda()> >, void>]’ at ./src/core/util/construct_destruct.h:28:8,
          inlined from ‘grpc_core::promise_detail::SeqState<Traits, P, F0>::~SeqState() [with Traits = grpc_core::promise_detail::TrySeqTraits; P = grpc_core::CallFilters::PullServerToClientMessage()::<lambda()>; F0 = grpc_core::CallFilters::PullServerToClientMessage()::<lambda(bool)>]’ at ./src/core/lib/promise/detail/seq_state.h:116:17,
          inlined from ‘grpc_core::promise_detail::TrySeq<grpc_core::CallFilters::PullServerToClientMessage()::<lambda()>, grpc_core::CallFilters::PullServerToClientMessage()::<lambda(bool)> >::~TrySeq()’ at ./src/core/lib/promise/try_seq.h:254:7,
          inlined from ‘grpc_core::promise_detail::PromiseLike<grpc_core::promise_detail::TrySeq<grpc_core::CallFilters::PullServerToClientMessage()::<lambda()>, grpc_core::CallFilters::PullServerToClientMessage()::<lambda(bool)> >, void>::~PromiseLike()’ at ./src/core/lib/promise/detail/promise_like.h:204:7,
          inlined from ‘grpc_core::Map<grpc_core::promise_detail::TrySeq<grpc_core::CallFilters::PullServerToClientMessage()::<lambda()>, grpc_core::CallFilters::PullServerToClientMessage()::<lambda(bool)> >, grpc_core::MessageReceiver::MakeBatchOp<grpc_core::CallInitiator>(const grpc_op&, grpc_core::CallInitiator*)::<lambda()> mutable::<lambda(grpc_core::CallInitiator::NextMessage)> >::~Map()’ at ./src/core/lib/promise/map.h:134:7,
          inlined from ‘grpc_core::promise_detail::PromiseLike<grpc_core::Map<grpc_core::promise_detail::TrySeq<grpc_core::CallFilters::PullServerToClientMessage()::<lambda()>, grpc_core::CallFilters::PullServerToClientMessage()::<lambda(bool)> >, grpc_core::MessageReceiver::MakeBatchOp<grpc_core::CallInitiator>(const grpc_op&, grpc_core::CallInitiator*)::<lambda()> mutable::<lambda(grpc_core::CallInitiator::NextMessage)> >, void>::~PromiseLike()’ at ./src/core/lib/promise/detail/promise_like.h:204:7,
          inlined from ‘void grpc_core::Destruct(T*) [with T = promise_detail::PromiseLike<Map<promise_detail::TrySeq<CallFilters::PullServerToClientMessage()::<lambda()>, CallFilters::PullServerToClientMessage()::<lambda(bool)> >, MessageReceiver::MakeBatchOp<grpc_core::CallInitiator>(const grpc_op&, grpc_core::CallInitiator*)::<lambda()> mutable::<lambda(CallInitiator::NextMessage)> >, void>]’ at ./src/core/util/construct_destruct.h:28:8,
          inlined from ‘grpc_core::OpHandlerImpl<SetupResult, kOp>::~OpHandlerImpl() [with SetupResult = grpc_core::MessageReceiver::MakeBatchOp<grpc_core::CallInitiator>(const grpc_op&, grpc_core::CallInitiator*)::<lambda()>; grpc_op_type kOp = GRPC_OP_RECV_MESSAGE]’ at ./src/core/lib/surface/call_utils.h:195:17,
          inlined from ‘grpc_core::OpHandlerImpl<SetupResult, kOp>::~OpHandlerImpl() [with SetupResult = grpc_core::MessageReceiver::MakeBatchOp<grpc_core::CallInitiator>(const grpc_op&, grpc_core::CallInitiator*)::<lambda()>; grpc_op_type kOp = GRPC_OP_RECV_MESSAGE]’ at ./src/core/lib/surface/call_utils.h:187:3,
          inlined from ‘void grpc_core::ClientCall::CommitBatch(const grpc_op*, size_t, void*, bool)’ at src/core/call/client_call.cc:384:17:
      ./src/core/call/call_filters.h:1469:7: warning: ‘((grpc_core::filters_detail::OperationExecutor<std::unique_ptr<grpc_core::Message, grpc_core::Arena::PooledDeleter> >*)((char*)&<unnamed> + offsetof(grpc_core::OpHandlerImpl<grpc_core::MessageReceiver::MakeBatchOp::._anon_740, GRPC_OP_RECV_MESSAGE>,grpc_core::OpHandlerImpl<grpc_core::MessageReceiver::MakeBatchOp::._anon_740, GRPC_OP_RECV_MESSAGE>::<unnamed>) + 8))[1].grpc_core::filters_detail::OperationExecutor<std::unique_ptr<grpc_core::Message, grpc_core::Arena::PooledDeleter> >::promise_data_’ may be used uninitialized [-Wmaybe-uninitialized]
       1469 |   if (promise_data_ != nullptr) {
            |       ^~~~~~~~~~~~~
      src/core/call/client_call.cc: In member function ‘void grpc_core::ClientCall::CommitBatch(const grpc_op*, size_t, void*, bool)’:
      src/core/call/client_call.cc:384:17: note: ‘<anonymous>’ declared here
        384 |           TrySeq(std::move(recv_initial_metadata), std::move(recv_message))),
            |           ~~~~~~^~~~~~~~~~~~~~~~~~~~~~~~~~~~~~~~~~~~~~~~~~~~~~~~~~~~~~~~~~~
      In destructor ‘grpc_core::filters_detail::OperationExecutor<T>::~OperationExecutor() [with T = std::unique_ptr<grpc_core::Message, grpc_core::Arena::PooledDeleter>]’,
          inlined from ‘grpc_core::CallFilters::MessageExecutor<&grpc_core::CallFilters::push_server_to_client_message_, &grpc_core::filters_detail::StackData::server_to_client_messages, &grpc_core::CallState::FinishPullServerToClientMessage, std::reverse_iterator<const grpc_core::CallFilters::AddedStack*> >::~MessageExecutor()’ at ./src/core/call/call_filters.h:1886:9,
          inlined from ‘grpc_core::promise_detail::PromiseLike<grpc_core::CallFilters::MessageExecutor<&grpc_core::CallFilters::push_server_to_client_message_, &grpc_core::filters_detail::StackData::server_to_client_messages, &grpc_core::CallState::FinishPullServerToClientMessage, std::reverse_iterator<const grpc_core::CallFilters::AddedStack*> >, void>::~PromiseLike()’ at ./src/core/lib/promise/detail/promise_like.h:204:7,
          inlined from ‘void grpc_core::Destruct(T*) [with T = promise_detail::PromiseLike<CallFilters::MessageExecutor<&CallFilters::push_server_to_client_message_, &filters_detail::StackData::server_to_client_messages, &CallState::FinishPullServerToClientMessage, std::reverse_iterator<const CallFilters::AddedStack*> >, void>]’ at ./src/core/util/construct_destruct.h:28:8,
          inlined from ‘grpc_core::If<bool, T, F>::~If() [with T = grpc_core::CallFilters::PullServerToClientMessage()::<lambda(bool)>::<lambda()>; F = grpc_core::CallFilters::PullServerToClientMessage()::<lambda(bool)>::<lambda()>]’ at ./src/core/lib/promise/if.h:188:15,
          inlined from ‘grpc_core::promise_detail::PromiseLike<grpc_core::If<bool, grpc_core::CallFilters::PullServerToClientMessage()::<lambda(bool)>::<lambda()>, grpc_core::CallFilters::PullServerToClientMessage()::<lambda(bool)>::<lambda()> >, void>::~PromiseLike()’ at ./src/core/lib/promise/detail/promise_like.h:204:7,
          inlined from ‘void grpc_core::Destruct(T*) [with T = promise_detail::PromiseLike<If<bool, CallFilters::PullServerToClientMessage()::<lambda(bool)>::<lambda()>, CallFilters::PullServerToClientMessage()::<lambda(bool)>::<lambda()> >, void>]’ at ./src/core/util/construct_destruct.h:28:8,
          inlined from ‘grpc_core::promise_detail::SeqState<Traits, P, F0>::~SeqState() [with Traits = grpc_core::promise_detail::TrySeqTraits; P = grpc_core::CallFilters::PullServerToClientMessage()::<lambda()>; F0 = grpc_core::CallFilters::PullServerToClientMessage()::<lambda(bool)>]’ at ./src/core/lib/promise/detail/seq_state.h:116:17,
          inlined from ‘grpc_core::promise_detail::TrySeq<grpc_core::CallFilters::PullServerToClientMessage()::<lambda()>, grpc_core::CallFilters::PullServerToClientMessage()::<lambda(bool)> >::~TrySeq()’ at ./src/core/lib/promise/try_seq.h:254:7,
          inlined from ‘grpc_core::promise_detail::PromiseLike<grpc_core::promise_detail::TrySeq<grpc_core::CallFilters::PullServerToClientMessage()::<lambda()>, grpc_core::CallFilters::PullServerToClientMessage()::<lambda(bool)> >, void>::~PromiseLike()’ at ./src/core/lib/promise/detail/promise_like.h:204:7,
          inlined from ‘grpc_core::Map<grpc_core::promise_detail::TrySeq<grpc_core::CallFilters::PullServerToClientMessage()::<lambda()>, grpc_core::CallFilters::PullServerToClientMessage()::<lambda(bool)> >, grpc_core::MessageReceiver::MakeBatchOp<grpc_core::CallInitiator>(const grpc_op&, grpc_core::CallInitiator*)::<lambda()> mutable::<lambda(grpc_core::CallInitiator::NextMessage)> >::~Map()’ at ./src/core/lib/promise/map.h:134:7,
          inlined from ‘grpc_core::promise_detail::PromiseLike<grpc_core::Map<grpc_core::promise_detail::TrySeq<grpc_core::CallFilters::PullServerToClientMessage()::<lambda()>, grpc_core::CallFilters::PullServerToClientMessage()::<lambda(bool)> >, grpc_core::MessageReceiver::MakeBatchOp<grpc_core::CallInitiator>(const grpc_op&, grpc_core::CallInitiator*)::<lambda()> mutable::<lambda(grpc_core::CallInitiator::NextMessage)> >, void>::~PromiseLike()’ at ./src/core/lib/promise/detail/promise_like.h:204:7,
          inlined from ‘void grpc_core::Destruct(T*) [with T = promise_detail::PromiseLike<Map<promise_detail::TrySeq<CallFilters::PullServerToClientMessage()::<lambda()>, CallFilters::PullServerToClientMessage()::<lambda(bool)> >, MessageReceiver::MakeBatchOp<grpc_core::CallInitiator>(const grpc_op&, grpc_core::CallInitiator*)::<lambda()> mutable::<lambda(CallInitiator::NextMessage)> >, void>]’ at ./src/core/util/construct_destruct.h:28:8,
          inlined from ‘grpc_core::OpHandlerImpl<SetupResult, kOp>::~OpHandlerImpl() [with SetupResult = grpc_core::MessageReceiver::MakeBatchOp<grpc_core::CallInitiator>(const grpc_op&, grpc_core::CallInitiator*)::<lambda()>; grpc_op_type kOp = GRPC_OP_RECV_MESSAGE]’ at ./src/core/lib/surface/call_utils.h:195:17,
          inlined from ‘grpc_core::OpHandlerImpl<SetupResult, kOp>::~OpHandlerImpl() [with SetupResult = grpc_core::MessageReceiver::MakeBatchOp<grpc_core::CallInitiator>(const grpc_op&, grpc_core::CallInitiator*)::<lambda()>; grpc_op_type kOp = GRPC_OP_RECV_MESSAGE]’ at ./src/core/lib/surface/call_utils.h:187:3,
          inlined from ‘void grpc_core::ClientCall::CommitBatch(const grpc_op*, size_t, void*, bool)’ at src/core/call/client_call.cc:384:17:
      ./src/core/call/call_filters.h:1470:9: warning: ‘((grpc_core::filters_detail::OperationExecutor<std::unique_ptr<grpc_core::Message, grpc_core::Arena::PooledDeleter> >*)((char*)&<unnamed> + offsetof(grpc_core::OpHandlerImpl<grpc_core::MessageReceiver::MakeBatchOp::._anon_740, GRPC_OP_RECV_MESSAGE>,grpc_core::OpHandlerImpl<grpc_core::MessageReceiver::MakeBatchOp::._anon_740, GRPC_OP_RECV_MESSAGE>::<unnamed>) + 8))[1].grpc_core::filters_detail::OperationExecutor<std::unique_ptr<grpc_core::Message, grpc_core::Arena::PooledDeleter> >::ops_’ may be used uninitialized [-Wmaybe-uninitialized]
       1470 |     if (ops_ != end_ops_) ops_->early_destroy(promise_data_);
            |         ^~~~
      src/core/call/client_call.cc: In member function ‘void grpc_core::ClientCall::CommitBatch(const grpc_op*, size_t, void*, bool)’:
      src/core/call/client_call.cc:384:17: note: ‘<anonymous>’ declared here
        384 |           TrySeq(std::move(recv_initial_metadata), std::move(recv_message))),
            |           ~~~~~~^~~~~~~~~~~~~~~~~~~~~~~~~~~~~~~~~~~~~~~~~~~~~~~~~~~~~~~~~~~
      In destructor ‘grpc_core::filters_detail::OperationExecutor<T>::~OperationExecutor() [with T = std::unique_ptr<grpc_core::Message, grpc_core::Arena::PooledDeleter>]’,
          inlined from ‘grpc_core::CallFilters::MessageExecutor<&grpc_core::CallFilters::push_server_to_client_message_, &grpc_core::filters_detail::StackData::server_to_client_messages, &grpc_core::CallState::FinishPullServerToClientMessage, std::reverse_iterator<const grpc_core::CallFilters::AddedStack*> >::~MessageExecutor()’ at ./src/core/call/call_filters.h:1886:9,
          inlined from ‘grpc_core::promise_detail::PromiseLike<grpc_core::CallFilters::MessageExecutor<&grpc_core::CallFilters::push_server_to_client_message_, &grpc_core::filters_detail::StackData::server_to_client_messages, &grpc_core::CallState::FinishPullServerToClientMessage, std::reverse_iterator<const grpc_core::CallFilters::AddedStack*> >, void>::~PromiseLike()’ at ./src/core/lib/promise/detail/promise_like.h:204:7,
          inlined from ‘void grpc_core::Destruct(T*) [with T = promise_detail::PromiseLike<CallFilters::MessageExecutor<&CallFilters::push_server_to_client_message_, &filters_detail::StackData::server_to_client_messages, &CallState::FinishPullServerToClientMessage, std::reverse_iterator<const CallFilters::AddedStack*> >, void>]’ at ./src/core/util/construct_destruct.h:28:8,
          inlined from ‘grpc_core::If<bool, T, F>::~If() [with T = grpc_core::CallFilters::PullServerToClientMessage()::<lambda(bool)>::<lambda()>; F = grpc_core::CallFilters::PullServerToClientMessage()::<lambda(bool)>::<lambda()>]’ at ./src/core/lib/promise/if.h:188:15,
          inlined from ‘grpc_core::promise_detail::PromiseLike<grpc_core::If<bool, grpc_core::CallFilters::PullServerToClientMessage()::<lambda(bool)>::<lambda()>, grpc_core::CallFilters::PullServerToClientMessage()::<lambda(bool)>::<lambda()> >, void>::~PromiseLike()’ at ./src/core/lib/promise/detail/promise_like.h:204:7,
          inlined from ‘void grpc_core::Destruct(T*) [with T = promise_detail::PromiseLike<If<bool, CallFilters::PullServerToClientMessage()::<lambda(bool)>::<lambda()>, CallFilters::PullServerToClientMessage()::<lambda(bool)>::<lambda()> >, void>]’ at ./src/core/util/construct_destruct.h:28:8,
          inlined from ‘grpc_core::promise_detail::SeqState<Traits, P, F0>::~SeqState() [with Traits = grpc_core::promise_detail::TrySeqTraits; P = grpc_core::CallFilters::PullServerToClientMessage()::<lambda()>; F0 = grpc_core::CallFilters::PullServerToClientMessage()::<lambda(bool)>]’ at ./src/core/lib/promise/detail/seq_state.h:116:17,
          inlined from ‘grpc_core::promise_detail::TrySeq<grpc_core::CallFilters::PullServerToClientMessage()::<lambda()>, grpc_core::CallFilters::PullServerToClientMessage()::<lambda(bool)> >::~TrySeq()’ at ./src/core/lib/promise/try_seq.h:254:7,
          inlined from ‘grpc_core::promise_detail::PromiseLike<grpc_core::promise_detail::TrySeq<grpc_core::CallFilters::PullServerToClientMessage()::<lambda()>, grpc_core::CallFilters::PullServerToClientMessage()::<lambda(bool)> >, void>::~PromiseLike()’ at ./src/core/lib/promise/detail/promise_like.h:204:7,
          inlined from ‘grpc_core::Map<grpc_core::promise_detail::TrySeq<grpc_core::CallFilters::PullServerToClientMessage()::<lambda()>, grpc_core::CallFilters::PullServerToClientMessage()::<lambda(bool)> >, grpc_core::MessageReceiver::MakeBatchOp<grpc_core::CallInitiator>(const grpc_op&, grpc_core::CallInitiator*)::<lambda()> mutable::<lambda(grpc_core::CallInitiator::NextMessage)> >::~Map()’ at ./src/core/lib/promise/map.h:134:7,
          inlined from ‘grpc_core::promise_detail::PromiseLike<grpc_core::Map<grpc_core::promise_detail::TrySeq<grpc_core::CallFilters::PullServerToClientMessage()::<lambda()>, grpc_core::CallFilters::PullServerToClientMessage()::<lambda(bool)> >, grpc_core::MessageReceiver::MakeBatchOp<grpc_core::CallInitiator>(const grpc_op&, grpc_core::CallInitiator*)::<lambda()> mutable::<lambda(grpc_core::CallInitiator::NextMessage)> >, void>::~PromiseLike()’ at ./src/core/lib/promise/detail/promise_like.h:204:7,
          inlined from ‘void grpc_core::Destruct(T*) [with T = promise_detail::PromiseLike<Map<promise_detail::TrySeq<CallFilters::PullServerToClientMessage()::<lambda()>, CallFilters::PullServerToClientMessage()::<lambda(bool)> >, MessageReceiver::MakeBatchOp<grpc_core::CallInitiator>(const grpc_op&, grpc_core::CallInitiator*)::<lambda()> mutable::<lambda(CallInitiator::NextMessage)> >, void>]’ at ./src/core/util/construct_destruct.h:28:8,
          inlined from ‘grpc_core::OpHandlerImpl<SetupResult, kOp>::~OpHandlerImpl() [with SetupResult = grpc_core::MessageReceiver::MakeBatchOp<grpc_core::CallInitiator>(const grpc_op&, grpc_core::CallInitiator*)::<lambda()>; grpc_op_type kOp = GRPC_OP_RECV_MESSAGE]’ at ./src/core/lib/surface/call_utils.h:195:17,
          inlined from ‘grpc_core::OpHandlerImpl<SetupResult, kOp>::~OpHandlerImpl() [with SetupResult = grpc_core::MessageReceiver::MakeBatchOp<grpc_core::CallInitiator>(const grpc_op&, grpc_core::CallInitiator*)::<lambda()>; grpc_op_type kOp = GRPC_OP_RECV_MESSAGE]’ at ./src/core/lib/surface/call_utils.h:187:3,
          inlined from ‘void grpc_core::ClientCall::CommitBatch(const grpc_op*, size_t, void*, bool)’ at src/core/call/client_call.cc:384:17:
      ./src/core/call/call_filters.h:1470:17: warning: ‘((grpc_core::filters_detail::OperationExecutor<std::unique_ptr<grpc_core::Message, grpc_core::Arena::PooledDeleter> >*)((char*)&<unnamed> + offsetof(grpc_core::OpHandlerImpl<grpc_core::MessageReceiver::MakeBatchOp::._anon_740, GRPC_OP_RECV_MESSAGE>,grpc_core::OpHandlerImpl<grpc_core::MessageReceiver::MakeBatchOp::._anon_740, GRPC_OP_RECV_MESSAGE>::<unnamed>) + 8))[1].grpc_core::filters_detail::OperationExecutor<std::unique_ptr<grpc_core::Message, grpc_core::Arena::PooledDeleter> >::end_ops_’ may be used uninitialized [-Wmaybe-uninitialized]
       1470 |     if (ops_ != end_ops_) ops_->early_destroy(promise_data_);
            |                 ^~~~~~~~
      src/core/call/client_call.cc: In member function ‘void grpc_core::ClientCall::CommitBatch(const grpc_op*, size_t, void*, bool)’:
      src/core/call/client_call.cc:384:17: note: ‘<anonymous>’ declared here
        384 |           TrySeq(std::move(recv_initial_metadata), std::move(recv_message))),
            |           ~~~~~~^~~~~~~~~~~~~~~~~~~~~~~~~~~~~~~~~~~~~~~~~~~~~~~~~~~~~~~~~~~
      gcc -fno-strict-overflow -Wsign-compare -DNDEBUG -g -O3 -Wall -fPIC -D_WIN32_WINNT=1536 -DGRPC_XDS_USER_AGENT_NAME_SUFFIX=\"Python\" -DGRPC_XDS_USER_AGENT_VERSION_SUFFIX=\"1.79.0.dev0\" -DHAVE_CONFIG_H=1 -DGRPC_ENABLE_FORK_SUPPORT=1 -DGRPC_ENABLE_FORK_SUPPORT_DEFAULT=false -DGRPC_PYTHON_BUILD=1 -D__STDC_FORMAT_MACROS "-DPyMODINIT_FUNC=extern \"C\" __attribute__((visibility (\"default\"))) PyObject*" -DGRPC_POSIX_FORK_ALLOW_PTHREAD_ATFORK=1 -Isrc/python/grpcio -Iinclude -I. -Ithird_party/abseil-cpp -Ithird_party/address_sorting/include -Ithird_party/cares/cares/include -Ithird_party/cares -Ithird_party/cares/cares -Ithird_party/cares/cares/src/lib/include -Ithird_party/cares/cares/src/lib -Ithird_party/cares/config_linux -Ithird_party/re2 -Ithird_party/boringssl-with-bazel/src/include -Ithird_party/upb -Isrc/core/ext/upb-gen -Isrc/core/ext/upbdefs-gen -Ithird_party/utf8_range -Ithird_party/xxhash -Ithird_party/zlib -I/usr/local/google/home/ssreenithi/.pyenv/versions/3.12.0/envs/pyvenv_312/include -I/usr/local/google/home/ssreenithi/.pyenv/versions/3.12.0/include/python3.12 -c third_party/zlib/inftrees.c -o pyb/temp.linux-x86_64-cpython-312/third_party/zlib/inftrees.o -fvisibility=hidden -fno-wrapv -fno-exceptions -pthread
      gcc -fno-strict-overflow -Wsign-compare -DNDEBUG -g -O3 -Wall -fPIC -D_WIN32_WINNT=1536 -DGRPC_XDS_USER_AGENT_NAME_SUFFIX=\"Python\" -DGRPC_XDS_USER_AGENT_VERSION_SUFFIX=\"1.79.0.dev0\" -DHAVE_CONFIG_H=1 -DGRPC_ENABLE_FORK_SUPPORT=1 -DGRPC_ENABLE_FORK_SUPPORT_DEFAULT=false -DGRPC_PYTHON_BUILD=1 -D__STDC_FORMAT_MACROS "-DPyMODINIT_FUNC=extern \"C\" __attribute__((visibility (\"default\"))) PyObject*" -DGRPC_POSIX_FORK_ALLOW_PTHREAD_ATFORK=1 -Isrc/python/grpcio -Iinclude -I. -Ithird_party/abseil-cpp -Ithird_party/address_sorting/include -Ithird_party/cares/cares/include -Ithird_party/cares -Ithird_party/cares/cares -Ithird_party/cares/cares/src/lib/include -Ithird_party/cares/cares/src/lib -Ithird_party/cares/config_linux -Ithird_party/re2 -Ithird_party/boringssl-with-bazel/src/include -Ithird_party/upb -Isrc/core/ext/upb-gen -Isrc/core/ext/upbdefs-gen -Ithird_party/utf8_range -Ithird_party/xxhash -Ithird_party/zlib -I/usr/local/google/home/ssreenithi/.pyenv/versions/3.12.0/envs/pyvenv_312/include -I/usr/local/google/home/ssreenithi/.pyenv/versions/3.12.0/include/python3.12 -c third_party/upb/upb/reflection/def_pool.c -o pyb/temp.linux-x86_64-cpython-312/third_party/upb/upb/reflection/def_pool.o -fvisibility=hidden -fno-wrapv -fno-exceptions -pthread
      gcc -fno-strict-overflow -Wsign-compare -DNDEBUG -g -O3 -Wall -fPIC -D_WIN32_WINNT=1536 -DGRPC_XDS_USER_AGENT_NAME_SUFFIX=\"Python\" -DGRPC_XDS_USER_AGENT_VERSION_SUFFIX=\"1.79.0.dev0\" -DHAVE_CONFIG_H=1 -DGRPC_ENABLE_FORK_SUPPORT=1 -DGRPC_ENABLE_FORK_SUPPORT_DEFAULT=false -DGRPC_PYTHON_BUILD=1 -D__STDC_FORMAT_MACROS "-DPyMODINIT_FUNC=extern \"C\" __attribute__((visibility (\"default\"))) PyObject*" -DGRPC_POSIX_FORK_ALLOW_PTHREAD_ATFORK=1 -Isrc/python/grpcio -Iinclude -I. -Ithird_party/abseil-cpp -Ithird_party/address_sorting/include -Ithird_party/cares/cares/include -Ithird_party/cares -Ithird_party/cares/cares -Ithird_party/cares/cares/src/lib/include -Ithird_party/cares/cares/src/lib -Ithird_party/cares/config_linux -Ithird_party/re2 -Ithird_party/boringssl-with-bazel/src/include -Ithird_party/upb -Isrc/core/ext/upb-gen -Isrc/core/ext/upbdefs-gen -Ithird_party/utf8_range -Ithird_party/xxhash -Ithird_party/zlib -I/usr/local/google/home/ssreenithi/.pyenv/versions/3.12.0/envs/pyvenv_312/include -I/usr/local/google/home/ssreenithi/.pyenv/versions/3.12.0/include/python3.12 -c third_party/cares/cares/src/lib/util/ares_timeval.c -o pyb/temp.linux-x86_64-cpython-312/third_party/cares/cares/src/lib/util/ares_timeval.o -fvisibility=hidden -fno-wrapv -fno-exceptions -pthread
      gcc -fno-strict-overflow -Wsign-compare -DNDEBUG -g -O3 -Wall -fPIC -D_WIN32_WINNT=1536 -DGRPC_XDS_USER_AGENT_NAME_SUFFIX=\"Python\" -DGRPC_XDS_USER_AGENT_VERSION_SUFFIX=\"1.79.0.dev0\" -DHAVE_CONFIG_H=1 -DGRPC_ENABLE_FORK_SUPPORT=1 -DGRPC_ENABLE_FORK_SUPPORT_DEFAULT=false -DGRPC_PYTHON_BUILD=1 -D__STDC_FORMAT_MACROS "-DPyMODINIT_FUNC=extern \"C\" __attribute__((visibility (\"default\"))) PyObject*" -DGRPC_POSIX_FORK_ALLOW_PTHREAD_ATFORK=1 -Isrc/python/grpcio -Iinclude -I. -Ithird_party/abseil-cpp -Ithird_party/address_sorting/include -Ithird_party/cares/cares/include -Ithird_party/cares -Ithird_party/cares/cares -Ithird_party/cares/cares/src/lib/include -Ithird_party/cares/cares/src/lib -Ithird_party/cares/config_linux -Ithird_party/re2 -Ithird_party/boringssl-with-bazel/src/include -Ithird_party/upb -Isrc/core/ext/upb-gen -Isrc/core/ext/upbdefs-gen -Ithird_party/utf8_range -Ithird_party/xxhash -Ithird_party/zlib -I/usr/local/google/home/ssreenithi/.pyenv/versions/3.12.0/envs/pyvenv_312/include -I/usr/local/google/home/ssreenithi/.pyenv/versions/3.12.0/include/python3.12 -c third_party/zlib/compress.c -o pyb/temp.linux-x86_64-cpython-312/third_party/zlib/compress.o -fvisibility=hidden -fno-wrapv -fno-exceptions -pthread
      g++ -fno-strict-overflow -Wsign-compare -DNDEBUG -g -O3 -Wall -fPIC -D_WIN32_WINNT=1536 -DGRPC_XDS_USER_AGENT_NAME_SUFFIX=\"Python\" -DGRPC_XDS_USER_AGENT_VERSION_SUFFIX=\"1.79.0.dev0\" -DHAVE_CONFIG_H=1 -DGRPC_ENABLE_FORK_SUPPORT=1 -DGRPC_ENABLE_FORK_SUPPORT_DEFAULT=false -DGRPC_PYTHON_BUILD=1 -D__STDC_FORMAT_MACROS "-DPyMODINIT_FUNC=extern \"C\" __attribute__((visibility (\"default\"))) PyObject*" -DGRPC_POSIX_FORK_ALLOW_PTHREAD_ATFORK=1 -Isrc/python/grpcio -Iinclude -I. -Ithird_party/abseil-cpp -Ithird_party/address_sorting/include -Ithird_party/cares/cares/include -Ithird_party/cares -Ithird_party/cares/cares -Ithird_party/cares/cares/src/lib/include -Ithird_party/cares/cares/src/lib -Ithird_party/cares/config_linux -Ithird_party/re2 -Ithird_party/boringssl-with-bazel/src/include -Ithird_party/upb -Isrc/core/ext/upb-gen -Isrc/core/ext/upbdefs-gen -Ithird_party/utf8_range -Ithird_party/xxhash -Ithird_party/zlib -I/usr/local/google/home/ssreenithi/.pyenv/versions/3.12.0/envs/pyvenv_312/include -I/usr/local/google/home/ssreenithi/.pyenv/versions/3.12.0/include/python3.12 -c src/core/ext/transport/chttp2/transport/frame_ping.cc -o pyb/temp.linux-x86_64-cpython-312/src/core/ext/transport/chttp2/transport/frame_ping.o -std=c++17 -fvisibility=hidden -fno-wrapv -fno-exceptions -pthread
      In constructor ‘grpc_core::filters_detail::OperationExecutor<T>::OperationExecutor(grpc_core::filters_detail::OperationExecutor<T>&&) [with T = std::unique_ptr<grpc_core::Message, grpc_core::Arena::PooledDeleter>]’,
          inlined from ‘grpc_core::CallFilters::MessageExecutor<&grpc_core::CallFilters::push_server_to_client_message_, &grpc_core::filters_detail::StackData::server_to_client_messages, &grpc_core::CallState::FinishPullServerToClientMessage, std::reverse_iterator<const grpc_core::CallFilters::AddedStack*> >::MessageExecutor(grpc_core::CallFilters::MessageExecutor<&grpc_core::CallFilters::push_server_to_client_message_, &grpc_core::filters_detail::StackData::server_to_client_messages, &grpc_core::CallState::FinishPullServerToClientMessage, std::reverse_iterator<const grpc_core::CallFilters::AddedStack*> >&&)’ at ./src/core/call/call_filters.h:1886:9,
          inlined from ‘grpc_core::promise_detail::PromiseLike<F, typename std::enable_if<(! std::is_void<typename std::invoke_result<Releaser>::type>::value), void>::type>::PromiseLike(F&&) [with F = grpc_core::CallFilters::MessageExecutor<&grpc_core::CallFilters::push_server_to_client_message_, &grpc_core::filters_detail::StackData::server_to_client_messages, &grpc_core::CallState::FinishPullServerToClientMessage, std::reverse_iterator<const grpc_core::CallFilters::AddedStack*> >]’ at ./src/core/lib/promise/detail/promise_like.h:214:9,
          inlined from ‘std::enable_if_t<((bool)grpc_core::promise_detail::IsVoidCallable<typename grpc_core::promise_detail::ResultOfT<F(), void>::T>::value), grpc_core::promise_detail::PromiseLike<decltype (declval<F>()())> > grpc_core::promise_detail::PromiseFactoryImpl(Token, F&&) [with Token = OnceToken; F = grpc_core::CallFilters::PullServerToClientMessage()::<lambda(bool)>::<lambda()>]’ at ./src/core/lib/promise/detail/promise_factory.h:211:12,
          inlined from ‘grpc_core::promise_detail::OncePromiseFactory<void, F>::Promise grpc_core::promise_detail::OncePromiseFactory<void, F>::Make() [with F = grpc_core::CallFilters::PullServerToClientMessage()::<lambda(bool)>::<lambda()>]’ at ./src/core/lib/promise/detail/promise_factory.h:250:57,
          inlined from ‘grpc_core::If<bool, T, F>::If(bool, T, F) [with T = grpc_core::CallFilters::PullServerToClientMessage()::<lambda(bool)>::<lambda()>; F = grpc_core::CallFilters::PullServerToClientMessage()::<lambda(bool)>::<lambda()>]’ at ./src/core/lib/promise/if.h:181:45,
          inlined from ‘grpc_core::CallFilters::PullServerToClientMessage()::<lambda(bool)>’ at ./src/core/call/call_filters.h:2049:16,
          inlined from ‘std::enable_if_t<((bool)grpc_core::promise_detail::IsVoidCallable<typename grpc_core::promise_detail::ResultOfT<F(A), void>::T>::value), grpc_core::promise_detail::PromiseLike<decltype (declval<F>()(declval<A>()))> > grpc_core::promise_detail::PromiseFactoryImpl(Token, F&&, A&&) [with Token = OnceToken; A = bool; F = grpc_core::CallFilters::PullServerToClientMessage()::<lambda(bool)>]’ at ./src/core/lib/promise/detail/promise_factory.h:183:11,
          inlined from ‘grpc_core::promise_detail::OncePromiseFactory<A, F>::Promise grpc_core::promise_detail::OncePromiseFactory<A, F>::Make(Arg&&) [with A = bool; F = grpc_core::CallFilters::PullServerToClientMessage()::<lambda(bool)>]’ at ./src/core/lib/promise/detail/promise_factory.h:232:79,
          inlined from ‘static auto grpc_core::promise_detail::TrySeqTraitsWithSfinae<T, typename std::enable_if<((std::is_same<decltype (grpc_core::IsStatusOk(declval<T>())), bool>::value && grpc_core::promise_detail::TakeValueExists<T>::value) && grpc_core::promise_detail::AllowGenericTrySeqTraits<T>::value), void>::type>::CallFactory(Next*, T&&) [with Next = grpc_core::promise_detail::OncePromiseFactory<bool, grpc_core::CallFilters::PullServerToClientMessage()::<lambda(bool)> >; T = grpc_core::ValueOrFailure<bool>]’ at ./src/core/lib/promise/try_seq.h:200:57,
          inlined from ‘grpc_core::Poll<typename Traits<typename grpc_core::promise_detail::OncePromiseFactory<typename Traits<typename grpc_core::promise_detail::PromiseLike<F>::Result>::UnwrappedType, F0>::Promise::Result>::WrappedType> grpc_core::promise_detail::SeqState<Traits, P, F0>::PollOnce() [with Traits = grpc_core::promise_detail::TrySeqTraits; P = grpc_core::CallFilters::PullServerToClientMessage()::<lambda()>; F0 = grpc_core::CallFilters::PullServerToClientMessage()::<lambda(bool)>]’ at ./src/core/lib/promise/detail/seq_state.h:185:14,
          inlined from ‘auto grpc_core::promise_detail::TrySeq<P, Fs>::operator()() [with P = grpc_core::CallFilters::PullServerToClientMessage()::<lambda()>; Fs = {grpc_core::CallFilters::PullServerToClientMessage()::<lambda(bool)>}]’ at ./src/core/lib/promise/try_seq.h:263:28,
          inlined from ‘grpc_core::Poll<decltype (grpc_core::for_each_detail::Done<typename grpc_core::PollTraits<decltype (declval<typename grpc_core::promise_detail::RepeatedPromiseFactory<typename grpc_core::for_each_detail::NextValueTraits<typename grpc_core::PollTraits<decltype (declval<decltype (declval<Reader>().Next())>()())>::Type, void>::Value, Action>::Promise>()())>::Type>::Make(false))> grpc_core::for_each_detail::ForEach<Reader, Action>::PollReaderNext() [with Reader = grpc_core::MessagesFrom<CallInitiator>(CallInitiator)::Wrapper; Action = grpc_core::RetryInterceptor::Attempt::ServerToClientGotInitialMetadata(grpc_core::ServerMetadataHandle)::<lambda()>::<lambda(grpc_core::MessageHandle)>]’ at ./src/core/lib/promise/for_each.h:183:10,
          inlined from ‘grpc_core::Poll<decltype (grpc_core::for_each_detail::Done<typename grpc_core::PollTraits<decltype (declval<typename grpc_core::promise_detail::RepeatedPromiseFactory<typename grpc_core::for_each_detail::NextValueTraits<typename grpc_core::PollTraits<decltype (declval<decltype (declval<Reader>().Next())>()())>::Type, void>::Value, Action>::Promise>()())>::Type>::Make(false))> grpc_core::for_each_detail::ForEach<Reader, Action>::PollAction() [with Reader = grpc_core::MessagesFrom<CallInitiator>(CallInitiator)::Wrapper; Action = grpc_core::RetryInterceptor::Attempt::ServerToClientGotInitialMetadata(grpc_core::ServerMetadataHandle)::<lambda()>::<lambda(grpc_core::MessageHandle)>]’ at ./src/core/lib/promise/for_each.h:219:31:
      ./src/core/call/call_filters.h:1424:20: warning: ‘<unnamed>.grpc_core::CallFilters::MessageExecutor<grpc_core::CallFilters::push_server_to_client_message_, grpc_core::filters_detail::StackData::server_to_client_messages, grpc_core::CallState::FinishPullServerToClientMessage, std::reverse_iterator<const grpc_core::CallFilters::AddedStack*> >::executor_.grpc_core::filters_detail::OperationExecutor<std::unique_ptr<grpc_core::Message, grpc_core::Arena::PooledDeleter> >::ops_’ may be used uninitialized [-Wmaybe-uninitialized]
       1424 |       : ops_(other.ops_), end_ops_(other.end_ops_) {
            |              ~~~~~~^~~~
      ./src/core/lib/promise/detail/promise_factory.h: In member function ‘grpc_core::Poll<decltype (grpc_core::for_each_detail::Done<typename grpc_core::PollTraits<decltype (declval<typename grpc_core::promise_detail::RepeatedPromiseFactory<typename grpc_core::for_each_detail::NextValueTraits<typename grpc_core::PollTraits<decltype (declval<decltype (declval<Reader>().Next())>()())>::Type, void>::Value, Action>::Promise>()())>::Type>::Make(false))> grpc_core::for_each_detail::ForEach<Reader, Action>::PollAction() [with Reader = grpc_core::MessagesFrom<CallInitiator>(CallInitiator)::Wrapper; Action = grpc_core::RetryInterceptor::Attempt::ServerToClientGotInitialMetadata(grpc_core::ServerMetadataHandle)::<lambda()>::<lambda(grpc_core::MessageHandle)>]’:
      ./src/core/lib/promise/detail/promise_factory.h:211:11: note: ‘<anonymous>’ declared here
        211 |   return f();
            |          ~^~
      In constructor ‘grpc_core::filters_detail::OperationExecutor<T>::OperationExecutor(grpc_core::filters_detail::OperationExecutor<T>&&) [with T = std::unique_ptr<grpc_core::Message, grpc_core::Arena::PooledDeleter>]’,
          inlined from ‘grpc_core::CallFilters::MessageExecutor<&grpc_core::CallFilters::push_server_to_client_message_, &grpc_core::filters_detail::StackData::server_to_client_messages, &grpc_core::CallState::FinishPullServerToClientMessage, std::reverse_iterator<const grpc_core::CallFilters::AddedStack*> >::MessageExecutor(grpc_core::CallFilters::MessageExecutor<&grpc_core::CallFilters::push_server_to_client_message_, &grpc_core::filters_detail::StackData::server_to_client_messages, &grpc_core::CallState::FinishPullServerToClientMessage, std::reverse_iterator<const grpc_core::CallFilters::AddedStack*> >&&)’ at ./src/core/call/call_filters.h:1886:9,
          inlined from ‘grpc_core::promise_detail::PromiseLike<F, typename std::enable_if<(! std::is_void<typename std::invoke_result<Releaser>::type>::value), void>::type>::PromiseLike(F&&) [with F = grpc_core::CallFilters::MessageExecutor<&grpc_core::CallFilters::push_server_to_client_message_, &grpc_core::filters_detail::StackData::server_to_client_messages, &grpc_core::CallState::FinishPullServerToClientMessage, std::reverse_iterator<const grpc_core::CallFilters::AddedStack*> >]’ at ./src/core/lib/promise/detail/promise_like.h:214:9,
          inlined from ‘std::enable_if_t<((bool)grpc_core::promise_detail::IsVoidCallable<typename grpc_core::promise_detail::ResultOfT<F(), void>::T>::value), grpc_core::promise_detail::PromiseLike<decltype (declval<F>()())> > grpc_core::promise_detail::PromiseFactoryImpl(Token, F&&) [with Token = OnceToken; F = grpc_core::CallFilters::PullServerToClientMessage()::<lambda(bool)>::<lambda()>]’ at ./src/core/lib/promise/detail/promise_factory.h:211:12,
          inlined from ‘grpc_core::promise_detail::OncePromiseFactory<void, F>::Promise grpc_core::promise_detail::OncePromiseFactory<void, F>::Make() [with F = grpc_core::CallFilters::PullServerToClientMessage()::<lambda(bool)>::<lambda()>]’ at ./src/core/lib/promise/detail/promise_factory.h:250:57,
          inlined from ‘grpc_core::If<bool, T, F>::If(bool, T, F) [with T = grpc_core::CallFilters::PullServerToClientMessage()::<lambda(bool)>::<lambda()>; F = grpc_core::CallFilters::PullServerToClientMessage()::<lambda(bool)>::<lambda()>]’ at ./src/core/lib/promise/if.h:181:45,
          inlined from ‘grpc_core::CallFilters::PullServerToClientMessage()::<lambda(bool)>’ at ./src/core/call/call_filters.h:2049:16,
          inlined from ‘std::enable_if_t<((bool)grpc_core::promise_detail::IsVoidCallable<typename grpc_core::promise_detail::ResultOfT<F(A), void>::T>::value), grpc_core::promise_detail::PromiseLike<decltype (declval<F>()(declval<A>()))> > grpc_core::promise_detail::PromiseFactoryImpl(Token, F&&, A&&) [with Token = OnceToken; A = bool; F = grpc_core::CallFilters::PullServerToClientMessage()::<lambda(bool)>]’ at ./src/core/lib/promise/detail/promise_factory.h:183:11,
          inlined from ‘grpc_core::promise_detail::OncePromiseFactory<A, F>::Promise grpc_core::promise_detail::OncePromiseFactory<A, F>::Make(Arg&&) [with A = bool; F = grpc_core::CallFilters::PullServerToClientMessage()::<lambda(bool)>]’ at ./src/core/lib/promise/detail/promise_factory.h:232:79,
          inlined from ‘static auto grpc_core::promise_detail::TrySeqTraitsWithSfinae<T, typename std::enable_if<((std::is_same<decltype (grpc_core::IsStatusOk(declval<T>())), bool>::value && grpc_core::promise_detail::TakeValueExists<T>::value) && grpc_core::promise_detail::AllowGenericTrySeqTraits<T>::value), void>::type>::CallFactory(Next*, T&&) [with Next = grpc_core::promise_detail::OncePromiseFactory<bool, grpc_core::CallFilters::PullServerToClientMessage()::<lambda(bool)> >; T = grpc_core::ValueOrFailure<bool>]’ at ./src/core/lib/promise/try_seq.h:200:57,
          inlined from ‘grpc_core::Poll<typename Traits<typename grpc_core::promise_detail::OncePromiseFactory<typename Traits<typename grpc_core::promise_detail::PromiseLike<F>::Result>::UnwrappedType, F0>::Promise::Result>::WrappedType> grpc_core::promise_detail::SeqState<Traits, P, F0>::PollOnce() [with Traits = grpc_core::promise_detail::TrySeqTraits; P = grpc_core::CallFilters::PullServerToClientMessage()::<lambda()>; F0 = grpc_core::CallFilters::PullServerToClientMessage()::<lambda(bool)>]’ at ./src/core/lib/promise/detail/seq_state.h:185:14,
          inlined from ‘auto grpc_core::promise_detail::TrySeq<P, Fs>::operator()() [with P = grpc_core::CallFilters::PullServerToClientMessage()::<lambda()>; Fs = {grpc_core::CallFilters::PullServerToClientMessage()::<lambda(bool)>}]’ at ./src/core/lib/promise/try_seq.h:263:28,
          inlined from ‘grpc_core::Poll<decltype (grpc_core::for_each_detail::Done<typename grpc_core::PollTraits<decltype (declval<typename grpc_core::promise_detail::RepeatedPromiseFactory<typename grpc_core::for_each_detail::NextValueTraits<typename grpc_core::PollTraits<decltype (declval<decltype (declval<Reader>().Next())>()())>::Type, void>::Value, Action>::Promise>()())>::Type>::Make(false))> grpc_core::for_each_detail::ForEach<Reader, Action>::PollReaderNext() [with Reader = grpc_core::MessagesFrom<CallInitiator>(CallInitiator)::Wrapper; Action = grpc_core::RetryInterceptor::Attempt::ServerToClientGotInitialMetadata(grpc_core::ServerMetadataHandle)::<lambda()>::<lambda(grpc_core::MessageHandle)>]’ at ./src/core/lib/promise/for_each.h:183:10,
          inlined from ‘grpc_core::Poll<decltype (grpc_core::for_each_detail::Done<typename grpc_core::PollTraits<decltype (declval<typename grpc_core::promise_detail::RepeatedPromiseFactory<typename grpc_core::for_each_detail::NextValueTraits<typename grpc_core::PollTraits<decltype (declval<decltype (declval<Reader>().Next())>()())>::Type, void>::Value, Action>::Promise>()())>::Type>::Make(false))> grpc_core::for_each_detail::ForEach<Reader, Action>::PollAction() [with Reader = grpc_core::MessagesFrom<CallInitiator>(CallInitiator)::Wrapper; Action = grpc_core::RetryInterceptor::Attempt::ServerToClientGotInitialMetadata(grpc_core::ServerMetadataHandle)::<lambda()>::<lambda(grpc_core::MessageHandle)>]’ at ./src/core/lib/promise/for_each.h:219:31:
      ./src/core/call/call_filters.h:1424:42: warning: ‘<unnamed>.grpc_core::CallFilters::MessageExecutor<grpc_core::CallFilters::push_server_to_client_message_, grpc_core::filters_detail::StackData::server_to_client_messages, grpc_core::CallState::FinishPullServerToClientMessage, std::reverse_iterator<const grpc_core::CallFilters::AddedStack*> >::executor_.grpc_core::filters_detail::OperationExecutor<std::unique_ptr<grpc_core::Message, grpc_core::Arena::PooledDeleter> >::end_ops_’ may be used uninitialized [-Wmaybe-uninitialized]
       1424 |       : ops_(other.ops_), end_ops_(other.end_ops_) {
            |                                    ~~~~~~^~~~~~~~
      ./src/core/lib/promise/detail/promise_factory.h: In member function ‘grpc_core::Poll<decltype (grpc_core::for_each_detail::Done<typename grpc_core::PollTraits<decltype (declval<typename grpc_core::promise_detail::RepeatedPromiseFactory<typename grpc_core::for_each_detail::NextValueTraits<typename grpc_core::PollTraits<decltype (declval<decltype (declval<Reader>().Next())>()())>::Type, void>::Value, Action>::Promise>()())>::Type>::Make(false))> grpc_core::for_each_detail::ForEach<Reader, Action>::PollAction() [with Reader = grpc_core::MessagesFrom<CallInitiator>(CallInitiator)::Wrapper; Action = grpc_core::RetryInterceptor::Attempt::ServerToClientGotInitialMetadata(grpc_core::ServerMetadataHandle)::<lambda()>::<lambda(grpc_core::MessageHandle)>]’:
      ./src/core/lib/promise/detail/promise_factory.h:211:11: note: ‘<anonymous>’ declared here
        211 |   return f();
            |          ~^~
      gcc -fno-strict-overflow -Wsign-compare -DNDEBUG -g -O3 -Wall -fPIC -D_WIN32_WINNT=1536 -DGRPC_XDS_USER_AGENT_NAME_SUFFIX=\"Python\" -DGRPC_XDS_USER_AGENT_VERSION_SUFFIX=\"1.79.0.dev0\" -DHAVE_CONFIG_H=1 -DGRPC_ENABLE_FORK_SUPPORT=1 -DGRPC_ENABLE_FORK_SUPPORT_DEFAULT=false -DGRPC_PYTHON_BUILD=1 -D__STDC_FORMAT_MACROS "-DPyMODINIT_FUNC=extern \"C\" __attribute__((visibility (\"default\"))) PyObject*" -DGRPC_POSIX_FORK_ALLOW_PTHREAD_ATFORK=1 -Isrc/python/grpcio -Iinclude -I. -Ithird_party/abseil-cpp -Ithird_party/address_sorting/include -Ithird_party/cares/cares/include -Ithird_party/cares -Ithird_party/cares/cares -Ithird_party/cares/cares/src/lib/include -Ithird_party/cares/cares/src/lib -Ithird_party/cares/config_linux -Ithird_party/re2 -Ithird_party/boringssl-with-bazel/src/include -Ithird_party/upb -Isrc/core/ext/upb-gen -Isrc/core/ext/upbdefs-gen -Ithird_party/utf8_range -Ithird_party/xxhash -Ithird_party/zlib -I/usr/local/google/home/ssreenithi/.pyenv/versions/3.12.0/envs/pyvenv_312/include -I/usr/local/google/home/ssreenithi/.pyenv/versions/3.12.0/include/python3.12 -c third_party/upb/upb/base/status.c -o pyb/temp.linux-x86_64-cpython-312/third_party/upb/upb/base/status.o -fvisibility=hidden -fno-wrapv -fno-exceptions -pthread
      gcc -fno-strict-overflow -Wsign-compare -DNDEBUG -g -O3 -Wall -fPIC -D_WIN32_WINNT=1536 -DGRPC_XDS_USER_AGENT_NAME_SUFFIX=\"Python\" -DGRPC_XDS_USER_AGENT_VERSION_SUFFIX=\"1.79.0.dev0\" -DHAVE_CONFIG_H=1 -DGRPC_ENABLE_FORK_SUPPORT=1 -DGRPC_ENABLE_FORK_SUPPORT_DEFAULT=false -DGRPC_PYTHON_BUILD=1 -D__STDC_FORMAT_MACROS "-DPyMODINIT_FUNC=extern \"C\" __attribute__((visibility (\"default\"))) PyObject*" -DGRPC_POSIX_FORK_ALLOW_PTHREAD_ATFORK=1 -Isrc/python/grpcio -Iinclude -I. -Ithird_party/abseil-cpp -Ithird_party/address_sorting/include -Ithird_party/cares/cares/include -Ithird_party/cares -Ithird_party/cares/cares -Ithird_party/cares/cares/src/lib/include -Ithird_party/cares/cares/src/lib -Ithird_party/cares/config_linux -Ithird_party/re2 -Ithird_party/boringssl-with-bazel/src/include -Ithird_party/upb -Isrc/core/ext/upb-gen -Isrc/core/ext/upbdefs-gen -Ithird_party/utf8_range -Ithird_party/xxhash -Ithird_party/zlib -I/usr/local/google/home/ssreenithi/.pyenv/versions/3.12.0/envs/pyvenv_312/include -I/usr/local/google/home/ssreenithi/.pyenv/versions/3.12.0/include/python3.12 -c third_party/cares/cares/src/lib/util/ares_uri.c -o pyb/temp.linux-x86_64-cpython-312/third_party/cares/cares/src/lib/util/ares_uri.o -fvisibility=hidden -fno-wrapv -fno-exceptions -pthread
      third_party/upb/upb/reflection/enum_value_def.c: In function ‘_upb_EnumValueDefs_Sorted’:
      third_party/upb/upb/reflection/enum_value_def.c:52:21: warning: comparison of integer expressions of different signedness: ‘int’ and ‘size_t’ {aka ‘long unsigned int’} [-Wsign-compare]
         52 |   for (int i = 0; i < n; i++) {
            |                     ^
      g++ -fno-strict-overflow -Wsign-compare -DNDEBUG -g -O3 -Wall -fPIC -D_WIN32_WINNT=1536 -DGRPC_XDS_USER_AGENT_NAME_SUFFIX=\"Python\" -DGRPC_XDS_USER_AGENT_VERSION_SUFFIX=\"1.79.0.dev0\" -DHAVE_CONFIG_H=1 -DGRPC_ENABLE_FORK_SUPPORT=1 -DGRPC_ENABLE_FORK_SUPPORT_DEFAULT=false -DGRPC_PYTHON_BUILD=1 -D__STDC_FORMAT_MACROS "-DPyMODINIT_FUNC=extern \"C\" __attribute__((visibility (\"default\"))) PyObject*" -DGRPC_POSIX_FORK_ALLOW_PTHREAD_ATFORK=1 -Isrc/python/grpcio -Iinclude -I. -Ithird_party/abseil-cpp -Ithird_party/address_sorting/include -Ithird_party/cares/cares/include -Ithird_party/cares -Ithird_party/cares/cares -Ithird_party/cares/cares/src/lib/include -Ithird_party/cares/cares/src/lib -Ithird_party/cares/config_linux -Ithird_party/re2 -Ithird_party/boringssl-with-bazel/src/include -Ithird_party/upb -Isrc/core/ext/upb-gen -Isrc/core/ext/upbdefs-gen -Ithird_party/utf8_range -Ithird_party/xxhash -Ithird_party/zlib -I/usr/local/google/home/ssreenithi/.pyenv/versions/3.12.0/envs/pyvenv_312/include -I/usr/local/google/home/ssreenithi/.pyenv/versions/3.12.0/include/python3.12 -c third_party/boringssl-with-bazel/src/ssl/s3_pkt.cc -o pyb/temp.linux-x86_64-cpython-312/third_party/boringssl-with-bazel/src/ssl/s3_pkt.o -std=c++17 -fvisibility=hidden -fno-wrapv -fno-exceptions -pthread
      gcc -fno-strict-overflow -Wsign-compare -DNDEBUG -g -O3 -Wall -fPIC -D_WIN32_WINNT=1536 -DGRPC_XDS_USER_AGENT_NAME_SUFFIX=\"Python\" -DGRPC_XDS_USER_AGENT_VERSION_SUFFIX=\"1.79.0.dev0\" -DHAVE_CONFIG_H=1 -DGRPC_ENABLE_FORK_SUPPORT=1 -DGRPC_ENABLE_FORK_SUPPORT_DEFAULT=false -DGRPC_PYTHON_BUILD=1 -D__STDC_FORMAT_MACROS "-DPyMODINIT_FUNC=extern \"C\" __attribute__((visibility (\"default\"))) PyObject*" -DGRPC_POSIX_FORK_ALLOW_PTHREAD_ATFORK=1 -Isrc/python/grpcio -Iinclude -I. -Ithird_party/abseil-cpp -Ithird_party/address_sorting/include -Ithird_party/cares/cares/include -Ithird_party/cares -Ithird_party/cares/cares -Ithird_party/cares/cares/src/lib/include -Ithird_party/cares/cares/src/lib -Ithird_party/cares/config_linux -Ithird_party/re2 -Ithird_party/boringssl-with-bazel/src/include -Ithird_party/upb -Isrc/core/ext/upb-gen -Isrc/core/ext/upbdefs-gen -Ithird_party/utf8_range -Ithird_party/xxhash -Ithird_party/zlib -I/usr/local/google/home/ssreenithi/.pyenv/versions/3.12.0/envs/pyvenv_312/include -I/usr/local/google/home/ssreenithi/.pyenv/versions/3.12.0/include/python3.12 -c third_party/zlib/crc32.c -o pyb/temp.linux-x86_64-cpython-312/third_party/zlib/crc32.o -fvisibility=hidden -fno-wrapv -fno-exceptions -pthread
      g++ -fno-strict-overflow -Wsign-compare -DNDEBUG -g -O3 -Wall -fPIC -D_WIN32_WINNT=1536 -DGRPC_XDS_USER_AGENT_NAME_SUFFIX=\"Python\" -DGRPC_XDS_USER_AGENT_VERSION_SUFFIX=\"1.79.0.dev0\" -DHAVE_CONFIG_H=1 -DGRPC_ENABLE_FORK_SUPPORT=1 -DGRPC_ENABLE_FORK_SUPPORT_DEFAULT=false -DGRPC_PYTHON_BUILD=1 -D__STDC_FORMAT_MACROS "-DPyMODINIT_FUNC=extern \"C\" __attribute__((visibility (\"default\"))) PyObject*" -DGRPC_POSIX_FORK_ALLOW_PTHREAD_ATFORK=1 -Isrc/python/grpcio -Iinclude -I. -Ithird_party/abseil-cpp -Ithird_party/address_sorting/include -Ithird_party/cares/cares/include -Ithird_party/cares -Ithird_party/cares/cares -Ithird_party/cares/cares/src/lib/include -Ithird_party/cares/cares/src/lib -Ithird_party/cares/config_linux -Ithird_party/re2 -Ithird_party/boringssl-with-bazel/src/include -Ithird_party/upb -Isrc/core/ext/upb-gen -Isrc/core/ext/upbdefs-gen -Ithird_party/utf8_range -Ithird_party/xxhash -Ithird_party/zlib -I/usr/local/google/home/ssreenithi/.pyenv/versions/3.12.0/envs/pyvenv_312/include -I/usr/local/google/home/ssreenithi/.pyenv/versions/3.12.0/include/python3.12 -c third_party/boringssl-with-bazel/src/ssl/d1_lib.cc -o pyb/temp.linux-x86_64-cpython-312/third_party/boringssl-with-bazel/src/ssl/d1_lib.o -std=c++17 -fvisibility=hidden -fno-wrapv -fno-exceptions -pthread
      In file included from ./src/core/lib/promise/activity.h:30,
                       from ./src/core/lib/resource_quota/memory_quota.h:39,
                       from ./src/core/lib/resource_quota/arena.h:39,
                       from ./src/core/util/chunked_vector.h:24,
                       from ./src/core/call/metadata_batch.h:41,
                       from ./src/core/client_channel/subchannel.h:29,
                       from ./src/core/client_channel/client_channel_factory.h:22,
                       from src/core/client_channel/client_channel_factory.cc:19:
      ./src/core/lib/promise/detail/promise_factory.h:210:5: warning: ‘always_inline’ function might not be inlinable unless also declared ‘inline’ [-Wattributes]
        210 |     PromiseFactoryImpl(Token, F&& f) {
            |     ^~~~~~~~~~~~~~~~~~
      ./src/core/lib/promise/detail/promise_factory.h:210:5: warning: ‘always_inline’ function might not be inlinable unless also declared ‘inline’ [-Wattributes]
      ./src/core/lib/promise/detail/promise_factory.h:210:5: warning: ‘always_inline’ function might not be inlinable unless also declared ‘inline’ [-Wattributes]
      ./src/core/lib/promise/detail/promise_factory.h:210:5: warning: ‘always_inline’ function might not be inlinable unless also declared ‘inline’ [-Wattributes]
      ./src/core/lib/promise/detail/promise_factory.h:210:5: warning: ‘always_inline’ function might not be inlinable unless also declared ‘inline’ [-Wattributes]
      ./src/core/lib/promise/detail/promise_factory.h:210:5: warning: ‘always_inline’ function might not be inlinable unless also declared ‘inline’ [-Wattributes]
      ./src/core/lib/promise/detail/promise_factory.h:210:5: warning: ‘always_inline’ function might not be inlinable unless also declared ‘inline’ [-Wattributes]
      gcc -fno-strict-overflow -Wsign-compare -DNDEBUG -g -O3 -Wall -fPIC -D_WIN32_WINNT=1536 -DGRPC_XDS_USER_AGENT_NAME_SUFFIX=\"Python\" -DGRPC_XDS_USER_AGENT_VERSION_SUFFIX=\"1.79.0.dev0\" -DHAVE_CONFIG_H=1 -DGRPC_ENABLE_FORK_SUPPORT=1 -DGRPC_ENABLE_FORK_SUPPORT_DEFAULT=false -DGRPC_PYTHON_BUILD=1 -D__STDC_FORMAT_MACROS "-DPyMODINIT_FUNC=extern \"C\" __attribute__((visibility (\"default\"))) PyObject*" -DGRPC_POSIX_FORK_ALLOW_PTHREAD_ATFORK=1 -Isrc/python/grpcio -Iinclude -I. -Ithird_party/abseil-cpp -Ithird_party/address_sorting/include -Ithird_party/cares/cares/include -Ithird_party/cares -Ithird_party/cares/cares -Ithird_party/cares/cares/src/lib/include -Ithird_party/cares/cares/src/lib -Ithird_party/cares/config_linux -Ithird_party/re2 -Ithird_party/boringssl-with-bazel/src/include -Ithird_party/upb -Isrc/core/ext/upb-gen -Isrc/core/ext/upbdefs-gen -Ithird_party/utf8_range -Ithird_party/xxhash -Ithird_party/zlib -I/usr/local/google/home/ssreenithi/.pyenv/versions/3.12.0/envs/pyvenv_312/include -I/usr/local/google/home/ssreenithi/.pyenv/versions/3.12.0/include/python3.12 -c third_party/upb/upb/hash/common.c -o pyb/temp.linux-x86_64-cpython-312/third_party/upb/upb/hash/common.o -fvisibility=hidden -fno-wrapv -fno-exceptions -pthread
      gcc -fno-strict-overflow -Wsign-compare -DNDEBUG -g -O3 -Wall -fPIC -D_WIN32_WINNT=1536 -DGRPC_XDS_USER_AGENT_NAME_SUFFIX=\"Python\" -DGRPC_XDS_USER_AGENT_VERSION_SUFFIX=\"1.79.0.dev0\" -DHAVE_CONFIG_H=1 -DGRPC_ENABLE_FORK_SUPPORT=1 -DGRPC_ENABLE_FORK_SUPPORT_DEFAULT=false -DGRPC_PYTHON_BUILD=1 -D__STDC_FORMAT_MACROS "-DPyMODINIT_FUNC=extern \"C\" __attribute__((visibility (\"default\"))) PyObject*" -DGRPC_POSIX_FORK_ALLOW_PTHREAD_ATFORK=1 -Isrc/python/grpcio -Iinclude -I. -Ithird_party/abseil-cpp -Ithird_party/address_sorting/include -Ithird_party/cares/cares/include -Ithird_party/cares -Ithird_party/cares/cares -Ithird_party/cares/cares/src/lib/include -Ithird_party/cares/cares/src/lib -Ithird_party/cares/config_linux -Ithird_party/re2 -Ithird_party/boringssl-with-bazel/src/include -Ithird_party/upb -Isrc/core/ext/upb-gen -Isrc/core/ext/upbdefs-gen -Ithird_party/utf8_range -Ithird_party/xxhash -Ithird_party/zlib -I/usr/local/google/home/ssreenithi/.pyenv/versions/3.12.0/envs/pyvenv_312/include -I/usr/local/google/home/ssreenithi/.pyenv/versions/3.12.0/include/python3.12 -c third_party/upb/upb/mini_descriptor/build_enum.c -o pyb/temp.linux-x86_64-cpython-312/third_party/upb/upb/mini_descriptor/build_enum.o -fvisibility=hidden -fno-wrapv -fno-exceptions -pthread
      gcc -fno-strict-overflow -Wsign-compare -DNDEBUG -g -O3 -Wall -fPIC -D_WIN32_WINNT=1536 -DGRPC_XDS_USER_AGENT_NAME_SUFFIX=\"Python\" -DGRPC_XDS_USER_AGENT_VERSION_SUFFIX=\"1.79.0.dev0\" -DHAVE_CONFIG_H=1 -DGRPC_ENABLE_FORK_SUPPORT=1 -DGRPC_ENABLE_FORK_SUPPORT_DEFAULT=false -DGRPC_PYTHON_BUILD=1 -D__STDC_FORMAT_MACROS "-DPyMODINIT_FUNC=extern \"C\" __attribute__((visibility (\"default\"))) PyObject*" -DGRPC_POSIX_FORK_ALLOW_PTHREAD_ATFORK=1 -Isrc/python/grpcio -Iinclude -I. -Ithird_party/abseil-cpp -Ithird_party/address_sorting/include -Ithird_party/cares/cares/include -Ithird_party/cares -Ithird_party/cares/cares -Ithird_party/cares/cares/src/lib/include -Ithird_party/cares/cares/src/lib -Ithird_party/cares/config_linux -Ithird_party/re2 -Ithird_party/boringssl-with-bazel/src/include -Ithird_party/upb -Isrc/core/ext/upb-gen -Isrc/core/ext/upbdefs-gen -Ithird_party/utf8_range -Ithird_party/xxhash -Ithird_party/zlib -I/usr/local/google/home/ssreenithi/.pyenv/versions/3.12.0/envs/pyvenv_312/include -I/usr/local/google/home/ssreenithi/.pyenv/versions/3.12.0/include/python3.12 -c third_party/upb/upb/message/accessors.c -o pyb/temp.linux-x86_64-cpython-312/third_party/upb/upb/message/accessors.o -fvisibility=hidden -fno-wrapv -fno-exceptions -pthread
      In file included from ./src/core/lib/promise/activity.h:30,
                       from ./src/core/lib/resource_quota/memory_quota.h:39,
                       from ./src/core/lib/resource_quota/arena.h:39,
                       from ./src/core/util/chunked_vector.h:24,
                       from ./src/core/call/metadata_batch.h:41,
                       from ./src/core/call/metadata.h:20,
                       from ./src/core/call/server_call.h:42,
                       from src/core/call/server_call.cc:15:
      ./src/core/lib/promise/detail/promise_factory.h:210:5: warning: ‘always_inline’ function might not be inlinable unless also declared ‘inline’ [-Wattributes]
        210 |     PromiseFactoryImpl(Token, F&& f) {
            |     ^~~~~~~~~~~~~~~~~~
      ./src/core/lib/promise/detail/promise_factory.h:210:5: warning: ‘always_inline’ function might not be inlinable unless also declared ‘inline’ [-Wattributes]
      ./src/core/lib/promise/detail/promise_factory.h:210:5: warning: ‘always_inline’ function might not be inlinable unless also declared ‘inline’ [-Wattributes]
      ./src/core/lib/promise/detail/promise_factory.h:210:5: warning: ‘always_inline’ function might not be inlinable unless also declared ‘inline’ [-Wattributes]
      ./src/core/lib/promise/detail/promise_factory.h:210:5: warning: ‘always_inline’ function might not be inlinable unless also declared ‘inline’ [-Wattributes]
      ./src/core/lib/promise/detail/promise_factory.h:210:5: warning: ‘always_inline’ function might not be inlinable unless also declared ‘inline’ [-Wattributes]
      ./src/core/lib/promise/detail/promise_factory.h:210:5: warning: ‘always_inline’ function might not be inlinable unless also declared ‘inline’ [-Wattributes]
      ./src/core/lib/promise/detail/promise_factory.h:210:5: warning: ‘always_inline’ function might not be inlinable unless also declared ‘inline’ [-Wattributes]
      ./src/core/lib/promise/detail/promise_factory.h:210:5: warning: ‘always_inline’ function might not be inlinable unless also declared ‘inline’ [-Wattributes]
      ./src/core/lib/promise/detail/promise_factory.h:201:5: warning: ‘always_inline’ function might not be inlinable unless also declared ‘inline’ [-Wattributes]
        201 |     PromiseFactoryImpl(Token, F&& f, A&&) {
            |     ^~~~~~~~~~~~~~~~~~
      ./src/core/lib/promise/detail/promise_factory.h:201:5: warning: ‘always_inline’ function might not be inlinable unless also declared ‘inline’ [-Wattributes]
      ./src/core/lib/promise/detail/promise_factory.h:210:5: warning: ‘always_inline’ function might not be inlinable unless also declared ‘inline’ [-Wattributes]
        210 |     PromiseFactoryImpl(Token, F&& f) {
            |     ^~~~~~~~~~~~~~~~~~
      ./src/core/lib/promise/detail/promise_factory.h:210:5: warning: ‘always_inline’ function might not be inlinable unless also declared ‘inline’ [-Wattributes]
      ./src/core/lib/promise/detail/promise_factory.h:210:5: warning: ‘always_inline’ function might not be inlinable unless also declared ‘inline’ [-Wattributes]
      ./src/core/lib/promise/detail/promise_factory.h:210:5: warning: ‘always_inline’ function might not be inlinable unless also declared ‘inline’ [-Wattributes]
      ./src/core/lib/promise/detail/promise_factory.h:210:5: warning: ‘always_inline’ function might not be inlinable unless also declared ‘inline’ [-Wattributes]
      ./src/core/lib/promise/detail/promise_factory.h:210:5: warning: ‘always_inline’ function might not be inlinable unless also declared ‘inline’ [-Wattributes]
      ./src/core/lib/promise/detail/promise_factory.h:210:5: warning: ‘always_inline’ function might not be inlinable unless also declared ‘inline’ [-Wattributes]
      ./src/core/lib/promise/detail/promise_factory.h:210:5: warning: ‘always_inline’ function might not be inlinable unless also declared ‘inline’ [-Wattributes]
      gcc -fno-strict-overflow -Wsign-compare -DNDEBUG -g -O3 -Wall -fPIC -D_WIN32_WINNT=1536 -DGRPC_XDS_USER_AGENT_NAME_SUFFIX=\"Python\" -DGRPC_XDS_USER_AGENT_VERSION_SUFFIX=\"1.79.0.dev0\" -DHAVE_CONFIG_H=1 -DGRPC_ENABLE_FORK_SUPPORT=1 -DGRPC_ENABLE_FORK_SUPPORT_DEFAULT=false -DGRPC_PYTHON_BUILD=1 -D__STDC_FORMAT_MACROS "-DPyMODINIT_FUNC=extern \"C\" __attribute__((visibility (\"default\"))) PyObject*" -DGRPC_POSIX_FORK_ALLOW_PTHREAD_ATFORK=1 -Isrc/python/grpcio -Iinclude -I. -Ithird_party/abseil-cpp -Ithird_party/address_sorting/include -Ithird_party/cares/cares/include -Ithird_party/cares -Ithird_party/cares/cares -Ithird_party/cares/cares/src/lib/include -Ithird_party/cares/cares/src/lib -Ithird_party/cares/config_linux -Ithird_party/re2 -Ithird_party/boringssl-with-bazel/src/include -Ithird_party/upb -Isrc/core/ext/upb-gen -Isrc/core/ext/upbdefs-gen -Ithird_party/utf8_range -Ithird_party/xxhash -Ithird_party/zlib -I/usr/local/google/home/ssreenithi/.pyenv/versions/3.12.0/envs/pyvenv_312/include -I/usr/local/google/home/ssreenithi/.pyenv/versions/3.12.0/include/python3.12 -c third_party/zlib/trees.c -o pyb/temp.linux-x86_64-cpython-312/third_party/zlib/trees.o -fvisibility=hidden -fno-wrapv -fno-exceptions -pthread
      gcc -fno-strict-overflow -Wsign-compare -DNDEBUG -g -O3 -Wall -fPIC -D_WIN32_WINNT=1536 -DGRPC_XDS_USER_AGENT_NAME_SUFFIX=\"Python\" -DGRPC_XDS_USER_AGENT_VERSION_SUFFIX=\"1.79.0.dev0\" -DHAVE_CONFIG_H=1 -DGRPC_ENABLE_FORK_SUPPORT=1 -DGRPC_ENABLE_FORK_SUPPORT_DEFAULT=false -DGRPC_PYTHON_BUILD=1 -D__STDC_FORMAT_MACROS "-DPyMODINIT_FUNC=extern \"C\" __attribute__((visibility (\"default\"))) PyObject*" -DGRPC_POSIX_FORK_ALLOW_PTHREAD_ATFORK=1 -Isrc/python/grpcio -Iinclude -I. -Ithird_party/abseil-cpp -Ithird_party/address_sorting/include -Ithird_party/cares/cares/include -Ithird_party/cares -Ithird_party/cares/cares -Ithird_party/cares/cares/src/lib/include -Ithird_party/cares/cares/src/lib -Ithird_party/cares/config_linux -Ithird_party/re2 -Ithird_party/boringssl-with-bazel/src/include -Ithird_party/upb -Isrc/core/ext/upb-gen -Isrc/core/ext/upbdefs-gen -Ithird_party/utf8_range -Ithird_party/xxhash -Ithird_party/zlib -I/usr/local/google/home/ssreenithi/.pyenv/versions/3.12.0/envs/pyvenv_312/include -I/usr/local/google/home/ssreenithi/.pyenv/versions/3.12.0/include/python3.12 -c third_party/upb/upb/message/internal/extension.c -o pyb/temp.linux-x86_64-cpython-312/third_party/upb/upb/message/internal/extension.o -fvisibility=hidden -fno-wrapv -fno-exceptions -pthread
      third_party/upb/upb/hash/common.c: In function ‘upb_inttable_iter_key’:
      third_party/upb/upb/hash/common.c:950:16: warning: operand of ‘?:’ changes signedness from ‘intptr_t’ {aka ‘long int’} to ‘uintptr_t’ {aka ‘long unsigned int’} due to unsignedness of other operand [-Wsign-compare]
        950 |              ? iter
            |                ^~~~
      gcc -fno-strict-overflow -Wsign-compare -DNDEBUG -g -O3 -Wall -fPIC -D_WIN32_WINNT=1536 -DGRPC_XDS_USER_AGENT_NAME_SUFFIX=\"Python\" -DGRPC_XDS_USER_AGENT_VERSION_SUFFIX=\"1.79.0.dev0\" -DHAVE_CONFIG_H=1 -DGRPC_ENABLE_FORK_SUPPORT=1 -DGRPC_ENABLE_FORK_SUPPORT_DEFAULT=false -DGRPC_PYTHON_BUILD=1 -D__STDC_FORMAT_MACROS "-DPyMODINIT_FUNC=extern \"C\" __attribute__((visibility (\"default\"))) PyObject*" -DGRPC_POSIX_FORK_ALLOW_PTHREAD_ATFORK=1 -Isrc/python/grpcio -Iinclude -I. -Ithird_party/abseil-cpp -Ithird_party/address_sorting/include -Ithird_party/cares/cares/include -Ithird_party/cares -Ithird_party/cares/cares -Ithird_party/cares/cares/src/lib/include -Ithird_party/cares/cares/src/lib -Ithird_party/cares/config_linux -Ithird_party/re2 -Ithird_party/boringssl-with-bazel/src/include -Ithird_party/upb -Isrc/core/ext/upb-gen -Isrc/core/ext/upbdefs-gen -Ithird_party/utf8_range -Ithird_party/xxhash -Ithird_party/zlib -I/usr/local/google/home/ssreenithi/.pyenv/versions/3.12.0/envs/pyvenv_312/include -I/usr/local/google/home/ssreenithi/.pyenv/versions/3.12.0/include/python3.12 -c third_party/upb/upb/reflection/extension_range.c -o pyb/temp.linux-x86_64-cpython-312/third_party/upb/upb/reflection/extension_range.o -fvisibility=hidden -fno-wrapv -fno-exceptions -pthread
      g++ -fno-strict-overflow -Wsign-compare -DNDEBUG -g -O3 -Wall -fPIC -D_WIN32_WINNT=1536 -DGRPC_XDS_USER_AGENT_NAME_SUFFIX=\"Python\" -DGRPC_XDS_USER_AGENT_VERSION_SUFFIX=\"1.79.0.dev0\" -DHAVE_CONFIG_H=1 -DGRPC_ENABLE_FORK_SUPPORT=1 -DGRPC_ENABLE_FORK_SUPPORT_DEFAULT=false -DGRPC_PYTHON_BUILD=1 -D__STDC_FORMAT_MACROS "-DPyMODINIT_FUNC=extern \"C\" __attribute__((visibility (\"default\"))) PyObject*" -DGRPC_POSIX_FORK_ALLOW_PTHREAD_ATFORK=1 -Isrc/python/grpcio -Iinclude -I. -Ithird_party/abseil-cpp -Ithird_party/address_sorting/include -Ithird_party/cares/cares/include -Ithird_party/cares -Ithird_party/cares/cares -Ithird_party/cares/cares/src/lib/include -Ithird_party/cares/cares/src/lib -Ithird_party/cares/config_linux -Ithird_party/re2 -Ithird_party/boringssl-with-bazel/src/include -Ithird_party/upb -Isrc/core/ext/upb-gen -Isrc/core/ext/upbdefs-gen -Ithird_party/utf8_range -Ithird_party/xxhash -Ithird_party/zlib -I/usr/local/google/home/ssreenithi/.pyenv/versions/3.12.0/envs/pyvenv_312/include -I/usr/local/google/home/ssreenithi/.pyenv/versions/3.12.0/include/python3.12 -c third_party/boringssl-with-bazel/src/crypto/curve25519/curve25519_64_adx.cc -o pyb/temp.linux-x86_64-cpython-312/third_party/boringssl-with-bazel/src/crypto/curve25519/curve25519_64_adx.o -std=c++17 -fvisibility=hidden -fno-wrapv -fno-exceptions -pthread
      gcc -fno-strict-overflow -Wsign-compare -DNDEBUG -g -O3 -Wall -fPIC -D_WIN32_WINNT=1536 -DGRPC_XDS_USER_AGENT_NAME_SUFFIX=\"Python\" -DGRPC_XDS_USER_AGENT_VERSION_SUFFIX=\"1.79.0.dev0\" -DHAVE_CONFIG_H=1 -DGRPC_ENABLE_FORK_SUPPORT=1 -DGRPC_ENABLE_FORK_SUPPORT_DEFAULT=false -DGRPC_PYTHON_BUILD=1 -D__STDC_FORMAT_MACROS "-DPyMODINIT_FUNC=extern \"C\" __attribute__((visibility (\"default\"))) PyObject*" -DGRPC_POSIX_FORK_ALLOW_PTHREAD_ATFORK=1 -Isrc/python/grpcio -Iinclude -I. -Ithird_party/abseil-cpp -Ithird_party/address_sorting/include -Ithird_party/cares/cares/include -Ithird_party/cares -Ithird_party/cares/cares -Ithird_party/cares/cares/src/lib/include -Ithird_party/cares/cares/src/lib -Ithird_party/cares/config_linux -Ithird_party/re2 -Ithird_party/boringssl-with-bazel/src/include -Ithird_party/upb -Isrc/core/ext/upb-gen -Isrc/core/ext/upbdefs-gen -Ithird_party/utf8_range -Ithird_party/xxhash -Ithird_party/zlib -I/usr/local/google/home/ssreenithi/.pyenv/versions/3.12.0/envs/pyvenv_312/include -I/usr/local/google/home/ssreenithi/.pyenv/versions/3.12.0/include/python3.12 -c third_party/upb/upb/message/internal/iterator.c -o pyb/temp.linux-x86_64-cpython-312/third_party/upb/upb/message/internal/iterator.o -fvisibility=hidden -fno-wrapv -fno-exceptions -pthread
      gcc -fno-strict-overflow -Wsign-compare -DNDEBUG -g -O3 -Wall -fPIC -D_WIN32_WINNT=1536 -DGRPC_XDS_USER_AGENT_NAME_SUFFIX=\"Python\" -DGRPC_XDS_USER_AGENT_VERSION_SUFFIX=\"1.79.0.dev0\" -DHAVE_CONFIG_H=1 -DGRPC_ENABLE_FORK_SUPPORT=1 -DGRPC_ENABLE_FORK_SUPPORT_DEFAULT=false -DGRPC_PYTHON_BUILD=1 -D__STDC_FORMAT_MACROS "-DPyMODINIT_FUNC=extern \"C\" __attribute__((visibility (\"default\"))) PyObject*" -DGRPC_POSIX_FORK_ALLOW_PTHREAD_ATFORK=1 -Isrc/python/grpcio -Iinclude -I. -Ithird_party/abseil-cpp -Ithird_party/address_sorting/include -Ithird_party/cares/cares/include -Ithird_party/cares -Ithird_party/cares/cares -Ithird_party/cares/cares/src/lib/include -Ithird_party/cares/cares/src/lib -Ithird_party/cares/config_linux -Ithird_party/re2 -Ithird_party/boringssl-with-bazel/src/include -Ithird_party/upb -Isrc/core/ext/upb-gen -Isrc/core/ext/upbdefs-gen -Ithird_party/utf8_range -Ithird_party/xxhash -Ithird_party/zlib -I/usr/local/google/home/ssreenithi/.pyenv/versions/3.12.0/envs/pyvenv_312/include -I/usr/local/google/home/ssreenithi/.pyenv/versions/3.12.0/include/python3.12 -c third_party/upb/upb/reflection/message_def.c -o pyb/temp.linux-x86_64-cpython-312/third_party/upb/upb/reflection/message_def.o -fvisibility=hidden -fno-wrapv -fno-exceptions -pthread
      g++ -fno-strict-overflow -Wsign-compare -DNDEBUG -g -O3 -Wall -fPIC -D_WIN32_WINNT=1536 -DGRPC_XDS_USER_AGENT_NAME_SUFFIX=\"Python\" -DGRPC_XDS_USER_AGENT_VERSION_SUFFIX=\"1.79.0.dev0\" -DHAVE_CONFIG_H=1 -DGRPC_ENABLE_FORK_SUPPORT=1 -DGRPC_ENABLE_FORK_SUPPORT_DEFAULT=false -DGRPC_PYTHON_BUILD=1 -D__STDC_FORMAT_MACROS "-DPyMODINIT_FUNC=extern \"C\" __attribute__((visibility (\"default\"))) PyObject*" -DGRPC_POSIX_FORK_ALLOW_PTHREAD_ATFORK=1 -Isrc/python/grpcio -Iinclude -I. -Ithird_party/abseil-cpp -Ithird_party/address_sorting/include -Ithird_party/cares/cares/include -Ithird_party/cares -Ithird_party/cares/cares -Ithird_party/cares/cares/src/lib/include -Ithird_party/cares/cares/src/lib -Ithird_party/cares/config_linux -Ithird_party/re2 -Ithird_party/boringssl-with-bazel/src/include -Ithird_party/upb -Isrc/core/ext/upb-gen -Isrc/core/ext/upbdefs-gen -Ithird_party/utf8_range -Ithird_party/xxhash -Ithird_party/zlib -I/usr/local/google/home/ssreenithi/.pyenv/versions/3.12.0/envs/pyvenv_312/include -I/usr/local/google/home/ssreenithi/.pyenv/versions/3.12.0/include/python3.12 -c src/core/credentials/transport/tls/certificate_provider_registry.cc -o pyb/temp.linux-x86_64-cpython-312/src/core/credentials/transport/tls/certificate_provider_registry.o -std=c++17 -fvisibility=hidden -fno-wrapv -fno-exceptions -pthread
      gcc -fno-strict-overflow -Wsign-compare -DNDEBUG -g -O3 -Wall -fPIC -D_WIN32_WINNT=1536 -DGRPC_XDS_USER_AGENT_NAME_SUFFIX=\"Python\" -DGRPC_XDS_USER_AGENT_VERSION_SUFFIX=\"1.79.0.dev0\" -DHAVE_CONFIG_H=1 -DGRPC_ENABLE_FORK_SUPPORT=1 -DGRPC_ENABLE_FORK_SUPPORT_DEFAULT=false -DGRPC_PYTHON_BUILD=1 -D__STDC_FORMAT_MACROS "-DPyMODINIT_FUNC=extern \"C\" __attribute__((visibility (\"default\"))) PyObject*" -DGRPC_POSIX_FORK_ALLOW_PTHREAD_ATFORK=1 -Isrc/python/grpcio -Iinclude -I. -Ithird_party/abseil-cpp -Ithird_party/address_sorting/include -Ithird_party/cares/cares/include -Ithird_party/cares -Ithird_party/cares/cares -Ithird_party/cares/cares/src/lib/include -Ithird_party/cares/cares/src/lib -Ithird_party/cares/config_linux -Ithird_party/re2 -Ithird_party/boringssl-with-bazel/src/include -Ithird_party/upb -Isrc/core/ext/upb-gen -Isrc/core/ext/upbdefs-gen -Ithird_party/utf8_range -Ithird_party/xxhash -Ithird_party/zlib -I/usr/local/google/home/ssreenithi/.pyenv/versions/3.12.0/envs/pyvenv_312/include -I/usr/local/google/home/ssreenithi/.pyenv/versions/3.12.0/include/python3.12 -c third_party/upb/upb/message/array.c -o pyb/temp.linux-x86_64-cpython-312/third_party/upb/upb/message/array.o -fvisibility=hidden -fno-wrapv -fno-exceptions -pthread
      gcc -fno-strict-overflow -Wsign-compare -DNDEBUG -g -O3 -Wall -fPIC -D_WIN32_WINNT=1536 -DGRPC_XDS_USER_AGENT_NAME_SUFFIX=\"Python\" -DGRPC_XDS_USER_AGENT_VERSION_SUFFIX=\"1.79.0.dev0\" -DHAVE_CONFIG_H=1 -DGRPC_ENABLE_FORK_SUPPORT=1 -DGRPC_ENABLE_FORK_SUPPORT_DEFAULT=false -DGRPC_PYTHON_BUILD=1 -D__STDC_FORMAT_MACROS "-DPyMODINIT_FUNC=extern \"C\" __attribute__((visibility (\"default\"))) PyObject*" -DGRPC_POSIX_FORK_ALLOW_PTHREAD_ATFORK=1 -Isrc/python/grpcio -Iinclude -I. -Ithird_party/abseil-cpp -Ithird_party/address_sorting/include -Ithird_party/cares/cares/include -Ithird_party/cares -Ithird_party/cares/cares -Ithird_party/cares/cares/src/lib/include -Ithird_party/cares/cares/src/lib -Ithird_party/cares/config_linux -Ithird_party/re2 -Ithird_party/boringssl-with-bazel/src/include -Ithird_party/upb -Isrc/core/ext/upb-gen -Isrc/core/ext/upbdefs-gen -Ithird_party/utf8_range -Ithird_party/xxhash -Ithird_party/zlib -I/usr/local/google/home/ssreenithi/.pyenv/versions/3.12.0/envs/pyvenv_312/include -I/usr/local/google/home/ssreenithi/.pyenv/versions/3.12.0/include/python3.12 -c third_party/upb/upb/mini_descriptor/decode.c -o pyb/temp.linux-x86_64-cpython-312/third_party/upb/upb/mini_descriptor/decode.o -fvisibility=hidden -fno-wrapv -fno-exceptions -pthread
      gcc -fno-strict-overflow -Wsign-compare -DNDEBUG -g -O3 -Wall -fPIC -D_WIN32_WINNT=1536 -DGRPC_XDS_USER_AGENT_NAME_SUFFIX=\"Python\" -DGRPC_XDS_USER_AGENT_VERSION_SUFFIX=\"1.79.0.dev0\" -DHAVE_CONFIG_H=1 -DGRPC_ENABLE_FORK_SUPPORT=1 -DGRPC_ENABLE_FORK_SUPPORT_DEFAULT=false -DGRPC_PYTHON_BUILD=1 -D__STDC_FORMAT_MACROS "-DPyMODINIT_FUNC=extern \"C\" __attribute__((visibility (\"default\"))) PyObject*" -DGRPC_POSIX_FORK_ALLOW_PTHREAD_ATFORK=1 -Isrc/python/grpcio -Iinclude -I. -Ithird_party/abseil-cpp -Ithird_party/address_sorting/include -Ithird_party/cares/cares/include -Ithird_party/cares -Ithird_party/cares/cares -Ithird_party/cares/cares/src/lib/include -Ithird_party/cares/cares/src/lib -Ithird_party/cares/config_linux -Ithird_party/re2 -Ithird_party/boringssl-with-bazel/src/include -Ithird_party/upb -Isrc/core/ext/upb-gen -Isrc/core/ext/upbdefs-gen -Ithird_party/utf8_range -Ithird_party/xxhash -Ithird_party/zlib -I/usr/local/google/home/ssreenithi/.pyenv/versions/3.12.0/envs/pyvenv_312/include -I/usr/local/google/home/ssreenithi/.pyenv/versions/3.12.0/include/python3.12 -c third_party/upb/upb/reflection/def_type.c -o pyb/temp.linux-x86_64-cpython-312/third_party/upb/upb/reflection/def_type.o -fvisibility=hidden -fno-wrapv -fno-exceptions -pthread
      gcc -fno-strict-overflow -Wsign-compare -DNDEBUG -g -O3 -Wall -fPIC -D_WIN32_WINNT=1536 -DGRPC_XDS_USER_AGENT_NAME_SUFFIX=\"Python\" -DGRPC_XDS_USER_AGENT_VERSION_SUFFIX=\"1.79.0.dev0\" -DHAVE_CONFIG_H=1 -DGRPC_ENABLE_FORK_SUPPORT=1 -DGRPC_ENABLE_FORK_SUPPORT_DEFAULT=false -DGRPC_PYTHON_BUILD=1 -D__STDC_FORMAT_MACROS "-DPyMODINIT_FUNC=extern \"C\" __attribute__((visibility (\"default\"))) PyObject*" -DGRPC_POSIX_FORK_ALLOW_PTHREAD_ATFORK=1 -Isrc/python/grpcio -Iinclude -I. -Ithird_party/abseil-cpp -Ithird_party/address_sorting/include -Ithird_party/cares/cares/include -Ithird_party/cares -Ithird_party/cares/cares -Ithird_party/cares/cares/src/lib/include -Ithird_party/cares/cares/src/lib -Ithird_party/cares/config_linux -Ithird_party/re2 -Ithird_party/boringssl-with-bazel/src/include -Ithird_party/upb -Isrc/core/ext/upb-gen -Isrc/core/ext/upbdefs-gen -Ithird_party/utf8_range -Ithird_party/xxhash -Ithird_party/zlib -I/usr/local/google/home/ssreenithi/.pyenv/versions/3.12.0/envs/pyvenv_312/include -I/usr/local/google/home/ssreenithi/.pyenv/versions/3.12.0/include/python3.12 -c third_party/upb/upb/wire/decode.c -o pyb/temp.linux-x86_64-cpython-312/third_party/upb/upb/wire/decode.o -fvisibility=hidden -fno-wrapv -fno-exceptions -pthread
      g++ -fno-strict-overflow -Wsign-compare -DNDEBUG -g -O3 -Wall -fPIC -D_WIN32_WINNT=1536 -DGRPC_XDS_USER_AGENT_NAME_SUFFIX=\"Python\" -DGRPC_XDS_USER_AGENT_VERSION_SUFFIX=\"1.79.0.dev0\" -DHAVE_CONFIG_H=1 -DGRPC_ENABLE_FORK_SUPPORT=1 -DGRPC_ENABLE_FORK_SUPPORT_DEFAULT=false -DGRPC_PYTHON_BUILD=1 -D__STDC_FORMAT_MACROS "-DPyMODINIT_FUNC=extern \"C\" __attribute__((visibility (\"default\"))) PyObject*" -DGRPC_POSIX_FORK_ALLOW_PTHREAD_ATFORK=1 -Isrc/python/grpcio -Iinclude -I. -Ithird_party/abseil-cpp -Ithird_party/address_sorting/include -Ithird_party/cares/cares/include -Ithird_party/cares -Ithird_party/cares/cares -Ithird_party/cares/cares/src/lib/include -Ithird_party/cares/cares/src/lib -Ithird_party/cares/config_linux -Ithird_party/re2 -Ithird_party/boringssl-with-bazel/src/include -Ithird_party/upb -Isrc/core/ext/upb-gen -Isrc/core/ext/upbdefs-gen -Ithird_party/utf8_range -Ithird_party/xxhash -Ithird_party/zlib -I/usr/local/google/home/ssreenithi/.pyenv/versions/3.12.0/envs/pyvenv_312/include -I/usr/local/google/home/ssreenithi/.pyenv/versions/3.12.0/include/python3.12 -c src/core/xds/grpc/xds_matcher_parse.cc -o pyb/temp.linux-x86_64-cpython-312/src/core/xds/grpc/xds_matcher_parse.o -std=c++17 -fvisibility=hidden -fno-wrapv -fno-exceptions -pthread
      g++ -fno-strict-overflow -Wsign-compare -DNDEBUG -g -O3 -Wall -fPIC -D_WIN32_WINNT=1536 -DGRPC_XDS_USER_AGENT_NAME_SUFFIX=\"Python\" -DGRPC_XDS_USER_AGENT_VERSION_SUFFIX=\"1.79.0.dev0\" -DHAVE_CONFIG_H=1 -DGRPC_ENABLE_FORK_SUPPORT=1 -DGRPC_ENABLE_FORK_SUPPORT_DEFAULT=false -DGRPC_PYTHON_BUILD=1 -D__STDC_FORMAT_MACROS "-DPyMODINIT_FUNC=extern \"C\" __attribute__((visibility (\"default\"))) PyObject*" -DGRPC_POSIX_FORK_ALLOW_PTHREAD_ATFORK=1 -Isrc/python/grpcio -Iinclude -I. -Ithird_party/abseil-cpp -Ithird_party/address_sorting/include -Ithird_party/cares/cares/include -Ithird_party/cares -Ithird_party/cares/cares -Ithird_party/cares/cares/src/lib/include -Ithird_party/cares/cares/src/lib -Ithird_party/cares/config_linux -Ithird_party/re2 -Ithird_party/boringssl-with-bazel/src/include -Ithird_party/upb -Isrc/core/ext/upb-gen -Isrc/core/ext/upbdefs-gen -Ithird_party/utf8_range -Ithird_party/xxhash -Ithird_party/zlib -I/usr/local/google/home/ssreenithi/.pyenv/versions/3.12.0/envs/pyvenv_312/include -I/usr/local/google/home/ssreenithi/.pyenv/versions/3.12.0/include/python3.12 -c third_party/boringssl-with-bazel/src/crypto/x509/x509cset.cc -o pyb/temp.linux-x86_64-cpython-312/third_party/boringssl-with-bazel/src/crypto/x509/x509cset.o -std=c++17 -fvisibility=hidden -fno-wrapv -fno-exceptions -pthread
      In file included from ./src/core/lib/promise/activity.h:30,
                       from ./src/core/lib/resource_quota/memory_quota.h:39,
                       from ./src/core/lib/resource_quota/arena.h:39,
                       from ./src/core/call/call_arena_allocator.h:24,
                       from ./src/core/lib/surface/channel.h:31,
                       from ./src/core/lib/surface/channel_create.h:25,
                       from src/core/lib/surface/channel_create.cc:17:
      ./src/core/lib/promise/detail/promise_factory.h:210:5: warning: ‘always_inline’ function might not be inlinable unless also declared ‘inline’ [-Wattributes]
        210 |     PromiseFactoryImpl(Token, F&& f) {
            |     ^~~~~~~~~~~~~~~~~~
      ./src/core/lib/promise/detail/promise_factory.h:210:5: warning: ‘always_inline’ function might not be inlinable unless also declared ‘inline’ [-Wattributes]
      ./src/core/lib/promise/detail/promise_factory.h:210:5: warning: ‘always_inline’ function might not be inlinable unless also declared ‘inline’ [-Wattributes]
      ./src/core/lib/promise/detail/promise_factory.h:210:5: warning: ‘always_inline’ function might not be inlinable unless also declared ‘inline’ [-Wattributes]
      ./src/core/lib/promise/detail/promise_factory.h:210:5: warning: ‘always_inline’ function might not be inlinable unless also declared ‘inline’ [-Wattributes]
      ./src/core/lib/promise/detail/promise_factory.h:210:5: warning: ‘always_inline’ function might not be inlinable unless also declared ‘inline’ [-Wattributes]
      ./src/core/lib/promise/detail/promise_factory.h:210:5: warning: ‘always_inline’ function might not be inlinable unless also declared ‘inline’ [-Wattributes]
      ./src/core/lib/promise/detail/promise_factory.h:210:5: warning: ‘always_inline’ function might not be inlinable unless also declared ‘inline’ [-Wattributes]
      In file included from ./src/core/call/call_filters.h:26,
                       from ./src/core/call/call_spine.h:21,
                       from ./src/core/call/call_destination.h:20,
                       from ./src/core/lib/transport/transport.h:36,
                       from ./src/core/lib/channel/channel_stack.h:63,
                       from ./src/core/lib/surface/call.h:32,
                       from ./src/core/call/server_call.h:46:
      ./src/core/call/call_state.h: In static member function ‘static const char* grpc_core::CallState::ClientToServerPullStateString(ClientToServerPullState)’:
      ./src/core/call/call_state.h:161:3: warning: control reaches end of non-void function [-Wreturn-type]
        161 |   }
            |   ^
      ./src/core/call/call_state.h: In static member function ‘static const char* grpc_core::CallState::ClientToServerPushStateString(ClientToServerPushState)’:
      ./src/core/call/call_state.h:191:3: warning: control reaches end of non-void function [-Wreturn-type]
        191 |   }
            |   ^
      gcc -fno-strict-overflow -Wsign-compare -DNDEBUG -g -O3 -Wall -fPIC -D_WIN32_WINNT=1536 -DGRPC_XDS_USER_AGENT_NAME_SUFFIX=\"Python\" -DGRPC_XDS_USER_AGENT_VERSION_SUFFIX=\"1.79.0.dev0\" -DHAVE_CONFIG_H=1 -DGRPC_ENABLE_FORK_SUPPORT=1 -DGRPC_ENABLE_FORK_SUPPORT_DEFAULT=false -DGRPC_PYTHON_BUILD=1 -D__STDC_FORMAT_MACROS "-DPyMODINIT_FUNC=extern \"C\" __attribute__((visibility (\"default\"))) PyObject*" -DGRPC_POSIX_FORK_ALLOW_PTHREAD_ATFORK=1 -Isrc/python/grpcio -Iinclude -I. -Ithird_party/abseil-cpp -Ithird_party/address_sorting/include -Ithird_party/cares/cares/include -Ithird_party/cares -Ithird_party/cares/cares -Ithird_party/cares/cares/src/lib/include -Ithird_party/cares/cares/src/lib -Ithird_party/cares/config_linux -Ithird_party/re2 -Ithird_party/boringssl-with-bazel/src/include -Ithird_party/upb -Isrc/core/ext/upb-gen -Isrc/core/ext/upbdefs-gen -Ithird_party/utf8_range -Ithird_party/xxhash -Ithird_party/zlib -I/usr/local/google/home/ssreenithi/.pyenv/versions/3.12.0/envs/pyvenv_312/include -I/usr/local/google/home/ssreenithi/.pyenv/versions/3.12.0/include/python3.12 -c third_party/zlib/deflate.c -o pyb/temp.linux-x86_64-cpython-312/third_party/zlib/deflate.o -fvisibility=hidden -fno-wrapv -fno-exceptions -pthread
      gcc -fno-strict-overflow -Wsign-compare -DNDEBUG -g -O3 -Wall -fPIC -D_WIN32_WINNT=1536 -DGRPC_XDS_USER_AGENT_NAME_SUFFIX=\"Python\" -DGRPC_XDS_USER_AGENT_VERSION_SUFFIX=\"1.79.0.dev0\" -DHAVE_CONFIG_H=1 -DGRPC_ENABLE_FORK_SUPPORT=1 -DGRPC_ENABLE_FORK_SUPPORT_DEFAULT=false -DGRPC_PYTHON_BUILD=1 -D__STDC_FORMAT_MACROS "-DPyMODINIT_FUNC=extern \"C\" __attribute__((visibility (\"default\"))) PyObject*" -DGRPC_POSIX_FORK_ALLOW_PTHREAD_ATFORK=1 -Isrc/python/grpcio -Iinclude -I. -Ithird_party/abseil-cpp -Ithird_party/address_sorting/include -Ithird_party/cares/cares/include -Ithird_party/cares -Ithird_party/cares/cares -Ithird_party/cares/cares/src/lib/include -Ithird_party/cares/cares/src/lib -Ithird_party/cares/config_linux -Ithird_party/re2 -Ithird_party/boringssl-with-bazel/src/include -Ithird_party/upb -Isrc/core/ext/upb-gen -Isrc/core/ext/upbdefs-gen -Ithird_party/utf8_range -Ithird_party/xxhash -Ithird_party/zlib -I/usr/local/google/home/ssreenithi/.pyenv/versions/3.12.0/envs/pyvenv_312/include -I/usr/local/google/home/ssreenithi/.pyenv/versions/3.12.0/include/python3.12 -c third_party/upb/upb/message/internal/message.c -o pyb/temp.linux-x86_64-cpython-312/third_party/upb/upb/message/internal/message.o -fvisibility=hidden -fno-wrapv -fno-exceptions -pthread
      gcc -fno-strict-overflow -Wsign-compare -DNDEBUG -g -O3 -Wall -fPIC -D_WIN32_WINNT=1536 -DGRPC_XDS_USER_AGENT_NAME_SUFFIX=\"Python\" -DGRPC_XDS_USER_AGENT_VERSION_SUFFIX=\"1.79.0.dev0\" -DHAVE_CONFIG_H=1 -DGRPC_ENABLE_FORK_SUPPORT=1 -DGRPC_ENABLE_FORK_SUPPORT_DEFAULT=false -DGRPC_PYTHON_BUILD=1 -D__STDC_FORMAT_MACROS "-DPyMODINIT_FUNC=extern \"C\" __attribute__((visibility (\"default\"))) PyObject*" -DGRPC_POSIX_FORK_ALLOW_PTHREAD_ATFORK=1 -Isrc/python/grpcio -Iinclude -I. -Ithird_party/abseil-cpp -Ithird_party/address_sorting/include -Ithird_party/cares/cares/include -Ithird_party/cares -Ithird_party/cares/cares -Ithird_party/cares/cares/src/lib/include -Ithird_party/cares/cares/src/lib -Ithird_party/cares/config_linux -Ithird_party/re2 -Ithird_party/boringssl-with-bazel/src/include -Ithird_party/upb -Isrc/core/ext/upb-gen -Isrc/core/ext/upbdefs-gen -Ithird_party/utf8_range -Ithird_party/xxhash -Ithird_party/zlib -I/usr/local/google/home/ssreenithi/.pyenv/versions/3.12.0/envs/pyvenv_312/include -I/usr/local/google/home/ssreenithi/.pyenv/versions/3.12.0/include/python3.12 -c third_party/cares/cares/src/lib/record/ares_dns_record.c -o pyb/temp.linux-x86_64-cpython-312/third_party/cares/cares/src/lib/record/ares_dns_record.o -fvisibility=hidden -fno-wrapv -fno-exceptions -pthread
      gcc -fno-strict-overflow -Wsign-compare -DNDEBUG -g -O3 -Wall -fPIC -D_WIN32_WINNT=1536 -DGRPC_XDS_USER_AGENT_NAME_SUFFIX=\"Python\" -DGRPC_XDS_USER_AGENT_VERSION_SUFFIX=\"1.79.0.dev0\" -DHAVE_CONFIG_H=1 -DGRPC_ENABLE_FORK_SUPPORT=1 -DGRPC_ENABLE_FORK_SUPPORT_DEFAULT=false -DGRPC_PYTHON_BUILD=1 -D__STDC_FORMAT_MACROS "-DPyMODINIT_FUNC=extern \"C\" __attribute__((visibility (\"default\"))) PyObject*" -DGRPC_POSIX_FORK_ALLOW_PTHREAD_ATFORK=1 -Isrc/python/grpcio -Iinclude -I. -Ithird_party/abseil-cpp -Ithird_party/address_sorting/include -Ithird_party/cares/cares/include -Ithird_party/cares -Ithird_party/cares/cares -Ithird_party/cares/cares/src/lib/include -Ithird_party/cares/cares/src/lib -Ithird_party/cares/config_linux -Ithird_party/re2 -Ithird_party/boringssl-with-bazel/src/include -Ithird_party/upb -Isrc/core/ext/upb-gen -Isrc/core/ext/upbdefs-gen -Ithird_party/utf8_range -Ithird_party/xxhash -Ithird_party/zlib -I/usr/local/google/home/ssreenithi/.pyenv/versions/3.12.0/envs/pyvenv_312/include -I/usr/local/google/home/ssreenithi/.pyenv/versions/3.12.0/include/python3.12 -c third_party/upb/upb/reflection/desc_state.c -o pyb/temp.linux-x86_64-cpython-312/third_party/upb/upb/reflection/desc_state.o -fvisibility=hidden -fno-wrapv -fno-exceptions -pthread
      ./src/core/call/call_state.h: In static member function ‘static const char* grpc_core::CallState::ServerToClientPushStateString(ServerToClientPushState)’:
      ./src/core/call/call_state.h:284:3: warning: control reaches end of non-void function [-Wreturn-type]
        284 |   }
            |   ^
      gcc -fno-strict-overflow -Wsign-compare -DNDEBUG -g -O3 -Wall -fPIC -D_WIN32_WINNT=1536 -DGRPC_XDS_USER_AGENT_NAME_SUFFIX=\"Python\" -DGRPC_XDS_USER_AGENT_VERSION_SUFFIX=\"1.79.0.dev0\" -DHAVE_CONFIG_H=1 -DGRPC_ENABLE_FORK_SUPPORT=1 -DGRPC_ENABLE_FORK_SUPPORT_DEFAULT=false -DGRPC_PYTHON_BUILD=1 -D__STDC_FORMAT_MACROS "-DPyMODINIT_FUNC=extern \"C\" __attribute__((visibility (\"default\"))) PyObject*" -DGRPC_POSIX_FORK_ALLOW_PTHREAD_ATFORK=1 -Isrc/python/grpcio -Iinclude -I. -Ithird_party/abseil-cpp -Ithird_party/address_sorting/include -Ithird_party/cares/cares/include -Ithird_party/cares -Ithird_party/cares/cares -Ithird_party/cares/cares/src/lib/include -Ithird_party/cares/cares/src/lib -Ithird_party/cares/config_linux -Ithird_party/re2 -Ithird_party/boringssl-with-bazel/src/include -Ithird_party/upb -Isrc/core/ext/upb-gen -Isrc/core/ext/upbdefs-gen -Ithird_party/utf8_range -Ithird_party/xxhash -Ithird_party/zlib -I/usr/local/google/home/ssreenithi/.pyenv/versions/3.12.0/envs/pyvenv_312/include -I/usr/local/google/home/ssreenithi/.pyenv/versions/3.12.0/include/python3.12 -c third_party/upb/upb/reflection/field_def.c -o pyb/temp.linux-x86_64-cpython-312/third_party/upb/upb/reflection/field_def.o -fvisibility=hidden -fno-wrapv -fno-exceptions -pthread
      gcc -fno-strict-overflow -Wsign-compare -DNDEBUG -g -O3 -Wall -fPIC -D_WIN32_WINNT=1536 -DGRPC_XDS_USER_AGENT_NAME_SUFFIX=\"Python\" -DGRPC_XDS_USER_AGENT_VERSION_SUFFIX=\"1.79.0.dev0\" -DHAVE_CONFIG_H=1 -DGRPC_ENABLE_FORK_SUPPORT=1 -DGRPC_ENABLE_FORK_SUPPORT_DEFAULT=false -DGRPC_PYTHON_BUILD=1 -D__STDC_FORMAT_MACROS "-DPyMODINIT_FUNC=extern \"C\" __attribute__((visibility (\"default\"))) PyObject*" -DGRPC_POSIX_FORK_ALLOW_PTHREAD_ATFORK=1 -Isrc/python/grpcio -Iinclude -I. -Ithird_party/abseil-cpp -Ithird_party/address_sorting/include -Ithird_party/cares/cares/include -Ithird_party/cares -Ithird_party/cares/cares -Ithird_party/cares/cares/src/lib/include -Ithird_party/cares/cares/src/lib -Ithird_party/cares/config_linux -Ithird_party/re2 -Ithird_party/boringssl-with-bazel/src/include -Ithird_party/upb -Isrc/core/ext/upb-gen -Isrc/core/ext/upbdefs-gen -Ithird_party/utf8_range -Ithird_party/xxhash -Ithird_party/zlib -I/usr/local/google/home/ssreenithi/.pyenv/versions/3.12.0/envs/pyvenv_312/include -I/usr/local/google/home/ssreenithi/.pyenv/versions/3.12.0/include/python3.12 -c third_party/upb/upb/reflection/enum_def.c -o pyb/temp.linux-x86_64-cpython-312/third_party/upb/upb/reflection/enum_def.o -fvisibility=hidden -fno-wrapv -fno-exceptions -pthread
      In file included from ./src/core/lib/promise/activity.h:30,
                       from ./src/core/call/call_state.h:23,
                       from ./src/core/call/call_filters.h:26,
                       from ./src/core/lib/surface/channel_init.h:31,
                       from ./src/core/config/core_configuration.h:29,
                       from src/core/resolver/sockaddr/sockaddr_resolver.cc:24:
      ./src/core/lib/promise/detail/promise_factory.h:210:5: warning: ‘always_inline’ function might not be inlinable unless also declared ‘inline’ [-Wattributes]
        210 |     PromiseFactoryImpl(Token, F&& f) {
            |     ^~~~~~~~~~~~~~~~~~
      ./src/core/lib/promise/detail/promise_factory.h:210:5: warning: ‘always_inline’ function might not be inlinable unless also declared ‘inline’ [-Wattributes]
      ./src/core/lib/promise/detail/promise_factory.h:210:5: warning: ‘always_inline’ function might not be inlinable unless also declared ‘inline’ [-Wattributes]
      ./src/core/lib/promise/detail/promise_factory.h:210:5: warning: ‘always_inline’ function might not be inlinable unless also declared ‘inline’ [-Wattributes]
      ./src/core/lib/promise/detail/promise_factory.h:210:5: warning: ‘always_inline’ function might not be inlinable unless also declared ‘inline’ [-Wattributes]
      ./src/core/lib/promise/detail/promise_factory.h:210:5: warning: ‘always_inline’ function might not be inlinable unless also declared ‘inline’ [-Wattributes]
      ./src/core/lib/promise/detail/promise_factory.h:210:5: warning: ‘always_inline’ function might not be inlinable unless also declared ‘inline’ [-Wattributes]
      g++ -fno-strict-overflow -Wsign-compare -DNDEBUG -g -O3 -Wall -fPIC -D_WIN32_WINNT=1536 -DGRPC_XDS_USER_AGENT_NAME_SUFFIX=\"Python\" -DGRPC_XDS_USER_AGENT_VERSION_SUFFIX=\"1.79.0.dev0\" -DHAVE_CONFIG_H=1 -DGRPC_ENABLE_FORK_SUPPORT=1 -DGRPC_ENABLE_FORK_SUPPORT_DEFAULT=false -DGRPC_PYTHON_BUILD=1 -D__STDC_FORMAT_MACROS "-DPyMODINIT_FUNC=extern \"C\" __attribute__((visibility (\"default\"))) PyObject*" -DGRPC_POSIX_FORK_ALLOW_PTHREAD_ATFORK=1 -Isrc/python/grpcio -Iinclude -I. -Ithird_party/abseil-cpp -Ithird_party/address_sorting/include -Ithird_party/cares/cares/include -Ithird_party/cares -Ithird_party/cares/cares -Ithird_party/cares/cares/src/lib/include -Ithird_party/cares/cares/src/lib -Ithird_party/cares/config_linux -Ithird_party/re2 -Ithird_party/boringssl-with-bazel/src/include -Ithird_party/upb -Isrc/core/ext/upb-gen -Isrc/core/ext/upbdefs-gen -Ithird_party/utf8_range -Ithird_party/xxhash -Ithird_party/zlib -I/usr/local/google/home/ssreenithi/.pyenv/versions/3.12.0/envs/pyvenv_312/include -I/usr/local/google/home/ssreenithi/.pyenv/versions/3.12.0/include/python3.12 -c third_party/re2/re2/compile.cc -o pyb/temp.linux-x86_64-cpython-312/third_party/re2/re2/compile.o -std=c++17 -fvisibility=hidden -fno-wrapv -fno-exceptions -pthread
      gcc -fno-strict-overflow -Wsign-compare -DNDEBUG -g -O3 -Wall -fPIC -D_WIN32_WINNT=1536 -DGRPC_XDS_USER_AGENT_NAME_SUFFIX=\"Python\" -DGRPC_XDS_USER_AGENT_VERSION_SUFFIX=\"1.79.0.dev0\" -DHAVE_CONFIG_H=1 -DGRPC_ENABLE_FORK_SUPPORT=1 -DGRPC_ENABLE_FORK_SUPPORT_DEFAULT=false -DGRPC_PYTHON_BUILD=1 -D__STDC_FORMAT_MACROS "-DPyMODINIT_FUNC=extern \"C\" __attribute__((visibility (\"default\"))) PyObject*" -DGRPC_POSIX_FORK_ALLOW_PTHREAD_ATFORK=1 -Isrc/python/grpcio -Iinclude -I. -Ithird_party/abseil-cpp -Ithird_party/address_sorting/include -Ithird_party/cares/cares/include -Ithird_party/cares -Ithird_party/cares/cares -Ithird_party/cares/cares/src/lib/include -Ithird_party/cares/cares/src/lib -Ithird_party/cares/config_linux -Ithird_party/re2 -Ithird_party/boringssl-with-bazel/src/include -Ithird_party/upb -Isrc/core/ext/upb-gen -Isrc/core/ext/upbdefs-gen -Ithird_party/utf8_range -Ithird_party/xxhash -Ithird_party/zlib -I/usr/local/google/home/ssreenithi/.pyenv/versions/3.12.0/envs/pyvenv_312/include -I/usr/local/google/home/ssreenithi/.pyenv/versions/3.12.0/include/python3.12 -c third_party/upb/upb/message/map.c -o pyb/temp.linux-x86_64-cpython-312/third_party/upb/upb/message/map.o -fvisibility=hidden -fno-wrapv -fno-exceptions -pthread
      gcc -fno-strict-overflow -Wsign-compare -DNDEBUG -g -O3 -Wall -fPIC -D_WIN32_WINNT=1536 -DGRPC_XDS_USER_AGENT_NAME_SUFFIX=\"Python\" -DGRPC_XDS_USER_AGENT_VERSION_SUFFIX=\"1.79.0.dev0\" -DHAVE_CONFIG_H=1 -DGRPC_ENABLE_FORK_SUPPORT=1 -DGRPC_ENABLE_FORK_SUPPORT_DEFAULT=false -DGRPC_PYTHON_BUILD=1 -D__STDC_FORMAT_MACROS "-DPyMODINIT_FUNC=extern \"C\" __attribute__((visibility (\"default\"))) PyObject*" -DGRPC_POSIX_FORK_ALLOW_PTHREAD_ATFORK=1 -Isrc/python/grpcio -Iinclude -I. -Ithird_party/abseil-cpp -Ithird_party/address_sorting/include -Ithird_party/cares/cares/include -Ithird_party/cares -Ithird_party/cares/cares -Ithird_party/cares/cares/src/lib/include -Ithird_party/cares/cares/src/lib -Ithird_party/cares/config_linux -Ithird_party/re2 -Ithird_party/boringssl-with-bazel/src/include -Ithird_party/upb -Isrc/core/ext/upb-gen -Isrc/core/ext/upbdefs-gen -Ithird_party/utf8_range -Ithird_party/xxhash -Ithird_party/zlib -I/usr/local/google/home/ssreenithi/.pyenv/versions/3.12.0/envs/pyvenv_312/include -I/usr/local/google/home/ssreenithi/.pyenv/versions/3.12.0/include/python3.12 -c third_party/upb/upb/json/decode.c -o pyb/temp.linux-x86_64-cpython-312/third_party/upb/upb/json/decode.o -fvisibility=hidden -fno-wrapv -fno-exceptions -pthread
      g++ -fno-strict-overflow -Wsign-compare -DNDEBUG -g -O3 -Wall -fPIC -D_WIN32_WINNT=1536 -DGRPC_XDS_USER_AGENT_NAME_SUFFIX=\"Python\" -DGRPC_XDS_USER_AGENT_VERSION_SUFFIX=\"1.79.0.dev0\" -DHAVE_CONFIG_H=1 -DGRPC_ENABLE_FORK_SUPPORT=1 -DGRPC_ENABLE_FORK_SUPPORT_DEFAULT=false -DGRPC_PYTHON_BUILD=1 -D__STDC_FORMAT_MACROS "-DPyMODINIT_FUNC=extern \"C\" __attribute__((visibility (\"default\"))) PyObject*" -DGRPC_POSIX_FORK_ALLOW_PTHREAD_ATFORK=1 -Isrc/python/grpcio -Iinclude -I. -Ithird_party/abseil-cpp -Ithird_party/address_sorting/include -Ithird_party/cares/cares/include -Ithird_party/cares -Ithird_party/cares/cares -Ithird_party/cares/cares/src/lib/include -Ithird_party/cares/cares/src/lib -Ithird_party/cares/config_linux -Ithird_party/re2 -Ithird_party/boringssl-with-bazel/src/include -Ithird_party/upb -Isrc/core/ext/upb-gen -Isrc/core/ext/upbdefs-gen -Ithird_party/utf8_range -Ithird_party/xxhash -Ithird_party/zlib -I/usr/local/google/home/ssreenithi/.pyenv/versions/3.12.0/envs/pyvenv_312/include -I/usr/local/google/home/ssreenithi/.pyenv/versions/3.12.0/include/python3.12 -c third_party/re2/re2/parse.cc -o pyb/temp.linux-x86_64-cpython-312/third_party/re2/re2/parse.o -std=c++17 -fvisibility=hidden -fno-wrapv -fno-exceptions -pthread
      g++ -fno-strict-overflow -Wsign-compare -DNDEBUG -g -O3 -Wall -fPIC -D_WIN32_WINNT=1536 -DGRPC_XDS_USER_AGENT_NAME_SUFFIX=\"Python\" -DGRPC_XDS_USER_AGENT_VERSION_SUFFIX=\"1.79.0.dev0\" -DHAVE_CONFIG_H=1 -DGRPC_ENABLE_FORK_SUPPORT=1 -DGRPC_ENABLE_FORK_SUPPORT_DEFAULT=false -DGRPC_PYTHON_BUILD=1 -D__STDC_FORMAT_MACROS "-DPyMODINIT_FUNC=extern \"C\" __attribute__((visibility (\"default\"))) PyObject*" -DGRPC_POSIX_FORK_ALLOW_PTHREAD_ATFORK=1 -Isrc/python/grpcio -Iinclude -I. -Ithird_party/abseil-cpp -Ithird_party/address_sorting/include -Ithird_party/cares/cares/include -Ithird_party/cares -Ithird_party/cares/cares -Ithird_party/cares/cares/src/lib/include -Ithird_party/cares/cares/src/lib -Ithird_party/cares/config_linux -Ithird_party/re2 -Ithird_party/boringssl-with-bazel/src/include -Ithird_party/upb -Isrc/core/ext/upb-gen -Isrc/core/ext/upbdefs-gen -Ithird_party/utf8_range -Ithird_party/xxhash -Ithird_party/zlib -I/usr/local/google/home/ssreenithi/.pyenv/versions/3.12.0/envs/pyvenv_312/include -I/usr/local/google/home/ssreenithi/.pyenv/versions/3.12.0/include/python3.12 -c third_party/boringssl-with-bazel/src/ssl/extensions.cc -o pyb/temp.linux-x86_64-cpython-312/third_party/boringssl-with-bazel/src/ssl/extensions.o -std=c++17 -fvisibility=hidden -fno-wrapv -fno-exceptions -pthread
      g++ -fno-strict-overflow -Wsign-compare -DNDEBUG -g -O3 -Wall -fPIC -D_WIN32_WINNT=1536 -DGRPC_XDS_USER_AGENT_NAME_SUFFIX=\"Python\" -DGRPC_XDS_USER_AGENT_VERSION_SUFFIX=\"1.79.0.dev0\" -DHAVE_CONFIG_H=1 -DGRPC_ENABLE_FORK_SUPPORT=1 -DGRPC_ENABLE_FORK_SUPPORT_DEFAULT=false -DGRPC_PYTHON_BUILD=1 -D__STDC_FORMAT_MACROS "-DPyMODINIT_FUNC=extern \"C\" __attribute__((visibility (\"default\"))) PyObject*" -DGRPC_POSIX_FORK_ALLOW_PTHREAD_ATFORK=1 -Isrc/python/grpcio -Iinclude -I. -Ithird_party/abseil-cpp -Ithird_party/address_sorting/include -Ithird_party/cares/cares/include -Ithird_party/cares -Ithird_party/cares/cares -Ithird_party/cares/cares/src/lib/include -Ithird_party/cares/cares/src/lib -Ithird_party/cares/config_linux -Ithird_party/re2 -Ithird_party/boringssl-with-bazel/src/include -Ithird_party/upb -Isrc/core/ext/upb-gen -Isrc/core/ext/upbdefs-gen -Ithird_party/utf8_range -Ithird_party/xxhash -Ithird_party/zlib -I/usr/local/google/home/ssreenithi/.pyenv/versions/3.12.0/envs/pyvenv_312/include -I/usr/local/google/home/ssreenithi/.pyenv/versions/3.12.0/include/python3.12 -c src/core/ext/filters/http/http_filters_plugin.cc -o pyb/temp.linux-x86_64-cpython-312/src/core/ext/filters/http/http_filters_plugin.o -std=c++17 -fvisibility=hidden -fno-wrapv -fno-exceptions -pthread
      gcc -fno-strict-overflow -Wsign-compare -DNDEBUG -g -O3 -Wall -fPIC -D_WIN32_WINNT=1536 -DGRPC_XDS_USER_AGENT_NAME_SUFFIX=\"Python\" -DGRPC_XDS_USER_AGENT_VERSION_SUFFIX=\"1.79.0.dev0\" -DHAVE_CONFIG_H=1 -DGRPC_ENABLE_FORK_SUPPORT=1 -DGRPC_ENABLE_FORK_SUPPORT_DEFAULT=false -DGRPC_PYTHON_BUILD=1 -D__STDC_FORMAT_MACROS "-DPyMODINIT_FUNC=extern \"C\" __attribute__((visibility (\"default\"))) PyObject*" -DGRPC_POSIX_FORK_ALLOW_PTHREAD_ATFORK=1 -Isrc/python/grpcio -Iinclude -I. -Ithird_party/abseil-cpp -Ithird_party/address_sorting/include -Ithird_party/cares/cares/include -Ithird_party/cares -Ithird_party/cares/cares -Ithird_party/cares/cares/src/lib/include -Ithird_party/cares/cares/src/lib -Ithird_party/cares/config_linux -Ithird_party/re2 -Ithird_party/boringssl-with-bazel/src/include -Ithird_party/upb -Isrc/core/ext/upb-gen -Isrc/core/ext/upbdefs-gen -Ithird_party/utf8_range -Ithird_party/xxhash -Ithird_party/zlib -I/usr/local/google/home/ssreenithi/.pyenv/versions/3.12.0/envs/pyvenv_312/include -I/usr/local/google/home/ssreenithi/.pyenv/versions/3.12.0/include/python3.12 -c third_party/upb/upb/message/map_sorter.c -o pyb/temp.linux-x86_64-cpython-312/third_party/upb/upb/message/map_sorter.o -fvisibility=hidden -fno-wrapv -fno-exceptions -pthread
      gcc -fno-strict-overflow -Wsign-compare -DNDEBUG -g -O3 -Wall -fPIC -D_WIN32_WINNT=1536 -DGRPC_XDS_USER_AGENT_NAME_SUFFIX=\"Python\" -DGRPC_XDS_USER_AGENT_VERSION_SUFFIX=\"1.79.0.dev0\" -DHAVE_CONFIG_H=1 -DGRPC_ENABLE_FORK_SUPPORT=1 -DGRPC_ENABLE_FORK_SUPPORT_DEFAULT=false -DGRPC_PYTHON_BUILD=1 -D__STDC_FORMAT_MACROS "-DPyMODINIT_FUNC=extern \"C\" __attribute__((visibility (\"default\"))) PyObject*" -DGRPC_POSIX_FORK_ALLOW_PTHREAD_ATFORK=1 -Isrc/python/grpcio -Iinclude -I. -Ithird_party/abseil-cpp -Ithird_party/address_sorting/include -Ithird_party/cares/cares/include -Ithird_party/cares -Ithird_party/cares/cares -Ithird_party/cares/cares/src/lib/include -Ithird_party/cares/cares/src/lib -Ithird_party/cares/config_linux -Ithird_party/re2 -Ithird_party/boringssl-with-bazel/src/include -Ithird_party/upb -Isrc/core/ext/upb-gen -Isrc/core/ext/upbdefs-gen -Ithird_party/utf8_range -Ithird_party/xxhash -Ithird_party/zlib -I/usr/local/google/home/ssreenithi/.pyenv/versions/3.12.0/envs/pyvenv_312/include -I/usr/local/google/home/ssreenithi/.pyenv/versions/3.12.0/include/python3.12 -c third_party/zlib/uncompr.c -o pyb/temp.linux-x86_64-cpython-312/third_party/zlib/uncompr.o -fvisibility=hidden -fno-wrapv -fno-exceptions -pthread
      g++ -fno-strict-overflow -Wsign-compare -DNDEBUG -g -O3 -Wall -fPIC -D_WIN32_WINNT=1536 -DGRPC_XDS_USER_AGENT_NAME_SUFFIX=\"Python\" -DGRPC_XDS_USER_AGENT_VERSION_SUFFIX=\"1.79.0.dev0\" -DHAVE_CONFIG_H=1 -DGRPC_ENABLE_FORK_SUPPORT=1 -DGRPC_ENABLE_FORK_SUPPORT_DEFAULT=false -DGRPC_PYTHON_BUILD=1 -D__STDC_FORMAT_MACROS "-DPyMODINIT_FUNC=extern \"C\" __attribute__((visibility (\"default\"))) PyObject*" -DGRPC_POSIX_FORK_ALLOW_PTHREAD_ATFORK=1 -Isrc/python/grpcio -Iinclude -I. -Ithird_party/abseil-cpp -Ithird_party/address_sorting/include -Ithird_party/cares/cares/include -Ithird_party/cares -Ithird_party/cares/cares -Ithird_party/cares/cares/src/lib/include -Ithird_party/cares/cares/src/lib -Ithird_party/cares/config_linux -Ithird_party/re2 -Ithird_party/boringssl-with-bazel/src/include -Ithird_party/upb -Isrc/core/ext/upb-gen -Isrc/core/ext/upbdefs-gen -Ithird_party/utf8_range -Ithird_party/xxhash -Ithird_party/zlib -I/usr/local/google/home/ssreenithi/.pyenv/versions/3.12.0/envs/pyvenv_312/include -I/usr/local/google/home/ssreenithi/.pyenv/versions/3.12.0/include/python3.12 -c third_party/boringssl-with-bazel/src/ssl/ssl_file.cc -o pyb/temp.linux-x86_64-cpython-312/third_party/boringssl-with-bazel/src/ssl/ssl_file.o -std=c++17 -fvisibility=hidden -fno-wrapv -fno-exceptions -pthread
      gcc -fno-strict-overflow -Wsign-compare -DNDEBUG -g -O3 -Wall -fPIC -D_WIN32_WINNT=1536 -DGRPC_XDS_USER_AGENT_NAME_SUFFIX=\"Python\" -DGRPC_XDS_USER_AGENT_VERSION_SUFFIX=\"1.79.0.dev0\" -DHAVE_CONFIG_H=1 -DGRPC_ENABLE_FORK_SUPPORT=1 -DGRPC_ENABLE_FORK_SUPPORT_DEFAULT=false -DGRPC_PYTHON_BUILD=1 -D__STDC_FORMAT_MACROS "-DPyMODINIT_FUNC=extern \"C\" __attribute__((visibility (\"default\"))) PyObject*" -DGRPC_POSIX_FORK_ALLOW_PTHREAD_ATFORK=1 -Isrc/python/grpcio -Iinclude -I. -Ithird_party/abseil-cpp -Ithird_party/address_sorting/include -Ithird_party/cares/cares/include -Ithird_party/cares -Ithird_party/cares/cares -Ithird_party/cares/cares/src/lib/include -Ithird_party/cares/cares/src/lib -Ithird_party/cares/config_linux -Ithird_party/re2 -Ithird_party/boringssl-with-bazel/src/include -Ithird_party/upb -Isrc/core/ext/upb-gen -Isrc/core/ext/upbdefs-gen -Ithird_party/utf8_range -Ithird_party/xxhash -Ithird_party/zlib -I/usr/local/google/home/ssreenithi/.pyenv/versions/3.12.0/envs/pyvenv_312/include -I/usr/local/google/home/ssreenithi/.pyenv/versions/3.12.0/include/python3.12 -c third_party/upb/upb/mini_descriptor/internal/base92.c -o pyb/temp.linux-x86_64-cpython-312/third_party/upb/upb/mini_descriptor/internal/base92.o -fvisibility=hidden -fno-wrapv -fno-exceptions -pthread
      g++ -fno-strict-overflow -Wsign-compare -DNDEBUG -g -O3 -Wall -fPIC -D_WIN32_WINNT=1536 -DGRPC_XDS_USER_AGENT_NAME_SUFFIX=\"Python\" -DGRPC_XDS_USER_AGENT_VERSION_SUFFIX=\"1.79.0.dev0\" -DHAVE_CONFIG_H=1 -DGRPC_ENABLE_FORK_SUPPORT=1 -DGRPC_ENABLE_FORK_SUPPORT_DEFAULT=false -DGRPC_PYTHON_BUILD=1 -D__STDC_FORMAT_MACROS "-DPyMODINIT_FUNC=extern \"C\" __attribute__((visibility (\"default\"))) PyObject*" -DGRPC_POSIX_FORK_ALLOW_PTHREAD_ATFORK=1 -Isrc/python/grpcio -Iinclude -I. -Ithird_party/abseil-cpp -Ithird_party/address_sorting/include -Ithird_party/cares/cares/include -Ithird_party/cares -Ithird_party/cares/cares -Ithird_party/cares/cares/src/lib/include -Ithird_party/cares/cares/src/lib -Ithird_party/cares/config_linux -Ithird_party/re2 -Ithird_party/boringssl-with-bazel/src/include -Ithird_party/upb -Isrc/core/ext/upb-gen -Isrc/core/ext/upbdefs-gen -Ithird_party/utf8_range -Ithird_party/xxhash -Ithird_party/zlib -I/usr/local/google/home/ssreenithi/.pyenv/versions/3.12.0/envs/pyvenv_312/include -I/usr/local/google/home/ssreenithi/.pyenv/versions/3.12.0/include/python3.12 -c third_party/boringssl-with-bazel/src/ssl/ssl_x509.cc -o pyb/temp.linux-x86_64-cpython-312/third_party/boringssl-with-bazel/src/ssl/ssl_x509.o -std=c++17 -fvisibility=hidden -fno-wrapv -fno-exceptions -pthread
      gcc -fno-strict-overflow -Wsign-compare -DNDEBUG -g -O3 -Wall -fPIC -D_WIN32_WINNT=1536 -DGRPC_XDS_USER_AGENT_NAME_SUFFIX=\"Python\" -DGRPC_XDS_USER_AGENT_VERSION_SUFFIX=\"1.79.0.dev0\" -DHAVE_CONFIG_H=1 -DGRPC_ENABLE_FORK_SUPPORT=1 -DGRPC_ENABLE_FORK_SUPPORT_DEFAULT=false -DGRPC_PYTHON_BUILD=1 -D__STDC_FORMAT_MACROS "-DPyMODINIT_FUNC=extern \"C\" __attribute__((visibility (\"default\"))) PyObject*" -DGRPC_POSIX_FORK_ALLOW_PTHREAD_ATFORK=1 -Isrc/python/grpcio -Iinclude -I. -Ithird_party/abseil-cpp -Ithird_party/address_sorting/include -Ithird_party/cares/cares/include -Ithird_party/cares -Ithird_party/cares/cares -Ithird_party/cares/cares/src/lib/include -Ithird_party/cares/cares/src/lib -Ithird_party/cares/config_linux -Ithird_party/re2 -Ithird_party/boringssl-with-bazel/src/include -Ithird_party/upb -Isrc/core/ext/upb-gen -Isrc/core/ext/upbdefs-gen -Ithird_party/utf8_range -Ithird_party/xxhash -Ithird_party/zlib -I/usr/local/google/home/ssreenithi/.pyenv/versions/3.12.0/envs/pyvenv_312/include -I/usr/local/google/home/ssreenithi/.pyenv/versions/3.12.0/include/python3.12 -c third_party/zlib/zutil.c -o pyb/temp.linux-x86_64-cpython-312/third_party/zlib/zutil.o -fvisibility=hidden -fno-wrapv -fno-exceptions -pthread
      gcc -fno-strict-overflow -Wsign-compare -DNDEBUG -g -O3 -Wall -fPIC -D_WIN32_WINNT=1536 -DGRPC_XDS_USER_AGENT_NAME_SUFFIX=\"Python\" -DGRPC_XDS_USER_AGENT_VERSION_SUFFIX=\"1.79.0.dev0\" -DHAVE_CONFIG_H=1 -DGRPC_ENABLE_FORK_SUPPORT=1 -DGRPC_ENABLE_FORK_SUPPORT_DEFAULT=false -DGRPC_PYTHON_BUILD=1 -D__STDC_FORMAT_MACROS "-DPyMODINIT_FUNC=extern \"C\" __attribute__((visibility (\"default\"))) PyObject*" -DGRPC_POSIX_FORK_ALLOW_PTHREAD_ATFORK=1 -Isrc/python/grpcio -Iinclude -I. -Ithird_party/abseil-cpp -Ithird_party/address_sorting/include -Ithird_party/cares/cares/include -Ithird_party/cares -Ithird_party/cares/cares -Ithird_party/cares/cares/src/lib/include -Ithird_party/cares/cares/src/lib -Ithird_party/cares/config_linux -Ithird_party/re2 -Ithird_party/boringssl-with-bazel/src/include -Ithird_party/upb -Isrc/core/ext/upb-gen -Isrc/core/ext/upbdefs-gen -Ithird_party/utf8_range -Ithird_party/xxhash -Ithird_party/zlib -I/usr/local/google/home/ssreenithi/.pyenv/versions/3.12.0/envs/pyvenv_312/include -I/usr/local/google/home/ssreenithi/.pyenv/versions/3.12.0/include/python3.12 -c third_party/upb/upb/mini_descriptor/internal/encode.c -o pyb/temp.linux-x86_64-cpython-312/third_party/upb/upb/mini_descriptor/internal/encode.o -fvisibility=hidden -fno-wrapv -fno-exceptions -pthread
      third_party/cares/cares/src/lib/record/ares_dns_record.c: In function ‘ares_dns_rr_set_addr6’:
      third_party/cares/cares/src/lib/record/ares_dns_record.c:1127:3: warning: writing 16 bytes into a region of size between 1 and 8 [-Wstringop-overflow=]
       1127 |   memcpy(a, addr, sizeof(*a));
            |   ^~~~~~~~~~~~~~~~~~~~~~~~~~~
      In file included from third_party/cares/cares/src/lib/ares_private.h:59,
                       from third_party/cares/cares/src/lib/record/ares_dns_record.c:26:
      third_party/cares/cares/src/lib/record/ares_dns_private.h:189:18: note: destination object ‘selector’ of size 1
        189 |   unsigned char  selector;
            |                  ^~~~~~~~
      third_party/cares/cares/src/lib/record/ares_dns_private.h:101:18: note: destination object ‘addr’ of size 4
        101 |   struct in_addr addr;
            |                  ^~~~
      third_party/cares/cares/src/lib/record/ares_dns_private.h:170:18: note: destination object ‘replacement’ of size 8
        170 |   char          *replacement;
            |                  ^~~~~~~~~~~
      third_party/cares/cares/src/lib/record/ares_dns_private.h:146:18: note: destination object ‘inception’ of size 4
        146 |   unsigned int   inception;
            |                  ^~~~~~~~~
      third_party/cares/cares/src/lib/record/ares_dns_private.h:147:18: note: destination object ‘key_tag’ of size 2
        147 |   unsigned short key_tag;
            |                  ^~~~~~~
      third_party/cares/cares/src/lib/record/ares_dns_private.h:114:16: note: destination object ‘rname’ of size 8
        114 |   char        *rname;
            |                ^~~~~
      third_party/cares/cares/src/lib/record/ares_dns_private.h:115:16: note: destination object ‘serial’ of size 4
        115 |   unsigned int serial;
            |                ^~~~~~
      third_party/cares/cares/src/lib/record/ares_dns_private.h:116:16: note: destination object ‘refresh’ of size 4
        116 |   unsigned int refresh;
            |                ^~~~~~~
      third_party/cares/cares/src/lib/record/ares_dns_private.h:117:16: note: destination object ‘retry’ of size 4
        117 |   unsigned int retry;
            |                ^~~~~
      third_party/cares/cares/src/lib/record/ares_dns_private.h:118:16: note: destination object ‘expire’ of size 4
        118 |   unsigned int expire;
            |                ^~~~~~
      third_party/cares/cares/src/lib/record/ares_dns_private.h:119:16: note: destination object ‘minimum’ of size 4
        119 |   unsigned int minimum;
            |                ^~~~~~~
      third_party/cares/cares/src/lib/record/ares_dns_private.h:142:18: note: destination object ‘algorithm’ of size 1
        142 |   unsigned char  algorithm;
            |                  ^~~~~~~~~
      third_party/cares/cares/src/lib/record/ares_dns_private.h:148:18: note: destination object ‘signers_name’ of size 8
        148 |   char          *signers_name;
            |                  ^~~~~~~~~~~~
      third_party/cares/cares/src/lib/record/ares_dns_private.h:143:18: note: destination object ‘labels’ of size 1
        143 |   unsigned char  labels;
            |                  ^~~~~~
      third_party/cares/cares/src/lib/record/ares_dns_private.h:144:18: note: destination object ‘original_ttl’ of size 4
        144 |   unsigned int   original_ttl;
            |                  ^~~~~~~~~~~~
      third_party/cares/cares/src/lib/record/ares_dns_private.h:198:18: note: destination object ‘params’ of size 8
        198 |   ares_array_t  *params; /*!< Type is ares_dns_optval_t */
            |                  ^~~~~~
      g++ -fno-strict-overflow -Wsign-compare -DNDEBUG -g -O3 -Wall -fPIC -D_WIN32_WINNT=1536 -DGRPC_XDS_USER_AGENT_NAME_SUFFIX=\"Python\" -DGRPC_XDS_USER_AGENT_VERSION_SUFFIX=\"1.79.0.dev0\" -DHAVE_CONFIG_H=1 -DGRPC_ENABLE_FORK_SUPPORT=1 -DGRPC_ENABLE_FORK_SUPPORT_DEFAULT=false -DGRPC_PYTHON_BUILD=1 -D__STDC_FORMAT_MACROS "-DPyMODINIT_FUNC=extern \"C\" __attribute__((visibility (\"default\"))) PyObject*" -DGRPC_POSIX_FORK_ALLOW_PTHREAD_ATFORK=1 -Isrc/python/grpcio -Iinclude -I. -Ithird_party/abseil-cpp -Ithird_party/address_sorting/include -Ithird_party/cares/cares/include -Ithird_party/cares -Ithird_party/cares/cares -Ithird_party/cares/cares/src/lib/include -Ithird_party/cares/cares/src/lib -Ithird_party/cares/config_linux -Ithird_party/re2 -Ithird_party/boringssl-with-bazel/src/include -Ithird_party/upb -Isrc/core/ext/upb-gen -Isrc/core/ext/upbdefs-gen -Ithird_party/utf8_range -Ithird_party/xxhash -Ithird_party/zlib -I/usr/local/google/home/ssreenithi/.pyenv/versions/3.12.0/envs/pyvenv_312/include -I/usr/local/google/home/ssreenithi/.pyenv/versions/3.12.0/include/python3.12 -c src/core/ext/filters/stateful_session/stateful_session_filter.cc -o pyb/temp.linux-x86_64-cpython-312/src/core/ext/filters/stateful_session/stateful_session_filter.o -std=c++17 -fvisibility=hidden -fno-wrapv -fno-exceptions -pthread
      gcc -fno-strict-overflow -Wsign-compare -DNDEBUG -g -O3 -Wall -fPIC -D_WIN32_WINNT=1536 -DGRPC_XDS_USER_AGENT_NAME_SUFFIX=\"Python\" -DGRPC_XDS_USER_AGENT_VERSION_SUFFIX=\"1.79.0.dev0\" -DHAVE_CONFIG_H=1 -DGRPC_ENABLE_FORK_SUPPORT=1 -DGRPC_ENABLE_FORK_SUPPORT_DEFAULT=false -DGRPC_PYTHON_BUILD=1 -D__STDC_FORMAT_MACROS "-DPyMODINIT_FUNC=extern \"C\" __attribute__((visibility (\"default\"))) PyObject*" -DGRPC_POSIX_FORK_ALLOW_PTHREAD_ATFORK=1 -Isrc/python/grpcio -Iinclude -I. -Ithird_party/abseil-cpp -Ithird_party/address_sorting/include -Ithird_party/cares/cares/include -Ithird_party/cares -Ithird_party/cares/cares -Ithird_party/cares/cares/src/lib/include -Ithird_party/cares/cares/src/lib -Ithird_party/cares/config_linux -Ithird_party/re2 -Ithird_party/boringssl-with-bazel/src/include -Ithird_party/upb -Isrc/core/ext/upb-gen -Isrc/core/ext/upbdefs-gen -Ithird_party/utf8_range -Ithird_party/xxhash -Ithird_party/zlib -I/usr/local/google/home/ssreenithi/.pyenv/versions/3.12.0/envs/pyvenv_312/include -I/usr/local/google/home/ssreenithi/.pyenv/versions/3.12.0/include/python3.12 -c third_party/upb/upb/reflection/message_reserved_range.c -o pyb/temp.linux-x86_64-cpython-312/third_party/upb/upb/reflection/message_reserved_range.o -fvisibility=hidden -fno-wrapv -fno-exceptions -pthread
      g++ -fno-strict-overflow -Wsign-compare -DNDEBUG -g -O3 -Wall -fPIC -D_WIN32_WINNT=1536 -DGRPC_XDS_USER_AGENT_NAME_SUFFIX=\"Python\" -DGRPC_XDS_USER_AGENT_VERSION_SUFFIX=\"1.79.0.dev0\" -DHAVE_CONFIG_H=1 -DGRPC_ENABLE_FORK_SUPPORT=1 -DGRPC_ENABLE_FORK_SUPPORT_DEFAULT=false -DGRPC_PYTHON_BUILD=1 -D__STDC_FORMAT_MACROS "-DPyMODINIT_FUNC=extern \"C\" __attribute__((visibility (\"default\"))) PyObject*" -DGRPC_POSIX_FORK_ALLOW_PTHREAD_ATFORK=1 -Isrc/python/grpcio -Iinclude -I. -Ithird_party/abseil-cpp -Ithird_party/address_sorting/include -Ithird_party/cares/cares/include -Ithird_party/cares -Ithird_party/cares/cares -Ithird_party/cares/cares/src/lib/include -Ithird_party/cares/cares/src/lib -Ithird_party/cares/config_linux -Ithird_party/re2 -Ithird_party/boringssl-with-bazel/src/include -Ithird_party/upb -Isrc/core/ext/upb-gen -Isrc/core/ext/upbdefs-gen -Ithird_party/utf8_range -Ithird_party/xxhash -Ithird_party/zlib -I/usr/local/google/home/ssreenithi/.pyenv/versions/3.12.0/envs/pyvenv_312/include -I/usr/local/google/home/ssreenithi/.pyenv/versions/3.12.0/include/python3.12 -c src/core/ext/transport/chttp2/transport/hpack_encoder.cc -o pyb/temp.linux-x86_64-cpython-312/src/core/ext/transport/chttp2/transport/hpack_encoder.o -std=c++17 -fvisibility=hidden -fno-wrapv -fno-exceptions -pthread
      gcc -fno-strict-overflow -Wsign-compare -DNDEBUG -g -O3 -Wall -fPIC -D_WIN32_WINNT=1536 -DGRPC_XDS_USER_AGENT_NAME_SUFFIX=\"Python\" -DGRPC_XDS_USER_AGENT_VERSION_SUFFIX=\"1.79.0.dev0\" -DHAVE_CONFIG_H=1 -DGRPC_ENABLE_FORK_SUPPORT=1 -DGRPC_ENABLE_FORK_SUPPORT_DEFAULT=false -DGRPC_PYTHON_BUILD=1 -D__STDC_FORMAT_MACROS "-DPyMODINIT_FUNC=extern \"C\" __attribute__((visibility (\"default\"))) PyObject*" -DGRPC_POSIX_FORK_ALLOW_PTHREAD_ATFORK=1 -Isrc/python/grpcio -Iinclude -I. -Ithird_party/abseil-cpp -Ithird_party/address_sorting/include -Ithird_party/cares/cares/include -Ithird_party/cares -Ithird_party/cares/cares -Ithird_party/cares/cares/src/lib/include -Ithird_party/cares/cares/src/lib -Ithird_party/cares/config_linux -Ithird_party/re2 -Ithird_party/boringssl-with-bazel/src/include -Ithird_party/upb -Isrc/core/ext/upb-gen -Isrc/core/ext/upbdefs-gen -Ithird_party/utf8_range -Ithird_party/xxhash -Ithird_party/zlib -I/usr/local/google/home/ssreenithi/.pyenv/versions/3.12.0/envs/pyvenv_312/include -I/usr/local/google/home/ssreenithi/.pyenv/versions/3.12.0/include/python3.12 -c third_party/upb/upb/mini_descriptor/link.c -o pyb/temp.linux-x86_64-cpython-312/third_party/upb/upb/mini_descriptor/link.o -fvisibility=hidden -fno-wrapv -fno-exceptions -pthread
      gcc -fno-strict-overflow -Wsign-compare -DNDEBUG -g -O3 -Wall -fPIC -D_WIN32_WINNT=1536 -DGRPC_XDS_USER_AGENT_NAME_SUFFIX=\"Python\" -DGRPC_XDS_USER_AGENT_VERSION_SUFFIX=\"1.79.0.dev0\" -DHAVE_CONFIG_H=1 -DGRPC_ENABLE_FORK_SUPPORT=1 -DGRPC_ENABLE_FORK_SUPPORT_DEFAULT=false -DGRPC_PYTHON_BUILD=1 -D__STDC_FORMAT_MACROS "-DPyMODINIT_FUNC=extern \"C\" __attribute__((visibility (\"default\"))) PyObject*" -DGRPC_POSIX_FORK_ALLOW_PTHREAD_ATFORK=1 -Isrc/python/grpcio -Iinclude -I. -Ithird_party/abseil-cpp -Ithird_party/address_sorting/include -Ithird_party/cares/cares/include -Ithird_party/cares -Ithird_party/cares/cares -Ithird_party/cares/cares/src/lib/include -Ithird_party/cares/cares/src/lib -Ithird_party/cares/config_linux -Ithird_party/re2 -Ithird_party/boringssl-with-bazel/src/include -Ithird_party/upb -Isrc/core/ext/upb-gen -Isrc/core/ext/upbdefs-gen -Ithird_party/utf8_range -Ithird_party/xxhash -Ithird_party/zlib -I/usr/local/google/home/ssreenithi/.pyenv/versions/3.12.0/envs/pyvenv_312/include -I/usr/local/google/home/ssreenithi/.pyenv/versions/3.12.0/include/python3.12 -c third_party/upb/upb/reflection/method_def.c -o pyb/temp.linux-x86_64-cpython-312/third_party/upb/upb/reflection/method_def.o -fvisibility=hidden -fno-wrapv -fno-exceptions -pthread
      gcc -fno-strict-overflow -Wsign-compare -DNDEBUG -g -O3 -Wall -fPIC -D_WIN32_WINNT=1536 -DGRPC_XDS_USER_AGENT_NAME_SUFFIX=\"Python\" -DGRPC_XDS_USER_AGENT_VERSION_SUFFIX=\"1.79.0.dev0\" -DHAVE_CONFIG_H=1 -DGRPC_ENABLE_FORK_SUPPORT=1 -DGRPC_ENABLE_FORK_SUPPORT_DEFAULT=false -DGRPC_PYTHON_BUILD=1 -D__STDC_FORMAT_MACROS "-DPyMODINIT_FUNC=extern \"C\" __attribute__((visibility (\"default\"))) PyObject*" -DGRPC_POSIX_FORK_ALLOW_PTHREAD_ATFORK=1 -Isrc/python/grpcio -Iinclude -I. -Ithird_party/abseil-cpp -Ithird_party/address_sorting/include -Ithird_party/cares/cares/include -Ithird_party/cares -Ithird_party/cares/cares -Ithird_party/cares/cares/src/lib/include -Ithird_party/cares/cares/src/lib -Ithird_party/cares/config_linux -Ithird_party/re2 -Ithird_party/boringssl-with-bazel/src/include -Ithird_party/upb -Isrc/core/ext/upb-gen -Isrc/core/ext/upbdefs-gen -Ithird_party/utf8_range -Ithird_party/xxhash -Ithird_party/zlib -I/usr/local/google/home/ssreenithi/.pyenv/versions/3.12.0/envs/pyvenv_312/include -I/usr/local/google/home/ssreenithi/.pyenv/versions/3.12.0/include/python3.12 -c third_party/upb/upb/reflection/file_def.c -o pyb/temp.linux-x86_64-cpython-312/third_party/upb/upb/reflection/file_def.o -fvisibility=hidden -fno-wrapv -fno-exceptions -pthread
      g++ -fno-strict-overflow -Wsign-compare -DNDEBUG -g -O3 -Wall -fPIC -D_WIN32_WINNT=1536 -DGRPC_XDS_USER_AGENT_NAME_SUFFIX=\"Python\" -DGRPC_XDS_USER_AGENT_VERSION_SUFFIX=\"1.79.0.dev0\" -DHAVE_CONFIG_H=1 -DGRPC_ENABLE_FORK_SUPPORT=1 -DGRPC_ENABLE_FORK_SUPPORT_DEFAULT=false -DGRPC_PYTHON_BUILD=1 -D__STDC_FORMAT_MACROS "-DPyMODINIT_FUNC=extern \"C\" __attribute__((visibility (\"default\"))) PyObject*" -DGRPC_POSIX_FORK_ALLOW_PTHREAD_ATFORK=1 -Isrc/python/grpcio -Iinclude -I. -Ithird_party/abseil-cpp -Ithird_party/address_sorting/include -Ithird_party/cares/cares/include -Ithird_party/cares -Ithird_party/cares/cares -Ithird_party/cares/cares/src/lib/include -Ithird_party/cares/cares/src/lib -Ithird_party/cares/config_linux -Ithird_party/re2 -Ithird_party/boringssl-with-bazel/src/include -Ithird_party/upb -Isrc/core/ext/upb-gen -Isrc/core/ext/upbdefs-gen -Ithird_party/utf8_range -Ithird_party/xxhash -Ithird_party/zlib -I/usr/local/google/home/ssreenithi/.pyenv/versions/3.12.0/envs/pyvenv_312/include -I/usr/local/google/home/ssreenithi/.pyenv/versions/3.12.0/include/python3.12 -c src/core/client_channel/client_channel_filter.cc -o pyb/temp.linux-x86_64-cpython-312/src/core/client_channel/client_channel_filter.o -std=c++17 -fvisibility=hidden -fno-wrapv -fno-exceptions -pthread
      gcc -fno-strict-overflow -Wsign-compare -DNDEBUG -g -O3 -Wall -fPIC -D_WIN32_WINNT=1536 -DGRPC_XDS_USER_AGENT_NAME_SUFFIX=\"Python\" -DGRPC_XDS_USER_AGENT_VERSION_SUFFIX=\"1.79.0.dev0\" -DHAVE_CONFIG_H=1 -DGRPC_ENABLE_FORK_SUPPORT=1 -DGRPC_ENABLE_FORK_SUPPORT_DEFAULT=false -DGRPC_PYTHON_BUILD=1 -D__STDC_FORMAT_MACROS "-DPyMODINIT_FUNC=extern \"C\" __attribute__((visibility (\"default\"))) PyObject*" -DGRPC_POSIX_FORK_ALLOW_PTHREAD_ATFORK=1 -Isrc/python/grpcio -Iinclude -I. -Ithird_party/abseil-cpp -Ithird_party/address_sorting/include -Ithird_party/cares/cares/include -Ithird_party/cares -Ithird_party/cares/cares -Ithird_party/cares/cares/src/lib/include -Ithird_party/cares/cares/src/lib -Ithird_party/cares/config_linux -Ithird_party/re2 -Ithird_party/boringssl-with-bazel/src/include -Ithird_party/upb -Isrc/core/ext/upb-gen -Isrc/core/ext/upbdefs-gen -Ithird_party/utf8_range -Ithird_party/xxhash -Ithird_party/zlib -I/usr/local/google/home/ssreenithi/.pyenv/versions/3.12.0/envs/pyvenv_312/include -I/usr/local/google/home/ssreenithi/.pyenv/versions/3.12.0/include/python3.12 -c third_party/cares/cares/src/lib/record/ares_dns_write.c -o pyb/temp.linux-x86_64-cpython-312/third_party/cares/cares/src/lib/record/ares_dns_write.o -fvisibility=hidden -fno-wrapv -fno-exceptions -pthread
      gcc -fno-strict-overflow -Wsign-compare -DNDEBUG -g -O3 -Wall -fPIC -D_WIN32_WINNT=1536 -DGRPC_XDS_USER_AGENT_NAME_SUFFIX=\"Python\" -DGRPC_XDS_USER_AGENT_VERSION_SUFFIX=\"1.79.0.dev0\" -DHAVE_CONFIG_H=1 -DGRPC_ENABLE_FORK_SUPPORT=1 -DGRPC_ENABLE_FORK_SUPPORT_DEFAULT=false -DGRPC_PYTHON_BUILD=1 -D__STDC_FORMAT_MACROS "-DPyMODINIT_FUNC=extern \"C\" __attribute__((visibility (\"default\"))) PyObject*" -DGRPC_POSIX_FORK_ALLOW_PTHREAD_ATFORK=1 -Isrc/python/grpcio -Iinclude -I. -Ithird_party/abseil-cpp -Ithird_party/address_sorting/include -Ithird_party/cares/cares/include -Ithird_party/cares -Ithird_party/cares/cares -Ithird_party/cares/cares/src/lib/include -Ithird_party/cares/cares/src/lib -Ithird_party/cares/config_linux -Ithird_party/re2 -Ithird_party/boringssl-with-bazel/src/include -Ithird_party/upb -Isrc/core/ext/upb-gen -Isrc/core/ext/upbdefs-gen -Ithird_party/utf8_range -Ithird_party/xxhash -Ithird_party/zlib -I/usr/local/google/home/ssreenithi/.pyenv/versions/3.12.0/envs/pyvenv_312/include -I/usr/local/google/home/ssreenithi/.pyenv/versions/3.12.0/include/python3.12 -c third_party/upb/upb/wire/encode.c -o pyb/temp.linux-x86_64-cpython-312/third_party/upb/upb/wire/encode.o -fvisibility=hidden -fno-wrapv -fno-exceptions -pthread
      In constructor ‘grpc_core::filters_detail::OperationExecutor<T>::OperationExecutor(grpc_core::filters_detail::OperationExecutor<T>&&) [with T = std::unique_ptr<grpc_core::Message, grpc_core::Arena::PooledDeleter>]’,
          inlined from ‘grpc_core::CallFilters::MessageExecutor<&grpc_core::CallFilters::push_client_to_server_message_, &grpc_core::filters_detail::StackData::client_to_server_messages, &grpc_core::CallState::FinishPullClientToServerMessage, const grpc_core::CallFilters::AddedStack*>::MessageExecutor(grpc_core::CallFilters::MessageExecutor<&grpc_core::CallFilters::push_client_to_server_message_, &grpc_core::filters_detail::StackData::client_to_server_messages, &grpc_core::CallState::FinishPullClientToServerMessage, const grpc_core::CallFilters::AddedStack*>&&)’ at ./src/core/call/call_filters.h:1886:9,
          inlined from ‘grpc_core::promise_detail::PromiseLike<F, typename std::enable_if<(! std::is_void<typename std::invoke_result<Releaser>::type>::value), void>::type>::PromiseLike(F&&) [with F = grpc_core::CallFilters::MessageExecutor<&grpc_core::CallFilters::push_client_to_server_message_, &grpc_core::filters_detail::StackData::client_to_server_messages, &grpc_core::CallState::FinishPullClientToServerMessage, const grpc_core::CallFilters::AddedStack*>]’ at ./src/core/lib/promise/detail/promise_like.h:214:9,
          inlined from ‘std::enable_if_t<((bool)grpc_core::promise_detail::IsVoidCallable<typename grpc_core::promise_detail::ResultOfT<F(), void>::T>::value), grpc_core::promise_detail::PromiseLike<decltype (declval<F>()())> > grpc_core::promise_detail::PromiseFactoryImpl(Token, F&&) [with Token = OnceToken; F = grpc_core::CallFilters::PullClientToServerMessage()::<lambda(bool)>::<lambda()>]’ at ./src/core/lib/promise/detail/promise_factory.h:211:12,
          inlined from ‘grpc_core::promise_detail::OncePromiseFactory<void, F>::Promise grpc_core::promise_detail::OncePromiseFactory<void, F>::Make() [with F = grpc_core::CallFilters::PullClientToServerMessage()::<lambda(bool)>::<lambda()>]’ at ./src/core/lib/promise/detail/promise_factory.h:250:57,
          inlined from ‘grpc_core::If<bool, T, F>::If(bool, T, F) [with T = grpc_core::CallFilters::PullClientToServerMessage()::<lambda(bool)>::<lambda()>; F = grpc_core::CallFilters::PullClientToServerMessage()::<lambda(bool)>::<lambda()>]’ at ./src/core/lib/promise/if.h:181:45,
          inlined from ‘grpc_core::CallFilters::PullClientToServerMessage()::<lambda(bool)>’ at ./src/core/call/call_filters.h:2019:16:
      ./src/core/call/call_filters.h:1424:20: warning: ‘<unnamed>.grpc_core::CallFilters::MessageExecutor<grpc_core::CallFilters::push_client_to_server_message_, grpc_core::filters_detail::StackData::client_to_server_messages, grpc_core::CallState::FinishPullClientToServerMessage, const grpc_core::CallFilters::AddedStack*>::executor_.grpc_core::filters_detail::OperationExecutor<std::unique_ptr<grpc_core::Message, grpc_core::Arena::PooledDeleter> >::ops_’ may be used uninitialized [-Wmaybe-uninitialized]
       1424 |       : ops_(other.ops_), end_ops_(other.end_ops_) {
            |              ~~~~~~^~~~
      ./src/core/lib/promise/detail/promise_factory.h: In lambda function:
      ./src/core/lib/promise/detail/promise_factory.h:211:11: note: ‘<anonymous>’ declared here
        211 |   return f();
            |          ~^~
      In constructor ‘grpc_core::filters_detail::OperationExecutor<T>::OperationExecutor(grpc_core::filters_detail::OperationExecutor<T>&&) [with T = std::unique_ptr<grpc_core::Message, grpc_core::Arena::PooledDeleter>]’,
          inlined from ‘grpc_core::CallFilters::MessageExecutor<&grpc_core::CallFilters::push_client_to_server_message_, &grpc_core::filters_detail::StackData::client_to_server_messages, &grpc_core::CallState::FinishPullClientToServerMessage, const grpc_core::CallFilters::AddedStack*>::MessageExecutor(grpc_core::CallFilters::MessageExecutor<&grpc_core::CallFilters::push_client_to_server_message_, &grpc_core::filters_detail::StackData::client_to_server_messages, &grpc_core::CallState::FinishPullClientToServerMessage, const grpc_core::CallFilters::AddedStack*>&&)’ at ./src/core/call/call_filters.h:1886:9,
          inlined from ‘grpc_core::promise_detail::PromiseLike<F, typename std::enable_if<(! std::is_void<typename std::invoke_result<Releaser>::type>::value), void>::type>::PromiseLike(F&&) [with F = grpc_core::CallFilters::MessageExecutor<&grpc_core::CallFilters::push_client_to_server_message_, &grpc_core::filters_detail::StackData::client_to_server_messages, &grpc_core::CallState::FinishPullClientToServerMessage, const grpc_core::CallFilters::AddedStack*>]’ at ./src/core/lib/promise/detail/promise_like.h:214:9,
          inlined from ‘std::enable_if_t<((bool)grpc_core::promise_detail::IsVoidCallable<typename grpc_core::promise_detail::ResultOfT<F(), void>::T>::value), grpc_core::promise_detail::PromiseLike<decltype (declval<F>()())> > grpc_core::promise_detail::PromiseFactoryImpl(Token, F&&) [with Token = OnceToken; F = grpc_core::CallFilters::PullClientToServerMessage()::<lambda(bool)>::<lambda()>]’ at ./src/core/lib/promise/detail/promise_factory.h:211:12,
          inlined from ‘grpc_core::promise_detail::OncePromiseFactory<void, F>::Promise grpc_core::promise_detail::OncePromiseFactory<void, F>::Make() [with F = grpc_core::CallFilters::PullClientToServerMessage()::<lambda(bool)>::<lambda()>]’ at ./src/core/lib/promise/detail/promise_factory.h:250:57,
          inlined from ‘grpc_core::If<bool, T, F>::If(bool, T, F) [with T = grpc_core::CallFilters::PullClientToServerMessage()::<lambda(bool)>::<lambda()>; F = grpc_core::CallFilters::PullClientToServerMessage()::<lambda(bool)>::<lambda()>]’ at ./src/core/lib/promise/if.h:181:45,
          inlined from ‘grpc_core::CallFilters::PullClientToServerMessage()::<lambda(bool)>’ at ./src/core/call/call_filters.h:2019:16:
      ./src/core/call/call_filters.h:1424:42: warning: ‘<unnamed>.grpc_core::CallFilters::MessageExecutor<grpc_core::CallFilters::push_client_to_server_message_, grpc_core::filters_detail::StackData::client_to_server_messages, grpc_core::CallState::FinishPullClientToServerMessage, const grpc_core::CallFilters::AddedStack*>::executor_.grpc_core::filters_detail::OperationExecutor<std::unique_ptr<grpc_core::Message, grpc_core::Arena::PooledDeleter> >::end_ops_’ may be used uninitialized [-Wmaybe-uninitialized]
       1424 |       : ops_(other.ops_), end_ops_(other.end_ops_) {
            |                                    ~~~~~~^~~~~~~~
      ./src/core/lib/promise/detail/promise_factory.h: In lambda function:
      ./src/core/lib/promise/detail/promise_factory.h:211:11: note: ‘<anonymous>’ declared here
        211 |   return f();
            |          ~^~
      g++ -fno-strict-overflow -Wsign-compare -DNDEBUG -g -O3 -Wall -fPIC -D_WIN32_WINNT=1536 -DGRPC_XDS_USER_AGENT_NAME_SUFFIX=\"Python\" -DGRPC_XDS_USER_AGENT_VERSION_SUFFIX=\"1.79.0.dev0\" -DHAVE_CONFIG_H=1 -DGRPC_ENABLE_FORK_SUPPORT=1 -DGRPC_ENABLE_FORK_SUPPORT_DEFAULT=false -DGRPC_PYTHON_BUILD=1 -D__STDC_FORMAT_MACROS "-DPyMODINIT_FUNC=extern \"C\" __attribute__((visibility (\"default\"))) PyObject*" -DGRPC_POSIX_FORK_ALLOW_PTHREAD_ATFORK=1 -Isrc/python/grpcio -Iinclude -I. -Ithird_party/abseil-cpp -Ithird_party/address_sorting/include -Ithird_party/cares/cares/include -Ithird_party/cares -Ithird_party/cares/cares -Ithird_party/cares/cares/src/lib/include -Ithird_party/cares/cares/src/lib -Ithird_party/cares/config_linux -Ithird_party/re2 -Ithird_party/boringssl-with-bazel/src/include -Ithird_party/upb -Isrc/core/ext/upb-gen -Isrc/core/ext/upbdefs-gen -Ithird_party/utf8_range -Ithird_party/xxhash -Ithird_party/zlib -I/usr/local/google/home/ssreenithi/.pyenv/versions/3.12.0/envs/pyvenv_312/include -I/usr/local/google/home/ssreenithi/.pyenv/versions/3.12.0/include/python3.12 -c third_party/boringssl-with-bazel/src/ssl/ssl_aead_ctx.cc -o pyb/temp.linux-x86_64-cpython-312/third_party/boringssl-with-bazel/src/ssl/ssl_aead_ctx.o -std=c++17 -fvisibility=hidden -fno-wrapv -fno-exceptions -pthread
      g++ -fno-strict-overflow -Wsign-compare -DNDEBUG -g -O3 -Wall -fPIC -D_WIN32_WINNT=1536 -DGRPC_XDS_USER_AGENT_NAME_SUFFIX=\"Python\" -DGRPC_XDS_USER_AGENT_VERSION_SUFFIX=\"1.79.0.dev0\" -DHAVE_CONFIG_H=1 -DGRPC_ENABLE_FORK_SUPPORT=1 -DGRPC_ENABLE_FORK_SUPPORT_DEFAULT=false -DGRPC_PYTHON_BUILD=1 -D__STDC_FORMAT_MACROS "-DPyMODINIT_FUNC=extern \"C\" __attribute__((visibility (\"default\"))) PyObject*" -DGRPC_POSIX_FORK_ALLOW_PTHREAD_ATFORK=1 -Isrc/python/grpcio -Iinclude -I. -Ithird_party/abseil-cpp -Ithird_party/address_sorting/include -Ithird_party/cares/cares/include -Ithird_party/cares -Ithird_party/cares/cares -Ithird_party/cares/cares/src/lib/include -Ithird_party/cares/cares/src/lib -Ithird_party/cares/config_linux -Ithird_party/re2 -Ithird_party/boringssl-with-bazel/src/include -Ithird_party/upb -Isrc/core/ext/upb-gen -Isrc/core/ext/upbdefs-gen -Ithird_party/utf8_range -Ithird_party/xxhash -Ithird_party/zlib -I/usr/local/google/home/ssreenithi/.pyenv/versions/3.12.0/envs/pyvenv_312/include -I/usr/local/google/home/ssreenithi/.pyenv/versions/3.12.0/include/python3.12 -c third_party/boringssl-with-bazel/src/ssl/tls_method.cc -o pyb/temp.linux-x86_64-cpython-312/third_party/boringssl-with-bazel/src/ssl/tls_method.o -std=c++17 -fvisibility=hidden -fno-wrapv -fno-exceptions -pthread
      g++ -fno-strict-overflow -Wsign-compare -DNDEBUG -g -O3 -Wall -fPIC -D_WIN32_WINNT=1536 -DGRPC_XDS_USER_AGENT_NAME_SUFFIX=\"Python\" -DGRPC_XDS_USER_AGENT_VERSION_SUFFIX=\"1.79.0.dev0\" -DHAVE_CONFIG_H=1 -DGRPC_ENABLE_FORK_SUPPORT=1 -DGRPC_ENABLE_FORK_SUPPORT_DEFAULT=false -DGRPC_PYTHON_BUILD=1 -D__STDC_FORMAT_MACROS "-DPyMODINIT_FUNC=extern \"C\" __attribute__((visibility (\"default\"))) PyObject*" -DGRPC_POSIX_FORK_ALLOW_PTHREAD_ATFORK=1 -Isrc/python/grpcio -Iinclude -I. -Ithird_party/abseil-cpp -Ithird_party/address_sorting/include -Ithird_party/cares/cares/include -Ithird_party/cares -Ithird_party/cares/cares -Ithird_party/cares/cares/src/lib/include -Ithird_party/cares/cares/src/lib -Ithird_party/cares/config_linux -Ithird_party/re2 -Ithird_party/boringssl-with-bazel/src/include -Ithird_party/upb -Isrc/core/ext/upb-gen -Isrc/core/ext/upbdefs-gen -Ithird_party/utf8_range -Ithird_party/xxhash -Ithird_party/zlib -I/usr/local/google/home/ssreenithi/.pyenv/versions/3.12.0/envs/pyvenv_312/include -I/usr/local/google/home/ssreenithi/.pyenv/versions/3.12.0/include/python3.12 -c third_party/boringssl-with-bazel/src/ssl/d1_pkt.cc -o pyb/temp.linux-x86_64-cpython-312/third_party/boringssl-with-bazel/src/ssl/d1_pkt.o -std=c++17 -fvisibility=hidden -fno-wrapv -fno-exceptions -pthread
      In file included from ./src/core/lib/promise/activity.h:30,
                       from ./src/core/lib/resource_quota/memory_quota.h:39,
                       from ./src/core/lib/resource_quota/arena.h:39,
                       from ./src/core/lib/promise/arena_promise.h:28,
                       from ./src/core/credentials/transport/security_connector.h:36,
                       from ./src/core/credentials/call/call_credentials.h:31,
                       from ./src/core/credentials/call/oauth2/oauth2_credentials.h:33,
                       from ./src/core/credentials/call/external/external_account_credentials.h:29,
                       from src/core/credentials/call/external/external_account_credentials.cc:16:
      ./src/core/lib/promise/detail/promise_factory.h:210:5: warning: ‘always_inline’ function might not be inlinable unless also declared ‘inline’ [-Wattributes]
        210 |     PromiseFactoryImpl(Token, F&& f) {
            |     ^~~~~~~~~~~~~~~~~~
      ./src/core/lib/promise/detail/promise_factory.h:210:5: warning: ‘always_inline’ function might not be inlinable unless also declared ‘inline’ [-Wattributes]
      ./src/core/lib/promise/detail/promise_factory.h:210:5: warning: ‘always_inline’ function might not be inlinable unless also declared ‘inline’ [-Wattributes]
      ./src/core/lib/promise/detail/promise_factory.h:210:5: warning: ‘always_inline’ function might not be inlinable unless also declared ‘inline’ [-Wattributes]
      ./src/core/lib/promise/detail/promise_factory.h:210:5: warning: ‘always_inline’ function might not be inlinable unless also declared ‘inline’ [-Wattributes]
      ./src/core/lib/promise/detail/promise_factory.h:210:5: warning: ‘always_inline’ function might not be inlinable unless also declared ‘inline’ [-Wattributes]
      ./src/core/lib/promise/detail/promise_factory.h:210:5: warning: ‘always_inline’ function might not be inlinable unless also declared ‘inline’ [-Wattributes]
      gcc -fno-strict-overflow -Wsign-compare -DNDEBUG -g -O3 -Wall -fPIC -D_WIN32_WINNT=1536 -DGRPC_XDS_USER_AGENT_NAME_SUFFIX=\"Python\" -DGRPC_XDS_USER_AGENT_VERSION_SUFFIX=\"1.79.0.dev0\" -DHAVE_CONFIG_H=1 -DGRPC_ENABLE_FORK_SUPPORT=1 -DGRPC_ENABLE_FORK_SUPPORT_DEFAULT=false -DGRPC_PYTHON_BUILD=1 -D__STDC_FORMAT_MACROS "-DPyMODINIT_FUNC=extern \"C\" __attribute__((visibility (\"default\"))) PyObject*" -DGRPC_POSIX_FORK_ALLOW_PTHREAD_ATFORK=1 -Isrc/python/grpcio -Iinclude -I. -Ithird_party/abseil-cpp -Ithird_party/address_sorting/include -Ithird_party/cares/cares/include -Ithird_party/cares -Ithird_party/cares/cares -Ithird_party/cares/cares/src/lib/include -Ithird_party/cares/cares/src/lib -Ithird_party/cares/config_linux -Ithird_party/re2 -Ithird_party/boringssl-with-bazel/src/include -Ithird_party/upb -Isrc/core/ext/upb-gen -Isrc/core/ext/upbdefs-gen -Ithird_party/utf8_range -Ithird_party/xxhash -Ithird_party/zlib -I/usr/local/google/home/ssreenithi/.pyenv/versions/3.12.0/envs/pyvenv_312/include -I/usr/local/google/home/ssreenithi/.pyenv/versions/3.12.0/include/python3.12 -c third_party/upb/upb/reflection/oneof_def.c -o pyb/temp.linux-x86_64-cpython-312/third_party/upb/upb/reflection/oneof_def.o -fvisibility=hidden -fno-wrapv -fno-exceptions -pthread
      gcc -fno-strict-overflow -Wsign-compare -DNDEBUG -g -O3 -Wall -fPIC -D_WIN32_WINNT=1536 -DGRPC_XDS_USER_AGENT_NAME_SUFFIX=\"Python\" -DGRPC_XDS_USER_AGENT_VERSION_SUFFIX=\"1.79.0.dev0\" -DHAVE_CONFIG_H=1 -DGRPC_ENABLE_FORK_SUPPORT=1 -DGRPC_ENABLE_FORK_SUPPORT_DEFAULT=false -DGRPC_PYTHON_BUILD=1 -D__STDC_FORMAT_MACROS "-DPyMODINIT_FUNC=extern \"C\" __attribute__((visibility (\"default\"))) PyObject*" -DGRPC_POSIX_FORK_ALLOW_PTHREAD_ATFORK=1 -Isrc/python/grpcio -Iinclude -I. -Ithird_party/abseil-cpp -Ithird_party/address_sorting/include -Ithird_party/cares/cares/include -Ithird_party/cares -Ithird_party/cares/cares -Ithird_party/cares/cares/src/lib/include -Ithird_party/cares/cares/src/lib -Ithird_party/cares/config_linux -Ithird_party/re2 -Ithird_party/boringssl-with-bazel/src/include -Ithird_party/upb -Isrc/core/ext/upb-gen -Isrc/core/ext/upbdefs-gen -Ithird_party/utf8_range -Ithird_party/xxhash -Ithird_party/zlib -I/usr/local/google/home/ssreenithi/.pyenv/versions/3.12.0/envs/pyvenv_312/include -I/usr/local/google/home/ssreenithi/.pyenv/versions/3.12.0/include/python3.12 -c third_party/zlib/infback.c -o pyb/temp.linux-x86_64-cpython-312/third_party/zlib/infback.o -fvisibility=hidden -fno-wrapv -fno-exceptions -pthread
      gcc -fno-strict-overflow -Wsign-compare -DNDEBUG -g -O3 -Wall -fPIC -D_WIN32_WINNT=1536 -DGRPC_XDS_USER_AGENT_NAME_SUFFIX=\"Python\" -DGRPC_XDS_USER_AGENT_VERSION_SUFFIX=\"1.79.0.dev0\" -DHAVE_CONFIG_H=1 -DGRPC_ENABLE_FORK_SUPPORT=1 -DGRPC_ENABLE_FORK_SUPPORT_DEFAULT=false -DGRPC_PYTHON_BUILD=1 -D__STDC_FORMAT_MACROS "-DPyMODINIT_FUNC=extern \"C\" __attribute__((visibility (\"default\"))) PyObject*" -DGRPC_POSIX_FORK_ALLOW_PTHREAD_ATFORK=1 -Isrc/python/grpcio -Iinclude -I. -Ithird_party/abseil-cpp -Ithird_party/address_sorting/include -Ithird_party/cares/cares/include -Ithird_party/cares -Ithird_party/cares/cares -Ithird_party/cares/cares/src/lib/include -Ithird_party/cares/cares/src/lib -Ithird_party/cares/config_linux -Ithird_party/re2 -Ithird_party/boringssl-with-bazel/src/include -Ithird_party/upb -Isrc/core/ext/upb-gen -Isrc/core/ext/upbdefs-gen -Ithird_party/utf8_range -Ithird_party/xxhash -Ithird_party/zlib -I/usr/local/google/home/ssreenithi/.pyenv/versions/3.12.0/envs/pyvenv_312/include -I/usr/local/google/home/ssreenithi/.pyenv/versions/3.12.0/include/python3.12 -c third_party/upb/upb/reflection/service_def.c -o pyb/temp.linux-x86_64-cpython-312/third_party/upb/upb/reflection/service_def.o -fvisibility=hidden -fno-wrapv -fno-exceptions -pthread
      gcc -fno-strict-overflow -Wsign-compare -DNDEBUG -g -O3 -Wall -fPIC -D_WIN32_WINNT=1536 -DGRPC_XDS_USER_AGENT_NAME_SUFFIX=\"Python\" -DGRPC_XDS_USER_AGENT_VERSION_SUFFIX=\"1.79.0.dev0\" -DHAVE_CONFIG_H=1 -DGRPC_ENABLE_FORK_SUPPORT=1 -DGRPC_ENABLE_FORK_SUPPORT_DEFAULT=false -DGRPC_PYTHON_BUILD=1 -D__STDC_FORMAT_MACROS "-DPyMODINIT_FUNC=extern \"C\" __attribute__((visibility (\"default\"))) PyObject*" -DGRPC_POSIX_FORK_ALLOW_PTHREAD_ATFORK=1 -Isrc/python/grpcio -Iinclude -I. -Ithird_party/abseil-cpp -Ithird_party/address_sorting/include -Ithird_party/cares/cares/include -Ithird_party/cares -Ithird_party/cares/cares -Ithird_party/cares/cares/src/lib/include -Ithird_party/cares/cares/src/lib -Ithird_party/cares/config_linux -Ithird_party/re2 -Ithird_party/boringssl-with-bazel/src/include -Ithird_party/upb -Isrc/core/ext/upb-gen -Isrc/core/ext/upbdefs-gen -Ithird_party/utf8_range -Ithird_party/xxhash -Ithird_party/zlib -I/usr/local/google/home/ssreenithi/.pyenv/versions/3.12.0/envs/pyvenv_312/include -I/usr/local/google/home/ssreenithi/.pyenv/versions/3.12.0/include/python3.12 -c third_party/cares/cares/src/lib/str/ares_buf.c -o pyb/temp.linux-x86_64-cpython-312/third_party/cares/cares/src/lib/str/ares_buf.o -fvisibility=hidden -fno-wrapv -fno-exceptions -pthread
      gcc -fno-strict-overflow -Wsign-compare -DNDEBUG -g -O3 -Wall -fPIC -D_WIN32_WINNT=1536 -DGRPC_XDS_USER_AGENT_NAME_SUFFIX=\"Python\" -DGRPC_XDS_USER_AGENT_VERSION_SUFFIX=\"1.79.0.dev0\" -DHAVE_CONFIG_H=1 -DGRPC_ENABLE_FORK_SUPPORT=1 -DGRPC_ENABLE_FORK_SUPPORT_DEFAULT=false -DGRPC_PYTHON_BUILD=1 -D__STDC_FORMAT_MACROS "-DPyMODINIT_FUNC=extern \"C\" __attribute__((visibility (\"default\"))) PyObject*" -DGRPC_POSIX_FORK_ALLOW_PTHREAD_ATFORK=1 -Isrc/python/grpcio -Iinclude -I. -Ithird_party/abseil-cpp -Ithird_party/address_sorting/include -Ithird_party/cares/cares/include -Ithird_party/cares -Ithird_party/cares/cares -Ithird_party/cares/cares/src/lib/include -Ithird_party/cares/cares/src/lib -Ithird_party/cares/config_linux -Ithird_party/re2 -Ithird_party/boringssl-with-bazel/src/include -Ithird_party/upb -Isrc/core/ext/upb-gen -Isrc/core/ext/upbdefs-gen -Ithird_party/utf8_range -Ithird_party/xxhash -Ithird_party/zlib -I/usr/local/google/home/ssreenithi/.pyenv/versions/3.12.0/envs/pyvenv_312/include -I/usr/local/google/home/ssreenithi/.pyenv/versions/3.12.0/include/python3.12 -c third_party/upb/upb/reflection/internal/def_builder.c -o pyb/temp.linux-x86_64-cpython-312/third_party/upb/upb/reflection/internal/def_builder.o -fvisibility=hidden -fno-wrapv -fno-exceptions -pthread
      g++ -fno-strict-overflow -Wsign-compare -DNDEBUG -g -O3 -Wall -fPIC -D_WIN32_WINNT=1536 -DGRPC_XDS_USER_AGENT_NAME_SUFFIX=\"Python\" -DGRPC_XDS_USER_AGENT_VERSION_SUFFIX=\"1.79.0.dev0\" -DHAVE_CONFIG_H=1 -DGRPC_ENABLE_FORK_SUPPORT=1 -DGRPC_ENABLE_FORK_SUPPORT_DEFAULT=false -DGRPC_PYTHON_BUILD=1 -D__STDC_FORMAT_MACROS "-DPyMODINIT_FUNC=extern \"C\" __attribute__((visibility (\"default\"))) PyObject*" -DGRPC_POSIX_FORK_ALLOW_PTHREAD_ATFORK=1 -Isrc/python/grpcio -Iinclude -I. -Ithird_party/abseil-cpp -Ithird_party/address_sorting/include -Ithird_party/cares/cares/include -Ithird_party/cares -Ithird_party/cares/cares -Ithird_party/cares/cares/src/lib/include -Ithird_party/cares/cares/src/lib -Ithird_party/cares/config_linux -Ithird_party/re2 -Ithird_party/boringssl-with-bazel/src/include -Ithird_party/upb -Isrc/core/ext/upb-gen -Isrc/core/ext/upbdefs-gen -Ithird_party/utf8_range -Ithird_party/xxhash -Ithird_party/zlib -I/usr/local/google/home/ssreenithi/.pyenv/versions/3.12.0/envs/pyvenv_312/include -I/usr/local/google/home/ssreenithi/.pyenv/versions/3.12.0/include/python3.12 -c third_party/boringssl-with-bazel/src/ssl/ssl_key_share.cc -o pyb/temp.linux-x86_64-cpython-312/third_party/boringssl-with-bazel/src/ssl/ssl_key_share.o -std=c++17 -fvisibility=hidden -fno-wrapv -fno-exceptions -pthread
      In constructor ‘grpc_core::filters_detail::OperationExecutor<T>::OperationExecutor(grpc_core::filters_detail::OperationExecutor<T>&&) [with T = std::unique_ptr<grpc_metadata_batch, grpc_core::Arena::PooledDeleter>]’,
          inlined from ‘grpc_core::CallFilters::MetadataExecutor<std::optional<std::unique_ptr<grpc_metadata_batch, grpc_core::Arena::PooledDeleter> >, std::unique_ptr<grpc_metadata_batch, grpc_core::Arena::PooledDeleter>, &grpc_core::CallFilters::push_server_initial_metadata_, &grpc_core::filters_detail::StackData::server_initial_metadata, &grpc_core::CallState::FinishPullServerInitialMetadata, std::reverse_iterator<const grpc_core::CallFilters::AddedStack*> >::MetadataExecutor(grpc_core::CallFilters::MetadataExecutor<std::optional<std::unique_ptr<grpc_metadata_batch, grpc_core::Arena::PooledDeleter> >, std::unique_ptr<grpc_metadata_batch, grpc_core::Arena::PooledDeleter>, &grpc_core::CallFilters::push_server_initial_metadata_, &grpc_core::filters_detail::StackData::server_initial_metadata, &grpc_core::CallState::FinishPullServerInitialMetadata, std::reverse_iterator<const grpc_core::CallFilters::AddedStack*> >&&)’ at ./src/core/call/call_filters.h:1828:9,
          inlined from ‘grpc_core::promise_detail::PromiseLike<F, typename std::enable_if<(! std::is_void<typename std::invoke_result<Releaser>::type>::value), void>::type>::PromiseLike(F&&) [with F = grpc_core::CallFilters::MetadataExecutor<std::optional<std::unique_ptr<grpc_metadata_batch, grpc_core::Arena::PooledDeleter> >, std::unique_ptr<grpc_metadata_batch, grpc_core::Arena::PooledDeleter>, &grpc_core::CallFilters::push_server_initial_metadata_, &grpc_core::filters_detail::StackData::server_initial_metadata, &grpc_core::CallState::FinishPullServerInitialMetadata, std::reverse_iterator<const grpc_core::CallFilters::AddedStack*> >]’ at ./src/core/lib/promise/detail/promise_like.h:214:9,
          inlined from ‘grpc_core::Map<Promise, Fn>::Map(Promise, Fn) [with Promise = grpc_core::CallFilters::MetadataExecutor<std::optional<std::unique_ptr<grpc_metadata_batch, grpc_core::Arena::PooledDeleter> >, std::unique_ptr<grpc_metadata_batch, grpc_core::Arena::PooledDeleter>, &grpc_core::CallFilters::push_server_initial_metadata_, &grpc_core::filters_detail::StackData::server_initial_metadata, &grpc_core::CallState::FinishPullServerInitialMetadata, std::reverse_iterator<const grpc_core::CallFilters::AddedStack*> >; Fn = grpc_core::CallFilters::PullServerInitialMetadata()::<lambda(bool)>::<lambda()>::<lambda(grpc_core::ValueOrFailure<std::optional<std::unique_ptr<grpc_metadata_batch, grpc_core::Arena::PooledDeleter> > >)>]’ at ./src/core/lib/promise/map.h:139:9,
          inlined from ‘grpc_core::CallFilters::PullServerInitialMetadata()::<lambda(bool)>::<lambda()>’ at ./src/core/call/call_filters.h:1981:22,
          inlined from ‘std::enable_if_t<((bool)grpc_core::promise_detail::IsVoidCallable<typename grpc_core::promise_detail::ResultOfT<F(), void>::T>::value), grpc_core::promise_detail::PromiseLike<decltype (declval<F>()())> > grpc_core::promise_detail::PromiseFactoryImpl(Token, F&&) [with Token = OnceToken; F = grpc_core::CallFilters::PullServerInitialMetadata()::<lambda(bool)>::<lambda()>]’ at ./src/core/lib/promise/detail/promise_factory.h:211:11,
          inlined from ‘grpc_core::promise_detail::OncePromiseFactory<void, F>::Promise grpc_core::promise_detail::OncePromiseFactory<void, F>::Make() [with F = grpc_core::CallFilters::PullServerInitialMetadata()::<lambda(bool)>::<lambda()>]’ at ./src/core/lib/promise/detail/promise_factory.h:250:57,
          inlined from ‘grpc_core::If<bool, T, F>::If(bool, T, F) [with T = grpc_core::CallFilters::PullServerInitialMetadata()::<lambda(bool)>::<lambda()>; F = grpc_core::CallFilters::PullServerInitialMetadata()::<lambda(bool)>::<lambda()>]’ at ./src/core/lib/promise/if.h:181:45,
          inlined from ‘grpc_core::CallFilters::PullServerInitialMetadata()::<lambda(bool)>’ at ./src/core/call/call_filters.h:1985:16,
          inlined from ‘std::enable_if_t<((bool)grpc_core::promise_detail::IsVoidCallable<typename grpc_core::promise_detail::ResultOfT<F(A), void>::T>::value), grpc_core::promise_detail::PromiseLike<decltype (declval<F>()(declval<A>()))> > grpc_core::promise_detail::PromiseFactoryImpl(Token, F&&, A&&) [with Token = OnceToken; A = bool; F = grpc_core::CallFilters::PullServerInitialMetadata()::<lambda(bool)>]’ at ./src/core/lib/promise/detail/promise_factory.h:183:11,
          inlined from ‘grpc_core::promise_detail::OncePromiseFactory<A, F>::Promise grpc_core::promise_detail::OncePromiseFactory<A, F>::Make(Arg&&) [with A = bool; F = grpc_core::CallFilters::PullServerInitialMetadata()::<lambda(bool)>]’ at ./src/core/lib/promise/detail/promise_factory.h:232:79,
          inlined from ‘static auto grpc_core::promise_detail::SeqTraits<T>::CallFactory(Next*, T&&) [with Next = grpc_core::promise_detail::OncePromiseFactory<bool, grpc_core::CallFilters::PullServerInitialMetadata()::<lambda(bool)> >; T = bool]’ at ./src/core/lib/promise/seq.h:81:45,
          inlined from ‘grpc_core::Poll<typename Traits<typename grpc_core::promise_detail::OncePromiseFactory<typename Traits<typename grpc_core::promise_detail::PromiseLike<F>::Result>::UnwrappedType, F0>::Promise::Result>::WrappedType> grpc_core::promise_detail::SeqState<Traits, P, F0>::PollOnce() [with Traits = grpc_core::promise_detail::SeqTraits; P = grpc_core::CallFilters::PullServerInitialMetadata()::<lambda()>; F0 = grpc_core::CallFilters::PullServerInitialMetadata()::<lambda(bool)>]’ at ./src/core/lib/promise/detail/seq_state.h:185:14,
          inlined from ‘auto grpc_core::promise_detail::Seq<P, Fs>::operator()() [with P = grpc_core::CallFilters::PullServerInitialMetadata()::<lambda()>; Fs = {grpc_core::CallFilters::PullServerInitialMetadata()::<lambda(bool)>}]’ at ./src/core/lib/promise/seq.h:108:28,
          inlined from ‘grpc_core::promise_detail::PromiseLike<F, typename std::enable_if<(! std::is_void<typename std::invoke_result<Releaser>::type>::value), void>::type>::WrappedResult grpc_core::promise_detail::PromiseLike<F, typename std::enable_if<(! std::is_void<typename std::invoke_result<Releaser>::type>::value), void>::type>::operator()() [with F = grpc_core::promise_detail::Seq<grpc_core::CallFilters::PullServerInitialMetadata()::<lambda()>, grpc_core::CallFilters::PullServerInitialMetadata()::<lambda(bool)> >]’ at ./src/core/lib/promise/detail/promise_like.h:216:25,
          inlined from ‘grpc_core::Poll<typename grpc_core::promise_detail::WrappedFn<Fn, typename grpc_core::promise_detail::PromiseLike<F>::Result>::Result> grpc_core::Map<Promise, Fn>::operator()() [with Promise = grpc_core::promise_detail::Seq<grpc_core::CallFilters::PullServerInitialMetadata()::<lambda()>, grpc_core::CallFilters::PullServerInitialMetadata()::<lambda(bool)> >; Fn = grpc_core::ClientCall::CommitBatch(const grpc_op*, size_t, void*, bool)::<lambda(const grpc_op&)>::<lambda()>::<lambda(grpc_core::ValueOrFailure<std::optional<std::unique_ptr<grpc_metadata_batch, grpc_core::Arena::PooledDeleter> > >)>]’ at ./src/core/lib/promise/map.h:152:25,
          inlined from ‘grpc_core::promise_detail::PromiseLike<F, typename std::enable_if<(! std::is_void<typename std::invoke_result<Releaser>::type>::value), void>::type>::WrappedResult grpc_core::promise_detail::PromiseLike<F, typename std::enable_if<(! std::is_void<typename std::invoke_result<Releaser>::type>::value), void>::type>::operator()() [with F = grpc_core::Map<grpc_core::promise_detail::Seq<grpc_core::CallFilters::PullServerInitialMetadata()::<lambda()>, grpc_core::CallFilters::PullServerInitialMetadata()::<lambda(bool)> >, grpc_core::ClientCall::CommitBatch(const grpc_op*, size_t, void*, bool)::<lambda(const grpc_op&)>::<lambda()>::<lambda(grpc_core::ValueOrFailure<std::optional<std::unique_ptr<grpc_metadata_batch, grpc_core::Arena::PooledDeleter> > >)> >]’ at ./src/core/lib/promise/detail/promise_like.h:216:25,
          inlined from ‘grpc_core::Poll<grpc_core::StatusFlag> grpc_core::OpHandlerImpl<SetupResult, kOp>::operator()() [with SetupResult = grpc_core::ClientCall::CommitBatch(const grpc_op*, size_t, void*, bool)::<lambda(const grpc_op&)>::<lambda()>; grpc_op_type kOp = GRPC_OP_RECV_INITIAL_METADATA]’ at ./src/core/lib/surface/call_utils.h:234:48:
      ./src/core/call/call_filters.h:1424:20: warning: ‘<unnamed>.grpc_core::CallFilters::MetadataExecutor<std::optional<std::unique_ptr<grpc_metadata_batch, grpc_core::Arena::PooledDeleter> >, std::unique_ptr<grpc_metadata_batch, grpc_core::Arena::PooledDeleter>, grpc_core::CallFilters::push_server_initial_metadata_, grpc_core::filters_detail::StackData::server_initial_metadata, grpc_core::CallState::FinishPullServerInitialMetadata, std::reverse_iterator<const grpc_core::CallFilters::AddedStack*> >::executor_.grpc_core::filters_detail::OperationExecutor<std::unique_ptr<grpc_metadata_batch, grpc_core::Arena::PooledDeleter> >::ops_’ may be used uninitialized [-Wmaybe-uninitialized]
       1424 |       : ops_(other.ops_), end_ops_(other.end_ops_) {
            |              ~~~~~~^~~~
      ./src/core/call/call_filters.h: In member function ‘grpc_core::Poll<grpc_core::StatusFlag> grpc_core::OpHandlerImpl<SetupResult, kOp>::operator()() [with SetupResult = grpc_core::ClientCall::CommitBatch(const grpc_op*, size_t, void*, bool)::<lambda(const grpc_op&)>::<lambda()>; grpc_op_type kOp = GRPC_OP_RECV_INITIAL_METADATA]’:
      ./src/core/call/call_filters.h:1977:65: note: ‘<anonymous>’ declared here
       1977 |                         this, stacks_.crbegin(), stacks_.crend()),
            |                                                                 ^
      In constructor ‘grpc_core::filters_detail::OperationExecutor<T>::OperationExecutor(grpc_core::filters_detail::OperationExecutor<T>&&) [with T = std::unique_ptr<grpc_metadata_batch, grpc_core::Arena::PooledDeleter>]’,
          inlined from ‘grpc_core::CallFilters::MetadataExecutor<std::optional<std::unique_ptr<grpc_metadata_batch, grpc_core::Arena::PooledDeleter> >, std::unique_ptr<grpc_metadata_batch, grpc_core::Arena::PooledDeleter>, &grpc_core::CallFilters::push_server_initial_metadata_, &grpc_core::filters_detail::StackData::server_initial_metadata, &grpc_core::CallState::FinishPullServerInitialMetadata, std::reverse_iterator<const grpc_core::CallFilters::AddedStack*> >::MetadataExecutor(grpc_core::CallFilters::MetadataExecutor<std::optional<std::unique_ptr<grpc_metadata_batch, grpc_core::Arena::PooledDeleter> >, std::unique_ptr<grpc_metadata_batch, grpc_core::Arena::PooledDeleter>, &grpc_core::CallFilters::push_server_initial_metadata_, &grpc_core::filters_detail::StackData::server_initial_metadata, &grpc_core::CallState::FinishPullServerInitialMetadata, std::reverse_iterator<const grpc_core::CallFilters::AddedStack*> >&&)’ at ./src/core/call/call_filters.h:1828:9,
          inlined from ‘grpc_core::promise_detail::PromiseLike<F, typename std::enable_if<(! std::is_void<typename std::invoke_result<Releaser>::type>::value), void>::type>::PromiseLike(F&&) [with F = grpc_core::CallFilters::MetadataExecutor<std::optional<std::unique_ptr<grpc_metadata_batch, grpc_core::Arena::PooledDeleter> >, std::unique_ptr<grpc_metadata_batch, grpc_core::Arena::PooledDeleter>, &grpc_core::CallFilters::push_server_initial_metadata_, &grpc_core::filters_detail::StackData::server_initial_metadata, &grpc_core::CallState::FinishPullServerInitialMetadata, std::reverse_iterator<const grpc_core::CallFilters::AddedStack*> >]’ at ./src/core/lib/promise/detail/promise_like.h:214:9,
          inlined from ‘grpc_core::Map<Promise, Fn>::Map(Promise, Fn) [with Promise = grpc_core::CallFilters::MetadataExecutor<std::optional<std::unique_ptr<grpc_metadata_batch, grpc_core::Arena::PooledDeleter> >, std::unique_ptr<grpc_metadata_batch, grpc_core::Arena::PooledDeleter>, &grpc_core::CallFilters::push_server_initial_metadata_, &grpc_core::filters_detail::StackData::server_initial_metadata, &grpc_core::CallState::FinishPullServerInitialMetadata, std::reverse_iterator<const grpc_core::CallFilters::AddedStack*> >; Fn = grpc_core::CallFilters::PullServerInitialMetadata()::<lambda(bool)>::<lambda()>::<lambda(grpc_core::ValueOrFailure<std::optional<std::unique_ptr<grpc_metadata_batch, grpc_core::Arena::PooledDeleter> > >)>]’ at ./src/core/lib/promise/map.h:139:9,
          inlined from ‘grpc_core::CallFilters::PullServerInitialMetadata()::<lambda(bool)>::<lambda()>’ at ./src/core/call/call_filters.h:1981:22,
          inlined from ‘std::enable_if_t<((bool)grpc_core::promise_detail::IsVoidCallable<typename grpc_core::promise_detail::ResultOfT<F(), void>::T>::value), grpc_core::promise_detail::PromiseLike<decltype (declval<F>()())> > grpc_core::promise_detail::PromiseFactoryImpl(Token, F&&) [with Token = OnceToken; F = grpc_core::CallFilters::PullServerInitialMetadata()::<lambda(bool)>::<lambda()>]’ at ./src/core/lib/promise/detail/promise_factory.h:211:11,
          inlined from ‘grpc_core::promise_detail::OncePromiseFactory<void, F>::Promise grpc_core::promise_detail::OncePromiseFactory<void, F>::Make() [with F = grpc_core::CallFilters::PullServerInitialMetadata()::<lambda(bool)>::<lambda()>]’ at ./src/core/lib/promise/detail/promise_factory.h:250:57,
          inlined from ‘grpc_core::If<bool, T, F>::If(bool, T, F) [with T = grpc_core::CallFilters::PullServerInitialMetadata()::<lambda(bool)>::<lambda()>; F = grpc_core::CallFilters::PullServerInitialMetadata()::<lambda(bool)>::<lambda()>]’ at ./src/core/lib/promise/if.h:181:45,
          inlined from ‘grpc_core::CallFilters::PullServerInitialMetadata()::<lambda(bool)>’ at ./src/core/call/call_filters.h:1985:16,
          inlined from ‘std::enable_if_t<((bool)grpc_core::promise_detail::IsVoidCallable<typename grpc_core::promise_detail::ResultOfT<F(A), void>::T>::value), grpc_core::promise_detail::PromiseLike<decltype (declval<F>()(declval<A>()))> > grpc_core::promise_detail::PromiseFactoryImpl(Token, F&&, A&&) [with Token = OnceToken; A = bool; F = grpc_core::CallFilters::PullServerInitialMetadata()::<lambda(bool)>]’ at ./src/core/lib/promise/detail/promise_factory.h:183:11,
          inlined from ‘grpc_core::promise_detail::OncePromiseFactory<A, F>::Promise grpc_core::promise_detail::OncePromiseFactory<A, F>::Make(Arg&&) [with A = bool; F = grpc_core::CallFilters::PullServerInitialMetadata()::<lambda(bool)>]’ at ./src/core/lib/promise/detail/promise_factory.h:232:79,
          inlined from ‘static auto grpc_core::promise_detail::SeqTraits<T>::CallFactory(Next*, T&&) [with Next = grpc_core::promise_detail::OncePromiseFactory<bool, grpc_core::CallFilters::PullServerInitialMetadata()::<lambda(bool)> >; T = bool]’ at ./src/core/lib/promise/seq.h:81:45,
          inlined from ‘grpc_core::Poll<typename Traits<typename grpc_core::promise_detail::OncePromiseFactory<typename Traits<typename grpc_core::promise_detail::PromiseLike<F>::Result>::UnwrappedType, F0>::Promise::Result>::WrappedType> grpc_core::promise_detail::SeqState<Traits, P, F0>::PollOnce() [with Traits = grpc_core::promise_detail::SeqTraits; P = grpc_core::CallFilters::PullServerInitialMetadata()::<lambda()>; F0 = grpc_core::CallFilters::PullServerInitialMetadata()::<lambda(bool)>]’ at ./src/core/lib/promise/detail/seq_state.h:185:14,
          inlined from ‘auto grpc_core::promise_detail::Seq<P, Fs>::operator()() [with P = grpc_core::CallFilters::PullServerInitialMetadata()::<lambda()>; Fs = {grpc_core::CallFilters::PullServerInitialMetadata()::<lambda(bool)>}]’ at ./src/core/lib/promise/seq.h:108:28,
          inlined from ‘grpc_core::promise_detail::PromiseLike<F, typename std::enable_if<(! std::is_void<typename std::invoke_result<Releaser>::type>::value), void>::type>::WrappedResult grpc_core::promise_detail::PromiseLike<F, typename std::enable_if<(! std::is_void<typename std::invoke_result<Releaser>::type>::value), void>::type>::operator()() [with F = grpc_core::promise_detail::Seq<grpc_core::CallFilters::PullServerInitialMetadata()::<lambda()>, grpc_core::CallFilters::PullServerInitialMetadata()::<lambda(bool)> >]’ at ./src/core/lib/promise/detail/promise_like.h:216:25,
          inlined from ‘grpc_core::Poll<typename grpc_core::promise_detail::WrappedFn<Fn, typename grpc_core::promise_detail::PromiseLike<F>::Result>::Result> grpc_core::Map<Promise, Fn>::operator()() [with Promise = grpc_core::promise_detail::Seq<grpc_core::CallFilters::PullServerInitialMetadata()::<lambda()>, grpc_core::CallFilters::PullServerInitialMetadata()::<lambda(bool)> >; Fn = grpc_core::ClientCall::CommitBatch(const grpc_op*, size_t, void*, bool)::<lambda(const grpc_op&)>::<lambda()>::<lambda(grpc_core::ValueOrFailure<std::optional<std::unique_ptr<grpc_metadata_batch, grpc_core::Arena::PooledDeleter> > >)>]’ at ./src/core/lib/promise/map.h:152:25,
          inlined from ‘grpc_core::promise_detail::PromiseLike<F, typename std::enable_if<(! std::is_void<typename std::invoke_result<Releaser>::type>::value), void>::type>::WrappedResult grpc_core::promise_detail::PromiseLike<F, typename std::enable_if<(! std::is_void<typename std::invoke_result<Releaser>::type>::value), void>::type>::operator()() [with F = grpc_core::Map<grpc_core::promise_detail::Seq<grpc_core::CallFilters::PullServerInitialMetadata()::<lambda()>, grpc_core::CallFilters::PullServerInitialMetadata()::<lambda(bool)> >, grpc_core::ClientCall::CommitBatch(const grpc_op*, size_t, void*, bool)::<lambda(const grpc_op&)>::<lambda()>::<lambda(grpc_core::ValueOrFailure<std::optional<std::unique_ptr<grpc_metadata_batch, grpc_core::Arena::PooledDeleter> > >)> >]’ at ./src/core/lib/promise/detail/promise_like.h:216:25,
          inlined from ‘grpc_core::Poll<grpc_core::StatusFlag> grpc_core::OpHandlerImpl<SetupResult, kOp>::operator()() [with SetupResult = grpc_core::ClientCall::CommitBatch(const grpc_op*, size_t, void*, bool)::<lambda(const grpc_op&)>::<lambda()>; grpc_op_type kOp = GRPC_OP_RECV_INITIAL_METADATA]’ at ./src/core/lib/surface/call_utils.h:234:48:
      ./src/core/call/call_filters.h:1424:42: warning: ‘<unnamed>.grpc_core::CallFilters::MetadataExecutor<std::optional<std::unique_ptr<grpc_metadata_batch, grpc_core::Arena::PooledDeleter> >, std::unique_ptr<grpc_metadata_batch, grpc_core::Arena::PooledDeleter>, grpc_core::CallFilters::push_server_initial_metadata_, grpc_core::filters_detail::StackData::server_initial_metadata, grpc_core::CallState::FinishPullServerInitialMetadata, std::reverse_iterator<const grpc_core::CallFilters::AddedStack*> >::executor_.grpc_core::filters_detail::OperationExecutor<std::unique_ptr<grpc_metadata_batch, grpc_core::Arena::PooledDeleter> >::end_ops_’ may be used uninitialized [-Wmaybe-uninitialized]
       1424 |       : ops_(other.ops_), end_ops_(other.end_ops_) {
            |                                    ~~~~~~^~~~~~~~
      ./src/core/call/call_filters.h: In member function ‘grpc_core::Poll<grpc_core::StatusFlag> grpc_core::OpHandlerImpl<SetupResult, kOp>::operator()() [with SetupResult = grpc_core::ClientCall::CommitBatch(const grpc_op*, size_t, void*, bool)::<lambda(const grpc_op&)>::<lambda()>; grpc_op_type kOp = GRPC_OP_RECV_INITIAL_METADATA]’:
      ./src/core/call/call_filters.h:1977:65: note: ‘<anonymous>’ declared here
       1977 |                         this, stacks_.crbegin(), stacks_.crend()),
            |                                                                 ^
      In member function ‘grpc_core::Poll<bool> grpc_core::CallState::PollPullServerInitialMetadataAvailable()’,
          inlined from ‘grpc_core::CallFilters::PullServerInitialMetadata()::<lambda()>’ at ./src/core/call/call_filters.h:1963:69,
          inlined from ‘grpc_core::promise_detail::PromiseLike<F, typename std::enable_if<(! std::is_void<typename std::invoke_result<Releaser>::type>::value), void>::type>::WrappedResult grpc_core::promise_detail::PromiseLike<F, typename std::enable_if<(! std::is_void<typename std::invoke_result<Releaser>::type>::value), void>::type>::operator()() [with F = grpc_core::CallFilters::PullServerInitialMetadata()::<lambda()>]’ at ./src/core/lib/promise/detail/promise_like.h:216:25,
          inlined from ‘grpc_core::Poll<typename Traits<typename grpc_core::promise_detail::OncePromiseFactory<typename Traits<typename grpc_core::promise_detail::PromiseLike<F>::Result>::UnwrappedType, F0>::Promise::Result>::WrappedType> grpc_core::promise_detail::SeqState<Traits, P, F0>::PollOnce() [with Traits = grpc_core::promise_detail::SeqTraits; P = grpc_core::CallFilters::PullServerInitialMetadata()::<lambda()>; F0 = grpc_core::CallFilters::PullServerInitialMetadata()::<lambda(bool)>]’ at ./src/core/lib/promise/detail/seq_state.h:167:14,
          inlined from ‘auto grpc_core::promise_detail::Seq<P, Fs>::operator()() [with P = grpc_core::CallFilters::PullServerInitialMetadata()::<lambda()>; Fs = {grpc_core::CallFilters::PullServerInitialMetadata()::<lambda(bool)>}]’ at ./src/core/lib/promise/seq.h:108:28,
          inlined from ‘grpc_core::promise_detail::PromiseLike<F, typename std::enable_if<(! std::is_void<typename std::invoke_result<Releaser>::type>::value), void>::type>::WrappedResult grpc_core::promise_detail::PromiseLike<F, typename std::enable_if<(! std::is_void<typename std::invoke_result<Releaser>::type>::value), void>::type>::operator()() [with F = grpc_core::promise_detail::Seq<grpc_core::CallFilters::PullServerInitialMetadata()::<lambda()>, grpc_core::CallFilters::PullServerInitialMetadata()::<lambda(bool)> >]’ at ./src/core/lib/promise/detail/promise_like.h:216:25,
          inlined from ‘grpc_core::Poll<typename grpc_core::promise_detail::WrappedFn<Fn, typename grpc_core::promise_detail::PromiseLike<F>::Result>::Result> grpc_core::Map<Promise, Fn>::operator()() [with Promise = grpc_core::promise_detail::Seq<grpc_core::CallFilters::PullServerInitialMetadata()::<lambda()>, grpc_core::CallFilters::PullServerInitialMetadata()::<lambda(bool)> >; Fn = grpc_core::ClientCall::CommitBatch(const grpc_op*, size_t, void*, bool)::<lambda(const grpc_op&)>::<lambda()>::<lambda(grpc_core::ValueOrFailure<std::optional<std::unique_ptr<grpc_metadata_batch, grpc_core::Arena::PooledDeleter> > >)>]’ at ./src/core/lib/promise/map.h:152:25,
          inlined from ‘grpc_core::promise_detail::PromiseLike<F, typename std::enable_if<(! std::is_void<typename std::invoke_result<Releaser>::type>::value), void>::type>::WrappedResult grpc_core::promise_detail::PromiseLike<F, typename std::enable_if<(! std::is_void<typename std::invoke_result<Releaser>::type>::value), void>::type>::operator()() [with F = grpc_core::Map<grpc_core::promise_detail::Seq<grpc_core::CallFilters::PullServerInitialMetadata()::<lambda()>, grpc_core::CallFilters::PullServerInitialMetadata()::<lambda(bool)> >, grpc_core::ClientCall::CommitBatch(const grpc_op*, size_t, void*, bool)::<lambda(const grpc_op&)>::<lambda()>::<lambda(grpc_core::ValueOrFailure<std::optional<std::unique_ptr<grpc_metadata_batch, grpc_core::Arena::PooledDeleter> > >)> >]’ at ./src/core/lib/promise/detail/promise_like.h:216:25,
          inlined from ‘grpc_core::Poll<grpc_core::StatusFlag> grpc_core::OpHandlerImpl<SetupResult, kOp>::operator()() [with SetupResult = grpc_core::ClientCall::CommitBatch(const grpc_op*, size_t, void*, bool)::<lambda(const grpc_op&)>::<lambda()>; grpc_op_type kOp = GRPC_OP_RECV_INITIAL_METADATA]’ at ./src/core/lib/surface/call_utils.h:234:48:
      ./src/core/call/call_state.h:798:15: warning: ‘reading’ may be used uninitialized [-Wmaybe-uninitialized]
        797 |           reading
            |           ~~~~~~~
        798 |               ? ServerToClientPullState::kProcessingServerInitialMetadataReading
            |               ^~~~~~~~~~~~~~~~~~~~~~~~~~~~~~~~~~~~~~~~~~~~~~~~~~~~~~~~~~~~~~~~~~
        799 |               : ServerToClientPullState::kProcessingServerInitialMetadata;
            |               ~~~~~~~~~~~~~~~~~~~~~~~~~~~~~~~~~~~~~~~~~~~~~~~~~~~~~~~~~~~
      ./src/core/call/call_state.h: In member function ‘grpc_core::Poll<grpc_core::StatusFlag> grpc_core::OpHandlerImpl<SetupResult, kOp>::operator()() [with SetupResult = grpc_core::ClientCall::CommitBatch(const grpc_op*, size_t, void*, bool)::<lambda(const grpc_op&)>::<lambda()>; grpc_op_type kOp = GRPC_OP_RECV_INITIAL_METADATA]’:
      ./src/core/call/call_state.h:751:8: note: ‘reading’ was declared here
        751 |   bool reading;
            |        ^~~~~~~
      gcc -fno-strict-overflow -Wsign-compare -DNDEBUG -g -O3 -Wall -fPIC -D_WIN32_WINNT=1536 -DGRPC_XDS_USER_AGENT_NAME_SUFFIX=\"Python\" -DGRPC_XDS_USER_AGENT_VERSION_SUFFIX=\"1.79.0.dev0\" -DHAVE_CONFIG_H=1 -DGRPC_ENABLE_FORK_SUPPORT=1 -DGRPC_ENABLE_FORK_SUPPORT_DEFAULT=false -DGRPC_PYTHON_BUILD=1 -D__STDC_FORMAT_MACROS "-DPyMODINIT_FUNC=extern \"C\" __attribute__((visibility (\"default\"))) PyObject*" -DGRPC_POSIX_FORK_ALLOW_PTHREAD_ATFORK=1 -Isrc/python/grpcio -Iinclude -I. -Ithird_party/abseil-cpp -Ithird_party/address_sorting/include -Ithird_party/cares/cares/include -Ithird_party/cares -Ithird_party/cares/cares -Ithird_party/cares/cares/src/lib/include -Ithird_party/cares/cares/src/lib -Ithird_party/cares/config_linux -Ithird_party/re2 -Ithird_party/boringssl-with-bazel/src/include -Ithird_party/upb -Isrc/core/ext/upb-gen -Isrc/core/ext/upbdefs-gen -Ithird_party/utf8_range -Ithird_party/xxhash -Ithird_party/zlib -I/usr/local/google/home/ssreenithi/.pyenv/versions/3.12.0/envs/pyvenv_312/include -I/usr/local/google/home/ssreenithi/.pyenv/versions/3.12.0/include/python3.12 -c third_party/upb/upb/json/encode.c -o pyb/temp.linux-x86_64-cpython-312/third_party/upb/upb/json/encode.o -fvisibility=hidden -fno-wrapv -fno-exceptions -pthread
      gcc -fno-strict-overflow -Wsign-compare -DNDEBUG -g -O3 -Wall -fPIC -D_WIN32_WINNT=1536 -DGRPC_XDS_USER_AGENT_NAME_SUFFIX=\"Python\" -DGRPC_XDS_USER_AGENT_VERSION_SUFFIX=\"1.79.0.dev0\" -DHAVE_CONFIG_H=1 -DGRPC_ENABLE_FORK_SUPPORT=1 -DGRPC_ENABLE_FORK_SUPPORT_DEFAULT=false -DGRPC_PYTHON_BUILD=1 -D__STDC_FORMAT_MACROS "-DPyMODINIT_FUNC=extern \"C\" __attribute__((visibility (\"default\"))) PyObject*" -DGRPC_POSIX_FORK_ALLOW_PTHREAD_ATFORK=1 -Isrc/python/grpcio -Iinclude -I. -Ithird_party/abseil-cpp -Ithird_party/address_sorting/include -Ithird_party/cares/cares/include -Ithird_party/cares -Ithird_party/cares/cares -Ithird_party/cares/cares/src/lib/include -Ithird_party/cares/cares/src/lib -Ithird_party/cares/config_linux -Ithird_party/re2 -Ithird_party/boringssl-with-bazel/src/include -Ithird_party/upb -Isrc/core/ext/upb-gen -Isrc/core/ext/upbdefs-gen -Ithird_party/utf8_range -Ithird_party/xxhash -Ithird_party/zlib -I/usr/local/google/home/ssreenithi/.pyenv/versions/3.12.0/envs/pyvenv_312/include -I/usr/local/google/home/ssreenithi/.pyenv/versions/3.12.0/include/python3.12 -c third_party/upb/upb/text/encode.c -o pyb/temp.linux-x86_64-cpython-312/third_party/upb/upb/text/encode.o -fvisibility=hidden -fno-wrapv -fno-exceptions -pthread
      g++ -fno-strict-overflow -Wsign-compare -DNDEBUG -g -O3 -Wall -fPIC -D_WIN32_WINNT=1536 -DGRPC_XDS_USER_AGENT_NAME_SUFFIX=\"Python\" -DGRPC_XDS_USER_AGENT_VERSION_SUFFIX=\"1.79.0.dev0\" -DHAVE_CONFIG_H=1 -DGRPC_ENABLE_FORK_SUPPORT=1 -DGRPC_ENABLE_FORK_SUPPORT_DEFAULT=false -DGRPC_PYTHON_BUILD=1 -D__STDC_FORMAT_MACROS "-DPyMODINIT_FUNC=extern \"C\" __attribute__((visibility (\"default\"))) PyObject*" -DGRPC_POSIX_FORK_ALLOW_PTHREAD_ATFORK=1 -Isrc/python/grpcio -Iinclude -I. -Ithird_party/abseil-cpp -Ithird_party/address_sorting/include -Ithird_party/cares/cares/include -Ithird_party/cares -Ithird_party/cares/cares -Ithird_party/cares/cares/src/lib/include -Ithird_party/cares/cares/src/lib -Ithird_party/cares/config_linux -Ithird_party/re2 -Ithird_party/boringssl-with-bazel/src/include -Ithird_party/upb -Isrc/core/ext/upb-gen -Isrc/core/ext/upbdefs-gen -Ithird_party/utf8_range -Ithird_party/xxhash -Ithird_party/zlib -I/usr/local/google/home/ssreenithi/.pyenv/versions/3.12.0/envs/pyvenv_312/include -I/usr/local/google/home/ssreenithi/.pyenv/versions/3.12.0/include/python3.12 -c third_party/boringssl-with-bazel/src/crypto/curve25519/spake25519.cc -o pyb/temp.linux-x86_64-cpython-312/third_party/boringssl-with-bazel/src/crypto/curve25519/spake25519.o -std=c++17 -fvisibility=hidden -fno-wrapv -fno-exceptions -pthread
      g++ -fno-strict-overflow -Wsign-compare -DNDEBUG -g -O3 -Wall -fPIC -D_WIN32_WINNT=1536 -DGRPC_XDS_USER_AGENT_NAME_SUFFIX=\"Python\" -DGRPC_XDS_USER_AGENT_VERSION_SUFFIX=\"1.79.0.dev0\" -DHAVE_CONFIG_H=1 -DGRPC_ENABLE_FORK_SUPPORT=1 -DGRPC_ENABLE_FORK_SUPPORT_DEFAULT=false -DGRPC_PYTHON_BUILD=1 -D__STDC_FORMAT_MACROS "-DPyMODINIT_FUNC=extern \"C\" __attribute__((visibility (\"default\"))) PyObject*" -DGRPC_POSIX_FORK_ALLOW_PTHREAD_ATFORK=1 -Isrc/python/grpcio -Iinclude -I. -Ithird_party/abseil-cpp -Ithird_party/address_sorting/include -Ithird_party/cares/cares/include -Ithird_party/cares -Ithird_party/cares/cares -Ithird_party/cares/cares/src/lib/include -Ithird_party/cares/cares/src/lib -Ithird_party/cares/config_linux -Ithird_party/re2 -Ithird_party/boringssl-with-bazel/src/include -Ithird_party/upb -Isrc/core/ext/upb-gen -Isrc/core/ext/upbdefs-gen -Ithird_party/utf8_range -Ithird_party/xxhash -Ithird_party/zlib -I/usr/local/google/home/ssreenithi/.pyenv/versions/3.12.0/envs/pyvenv_312/include -I/usr/local/google/home/ssreenithi/.pyenv/versions/3.12.0/include/python3.12 -c src/core/xds/grpc/xds_http_rbac_filter.cc -o pyb/temp.linux-x86_64-cpython-312/src/core/xds/grpc/xds_http_rbac_filter.o -std=c++17 -fvisibility=hidden -fno-wrapv -fno-exceptions -pthread
      gcc -fno-strict-overflow -Wsign-compare -DNDEBUG -g -O3 -Wall -fPIC -D_WIN32_WINNT=1536 -DGRPC_XDS_USER_AGENT_NAME_SUFFIX=\"Python\" -DGRPC_XDS_USER_AGENT_VERSION_SUFFIX=\"1.79.0.dev0\" -DHAVE_CONFIG_H=1 -DGRPC_ENABLE_FORK_SUPPORT=1 -DGRPC_ENABLE_FORK_SUPPORT_DEFAULT=false -DGRPC_PYTHON_BUILD=1 -D__STDC_FORMAT_MACROS "-DPyMODINIT_FUNC=extern \"C\" __attribute__((visibility (\"default\"))) PyObject*" -DGRPC_POSIX_FORK_ALLOW_PTHREAD_ATFORK=1 -Isrc/python/grpcio -Iinclude -I. -Ithird_party/abseil-cpp -Ithird_party/address_sorting/include -Ithird_party/cares/cares/include -Ithird_party/cares -Ithird_party/cares/cares -Ithird_party/cares/cares/src/lib/include -Ithird_party/cares/cares/src/lib -Ithird_party/cares/config_linux -Ithird_party/re2 -Ithird_party/boringssl-with-bazel/src/include -Ithird_party/upb -Isrc/core/ext/upb-gen -Isrc/core/ext/upbdefs-gen -Ithird_party/utf8_range -Ithird_party/xxhash -Ithird_party/zlib -I/usr/local/google/home/ssreenithi/.pyenv/versions/3.12.0/envs/pyvenv_312/include -I/usr/local/google/home/ssreenithi/.pyenv/versions/3.12.0/include/python3.12 -c third_party/zlib/inffast.c -o pyb/temp.linux-x86_64-cpython-312/third_party/zlib/inffast.o -fvisibility=hidden -fno-wrapv -fno-exceptions -pthread
      gcc -fno-strict-overflow -Wsign-compare -DNDEBUG -g -O3 -Wall -fPIC -D_WIN32_WINNT=1536 -DGRPC_XDS_USER_AGENT_NAME_SUFFIX=\"Python\" -DGRPC_XDS_USER_AGENT_VERSION_SUFFIX=\"1.79.0.dev0\" -DHAVE_CONFIG_H=1 -DGRPC_ENABLE_FORK_SUPPORT=1 -DGRPC_ENABLE_FORK_SUPPORT_DEFAULT=false -DGRPC_PYTHON_BUILD=1 -D__STDC_FORMAT_MACROS "-DPyMODINIT_FUNC=extern \"C\" __attribute__((visibility (\"default\"))) PyObject*" -DGRPC_POSIX_FORK_ALLOW_PTHREAD_ATFORK=1 -Isrc/python/grpcio -Iinclude -I. -Ithird_party/abseil-cpp -Ithird_party/address_sorting/include -Ithird_party/cares/cares/include -Ithird_party/cares -Ithird_party/cares/cares -Ithird_party/cares/cares/src/lib/include -Ithird_party/cares/cares/src/lib -Ithird_party/cares/config_linux -Ithird_party/re2 -Ithird_party/boringssl-with-bazel/src/include -Ithird_party/upb -Isrc/core/ext/upb-gen -Isrc/core/ext/upbdefs-gen -Ithird_party/utf8_range -Ithird_party/xxhash -Ithird_party/zlib -I/usr/local/google/home/ssreenithi/.pyenv/versions/3.12.0/envs/pyvenv_312/include -I/usr/local/google/home/ssreenithi/.pyenv/versions/3.12.0/include/python3.12 -c third_party/upb/upb/reflection/internal/strdup2.c -o pyb/temp.linux-x86_64-cpython-312/third_party/upb/upb/reflection/internal/strdup2.o -fvisibility=hidden -fno-wrapv -fno-exceptions -pthread
      gcc -fno-strict-overflow -Wsign-compare -DNDEBUG -g -O3 -Wall -fPIC -D_WIN32_WINNT=1536 -DGRPC_XDS_USER_AGENT_NAME_SUFFIX=\"Python\" -DGRPC_XDS_USER_AGENT_VERSION_SUFFIX=\"1.79.0.dev0\" -DHAVE_CONFIG_H=1 -DGRPC_ENABLE_FORK_SUPPORT=1 -DGRPC_ENABLE_FORK_SUPPORT_DEFAULT=false -DGRPC_PYTHON_BUILD=1 -D__STDC_FORMAT_MACROS "-DPyMODINIT_FUNC=extern \"C\" __attribute__((visibility (\"default\"))) PyObject*" -DGRPC_POSIX_FORK_ALLOW_PTHREAD_ATFORK=1 -Isrc/python/grpcio -Iinclude -I. -Ithird_party/abseil-cpp -Ithird_party/address_sorting/include -Ithird_party/cares/cares/include -Ithird_party/cares -Ithird_party/cares/cares -Ithird_party/cares/cares/src/lib/include -Ithird_party/cares/cares/src/lib -Ithird_party/cares/config_linux -Ithird_party/re2 -Ithird_party/boringssl-with-bazel/src/include -Ithird_party/upb -Isrc/core/ext/upb-gen -Isrc/core/ext/upbdefs-gen -Ithird_party/utf8_range -Ithird_party/xxhash -Ithird_party/zlib -I/usr/local/google/home/ssreenithi/.pyenv/versions/3.12.0/envs/pyvenv_312/include -I/usr/local/google/home/ssreenithi/.pyenv/versions/3.12.0/include/python3.12 -c third_party/upb/upb/wire/eps_copy_input_stream.c -o pyb/temp.linux-x86_64-cpython-312/third_party/upb/upb/wire/eps_copy_input_stream.o -fvisibility=hidden -fno-wrapv -fno-exceptions -pthread
      In constructor ‘grpc_core::filters_detail::OperationExecutor<T>::OperationExecutor(grpc_core::filters_detail::OperationExecutor<T>&&) [with T = std::unique_ptr<grpc_core::Message, grpc_core::Arena::PooledDeleter>]’,
          inlined from ‘grpc_core::CallFilters::MessageExecutor<&grpc_core::CallFilters::push_server_to_client_message_, &grpc_core::filters_detail::StackData::server_to_client_messages, &grpc_core::CallState::FinishPullServerToClientMessage, std::reverse_iterator<const grpc_core::CallFilters::AddedStack*> >::MessageExecutor(grpc_core::CallFilters::MessageExecutor<&grpc_core::CallFilters::push_server_to_client_message_, &grpc_core::filters_detail::StackData::server_to_client_messages, &grpc_core::CallState::FinishPullServerToClientMessage, std::reverse_iterator<const grpc_core::CallFilters::AddedStack*> >&&)’ at ./src/core/call/call_filters.h:1886:9,
          inlined from ‘grpc_core::promise_detail::PromiseLike<F, typename std::enable_if<(! std::is_void<typename std::invoke_result<Releaser>::type>::value), void>::type>::PromiseLike(F&&) [with F = grpc_core::CallFilters::MessageExecutor<&grpc_core::CallFilters::push_server_to_client_message_, &grpc_core::filters_detail::StackData::server_to_client_messages, &grpc_core::CallState::FinishPullServerToClientMessage, std::reverse_iterator<const grpc_core::CallFilters::AddedStack*> >]’ at ./src/core/lib/promise/detail/promise_like.h:214:9,
          inlined from ‘std::enable_if_t<((bool)grpc_core::promise_detail::IsVoidCallable<typename grpc_core::promise_detail::ResultOfT<F(), void>::T>::value), grpc_core::promise_detail::PromiseLike<decltype (declval<F>()())> > grpc_core::promise_detail::PromiseFactoryImpl(Token, F&&) [with Token = OnceToken; F = grpc_core::CallFilters::PullServerToClientMessage()::<lambda(bool)>::<lambda()>]’ at ./src/core/lib/promise/detail/promise_factory.h:211:12,
          inlined from ‘grpc_core::promise_detail::OncePromiseFactory<void, F>::Promise grpc_core::promise_detail::OncePromiseFactory<void, F>::Make() [with F = grpc_core::CallFilters::PullServerToClientMessage()::<lambda(bool)>::<lambda()>]’ at ./src/core/lib/promise/detail/promise_factory.h:250:57,
          inlined from ‘grpc_core::If<bool, T, F>::If(bool, T, F) [with T = grpc_core::CallFilters::PullServerToClientMessage()::<lambda(bool)>::<lambda()>; F = grpc_core::CallFilters::PullServerToClientMessage()::<lambda(bool)>::<lambda()>]’ at ./src/core/lib/promise/if.h:181:45,
          inlined from ‘grpc_core::CallFilters::PullServerToClientMessage()::<lambda(bool)>’ at ./src/core/call/call_filters.h:2049:16,
          inlined from ‘std::enable_if_t<((bool)grpc_core::promise_detail::IsVoidCallable<typename grpc_core::promise_detail::ResultOfT<F(A), void>::T>::value), grpc_core::promise_detail::PromiseLike<decltype (declval<F>()(declval<A>()))> > grpc_core::promise_detail::PromiseFactoryImpl(Token, F&&, A&&) [with Token = OnceToken; A = bool; F = grpc_core::CallFilters::PullServerToClientMessage()::<lambda(bool)>]’ at ./src/core/lib/promise/detail/promise_factory.h:183:11,
          inlined from ‘grpc_core::promise_detail::OncePromiseFactory<A, F>::Promise grpc_core::promise_detail::OncePromiseFactory<A, F>::Make(Arg&&) [with A = bool; F = grpc_core::CallFilters::PullServerToClientMessage()::<lambda(bool)>]’ at ./src/core/lib/promise/detail/promise_factory.h:232:79,
          inlined from ‘static auto grpc_core::promise_detail::TrySeqTraitsWithSfinae<T, typename std::enable_if<((std::is_same<decltype (grpc_core::IsStatusOk(declval<T>())), bool>::value && grpc_core::promise_detail::TakeValueExists<T>::value) && grpc_core::promise_detail::AllowGenericTrySeqTraits<T>::value), void>::type>::CallFactory(Next*, T&&) [with Next = grpc_core::promise_detail::OncePromiseFactory<bool, grpc_core::CallFilters::PullServerToClientMessage()::<lambda(bool)> >; T = grpc_core::ValueOrFailure<bool>]’ at ./src/core/lib/promise/try_seq.h:200:57,
          inlined from ‘grpc_core::Poll<typename Traits<typename grpc_core::promise_detail::OncePromiseFactory<typename Traits<typename grpc_core::promise_detail::PromiseLike<F>::Result>::UnwrappedType, F0>::Promise::Result>::WrappedType> grpc_core::promise_detail::SeqState<Traits, P, F0>::PollOnce() [with Traits = grpc_core::promise_detail::TrySeqTraits; P = grpc_core::CallFilters::PullServerToClientMessage()::<lambda()>; F0 = grpc_core::CallFilters::PullServerToClientMessage()::<lambda(bool)>]’ at ./src/core/lib/promise/detail/seq_state.h:185:14,
          inlined from ‘auto grpc_core::promise_detail::TrySeq<P, Fs>::operator()() [with P = grpc_core::CallFilters::PullServerToClientMessage()::<lambda()>; Fs = {grpc_core::CallFilters::PullServerToClientMessage()::<lambda(bool)>}]’ at ./src/core/lib/promise/try_seq.h:263:28,
          inlined from ‘grpc_core::promise_detail::PromiseLike<F, typename std::enable_if<(! std::is_void<typename std::invoke_result<Releaser>::type>::value), void>::type>::WrappedResult grpc_core::promise_detail::PromiseLike<F, typename std::enable_if<(! std::is_void<typename std::invoke_result<Releaser>::type>::value), void>::type>::operator()() [with F = grpc_core::promise_detail::TrySeq<grpc_core::CallFilters::PullServerToClientMessage()::<lambda()>, grpc_core::CallFilters::PullServerToClientMessage()::<lambda(bool)> >]’ at ./src/core/lib/promise/detail/promise_like.h:216:25,
          inlined from ‘grpc_core::Poll<typename grpc_core::promise_detail::WrappedFn<Fn, typename grpc_core::promise_detail::PromiseLike<F>::Result>::Result> grpc_core::Map<Promise, Fn>::operator()() [with Promise = grpc_core::promise_detail::TrySeq<grpc_core::CallFilters::PullServerToClientMessage()::<lambda()>, grpc_core::CallFilters::PullServerToClientMessage()::<lambda(bool)> >; Fn = grpc_core::MessageReceiver::MakeBatchOp<grpc_core::CallInitiator>(const grpc_op&, grpc_core::CallInitiator*)::<lambda()> mutable::<lambda(grpc_core::CallInitiator::NextMessage)>]’ at ./src/core/lib/promise/map.h:152:25,
          inlined from ‘grpc_core::promise_detail::PromiseLike<F, typename std::enable_if<(! std::is_void<typename std::invoke_result<Releaser>::type>::value), void>::type>::WrappedResult grpc_core::promise_detail::PromiseLike<F, typename std::enable_if<(! std::is_void<typename std::invoke_result<Releaser>::type>::value), void>::type>::operator()() [with F = grpc_core::Map<grpc_core::promise_detail::TrySeq<grpc_core::CallFilters::PullServerToClientMessage()::<lambda()>, grpc_core::CallFilters::PullServerToClientMessage()::<lambda(bool)> >, grpc_core::MessageReceiver::MakeBatchOp<grpc_core::CallInitiator>(const grpc_op&, grpc_core::CallInitiator*)::<lambda()> mutable::<lambda(grpc_core::CallInitiator::NextMessage)> >]’ at ./src/core/lib/promise/detail/promise_like.h:216:25,
          inlined from ‘grpc_core::Poll<grpc_core::StatusFlag> grpc_core::OpHandlerImpl<SetupResult, kOp>::operator()() [with SetupResult = grpc_core::MessageReceiver::MakeBatchOp<grpc_core::CallInitiator>(const grpc_op&, grpc_core::CallInitiator*)::<lambda()>; grpc_op_type kOp = GRPC_OP_RECV_MESSAGE]’ at ./src/core/lib/surface/call_utils.h:234:48:
      ./src/core/call/call_filters.h:1424:20: warning: ‘<unnamed>.grpc_core::CallFilters::MessageExecutor<grpc_core::CallFilters::push_server_to_client_message_, grpc_core::filters_detail::StackData::server_to_client_messages, grpc_core::CallState::FinishPullServerToClientMessage, std::reverse_iterator<const grpc_core::CallFilters::AddedStack*> >::executor_.grpc_core::filters_detail::OperationExecutor<std::unique_ptr<grpc_core::Message, grpc_core::Arena::PooledDeleter> >::ops_’ may be used uninitialized [-Wmaybe-uninitialized]
       1424 |       : ops_(other.ops_), end_ops_(other.end_ops_) {
            |              ~~~~~~^~~~
      ./src/core/lib/promise/detail/promise_factory.h: In member function ‘grpc_core::Poll<grpc_core::StatusFlag> grpc_core::OpHandlerImpl<SetupResult, kOp>::operator()() [with SetupResult = grpc_core::MessageReceiver::MakeBatchOp<grpc_core::CallInitiator>(const grpc_op&, grpc_core::CallInitiator*)::<lambda()>; grpc_op_type kOp = GRPC_OP_RECV_MESSAGE]’:
      ./src/core/lib/promise/detail/promise_factory.h:211:11: note: ‘<anonymous>’ declared here
        211 |   return f();
            |          ~^~
      In constructor ‘grpc_core::filters_detail::OperationExecutor<T>::OperationExecutor(grpc_core::filters_detail::OperationExecutor<T>&&) [with T = std::unique_ptr<grpc_core::Message, grpc_core::Arena::PooledDeleter>]’,
          inlined from ‘grpc_core::CallFilters::MessageExecutor<&grpc_core::CallFilters::push_server_to_client_message_, &grpc_core::filters_detail::StackData::server_to_client_messages, &grpc_core::CallState::FinishPullServerToClientMessage, std::reverse_iterator<const grpc_core::CallFilters::AddedStack*> >::MessageExecutor(grpc_core::CallFilters::MessageExecutor<&grpc_core::CallFilters::push_server_to_client_message_, &grpc_core::filters_detail::StackData::server_to_client_messages, &grpc_core::CallState::FinishPullServerToClientMessage, std::reverse_iterator<const grpc_core::CallFilters::AddedStack*> >&&)’ at ./src/core/call/call_filters.h:1886:9,
          inlined from ‘grpc_core::promise_detail::PromiseLike<F, typename std::enable_if<(! std::is_void<typename std::invoke_result<Releaser>::type>::value), void>::type>::PromiseLike(F&&) [with F = grpc_core::CallFilters::MessageExecutor<&grpc_core::CallFilters::push_server_to_client_message_, &grpc_core::filters_detail::StackData::server_to_client_messages, &grpc_core::CallState::FinishPullServerToClientMessage, std::reverse_iterator<const grpc_core::CallFilters::AddedStack*> >]’ at ./src/core/lib/promise/detail/promise_like.h:214:9,
          inlined from ‘std::enable_if_t<((bool)grpc_core::promise_detail::IsVoidCallable<typename grpc_core::promise_detail::ResultOfT<F(), void>::T>::value), grpc_core::promise_detail::PromiseLike<decltype (declval<F>()())> > grpc_core::promise_detail::PromiseFactoryImpl(Token, F&&) [with Token = OnceToken; F = grpc_core::CallFilters::PullServerToClientMessage()::<lambda(bool)>::<lambda()>]’ at ./src/core/lib/promise/detail/promise_factory.h:211:12,
          inlined from ‘grpc_core::promise_detail::OncePromiseFactory<void, F>::Promise grpc_core::promise_detail::OncePromiseFactory<void, F>::Make() [with F = grpc_core::CallFilters::PullServerToClientMessage()::<lambda(bool)>::<lambda()>]’ at ./src/core/lib/promise/detail/promise_factory.h:250:57,
          inlined from ‘grpc_core::If<bool, T, F>::If(bool, T, F) [with T = grpc_core::CallFilters::PullServerToClientMessage()::<lambda(bool)>::<lambda()>; F = grpc_core::CallFilters::PullServerToClientMessage()::<lambda(bool)>::<lambda()>]’ at ./src/core/lib/promise/if.h:181:45,
          inlined from ‘grpc_core::CallFilters::PullServerToClientMessage()::<lambda(bool)>’ at ./src/core/call/call_filters.h:2049:16,
          inlined from ‘std::enable_if_t<((bool)grpc_core::promise_detail::IsVoidCallable<typename grpc_core::promise_detail::ResultOfT<F(A), void>::T>::value), grpc_core::promise_detail::PromiseLike<decltype (declval<F>()(declval<A>()))> > grpc_core::promise_detail::PromiseFactoryImpl(Token, F&&, A&&) [with Token = OnceToken; A = bool; F = grpc_core::CallFilters::PullServerToClientMessage()::<lambda(bool)>]’ at ./src/core/lib/promise/detail/promise_factory.h:183:11,
          inlined from ‘grpc_core::promise_detail::OncePromiseFactory<A, F>::Promise grpc_core::promise_detail::OncePromiseFactory<A, F>::Make(Arg&&) [with A = bool; F = grpc_core::CallFilters::PullServerToClientMessage()::<lambda(bool)>]’ at ./src/core/lib/promise/detail/promise_factory.h:232:79,
          inlined from ‘static auto grpc_core::promise_detail::TrySeqTraitsWithSfinae<T, typename std::enable_if<((std::is_same<decltype (grpc_core::IsStatusOk(declval<T>())), bool>::value && grpc_core::promise_detail::TakeValueExists<T>::value) && grpc_core::promise_detail::AllowGenericTrySeqTraits<T>::value), void>::type>::CallFactory(Next*, T&&) [with Next = grpc_core::promise_detail::OncePromiseFactory<bool, grpc_core::CallFilters::PullServerToClientMessage()::<lambda(bool)> >; T = grpc_core::ValueOrFailure<bool>]’ at ./src/core/lib/promise/try_seq.h:200:57,
          inlined from ‘grpc_core::Poll<typename Traits<typename grpc_core::promise_detail::OncePromiseFactory<typename Traits<typename grpc_core::promise_detail::PromiseLike<F>::Result>::UnwrappedType, F0>::Promise::Result>::WrappedType> grpc_core::promise_detail::SeqState<Traits, P, F0>::PollOnce() [with Traits = grpc_core::promise_detail::TrySeqTraits; P = grpc_core::CallFilters::PullServerToClientMessage()::<lambda()>; F0 = grpc_core::CallFilters::PullServerToClientMessage()::<lambda(bool)>]’ at ./src/core/lib/promise/detail/seq_state.h:185:14,
          inlined from ‘auto grpc_core::promise_detail::TrySeq<P, Fs>::operator()() [with P = grpc_core::CallFilters::PullServerToClientMessage()::<lambda()>; Fs = {grpc_core::CallFilters::PullServerToClientMessage()::<lambda(bool)>}]’ at ./src/core/lib/promise/try_seq.h:263:28,
          inlined from ‘grpc_core::promise_detail::PromiseLike<F, typename std::enable_if<(! std::is_void<typename std::invoke_result<Releaser>::type>::value), void>::type>::WrappedResult grpc_core::promise_detail::PromiseLike<F, typename std::enable_if<(! std::is_void<typename std::invoke_result<Releaser>::type>::value), void>::type>::operator()() [with F = grpc_core::promise_detail::TrySeq<grpc_core::CallFilters::PullServerToClientMessage()::<lambda()>, grpc_core::CallFilters::PullServerToClientMessage()::<lambda(bool)> >]’ at ./src/core/lib/promise/detail/promise_like.h:216:25,
          inlined from ‘grpc_core::Poll<typename grpc_core::promise_detail::WrappedFn<Fn, typename grpc_core::promise_detail::PromiseLike<F>::Result>::Result> grpc_core::Map<Promise, Fn>::operator()() [with Promise = grpc_core::promise_detail::TrySeq<grpc_core::CallFilters::PullServerToClientMessage()::<lambda()>, grpc_core::CallFilters::PullServerToClientMessage()::<lambda(bool)> >; Fn = grpc_core::MessageReceiver::MakeBatchOp<grpc_core::CallInitiator>(const grpc_op&, grpc_core::CallInitiator*)::<lambda()> mutable::<lambda(grpc_core::CallInitiator::NextMessage)>]’ at ./src/core/lib/promise/map.h:152:25,
          inlined from ‘grpc_core::promise_detail::PromiseLike<F, typename std::enable_if<(! std::is_void<typename std::invoke_result<Releaser>::type>::value), void>::type>::WrappedResult grpc_core::promise_detail::PromiseLike<F, typename std::enable_if<(! std::is_void<typename std::invoke_result<Releaser>::type>::value), void>::type>::operator()() [with F = grpc_core::Map<grpc_core::promise_detail::TrySeq<grpc_core::CallFilters::PullServerToClientMessage()::<lambda()>, grpc_core::CallFilters::PullServerToClientMessage()::<lambda(bool)> >, grpc_core::MessageReceiver::MakeBatchOp<grpc_core::CallInitiator>(const grpc_op&, grpc_core::CallInitiator*)::<lambda()> mutable::<lambda(grpc_core::CallInitiator::NextMessage)> >]’ at ./src/core/lib/promise/detail/promise_like.h:216:25,
          inlined from ‘grpc_core::Poll<grpc_core::StatusFlag> grpc_core::OpHandlerImpl<SetupResult, kOp>::operator()() [with SetupResult = grpc_core::MessageReceiver::MakeBatchOp<grpc_core::CallInitiator>(const grpc_op&, grpc_core::CallInitiator*)::<lambda()>; grpc_op_type kOp = GRPC_OP_RECV_MESSAGE]’ at ./src/core/lib/surface/call_utils.h:234:48:
      ./src/core/call/call_filters.h:1424:42: warning: ‘<unnamed>.grpc_core::CallFilters::MessageExecutor<grpc_core::CallFilters::push_server_to_client_message_, grpc_core::filters_detail::StackData::server_to_client_messages, grpc_core::CallState::FinishPullServerToClientMessage, std::reverse_iterator<const grpc_core::CallFilters::AddedStack*> >::executor_.grpc_core::filters_detail::OperationExecutor<std::unique_ptr<grpc_core::Message, grpc_core::Arena::PooledDeleter> >::end_ops_’ may be used uninitialized [-Wmaybe-uninitialized]
       1424 |       : ops_(other.ops_), end_ops_(other.end_ops_) {
            |                                    ~~~~~~^~~~~~~~
      ./src/core/lib/promise/detail/promise_factory.h: In member function ‘grpc_core::Poll<grpc_core::StatusFlag> grpc_core::OpHandlerImpl<SetupResult, kOp>::operator()() [with SetupResult = grpc_core::MessageReceiver::MakeBatchOp<grpc_core::CallInitiator>(const grpc_op&, grpc_core::CallInitiator*)::<lambda()>; grpc_op_type kOp = GRPC_OP_RECV_MESSAGE]’:
      ./src/core/lib/promise/detail/promise_factory.h:211:11: note: ‘<anonymous>’ declared here
        211 |   return f();
            |          ~^~
      gcc -fno-strict-overflow -Wsign-compare -DNDEBUG -g -O3 -Wall -fPIC -D_WIN32_WINNT=1536 -DGRPC_XDS_USER_AGENT_NAME_SUFFIX=\"Python\" -DGRPC_XDS_USER_AGENT_VERSION_SUFFIX=\"1.79.0.dev0\" -DHAVE_CONFIG_H=1 -DGRPC_ENABLE_FORK_SUPPORT=1 -DGRPC_ENABLE_FORK_SUPPORT_DEFAULT=false -DGRPC_PYTHON_BUILD=1 -D__STDC_FORMAT_MACROS "-DPyMODINIT_FUNC=extern \"C\" __attribute__((visibility (\"default\"))) PyObject*" -DGRPC_POSIX_FORK_ALLOW_PTHREAD_ATFORK=1 -Isrc/python/grpcio -Iinclude -I. -Ithird_party/abseil-cpp -Ithird_party/address_sorting/include -Ithird_party/cares/cares/include -Ithird_party/cares -Ithird_party/cares/cares -Ithird_party/cares/cares/src/lib/include -Ithird_party/cares/cares/src/lib -Ithird_party/cares/config_linux -Ithird_party/re2 -Ithird_party/boringssl-with-bazel/src/include -Ithird_party/upb -Isrc/core/ext/upb-gen -Isrc/core/ext/upbdefs-gen -Ithird_party/utf8_range -Ithird_party/xxhash -Ithird_party/zlib -I/usr/local/google/home/ssreenithi/.pyenv/versions/3.12.0/envs/pyvenv_312/include -I/usr/local/google/home/ssreenithi/.pyenv/versions/3.12.0/include/python3.12 -c third_party/upb/upb/wire/internal/decode_fast.c -o pyb/temp.linux-x86_64-cpython-312/third_party/upb/upb/wire/internal/decode_fast.o -fvisibility=hidden -fno-wrapv -fno-exceptions -pthread
      g++ -fno-strict-overflow -Wsign-compare -DNDEBUG -g -O3 -Wall -fPIC -D_WIN32_WINNT=1536 -DGRPC_XDS_USER_AGENT_NAME_SUFFIX=\"Python\" -DGRPC_XDS_USER_AGENT_VERSION_SUFFIX=\"1.79.0.dev0\" -DHAVE_CONFIG_H=1 -DGRPC_ENABLE_FORK_SUPPORT=1 -DGRPC_ENABLE_FORK_SUPPORT_DEFAULT=false -DGRPC_PYTHON_BUILD=1 -D__STDC_FORMAT_MACROS "-DPyMODINIT_FUNC=extern \"C\" __attribute__((visibility (\"default\"))) PyObject*" -DGRPC_POSIX_FORK_ALLOW_PTHREAD_ATFORK=1 -Isrc/python/grpcio -Iinclude -I. -Ithird_party/abseil-cpp -Ithird_party/address_sorting/include -Ithird_party/cares/cares/include -Ithird_party/cares -Ithird_party/cares/cares -Ithird_party/cares/cares/src/lib/include -Ithird_party/cares/cares/src/lib -Ithird_party/cares/config_linux -Ithird_party/re2 -Ithird_party/boringssl-with-bazel/src/include -Ithird_party/upb -Isrc/core/ext/upb-gen -Isrc/core/ext/upbdefs-gen -Ithird_party/utf8_range -Ithird_party/xxhash -Ithird_party/zlib -I/usr/local/google/home/ssreenithi/.pyenv/versions/3.12.0/envs/pyvenv_312/include -I/usr/local/google/home/ssreenithi/.pyenv/versions/3.12.0/include/python3.12 -c third_party/boringssl-with-bazel/src/ssl/tls_record.cc -o pyb/temp.linux-x86_64-cpython-312/third_party/boringssl-with-bazel/src/ssl/tls_record.o -std=c++17 -fvisibility=hidden -fno-wrapv -fno-exceptions -pthread
      g++ -fno-strict-overflow -Wsign-compare -DNDEBUG -g -O3 -Wall -fPIC -D_WIN32_WINNT=1536 -DGRPC_XDS_USER_AGENT_NAME_SUFFIX=\"Python\" -DGRPC_XDS_USER_AGENT_VERSION_SUFFIX=\"1.79.0.dev0\" -DHAVE_CONFIG_H=1 -DGRPC_ENABLE_FORK_SUPPORT=1 -DGRPC_ENABLE_FORK_SUPPORT_DEFAULT=false -DGRPC_PYTHON_BUILD=1 -D__STDC_FORMAT_MACROS "-DPyMODINIT_FUNC=extern \"C\" __attribute__((visibility (\"default\"))) PyObject*" -DGRPC_POSIX_FORK_ALLOW_PTHREAD_ATFORK=1 -Isrc/python/grpcio -Iinclude -I. -Ithird_party/abseil-cpp -Ithird_party/address_sorting/include -Ithird_party/cares/cares/include -Ithird_party/cares -Ithird_party/cares/cares -Ithird_party/cares/cares/src/lib/include -Ithird_party/cares/cares/src/lib -Ithird_party/cares/config_linux -Ithird_party/re2 -Ithird_party/boringssl-with-bazel/src/include -Ithird_party/upb -Isrc/core/ext/upb-gen -Isrc/core/ext/upbdefs-gen -Ithird_party/utf8_range -Ithird_party/xxhash -Ithird_party/zlib -I/usr/local/google/home/ssreenithi/.pyenv/versions/3.12.0/envs/pyvenv_312/include -I/usr/local/google/home/ssreenithi/.pyenv/versions/3.12.0/include/python3.12 -c third_party/abseil-cpp/absl/strings/cord_analysis.cc -o pyb/temp.linux-x86_64-cpython-312/third_party/abseil-cpp/absl/strings/cord_analysis.o -std=c++17 -fvisibility=hidden -fno-wrapv -fno-exceptions -pthread
      gcc -fno-strict-overflow -Wsign-compare -DNDEBUG -g -O3 -Wall -fPIC -D_WIN32_WINNT=1536 -DGRPC_XDS_USER_AGENT_NAME_SUFFIX=\"Python\" -DGRPC_XDS_USER_AGENT_VERSION_SUFFIX=\"1.79.0.dev0\" -DHAVE_CONFIG_H=1 -DGRPC_ENABLE_FORK_SUPPORT=1 -DGRPC_ENABLE_FORK_SUPPORT_DEFAULT=false -DGRPC_PYTHON_BUILD=1 -D__STDC_FORMAT_MACROS "-DPyMODINIT_FUNC=extern \"C\" __attribute__((visibility (\"default\"))) PyObject*" -DGRPC_POSIX_FORK_ALLOW_PTHREAD_ATFORK=1 -Isrc/python/grpcio -Iinclude -I. -Ithird_party/abseil-cpp -Ithird_party/address_sorting/include -Ithird_party/cares/cares/include -Ithird_party/cares -Ithird_party/cares/cares -Ithird_party/cares/cares/src/lib/include -Ithird_party/cares/cares/src/lib -Ithird_party/cares/config_linux -Ithird_party/re2 -Ithird_party/boringssl-with-bazel/src/include -Ithird_party/upb -Isrc/core/ext/upb-gen -Isrc/core/ext/upbdefs-gen -Ithird_party/utf8_range -Ithird_party/xxhash -Ithird_party/zlib -I/usr/local/google/home/ssreenithi/.pyenv/versions/3.12.0/envs/pyvenv_312/include -I/usr/local/google/home/ssreenithi/.pyenv/versions/3.12.0/include/python3.12 -c third_party/cares/cares/src/lib/str/ares_str.c -o pyb/temp.linux-x86_64-cpython-312/third_party/cares/cares/src/lib/str/ares_str.o -fvisibility=hidden -fno-wrapv -fno-exceptions -pthread
      gcc -fno-strict-overflow -Wsign-compare -DNDEBUG -g -O3 -Wall -fPIC -D_WIN32_WINNT=1536 -DGRPC_XDS_USER_AGENT_NAME_SUFFIX=\"Python\" -DGRPC_XDS_USER_AGENT_VERSION_SUFFIX=\"1.79.0.dev0\" -DHAVE_CONFIG_H=1 -DGRPC_ENABLE_FORK_SUPPORT=1 -DGRPC_ENABLE_FORK_SUPPORT_DEFAULT=false -DGRPC_PYTHON_BUILD=1 -D__STDC_FORMAT_MACROS "-DPyMODINIT_FUNC=extern \"C\" __attribute__((visibility (\"default\"))) PyObject*" -DGRPC_POSIX_FORK_ALLOW_PTHREAD_ATFORK=1 -Isrc/python/grpcio -Iinclude -I. -Ithird_party/abseil-cpp -Ithird_party/address_sorting/include -Ithird_party/cares/cares/include -Ithird_party/cares -Ithird_party/cares/cares -Ithird_party/cares/cares/src/lib/include -Ithird_party/cares/cares/src/lib -Ithird_party/cares/config_linux -Ithird_party/re2 -Ithird_party/boringssl-with-bazel/src/include -Ithird_party/upb -Isrc/core/ext/upb-gen -Isrc/core/ext/upbdefs-gen -Ithird_party/utf8_range -Ithird_party/xxhash -Ithird_party/zlib -I/usr/local/google/home/ssreenithi/.pyenv/versions/3.12.0/envs/pyvenv_312/include -I/usr/local/google/home/ssreenithi/.pyenv/versions/3.12.0/include/python3.12 -c third_party/upb/upb/wire/reader.c -o pyb/temp.linux-x86_64-cpython-312/third_party/upb/upb/wire/reader.o -fvisibility=hidden -fno-wrapv -fno-exceptions -pthread
      g++ -fno-strict-overflow -Wsign-compare -DNDEBUG -g -O3 -Wall -fPIC -D_WIN32_WINNT=1536 -DGRPC_XDS_USER_AGENT_NAME_SUFFIX=\"Python\" -DGRPC_XDS_USER_AGENT_VERSION_SUFFIX=\"1.79.0.dev0\" -DHAVE_CONFIG_H=1 -DGRPC_ENABLE_FORK_SUPPORT=1 -DGRPC_ENABLE_FORK_SUPPORT_DEFAULT=false -DGRPC_PYTHON_BUILD=1 -D__STDC_FORMAT_MACROS "-DPyMODINIT_FUNC=extern \"C\" __attribute__((visibility (\"default\"))) PyObject*" -DGRPC_POSIX_FORK_ALLOW_PTHREAD_ATFORK=1 -Isrc/python/grpcio -Iinclude -I. -Ithird_party/abseil-cpp -Ithird_party/address_sorting/include -Ithird_party/cares/cares/include -Ithird_party/cares -Ithird_party/cares/cares -Ithird_party/cares/cares/src/lib/include -Ithird_party/cares/cares/src/lib -Ithird_party/cares/config_linux -Ithird_party/re2 -Ithird_party/boringssl-with-bazel/src/include -Ithird_party/upb -Isrc/core/ext/upb-gen -Isrc/core/ext/upbdefs-gen -Ithird_party/utf8_range -Ithird_party/xxhash -Ithird_party/zlib -I/usr/local/google/home/ssreenithi/.pyenv/versions/3.12.0/envs/pyvenv_312/include -I/usr/local/google/home/ssreenithi/.pyenv/versions/3.12.0/include/python3.12 -c src/core/load_balancing/xds/xds_cluster_impl.cc -o pyb/temp.linux-x86_64-cpython-312/src/core/load_balancing/xds/xds_cluster_impl.o -std=c++17 -fvisibility=hidden -fno-wrapv -fno-exceptions -pthread
      g++ -fno-strict-overflow -Wsign-compare -DNDEBUG -g -O3 -Wall -fPIC -D_WIN32_WINNT=1536 -DGRPC_XDS_USER_AGENT_NAME_SUFFIX=\"Python\" -DGRPC_XDS_USER_AGENT_VERSION_SUFFIX=\"1.79.0.dev0\" -DHAVE_CONFIG_H=1 -DGRPC_ENABLE_FORK_SUPPORT=1 -DGRPC_ENABLE_FORK_SUPPORT_DEFAULT=false -DGRPC_PYTHON_BUILD=1 -D__STDC_FORMAT_MACROS "-DPyMODINIT_FUNC=extern \"C\" __attribute__((visibility (\"default\"))) PyObject*" -DGRPC_POSIX_FORK_ALLOW_PTHREAD_ATFORK=1 -Isrc/python/grpcio -Iinclude -I. -Ithird_party/abseil-cpp -Ithird_party/address_sorting/include -Ithird_party/cares/cares/include -Ithird_party/cares -Ithird_party/cares/cares -Ithird_party/cares/cares/src/lib/include -Ithird_party/cares/cares/src/lib -Ithird_party/cares/config_linux -Ithird_party/re2 -Ithird_party/boringssl-with-bazel/src/include -Ithird_party/upb -Isrc/core/ext/upb-gen -Isrc/core/ext/upbdefs-gen -Ithird_party/utf8_range -Ithird_party/xxhash -Ithird_party/zlib -I/usr/local/google/home/ssreenithi/.pyenv/versions/3.12.0/envs/pyvenv_312/include -I/usr/local/google/home/ssreenithi/.pyenv/versions/3.12.0/include/python3.12 -c third_party/boringssl-with-bazel/src/ssl/d1_srtp.cc -o pyb/temp.linux-x86_64-cpython-312/third_party/boringssl-with-bazel/src/ssl/d1_srtp.o -std=c++17 -fvisibility=hidden -fno-wrapv -fno-exceptions -pthread
      g++ -fno-strict-overflow -Wsign-compare -DNDEBUG -g -O3 -Wall -fPIC -D_WIN32_WINNT=1536 -DGRPC_XDS_USER_AGENT_NAME_SUFFIX=\"Python\" -DGRPC_XDS_USER_AGENT_VERSION_SUFFIX=\"1.79.0.dev0\" -DHAVE_CONFIG_H=1 -DGRPC_ENABLE_FORK_SUPPORT=1 -DGRPC_ENABLE_FORK_SUPPORT_DEFAULT=false -DGRPC_PYTHON_BUILD=1 -D__STDC_FORMAT_MACROS "-DPyMODINIT_FUNC=extern \"C\" __attribute__((visibility (\"default\"))) PyObject*" -DGRPC_POSIX_FORK_ALLOW_PTHREAD_ATFORK=1 -Isrc/python/grpcio -Iinclude -I. -Ithird_party/abseil-cpp -Ithird_party/address_sorting/include -Ithird_party/cares/cares/include -Ithird_party/cares -Ithird_party/cares/cares -Ithird_party/cares/cares/src/lib/include -Ithird_party/cares/cares/src/lib -Ithird_party/cares/config_linux -Ithird_party/re2 -Ithird_party/boringssl-with-bazel/src/include -Ithird_party/upb -Isrc/core/ext/upb-gen -Isrc/core/ext/upbdefs-gen -Ithird_party/utf8_range -Ithird_party/xxhash -Ithird_party/zlib -I/usr/local/google/home/ssreenithi/.pyenv/versions/3.12.0/envs/pyvenv_312/include -I/usr/local/google/home/ssreenithi/.pyenv/versions/3.12.0/include/python3.12 -c third_party/boringssl-with-bazel/src/crypto/des/des.cc -o pyb/temp.linux-x86_64-cpython-312/third_party/boringssl-with-bazel/src/crypto/des/des.o -std=c++17 -fvisibility=hidden -fno-wrapv -fno-exceptions -pthread
      gcc -fno-strict-overflow -Wsign-compare -DNDEBUG -g -O3 -Wall -fPIC -D_WIN32_WINNT=1536 -DGRPC_XDS_USER_AGENT_NAME_SUFFIX=\"Python\" -DGRPC_XDS_USER_AGENT_VERSION_SUFFIX=\"1.79.0.dev0\" -DHAVE_CONFIG_H=1 -DGRPC_ENABLE_FORK_SUPPORT=1 -DGRPC_ENABLE_FORK_SUPPORT_DEFAULT=false -DGRPC_PYTHON_BUILD=1 -D__STDC_FORMAT_MACROS "-DPyMODINIT_FUNC=extern \"C\" __attribute__((visibility (\"default\"))) PyObject*" -DGRPC_POSIX_FORK_ALLOW_PTHREAD_ATFORK=1 -Isrc/python/grpcio -Iinclude -I. -Ithird_party/abseil-cpp -Ithird_party/address_sorting/include -Ithird_party/cares/cares/include -Ithird_party/cares -Ithird_party/cares/cares -Ithird_party/cares/cares/src/lib/include -Ithird_party/cares/cares/src/lib -Ithird_party/cares/config_linux -Ithird_party/re2 -Ithird_party/boringssl-with-bazel/src/include -Ithird_party/upb -Isrc/core/ext/upb-gen -Isrc/core/ext/upbdefs-gen -Ithird_party/utf8_range -Ithird_party/xxhash -Ithird_party/zlib -I/usr/local/google/home/ssreenithi/.pyenv/versions/3.12.0/envs/pyvenv_312/include -I/usr/local/google/home/ssreenithi/.pyenv/versions/3.12.0/include/python3.12 -c third_party/zlib/inflate.c -o pyb/temp.linux-x86_64-cpython-312/third_party/zlib/inflate.o -fvisibility=hidden -fno-wrapv -fno-exceptions -pthread
      gcc -fno-strict-overflow -Wsign-compare -DNDEBUG -g -O3 -Wall -fPIC -D_WIN32_WINNT=1536 -DGRPC_XDS_USER_AGENT_NAME_SUFFIX=\"Python\" -DGRPC_XDS_USER_AGENT_VERSION_SUFFIX=\"1.79.0.dev0\" -DHAVE_CONFIG_H=1 -DGRPC_ENABLE_FORK_SUPPORT=1 -DGRPC_ENABLE_FORK_SUPPORT_DEFAULT=false -DGRPC_PYTHON_BUILD=1 -D__STDC_FORMAT_MACROS "-DPyMODINIT_FUNC=extern \"C\" __attribute__((visibility (\"default\"))) PyObject*" -DGRPC_POSIX_FORK_ALLOW_PTHREAD_ATFORK=1 -Isrc/python/grpcio -Iinclude -I. -Ithird_party/abseil-cpp -Ithird_party/address_sorting/include -Ithird_party/cares/cares/include -Ithird_party/cares -Ithird_party/cares/cares -Ithird_party/cares/cares/src/lib/include -Ithird_party/cares/cares/src/lib -Ithird_party/cares/config_linux -Ithird_party/re2 -Ithird_party/boringssl-with-bazel/src/include -Ithird_party/upb -Isrc/core/ext/upb-gen -Isrc/core/ext/upbdefs-gen -Ithird_party/utf8_range -Ithird_party/xxhash -Ithird_party/zlib -I/usr/local/google/home/ssreenithi/.pyenv/versions/3.12.0/envs/pyvenv_312/include -I/usr/local/google/home/ssreenithi/.pyenv/versions/3.12.0/include/python3.12 -c third_party/utf8_range/utf8_range.c -o pyb/temp.linux-x86_64-cpython-312/third_party/utf8_range/utf8_range.o -fvisibility=hidden -fno-wrapv -fno-exceptions -pthread
      g++ -fno-strict-overflow -Wsign-compare -DNDEBUG -g -O3 -Wall -fPIC -D_WIN32_WINNT=1536 -DGRPC_XDS_USER_AGENT_NAME_SUFFIX=\"Python\" -DGRPC_XDS_USER_AGENT_VERSION_SUFFIX=\"1.79.0.dev0\" -DHAVE_CONFIG_H=1 -DGRPC_ENABLE_FORK_SUPPORT=1 -DGRPC_ENABLE_FORK_SUPPORT_DEFAULT=false -DGRPC_PYTHON_BUILD=1 -D__STDC_FORMAT_MACROS "-DPyMODINIT_FUNC=extern \"C\" __attribute__((visibility (\"default\"))) PyObject*" -DGRPC_POSIX_FORK_ALLOW_PTHREAD_ATFORK=1 -Isrc/python/grpcio -Iinclude -I. -Ithird_party/abseil-cpp -Ithird_party/address_sorting/include -Ithird_party/cares/cares/include -Ithird_party/cares -Ithird_party/cares/cares -Ithird_party/cares/cares/src/lib/include -Ithird_party/cares/cares/src/lib -Ithird_party/cares/config_linux -Ithird_party/re2 -Ithird_party/boringssl-with-bazel/src/include -Ithird_party/upb -Isrc/core/ext/upb-gen -Isrc/core/ext/upbdefs-gen -Ithird_party/utf8_range -Ithird_party/xxhash -Ithird_party/zlib -I/usr/local/google/home/ssreenithi/.pyenv/versions/3.12.0/envs/pyvenv_312/include -I/usr/local/google/home/ssreenithi/.pyenv/versions/3.12.0/include/python3.12 -c third_party/re2/re2/set.cc -o pyb/temp.linux-x86_64-cpython-312/third_party/re2/re2/set.o -std=c++17 -fvisibility=hidden -fno-wrapv -fno-exceptions -pthread
      g++ -fno-strict-overflow -Wsign-compare -DNDEBUG -g -O3 -Wall -fPIC -D_WIN32_WINNT=1536 -DGRPC_XDS_USER_AGENT_NAME_SUFFIX=\"Python\" -DGRPC_XDS_USER_AGENT_VERSION_SUFFIX=\"1.79.0.dev0\" -DHAVE_CONFIG_H=1 -DGRPC_ENABLE_FORK_SUPPORT=1 -DGRPC_ENABLE_FORK_SUPPORT_DEFAULT=false -DGRPC_PYTHON_BUILD=1 -D__STDC_FORMAT_MACROS "-DPyMODINIT_FUNC=extern \"C\" __attribute__((visibility (\"default\"))) PyObject*" -DGRPC_POSIX_FORK_ALLOW_PTHREAD_ATFORK=1 -Isrc/python/grpcio -Iinclude -I. -Ithird_party/abseil-cpp -Ithird_party/address_sorting/include -Ithird_party/cares/cares/include -Ithird_party/cares -Ithird_party/cares/cares -Ithird_party/cares/cares/src/lib/include -Ithird_party/cares/cares/src/lib -Ithird_party/cares/config_linux -Ithird_party/re2 -Ithird_party/boringssl-with-bazel/src/include -Ithird_party/upb -Isrc/core/ext/upb-gen -Isrc/core/ext/upbdefs-gen -Ithird_party/utf8_range -Ithird_party/xxhash -Ithird_party/zlib -I/usr/local/google/home/ssreenithi/.pyenv/versions/3.12.0/envs/pyvenv_312/include -I/usr/local/google/home/ssreenithi/.pyenv/versions/3.12.0/include/python3.12 -c third_party/boringssl-with-bazel/src/ssl/ssl_asn1.cc -o pyb/temp.linux-x86_64-cpython-312/third_party/boringssl-with-bazel/src/ssl/ssl_asn1.o -std=c++17 -fvisibility=hidden -fno-wrapv -fno-exceptions -pthread
      In file included from ./src/core/call/call_filters.h:31:
      In destructor ‘grpc_core::If<bool, T, F>::~If() [with T = grpc_core::CallFilters::PullServerToClientMessage()::<lambda(bool)>::<lambda()>; F = grpc_core::CallFilters::PullServerToClientMessage()::<lambda(bool)>::<lambda()>]’,
          inlined from ‘grpc_core::promise_detail::PromiseLike<grpc_core::If<bool, grpc_core::CallFilters::PullServerToClientMessage()::<lambda(bool)>::<lambda()>, grpc_core::CallFilters::PullServerToClientMessage()::<lambda(bool)>::<lambda()> >, void>::~PromiseLike()’ at ./src/core/lib/promise/detail/promise_like.h:204:7,
          inlined from ‘void grpc_core::Destruct(T*) [with T = promise_detail::PromiseLike<If<bool, CallFilters::PullServerToClientMessage()::<lambda(bool)>::<lambda()>, CallFilters::PullServerToClientMessage()::<lambda(bool)>::<lambda()> >, void>]’ at ./src/core/util/construct_destruct.h:28:8,
          inlined from ‘grpc_core::promise_detail::SeqState<Traits, P, F0>::~SeqState() [with Traits = grpc_core::promise_detail::TrySeqTraits; P = grpc_core::CallFilters::PullServerToClientMessage()::<lambda()>; F0 = grpc_core::CallFilters::PullServerToClientMessage()::<lambda(bool)>]’ at ./src/core/lib/promise/detail/seq_state.h:116:17,
          inlined from ‘grpc_core::promise_detail::TrySeq<grpc_core::CallFilters::PullServerToClientMessage()::<lambda()>, grpc_core::CallFilters::PullServerToClientMessage()::<lambda(bool)> >::~TrySeq()’ at ./src/core/lib/promise/try_seq.h:254:7,
          inlined from ‘grpc_core::promise_detail::PromiseLike<grpc_core::promise_detail::TrySeq<grpc_core::CallFilters::PullServerToClientMessage()::<lambda()>, grpc_core::CallFilters::PullServerToClientMessage()::<lambda(bool)> >, void>::~PromiseLike()’ at ./src/core/lib/promise/detail/promise_like.h:204:7,
          inlined from ‘grpc_core::Map<grpc_core::promise_detail::TrySeq<grpc_core::CallFilters::PullServerToClientMessage()::<lambda()>, grpc_core::CallFilters::PullServerToClientMessage()::<lambda(bool)> >, grpc_core::MessageReceiver::MakeBatchOp<grpc_core::CallInitiator>(const grpc_op&, grpc_core::CallInitiator*)::<lambda()> mutable::<lambda(grpc_core::CallInitiator::NextMessage)> >::~Map()’ at ./src/core/lib/promise/map.h:134:7,
          inlined from ‘grpc_core::promise_detail::PromiseLike<grpc_core::Map<grpc_core::promise_detail::TrySeq<grpc_core::CallFilters::PullServerToClientMessage()::<lambda()>, grpc_core::CallFilters::PullServerToClientMessage()::<lambda(bool)> >, grpc_core::MessageReceiver::MakeBatchOp<grpc_core::CallInitiator>(const grpc_op&, grpc_core::CallInitiator*)::<lambda()> mutable::<lambda(grpc_core::CallInitiator::NextMessage)> >, void>::~PromiseLike()’ at ./src/core/lib/promise/detail/promise_like.h:204:7,
          inlined from ‘void grpc_core::Destruct(T*) [with T = promise_detail::PromiseLike<Map<promise_detail::TrySeq<CallFilters::PullServerToClientMessage()::<lambda()>, CallFilters::PullServerToClientMessage()::<lambda(bool)> >, MessageReceiver::MakeBatchOp<grpc_core::CallInitiator>(const grpc_op&, grpc_core::CallInitiator*)::<lambda()> mutable::<lambda(CallInitiator::NextMessage)> >, void>]’ at ./src/core/util/construct_destruct.h:28:8,
          inlined from ‘grpc_core::OpHandlerImpl<SetupResult, kOp>::~OpHandlerImpl() [with SetupResult = grpc_core::MessageReceiver::MakeBatchOp<grpc_core::CallInitiator>(const grpc_op&, grpc_core::CallInitiator*)::<lambda()>; grpc_op_type kOp = GRPC_OP_RECV_MESSAGE]’ at ./src/core/lib/surface/call_utils.h:195:17,
          inlined from ‘grpc_core::OpHandlerImpl<SetupResult, kOp>::~OpHandlerImpl() [with SetupResult = grpc_core::MessageReceiver::MakeBatchOp<grpc_core::CallInitiator>(const grpc_op&, grpc_core::CallInitiator*)::<lambda()>; grpc_op_type kOp = GRPC_OP_RECV_MESSAGE]’ at ./src/core/lib/surface/call_utils.h:187:3,
          inlined from ‘grpc_core::promise_detail::OncePromiseFactory<void, F>::Promise grpc_core::promise_detail::OncePromiseFactory<void, F>::Make() [with F = grpc_core::OpHandlerImpl<grpc_core::MessageReceiver::MakeBatchOp<grpc_core::CallInitiator>(const grpc_op&, grpc_core::CallInitiator*)::<lambda()>, GRPC_OP_RECV_MESSAGE>]’ at ./src/core/lib/promise/detail/promise_factory.h:250:30,
          inlined from ‘static auto grpc_core::promise_detail::TrySeqTraitsWithSfinae<T, typename std::enable_if<((std::is_same<decltype (grpc_core::IsStatusOk(declval<T>())), bool>::value && (! grpc_core::promise_detail::TakeValueExists<T>::value)) && grpc_core::promise_detail::AllowGenericTrySeqTraits<T>::value), void>::type>::CallFactory(Next*, T&&) [with Next = grpc_core::promise_detail::OncePromiseFactory<void, grpc_core::OpHandlerImpl<grpc_core::MessageReceiver::MakeBatchOp<grpc_core::CallInitiator>(const grpc_op&, grpc_core::CallInitiator*)::<lambda()>, GRPC_OP_RECV_MESSAGE> >; T = grpc_core::StatusFlag]’ at ./src/core/lib/promise/try_seq.h:169:23,
          inlined from ‘grpc_core::Poll<typename Traits<typename grpc_core::promise_detail::OncePromiseFactory<typename Traits<typename grpc_core::promise_detail::PromiseLike<F>::Result>::UnwrappedType, F0>::Promise::Result>::WrappedType> grpc_core::promise_detail::SeqState<Traits, P, F0>::PollOnce() [with Traits = grpc_core::promise_detail::TrySeqTraits; P = grpc_core::OpHandlerImpl<grpc_core::ClientCall::CommitBatch(const grpc_op*, size_t, void*, bool)::<lambda(const grpc_op&)>::<lambda()>, GRPC_OP_RECV_INITIAL_METADATA>; F0 = grpc_core::OpHandlerImpl<grpc_core::MessageReceiver::MakeBatchOp<grpc_core::CallInitiator>(const grpc_op&, grpc_core::CallInitiator*)::<lambda()>, GRPC_OP_RECV_MESSAGE>]’ at ./src/core/lib/promise/detail/seq_state.h:185:14,
          inlined from ‘auto grpc_core::promise_detail::TrySeq<P, Fs>::operator()() [with P = grpc_core::OpHandlerImpl<grpc_core::ClientCall::CommitBatch(const grpc_op*, size_t, void*, bool)::<lambda(const grpc_op&)>::<lambda()>, GRPC_OP_RECV_INITIAL_METADATA>; Fs = {grpc_core::OpHandlerImpl<grpc_core::MessageReceiver::MakeBatchOp<grpc_core::CallInitiator>(const grpc_op&, grpc_core::CallInitiator*)::<lambda()>, GRPC_OP_RECV_MESSAGE>}]’ at ./src/core/lib/promise/try_seq.h:263:28,
          inlined from ‘grpc_core::promise_detail::PromiseLike<F, typename std::enable_if<(! std::is_void<typename std::invoke_result<Releaser>::type>::value), void>::type>::WrappedResult grpc_core::promise_detail::PromiseLike<F, typename std::enable_if<(! std::is_void<typename std::invoke_result<Releaser>::type>::value), void>::type>::operator()() [with F = grpc_core::promise_detail::TrySeq<grpc_core::OpHandlerImpl<grpc_core::ClientCall::CommitBatch(const grpc_op*, size_t, void*, bool)::<lambda(const grpc_op&)>::<lambda()>, GRPC_OP_RECV_INITIAL_METADATA>, grpc_core::OpHandlerImpl<grpc_core::MessageReceiver::MakeBatchOp<grpc_core::CallInitiator>(const grpc_op&, grpc_core::CallInitiator*)::<lambda()>, GRPC_OP_RECV_MESSAGE> >]’ at ./src/core/lib/promise/detail/promise_like.h:216:25,
          inlined from ‘grpc_core::Poll<typename Traits::ResultType<std::tuple<decltype (Traits::Unwrapped(declval<typename grpc_core::promise_detail::PromiseLike<F, void>::Result>())), decltype (Traits::Unwrapped(declval<typename grpc_core::promise_detail::PromiseLike<R, void>::Result>()))> > > grpc_core::promise_detail::JoinState<Traits, P0, P1>::PollOnce() [with Traits = grpc_core::promise_detail::AllOkTraits<grpc_core::StatusFlag>; P0 = grpc_core::promise_detail::TrySeq<grpc_core::OpHandlerImpl<grpc_core::ClientCall::CommitBatch(const grpc_op*, size_t, void*, bool)::<lambda(const grpc_op&)>::<lambda()>, GRPC_OP_SEND_MESSAGE>, grpc_core::OpHandlerImpl<grpc_core::ClientCall::CommitBatch(const grpc_op*, size_t, void*, bool)::<lambda(const grpc_op&)>::<lambda()>, GRPC_OP_SEND_CLOSE_FROM_CLIENT> >; P1 = grpc_core::promise_detail::TrySeq<grpc_core::OpHandlerImpl<grpc_core::ClientCall::CommitBatch(const grpc_op*, size_t, void*, bool)::<lambda(const grpc_op&)>::<lambda()>, GRPC_OP_RECV_INITIAL_METADATA>, grpc_core::OpHandlerImpl<grpc_core::MessageReceiver::MakeBatchOp<grpc_core::CallInitiator>(const grpc_op&, grpc_core::CallInitiator*)::<lambda()>, GRPC_OP_RECV_MESSAGE> >]’ at ./src/core/lib/promise/detail/join_state.h:109:12,
          inlined from ‘auto grpc_core::promise_detail::AllOk<Result, Promises>::operator()() [with Result = grpc_core::StatusFlag; Promises = {grpc_core::promise_detail::TrySeq<grpc_core::OpHandlerImpl<grpc_core::ClientCall::CommitBatch(const grpc_op*, size_t, void*, bool)::<lambda(const grpc_op&)>::<lambda()>, GRPC_OP_SEND_MESSAGE>, grpc_core::OpHandlerImpl<grpc_core::ClientCall::CommitBatch(const grpc_op*, size_t, void*, bool)::<lambda(const grpc_op&)>::<lambda()>, GRPC_OP_SEND_CLOSE_FROM_CLIENT> >, grpc_core::promise_detail::TrySeq<grpc_core::OpHandlerImpl<grpc_core::ClientCall::CommitBatch(const grpc_op*, size_t, void*, bool)::<lambda(const grpc_op&)>::<lambda()>, GRPC_OP_RECV_INITIAL_METADATA>, grpc_core::OpHandlerImpl<grpc_core::MessageReceiver::MakeBatchOp<grpc_core::CallInitiator>(const grpc_op&, grpc_core::CallInitiator*)::<lambda()>, GRPC_OP_RECV_MESSAGE> >}]’ at ./src/core/lib/promise/all_ok.h:99:28,
          inlined from ‘grpc_core::promise_detail::PromiseLike<F, typename std::enable_if<(! std::is_void<typename std::invoke_result<Releaser>::type>::value), void>::type>::WrappedResult grpc_core::promise_detail::PromiseLike<F, typename std::enable_if<(! std::is_void<typename std::invoke_result<Releaser>::type>::value), void>::type>::operator()() [with F = grpc_core::promise_detail::AllOk<grpc_core::StatusFlag, grpc_core::promise_detail::TrySeq<grpc_core::OpHandlerImpl<grpc_core::ClientCall::CommitBatch(const grpc_op*, size_t, void*, bool)::<lambda(const grpc_op&)>::<lambda()>, GRPC_OP_SEND_MESSAGE>, grpc_core::OpHandlerImpl<grpc_core::ClientCall::CommitBatch(const grpc_op*, size_t, void*, bool)::<lambda(const grpc_op&)>::<lambda()>, GRPC_OP_SEND_CLOSE_FROM_CLIENT> >, grpc_core::promise_detail::TrySeq<grpc_core::OpHandlerImpl<grpc_core::ClientCall::CommitBatch(const grpc_op*, size_t, void*, bool)::<lambda(const grpc_op&)>::<lambda()>, GRPC_OP_RECV_INITIAL_METADATA>, grpc_core::OpHandlerImpl<grpc_core::MessageReceiver::MakeBatchOp<grpc_core::CallInitiator>(const grpc_op&, grpc_core::CallInitiator*)::<lambda()>, GRPC_OP_RECV_MESSAGE> > >]’ at ./src/core/lib/promise/detail/promise_like.h:216:25,
          inlined from ‘grpc_core::Poll<typename grpc_core::promise_detail::WrappedFn<Fn, typename grpc_core::promise_detail::PromiseLike<F>::Result>::Result> grpc_core::Map<Promise, Fn>::operator()() [with Promise = grpc_core::promise_detail::AllOk<grpc_core::StatusFlag, grpc_core::promise_detail::TrySeq<grpc_core::OpHandlerImpl<grpc_core::ClientCall::CommitBatch(const grpc_op*, size_t, void*, bool)::<lambda(const grpc_op&)>::<lambda()>, GRPC_OP_SEND_MESSAGE>, grpc_core::OpHandlerImpl<grpc_core::ClientCall::CommitBatch(const grpc_op*, size_t, void*, bool)::<lambda(const grpc_op&)>::<lambda()>, GRPC_OP_SEND_CLOSE_FROM_CLIENT> >, grpc_core::promise_detail::TrySeq<grpc_core::OpHandlerImpl<grpc_core::ClientCall::CommitBatch(const grpc_op*, size_t, void*, bool)::<lambda(const grpc_op&)>::<lambda()>, GRPC_OP_RECV_INITIAL_METADATA>, grpc_core::OpHandlerImpl<grpc_core::MessageReceiver::MakeBatchOp<grpc_core::CallInitiator>(const grpc_op&, grpc_core::CallInitiator*)::<lambda()>, GRPC_OP_RECV_MESSAGE> > >; Fn = grpc_core::ClientCall::CommitBatch(const grpc_op*, size_t, void*, bool)::<lambda(grpc_core::StatusFlag)>]’ at ./src/core/lib/promise/map.h:152:25,
          inlined from ‘grpc_core::promise_detail::PromiseLike<F, typename std::enable_if<(! std::is_void<typename std::invoke_result<Releaser>::type>::value), void>::type>::WrappedResult grpc_core::promise_detail::PromiseLike<F, typename std::enable_if<(! std::is_void<typename std::invoke_result<Releaser>::type>::value), void>::type>::operator()() [with F = grpc_core::Map<grpc_core::promise_detail::AllOk<grpc_core::StatusFlag, grpc_core::promise_detail::TrySeq<grpc_core::OpHandlerImpl<grpc_core::ClientCall::CommitBatch(const grpc_op*, size_t, void*, bool)::<lambda(const grpc_op&)>::<lambda()>, GRPC_OP_SEND_MESSAGE>, grpc_core::OpHandlerImpl<grpc_core::ClientCall::CommitBatch(const grpc_op*, size_t, void*, bool)::<lambda(const grpc_op&)>::<lambda()>, GRPC_OP_SEND_CLOSE_FROM_CLIENT> >, grpc_core::promise_detail::TrySeq<grpc_core::OpHandlerImpl<grpc_core::ClientCall::CommitBatch(const grpc_op*, size_t, void*, bool)::<lambda(const grpc_op&)>::<lambda()>, GRPC_OP_RECV_INITIAL_METADATA>, grpc_core::OpHandlerImpl<grpc_core::MessageReceiver::MakeBatchOp<grpc_core::CallInitiator>(const grpc_op&, grpc_core::CallInitiator*)::<lambda()>, GRPC_OP_RECV_MESSAGE> > >, grpc_core::ClientCall::CommitBatch(const grpc_op*, size_t, void*, bool)::<lambda(grpc_core::StatusFlag)> >]’ at ./src/core/lib/promise/detail/promise_like.h:216:25,
          inlined from ‘grpc_core::Poll<typename Traits<typename grpc_core::promise_detail::OncePromiseFactory<typename Traits<typename grpc_core::promise_detail::PromiseLike<F>::Result>::UnwrappedType, F0>::Promise::Result>::WrappedType> grpc_core::promise_detail::SeqState<Traits, P, F0>::PollOnce() [with Traits = grpc_core::promise_detail::SeqTraits; P = grpc_core::Map<grpc_core::promise_detail::AllOk<grpc_core::StatusFlag, grpc_core::promise_detail::TrySeq<grpc_core::OpHandlerImpl<grpc_core::ClientCall::CommitBatch(const grpc_op*, size_t, void*, bool)::<lambda(const grpc_op&)>::<lambda()>, GRPC_OP_SEND_MESSAGE>, grpc_core::OpHandlerImpl<grpc_core::ClientCall::CommitBatch(const grpc_op*, size_t, void*, bool)::<lambda(const grpc_op&)>::<lambda()>, GRPC_OP_SEND_CLOSE_FROM_CLIENT> >, grpc_core::promise_detail::TrySeq<grpc_core::OpHandlerImpl<grpc_core::ClientCall::CommitBatch(const grpc_op*, size_t, void*, bool)::<lambda(const grpc_op&)>::<lambda()>, GRPC_OP_RECV_INITIAL_METADATA>, grpc_core::OpHandlerImpl<grpc_core::MessageReceiver::MakeBatchOp<grpc_core::CallInitiator>(const grpc_op&, grpc_core::CallInitiator*)::<lambda()>, GRPC_OP_RECV_MESSAGE> > >, grpc_core::ClientCall::CommitBatch(const grpc_op*, size_t, void*, bool)::<lambda(grpc_core::StatusFlag)> >; F0 = grpc_core::FallibleBatch<Map<promise_detail::AllOk<StatusFlag, promise_detail::TrySeq<OpHandlerImpl<ClientCall::CommitBatch(const grpc_op*, size_t, void*, bool)::<lambda(const grpc_op&)>::<lambda()>, GRPC_OP_SEND_MESSAGE>, OpHandlerImpl<ClientCall::CommitBatch(const grpc_op*, size_t, void*, bool)::<lambda(const grpc_op&)>::<lambda()>, GRPC_OP_SEND_CLOSE_FROM_CLIENT> >, promise_detail::TrySeq<OpHandlerImpl<ClientCall::CommitBatch(const grpc_op*, size_t, void*, bool)::<lambda(const grpc_op&)>::<lambda()>, GRPC_OP_RECV_INITIAL_METADATA>, OpHandlerImpl<MessageReceiver::MakeBatchOp<grpc_core::CallInitiator>(const grpc_op&, grpc_core::CallInitiator*)::<lambda()>, GRPC_OP_RECV_MESSAGE> > >, ClientCall::CommitBatch(const grpc_op*, size_t, void*, bool)::<lambda(StatusFlag)> > >(Map<promise_detail::AllOk<StatusFlag, promise_detail::TrySeq<OpHandlerImpl<ClientCall::CommitBatch(const grpc_op*, size_t, void*, bool)::<lambda(const grpc_op&)>::<lambda()>, GRPC_OP_SEND_MESSAGE>, OpHandlerImpl<ClientCall::CommitBatch(const grpc_op*, size_t, void*, bool)::<lambda(const grpc_op&)>::<lambda()>, GRPC_OP_SEND_CLOSE_FROM_CLIENT> >, promise_detail::TrySeq<OpHandlerImpl<ClientCall::CommitBatch(const grpc_op*, size_t, void*, bool)::<lambda(const grpc_op&)>::<lambda()>, GRPC_OP_RECV_INITIAL_METADATA>, OpHandlerImpl<MessageReceiver::MakeBatchOp<grpc_core::CallInitiator>(const grpc_op&, grpc_core::CallInitiator*)::<lambda()>, GRPC_OP_RECV_MESSAGE> > >, ClientCall::CommitBatch(const grpc_op*, size_t, void*, bool)::<lambda(StatusFlag)> >, bool, void*, grpc_completion_queue*)::<lambda()> mutable::<lambda(grpc_core::StatusFlag)>]’ at ./src/core/lib/promise/detail/seq_state.h:167:14,
          inlined from ‘auto grpc_core::promise_detail::Seq<P, Fs>::operator()() [with P = grpc_core::Map<grpc_core::promise_detail::AllOk<grpc_core::StatusFlag, grpc_core::promise_detail::TrySeq<grpc_core::OpHandlerImpl<grpc_core::ClientCall::CommitBatch(const grpc_op*, size_t, void*, bool)::<lambda(const grpc_op&)>::<lambda()>, GRPC_OP_SEND_MESSAGE>, grpc_core::OpHandlerImpl<grpc_core::ClientCall::CommitBatch(const grpc_op*, size_t, void*, bool)::<lambda(const grpc_op&)>::<lambda()>, GRPC_OP_SEND_CLOSE_FROM_CLIENT> >, grpc_core::promise_detail::TrySeq<grpc_core::OpHandlerImpl<grpc_core::ClientCall::CommitBatch(const grpc_op*, size_t, void*, bool)::<lambda(const grpc_op&)>::<lambda()>, GRPC_OP_RECV_INITIAL_METADATA>, grpc_core::OpHandlerImpl<grpc_core::MessageReceiver::MakeBatchOp<grpc_core::CallInitiator>(const grpc_op&, grpc_core::CallInitiator*)::<lambda()>, GRPC_OP_RECV_MESSAGE> > >, grpc_core::ClientCall::CommitBatch(const grpc_op*, size_t, void*, bool)::<lambda(grpc_core::StatusFlag)> >; Fs = {grpc_core::FallibleBatch<Map<promise_detail::AllOk<StatusFlag, promise_detail::TrySeq<OpHandlerImpl<ClientCall::CommitBatch(const grpc_op*, size_t, void*, bool)::<lambda(const grpc_op&)>::<lambda()>, GRPC_OP_SEND_MESSAGE>, OpHandlerImpl<ClientCall::CommitBatch(const grpc_op*, size_t, void*, bool)::<lambda(const grpc_op&)>::<lambda()>, GRPC_OP_SEND_CLOSE_FROM_CLIENT> >, promise_detail::TrySeq<OpHandlerImpl<ClientCall::CommitBatch(const grpc_op*, size_t, void*, bool)::<lambda(const grpc_op&)>::<lambda()>, GRPC_OP_RECV_INITIAL_METADATA>, OpHandlerImpl<MessageReceiver::MakeBatchOp<grpc_core::CallInitiator>(const grpc_op&, grpc_core::CallInitiator*)::<lambda()>, GRPC_OP_RECV_MESSAGE> > >, ClientCall::CommitBatch(const grpc_op*, size_t, void*, bool)::<lambda(StatusFlag)> > >(Map<promise_detail::AllOk<StatusFlag, promise_detail::TrySeq<OpHandlerImpl<ClientCall::CommitBatch(const grpc_op*, size_t, void*, bool)::<lambda(const grpc_op&)>::<lambda()>, GRPC_OP_SEND_MESSAGE>, OpHandlerImpl<ClientCall::CommitBatch(const grpc_op*, size_t, void*, bool)::<lambda(const grpc_op&)>::<lambda()>, GRPC_OP_SEND_CLOSE_FROM_CLIENT> >, promise_detail::TrySeq<OpHandlerImpl<ClientCall::CommitBatch(const grpc_op*, size_t, void*, bool)::<lambda(const grpc_op&)>::<lambda()>, GRPC_OP_RECV_INITIAL_METADATA>, OpHandlerImpl<MessageReceiver::MakeBatchOp<grpc_core::CallInitiator>(const grpc_op&, grpc_core::CallInitiator*)::<lambda()>, GRPC_OP_RECV_MESSAGE> > >, ClientCall::CommitBatch(const grpc_op*, size_t, void*, bool)::<lambda(StatusFlag)> >, bool, void*, grpc_completion_queue*)::<lambda()> mutable::<lambda(grpc_core::StatusFlag)>}]’ at ./src/core/lib/promise/seq.h:108:27,
          inlined from ‘auto grpc_core::PollBatchLogger<F>::operator()() [with F = grpc_core::promise_detail::Seq<grpc_core::Map<grpc_core::promise_detail::AllOk<grpc_core::StatusFlag, grpc_core::promise_detail::TrySeq<grpc_core::OpHandlerImpl<grpc_core::ClientCall::CommitBatch(const grpc_op*, size_t, void*, bool)::<lambda(const grpc_op&)>::<lambda()>, GRPC_OP_SEND_MESSAGE>, grpc_core::OpHandlerImpl<grpc_core::ClientCall::CommitBatch(const grpc_op*, size_t, void*, bool)::<lambda(const grpc_op&)>::<lambda()>, GRPC_OP_SEND_CLOSE_FROM_CLIENT> >, grpc_core::promise_detail::TrySeq<grpc_core::OpHandlerImpl<grpc_core::ClientCall::CommitBatch(const grpc_op*, size_t, void*, bool)::<lambda(const grpc_op&)>::<lambda()>, GRPC_OP_RECV_INITIAL_METADATA>, grpc_core::OpHandlerImpl<grpc_core::MessageReceiver::MakeBatchOp<grpc_core::CallInitiator>(const grpc_op&, grpc_core::CallInitiator*)::<lambda()>, GRPC_OP_RECV_MESSAGE> > >, grpc_core::ClientCall::CommitBatch(const grpc_op*, size_t, void*, bool)::<lambda(grpc_core::StatusFlag)> >, grpc_core::FallibleBatch<Map<promise_detail::AllOk<StatusFlag, promise_detail::TrySeq<OpHandlerImpl<ClientCall::CommitBatch(const grpc_op*, size_t, void*, bool)::<lambda(const grpc_op&)>::<lambda()>, GRPC_OP_SEND_MESSAGE>, OpHandlerImpl<ClientCall::CommitBatch(const grpc_op*, size_t, void*, bool)::<lambda(const grpc_op&)>::<lambda()>, GRPC_OP_SEND_CLOSE_FROM_CLIENT> >, promise_detail::TrySeq<OpHandlerImpl<ClientCall::CommitBatch(const grpc_op*, size_t, void*, bool)::<lambda(const grpc_op&)>::<lambda()>, GRPC_OP_RECV_INITIAL_METADATA>, OpHandlerImpl<MessageReceiver::MakeBatchOp<grpc_core::CallInitiator>(const grpc_op&, grpc_core::CallInitiator*)::<lambda()>, GRPC_OP_RECV_MESSAGE> > >, ClientCall::CommitBatch(const grpc_op*, size_t, void*, bool)::<lambda(StatusFlag)> > >(Map<promise_detail::AllOk<StatusFlag, promise_detail::TrySeq<OpHandlerImpl<ClientCall::CommitBatch(const grpc_op*, size_t, void*, bool)::<lambda(const grpc_op&)>::<lambda()>, GRPC_OP_SEND_MESSAGE>, OpHandlerImpl<ClientCall::CommitBatch(const grpc_op*, size_t, void*, bool)::<lambda(const grpc_op&)>::<lambda()>, GRPC_OP_SEND_CLOSE_FROM_CLIENT> >, promise_detail::TrySeq<OpHandlerImpl<ClientCall::CommitBatch(const grpc_op*, size_t, void*, bool)::<lambda(const grpc_op&)>::<lambda()>, GRPC_OP_RECV_INITIAL_METADATA>, OpHandlerImpl<MessageReceiver::MakeBatchOp<grpc_core::CallInitiator>(const grpc_op&, grpc_core::CallInitiator*)::<lambda()>, GRPC_OP_RECV_MESSAGE> > >, ClientCall::CommitBatch(const grpc_op*, size_t, void*, bool)::<lambda(StatusFlag)> >, bool, void*, grpc_completion_queue*)::<lambda()> mutable::<lambda(grpc_core::StatusFlag)> >]’ at ./src/core/lib/surface/call_utils.h:464:16,
          inlined from ‘grpc_core::promise_detail::PromiseLike<F, typename std::enable_if<(! std::is_void<typename std::invoke_result<Releaser>::type>::value), void>::type>::WrappedResult grpc_core::promise_detail::PromiseLike<F, typename std::enable_if<(! std::is_void<typename std::invoke_result<Releaser>::type>::value), void>::type>::operator()() [with F = grpc_core::PollBatchLogger<grpc_core::promise_detail::Seq<grpc_core::Map<grpc_core::promise_detail::AllOk<grpc_core::StatusFlag, grpc_core::promise_detail::TrySeq<grpc_core::OpHandlerImpl<grpc_core::ClientCall::CommitBatch(const grpc_op*, size_t, void*, bool)::<lambda(const grpc_op&)>::<lambda()>, GRPC_OP_SEND_MESSAGE>, grpc_core::OpHandlerImpl<grpc_core::ClientCall::CommitBatch(const grpc_op*, size_t, void*, bool)::<lambda(const grpc_op&)>::<lambda()>, GRPC_OP_SEND_CLOSE_FROM_CLIENT> >, grpc_core::promise_detail::TrySeq<grpc_core::OpHandlerImpl<grpc_core::ClientCall::CommitBatch(const grpc_op*, size_t, void*, bool)::<lambda(const grpc_op&)>::<lambda()>, GRPC_OP_RECV_INITIAL_METADATA>, grpc_core::OpHandlerImpl<grpc_core::MessageReceiver::MakeBatchOp<grpc_core::CallInitiator>(const grpc_op&, grpc_core::CallInitiator*)::<lambda()>, GRPC_OP_RECV_MESSAGE> > >, grpc_core::ClientCall::CommitBatch(const grpc_op*, size_t, void*, bool)::<lambda(grpc_core::StatusFlag)> >, grpc_core::FallibleBatch<Map<promise_detail::AllOk<StatusFlag, promise_detail::TrySeq<OpHandlerImpl<ClientCall::CommitBatch(const grpc_op*, size_t, void*, bool)::<lambda(const grpc_op&)>::<lambda()>, GRPC_OP_SEND_MESSAGE>, OpHandlerImpl<ClientCall::CommitBatch(const grpc_op*, size_t, void*, bool)::<lambda(const grpc_op&)>::<lambda()>, GRPC_OP_SEND_CLOSE_FROM_CLIENT> >, promise_detail::TrySeq<OpHandlerImpl<ClientCall::CommitBatch(const grpc_op*, size_t, void*, bool)::<lambda(const grpc_op&)>::<lambda()>, GRPC_OP_RECV_INITIAL_METADATA>, OpHandlerImpl<MessageReceiver::MakeBatchOp<grpc_core::CallInitiator>(const grpc_op&, grpc_core::CallInitiator*)::<lambda()>, GRPC_OP_RECV_MESSAGE> > >, ClientCall::CommitBatch(const grpc_op*, size_t, void*, bool)::<lambda(StatusFlag)> > >(Map<promise_detail::AllOk<StatusFlag, promise_detail::TrySeq<OpHandlerImpl<ClientCall::CommitBatch(const grpc_op*, size_t, void*, bool)::<lambda(const grpc_op&)>::<lambda()>, GRPC_OP_SEND_MESSAGE>, OpHandlerImpl<ClientCall::CommitBatch(const grpc_op*, size_t, void*, bool)::<lambda(const grpc_op&)>::<lambda()>, GRPC_OP_SEND_CLOSE_FROM_CLIENT> >, promise_detail::TrySeq<OpHandlerImpl<ClientCall::CommitBatch(const grpc_op*, size_t, void*, bool)::<lambda(const grpc_op&)>::<lambda()>, GRPC_OP_RECV_INITIAL_METADATA>, OpHandlerImpl<MessageReceiver::MakeBatchOp<grpc_core::CallInitiator>(const grpc_op&, grpc_core::CallInitiator*)::<lambda()>, GRPC_OP_RECV_MESSAGE> > >, ClientCall::CommitBatch(const grpc_op*, size_t, void*, bool)::<lambda(StatusFlag)> >, bool, void*, grpc_completion_queue*)::<lambda()> mutable::<lambda(grpc_core::StatusFlag)> > >]’ at ./src/core/lib/promise/detail/promise_like.h:216:25,
          inlined from ‘bool grpc_core::Party::ParticipantImpl<SuppliedFactory, OnComplete>::PollParticipantPromise() [with SuppliedFactory = grpc_core::OnCancelFactory<FallibleBatch<Map<promise_detail::AllOk<StatusFlag, promise_detail::TrySeq<OpHandlerImpl<ClientCall::CommitBatch(const grpc_op*, size_t, void*, bool)::<lambda(const grpc_op&)>::<lambda()>, GRPC_OP_SEND_MESSAGE>, OpHandlerImpl<ClientCall::CommitBatch(const grpc_op*, size_t, void*, bool)::<lambda(const grpc_op&)>::<lambda()>, GRPC_OP_SEND_CLOSE_FROM_CLIENT> >, promise_detail::TrySeq<OpHandlerImpl<ClientCall::CommitBatch(const grpc_op*, size_t, void*, bool)::<lambda(const grpc_op&)>::<lambda()>, GRPC_OP_RECV_INITIAL_METADATA>, OpHandlerImpl<MessageReceiver::MakeBatchOp<grpc_core::CallInitiator>(const grpc_op&, grpc_core::CallInitiator*)::<lambda()>, GRPC_OP_RECV_MESSAGE> > >, ClientCall::CommitBatch(const grpc_op*, size_t, void*, bool)::<lambda(StatusFlag)> > >(Map<promise_detail::AllOk<StatusFlag, promise_detail::TrySeq<OpHandlerImpl<ClientCall::CommitBatch(const grpc_op*, size_t, void*, bool)::<lambda(const grpc_op&)>::<lambda()>, GRPC_OP_SEND_MESSAGE>, OpHandlerImpl<ClientCall::CommitBatch(const grpc_op*, size_t, void*, bool)::<lambda(const grpc_op&)>::<lambda()>, GRPC_OP_SEND_CLOSE_FROM_CLIENT> >, promise_detail::TrySeq<OpHandlerImpl<ClientCall::CommitBatch(const grpc_op*, size_t, void*, bool)::<lambda(const grpc_op&)>::<lambda()>, GRPC_OP_RECV_INITIAL_METADATA>, OpHandlerImpl<MessageReceiver::MakeBatchOp<grpc_core::CallInitiator>(const grpc_op&, grpc_core::CallInitiator*)::<lambda()>, GRPC_OP_RECV_MESSAGE> > >, ClientCall::CommitBatch(const grpc_op*, size_t, void*, bool)::<lambda(StatusFlag)> >, bool, void*, grpc_completion_queue*)::<lambda()>, FallibleBatch<Map<promise_detail::AllOk<StatusFlag, promise_detail::TrySeq<OpHandlerImpl<ClientCall::CommitBatch(const grpc_op*, size_t, void*, bool)::<lambda(const grpc_op&)>::<lambda()>, GRPC_OP_SEND_MESSAGE>, OpHandlerImpl<ClientCall::CommitBatch(const grpc_op*, size_t, void*, bool)::<lambda(const grpc_op&)>::<lambda()>, GRPC_OP_SEND_CLOSE_FROM_CLIENT> >, promise_detail::TrySeq<OpHandlerImpl<ClientCall::CommitBatch(const grpc_op*, size_t, void*, bool)::<lambda(const grpc_op&)>::<lambda()>, GRPC_OP_RECV_INITIAL_METADATA>, OpHandlerImpl<MessageReceiver::MakeBatchOp<grpc_core::CallInitiator>(const grpc_op&, grpc_core::CallInitiator*)::<lambda()>, GRPC_OP_RECV_MESSAGE> > >, ClientCall::CommitBatch(const grpc_op*, size_t, void*, bool)::<lambda(StatusFlag)> > >(Map<promise_detail::AllOk<StatusFlag, promise_detail::TrySeq<OpHandlerImpl<ClientCall::CommitBatch(const grpc_op*, size_t, void*, bool)::<lambda(const grpc_op&)>::<lambda()>, GRPC_OP_SEND_MESSAGE>, OpHandlerImpl<ClientCall::CommitBatch(const grpc_op*, size_t, void*, bool)::<lambda(const grpc_op&)>::<lambda()>, GRPC_OP_SEND_CLOSE_FROM_CLIENT> >, promise_detail::TrySeq<OpHandlerImpl<ClientCall::CommitBatch(const grpc_op*, size_t, void*, bool)::<lambda(const grpc_op&)>::<lambda()>, GRPC_OP_RECV_INITIAL_METADATA>, OpHandlerImpl<MessageReceiver::MakeBatchOp<grpc_core::CallInitiator>(const grpc_op&, grpc_core::CallInitiator*)::<lambda()>, GRPC_OP_RECV_MESSAGE> > >, ClientCall::CommitBatch(const grpc_op*, size_t, void*, bool)::<lambda(StatusFlag)> >, bool, void*, grpc_completion_queue*)::<lambda()> >(FallibleBatch<Map<promise_detail::AllOk<StatusFlag, promise_detail::TrySeq<OpHandlerImpl<ClientCall::CommitBatch(const grpc_op*, size_t, void*, bool)::<lambda(const grpc_op&)>::<lambda()>, GRPC_OP_SEND_MESSAGE>, OpHandlerImpl<ClientCall::CommitBatch(const grpc_op*, size_t, void*, bool)::<lambda(const grpc_op&)>::<lambda()>, GRPC_OP_SEND_CLOSE_FROM_CLIENT> >, promise_detail::TrySeq<OpHandlerImpl<ClientCall::CommitBatch(const grpc_op*, size_t, void*, bool)::<lambda(const grpc_op&)>::<lambda()>, GRPC_OP_RECV_INITIAL_METADATA>, OpHandlerImpl<MessageReceiver::MakeBatchOp<grpc_core::CallInitiator>(const grpc_op&, grpc_core::CallInitiator*)::<lambda()>, GRPC_OP_RECV_MESSAGE> > >, ClientCall::CommitBatch(const grpc_op*, size_t, void*, bool)::<lambda(StatusFlag)> > >(Map<promise_detail::AllOk<StatusFlag, promise_detail::TrySeq<OpHandlerImpl<ClientCall::CommitBatch(const grpc_op*, size_t, void*, bool)::<lambda(const grpc_op&)>::<lambda()>, GRPC_OP_SEND_MESSAGE>, OpHandlerImpl<ClientCall::CommitBatch(const grpc_op*, size_t, void*, bool)::<lambda(const grpc_op&)>::<lambda()>, GRPC_OP_SEND_CLOSE_FROM_CLIENT> >, promise_detail::TrySeq<OpHandlerImpl<ClientCall::CommitBatch(const grpc_op*, size_t, void*, bool)::<lambda(const grpc_op&)>::<lambda()>, GRPC_OP_RECV_INITIAL_METADATA>, OpHandlerImpl<MessageReceiver::MakeBatchOp<grpc_core::CallInitiator>(const grpc_op&, grpc_core::CallInitiator*)::<lambda()>, GRPC_OP_RECV_MESSAGE> > >, ClientCall::CommitBatch(const grpc_op*, size_t, void*, bool)::<lambda(StatusFlag)> >, bool, void*, grpc_completion_queue*)::<lambda()>, FallibleBatch<Map<promise_detail::AllOk<StatusFlag, promise_detail::TrySeq<OpHandlerImpl<ClientCall::CommitBatch(const grpc_op*, size_t, void*, bool)::<lambda(const grpc_op&)>::<lambda()>, GRPC_OP_SEND_MESSAGE>, OpHandlerImpl<ClientCall::CommitBatch(const grpc_op*, size_t, void*, bool)::<lambda(const grpc_op&)>::<lambda()>, GRPC_OP_SEND_CLOSE_FROM_CLIENT> >, promise_detail::TrySeq<OpHandlerImpl<ClientCall::CommitBatch(const grpc_op*, size_t, void*, bool)::<lambda(const grpc_op&)>::<lambda()>, GRPC_OP_RECV_INITIAL_METADATA>, OpHandlerImpl<MessageReceiver::MakeBatchOp<grpc_core::CallInitiator>(const grpc_op&, grpc_core::CallInitiator*)::<lambda()>, GRPC_OP_RECV_MESSAGE> > >, ClientCall::CommitBatch(const grpc_op*, size_t, void*, bool)::<lambda(StatusFlag)> > >(Map<promise_detail::AllOk<StatusFlag, promise_detail::TrySeq<OpHandlerImpl<ClientCall::CommitBatch(const grpc_op*, size_t, void*, bool)::<lambda(const grpc_op&)>::<lambda()>, GRPC_OP_SEND_MESSAGE>, OpHandlerImpl<ClientCall::CommitBatch(const grpc_op*, size_t, void*, bool)::<lambda(const grpc_op&)>::<lambda()>, GRPC_OP_SEND_CLOSE_FROM_CLIENT> >, promise_detail::TrySeq<OpHandlerImpl<ClientCall::CommitBatch(const grpc_op*, size_t, void*, bool)::<lambda(const grpc_op&)>::<lambda()>, GRPC_OP_RECV_INITIAL_METADATA>, OpHandlerImpl<MessageReceiver::MakeBatchOp<grpc_core::CallInitiator>(const grpc_op&, grpc_core::CallInitiator*)::<lambda()>, GRPC_OP_RECV_MESSAGE> > >, ClientCall::CommitBatch(const grpc_op*, size_t, void*, bool)::<lambda(StatusFlag)> >, bool, void*, grpc_completion_queue*)::<lambda()>)::<lambda()>; OnComplete = grpc_core::CallSpine::SpawnInfallible<grpc_core::OnCancelFactory<FallibleBatch<Map<promise_detail::AllOk<StatusFlag, promise_detail::TrySeq<OpHandlerImpl<ClientCall::CommitBatch(const grpc_op*, size_t, void*, bool)::<lambda(const grpc_op&)>::<lambda()>, GRPC_OP_SEND_MESSAGE>, OpHandlerImpl<ClientCall::CommitBatch(const grpc_op*, size_t, void*, bool)::<lambda(const grpc_op&)>::<lambda()>, GRPC_OP_SEND_CLOSE_FROM_CLIENT> >, promise_detail::TrySeq<OpHandlerImpl<ClientCall::CommitBatch(const grpc_op*, size_t, void*, bool)::<lambda(const grpc_op&)>::<lambda()>, GRPC_OP_RECV_INITIAL_METADATA>, OpHandlerImpl<MessageReceiver::MakeBatchOp<grpc_core::CallInitiator>(const grpc_op&, grpc_core::CallInitiator*)::<lambda()>, GRPC_OP_RECV_MESSAGE> > >, ClientCall::CommitBatch(const grpc_op*, size_t, void*, bool)::<lambda(StatusFlag)> > >(Map<promise_detail::AllOk<StatusFlag, promise_detail::TrySeq<OpHandlerImpl<ClientCall::CommitBatch(const grpc_op*, size_t, void*, bool)::<lambda(const grpc_op&)>::<lambda()>, GRPC_OP_SEND_MESSAGE>, OpHandlerImpl<ClientCall::CommitBatch(const grpc_op*, size_t, void*, bool)::<lambda(const grpc_op&)>::<lambda()>, GRPC_OP_SEND_CLOSE_FROM_CLIENT> >, promise_detail::TrySeq<OpHandlerImpl<ClientCall::CommitBatch(const grpc_op*, size_t, void*, bool)::<lambda(const grpc_op&)>::<lambda()>, GRPC_OP_RECV_INITIAL_METADATA>, OpHandlerImpl<MessageReceiver::MakeBatchOp<grpc_core::CallInitiator>(const grpc_op&, grpc_core::CallInitiator*)::<lambda()>, GRPC_OP_RECV_MESSAGE> > >, ClientCall::CommitBatch(const grpc_op*, size_t, void*, bool)::<lambda(StatusFlag)> >, bool, void*, grpc_completion_queue*)::<lambda()>, FallibleBatch<Map<promise_detail::AllOk<StatusFlag, promise_detail::TrySeq<OpHandlerImpl<ClientCall::CommitBatch(const grpc_op*, size_t, void*, bool)::<lambda(const grpc_op&)>::<lambda()>, GRPC_OP_SEND_MESSAGE>, OpHandlerImpl<ClientCall::CommitBatch(const grpc_op*, size_t, void*, bool)::<lambda(const grpc_op&)>::<lambda()>, GRPC_OP_SEND_CLOSE_FROM_CLIENT> >, promise_detail::TrySeq<OpHandlerImpl<ClientCall::CommitBatch(const grpc_op*, size_t, void*, bool)::<lambda(const grpc_op&)>::<lambda()>, GRPC_OP_RECV_INITIAL_METADATA>, OpHandlerImpl<MessageReceiver::MakeBatchOp<grpc_core::CallInitiator>(const grpc_op&, grpc_core::CallInitiator*)::<lambda()>, GRPC_OP_RECV_MESSAGE> > >, ClientCall::CommitBatch(const grpc_op*, size_t, void*, bool)::<lambda(StatusFlag)> > >(Map<promise_detail::AllOk<StatusFlag, promise_detail::TrySeq<OpHandlerImpl<ClientCall::CommitBatch(const grpc_op*, size_t, void*, bool)::<lambda(const grpc_op&)>::<lambda()>, GRPC_OP_SEND_MESSAGE>, OpHandlerImpl<ClientCall::CommitBatch(const grpc_op*, size_t, void*, bool)::<lambda(const grpc_op&)>::<lambda()>, GRPC_OP_SEND_CLOSE_FROM_CLIENT> >, promise_detail::TrySeq<OpHandlerImpl<ClientCall::CommitBatch(const grpc_op*, size_t, void*, bool)::<lambda(const grpc_op&)>::<lambda()>, GRPC_OP_RECV_INITIAL_METADATA>, OpHandlerImpl<MessageReceiver::MakeBatchOp<grpc_core::CallInitiator>(const grpc_op&, grpc_core::CallInitiator*)::<lambda()>, GRPC_OP_RECV_MESSAGE> > >, ClientCall::CommitBatch(const grpc_op*, size_t, void*, bool)::<lambda(StatusFlag)> >, bool, void*, grpc_completion_queue*)::<lambda()> >(FallibleBatch<Map<promise_detail::AllOk<StatusFlag, promise_detail::TrySeq<OpHandlerImpl<ClientCall::CommitBatch(const grpc_op*, size_t, void*, bool)::<lambda(const grpc_op&)>::<lambda()>, GRPC_OP_SEND_MESSAGE>, OpHandlerImpl<ClientCall::CommitBatch(const grpc_op*, size_t, void*, bool)::<lambda(const grpc_op&)>::<lambda()>, GRPC_OP_SEND_CLOSE_FROM_CLIENT> >, promise_detail::TrySeq<OpHandlerImpl<ClientCall::CommitBatch(const grpc_op*, size_t, void*, bool)::<lambda(const grpc_op&)>::<lambda()>, GRPC_OP_RECV_INITIAL_METADATA>, OpHandlerImpl<MessageReceiver::MakeBatchOp<grpc_core::CallInitiator>(const grpc_op&, grpc_core::CallInitiator*)::<lambda()>, GRPC_OP_RECV_MESSAGE> > >, ClientCall::CommitBatch(const grpc_op*, size_t, void*, bool)::<lambda(StatusFlag)> > >(Map<promise_detail::AllOk<StatusFlag, promise_detail::TrySeq<OpHandlerImpl<ClientCall::CommitBatch(const grpc_op*, size_t, void*, bool)::<lambda(const grpc_op&)>::<lambda()>, GRPC_OP_SEND_MESSAGE>, OpHandlerImpl<ClientCall::CommitBatch(const grpc_op*, size_t, void*, bool)::<lambda(const grpc_op&)>::<lambda()>, GRPC_OP_SEND_CLOSE_FROM_CLIENT> >, promise_detail::TrySeq<OpHandlerImpl<ClientCall::CommitBatch(const grpc_op*, size_t, void*, bool)::<lambda(const grpc_op&)>::<lambda()>, GRPC_OP_RECV_INITIAL_METADATA>, OpHandlerImpl<MessageReceiver::MakeBatchOp<grpc_core::CallInitiator>(const grpc_op&, grpc_core::CallInitiator*)::<lambda()>, GRPC_OP_RECV_MESSAGE> > >, ClientCall::CommitBatch(const grpc_op*, size_t, void*, bool)::<lambda(StatusFlag)> >, bool, void*, grpc_completion_queue*)::<lambda()>, FallibleBatch<Map<promise_detail::AllOk<StatusFlag, promise_detail::TrySeq<OpHandlerImpl<ClientCall::CommitBatch(const grpc_op*, size_t, void*, bool)::<lambda(const grpc_op&)>::<lambda()>, GRPC_OP_SEND_MESSAGE>, OpHandlerImpl<ClientCall::CommitBatch(const grpc_op*, size_t, void*, bool)::<lambda(const grpc_op&)>::<lambda()>, GRPC_OP_SEND_CLOSE_FROM_CLIENT> >, promise_detail::TrySeq<OpHandlerImpl<ClientCall::CommitBatch(const grpc_op*, size_t, void*, bool)::<lambda(const grpc_op&)>::<lambda()>, GRPC_OP_RECV_INITIAL_METADATA>, OpHandlerImpl<MessageReceiver::MakeBatchOp<grpc_core::CallInitiator>(const grpc_op&, grpc_core::CallInitiator*)::<lambda()>, GRPC_OP_RECV_MESSAGE> > >, ClientCall::CommitBatch(const grpc_op*, size_t, void*, bool)::<lambda(StatusFlag)> > >(Map<promise_detail::AllOk<StatusFlag, promise_detail::TrySeq<OpHandlerImpl<ClientCall::CommitBatch(const grpc_op*, size_t, void*, bool)::<lambda(const grpc_op&)>::<lambda()>, GRPC_OP_SEND_MESSAGE>, OpHandlerImpl<ClientCall::CommitBatch(const grpc_op*, size_t, void*, bool)::<lambda(const grpc_op&)>::<lambda()>, GRPC_OP_SEND_CLOSE_FROM_CLIENT> >, promise_detail::TrySeq<OpHandlerImpl<ClientCall::CommitBatch(const grpc_op*, size_t, void*, bool)::<lambda(const grpc_op&)>::<lambda()>, GRPC_OP_RECV_INITIAL_METADATA>, OpHandlerImpl<MessageReceiver::MakeBatchOp<grpc_core::CallInitiator>(const grpc_op&, grpc_core::CallInitiator*)::<lambda()>, GRPC_OP_RECV_MESSAGE> > >, ClientCall::CommitBatch(const grpc_op*, size_t, void*, bool)::<lambda(StatusFlag)> >, bool, void*, grpc_completion_queue*)::<lambda()>)::<lambda()> >(absl::lts_20250512::string_view, grpc_core::OnCancelFactory<FallibleBatch<Map<promise_detail::AllOk<StatusFlag, promise_detail::TrySeq<OpHandlerImpl<ClientCall::CommitBatch(const grpc_op*, size_t, void*, bool)::<lambda(const grpc_op&)>::<lambda()>, GRPC_OP_SEND_MESSAGE>, OpHandlerImpl<ClientCall::CommitBatch(const grpc_op*, size_t, void*, bool)::<lambda(const grpc_op&)>::<lambda()>, GRPC_OP_SEND_CLOSE_FROM_CLIENT> >, promise_detail::TrySeq<OpHandlerImpl<ClientCall::CommitBatch(const grpc_op*, size_t, void*, bool)::<lambda(const grpc_op&)>::<lambda()>, GRPC_OP_RECV_INITIAL_METADATA>, OpHandlerImpl<MessageReceiver::MakeBatchOp<grpc_core::CallInitiator>(const grpc_op&, grpc_core::CallInitiator*)::<lambda()>, GRPC_OP_RECV_MESSAGE> > >, ClientCall::CommitBatch(const grpc_op*, size_t, void*, bool)::<lambda(StatusFlag)> > >(Map<promise_detail::AllOk<StatusFlag, promise_detail::TrySeq<OpHandlerImpl<ClientCall::CommitBatch(const grpc_op*, size_t, void*, bool)::<lambda(const grpc_op&)>::<lambda()>, GRPC_OP_SEND_MESSAGE>, OpHandlerImpl<ClientCall::CommitBatch(const grpc_op*, size_t, void*, bool)::<lambda(const grpc_op&)>::<lambda()>, GRPC_OP_SEND_CLOSE_FROM_CLIENT> >, promise_detail::TrySeq<OpHandlerImpl<ClientCall::CommitBatch(const grpc_op*, size_t, void*, bool)::<lambda(const grpc_op&)>::<lambda()>, GRPC_OP_RECV_INITIAL_METADATA>, OpHandlerImpl<MessageReceiver::MakeBatchOp<grpc_core::CallInitiator>(const grpc_op&, grpc_core::CallInitiator*)::<lambda()>, GRPC_OP_RECV_MESSAGE> > >, ClientCall::CommitBatch(const grpc_op*, size_t, void*, bool)::<lambda(StatusFlag)> >, bool, void*, grpc_completion_queue*)::<lambda()>, FallibleBatch<Map<promise_detail::AllOk<StatusFlag, promise_detail::TrySeq<OpHandlerImpl<ClientCall::CommitBatch(const grpc_op*, size_t, void*, bool)::<lambda(const grpc_op&)>::<lambda()>, GRPC_OP_SEND_MESSAGE>, OpHandlerImpl<ClientCall::CommitBatch(const grpc_op*, size_t, void*, bool)::<lambda(const grpc_op&)>::<lambda()>, GRPC_OP_SEND_CLOSE_FROM_CLIENT> >, promise_detail::TrySeq<OpHandlerImpl<ClientCall::CommitBatch(const grpc_op*, size_t, void*, bool)::<lambda(const grpc_op&)>::<lambda()>, GRPC_OP_RECV_INITIAL_METADATA>, OpHandlerImpl<MessageReceiver::MakeBatchOp<grpc_core::CallInitiator>(const grpc_op&, grpc_core::CallInitiator*)::<lambda()>, GRPC_OP_RECV_MESSAGE> > >, ClientCall::CommitBatch(const grpc_op*, size_t, void*, bool)::<lambda(StatusFlag)> > >(Map<promise_detail::AllOk<StatusFlag, promise_detail::TrySeq<OpHandlerImpl<ClientCall::CommitBatch(const grpc_op*, size_t, void*, bool)::<lambda(const grpc_op&)>::<lambda()>, GRPC_OP_SEND_MESSAGE>, OpHandlerImpl<ClientCall::CommitBatch(const grpc_op*, size_t, void*, bool)::<lambda(const grpc_op&)>::<lambda()>, GRPC_OP_SEND_CLOSE_FROM_CLIENT> >, promise_detail::TrySeq<OpHandlerImpl<ClientCall::CommitBatch(const grpc_op*, size_t, void*, bool)::<lambda(const grpc_op&)>::<lambda()>, GRPC_OP_RECV_INITIAL_METADATA>, OpHandlerImpl<MessageReceiver::MakeBatchOp<grpc_core::CallInitiator>(const grpc_op&, grpc_core::CallInitiator*)::<lambda()>, GRPC_OP_RECV_MESSAGE> > >, ClientCall::CommitBatch(const grpc_op*, size_t, void*, bool)::<lambda(StatusFlag)> >, bool, void*, grpc_completion_queue*)::<lambda()> >(FallibleBatch<Map<promise_detail::AllOk<StatusFlag, promise_detail::TrySeq<OpHandlerImpl<ClientCall::CommitBatch(const grpc_op*, size_t, void*, bool)::<lambda(const grpc_op&)>::<lambda()>, GRPC_OP_SEND_MESSAGE>, OpHandlerImpl<ClientCall::CommitBatch(const grpc_op*, size_t, void*, bool)::<lambda(const grpc_op&)>::<lambda()>, GRPC_OP_SEND_CLOSE_FROM_CLIENT> >, promise_detail::TrySeq<OpHandlerImpl<ClientCall::CommitBatch(const grpc_op*, size_t, void*, bool)::<lambda(const grpc_op&)>::<lambda()>, GRPC_OP_RECV_INITIAL_METADATA>, OpHandlerImpl<MessageReceiver::MakeBatchOp<grpc_core::CallInitiator>(const grpc_op&, grpc_core::CallInitiator*)::<lambda()>, GRPC_OP_RECV_MESSAGE> > >, ClientCall::CommitBatch(const grpc_op*, size_t, void*, bool)::<lambda(StatusFlag)> > >(Map<promise_detail::AllOk<StatusFlag, promise_detail::TrySeq<OpHandlerImpl<ClientCall::CommitBatch(const grpc_op*, size_t, void*, bool)::<lambda(const grpc_op&)>::<lambda()>, GRPC_OP_SEND_MESSAGE>, OpHandlerImpl<ClientCall::CommitBatch(const grpc_op*, size_t, void*, bool)::<lambda(const grpc_op&)>::<lambda()>, GRPC_OP_SEND_CLOSE_FROM_CLIENT> >, promise_detail::TrySeq<OpHandlerImpl<ClientCall::CommitBatch(const grpc_op*, size_t, void*, bool)::<lambda(const grpc_op&)>::<lambda()>, GRPC_OP_RECV_INITIAL_METADATA>, OpHandlerImpl<MessageReceiver::MakeBatchOp<grpc_core::CallInitiator>(const grpc_op&, grpc_core::CallInitiator*)::<lambda()>, GRPC_OP_RECV_MESSAGE> > >, ClientCall::CommitBatch(const grpc_op*, size_t, void*, bool)::<lambda(StatusFlag)> >, bool, void*, grpc_completion_queue*)::<lambda()>, FallibleBatch<Map<promise_detail::AllOk<StatusFlag, promise_detail::TrySeq<OpHandlerImpl<ClientCall::CommitBatch(const grpc_op*, size_t, void*, bool)::<lambda(const grpc_op&)>::<lambda()>, GRPC_OP_SEND_MESSAGE>, OpHandlerImpl<ClientCall::CommitBatch(const grpc_op*, size_t, void*, bool)::<lambda(const grpc_op&)>::<lambda()>, GRPC_OP_SEND_CLOSE_FROM_CLIENT> >, promise_detail::TrySeq<OpHandlerImpl<ClientCall::CommitBatch(const grpc_op*, size_t, void*, bool)::<lambda(const grpc_op&)>::<lambda()>, GRPC_OP_RECV_INITIAL_METADATA>, OpHandlerImpl<MessageReceiver::MakeBatchOp<grpc_core::CallInitiator>(const grpc_op&, grpc_core::CallInitiator*)::<lambda()>, GRPC_OP_RECV_MESSAGE> > >, ClientCall::CommitBatch(const grpc_op*, size_t, void*, bool)::<lambda(StatusFlag)> > >(Map<promise_detail::AllOk<StatusFlag, promise_detail::TrySeq<OpHandlerImpl<ClientCall::CommitBatch(const grpc_op*, size_t, void*, bool)::<lambda(const grpc_op&)>::<lambda()>, GRPC_OP_SEND_MESSAGE>, OpHandlerImpl<ClientCall::CommitBatch(const grpc_op*, size_t, void*, bool)::<lambda(const grpc_op&)>::<lambda()>, GRPC_OP_SEND_CLOSE_FROM_CLIENT> >, promise_detail::TrySeq<OpHandlerImpl<ClientCall::CommitBatch(const grpc_op*, size_t, void*, bool)::<lambda(const grpc_op&)>::<lambda()>, GRPC_OP_RECV_INITIAL_METADATA>, OpHandlerImpl<MessageReceiver::MakeBatchOp<grpc_core::CallInitiator>(const grpc_op&, grpc_core::CallInitiator*)::<lambda()>, GRPC_OP_RECV_MESSAGE> > >, ClientCall::CommitBatch(const grpc_op*, size_t, void*, bool)::<lambda(StatusFlag)> >, bool, void*, grpc_completion_queue*)::<lambda()>)::<lambda()>)::<lambda(grpc_core::Empty)>]’ at ./src/core/lib/promise/party.h:454:24:
      ./src/core/lib/promise/if.h:187:9: warning: ‘*(grpc_core::If<bool, grpc_core::CallFilters::PullServerToClientMessage::._anon_467::operator()::._anon_468, grpc_core::CallFilters::PullServerToClientMessage::._anon_467::operator()::._anon_469>*)((char*)&<unnamed> + offsetof(grpc_core::OpHandlerImpl<grpc_core::MessageReceiver::MakeBatchOp::._anon_740, GRPC_OP_RECV_MESSAGE>,grpc_core::OpHandlerImpl<grpc_core::MessageReceiver::MakeBatchOp::._anon_740, GRPC_OP_RECV_MESSAGE>::<unnamed>)).grpc_core::If<bool, grpc_core::CallFilters::PullServerToClientMessage()::<lambda(bool)>::<lambda()>, grpc_core::CallFilters::PullServerToClientMessage()::<lambda(bool)>::<lambda()> >::condition_’ may be used uninitialized [-Wmaybe-uninitialized]
        187 |     if (condition_) {
            |         ^~~~~~~~~~
      ./src/core/lib/promise/detail/promise_factory.h: In member function ‘bool grpc_core::Party::ParticipantImpl<SuppliedFactory, OnComplete>::PollParticipantPromise() [with SuppliedFactory = grpc_core::OnCancelFactory<FallibleBatch<Map<promise_detail::AllOk<StatusFlag, promise_detail::TrySeq<OpHandlerImpl<ClientCall::CommitBatch(const grpc_op*, size_t, void*, bool)::<lambda(const grpc_op&)>::<lambda()>, GRPC_OP_SEND_MESSAGE>, OpHandlerImpl<ClientCall::CommitBatch(const grpc_op*, size_t, void*, bool)::<lambda(const grpc_op&)>::<lambda()>, GRPC_OP_SEND_CLOSE_FROM_CLIENT> >, promise_detail::TrySeq<OpHandlerImpl<ClientCall::CommitBatch(const grpc_op*, size_t, void*, bool)::<lambda(const grpc_op&)>::<lambda()>, GRPC_OP_RECV_INITIAL_METADATA>, OpHandlerImpl<MessageReceiver::MakeBatchOp<grpc_core::CallInitiator>(const grpc_op&, grpc_core::CallInitiator*)::<lambda()>, GRPC_OP_RECV_MESSAGE> > >, ClientCall::CommitBatch(const grpc_op*, size_t, void*, bool)::<lambda(StatusFlag)> > >(Map<promise_detail::AllOk<StatusFlag, promise_detail::TrySeq<OpHandlerImpl<ClientCall::CommitBatch(const grpc_op*, size_t, void*, bool)::<lambda(const grpc_op&)>::<lambda()>, GRPC_OP_SEND_MESSAGE>, OpHandlerImpl<ClientCall::CommitBatch(const grpc_op*, size_t, void*, bool)::<lambda(const grpc_op&)>::<lambda()>, GRPC_OP_SEND_CLOSE_FROM_CLIENT> >, promise_detail::TrySeq<OpHandlerImpl<ClientCall::CommitBatch(const grpc_op*, size_t, void*, bool)::<lambda(const grpc_op&)>::<lambda()>, GRPC_OP_RECV_INITIAL_METADATA>, OpHandlerImpl<MessageReceiver::MakeBatchOp<grpc_core::CallInitiator>(const grpc_op&, grpc_core::CallInitiator*)::<lambda()>, GRPC_OP_RECV_MESSAGE> > >, ClientCall::CommitBatch(const grpc_op*, size_t, void*, bool)::<lambda(StatusFlag)> >, bool, void*, grpc_completion_queue*)::<lambda()>, FallibleBatch<Map<promise_detail::AllOk<StatusFlag, promise_detail::TrySeq<OpHandlerImpl<ClientCall::CommitBatch(const grpc_op*, size_t, void*, bool)::<lambda(const grpc_op&)>::<lambda()>, GRPC_OP_SEND_MESSAGE>, OpHandlerImpl<ClientCall::CommitBatch(const grpc_op*, size_t, void*, bool)::<lambda(const grpc_op&)>::<lambda()>, GRPC_OP_SEND_CLOSE_FROM_CLIENT> >, promise_detail::TrySeq<OpHandlerImpl<ClientCall::CommitBatch(const grpc_op*, size_t, void*, bool)::<lambda(const grpc_op&)>::<lambda()>, GRPC_OP_RECV_INITIAL_METADATA>, OpHandlerImpl<MessageReceiver::MakeBatchOp<grpc_core::CallInitiator>(const grpc_op&, grpc_core::CallInitiator*)::<lambda()>, GRPC_OP_RECV_MESSAGE> > >, ClientCall::CommitBatch(const grpc_op*, size_t, void*, bool)::<lambda(StatusFlag)> > >(Map<promise_detail::AllOk<StatusFlag, promise_detail::TrySeq<OpHandlerImpl<ClientCall::CommitBatch(const grpc_op*, size_t, void*, bool)::<lambda(const grpc_op&)>::<lambda()>, GRPC_OP_SEND_MESSAGE>, OpHandlerImpl<ClientCall::CommitBatch(const grpc_op*, size_t, void*, bool)::<lambda(const grpc_op&)>::<lambda()>, GRPC_OP_SEND_CLOSE_FROM_CLIENT> >, promise_detail::TrySeq<OpHandlerImpl<ClientCall::CommitBatch(const grpc_op*, size_t, void*, bool)::<lambda(const grpc_op&)>::<lambda()>, GRPC_OP_RECV_INITIAL_METADATA>, OpHandlerImpl<MessageReceiver::MakeBatchOp<grpc_core::CallInitiator>(const grpc_op&, grpc_core::CallInitiator*)::<lambda()>, GRPC_OP_RECV_MESSAGE> > >, ClientCall::CommitBatch(const grpc_op*, size_t, void*, bool)::<lambda(StatusFlag)> >, bool, void*, grpc_completion_queue*)::<lambda()> >(FallibleBatch<Map<promise_detail::AllOk<StatusFlag, promise_detail::TrySeq<OpHandlerImpl<ClientCall::CommitBatch(const grpc_op*, size_t, void*, bool)::<lambda(const grpc_op&)>::<lambda()>, GRPC_OP_SEND_MESSAGE>, OpHandlerImpl<ClientCall::CommitBatch(const grpc_op*, size_t, void*, bool)::<lambda(const grpc_op&)>::<lambda()>, GRPC_OP_SEND_CLOSE_FROM_CLIENT> >, promise_detail::TrySeq<OpHandlerImpl<ClientCall::CommitBatch(const grpc_op*, size_t, void*, bool)::<lambda(const grpc_op&)>::<lambda()>, GRPC_OP_RECV_INITIAL_METADATA>, OpHandlerImpl<MessageReceiver::MakeBatchOp<grpc_core::CallInitiator>(const grpc_op&, grpc_core::CallInitiator*)::<lambda()>, GRPC_OP_RECV_MESSAGE> > >, ClientCall::CommitBatch(const grpc_op*, size_t, void*, bool)::<lambda(StatusFlag)> > >(Map<promise_detail::AllOk<StatusFlag, promise_detail::TrySeq<OpHandlerImpl<ClientCall::CommitBatch(const grpc_op*, size_t, void*, bool)::<lambda(const grpc_op&)>::<lambda()>, GRPC_OP_SEND_MESSAGE>, OpHandlerImpl<ClientCall::CommitBatch(const grpc_op*, size_t, void*, bool)::<lambda(const grpc_op&)>::<lambda()>, GRPC_OP_SEND_CLOSE_FROM_CLIENT> >, promise_detail::TrySeq<OpHandlerImpl<ClientCall::CommitBatch(const grpc_op*, size_t, void*, bool)::<lambda(const grpc_op&)>::<lambda()>, GRPC_OP_RECV_INITIAL_METADATA>, OpHandlerImpl<MessageReceiver::MakeBatchOp<grpc_core::CallInitiator>(const grpc_op&, grpc_core::CallInitiator*)::<lambda()>, GRPC_OP_RECV_MESSAGE> > >, ClientCall::CommitBatch(const grpc_op*, size_t, void*, bool)::<lambda(StatusFlag)> >, bool, void*, grpc_completion_queue*)::<lambda()>, FallibleBatch<Map<promise_detail::AllOk<StatusFlag, promise_detail::TrySeq<OpHandlerImpl<ClientCall::CommitBatch(const grpc_op*, size_t, void*, bool)::<lambda(const grpc_op&)>::<lambda()>, GRPC_OP_SEND_MESSAGE>, OpHandlerImpl<ClientCall::CommitBatch(const grpc_op*, size_t, void*, bool)::<lambda(const grpc_op&)>::<lambda()>, GRPC_OP_SEND_CLOSE_FROM_CLIENT> >, promise_detail::TrySeq<OpHandlerImpl<ClientCall::CommitBatch(const grpc_op*, size_t, void*, bool)::<lambda(const grpc_op&)>::<lambda()>, GRPC_OP_RECV_INITIAL_METADATA>, OpHandlerImpl<MessageReceiver::MakeBatchOp<grpc_core::CallInitiator>(const grpc_op&, grpc_core::CallInitiator*)::<lambda()>, GRPC_OP_RECV_MESSAGE> > >, ClientCall::CommitBatch(const grpc_op*, size_t, void*, bool)::<lambda(StatusFlag)> > >(Map<promise_detail::AllOk<StatusFlag, promise_detail::TrySeq<OpHandlerImpl<ClientCall::CommitBatch(const grpc_op*, size_t, void*, bool)::<lambda(const grpc_op&)>::<lambda()>, GRPC_OP_SEND_MESSAGE>, OpHandlerImpl<ClientCall::CommitBatch(const grpc_op*, size_t, void*, bool)::<lambda(const grpc_op&)>::<lambda()>, GRPC_OP_SEND_CLOSE_FROM_CLIENT> >, promise_detail::TrySeq<OpHandlerImpl<ClientCall::CommitBatch(const grpc_op*, size_t, void*, bool)::<lambda(const grpc_op&)>::<lambda()>, GRPC_OP_RECV_INITIAL_METADATA>, OpHandlerImpl<MessageReceiver::MakeBatchOp<grpc_core::CallInitiator>(const grpc_op&, grpc_core::CallInitiator*)::<lambda()>, GRPC_OP_RECV_MESSAGE> > >, ClientCall::CommitBatch(const grpc_op*, size_t, void*, bool)::<lambda(StatusFlag)> >, bool, void*, grpc_completion_queue*)::<lambda()>)::<lambda()>; OnComplete = grpc_core::CallSpine::SpawnInfallible<grpc_core::OnCancelFactory<FallibleBatch<Map<promise_detail::AllOk<StatusFlag, promise_detail::TrySeq<OpHandlerImpl<ClientCall::CommitBatch(const grpc_op*, size_t, void*, bool)::<lambda(const grpc_op&)>::<lambda()>, GRPC_OP_SEND_MESSAGE>, OpHandlerImpl<ClientCall::CommitBatch(const grpc_op*, size_t, void*, bool)::<lambda(const grpc_op&)>::<lambda()>, GRPC_OP_SEND_CLOSE_FROM_CLIENT> >, promise_detail::TrySeq<OpHandlerImpl<ClientCall::CommitBatch(const grpc_op*, size_t, void*, bool)::<lambda(const grpc_op&)>::<lambda()>, GRPC_OP_RECV_INITIAL_METADATA>, OpHandlerImpl<MessageReceiver::MakeBatchOp<grpc_core::CallInitiator>(const grpc_op&, grpc_core::CallInitiator*)::<lambda()>, GRPC_OP_RECV_MESSAGE> > >, ClientCall::CommitBatch(const grpc_op*, size_t, void*, bool)::<lambda(StatusFlag)> > >(Map<promise_detail::AllOk<StatusFlag, promise_detail::TrySeq<OpHandlerImpl<ClientCall::CommitBatch(const grpc_op*, size_t, void*, bool)::<lambda(const grpc_op&)>::<lambda()>, GRPC_OP_SEND_MESSAGE>, OpHandlerImpl<ClientCall::CommitBatch(const grpc_op*, size_t, void*, bool)::<lambda(const grpc_op&)>::<lambda()>, GRPC_OP_SEND_CLOSE_FROM_CLIENT> >, promise_detail::TrySeq<OpHandlerImpl<ClientCall::CommitBatch(const grpc_op*, size_t, void*, bool)::<lambda(const grpc_op&)>::<lambda()>, GRPC_OP_RECV_INITIAL_METADATA>, OpHandlerImpl<MessageReceiver::MakeBatchOp<grpc_core::CallInitiator>(const grpc_op&, grpc_core::CallInitiator*)::<lambda()>, GRPC_OP_RECV_MESSAGE> > >, ClientCall::CommitBatch(const grpc_op*, size_t, void*, bool)::<lambda(StatusFlag)> >, bool, void*, grpc_completion_queue*)::<lambda()>, FallibleBatch<Map<promise_detail::AllOk<StatusFlag, promise_detail::TrySeq<OpHandlerImpl<ClientCall::CommitBatch(const grpc_op*, size_t, void*, bool)::<lambda(const grpc_op&)>::<lambda()>, GRPC_OP_SEND_MESSAGE>, OpHandlerImpl<ClientCall::CommitBatch(const grpc_op*, size_t, void*, bool)::<lambda(const grpc_op&)>::<lambda()>, GRPC_OP_SEND_CLOSE_FROM_CLIENT> >, promise_detail::TrySeq<OpHandlerImpl<ClientCall::CommitBatch(const grpc_op*, size_t, void*, bool)::<lambda(const grpc_op&)>::<lambda()>, GRPC_OP_RECV_INITIAL_METADATA>, OpHandlerImpl<MessageReceiver::MakeBatchOp<grpc_core::CallInitiator>(const grpc_op&, grpc_core::CallInitiator*)::<lambda()>, GRPC_OP_RECV_MESSAGE> > >, ClientCall::CommitBatch(const grpc_op*, size_t, void*, bool)::<lambda(StatusFlag)> > >(Map<promise_detail::AllOk<StatusFlag, promise_detail::TrySeq<OpHandlerImpl<ClientCall::CommitBatch(const grpc_op*, size_t, void*, bool)::<lambda(const grpc_op&)>::<lambda()>, GRPC_OP_SEND_MESSAGE>, OpHandlerImpl<ClientCall::CommitBatch(const grpc_op*, size_t, void*, bool)::<lambda(const grpc_op&)>::<lambda()>, GRPC_OP_SEND_CLOSE_FROM_CLIENT> >, promise_detail::TrySeq<OpHandlerImpl<ClientCall::CommitBatch(const grpc_op*, size_t, void*, bool)::<lambda(const grpc_op&)>::<lambda()>, GRPC_OP_RECV_INITIAL_METADATA>, OpHandlerImpl<MessageReceiver::MakeBatchOp<grpc_core::CallInitiator>(const grpc_op&, grpc_core::CallInitiator*)::<lambda()>, GRPC_OP_RECV_MESSAGE> > >, ClientCall::CommitBatch(const grpc_op*, size_t, void*, bool)::<lambda(StatusFlag)> >, bool, void*, grpc_completion_queue*)::<lambda()> >(FallibleBatch<Map<promise_detail::AllOk<StatusFlag, promise_detail::TrySeq<OpHandlerImpl<ClientCall::CommitBatch(const grpc_op*, size_t, void*, bool)::<lambda(const grpc_op&)>::<lambda()>, GRPC_OP_SEND_MESSAGE>, OpHandlerImpl<ClientCall::CommitBatch(const grpc_op*, size_t, void*, bool)::<lambda(const grpc_op&)>::<lambda()>, GRPC_OP_SEND_CLOSE_FROM_CLIENT> >, promise_detail::TrySeq<OpHandlerImpl<ClientCall::CommitBatch(const grpc_op*, size_t, void*, bool)::<lambda(const grpc_op&)>::<lambda()>, GRPC_OP_RECV_INITIAL_METADATA>, OpHandlerImpl<MessageReceiver::MakeBatchOp<grpc_core::CallInitiator>(const grpc_op&, grpc_core::CallInitiator*)::<lambda()>, GRPC_OP_RECV_MESSAGE> > >, ClientCall::CommitBatch(const grpc_op*, size_t, void*, bool)::<lambda(StatusFlag)> > >(Map<promise_detail::AllOk<StatusFlag, promise_detail::TrySeq<OpHandlerImpl<ClientCall::CommitBatch(const grpc_op*, size_t, void*, bool)::<lambda(const grpc_op&)>::<lambda()>, GRPC_OP_SEND_MESSAGE>, OpHandlerImpl<ClientCall::CommitBatch(const grpc_op*, size_t, void*, bool)::<lambda(const grpc_op&)>::<lambda()>, GRPC_OP_SEND_CLOSE_FROM_CLIENT> >, promise_detail::TrySeq<OpHandlerImpl<ClientCall::CommitBatch(const grpc_op*, size_t, void*, bool)::<lambda(const grpc_op&)>::<lambda()>, GRPC_OP_RECV_INITIAL_METADATA>, OpHandlerImpl<MessageReceiver::MakeBatchOp<grpc_core::CallInitiator>(const grpc_op&, grpc_core::CallInitiator*)::<lambda()>, GRPC_OP_RECV_MESSAGE> > >, ClientCall::CommitBatch(const grpc_op*, size_t, void*, bool)::<lambda(StatusFlag)> >, bool, void*, grpc_completion_queue*)::<lambda()>, FallibleBatch<Map<promise_detail::AllOk<StatusFlag, promise_detail::TrySeq<OpHandlerImpl<ClientCall::CommitBatch(const grpc_op*, size_t, void*, bool)::<lambda(const grpc_op&)>::<lambda()>, GRPC_OP_SEND_MESSAGE>, OpHandlerImpl<ClientCall::CommitBatch(const grpc_op*, size_t, void*, bool)::<lambda(const grpc_op&)>::<lambda()>, GRPC_OP_SEND_CLOSE_FROM_CLIENT> >, promise_detail::TrySeq<OpHandlerImpl<ClientCall::CommitBatch(const grpc_op*, size_t, void*, bool)::<lambda(const grpc_op&)>::<lambda()>, GRPC_OP_RECV_INITIAL_METADATA>, OpHandlerImpl<MessageReceiver::MakeBatchOp<grpc_core::CallInitiator>(const grpc_op&, grpc_core::CallInitiator*)::<lambda()>, GRPC_OP_RECV_MESSAGE> > >, ClientCall::CommitBatch(const grpc_op*, size_t, void*, bool)::<lambda(StatusFlag)> > >(Map<promise_detail::AllOk<StatusFlag, promise_detail::TrySeq<OpHandlerImpl<ClientCall::CommitBatch(const grpc_op*, size_t, void*, bool)::<lambda(const grpc_op&)>::<lambda()>, GRPC_OP_SEND_MESSAGE>, OpHandlerImpl<ClientCall::CommitBatch(const grpc_op*, size_t, void*, bool)::<lambda(const grpc_op&)>::<lambda()>, GRPC_OP_SEND_CLOSE_FROM_CLIENT> >, promise_detail::TrySeq<OpHandlerImpl<ClientCall::CommitBatch(const grpc_op*, size_t, void*, bool)::<lambda(const grpc_op&)>::<lambda()>, GRPC_OP_RECV_INITIAL_METADATA>, OpHandlerImpl<MessageReceiver::MakeBatchOp<grpc_core::CallInitiator>(const grpc_op&, grpc_core::CallInitiator*)::<lambda()>, GRPC_OP_RECV_MESSAGE> > >, ClientCall::CommitBatch(const grpc_op*, size_t, void*, bool)::<lambda(StatusFlag)> >, bool, void*, grpc_completion_queue*)::<lambda()>)::<lambda()> >(absl::lts_20250512::string_view, grpc_core::OnCancelFactory<FallibleBatch<Map<promise_detail::AllOk<StatusFlag, promise_detail::TrySeq<OpHandlerImpl<ClientCall::CommitBatch(const grpc_op*, size_t, void*, bool)::<lambda(const grpc_op&)>::<lambda()>, GRPC_OP_SEND_MESSAGE>, OpHandlerImpl<ClientCall::CommitBatch(const grpc_op*, size_t, void*, bool)::<lambda(const grpc_op&)>::<lambda()>, GRPC_OP_SEND_CLOSE_FROM_CLIENT> >, promise_detail::TrySeq<OpHandlerImpl<ClientCall::CommitBatch(const grpc_op*, size_t, void*, bool)::<lambda(const grpc_op&)>::<lambda()>, GRPC_OP_RECV_INITIAL_METADATA>, OpHandlerImpl<MessageReceiver::MakeBatchOp<grpc_core::CallInitiator>(const grpc_op&, grpc_core::CallInitiator*)::<lambda()>, GRPC_OP_RECV_MESSAGE> > >, ClientCall::CommitBatch(const grpc_op*, size_t, void*, bool)::<lambda(StatusFlag)> > >(Map<promise_detail::AllOk<StatusFlag, promise_detail::TrySeq<OpHandlerImpl<ClientCall::CommitBatch(const grpc_op*, size_t, void*, bool)::<lambda(const grpc_op&)>::<lambda()>, GRPC_OP_SEND_MESSAGE>, OpHandlerImpl<ClientCall::CommitBatch(const grpc_op*, size_t, void*, bool)::<lambda(const grpc_op&)>::<lambda()>, GRPC_OP_SEND_CLOSE_FROM_CLIENT> >, promise_detail::TrySeq<OpHandlerImpl<ClientCall::CommitBatch(const grpc_op*, size_t, void*, bool)::<lambda(const grpc_op&)>::<lambda()>, GRPC_OP_RECV_INITIAL_METADATA>, OpHandlerImpl<MessageReceiver::MakeBatchOp<grpc_core::CallInitiator>(const grpc_op&, grpc_core::CallInitiator*)::<lambda()>, GRPC_OP_RECV_MESSAGE> > >, ClientCall::CommitBatch(const grpc_op*, size_t, void*, bool)::<lambda(StatusFlag)> >, bool, void*, grpc_completion_queue*)::<lambda()>, FallibleBatch<Map<promise_detail::AllOk<StatusFlag, promise_detail::TrySeq<OpHandlerImpl<ClientCall::CommitBatch(const grpc_op*, size_t, void*, bool)::<lambda(const grpc_op&)>::<lambda()>, GRPC_OP_SEND_MESSAGE>, OpHandlerImpl<ClientCall::CommitBatch(const grpc_op*, size_t, void*, bool)::<lambda(const grpc_op&)>::<lambda()>, GRPC_OP_SEND_CLOSE_FROM_CLIENT> >, promise_detail::TrySeq<OpHandlerImpl<ClientCall::CommitBatch(const grpc_op*, size_t, void*, bool)::<lambda(const grpc_op&)>::<lambda()>, GRPC_OP_RECV_INITIAL_METADATA>, OpHandlerImpl<MessageReceiver::MakeBatchOp<grpc_core::CallInitiator>(const grpc_op&, grpc_core::CallInitiator*)::<lambda()>, GRPC_OP_RECV_MESSAGE> > >, ClientCall::CommitBatch(const grpc_op*, size_t, void*, bool)::<lambda(StatusFlag)> > >(Map<promise_detail::AllOk<StatusFlag, promise_detail::TrySeq<OpHandlerImpl<ClientCall::CommitBatch(const grpc_op*, size_t, void*, bool)::<lambda(const grpc_op&)>::<lambda()>, GRPC_OP_SEND_MESSAGE>, OpHandlerImpl<ClientCall::CommitBatch(const grpc_op*, size_t, void*, bool)::<lambda(const grpc_op&)>::<lambda()>, GRPC_OP_SEND_CLOSE_FROM_CLIENT> >, promise_detail::TrySeq<OpHandlerImpl<ClientCall::CommitBatch(const grpc_op*, size_t, void*, bool)::<lambda(const grpc_op&)>::<lambda()>, GRPC_OP_RECV_INITIAL_METADATA>, OpHandlerImpl<MessageReceiver::MakeBatchOp<grpc_core::CallInitiator>(const grpc_op&, grpc_core::CallInitiator*)::<lambda()>, GRPC_OP_RECV_MESSAGE> > >, ClientCall::CommitBatch(const grpc_op*, size_t, void*, bool)::<lambda(StatusFlag)> >, bool, void*, grpc_completion_queue*)::<lambda()> >(FallibleBatch<Map<promise_detail::AllOk<StatusFlag, promise_detail::TrySeq<OpHandlerImpl<ClientCall::CommitBatch(const grpc_op*, size_t, void*, bool)::<lambda(const grpc_op&)>::<lambda()>, GRPC_OP_SEND_MESSAGE>, OpHandlerImpl<ClientCall::CommitBatch(const grpc_op*, size_t, void*, bool)::<lambda(const grpc_op&)>::<lambda()>, GRPC_OP_SEND_CLOSE_FROM_CLIENT> >, promise_detail::TrySeq<OpHandlerImpl<ClientCall::CommitBatch(const grpc_op*, size_t, void*, bool)::<lambda(const grpc_op&)>::<lambda()>, GRPC_OP_RECV_INITIAL_METADATA>, OpHandlerImpl<MessageReceiver::MakeBatchOp<grpc_core::CallInitiator>(const grpc_op&, grpc_core::CallInitiator*)::<lambda()>, GRPC_OP_RECV_MESSAGE> > >, ClientCall::CommitBatch(const grpc_op*, size_t, void*, bool)::<lambda(StatusFlag)> > >(Map<promise_detail::AllOk<StatusFlag, promise_detail::TrySeq<OpHandlerImpl<ClientCall::CommitBatch(const grpc_op*, size_t, void*, bool)::<lambda(const grpc_op&)>::<lambda()>, GRPC_OP_SEND_MESSAGE>, OpHandlerImpl<ClientCall::CommitBatch(const grpc_op*, size_t, void*, bool)::<lambda(const grpc_op&)>::<lambda()>, GRPC_OP_SEND_CLOSE_FROM_CLIENT> >, promise_detail::TrySeq<OpHandlerImpl<ClientCall::CommitBatch(const grpc_op*, size_t, void*, bool)::<lambda(const grpc_op&)>::<lambda()>, GRPC_OP_RECV_INITIAL_METADATA>, OpHandlerImpl<MessageReceiver::MakeBatchOp<grpc_core::CallInitiator>(const grpc_op&, grpc_core::CallInitiator*)::<lambda()>, GRPC_OP_RECV_MESSAGE> > >, ClientCall::CommitBatch(const grpc_op*, size_t, void*, bool)::<lambda(StatusFlag)> >, bool, void*, grpc_completion_queue*)::<lambda()>, FallibleBatch<Map<promise_detail::AllOk<StatusFlag, promise_detail::TrySeq<OpHandlerImpl<ClientCall::CommitBatch(const grpc_op*, size_t, void*, bool)::<lambda(const grpc_op&)>::<lambda()>, GRPC_OP_SEND_MESSAGE>, OpHandlerImpl<ClientCall::CommitBatch(const grpc_op*, size_t, void*, bool)::<lambda(const grpc_op&)>::<lambda()>, GRPC_OP_SEND_CLOSE_FROM_CLIENT> >, promise_detail::TrySeq<OpHandlerImpl<ClientCall::CommitBatch(const grpc_op*, size_t, void*, bool)::<lambda(const grpc_op&)>::<lambda()>, GRPC_OP_RECV_INITIAL_METADATA>, OpHandlerImpl<MessageReceiver::MakeBatchOp<grpc_core::CallInitiator>(const grpc_op&, grpc_core::CallInitiator*)::<lambda()>, GRPC_OP_RECV_MESSAGE> > >, ClientCall::CommitBatch(const grpc_op*, size_t, void*, bool)::<lambda(StatusFlag)> > >(Map<promise_detail::AllOk<StatusFlag, promise_detail::TrySeq<OpHandlerImpl<ClientCall::CommitBatch(const grpc_op*, size_t, void*, bool)::<lambda(const grpc_op&)>::<lambda()>, GRPC_OP_SEND_MESSAGE>, OpHandlerImpl<ClientCall::CommitBatch(const grpc_op*, size_t, void*, bool)::<lambda(const grpc_op&)>::<lambda()>, GRPC_OP_SEND_CLOSE_FROM_CLIENT> >, promise_detail::TrySeq<OpHandlerImpl<ClientCall::CommitBatch(const grpc_op*, size_t, void*, bool)::<lambda(const grpc_op&)>::<lambda()>, GRPC_OP_RECV_INITIAL_METADATA>, OpHandlerImpl<MessageReceiver::MakeBatchOp<grpc_core::CallInitiator>(const grpc_op&, grpc_core::CallInitiator*)::<lambda()>, GRPC_OP_RECV_MESSAGE> > >, ClientCall::CommitBatch(const grpc_op*, size_t, void*, bool)::<lambda(StatusFlag)> >, bool, void*, grpc_completion_queue*)::<lambda()>)::<lambda()>)::<lambda(grpc_core::Empty)>]’:
      ./src/core/lib/promise/detail/promise_factory.h:250:30: note: ‘<anonymous>’ declared here
        250 |     return PromiseFactoryImpl(OnceToken{}, std::move(f_));
            |            ~~~~~~~~~~~~~~~~~~^~~~~~~~~~~~~~~~~~~~~~~~~~~~
      In destructor ‘grpc_core::filters_detail::OperationExecutor<T>::~OperationExecutor() [with T = std::unique_ptr<grpc_core::Message, grpc_core::Arena::PooledDeleter>]’,
          inlined from ‘grpc_core::CallFilters::MessageExecutor<&grpc_core::CallFilters::push_server_to_client_message_, &grpc_core::filters_detail::StackData::server_to_client_messages, &grpc_core::CallState::FinishPullServerToClientMessage, std::reverse_iterator<const grpc_core::CallFilters::AddedStack*> >::~MessageExecutor()’ at ./src/core/call/call_filters.h:1886:9,
          inlined from ‘grpc_core::promise_detail::PromiseLike<grpc_core::CallFilters::MessageExecutor<&grpc_core::CallFilters::push_server_to_client_message_, &grpc_core::filters_detail::StackData::server_to_client_messages, &grpc_core::CallState::FinishPullServerToClientMessage, std::reverse_iterator<const grpc_core::CallFilters::AddedStack*> >, void>::~PromiseLike()’ at ./src/core/lib/promise/detail/promise_like.h:204:7,
          inlined from ‘void grpc_core::Destruct(T*) [with T = promise_detail::PromiseLike<CallFilters::MessageExecutor<&CallFilters::push_server_to_client_message_, &filters_detail::StackData::server_to_client_messages, &CallState::FinishPullServerToClientMessage, std::reverse_iterator<const CallFilters::AddedStack*> >, void>]’ at ./src/core/util/construct_destruct.h:28:8,
          inlined from ‘grpc_core::If<bool, T, F>::~If() [with T = grpc_core::CallFilters::PullServerToClientMessage()::<lambda(bool)>::<lambda()>; F = grpc_core::CallFilters::PullServerToClientMessage()::<lambda(bool)>::<lambda()>]’ at ./src/core/lib/promise/if.h:188:15,
          inlined from ‘grpc_core::promise_detail::PromiseLike<grpc_core::If<bool, grpc_core::CallFilters::PullServerToClientMessage()::<lambda(bool)>::<lambda()>, grpc_core::CallFilters::PullServerToClientMessage()::<lambda(bool)>::<lambda()> >, void>::~PromiseLike()’ at ./src/core/lib/promise/detail/promise_like.h:204:7,
          inlined from ‘void grpc_core::Destruct(T*) [with T = promise_detail::PromiseLike<If<bool, CallFilters::PullServerToClientMessage()::<lambda(bool)>::<lambda()>, CallFilters::PullServerToClientMessage()::<lambda(bool)>::<lambda()> >, void>]’ at ./src/core/util/construct_destruct.h:28:8,
          inlined from ‘grpc_core::promise_detail::SeqState<Traits, P, F0>::~SeqState() [with Traits = grpc_core::promise_detail::TrySeqTraits; P = grpc_core::CallFilters::PullServerToClientMessage()::<lambda()>; F0 = grpc_core::CallFilters::PullServerToClientMessage()::<lambda(bool)>]’ at ./src/core/lib/promise/detail/seq_state.h:116:17,
          inlined from ‘grpc_core::promise_detail::TrySeq<grpc_core::CallFilters::PullServerToClientMessage()::<lambda()>, grpc_core::CallFilters::PullServerToClientMessage()::<lambda(bool)> >::~TrySeq()’ at ./src/core/lib/promise/try_seq.h:254:7,
          inlined from ‘grpc_core::promise_detail::PromiseLike<grpc_core::promise_detail::TrySeq<grpc_core::CallFilters::PullServerToClientMessage()::<lambda()>, grpc_core::CallFilters::PullServerToClientMessage()::<lambda(bool)> >, void>::~PromiseLike()’ at ./src/core/lib/promise/detail/promise_like.h:204:7,
          inlined from ‘grpc_core::Map<grpc_core::promise_detail::TrySeq<grpc_core::CallFilters::PullServerToClientMessage()::<lambda()>, grpc_core::CallFilters::PullServerToClientMessage()::<lambda(bool)> >, grpc_core::MessageReceiver::MakeBatchOp<grpc_core::CallInitiator>(const grpc_op&, grpc_core::CallInitiator*)::<lambda()> mutable::<lambda(grpc_core::CallInitiator::NextMessage)> >::~Map()’ at ./src/core/lib/promise/map.h:134:7,
          inlined from ‘grpc_core::promise_detail::PromiseLike<grpc_core::Map<grpc_core::promise_detail::TrySeq<grpc_core::CallFilters::PullServerToClientMessage()::<lambda()>, grpc_core::CallFilters::PullServerToClientMessage()::<lambda(bool)> >, grpc_core::MessageReceiver::MakeBatchOp<grpc_core::CallInitiator>(const grpc_op&, grpc_core::CallInitiator*)::<lambda()> mutable::<lambda(grpc_core::CallInitiator::NextMessage)> >, void>::~PromiseLike()’ at ./src/core/lib/promise/detail/promise_like.h:204:7,
          inlined from ‘void grpc_core::Destruct(T*) [with T = promise_detail::PromiseLike<Map<promise_detail::TrySeq<CallFilters::PullServerToClientMessage()::<lambda()>, CallFilters::PullServerToClientMessage()::<lambda(bool)> >, MessageReceiver::MakeBatchOp<grpc_core::CallInitiator>(const grpc_op&, grpc_core::CallInitiator*)::<lambda()> mutable::<lambda(CallInitiator::NextMessage)> >, void>]’ at ./src/core/util/construct_destruct.h:28:8,
          inlined from ‘grpc_core::OpHandlerImpl<SetupResult, kOp>::~OpHandlerImpl() [with SetupResult = grpc_core::MessageReceiver::MakeBatchOp<grpc_core::CallInitiator>(const grpc_op&, grpc_core::CallInitiator*)::<lambda()>; grpc_op_type kOp = GRPC_OP_RECV_MESSAGE]’ at ./src/core/lib/surface/call_utils.h:195:17,
          inlined from ‘grpc_core::OpHandlerImpl<SetupResult, kOp>::~OpHandlerImpl() [with SetupResult = grpc_core::MessageReceiver::MakeBatchOp<grpc_core::CallInitiator>(const grpc_op&, grpc_core::CallInitiator*)::<lambda()>; grpc_op_type kOp = GRPC_OP_RECV_MESSAGE]’ at ./src/core/lib/surface/call_utils.h:187:3,
          inlined from ‘grpc_core::promise_detail::OncePromiseFactory<void, F>::Promise grpc_core::promise_detail::OncePromiseFactory<void, F>::Make() [with F = grpc_core::OpHandlerImpl<grpc_core::MessageReceiver::MakeBatchOp<grpc_core::CallInitiator>(const grpc_op&, grpc_core::CallInitiator*)::<lambda()>, GRPC_OP_RECV_MESSAGE>]’ at ./src/core/lib/promise/detail/promise_factory.h:250:30,
          inlined from ‘static auto grpc_core::promise_detail::TrySeqTraitsWithSfinae<T, typename std::enable_if<((std::is_same<decltype (grpc_core::IsStatusOk(declval<T>())), bool>::value && (! grpc_core::promise_detail::TakeValueExists<T>::value)) && grpc_core::promise_detail::AllowGenericTrySeqTraits<T>::value), void>::type>::CallFactory(Next*, T&&) [with Next = grpc_core::promise_detail::OncePromiseFactory<void, grpc_core::OpHandlerImpl<grpc_core::MessageReceiver::MakeBatchOp<grpc_core::CallInitiator>(const grpc_op&, grpc_core::CallInitiator*)::<lambda()>, GRPC_OP_RECV_MESSAGE> >; T = grpc_core::StatusFlag]’ at ./src/core/lib/promise/try_seq.h:169:23,
          inlined from ‘grpc_core::Poll<typename Traits<typename grpc_core::promise_detail::OncePromiseFactory<typename Traits<typename grpc_core::promise_detail::PromiseLike<F>::Result>::UnwrappedType, F0>::Promise::Result>::WrappedType> grpc_core::promise_detail::SeqState<Traits, P, F0>::PollOnce() [with Traits = grpc_core::promise_detail::TrySeqTraits; P = grpc_core::OpHandlerImpl<grpc_core::ClientCall::CommitBatch(const grpc_op*, size_t, void*, bool)::<lambda(const grpc_op&)>::<lambda()>, GRPC_OP_RECV_INITIAL_METADATA>; F0 = grpc_core::OpHandlerImpl<grpc_core::MessageReceiver::MakeBatchOp<grpc_core::CallInitiator>(const grpc_op&, grpc_core::CallInitiator*)::<lambda()>, GRPC_OP_RECV_MESSAGE>]’ at ./src/core/lib/promise/detail/seq_state.h:185:14,
          inlined from ‘auto grpc_core::promise_detail::TrySeq<P, Fs>::operator()() [with P = grpc_core::OpHandlerImpl<grpc_core::ClientCall::CommitBatch(const grpc_op*, size_t, void*, bool)::<lambda(const grpc_op&)>::<lambda()>, GRPC_OP_RECV_INITIAL_METADATA>; Fs = {grpc_core::OpHandlerImpl<grpc_core::MessageReceiver::MakeBatchOp<grpc_core::CallInitiator>(const grpc_op&, grpc_core::CallInitiator*)::<lambda()>, GRPC_OP_RECV_MESSAGE>}]’ at ./src/core/lib/promise/try_seq.h:263:28,
          inlined from ‘grpc_core::promise_detail::PromiseLike<F, typename std::enable_if<(! std::is_void<typename std::invoke_result<Releaser>::type>::value), void>::type>::WrappedResult grpc_core::promise_detail::PromiseLike<F, typename std::enable_if<(! std::is_void<typename std::invoke_result<Releaser>::type>::value), void>::type>::operator()() [with F = grpc_core::promise_detail::TrySeq<grpc_core::OpHandlerImpl<grpc_core::ClientCall::CommitBatch(const grpc_op*, size_t, void*, bool)::<lambda(const grpc_op&)>::<lambda()>, GRPC_OP_RECV_INITIAL_METADATA>, grpc_core::OpHandlerImpl<grpc_core::MessageReceiver::MakeBatchOp<grpc_core::CallInitiator>(const grpc_op&, grpc_core::CallInitiator*)::<lambda()>, GRPC_OP_RECV_MESSAGE> >]’ at ./src/core/lib/promise/detail/promise_like.h:216:25,
          inlined from ‘grpc_core::Poll<typename Traits::ResultType<std::tuple<decltype (Traits::Unwrapped(declval<typename grpc_core::promise_detail::PromiseLike<F, void>::Result>())), decltype (Traits::Unwrapped(declval<typename grpc_core::promise_detail::PromiseLike<R, void>::Result>()))> > > grpc_core::promise_detail::JoinState<Traits, P0, P1>::PollOnce() [with Traits = grpc_core::promise_detail::AllOkTraits<grpc_core::StatusFlag>; P0 = grpc_core::promise_detail::TrySeq<grpc_core::OpHandlerImpl<grpc_core::ClientCall::CommitBatch(const grpc_op*, size_t, void*, bool)::<lambda(const grpc_op&)>::<lambda()>, GRPC_OP_SEND_MESSAGE>, grpc_core::OpHandlerImpl<grpc_core::ClientCall::CommitBatch(const grpc_op*, size_t, void*, bool)::<lambda(const grpc_op&)>::<lambda()>, GRPC_OP_SEND_CLOSE_FROM_CLIENT> >; P1 = grpc_core::promise_detail::TrySeq<grpc_core::OpHandlerImpl<grpc_core::ClientCall::CommitBatch(const grpc_op*, size_t, void*, bool)::<lambda(const grpc_op&)>::<lambda()>, GRPC_OP_RECV_INITIAL_METADATA>, grpc_core::OpHandlerImpl<grpc_core::MessageReceiver::MakeBatchOp<grpc_core::CallInitiator>(const grpc_op&, grpc_core::CallInitiator*)::<lambda()>, GRPC_OP_RECV_MESSAGE> >]’ at ./src/core/lib/promise/detail/join_state.h:109:12,
          inlined from ‘auto grpc_core::promise_detail::AllOk<Result, Promises>::operator()() [with Result = grpc_core::StatusFlag; Promises = {grpc_core::promise_detail::TrySeq<grpc_core::OpHandlerImpl<grpc_core::ClientCall::CommitBatch(const grpc_op*, size_t, void*, bool)::<lambda(const grpc_op&)>::<lambda()>, GRPC_OP_SEND_MESSAGE>, grpc_core::OpHandlerImpl<grpc_core::ClientCall::CommitBatch(const grpc_op*, size_t, void*, bool)::<lambda(const grpc_op&)>::<lambda()>, GRPC_OP_SEND_CLOSE_FROM_CLIENT> >, grpc_core::promise_detail::TrySeq<grpc_core::OpHandlerImpl<grpc_core::ClientCall::CommitBatch(const grpc_op*, size_t, void*, bool)::<lambda(const grpc_op&)>::<lambda()>, GRPC_OP_RECV_INITIAL_METADATA>, grpc_core::OpHandlerImpl<grpc_core::MessageReceiver::MakeBatchOp<grpc_core::CallInitiator>(const grpc_op&, grpc_core::CallInitiator*)::<lambda()>, GRPC_OP_RECV_MESSAGE> >}]’ at ./src/core/lib/promise/all_ok.h:99:28,
          inlined from ‘grpc_core::promise_detail::PromiseLike<F, typename std::enable_if<(! std::is_void<typename std::invoke_result<Releaser>::type>::value), void>::type>::WrappedResult grpc_core::promise_detail::PromiseLike<F, typename std::enable_if<(! std::is_void<typename std::invoke_result<Releaser>::type>::value), void>::type>::operator()() [with F = grpc_core::promise_detail::AllOk<grpc_core::StatusFlag, grpc_core::promise_detail::TrySeq<grpc_core::OpHandlerImpl<grpc_core::ClientCall::CommitBatch(const grpc_op*, size_t, void*, bool)::<lambda(const grpc_op&)>::<lambda()>, GRPC_OP_SEND_MESSAGE>, grpc_core::OpHandlerImpl<grpc_core::ClientCall::CommitBatch(const grpc_op*, size_t, void*, bool)::<lambda(const grpc_op&)>::<lambda()>, GRPC_OP_SEND_CLOSE_FROM_CLIENT> >, grpc_core::promise_detail::TrySeq<grpc_core::OpHandlerImpl<grpc_core::ClientCall::CommitBatch(const grpc_op*, size_t, void*, bool)::<lambda(const grpc_op&)>::<lambda()>, GRPC_OP_RECV_INITIAL_METADATA>, grpc_core::OpHandlerImpl<grpc_core::MessageReceiver::MakeBatchOp<grpc_core::CallInitiator>(const grpc_op&, grpc_core::CallInitiator*)::<lambda()>, GRPC_OP_RECV_MESSAGE> > >]’ at ./src/core/lib/promise/detail/promise_like.h:216:25,
          inlined from ‘grpc_core::Poll<typename grpc_core::promise_detail::WrappedFn<Fn, typename grpc_core::promise_detail::PromiseLike<F>::Result>::Result> grpc_core::Map<Promise, Fn>::operator()() [with Promise = grpc_core::promise_detail::AllOk<grpc_core::StatusFlag, grpc_core::promise_detail::TrySeq<grpc_core::OpHandlerImpl<grpc_core::ClientCall::CommitBatch(const grpc_op*, size_t, void*, bool)::<lambda(const grpc_op&)>::<lambda()>, GRPC_OP_SEND_MESSAGE>, grpc_core::OpHandlerImpl<grpc_core::ClientCall::CommitBatch(const grpc_op*, size_t, void*, bool)::<lambda(const grpc_op&)>::<lambda()>, GRPC_OP_SEND_CLOSE_FROM_CLIENT> >, grpc_core::promise_detail::TrySeq<grpc_core::OpHandlerImpl<grpc_core::ClientCall::CommitBatch(const grpc_op*, size_t, void*, bool)::<lambda(const grpc_op&)>::<lambda()>, GRPC_OP_RECV_INITIAL_METADATA>, grpc_core::OpHandlerImpl<grpc_core::MessageReceiver::MakeBatchOp<grpc_core::CallInitiator>(const grpc_op&, grpc_core::CallInitiator*)::<lambda()>, GRPC_OP_RECV_MESSAGE> > >; Fn = grpc_core::ClientCall::CommitBatch(const grpc_op*, size_t, void*, bool)::<lambda(grpc_core::StatusFlag)>]’ at ./src/core/lib/promise/map.h:152:25,
          inlined from ‘grpc_core::promise_detail::PromiseLike<F, typename std::enable_if<(! std::is_void<typename std::invoke_result<Releaser>::type>::value), void>::type>::WrappedResult grpc_core::promise_detail::PromiseLike<F, typename std::enable_if<(! std::is_void<typename std::invoke_result<Releaser>::type>::value), void>::type>::operator()() [with F = grpc_core::Map<grpc_core::promise_detail::AllOk<grpc_core::StatusFlag, grpc_core::promise_detail::TrySeq<grpc_core::OpHandlerImpl<grpc_core::ClientCall::CommitBatch(const grpc_op*, size_t, void*, bool)::<lambda(const grpc_op&)>::<lambda()>, GRPC_OP_SEND_MESSAGE>, grpc_core::OpHandlerImpl<grpc_core::ClientCall::CommitBatch(const grpc_op*, size_t, void*, bool)::<lambda(const grpc_op&)>::<lambda()>, GRPC_OP_SEND_CLOSE_FROM_CLIENT> >, grpc_core::promise_detail::TrySeq<grpc_core::OpHandlerImpl<grpc_core::ClientCall::CommitBatch(const grpc_op*, size_t, void*, bool)::<lambda(const grpc_op&)>::<lambda()>, GRPC_OP_RECV_INITIAL_METADATA>, grpc_core::OpHandlerImpl<grpc_core::MessageReceiver::MakeBatchOp<grpc_core::CallInitiator>(const grpc_op&, grpc_core::CallInitiator*)::<lambda()>, GRPC_OP_RECV_MESSAGE> > >, grpc_core::ClientCall::CommitBatch(const grpc_op*, size_t, void*, bool)::<lambda(grpc_core::StatusFlag)> >]’ at ./src/core/lib/promise/detail/promise_like.h:216:25,
          inlined from ‘grpc_core::Poll<typename Traits<typename grpc_core::promise_detail::OncePromiseFactory<typename Traits<typename grpc_core::promise_detail::PromiseLike<F>::Result>::UnwrappedType, F0>::Promise::Result>::WrappedType> grpc_core::promise_detail::SeqState<Traits, P, F0>::PollOnce() [with Traits = grpc_core::promise_detail::SeqTraits; P = grpc_core::Map<grpc_core::promise_detail::AllOk<grpc_core::StatusFlag, grpc_core::promise_detail::TrySeq<grpc_core::OpHandlerImpl<grpc_core::ClientCall::CommitBatch(const grpc_op*, size_t, void*, bool)::<lambda(const grpc_op&)>::<lambda()>, GRPC_OP_SEND_MESSAGE>, grpc_core::OpHandlerImpl<grpc_core::ClientCall::CommitBatch(const grpc_op*, size_t, void*, bool)::<lambda(const grpc_op&)>::<lambda()>, GRPC_OP_SEND_CLOSE_FROM_CLIENT> >, grpc_core::promise_detail::TrySeq<grpc_core::OpHandlerImpl<grpc_core::ClientCall::CommitBatch(const grpc_op*, size_t, void*, bool)::<lambda(const grpc_op&)>::<lambda()>, GRPC_OP_RECV_INITIAL_METADATA>, grpc_core::OpHandlerImpl<grpc_core::MessageReceiver::MakeBatchOp<grpc_core::CallInitiator>(const grpc_op&, grpc_core::CallInitiator*)::<lambda()>, GRPC_OP_RECV_MESSAGE> > >, grpc_core::ClientCall::CommitBatch(const grpc_op*, size_t, void*, bool)::<lambda(grpc_core::StatusFlag)> >; F0 = grpc_core::FallibleBatch<Map<promise_detail::AllOk<StatusFlag, promise_detail::TrySeq<OpHandlerImpl<ClientCall::CommitBatch(const grpc_op*, size_t, void*, bool)::<lambda(const grpc_op&)>::<lambda()>, GRPC_OP_SEND_MESSAGE>, OpHandlerImpl<ClientCall::CommitBatch(const grpc_op*, size_t, void*, bool)::<lambda(const grpc_op&)>::<lambda()>, GRPC_OP_SEND_CLOSE_FROM_CLIENT> >, promise_detail::TrySeq<OpHandlerImpl<ClientCall::CommitBatch(const grpc_op*, size_t, void*, bool)::<lambda(const grpc_op&)>::<lambda()>, GRPC_OP_RECV_INITIAL_METADATA>, OpHandlerImpl<MessageReceiver::MakeBatchOp<grpc_core::CallInitiator>(const grpc_op&, grpc_core::CallInitiator*)::<lambda()>, GRPC_OP_RECV_MESSAGE> > >, ClientCall::CommitBatch(const grpc_op*, size_t, void*, bool)::<lambda(StatusFlag)> > >(Map<promise_detail::AllOk<StatusFlag, promise_detail::TrySeq<OpHandlerImpl<ClientCall::CommitBatch(const grpc_op*, size_t, void*, bool)::<lambda(const grpc_op&)>::<lambda()>, GRPC_OP_SEND_MESSAGE>, OpHandlerImpl<ClientCall::CommitBatch(const grpc_op*, size_t, void*, bool)::<lambda(const grpc_op&)>::<lambda()>, GRPC_OP_SEND_CLOSE_FROM_CLIENT> >, promise_detail::TrySeq<OpHandlerImpl<ClientCall::CommitBatch(const grpc_op*, size_t, void*, bool)::<lambda(const grpc_op&)>::<lambda()>, GRPC_OP_RECV_INITIAL_METADATA>, OpHandlerImpl<MessageReceiver::MakeBatchOp<grpc_core::CallInitiator>(const grpc_op&, grpc_core::CallInitiator*)::<lambda()>, GRPC_OP_RECV_MESSAGE> > >, ClientCall::CommitBatch(const grpc_op*, size_t, void*, bool)::<lambda(StatusFlag)> >, bool, void*, grpc_completion_queue*)::<lambda()> mutable::<lambda(grpc_core::StatusFlag)>]’ at ./src/core/lib/promise/detail/seq_state.h:167:14,
          inlined from ‘auto grpc_core::promise_detail::Seq<P, Fs>::operator()() [with P = grpc_core::Map<grpc_core::promise_detail::AllOk<grpc_core::StatusFlag, grpc_core::promise_detail::TrySeq<grpc_core::OpHandlerImpl<grpc_core::ClientCall::CommitBatch(const grpc_op*, size_t, void*, bool)::<lambda(const grpc_op&)>::<lambda()>, GRPC_OP_SEND_MESSAGE>, grpc_core::OpHandlerImpl<grpc_core::ClientCall::CommitBatch(const grpc_op*, size_t, void*, bool)::<lambda(const grpc_op&)>::<lambda()>, GRPC_OP_SEND_CLOSE_FROM_CLIENT> >, grpc_core::promise_detail::TrySeq<grpc_core::OpHandlerImpl<grpc_core::ClientCall::CommitBatch(const grpc_op*, size_t, void*, bool)::<lambda(const grpc_op&)>::<lambda()>, GRPC_OP_RECV_INITIAL_METADATA>, grpc_core::OpHandlerImpl<grpc_core::MessageReceiver::MakeBatchOp<grpc_core::CallInitiator>(const grpc_op&, grpc_core::CallInitiator*)::<lambda()>, GRPC_OP_RECV_MESSAGE> > >, grpc_core::ClientCall::CommitBatch(const grpc_op*, size_t, void*, bool)::<lambda(grpc_core::StatusFlag)> >; Fs = {grpc_core::FallibleBatch<Map<promise_detail::AllOk<StatusFlag, promise_detail::TrySeq<OpHandlerImpl<ClientCall::CommitBatch(const grpc_op*, size_t, void*, bool)::<lambda(const grpc_op&)>::<lambda()>, GRPC_OP_SEND_MESSAGE>, OpHandlerImpl<ClientCall::CommitBatch(const grpc_op*, size_t, void*, bool)::<lambda(const grpc_op&)>::<lambda()>, GRPC_OP_SEND_CLOSE_FROM_CLIENT> >, promise_detail::TrySeq<OpHandlerImpl<ClientCall::CommitBatch(const grpc_op*, size_t, void*, bool)::<lambda(const grpc_op&)>::<lambda()>, GRPC_OP_RECV_INITIAL_METADATA>, OpHandlerImpl<MessageReceiver::MakeBatchOp<grpc_core::CallInitiator>(const grpc_op&, grpc_core::CallInitiator*)::<lambda()>, GRPC_OP_RECV_MESSAGE> > >, ClientCall::CommitBatch(const grpc_op*, size_t, void*, bool)::<lambda(StatusFlag)> > >(Map<promise_detail::AllOk<StatusFlag, promise_detail::TrySeq<OpHandlerImpl<ClientCall::CommitBatch(const grpc_op*, size_t, void*, bool)::<lambda(const grpc_op&)>::<lambda()>, GRPC_OP_SEND_MESSAGE>, OpHandlerImpl<ClientCall::CommitBatch(const grpc_op*, size_t, void*, bool)::<lambda(const grpc_op&)>::<lambda()>, GRPC_OP_SEND_CLOSE_FROM_CLIENT> >, promise_detail::TrySeq<OpHandlerImpl<ClientCall::CommitBatch(const grpc_op*, size_t, void*, bool)::<lambda(const grpc_op&)>::<lambda()>, GRPC_OP_RECV_INITIAL_METADATA>, OpHandlerImpl<MessageReceiver::MakeBatchOp<grpc_core::CallInitiator>(const grpc_op&, grpc_core::CallInitiator*)::<lambda()>, GRPC_OP_RECV_MESSAGE> > >, ClientCall::CommitBatch(const grpc_op*, size_t, void*, bool)::<lambda(StatusFlag)> >, bool, void*, grpc_completion_queue*)::<lambda()> mutable::<lambda(grpc_core::StatusFlag)>}]’ at ./src/core/lib/promise/seq.h:108:27,
          inlined from ‘auto grpc_core::PollBatchLogger<F>::operator()() [with F = grpc_core::promise_detail::Seq<grpc_core::Map<grpc_core::promise_detail::AllOk<grpc_core::StatusFlag, grpc_core::promise_detail::TrySeq<grpc_core::OpHandlerImpl<grpc_core::ClientCall::CommitBatch(const grpc_op*, size_t, void*, bool)::<lambda(const grpc_op&)>::<lambda()>, GRPC_OP_SEND_MESSAGE>, grpc_core::OpHandlerImpl<grpc_core::ClientCall::CommitBatch(const grpc_op*, size_t, void*, bool)::<lambda(const grpc_op&)>::<lambda()>, GRPC_OP_SEND_CLOSE_FROM_CLIENT> >, grpc_core::promise_detail::TrySeq<grpc_core::OpHandlerImpl<grpc_core::ClientCall::CommitBatch(const grpc_op*, size_t, void*, bool)::<lambda(const grpc_op&)>::<lambda()>, GRPC_OP_RECV_INITIAL_METADATA>, grpc_core::OpHandlerImpl<grpc_core::MessageReceiver::MakeBatchOp<grpc_core::CallInitiator>(const grpc_op&, grpc_core::CallInitiator*)::<lambda()>, GRPC_OP_RECV_MESSAGE> > >, grpc_core::ClientCall::CommitBatch(const grpc_op*, size_t, void*, bool)::<lambda(grpc_core::StatusFlag)> >, grpc_core::FallibleBatch<Map<promise_detail::AllOk<StatusFlag, promise_detail::TrySeq<OpHandlerImpl<ClientCall::CommitBatch(const grpc_op*, size_t, void*, bool)::<lambda(const grpc_op&)>::<lambda()>, GRPC_OP_SEND_MESSAGE>, OpHandlerImpl<ClientCall::CommitBatch(const grpc_op*, size_t, void*, bool)::<lambda(const grpc_op&)>::<lambda()>, GRPC_OP_SEND_CLOSE_FROM_CLIENT> >, promise_detail::TrySeq<OpHandlerImpl<ClientCall::CommitBatch(const grpc_op*, size_t, void*, bool)::<lambda(const grpc_op&)>::<lambda()>, GRPC_OP_RECV_INITIAL_METADATA>, OpHandlerImpl<MessageReceiver::MakeBatchOp<grpc_core::CallInitiator>(const grpc_op&, grpc_core::CallInitiator*)::<lambda()>, GRPC_OP_RECV_MESSAGE> > >, ClientCall::CommitBatch(const grpc_op*, size_t, void*, bool)::<lambda(StatusFlag)> > >(Map<promise_detail::AllOk<StatusFlag, promise_detail::TrySeq<OpHandlerImpl<ClientCall::CommitBatch(const grpc_op*, size_t, void*, bool)::<lambda(const grpc_op&)>::<lambda()>, GRPC_OP_SEND_MESSAGE>, OpHandlerImpl<ClientCall::CommitBatch(const grpc_op*, size_t, void*, bool)::<lambda(const grpc_op&)>::<lambda()>, GRPC_OP_SEND_CLOSE_FROM_CLIENT> >, promise_detail::TrySeq<OpHandlerImpl<ClientCall::CommitBatch(const grpc_op*, size_t, void*, bool)::<lambda(const grpc_op&)>::<lambda()>, GRPC_OP_RECV_INITIAL_METADATA>, OpHandlerImpl<MessageReceiver::MakeBatchOp<grpc_core::CallInitiator>(const grpc_op&, grpc_core::CallInitiator*)::<lambda()>, GRPC_OP_RECV_MESSAGE> > >, ClientCall::CommitBatch(const grpc_op*, size_t, void*, bool)::<lambda(StatusFlag)> >, bool, void*, grpc_completion_queue*)::<lambda()> mutable::<lambda(grpc_core::StatusFlag)> >]’ at ./src/core/lib/surface/call_utils.h:464:16,
          inlined from ‘grpc_core::promise_detail::PromiseLike<F, typename std::enable_if<(! std::is_void<typename std::invoke_result<Releaser>::type>::value), void>::type>::WrappedResult grpc_core::promise_detail::PromiseLike<F, typename std::enable_if<(! std::is_void<typename std::invoke_result<Releaser>::type>::value), void>::type>::operator()() [with F = grpc_core::PollBatchLogger<grpc_core::promise_detail::Seq<grpc_core::Map<grpc_core::promise_detail::AllOk<grpc_core::StatusFlag, grpc_core::promise_detail::TrySeq<grpc_core::OpHandlerImpl<grpc_core::ClientCall::CommitBatch(const grpc_op*, size_t, void*, bool)::<lambda(const grpc_op&)>::<lambda()>, GRPC_OP_SEND_MESSAGE>, grpc_core::OpHandlerImpl<grpc_core::ClientCall::CommitBatch(const grpc_op*, size_t, void*, bool)::<lambda(const grpc_op&)>::<lambda()>, GRPC_OP_SEND_CLOSE_FROM_CLIENT> >, grpc_core::promise_detail::TrySeq<grpc_core::OpHandlerImpl<grpc_core::ClientCall::CommitBatch(const grpc_op*, size_t, void*, bool)::<lambda(const grpc_op&)>::<lambda()>, GRPC_OP_RECV_INITIAL_METADATA>, grpc_core::OpHandlerImpl<grpc_core::MessageReceiver::MakeBatchOp<grpc_core::CallInitiator>(const grpc_op&, grpc_core::CallInitiator*)::<lambda()>, GRPC_OP_RECV_MESSAGE> > >, grpc_core::ClientCall::CommitBatch(const grpc_op*, size_t, void*, bool)::<lambda(grpc_core::StatusFlag)> >, grpc_core::FallibleBatch<Map<promise_detail::AllOk<StatusFlag, promise_detail::TrySeq<OpHandlerImpl<ClientCall::CommitBatch(const grpc_op*, size_t, void*, bool)::<lambda(const grpc_op&)>::<lambda()>, GRPC_OP_SEND_MESSAGE>, OpHandlerImpl<ClientCall::CommitBatch(const grpc_op*, size_t, void*, bool)::<lambda(const grpc_op&)>::<lambda()>, GRPC_OP_SEND_CLOSE_FROM_CLIENT> >, promise_detail::TrySeq<OpHandlerImpl<ClientCall::CommitBatch(const grpc_op*, size_t, void*, bool)::<lambda(const grpc_op&)>::<lambda()>, GRPC_OP_RECV_INITIAL_METADATA>, OpHandlerImpl<MessageReceiver::MakeBatchOp<grpc_core::CallInitiator>(const grpc_op&, grpc_core::CallInitiator*)::<lambda()>, GRPC_OP_RECV_MESSAGE> > >, ClientCall::CommitBatch(const grpc_op*, size_t, void*, bool)::<lambda(StatusFlag)> > >(Map<promise_detail::AllOk<StatusFlag, promise_detail::TrySeq<OpHandlerImpl<ClientCall::CommitBatch(const grpc_op*, size_t, void*, bool)::<lambda(const grpc_op&)>::<lambda()>, GRPC_OP_SEND_MESSAGE>, OpHandlerImpl<ClientCall::CommitBatch(const grpc_op*, size_t, void*, bool)::<lambda(const grpc_op&)>::<lambda()>, GRPC_OP_SEND_CLOSE_FROM_CLIENT> >, promise_detail::TrySeq<OpHandlerImpl<ClientCall::CommitBatch(const grpc_op*, size_t, void*, bool)::<lambda(const grpc_op&)>::<lambda()>, GRPC_OP_RECV_INITIAL_METADATA>, OpHandlerImpl<MessageReceiver::MakeBatchOp<grpc_core::CallInitiator>(const grpc_op&, grpc_core::CallInitiator*)::<lambda()>, GRPC_OP_RECV_MESSAGE> > >, ClientCall::CommitBatch(const grpc_op*, size_t, void*, bool)::<lambda(StatusFlag)> >, bool, void*, grpc_completion_queue*)::<lambda()> mutable::<lambda(grpc_core::StatusFlag)> > >]’ at ./src/core/lib/promise/detail/promise_like.h:216:25,
          inlined from ‘bool grpc_core::Party::ParticipantImpl<SuppliedFactory, OnComplete>::PollParticipantPromise() [with SuppliedFactory = grpc_core::OnCancelFactory<FallibleBatch<Map<promise_detail::AllOk<StatusFlag, promise_detail::TrySeq<OpHandlerImpl<ClientCall::CommitBatch(const grpc_op*, size_t, void*, bool)::<lambda(const grpc_op&)>::<lambda()>, GRPC_OP_SEND_MESSAGE>, OpHandlerImpl<ClientCall::CommitBatch(const grpc_op*, size_t, void*, bool)::<lambda(const grpc_op&)>::<lambda()>, GRPC_OP_SEND_CLOSE_FROM_CLIENT> >, promise_detail::TrySeq<OpHandlerImpl<ClientCall::CommitBatch(const grpc_op*, size_t, void*, bool)::<lambda(const grpc_op&)>::<lambda()>, GRPC_OP_RECV_INITIAL_METADATA>, OpHandlerImpl<MessageReceiver::MakeBatchOp<grpc_core::CallInitiator>(const grpc_op&, grpc_core::CallInitiator*)::<lambda()>, GRPC_OP_RECV_MESSAGE> > >, ClientCall::CommitBatch(const grpc_op*, size_t, void*, bool)::<lambda(StatusFlag)> > >(Map<promise_detail::AllOk<StatusFlag, promise_detail::TrySeq<OpHandlerImpl<ClientCall::CommitBatch(const grpc_op*, size_t, void*, bool)::<lambda(const grpc_op&)>::<lambda()>, GRPC_OP_SEND_MESSAGE>, OpHandlerImpl<ClientCall::CommitBatch(const grpc_op*, size_t, void*, bool)::<lambda(const grpc_op&)>::<lambda()>, GRPC_OP_SEND_CLOSE_FROM_CLIENT> >, promise_detail::TrySeq<OpHandlerImpl<ClientCall::CommitBatch(const grpc_op*, size_t, void*, bool)::<lambda(const grpc_op&)>::<lambda()>, GRPC_OP_RECV_INITIAL_METADATA>, OpHandlerImpl<MessageReceiver::MakeBatchOp<grpc_core::CallInitiator>(const grpc_op&, grpc_core::CallInitiator*)::<lambda()>, GRPC_OP_RECV_MESSAGE> > >, ClientCall::CommitBatch(const grpc_op*, size_t, void*, bool)::<lambda(StatusFlag)> >, bool, void*, grpc_completion_queue*)::<lambda()>, FallibleBatch<Map<promise_detail::AllOk<StatusFlag, promise_detail::TrySeq<OpHandlerImpl<ClientCall::CommitBatch(const grpc_op*, size_t, void*, bool)::<lambda(const grpc_op&)>::<lambda()>, GRPC_OP_SEND_MESSAGE>, OpHandlerImpl<ClientCall::CommitBatch(const grpc_op*, size_t, void*, bool)::<lambda(const grpc_op&)>::<lambda()>, GRPC_OP_SEND_CLOSE_FROM_CLIENT> >, promise_detail::TrySeq<OpHandlerImpl<ClientCall::CommitBatch(const grpc_op*, size_t, void*, bool)::<lambda(const grpc_op&)>::<lambda()>, GRPC_OP_RECV_INITIAL_METADATA>, OpHandlerImpl<MessageReceiver::MakeBatchOp<grpc_core::CallInitiator>(const grpc_op&, grpc_core::CallInitiator*)::<lambda()>, GRPC_OP_RECV_MESSAGE> > >, ClientCall::CommitBatch(const grpc_op*, size_t, void*, bool)::<lambda(StatusFlag)> > >(Map<promise_detail::AllOk<StatusFlag, promise_detail::TrySeq<OpHandlerImpl<ClientCall::CommitBatch(const grpc_op*, size_t, void*, bool)::<lambda(const grpc_op&)>::<lambda()>, GRPC_OP_SEND_MESSAGE>, OpHandlerImpl<ClientCall::CommitBatch(const grpc_op*, size_t, void*, bool)::<lambda(const grpc_op&)>::<lambda()>, GRPC_OP_SEND_CLOSE_FROM_CLIENT> >, promise_detail::TrySeq<OpHandlerImpl<ClientCall::CommitBatch(const grpc_op*, size_t, void*, bool)::<lambda(const grpc_op&)>::<lambda()>, GRPC_OP_RECV_INITIAL_METADATA>, OpHandlerImpl<MessageReceiver::MakeBatchOp<grpc_core::CallInitiator>(const grpc_op&, grpc_core::CallInitiator*)::<lambda()>, GRPC_OP_RECV_MESSAGE> > >, ClientCall::CommitBatch(const grpc_op*, size_t, void*, bool)::<lambda(StatusFlag)> >, bool, void*, grpc_completion_queue*)::<lambda()> >(FallibleBatch<Map<promise_detail::AllOk<StatusFlag, promise_detail::TrySeq<OpHandlerImpl<ClientCall::CommitBatch(const grpc_op*, size_t, void*, bool)::<lambda(const grpc_op&)>::<lambda()>, GRPC_OP_SEND_MESSAGE>, OpHandlerImpl<ClientCall::CommitBatch(const grpc_op*, size_t, void*, bool)::<lambda(const grpc_op&)>::<lambda()>, GRPC_OP_SEND_CLOSE_FROM_CLIENT> >, promise_detail::TrySeq<OpHandlerImpl<ClientCall::CommitBatch(const grpc_op*, size_t, void*, bool)::<lambda(const grpc_op&)>::<lambda()>, GRPC_OP_RECV_INITIAL_METADATA>, OpHandlerImpl<MessageReceiver::MakeBatchOp<grpc_core::CallInitiator>(const grpc_op&, grpc_core::CallInitiator*)::<lambda()>, GRPC_OP_RECV_MESSAGE> > >, ClientCall::CommitBatch(const grpc_op*, size_t, void*, bool)::<lambda(StatusFlag)> > >(Map<promise_detail::AllOk<StatusFlag, promise_detail::TrySeq<OpHandlerImpl<ClientCall::CommitBatch(const grpc_op*, size_t, void*, bool)::<lambda(const grpc_op&)>::<lambda()>, GRPC_OP_SEND_MESSAGE>, OpHandlerImpl<ClientCall::CommitBatch(const grpc_op*, size_t, void*, bool)::<lambda(const grpc_op&)>::<lambda()>, GRPC_OP_SEND_CLOSE_FROM_CLIENT> >, promise_detail::TrySeq<OpHandlerImpl<ClientCall::CommitBatch(const grpc_op*, size_t, void*, bool)::<lambda(const grpc_op&)>::<lambda()>, GRPC_OP_RECV_INITIAL_METADATA>, OpHandlerImpl<MessageReceiver::MakeBatchOp<grpc_core::CallInitiator>(const grpc_op&, grpc_core::CallInitiator*)::<lambda()>, GRPC_OP_RECV_MESSAGE> > >, ClientCall::CommitBatch(const grpc_op*, size_t, void*, bool)::<lambda(StatusFlag)> >, bool, void*, grpc_completion_queue*)::<lambda()>, FallibleBatch<Map<promise_detail::AllOk<StatusFlag, promise_detail::TrySeq<OpHandlerImpl<ClientCall::CommitBatch(const grpc_op*, size_t, void*, bool)::<lambda(const grpc_op&)>::<lambda()>, GRPC_OP_SEND_MESSAGE>, OpHandlerImpl<ClientCall::CommitBatch(const grpc_op*, size_t, void*, bool)::<lambda(const grpc_op&)>::<lambda()>, GRPC_OP_SEND_CLOSE_FROM_CLIENT> >, promise_detail::TrySeq<OpHandlerImpl<ClientCall::CommitBatch(const grpc_op*, size_t, void*, bool)::<lambda(const grpc_op&)>::<lambda()>, GRPC_OP_RECV_INITIAL_METADATA>, OpHandlerImpl<MessageReceiver::MakeBatchOp<grpc_core::CallInitiator>(const grpc_op&, grpc_core::CallInitiator*)::<lambda()>, GRPC_OP_RECV_MESSAGE> > >, ClientCall::CommitBatch(const grpc_op*, size_t, void*, bool)::<lambda(StatusFlag)> > >(Map<promise_detail::AllOk<StatusFlag, promise_detail::TrySeq<OpHandlerImpl<ClientCall::CommitBatch(const grpc_op*, size_t, void*, bool)::<lambda(const grpc_op&)>::<lambda()>, GRPC_OP_SEND_MESSAGE>, OpHandlerImpl<ClientCall::CommitBatch(const grpc_op*, size_t, void*, bool)::<lambda(const grpc_op&)>::<lambda()>, GRPC_OP_SEND_CLOSE_FROM_CLIENT> >, promise_detail::TrySeq<OpHandlerImpl<ClientCall::CommitBatch(const grpc_op*, size_t, void*, bool)::<lambda(const grpc_op&)>::<lambda()>, GRPC_OP_RECV_INITIAL_METADATA>, OpHandlerImpl<MessageReceiver::MakeBatchOp<grpc_core::CallInitiator>(const grpc_op&, grpc_core::CallInitiator*)::<lambda()>, GRPC_OP_RECV_MESSAGE> > >, ClientCall::CommitBatch(const grpc_op*, size_t, void*, bool)::<lambda(StatusFlag)> >, bool, void*, grpc_completion_queue*)::<lambda()>)::<lambda()>; OnComplete = grpc_core::CallSpine::SpawnInfallible<grpc_core::OnCancelFactory<FallibleBatch<Map<promise_detail::AllOk<StatusFlag, promise_detail::TrySeq<OpHandlerImpl<ClientCall::CommitBatch(const grpc_op*, size_t, void*, bool)::<lambda(const grpc_op&)>::<lambda()>, GRPC_OP_SEND_MESSAGE>, OpHandlerImpl<ClientCall::CommitBatch(const grpc_op*, size_t, void*, bool)::<lambda(const grpc_op&)>::<lambda()>, GRPC_OP_SEND_CLOSE_FROM_CLIENT> >, promise_detail::TrySeq<OpHandlerImpl<ClientCall::CommitBatch(const grpc_op*, size_t, void*, bool)::<lambda(const grpc_op&)>::<lambda()>, GRPC_OP_RECV_INITIAL_METADATA>, OpHandlerImpl<MessageReceiver::MakeBatchOp<grpc_core::CallInitiator>(const grpc_op&, grpc_core::CallInitiator*)::<lambda()>, GRPC_OP_RECV_MESSAGE> > >, ClientCall::CommitBatch(const grpc_op*, size_t, void*, bool)::<lambda(StatusFlag)> > >(Map<promise_detail::AllOk<StatusFlag, promise_detail::TrySeq<OpHandlerImpl<ClientCall::CommitBatch(const grpc_op*, size_t, void*, bool)::<lambda(const grpc_op&)>::<lambda()>, GRPC_OP_SEND_MESSAGE>, OpHandlerImpl<ClientCall::CommitBatch(const grpc_op*, size_t, void*, bool)::<lambda(const grpc_op&)>::<lambda()>, GRPC_OP_SEND_CLOSE_FROM_CLIENT> >, promise_detail::TrySeq<OpHandlerImpl<ClientCall::CommitBatch(const grpc_op*, size_t, void*, bool)::<lambda(const grpc_op&)>::<lambda()>, GRPC_OP_RECV_INITIAL_METADATA>, OpHandlerImpl<MessageReceiver::MakeBatchOp<grpc_core::CallInitiator>(const grpc_op&, grpc_core::CallInitiator*)::<lambda()>, GRPC_OP_RECV_MESSAGE> > >, ClientCall::CommitBatch(const grpc_op*, size_t, void*, bool)::<lambda(StatusFlag)> >, bool, void*, grpc_completion_queue*)::<lambda()>, FallibleBatch<Map<promise_detail::AllOk<StatusFlag, promise_detail::TrySeq<OpHandlerImpl<ClientCall::CommitBatch(const grpc_op*, size_t, void*, bool)::<lambda(const grpc_op&)>::<lambda()>, GRPC_OP_SEND_MESSAGE>, OpHandlerImpl<ClientCall::CommitBatch(const grpc_op*, size_t, void*, bool)::<lambda(const grpc_op&)>::<lambda()>, GRPC_OP_SEND_CLOSE_FROM_CLIENT> >, promise_detail::TrySeq<OpHandlerImpl<ClientCall::CommitBatch(const grpc_op*, size_t, void*, bool)::<lambda(const grpc_op&)>::<lambda()>, GRPC_OP_RECV_INITIAL_METADATA>, OpHandlerImpl<MessageReceiver::MakeBatchOp<grpc_core::CallInitiator>(const grpc_op&, grpc_core::CallInitiator*)::<lambda()>, GRPC_OP_RECV_MESSAGE> > >, ClientCall::CommitBatch(const grpc_op*, size_t, void*, bool)::<lambda(StatusFlag)> > >(Map<promise_detail::AllOk<StatusFlag, promise_detail::TrySeq<OpHandlerImpl<ClientCall::CommitBatch(const grpc_op*, size_t, void*, bool)::<lambda(const grpc_op&)>::<lambda()>, GRPC_OP_SEND_MESSAGE>, OpHandlerImpl<ClientCall::CommitBatch(const grpc_op*, size_t, void*, bool)::<lambda(const grpc_op&)>::<lambda()>, GRPC_OP_SEND_CLOSE_FROM_CLIENT> >, promise_detail::TrySeq<OpHandlerImpl<ClientCall::CommitBatch(const grpc_op*, size_t, void*, bool)::<lambda(const grpc_op&)>::<lambda()>, GRPC_OP_RECV_INITIAL_METADATA>, OpHandlerImpl<MessageReceiver::MakeBatchOp<grpc_core::CallInitiator>(const grpc_op&, grpc_core::CallInitiator*)::<lambda()>, GRPC_OP_RECV_MESSAGE> > >, ClientCall::CommitBatch(const grpc_op*, size_t, void*, bool)::<lambda(StatusFlag)> >, bool, void*, grpc_completion_queue*)::<lambda()> >(FallibleBatch<Map<promise_detail::AllOk<StatusFlag, promise_detail::TrySeq<OpHandlerImpl<ClientCall::CommitBatch(const grpc_op*, size_t, void*, bool)::<lambda(const grpc_op&)>::<lambda()>, GRPC_OP_SEND_MESSAGE>, OpHandlerImpl<ClientCall::CommitBatch(const grpc_op*, size_t, void*, bool)::<lambda(const grpc_op&)>::<lambda()>, GRPC_OP_SEND_CLOSE_FROM_CLIENT> >, promise_detail::TrySeq<OpHandlerImpl<ClientCall::CommitBatch(const grpc_op*, size_t, void*, bool)::<lambda(const grpc_op&)>::<lambda()>, GRPC_OP_RECV_INITIAL_METADATA>, OpHandlerImpl<MessageReceiver::MakeBatchOp<grpc_core::CallInitiator>(const grpc_op&, grpc_core::CallInitiator*)::<lambda()>, GRPC_OP_RECV_MESSAGE> > >, ClientCall::CommitBatch(const grpc_op*, size_t, void*, bool)::<lambda(StatusFlag)> > >(Map<promise_detail::AllOk<StatusFlag, promise_detail::TrySeq<OpHandlerImpl<ClientCall::CommitBatch(const grpc_op*, size_t, void*, bool)::<lambda(const grpc_op&)>::<lambda()>, GRPC_OP_SEND_MESSAGE>, OpHandlerImpl<ClientCall::CommitBatch(const grpc_op*, size_t, void*, bool)::<lambda(const grpc_op&)>::<lambda()>, GRPC_OP_SEND_CLOSE_FROM_CLIENT> >, promise_detail::TrySeq<OpHandlerImpl<ClientCall::CommitBatch(const grpc_op*, size_t, void*, bool)::<lambda(const grpc_op&)>::<lambda()>, GRPC_OP_RECV_INITIAL_METADATA>, OpHandlerImpl<MessageReceiver::MakeBatchOp<grpc_core::CallInitiator>(const grpc_op&, grpc_core::CallInitiator*)::<lambda()>, GRPC_OP_RECV_MESSAGE> > >, ClientCall::CommitBatch(const grpc_op*, size_t, void*, bool)::<lambda(StatusFlag)> >, bool, void*, grpc_completion_queue*)::<lambda()>, FallibleBatch<Map<promise_detail::AllOk<StatusFlag, promise_detail::TrySeq<OpHandlerImpl<ClientCall::CommitBatch(const grpc_op*, size_t, void*, bool)::<lambda(const grpc_op&)>::<lambda()>, GRPC_OP_SEND_MESSAGE>, OpHandlerImpl<ClientCall::CommitBatch(const grpc_op*, size_t, void*, bool)::<lambda(const grpc_op&)>::<lambda()>, GRPC_OP_SEND_CLOSE_FROM_CLIENT> >, promise_detail::TrySeq<OpHandlerImpl<ClientCall::CommitBatch(const grpc_op*, size_t, void*, bool)::<lambda(const grpc_op&)>::<lambda()>, GRPC_OP_RECV_INITIAL_METADATA>, OpHandlerImpl<MessageReceiver::MakeBatchOp<grpc_core::CallInitiator>(const grpc_op&, grpc_core::CallInitiator*)::<lambda()>, GRPC_OP_RECV_MESSAGE> > >, ClientCall::CommitBatch(const grpc_op*, size_t, void*, bool)::<lambda(StatusFlag)> > >(Map<promise_detail::AllOk<StatusFlag, promise_detail::TrySeq<OpHandlerImpl<ClientCall::CommitBatch(const grpc_op*, size_t, void*, bool)::<lambda(const grpc_op&)>::<lambda()>, GRPC_OP_SEND_MESSAGE>, OpHandlerImpl<ClientCall::CommitBatch(const grpc_op*, size_t, void*, bool)::<lambda(const grpc_op&)>::<lambda()>, GRPC_OP_SEND_CLOSE_FROM_CLIENT> >, promise_detail::TrySeq<OpHandlerImpl<ClientCall::CommitBatch(const grpc_op*, size_t, void*, bool)::<lambda(const grpc_op&)>::<lambda()>, GRPC_OP_RECV_INITIAL_METADATA>, OpHandlerImpl<MessageReceiver::MakeBatchOp<grpc_core::CallInitiator>(const grpc_op&, grpc_core::CallInitiator*)::<lambda()>, GRPC_OP_RECV_MESSAGE> > >, ClientCall::CommitBatch(const grpc_op*, size_t, void*, bool)::<lambda(StatusFlag)> >, bool, void*, grpc_completion_queue*)::<lambda()>)::<lambda()> >(absl::lts_20250512::string_view, grpc_core::OnCancelFactory<FallibleBatch<Map<promise_detail::AllOk<StatusFlag, promise_detail::TrySeq<OpHandlerImpl<ClientCall::CommitBatch(const grpc_op*, size_t, void*, bool)::<lambda(const grpc_op&)>::<lambda()>, GRPC_OP_SEND_MESSAGE>, OpHandlerImpl<ClientCall::CommitBatch(const grpc_op*, size_t, void*, bool)::<lambda(const grpc_op&)>::<lambda()>, GRPC_OP_SEND_CLOSE_FROM_CLIENT> >, promise_detail::TrySeq<OpHandlerImpl<ClientCall::CommitBatch(const grpc_op*, size_t, void*, bool)::<lambda(const grpc_op&)>::<lambda()>, GRPC_OP_RECV_INITIAL_METADATA>, OpHandlerImpl<MessageReceiver::MakeBatchOp<grpc_core::CallInitiator>(const grpc_op&, grpc_core::CallInitiator*)::<lambda()>, GRPC_OP_RECV_MESSAGE> > >, ClientCall::CommitBatch(const grpc_op*, size_t, void*, bool)::<lambda(StatusFlag)> > >(Map<promise_detail::AllOk<StatusFlag, promise_detail::TrySeq<OpHandlerImpl<ClientCall::CommitBatch(const grpc_op*, size_t, void*, bool)::<lambda(const grpc_op&)>::<lambda()>, GRPC_OP_SEND_MESSAGE>, OpHandlerImpl<ClientCall::CommitBatch(const grpc_op*, size_t, void*, bool)::<lambda(const grpc_op&)>::<lambda()>, GRPC_OP_SEND_CLOSE_FROM_CLIENT> >, promise_detail::TrySeq<OpHandlerImpl<ClientCall::CommitBatch(const grpc_op*, size_t, void*, bool)::<lambda(const grpc_op&)>::<lambda()>, GRPC_OP_RECV_INITIAL_METADATA>, OpHandlerImpl<MessageReceiver::MakeBatchOp<grpc_core::CallInitiator>(const grpc_op&, grpc_core::CallInitiator*)::<lambda()>, GRPC_OP_RECV_MESSAGE> > >, ClientCall::CommitBatch(const grpc_op*, size_t, void*, bool)::<lambda(StatusFlag)> >, bool, void*, grpc_completion_queue*)::<lambda()>, FallibleBatch<Map<promise_detail::AllOk<StatusFlag, promise_detail::TrySeq<OpHandlerImpl<ClientCall::CommitBatch(const grpc_op*, size_t, void*, bool)::<lambda(const grpc_op&)>::<lambda()>, GRPC_OP_SEND_MESSAGE>, OpHandlerImpl<ClientCall::CommitBatch(const grpc_op*, size_t, void*, bool)::<lambda(const grpc_op&)>::<lambda()>, GRPC_OP_SEND_CLOSE_FROM_CLIENT> >, promise_detail::TrySeq<OpHandlerImpl<ClientCall::CommitBatch(const grpc_op*, size_t, void*, bool)::<lambda(const grpc_op&)>::<lambda()>, GRPC_OP_RECV_INITIAL_METADATA>, OpHandlerImpl<MessageReceiver::MakeBatchOp<grpc_core::CallInitiator>(const grpc_op&, grpc_core::CallInitiator*)::<lambda()>, GRPC_OP_RECV_MESSAGE> > >, ClientCall::CommitBatch(const grpc_op*, size_t, void*, bool)::<lambda(StatusFlag)> > >(Map<promise_detail::AllOk<StatusFlag, promise_detail::TrySeq<OpHandlerImpl<ClientCall::CommitBatch(const grpc_op*, size_t, void*, bool)::<lambda(const grpc_op&)>::<lambda()>, GRPC_OP_SEND_MESSAGE>, OpHandlerImpl<ClientCall::CommitBatch(const grpc_op*, size_t, void*, bool)::<lambda(const grpc_op&)>::<lambda()>, GRPC_OP_SEND_CLOSE_FROM_CLIENT> >, promise_detail::TrySeq<OpHandlerImpl<ClientCall::CommitBatch(const grpc_op*, size_t, void*, bool)::<lambda(const grpc_op&)>::<lambda()>, GRPC_OP_RECV_INITIAL_METADATA>, OpHandlerImpl<MessageReceiver::MakeBatchOp<grpc_core::CallInitiator>(const grpc_op&, grpc_core::CallInitiator*)::<lambda()>, GRPC_OP_RECV_MESSAGE> > >, ClientCall::CommitBatch(const grpc_op*, size_t, void*, bool)::<lambda(StatusFlag)> >, bool, void*, grpc_completion_queue*)::<lambda()> >(FallibleBatch<Map<promise_detail::AllOk<StatusFlag, promise_detail::TrySeq<OpHandlerImpl<ClientCall::CommitBatch(const grpc_op*, size_t, void*, bool)::<lambda(const grpc_op&)>::<lambda()>, GRPC_OP_SEND_MESSAGE>, OpHandlerImpl<ClientCall::CommitBatch(const grpc_op*, size_t, void*, bool)::<lambda(const grpc_op&)>::<lambda()>, GRPC_OP_SEND_CLOSE_FROM_CLIENT> >, promise_detail::TrySeq<OpHandlerImpl<ClientCall::CommitBatch(const grpc_op*, size_t, void*, bool)::<lambda(const grpc_op&)>::<lambda()>, GRPC_OP_RECV_INITIAL_METADATA>, OpHandlerImpl<MessageReceiver::MakeBatchOp<grpc_core::CallInitiator>(const grpc_op&, grpc_core::CallInitiator*)::<lambda()>, GRPC_OP_RECV_MESSAGE> > >, ClientCall::CommitBatch(const grpc_op*, size_t, void*, bool)::<lambda(StatusFlag)> > >(Map<promise_detail::AllOk<StatusFlag, promise_detail::TrySeq<OpHandlerImpl<ClientCall::CommitBatch(const grpc_op*, size_t, void*, bool)::<lambda(const grpc_op&)>::<lambda()>, GRPC_OP_SEND_MESSAGE>, OpHandlerImpl<ClientCall::CommitBatch(const grpc_op*, size_t, void*, bool)::<lambda(const grpc_op&)>::<lambda()>, GRPC_OP_SEND_CLOSE_FROM_CLIENT> >, promise_detail::TrySeq<OpHandlerImpl<ClientCall::CommitBatch(const grpc_op*, size_t, void*, bool)::<lambda(const grpc_op&)>::<lambda()>, GRPC_OP_RECV_INITIAL_METADATA>, OpHandlerImpl<MessageReceiver::MakeBatchOp<grpc_core::CallInitiator>(const grpc_op&, grpc_core::CallInitiator*)::<lambda()>, GRPC_OP_RECV_MESSAGE> > >, ClientCall::CommitBatch(const grpc_op*, size_t, void*, bool)::<lambda(StatusFlag)> >, bool, void*, grpc_completion_queue*)::<lambda()>, FallibleBatch<Map<promise_detail::AllOk<StatusFlag, promise_detail::TrySeq<OpHandlerImpl<ClientCall::CommitBatch(const grpc_op*, size_t, void*, bool)::<lambda(const grpc_op&)>::<lambda()>, GRPC_OP_SEND_MESSAGE>, OpHandlerImpl<ClientCall::CommitBatch(const grpc_op*, size_t, void*, bool)::<lambda(const grpc_op&)>::<lambda()>, GRPC_OP_SEND_CLOSE_FROM_CLIENT> >, promise_detail::TrySeq<OpHandlerImpl<ClientCall::CommitBatch(const grpc_op*, size_t, void*, bool)::<lambda(const grpc_op&)>::<lambda()>, GRPC_OP_RECV_INITIAL_METADATA>, OpHandlerImpl<MessageReceiver::MakeBatchOp<grpc_core::CallInitiator>(const grpc_op&, grpc_core::CallInitiator*)::<lambda()>, GRPC_OP_RECV_MESSAGE> > >, ClientCall::CommitBatch(const grpc_op*, size_t, void*, bool)::<lambda(StatusFlag)> > >(Map<promise_detail::AllOk<StatusFlag, promise_detail::TrySeq<OpHandlerImpl<ClientCall::CommitBatch(const grpc_op*, size_t, void*, bool)::<lambda(const grpc_op&)>::<lambda()>, GRPC_OP_SEND_MESSAGE>, OpHandlerImpl<ClientCall::CommitBatch(const grpc_op*, size_t, void*, bool)::<lambda(const grpc_op&)>::<lambda()>, GRPC_OP_SEND_CLOSE_FROM_CLIENT> >, promise_detail::TrySeq<OpHandlerImpl<ClientCall::CommitBatch(const grpc_op*, size_t, void*, bool)::<lambda(const grpc_op&)>::<lambda()>, GRPC_OP_RECV_INITIAL_METADATA>, OpHandlerImpl<MessageReceiver::MakeBatchOp<grpc_core::CallInitiator>(const grpc_op&, grpc_core::CallInitiator*)::<lambda()>, GRPC_OP_RECV_MESSAGE> > >, ClientCall::CommitBatch(const grpc_op*, size_t, void*, bool)::<lambda(StatusFlag)> >, bool, void*, grpc_completion_queue*)::<lambda()>)::<lambda()>)::<lambda(grpc_core::Empty)>]’ at ./src/core/lib/promise/party.h:454:24:
      ./src/core/call/call_filters.h:1469:7: warning: ‘((grpc_core::filters_detail::OperationExecutor<std::unique_ptr<grpc_core::Message, grpc_core::Arena::PooledDeleter> >*)((char*)&<unnamed> + offsetof(grpc_core::OpHandlerImpl<grpc_core::MessageReceiver::MakeBatchOp::._anon_740, GRPC_OP_RECV_MESSAGE>,grpc_core::OpHandlerImpl<grpc_core::MessageReceiver::MakeBatchOp::._anon_740, GRPC_OP_RECV_MESSAGE>::<unnamed>) + 8))[1].grpc_core::filters_detail::OperationExecutor<std::unique_ptr<grpc_core::Message, grpc_core::Arena::PooledDeleter> >::promise_data_’ may be used uninitialized [-Wmaybe-uninitialized]
       1469 |   if (promise_data_ != nullptr) {
            |       ^~~~~~~~~~~~~
      ./src/core/lib/promise/detail/promise_factory.h: In member function ‘bool grpc_core::Party::ParticipantImpl<SuppliedFactory, OnComplete>::PollParticipantPromise() [with SuppliedFactory = grpc_core::OnCancelFactory<FallibleBatch<Map<promise_detail::AllOk<StatusFlag, promise_detail::TrySeq<OpHandlerImpl<ClientCall::CommitBatch(const grpc_op*, size_t, void*, bool)::<lambda(const grpc_op&)>::<lambda()>, GRPC_OP_SEND_MESSAGE>, OpHandlerImpl<ClientCall::CommitBatch(const grpc_op*, size_t, void*, bool)::<lambda(const grpc_op&)>::<lambda()>, GRPC_OP_SEND_CLOSE_FROM_CLIENT> >, promise_detail::TrySeq<OpHandlerImpl<ClientCall::CommitBatch(const grpc_op*, size_t, void*, bool)::<lambda(const grpc_op&)>::<lambda()>, GRPC_OP_RECV_INITIAL_METADATA>, OpHandlerImpl<MessageReceiver::MakeBatchOp<grpc_core::CallInitiator>(const grpc_op&, grpc_core::CallInitiator*)::<lambda()>, GRPC_OP_RECV_MESSAGE> > >, ClientCall::CommitBatch(const grpc_op*, size_t, void*, bool)::<lambda(StatusFlag)> > >(Map<promise_detail::AllOk<StatusFlag, promise_detail::TrySeq<OpHandlerImpl<ClientCall::CommitBatch(const grpc_op*, size_t, void*, bool)::<lambda(const grpc_op&)>::<lambda()>, GRPC_OP_SEND_MESSAGE>, OpHandlerImpl<ClientCall::CommitBatch(const grpc_op*, size_t, void*, bool)::<lambda(const grpc_op&)>::<lambda()>, GRPC_OP_SEND_CLOSE_FROM_CLIENT> >, promise_detail::TrySeq<OpHandlerImpl<ClientCall::CommitBatch(const grpc_op*, size_t, void*, bool)::<lambda(const grpc_op&)>::<lambda()>, GRPC_OP_RECV_INITIAL_METADATA>, OpHandlerImpl<MessageReceiver::MakeBatchOp<grpc_core::CallInitiator>(const grpc_op&, grpc_core::CallInitiator*)::<lambda()>, GRPC_OP_RECV_MESSAGE> > >, ClientCall::CommitBatch(const grpc_op*, size_t, void*, bool)::<lambda(StatusFlag)> >, bool, void*, grpc_completion_queue*)::<lambda()>, FallibleBatch<Map<promise_detail::AllOk<StatusFlag, promise_detail::TrySeq<OpHandlerImpl<ClientCall::CommitBatch(const grpc_op*, size_t, void*, bool)::<lambda(const grpc_op&)>::<lambda()>, GRPC_OP_SEND_MESSAGE>, OpHandlerImpl<ClientCall::CommitBatch(const grpc_op*, size_t, void*, bool)::<lambda(const grpc_op&)>::<lambda()>, GRPC_OP_SEND_CLOSE_FROM_CLIENT> >, promise_detail::TrySeq<OpHandlerImpl<ClientCall::CommitBatch(const grpc_op*, size_t, void*, bool)::<lambda(const grpc_op&)>::<lambda()>, GRPC_OP_RECV_INITIAL_METADATA>, OpHandlerImpl<MessageReceiver::MakeBatchOp<grpc_core::CallInitiator>(const grpc_op&, grpc_core::CallInitiator*)::<lambda()>, GRPC_OP_RECV_MESSAGE> > >, ClientCall::CommitBatch(const grpc_op*, size_t, void*, bool)::<lambda(StatusFlag)> > >(Map<promise_detail::AllOk<StatusFlag, promise_detail::TrySeq<OpHandlerImpl<ClientCall::CommitBatch(const grpc_op*, size_t, void*, bool)::<lambda(const grpc_op&)>::<lambda()>, GRPC_OP_SEND_MESSAGE>, OpHandlerImpl<ClientCall::CommitBatch(const grpc_op*, size_t, void*, bool)::<lambda(const grpc_op&)>::<lambda()>, GRPC_OP_SEND_CLOSE_FROM_CLIENT> >, promise_detail::TrySeq<OpHandlerImpl<ClientCall::CommitBatch(const grpc_op*, size_t, void*, bool)::<lambda(const grpc_op&)>::<lambda()>, GRPC_OP_RECV_INITIAL_METADATA>, OpHandlerImpl<MessageReceiver::MakeBatchOp<grpc_core::CallInitiator>(const grpc_op&, grpc_core::CallInitiator*)::<lambda()>, GRPC_OP_RECV_MESSAGE> > >, ClientCall::CommitBatch(const grpc_op*, size_t, void*, bool)::<lambda(StatusFlag)> >, bool, void*, grpc_completion_queue*)::<lambda()> >(FallibleBatch<Map<promise_detail::AllOk<StatusFlag, promise_detail::TrySeq<OpHandlerImpl<ClientCall::CommitBatch(const grpc_op*, size_t, void*, bool)::<lambda(const grpc_op&)>::<lambda()>, GRPC_OP_SEND_MESSAGE>, OpHandlerImpl<ClientCall::CommitBatch(const grpc_op*, size_t, void*, bool)::<lambda(const grpc_op&)>::<lambda()>, GRPC_OP_SEND_CLOSE_FROM_CLIENT> >, promise_detail::TrySeq<OpHandlerImpl<ClientCall::CommitBatch(const grpc_op*, size_t, void*, bool)::<lambda(const grpc_op&)>::<lambda()>, GRPC_OP_RECV_INITIAL_METADATA>, OpHandlerImpl<MessageReceiver::MakeBatchOp<grpc_core::CallInitiator>(const grpc_op&, grpc_core::CallInitiator*)::<lambda()>, GRPC_OP_RECV_MESSAGE> > >, ClientCall::CommitBatch(const grpc_op*, size_t, void*, bool)::<lambda(StatusFlag)> > >(Map<promise_detail::AllOk<StatusFlag, promise_detail::TrySeq<OpHandlerImpl<ClientCall::CommitBatch(const grpc_op*, size_t, void*, bool)::<lambda(const grpc_op&)>::<lambda()>, GRPC_OP_SEND_MESSAGE>, OpHandlerImpl<ClientCall::CommitBatch(const grpc_op*, size_t, void*, bool)::<lambda(const grpc_op&)>::<lambda()>, GRPC_OP_SEND_CLOSE_FROM_CLIENT> >, promise_detail::TrySeq<OpHandlerImpl<ClientCall::CommitBatch(const grpc_op*, size_t, void*, bool)::<lambda(const grpc_op&)>::<lambda()>, GRPC_OP_RECV_INITIAL_METADATA>, OpHandlerImpl<MessageReceiver::MakeBatchOp<grpc_core::CallInitiator>(const grpc_op&, grpc_core::CallInitiator*)::<lambda()>, GRPC_OP_RECV_MESSAGE> > >, ClientCall::CommitBatch(const grpc_op*, size_t, void*, bool)::<lambda(StatusFlag)> >, bool, void*, grpc_completion_queue*)::<lambda()>, FallibleBatch<Map<promise_detail::AllOk<StatusFlag, promise_detail::TrySeq<OpHandlerImpl<ClientCall::CommitBatch(const grpc_op*, size_t, void*, bool)::<lambda(const grpc_op&)>::<lambda()>, GRPC_OP_SEND_MESSAGE>, OpHandlerImpl<ClientCall::CommitBatch(const grpc_op*, size_t, void*, bool)::<lambda(const grpc_op&)>::<lambda()>, GRPC_OP_SEND_CLOSE_FROM_CLIENT> >, promise_detail::TrySeq<OpHandlerImpl<ClientCall::CommitBatch(const grpc_op*, size_t, void*, bool)::<lambda(const grpc_op&)>::<lambda()>, GRPC_OP_RECV_INITIAL_METADATA>, OpHandlerImpl<MessageReceiver::MakeBatchOp<grpc_core::CallInitiator>(const grpc_op&, grpc_core::CallInitiator*)::<lambda()>, GRPC_OP_RECV_MESSAGE> > >, ClientCall::CommitBatch(const grpc_op*, size_t, void*, bool)::<lambda(StatusFlag)> > >(Map<promise_detail::AllOk<StatusFlag, promise_detail::TrySeq<OpHandlerImpl<ClientCall::CommitBatch(const grpc_op*, size_t, void*, bool)::<lambda(const grpc_op&)>::<lambda()>, GRPC_OP_SEND_MESSAGE>, OpHandlerImpl<ClientCall::CommitBatch(const grpc_op*, size_t, void*, bool)::<lambda(const grpc_op&)>::<lambda()>, GRPC_OP_SEND_CLOSE_FROM_CLIENT> >, promise_detail::TrySeq<OpHandlerImpl<ClientCall::CommitBatch(const grpc_op*, size_t, void*, bool)::<lambda(const grpc_op&)>::<lambda()>, GRPC_OP_RECV_INITIAL_METADATA>, OpHandlerImpl<MessageReceiver::MakeBatchOp<grpc_core::CallInitiator>(const grpc_op&, grpc_core::CallInitiator*)::<lambda()>, GRPC_OP_RECV_MESSAGE> > >, ClientCall::CommitBatch(const grpc_op*, size_t, void*, bool)::<lambda(StatusFlag)> >, bool, void*, grpc_completion_queue*)::<lambda()>)::<lambda()>; OnComplete = grpc_core::CallSpine::SpawnInfallible<grpc_core::OnCancelFactory<FallibleBatch<Map<promise_detail::AllOk<StatusFlag, promise_detail::TrySeq<OpHandlerImpl<ClientCall::CommitBatch(const grpc_op*, size_t, void*, bool)::<lambda(const grpc_op&)>::<lambda()>, GRPC_OP_SEND_MESSAGE>, OpHandlerImpl<ClientCall::CommitBatch(const grpc_op*, size_t, void*, bool)::<lambda(const grpc_op&)>::<lambda()>, GRPC_OP_SEND_CLOSE_FROM_CLIENT> >, promise_detail::TrySeq<OpHandlerImpl<ClientCall::CommitBatch(const grpc_op*, size_t, void*, bool)::<lambda(const grpc_op&)>::<lambda()>, GRPC_OP_RECV_INITIAL_METADATA>, OpHandlerImpl<MessageReceiver::MakeBatchOp<grpc_core::CallInitiator>(const grpc_op&, grpc_core::CallInitiator*)::<lambda()>, GRPC_OP_RECV_MESSAGE> > >, ClientCall::CommitBatch(const grpc_op*, size_t, void*, bool)::<lambda(StatusFlag)> > >(Map<promise_detail::AllOk<StatusFlag, promise_detail::TrySeq<OpHandlerImpl<ClientCall::CommitBatch(const grpc_op*, size_t, void*, bool)::<lambda(const grpc_op&)>::<lambda()>, GRPC_OP_SEND_MESSAGE>, OpHandlerImpl<ClientCall::CommitBatch(const grpc_op*, size_t, void*, bool)::<lambda(const grpc_op&)>::<lambda()>, GRPC_OP_SEND_CLOSE_FROM_CLIENT> >, promise_detail::TrySeq<OpHandlerImpl<ClientCall::CommitBatch(const grpc_op*, size_t, void*, bool)::<lambda(const grpc_op&)>::<lambda()>, GRPC_OP_RECV_INITIAL_METADATA>, OpHandlerImpl<MessageReceiver::MakeBatchOp<grpc_core::CallInitiator>(const grpc_op&, grpc_core::CallInitiator*)::<lambda()>, GRPC_OP_RECV_MESSAGE> > >, ClientCall::CommitBatch(const grpc_op*, size_t, void*, bool)::<lambda(StatusFlag)> >, bool, void*, grpc_completion_queue*)::<lambda()>, FallibleBatch<Map<promise_detail::AllOk<StatusFlag, promise_detail::TrySeq<OpHandlerImpl<ClientCall::CommitBatch(const grpc_op*, size_t, void*, bool)::<lambda(const grpc_op&)>::<lambda()>, GRPC_OP_SEND_MESSAGE>, OpHandlerImpl<ClientCall::CommitBatch(const grpc_op*, size_t, void*, bool)::<lambda(const grpc_op&)>::<lambda()>, GRPC_OP_SEND_CLOSE_FROM_CLIENT> >, promise_detail::TrySeq<OpHandlerImpl<ClientCall::CommitBatch(const grpc_op*, size_t, void*, bool)::<lambda(const grpc_op&)>::<lambda()>, GRPC_OP_RECV_INITIAL_METADATA>, OpHandlerImpl<MessageReceiver::MakeBatchOp<grpc_core::CallInitiator>(const grpc_op&, grpc_core::CallInitiator*)::<lambda()>, GRPC_OP_RECV_MESSAGE> > >, ClientCall::CommitBatch(const grpc_op*, size_t, void*, bool)::<lambda(StatusFlag)> > >(Map<promise_detail::AllOk<StatusFlag, promise_detail::TrySeq<OpHandlerImpl<ClientCall::CommitBatch(const grpc_op*, size_t, void*, bool)::<lambda(const grpc_op&)>::<lambda()>, GRPC_OP_SEND_MESSAGE>, OpHandlerImpl<ClientCall::CommitBatch(const grpc_op*, size_t, void*, bool)::<lambda(const grpc_op&)>::<lambda()>, GRPC_OP_SEND_CLOSE_FROM_CLIENT> >, promise_detail::TrySeq<OpHandlerImpl<ClientCall::CommitBatch(const grpc_op*, size_t, void*, bool)::<lambda(const grpc_op&)>::<lambda()>, GRPC_OP_RECV_INITIAL_METADATA>, OpHandlerImpl<MessageReceiver::MakeBatchOp<grpc_core::CallInitiator>(const grpc_op&, grpc_core::CallInitiator*)::<lambda()>, GRPC_OP_RECV_MESSAGE> > >, ClientCall::CommitBatch(const grpc_op*, size_t, void*, bool)::<lambda(StatusFlag)> >, bool, void*, grpc_completion_queue*)::<lambda()> >(FallibleBatch<Map<promise_detail::AllOk<StatusFlag, promise_detail::TrySeq<OpHandlerImpl<ClientCall::CommitBatch(const grpc_op*, size_t, void*, bool)::<lambda(const grpc_op&)>::<lambda()>, GRPC_OP_SEND_MESSAGE>, OpHandlerImpl<ClientCall::CommitBatch(const grpc_op*, size_t, void*, bool)::<lambda(const grpc_op&)>::<lambda()>, GRPC_OP_SEND_CLOSE_FROM_CLIENT> >, promise_detail::TrySeq<OpHandlerImpl<ClientCall::CommitBatch(const grpc_op*, size_t, void*, bool)::<lambda(const grpc_op&)>::<lambda()>, GRPC_OP_RECV_INITIAL_METADATA>, OpHandlerImpl<MessageReceiver::MakeBatchOp<grpc_core::CallInitiator>(const grpc_op&, grpc_core::CallInitiator*)::<lambda()>, GRPC_OP_RECV_MESSAGE> > >, ClientCall::CommitBatch(const grpc_op*, size_t, void*, bool)::<lambda(StatusFlag)> > >(Map<promise_detail::AllOk<StatusFlag, promise_detail::TrySeq<OpHandlerImpl<ClientCall::CommitBatch(const grpc_op*, size_t, void*, bool)::<lambda(const grpc_op&)>::<lambda()>, GRPC_OP_SEND_MESSAGE>, OpHandlerImpl<ClientCall::CommitBatch(const grpc_op*, size_t, void*, bool)::<lambda(const grpc_op&)>::<lambda()>, GRPC_OP_SEND_CLOSE_FROM_CLIENT> >, promise_detail::TrySeq<OpHandlerImpl<ClientCall::CommitBatch(const grpc_op*, size_t, void*, bool)::<lambda(const grpc_op&)>::<lambda()>, GRPC_OP_RECV_INITIAL_METADATA>, OpHandlerImpl<MessageReceiver::MakeBatchOp<grpc_core::CallInitiator>(const grpc_op&, grpc_core::CallInitiator*)::<lambda()>, GRPC_OP_RECV_MESSAGE> > >, ClientCall::CommitBatch(const grpc_op*, size_t, void*, bool)::<lambda(StatusFlag)> >, bool, void*, grpc_completion_queue*)::<lambda()>, FallibleBatch<Map<promise_detail::AllOk<StatusFlag, promise_detail::TrySeq<OpHandlerImpl<ClientCall::CommitBatch(const grpc_op*, size_t, void*, bool)::<lambda(const grpc_op&)>::<lambda()>, GRPC_OP_SEND_MESSAGE>, OpHandlerImpl<ClientCall::CommitBatch(const grpc_op*, size_t, void*, bool)::<lambda(const grpc_op&)>::<lambda()>, GRPC_OP_SEND_CLOSE_FROM_CLIENT> >, promise_detail::TrySeq<OpHandlerImpl<ClientCall::CommitBatch(const grpc_op*, size_t, void*, bool)::<lambda(const grpc_op&)>::<lambda()>, GRPC_OP_RECV_INITIAL_METADATA>, OpHandlerImpl<MessageReceiver::MakeBatchOp<grpc_core::CallInitiator>(const grpc_op&, grpc_core::CallInitiator*)::<lambda()>, GRPC_OP_RECV_MESSAGE> > >, ClientCall::CommitBatch(const grpc_op*, size_t, void*, bool)::<lambda(StatusFlag)> > >(Map<promise_detail::AllOk<StatusFlag, promise_detail::TrySeq<OpHandlerImpl<ClientCall::CommitBatch(const grpc_op*, size_t, void*, bool)::<lambda(const grpc_op&)>::<lambda()>, GRPC_OP_SEND_MESSAGE>, OpHandlerImpl<ClientCall::CommitBatch(const grpc_op*, size_t, void*, bool)::<lambda(const grpc_op&)>::<lambda()>, GRPC_OP_SEND_CLOSE_FROM_CLIENT> >, promise_detail::TrySeq<OpHandlerImpl<ClientCall::CommitBatch(const grpc_op*, size_t, void*, bool)::<lambda(const grpc_op&)>::<lambda()>, GRPC_OP_RECV_INITIAL_METADATA>, OpHandlerImpl<MessageReceiver::MakeBatchOp<grpc_core::CallInitiator>(const grpc_op&, grpc_core::CallInitiator*)::<lambda()>, GRPC_OP_RECV_MESSAGE> > >, ClientCall::CommitBatch(const grpc_op*, size_t, void*, bool)::<lambda(StatusFlag)> >, bool, void*, grpc_completion_queue*)::<lambda()>)::<lambda()> >(absl::lts_20250512::string_view, grpc_core::OnCancelFactory<FallibleBatch<Map<promise_detail::AllOk<StatusFlag, promise_detail::TrySeq<OpHandlerImpl<ClientCall::CommitBatch(const grpc_op*, size_t, void*, bool)::<lambda(const grpc_op&)>::<lambda()>, GRPC_OP_SEND_MESSAGE>, OpHandlerImpl<ClientCall::CommitBatch(const grpc_op*, size_t, void*, bool)::<lambda(const grpc_op&)>::<lambda()>, GRPC_OP_SEND_CLOSE_FROM_CLIENT> >, promise_detail::TrySeq<OpHandlerImpl<ClientCall::CommitBatch(const grpc_op*, size_t, void*, bool)::<lambda(const grpc_op&)>::<lambda()>, GRPC_OP_RECV_INITIAL_METADATA>, OpHandlerImpl<MessageReceiver::MakeBatchOp<grpc_core::CallInitiator>(const grpc_op&, grpc_core::CallInitiator*)::<lambda()>, GRPC_OP_RECV_MESSAGE> > >, ClientCall::CommitBatch(const grpc_op*, size_t, void*, bool)::<lambda(StatusFlag)> > >(Map<promise_detail::AllOk<StatusFlag, promise_detail::TrySeq<OpHandlerImpl<ClientCall::CommitBatch(const grpc_op*, size_t, void*, bool)::<lambda(const grpc_op&)>::<lambda()>, GRPC_OP_SEND_MESSAGE>, OpHandlerImpl<ClientCall::CommitBatch(const grpc_op*, size_t, void*, bool)::<lambda(const grpc_op&)>::<lambda()>, GRPC_OP_SEND_CLOSE_FROM_CLIENT> >, promise_detail::TrySeq<OpHandlerImpl<ClientCall::CommitBatch(const grpc_op*, size_t, void*, bool)::<lambda(const grpc_op&)>::<lambda()>, GRPC_OP_RECV_INITIAL_METADATA>, OpHandlerImpl<MessageReceiver::MakeBatchOp<grpc_core::CallInitiator>(const grpc_op&, grpc_core::CallInitiator*)::<lambda()>, GRPC_OP_RECV_MESSAGE> > >, ClientCall::CommitBatch(const grpc_op*, size_t, void*, bool)::<lambda(StatusFlag)> >, bool, void*, grpc_completion_queue*)::<lambda()>, FallibleBatch<Map<promise_detail::AllOk<StatusFlag, promise_detail::TrySeq<OpHandlerImpl<ClientCall::CommitBatch(const grpc_op*, size_t, void*, bool)::<lambda(const grpc_op&)>::<lambda()>, GRPC_OP_SEND_MESSAGE>, OpHandlerImpl<ClientCall::CommitBatch(const grpc_op*, size_t, void*, bool)::<lambda(const grpc_op&)>::<lambda()>, GRPC_OP_SEND_CLOSE_FROM_CLIENT> >, promise_detail::TrySeq<OpHandlerImpl<ClientCall::CommitBatch(const grpc_op*, size_t, void*, bool)::<lambda(const grpc_op&)>::<lambda()>, GRPC_OP_RECV_INITIAL_METADATA>, OpHandlerImpl<MessageReceiver::MakeBatchOp<grpc_core::CallInitiator>(const grpc_op&, grpc_core::CallInitiator*)::<lambda()>, GRPC_OP_RECV_MESSAGE> > >, ClientCall::CommitBatch(const grpc_op*, size_t, void*, bool)::<lambda(StatusFlag)> > >(Map<promise_detail::AllOk<StatusFlag, promise_detail::TrySeq<OpHandlerImpl<ClientCall::CommitBatch(const grpc_op*, size_t, void*, bool)::<lambda(const grpc_op&)>::<lambda()>, GRPC_OP_SEND_MESSAGE>, OpHandlerImpl<ClientCall::CommitBatch(const grpc_op*, size_t, void*, bool)::<lambda(const grpc_op&)>::<lambda()>, GRPC_OP_SEND_CLOSE_FROM_CLIENT> >, promise_detail::TrySeq<OpHandlerImpl<ClientCall::CommitBatch(const grpc_op*, size_t, void*, bool)::<lambda(const grpc_op&)>::<lambda()>, GRPC_OP_RECV_INITIAL_METADATA>, OpHandlerImpl<MessageReceiver::MakeBatchOp<grpc_core::CallInitiator>(const grpc_op&, grpc_core::CallInitiator*)::<lambda()>, GRPC_OP_RECV_MESSAGE> > >, ClientCall::CommitBatch(const grpc_op*, size_t, void*, bool)::<lambda(StatusFlag)> >, bool, void*, grpc_completion_queue*)::<lambda()> >(FallibleBatch<Map<promise_detail::AllOk<StatusFlag, promise_detail::TrySeq<OpHandlerImpl<ClientCall::CommitBatch(const grpc_op*, size_t, void*, bool)::<lambda(const grpc_op&)>::<lambda()>, GRPC_OP_SEND_MESSAGE>, OpHandlerImpl<ClientCall::CommitBatch(const grpc_op*, size_t, void*, bool)::<lambda(const grpc_op&)>::<lambda()>, GRPC_OP_SEND_CLOSE_FROM_CLIENT> >, promise_detail::TrySeq<OpHandlerImpl<ClientCall::CommitBatch(const grpc_op*, size_t, void*, bool)::<lambda(const grpc_op&)>::<lambda()>, GRPC_OP_RECV_INITIAL_METADATA>, OpHandlerImpl<MessageReceiver::MakeBatchOp<grpc_core::CallInitiator>(const grpc_op&, grpc_core::CallInitiator*)::<lambda()>, GRPC_OP_RECV_MESSAGE> > >, ClientCall::CommitBatch(const grpc_op*, size_t, void*, bool)::<lambda(StatusFlag)> > >(Map<promise_detail::AllOk<StatusFlag, promise_detail::TrySeq<OpHandlerImpl<ClientCall::CommitBatch(const grpc_op*, size_t, void*, bool)::<lambda(const grpc_op&)>::<lambda()>, GRPC_OP_SEND_MESSAGE>, OpHandlerImpl<ClientCall::CommitBatch(const grpc_op*, size_t, void*, bool)::<lambda(const grpc_op&)>::<lambda()>, GRPC_OP_SEND_CLOSE_FROM_CLIENT> >, promise_detail::TrySeq<OpHandlerImpl<ClientCall::CommitBatch(const grpc_op*, size_t, void*, bool)::<lambda(const grpc_op&)>::<lambda()>, GRPC_OP_RECV_INITIAL_METADATA>, OpHandlerImpl<MessageReceiver::MakeBatchOp<grpc_core::CallInitiator>(const grpc_op&, grpc_core::CallInitiator*)::<lambda()>, GRPC_OP_RECV_MESSAGE> > >, ClientCall::CommitBatch(const grpc_op*, size_t, void*, bool)::<lambda(StatusFlag)> >, bool, void*, grpc_completion_queue*)::<lambda()>, FallibleBatch<Map<promise_detail::AllOk<StatusFlag, promise_detail::TrySeq<OpHandlerImpl<ClientCall::CommitBatch(const grpc_op*, size_t, void*, bool)::<lambda(const grpc_op&)>::<lambda()>, GRPC_OP_SEND_MESSAGE>, OpHandlerImpl<ClientCall::CommitBatch(const grpc_op*, size_t, void*, bool)::<lambda(const grpc_op&)>::<lambda()>, GRPC_OP_SEND_CLOSE_FROM_CLIENT> >, promise_detail::TrySeq<OpHandlerImpl<ClientCall::CommitBatch(const grpc_op*, size_t, void*, bool)::<lambda(const grpc_op&)>::<lambda()>, GRPC_OP_RECV_INITIAL_METADATA>, OpHandlerImpl<MessageReceiver::MakeBatchOp<grpc_core::CallInitiator>(const grpc_op&, grpc_core::CallInitiator*)::<lambda()>, GRPC_OP_RECV_MESSAGE> > >, ClientCall::CommitBatch(const grpc_op*, size_t, void*, bool)::<lambda(StatusFlag)> > >(Map<promise_detail::AllOk<StatusFlag, promise_detail::TrySeq<OpHandlerImpl<ClientCall::CommitBatch(const grpc_op*, size_t, void*, bool)::<lambda(const grpc_op&)>::<lambda()>, GRPC_OP_SEND_MESSAGE>, OpHandlerImpl<ClientCall::CommitBatch(const grpc_op*, size_t, void*, bool)::<lambda(const grpc_op&)>::<lambda()>, GRPC_OP_SEND_CLOSE_FROM_CLIENT> >, promise_detail::TrySeq<OpHandlerImpl<ClientCall::CommitBatch(const grpc_op*, size_t, void*, bool)::<lambda(const grpc_op&)>::<lambda()>, GRPC_OP_RECV_INITIAL_METADATA>, OpHandlerImpl<MessageReceiver::MakeBatchOp<grpc_core::CallInitiator>(const grpc_op&, grpc_core::CallInitiator*)::<lambda()>, GRPC_OP_RECV_MESSAGE> > >, ClientCall::CommitBatch(const grpc_op*, size_t, void*, bool)::<lambda(StatusFlag)> >, bool, void*, grpc_completion_queue*)::<lambda()>)::<lambda()>)::<lambda(grpc_core::Empty)>]’:
      ./src/core/lib/promise/detail/promise_factory.h:250:30: note: ‘<anonymous>’ declared here
        250 |     return PromiseFactoryImpl(OnceToken{}, std::move(f_));
            |            ~~~~~~~~~~~~~~~~~~^~~~~~~~~~~~~~~~~~~~~~~~~~~~
      In destructor ‘grpc_core::filters_detail::OperationExecutor<T>::~OperationExecutor() [with T = std::unique_ptr<grpc_core::Message, grpc_core::Arena::PooledDeleter>]’,
          inlined from ‘grpc_core::CallFilters::MessageExecutor<&grpc_core::CallFilters::push_server_to_client_message_, &grpc_core::filters_detail::StackData::server_to_client_messages, &grpc_core::CallState::FinishPullServerToClientMessage, std::reverse_iterator<const grpc_core::CallFilters::AddedStack*> >::~MessageExecutor()’ at ./src/core/call/call_filters.h:1886:9,
          inlined from ‘grpc_core::promise_detail::PromiseLike<grpc_core::CallFilters::MessageExecutor<&grpc_core::CallFilters::push_server_to_client_message_, &grpc_core::filters_detail::StackData::server_to_client_messages, &grpc_core::CallState::FinishPullServerToClientMessage, std::reverse_iterator<const grpc_core::CallFilters::AddedStack*> >, void>::~PromiseLike()’ at ./src/core/lib/promise/detail/promise_like.h:204:7,
          inlined from ‘void grpc_core::Destruct(T*) [with T = promise_detail::PromiseLike<CallFilters::MessageExecutor<&CallFilters::push_server_to_client_message_, &filters_detail::StackData::server_to_client_messages, &CallState::FinishPullServerToClientMessage, std::reverse_iterator<const CallFilters::AddedStack*> >, void>]’ at ./src/core/util/construct_destruct.h:28:8,
          inlined from ‘grpc_core::If<bool, T, F>::~If() [with T = grpc_core::CallFilters::PullServerToClientMessage()::<lambda(bool)>::<lambda()>; F = grpc_core::CallFilters::PullServerToClientMessage()::<lambda(bool)>::<lambda()>]’ at ./src/core/lib/promise/if.h:188:15,
          inlined from ‘grpc_core::promise_detail::PromiseLike<grpc_core::If<bool, grpc_core::CallFilters::PullServerToClientMessage()::<lambda(bool)>::<lambda()>, grpc_core::CallFilters::PullServerToClientMessage()::<lambda(bool)>::<lambda()> >, void>::~PromiseLike()’ at ./src/core/lib/promise/detail/promise_like.h:204:7,
          inlined from ‘void grpc_core::Destruct(T*) [with T = promise_detail::PromiseLike<If<bool, CallFilters::PullServerToClientMessage()::<lambda(bool)>::<lambda()>, CallFilters::PullServerToClientMessage()::<lambda(bool)>::<lambda()> >, void>]’ at ./src/core/util/construct_destruct.h:28:8,
          inlined from ‘grpc_core::promise_detail::SeqState<Traits, P, F0>::~SeqState() [with Traits = grpc_core::promise_detail::TrySeqTraits; P = grpc_core::CallFilters::PullServerToClientMessage()::<lambda()>; F0 = grpc_core::CallFilters::PullServerToClientMessage()::<lambda(bool)>]’ at ./src/core/lib/promise/detail/seq_state.h:116:17,
          inlined from ‘grpc_core::promise_detail::TrySeq<grpc_core::CallFilters::PullServerToClientMessage()::<lambda()>, grpc_core::CallFilters::PullServerToClientMessage()::<lambda(bool)> >::~TrySeq()’ at ./src/core/lib/promise/try_seq.h:254:7,
          inlined from ‘grpc_core::promise_detail::PromiseLike<grpc_core::promise_detail::TrySeq<grpc_core::CallFilters::PullServerToClientMessage()::<lambda()>, grpc_core::CallFilters::PullServerToClientMessage()::<lambda(bool)> >, void>::~PromiseLike()’ at ./src/core/lib/promise/detail/promise_like.h:204:7,
          inlined from ‘grpc_core::Map<grpc_core::promise_detail::TrySeq<grpc_core::CallFilters::PullServerToClientMessage()::<lambda()>, grpc_core::CallFilters::PullServerToClientMessage()::<lambda(bool)> >, grpc_core::MessageReceiver::MakeBatchOp<grpc_core::CallInitiator>(const grpc_op&, grpc_core::CallInitiator*)::<lambda()> mutable::<lambda(grpc_core::CallInitiator::NextMessage)> >::~Map()’ at ./src/core/lib/promise/map.h:134:7,
          inlined from ‘grpc_core::promise_detail::PromiseLike<grpc_core::Map<grpc_core::promise_detail::TrySeq<grpc_core::CallFilters::PullServerToClientMessage()::<lambda()>, grpc_core::CallFilters::PullServerToClientMessage()::<lambda(bool)> >, grpc_core::MessageReceiver::MakeBatchOp<grpc_core::CallInitiator>(const grpc_op&, grpc_core::CallInitiator*)::<lambda()> mutable::<lambda(grpc_core::CallInitiator::NextMessage)> >, void>::~PromiseLike()’ at ./src/core/lib/promise/detail/promise_like.h:204:7,
          inlined from ‘void grpc_core::Destruct(T*) [with T = promise_detail::PromiseLike<Map<promise_detail::TrySeq<CallFilters::PullServerToClientMessage()::<lambda()>, CallFilters::PullServerToClientMessage()::<lambda(bool)> >, MessageReceiver::MakeBatchOp<grpc_core::CallInitiator>(const grpc_op&, grpc_core::CallInitiator*)::<lambda()> mutable::<lambda(CallInitiator::NextMessage)> >, void>]’ at ./src/core/util/construct_destruct.h:28:8,
          inlined from ‘grpc_core::OpHandlerImpl<SetupResult, kOp>::~OpHandlerImpl() [with SetupResult = grpc_core::MessageReceiver::MakeBatchOp<grpc_core::CallInitiator>(const grpc_op&, grpc_core::CallInitiator*)::<lambda()>; grpc_op_type kOp = GRPC_OP_RECV_MESSAGE]’ at ./src/core/lib/surface/call_utils.h:195:17,
          inlined from ‘grpc_core::OpHandlerImpl<SetupResult, kOp>::~OpHandlerImpl() [with SetupResult = grpc_core::MessageReceiver::MakeBatchOp<grpc_core::CallInitiator>(const grpc_op&, grpc_core::CallInitiator*)::<lambda()>; grpc_op_type kOp = GRPC_OP_RECV_MESSAGE]’ at ./src/core/lib/surface/call_utils.h:187:3,
          inlined from ‘grpc_core::promise_detail::OncePromiseFactory<void, F>::Promise grpc_core::promise_detail::OncePromiseFactory<void, F>::Make() [with F = grpc_core::OpHandlerImpl<grpc_core::MessageReceiver::MakeBatchOp<grpc_core::CallInitiator>(const grpc_op&, grpc_core::CallInitiator*)::<lambda()>, GRPC_OP_RECV_MESSAGE>]’ at ./src/core/lib/promise/detail/promise_factory.h:250:30,
          inlined from ‘static auto grpc_core::promise_detail::TrySeqTraitsWithSfinae<T, typename std::enable_if<((std::is_same<decltype (grpc_core::IsStatusOk(declval<T>())), bool>::value && (! grpc_core::promise_detail::TakeValueExists<T>::value)) && grpc_core::promise_detail::AllowGenericTrySeqTraits<T>::value), void>::type>::CallFactory(Next*, T&&) [with Next = grpc_core::promise_detail::OncePromiseFactory<void, grpc_core::OpHandlerImpl<grpc_core::MessageReceiver::MakeBatchOp<grpc_core::CallInitiator>(const grpc_op&, grpc_core::CallInitiator*)::<lambda()>, GRPC_OP_RECV_MESSAGE> >; T = grpc_core::StatusFlag]’ at ./src/core/lib/promise/try_seq.h:169:23,
          inlined from ‘grpc_core::Poll<typename Traits<typename grpc_core::promise_detail::OncePromiseFactory<typename Traits<typename grpc_core::promise_detail::PromiseLike<F>::Result>::UnwrappedType, F0>::Promise::Result>::WrappedType> grpc_core::promise_detail::SeqState<Traits, P, F0>::PollOnce() [with Traits = grpc_core::promise_detail::TrySeqTraits; P = grpc_core::OpHandlerImpl<grpc_core::ClientCall::CommitBatch(const grpc_op*, size_t, void*, bool)::<lambda(const grpc_op&)>::<lambda()>, GRPC_OP_RECV_INITIAL_METADATA>; F0 = grpc_core::OpHandlerImpl<grpc_core::MessageReceiver::MakeBatchOp<grpc_core::CallInitiator>(const grpc_op&, grpc_core::CallInitiator*)::<lambda()>, GRPC_OP_RECV_MESSAGE>]’ at ./src/core/lib/promise/detail/seq_state.h:185:14,
          inlined from ‘auto grpc_core::promise_detail::TrySeq<P, Fs>::operator()() [with P = grpc_core::OpHandlerImpl<grpc_core::ClientCall::CommitBatch(const grpc_op*, size_t, void*, bool)::<lambda(const grpc_op&)>::<lambda()>, GRPC_OP_RECV_INITIAL_METADATA>; Fs = {grpc_core::OpHandlerImpl<grpc_core::MessageReceiver::MakeBatchOp<grpc_core::CallInitiator>(const grpc_op&, grpc_core::CallInitiator*)::<lambda()>, GRPC_OP_RECV_MESSAGE>}]’ at ./src/core/lib/promise/try_seq.h:263:28,
          inlined from ‘grpc_core::promise_detail::PromiseLike<F, typename std::enable_if<(! std::is_void<typename std::invoke_result<Releaser>::type>::value), void>::type>::WrappedResult grpc_core::promise_detail::PromiseLike<F, typename std::enable_if<(! std::is_void<typename std::invoke_result<Releaser>::type>::value), void>::type>::operator()() [with F = grpc_core::promise_detail::TrySeq<grpc_core::OpHandlerImpl<grpc_core::ClientCall::CommitBatch(const grpc_op*, size_t, void*, bool)::<lambda(const grpc_op&)>::<lambda()>, GRPC_OP_RECV_INITIAL_METADATA>, grpc_core::OpHandlerImpl<grpc_core::MessageReceiver::MakeBatchOp<grpc_core::CallInitiator>(const grpc_op&, grpc_core::CallInitiator*)::<lambda()>, GRPC_OP_RECV_MESSAGE> >]’ at ./src/core/lib/promise/detail/promise_like.h:216:25,
          inlined from ‘grpc_core::Poll<typename Traits::ResultType<std::tuple<decltype (Traits::Unwrapped(declval<typename grpc_core::promise_detail::PromiseLike<F, void>::Result>())), decltype (Traits::Unwrapped(declval<typename grpc_core::promise_detail::PromiseLike<R, void>::Result>()))> > > grpc_core::promise_detail::JoinState<Traits, P0, P1>::PollOnce() [with Traits = grpc_core::promise_detail::AllOkTraits<grpc_core::StatusFlag>; P0 = grpc_core::promise_detail::TrySeq<grpc_core::OpHandlerImpl<grpc_core::ClientCall::CommitBatch(const grpc_op*, size_t, void*, bool)::<lambda(const grpc_op&)>::<lambda()>, GRPC_OP_SEND_MESSAGE>, grpc_core::OpHandlerImpl<grpc_core::ClientCall::CommitBatch(const grpc_op*, size_t, void*, bool)::<lambda(const grpc_op&)>::<lambda()>, GRPC_OP_SEND_CLOSE_FROM_CLIENT> >; P1 = grpc_core::promise_detail::TrySeq<grpc_core::OpHandlerImpl<grpc_core::ClientCall::CommitBatch(const grpc_op*, size_t, void*, bool)::<lambda(const grpc_op&)>::<lambda()>, GRPC_OP_RECV_INITIAL_METADATA>, grpc_core::OpHandlerImpl<grpc_core::MessageReceiver::MakeBatchOp<grpc_core::CallInitiator>(const grpc_op&, grpc_core::CallInitiator*)::<lambda()>, GRPC_OP_RECV_MESSAGE> >]’ at ./src/core/lib/promise/detail/join_state.h:109:12,
          inlined from ‘auto grpc_core::promise_detail::AllOk<Result, Promises>::operator()() [with Result = grpc_core::StatusFlag; Promises = {grpc_core::promise_detail::TrySeq<grpc_core::OpHandlerImpl<grpc_core::ClientCall::CommitBatch(const grpc_op*, size_t, void*, bool)::<lambda(const grpc_op&)>::<lambda()>, GRPC_OP_SEND_MESSAGE>, grpc_core::OpHandlerImpl<grpc_core::ClientCall::CommitBatch(const grpc_op*, size_t, void*, bool)::<lambda(const grpc_op&)>::<lambda()>, GRPC_OP_SEND_CLOSE_FROM_CLIENT> >, grpc_core::promise_detail::TrySeq<grpc_core::OpHandlerImpl<grpc_core::ClientCall::CommitBatch(const grpc_op*, size_t, void*, bool)::<lambda(const grpc_op&)>::<lambda()>, GRPC_OP_RECV_INITIAL_METADATA>, grpc_core::OpHandlerImpl<grpc_core::MessageReceiver::MakeBatchOp<grpc_core::CallInitiator>(const grpc_op&, grpc_core::CallInitiator*)::<lambda()>, GRPC_OP_RECV_MESSAGE> >}]’ at ./src/core/lib/promise/all_ok.h:99:28,
          inlined from ‘grpc_core::promise_detail::PromiseLike<F, typename std::enable_if<(! std::is_void<typename std::invoke_result<Releaser>::type>::value), void>::type>::WrappedResult grpc_core::promise_detail::PromiseLike<F, typename std::enable_if<(! std::is_void<typename std::invoke_result<Releaser>::type>::value), void>::type>::operator()() [with F = grpc_core::promise_detail::AllOk<grpc_core::StatusFlag, grpc_core::promise_detail::TrySeq<grpc_core::OpHandlerImpl<grpc_core::ClientCall::CommitBatch(const grpc_op*, size_t, void*, bool)::<lambda(const grpc_op&)>::<lambda()>, GRPC_OP_SEND_MESSAGE>, grpc_core::OpHandlerImpl<grpc_core::ClientCall::CommitBatch(const grpc_op*, size_t, void*, bool)::<lambda(const grpc_op&)>::<lambda()>, GRPC_OP_SEND_CLOSE_FROM_CLIENT> >, grpc_core::promise_detail::TrySeq<grpc_core::OpHandlerImpl<grpc_core::ClientCall::CommitBatch(const grpc_op*, size_t, void*, bool)::<lambda(const grpc_op&)>::<lambda()>, GRPC_OP_RECV_INITIAL_METADATA>, grpc_core::OpHandlerImpl<grpc_core::MessageReceiver::MakeBatchOp<grpc_core::CallInitiator>(const grpc_op&, grpc_core::CallInitiator*)::<lambda()>, GRPC_OP_RECV_MESSAGE> > >]’ at ./src/core/lib/promise/detail/promise_like.h:216:25,
          inlined from ‘grpc_core::Poll<typename grpc_core::promise_detail::WrappedFn<Fn, typename grpc_core::promise_detail::PromiseLike<F>::Result>::Result> grpc_core::Map<Promise, Fn>::operator()() [with Promise = grpc_core::promise_detail::AllOk<grpc_core::StatusFlag, grpc_core::promise_detail::TrySeq<grpc_core::OpHandlerImpl<grpc_core::ClientCall::CommitBatch(const grpc_op*, size_t, void*, bool)::<lambda(const grpc_op&)>::<lambda()>, GRPC_OP_SEND_MESSAGE>, grpc_core::OpHandlerImpl<grpc_core::ClientCall::CommitBatch(const grpc_op*, size_t, void*, bool)::<lambda(const grpc_op&)>::<lambda()>, GRPC_OP_SEND_CLOSE_FROM_CLIENT> >, grpc_core::promise_detail::TrySeq<grpc_core::OpHandlerImpl<grpc_core::ClientCall::CommitBatch(const grpc_op*, size_t, void*, bool)::<lambda(const grpc_op&)>::<lambda()>, GRPC_OP_RECV_INITIAL_METADATA>, grpc_core::OpHandlerImpl<grpc_core::MessageReceiver::MakeBatchOp<grpc_core::CallInitiator>(const grpc_op&, grpc_core::CallInitiator*)::<lambda()>, GRPC_OP_RECV_MESSAGE> > >; Fn = grpc_core::ClientCall::CommitBatch(const grpc_op*, size_t, void*, bool)::<lambda(grpc_core::StatusFlag)>]’ at ./src/core/lib/promise/map.h:152:25,
          inlined from ‘grpc_core::promise_detail::PromiseLike<F, typename std::enable_if<(! std::is_void<typename std::invoke_result<Releaser>::type>::value), void>::type>::WrappedResult grpc_core::promise_detail::PromiseLike<F, typename std::enable_if<(! std::is_void<typename std::invoke_result<Releaser>::type>::value), void>::type>::operator()() [with F = grpc_core::Map<grpc_core::promise_detail::AllOk<grpc_core::StatusFlag, grpc_core::promise_detail::TrySeq<grpc_core::OpHandlerImpl<grpc_core::ClientCall::CommitBatch(const grpc_op*, size_t, void*, bool)::<lambda(const grpc_op&)>::<lambda()>, GRPC_OP_SEND_MESSAGE>, grpc_core::OpHandlerImpl<grpc_core::ClientCall::CommitBatch(const grpc_op*, size_t, void*, bool)::<lambda(const grpc_op&)>::<lambda()>, GRPC_OP_SEND_CLOSE_FROM_CLIENT> >, grpc_core::promise_detail::TrySeq<grpc_core::OpHandlerImpl<grpc_core::ClientCall::CommitBatch(const grpc_op*, size_t, void*, bool)::<lambda(const grpc_op&)>::<lambda()>, GRPC_OP_RECV_INITIAL_METADATA>, grpc_core::OpHandlerImpl<grpc_core::MessageReceiver::MakeBatchOp<grpc_core::CallInitiator>(const grpc_op&, grpc_core::CallInitiator*)::<lambda()>, GRPC_OP_RECV_MESSAGE> > >, grpc_core::ClientCall::CommitBatch(const grpc_op*, size_t, void*, bool)::<lambda(grpc_core::StatusFlag)> >]’ at ./src/core/lib/promise/detail/promise_like.h:216:25,
          inlined from ‘grpc_core::Poll<typename Traits<typename grpc_core::promise_detail::OncePromiseFactory<typename Traits<typename grpc_core::promise_detail::PromiseLike<F>::Result>::UnwrappedType, F0>::Promise::Result>::WrappedType> grpc_core::promise_detail::SeqState<Traits, P, F0>::PollOnce() [with Traits = grpc_core::promise_detail::SeqTraits; P = grpc_core::Map<grpc_core::promise_detail::AllOk<grpc_core::StatusFlag, grpc_core::promise_detail::TrySeq<grpc_core::OpHandlerImpl<grpc_core::ClientCall::CommitBatch(const grpc_op*, size_t, void*, bool)::<lambda(const grpc_op&)>::<lambda()>, GRPC_OP_SEND_MESSAGE>, grpc_core::OpHandlerImpl<grpc_core::ClientCall::CommitBatch(const grpc_op*, size_t, void*, bool)::<lambda(const grpc_op&)>::<lambda()>, GRPC_OP_SEND_CLOSE_FROM_CLIENT> >, grpc_core::promise_detail::TrySeq<grpc_core::OpHandlerImpl<grpc_core::ClientCall::CommitBatch(const grpc_op*, size_t, void*, bool)::<lambda(const grpc_op&)>::<lambda()>, GRPC_OP_RECV_INITIAL_METADATA>, grpc_core::OpHandlerImpl<grpc_core::MessageReceiver::MakeBatchOp<grpc_core::CallInitiator>(const grpc_op&, grpc_core::CallInitiator*)::<lambda()>, GRPC_OP_RECV_MESSAGE> > >, grpc_core::ClientCall::CommitBatch(const grpc_op*, size_t, void*, bool)::<lambda(grpc_core::StatusFlag)> >; F0 = grpc_core::FallibleBatch<Map<promise_detail::AllOk<StatusFlag, promise_detail::TrySeq<OpHandlerImpl<ClientCall::CommitBatch(const grpc_op*, size_t, void*, bool)::<lambda(const grpc_op&)>::<lambda()>, GRPC_OP_SEND_MESSAGE>, OpHandlerImpl<ClientCall::CommitBatch(const grpc_op*, size_t, void*, bool)::<lambda(const grpc_op&)>::<lambda()>, GRPC_OP_SEND_CLOSE_FROM_CLIENT> >, promise_detail::TrySeq<OpHandlerImpl<ClientCall::CommitBatch(const grpc_op*, size_t, void*, bool)::<lambda(const grpc_op&)>::<lambda()>, GRPC_OP_RECV_INITIAL_METADATA>, OpHandlerImpl<MessageReceiver::MakeBatchOp<grpc_core::CallInitiator>(const grpc_op&, grpc_core::CallInitiator*)::<lambda()>, GRPC_OP_RECV_MESSAGE> > >, ClientCall::CommitBatch(const grpc_op*, size_t, void*, bool)::<lambda(StatusFlag)> > >(Map<promise_detail::AllOk<StatusFlag, promise_detail::TrySeq<OpHandlerImpl<ClientCall::CommitBatch(const grpc_op*, size_t, void*, bool)::<lambda(const grpc_op&)>::<lambda()>, GRPC_OP_SEND_MESSAGE>, OpHandlerImpl<ClientCall::CommitBatch(const grpc_op*, size_t, void*, bool)::<lambda(const grpc_op&)>::<lambda()>, GRPC_OP_SEND_CLOSE_FROM_CLIENT> >, promise_detail::TrySeq<OpHandlerImpl<ClientCall::CommitBatch(const grpc_op*, size_t, void*, bool)::<lambda(const grpc_op&)>::<lambda()>, GRPC_OP_RECV_INITIAL_METADATA>, OpHandlerImpl<MessageReceiver::MakeBatchOp<grpc_core::CallInitiator>(const grpc_op&, grpc_core::CallInitiator*)::<lambda()>, GRPC_OP_RECV_MESSAGE> > >, ClientCall::CommitBatch(const grpc_op*, size_t, void*, bool)::<lambda(StatusFlag)> >, bool, void*, grpc_completion_queue*)::<lambda()> mutable::<lambda(grpc_core::StatusFlag)>]’ at ./src/core/lib/promise/detail/seq_state.h:167:14,
          inlined from ‘auto grpc_core::promise_detail::Seq<P, Fs>::operator()() [with P = grpc_core::Map<grpc_core::promise_detail::AllOk<grpc_core::StatusFlag, grpc_core::promise_detail::TrySeq<grpc_core::OpHandlerImpl<grpc_core::ClientCall::CommitBatch(const grpc_op*, size_t, void*, bool)::<lambda(const grpc_op&)>::<lambda()>, GRPC_OP_SEND_MESSAGE>, grpc_core::OpHandlerImpl<grpc_core::ClientCall::CommitBatch(const grpc_op*, size_t, void*, bool)::<lambda(const grpc_op&)>::<lambda()>, GRPC_OP_SEND_CLOSE_FROM_CLIENT> >, grpc_core::promise_detail::TrySeq<grpc_core::OpHandlerImpl<grpc_core::ClientCall::CommitBatch(const grpc_op*, size_t, void*, bool)::<lambda(const grpc_op&)>::<lambda()>, GRPC_OP_RECV_INITIAL_METADATA>, grpc_core::OpHandlerImpl<grpc_core::MessageReceiver::MakeBatchOp<grpc_core::CallInitiator>(const grpc_op&, grpc_core::CallInitiator*)::<lambda()>, GRPC_OP_RECV_MESSAGE> > >, grpc_core::ClientCall::CommitBatch(const grpc_op*, size_t, void*, bool)::<lambda(grpc_core::StatusFlag)> >; Fs = {grpc_core::FallibleBatch<Map<promise_detail::AllOk<StatusFlag, promise_detail::TrySeq<OpHandlerImpl<ClientCall::CommitBatch(const grpc_op*, size_t, void*, bool)::<lambda(const grpc_op&)>::<lambda()>, GRPC_OP_SEND_MESSAGE>, OpHandlerImpl<ClientCall::CommitBatch(const grpc_op*, size_t, void*, bool)::<lambda(const grpc_op&)>::<lambda()>, GRPC_OP_SEND_CLOSE_FROM_CLIENT> >, promise_detail::TrySeq<OpHandlerImpl<ClientCall::CommitBatch(const grpc_op*, size_t, void*, bool)::<lambda(const grpc_op&)>::<lambda()>, GRPC_OP_RECV_INITIAL_METADATA>, OpHandlerImpl<MessageReceiver::MakeBatchOp<grpc_core::CallInitiator>(const grpc_op&, grpc_core::CallInitiator*)::<lambda()>, GRPC_OP_RECV_MESSAGE> > >, ClientCall::CommitBatch(const grpc_op*, size_t, void*, bool)::<lambda(StatusFlag)> > >(Map<promise_detail::AllOk<StatusFlag, promise_detail::TrySeq<OpHandlerImpl<ClientCall::CommitBatch(const grpc_op*, size_t, void*, bool)::<lambda(const grpc_op&)>::<lambda()>, GRPC_OP_SEND_MESSAGE>, OpHandlerImpl<ClientCall::CommitBatch(const grpc_op*, size_t, void*, bool)::<lambda(const grpc_op&)>::<lambda()>, GRPC_OP_SEND_CLOSE_FROM_CLIENT> >, promise_detail::TrySeq<OpHandlerImpl<ClientCall::CommitBatch(const grpc_op*, size_t, void*, bool)::<lambda(const grpc_op&)>::<lambda()>, GRPC_OP_RECV_INITIAL_METADATA>, OpHandlerImpl<MessageReceiver::MakeBatchOp<grpc_core::CallInitiator>(const grpc_op&, grpc_core::CallInitiator*)::<lambda()>, GRPC_OP_RECV_MESSAGE> > >, ClientCall::CommitBatch(const grpc_op*, size_t, void*, bool)::<lambda(StatusFlag)> >, bool, void*, grpc_completion_queue*)::<lambda()> mutable::<lambda(grpc_core::StatusFlag)>}]’ at ./src/core/lib/promise/seq.h:108:27,
          inlined from ‘auto grpc_core::PollBatchLogger<F>::operator()() [with F = grpc_core::promise_detail::Seq<grpc_core::Map<grpc_core::promise_detail::AllOk<grpc_core::StatusFlag, grpc_core::promise_detail::TrySeq<grpc_core::OpHandlerImpl<grpc_core::ClientCall::CommitBatch(const grpc_op*, size_t, void*, bool)::<lambda(const grpc_op&)>::<lambda()>, GRPC_OP_SEND_MESSAGE>, grpc_core::OpHandlerImpl<grpc_core::ClientCall::CommitBatch(const grpc_op*, size_t, void*, bool)::<lambda(const grpc_op&)>::<lambda()>, GRPC_OP_SEND_CLOSE_FROM_CLIENT> >, grpc_core::promise_detail::TrySeq<grpc_core::OpHandlerImpl<grpc_core::ClientCall::CommitBatch(const grpc_op*, size_t, void*, bool)::<lambda(const grpc_op&)>::<lambda()>, GRPC_OP_RECV_INITIAL_METADATA>, grpc_core::OpHandlerImpl<grpc_core::MessageReceiver::MakeBatchOp<grpc_core::CallInitiator>(const grpc_op&, grpc_core::CallInitiator*)::<lambda()>, GRPC_OP_RECV_MESSAGE> > >, grpc_core::ClientCall::CommitBatch(const grpc_op*, size_t, void*, bool)::<lambda(grpc_core::StatusFlag)> >, grpc_core::FallibleBatch<Map<promise_detail::AllOk<StatusFlag, promise_detail::TrySeq<OpHandlerImpl<ClientCall::CommitBatch(const grpc_op*, size_t, void*, bool)::<lambda(const grpc_op&)>::<lambda()>, GRPC_OP_SEND_MESSAGE>, OpHandlerImpl<ClientCall::CommitBatch(const grpc_op*, size_t, void*, bool)::<lambda(const grpc_op&)>::<lambda()>, GRPC_OP_SEND_CLOSE_FROM_CLIENT> >, promise_detail::TrySeq<OpHandlerImpl<ClientCall::CommitBatch(const grpc_op*, size_t, void*, bool)::<lambda(const grpc_op&)>::<lambda()>, GRPC_OP_RECV_INITIAL_METADATA>, OpHandlerImpl<MessageReceiver::MakeBatchOp<grpc_core::CallInitiator>(const grpc_op&, grpc_core::CallInitiator*)::<lambda()>, GRPC_OP_RECV_MESSAGE> > >, ClientCall::CommitBatch(const grpc_op*, size_t, void*, bool)::<lambda(StatusFlag)> > >(Map<promise_detail::AllOk<StatusFlag, promise_detail::TrySeq<OpHandlerImpl<ClientCall::CommitBatch(const grpc_op*, size_t, void*, bool)::<lambda(const grpc_op&)>::<lambda()>, GRPC_OP_SEND_MESSAGE>, OpHandlerImpl<ClientCall::CommitBatch(const grpc_op*, size_t, void*, bool)::<lambda(const grpc_op&)>::<lambda()>, GRPC_OP_SEND_CLOSE_FROM_CLIENT> >, promise_detail::TrySeq<OpHandlerImpl<ClientCall::CommitBatch(const grpc_op*, size_t, void*, bool)::<lambda(const grpc_op&)>::<lambda()>, GRPC_OP_RECV_INITIAL_METADATA>, OpHandlerImpl<MessageReceiver::MakeBatchOp<grpc_core::CallInitiator>(const grpc_op&, grpc_core::CallInitiator*)::<lambda()>, GRPC_OP_RECV_MESSAGE> > >, ClientCall::CommitBatch(const grpc_op*, size_t, void*, bool)::<lambda(StatusFlag)> >, bool, void*, grpc_completion_queue*)::<lambda()> mutable::<lambda(grpc_core::StatusFlag)> >]’ at ./src/core/lib/surface/call_utils.h:464:16,
          inlined from ‘grpc_core::promise_detail::PromiseLike<F, typename std::enable_if<(! std::is_void<typename std::invoke_result<Releaser>::type>::value), void>::type>::WrappedResult grpc_core::promise_detail::PromiseLike<F, typename std::enable_if<(! std::is_void<typename std::invoke_result<Releaser>::type>::value), void>::type>::operator()() [with F = grpc_core::PollBatchLogger<grpc_core::promise_detail::Seq<grpc_core::Map<grpc_core::promise_detail::AllOk<grpc_core::StatusFlag, grpc_core::promise_detail::TrySeq<grpc_core::OpHandlerImpl<grpc_core::ClientCall::CommitBatch(const grpc_op*, size_t, void*, bool)::<lambda(const grpc_op&)>::<lambda()>, GRPC_OP_SEND_MESSAGE>, grpc_core::OpHandlerImpl<grpc_core::ClientCall::CommitBatch(const grpc_op*, size_t, void*, bool)::<lambda(const grpc_op&)>::<lambda()>, GRPC_OP_SEND_CLOSE_FROM_CLIENT> >, grpc_core::promise_detail::TrySeq<grpc_core::OpHandlerImpl<grpc_core::ClientCall::CommitBatch(const grpc_op*, size_t, void*, bool)::<lambda(const grpc_op&)>::<lambda()>, GRPC_OP_RECV_INITIAL_METADATA>, grpc_core::OpHandlerImpl<grpc_core::MessageReceiver::MakeBatchOp<grpc_core::CallInitiator>(const grpc_op&, grpc_core::CallInitiator*)::<lambda()>, GRPC_OP_RECV_MESSAGE> > >, grpc_core::ClientCall::CommitBatch(const grpc_op*, size_t, void*, bool)::<lambda(grpc_core::StatusFlag)> >, grpc_core::FallibleBatch<Map<promise_detail::AllOk<StatusFlag, promise_detail::TrySeq<OpHandlerImpl<ClientCall::CommitBatch(const grpc_op*, size_t, void*, bool)::<lambda(const grpc_op&)>::<lambda()>, GRPC_OP_SEND_MESSAGE>, OpHandlerImpl<ClientCall::CommitBatch(const grpc_op*, size_t, void*, bool)::<lambda(const grpc_op&)>::<lambda()>, GRPC_OP_SEND_CLOSE_FROM_CLIENT> >, promise_detail::TrySeq<OpHandlerImpl<ClientCall::CommitBatch(const grpc_op*, size_t, void*, bool)::<lambda(const grpc_op&)>::<lambda()>, GRPC_OP_RECV_INITIAL_METADATA>, OpHandlerImpl<MessageReceiver::MakeBatchOp<grpc_core::CallInitiator>(const grpc_op&, grpc_core::CallInitiator*)::<lambda()>, GRPC_OP_RECV_MESSAGE> > >, ClientCall::CommitBatch(const grpc_op*, size_t, void*, bool)::<lambda(StatusFlag)> > >(Map<promise_detail::AllOk<StatusFlag, promise_detail::TrySeq<OpHandlerImpl<ClientCall::CommitBatch(const grpc_op*, size_t, void*, bool)::<lambda(const grpc_op&)>::<lambda()>, GRPC_OP_SEND_MESSAGE>, OpHandlerImpl<ClientCall::CommitBatch(const grpc_op*, size_t, void*, bool)::<lambda(const grpc_op&)>::<lambda()>, GRPC_OP_SEND_CLOSE_FROM_CLIENT> >, promise_detail::TrySeq<OpHandlerImpl<ClientCall::CommitBatch(const grpc_op*, size_t, void*, bool)::<lambda(const grpc_op&)>::<lambda()>, GRPC_OP_RECV_INITIAL_METADATA>, OpHandlerImpl<MessageReceiver::MakeBatchOp<grpc_core::CallInitiator>(const grpc_op&, grpc_core::CallInitiator*)::<lambda()>, GRPC_OP_RECV_MESSAGE> > >, ClientCall::CommitBatch(const grpc_op*, size_t, void*, bool)::<lambda(StatusFlag)> >, bool, void*, grpc_completion_queue*)::<lambda()> mutable::<lambda(grpc_core::StatusFlag)> > >]’ at ./src/core/lib/promise/detail/promise_like.h:216:25,
          inlined from ‘bool grpc_core::Party::ParticipantImpl<SuppliedFactory, OnComplete>::PollParticipantPromise() [with SuppliedFactory = grpc_core::OnCancelFactory<FallibleBatch<Map<promise_detail::AllOk<StatusFlag, promise_detail::TrySeq<OpHandlerImpl<ClientCall::CommitBatch(const grpc_op*, size_t, void*, bool)::<lambda(const grpc_op&)>::<lambda()>, GRPC_OP_SEND_MESSAGE>, OpHandlerImpl<ClientCall::CommitBatch(const grpc_op*, size_t, void*, bool)::<lambda(const grpc_op&)>::<lambda()>, GRPC_OP_SEND_CLOSE_FROM_CLIENT> >, promise_detail::TrySeq<OpHandlerImpl<ClientCall::CommitBatch(const grpc_op*, size_t, void*, bool)::<lambda(const grpc_op&)>::<lambda()>, GRPC_OP_RECV_INITIAL_METADATA>, OpHandlerImpl<MessageReceiver::MakeBatchOp<grpc_core::CallInitiator>(const grpc_op&, grpc_core::CallInitiator*)::<lambda()>, GRPC_OP_RECV_MESSAGE> > >, ClientCall::CommitBatch(const grpc_op*, size_t, void*, bool)::<lambda(StatusFlag)> > >(Map<promise_detail::AllOk<StatusFlag, promise_detail::TrySeq<OpHandlerImpl<ClientCall::CommitBatch(const grpc_op*, size_t, void*, bool)::<lambda(const grpc_op&)>::<lambda()>, GRPC_OP_SEND_MESSAGE>, OpHandlerImpl<ClientCall::CommitBatch(const grpc_op*, size_t, void*, bool)::<lambda(const grpc_op&)>::<lambda()>, GRPC_OP_SEND_CLOSE_FROM_CLIENT> >, promise_detail::TrySeq<OpHandlerImpl<ClientCall::CommitBatch(const grpc_op*, size_t, void*, bool)::<lambda(const grpc_op&)>::<lambda()>, GRPC_OP_RECV_INITIAL_METADATA>, OpHandlerImpl<MessageReceiver::MakeBatchOp<grpc_core::CallInitiator>(const grpc_op&, grpc_core::CallInitiator*)::<lambda()>, GRPC_OP_RECV_MESSAGE> > >, ClientCall::CommitBatch(const grpc_op*, size_t, void*, bool)::<lambda(StatusFlag)> >, bool, void*, grpc_completion_queue*)::<lambda()>, FallibleBatch<Map<promise_detail::AllOk<StatusFlag, promise_detail::TrySeq<OpHandlerImpl<ClientCall::CommitBatch(const grpc_op*, size_t, void*, bool)::<lambda(const grpc_op&)>::<lambda()>, GRPC_OP_SEND_MESSAGE>, OpHandlerImpl<ClientCall::CommitBatch(const grpc_op*, size_t, void*, bool)::<lambda(const grpc_op&)>::<lambda()>, GRPC_OP_SEND_CLOSE_FROM_CLIENT> >, promise_detail::TrySeq<OpHandlerImpl<ClientCall::CommitBatch(const grpc_op*, size_t, void*, bool)::<lambda(const grpc_op&)>::<lambda()>, GRPC_OP_RECV_INITIAL_METADATA>, OpHandlerImpl<MessageReceiver::MakeBatchOp<grpc_core::CallInitiator>(const grpc_op&, grpc_core::CallInitiator*)::<lambda()>, GRPC_OP_RECV_MESSAGE> > >, ClientCall::CommitBatch(const grpc_op*, size_t, void*, bool)::<lambda(StatusFlag)> > >(Map<promise_detail::AllOk<StatusFlag, promise_detail::TrySeq<OpHandlerImpl<ClientCall::CommitBatch(const grpc_op*, size_t, void*, bool)::<lambda(const grpc_op&)>::<lambda()>, GRPC_OP_SEND_MESSAGE>, OpHandlerImpl<ClientCall::CommitBatch(const grpc_op*, size_t, void*, bool)::<lambda(const grpc_op&)>::<lambda()>, GRPC_OP_SEND_CLOSE_FROM_CLIENT> >, promise_detail::TrySeq<OpHandlerImpl<ClientCall::CommitBatch(const grpc_op*, size_t, void*, bool)::<lambda(const grpc_op&)>::<lambda()>, GRPC_OP_RECV_INITIAL_METADATA>, OpHandlerImpl<MessageReceiver::MakeBatchOp<grpc_core::CallInitiator>(const grpc_op&, grpc_core::CallInitiator*)::<lambda()>, GRPC_OP_RECV_MESSAGE> > >, ClientCall::CommitBatch(const grpc_op*, size_t, void*, bool)::<lambda(StatusFlag)> >, bool, void*, grpc_completion_queue*)::<lambda()> >(FallibleBatch<Map<promise_detail::AllOk<StatusFlag, promise_detail::TrySeq<OpHandlerImpl<ClientCall::CommitBatch(const grpc_op*, size_t, void*, bool)::<lambda(const grpc_op&)>::<lambda()>, GRPC_OP_SEND_MESSAGE>, OpHandlerImpl<ClientCall::CommitBatch(const grpc_op*, size_t, void*, bool)::<lambda(const grpc_op&)>::<lambda()>, GRPC_OP_SEND_CLOSE_FROM_CLIENT> >, promise_detail::TrySeq<OpHandlerImpl<ClientCall::CommitBatch(const grpc_op*, size_t, void*, bool)::<lambda(const grpc_op&)>::<lambda()>, GRPC_OP_RECV_INITIAL_METADATA>, OpHandlerImpl<MessageReceiver::MakeBatchOp<grpc_core::CallInitiator>(const grpc_op&, grpc_core::CallInitiator*)::<lambda()>, GRPC_OP_RECV_MESSAGE> > >, ClientCall::CommitBatch(const grpc_op*, size_t, void*, bool)::<lambda(StatusFlag)> > >(Map<promise_detail::AllOk<StatusFlag, promise_detail::TrySeq<OpHandlerImpl<ClientCall::CommitBatch(const grpc_op*, size_t, void*, bool)::<lambda(const grpc_op&)>::<lambda()>, GRPC_OP_SEND_MESSAGE>, OpHandlerImpl<ClientCall::CommitBatch(const grpc_op*, size_t, void*, bool)::<lambda(const grpc_op&)>::<lambda()>, GRPC_OP_SEND_CLOSE_FROM_CLIENT> >, promise_detail::TrySeq<OpHandlerImpl<ClientCall::CommitBatch(const grpc_op*, size_t, void*, bool)::<lambda(const grpc_op&)>::<lambda()>, GRPC_OP_RECV_INITIAL_METADATA>, OpHandlerImpl<MessageReceiver::MakeBatchOp<grpc_core::CallInitiator>(const grpc_op&, grpc_core::CallInitiator*)::<lambda()>, GRPC_OP_RECV_MESSAGE> > >, ClientCall::CommitBatch(const grpc_op*, size_t, void*, bool)::<lambda(StatusFlag)> >, bool, void*, grpc_completion_queue*)::<lambda()>, FallibleBatch<Map<promise_detail::AllOk<StatusFlag, promise_detail::TrySeq<OpHandlerImpl<ClientCall::CommitBatch(const grpc_op*, size_t, void*, bool)::<lambda(const grpc_op&)>::<lambda()>, GRPC_OP_SEND_MESSAGE>, OpHandlerImpl<ClientCall::CommitBatch(const grpc_op*, size_t, void*, bool)::<lambda(const grpc_op&)>::<lambda()>, GRPC_OP_SEND_CLOSE_FROM_CLIENT> >, promise_detail::TrySeq<OpHandlerImpl<ClientCall::CommitBatch(const grpc_op*, size_t, void*, bool)::<lambda(const grpc_op&)>::<lambda()>, GRPC_OP_RECV_INITIAL_METADATA>, OpHandlerImpl<MessageReceiver::MakeBatchOp<grpc_core::CallInitiator>(const grpc_op&, grpc_core::CallInitiator*)::<lambda()>, GRPC_OP_RECV_MESSAGE> > >, ClientCall::CommitBatch(const grpc_op*, size_t, void*, bool)::<lambda(StatusFlag)> > >(Map<promise_detail::AllOk<StatusFlag, promise_detail::TrySeq<OpHandlerImpl<ClientCall::CommitBatch(const grpc_op*, size_t, void*, bool)::<lambda(const grpc_op&)>::<lambda()>, GRPC_OP_SEND_MESSAGE>, OpHandlerImpl<ClientCall::CommitBatch(const grpc_op*, size_t, void*, bool)::<lambda(const grpc_op&)>::<lambda()>, GRPC_OP_SEND_CLOSE_FROM_CLIENT> >, promise_detail::TrySeq<OpHandlerImpl<ClientCall::CommitBatch(const grpc_op*, size_t, void*, bool)::<lambda(const grpc_op&)>::<lambda()>, GRPC_OP_RECV_INITIAL_METADATA>, OpHandlerImpl<MessageReceiver::MakeBatchOp<grpc_core::CallInitiator>(const grpc_op&, grpc_core::CallInitiator*)::<lambda()>, GRPC_OP_RECV_MESSAGE> > >, ClientCall::CommitBatch(const grpc_op*, size_t, void*, bool)::<lambda(StatusFlag)> >, bool, void*, grpc_completion_queue*)::<lambda()>)::<lambda()>; OnComplete = grpc_core::CallSpine::SpawnInfallible<grpc_core::OnCancelFactory<FallibleBatch<Map<promise_detail::AllOk<StatusFlag, promise_detail::TrySeq<OpHandlerImpl<ClientCall::CommitBatch(const grpc_op*, size_t, void*, bool)::<lambda(const grpc_op&)>::<lambda()>, GRPC_OP_SEND_MESSAGE>, OpHandlerImpl<ClientCall::CommitBatch(const grpc_op*, size_t, void*, bool)::<lambda(const grpc_op&)>::<lambda()>, GRPC_OP_SEND_CLOSE_FROM_CLIENT> >, promise_detail::TrySeq<OpHandlerImpl<ClientCall::CommitBatch(const grpc_op*, size_t, void*, bool)::<lambda(const grpc_op&)>::<lambda()>, GRPC_OP_RECV_INITIAL_METADATA>, OpHandlerImpl<MessageReceiver::MakeBatchOp<grpc_core::CallInitiator>(const grpc_op&, grpc_core::CallInitiator*)::<lambda()>, GRPC_OP_RECV_MESSAGE> > >, ClientCall::CommitBatch(const grpc_op*, size_t, void*, bool)::<lambda(StatusFlag)> > >(Map<promise_detail::AllOk<StatusFlag, promise_detail::TrySeq<OpHandlerImpl<ClientCall::CommitBatch(const grpc_op*, size_t, void*, bool)::<lambda(const grpc_op&)>::<lambda()>, GRPC_OP_SEND_MESSAGE>, OpHandlerImpl<ClientCall::CommitBatch(const grpc_op*, size_t, void*, bool)::<lambda(const grpc_op&)>::<lambda()>, GRPC_OP_SEND_CLOSE_FROM_CLIENT> >, promise_detail::TrySeq<OpHandlerImpl<ClientCall::CommitBatch(const grpc_op*, size_t, void*, bool)::<lambda(const grpc_op&)>::<lambda()>, GRPC_OP_RECV_INITIAL_METADATA>, OpHandlerImpl<MessageReceiver::MakeBatchOp<grpc_core::CallInitiator>(const grpc_op&, grpc_core::CallInitiator*)::<lambda()>, GRPC_OP_RECV_MESSAGE> > >, ClientCall::CommitBatch(const grpc_op*, size_t, void*, bool)::<lambda(StatusFlag)> >, bool, void*, grpc_completion_queue*)::<lambda()>, FallibleBatch<Map<promise_detail::AllOk<StatusFlag, promise_detail::TrySeq<OpHandlerImpl<ClientCall::CommitBatch(const grpc_op*, size_t, void*, bool)::<lambda(const grpc_op&)>::<lambda()>, GRPC_OP_SEND_MESSAGE>, OpHandlerImpl<ClientCall::CommitBatch(const grpc_op*, size_t, void*, bool)::<lambda(const grpc_op&)>::<lambda()>, GRPC_OP_SEND_CLOSE_FROM_CLIENT> >, promise_detail::TrySeq<OpHandlerImpl<ClientCall::CommitBatch(const grpc_op*, size_t, void*, bool)::<lambda(const grpc_op&)>::<lambda()>, GRPC_OP_RECV_INITIAL_METADATA>, OpHandlerImpl<MessageReceiver::MakeBatchOp<grpc_core::CallInitiator>(const grpc_op&, grpc_core::CallInitiator*)::<lambda()>, GRPC_OP_RECV_MESSAGE> > >, ClientCall::CommitBatch(const grpc_op*, size_t, void*, bool)::<lambda(StatusFlag)> > >(Map<promise_detail::AllOk<StatusFlag, promise_detail::TrySeq<OpHandlerImpl<ClientCall::CommitBatch(const grpc_op*, size_t, void*, bool)::<lambda(const grpc_op&)>::<lambda()>, GRPC_OP_SEND_MESSAGE>, OpHandlerImpl<ClientCall::CommitBatch(const grpc_op*, size_t, void*, bool)::<lambda(const grpc_op&)>::<lambda()>, GRPC_OP_SEND_CLOSE_FROM_CLIENT> >, promise_detail::TrySeq<OpHandlerImpl<ClientCall::CommitBatch(const grpc_op*, size_t, void*, bool)::<lambda(const grpc_op&)>::<lambda()>, GRPC_OP_RECV_INITIAL_METADATA>, OpHandlerImpl<MessageReceiver::MakeBatchOp<grpc_core::CallInitiator>(const grpc_op&, grpc_core::CallInitiator*)::<lambda()>, GRPC_OP_RECV_MESSAGE> > >, ClientCall::CommitBatch(const grpc_op*, size_t, void*, bool)::<lambda(StatusFlag)> >, bool, void*, grpc_completion_queue*)::<lambda()> >(FallibleBatch<Map<promise_detail::AllOk<StatusFlag, promise_detail::TrySeq<OpHandlerImpl<ClientCall::CommitBatch(const grpc_op*, size_t, void*, bool)::<lambda(const grpc_op&)>::<lambda()>, GRPC_OP_SEND_MESSAGE>, OpHandlerImpl<ClientCall::CommitBatch(const grpc_op*, size_t, void*, bool)::<lambda(const grpc_op&)>::<lambda()>, GRPC_OP_SEND_CLOSE_FROM_CLIENT> >, promise_detail::TrySeq<OpHandlerImpl<ClientCall::CommitBatch(const grpc_op*, size_t, void*, bool)::<lambda(const grpc_op&)>::<lambda()>, GRPC_OP_RECV_INITIAL_METADATA>, OpHandlerImpl<MessageReceiver::MakeBatchOp<grpc_core::CallInitiator>(const grpc_op&, grpc_core::CallInitiator*)::<lambda()>, GRPC_OP_RECV_MESSAGE> > >, ClientCall::CommitBatch(const grpc_op*, size_t, void*, bool)::<lambda(StatusFlag)> > >(Map<promise_detail::AllOk<StatusFlag, promise_detail::TrySeq<OpHandlerImpl<ClientCall::CommitBatch(const grpc_op*, size_t, void*, bool)::<lambda(const grpc_op&)>::<lambda()>, GRPC_OP_SEND_MESSAGE>, OpHandlerImpl<ClientCall::CommitBatch(const grpc_op*, size_t, void*, bool)::<lambda(const grpc_op&)>::<lambda()>, GRPC_OP_SEND_CLOSE_FROM_CLIENT> >, promise_detail::TrySeq<OpHandlerImpl<ClientCall::CommitBatch(const grpc_op*, size_t, void*, bool)::<lambda(const grpc_op&)>::<lambda()>, GRPC_OP_RECV_INITIAL_METADATA>, OpHandlerImpl<MessageReceiver::MakeBatchOp<grpc_core::CallInitiator>(const grpc_op&, grpc_core::CallInitiator*)::<lambda()>, GRPC_OP_RECV_MESSAGE> > >, ClientCall::CommitBatch(const grpc_op*, size_t, void*, bool)::<lambda(StatusFlag)> >, bool, void*, grpc_completion_queue*)::<lambda()>, FallibleBatch<Map<promise_detail::AllOk<StatusFlag, promise_detail::TrySeq<OpHandlerImpl<ClientCall::CommitBatch(const grpc_op*, size_t, void*, bool)::<lambda(const grpc_op&)>::<lambda()>, GRPC_OP_SEND_MESSAGE>, OpHandlerImpl<ClientCall::CommitBatch(const grpc_op*, size_t, void*, bool)::<lambda(const grpc_op&)>::<lambda()>, GRPC_OP_SEND_CLOSE_FROM_CLIENT> >, promise_detail::TrySeq<OpHandlerImpl<ClientCall::CommitBatch(const grpc_op*, size_t, void*, bool)::<lambda(const grpc_op&)>::<lambda()>, GRPC_OP_RECV_INITIAL_METADATA>, OpHandlerImpl<MessageReceiver::MakeBatchOp<grpc_core::CallInitiator>(const grpc_op&, grpc_core::CallInitiator*)::<lambda()>, GRPC_OP_RECV_MESSAGE> > >, ClientCall::CommitBatch(const grpc_op*, size_t, void*, bool)::<lambda(StatusFlag)> > >(Map<promise_detail::AllOk<StatusFlag, promise_detail::TrySeq<OpHandlerImpl<ClientCall::CommitBatch(const grpc_op*, size_t, void*, bool)::<lambda(const grpc_op&)>::<lambda()>, GRPC_OP_SEND_MESSAGE>, OpHandlerImpl<ClientCall::CommitBatch(const grpc_op*, size_t, void*, bool)::<lambda(const grpc_op&)>::<lambda()>, GRPC_OP_SEND_CLOSE_FROM_CLIENT> >, promise_detail::TrySeq<OpHandlerImpl<ClientCall::CommitBatch(const grpc_op*, size_t, void*, bool)::<lambda(const grpc_op&)>::<lambda()>, GRPC_OP_RECV_INITIAL_METADATA>, OpHandlerImpl<MessageReceiver::MakeBatchOp<grpc_core::CallInitiator>(const grpc_op&, grpc_core::CallInitiator*)::<lambda()>, GRPC_OP_RECV_MESSAGE> > >, ClientCall::CommitBatch(const grpc_op*, size_t, void*, bool)::<lambda(StatusFlag)> >, bool, void*, grpc_completion_queue*)::<lambda()>)::<lambda()> >(absl::lts_20250512::string_view, grpc_core::OnCancelFactory<FallibleBatch<Map<promise_detail::AllOk<StatusFlag, promise_detail::TrySeq<OpHandlerImpl<ClientCall::CommitBatch(const grpc_op*, size_t, void*, bool)::<lambda(const grpc_op&)>::<lambda()>, GRPC_OP_SEND_MESSAGE>, OpHandlerImpl<ClientCall::CommitBatch(const grpc_op*, size_t, void*, bool)::<lambda(const grpc_op&)>::<lambda()>, GRPC_OP_SEND_CLOSE_FROM_CLIENT> >, promise_detail::TrySeq<OpHandlerImpl<ClientCall::CommitBatch(const grpc_op*, size_t, void*, bool)::<lambda(const grpc_op&)>::<lambda()>, GRPC_OP_RECV_INITIAL_METADATA>, OpHandlerImpl<MessageReceiver::MakeBatchOp<grpc_core::CallInitiator>(const grpc_op&, grpc_core::CallInitiator*)::<lambda()>, GRPC_OP_RECV_MESSAGE> > >, ClientCall::CommitBatch(const grpc_op*, size_t, void*, bool)::<lambda(StatusFlag)> > >(Map<promise_detail::AllOk<StatusFlag, promise_detail::TrySeq<OpHandlerImpl<ClientCall::CommitBatch(const grpc_op*, size_t, void*, bool)::<lambda(const grpc_op&)>::<lambda()>, GRPC_OP_SEND_MESSAGE>, OpHandlerImpl<ClientCall::CommitBatch(const grpc_op*, size_t, void*, bool)::<lambda(const grpc_op&)>::<lambda()>, GRPC_OP_SEND_CLOSE_FROM_CLIENT> >, promise_detail::TrySeq<OpHandlerImpl<ClientCall::CommitBatch(const grpc_op*, size_t, void*, bool)::<lambda(const grpc_op&)>::<lambda()>, GRPC_OP_RECV_INITIAL_METADATA>, OpHandlerImpl<MessageReceiver::MakeBatchOp<grpc_core::CallInitiator>(const grpc_op&, grpc_core::CallInitiator*)::<lambda()>, GRPC_OP_RECV_MESSAGE> > >, ClientCall::CommitBatch(const grpc_op*, size_t, void*, bool)::<lambda(StatusFlag)> >, bool, void*, grpc_completion_queue*)::<lambda()>, FallibleBatch<Map<promise_detail::AllOk<StatusFlag, promise_detail::TrySeq<OpHandlerImpl<ClientCall::CommitBatch(const grpc_op*, size_t, void*, bool)::<lambda(const grpc_op&)>::<lambda()>, GRPC_OP_SEND_MESSAGE>, OpHandlerImpl<ClientCall::CommitBatch(const grpc_op*, size_t, void*, bool)::<lambda(const grpc_op&)>::<lambda()>, GRPC_OP_SEND_CLOSE_FROM_CLIENT> >, promise_detail::TrySeq<OpHandlerImpl<ClientCall::CommitBatch(const grpc_op*, size_t, void*, bool)::<lambda(const grpc_op&)>::<lambda()>, GRPC_OP_RECV_INITIAL_METADATA>, OpHandlerImpl<MessageReceiver::MakeBatchOp<grpc_core::CallInitiator>(const grpc_op&, grpc_core::CallInitiator*)::<lambda()>, GRPC_OP_RECV_MESSAGE> > >, ClientCall::CommitBatch(const grpc_op*, size_t, void*, bool)::<lambda(StatusFlag)> > >(Map<promise_detail::AllOk<StatusFlag, promise_detail::TrySeq<OpHandlerImpl<ClientCall::CommitBatch(const grpc_op*, size_t, void*, bool)::<lambda(const grpc_op&)>::<lambda()>, GRPC_OP_SEND_MESSAGE>, OpHandlerImpl<ClientCall::CommitBatch(const grpc_op*, size_t, void*, bool)::<lambda(const grpc_op&)>::<lambda()>, GRPC_OP_SEND_CLOSE_FROM_CLIENT> >, promise_detail::TrySeq<OpHandlerImpl<ClientCall::CommitBatch(const grpc_op*, size_t, void*, bool)::<lambda(const grpc_op&)>::<lambda()>, GRPC_OP_RECV_INITIAL_METADATA>, OpHandlerImpl<MessageReceiver::MakeBatchOp<grpc_core::CallInitiator>(const grpc_op&, grpc_core::CallInitiator*)::<lambda()>, GRPC_OP_RECV_MESSAGE> > >, ClientCall::CommitBatch(const grpc_op*, size_t, void*, bool)::<lambda(StatusFlag)> >, bool, void*, grpc_completion_queue*)::<lambda()> >(FallibleBatch<Map<promise_detail::AllOk<StatusFlag, promise_detail::TrySeq<OpHandlerImpl<ClientCall::CommitBatch(const grpc_op*, size_t, void*, bool)::<lambda(const grpc_op&)>::<lambda()>, GRPC_OP_SEND_MESSAGE>, OpHandlerImpl<ClientCall::CommitBatch(const grpc_op*, size_t, void*, bool)::<lambda(const grpc_op&)>::<lambda()>, GRPC_OP_SEND_CLOSE_FROM_CLIENT> >, promise_detail::TrySeq<OpHandlerImpl<ClientCall::CommitBatch(const grpc_op*, size_t, void*, bool)::<lambda(const grpc_op&)>::<lambda()>, GRPC_OP_RECV_INITIAL_METADATA>, OpHandlerImpl<MessageReceiver::MakeBatchOp<grpc_core::CallInitiator>(const grpc_op&, grpc_core::CallInitiator*)::<lambda()>, GRPC_OP_RECV_MESSAGE> > >, ClientCall::CommitBatch(const grpc_op*, size_t, void*, bool)::<lambda(StatusFlag)> > >(Map<promise_detail::AllOk<StatusFlag, promise_detail::TrySeq<OpHandlerImpl<ClientCall::CommitBatch(const grpc_op*, size_t, void*, bool)::<lambda(const grpc_op&)>::<lambda()>, GRPC_OP_SEND_MESSAGE>, OpHandlerImpl<ClientCall::CommitBatch(const grpc_op*, size_t, void*, bool)::<lambda(const grpc_op&)>::<lambda()>, GRPC_OP_SEND_CLOSE_FROM_CLIENT> >, promise_detail::TrySeq<OpHandlerImpl<ClientCall::CommitBatch(const grpc_op*, size_t, void*, bool)::<lambda(const grpc_op&)>::<lambda()>, GRPC_OP_RECV_INITIAL_METADATA>, OpHandlerImpl<MessageReceiver::MakeBatchOp<grpc_core::CallInitiator>(const grpc_op&, grpc_core::CallInitiator*)::<lambda()>, GRPC_OP_RECV_MESSAGE> > >, ClientCall::CommitBatch(const grpc_op*, size_t, void*, bool)::<lambda(StatusFlag)> >, bool, void*, grpc_completion_queue*)::<lambda()>, FallibleBatch<Map<promise_detail::AllOk<StatusFlag, promise_detail::TrySeq<OpHandlerImpl<ClientCall::CommitBatch(const grpc_op*, size_t, void*, bool)::<lambda(const grpc_op&)>::<lambda()>, GRPC_OP_SEND_MESSAGE>, OpHandlerImpl<ClientCall::CommitBatch(const grpc_op*, size_t, void*, bool)::<lambda(const grpc_op&)>::<lambda()>, GRPC_OP_SEND_CLOSE_FROM_CLIENT> >, promise_detail::TrySeq<OpHandlerImpl<ClientCall::CommitBatch(const grpc_op*, size_t, void*, bool)::<lambda(const grpc_op&)>::<lambda()>, GRPC_OP_RECV_INITIAL_METADATA>, OpHandlerImpl<MessageReceiver::MakeBatchOp<grpc_core::CallInitiator>(const grpc_op&, grpc_core::CallInitiator*)::<lambda()>, GRPC_OP_RECV_MESSAGE> > >, ClientCall::CommitBatch(const grpc_op*, size_t, void*, bool)::<lambda(StatusFlag)> > >(Map<promise_detail::AllOk<StatusFlag, promise_detail::TrySeq<OpHandlerImpl<ClientCall::CommitBatch(const grpc_op*, size_t, void*, bool)::<lambda(const grpc_op&)>::<lambda()>, GRPC_OP_SEND_MESSAGE>, OpHandlerImpl<ClientCall::CommitBatch(const grpc_op*, size_t, void*, bool)::<lambda(const grpc_op&)>::<lambda()>, GRPC_OP_SEND_CLOSE_FROM_CLIENT> >, promise_detail::TrySeq<OpHandlerImpl<ClientCall::CommitBatch(const grpc_op*, size_t, void*, bool)::<lambda(const grpc_op&)>::<lambda()>, GRPC_OP_RECV_INITIAL_METADATA>, OpHandlerImpl<MessageReceiver::MakeBatchOp<grpc_core::CallInitiator>(const grpc_op&, grpc_core::CallInitiator*)::<lambda()>, GRPC_OP_RECV_MESSAGE> > >, ClientCall::CommitBatch(const grpc_op*, size_t, void*, bool)::<lambda(StatusFlag)> >, bool, void*, grpc_completion_queue*)::<lambda()>)::<lambda()>)::<lambda(grpc_core::Empty)>]’ at ./src/core/lib/promise/party.h:454:24:
      ./src/core/call/call_filters.h:1470:9: warning: ‘((grpc_core::filters_detail::OperationExecutor<std::unique_ptr<grpc_core::Message, grpc_core::Arena::PooledDeleter> >*)((char*)&<unnamed> + offsetof(grpc_core::OpHandlerImpl<grpc_core::MessageReceiver::MakeBatchOp::._anon_740, GRPC_OP_RECV_MESSAGE>,grpc_core::OpHandlerImpl<grpc_core::MessageReceiver::MakeBatchOp::._anon_740, GRPC_OP_RECV_MESSAGE>::<unnamed>) + 8))[1].grpc_core::filters_detail::OperationExecutor<std::unique_ptr<grpc_core::Message, grpc_core::Arena::PooledDeleter> >::ops_’ may be used uninitialized [-Wmaybe-uninitialized]
       1470 |     if (ops_ != end_ops_) ops_->early_destroy(promise_data_);
            |         ^~~~
      ./src/core/lib/promise/detail/promise_factory.h: In member function ‘bool grpc_core::Party::ParticipantImpl<SuppliedFactory, OnComplete>::PollParticipantPromise() [with SuppliedFactory = grpc_core::OnCancelFactory<FallibleBatch<Map<promise_detail::AllOk<StatusFlag, promise_detail::TrySeq<OpHandlerImpl<ClientCall::CommitBatch(const grpc_op*, size_t, void*, bool)::<lambda(const grpc_op&)>::<lambda()>, GRPC_OP_SEND_MESSAGE>, OpHandlerImpl<ClientCall::CommitBatch(const grpc_op*, size_t, void*, bool)::<lambda(const grpc_op&)>::<lambda()>, GRPC_OP_SEND_CLOSE_FROM_CLIENT> >, promise_detail::TrySeq<OpHandlerImpl<ClientCall::CommitBatch(const grpc_op*, size_t, void*, bool)::<lambda(const grpc_op&)>::<lambda()>, GRPC_OP_RECV_INITIAL_METADATA>, OpHandlerImpl<MessageReceiver::MakeBatchOp<grpc_core::CallInitiator>(const grpc_op&, grpc_core::CallInitiator*)::<lambda()>, GRPC_OP_RECV_MESSAGE> > >, ClientCall::CommitBatch(const grpc_op*, size_t, void*, bool)::<lambda(StatusFlag)> > >(Map<promise_detail::AllOk<StatusFlag, promise_detail::TrySeq<OpHandlerImpl<ClientCall::CommitBatch(const grpc_op*, size_t, void*, bool)::<lambda(const grpc_op&)>::<lambda()>, GRPC_OP_SEND_MESSAGE>, OpHandlerImpl<ClientCall::CommitBatch(const grpc_op*, size_t, void*, bool)::<lambda(const grpc_op&)>::<lambda()>, GRPC_OP_SEND_CLOSE_FROM_CLIENT> >, promise_detail::TrySeq<OpHandlerImpl<ClientCall::CommitBatch(const grpc_op*, size_t, void*, bool)::<lambda(const grpc_op&)>::<lambda()>, GRPC_OP_RECV_INITIAL_METADATA>, OpHandlerImpl<MessageReceiver::MakeBatchOp<grpc_core::CallInitiator>(const grpc_op&, grpc_core::CallInitiator*)::<lambda()>, GRPC_OP_RECV_MESSAGE> > >, ClientCall::CommitBatch(const grpc_op*, size_t, void*, bool)::<lambda(StatusFlag)> >, bool, void*, grpc_completion_queue*)::<lambda()>, FallibleBatch<Map<promise_detail::AllOk<StatusFlag, promise_detail::TrySeq<OpHandlerImpl<ClientCall::CommitBatch(const grpc_op*, size_t, void*, bool)::<lambda(const grpc_op&)>::<lambda()>, GRPC_OP_SEND_MESSAGE>, OpHandlerImpl<ClientCall::CommitBatch(const grpc_op*, size_t, void*, bool)::<lambda(const grpc_op&)>::<lambda()>, GRPC_OP_SEND_CLOSE_FROM_CLIENT> >, promise_detail::TrySeq<OpHandlerImpl<ClientCall::CommitBatch(const grpc_op*, size_t, void*, bool)::<lambda(const grpc_op&)>::<lambda()>, GRPC_OP_RECV_INITIAL_METADATA>, OpHandlerImpl<MessageReceiver::MakeBatchOp<grpc_core::CallInitiator>(const grpc_op&, grpc_core::CallInitiator*)::<lambda()>, GRPC_OP_RECV_MESSAGE> > >, ClientCall::CommitBatch(const grpc_op*, size_t, void*, bool)::<lambda(StatusFlag)> > >(Map<promise_detail::AllOk<StatusFlag, promise_detail::TrySeq<OpHandlerImpl<ClientCall::CommitBatch(const grpc_op*, size_t, void*, bool)::<lambda(const grpc_op&)>::<lambda()>, GRPC_OP_SEND_MESSAGE>, OpHandlerImpl<ClientCall::CommitBatch(const grpc_op*, size_t, void*, bool)::<lambda(const grpc_op&)>::<lambda()>, GRPC_OP_SEND_CLOSE_FROM_CLIENT> >, promise_detail::TrySeq<OpHandlerImpl<ClientCall::CommitBatch(const grpc_op*, size_t, void*, bool)::<lambda(const grpc_op&)>::<lambda()>, GRPC_OP_RECV_INITIAL_METADATA>, OpHandlerImpl<MessageReceiver::MakeBatchOp<grpc_core::CallInitiator>(const grpc_op&, grpc_core::CallInitiator*)::<lambda()>, GRPC_OP_RECV_MESSAGE> > >, ClientCall::CommitBatch(const grpc_op*, size_t, void*, bool)::<lambda(StatusFlag)> >, bool, void*, grpc_completion_queue*)::<lambda()> >(FallibleBatch<Map<promise_detail::AllOk<StatusFlag, promise_detail::TrySeq<OpHandlerImpl<ClientCall::CommitBatch(const grpc_op*, size_t, void*, bool)::<lambda(const grpc_op&)>::<lambda()>, GRPC_OP_SEND_MESSAGE>, OpHandlerImpl<ClientCall::CommitBatch(const grpc_op*, size_t, void*, bool)::<lambda(const grpc_op&)>::<lambda()>, GRPC_OP_SEND_CLOSE_FROM_CLIENT> >, promise_detail::TrySeq<OpHandlerImpl<ClientCall::CommitBatch(const grpc_op*, size_t, void*, bool)::<lambda(const grpc_op&)>::<lambda()>, GRPC_OP_RECV_INITIAL_METADATA>, OpHandlerImpl<MessageReceiver::MakeBatchOp<grpc_core::CallInitiator>(const grpc_op&, grpc_core::CallInitiator*)::<lambda()>, GRPC_OP_RECV_MESSAGE> > >, ClientCall::CommitBatch(const grpc_op*, size_t, void*, bool)::<lambda(StatusFlag)> > >(Map<promise_detail::AllOk<StatusFlag, promise_detail::TrySeq<OpHandlerImpl<ClientCall::CommitBatch(const grpc_op*, size_t, void*, bool)::<lambda(const grpc_op&)>::<lambda()>, GRPC_OP_SEND_MESSAGE>, OpHandlerImpl<ClientCall::CommitBatch(const grpc_op*, size_t, void*, bool)::<lambda(const grpc_op&)>::<lambda()>, GRPC_OP_SEND_CLOSE_FROM_CLIENT> >, promise_detail::TrySeq<OpHandlerImpl<ClientCall::CommitBatch(const grpc_op*, size_t, void*, bool)::<lambda(const grpc_op&)>::<lambda()>, GRPC_OP_RECV_INITIAL_METADATA>, OpHandlerImpl<MessageReceiver::MakeBatchOp<grpc_core::CallInitiator>(const grpc_op&, grpc_core::CallInitiator*)::<lambda()>, GRPC_OP_RECV_MESSAGE> > >, ClientCall::CommitBatch(const grpc_op*, size_t, void*, bool)::<lambda(StatusFlag)> >, bool, void*, grpc_completion_queue*)::<lambda()>, FallibleBatch<Map<promise_detail::AllOk<StatusFlag, promise_detail::TrySeq<OpHandlerImpl<ClientCall::CommitBatch(const grpc_op*, size_t, void*, bool)::<lambda(const grpc_op&)>::<lambda()>, GRPC_OP_SEND_MESSAGE>, OpHandlerImpl<ClientCall::CommitBatch(const grpc_op*, size_t, void*, bool)::<lambda(const grpc_op&)>::<lambda()>, GRPC_OP_SEND_CLOSE_FROM_CLIENT> >, promise_detail::TrySeq<OpHandlerImpl<ClientCall::CommitBatch(const grpc_op*, size_t, void*, bool)::<lambda(const grpc_op&)>::<lambda()>, GRPC_OP_RECV_INITIAL_METADATA>, OpHandlerImpl<MessageReceiver::MakeBatchOp<grpc_core::CallInitiator>(const grpc_op&, grpc_core::CallInitiator*)::<lambda()>, GRPC_OP_RECV_MESSAGE> > >, ClientCall::CommitBatch(const grpc_op*, size_t, void*, bool)::<lambda(StatusFlag)> > >(Map<promise_detail::AllOk<StatusFlag, promise_detail::TrySeq<OpHandlerImpl<ClientCall::CommitBatch(const grpc_op*, size_t, void*, bool)::<lambda(const grpc_op&)>::<lambda()>, GRPC_OP_SEND_MESSAGE>, OpHandlerImpl<ClientCall::CommitBatch(const grpc_op*, size_t, void*, bool)::<lambda(const grpc_op&)>::<lambda()>, GRPC_OP_SEND_CLOSE_FROM_CLIENT> >, promise_detail::TrySeq<OpHandlerImpl<ClientCall::CommitBatch(const grpc_op*, size_t, void*, bool)::<lambda(const grpc_op&)>::<lambda()>, GRPC_OP_RECV_INITIAL_METADATA>, OpHandlerImpl<MessageReceiver::MakeBatchOp<grpc_core::CallInitiator>(const grpc_op&, grpc_core::CallInitiator*)::<lambda()>, GRPC_OP_RECV_MESSAGE> > >, ClientCall::CommitBatch(const grpc_op*, size_t, void*, bool)::<lambda(StatusFlag)> >, bool, void*, grpc_completion_queue*)::<lambda()>)::<lambda()>; OnComplete = grpc_core::CallSpine::SpawnInfallible<grpc_core::OnCancelFactory<FallibleBatch<Map<promise_detail::AllOk<StatusFlag, promise_detail::TrySeq<OpHandlerImpl<ClientCall::CommitBatch(const grpc_op*, size_t, void*, bool)::<lambda(const grpc_op&)>::<lambda()>, GRPC_OP_SEND_MESSAGE>, OpHandlerImpl<ClientCall::CommitBatch(const grpc_op*, size_t, void*, bool)::<lambda(const grpc_op&)>::<lambda()>, GRPC_OP_SEND_CLOSE_FROM_CLIENT> >, promise_detail::TrySeq<OpHandlerImpl<ClientCall::CommitBatch(const grpc_op*, size_t, void*, bool)::<lambda(const grpc_op&)>::<lambda()>, GRPC_OP_RECV_INITIAL_METADATA>, OpHandlerImpl<MessageReceiver::MakeBatchOp<grpc_core::CallInitiator>(const grpc_op&, grpc_core::CallInitiator*)::<lambda()>, GRPC_OP_RECV_MESSAGE> > >, ClientCall::CommitBatch(const grpc_op*, size_t, void*, bool)::<lambda(StatusFlag)> > >(Map<promise_detail::AllOk<StatusFlag, promise_detail::TrySeq<OpHandlerImpl<ClientCall::CommitBatch(const grpc_op*, size_t, void*, bool)::<lambda(const grpc_op&)>::<lambda()>, GRPC_OP_SEND_MESSAGE>, OpHandlerImpl<ClientCall::CommitBatch(const grpc_op*, size_t, void*, bool)::<lambda(const grpc_op&)>::<lambda()>, GRPC_OP_SEND_CLOSE_FROM_CLIENT> >, promise_detail::TrySeq<OpHandlerImpl<ClientCall::CommitBatch(const grpc_op*, size_t, void*, bool)::<lambda(const grpc_op&)>::<lambda()>, GRPC_OP_RECV_INITIAL_METADATA>, OpHandlerImpl<MessageReceiver::MakeBatchOp<grpc_core::CallInitiator>(const grpc_op&, grpc_core::CallInitiator*)::<lambda()>, GRPC_OP_RECV_MESSAGE> > >, ClientCall::CommitBatch(const grpc_op*, size_t, void*, bool)::<lambda(StatusFlag)> >, bool, void*, grpc_completion_queue*)::<lambda()>, FallibleBatch<Map<promise_detail::AllOk<StatusFlag, promise_detail::TrySeq<OpHandlerImpl<ClientCall::CommitBatch(const grpc_op*, size_t, void*, bool)::<lambda(const grpc_op&)>::<lambda()>, GRPC_OP_SEND_MESSAGE>, OpHandlerImpl<ClientCall::CommitBatch(const grpc_op*, size_t, void*, bool)::<lambda(const grpc_op&)>::<lambda()>, GRPC_OP_SEND_CLOSE_FROM_CLIENT> >, promise_detail::TrySeq<OpHandlerImpl<ClientCall::CommitBatch(const grpc_op*, size_t, void*, bool)::<lambda(const grpc_op&)>::<lambda()>, GRPC_OP_RECV_INITIAL_METADATA>, OpHandlerImpl<MessageReceiver::MakeBatchOp<grpc_core::CallInitiator>(const grpc_op&, grpc_core::CallInitiator*)::<lambda()>, GRPC_OP_RECV_MESSAGE> > >, ClientCall::CommitBatch(const grpc_op*, size_t, void*, bool)::<lambda(StatusFlag)> > >(Map<promise_detail::AllOk<StatusFlag, promise_detail::TrySeq<OpHandlerImpl<ClientCall::CommitBatch(const grpc_op*, size_t, void*, bool)::<lambda(const grpc_op&)>::<lambda()>, GRPC_OP_SEND_MESSAGE>, OpHandlerImpl<ClientCall::CommitBatch(const grpc_op*, size_t, void*, bool)::<lambda(const grpc_op&)>::<lambda()>, GRPC_OP_SEND_CLOSE_FROM_CLIENT> >, promise_detail::TrySeq<OpHandlerImpl<ClientCall::CommitBatch(const grpc_op*, size_t, void*, bool)::<lambda(const grpc_op&)>::<lambda()>, GRPC_OP_RECV_INITIAL_METADATA>, OpHandlerImpl<MessageReceiver::MakeBatchOp<grpc_core::CallInitiator>(const grpc_op&, grpc_core::CallInitiator*)::<lambda()>, GRPC_OP_RECV_MESSAGE> > >, ClientCall::CommitBatch(const grpc_op*, size_t, void*, bool)::<lambda(StatusFlag)> >, bool, void*, grpc_completion_queue*)::<lambda()> >(FallibleBatch<Map<promise_detail::AllOk<StatusFlag, promise_detail::TrySeq<OpHandlerImpl<ClientCall::CommitBatch(const grpc_op*, size_t, void*, bool)::<lambda(const grpc_op&)>::<lambda()>, GRPC_OP_SEND_MESSAGE>, OpHandlerImpl<ClientCall::CommitBatch(const grpc_op*, size_t, void*, bool)::<lambda(const grpc_op&)>::<lambda()>, GRPC_OP_SEND_CLOSE_FROM_CLIENT> >, promise_detail::TrySeq<OpHandlerImpl<ClientCall::CommitBatch(const grpc_op*, size_t, void*, bool)::<lambda(const grpc_op&)>::<lambda()>, GRPC_OP_RECV_INITIAL_METADATA>, OpHandlerImpl<MessageReceiver::MakeBatchOp<grpc_core::CallInitiator>(const grpc_op&, grpc_core::CallInitiator*)::<lambda()>, GRPC_OP_RECV_MESSAGE> > >, ClientCall::CommitBatch(const grpc_op*, size_t, void*, bool)::<lambda(StatusFlag)> > >(Map<promise_detail::AllOk<StatusFlag, promise_detail::TrySeq<OpHandlerImpl<ClientCall::CommitBatch(const grpc_op*, size_t, void*, bool)::<lambda(const grpc_op&)>::<lambda()>, GRPC_OP_SEND_MESSAGE>, OpHandlerImpl<ClientCall::CommitBatch(const grpc_op*, size_t, void*, bool)::<lambda(const grpc_op&)>::<lambda()>, GRPC_OP_SEND_CLOSE_FROM_CLIENT> >, promise_detail::TrySeq<OpHandlerImpl<ClientCall::CommitBatch(const grpc_op*, size_t, void*, bool)::<lambda(const grpc_op&)>::<lambda()>, GRPC_OP_RECV_INITIAL_METADATA>, OpHandlerImpl<MessageReceiver::MakeBatchOp<grpc_core::CallInitiator>(const grpc_op&, grpc_core::CallInitiator*)::<lambda()>, GRPC_OP_RECV_MESSAGE> > >, ClientCall::CommitBatch(const grpc_op*, size_t, void*, bool)::<lambda(StatusFlag)> >, bool, void*, grpc_completion_queue*)::<lambda()>, FallibleBatch<Map<promise_detail::AllOk<StatusFlag, promise_detail::TrySeq<OpHandlerImpl<ClientCall::CommitBatch(const grpc_op*, size_t, void*, bool)::<lambda(const grpc_op&)>::<lambda()>, GRPC_OP_SEND_MESSAGE>, OpHandlerImpl<ClientCall::CommitBatch(const grpc_op*, size_t, void*, bool)::<lambda(const grpc_op&)>::<lambda()>, GRPC_OP_SEND_CLOSE_FROM_CLIENT> >, promise_detail::TrySeq<OpHandlerImpl<ClientCall::CommitBatch(const grpc_op*, size_t, void*, bool)::<lambda(const grpc_op&)>::<lambda()>, GRPC_OP_RECV_INITIAL_METADATA>, OpHandlerImpl<MessageReceiver::MakeBatchOp<grpc_core::CallInitiator>(const grpc_op&, grpc_core::CallInitiator*)::<lambda()>, GRPC_OP_RECV_MESSAGE> > >, ClientCall::CommitBatch(const grpc_op*, size_t, void*, bool)::<lambda(StatusFlag)> > >(Map<promise_detail::AllOk<StatusFlag, promise_detail::TrySeq<OpHandlerImpl<ClientCall::CommitBatch(const grpc_op*, size_t, void*, bool)::<lambda(const grpc_op&)>::<lambda()>, GRPC_OP_SEND_MESSAGE>, OpHandlerImpl<ClientCall::CommitBatch(const grpc_op*, size_t, void*, bool)::<lambda(const grpc_op&)>::<lambda()>, GRPC_OP_SEND_CLOSE_FROM_CLIENT> >, promise_detail::TrySeq<OpHandlerImpl<ClientCall::CommitBatch(const grpc_op*, size_t, void*, bool)::<lambda(const grpc_op&)>::<lambda()>, GRPC_OP_RECV_INITIAL_METADATA>, OpHandlerImpl<MessageReceiver::MakeBatchOp<grpc_core::CallInitiator>(const grpc_op&, grpc_core::CallInitiator*)::<lambda()>, GRPC_OP_RECV_MESSAGE> > >, ClientCall::CommitBatch(const grpc_op*, size_t, void*, bool)::<lambda(StatusFlag)> >, bool, void*, grpc_completion_queue*)::<lambda()>)::<lambda()> >(absl::lts_20250512::string_view, grpc_core::OnCancelFactory<FallibleBatch<Map<promise_detail::AllOk<StatusFlag, promise_detail::TrySeq<OpHandlerImpl<ClientCall::CommitBatch(const grpc_op*, size_t, void*, bool)::<lambda(const grpc_op&)>::<lambda()>, GRPC_OP_SEND_MESSAGE>, OpHandlerImpl<ClientCall::CommitBatch(const grpc_op*, size_t, void*, bool)::<lambda(const grpc_op&)>::<lambda()>, GRPC_OP_SEND_CLOSE_FROM_CLIENT> >, promise_detail::TrySeq<OpHandlerImpl<ClientCall::CommitBatch(const grpc_op*, size_t, void*, bool)::<lambda(const grpc_op&)>::<lambda()>, GRPC_OP_RECV_INITIAL_METADATA>, OpHandlerImpl<MessageReceiver::MakeBatchOp<grpc_core::CallInitiator>(const grpc_op&, grpc_core::CallInitiator*)::<lambda()>, GRPC_OP_RECV_MESSAGE> > >, ClientCall::CommitBatch(const grpc_op*, size_t, void*, bool)::<lambda(StatusFlag)> > >(Map<promise_detail::AllOk<StatusFlag, promise_detail::TrySeq<OpHandlerImpl<ClientCall::CommitBatch(const grpc_op*, size_t, void*, bool)::<lambda(const grpc_op&)>::<lambda()>, GRPC_OP_SEND_MESSAGE>, OpHandlerImpl<ClientCall::CommitBatch(const grpc_op*, size_t, void*, bool)::<lambda(const grpc_op&)>::<lambda()>, GRPC_OP_SEND_CLOSE_FROM_CLIENT> >, promise_detail::TrySeq<OpHandlerImpl<ClientCall::CommitBatch(const grpc_op*, size_t, void*, bool)::<lambda(const grpc_op&)>::<lambda()>, GRPC_OP_RECV_INITIAL_METADATA>, OpHandlerImpl<MessageReceiver::MakeBatchOp<grpc_core::CallInitiator>(const grpc_op&, grpc_core::CallInitiator*)::<lambda()>, GRPC_OP_RECV_MESSAGE> > >, ClientCall::CommitBatch(const grpc_op*, size_t, void*, bool)::<lambda(StatusFlag)> >, bool, void*, grpc_completion_queue*)::<lambda()>, FallibleBatch<Map<promise_detail::AllOk<StatusFlag, promise_detail::TrySeq<OpHandlerImpl<ClientCall::CommitBatch(const grpc_op*, size_t, void*, bool)::<lambda(const grpc_op&)>::<lambda()>, GRPC_OP_SEND_MESSAGE>, OpHandlerImpl<ClientCall::CommitBatch(const grpc_op*, size_t, void*, bool)::<lambda(const grpc_op&)>::<lambda()>, GRPC_OP_SEND_CLOSE_FROM_CLIENT> >, promise_detail::TrySeq<OpHandlerImpl<ClientCall::CommitBatch(const grpc_op*, size_t, void*, bool)::<lambda(const grpc_op&)>::<lambda()>, GRPC_OP_RECV_INITIAL_METADATA>, OpHandlerImpl<MessageReceiver::MakeBatchOp<grpc_core::CallInitiator>(const grpc_op&, grpc_core::CallInitiator*)::<lambda()>, GRPC_OP_RECV_MESSAGE> > >, ClientCall::CommitBatch(const grpc_op*, size_t, void*, bool)::<lambda(StatusFlag)> > >(Map<promise_detail::AllOk<StatusFlag, promise_detail::TrySeq<OpHandlerImpl<ClientCall::CommitBatch(const grpc_op*, size_t, void*, bool)::<lambda(const grpc_op&)>::<lambda()>, GRPC_OP_SEND_MESSAGE>, OpHandlerImpl<ClientCall::CommitBatch(const grpc_op*, size_t, void*, bool)::<lambda(const grpc_op&)>::<lambda()>, GRPC_OP_SEND_CLOSE_FROM_CLIENT> >, promise_detail::TrySeq<OpHandlerImpl<ClientCall::CommitBatch(const grpc_op*, size_t, void*, bool)::<lambda(const grpc_op&)>::<lambda()>, GRPC_OP_RECV_INITIAL_METADATA>, OpHandlerImpl<MessageReceiver::MakeBatchOp<grpc_core::CallInitiator>(const grpc_op&, grpc_core::CallInitiator*)::<lambda()>, GRPC_OP_RECV_MESSAGE> > >, ClientCall::CommitBatch(const grpc_op*, size_t, void*, bool)::<lambda(StatusFlag)> >, bool, void*, grpc_completion_queue*)::<lambda()> >(FallibleBatch<Map<promise_detail::AllOk<StatusFlag, promise_detail::TrySeq<OpHandlerImpl<ClientCall::CommitBatch(const grpc_op*, size_t, void*, bool)::<lambda(const grpc_op&)>::<lambda()>, GRPC_OP_SEND_MESSAGE>, OpHandlerImpl<ClientCall::CommitBatch(const grpc_op*, size_t, void*, bool)::<lambda(const grpc_op&)>::<lambda()>, GRPC_OP_SEND_CLOSE_FROM_CLIENT> >, promise_detail::TrySeq<OpHandlerImpl<ClientCall::CommitBatch(const grpc_op*, size_t, void*, bool)::<lambda(const grpc_op&)>::<lambda()>, GRPC_OP_RECV_INITIAL_METADATA>, OpHandlerImpl<MessageReceiver::MakeBatchOp<grpc_core::CallInitiator>(const grpc_op&, grpc_core::CallInitiator*)::<lambda()>, GRPC_OP_RECV_MESSAGE> > >, ClientCall::CommitBatch(const grpc_op*, size_t, void*, bool)::<lambda(StatusFlag)> > >(Map<promise_detail::AllOk<StatusFlag, promise_detail::TrySeq<OpHandlerImpl<ClientCall::CommitBatch(const grpc_op*, size_t, void*, bool)::<lambda(const grpc_op&)>::<lambda()>, GRPC_OP_SEND_MESSAGE>, OpHandlerImpl<ClientCall::CommitBatch(const grpc_op*, size_t, void*, bool)::<lambda(const grpc_op&)>::<lambda()>, GRPC_OP_SEND_CLOSE_FROM_CLIENT> >, promise_detail::TrySeq<OpHandlerImpl<ClientCall::CommitBatch(const grpc_op*, size_t, void*, bool)::<lambda(const grpc_op&)>::<lambda()>, GRPC_OP_RECV_INITIAL_METADATA>, OpHandlerImpl<MessageReceiver::MakeBatchOp<grpc_core::CallInitiator>(const grpc_op&, grpc_core::CallInitiator*)::<lambda()>, GRPC_OP_RECV_MESSAGE> > >, ClientCall::CommitBatch(const grpc_op*, size_t, void*, bool)::<lambda(StatusFlag)> >, bool, void*, grpc_completion_queue*)::<lambda()>, FallibleBatch<Map<promise_detail::AllOk<StatusFlag, promise_detail::TrySeq<OpHandlerImpl<ClientCall::CommitBatch(const grpc_op*, size_t, void*, bool)::<lambda(const grpc_op&)>::<lambda()>, GRPC_OP_SEND_MESSAGE>, OpHandlerImpl<ClientCall::CommitBatch(const grpc_op*, size_t, void*, bool)::<lambda(const grpc_op&)>::<lambda()>, GRPC_OP_SEND_CLOSE_FROM_CLIENT> >, promise_detail::TrySeq<OpHandlerImpl<ClientCall::CommitBatch(const grpc_op*, size_t, void*, bool)::<lambda(const grpc_op&)>::<lambda()>, GRPC_OP_RECV_INITIAL_METADATA>, OpHandlerImpl<MessageReceiver::MakeBatchOp<grpc_core::CallInitiator>(const grpc_op&, grpc_core::CallInitiator*)::<lambda()>, GRPC_OP_RECV_MESSAGE> > >, ClientCall::CommitBatch(const grpc_op*, size_t, void*, bool)::<lambda(StatusFlag)> > >(Map<promise_detail::AllOk<StatusFlag, promise_detail::TrySeq<OpHandlerImpl<ClientCall::CommitBatch(const grpc_op*, size_t, void*, bool)::<lambda(const grpc_op&)>::<lambda()>, GRPC_OP_SEND_MESSAGE>, OpHandlerImpl<ClientCall::CommitBatch(const grpc_op*, size_t, void*, bool)::<lambda(const grpc_op&)>::<lambda()>, GRPC_OP_SEND_CLOSE_FROM_CLIENT> >, promise_detail::TrySeq<OpHandlerImpl<ClientCall::CommitBatch(const grpc_op*, size_t, void*, bool)::<lambda(const grpc_op&)>::<lambda()>, GRPC_OP_RECV_INITIAL_METADATA>, OpHandlerImpl<MessageReceiver::MakeBatchOp<grpc_core::CallInitiator>(const grpc_op&, grpc_core::CallInitiator*)::<lambda()>, GRPC_OP_RECV_MESSAGE> > >, ClientCall::CommitBatch(const grpc_op*, size_t, void*, bool)::<lambda(StatusFlag)> >, bool, void*, grpc_completion_queue*)::<lambda()>)::<lambda()>)::<lambda(grpc_core::Empty)>]’:
      ./src/core/lib/promise/detail/promise_factory.h:250:30: note: ‘<anonymous>’ declared here
        250 |     return PromiseFactoryImpl(OnceToken{}, std::move(f_));
            |            ~~~~~~~~~~~~~~~~~~^~~~~~~~~~~~~~~~~~~~~~~~~~~~
      In destructor ‘grpc_core::filters_detail::OperationExecutor<T>::~OperationExecutor() [with T = std::unique_ptr<grpc_core::Message, grpc_core::Arena::PooledDeleter>]’,
          inlined from ‘grpc_core::CallFilters::MessageExecutor<&grpc_core::CallFilters::push_server_to_client_message_, &grpc_core::filters_detail::StackData::server_to_client_messages, &grpc_core::CallState::FinishPullServerToClientMessage, std::reverse_iterator<const grpc_core::CallFilters::AddedStack*> >::~MessageExecutor()’ at ./src/core/call/call_filters.h:1886:9,
          inlined from ‘grpc_core::promise_detail::PromiseLike<grpc_core::CallFilters::MessageExecutor<&grpc_core::CallFilters::push_server_to_client_message_, &grpc_core::filters_detail::StackData::server_to_client_messages, &grpc_core::CallState::FinishPullServerToClientMessage, std::reverse_iterator<const grpc_core::CallFilters::AddedStack*> >, void>::~PromiseLike()’ at ./src/core/lib/promise/detail/promise_like.h:204:7,
          inlined from ‘void grpc_core::Destruct(T*) [with T = promise_detail::PromiseLike<CallFilters::MessageExecutor<&CallFilters::push_server_to_client_message_, &filters_detail::StackData::server_to_client_messages, &CallState::FinishPullServerToClientMessage, std::reverse_iterator<const CallFilters::AddedStack*> >, void>]’ at ./src/core/util/construct_destruct.h:28:8,
          inlined from ‘grpc_core::If<bool, T, F>::~If() [with T = grpc_core::CallFilters::PullServerToClientMessage()::<lambda(bool)>::<lambda()>; F = grpc_core::CallFilters::PullServerToClientMessage()::<lambda(bool)>::<lambda()>]’ at ./src/core/lib/promise/if.h:188:15,
          inlined from ‘grpc_core::promise_detail::PromiseLike<grpc_core::If<bool, grpc_core::CallFilters::PullServerToClientMessage()::<lambda(bool)>::<lambda()>, grpc_core::CallFilters::PullServerToClientMessage()::<lambda(bool)>::<lambda()> >, void>::~PromiseLike()’ at ./src/core/lib/promise/detail/promise_like.h:204:7,
          inlined from ‘void grpc_core::Destruct(T*) [with T = promise_detail::PromiseLike<If<bool, CallFilters::PullServerToClientMessage()::<lambda(bool)>::<lambda()>, CallFilters::PullServerToClientMessage()::<lambda(bool)>::<lambda()> >, void>]’ at ./src/core/util/construct_destruct.h:28:8,
          inlined from ‘grpc_core::promise_detail::SeqState<Traits, P, F0>::~SeqState() [with Traits = grpc_core::promise_detail::TrySeqTraits; P = grpc_core::CallFilters::PullServerToClientMessage()::<lambda()>; F0 = grpc_core::CallFilters::PullServerToClientMessage()::<lambda(bool)>]’ at ./src/core/lib/promise/detail/seq_state.h:116:17,
          inlined from ‘grpc_core::promise_detail::TrySeq<grpc_core::CallFilters::PullServerToClientMessage()::<lambda()>, grpc_core::CallFilters::PullServerToClientMessage()::<lambda(bool)> >::~TrySeq()’ at ./src/core/lib/promise/try_seq.h:254:7,
          inlined from ‘grpc_core::promise_detail::PromiseLike<grpc_core::promise_detail::TrySeq<grpc_core::CallFilters::PullServerToClientMessage()::<lambda()>, grpc_core::CallFilters::PullServerToClientMessage()::<lambda(bool)> >, void>::~PromiseLike()’ at ./src/core/lib/promise/detail/promise_like.h:204:7,
          inlined from ‘grpc_core::Map<grpc_core::promise_detail::TrySeq<grpc_core::CallFilters::PullServerToClientMessage()::<lambda()>, grpc_core::CallFilters::PullServerToClientMessage()::<lambda(bool)> >, grpc_core::MessageReceiver::MakeBatchOp<grpc_core::CallInitiator>(const grpc_op&, grpc_core::CallInitiator*)::<lambda()> mutable::<lambda(grpc_core::CallInitiator::NextMessage)> >::~Map()’ at ./src/core/lib/promise/map.h:134:7,
          inlined from ‘grpc_core::promise_detail::PromiseLike<grpc_core::Map<grpc_core::promise_detail::TrySeq<grpc_core::CallFilters::PullServerToClientMessage()::<lambda()>, grpc_core::CallFilters::PullServerToClientMessage()::<lambda(bool)> >, grpc_core::MessageReceiver::MakeBatchOp<grpc_core::CallInitiator>(const grpc_op&, grpc_core::CallInitiator*)::<lambda()> mutable::<lambda(grpc_core::CallInitiator::NextMessage)> >, void>::~PromiseLike()’ at ./src/core/lib/promise/detail/promise_like.h:204:7,
          inlined from ‘void grpc_core::Destruct(T*) [with T = promise_detail::PromiseLike<Map<promise_detail::TrySeq<CallFilters::PullServerToClientMessage()::<lambda()>, CallFilters::PullServerToClientMessage()::<lambda(bool)> >, MessageReceiver::MakeBatchOp<grpc_core::CallInitiator>(const grpc_op&, grpc_core::CallInitiator*)::<lambda()> mutable::<lambda(CallInitiator::NextMessage)> >, void>]’ at ./src/core/util/construct_destruct.h:28:8,
          inlined from ‘grpc_core::OpHandlerImpl<SetupResult, kOp>::~OpHandlerImpl() [with SetupResult = grpc_core::MessageReceiver::MakeBatchOp<grpc_core::CallInitiator>(const grpc_op&, grpc_core::CallInitiator*)::<lambda()>; grpc_op_type kOp = GRPC_OP_RECV_MESSAGE]’ at ./src/core/lib/surface/call_utils.h:195:17,
          inlined from ‘grpc_core::OpHandlerImpl<SetupResult, kOp>::~OpHandlerImpl() [with SetupResult = grpc_core::MessageReceiver::MakeBatchOp<grpc_core::CallInitiator>(const grpc_op&, grpc_core::CallInitiator*)::<lambda()>; grpc_op_type kOp = GRPC_OP_RECV_MESSAGE]’ at ./src/core/lib/surface/call_utils.h:187:3,
          inlined from ‘grpc_core::promise_detail::OncePromiseFactory<void, F>::Promise grpc_core::promise_detail::OncePromiseFactory<void, F>::Make() [with F = grpc_core::OpHandlerImpl<grpc_core::MessageReceiver::MakeBatchOp<grpc_core::CallInitiator>(const grpc_op&, grpc_core::CallInitiator*)::<lambda()>, GRPC_OP_RECV_MESSAGE>]’ at ./src/core/lib/promise/detail/promise_factory.h:250:30,
          inlined from ‘static auto grpc_core::promise_detail::TrySeqTraitsWithSfinae<T, typename std::enable_if<((std::is_same<decltype (grpc_core::IsStatusOk(declval<T>())), bool>::value && (! grpc_core::promise_detail::TakeValueExists<T>::value)) && grpc_core::promise_detail::AllowGenericTrySeqTraits<T>::value), void>::type>::CallFactory(Next*, T&&) [with Next = grpc_core::promise_detail::OncePromiseFactory<void, grpc_core::OpHandlerImpl<grpc_core::MessageReceiver::MakeBatchOp<grpc_core::CallInitiator>(const grpc_op&, grpc_core::CallInitiator*)::<lambda()>, GRPC_OP_RECV_MESSAGE> >; T = grpc_core::StatusFlag]’ at ./src/core/lib/promise/try_seq.h:169:23,
          inlined from ‘grpc_core::Poll<typename Traits<typename grpc_core::promise_detail::OncePromiseFactory<typename Traits<typename grpc_core::promise_detail::PromiseLike<F>::Result>::UnwrappedType, F0>::Promise::Result>::WrappedType> grpc_core::promise_detail::SeqState<Traits, P, F0>::PollOnce() [with Traits = grpc_core::promise_detail::TrySeqTraits; P = grpc_core::OpHandlerImpl<grpc_core::ClientCall::CommitBatch(const grpc_op*, size_t, void*, bool)::<lambda(const grpc_op&)>::<lambda()>, GRPC_OP_RECV_INITIAL_METADATA>; F0 = grpc_core::OpHandlerImpl<grpc_core::MessageReceiver::MakeBatchOp<grpc_core::CallInitiator>(const grpc_op&, grpc_core::CallInitiator*)::<lambda()>, GRPC_OP_RECV_MESSAGE>]’ at ./src/core/lib/promise/detail/seq_state.h:185:14,
          inlined from ‘auto grpc_core::promise_detail::TrySeq<P, Fs>::operator()() [with P = grpc_core::OpHandlerImpl<grpc_core::ClientCall::CommitBatch(const grpc_op*, size_t, void*, bool)::<lambda(const grpc_op&)>::<lambda()>, GRPC_OP_RECV_INITIAL_METADATA>; Fs = {grpc_core::OpHandlerImpl<grpc_core::MessageReceiver::MakeBatchOp<grpc_core::CallInitiator>(const grpc_op&, grpc_core::CallInitiator*)::<lambda()>, GRPC_OP_RECV_MESSAGE>}]’ at ./src/core/lib/promise/try_seq.h:263:28,
          inlined from ‘grpc_core::promise_detail::PromiseLike<F, typename std::enable_if<(! std::is_void<typename std::invoke_result<Releaser>::type>::value), void>::type>::WrappedResult grpc_core::promise_detail::PromiseLike<F, typename std::enable_if<(! std::is_void<typename std::invoke_result<Releaser>::type>::value), void>::type>::operator()() [with F = grpc_core::promise_detail::TrySeq<grpc_core::OpHandlerImpl<grpc_core::ClientCall::CommitBatch(const grpc_op*, size_t, void*, bool)::<lambda(const grpc_op&)>::<lambda()>, GRPC_OP_RECV_INITIAL_METADATA>, grpc_core::OpHandlerImpl<grpc_core::MessageReceiver::MakeBatchOp<grpc_core::CallInitiator>(const grpc_op&, grpc_core::CallInitiator*)::<lambda()>, GRPC_OP_RECV_MESSAGE> >]’ at ./src/core/lib/promise/detail/promise_like.h:216:25,
          inlined from ‘grpc_core::Poll<typename Traits::ResultType<std::tuple<decltype (Traits::Unwrapped(declval<typename grpc_core::promise_detail::PromiseLike<F, void>::Result>())), decltype (Traits::Unwrapped(declval<typename grpc_core::promise_detail::PromiseLike<R, void>::Result>()))> > > grpc_core::promise_detail::JoinState<Traits, P0, P1>::PollOnce() [with Traits = grpc_core::promise_detail::AllOkTraits<grpc_core::StatusFlag>; P0 = grpc_core::promise_detail::TrySeq<grpc_core::OpHandlerImpl<grpc_core::ClientCall::CommitBatch(const grpc_op*, size_t, void*, bool)::<lambda(const grpc_op&)>::<lambda()>, GRPC_OP_SEND_MESSAGE>, grpc_core::OpHandlerImpl<grpc_core::ClientCall::CommitBatch(const grpc_op*, size_t, void*, bool)::<lambda(const grpc_op&)>::<lambda()>, GRPC_OP_SEND_CLOSE_FROM_CLIENT> >; P1 = grpc_core::promise_detail::TrySeq<grpc_core::OpHandlerImpl<grpc_core::ClientCall::CommitBatch(const grpc_op*, size_t, void*, bool)::<lambda(const grpc_op&)>::<lambda()>, GRPC_OP_RECV_INITIAL_METADATA>, grpc_core::OpHandlerImpl<grpc_core::MessageReceiver::MakeBatchOp<grpc_core::CallInitiator>(const grpc_op&, grpc_core::CallInitiator*)::<lambda()>, GRPC_OP_RECV_MESSAGE> >]’ at ./src/core/lib/promise/detail/join_state.h:109:12,
          inlined from ‘auto grpc_core::promise_detail::AllOk<Result, Promises>::operator()() [with Result = grpc_core::StatusFlag; Promises = {grpc_core::promise_detail::TrySeq<grpc_core::OpHandlerImpl<grpc_core::ClientCall::CommitBatch(const grpc_op*, size_t, void*, bool)::<lambda(const grpc_op&)>::<lambda()>, GRPC_OP_SEND_MESSAGE>, grpc_core::OpHandlerImpl<grpc_core::ClientCall::CommitBatch(const grpc_op*, size_t, void*, bool)::<lambda(const grpc_op&)>::<lambda()>, GRPC_OP_SEND_CLOSE_FROM_CLIENT> >, grpc_core::promise_detail::TrySeq<grpc_core::OpHandlerImpl<grpc_core::ClientCall::CommitBatch(const grpc_op*, size_t, void*, bool)::<lambda(const grpc_op&)>::<lambda()>, GRPC_OP_RECV_INITIAL_METADATA>, grpc_core::OpHandlerImpl<grpc_core::MessageReceiver::MakeBatchOp<grpc_core::CallInitiator>(const grpc_op&, grpc_core::CallInitiator*)::<lambda()>, GRPC_OP_RECV_MESSAGE> >}]’ at ./src/core/lib/promise/all_ok.h:99:28,
          inlined from ‘grpc_core::promise_detail::PromiseLike<F, typename std::enable_if<(! std::is_void<typename std::invoke_result<Releaser>::type>::value), void>::type>::WrappedResult grpc_core::promise_detail::PromiseLike<F, typename std::enable_if<(! std::is_void<typename std::invoke_result<Releaser>::type>::value), void>::type>::operator()() [with F = grpc_core::promise_detail::AllOk<grpc_core::StatusFlag, grpc_core::promise_detail::TrySeq<grpc_core::OpHandlerImpl<grpc_core::ClientCall::CommitBatch(const grpc_op*, size_t, void*, bool)::<lambda(const grpc_op&)>::<lambda()>, GRPC_OP_SEND_MESSAGE>, grpc_core::OpHandlerImpl<grpc_core::ClientCall::CommitBatch(const grpc_op*, size_t, void*, bool)::<lambda(const grpc_op&)>::<lambda()>, GRPC_OP_SEND_CLOSE_FROM_CLIENT> >, grpc_core::promise_detail::TrySeq<grpc_core::OpHandlerImpl<grpc_core::ClientCall::CommitBatch(const grpc_op*, size_t, void*, bool)::<lambda(const grpc_op&)>::<lambda()>, GRPC_OP_RECV_INITIAL_METADATA>, grpc_core::OpHandlerImpl<grpc_core::MessageReceiver::MakeBatchOp<grpc_core::CallInitiator>(const grpc_op&, grpc_core::CallInitiator*)::<lambda()>, GRPC_OP_RECV_MESSAGE> > >]’ at ./src/core/lib/promise/detail/promise_like.h:216:25,
          inlined from ‘grpc_core::Poll<typename grpc_core::promise_detail::WrappedFn<Fn, typename grpc_core::promise_detail::PromiseLike<F>::Result>::Result> grpc_core::Map<Promise, Fn>::operator()() [with Promise = grpc_core::promise_detail::AllOk<grpc_core::StatusFlag, grpc_core::promise_detail::TrySeq<grpc_core::OpHandlerImpl<grpc_core::ClientCall::CommitBatch(const grpc_op*, size_t, void*, bool)::<lambda(const grpc_op&)>::<lambda()>, GRPC_OP_SEND_MESSAGE>, grpc_core::OpHandlerImpl<grpc_core::ClientCall::CommitBatch(const grpc_op*, size_t, void*, bool)::<lambda(const grpc_op&)>::<lambda()>, GRPC_OP_SEND_CLOSE_FROM_CLIENT> >, grpc_core::promise_detail::TrySeq<grpc_core::OpHandlerImpl<grpc_core::ClientCall::CommitBatch(const grpc_op*, size_t, void*, bool)::<lambda(const grpc_op&)>::<lambda()>, GRPC_OP_RECV_INITIAL_METADATA>, grpc_core::OpHandlerImpl<grpc_core::MessageReceiver::MakeBatchOp<grpc_core::CallInitiator>(const grpc_op&, grpc_core::CallInitiator*)::<lambda()>, GRPC_OP_RECV_MESSAGE> > >; Fn = grpc_core::ClientCall::CommitBatch(const grpc_op*, size_t, void*, bool)::<lambda(grpc_core::StatusFlag)>]’ at ./src/core/lib/promise/map.h:152:25,
          inlined from ‘grpc_core::promise_detail::PromiseLike<F, typename std::enable_if<(! std::is_void<typename std::invoke_result<Releaser>::type>::value), void>::type>::WrappedResult grpc_core::promise_detail::PromiseLike<F, typename std::enable_if<(! std::is_void<typename std::invoke_result<Releaser>::type>::value), void>::type>::operator()() [with F = grpc_core::Map<grpc_core::promise_detail::AllOk<grpc_core::StatusFlag, grpc_core::promise_detail::TrySeq<grpc_core::OpHandlerImpl<grpc_core::ClientCall::CommitBatch(const grpc_op*, size_t, void*, bool)::<lambda(const grpc_op&)>::<lambda()>, GRPC_OP_SEND_MESSAGE>, grpc_core::OpHandlerImpl<grpc_core::ClientCall::CommitBatch(const grpc_op*, size_t, void*, bool)::<lambda(const grpc_op&)>::<lambda()>, GRPC_OP_SEND_CLOSE_FROM_CLIENT> >, grpc_core::promise_detail::TrySeq<grpc_core::OpHandlerImpl<grpc_core::ClientCall::CommitBatch(const grpc_op*, size_t, void*, bool)::<lambda(const grpc_op&)>::<lambda()>, GRPC_OP_RECV_INITIAL_METADATA>, grpc_core::OpHandlerImpl<grpc_core::MessageReceiver::MakeBatchOp<grpc_core::CallInitiator>(const grpc_op&, grpc_core::CallInitiator*)::<lambda()>, GRPC_OP_RECV_MESSAGE> > >, grpc_core::ClientCall::CommitBatch(const grpc_op*, size_t, void*, bool)::<lambda(grpc_core::StatusFlag)> >]’ at ./src/core/lib/promise/detail/promise_like.h:216:25,
          inlined from ‘grpc_core::Poll<typename Traits<typename grpc_core::promise_detail::OncePromiseFactory<typename Traits<typename grpc_core::promise_detail::PromiseLike<F>::Result>::UnwrappedType, F0>::Promise::Result>::WrappedType> grpc_core::promise_detail::SeqState<Traits, P, F0>::PollOnce() [with Traits = grpc_core::promise_detail::SeqTraits; P = grpc_core::Map<grpc_core::promise_detail::AllOk<grpc_core::StatusFlag, grpc_core::promise_detail::TrySeq<grpc_core::OpHandlerImpl<grpc_core::ClientCall::CommitBatch(const grpc_op*, size_t, void*, bool)::<lambda(const grpc_op&)>::<lambda()>, GRPC_OP_SEND_MESSAGE>, grpc_core::OpHandlerImpl<grpc_core::ClientCall::CommitBatch(const grpc_op*, size_t, void*, bool)::<lambda(const grpc_op&)>::<lambda()>, GRPC_OP_SEND_CLOSE_FROM_CLIENT> >, grpc_core::promise_detail::TrySeq<grpc_core::OpHandlerImpl<grpc_core::ClientCall::CommitBatch(const grpc_op*, size_t, void*, bool)::<lambda(const grpc_op&)>::<lambda()>, GRPC_OP_RECV_INITIAL_METADATA>, grpc_core::OpHandlerImpl<grpc_core::MessageReceiver::MakeBatchOp<grpc_core::CallInitiator>(const grpc_op&, grpc_core::CallInitiator*)::<lambda()>, GRPC_OP_RECV_MESSAGE> > >, grpc_core::ClientCall::CommitBatch(const grpc_op*, size_t, void*, bool)::<lambda(grpc_core::StatusFlag)> >; F0 = grpc_core::FallibleBatch<Map<promise_detail::AllOk<StatusFlag, promise_detail::TrySeq<OpHandlerImpl<ClientCall::CommitBatch(const grpc_op*, size_t, void*, bool)::<lambda(const grpc_op&)>::<lambda()>, GRPC_OP_SEND_MESSAGE>, OpHandlerImpl<ClientCall::CommitBatch(const grpc_op*, size_t, void*, bool)::<lambda(const grpc_op&)>::<lambda()>, GRPC_OP_SEND_CLOSE_FROM_CLIENT> >, promise_detail::TrySeq<OpHandlerImpl<ClientCall::CommitBatch(const grpc_op*, size_t, void*, bool)::<lambda(const grpc_op&)>::<lambda()>, GRPC_OP_RECV_INITIAL_METADATA>, OpHandlerImpl<MessageReceiver::MakeBatchOp<grpc_core::CallInitiator>(const grpc_op&, grpc_core::CallInitiator*)::<lambda()>, GRPC_OP_RECV_MESSAGE> > >, ClientCall::CommitBatch(const grpc_op*, size_t, void*, bool)::<lambda(StatusFlag)> > >(Map<promise_detail::AllOk<StatusFlag, promise_detail::TrySeq<OpHandlerImpl<ClientCall::CommitBatch(const grpc_op*, size_t, void*, bool)::<lambda(const grpc_op&)>::<lambda()>, GRPC_OP_SEND_MESSAGE>, OpHandlerImpl<ClientCall::CommitBatch(const grpc_op*, size_t, void*, bool)::<lambda(const grpc_op&)>::<lambda()>, GRPC_OP_SEND_CLOSE_FROM_CLIENT> >, promise_detail::TrySeq<OpHandlerImpl<ClientCall::CommitBatch(const grpc_op*, size_t, void*, bool)::<lambda(const grpc_op&)>::<lambda()>, GRPC_OP_RECV_INITIAL_METADATA>, OpHandlerImpl<MessageReceiver::MakeBatchOp<grpc_core::CallInitiator>(const grpc_op&, grpc_core::CallInitiator*)::<lambda()>, GRPC_OP_RECV_MESSAGE> > >, ClientCall::CommitBatch(const grpc_op*, size_t, void*, bool)::<lambda(StatusFlag)> >, bool, void*, grpc_completion_queue*)::<lambda()> mutable::<lambda(grpc_core::StatusFlag)>]’ at ./src/core/lib/promise/detail/seq_state.h:167:14,
          inlined from ‘auto grpc_core::promise_detail::Seq<P, Fs>::operator()() [with P = grpc_core::Map<grpc_core::promise_detail::AllOk<grpc_core::StatusFlag, grpc_core::promise_detail::TrySeq<grpc_core::OpHandlerImpl<grpc_core::ClientCall::CommitBatch(const grpc_op*, size_t, void*, bool)::<lambda(const grpc_op&)>::<lambda()>, GRPC_OP_SEND_MESSAGE>, grpc_core::OpHandlerImpl<grpc_core::ClientCall::CommitBatch(const grpc_op*, size_t, void*, bool)::<lambda(const grpc_op&)>::<lambda()>, GRPC_OP_SEND_CLOSE_FROM_CLIENT> >, grpc_core::promise_detail::TrySeq<grpc_core::OpHandlerImpl<grpc_core::ClientCall::CommitBatch(const grpc_op*, size_t, void*, bool)::<lambda(const grpc_op&)>::<lambda()>, GRPC_OP_RECV_INITIAL_METADATA>, grpc_core::OpHandlerImpl<grpc_core::MessageReceiver::MakeBatchOp<grpc_core::CallInitiator>(const grpc_op&, grpc_core::CallInitiator*)::<lambda()>, GRPC_OP_RECV_MESSAGE> > >, grpc_core::ClientCall::CommitBatch(const grpc_op*, size_t, void*, bool)::<lambda(grpc_core::StatusFlag)> >; Fs = {grpc_core::FallibleBatch<Map<promise_detail::AllOk<StatusFlag, promise_detail::TrySeq<OpHandlerImpl<ClientCall::CommitBatch(const grpc_op*, size_t, void*, bool)::<lambda(const grpc_op&)>::<lambda()>, GRPC_OP_SEND_MESSAGE>, OpHandlerImpl<ClientCall::CommitBatch(const grpc_op*, size_t, void*, bool)::<lambda(const grpc_op&)>::<lambda()>, GRPC_OP_SEND_CLOSE_FROM_CLIENT> >, promise_detail::TrySeq<OpHandlerImpl<ClientCall::CommitBatch(const grpc_op*, size_t, void*, bool)::<lambda(const grpc_op&)>::<lambda()>, GRPC_OP_RECV_INITIAL_METADATA>, OpHandlerImpl<MessageReceiver::MakeBatchOp<grpc_core::CallInitiator>(const grpc_op&, grpc_core::CallInitiator*)::<lambda()>, GRPC_OP_RECV_MESSAGE> > >, ClientCall::CommitBatch(const grpc_op*, size_t, void*, bool)::<lambda(StatusFlag)> > >(Map<promise_detail::AllOk<StatusFlag, promise_detail::TrySeq<OpHandlerImpl<ClientCall::CommitBatch(const grpc_op*, size_t, void*, bool)::<lambda(const grpc_op&)>::<lambda()>, GRPC_OP_SEND_MESSAGE>, OpHandlerImpl<ClientCall::CommitBatch(const grpc_op*, size_t, void*, bool)::<lambda(const grpc_op&)>::<lambda()>, GRPC_OP_SEND_CLOSE_FROM_CLIENT> >, promise_detail::TrySeq<OpHandlerImpl<ClientCall::CommitBatch(const grpc_op*, size_t, void*, bool)::<lambda(const grpc_op&)>::<lambda()>, GRPC_OP_RECV_INITIAL_METADATA>, OpHandlerImpl<MessageReceiver::MakeBatchOp<grpc_core::CallInitiator>(const grpc_op&, grpc_core::CallInitiator*)::<lambda()>, GRPC_OP_RECV_MESSAGE> > >, ClientCall::CommitBatch(const grpc_op*, size_t, void*, bool)::<lambda(StatusFlag)> >, bool, void*, grpc_completion_queue*)::<lambda()> mutable::<lambda(grpc_core::StatusFlag)>}]’ at ./src/core/lib/promise/seq.h:108:27,
          inlined from ‘auto grpc_core::PollBatchLogger<F>::operator()() [with F = grpc_core::promise_detail::Seq<grpc_core::Map<grpc_core::promise_detail::AllOk<grpc_core::StatusFlag, grpc_core::promise_detail::TrySeq<grpc_core::OpHandlerImpl<grpc_core::ClientCall::CommitBatch(const grpc_op*, size_t, void*, bool)::<lambda(const grpc_op&)>::<lambda()>, GRPC_OP_SEND_MESSAGE>, grpc_core::OpHandlerImpl<grpc_core::ClientCall::CommitBatch(const grpc_op*, size_t, void*, bool)::<lambda(const grpc_op&)>::<lambda()>, GRPC_OP_SEND_CLOSE_FROM_CLIENT> >, grpc_core::promise_detail::TrySeq<grpc_core::OpHandlerImpl<grpc_core::ClientCall::CommitBatch(const grpc_op*, size_t, void*, bool)::<lambda(const grpc_op&)>::<lambda()>, GRPC_OP_RECV_INITIAL_METADATA>, grpc_core::OpHandlerImpl<grpc_core::MessageReceiver::MakeBatchOp<grpc_core::CallInitiator>(const grpc_op&, grpc_core::CallInitiator*)::<lambda()>, GRPC_OP_RECV_MESSAGE> > >, grpc_core::ClientCall::CommitBatch(const grpc_op*, size_t, void*, bool)::<lambda(grpc_core::StatusFlag)> >, grpc_core::FallibleBatch<Map<promise_detail::AllOk<StatusFlag, promise_detail::TrySeq<OpHandlerImpl<ClientCall::CommitBatch(const grpc_op*, size_t, void*, bool)::<lambda(const grpc_op&)>::<lambda()>, GRPC_OP_SEND_MESSAGE>, OpHandlerImpl<ClientCall::CommitBatch(const grpc_op*, size_t, void*, bool)::<lambda(const grpc_op&)>::<lambda()>, GRPC_OP_SEND_CLOSE_FROM_CLIENT> >, promise_detail::TrySeq<OpHandlerImpl<ClientCall::CommitBatch(const grpc_op*, size_t, void*, bool)::<lambda(const grpc_op&)>::<lambda()>, GRPC_OP_RECV_INITIAL_METADATA>, OpHandlerImpl<MessageReceiver::MakeBatchOp<grpc_core::CallInitiator>(const grpc_op&, grpc_core::CallInitiator*)::<lambda()>, GRPC_OP_RECV_MESSAGE> > >, ClientCall::CommitBatch(const grpc_op*, size_t, void*, bool)::<lambda(StatusFlag)> > >(Map<promise_detail::AllOk<StatusFlag, promise_detail::TrySeq<OpHandlerImpl<ClientCall::CommitBatch(const grpc_op*, size_t, void*, bool)::<lambda(const grpc_op&)>::<lambda()>, GRPC_OP_SEND_MESSAGE>, OpHandlerImpl<ClientCall::CommitBatch(const grpc_op*, size_t, void*, bool)::<lambda(const grpc_op&)>::<lambda()>, GRPC_OP_SEND_CLOSE_FROM_CLIENT> >, promise_detail::TrySeq<OpHandlerImpl<ClientCall::CommitBatch(const grpc_op*, size_t, void*, bool)::<lambda(const grpc_op&)>::<lambda()>, GRPC_OP_RECV_INITIAL_METADATA>, OpHandlerImpl<MessageReceiver::MakeBatchOp<grpc_core::CallInitiator>(const grpc_op&, grpc_core::CallInitiator*)::<lambda()>, GRPC_OP_RECV_MESSAGE> > >, ClientCall::CommitBatch(const grpc_op*, size_t, void*, bool)::<lambda(StatusFlag)> >, bool, void*, grpc_completion_queue*)::<lambda()> mutable::<lambda(grpc_core::StatusFlag)> >]’ at ./src/core/lib/surface/call_utils.h:464:16,
          inlined from ‘grpc_core::promise_detail::PromiseLike<F, typename std::enable_if<(! std::is_void<typename std::invoke_result<Releaser>::type>::value), void>::type>::WrappedResult grpc_core::promise_detail::PromiseLike<F, typename std::enable_if<(! std::is_void<typename std::invoke_result<Releaser>::type>::value), void>::type>::operator()() [with F = grpc_core::PollBatchLogger<grpc_core::promise_detail::Seq<grpc_core::Map<grpc_core::promise_detail::AllOk<grpc_core::StatusFlag, grpc_core::promise_detail::TrySeq<grpc_core::OpHandlerImpl<grpc_core::ClientCall::CommitBatch(const grpc_op*, size_t, void*, bool)::<lambda(const grpc_op&)>::<lambda()>, GRPC_OP_SEND_MESSAGE>, grpc_core::OpHandlerImpl<grpc_core::ClientCall::CommitBatch(const grpc_op*, size_t, void*, bool)::<lambda(const grpc_op&)>::<lambda()>, GRPC_OP_SEND_CLOSE_FROM_CLIENT> >, grpc_core::promise_detail::TrySeq<grpc_core::OpHandlerImpl<grpc_core::ClientCall::CommitBatch(const grpc_op*, size_t, void*, bool)::<lambda(const grpc_op&)>::<lambda()>, GRPC_OP_RECV_INITIAL_METADATA>, grpc_core::OpHandlerImpl<grpc_core::MessageReceiver::MakeBatchOp<grpc_core::CallInitiator>(const grpc_op&, grpc_core::CallInitiator*)::<lambda()>, GRPC_OP_RECV_MESSAGE> > >, grpc_core::ClientCall::CommitBatch(const grpc_op*, size_t, void*, bool)::<lambda(grpc_core::StatusFlag)> >, grpc_core::FallibleBatch<Map<promise_detail::AllOk<StatusFlag, promise_detail::TrySeq<OpHandlerImpl<ClientCall::CommitBatch(const grpc_op*, size_t, void*, bool)::<lambda(const grpc_op&)>::<lambda()>, GRPC_OP_SEND_MESSAGE>, OpHandlerImpl<ClientCall::CommitBatch(const grpc_op*, size_t, void*, bool)::<lambda(const grpc_op&)>::<lambda()>, GRPC_OP_SEND_CLOSE_FROM_CLIENT> >, promise_detail::TrySeq<OpHandlerImpl<ClientCall::CommitBatch(const grpc_op*, size_t, void*, bool)::<lambda(const grpc_op&)>::<lambda()>, GRPC_OP_RECV_INITIAL_METADATA>, OpHandlerImpl<MessageReceiver::MakeBatchOp<grpc_core::CallInitiator>(const grpc_op&, grpc_core::CallInitiator*)::<lambda()>, GRPC_OP_RECV_MESSAGE> > >, ClientCall::CommitBatch(const grpc_op*, size_t, void*, bool)::<lambda(StatusFlag)> > >(Map<promise_detail::AllOk<StatusFlag, promise_detail::TrySeq<OpHandlerImpl<ClientCall::CommitBatch(const grpc_op*, size_t, void*, bool)::<lambda(const grpc_op&)>::<lambda()>, GRPC_OP_SEND_MESSAGE>, OpHandlerImpl<ClientCall::CommitBatch(const grpc_op*, size_t, void*, bool)::<lambda(const grpc_op&)>::<lambda()>, GRPC_OP_SEND_CLOSE_FROM_CLIENT> >, promise_detail::TrySeq<OpHandlerImpl<ClientCall::CommitBatch(const grpc_op*, size_t, void*, bool)::<lambda(const grpc_op&)>::<lambda()>, GRPC_OP_RECV_INITIAL_METADATA>, OpHandlerImpl<MessageReceiver::MakeBatchOp<grpc_core::CallInitiator>(const grpc_op&, grpc_core::CallInitiator*)::<lambda()>, GRPC_OP_RECV_MESSAGE> > >, ClientCall::CommitBatch(const grpc_op*, size_t, void*, bool)::<lambda(StatusFlag)> >, bool, void*, grpc_completion_queue*)::<lambda()> mutable::<lambda(grpc_core::StatusFlag)> > >]’ at ./src/core/lib/promise/detail/promise_like.h:216:25,
          inlined from ‘bool grpc_core::Party::ParticipantImpl<SuppliedFactory, OnComplete>::PollParticipantPromise() [with SuppliedFactory = grpc_core::OnCancelFactory<FallibleBatch<Map<promise_detail::AllOk<StatusFlag, promise_detail::TrySeq<OpHandlerImpl<ClientCall::CommitBatch(const grpc_op*, size_t, void*, bool)::<lambda(const grpc_op&)>::<lambda()>, GRPC_OP_SEND_MESSAGE>, OpHandlerImpl<ClientCall::CommitBatch(const grpc_op*, size_t, void*, bool)::<lambda(const grpc_op&)>::<lambda()>, GRPC_OP_SEND_CLOSE_FROM_CLIENT> >, promise_detail::TrySeq<OpHandlerImpl<ClientCall::CommitBatch(const grpc_op*, size_t, void*, bool)::<lambda(const grpc_op&)>::<lambda()>, GRPC_OP_RECV_INITIAL_METADATA>, OpHandlerImpl<MessageReceiver::MakeBatchOp<grpc_core::CallInitiator>(const grpc_op&, grpc_core::CallInitiator*)::<lambda()>, GRPC_OP_RECV_MESSAGE> > >, ClientCall::CommitBatch(const grpc_op*, size_t, void*, bool)::<lambda(StatusFlag)> > >(Map<promise_detail::AllOk<StatusFlag, promise_detail::TrySeq<OpHandlerImpl<ClientCall::CommitBatch(const grpc_op*, size_t, void*, bool)::<lambda(const grpc_op&)>::<lambda()>, GRPC_OP_SEND_MESSAGE>, OpHandlerImpl<ClientCall::CommitBatch(const grpc_op*, size_t, void*, bool)::<lambda(const grpc_op&)>::<lambda()>, GRPC_OP_SEND_CLOSE_FROM_CLIENT> >, promise_detail::TrySeq<OpHandlerImpl<ClientCall::CommitBatch(const grpc_op*, size_t, void*, bool)::<lambda(const grpc_op&)>::<lambda()>, GRPC_OP_RECV_INITIAL_METADATA>, OpHandlerImpl<MessageReceiver::MakeBatchOp<grpc_core::CallInitiator>(const grpc_op&, grpc_core::CallInitiator*)::<lambda()>, GRPC_OP_RECV_MESSAGE> > >, ClientCall::CommitBatch(const grpc_op*, size_t, void*, bool)::<lambda(StatusFlag)> >, bool, void*, grpc_completion_queue*)::<lambda()>, FallibleBatch<Map<promise_detail::AllOk<StatusFlag, promise_detail::TrySeq<OpHandlerImpl<ClientCall::CommitBatch(const grpc_op*, size_t, void*, bool)::<lambda(const grpc_op&)>::<lambda()>, GRPC_OP_SEND_MESSAGE>, OpHandlerImpl<ClientCall::CommitBatch(const grpc_op*, size_t, void*, bool)::<lambda(const grpc_op&)>::<lambda()>, GRPC_OP_SEND_CLOSE_FROM_CLIENT> >, promise_detail::TrySeq<OpHandlerImpl<ClientCall::CommitBatch(const grpc_op*, size_t, void*, bool)::<lambda(const grpc_op&)>::<lambda()>, GRPC_OP_RECV_INITIAL_METADATA>, OpHandlerImpl<MessageReceiver::MakeBatchOp<grpc_core::CallInitiator>(const grpc_op&, grpc_core::CallInitiator*)::<lambda()>, GRPC_OP_RECV_MESSAGE> > >, ClientCall::CommitBatch(const grpc_op*, size_t, void*, bool)::<lambda(StatusFlag)> > >(Map<promise_detail::AllOk<StatusFlag, promise_detail::TrySeq<OpHandlerImpl<ClientCall::CommitBatch(const grpc_op*, size_t, void*, bool)::<lambda(const grpc_op&)>::<lambda()>, GRPC_OP_SEND_MESSAGE>, OpHandlerImpl<ClientCall::CommitBatch(const grpc_op*, size_t, void*, bool)::<lambda(const grpc_op&)>::<lambda()>, GRPC_OP_SEND_CLOSE_FROM_CLIENT> >, promise_detail::TrySeq<OpHandlerImpl<ClientCall::CommitBatch(const grpc_op*, size_t, void*, bool)::<lambda(const grpc_op&)>::<lambda()>, GRPC_OP_RECV_INITIAL_METADATA>, OpHandlerImpl<MessageReceiver::MakeBatchOp<grpc_core::CallInitiator>(const grpc_op&, grpc_core::CallInitiator*)::<lambda()>, GRPC_OP_RECV_MESSAGE> > >, ClientCall::CommitBatch(const grpc_op*, size_t, void*, bool)::<lambda(StatusFlag)> >, bool, void*, grpc_completion_queue*)::<lambda()> >(FallibleBatch<Map<promise_detail::AllOk<StatusFlag, promise_detail::TrySeq<OpHandlerImpl<ClientCall::CommitBatch(const grpc_op*, size_t, void*, bool)::<lambda(const grpc_op&)>::<lambda()>, GRPC_OP_SEND_MESSAGE>, OpHandlerImpl<ClientCall::CommitBatch(const grpc_op*, size_t, void*, bool)::<lambda(const grpc_op&)>::<lambda()>, GRPC_OP_SEND_CLOSE_FROM_CLIENT> >, promise_detail::TrySeq<OpHandlerImpl<ClientCall::CommitBatch(const grpc_op*, size_t, void*, bool)::<lambda(const grpc_op&)>::<lambda()>, GRPC_OP_RECV_INITIAL_METADATA>, OpHandlerImpl<MessageReceiver::MakeBatchOp<grpc_core::CallInitiator>(const grpc_op&, grpc_core::CallInitiator*)::<lambda()>, GRPC_OP_RECV_MESSAGE> > >, ClientCall::CommitBatch(const grpc_op*, size_t, void*, bool)::<lambda(StatusFlag)> > >(Map<promise_detail::AllOk<StatusFlag, promise_detail::TrySeq<OpHandlerImpl<ClientCall::CommitBatch(const grpc_op*, size_t, void*, bool)::<lambda(const grpc_op&)>::<lambda()>, GRPC_OP_SEND_MESSAGE>, OpHandlerImpl<ClientCall::CommitBatch(const grpc_op*, size_t, void*, bool)::<lambda(const grpc_op&)>::<lambda()>, GRPC_OP_SEND_CLOSE_FROM_CLIENT> >, promise_detail::TrySeq<OpHandlerImpl<ClientCall::CommitBatch(const grpc_op*, size_t, void*, bool)::<lambda(const grpc_op&)>::<lambda()>, GRPC_OP_RECV_INITIAL_METADATA>, OpHandlerImpl<MessageReceiver::MakeBatchOp<grpc_core::CallInitiator>(const grpc_op&, grpc_core::CallInitiator*)::<lambda()>, GRPC_OP_RECV_MESSAGE> > >, ClientCall::CommitBatch(const grpc_op*, size_t, void*, bool)::<lambda(StatusFlag)> >, bool, void*, grpc_completion_queue*)::<lambda()>, FallibleBatch<Map<promise_detail::AllOk<StatusFlag, promise_detail::TrySeq<OpHandlerImpl<ClientCall::CommitBatch(const grpc_op*, size_t, void*, bool)::<lambda(const grpc_op&)>::<lambda()>, GRPC_OP_SEND_MESSAGE>, OpHandlerImpl<ClientCall::CommitBatch(const grpc_op*, size_t, void*, bool)::<lambda(const grpc_op&)>::<lambda()>, GRPC_OP_SEND_CLOSE_FROM_CLIENT> >, promise_detail::TrySeq<OpHandlerImpl<ClientCall::CommitBatch(const grpc_op*, size_t, void*, bool)::<lambda(const grpc_op&)>::<lambda()>, GRPC_OP_RECV_INITIAL_METADATA>, OpHandlerImpl<MessageReceiver::MakeBatchOp<grpc_core::CallInitiator>(const grpc_op&, grpc_core::CallInitiator*)::<lambda()>, GRPC_OP_RECV_MESSAGE> > >, ClientCall::CommitBatch(const grpc_op*, size_t, void*, bool)::<lambda(StatusFlag)> > >(Map<promise_detail::AllOk<StatusFlag, promise_detail::TrySeq<OpHandlerImpl<ClientCall::CommitBatch(const grpc_op*, size_t, void*, bool)::<lambda(const grpc_op&)>::<lambda()>, GRPC_OP_SEND_MESSAGE>, OpHandlerImpl<ClientCall::CommitBatch(const grpc_op*, size_t, void*, bool)::<lambda(const grpc_op&)>::<lambda()>, GRPC_OP_SEND_CLOSE_FROM_CLIENT> >, promise_detail::TrySeq<OpHandlerImpl<ClientCall::CommitBatch(const grpc_op*, size_t, void*, bool)::<lambda(const grpc_op&)>::<lambda()>, GRPC_OP_RECV_INITIAL_METADATA>, OpHandlerImpl<MessageReceiver::MakeBatchOp<grpc_core::CallInitiator>(const grpc_op&, grpc_core::CallInitiator*)::<lambda()>, GRPC_OP_RECV_MESSAGE> > >, ClientCall::CommitBatch(const grpc_op*, size_t, void*, bool)::<lambda(StatusFlag)> >, bool, void*, grpc_completion_queue*)::<lambda()>)::<lambda()>; OnComplete = grpc_core::CallSpine::SpawnInfallible<grpc_core::OnCancelFactory<FallibleBatch<Map<promise_detail::AllOk<StatusFlag, promise_detail::TrySeq<OpHandlerImpl<ClientCall::CommitBatch(const grpc_op*, size_t, void*, bool)::<lambda(const grpc_op&)>::<lambda()>, GRPC_OP_SEND_MESSAGE>, OpHandlerImpl<ClientCall::CommitBatch(const grpc_op*, size_t, void*, bool)::<lambda(const grpc_op&)>::<lambda()>, GRPC_OP_SEND_CLOSE_FROM_CLIENT> >, promise_detail::TrySeq<OpHandlerImpl<ClientCall::CommitBatch(const grpc_op*, size_t, void*, bool)::<lambda(const grpc_op&)>::<lambda()>, GRPC_OP_RECV_INITIAL_METADATA>, OpHandlerImpl<MessageReceiver::MakeBatchOp<grpc_core::CallInitiator>(const grpc_op&, grpc_core::CallInitiator*)::<lambda()>, GRPC_OP_RECV_MESSAGE> > >, ClientCall::CommitBatch(const grpc_op*, size_t, void*, bool)::<lambda(StatusFlag)> > >(Map<promise_detail::AllOk<StatusFlag, promise_detail::TrySeq<OpHandlerImpl<ClientCall::CommitBatch(const grpc_op*, size_t, void*, bool)::<lambda(const grpc_op&)>::<lambda()>, GRPC_OP_SEND_MESSAGE>, OpHandlerImpl<ClientCall::CommitBatch(const grpc_op*, size_t, void*, bool)::<lambda(const grpc_op&)>::<lambda()>, GRPC_OP_SEND_CLOSE_FROM_CLIENT> >, promise_detail::TrySeq<OpHandlerImpl<ClientCall::CommitBatch(const grpc_op*, size_t, void*, bool)::<lambda(const grpc_op&)>::<lambda()>, GRPC_OP_RECV_INITIAL_METADATA>, OpHandlerImpl<MessageReceiver::MakeBatchOp<grpc_core::CallInitiator>(const grpc_op&, grpc_core::CallInitiator*)::<lambda()>, GRPC_OP_RECV_MESSAGE> > >, ClientCall::CommitBatch(const grpc_op*, size_t, void*, bool)::<lambda(StatusFlag)> >, bool, void*, grpc_completion_queue*)::<lambda()>, FallibleBatch<Map<promise_detail::AllOk<StatusFlag, promise_detail::TrySeq<OpHandlerImpl<ClientCall::CommitBatch(const grpc_op*, size_t, void*, bool)::<lambda(const grpc_op&)>::<lambda()>, GRPC_OP_SEND_MESSAGE>, OpHandlerImpl<ClientCall::CommitBatch(const grpc_op*, size_t, void*, bool)::<lambda(const grpc_op&)>::<lambda()>, GRPC_OP_SEND_CLOSE_FROM_CLIENT> >, promise_detail::TrySeq<OpHandlerImpl<ClientCall::CommitBatch(const grpc_op*, size_t, void*, bool)::<lambda(const grpc_op&)>::<lambda()>, GRPC_OP_RECV_INITIAL_METADATA>, OpHandlerImpl<MessageReceiver::MakeBatchOp<grpc_core::CallInitiator>(const grpc_op&, grpc_core::CallInitiator*)::<lambda()>, GRPC_OP_RECV_MESSAGE> > >, ClientCall::CommitBatch(const grpc_op*, size_t, void*, bool)::<lambda(StatusFlag)> > >(Map<promise_detail::AllOk<StatusFlag, promise_detail::TrySeq<OpHandlerImpl<ClientCall::CommitBatch(const grpc_op*, size_t, void*, bool)::<lambda(const grpc_op&)>::<lambda()>, GRPC_OP_SEND_MESSAGE>, OpHandlerImpl<ClientCall::CommitBatch(const grpc_op*, size_t, void*, bool)::<lambda(const grpc_op&)>::<lambda()>, GRPC_OP_SEND_CLOSE_FROM_CLIENT> >, promise_detail::TrySeq<OpHandlerImpl<ClientCall::CommitBatch(const grpc_op*, size_t, void*, bool)::<lambda(const grpc_op&)>::<lambda()>, GRPC_OP_RECV_INITIAL_METADATA>, OpHandlerImpl<MessageReceiver::MakeBatchOp<grpc_core::CallInitiator>(const grpc_op&, grpc_core::CallInitiator*)::<lambda()>, GRPC_OP_RECV_MESSAGE> > >, ClientCall::CommitBatch(const grpc_op*, size_t, void*, bool)::<lambda(StatusFlag)> >, bool, void*, grpc_completion_queue*)::<lambda()> >(FallibleBatch<Map<promise_detail::AllOk<StatusFlag, promise_detail::TrySeq<OpHandlerImpl<ClientCall::CommitBatch(const grpc_op*, size_t, void*, bool)::<lambda(const grpc_op&)>::<lambda()>, GRPC_OP_SEND_MESSAGE>, OpHandlerImpl<ClientCall::CommitBatch(const grpc_op*, size_t, void*, bool)::<lambda(const grpc_op&)>::<lambda()>, GRPC_OP_SEND_CLOSE_FROM_CLIENT> >, promise_detail::TrySeq<OpHandlerImpl<ClientCall::CommitBatch(const grpc_op*, size_t, void*, bool)::<lambda(const grpc_op&)>::<lambda()>, GRPC_OP_RECV_INITIAL_METADATA>, OpHandlerImpl<MessageReceiver::MakeBatchOp<grpc_core::CallInitiator>(const grpc_op&, grpc_core::CallInitiator*)::<lambda()>, GRPC_OP_RECV_MESSAGE> > >, ClientCall::CommitBatch(const grpc_op*, size_t, void*, bool)::<lambda(StatusFlag)> > >(Map<promise_detail::AllOk<StatusFlag, promise_detail::TrySeq<OpHandlerImpl<ClientCall::CommitBatch(const grpc_op*, size_t, void*, bool)::<lambda(const grpc_op&)>::<lambda()>, GRPC_OP_SEND_MESSAGE>, OpHandlerImpl<ClientCall::CommitBatch(const grpc_op*, size_t, void*, bool)::<lambda(const grpc_op&)>::<lambda()>, GRPC_OP_SEND_CLOSE_FROM_CLIENT> >, promise_detail::TrySeq<OpHandlerImpl<ClientCall::CommitBatch(const grpc_op*, size_t, void*, bool)::<lambda(const grpc_op&)>::<lambda()>, GRPC_OP_RECV_INITIAL_METADATA>, OpHandlerImpl<MessageReceiver::MakeBatchOp<grpc_core::CallInitiator>(const grpc_op&, grpc_core::CallInitiator*)::<lambda()>, GRPC_OP_RECV_MESSAGE> > >, ClientCall::CommitBatch(const grpc_op*, size_t, void*, bool)::<lambda(StatusFlag)> >, bool, void*, grpc_completion_queue*)::<lambda()>, FallibleBatch<Map<promise_detail::AllOk<StatusFlag, promise_detail::TrySeq<OpHandlerImpl<ClientCall::CommitBatch(const grpc_op*, size_t, void*, bool)::<lambda(const grpc_op&)>::<lambda()>, GRPC_OP_SEND_MESSAGE>, OpHandlerImpl<ClientCall::CommitBatch(const grpc_op*, size_t, void*, bool)::<lambda(const grpc_op&)>::<lambda()>, GRPC_OP_SEND_CLOSE_FROM_CLIENT> >, promise_detail::TrySeq<OpHandlerImpl<ClientCall::CommitBatch(const grpc_op*, size_t, void*, bool)::<lambda(const grpc_op&)>::<lambda()>, GRPC_OP_RECV_INITIAL_METADATA>, OpHandlerImpl<MessageReceiver::MakeBatchOp<grpc_core::CallInitiator>(const grpc_op&, grpc_core::CallInitiator*)::<lambda()>, GRPC_OP_RECV_MESSAGE> > >, ClientCall::CommitBatch(const grpc_op*, size_t, void*, bool)::<lambda(StatusFlag)> > >(Map<promise_detail::AllOk<StatusFlag, promise_detail::TrySeq<OpHandlerImpl<ClientCall::CommitBatch(const grpc_op*, size_t, void*, bool)::<lambda(const grpc_op&)>::<lambda()>, GRPC_OP_SEND_MESSAGE>, OpHandlerImpl<ClientCall::CommitBatch(const grpc_op*, size_t, void*, bool)::<lambda(const grpc_op&)>::<lambda()>, GRPC_OP_SEND_CLOSE_FROM_CLIENT> >, promise_detail::TrySeq<OpHandlerImpl<ClientCall::CommitBatch(const grpc_op*, size_t, void*, bool)::<lambda(const grpc_op&)>::<lambda()>, GRPC_OP_RECV_INITIAL_METADATA>, OpHandlerImpl<MessageReceiver::MakeBatchOp<grpc_core::CallInitiator>(const grpc_op&, grpc_core::CallInitiator*)::<lambda()>, GRPC_OP_RECV_MESSAGE> > >, ClientCall::CommitBatch(const grpc_op*, size_t, void*, bool)::<lambda(StatusFlag)> >, bool, void*, grpc_completion_queue*)::<lambda()>)::<lambda()> >(absl::lts_20250512::string_view, grpc_core::OnCancelFactory<FallibleBatch<Map<promise_detail::AllOk<StatusFlag, promise_detail::TrySeq<OpHandlerImpl<ClientCall::CommitBatch(const grpc_op*, size_t, void*, bool)::<lambda(const grpc_op&)>::<lambda()>, GRPC_OP_SEND_MESSAGE>, OpHandlerImpl<ClientCall::CommitBatch(const grpc_op*, size_t, void*, bool)::<lambda(const grpc_op&)>::<lambda()>, GRPC_OP_SEND_CLOSE_FROM_CLIENT> >, promise_detail::TrySeq<OpHandlerImpl<ClientCall::CommitBatch(const grpc_op*, size_t, void*, bool)::<lambda(const grpc_op&)>::<lambda()>, GRPC_OP_RECV_INITIAL_METADATA>, OpHandlerImpl<MessageReceiver::MakeBatchOp<grpc_core::CallInitiator>(const grpc_op&, grpc_core::CallInitiator*)::<lambda()>, GRPC_OP_RECV_MESSAGE> > >, ClientCall::CommitBatch(const grpc_op*, size_t, void*, bool)::<lambda(StatusFlag)> > >(Map<promise_detail::AllOk<StatusFlag, promise_detail::TrySeq<OpHandlerImpl<ClientCall::CommitBatch(const grpc_op*, size_t, void*, bool)::<lambda(const grpc_op&)>::<lambda()>, GRPC_OP_SEND_MESSAGE>, OpHandlerImpl<ClientCall::CommitBatch(const grpc_op*, size_t, void*, bool)::<lambda(const grpc_op&)>::<lambda()>, GRPC_OP_SEND_CLOSE_FROM_CLIENT> >, promise_detail::TrySeq<OpHandlerImpl<ClientCall::CommitBatch(const grpc_op*, size_t, void*, bool)::<lambda(const grpc_op&)>::<lambda()>, GRPC_OP_RECV_INITIAL_METADATA>, OpHandlerImpl<MessageReceiver::MakeBatchOp<grpc_core::CallInitiator>(const grpc_op&, grpc_core::CallInitiator*)::<lambda()>, GRPC_OP_RECV_MESSAGE> > >, ClientCall::CommitBatch(const grpc_op*, size_t, void*, bool)::<lambda(StatusFlag)> >, bool, void*, grpc_completion_queue*)::<lambda()>, FallibleBatch<Map<promise_detail::AllOk<StatusFlag, promise_detail::TrySeq<OpHandlerImpl<ClientCall::CommitBatch(const grpc_op*, size_t, void*, bool)::<lambda(const grpc_op&)>::<lambda()>, GRPC_OP_SEND_MESSAGE>, OpHandlerImpl<ClientCall::CommitBatch(const grpc_op*, size_t, void*, bool)::<lambda(const grpc_op&)>::<lambda()>, GRPC_OP_SEND_CLOSE_FROM_CLIENT> >, promise_detail::TrySeq<OpHandlerImpl<ClientCall::CommitBatch(const grpc_op*, size_t, void*, bool)::<lambda(const grpc_op&)>::<lambda()>, GRPC_OP_RECV_INITIAL_METADATA>, OpHandlerImpl<MessageReceiver::MakeBatchOp<grpc_core::CallInitiator>(const grpc_op&, grpc_core::CallInitiator*)::<lambda()>, GRPC_OP_RECV_MESSAGE> > >, ClientCall::CommitBatch(const grpc_op*, size_t, void*, bool)::<lambda(StatusFlag)> > >(Map<promise_detail::AllOk<StatusFlag, promise_detail::TrySeq<OpHandlerImpl<ClientCall::CommitBatch(const grpc_op*, size_t, void*, bool)::<lambda(const grpc_op&)>::<lambda()>, GRPC_OP_SEND_MESSAGE>, OpHandlerImpl<ClientCall::CommitBatch(const grpc_op*, size_t, void*, bool)::<lambda(const grpc_op&)>::<lambda()>, GRPC_OP_SEND_CLOSE_FROM_CLIENT> >, promise_detail::TrySeq<OpHandlerImpl<ClientCall::CommitBatch(const grpc_op*, size_t, void*, bool)::<lambda(const grpc_op&)>::<lambda()>, GRPC_OP_RECV_INITIAL_METADATA>, OpHandlerImpl<MessageReceiver::MakeBatchOp<grpc_core::CallInitiator>(const grpc_op&, grpc_core::CallInitiator*)::<lambda()>, GRPC_OP_RECV_MESSAGE> > >, ClientCall::CommitBatch(const grpc_op*, size_t, void*, bool)::<lambda(StatusFlag)> >, bool, void*, grpc_completion_queue*)::<lambda()> >(FallibleBatch<Map<promise_detail::AllOk<StatusFlag, promise_detail::TrySeq<OpHandlerImpl<ClientCall::CommitBatch(const grpc_op*, size_t, void*, bool)::<lambda(const grpc_op&)>::<lambda()>, GRPC_OP_SEND_MESSAGE>, OpHandlerImpl<ClientCall::CommitBatch(const grpc_op*, size_t, void*, bool)::<lambda(const grpc_op&)>::<lambda()>, GRPC_OP_SEND_CLOSE_FROM_CLIENT> >, promise_detail::TrySeq<OpHandlerImpl<ClientCall::CommitBatch(const grpc_op*, size_t, void*, bool)::<lambda(const grpc_op&)>::<lambda()>, GRPC_OP_RECV_INITIAL_METADATA>, OpHandlerImpl<MessageReceiver::MakeBatchOp<grpc_core::CallInitiator>(const grpc_op&, grpc_core::CallInitiator*)::<lambda()>, GRPC_OP_RECV_MESSAGE> > >, ClientCall::CommitBatch(const grpc_op*, size_t, void*, bool)::<lambda(StatusFlag)> > >(Map<promise_detail::AllOk<StatusFlag, promise_detail::TrySeq<OpHandlerImpl<ClientCall::CommitBatch(const grpc_op*, size_t, void*, bool)::<lambda(const grpc_op&)>::<lambda()>, GRPC_OP_SEND_MESSAGE>, OpHandlerImpl<ClientCall::CommitBatch(const grpc_op*, size_t, void*, bool)::<lambda(const grpc_op&)>::<lambda()>, GRPC_OP_SEND_CLOSE_FROM_CLIENT> >, promise_detail::TrySeq<OpHandlerImpl<ClientCall::CommitBatch(const grpc_op*, size_t, void*, bool)::<lambda(const grpc_op&)>::<lambda()>, GRPC_OP_RECV_INITIAL_METADATA>, OpHandlerImpl<MessageReceiver::MakeBatchOp<grpc_core::CallInitiator>(const grpc_op&, grpc_core::CallInitiator*)::<lambda()>, GRPC_OP_RECV_MESSAGE> > >, ClientCall::CommitBatch(const grpc_op*, size_t, void*, bool)::<lambda(StatusFlag)> >, bool, void*, grpc_completion_queue*)::<lambda()>, FallibleBatch<Map<promise_detail::AllOk<StatusFlag, promise_detail::TrySeq<OpHandlerImpl<ClientCall::CommitBatch(const grpc_op*, size_t, void*, bool)::<lambda(const grpc_op&)>::<lambda()>, GRPC_OP_SEND_MESSAGE>, OpHandlerImpl<ClientCall::CommitBatch(const grpc_op*, size_t, void*, bool)::<lambda(const grpc_op&)>::<lambda()>, GRPC_OP_SEND_CLOSE_FROM_CLIENT> >, promise_detail::TrySeq<OpHandlerImpl<ClientCall::CommitBatch(const grpc_op*, size_t, void*, bool)::<lambda(const grpc_op&)>::<lambda()>, GRPC_OP_RECV_INITIAL_METADATA>, OpHandlerImpl<MessageReceiver::MakeBatchOp<grpc_core::CallInitiator>(const grpc_op&, grpc_core::CallInitiator*)::<lambda()>, GRPC_OP_RECV_MESSAGE> > >, ClientCall::CommitBatch(const grpc_op*, size_t, void*, bool)::<lambda(StatusFlag)> > >(Map<promise_detail::AllOk<StatusFlag, promise_detail::TrySeq<OpHandlerImpl<ClientCall::CommitBatch(const grpc_op*, size_t, void*, bool)::<lambda(const grpc_op&)>::<lambda()>, GRPC_OP_SEND_MESSAGE>, OpHandlerImpl<ClientCall::CommitBatch(const grpc_op*, size_t, void*, bool)::<lambda(const grpc_op&)>::<lambda()>, GRPC_OP_SEND_CLOSE_FROM_CLIENT> >, promise_detail::TrySeq<OpHandlerImpl<ClientCall::CommitBatch(const grpc_op*, size_t, void*, bool)::<lambda(const grpc_op&)>::<lambda()>, GRPC_OP_RECV_INITIAL_METADATA>, OpHandlerImpl<MessageReceiver::MakeBatchOp<grpc_core::CallInitiator>(const grpc_op&, grpc_core::CallInitiator*)::<lambda()>, GRPC_OP_RECV_MESSAGE> > >, ClientCall::CommitBatch(const grpc_op*, size_t, void*, bool)::<lambda(StatusFlag)> >, bool, void*, grpc_completion_queue*)::<lambda()>)::<lambda()>)::<lambda(grpc_core::Empty)>]’ at ./src/core/lib/promise/party.h:454:24:
      ./src/core/call/call_filters.h:1470:17: warning: ‘((grpc_core::filters_detail::OperationExecutor<std::unique_ptr<grpc_core::Message, grpc_core::Arena::PooledDeleter> >*)((char*)&<unnamed> + offsetof(grpc_core::OpHandlerImpl<grpc_core::MessageReceiver::MakeBatchOp::._anon_740, GRPC_OP_RECV_MESSAGE>,grpc_core::OpHandlerImpl<grpc_core::MessageReceiver::MakeBatchOp::._anon_740, GRPC_OP_RECV_MESSAGE>::<unnamed>) + 8))[1].grpc_core::filters_detail::OperationExecutor<std::unique_ptr<grpc_core::Message, grpc_core::Arena::PooledDeleter> >::end_ops_’ may be used uninitialized [-Wmaybe-uninitialized]
       1470 |     if (ops_ != end_ops_) ops_->early_destroy(promise_data_);
            |                 ^~~~~~~~
      ./src/core/lib/promise/detail/promise_factory.h: In member function ‘bool grpc_core::Party::ParticipantImpl<SuppliedFactory, OnComplete>::PollParticipantPromise() [with SuppliedFactory = grpc_core::OnCancelFactory<FallibleBatch<Map<promise_detail::AllOk<StatusFlag, promise_detail::TrySeq<OpHandlerImpl<ClientCall::CommitBatch(const grpc_op*, size_t, void*, bool)::<lambda(const grpc_op&)>::<lambda()>, GRPC_OP_SEND_MESSAGE>, OpHandlerImpl<ClientCall::CommitBatch(const grpc_op*, size_t, void*, bool)::<lambda(const grpc_op&)>::<lambda()>, GRPC_OP_SEND_CLOSE_FROM_CLIENT> >, promise_detail::TrySeq<OpHandlerImpl<ClientCall::CommitBatch(const grpc_op*, size_t, void*, bool)::<lambda(const grpc_op&)>::<lambda()>, GRPC_OP_RECV_INITIAL_METADATA>, OpHandlerImpl<MessageReceiver::MakeBatchOp<grpc_core::CallInitiator>(const grpc_op&, grpc_core::CallInitiator*)::<lambda()>, GRPC_OP_RECV_MESSAGE> > >, ClientCall::CommitBatch(const grpc_op*, size_t, void*, bool)::<lambda(StatusFlag)> > >(Map<promise_detail::AllOk<StatusFlag, promise_detail::TrySeq<OpHandlerImpl<ClientCall::CommitBatch(const grpc_op*, size_t, void*, bool)::<lambda(const grpc_op&)>::<lambda()>, GRPC_OP_SEND_MESSAGE>, OpHandlerImpl<ClientCall::CommitBatch(const grpc_op*, size_t, void*, bool)::<lambda(const grpc_op&)>::<lambda()>, GRPC_OP_SEND_CLOSE_FROM_CLIENT> >, promise_detail::TrySeq<OpHandlerImpl<ClientCall::CommitBatch(const grpc_op*, size_t, void*, bool)::<lambda(const grpc_op&)>::<lambda()>, GRPC_OP_RECV_INITIAL_METADATA>, OpHandlerImpl<MessageReceiver::MakeBatchOp<grpc_core::CallInitiator>(const grpc_op&, grpc_core::CallInitiator*)::<lambda()>, GRPC_OP_RECV_MESSAGE> > >, ClientCall::CommitBatch(const grpc_op*, size_t, void*, bool)::<lambda(StatusFlag)> >, bool, void*, grpc_completion_queue*)::<lambda()>, FallibleBatch<Map<promise_detail::AllOk<StatusFlag, promise_detail::TrySeq<OpHandlerImpl<ClientCall::CommitBatch(const grpc_op*, size_t, void*, bool)::<lambda(const grpc_op&)>::<lambda()>, GRPC_OP_SEND_MESSAGE>, OpHandlerImpl<ClientCall::CommitBatch(const grpc_op*, size_t, void*, bool)::<lambda(const grpc_op&)>::<lambda()>, GRPC_OP_SEND_CLOSE_FROM_CLIENT> >, promise_detail::TrySeq<OpHandlerImpl<ClientCall::CommitBatch(const grpc_op*, size_t, void*, bool)::<lambda(const grpc_op&)>::<lambda()>, GRPC_OP_RECV_INITIAL_METADATA>, OpHandlerImpl<MessageReceiver::MakeBatchOp<grpc_core::CallInitiator>(const grpc_op&, grpc_core::CallInitiator*)::<lambda()>, GRPC_OP_RECV_MESSAGE> > >, ClientCall::CommitBatch(const grpc_op*, size_t, void*, bool)::<lambda(StatusFlag)> > >(Map<promise_detail::AllOk<StatusFlag, promise_detail::TrySeq<OpHandlerImpl<ClientCall::CommitBatch(const grpc_op*, size_t, void*, bool)::<lambda(const grpc_op&)>::<lambda()>, GRPC_OP_SEND_MESSAGE>, OpHandlerImpl<ClientCall::CommitBatch(const grpc_op*, size_t, void*, bool)::<lambda(const grpc_op&)>::<lambda()>, GRPC_OP_SEND_CLOSE_FROM_CLIENT> >, promise_detail::TrySeq<OpHandlerImpl<ClientCall::CommitBatch(const grpc_op*, size_t, void*, bool)::<lambda(const grpc_op&)>::<lambda()>, GRPC_OP_RECV_INITIAL_METADATA>, OpHandlerImpl<MessageReceiver::MakeBatchOp<grpc_core::CallInitiator>(const grpc_op&, grpc_core::CallInitiator*)::<lambda()>, GRPC_OP_RECV_MESSAGE> > >, ClientCall::CommitBatch(const grpc_op*, size_t, void*, bool)::<lambda(StatusFlag)> >, bool, void*, grpc_completion_queue*)::<lambda()> >(FallibleBatch<Map<promise_detail::AllOk<StatusFlag, promise_detail::TrySeq<OpHandlerImpl<ClientCall::CommitBatch(const grpc_op*, size_t, void*, bool)::<lambda(const grpc_op&)>::<lambda()>, GRPC_OP_SEND_MESSAGE>, OpHandlerImpl<ClientCall::CommitBatch(const grpc_op*, size_t, void*, bool)::<lambda(const grpc_op&)>::<lambda()>, GRPC_OP_SEND_CLOSE_FROM_CLIENT> >, promise_detail::TrySeq<OpHandlerImpl<ClientCall::CommitBatch(const grpc_op*, size_t, void*, bool)::<lambda(const grpc_op&)>::<lambda()>, GRPC_OP_RECV_INITIAL_METADATA>, OpHandlerImpl<MessageReceiver::MakeBatchOp<grpc_core::CallInitiator>(const grpc_op&, grpc_core::CallInitiator*)::<lambda()>, GRPC_OP_RECV_MESSAGE> > >, ClientCall::CommitBatch(const grpc_op*, size_t, void*, bool)::<lambda(StatusFlag)> > >(Map<promise_detail::AllOk<StatusFlag, promise_detail::TrySeq<OpHandlerImpl<ClientCall::CommitBatch(const grpc_op*, size_t, void*, bool)::<lambda(const grpc_op&)>::<lambda()>, GRPC_OP_SEND_MESSAGE>, OpHandlerImpl<ClientCall::CommitBatch(const grpc_op*, size_t, void*, bool)::<lambda(const grpc_op&)>::<lambda()>, GRPC_OP_SEND_CLOSE_FROM_CLIENT> >, promise_detail::TrySeq<OpHandlerImpl<ClientCall::CommitBatch(const grpc_op*, size_t, void*, bool)::<lambda(const grpc_op&)>::<lambda()>, GRPC_OP_RECV_INITIAL_METADATA>, OpHandlerImpl<MessageReceiver::MakeBatchOp<grpc_core::CallInitiator>(const grpc_op&, grpc_core::CallInitiator*)::<lambda()>, GRPC_OP_RECV_MESSAGE> > >, ClientCall::CommitBatch(const grpc_op*, size_t, void*, bool)::<lambda(StatusFlag)> >, bool, void*, grpc_completion_queue*)::<lambda()>, FallibleBatch<Map<promise_detail::AllOk<StatusFlag, promise_detail::TrySeq<OpHandlerImpl<ClientCall::CommitBatch(const grpc_op*, size_t, void*, bool)::<lambda(const grpc_op&)>::<lambda()>, GRPC_OP_SEND_MESSAGE>, OpHandlerImpl<ClientCall::CommitBatch(const grpc_op*, size_t, void*, bool)::<lambda(const grpc_op&)>::<lambda()>, GRPC_OP_SEND_CLOSE_FROM_CLIENT> >, promise_detail::TrySeq<OpHandlerImpl<ClientCall::CommitBatch(const grpc_op*, size_t, void*, bool)::<lambda(const grpc_op&)>::<lambda()>, GRPC_OP_RECV_INITIAL_METADATA>, OpHandlerImpl<MessageReceiver::MakeBatchOp<grpc_core::CallInitiator>(const grpc_op&, grpc_core::CallInitiator*)::<lambda()>, GRPC_OP_RECV_MESSAGE> > >, ClientCall::CommitBatch(const grpc_op*, size_t, void*, bool)::<lambda(StatusFlag)> > >(Map<promise_detail::AllOk<StatusFlag, promise_detail::TrySeq<OpHandlerImpl<ClientCall::CommitBatch(const grpc_op*, size_t, void*, bool)::<lambda(const grpc_op&)>::<lambda()>, GRPC_OP_SEND_MESSAGE>, OpHandlerImpl<ClientCall::CommitBatch(const grpc_op*, size_t, void*, bool)::<lambda(const grpc_op&)>::<lambda()>, GRPC_OP_SEND_CLOSE_FROM_CLIENT> >, promise_detail::TrySeq<OpHandlerImpl<ClientCall::CommitBatch(const grpc_op*, size_t, void*, bool)::<lambda(const grpc_op&)>::<lambda()>, GRPC_OP_RECV_INITIAL_METADATA>, OpHandlerImpl<MessageReceiver::MakeBatchOp<grpc_core::CallInitiator>(const grpc_op&, grpc_core::CallInitiator*)::<lambda()>, GRPC_OP_RECV_MESSAGE> > >, ClientCall::CommitBatch(const grpc_op*, size_t, void*, bool)::<lambda(StatusFlag)> >, bool, void*, grpc_completion_queue*)::<lambda()>)::<lambda()>; OnComplete = grpc_core::CallSpine::SpawnInfallible<grpc_core::OnCancelFactory<FallibleBatch<Map<promise_detail::AllOk<StatusFlag, promise_detail::TrySeq<OpHandlerImpl<ClientCall::CommitBatch(const grpc_op*, size_t, void*, bool)::<lambda(const grpc_op&)>::<lambda()>, GRPC_OP_SEND_MESSAGE>, OpHandlerImpl<ClientCall::CommitBatch(const grpc_op*, size_t, void*, bool)::<lambda(const grpc_op&)>::<lambda()>, GRPC_OP_SEND_CLOSE_FROM_CLIENT> >, promise_detail::TrySeq<OpHandlerImpl<ClientCall::CommitBatch(const grpc_op*, size_t, void*, bool)::<lambda(const grpc_op&)>::<lambda()>, GRPC_OP_RECV_INITIAL_METADATA>, OpHandlerImpl<MessageReceiver::MakeBatchOp<grpc_core::CallInitiator>(const grpc_op&, grpc_core::CallInitiator*)::<lambda()>, GRPC_OP_RECV_MESSAGE> > >, ClientCall::CommitBatch(const grpc_op*, size_t, void*, bool)::<lambda(StatusFlag)> > >(Map<promise_detail::AllOk<StatusFlag, promise_detail::TrySeq<OpHandlerImpl<ClientCall::CommitBatch(const grpc_op*, size_t, void*, bool)::<lambda(const grpc_op&)>::<lambda()>, GRPC_OP_SEND_MESSAGE>, OpHandlerImpl<ClientCall::CommitBatch(const grpc_op*, size_t, void*, bool)::<lambda(const grpc_op&)>::<lambda()>, GRPC_OP_SEND_CLOSE_FROM_CLIENT> >, promise_detail::TrySeq<OpHandlerImpl<ClientCall::CommitBatch(const grpc_op*, size_t, void*, bool)::<lambda(const grpc_op&)>::<lambda()>, GRPC_OP_RECV_INITIAL_METADATA>, OpHandlerImpl<MessageReceiver::MakeBatchOp<grpc_core::CallInitiator>(const grpc_op&, grpc_core::CallInitiator*)::<lambda()>, GRPC_OP_RECV_MESSAGE> > >, ClientCall::CommitBatch(const grpc_op*, size_t, void*, bool)::<lambda(StatusFlag)> >, bool, void*, grpc_completion_queue*)::<lambda()>, FallibleBatch<Map<promise_detail::AllOk<StatusFlag, promise_detail::TrySeq<OpHandlerImpl<ClientCall::CommitBatch(const grpc_op*, size_t, void*, bool)::<lambda(const grpc_op&)>::<lambda()>, GRPC_OP_SEND_MESSAGE>, OpHandlerImpl<ClientCall::CommitBatch(const grpc_op*, size_t, void*, bool)::<lambda(const grpc_op&)>::<lambda()>, GRPC_OP_SEND_CLOSE_FROM_CLIENT> >, promise_detail::TrySeq<OpHandlerImpl<ClientCall::CommitBatch(const grpc_op*, size_t, void*, bool)::<lambda(const grpc_op&)>::<lambda()>, GRPC_OP_RECV_INITIAL_METADATA>, OpHandlerImpl<MessageReceiver::MakeBatchOp<grpc_core::CallInitiator>(const grpc_op&, grpc_core::CallInitiator*)::<lambda()>, GRPC_OP_RECV_MESSAGE> > >, ClientCall::CommitBatch(const grpc_op*, size_t, void*, bool)::<lambda(StatusFlag)> > >(Map<promise_detail::AllOk<StatusFlag, promise_detail::TrySeq<OpHandlerImpl<ClientCall::CommitBatch(const grpc_op*, size_t, void*, bool)::<lambda(const grpc_op&)>::<lambda()>, GRPC_OP_SEND_MESSAGE>, OpHandlerImpl<ClientCall::CommitBatch(const grpc_op*, size_t, void*, bool)::<lambda(const grpc_op&)>::<lambda()>, GRPC_OP_SEND_CLOSE_FROM_CLIENT> >, promise_detail::TrySeq<OpHandlerImpl<ClientCall::CommitBatch(const grpc_op*, size_t, void*, bool)::<lambda(const grpc_op&)>::<lambda()>, GRPC_OP_RECV_INITIAL_METADATA>, OpHandlerImpl<MessageReceiver::MakeBatchOp<grpc_core::CallInitiator>(const grpc_op&, grpc_core::CallInitiator*)::<lambda()>, GRPC_OP_RECV_MESSAGE> > >, ClientCall::CommitBatch(const grpc_op*, size_t, void*, bool)::<lambda(StatusFlag)> >, bool, void*, grpc_completion_queue*)::<lambda()> >(FallibleBatch<Map<promise_detail::AllOk<StatusFlag, promise_detail::TrySeq<OpHandlerImpl<ClientCall::CommitBatch(const grpc_op*, size_t, void*, bool)::<lambda(const grpc_op&)>::<lambda()>, GRPC_OP_SEND_MESSAGE>, OpHandlerImpl<ClientCall::CommitBatch(const grpc_op*, size_t, void*, bool)::<lambda(const grpc_op&)>::<lambda()>, GRPC_OP_SEND_CLOSE_FROM_CLIENT> >, promise_detail::TrySeq<OpHandlerImpl<ClientCall::CommitBatch(const grpc_op*, size_t, void*, bool)::<lambda(const grpc_op&)>::<lambda()>, GRPC_OP_RECV_INITIAL_METADATA>, OpHandlerImpl<MessageReceiver::MakeBatchOp<grpc_core::CallInitiator>(const grpc_op&, grpc_core::CallInitiator*)::<lambda()>, GRPC_OP_RECV_MESSAGE> > >, ClientCall::CommitBatch(const grpc_op*, size_t, void*, bool)::<lambda(StatusFlag)> > >(Map<promise_detail::AllOk<StatusFlag, promise_detail::TrySeq<OpHandlerImpl<ClientCall::CommitBatch(const grpc_op*, size_t, void*, bool)::<lambda(const grpc_op&)>::<lambda()>, GRPC_OP_SEND_MESSAGE>, OpHandlerImpl<ClientCall::CommitBatch(const grpc_op*, size_t, void*, bool)::<lambda(const grpc_op&)>::<lambda()>, GRPC_OP_SEND_CLOSE_FROM_CLIENT> >, promise_detail::TrySeq<OpHandlerImpl<ClientCall::CommitBatch(const grpc_op*, size_t, void*, bool)::<lambda(const grpc_op&)>::<lambda()>, GRPC_OP_RECV_INITIAL_METADATA>, OpHandlerImpl<MessageReceiver::MakeBatchOp<grpc_core::CallInitiator>(const grpc_op&, grpc_core::CallInitiator*)::<lambda()>, GRPC_OP_RECV_MESSAGE> > >, ClientCall::CommitBatch(const grpc_op*, size_t, void*, bool)::<lambda(StatusFlag)> >, bool, void*, grpc_completion_queue*)::<lambda()>, FallibleBatch<Map<promise_detail::AllOk<StatusFlag, promise_detail::TrySeq<OpHandlerImpl<ClientCall::CommitBatch(const grpc_op*, size_t, void*, bool)::<lambda(const grpc_op&)>::<lambda()>, GRPC_OP_SEND_MESSAGE>, OpHandlerImpl<ClientCall::CommitBatch(const grpc_op*, size_t, void*, bool)::<lambda(const grpc_op&)>::<lambda()>, GRPC_OP_SEND_CLOSE_FROM_CLIENT> >, promise_detail::TrySeq<OpHandlerImpl<ClientCall::CommitBatch(const grpc_op*, size_t, void*, bool)::<lambda(const grpc_op&)>::<lambda()>, GRPC_OP_RECV_INITIAL_METADATA>, OpHandlerImpl<MessageReceiver::MakeBatchOp<grpc_core::CallInitiator>(const grpc_op&, grpc_core::CallInitiator*)::<lambda()>, GRPC_OP_RECV_MESSAGE> > >, ClientCall::CommitBatch(const grpc_op*, size_t, void*, bool)::<lambda(StatusFlag)> > >(Map<promise_detail::AllOk<StatusFlag, promise_detail::TrySeq<OpHandlerImpl<ClientCall::CommitBatch(const grpc_op*, size_t, void*, bool)::<lambda(const grpc_op&)>::<lambda()>, GRPC_OP_SEND_MESSAGE>, OpHandlerImpl<ClientCall::CommitBatch(const grpc_op*, size_t, void*, bool)::<lambda(const grpc_op&)>::<lambda()>, GRPC_OP_SEND_CLOSE_FROM_CLIENT> >, promise_detail::TrySeq<OpHandlerImpl<ClientCall::CommitBatch(const grpc_op*, size_t, void*, bool)::<lambda(const grpc_op&)>::<lambda()>, GRPC_OP_RECV_INITIAL_METADATA>, OpHandlerImpl<MessageReceiver::MakeBatchOp<grpc_core::CallInitiator>(const grpc_op&, grpc_core::CallInitiator*)::<lambda()>, GRPC_OP_RECV_MESSAGE> > >, ClientCall::CommitBatch(const grpc_op*, size_t, void*, bool)::<lambda(StatusFlag)> >, bool, void*, grpc_completion_queue*)::<lambda()>)::<lambda()> >(absl::lts_20250512::string_view, grpc_core::OnCancelFactory<FallibleBatch<Map<promise_detail::AllOk<StatusFlag, promise_detail::TrySeq<OpHandlerImpl<ClientCall::CommitBatch(const grpc_op*, size_t, void*, bool)::<lambda(const grpc_op&)>::<lambda()>, GRPC_OP_SEND_MESSAGE>, OpHandlerImpl<ClientCall::CommitBatch(const grpc_op*, size_t, void*, bool)::<lambda(const grpc_op&)>::<lambda()>, GRPC_OP_SEND_CLOSE_FROM_CLIENT> >, promise_detail::TrySeq<OpHandlerImpl<ClientCall::CommitBatch(const grpc_op*, size_t, void*, bool)::<lambda(const grpc_op&)>::<lambda()>, GRPC_OP_RECV_INITIAL_METADATA>, OpHandlerImpl<MessageReceiver::MakeBatchOp<grpc_core::CallInitiator>(const grpc_op&, grpc_core::CallInitiator*)::<lambda()>, GRPC_OP_RECV_MESSAGE> > >, ClientCall::CommitBatch(const grpc_op*, size_t, void*, bool)::<lambda(StatusFlag)> > >(Map<promise_detail::AllOk<StatusFlag, promise_detail::TrySeq<OpHandlerImpl<ClientCall::CommitBatch(const grpc_op*, size_t, void*, bool)::<lambda(const grpc_op&)>::<lambda()>, GRPC_OP_SEND_MESSAGE>, OpHandlerImpl<ClientCall::CommitBatch(const grpc_op*, size_t, void*, bool)::<lambda(const grpc_op&)>::<lambda()>, GRPC_OP_SEND_CLOSE_FROM_CLIENT> >, promise_detail::TrySeq<OpHandlerImpl<ClientCall::CommitBatch(const grpc_op*, size_t, void*, bool)::<lambda(const grpc_op&)>::<lambda()>, GRPC_OP_RECV_INITIAL_METADATA>, OpHandlerImpl<MessageReceiver::MakeBatchOp<grpc_core::CallInitiator>(const grpc_op&, grpc_core::CallInitiator*)::<lambda()>, GRPC_OP_RECV_MESSAGE> > >, ClientCall::CommitBatch(const grpc_op*, size_t, void*, bool)::<lambda(StatusFlag)> >, bool, void*, grpc_completion_queue*)::<lambda()>, FallibleBatch<Map<promise_detail::AllOk<StatusFlag, promise_detail::TrySeq<OpHandlerImpl<ClientCall::CommitBatch(const grpc_op*, size_t, void*, bool)::<lambda(const grpc_op&)>::<lambda()>, GRPC_OP_SEND_MESSAGE>, OpHandlerImpl<ClientCall::CommitBatch(const grpc_op*, size_t, void*, bool)::<lambda(const grpc_op&)>::<lambda()>, GRPC_OP_SEND_CLOSE_FROM_CLIENT> >, promise_detail::TrySeq<OpHandlerImpl<ClientCall::CommitBatch(const grpc_op*, size_t, void*, bool)::<lambda(const grpc_op&)>::<lambda()>, GRPC_OP_RECV_INITIAL_METADATA>, OpHandlerImpl<MessageReceiver::MakeBatchOp<grpc_core::CallInitiator>(const grpc_op&, grpc_core::CallInitiator*)::<lambda()>, GRPC_OP_RECV_MESSAGE> > >, ClientCall::CommitBatch(const grpc_op*, size_t, void*, bool)::<lambda(StatusFlag)> > >(Map<promise_detail::AllOk<StatusFlag, promise_detail::TrySeq<OpHandlerImpl<ClientCall::CommitBatch(const grpc_op*, size_t, void*, bool)::<lambda(const grpc_op&)>::<lambda()>, GRPC_OP_SEND_MESSAGE>, OpHandlerImpl<ClientCall::CommitBatch(const grpc_op*, size_t, void*, bool)::<lambda(const grpc_op&)>::<lambda()>, GRPC_OP_SEND_CLOSE_FROM_CLIENT> >, promise_detail::TrySeq<OpHandlerImpl<ClientCall::CommitBatch(const grpc_op*, size_t, void*, bool)::<lambda(const grpc_op&)>::<lambda()>, GRPC_OP_RECV_INITIAL_METADATA>, OpHandlerImpl<MessageReceiver::MakeBatchOp<grpc_core::CallInitiator>(const grpc_op&, grpc_core::CallInitiator*)::<lambda()>, GRPC_OP_RECV_MESSAGE> > >, ClientCall::CommitBatch(const grpc_op*, size_t, void*, bool)::<lambda(StatusFlag)> >, bool, void*, grpc_completion_queue*)::<lambda()> >(FallibleBatch<Map<promise_detail::AllOk<StatusFlag, promise_detail::TrySeq<OpHandlerImpl<ClientCall::CommitBatch(const grpc_op*, size_t, void*, bool)::<lambda(const grpc_op&)>::<lambda()>, GRPC_OP_SEND_MESSAGE>, OpHandlerImpl<ClientCall::CommitBatch(const grpc_op*, size_t, void*, bool)::<lambda(const grpc_op&)>::<lambda()>, GRPC_OP_SEND_CLOSE_FROM_CLIENT> >, promise_detail::TrySeq<OpHandlerImpl<ClientCall::CommitBatch(const grpc_op*, size_t, void*, bool)::<lambda(const grpc_op&)>::<lambda()>, GRPC_OP_RECV_INITIAL_METADATA>, OpHandlerImpl<MessageReceiver::MakeBatchOp<grpc_core::CallInitiator>(const grpc_op&, grpc_core::CallInitiator*)::<lambda()>, GRPC_OP_RECV_MESSAGE> > >, ClientCall::CommitBatch(const grpc_op*, size_t, void*, bool)::<lambda(StatusFlag)> > >(Map<promise_detail::AllOk<StatusFlag, promise_detail::TrySeq<OpHandlerImpl<ClientCall::CommitBatch(const grpc_op*, size_t, void*, bool)::<lambda(const grpc_op&)>::<lambda()>, GRPC_OP_SEND_MESSAGE>, OpHandlerImpl<ClientCall::CommitBatch(const grpc_op*, size_t, void*, bool)::<lambda(const grpc_op&)>::<lambda()>, GRPC_OP_SEND_CLOSE_FROM_CLIENT> >, promise_detail::TrySeq<OpHandlerImpl<ClientCall::CommitBatch(const grpc_op*, size_t, void*, bool)::<lambda(const grpc_op&)>::<lambda()>, GRPC_OP_RECV_INITIAL_METADATA>, OpHandlerImpl<MessageReceiver::MakeBatchOp<grpc_core::CallInitiator>(const grpc_op&, grpc_core::CallInitiator*)::<lambda()>, GRPC_OP_RECV_MESSAGE> > >, ClientCall::CommitBatch(const grpc_op*, size_t, void*, bool)::<lambda(StatusFlag)> >, bool, void*, grpc_completion_queue*)::<lambda()>, FallibleBatch<Map<promise_detail::AllOk<StatusFlag, promise_detail::TrySeq<OpHandlerImpl<ClientCall::CommitBatch(const grpc_op*, size_t, void*, bool)::<lambda(const grpc_op&)>::<lambda()>, GRPC_OP_SEND_MESSAGE>, OpHandlerImpl<ClientCall::CommitBatch(const grpc_op*, size_t, void*, bool)::<lambda(const grpc_op&)>::<lambda()>, GRPC_OP_SEND_CLOSE_FROM_CLIENT> >, promise_detail::TrySeq<OpHandlerImpl<ClientCall::CommitBatch(const grpc_op*, size_t, void*, bool)::<lambda(const grpc_op&)>::<lambda()>, GRPC_OP_RECV_INITIAL_METADATA>, OpHandlerImpl<MessageReceiver::MakeBatchOp<grpc_core::CallInitiator>(const grpc_op&, grpc_core::CallInitiator*)::<lambda()>, GRPC_OP_RECV_MESSAGE> > >, ClientCall::CommitBatch(const grpc_op*, size_t, void*, bool)::<lambda(StatusFlag)> > >(Map<promise_detail::AllOk<StatusFlag, promise_detail::TrySeq<OpHandlerImpl<ClientCall::CommitBatch(const grpc_op*, size_t, void*, bool)::<lambda(const grpc_op&)>::<lambda()>, GRPC_OP_SEND_MESSAGE>, OpHandlerImpl<ClientCall::CommitBatch(const grpc_op*, size_t, void*, bool)::<lambda(const grpc_op&)>::<lambda()>, GRPC_OP_SEND_CLOSE_FROM_CLIENT> >, promise_detail::TrySeq<OpHandlerImpl<ClientCall::CommitBatch(const grpc_op*, size_t, void*, bool)::<lambda(const grpc_op&)>::<lambda()>, GRPC_OP_RECV_INITIAL_METADATA>, OpHandlerImpl<MessageReceiver::MakeBatchOp<grpc_core::CallInitiator>(const grpc_op&, grpc_core::CallInitiator*)::<lambda()>, GRPC_OP_RECV_MESSAGE> > >, ClientCall::CommitBatch(const grpc_op*, size_t, void*, bool)::<lambda(StatusFlag)> >, bool, void*, grpc_completion_queue*)::<lambda()>)::<lambda()>)::<lambda(grpc_core::Empty)>]’:
      ./src/core/lib/promise/detail/promise_factory.h:250:30: note: ‘<anonymous>’ declared here
        250 |     return PromiseFactoryImpl(OnceToken{}, std::move(f_));
            |            ~~~~~~~~~~~~~~~~~~^~~~~~~~~~~~~~~~~~~~~~~~~~~~
      gcc -fno-strict-overflow -Wsign-compare -DNDEBUG -g -O3 -Wall -fPIC -D_WIN32_WINNT=1536 -DGRPC_XDS_USER_AGENT_NAME_SUFFIX=\"Python\" -DGRPC_XDS_USER_AGENT_VERSION_SUFFIX=\"1.79.0.dev0\" -DHAVE_CONFIG_H=1 -DGRPC_ENABLE_FORK_SUPPORT=1 -DGRPC_ENABLE_FORK_SUPPORT_DEFAULT=false -DGRPC_PYTHON_BUILD=1 -D__STDC_FORMAT_MACROS "-DPyMODINIT_FUNC=extern \"C\" __attribute__((visibility (\"default\"))) PyObject*" -DGRPC_POSIX_FORK_ALLOW_PTHREAD_ATFORK=1 -Isrc/python/grpcio -Iinclude -I. -Ithird_party/abseil-cpp -Ithird_party/address_sorting/include -Ithird_party/cares/cares/include -Ithird_party/cares -Ithird_party/cares/cares -Ithird_party/cares/cares/src/lib/include -Ithird_party/cares/cares/src/lib -Ithird_party/cares/config_linux -Ithird_party/re2 -Ithird_party/boringssl-with-bazel/src/include -Ithird_party/upb -Isrc/core/ext/upb-gen -Isrc/core/ext/upbdefs-gen -Ithird_party/utf8_range -Ithird_party/xxhash -Ithird_party/zlib -I/usr/local/google/home/ssreenithi/.pyenv/versions/3.12.0/envs/pyvenv_312/include -I/usr/local/google/home/ssreenithi/.pyenv/versions/3.12.0/include/python3.12 -c third_party/upb/upb/lex/atoi.c -o pyb/temp.linux-x86_64-cpython-312/third_party/upb/upb/lex/atoi.o -fvisibility=hidden -fno-wrapv -fno-exceptions -pthread
      g++ -fno-strict-overflow -Wsign-compare -DNDEBUG -g -O3 -Wall -fPIC -D_WIN32_WINNT=1536 -DGRPC_XDS_USER_AGENT_NAME_SUFFIX=\"Python\" -DGRPC_XDS_USER_AGENT_VERSION_SUFFIX=\"1.79.0.dev0\" -DHAVE_CONFIG_H=1 -DGRPC_ENABLE_FORK_SUPPORT=1 -DGRPC_ENABLE_FORK_SUPPORT_DEFAULT=false -DGRPC_PYTHON_BUILD=1 -D__STDC_FORMAT_MACROS "-DPyMODINIT_FUNC=extern \"C\" __attribute__((visibility (\"default\"))) PyObject*" -DGRPC_POSIX_FORK_ALLOW_PTHREAD_ATFORK=1 -Isrc/python/grpcio -Iinclude -I. -Ithird_party/abseil-cpp -Ithird_party/address_sorting/include -Ithird_party/cares/cares/include -Ithird_party/cares -Ithird_party/cares/cares -Ithird_party/cares/cares/src/lib/include -Ithird_party/cares/cares/src/lib -Ithird_party/cares/config_linux -Ithird_party/re2 -Ithird_party/boringssl-with-bazel/src/include -Ithird_party/upb -Isrc/core/ext/upb-gen -Isrc/core/ext/upbdefs-gen -Ithird_party/utf8_range -Ithird_party/xxhash -Ithird_party/zlib -I/usr/local/google/home/ssreenithi/.pyenv/versions/3.12.0/envs/pyvenv_312/include -I/usr/local/google/home/ssreenithi/.pyenv/versions/3.12.0/include/python3.12 -c src/core/handshaker/security/security_handshaker.cc -o pyb/temp.linux-x86_64-cpython-312/src/core/handshaker/security/security_handshaker.o -std=c++17 -fvisibility=hidden -fno-wrapv -fno-exceptions -pthread
      g++ -fno-strict-overflow -Wsign-compare -DNDEBUG -g -O3 -Wall -fPIC -D_WIN32_WINNT=1536 -DGRPC_XDS_USER_AGENT_NAME_SUFFIX=\"Python\" -DGRPC_XDS_USER_AGENT_VERSION_SUFFIX=\"1.79.0.dev0\" -DHAVE_CONFIG_H=1 -DGRPC_ENABLE_FORK_SUPPORT=1 -DGRPC_ENABLE_FORK_SUPPORT_DEFAULT=false -DGRPC_PYTHON_BUILD=1 -D__STDC_FORMAT_MACROS "-DPyMODINIT_FUNC=extern \"C\" __attribute__((visibility (\"default\"))) PyObject*" -DGRPC_POSIX_FORK_ALLOW_PTHREAD_ATFORK=1 -Isrc/python/grpcio -Iinclude -I. -Ithird_party/abseil-cpp -Ithird_party/address_sorting/include -Ithird_party/cares/cares/include -Ithird_party/cares -Ithird_party/cares/cares -Ithird_party/cares/cares/src/lib/include -Ithird_party/cares/cares/src/lib -Ithird_party/cares/config_linux -Ithird_party/re2 -Ithird_party/boringssl-with-bazel/src/include -Ithird_party/upb -Isrc/core/ext/upb-gen -Isrc/core/ext/upbdefs-gen -Ithird_party/utf8_range -Ithird_party/xxhash -Ithird_party/zlib -I/usr/local/google/home/ssreenithi/.pyenv/versions/3.12.0/envs/pyvenv_312/include -I/usr/local/google/home/ssreenithi/.pyenv/versions/3.12.0/include/python3.12 -c third_party/boringssl-with-bazel/src/ssl/t1_enc.cc -o pyb/temp.linux-x86_64-cpython-312/third_party/boringssl-with-bazel/src/ssl/t1_enc.o -std=c++17 -fvisibility=hidden -fno-wrapv -fno-exceptions -pthread
      src/python/grpcio/grpc/_cython/cygrpc.cpp: In function ‘grpc_channel_credentials* __pyx_f_4grpc_7_cython_6cygrpc_21SSLChannelCredentials_c(__pyx_obj_4grpc_7_cython_6cygrpc_SSLChannelCredentials*)’:
      src/python/grpcio/grpc/_cython/cygrpc.cpp:36331:42: error: ‘grpc_tls_certificate_provider_static_data_create’ was not declared in this scope; did you mean ‘grpc_tls_certificate_provider_in_memory_create’?
      36331 |     __pyx_v_c_tls_certificate_provider = grpc_tls_certificate_provider_static_data_create(__pyx_v_c_pem_root_certificates, __pyx_v_c_tls_identity_pairs);
            |                                          ^~~~~~~~~~~~~~~~~~~~~~~~~~~~~~~~~~~~~~~~~~~~~~~~
            |                                          grpc_tls_certificate_provider_in_memory_create
      src/python/grpcio/grpc/_cython/cygrpc.cpp:36340:5: error: ‘grpc_tls_credentials_options_set_certificate_provider’ was not declared in this scope; did you mean ‘grpc_tls_credentials_options_set_root_certificate_provider’?
      36340 |     grpc_tls_credentials_options_set_certificate_provider(__pyx_v_c_tls_credentials_options, __pyx_v_c_tls_certificate_provider);
            |     ^~~~~~~~~~~~~~~~~~~~~~~~~~~~~~~~~~~~~~~~~~~~~~~~~~~~~
            |     grpc_tls_credentials_options_set_root_certificate_provider
      In file included from ./src/core/lib/promise/activity.h:30,
                       from ./src/core/lib/resource_quota/memory_quota.h:39,
                       from ./src/core/lib/resource_quota/arena.h:39,
                       from ./src/core/lib/promise/arena_promise.h:28,
                       from ./src/core/credentials/transport/security_connector.h:36,
                       from ./src/core/credentials/transport/alts/alts_credentials.h:27,
                       from src/core/credentials/transport/alts/alts_credentials.cc:19:
      ./src/core/lib/promise/detail/promise_factory.h:210:5: warning: ‘always_inline’ function might not be inlinable unless also declared ‘inline’ [-Wattributes]
        210 |     PromiseFactoryImpl(Token, F&& f) {
            |     ^~~~~~~~~~~~~~~~~~
      ./src/core/lib/promise/detail/promise_factory.h:210:5: warning: ‘always_inline’ function might not be inlinable unless also declared ‘inline’ [-Wattributes]
      ./src/core/lib/promise/detail/promise_factory.h:210:5: warning: ‘always_inline’ function might not be inlinable unless also declared ‘inline’ [-Wattributes]
      ./src/core/lib/promise/detail/promise_factory.h:210:5: warning: ‘always_inline’ function might not be inlinable unless also declared ‘inline’ [-Wattributes]
      ./src/core/lib/promise/detail/promise_factory.h:210:5: warning: ‘always_inline’ function might not be inlinable unless also declared ‘inline’ [-Wattributes]
      ./src/core/lib/promise/detail/promise_factory.h:210:5: warning: ‘always_inline’ function might not be inlinable unless also declared ‘inline’ [-Wattributes]
      ./src/core/lib/promise/detail/promise_factory.h:210:5: warning: ‘always_inline’ function might not be inlinable unless also declared ‘inline’ [-Wattributes]
      src/python/grpcio/grpc/_cython/cygrpc.cpp:36368:7: error: ‘grpc_tls_credentials_options_watch_root_certs’ was not declared in this scope; did you mean ‘grpc_tls_credentials_options_set_root_cert_name’?
      36368 |       grpc_tls_credentials_options_watch_root_certs(__pyx_v_c_tls_credentials_options);
            |       ^~~~~~~~~~~~~~~~~~~~~~~~~~~~~~~~~~~~~~~~~~~~~
            |       grpc_tls_credentials_options_set_root_cert_name
      src/python/grpcio/grpc/_cython/cygrpc.cpp:36396:7: error: ‘grpc_tls_credentials_options_watch_identity_key_cert_pairs’ was not declared in this scope; did you mean ‘grpc_tls_credentials_options_set_identity_cert_name’?
      36396 |       grpc_tls_credentials_options_watch_identity_key_cert_pairs(__pyx_v_c_tls_credentials_options);
            |       ^~~~~~~~~~~~~~~~~~~~~~~~~~~~~~~~~~~~~~~~~~~~~~~~~~~~~~~~~~
            |       grpc_tls_credentials_options_set_identity_cert_name
      In constructor ‘grpc_core::filters_detail::OperationExecutor<T>::OperationExecutor(grpc_core::filters_detail::OperationExecutor<T>&&) [with T = std::unique_ptr<grpc_metadata_batch, grpc_core::Arena::PooledDeleter>]’,
          inlined from ‘grpc_core::CallFilters::MetadataExecutor<std::optional<std::unique_ptr<grpc_metadata_batch, grpc_core::Arena::PooledDeleter> >, std::unique_ptr<grpc_metadata_batch, grpc_core::Arena::PooledDeleter>, &grpc_core::CallFilters::push_server_initial_metadata_, &grpc_core::filters_detail::StackData::server_initial_metadata, &grpc_core::CallState::FinishPullServerInitialMetadata, std::reverse_iterator<const grpc_core::CallFilters::AddedStack*> >::MetadataExecutor(grpc_core::CallFilters::MetadataExecutor<std::optional<std::unique_ptr<grpc_metadata_batch, grpc_core::Arena::PooledDeleter> >, std::unique_ptr<grpc_metadata_batch, grpc_core::Arena::PooledDeleter>, &grpc_core::CallFilters::push_server_initial_metadata_, &grpc_core::filters_detail::StackData::server_initial_metadata, &grpc_core::CallState::FinishPullServerInitialMetadata, std::reverse_iterator<const grpc_core::CallFilters::AddedStack*> >&&)’ at ./src/core/call/call_filters.h:1828:9,
          inlined from ‘grpc_core::promise_detail::PromiseLike<F, typename std::enable_if<(! std::is_void<typename std::invoke_result<Releaser>::type>::value), void>::type>::PromiseLike(F&&) [with F = grpc_core::CallFilters::MetadataExecutor<std::optional<std::unique_ptr<grpc_metadata_batch, grpc_core::Arena::PooledDeleter> >, std::unique_ptr<grpc_metadata_batch, grpc_core::Arena::PooledDeleter>, &grpc_core::CallFilters::push_server_initial_metadata_, &grpc_core::filters_detail::StackData::server_initial_metadata, &grpc_core::CallState::FinishPullServerInitialMetadata, std::reverse_iterator<const grpc_core::CallFilters::AddedStack*> >]’ at ./src/core/lib/promise/detail/promise_like.h:214:9,
          inlined from ‘grpc_core::Map<Promise, Fn>::Map(Promise, Fn) [with Promise = grpc_core::CallFilters::MetadataExecutor<std::optional<std::unique_ptr<grpc_metadata_batch, grpc_core::Arena::PooledDeleter> >, std::unique_ptr<grpc_metadata_batch, grpc_core::Arena::PooledDeleter>, &grpc_core::CallFilters::push_server_initial_metadata_, &grpc_core::filters_detail::StackData::server_initial_metadata, &grpc_core::CallState::FinishPullServerInitialMetadata, std::reverse_iterator<const grpc_core::CallFilters::AddedStack*> >; Fn = grpc_core::CallFilters::PullServerInitialMetadata()::<lambda(bool)>::<lambda()>::<lambda(grpc_core::ValueOrFailure<std::optional<std::unique_ptr<grpc_metadata_batch, grpc_core::Arena::PooledDeleter> > >)>]’ at ./src/core/lib/promise/map.h:139:9,
          inlined from ‘grpc_core::CallFilters::PullServerInitialMetadata()::<lambda(bool)>::<lambda()>’ at ./src/core/call/call_filters.h:1981:22,
          inlined from ‘std::enable_if_t<((bool)grpc_core::promise_detail::IsVoidCallable<typename grpc_core::promise_detail::ResultOfT<F(), void>::T>::value), grpc_core::promise_detail::PromiseLike<decltype (declval<F>()())> > grpc_core::promise_detail::PromiseFactoryImpl(Token, F&&) [with Token = OnceToken; F = grpc_core::CallFilters::PullServerInitialMetadata()::<lambda(bool)>::<lambda()>]’ at ./src/core/lib/promise/detail/promise_factory.h:211:11,
          inlined from ‘grpc_core::promise_detail::OncePromiseFactory<void, F>::Promise grpc_core::promise_detail::OncePromiseFactory<void, F>::Make() [with F = grpc_core::CallFilters::PullServerInitialMetadata()::<lambda(bool)>::<lambda()>]’ at ./src/core/lib/promise/detail/promise_factory.h:250:57,
          inlined from ‘grpc_core::If<bool, T, F>::If(bool, T, F) [with T = grpc_core::CallFilters::PullServerInitialMetadata()::<lambda(bool)>::<lambda()>; F = grpc_core::CallFilters::PullServerInitialMetadata()::<lambda(bool)>::<lambda()>]’ at ./src/core/lib/promise/if.h:181:45,
          inlined from ‘grpc_core::CallFilters::PullServerInitialMetadata()::<lambda(bool)>’ at ./src/core/call/call_filters.h:1985:16,
          inlined from ‘std::enable_if_t<((bool)grpc_core::promise_detail::IsVoidCallable<typename grpc_core::promise_detail::ResultOfT<F(A), void>::T>::value), grpc_core::promise_detail::PromiseLike<decltype (declval<F>()(declval<A>()))> > grpc_core::promise_detail::PromiseFactoryImpl(Token, F&&, A&&) [with Token = OnceToken; A = bool; F = grpc_core::CallFilters::PullServerInitialMetadata()::<lambda(bool)>]’ at ./src/core/lib/promise/detail/promise_factory.h:183:11,
          inlined from ‘grpc_core::promise_detail::OncePromiseFactory<A, F>::Promise grpc_core::promise_detail::OncePromiseFactory<A, F>::Make(Arg&&) [with A = bool; F = grpc_core::CallFilters::PullServerInitialMetadata()::<lambda(bool)>]’ at ./src/core/lib/promise/detail/promise_factory.h:232:79,
          inlined from ‘static auto grpc_core::promise_detail::SeqTraits<T>::CallFactory(Next*, T&&) [with Next = grpc_core::promise_detail::OncePromiseFactory<bool, grpc_core::CallFilters::PullServerInitialMetadata()::<lambda(bool)> >; T = bool]’ at ./src/core/lib/promise/seq.h:81:45,
          inlined from ‘grpc_core::Poll<typename Traits<typename grpc_core::promise_detail::OncePromiseFactory<typename Traits<typename grpc_core::promise_detail::PromiseLike<F>::Result>::UnwrappedType, F0>::Promise::Result>::WrappedType> grpc_core::promise_detail::SeqState<Traits, P, F0>::PollOnce() [with Traits = grpc_core::promise_detail::SeqTraits; P = grpc_core::CallFilters::PullServerInitialMetadata()::<lambda()>; F0 = grpc_core::CallFilters::PullServerInitialMetadata()::<lambda(bool)>]’ at ./src/core/lib/promise/detail/seq_state.h:185:14,
          inlined from ‘auto grpc_core::promise_detail::Seq<P, Fs>::operator()() [with P = grpc_core::CallFilters::PullServerInitialMetadata()::<lambda()>; Fs = {grpc_core::CallFilters::PullServerInitialMetadata()::<lambda(bool)>}]’ at ./src/core/lib/promise/seq.h:108:28,
          inlined from ‘grpc_core::promise_detail::PromiseLike<F, typename std::enable_if<(! std::is_void<typename std::invoke_result<Releaser>::type>::value), void>::type>::WrappedResult grpc_core::promise_detail::PromiseLike<F, typename std::enable_if<(! std::is_void<typename std::invoke_result<Releaser>::type>::value), void>::type>::operator()() [with F = grpc_core::promise_detail::Seq<grpc_core::CallFilters::PullServerInitialMetadata()::<lambda()>, grpc_core::CallFilters::PullServerInitialMetadata()::<lambda(bool)> >]’ at ./src/core/lib/promise/detail/promise_like.h:216:25,
          inlined from ‘grpc_core::Poll<typename Traits<typename grpc_core::promise_detail::OncePromiseFactory<typename Traits<typename grpc_core::promise_detail::PromiseLike<F>::Result>::UnwrappedType, F0>::Promise::Result>::WrappedType> grpc_core::promise_detail::SeqState<Traits, P, F0>::PollOnce() [with Traits = grpc_core::promise_detail::TrySeqTraits; P = grpc_core::promise_detail::Seq<grpc_core::CallFilters::PullServerInitialMetadata()::<lambda()>, grpc_core::CallFilters::PullServerInitialMetadata()::<lambda(bool)> >; F0 = grpc_core::RetryInterceptor::Attempt::ServerToClient()::<lambda(std::optional<std::unique_ptr<grpc_metadata_batch, grpc_core::Arena::PooledDeleter> >)>]’ at ./src/core/lib/promise/detail/seq_state.h:167:14,
          inlined from ‘auto grpc_core::promise_detail::TrySeq<P, Fs>::operator()() [with P = grpc_core::promise_detail::Seq<grpc_core::CallFilters::PullServerInitialMetadata()::<lambda()>, grpc_core::CallFilters::PullServerInitialMetadata()::<lambda(bool)> >; Fs = {grpc_core::RetryInterceptor::Attempt::ServerToClient()::<lambda(std::optional<std::unique_ptr<grpc_metadata_batch, grpc_core::Arena::PooledDeleter> >)>}]’ at ./src/core/lib/promise/try_seq.h:263:28,
          inlined from ‘grpc_core::promise_detail::PromiseLike<F, typename std::enable_if<(! std::is_void<typename std::invoke_result<Releaser>::type>::value), void>::type>::WrappedResult grpc_core::promise_detail::PromiseLike<F, typename std::enable_if<(! std::is_void<typename std::invoke_result<Releaser>::type>::value), void>::type>::operator()() [with F = grpc_core::promise_detail::TrySeq<grpc_core::promise_detail::Seq<grpc_core::CallFilters::PullServerInitialMetadata()::<lambda()>, grpc_core::CallFilters::PullServerInitialMetadata()::<lambda(bool)> >, grpc_core::RetryInterceptor::Attempt::ServerToClient()::<lambda(std::optional<std::unique_ptr<grpc_metadata_batch, grpc_core::Arena::PooledDeleter> >)> >]’ at ./src/core/lib/promise/detail/promise_like.h:216:25,
          inlined from ‘bool grpc_core::Party::ParticipantImpl<SuppliedFactory, OnComplete>::PollParticipantPromise() [with SuppliedFactory = grpc_core::RetryInterceptor::Attempt::ClientToServer()::<lambda(grpc_core::ClientMetadataHandle)>::<lambda()>; OnComplete = grpc_core::CallSpine::SpawnGuarded<grpc_core::RetryInterceptor::Attempt::ClientToServer()::<lambda(grpc_core::ClientMetadataHandle)>::<lambda()> >(absl::lts_20250512::string_view, grpc_core::RetryInterceptor::Attempt::ClientToServer()::<lambda(grpc_core::ClientMetadataHandle)>::<lambda()>, grpc_core::DebugLocation)::<lambda(ResultType)>]’ at ./src/core/lib/promise/party.h:454:12:
      ./src/core/call/call_filters.h:1424:20: warning: ‘<unnamed>.grpc_core::CallFilters::MetadataExecutor<std::optional<std::unique_ptr<grpc_metadata_batch, grpc_core::Arena::PooledDeleter> >, std::unique_ptr<grpc_metadata_batch, grpc_core::Arena::PooledDeleter>, grpc_core::CallFilters::push_server_initial_metadata_, grpc_core::filters_detail::StackData::server_initial_metadata, grpc_core::CallState::FinishPullServerInitialMetadata, std::reverse_iterator<const grpc_core::CallFilters::AddedStack*> >::executor_.grpc_core::filters_detail::OperationExecutor<std::unique_ptr<grpc_metadata_batch, grpc_core::Arena::PooledDeleter> >::ops_’ may be used uninitialized [-Wmaybe-uninitialized]
       1424 |       : ops_(other.ops_), end_ops_(other.end_ops_) {
            |              ~~~~~~^~~~
      ./src/core/call/call_filters.h: In member function ‘bool grpc_core::Party::ParticipantImpl<SuppliedFactory, OnComplete>::PollParticipantPromise() [with SuppliedFactory = grpc_core::RetryInterceptor::Attempt::ClientToServer()::<lambda(grpc_core::ClientMetadataHandle)>::<lambda()>; OnComplete = grpc_core::CallSpine::SpawnGuarded<grpc_core::RetryInterceptor::Attempt::ClientToServer()::<lambda(grpc_core::ClientMetadataHandle)>::<lambda()> >(absl::lts_20250512::string_view, grpc_core::RetryInterceptor::Attempt::ClientToServer()::<lambda(grpc_core::ClientMetadataHandle)>::<lambda()>, grpc_core::DebugLocation)::<lambda(ResultType)>]’:
      ./src/core/call/call_filters.h:1977:65: note: ‘<anonymous>’ declared here
       1977 |                         this, stacks_.crbegin(), stacks_.crend()),
            |                                                                 ^
      In constructor ‘grpc_core::filters_detail::OperationExecutor<T>::OperationExecutor(grpc_core::filters_detail::OperationExecutor<T>&&) [with T = std::unique_ptr<grpc_metadata_batch, grpc_core::Arena::PooledDeleter>]’,
          inlined from ‘grpc_core::CallFilters::MetadataExecutor<std::optional<std::unique_ptr<grpc_metadata_batch, grpc_core::Arena::PooledDeleter> >, std::unique_ptr<grpc_metadata_batch, grpc_core::Arena::PooledDeleter>, &grpc_core::CallFilters::push_server_initial_metadata_, &grpc_core::filters_detail::StackData::server_initial_metadata, &grpc_core::CallState::FinishPullServerInitialMetadata, std::reverse_iterator<const grpc_core::CallFilters::AddedStack*> >::MetadataExecutor(grpc_core::CallFilters::MetadataExecutor<std::optional<std::unique_ptr<grpc_metadata_batch, grpc_core::Arena::PooledDeleter> >, std::unique_ptr<grpc_metadata_batch, grpc_core::Arena::PooledDeleter>, &grpc_core::CallFilters::push_server_initial_metadata_, &grpc_core::filters_detail::StackData::server_initial_metadata, &grpc_core::CallState::FinishPullServerInitialMetadata, std::reverse_iterator<const grpc_core::CallFilters::AddedStack*> >&&)’ at ./src/core/call/call_filters.h:1828:9,
          inlined from ‘grpc_core::promise_detail::PromiseLike<F, typename std::enable_if<(! std::is_void<typename std::invoke_result<Releaser>::type>::value), void>::type>::PromiseLike(F&&) [with F = grpc_core::CallFilters::MetadataExecutor<std::optional<std::unique_ptr<grpc_metadata_batch, grpc_core::Arena::PooledDeleter> >, std::unique_ptr<grpc_metadata_batch, grpc_core::Arena::PooledDeleter>, &grpc_core::CallFilters::push_server_initial_metadata_, &grpc_core::filters_detail::StackData::server_initial_metadata, &grpc_core::CallState::FinishPullServerInitialMetadata, std::reverse_iterator<const grpc_core::CallFilters::AddedStack*> >]’ at ./src/core/lib/promise/detail/promise_like.h:214:9,
          inlined from ‘grpc_core::Map<Promise, Fn>::Map(Promise, Fn) [with Promise = grpc_core::CallFilters::MetadataExecutor<std::optional<std::unique_ptr<grpc_metadata_batch, grpc_core::Arena::PooledDeleter> >, std::unique_ptr<grpc_metadata_batch, grpc_core::Arena::PooledDeleter>, &grpc_core::CallFilters::push_server_initial_metadata_, &grpc_core::filters_detail::StackData::server_initial_metadata, &grpc_core::CallState::FinishPullServerInitialMetadata, std::reverse_iterator<const grpc_core::CallFilters::AddedStack*> >; Fn = grpc_core::CallFilters::PullServerInitialMetadata()::<lambda(bool)>::<lambda()>::<lambda(grpc_core::ValueOrFailure<std::optional<std::unique_ptr<grpc_metadata_batch, grpc_core::Arena::PooledDeleter> > >)>]’ at ./src/core/lib/promise/map.h:139:9,
          inlined from ‘grpc_core::CallFilters::PullServerInitialMetadata()::<lambda(bool)>::<lambda()>’ at ./src/core/call/call_filters.h:1981:22,
          inlined from ‘std::enable_if_t<((bool)grpc_core::promise_detail::IsVoidCallable<typename grpc_core::promise_detail::ResultOfT<F(), void>::T>::value), grpc_core::promise_detail::PromiseLike<decltype (declval<F>()())> > grpc_core::promise_detail::PromiseFactoryImpl(Token, F&&) [with Token = OnceToken; F = grpc_core::CallFilters::PullServerInitialMetadata()::<lambda(bool)>::<lambda()>]’ at ./src/core/lib/promise/detail/promise_factory.h:211:11,
          inlined from ‘grpc_core::promise_detail::OncePromiseFactory<void, F>::Promise grpc_core::promise_detail::OncePromiseFactory<void, F>::Make() [with F = grpc_core::CallFilters::PullServerInitialMetadata()::<lambda(bool)>::<lambda()>]’ at ./src/core/lib/promise/detail/promise_factory.h:250:57,
          inlined from ‘grpc_core::If<bool, T, F>::If(bool, T, F) [with T = grpc_core::CallFilters::PullServerInitialMetadata()::<lambda(bool)>::<lambda()>; F = grpc_core::CallFilters::PullServerInitialMetadata()::<lambda(bool)>::<lambda()>]’ at ./src/core/lib/promise/if.h:181:45,
          inlined from ‘grpc_core::CallFilters::PullServerInitialMetadata()::<lambda(bool)>’ at ./src/core/call/call_filters.h:1985:16,
          inlined from ‘std::enable_if_t<((bool)grpc_core::promise_detail::IsVoidCallable<typename grpc_core::promise_detail::ResultOfT<F(A), void>::T>::value), grpc_core::promise_detail::PromiseLike<decltype (declval<F>()(declval<A>()))> > grpc_core::promise_detail::PromiseFactoryImpl(Token, F&&, A&&) [with Token = OnceToken; A = bool; F = grpc_core::CallFilters::PullServerInitialMetadata()::<lambda(bool)>]’ at ./src/core/lib/promise/detail/promise_factory.h:183:11,
          inlined from ‘grpc_core::promise_detail::OncePromiseFactory<A, F>::Promise grpc_core::promise_detail::OncePromiseFactory<A, F>::Make(Arg&&) [with A = bool; F = grpc_core::CallFilters::PullServerInitialMetadata()::<lambda(bool)>]’ at ./src/core/lib/promise/detail/promise_factory.h:232:79,
          inlined from ‘static auto grpc_core::promise_detail::SeqTraits<T>::CallFactory(Next*, T&&) [with Next = grpc_core::promise_detail::OncePromiseFactory<bool, grpc_core::CallFilters::PullServerInitialMetadata()::<lambda(bool)> >; T = bool]’ at ./src/core/lib/promise/seq.h:81:45,
          inlined from ‘grpc_core::Poll<typename Traits<typename grpc_core::promise_detail::OncePromiseFactory<typename Traits<typename grpc_core::promise_detail::PromiseLike<F>::Result>::UnwrappedType, F0>::Promise::Result>::WrappedType> grpc_core::promise_detail::SeqState<Traits, P, F0>::PollOnce() [with Traits = grpc_core::promise_detail::SeqTraits; P = grpc_core::CallFilters::PullServerInitialMetadata()::<lambda()>; F0 = grpc_core::CallFilters::PullServerInitialMetadata()::<lambda(bool)>]’ at ./src/core/lib/promise/detail/seq_state.h:185:14,
          inlined from ‘auto grpc_core::promise_detail::Seq<P, Fs>::operator()() [with P = grpc_core::CallFilters::PullServerInitialMetadata()::<lambda()>; Fs = {grpc_core::CallFilters::PullServerInitialMetadata()::<lambda(bool)>}]’ at ./src/core/lib/promise/seq.h:108:28,
          inlined from ‘grpc_core::promise_detail::PromiseLike<F, typename std::enable_if<(! std::is_void<typename std::invoke_result<Releaser>::type>::value), void>::type>::WrappedResult grpc_core::promise_detail::PromiseLike<F, typename std::enable_if<(! std::is_void<typename std::invoke_result<Releaser>::type>::value), void>::type>::operator()() [with F = grpc_core::promise_detail::Seq<grpc_core::CallFilters::PullServerInitialMetadata()::<lambda()>, grpc_core::CallFilters::PullServerInitialMetadata()::<lambda(bool)> >]’ at ./src/core/lib/promise/detail/promise_like.h:216:25,
          inlined from ‘grpc_core::Poll<typename Traits<typename grpc_core::promise_detail::OncePromiseFactory<typename Traits<typename grpc_core::promise_detail::PromiseLike<F>::Result>::UnwrappedType, F0>::Promise::Result>::WrappedType> grpc_core::promise_detail::SeqState<Traits, P, F0>::PollOnce() [with Traits = grpc_core::promise_detail::TrySeqTraits; P = grpc_core::promise_detail::Seq<grpc_core::CallFilters::PullServerInitialMetadata()::<lambda()>, grpc_core::CallFilters::PullServerInitialMetadata()::<lambda(bool)> >; F0 = grpc_core::RetryInterceptor::Attempt::ServerToClient()::<lambda(std::optional<std::unique_ptr<grpc_metadata_batch, grpc_core::Arena::PooledDeleter> >)>]’ at ./src/core/lib/promise/detail/seq_state.h:167:14,
          inlined from ‘auto grpc_core::promise_detail::TrySeq<P, Fs>::operator()() [with P = grpc_core::promise_detail::Seq<grpc_core::CallFilters::PullServerInitialMetadata()::<lambda()>, grpc_core::CallFilters::PullServerInitialMetadata()::<lambda(bool)> >; Fs = {grpc_core::RetryInterceptor::Attempt::ServerToClient()::<lambda(std::optional<std::unique_ptr<grpc_metadata_batch, grpc_core::Arena::PooledDeleter> >)>}]’ at ./src/core/lib/promise/try_seq.h:263:28,
          inlined from ‘grpc_core::promise_detail::PromiseLike<F, typename std::enable_if<(! std::is_void<typename std::invoke_result<Releaser>::type>::value), void>::type>::WrappedResult grpc_core::promise_detail::PromiseLike<F, typename std::enable_if<(! std::is_void<typename std::invoke_result<Releaser>::type>::value), void>::type>::operator()() [with F = grpc_core::promise_detail::TrySeq<grpc_core::promise_detail::Seq<grpc_core::CallFilters::PullServerInitialMetadata()::<lambda()>, grpc_core::CallFilters::PullServerInitialMetadata()::<lambda(bool)> >, grpc_core::RetryInterceptor::Attempt::ServerToClient()::<lambda(std::optional<std::unique_ptr<grpc_metadata_batch, grpc_core::Arena::PooledDeleter> >)> >]’ at ./src/core/lib/promise/detail/promise_like.h:216:25,
          inlined from ‘bool grpc_core::Party::ParticipantImpl<SuppliedFactory, OnComplete>::PollParticipantPromise() [with SuppliedFactory = grpc_core::RetryInterceptor::Attempt::ClientToServer()::<lambda(grpc_core::ClientMetadataHandle)>::<lambda()>; OnComplete = grpc_core::CallSpine::SpawnGuarded<grpc_core::RetryInterceptor::Attempt::ClientToServer()::<lambda(grpc_core::ClientMetadataHandle)>::<lambda()> >(absl::lts_20250512::string_view, grpc_core::RetryInterceptor::Attempt::ClientToServer()::<lambda(grpc_core::ClientMetadataHandle)>::<lambda()>, grpc_core::DebugLocation)::<lambda(ResultType)>]’ at ./src/core/lib/promise/party.h:454:12:
      ./src/core/call/call_filters.h:1424:42: warning: ‘<unnamed>.grpc_core::CallFilters::MetadataExecutor<std::optional<std::unique_ptr<grpc_metadata_batch, grpc_core::Arena::PooledDeleter> >, std::unique_ptr<grpc_metadata_batch, grpc_core::Arena::PooledDeleter>, grpc_core::CallFilters::push_server_initial_metadata_, grpc_core::filters_detail::StackData::server_initial_metadata, grpc_core::CallState::FinishPullServerInitialMetadata, std::reverse_iterator<const grpc_core::CallFilters::AddedStack*> >::executor_.grpc_core::filters_detail::OperationExecutor<std::unique_ptr<grpc_metadata_batch, grpc_core::Arena::PooledDeleter> >::end_ops_’ may be used uninitialized [-Wmaybe-uninitialized]
       1424 |       : ops_(other.ops_), end_ops_(other.end_ops_) {
            |                                    ~~~~~~^~~~~~~~
      ./src/core/call/call_filters.h: In member function ‘bool grpc_core::Party::ParticipantImpl<SuppliedFactory, OnComplete>::PollParticipantPromise() [with SuppliedFactory = grpc_core::RetryInterceptor::Attempt::ClientToServer()::<lambda(grpc_core::ClientMetadataHandle)>::<lambda()>; OnComplete = grpc_core::CallSpine::SpawnGuarded<grpc_core::RetryInterceptor::Attempt::ClientToServer()::<lambda(grpc_core::ClientMetadataHandle)>::<lambda()> >(absl::lts_20250512::string_view, grpc_core::RetryInterceptor::Attempt::ClientToServer()::<lambda(grpc_core::ClientMetadataHandle)>::<lambda()>, grpc_core::DebugLocation)::<lambda(ResultType)>]’:
      ./src/core/call/call_filters.h:1977:65: note: ‘<anonymous>’ declared here
       1977 |                         this, stacks_.crbegin(), stacks_.crend()),
            |                                                                 ^
      In constructor ‘grpc_core::filters_detail::OperationExecutor<T>::OperationExecutor(grpc_core::filters_detail::OperationExecutor<T>&&) [with T = std::unique_ptr<grpc_core::Message, grpc_core::Arena::PooledDeleter>]’,
          inlined from ‘grpc_core::CallFilters::MessageExecutor<&grpc_core::CallFilters::push_server_to_client_message_, &grpc_core::filters_detail::StackData::server_to_client_messages, &grpc_core::CallState::FinishPullServerToClientMessage, std::reverse_iterator<const grpc_core::CallFilters::AddedStack*> >::MessageExecutor(grpc_core::CallFilters::MessageExecutor<&grpc_core::CallFilters::push_server_to_client_message_, &grpc_core::filters_detail::StackData::server_to_client_messages, &grpc_core::CallState::FinishPullServerToClientMessage, std::reverse_iterator<const grpc_core::CallFilters::AddedStack*> >&&)’ at ./src/core/call/call_filters.h:1886:9,
          inlined from ‘grpc_core::promise_detail::PromiseLike<F, typename std::enable_if<(! std::is_void<typename std::invoke_result<Releaser>::type>::value), void>::type>::PromiseLike(F&&) [with F = grpc_core::CallFilters::MessageExecutor<&grpc_core::CallFilters::push_server_to_client_message_, &grpc_core::filters_detail::StackData::server_to_client_messages, &grpc_core::CallState::FinishPullServerToClientMessage, std::reverse_iterator<const grpc_core::CallFilters::AddedStack*> >]’ at ./src/core/lib/promise/detail/promise_like.h:214:9,
          inlined from ‘std::enable_if_t<((bool)grpc_core::promise_detail::IsVoidCallable<typename grpc_core::promise_detail::ResultOfT<F(), void>::T>::value), grpc_core::promise_detail::PromiseLike<decltype (declval<F>()())> > grpc_core::promise_detail::PromiseFactoryImpl(Token, F&&) [with Token = OnceToken; F = grpc_core::CallFilters::PullServerToClientMessage()::<lambda(bool)>::<lambda()>]’ at ./src/core/lib/promise/detail/promise_factory.h:211:12,
          inlined from ‘grpc_core::promise_detail::OncePromiseFactory<void, F>::Promise grpc_core::promise_detail::OncePromiseFactory<void, F>::Make() [with F = grpc_core::CallFilters::PullServerToClientMessage()::<lambda(bool)>::<lambda()>]’ at ./src/core/lib/promise/detail/promise_factory.h:250:57,
          inlined from ‘grpc_core::If<bool, T, F>::If(bool, T, F) [with T = grpc_core::CallFilters::PullServerToClientMessage()::<lambda(bool)>::<lambda()>; F = grpc_core::CallFilters::PullServerToClientMessage()::<lambda(bool)>::<lambda()>]’ at ./src/core/lib/promise/if.h:181:45,
          inlined from ‘grpc_core::CallFilters::PullServerToClientMessage()::<lambda(bool)>’ at ./src/core/call/call_filters.h:2049:16,
          inlined from ‘std::enable_if_t<((bool)grpc_core::promise_detail::IsVoidCallable<typename grpc_core::promise_detail::ResultOfT<F(A), void>::T>::value), grpc_core::promise_detail::PromiseLike<decltype (declval<F>()(declval<A>()))> > grpc_core::promise_detail::PromiseFactoryImpl(Token, F&&, A&&) [with Token = OnceToken; A = bool; F = grpc_core::CallFilters::PullServerToClientMessage()::<lambda(bool)>]’ at ./src/core/lib/promise/detail/promise_factory.h:183:11,
          inlined from ‘grpc_core::promise_detail::OncePromiseFactory<A, F>::Promise grpc_core::promise_detail::OncePromiseFactory<A, F>::Make(Arg&&) [with A = bool; F = grpc_core::CallFilters::PullServerToClientMessage()::<lambda(bool)>]’ at ./src/core/lib/promise/detail/promise_factory.h:232:79,
          inlined from ‘static auto grpc_core::promise_detail::TrySeqTraitsWithSfinae<T, typename std::enable_if<((std::is_same<decltype (grpc_core::IsStatusOk(declval<T>())), bool>::value && grpc_core::promise_detail::TakeValueExists<T>::value) && grpc_core::promise_detail::AllowGenericTrySeqTraits<T>::value), void>::type>::CallFactory(Next*, T&&) [with Next = grpc_core::promise_detail::OncePromiseFactory<bool, grpc_core::CallFilters::PullServerToClientMessage()::<lambda(bool)> >; T = grpc_core::ValueOrFailure<bool>]’ at ./src/core/lib/promise/try_seq.h:200:57,
          inlined from ‘grpc_core::Poll<typename Traits<typename grpc_core::promise_detail::OncePromiseFactory<typename Traits<typename grpc_core::promise_detail::PromiseLike<F>::Result>::UnwrappedType, F0>::Promise::Result>::WrappedType> grpc_core::promise_detail::SeqState<Traits, P, F0>::PollOnce() [with Traits = grpc_core::promise_detail::TrySeqTraits; P = grpc_core::CallFilters::PullServerToClientMessage()::<lambda()>; F0 = grpc_core::CallFilters::PullServerToClientMessage()::<lambda(bool)>]’ at ./src/core/lib/promise/detail/seq_state.h:185:14,
          inlined from ‘auto grpc_core::promise_detail::TrySeq<P, Fs>::operator()() [with P = grpc_core::CallFilters::PullServerToClientMessage()::<lambda()>; Fs = {grpc_core::CallFilters::PullServerToClientMessage()::<lambda(bool)>}]’ at ./src/core/lib/promise/try_seq.h:263:28,
          inlined from ‘grpc_core::Poll<decltype (grpc_core::for_each_detail::Done<typename grpc_core::PollTraits<decltype (declval<typename grpc_core::promise_detail::RepeatedPromiseFactory<typename grpc_core::for_each_detail::NextValueTraits<typename grpc_core::PollTraits<decltype (declval<decltype (declval<Reader>().Next())>()())>::Type, void>::Value, Action>::Promise>()())>::Type>::Make(false))> grpc_core::for_each_detail::ForEach<Reader, Action>::PollReaderNext() [with Reader = grpc_core::MessagesFrom<CallInitiator>(CallInitiator)::Wrapper; Action = grpc_core::RetryInterceptor::Attempt::ServerToClientGotInitialMetadata(grpc_core::ServerMetadataHandle)::<lambda()>::<lambda(grpc_core::MessageHandle)>]’ at ./src/core/lib/promise/for_each.h:183:10,
          inlined from ‘grpc_core::Poll<decltype (grpc_core::for_each_detail::Done<typename grpc_core::PollTraits<decltype (declval<typename grpc_core::promise_detail::RepeatedPromiseFactory<typename grpc_core::for_each_detail::NextValueTraits<typename grpc_core::PollTraits<decltype (declval<decltype (declval<Reader>().Next())>()())>::Type, void>::Value, Action>::Promise>()())>::Type>::Make(false))> grpc_core::for_each_detail::ForEach<Reader, Action>::operator()() [with Reader = grpc_core::MessagesFrom<CallInitiator>(CallInitiator)::Wrapper; Action = grpc_core::RetryInterceptor::Attempt::ServerToClientGotInitialMetadata(grpc_core::ServerMetadataHandle)::<lambda()>::<lambda(grpc_core::MessageHandle)>]’ at ./src/core/lib/promise/for_each.h:163:46,
          inlined from ‘grpc_core::promise_detail::PromiseLike<F, typename std::enable_if<(! std::is_void<typename std::invoke_result<Releaser>::type>::value), void>::type>::WrappedResult grpc_core::promise_detail::PromiseLike<F, typename std::enable_if<(! std::is_void<typename std::invoke_result<Releaser>::type>::value), void>::type>::operator()() [with F = grpc_core::for_each_detail::ForEach<grpc_core::MessagesFrom<CallInitiator>(CallInitiator)::Wrapper, grpc_core::RetryInterceptor::Attempt::ServerToClientGotInitialMetadata(grpc_core::ServerMetadataHandle)::<lambda()>::<lambda(grpc_core::MessageHandle)> >]’ at ./src/core/lib/promise/detail/promise_like.h:216:25,
          inlined from ‘grpc_core::Poll<typename Traits<typename grpc_core::promise_detail::OncePromiseFactory<typename Traits<typename grpc_core::promise_detail::OncePromiseFactory<typename Traits<typename grpc_core::promise_detail::PromiseLike<F>::Result>::UnwrappedType, F0>::Promise::Result>::UnwrappedType, F1>::Promise::Result>::WrappedType> grpc_core::promise_detail::SeqState<Traits, P, F0, F1>::PollOnce() [with Traits = grpc_core::promise_detail::SeqTraits; P = grpc_core::for_each_detail::ForEach<grpc_core::MessagesFrom<CallInitiator>(CallInitiator)::Wrapper, grpc_core::RetryInterceptor::Attempt::ServerToClientGotInitialMetadata(grpc_core::ServerMetadataHandle)::<lambda()>::<lambda(grpc_core::MessageHandle)> >; F0 = grpc_core::Map<grpc_core::Map<grpc_core::CallFilters::PullServerTrailingMetadata()::<lambda()>, grpc_core::CallFilters::PullServerTrailingMetadata()::<lambda(grpc_core::Empty)> >, grpc_core::CallSpine::PullServerTrailingMetadata()::<lambda(grpc_core::ServerMetadataHandle)> >; F1 = grpc_core::RetryInterceptor::Attempt::ServerToClientGotInitialMetadata(grpc_core::ServerMetadataHandle)::<lambda()>::<lambda(grpc_core::ServerMetadataHandle)>]’ at ./src/core/lib/promise/detail/seq_state.h:326:14,
          inlined from ‘auto grpc_core::promise_detail::Seq<P, Fs>::operator()() [with P = grpc_core::for_each_detail::ForEach<grpc_core::MessagesFrom<CallInitiator>(CallInitiator)::Wrapper, grpc_core::RetryInterceptor::Attempt::ServerToClientGotInitialMetadata(grpc_core::ServerMetadataHandle)::<lambda()>::<lambda(grpc_core::MessageHandle)> >; Fs = {grpc_core::Map<grpc_core::Map<grpc_core::CallFilters::PullServerTrailingMetadata()::<lambda()>, grpc_core::CallFilters::PullServerTrailingMetadata()::<lambda(grpc_core::Empty)> >, grpc_core::CallSpine::PullServerTrailingMetadata()::<lambda(grpc_core::ServerMetadataHandle)> >, grpc_core::RetryInterceptor::Attempt::ServerToClientGotInitialMetadata(grpc_core::ServerMetadataHandle)::<lambda()>::<lambda(grpc_core::ServerMetadataHandle)>}]’ at ./src/core/lib/promise/seq.h:108:28,
          inlined from ‘grpc_core::promise_detail::PromiseLike<F, typename std::enable_if<(! std::is_void<typename std::invoke_result<Releaser>::type>::value), void>::type>::WrappedResult grpc_core::promise_detail::PromiseLike<F, typename std::enable_if<(! std::is_void<typename std::invoke_result<Releaser>::type>::value), void>::type>::operator()() [with F = grpc_core::promise_detail::Seq<grpc_core::for_each_detail::ForEach<grpc_core::MessagesFrom<CallInitiator>(CallInitiator)::Wrapper, grpc_core::RetryInterceptor::Attempt::ServerToClientGotInitialMetadata(grpc_core::ServerMetadataHandle)::<lambda()>::<lambda(grpc_core::MessageHandle)> >, grpc_core::Map<grpc_core::Map<grpc_core::CallFilters::PullServerTrailingMetadata()::<lambda()>, grpc_core::CallFilters::PullServerTrailingMetadata()::<lambda(grpc_core::Empty)> >, grpc_core::CallSpine::PullServerTrailingMetadata()::<lambda(grpc_core::ServerMetadataHandle)> >, grpc_core::RetryInterceptor::Attempt::ServerToClientGotInitialMetadata(grpc_core::ServerMetadataHandle)::<lambda()>::<lambda(grpc_core::ServerMetadataHandle)> >]’ at ./src/core/lib/promise/detail/promise_like.h:216:25,
          inlined from ‘grpc_core::Poll<typename grpc_core::PollTraits<decltype (declval<typename grpc_core::promise_detail::OncePromiseFactory<void, F>::Promise>()())>::Type> grpc_core::If<bool, T, F>::operator()() [with T = grpc_core::RetryInterceptor::Attempt::ServerToClientGotInitialMetadata(grpc_core::ServerMetadataHandle)::<lambda()>; F = grpc_core::RetryInterceptor::Attempt::ServerToClientGotInitialMetadata(grpc_core::ServerMetadataHandle)::<lambda()>]’ at ./src/core/lib/promise/if.h:216:23,
          inlined from ‘grpc_core::promise_detail::PromiseLike<F, typename std::enable_if<(! std::is_void<typename std::invoke_result<Releaser>::type>::value), void>::type>::WrappedResult grpc_core::promise_detail::PromiseLike<F, typename std::enable_if<(! std::is_void<typename std::invoke_result<Releaser>::type>::value), void>::type>::operator()() [with F = grpc_core::If<bool, grpc_core::RetryInterceptor::Attempt::ServerToClientGotInitialMetadata(grpc_core::ServerMetadataHandle)::<lambda()>, grpc_core::RetryInterceptor::Attempt::ServerToClientGotInitialMetadata(grpc_core::ServerMetadataHandle)::<lambda()> >]’ at ./src/core/lib/promise/detail/promise_like.h:216:25,
          inlined from ‘grpc_core::Poll<typename grpc_core::PollTraits<decltype (declval<typename grpc_core::promise_detail::OncePromiseFactory<void, F>::Promise>()())>::Type> grpc_core::If<bool, T, F>::operator()() [with T = grpc_core::RetryInterceptor::Attempt::ServerToClient()::<lambda(std::optional<std::unique_ptr<grpc_metadata_batch, grpc_core::Arena::PooledDeleter> >)>::<lambda()>; F = grpc_core::RetryInterceptor::Attempt::ServerToClient()::<lambda(std::optional<std::unique_ptr<grpc_metadata_batch, grpc_core::Arena::PooledDeleter> >)>::<lambda()>]’ at ./src/core/lib/promise/if.h:216:23,
          inlined from ‘grpc_core::promise_detail::PromiseLike<F, typename std::enable_if<(! std::is_void<typename std::invoke_result<Releaser>::type>::value), void>::type>::WrappedResult grpc_core::promise_detail::PromiseLike<F, typename std::enable_if<(! std::is_void<typename std::invoke_result<Releaser>::type>::value), void>::type>::operator()() [with F = grpc_core::If<bool, grpc_core::RetryInterceptor::Attempt::ServerToClient()::<lambda(std::optional<std::unique_ptr<grpc_metadata_batch, grpc_core::Arena::PooledDeleter> >)>::<lambda()>, grpc_core::RetryInterceptor::Attempt::ServerToClient()::<lambda(std::optional<std::unique_ptr<grpc_metadata_batch, grpc_core::Arena::PooledDeleter> >)>::<lambda()> >]’ at ./src/core/lib/promise/detail/promise_like.h:216:25,
          inlined from ‘grpc_core::Poll<typename Traits<typename grpc_core::promise_detail::OncePromiseFactory<typename Traits<typename grpc_core::promise_detail::PromiseLike<F>::Result>::UnwrappedType, F0>::Promise::Result>::WrappedType> grpc_core::promise_detail::SeqState<Traits, P, F0>::PollOnce() [with Traits = grpc_core::promise_detail::TrySeqTraits; P = grpc_core::promise_detail::Seq<grpc_core::CallFilters::PullServerInitialMetadata()::<lambda()>, grpc_core::CallFilters::PullServerInitialMetadata()::<lambda(bool)> >; F0 = grpc_core::RetryInterceptor::Attempt::ServerToClient()::<lambda(std::optional<std::unique_ptr<grpc_metadata_batch, grpc_core::Arena::PooledDeleter> >)>]’ at ./src/core/lib/promise/detail/seq_state.h:197:14,
          inlined from ‘auto grpc_core::promise_detail::TrySeq<P, Fs>::operator()() [with P = grpc_core::promise_detail::Seq<grpc_core::CallFilters::PullServerInitialMetadata()::<lambda()>, grpc_core::CallFilters::PullServerInitialMetadata()::<lambda(bool)> >; Fs = {grpc_core::RetryInterceptor::Attempt::ServerToClient()::<lambda(std::optional<std::unique_ptr<grpc_metadata_batch, grpc_core::Arena::PooledDeleter> >)>}]’ at ./src/core/lib/promise/try_seq.h:263:28,
          inlined from ‘grpc_core::promise_detail::PromiseLike<F, typename std::enable_if<(! std::is_void<typename std::invoke_result<Releaser>::type>::value), void>::type>::WrappedResult grpc_core::promise_detail::PromiseLike<F, typename std::enable_if<(! std::is_void<typename std::invoke_result<Releaser>::type>::value), void>::type>::operator()() [with F = grpc_core::promise_detail::TrySeq<grpc_core::promise_detail::Seq<grpc_core::CallFilters::PullServerInitialMetadata()::<lambda()>, grpc_core::CallFilters::PullServerInitialMetadata()::<lambda(bool)> >, grpc_core::RetryInterceptor::Attempt::ServerToClient()::<lambda(std::optional<std::unique_ptr<grpc_metadata_batch, grpc_core::Arena::PooledDeleter> >)> >]’ at ./src/core/lib/promise/detail/promise_like.h:216:25,
          inlined from ‘bool grpc_core::Party::ParticipantImpl<SuppliedFactory, OnComplete>::PollParticipantPromise() [with SuppliedFactory = grpc_core::RetryInterceptor::Attempt::ClientToServer()::<lambda(grpc_core::ClientMetadataHandle)>::<lambda()>; OnComplete = grpc_core::CallSpine::SpawnGuarded<grpc_core::RetryInterceptor::Attempt::ClientToServer()::<lambda(grpc_core::ClientMetadataHandle)>::<lambda()> >(absl::lts_20250512::string_view, grpc_core::RetryInterceptor::Attempt::ClientToServer()::<lambda(grpc_core::ClientMetadataHandle)>::<lambda()>, grpc_core::DebugLocation)::<lambda(ResultType)>]’ at ./src/core/lib/promise/party.h:454:12:
      ./src/core/call/call_filters.h:1424:20: warning: ‘<unnamed>.grpc_core::CallFilters::MessageExecutor<grpc_core::CallFilters::push_server_to_client_message_, grpc_core::filters_detail::StackData::server_to_client_messages, grpc_core::CallState::FinishPullServerToClientMessage, std::reverse_iterator<const grpc_core::CallFilters::AddedStack*> >::executor_.grpc_core::filters_detail::OperationExecutor<std::unique_ptr<grpc_core::Message, grpc_core::Arena::PooledDeleter> >::ops_’ may be used uninitialized [-Wmaybe-uninitialized]
       1424 |       : ops_(other.ops_), end_ops_(other.end_ops_) {
            |              ~~~~~~^~~~
      ./src/core/lib/promise/detail/promise_factory.h: In member function ‘bool grpc_core::Party::ParticipantImpl<SuppliedFactory, OnComplete>::PollParticipantPromise() [with SuppliedFactory = grpc_core::RetryInterceptor::Attempt::ClientToServer()::<lambda(grpc_core::ClientMetadataHandle)>::<lambda()>; OnComplete = grpc_core::CallSpine::SpawnGuarded<grpc_core::RetryInterceptor::Attempt::ClientToServer()::<lambda(grpc_core::ClientMetadataHandle)>::<lambda()> >(absl::lts_20250512::string_view, grpc_core::RetryInterceptor::Attempt::ClientToServer()::<lambda(grpc_core::ClientMetadataHandle)>::<lambda()>, grpc_core::DebugLocation)::<lambda(ResultType)>]’:
      ./src/core/lib/promise/detail/promise_factory.h:211:11: note: ‘<anonymous>’ declared here
        211 |   return f();
            |          ~^~
      In constructor ‘grpc_core::filters_detail::OperationExecutor<T>::OperationExecutor(grpc_core::filters_detail::OperationExecutor<T>&&) [with T = std::unique_ptr<grpc_core::Message, grpc_core::Arena::PooledDeleter>]’,
          inlined from ‘grpc_core::CallFilters::MessageExecutor<&grpc_core::CallFilters::push_server_to_client_message_, &grpc_core::filters_detail::StackData::server_to_client_messages, &grpc_core::CallState::FinishPullServerToClientMessage, std::reverse_iterator<const grpc_core::CallFilters::AddedStack*> >::MessageExecutor(grpc_core::CallFilters::MessageExecutor<&grpc_core::CallFilters::push_server_to_client_message_, &grpc_core::filters_detail::StackData::server_to_client_messages, &grpc_core::CallState::FinishPullServerToClientMessage, std::reverse_iterator<const grpc_core::CallFilters::AddedStack*> >&&)’ at ./src/core/call/call_filters.h:1886:9,
          inlined from ‘grpc_core::promise_detail::PromiseLike<F, typename std::enable_if<(! std::is_void<typename std::invoke_result<Releaser>::type>::value), void>::type>::PromiseLike(F&&) [with F = grpc_core::CallFilters::MessageExecutor<&grpc_core::CallFilters::push_server_to_client_message_, &grpc_core::filters_detail::StackData::server_to_client_messages, &grpc_core::CallState::FinishPullServerToClientMessage, std::reverse_iterator<const grpc_core::CallFilters::AddedStack*> >]’ at ./src/core/lib/promise/detail/promise_like.h:214:9,
          inlined from ‘std::enable_if_t<((bool)grpc_core::promise_detail::IsVoidCallable<typename grpc_core::promise_detail::ResultOfT<F(), void>::T>::value), grpc_core::promise_detail::PromiseLike<decltype (declval<F>()())> > grpc_core::promise_detail::PromiseFactoryImpl(Token, F&&) [with Token = OnceToken; F = grpc_core::CallFilters::PullServerToClientMessage()::<lambda(bool)>::<lambda()>]’ at ./src/core/lib/promise/detail/promise_factory.h:211:12,
          inlined from ‘grpc_core::promise_detail::OncePromiseFactory<void, F>::Promise grpc_core::promise_detail::OncePromiseFactory<void, F>::Make() [with F = grpc_core::CallFilters::PullServerToClientMessage()::<lambda(bool)>::<lambda()>]’ at ./src/core/lib/promise/detail/promise_factory.h:250:57,
          inlined from ‘grpc_core::If<bool, T, F>::If(bool, T, F) [with T = grpc_core::CallFilters::PullServerToClientMessage()::<lambda(bool)>::<lambda()>; F = grpc_core::CallFilters::PullServerToClientMessage()::<lambda(bool)>::<lambda()>]’ at ./src/core/lib/promise/if.h:181:45,
          inlined from ‘grpc_core::CallFilters::PullServerToClientMessage()::<lambda(bool)>’ at ./src/core/call/call_filters.h:2049:16,
          inlined from ‘std::enable_if_t<((bool)grpc_core::promise_detail::IsVoidCallable<typename grpc_core::promise_detail::ResultOfT<F(A), void>::T>::value), grpc_core::promise_detail::PromiseLike<decltype (declval<F>()(declval<A>()))> > grpc_core::promise_detail::PromiseFactoryImpl(Token, F&&, A&&) [with Token = OnceToken; A = bool; F = grpc_core::CallFilters::PullServerToClientMessage()::<lambda(bool)>]’ at ./src/core/lib/promise/detail/promise_factory.h:183:11,
          inlined from ‘grpc_core::promise_detail::OncePromiseFactory<A, F>::Promise grpc_core::promise_detail::OncePromiseFactory<A, F>::Make(Arg&&) [with A = bool; F = grpc_core::CallFilters::PullServerToClientMessage()::<lambda(bool)>]’ at ./src/core/lib/promise/detail/promise_factory.h:232:79,
          inlined from ‘static auto grpc_core::promise_detail::TrySeqTraitsWithSfinae<T, typename std::enable_if<((std::is_same<decltype (grpc_core::IsStatusOk(declval<T>())), bool>::value && grpc_core::promise_detail::TakeValueExists<T>::value) && grpc_core::promise_detail::AllowGenericTrySeqTraits<T>::value), void>::type>::CallFactory(Next*, T&&) [with Next = grpc_core::promise_detail::OncePromiseFactory<bool, grpc_core::CallFilters::PullServerToClientMessage()::<lambda(bool)> >; T = grpc_core::ValueOrFailure<bool>]’ at ./src/core/lib/promise/try_seq.h:200:57,
          inlined from ‘grpc_core::Poll<typename Traits<typename grpc_core::promise_detail::OncePromiseFactory<typename Traits<typename grpc_core::promise_detail::PromiseLike<F>::Result>::UnwrappedType, F0>::Promise::Result>::WrappedType> grpc_core::promise_detail::SeqState<Traits, P, F0>::PollOnce() [with Traits = grpc_core::promise_detail::TrySeqTraits; P = grpc_core::CallFilters::PullServerToClientMessage()::<lambda()>; F0 = grpc_core::CallFilters::PullServerToClientMessage()::<lambda(bool)>]’ at ./src/core/lib/promise/detail/seq_state.h:185:14,
          inlined from ‘auto grpc_core::promise_detail::TrySeq<P, Fs>::operator()() [with P = grpc_core::CallFilters::PullServerToClientMessage()::<lambda()>; Fs = {grpc_core::CallFilters::PullServerToClientMessage()::<lambda(bool)>}]’ at ./src/core/lib/promise/try_seq.h:263:28,
          inlined from ‘grpc_core::Poll<decltype (grpc_core::for_each_detail::Done<typename grpc_core::PollTraits<decltype (declval<typename grpc_core::promise_detail::RepeatedPromiseFactory<typename grpc_core::for_each_detail::NextValueTraits<typename grpc_core::PollTraits<decltype (declval<decltype (declval<Reader>().Next())>()())>::Type, void>::Value, Action>::Promise>()())>::Type>::Make(false))> grpc_core::for_each_detail::ForEach<Reader, Action>::PollReaderNext() [with Reader = grpc_core::MessagesFrom<CallInitiator>(CallInitiator)::Wrapper; Action = grpc_core::RetryInterceptor::Attempt::ServerToClientGotInitialMetadata(grpc_core::ServerMetadataHandle)::<lambda()>::<lambda(grpc_core::MessageHandle)>]’ at ./src/core/lib/promise/for_each.h:183:10,
          inlined from ‘grpc_core::Poll<decltype (grpc_core::for_each_detail::Done<typename grpc_core::PollTraits<decltype (declval<typename grpc_core::promise_detail::RepeatedPromiseFactory<typename grpc_core::for_each_detail::NextValueTraits<typename grpc_core::PollTraits<decltype (declval<decltype (declval<Reader>().Next())>()())>::Type, void>::Value, Action>::Promise>()())>::Type>::Make(false))> grpc_core::for_each_detail::ForEach<Reader, Action>::operator()() [with Reader = grpc_core::MessagesFrom<CallInitiator>(CallInitiator)::Wrapper; Action = grpc_core::RetryInterceptor::Attempt::ServerToClientGotInitialMetadata(grpc_core::ServerMetadataHandle)::<lambda()>::<lambda(grpc_core::MessageHandle)>]’ at ./src/core/lib/promise/for_each.h:163:46,
          inlined from ‘grpc_core::promise_detail::PromiseLike<F, typename std::enable_if<(! std::is_void<typename std::invoke_result<Releaser>::type>::value), void>::type>::WrappedResult grpc_core::promise_detail::PromiseLike<F, typename std::enable_if<(! std::is_void<typename std::invoke_result<Releaser>::type>::value), void>::type>::operator()() [with F = grpc_core::for_each_detail::ForEach<grpc_core::MessagesFrom<CallInitiator>(CallInitiator)::Wrapper, grpc_core::RetryInterceptor::Attempt::ServerToClientGotInitialMetadata(grpc_core::ServerMetadataHandle)::<lambda()>::<lambda(grpc_core::MessageHandle)> >]’ at ./src/core/lib/promise/detail/promise_like.h:216:25,
          inlined from ‘grpc_core::Poll<typename Traits<typename grpc_core::promise_detail::OncePromiseFactory<typename Traits<typename grpc_core::promise_detail::OncePromiseFactory<typename Traits<typename grpc_core::promise_detail::PromiseLike<F>::Result>::UnwrappedType, F0>::Promise::Result>::UnwrappedType, F1>::Promise::Result>::WrappedType> grpc_core::promise_detail::SeqState<Traits, P, F0, F1>::PollOnce() [with Traits = grpc_core::promise_detail::SeqTraits; P = grpc_core::for_each_detail::ForEach<grpc_core::MessagesFrom<CallInitiator>(CallInitiator)::Wrapper, grpc_core::RetryInterceptor::Attempt::ServerToClientGotInitialMetadata(grpc_core::ServerMetadataHandle)::<lambda()>::<lambda(grpc_core::MessageHandle)> >; F0 = grpc_core::Map<grpc_core::Map<grpc_core::CallFilters::PullServerTrailingMetadata()::<lambda()>, grpc_core::CallFilters::PullServerTrailingMetadata()::<lambda(grpc_core::Empty)> >, grpc_core::CallSpine::PullServerTrailingMetadata()::<lambda(grpc_core::ServerMetadataHandle)> >; F1 = grpc_core::RetryInterceptor::Attempt::ServerToClientGotInitialMetadata(grpc_core::ServerMetadataHandle)::<lambda()>::<lambda(grpc_core::ServerMetadataHandle)>]’ at ./src/core/lib/promise/detail/seq_state.h:326:14,
          inlined from ‘auto grpc_core::promise_detail::Seq<P, Fs>::operator()() [with P = grpc_core::for_each_detail::ForEach<grpc_core::MessagesFrom<CallInitiator>(CallInitiator)::Wrapper, grpc_core::RetryInterceptor::Attempt::ServerToClientGotInitialMetadata(grpc_core::ServerMetadataHandle)::<lambda()>::<lambda(grpc_core::MessageHandle)> >; Fs = {grpc_core::Map<grpc_core::Map<grpc_core::CallFilters::PullServerTrailingMetadata()::<lambda()>, grpc_core::CallFilters::PullServerTrailingMetadata()::<lambda(grpc_core::Empty)> >, grpc_core::CallSpine::PullServerTrailingMetadata()::<lambda(grpc_core::ServerMetadataHandle)> >, grpc_core::RetryInterceptor::Attempt::ServerToClientGotInitialMetadata(grpc_core::ServerMetadataHandle)::<lambda()>::<lambda(grpc_core::ServerMetadataHandle)>}]’ at ./src/core/lib/promise/seq.h:108:28,
          inlined from ‘grpc_core::promise_detail::PromiseLike<F, typename std::enable_if<(! std::is_void<typename std::invoke_result<Releaser>::type>::value), void>::type>::WrappedResult grpc_core::promise_detail::PromiseLike<F, typename std::enable_if<(! std::is_void<typename std::invoke_result<Releaser>::type>::value), void>::type>::operator()() [with F = grpc_core::promise_detail::Seq<grpc_core::for_each_detail::ForEach<grpc_core::MessagesFrom<CallInitiator>(CallInitiator)::Wrapper, grpc_core::RetryInterceptor::Attempt::ServerToClientGotInitialMetadata(grpc_core::ServerMetadataHandle)::<lambda()>::<lambda(grpc_core::MessageHandle)> >, grpc_core::Map<grpc_core::Map<grpc_core::CallFilters::PullServerTrailingMetadata()::<lambda()>, grpc_core::CallFilters::PullServerTrailingMetadata()::<lambda(grpc_core::Empty)> >, grpc_core::CallSpine::PullServerTrailingMetadata()::<lambda(grpc_core::ServerMetadataHandle)> >, grpc_core::RetryInterceptor::Attempt::ServerToClientGotInitialMetadata(grpc_core::ServerMetadataHandle)::<lambda()>::<lambda(grpc_core::ServerMetadataHandle)> >]’ at ./src/core/lib/promise/detail/promise_like.h:216:25,
          inlined from ‘grpc_core::Poll<typename grpc_core::PollTraits<decltype (declval<typename grpc_core::promise_detail::OncePromiseFactory<void, F>::Promise>()())>::Type> grpc_core::If<bool, T, F>::operator()() [with T = grpc_core::RetryInterceptor::Attempt::ServerToClientGotInitialMetadata(grpc_core::ServerMetadataHandle)::<lambda()>; F = grpc_core::RetryInterceptor::Attempt::ServerToClientGotInitialMetadata(grpc_core::ServerMetadataHandle)::<lambda()>]’ at ./src/core/lib/promise/if.h:216:23,
          inlined from ‘grpc_core::promise_detail::PromiseLike<F, typename std::enable_if<(! std::is_void<typename std::invoke_result<Releaser>::type>::value), void>::type>::WrappedResult grpc_core::promise_detail::PromiseLike<F, typename std::enable_if<(! std::is_void<typename std::invoke_result<Releaser>::type>::value), void>::type>::operator()() [with F = grpc_core::If<bool, grpc_core::RetryInterceptor::Attempt::ServerToClientGotInitialMetadata(grpc_core::ServerMetadataHandle)::<lambda()>, grpc_core::RetryInterceptor::Attempt::ServerToClientGotInitialMetadata(grpc_core::ServerMetadataHandle)::<lambda()> >]’ at ./src/core/lib/promise/detail/promise_like.h:216:25,
          inlined from ‘grpc_core::Poll<typename grpc_core::PollTraits<decltype (declval<typename grpc_core::promise_detail::OncePromiseFactory<void, F>::Promise>()())>::Type> grpc_core::If<bool, T, F>::operator()() [with T = grpc_core::RetryInterceptor::Attempt::ServerToClient()::<lambda(std::optional<std::unique_ptr<grpc_metadata_batch, grpc_core::Arena::PooledDeleter> >)>::<lambda()>; F = grpc_core::RetryInterceptor::Attempt::ServerToClient()::<lambda(std::optional<std::unique_ptr<grpc_metadata_batch, grpc_core::Arena::PooledDeleter> >)>::<lambda()>]’ at ./src/core/lib/promise/if.h:216:23,
          inlined from ‘grpc_core::promise_detail::PromiseLike<F, typename std::enable_if<(! std::is_void<typename std::invoke_result<Releaser>::type>::value), void>::type>::WrappedResult grpc_core::promise_detail::PromiseLike<F, typename std::enable_if<(! std::is_void<typename std::invoke_result<Releaser>::type>::value), void>::type>::operator()() [with F = grpc_core::If<bool, grpc_core::RetryInterceptor::Attempt::ServerToClient()::<lambda(std::optional<std::unique_ptr<grpc_metadata_batch, grpc_core::Arena::PooledDeleter> >)>::<lambda()>, grpc_core::RetryInterceptor::Attempt::ServerToClient()::<lambda(std::optional<std::unique_ptr<grpc_metadata_batch, grpc_core::Arena::PooledDeleter> >)>::<lambda()> >]’ at ./src/core/lib/promise/detail/promise_like.h:216:25,
          inlined from ‘grpc_core::Poll<typename Traits<typename grpc_core::promise_detail::OncePromiseFactory<typename Traits<typename grpc_core::promise_detail::PromiseLike<F>::Result>::UnwrappedType, F0>::Promise::Result>::WrappedType> grpc_core::promise_detail::SeqState<Traits, P, F0>::PollOnce() [with Traits = grpc_core::promise_detail::TrySeqTraits; P = grpc_core::promise_detail::Seq<grpc_core::CallFilters::PullServerInitialMetadata()::<lambda()>, grpc_core::CallFilters::PullServerInitialMetadata()::<lambda(bool)> >; F0 = grpc_core::RetryInterceptor::Attempt::ServerToClient()::<lambda(std::optional<std::unique_ptr<grpc_metadata_batch, grpc_core::Arena::PooledDeleter> >)>]’ at ./src/core/lib/promise/detail/seq_state.h:197:14,
          inlined from ‘auto grpc_core::promise_detail::TrySeq<P, Fs>::operator()() [with P = grpc_core::promise_detail::Seq<grpc_core::CallFilters::PullServerInitialMetadata()::<lambda()>, grpc_core::CallFilters::PullServerInitialMetadata()::<lambda(bool)> >; Fs = {grpc_core::RetryInterceptor::Attempt::ServerToClient()::<lambda(std::optional<std::unique_ptr<grpc_metadata_batch, grpc_core::Arena::PooledDeleter> >)>}]’ at ./src/core/lib/promise/try_seq.h:263:28,
          inlined from ‘grpc_core::promise_detail::PromiseLike<F, typename std::enable_if<(! std::is_void<typename std::invoke_result<Releaser>::type>::value), void>::type>::WrappedResult grpc_core::promise_detail::PromiseLike<F, typename std::enable_if<(! std::is_void<typename std::invoke_result<Releaser>::type>::value), void>::type>::operator()() [with F = grpc_core::promise_detail::TrySeq<grpc_core::promise_detail::Seq<grpc_core::CallFilters::PullServerInitialMetadata()::<lambda()>, grpc_core::CallFilters::PullServerInitialMetadata()::<lambda(bool)> >, grpc_core::RetryInterceptor::Attempt::ServerToClient()::<lambda(std::optional<std::unique_ptr<grpc_metadata_batch, grpc_core::Arena::PooledDeleter> >)> >]’ at ./src/core/lib/promise/detail/promise_like.h:216:25,
          inlined from ‘bool grpc_core::Party::ParticipantImpl<SuppliedFactory, OnComplete>::PollParticipantPromise() [with SuppliedFactory = grpc_core::RetryInterceptor::Attempt::ClientToServer()::<lambda(grpc_core::ClientMetadataHandle)>::<lambda()>; OnComplete = grpc_core::CallSpine::SpawnGuarded<grpc_core::RetryInterceptor::Attempt::ClientToServer()::<lambda(grpc_core::ClientMetadataHandle)>::<lambda()> >(absl::lts_20250512::string_view, grpc_core::RetryInterceptor::Attempt::ClientToServer()::<lambda(grpc_core::ClientMetadataHandle)>::<lambda()>, grpc_core::DebugLocation)::<lambda(ResultType)>]’ at ./src/core/lib/promise/party.h:454:12:
      ./src/core/call/call_filters.h:1424:42: warning: ‘<unnamed>.grpc_core::CallFilters::MessageExecutor<grpc_core::CallFilters::push_server_to_client_message_, grpc_core::filters_detail::StackData::server_to_client_messages, grpc_core::CallState::FinishPullServerToClientMessage, std::reverse_iterator<const grpc_core::CallFilters::AddedStack*> >::executor_.grpc_core::filters_detail::OperationExecutor<std::unique_ptr<grpc_core::Message, grpc_core::Arena::PooledDeleter> >::end_ops_’ may be used uninitialized [-Wmaybe-uninitialized]
       1424 |       : ops_(other.ops_), end_ops_(other.end_ops_) {
            |                                    ~~~~~~^~~~~~~~
      ./src/core/lib/promise/detail/promise_factory.h: In member function ‘bool grpc_core::Party::ParticipantImpl<SuppliedFactory, OnComplete>::PollParticipantPromise() [with SuppliedFactory = grpc_core::RetryInterceptor::Attempt::ClientToServer()::<lambda(grpc_core::ClientMetadataHandle)>::<lambda()>; OnComplete = grpc_core::CallSpine::SpawnGuarded<grpc_core::RetryInterceptor::Attempt::ClientToServer()::<lambda(grpc_core::ClientMetadataHandle)>::<lambda()> >(absl::lts_20250512::string_view, grpc_core::RetryInterceptor::Attempt::ClientToServer()::<lambda(grpc_core::ClientMetadataHandle)>::<lambda()>, grpc_core::DebugLocation)::<lambda(ResultType)>]’:
      ./src/core/lib/promise/detail/promise_factory.h:211:11: note: ‘<anonymous>’ declared here
        211 |   return f();
            |          ~^~
      In member function ‘grpc_core::Poll<bool> grpc_core::CallState::PollPullServerInitialMetadataAvailable()’,
          inlined from ‘grpc_core::CallFilters::PullServerInitialMetadata()::<lambda()>’ at ./src/core/call/call_filters.h:1963:69,
          inlined from ‘grpc_core::promise_detail::PromiseLike<F, typename std::enable_if<(! std::is_void<typename std::invoke_result<Releaser>::type>::value), void>::type>::WrappedResult grpc_core::promise_detail::PromiseLike<F, typename std::enable_if<(! std::is_void<typename std::invoke_result<Releaser>::type>::value), void>::type>::operator()() [with F = grpc_core::CallFilters::PullServerInitialMetadata()::<lambda()>]’ at ./src/core/lib/promise/detail/promise_like.h:216:25,
          inlined from ‘grpc_core::Poll<typename Traits<typename grpc_core::promise_detail::OncePromiseFactory<typename Traits<typename grpc_core::promise_detail::PromiseLike<F>::Result>::UnwrappedType, F0>::Promise::Result>::WrappedType> grpc_core::promise_detail::SeqState<Traits, P, F0>::PollOnce() [with Traits = grpc_core::promise_detail::SeqTraits; P = grpc_core::CallFilters::PullServerInitialMetadata()::<lambda()>; F0 = grpc_core::CallFilters::PullServerInitialMetadata()::<lambda(bool)>]’ at ./src/core/lib/promise/detail/seq_state.h:167:14,
          inlined from ‘auto grpc_core::promise_detail::Seq<P, Fs>::operator()() [with P = grpc_core::CallFilters::PullServerInitialMetadata()::<lambda()>; Fs = {grpc_core::CallFilters::PullServerInitialMetadata()::<lambda(bool)>}]’ at ./src/core/lib/promise/seq.h:108:28,
          inlined from ‘grpc_core::promise_detail::PromiseLike<F, typename std::enable_if<(! std::is_void<typename std::invoke_result<Releaser>::type>::value), void>::type>::WrappedResult grpc_core::promise_detail::PromiseLike<F, typename std::enable_if<(! std::is_void<typename std::invoke_result<Releaser>::type>::value), void>::type>::operator()() [with F = grpc_core::promise_detail::Seq<grpc_core::CallFilters::PullServerInitialMetadata()::<lambda()>, grpc_core::CallFilters::PullServerInitialMetadata()::<lambda(bool)> >]’ at ./src/core/lib/promise/detail/promise_like.h:216:25,
          inlined from ‘grpc_core::Poll<typename Traits<typename grpc_core::promise_detail::OncePromiseFactory<typename Traits<typename grpc_core::promise_detail::PromiseLike<F>::Result>::UnwrappedType, F0>::Promise::Result>::WrappedType> grpc_core::promise_detail::SeqState<Traits, P, F0>::PollOnce() [with Traits = grpc_core::promise_detail::TrySeqTraits; P = grpc_core::promise_detail::Seq<grpc_core::CallFilters::PullServerInitialMetadata()::<lambda()>, grpc_core::CallFilters::PullServerInitialMetadata()::<lambda(bool)> >; F0 = grpc_core::RetryInterceptor::Attempt::ServerToClient()::<lambda(std::optional<std::unique_ptr<grpc_metadata_batch, grpc_core::Arena::PooledDeleter> >)>]’ at ./src/core/lib/promise/detail/seq_state.h:167:14,
          inlined from ‘auto grpc_core::promise_detail::TrySeq<P, Fs>::operator()() [with P = grpc_core::promise_detail::Seq<grpc_core::CallFilters::PullServerInitialMetadata()::<lambda()>, grpc_core::CallFilters::PullServerInitialMetadata()::<lambda(bool)> >; Fs = {grpc_core::RetryInterceptor::Attempt::ServerToClient()::<lambda(std::optional<std::unique_ptr<grpc_metadata_batch, grpc_core::Arena::PooledDeleter> >)>}]’ at ./src/core/lib/promise/try_seq.h:263:28,
          inlined from ‘grpc_core::promise_detail::PromiseLike<F, typename std::enable_if<(! std::is_void<typename std::invoke_result<Releaser>::type>::value), void>::type>::WrappedResult grpc_core::promise_detail::PromiseLike<F, typename std::enable_if<(! std::is_void<typename std::invoke_result<Releaser>::type>::value), void>::type>::operator()() [with F = grpc_core::promise_detail::TrySeq<grpc_core::promise_detail::Seq<grpc_core::CallFilters::PullServerInitialMetadata()::<lambda()>, grpc_core::CallFilters::PullServerInitialMetadata()::<lambda(bool)> >, grpc_core::RetryInterceptor::Attempt::ServerToClient()::<lambda(std::optional<std::unique_ptr<grpc_metadata_batch, grpc_core::Arena::PooledDeleter> >)> >]’ at ./src/core/lib/promise/detail/promise_like.h:216:25,
          inlined from ‘bool grpc_core::Party::ParticipantImpl<SuppliedFactory, OnComplete>::PollParticipantPromise() [with SuppliedFactory = grpc_core::RetryInterceptor::Attempt::ClientToServer()::<lambda(grpc_core::ClientMetadataHandle)>::<lambda()>; OnComplete = grpc_core::CallSpine::SpawnGuarded<grpc_core::RetryInterceptor::Attempt::ClientToServer()::<lambda(grpc_core::ClientMetadataHandle)>::<lambda()> >(absl::lts_20250512::string_view, grpc_core::RetryInterceptor::Attempt::ClientToServer()::<lambda(grpc_core::ClientMetadataHandle)>::<lambda()>, grpc_core::DebugLocation)::<lambda(ResultType)>]’ at ./src/core/lib/promise/party.h:454:12:
      ./src/core/call/call_state.h:798:15: warning: ‘reading’ may be used uninitialized [-Wmaybe-uninitialized]
        797 |           reading
            |           ~~~~~~~
        798 |               ? ServerToClientPullState::kProcessingServerInitialMetadataReading
            |               ^~~~~~~~~~~~~~~~~~~~~~~~~~~~~~~~~~~~~~~~~~~~~~~~~~~~~~~~~~~~~~~~~~
        799 |               : ServerToClientPullState::kProcessingServerInitialMetadata;
            |               ~~~~~~~~~~~~~~~~~~~~~~~~~~~~~~~~~~~~~~~~~~~~~~~~~~~~~~~~~~~
      ./src/core/call/call_state.h: In member function ‘bool grpc_core::Party::ParticipantImpl<SuppliedFactory, OnComplete>::PollParticipantPromise() [with SuppliedFactory = grpc_core::RetryInterceptor::Attempt::ClientToServer()::<lambda(grpc_core::ClientMetadataHandle)>::<lambda()>; OnComplete = grpc_core::CallSpine::SpawnGuarded<grpc_core::RetryInterceptor::Attempt::ClientToServer()::<lambda(grpc_core::ClientMetadataHandle)>::<lambda()> >(absl::lts_20250512::string_view, grpc_core::RetryInterceptor::Attempt::ClientToServer()::<lambda(grpc_core::ClientMetadataHandle)>::<lambda()>, grpc_core::DebugLocation)::<lambda(ResultType)>]’:
      ./src/core/call/call_state.h:751:8: note: ‘reading’ was declared here
        751 |   bool reading;
            |        ^~~~~~~
      In file included from ./src/core/lib/promise/activity.h:30,
                       from ./src/core/lib/resource_quota/memory_quota.h:39,
                       from ./src/core/lib/resource_quota/arena.h:39,
                       from ./src/core/service_config/service_config_call_data.h:26,
                       from ./src/core/load_balancing/ring_hash/ring_hash.h:23,
                       from src/core/load_balancing/ring_hash/ring_hash.cc:17:
      ./src/core/lib/promise/detail/promise_factory.h:210:5: warning: ‘always_inline’ function might not be inlinable unless also declared ‘inline’ [-Wattributes]
        210 |     PromiseFactoryImpl(Token, F&& f) {
            |     ^~~~~~~~~~~~~~~~~~
      ./src/core/lib/promise/detail/promise_factory.h:210:5: warning: ‘always_inline’ function might not be inlinable unless also declared ‘inline’ [-Wattributes]
      ./src/core/lib/promise/detail/promise_factory.h:210:5: warning: ‘always_inline’ function might not be inlinable unless also declared ‘inline’ [-Wattributes]
      ./src/core/lib/promise/detail/promise_factory.h:210:5: warning: ‘always_inline’ function might not be inlinable unless also declared ‘inline’ [-Wattributes]
      ./src/core/lib/promise/detail/promise_factory.h:210:5: warning: ‘always_inline’ function might not be inlinable unless also declared ‘inline’ [-Wattributes]
      ./src/core/lib/promise/detail/promise_factory.h:210:5: warning: ‘always_inline’ function might not be inlinable unless also declared ‘inline’ [-Wattributes]
      ./src/core/lib/promise/detail/promise_factory.h:210:5: warning: ‘always_inline’ function might not be inlinable unless also declared ‘inline’ [-Wattributes]
      g++ -fno-strict-overflow -Wsign-compare -DNDEBUG -g -O3 -Wall -fPIC -D_WIN32_WINNT=1536 -DGRPC_XDS_USER_AGENT_NAME_SUFFIX=\"Python\" -DGRPC_XDS_USER_AGENT_VERSION_SUFFIX=\"1.79.0.dev0\" -DHAVE_CONFIG_H=1 -DGRPC_ENABLE_FORK_SUPPORT=1 -DGRPC_ENABLE_FORK_SUPPORT_DEFAULT=false -DGRPC_PYTHON_BUILD=1 -D__STDC_FORMAT_MACROS "-DPyMODINIT_FUNC=extern \"C\" __attribute__((visibility (\"default\"))) PyObject*" -DGRPC_POSIX_FORK_ALLOW_PTHREAD_ATFORK=1 -Isrc/python/grpcio -Iinclude -I. -Ithird_party/abseil-cpp -Ithird_party/address_sorting/include -Ithird_party/cares/cares/include -Ithird_party/cares -Ithird_party/cares/cares -Ithird_party/cares/cares/src/lib/include -Ithird_party/cares/cares/src/lib -Ithird_party/cares/config_linux -Ithird_party/re2 -Ithird_party/boringssl-with-bazel/src/include -Ithird_party/upb -Isrc/core/ext/upb-gen -Isrc/core/ext/upbdefs-gen -Ithird_party/utf8_range -Ithird_party/xxhash -Ithird_party/zlib -I/usr/local/google/home/ssreenithi/.pyenv/versions/3.12.0/envs/pyvenv_312/include -I/usr/local/google/home/ssreenithi/.pyenv/versions/3.12.0/include/python3.12 -c third_party/re2/re2/dfa.cc -o pyb/temp.linux-x86_64-cpython-312/third_party/re2/re2/dfa.o -std=c++17 -fvisibility=hidden -fno-wrapv -fno-exceptions -pthread
      g++ -fno-strict-overflow -Wsign-compare -DNDEBUG -g -O3 -Wall -fPIC -D_WIN32_WINNT=1536 -DGRPC_XDS_USER_AGENT_NAME_SUFFIX=\"Python\" -DGRPC_XDS_USER_AGENT_VERSION_SUFFIX=\"1.79.0.dev0\" -DHAVE_CONFIG_H=1 -DGRPC_ENABLE_FORK_SUPPORT=1 -DGRPC_ENABLE_FORK_SUPPORT_DEFAULT=false -DGRPC_PYTHON_BUILD=1 -D__STDC_FORMAT_MACROS "-DPyMODINIT_FUNC=extern \"C\" __attribute__((visibility (\"default\"))) PyObject*" -DGRPC_POSIX_FORK_ALLOW_PTHREAD_ATFORK=1 -Isrc/python/grpcio -Iinclude -I. -Ithird_party/abseil-cpp -Ithird_party/address_sorting/include -Ithird_party/cares/cares/include -Ithird_party/cares -Ithird_party/cares/cares -Ithird_party/cares/cares/src/lib/include -Ithird_party/cares/cares/src/lib -Ithird_party/cares/config_linux -Ithird_party/re2 -Ithird_party/boringssl-with-bazel/src/include -Ithird_party/upb -Isrc/core/ext/upb-gen -Isrc/core/ext/upbdefs-gen -Ithird_party/utf8_range -Ithird_party/xxhash -Ithird_party/zlib -I/usr/local/google/home/ssreenithi/.pyenv/versions/3.12.0/envs/pyvenv_312/include -I/usr/local/google/home/ssreenithi/.pyenv/versions/3.12.0/include/python3.12 -c third_party/boringssl-with-bazel/src/ssl/ssl_lib.cc -o pyb/temp.linux-x86_64-cpython-312/third_party/boringssl-with-bazel/src/ssl/ssl_lib.o -std=c++17 -fvisibility=hidden -fno-wrapv -fno-exceptions -pthread
      g++ -fno-strict-overflow -Wsign-compare -DNDEBUG -g -O3 -Wall -fPIC -D_WIN32_WINNT=1536 -DGRPC_XDS_USER_AGENT_NAME_SUFFIX=\"Python\" -DGRPC_XDS_USER_AGENT_VERSION_SUFFIX=\"1.79.0.dev0\" -DHAVE_CONFIG_H=1 -DGRPC_ENABLE_FORK_SUPPORT=1 -DGRPC_ENABLE_FORK_SUPPORT_DEFAULT=false -DGRPC_PYTHON_BUILD=1 -D__STDC_FORMAT_MACROS "-DPyMODINIT_FUNC=extern \"C\" __attribute__((visibility (\"default\"))) PyObject*" -DGRPC_POSIX_FORK_ALLOW_PTHREAD_ATFORK=1 -Isrc/python/grpcio -Iinclude -I. -Ithird_party/abseil-cpp -Ithird_party/address_sorting/include -Ithird_party/cares/cares/include -Ithird_party/cares -Ithird_party/cares/cares -Ithird_party/cares/cares/src/lib/include -Ithird_party/cares/cares/src/lib -Ithird_party/cares/config_linux -Ithird_party/re2 -Ithird_party/boringssl-with-bazel/src/include -Ithird_party/upb -Isrc/core/ext/upb-gen -Isrc/core/ext/upbdefs-gen -Ithird_party/utf8_range -Ithird_party/xxhash -Ithird_party/zlib -I/usr/local/google/home/ssreenithi/.pyenv/versions/3.12.0/envs/pyvenv_312/include -I/usr/local/google/home/ssreenithi/.pyenv/versions/3.12.0/include/python3.12 -c third_party/boringssl-with-bazel/src/ssl/dtls_method.cc -o pyb/temp.linux-x86_64-cpython-312/third_party/boringssl-with-bazel/src/ssl/dtls_method.o -std=c++17 -fvisibility=hidden -fno-wrapv -fno-exceptions -pthread
      g++ -fno-strict-overflow -Wsign-compare -DNDEBUG -g -O3 -Wall -fPIC -D_WIN32_WINNT=1536 -DGRPC_XDS_USER_AGENT_NAME_SUFFIX=\"Python\" -DGRPC_XDS_USER_AGENT_VERSION_SUFFIX=\"1.79.0.dev0\" -DHAVE_CONFIG_H=1 -DGRPC_ENABLE_FORK_SUPPORT=1 -DGRPC_ENABLE_FORK_SUPPORT_DEFAULT=false -DGRPC_PYTHON_BUILD=1 -D__STDC_FORMAT_MACROS "-DPyMODINIT_FUNC=extern \"C\" __attribute__((visibility (\"default\"))) PyObject*" -DGRPC_POSIX_FORK_ALLOW_PTHREAD_ATFORK=1 -Isrc/python/grpcio -Iinclude -I. -Ithird_party/abseil-cpp -Ithird_party/address_sorting/include -Ithird_party/cares/cares/include -Ithird_party/cares -Ithird_party/cares/cares -Ithird_party/cares/cares/src/lib/include -Ithird_party/cares/cares/src/lib -Ithird_party/cares/config_linux -Ithird_party/re2 -Ithird_party/boringssl-with-bazel/src/include -Ithird_party/upb -Isrc/core/ext/upb-gen -Isrc/core/ext/upbdefs-gen -Ithird_party/utf8_range -Ithird_party/xxhash -Ithird_party/zlib -I/usr/local/google/home/ssreenithi/.pyenv/versions/3.12.0/envs/pyvenv_312/include -I/usr/local/google/home/ssreenithi/.pyenv/versions/3.12.0/include/python3.12 -c third_party/boringssl-with-bazel/src/crypto/dh/dh_asn1.cc -o pyb/temp.linux-x86_64-cpython-312/third_party/boringssl-with-bazel/src/crypto/dh/dh_asn1.o -std=c++17 -fvisibility=hidden -fno-wrapv -fno-exceptions -pthread
      gcc -fno-strict-overflow -Wsign-compare -DNDEBUG -g -O3 -Wall -fPIC -D_WIN32_WINNT=1536 -DGRPC_XDS_USER_AGENT_NAME_SUFFIX=\"Python\" -DGRPC_XDS_USER_AGENT_VERSION_SUFFIX=\"1.79.0.dev0\" -DHAVE_CONFIG_H=1 -DGRPC_ENABLE_FORK_SUPPORT=1 -DGRPC_ENABLE_FORK_SUPPORT_DEFAULT=false -DGRPC_PYTHON_BUILD=1 -D__STDC_FORMAT_MACROS "-DPyMODINIT_FUNC=extern \"C\" __attribute__((visibility (\"default\"))) PyObject*" -DGRPC_POSIX_FORK_ALLOW_PTHREAD_ATFORK=1 -Isrc/python/grpcio -Iinclude -I. -Ithird_party/abseil-cpp -Ithird_party/address_sorting/include -Ithird_party/cares/cares/include -Ithird_party/cares -Ithird_party/cares/cares -Ithird_party/cares/cares/src/lib/include -Ithird_party/cares/cares/src/lib -Ithird_party/cares/config_linux -Ithird_party/re2 -Ithird_party/boringssl-with-bazel/src/include -Ithird_party/upb -Isrc/core/ext/upb-gen -Isrc/core/ext/upbdefs-gen -Ithird_party/utf8_range -Ithird_party/xxhash -Ithird_party/zlib -I/usr/local/google/home/ssreenithi/.pyenv/versions/3.12.0/envs/pyvenv_312/include -I/usr/local/google/home/ssreenithi/.pyenv/versions/3.12.0/include/python3.12 -c third_party/boringssl-with-bazel/src/third_party/fiat/asm/fiat_curve25519_adx_mul.S -o pyb/temp.linux-x86_64-cpython-312/third_party/boringssl-with-bazel/src/third_party/fiat/asm/fiat_curve25519_adx_mul.o -std=c++17 -fvisibility=hidden -fno-wrapv -fno-exceptions -pthread
      gcc -fno-strict-overflow -Wsign-compare -DNDEBUG -g -O3 -Wall -fPIC -D_WIN32_WINNT=1536 -DGRPC_XDS_USER_AGENT_NAME_SUFFIX=\"Python\" -DGRPC_XDS_USER_AGENT_VERSION_SUFFIX=\"1.79.0.dev0\" -DHAVE_CONFIG_H=1 -DGRPC_ENABLE_FORK_SUPPORT=1 -DGRPC_ENABLE_FORK_SUPPORT_DEFAULT=false -DGRPC_PYTHON_BUILD=1 -D__STDC_FORMAT_MACROS "-DPyMODINIT_FUNC=extern \"C\" __attribute__((visibility (\"default\"))) PyObject*" -DGRPC_POSIX_FORK_ALLOW_PTHREAD_ATFORK=1 -Isrc/python/grpcio -Iinclude -I. -Ithird_party/abseil-cpp -Ithird_party/address_sorting/include -Ithird_party/cares/cares/include -Ithird_party/cares -Ithird_party/cares/cares -Ithird_party/cares/cares/src/lib/include -Ithird_party/cares/cares/src/lib -Ithird_party/cares/config_linux -Ithird_party/re2 -Ithird_party/boringssl-with-bazel/src/include -Ithird_party/upb -Isrc/core/ext/upb-gen -Isrc/core/ext/upbdefs-gen -Ithird_party/utf8_range -Ithird_party/xxhash -Ithird_party/zlib -I/usr/local/google/home/ssreenithi/.pyenv/versions/3.12.0/envs/pyvenv_312/include -I/usr/local/google/home/ssreenithi/.pyenv/versions/3.12.0/include/python3.12 -c third_party/boringssl-with-bazel/src/third_party/fiat/asm/fiat_curve25519_adx_square.S -o pyb/temp.linux-x86_64-cpython-312/third_party/boringssl-with-bazel/src/third_party/fiat/asm/fiat_curve25519_adx_square.o -std=c++17 -fvisibility=hidden -fno-wrapv -fno-exceptions -pthread
      gcc -fno-strict-overflow -Wsign-compare -DNDEBUG -g -O3 -Wall -fPIC -D_WIN32_WINNT=1536 -DGRPC_XDS_USER_AGENT_NAME_SUFFIX=\"Python\" -DGRPC_XDS_USER_AGENT_VERSION_SUFFIX=\"1.79.0.dev0\" -DHAVE_CONFIG_H=1 -DGRPC_ENABLE_FORK_SUPPORT=1 -DGRPC_ENABLE_FORK_SUPPORT_DEFAULT=false -DGRPC_PYTHON_BUILD=1 -D__STDC_FORMAT_MACROS "-DPyMODINIT_FUNC=extern \"C\" __attribute__((visibility (\"default\"))) PyObject*" -DGRPC_POSIX_FORK_ALLOW_PTHREAD_ATFORK=1 -Isrc/python/grpcio -Iinclude -I. -Ithird_party/abseil-cpp -Ithird_party/address_sorting/include -Ithird_party/cares/cares/include -Ithird_party/cares -Ithird_party/cares/cares -Ithird_party/cares/cares/src/lib/include -Ithird_party/cares/cares/src/lib -Ithird_party/cares/config_linux -Ithird_party/re2 -Ithird_party/boringssl-with-bazel/src/include -Ithird_party/upb -Isrc/core/ext/upb-gen -Isrc/core/ext/upbdefs-gen -Ithird_party/utf8_range -Ithird_party/xxhash -Ithird_party/zlib -I/usr/local/google/home/ssreenithi/.pyenv/versions/3.12.0/envs/pyvenv_312/include -I/usr/local/google/home/ssreenithi/.pyenv/versions/3.12.0/include/python3.12 -c third_party/boringssl-with-bazel/src/third_party/fiat/asm/fiat_p256_adx_mul.S -o pyb/temp.linux-x86_64-cpython-312/third_party/boringssl-with-bazel/src/third_party/fiat/asm/fiat_p256_adx_mul.o -std=c++17 -fvisibility=hidden -fno-wrapv -fno-exceptions -pthread
      g++ -fno-strict-overflow -Wsign-compare -DNDEBUG -g -O3 -Wall -fPIC -D_WIN32_WINNT=1536 -DGRPC_XDS_USER_AGENT_NAME_SUFFIX=\"Python\" -DGRPC_XDS_USER_AGENT_VERSION_SUFFIX=\"1.79.0.dev0\" -DHAVE_CONFIG_H=1 -DGRPC_ENABLE_FORK_SUPPORT=1 -DGRPC_ENABLE_FORK_SUPPORT_DEFAULT=false -DGRPC_PYTHON_BUILD=1 -D__STDC_FORMAT_MACROS "-DPyMODINIT_FUNC=extern \"C\" __attribute__((visibility (\"default\"))) PyObject*" -DGRPC_POSIX_FORK_ALLOW_PTHREAD_ATFORK=1 -Isrc/python/grpcio -Iinclude -I. -Ithird_party/abseil-cpp -Ithird_party/address_sorting/include -Ithird_party/cares/cares/include -Ithird_party/cares -Ithird_party/cares/cares -Ithird_party/cares/cares/src/lib/include -Ithird_party/cares/cares/src/lib -Ithird_party/cares/config_linux -Ithird_party/re2 -Ithird_party/boringssl-with-bazel/src/include -Ithird_party/upb -Isrc/core/ext/upb-gen -Isrc/core/ext/upbdefs-gen -Ithird_party/utf8_range -Ithird_party/xxhash -Ithird_party/zlib -I/usr/local/google/home/ssreenithi/.pyenv/versions/3.12.0/envs/pyvenv_312/include -I/usr/local/google/home/ssreenithi/.pyenv/versions/3.12.0/include/python3.12 -c src/core/resolver/xds/xds_config.cc -o pyb/temp.linux-x86_64-cpython-312/src/core/resolver/xds/xds_config.o -std=c++17 -fvisibility=hidden -fno-wrapv -fno-exceptions -pthread
      g++ -fno-strict-overflow -Wsign-compare -DNDEBUG -g -O3 -Wall -fPIC -D_WIN32_WINNT=1536 -DGRPC_XDS_USER_AGENT_NAME_SUFFIX=\"Python\" -DGRPC_XDS_USER_AGENT_VERSION_SUFFIX=\"1.79.0.dev0\" -DHAVE_CONFIG_H=1 -DGRPC_ENABLE_FORK_SUPPORT=1 -DGRPC_ENABLE_FORK_SUPPORT_DEFAULT=false -DGRPC_PYTHON_BUILD=1 -D__STDC_FORMAT_MACROS "-DPyMODINIT_FUNC=extern \"C\" __attribute__((visibility (\"default\"))) PyObject*" -DGRPC_POSIX_FORK_ALLOW_PTHREAD_ATFORK=1 -Isrc/python/grpcio -Iinclude -I. -Ithird_party/abseil-cpp -Ithird_party/address_sorting/include -Ithird_party/cares/cares/include -Ithird_party/cares -Ithird_party/cares/cares -Ithird_party/cares/cares/src/lib/include -Ithird_party/cares/cares/src/lib -Ithird_party/cares/config_linux -Ithird_party/re2 -Ithird_party/boringssl-with-bazel/src/include -Ithird_party/upb -Isrc/core/ext/upb-gen -Isrc/core/ext/upbdefs-gen -Ithird_party/utf8_range -Ithird_party/xxhash -Ithird_party/zlib -I/usr/local/google/home/ssreenithi/.pyenv/versions/3.12.0/envs/pyvenv_312/include -I/usr/local/google/home/ssreenithi/.pyenv/versions/3.12.0/include/python3.12 -c third_party/boringssl-with-bazel/src/ssl/ssl_buffer.cc -o pyb/temp.linux-x86_64-cpython-312/third_party/boringssl-with-bazel/src/ssl/ssl_buffer.o -std=c++17 -fvisibility=hidden -fno-wrapv -fno-exceptions -pthread
      g++ -fno-strict-overflow -Wsign-compare -DNDEBUG -g -O3 -Wall -fPIC -D_WIN32_WINNT=1536 -DGRPC_XDS_USER_AGENT_NAME_SUFFIX=\"Python\" -DGRPC_XDS_USER_AGENT_VERSION_SUFFIX=\"1.79.0.dev0\" -DHAVE_CONFIG_H=1 -DGRPC_ENABLE_FORK_SUPPORT=1 -DGRPC_ENABLE_FORK_SUPPORT_DEFAULT=false -DGRPC_PYTHON_BUILD=1 -D__STDC_FORMAT_MACROS "-DPyMODINIT_FUNC=extern \"C\" __attribute__((visibility (\"default\"))) PyObject*" -DGRPC_POSIX_FORK_ALLOW_PTHREAD_ATFORK=1 -Isrc/python/grpcio -Iinclude -I. -Ithird_party/abseil-cpp -Ithird_party/address_sorting/include -Ithird_party/cares/cares/include -Ithird_party/cares -Ithird_party/cares/cares -Ithird_party/cares/cares/src/lib/include -Ithird_party/cares/cares/src/lib -Ithird_party/cares/config_linux -Ithird_party/re2 -Ithird_party/boringssl-with-bazel/src/include -Ithird_party/upb -Isrc/core/ext/upb-gen -Isrc/core/ext/upbdefs-gen -Ithird_party/utf8_range -Ithird_party/xxhash -Ithird_party/zlib -I/usr/local/google/home/ssreenithi/.pyenv/versions/3.12.0/envs/pyvenv_312/include -I/usr/local/google/home/ssreenithi/.pyenv/versions/3.12.0/include/python3.12 -c third_party/re2/re2/perl_groups.cc -o pyb/temp.linux-x86_64-cpython-312/third_party/re2/re2/perl_groups.o -std=c++17 -fvisibility=hidden -fno-wrapv -fno-exceptions -pthread
      g++ -fno-strict-overflow -Wsign-compare -DNDEBUG -g -O3 -Wall -fPIC -D_WIN32_WINNT=1536 -DGRPC_XDS_USER_AGENT_NAME_SUFFIX=\"Python\" -DGRPC_XDS_USER_AGENT_VERSION_SUFFIX=\"1.79.0.dev0\" -DHAVE_CONFIG_H=1 -DGRPC_ENABLE_FORK_SUPPORT=1 -DGRPC_ENABLE_FORK_SUPPORT_DEFAULT=false -DGRPC_PYTHON_BUILD=1 -D__STDC_FORMAT_MACROS "-DPyMODINIT_FUNC=extern \"C\" __attribute__((visibility (\"default\"))) PyObject*" -DGRPC_POSIX_FORK_ALLOW_PTHREAD_ATFORK=1 -Isrc/python/grpcio -Iinclude -I. -Ithird_party/abseil-cpp -Ithird_party/address_sorting/include -Ithird_party/cares/cares/include -Ithird_party/cares -Ithird_party/cares/cares -Ithird_party/cares/cares/src/lib/include -Ithird_party/cares/cares/src/lib -Ithird_party/cares/config_linux -Ithird_party/re2 -Ithird_party/boringssl-with-bazel/src/include -Ithird_party/upb -Isrc/core/ext/upb-gen -Isrc/core/ext/upbdefs-gen -Ithird_party/utf8_range -Ithird_party/xxhash -Ithird_party/zlib -I/usr/local/google/home/ssreenithi/.pyenv/versions/3.12.0/envs/pyvenv_312/include -I/usr/local/google/home/ssreenithi/.pyenv/versions/3.12.0/include/python3.12 -c third_party/boringssl-with-bazel/src/ssl/tls13_both.cc -o pyb/temp.linux-x86_64-cpython-312/third_party/boringssl-with-bazel/src/ssl/tls13_both.o -std=c++17 -fvisibility=hidden -fno-wrapv -fno-exceptions -pthread
      g++ -fno-strict-overflow -Wsign-compare -DNDEBUG -g -O3 -Wall -fPIC -D_WIN32_WINNT=1536 -DGRPC_XDS_USER_AGENT_NAME_SUFFIX=\"Python\" -DGRPC_XDS_USER_AGENT_VERSION_SUFFIX=\"1.79.0.dev0\" -DHAVE_CONFIG_H=1 -DGRPC_ENABLE_FORK_SUPPORT=1 -DGRPC_ENABLE_FORK_SUPPORT_DEFAULT=false -DGRPC_PYTHON_BUILD=1 -D__STDC_FORMAT_MACROS "-DPyMODINIT_FUNC=extern \"C\" __attribute__((visibility (\"default\"))) PyObject*" -DGRPC_POSIX_FORK_ALLOW_PTHREAD_ATFORK=1 -Isrc/python/grpcio -Iinclude -I. -Ithird_party/abseil-cpp -Ithird_party/address_sorting/include -Ithird_party/cares/cares/include -Ithird_party/cares -Ithird_party/cares/cares -Ithird_party/cares/cares/src/lib/include -Ithird_party/cares/cares/src/lib -Ithird_party/cares/config_linux -Ithird_party/re2 -Ithird_party/boringssl-with-bazel/src/include -Ithird_party/upb -Isrc/core/ext/upb-gen -Isrc/core/ext/upbdefs-gen -Ithird_party/utf8_range -Ithird_party/xxhash -Ithird_party/zlib -I/usr/local/google/home/ssreenithi/.pyenv/versions/3.12.0/envs/pyvenv_312/include -I/usr/local/google/home/ssreenithi/.pyenv/versions/3.12.0/include/python3.12 -c third_party/boringssl-with-bazel/src/ssl/handoff.cc -o pyb/temp.linux-x86_64-cpython-312/third_party/boringssl-with-bazel/src/ssl/handoff.o -std=c++17 -fvisibility=hidden -fno-wrapv -fno-exceptions -pthread
      g++ -fno-strict-overflow -Wsign-compare -DNDEBUG -g -O3 -Wall -fPIC -D_WIN32_WINNT=1536 -DGRPC_XDS_USER_AGENT_NAME_SUFFIX=\"Python\" -DGRPC_XDS_USER_AGENT_VERSION_SUFFIX=\"1.79.0.dev0\" -DHAVE_CONFIG_H=1 -DGRPC_ENABLE_FORK_SUPPORT=1 -DGRPC_ENABLE_FORK_SUPPORT_DEFAULT=false -DGRPC_PYTHON_BUILD=1 -D__STDC_FORMAT_MACROS "-DPyMODINIT_FUNC=extern \"C\" __attribute__((visibility (\"default\"))) PyObject*" -DGRPC_POSIX_FORK_ALLOW_PTHREAD_ATFORK=1 -Isrc/python/grpcio -Iinclude -I. -Ithird_party/abseil-cpp -Ithird_party/address_sorting/include -Ithird_party/cares/cares/include -Ithird_party/cares -Ithird_party/cares/cares -Ithird_party/cares/cares/src/lib/include -Ithird_party/cares/cares/src/lib -Ithird_party/cares/config_linux -Ithird_party/re2 -Ithird_party/boringssl-with-bazel/src/include -Ithird_party/upb -Isrc/core/ext/upb-gen -Isrc/core/ext/upbdefs-gen -Ithird_party/utf8_range -Ithird_party/xxhash -Ithird_party/zlib -I/usr/local/google/home/ssreenithi/.pyenv/versions/3.12.0/envs/pyvenv_312/include -I/usr/local/google/home/ssreenithi/.pyenv/versions/3.12.0/include/python3.12 -c third_party/re2/re2/prefilter.cc -o pyb/temp.linux-x86_64-cpython-312/third_party/re2/re2/prefilter.o -std=c++17 -fvisibility=hidden -fno-wrapv -fno-exceptions -pthread
      g++ -fno-strict-overflow -Wsign-compare -DNDEBUG -g -O3 -Wall -fPIC -D_WIN32_WINNT=1536 -DGRPC_XDS_USER_AGENT_NAME_SUFFIX=\"Python\" -DGRPC_XDS_USER_AGENT_VERSION_SUFFIX=\"1.79.0.dev0\" -DHAVE_CONFIG_H=1 -DGRPC_ENABLE_FORK_SUPPORT=1 -DGRPC_ENABLE_FORK_SUPPORT_DEFAULT=false -DGRPC_PYTHON_BUILD=1 -D__STDC_FORMAT_MACROS "-DPyMODINIT_FUNC=extern \"C\" __attribute__((visibility (\"default\"))) PyObject*" -DGRPC_POSIX_FORK_ALLOW_PTHREAD_ATFORK=1 -Isrc/python/grpcio -Iinclude -I. -Ithird_party/abseil-cpp -Ithird_party/address_sorting/include -Ithird_party/cares/cares/include -Ithird_party/cares -Ithird_party/cares/cares -Ithird_party/cares/cares/src/lib/include -Ithird_party/cares/cares/src/lib -Ithird_party/cares/config_linux -Ithird_party/re2 -Ithird_party/boringssl-with-bazel/src/include -Ithird_party/upb -Isrc/core/ext/upb-gen -Isrc/core/ext/upbdefs-gen -Ithird_party/utf8_range -Ithird_party/xxhash -Ithird_party/zlib -I/usr/local/google/home/ssreenithi/.pyenv/versions/3.12.0/envs/pyvenv_312/include -I/usr/local/google/home/ssreenithi/.pyenv/versions/3.12.0/include/python3.12 -c src/core/credentials/transport/insecure/insecure_credentials.cc -o pyb/temp.linux-x86_64-cpython-312/src/core/credentials/transport/insecure/insecure_credentials.o -std=c++17 -fvisibility=hidden -fno-wrapv -fno-exceptions -pthread
      g++ -fno-strict-overflow -Wsign-compare -DNDEBUG -g -O3 -Wall -fPIC -D_WIN32_WINNT=1536 -DGRPC_XDS_USER_AGENT_NAME_SUFFIX=\"Python\" -DGRPC_XDS_USER_AGENT_VERSION_SUFFIX=\"1.79.0.dev0\" -DHAVE_CONFIG_H=1 -DGRPC_ENABLE_FORK_SUPPORT=1 -DGRPC_ENABLE_FORK_SUPPORT_DEFAULT=false -DGRPC_PYTHON_BUILD=1 -D__STDC_FORMAT_MACROS "-DPyMODINIT_FUNC=extern \"C\" __attribute__((visibility (\"default\"))) PyObject*" -DGRPC_POSIX_FORK_ALLOW_PTHREAD_ATFORK=1 -Isrc/python/grpcio -Iinclude -I. -Ithird_party/abseil-cpp -Ithird_party/address_sorting/include -Ithird_party/cares/cares/include -Ithird_party/cares -Ithird_party/cares/cares -Ithird_party/cares/cares/src/lib/include -Ithird_party/cares/cares/src/lib -Ithird_party/cares/config_linux -Ithird_party/re2 -Ithird_party/boringssl-with-bazel/src/include -Ithird_party/upb -Isrc/core/ext/upb-gen -Isrc/core/ext/upbdefs-gen -Ithird_party/utf8_range -Ithird_party/xxhash -Ithird_party/zlib -I/usr/local/google/home/ssreenithi/.pyenv/versions/3.12.0/envs/pyvenv_312/include -I/usr/local/google/home/ssreenithi/.pyenv/versions/3.12.0/include/python3.12 -c third_party/boringssl-with-bazel/src/crypto/dh/params.cc -o pyb/temp.linux-x86_64-cpython-312/third_party/boringssl-with-bazel/src/crypto/dh/params.o -std=c++17 -fvisibility=hidden -fno-wrapv -fno-exceptions -pthread
      g++ -fno-strict-overflow -Wsign-compare -DNDEBUG -g -O3 -Wall -fPIC -D_WIN32_WINNT=1536 -DGRPC_XDS_USER_AGENT_NAME_SUFFIX=\"Python\" -DGRPC_XDS_USER_AGENT_VERSION_SUFFIX=\"1.79.0.dev0\" -DHAVE_CONFIG_H=1 -DGRPC_ENABLE_FORK_SUPPORT=1 -DGRPC_ENABLE_FORK_SUPPORT_DEFAULT=false -DGRPC_PYTHON_BUILD=1 -D__STDC_FORMAT_MACROS "-DPyMODINIT_FUNC=extern \"C\" __attribute__((visibility (\"default\"))) PyObject*" -DGRPC_POSIX_FORK_ALLOW_PTHREAD_ATFORK=1 -Isrc/python/grpcio -Iinclude -I. -Ithird_party/abseil-cpp -Ithird_party/address_sorting/include -Ithird_party/cares/cares/include -Ithird_party/cares -Ithird_party/cares/cares -Ithird_party/cares/cares/src/lib/include -Ithird_party/cares/cares/src/lib -Ithird_party/cares/config_linux -Ithird_party/re2 -Ithird_party/boringssl-with-bazel/src/include -Ithird_party/upb -Isrc/core/ext/upb-gen -Isrc/core/ext/upbdefs-gen -Ithird_party/utf8_range -Ithird_party/xxhash -Ithird_party/zlib -I/usr/local/google/home/ssreenithi/.pyenv/versions/3.12.0/envs/pyvenv_312/include -I/usr/local/google/home/ssreenithi/.pyenv/versions/3.12.0/include/python3.12 -c src/core/credentials/call/jwt/jwt_verifier.cc -o pyb/temp.linux-x86_64-cpython-312/src/core/credentials/call/jwt/jwt_verifier.o -std=c++17 -fvisibility=hidden -fno-wrapv -fno-exceptions -pthread
      g++ -fno-strict-overflow -Wsign-compare -DNDEBUG -g -O3 -Wall -fPIC -D_WIN32_WINNT=1536 -DGRPC_XDS_USER_AGENT_NAME_SUFFIX=\"Python\" -DGRPC_XDS_USER_AGENT_VERSION_SUFFIX=\"1.79.0.dev0\" -DHAVE_CONFIG_H=1 -DGRPC_ENABLE_FORK_SUPPORT=1 -DGRPC_ENABLE_FORK_SUPPORT_DEFAULT=false -DGRPC_PYTHON_BUILD=1 -D__STDC_FORMAT_MACROS "-DPyMODINIT_FUNC=extern \"C\" __attribute__((visibility (\"default\"))) PyObject*" -DGRPC_POSIX_FORK_ALLOW_PTHREAD_ATFORK=1 -Isrc/python/grpcio -Iinclude -I. -Ithird_party/abseil-cpp -Ithird_party/address_sorting/include -Ithird_party/cares/cares/include -Ithird_party/cares -Ithird_party/cares/cares -Ithird_party/cares/cares/src/lib/include -Ithird_party/cares/cares/src/lib -Ithird_party/cares/config_linux -Ithird_party/re2 -Ithird_party/boringssl-with-bazel/src/include -Ithird_party/upb -Isrc/core/ext/upb-gen -Isrc/core/ext/upbdefs-gen -Ithird_party/utf8_range -Ithird_party/xxhash -Ithird_party/zlib -I/usr/local/google/home/ssreenithi/.pyenv/versions/3.12.0/envs/pyvenv_312/include -I/usr/local/google/home/ssreenithi/.pyenv/versions/3.12.0/include/python3.12 -c src/core/credentials/transport/alts/alts_security_connector.cc -o pyb/temp.linux-x86_64-cpython-312/src/core/credentials/transport/alts/alts_security_connector.o -std=c++17 -fvisibility=hidden -fno-wrapv -fno-exceptions -pthread
      g++ -fno-strict-overflow -Wsign-compare -DNDEBUG -g -O3 -Wall -fPIC -D_WIN32_WINNT=1536 -DGRPC_XDS_USER_AGENT_NAME_SUFFIX=\"Python\" -DGRPC_XDS_USER_AGENT_VERSION_SUFFIX=\"1.79.0.dev0\" -DHAVE_CONFIG_H=1 -DGRPC_ENABLE_FORK_SUPPORT=1 -DGRPC_ENABLE_FORK_SUPPORT_DEFAULT=false -DGRPC_PYTHON_BUILD=1 -D__STDC_FORMAT_MACROS "-DPyMODINIT_FUNC=extern \"C\" __attribute__((visibility (\"default\"))) PyObject*" -DGRPC_POSIX_FORK_ALLOW_PTHREAD_ATFORK=1 -Isrc/python/grpcio -Iinclude -I. -Ithird_party/abseil-cpp -Ithird_party/address_sorting/include -Ithird_party/cares/cares/include -Ithird_party/cares -Ithird_party/cares/cares -Ithird_party/cares/cares/src/lib/include -Ithird_party/cares/cares/src/lib -Ithird_party/cares/config_linux -Ithird_party/re2 -Ithird_party/boringssl-with-bazel/src/include -Ithird_party/upb -Isrc/core/ext/upb-gen -Isrc/core/ext/upbdefs-gen -Ithird_party/utf8_range -Ithird_party/xxhash -Ithird_party/zlib -I/usr/local/google/home/ssreenithi/.pyenv/versions/3.12.0/envs/pyvenv_312/include -I/usr/local/google/home/ssreenithi/.pyenv/versions/3.12.0/include/python3.12 -c src/core/xds/grpc/xds_client_grpc.cc -o pyb/temp.linux-x86_64-cpython-312/src/core/xds/grpc/xds_client_grpc.o -std=c++17 -fvisibility=hidden -fno-wrapv -fno-exceptions -pthread
      g++ -fno-strict-overflow -Wsign-compare -DNDEBUG -g -O3 -Wall -fPIC -D_WIN32_WINNT=1536 -DGRPC_XDS_USER_AGENT_NAME_SUFFIX=\"Python\" -DGRPC_XDS_USER_AGENT_VERSION_SUFFIX=\"1.79.0.dev0\" -DHAVE_CONFIG_H=1 -DGRPC_ENABLE_FORK_SUPPORT=1 -DGRPC_ENABLE_FORK_SUPPORT_DEFAULT=false -DGRPC_PYTHON_BUILD=1 -D__STDC_FORMAT_MACROS "-DPyMODINIT_FUNC=extern \"C\" __attribute__((visibility (\"default\"))) PyObject*" -DGRPC_POSIX_FORK_ALLOW_PTHREAD_ATFORK=1 -Isrc/python/grpcio -Iinclude -I. -Ithird_party/abseil-cpp -Ithird_party/address_sorting/include -Ithird_party/cares/cares/include -Ithird_party/cares -Ithird_party/cares/cares -Ithird_party/cares/cares/src/lib/include -Ithird_party/cares/cares/src/lib -Ithird_party/cares/config_linux -Ithird_party/re2 -Ithird_party/boringssl-with-bazel/src/include -Ithird_party/upb -Isrc/core/ext/upb-gen -Isrc/core/ext/upbdefs-gen -Ithird_party/utf8_range -Ithird_party/xxhash -Ithird_party/zlib -I/usr/local/google/home/ssreenithi/.pyenv/versions/3.12.0/envs/pyvenv_312/include -I/usr/local/google/home/ssreenithi/.pyenv/versions/3.12.0/include/python3.12 -c src/core/lib/surface/channel_init.cc -o pyb/temp.linux-x86_64-cpython-312/src/core/lib/surface/channel_init.o -std=c++17 -fvisibility=hidden -fno-wrapv -fno-exceptions -pthread
      g++ -fno-strict-overflow -Wsign-compare -DNDEBUG -g -O3 -Wall -fPIC -D_WIN32_WINNT=1536 -DGRPC_XDS_USER_AGENT_NAME_SUFFIX=\"Python\" -DGRPC_XDS_USER_AGENT_VERSION_SUFFIX=\"1.79.0.dev0\" -DHAVE_CONFIG_H=1 -DGRPC_ENABLE_FORK_SUPPORT=1 -DGRPC_ENABLE_FORK_SUPPORT_DEFAULT=false -DGRPC_PYTHON_BUILD=1 -D__STDC_FORMAT_MACROS "-DPyMODINIT_FUNC=extern \"C\" __attribute__((visibility (\"default\"))) PyObject*" -DGRPC_POSIX_FORK_ALLOW_PTHREAD_ATFORK=1 -Isrc/python/grpcio -Iinclude -I. -Ithird_party/abseil-cpp -Ithird_party/address_sorting/include -Ithird_party/cares/cares/include -Ithird_party/cares -Ithird_party/cares/cares -Ithird_party/cares/cares/src/lib/include -Ithird_party/cares/cares/src/lib -Ithird_party/cares/config_linux -Ithird_party/re2 -Ithird_party/boringssl-with-bazel/src/include -Ithird_party/upb -Isrc/core/ext/upb-gen -Isrc/core/ext/upbdefs-gen -Ithird_party/utf8_range -Ithird_party/xxhash -Ithird_party/zlib -I/usr/local/google/home/ssreenithi/.pyenv/versions/3.12.0/envs/pyvenv_312/include -I/usr/local/google/home/ssreenithi/.pyenv/versions/3.12.0/include/python3.12 -c third_party/re2/re2/simplify.cc -o pyb/temp.linux-x86_64-cpython-312/third_party/re2/re2/simplify.o -std=c++17 -fvisibility=hidden -fno-wrapv -fno-exceptions -pthread
      g++ -fno-strict-overflow -Wsign-compare -DNDEBUG -g -O3 -Wall -fPIC -D_WIN32_WINNT=1536 -DGRPC_XDS_USER_AGENT_NAME_SUFFIX=\"Python\" -DGRPC_XDS_USER_AGENT_VERSION_SUFFIX=\"1.79.0.dev0\" -DHAVE_CONFIG_H=1 -DGRPC_ENABLE_FORK_SUPPORT=1 -DGRPC_ENABLE_FORK_SUPPORT_DEFAULT=false -DGRPC_PYTHON_BUILD=1 -D__STDC_FORMAT_MACROS "-DPyMODINIT_FUNC=extern \"C\" __attribute__((visibility (\"default\"))) PyObject*" -DGRPC_POSIX_FORK_ALLOW_PTHREAD_ATFORK=1 -Isrc/python/grpcio -Iinclude -I. -Ithird_party/abseil-cpp -Ithird_party/address_sorting/include -Ithird_party/cares/cares/include -Ithird_party/cares -Ithird_party/cares/cares -Ithird_party/cares/cares/src/lib/include -Ithird_party/cares/cares/src/lib -Ithird_party/cares/config_linux -Ithird_party/re2 -Ithird_party/boringssl-with-bazel/src/include -Ithird_party/upb -Isrc/core/ext/upb-gen -Isrc/core/ext/upbdefs-gen -Ithird_party/utf8_range -Ithird_party/xxhash -Ithird_party/zlib -I/usr/local/google/home/ssreenithi/.pyenv/versions/3.12.0/envs/pyvenv_312/include -I/usr/local/google/home/ssreenithi/.pyenv/versions/3.12.0/include/python3.12 -c third_party/boringssl-with-bazel/src/ssl/ssl_cert.cc -o pyb/temp.linux-x86_64-cpython-312/third_party/boringssl-with-bazel/src/ssl/ssl_cert.o -std=c++17 -fvisibility=hidden -fno-wrapv -fno-exceptions -pthread
      In file included from ./src/core/lib/promise/activity.h:30,
                       from ./src/core/call/call_state.h:23,
                       from ./src/core/call/call_filters.h:26,
                       from ./src/core/lib/surface/channel_init.h:31,
                       from ./src/core/config/core_configuration.h:29,
                       from src/core/server/add_port.cc:17:
      ./src/core/lib/promise/detail/promise_factory.h:210:5: warning: ‘always_inline’ function might not be inlinable unless also declared ‘inline’ [-Wattributes]
        210 |     PromiseFactoryImpl(Token, F&& f) {
            |     ^~~~~~~~~~~~~~~~~~
      ./src/core/lib/promise/detail/promise_factory.h:210:5: warning: ‘always_inline’ function might not be inlinable unless also declared ‘inline’ [-Wattributes]
      ./src/core/lib/promise/detail/promise_factory.h:210:5: warning: ‘always_inline’ function might not be inlinable unless also declared ‘inline’ [-Wattributes]
      ./src/core/lib/promise/detail/promise_factory.h:210:5: warning: ‘always_inline’ function might not be inlinable unless also declared ‘inline’ [-Wattributes]
      ./src/core/lib/promise/detail/promise_factory.h:210:5: warning: ‘always_inline’ function might not be inlinable unless also declared ‘inline’ [-Wattributes]
      ./src/core/lib/promise/detail/promise_factory.h:210:5: warning: ‘always_inline’ function might not be inlinable unless also declared ‘inline’ [-Wattributes]
      ./src/core/lib/promise/detail/promise_factory.h:210:5: warning: ‘always_inline’ function might not be inlinable unless also declared ‘inline’ [-Wattributes]
      g++ -fno-strict-overflow -Wsign-compare -DNDEBUG -g -O3 -Wall -fPIC -D_WIN32_WINNT=1536 -DGRPC_XDS_USER_AGENT_NAME_SUFFIX=\"Python\" -DGRPC_XDS_USER_AGENT_VERSION_SUFFIX=\"1.79.0.dev0\" -DHAVE_CONFIG_H=1 -DGRPC_ENABLE_FORK_SUPPORT=1 -DGRPC_ENABLE_FORK_SUPPORT_DEFAULT=false -DGRPC_PYTHON_BUILD=1 -D__STDC_FORMAT_MACROS "-DPyMODINIT_FUNC=extern \"C\" __attribute__((visibility (\"default\"))) PyObject*" -DGRPC_POSIX_FORK_ALLOW_PTHREAD_ATFORK=1 -Isrc/python/grpcio -Iinclude -I. -Ithird_party/abseil-cpp -Ithird_party/address_sorting/include -Ithird_party/cares/cares/include -Ithird_party/cares -Ithird_party/cares/cares -Ithird_party/cares/cares/src/lib/include -Ithird_party/cares/cares/src/lib -Ithird_party/cares/config_linux -Ithird_party/re2 -Ithird_party/boringssl-with-bazel/src/include -Ithird_party/upb -Isrc/core/ext/upb-gen -Isrc/core/ext/upbdefs-gen -Ithird_party/utf8_range -Ithird_party/xxhash -Ithird_party/zlib -I/usr/local/google/home/ssreenithi/.pyenv/versions/3.12.0/envs/pyvenv_312/include -I/usr/local/google/home/ssreenithi/.pyenv/versions/3.12.0/include/python3.12 -c third_party/boringssl-with-bazel/src/ssl/tls13_client.cc -o pyb/temp.linux-x86_64-cpython-312/third_party/boringssl-with-bazel/src/ssl/tls13_client.o -std=c++17 -fvisibility=hidden -fno-wrapv -fno-exceptions -pthread
      g++ -fno-strict-overflow -Wsign-compare -DNDEBUG -g -O3 -Wall -fPIC -D_WIN32_WINNT=1536 -DGRPC_XDS_USER_AGENT_NAME_SUFFIX=\"Python\" -DGRPC_XDS_USER_AGENT_VERSION_SUFFIX=\"1.79.0.dev0\" -DHAVE_CONFIG_H=1 -DGRPC_ENABLE_FORK_SUPPORT=1 -DGRPC_ENABLE_FORK_SUPPORT_DEFAULT=false -DGRPC_PYTHON_BUILD=1 -D__STDC_FORMAT_MACROS "-DPyMODINIT_FUNC=extern \"C\" __attribute__((visibility (\"default\"))) PyObject*" -DGRPC_POSIX_FORK_ALLOW_PTHREAD_ATFORK=1 -Isrc/python/grpcio -Iinclude -I. -Ithird_party/abseil-cpp -Ithird_party/address_sorting/include -Ithird_party/cares/cares/include -Ithird_party/cares -Ithird_party/cares/cares -Ithird_party/cares/cares/src/lib/include -Ithird_party/cares/cares/src/lib -Ithird_party/cares/config_linux -Ithird_party/re2 -Ithird_party/boringssl-with-bazel/src/include -Ithird_party/upb -Isrc/core/ext/upb-gen -Isrc/core/ext/upbdefs-gen -Ithird_party/utf8_range -Ithird_party/xxhash -Ithird_party/zlib -I/usr/local/google/home/ssreenithi/.pyenv/versions/3.12.0/envs/pyvenv_312/include -I/usr/local/google/home/ssreenithi/.pyenv/versions/3.12.0/include/python3.12 -c src/core/call/interception_chain.cc -o pyb/temp.linux-x86_64-cpython-312/src/core/call/interception_chain.o -std=c++17 -fvisibility=hidden -fno-wrapv -fno-exceptions -pthread
      In file included from ./src/core/lib/promise/activity.h:30,
                       from ./src/core/lib/resource_quota/memory_quota.h:39,
                       from ./src/core/lib/resource_quota/arena.h:39,
                       from ./src/core/util/chunked_vector.h:24,
                       from ./src/core/call/metadata_batch.h:41,
                       from src/core/load_balancing/grpclb/grpclb.cc:83:
      ./src/core/lib/promise/detail/promise_factory.h:131:5: warning: ‘always_inline’ function might not be inlinable unless also declared ‘inline’ [-Wattributes]
        131 |     PromiseFactoryImpl(Token, F&& f, A&& arg) {
            |     ^~~~~~~~~~~~~~~~~~
      ./src/core/lib/promise/detail/promise_factory.h:210:5: warning: ‘always_inline’ function might not be inlinable unless also declared ‘inline’ [-Wattributes]
        210 |     PromiseFactoryImpl(Token, F&& f) {
            |     ^~~~~~~~~~~~~~~~~~
      ./src/core/lib/promise/detail/promise_factory.h:210:5: warning: ‘always_inline’ function might not be inlinable unless also declared ‘inline’ [-Wattributes]
      ./src/core/lib/promise/detail/promise_factory.h:210:5: warning: ‘always_inline’ function might not be inlinable unless also declared ‘inline’ [-Wattributes]
      ./src/core/lib/promise/detail/promise_factory.h:210:5: warning: ‘always_inline’ function might not be inlinable unless also declared ‘inline’ [-Wattributes]
      ./src/core/lib/promise/detail/promise_factory.h:210:5: warning: ‘always_inline’ function might not be inlinable unless also declared ‘inline’ [-Wattributes]
      ./src/core/lib/promise/detail/promise_factory.h:210:5: warning: ‘always_inline’ function might not be inlinable unless also declared ‘inline’ [-Wattributes]
      ./src/core/lib/promise/detail/promise_factory.h:210:5: warning: ‘always_inline’ function might not be inlinable unless also declared ‘inline’ [-Wattributes]
      ./src/core/lib/promise/detail/promise_factory.h:210:5: warning: ‘always_inline’ function might not be inlinable unless also declared ‘inline’ [-Wattributes]
      g++ -fno-strict-overflow -Wsign-compare -DNDEBUG -g -O3 -Wall -fPIC -D_WIN32_WINNT=1536 -DGRPC_XDS_USER_AGENT_NAME_SUFFIX=\"Python\" -DGRPC_XDS_USER_AGENT_VERSION_SUFFIX=\"1.79.0.dev0\" -DHAVE_CONFIG_H=1 -DGRPC_ENABLE_FORK_SUPPORT=1 -DGRPC_ENABLE_FORK_SUPPORT_DEFAULT=false -DGRPC_PYTHON_BUILD=1 -D__STDC_FORMAT_MACROS "-DPyMODINIT_FUNC=extern \"C\" __attribute__((visibility (\"default\"))) PyObject*" -DGRPC_POSIX_FORK_ALLOW_PTHREAD_ATFORK=1 -Isrc/python/grpcio -Iinclude -I. -Ithird_party/abseil-cpp -Ithird_party/address_sorting/include -Ithird_party/cares/cares/include -Ithird_party/cares -Ithird_party/cares/cares -Ithird_party/cares/cares/src/lib/include -Ithird_party/cares/cares/src/lib -Ithird_party/cares/config_linux -Ithird_party/re2 -Ithird_party/boringssl-with-bazel/src/include -Ithird_party/upb -Isrc/core/ext/upb-gen -Isrc/core/ext/upbdefs-gen -Ithird_party/utf8_range -Ithird_party/xxhash -Ithird_party/zlib -I/usr/local/google/home/ssreenithi/.pyenv/versions/3.12.0/envs/pyvenv_312/include -I/usr/local/google/home/ssreenithi/.pyenv/versions/3.12.0/include/python3.12 -c third_party/boringssl-with-bazel/src/ssl/handshake.cc -o pyb/temp.linux-x86_64-cpython-312/third_party/boringssl-with-bazel/src/ssl/handshake.o -std=c++17 -fvisibility=hidden -fno-wrapv -fno-exceptions -pthread
      In file included from ./src/core/lib/promise/activity.h:30,
                       from ./src/core/lib/resource_quota/memory_quota.h:39,
                       from ./src/core/lib/resource_quota/arena.h:39,
                       from ./src/core/call/message.h:20,
                       from ./src/core/telemetry/call_tracer.h:29,
                       from src/python/grpcio/grpc/_cython/cygrpc.cpp:2937:
      ./src/core/lib/promise/detail/promise_factory.h: At global scope:
      ./src/core/lib/promise/detail/promise_factory.h:210:5: warning: ‘always_inline’ function might not be inlinable unless also declared ‘inline’ [-Wattributes]
        210 |     PromiseFactoryImpl(Token, F&& f) {
            |     ^~~~~~~~~~~~~~~~~~
      ./src/core/lib/promise/detail/promise_factory.h:210:5: warning: ‘always_inline’ function might not be inlinable unless also declared ‘inline’ [-Wattributes]
      ./src/core/lib/promise/detail/promise_factory.h:210:5: warning: ‘always_inline’ function might not be inlinable unless also declared ‘inline’ [-Wattributes]
      ./src/core/lib/promise/detail/promise_factory.h:210:5: warning: ‘always_inline’ function might not be inlinable unless also declared ‘inline’ [-Wattributes]
      ./src/core/lib/promise/detail/promise_factory.h:210:5: warning: ‘always_inline’ function might not be inlinable unless also declared ‘inline’ [-Wattributes]
      ./src/core/lib/promise/detail/promise_factory.h:210:5: warning: ‘always_inline’ function might not be inlinable unless also declared ‘inline’ [-Wattributes]
      ./src/core/lib/promise/detail/promise_factory.h:210:5: warning: ‘always_inline’ function might not be inlinable unless also declared ‘inline’ [-Wattributes]
      g++ -fno-strict-overflow -Wsign-compare -DNDEBUG -g -O3 -Wall -fPIC -D_WIN32_WINNT=1536 -DGRPC_XDS_USER_AGENT_NAME_SUFFIX=\"Python\" -DGRPC_XDS_USER_AGENT_VERSION_SUFFIX=\"1.79.0.dev0\" -DHAVE_CONFIG_H=1 -DGRPC_ENABLE_FORK_SUPPORT=1 -DGRPC_ENABLE_FORK_SUPPORT_DEFAULT=false -DGRPC_PYTHON_BUILD=1 -D__STDC_FORMAT_MACROS "-DPyMODINIT_FUNC=extern \"C\" __attribute__((visibility (\"default\"))) PyObject*" -DGRPC_POSIX_FORK_ALLOW_PTHREAD_ATFORK=1 -Isrc/python/grpcio -Iinclude -I. -Ithird_party/abseil-cpp -Ithird_party/address_sorting/include -Ithird_party/cares/cares/include -Ithird_party/cares -Ithird_party/cares/cares -Ithird_party/cares/cares/src/lib/include -Ithird_party/cares/cares/src/lib -Ithird_party/cares/config_linux -Ithird_party/re2 -Ithird_party/boringssl-with-bazel/src/include -Ithird_party/upb -Isrc/core/ext/upb-gen -Isrc/core/ext/upbdefs-gen -Ithird_party/utf8_range -Ithird_party/xxhash -Ithird_party/zlib -I/usr/local/google/home/ssreenithi/.pyenv/versions/3.12.0/envs/pyvenv_312/include -I/usr/local/google/home/ssreenithi/.pyenv/versions/3.12.0/include/python3.12 -c third_party/re2/re2/prefilter_tree.cc -o pyb/temp.linux-x86_64-cpython-312/third_party/re2/re2/prefilter_tree.o -std=c++17 -fvisibility=hidden -fno-wrapv -fno-exceptions -pthread
      In file included from ./src/core/lib/promise/activity.h:30,
                       from ./src/core/call/call_state.h:23,
                       from ./src/core/call/call_filters.h:26,
                       from ./src/core/lib/channel/promise_based_filter.h:36,
                       from ./src/core/ext/filters/fault_injection/fault_injection_filter.h:27,
                       from src/core/ext/filters/fault_injection/fault_injection_filter.cc:17:
      ./src/core/lib/promise/detail/promise_factory.h:210:5: warning: ‘always_inline’ function might not be inlinable unless also declared ‘inline’ [-Wattributes]
        210 |     PromiseFactoryImpl(Token, F&& f) {
            |     ^~~~~~~~~~~~~~~~~~
      ./src/core/lib/promise/detail/promise_factory.h:210:5: warning: ‘always_inline’ function might not be inlinable unless also declared ‘inline’ [-Wattributes]
      ./src/core/lib/promise/detail/promise_factory.h:210:5: warning: ‘always_inline’ function might not be inlinable unless also declared ‘inline’ [-Wattributes]
      ./src/core/lib/promise/detail/promise_factory.h:210:5: warning: ‘always_inline’ function might not be inlinable unless also declared ‘inline’ [-Wattributes]
      ./src/core/lib/promise/detail/promise_factory.h:210:5: warning: ‘always_inline’ function might not be inlinable unless also declared ‘inline’ [-Wattributes]
      ./src/core/lib/promise/detail/promise_factory.h:210:5: warning: ‘always_inline’ function might not be inlinable unless also declared ‘inline’ [-Wattributes]
      ./src/core/lib/promise/detail/promise_factory.h:210:5: warning: ‘always_inline’ function might not be inlinable unless also declared ‘inline’ [-Wattributes]
      ./src/core/lib/promise/detail/promise_factory.h:210:5: warning: ‘always_inline’ function might not be inlinable unless also declared ‘inline’ [-Wattributes]
      ./src/core/lib/promise/detail/promise_factory.h:210:5: warning: ‘always_inline’ function might not be inlinable unless also declared ‘inline’ [-Wattributes]
      g++ -fno-strict-overflow -Wsign-compare -DNDEBUG -g -O3 -Wall -fPIC -D_WIN32_WINNT=1536 -DGRPC_XDS_USER_AGENT_NAME_SUFFIX=\"Python\" -DGRPC_XDS_USER_AGENT_VERSION_SUFFIX=\"1.79.0.dev0\" -DHAVE_CONFIG_H=1 -DGRPC_ENABLE_FORK_SUPPORT=1 -DGRPC_ENABLE_FORK_SUPPORT_DEFAULT=false -DGRPC_PYTHON_BUILD=1 -D__STDC_FORMAT_MACROS "-DPyMODINIT_FUNC=extern \"C\" __attribute__((visibility (\"default\"))) PyObject*" -DGRPC_POSIX_FORK_ALLOW_PTHREAD_ATFORK=1 -Isrc/python/grpcio -Iinclude -I. -Ithird_party/abseil-cpp -Ithird_party/address_sorting/include -Ithird_party/cares/cares/include -Ithird_party/cares -Ithird_party/cares/cares -Ithird_party/cares/cares/src/lib/include -Ithird_party/cares/cares/src/lib -Ithird_party/cares/config_linux -Ithird_party/re2 -Ithird_party/boringssl-with-bazel/src/include -Ithird_party/upb -Isrc/core/ext/upb-gen -Isrc/core/ext/upbdefs-gen -Ithird_party/utf8_range -Ithird_party/xxhash -Ithird_party/zlib -I/usr/local/google/home/ssreenithi/.pyenv/versions/3.12.0/envs/pyvenv_312/include -I/usr/local/google/home/ssreenithi/.pyenv/versions/3.12.0/include/python3.12 -c third_party/boringssl-with-bazel/src/ssl/ssl_privkey.cc -o pyb/temp.linux-x86_64-cpython-312/third_party/boringssl-with-bazel/src/ssl/ssl_privkey.o -std=c++17 -fvisibility=hidden -fno-wrapv -fno-exceptions -pthread
      g++ -fno-strict-overflow -Wsign-compare -DNDEBUG -g -O3 -Wall -fPIC -D_WIN32_WINNT=1536 -DGRPC_XDS_USER_AGENT_NAME_SUFFIX=\"Python\" -DGRPC_XDS_USER_AGENT_VERSION_SUFFIX=\"1.79.0.dev0\" -DHAVE_CONFIG_H=1 -DGRPC_ENABLE_FORK_SUPPORT=1 -DGRPC_ENABLE_FORK_SUPPORT_DEFAULT=false -DGRPC_PYTHON_BUILD=1 -D__STDC_FORMAT_MACROS "-DPyMODINIT_FUNC=extern \"C\" __attribute__((visibility (\"default\"))) PyObject*" -DGRPC_POSIX_FORK_ALLOW_PTHREAD_ATFORK=1 -Isrc/python/grpcio -Iinclude -I. -Ithird_party/abseil-cpp -Ithird_party/address_sorting/include -Ithird_party/cares/cares/include -Ithird_party/cares -Ithird_party/cares/cares -Ithird_party/cares/cares/src/lib/include -Ithird_party/cares/cares/src/lib -Ithird_party/cares/config_linux -Ithird_party/re2 -Ithird_party/boringssl-with-bazel/src/include -Ithird_party/upb -Isrc/core/ext/upb-gen -Isrc/core/ext/upbdefs-gen -Ithird_party/utf8_range -Ithird_party/xxhash -Ithird_party/zlib -I/usr/local/google/home/ssreenithi/.pyenv/versions/3.12.0/envs/pyvenv_312/include -I/usr/local/google/home/ssreenithi/.pyenv/versions/3.12.0/include/python3.12 -c third_party/re2/re2/stringpiece.cc -o pyb/temp.linux-x86_64-cpython-312/third_party/re2/re2/stringpiece.o -std=c++17 -fvisibility=hidden -fno-wrapv -fno-exceptions -pthread
      src/python/grpcio/grpc/_cython/cygrpc.cpp:175171:1: warning: ‘void __Pyx_PyAsyncGen_Fini()’ defined but not used [-Wunused-function]
      175171 | __Pyx_PyAsyncGen_Fini(void)
             | ^~~~~~~~~~~~~~~~~~~~~
      In file included from ./src/core/lib/promise/activity.h:30,
                       from ./src/core/lib/resource_quota/memory_quota.h:39,
                       from ./src/core/lib/resource_quota/arena.h:39,
                       from ./src/core/util/chunked_vector.h:24,
                       from ./src/core/call/metadata_batch.h:41,
                       from ./src/core/call/metadata.h:20,
                       from ./src/core/ext/transport/chttp2/transport/internal.h:37,
                       from src/core/ext/transport/chttp2/transport/frame_ping.cc:28:
      ./src/core/lib/promise/detail/promise_factory.h:210:5: warning: ‘always_inline’ function might not be inlinable unless also declared ‘inline’ [-Wattributes]
        210 |     PromiseFactoryImpl(Token, F&& f) {
            |     ^~~~~~~~~~~~~~~~~~
      ./src/core/lib/promise/detail/promise_factory.h:210:5: warning: ‘always_inline’ function might not be inlinable unless also declared ‘inline’ [-Wattributes]
      ./src/core/lib/promise/detail/promise_factory.h:210:5: warning: ‘always_inline’ function might not be inlinable unless also declared ‘inline’ [-Wattributes]
      ./src/core/lib/promise/detail/promise_factory.h:210:5: warning: ‘always_inline’ function might not be inlinable unless also declared ‘inline’ [-Wattributes]
      ./src/core/lib/promise/detail/promise_factory.h:210:5: warning: ‘always_inline’ function might not be inlinable unless also declared ‘inline’ [-Wattributes]
      ./src/core/lib/promise/detail/promise_factory.h:210:5: warning: ‘always_inline’ function might not be inlinable unless also declared ‘inline’ [-Wattributes]
      ./src/core/lib/promise/detail/promise_factory.h:210:5: warning: ‘always_inline’ function might not be inlinable unless also declared ‘inline’ [-Wattributes]
      g++ -fno-strict-overflow -Wsign-compare -DNDEBUG -g -O3 -Wall -fPIC -D_WIN32_WINNT=1536 -DGRPC_XDS_USER_AGENT_NAME_SUFFIX=\"Python\" -DGRPC_XDS_USER_AGENT_VERSION_SUFFIX=\"1.79.0.dev0\" -DHAVE_CONFIG_H=1 -DGRPC_ENABLE_FORK_SUPPORT=1 -DGRPC_ENABLE_FORK_SUPPORT_DEFAULT=false -DGRPC_PYTHON_BUILD=1 -D__STDC_FORMAT_MACROS "-DPyMODINIT_FUNC=extern \"C\" __attribute__((visibility (\"default\"))) PyObject*" -DGRPC_POSIX_FORK_ALLOW_PTHREAD_ATFORK=1 -Isrc/python/grpcio -Iinclude -I. -Ithird_party/abseil-cpp -Ithird_party/address_sorting/include -Ithird_party/cares/cares/include -Ithird_party/cares -Ithird_party/cares/cares -Ithird_party/cares/cares/src/lib/include -Ithird_party/cares/cares/src/lib -Ithird_party/cares/config_linux -Ithird_party/re2 -Ithird_party/boringssl-with-bazel/src/include -Ithird_party/upb -Isrc/core/ext/upb-gen -Isrc/core/ext/upbdefs-gen -Ithird_party/utf8_range -Ithird_party/xxhash -Ithird_party/zlib -I/usr/local/google/home/ssreenithi/.pyenv/versions/3.12.0/envs/pyvenv_312/include -I/usr/local/google/home/ssreenithi/.pyenv/versions/3.12.0/include/python3.12 -c src/core/client_channel/retry_service_config.cc -o pyb/temp.linux-x86_64-cpython-312/src/core/client_channel/retry_service_config.o -std=c++17 -fvisibility=hidden -fno-wrapv -fno-exceptions -pthread
      g++ -fno-strict-overflow -Wsign-compare -DNDEBUG -g -O3 -Wall -fPIC -D_WIN32_WINNT=1536 -DGRPC_XDS_USER_AGENT_NAME_SUFFIX=\"Python\" -DGRPC_XDS_USER_AGENT_VERSION_SUFFIX=\"1.79.0.dev0\" -DHAVE_CONFIG_H=1 -DGRPC_ENABLE_FORK_SUPPORT=1 -DGRPC_ENABLE_FORK_SUPPORT_DEFAULT=false -DGRPC_PYTHON_BUILD=1 -D__STDC_FORMAT_MACROS "-DPyMODINIT_FUNC=extern \"C\" __attribute__((visibility (\"default\"))) PyObject*" -DGRPC_POSIX_FORK_ALLOW_PTHREAD_ATFORK=1 -Isrc/python/grpcio -Iinclude -I. -Ithird_party/abseil-cpp -Ithird_party/address_sorting/include -Ithird_party/cares/cares/include -Ithird_party/cares -Ithird_party/cares/cares -Ithird_party/cares/cares/src/lib/include -Ithird_party/cares/cares/src/lib -Ithird_party/cares/config_linux -Ithird_party/re2 -Ithird_party/boringssl-with-bazel/src/include -Ithird_party/upb -Isrc/core/ext/upb-gen -Isrc/core/ext/upbdefs-gen -Ithird_party/utf8_range -Ithird_party/xxhash -Ithird_party/zlib -I/usr/local/google/home/ssreenithi/.pyenv/versions/3.12.0/envs/pyvenv_312/include -I/usr/local/google/home/ssreenithi/.pyenv/versions/3.12.0/include/python3.12 -c third_party/re2/re2/tostring.cc -o pyb/temp.linux-x86_64-cpython-312/third_party/re2/re2/tostring.o -std=c++17 -fvisibility=hidden -fno-wrapv -fno-exceptions -pthread
      In file included from ./src/core/lib/promise/activity.h:30,
                       from ./src/core/call/call_state.h:23,
                       from ./src/core/call/call_filters.h:26,
                       from ./src/core/lib/surface/channel_init.h:31,
                       from ./src/core/config/core_configuration.h:29,
                       from src/core/ext/filters/http/http_filters_plugin.cc:21:
      ./src/core/lib/promise/detail/promise_factory.h:131:5: warning: ‘always_inline’ function might not be inlinable unless also declared ‘inline’ [-Wattributes]
        131 |     PromiseFactoryImpl(Token, F&& f, A&& arg) {
            |     ^~~~~~~~~~~~~~~~~~
      ./src/core/lib/promise/detail/promise_factory.h:131:5: warning: ‘always_inline’ function might not be inlinable unless also declared ‘inline’ [-Wattributes]
      ./src/core/lib/promise/detail/promise_factory.h:131:5: warning: ‘always_inline’ function might not be inlinable unless also declared ‘inline’ [-Wattributes]
      ./src/core/lib/promise/detail/promise_factory.h:131:5: warning: ‘always_inline’ function might not be inlinable unless also declared ‘inline’ [-Wattributes]
      ./src/core/lib/promise/detail/promise_factory.h:131:5: warning: ‘always_inline’ function might not be inlinable unless also declared ‘inline’ [-Wattributes]
      ./src/core/lib/promise/detail/promise_factory.h:131:5: warning: ‘always_inline’ function might not be inlinable unless also declared ‘inline’ [-Wattributes]
      ./src/core/lib/promise/detail/promise_factory.h:131:5: warning: ‘always_inline’ function might not be inlinable unless also declared ‘inline’ [-Wattributes]
      ./src/core/lib/promise/detail/promise_factory.h:131:5: warning: ‘always_inline’ function might not be inlinable unless also declared ‘inline’ [-Wattributes]
      ./src/core/lib/promise/detail/promise_factory.h:131:5: warning: ‘always_inline’ function might not be inlinable unless also declared ‘inline’ [-Wattributes]
      ./src/core/lib/promise/detail/promise_factory.h:131:5: warning: ‘always_inline’ function might not be inlinable unless also declared ‘inline’ [-Wattributes]
      ./src/core/lib/promise/detail/promise_factory.h:131:5: warning: ‘always_inline’ function might not be inlinable unless also declared ‘inline’ [-Wattributes]
      ./src/core/lib/promise/detail/promise_factory.h:131:5: warning: ‘always_inline’ function might not be inlinable unless also declared ‘inline’ [-Wattributes]
      ./src/core/lib/promise/detail/promise_factory.h:210:5: warning: ‘always_inline’ function might not be inlinable unless also declared ‘inline’ [-Wattributes]
        210 |     PromiseFactoryImpl(Token, F&& f) {
            |     ^~~~~~~~~~~~~~~~~~
      ./src/core/lib/promise/detail/promise_factory.h:210:5: warning: ‘always_inline’ function might not be inlinable unless also declared ‘inline’ [-Wattributes]
      ./src/core/lib/promise/detail/promise_factory.h:210:5: warning: ‘always_inline’ function might not be inlinable unless also declared ‘inline’ [-Wattributes]
      ./src/core/lib/promise/detail/promise_factory.h:210:5: warning: ‘always_inline’ function might not be inlinable unless also declared ‘inline’ [-Wattributes]
      ./src/core/lib/promise/detail/promise_factory.h:210:5: warning: ‘always_inline’ function might not be inlinable unless also declared ‘inline’ [-Wattributes]
      ./src/core/lib/promise/detail/promise_factory.h:210:5: warning: ‘always_inline’ function might not be inlinable unless also declared ‘inline’ [-Wattributes]
      ./src/core/lib/promise/detail/promise_factory.h:210:5: warning: ‘always_inline’ function might not be inlinable unless also declared ‘inline’ [-Wattributes]
      ./src/core/lib/promise/detail/promise_factory.h:210:5: warning: ‘always_inline’ function might not be inlinable unless also declared ‘inline’ [-Wattributes]
      g++ -fno-strict-overflow -Wsign-compare -DNDEBUG -g -O3 -Wall -fPIC -D_WIN32_WINNT=1536 -DGRPC_XDS_USER_AGENT_NAME_SUFFIX=\"Python\" -DGRPC_XDS_USER_AGENT_VERSION_SUFFIX=\"1.79.0.dev0\" -DHAVE_CONFIG_H=1 -DGRPC_ENABLE_FORK_SUPPORT=1 -DGRPC_ENABLE_FORK_SUPPORT_DEFAULT=false -DGRPC_PYTHON_BUILD=1 -D__STDC_FORMAT_MACROS "-DPyMODINIT_FUNC=extern \"C\" __attribute__((visibility (\"default\"))) PyObject*" -DGRPC_POSIX_FORK_ALLOW_PTHREAD_ATFORK=1 -Isrc/python/grpcio -Iinclude -I. -Ithird_party/abseil-cpp -Ithird_party/address_sorting/include -Ithird_party/cares/cares/include -Ithird_party/cares -Ithird_party/cares/cares -Ithird_party/cares/cares/src/lib/include -Ithird_party/cares/cares/src/lib -Ithird_party/cares/config_linux -Ithird_party/re2 -Ithird_party/boringssl-with-bazel/src/include -Ithird_party/upb -Isrc/core/ext/upb-gen -Isrc/core/ext/upbdefs-gen -Ithird_party/utf8_range -Ithird_party/xxhash -Ithird_party/zlib -I/usr/local/google/home/ssreenithi/.pyenv/versions/3.12.0/envs/pyvenv_312/include -I/usr/local/google/home/ssreenithi/.pyenv/versions/3.12.0/include/python3.12 -c third_party/boringssl-with-bazel/src/ssl/handshake_client.cc -o pyb/temp.linux-x86_64-cpython-312/third_party/boringssl-with-bazel/src/ssl/handshake_client.o -std=c++17 -fvisibility=hidden -fno-wrapv -fno-exceptions -pthread
      In constructor ‘grpc_core::filters_detail::OperationExecutor<T>::OperationExecutor(grpc_core::filters_detail::OperationExecutor<T>&&) [with T = std::unique_ptr<grpc_core::Message, grpc_core::Arena::PooledDeleter>]’,
          inlined from ‘grpc_core::CallFilters::MessageExecutor<&grpc_core::CallFilters::push_client_to_server_message_, &grpc_core::filters_detail::StackData::client_to_server_messages, &grpc_core::CallState::FinishPullClientToServerMessage, const grpc_core::CallFilters::AddedStack*>::MessageExecutor(grpc_core::CallFilters::MessageExecutor<&grpc_core::CallFilters::push_client_to_server_message_, &grpc_core::filters_detail::StackData::client_to_server_messages, &grpc_core::CallState::FinishPullClientToServerMessage, const grpc_core::CallFilters::AddedStack*>&&)’ at ./src/core/call/call_filters.h:1886:9,
          inlined from ‘grpc_core::promise_detail::PromiseLike<F, typename std::enable_if<(! std::is_void<typename std::invoke_result<Releaser>::type>::value), void>::type>::PromiseLike(F&&) [with F = grpc_core::CallFilters::MessageExecutor<&grpc_core::CallFilters::push_client_to_server_message_, &grpc_core::filters_detail::StackData::client_to_server_messages, &grpc_core::CallState::FinishPullClientToServerMessage, const grpc_core::CallFilters::AddedStack*>]’ at ./src/core/lib/promise/detail/promise_like.h:214:9,
          inlined from ‘std::enable_if_t<((bool)grpc_core::promise_detail::IsVoidCallable<typename grpc_core::promise_detail::ResultOfT<F(), void>::T>::value), grpc_core::promise_detail::PromiseLike<decltype (declval<F>()())> > grpc_core::promise_detail::PromiseFactoryImpl(Token, F&&) [with Token = OnceToken; F = grpc_core::CallFilters::PullClientToServerMessage()::<lambda(bool)>::<lambda()>]’ at ./src/core/lib/promise/detail/promise_factory.h:211:12,
          inlined from ‘grpc_core::promise_detail::OncePromiseFactory<void, F>::Promise grpc_core::promise_detail::OncePromiseFactory<void, F>::Make() [with F = grpc_core::CallFilters::PullClientToServerMessage()::<lambda(bool)>::<lambda()>]’ at ./src/core/lib/promise/detail/promise_factory.h:250:57,
          inlined from ‘grpc_core::If<bool, T, F>::If(bool, T, F) [with T = grpc_core::CallFilters::PullClientToServerMessage()::<lambda(bool)>::<lambda()>; F = grpc_core::CallFilters::PullClientToServerMessage()::<lambda(bool)>::<lambda()>]’ at ./src/core/lib/promise/if.h:181:45,
          inlined from ‘grpc_core::CallFilters::PullClientToServerMessage()::<lambda(bool)>’ at ./src/core/call/call_filters.h:2019:16,
          inlined from ‘std::enable_if_t<((bool)grpc_core::promise_detail::IsVoidCallable<typename grpc_core::promise_detail::ResultOfT<F(A), void>::T>::value), grpc_core::promise_detail::PromiseLike<decltype (declval<F>()(declval<A>()))> > grpc_core::promise_detail::PromiseFactoryImpl(Token, F&&, A&&) [with Token = OnceToken; A = bool; F = grpc_core::CallFilters::PullClientToServerMessage()::<lambda(bool)>]’ at ./src/core/lib/promise/detail/promise_factory.h:183:11,
          inlined from ‘grpc_core::promise_detail::OncePromiseFactory<A, F>::Promise grpc_core::promise_detail::OncePromiseFactory<A, F>::Make(Arg&&) [with A = bool; F = grpc_core::CallFilters::PullClientToServerMessage()::<lambda(bool)>]’ at ./src/core/lib/promise/detail/promise_factory.h:232:79,
          inlined from ‘static auto grpc_core::promise_detail::TrySeqTraitsWithSfinae<T, typename std::enable_if<((std::is_same<decltype (grpc_core::IsStatusOk(declval<T>())), bool>::value && grpc_core::promise_detail::TakeValueExists<T>::value) && grpc_core::promise_detail::AllowGenericTrySeqTraits<T>::value), void>::type>::CallFactory(Next*, T&&) [with Next = grpc_core::promise_detail::OncePromiseFactory<bool, grpc_core::CallFilters::PullClientToServerMessage()::<lambda(bool)> >; T = grpc_core::ValueOrFailure<bool>]’ at ./src/core/lib/promise/try_seq.h:200:57,
          inlined from ‘grpc_core::Poll<typename Traits<typename grpc_core::promise_detail::OncePromiseFactory<typename Traits<typename grpc_core::promise_detail::PromiseLike<F>::Result>::UnwrappedType, F0>::Promise::Result>::WrappedType> grpc_core::promise_detail::SeqState<Traits, P, F0>::PollOnce() [with Traits = grpc_core::promise_detail::TrySeqTraits; P = grpc_core::CallFilters::PullClientToServerMessage()::<lambda()>; F0 = grpc_core::CallFilters::PullClientToServerMessage()::<lambda(bool)>]’ at ./src/core/lib/promise/detail/seq_state.h:185:14,
          inlined from ‘auto grpc_core::promise_detail::TrySeq<P, Fs>::operator()() [with P = grpc_core::CallFilters::PullClientToServerMessage()::<lambda()>; Fs = {grpc_core::CallFilters::PullClientToServerMessage()::<lambda(bool)>}]’ at ./src/core/lib/promise/try_seq.h:263:28,
          inlined from ‘grpc_core::promise_detail::PromiseLike<F, typename std::enable_if<(! std::is_void<typename std::invoke_result<Releaser>::type>::value), void>::type>::WrappedResult grpc_core::promise_detail::PromiseLike<F, typename std::enable_if<(! std::is_void<typename std::invoke_result<Releaser>::type>::value), void>::type>::operator()() [with F = grpc_core::promise_detail::TrySeq<grpc_core::CallFilters::PullClientToServerMessage()::<lambda()>, grpc_core::CallFilters::PullClientToServerMessage()::<lambda(bool)> >]’ at ./src/core/lib/promise/detail/promise_like.h:216:25,
          inlined from ‘grpc_core::Poll<typename grpc_core::promise_detail::WrappedFn<Fn, typename grpc_core::promise_detail::PromiseLike<F>::Result>::Result> grpc_core::Map<Promise, Fn>::operator()() [with Promise = grpc_core::promise_detail::TrySeq<grpc_core::CallFilters::PullClientToServerMessage()::<lambda()>, grpc_core::CallFilters::PullClientToServerMessage()::<lambda(bool)> >; Fn = grpc_core::MessageReceiver::MakeBatchOp<grpc_core::CallHandler>(const grpc_op&, grpc_core::CallHandler*)::<lambda()> mutable::<lambda(grpc_core::CallHandler::NextMessage)>]’ at ./src/core/lib/promise/map.h:152:25,
          inlined from ‘grpc_core::promise_detail::PromiseLike<F, typename std::enable_if<(! std::is_void<typename std::invoke_result<Releaser>::type>::value), void>::type>::WrappedResult grpc_core::promise_detail::PromiseLike<F, typename std::enable_if<(! std::is_void<typename std::invoke_result<Releaser>::type>::value), void>::type>::operator()() [with F = grpc_core::Map<grpc_core::promise_detail::TrySeq<grpc_core::CallFilters::PullClientToServerMessage()::<lambda()>, grpc_core::CallFilters::PullClientToServerMessage()::<lambda(bool)> >, grpc_core::MessageReceiver::MakeBatchOp<grpc_core::CallHandler>(const grpc_op&, grpc_core::CallHandler*)::<lambda()> mutable::<lambda(grpc_core::CallHandler::NextMessage)> >]’ at ./src/core/lib/promise/detail/promise_like.h:216:25,
          inlined from ‘grpc_core::Poll<grpc_core::StatusFlag> grpc_core::OpHandlerImpl<SetupResult, kOp>::operator()() [with SetupResult = grpc_core::MessageReceiver::MakeBatchOp<grpc_core::CallHandler>(const grpc_op&, grpc_core::CallHandler*)::<lambda()>; grpc_op_type kOp = GRPC_OP_RECV_MESSAGE]’ at ./src/core/lib/surface/call_utils.h:234:48:
      ./src/core/call/call_filters.h:1424:20: warning: ‘<unnamed>.grpc_core::CallFilters::MessageExecutor<grpc_core::CallFilters::push_client_to_server_message_, grpc_core::filters_detail::StackData::client_to_server_messages, grpc_core::CallState::FinishPullClientToServerMessage, const grpc_core::CallFilters::AddedStack*>::executor_.grpc_core::filters_detail::OperationExecutor<std::unique_ptr<grpc_core::Message, grpc_core::Arena::PooledDeleter> >::ops_’ may be used uninitialized [-Wmaybe-uninitialized]
       1424 |       : ops_(other.ops_), end_ops_(other.end_ops_) {
            |              ~~~~~~^~~~
      ./src/core/lib/promise/detail/promise_factory.h: In member function ‘grpc_core::Poll<grpc_core::StatusFlag> grpc_core::OpHandlerImpl<SetupResult, kOp>::operator()() [with SetupResult = grpc_core::MessageReceiver::MakeBatchOp<grpc_core::CallHandler>(const grpc_op&, grpc_core::CallHandler*)::<lambda()>; grpc_op_type kOp = GRPC_OP_RECV_MESSAGE]’:
      ./src/core/lib/promise/detail/promise_factory.h:211:11: note: ‘<anonymous>’ declared here
        211 |   return f();
            |          ~^~
      In constructor ‘grpc_core::filters_detail::OperationExecutor<T>::OperationExecutor(grpc_core::filters_detail::OperationExecutor<T>&&) [with T = std::unique_ptr<grpc_core::Message, grpc_core::Arena::PooledDeleter>]’,
          inlined from ‘grpc_core::CallFilters::MessageExecutor<&grpc_core::CallFilters::push_client_to_server_message_, &grpc_core::filters_detail::StackData::client_to_server_messages, &grpc_core::CallState::FinishPullClientToServerMessage, const grpc_core::CallFilters::AddedStack*>::MessageExecutor(grpc_core::CallFilters::MessageExecutor<&grpc_core::CallFilters::push_client_to_server_message_, &grpc_core::filters_detail::StackData::client_to_server_messages, &grpc_core::CallState::FinishPullClientToServerMessage, const grpc_core::CallFilters::AddedStack*>&&)’ at ./src/core/call/call_filters.h:1886:9,
          inlined from ‘grpc_core::promise_detail::PromiseLike<F, typename std::enable_if<(! std::is_void<typename std::invoke_result<Releaser>::type>::value), void>::type>::PromiseLike(F&&) [with F = grpc_core::CallFilters::MessageExecutor<&grpc_core::CallFilters::push_client_to_server_message_, &grpc_core::filters_detail::StackData::client_to_server_messages, &grpc_core::CallState::FinishPullClientToServerMessage, const grpc_core::CallFilters::AddedStack*>]’ at ./src/core/lib/promise/detail/promise_like.h:214:9,
          inlined from ‘std::enable_if_t<((bool)grpc_core::promise_detail::IsVoidCallable<typename grpc_core::promise_detail::ResultOfT<F(), void>::T>::value), grpc_core::promise_detail::PromiseLike<decltype (declval<F>()())> > grpc_core::promise_detail::PromiseFactoryImpl(Token, F&&) [with Token = OnceToken; F = grpc_core::CallFilters::PullClientToServerMessage()::<lambda(bool)>::<lambda()>]’ at ./src/core/lib/promise/detail/promise_factory.h:211:12,
          inlined from ‘grpc_core::promise_detail::OncePromiseFactory<void, F>::Promise grpc_core::promise_detail::OncePromiseFactory<void, F>::Make() [with F = grpc_core::CallFilters::PullClientToServerMessage()::<lambda(bool)>::<lambda()>]’ at ./src/core/lib/promise/detail/promise_factory.h:250:57,
          inlined from ‘grpc_core::If<bool, T, F>::If(bool, T, F) [with T = grpc_core::CallFilters::PullClientToServerMessage()::<lambda(bool)>::<lambda()>; F = grpc_core::CallFilters::PullClientToServerMessage()::<lambda(bool)>::<lambda()>]’ at ./src/core/lib/promise/if.h:181:45,
          inlined from ‘grpc_core::CallFilters::PullClientToServerMessage()::<lambda(bool)>’ at ./src/core/call/call_filters.h:2019:16,
          inlined from ‘std::enable_if_t<((bool)grpc_core::promise_detail::IsVoidCallable<typename grpc_core::promise_detail::ResultOfT<F(A), void>::T>::value), grpc_core::promise_detail::PromiseLike<decltype (declval<F>()(declval<A>()))> > grpc_core::promise_detail::PromiseFactoryImpl(Token, F&&, A&&) [with Token = OnceToken; A = bool; F = grpc_core::CallFilters::PullClientToServerMessage()::<lambda(bool)>]’ at ./src/core/lib/promise/detail/promise_factory.h:183:11,
          inlined from ‘grpc_core::promise_detail::OncePromiseFactory<A, F>::Promise grpc_core::promise_detail::OncePromiseFactory<A, F>::Make(Arg&&) [with A = bool; F = grpc_core::CallFilters::PullClientToServerMessage()::<lambda(bool)>]’ at ./src/core/lib/promise/detail/promise_factory.h:232:79,
          inlined from ‘static auto grpc_core::promise_detail::TrySeqTraitsWithSfinae<T, typename std::enable_if<((std::is_same<decltype (grpc_core::IsStatusOk(declval<T>())), bool>::value && grpc_core::promise_detail::TakeValueExists<T>::value) && grpc_core::promise_detail::AllowGenericTrySeqTraits<T>::value), void>::type>::CallFactory(Next*, T&&) [with Next = grpc_core::promise_detail::OncePromiseFactory<bool, grpc_core::CallFilters::PullClientToServerMessage()::<lambda(bool)> >; T = grpc_core::ValueOrFailure<bool>]’ at ./src/core/lib/promise/try_seq.h:200:57,
          inlined from ‘grpc_core::Poll<typename Traits<typename grpc_core::promise_detail::OncePromiseFactory<typename Traits<typename grpc_core::promise_detail::PromiseLike<F>::Result>::UnwrappedType, F0>::Promise::Result>::WrappedType> grpc_core::promise_detail::SeqState<Traits, P, F0>::PollOnce() [with Traits = grpc_core::promise_detail::TrySeqTraits; P = grpc_core::CallFilters::PullClientToServerMessage()::<lambda()>; F0 = grpc_core::CallFilters::PullClientToServerMessage()::<lambda(bool)>]’ at ./src/core/lib/promise/detail/seq_state.h:185:14,
          inlined from ‘auto grpc_core::promise_detail::TrySeq<P, Fs>::operator()() [with P = grpc_core::CallFilters::PullClientToServerMessage()::<lambda()>; Fs = {grpc_core::CallFilters::PullClientToServerMessage()::<lambda(bool)>}]’ at ./src/core/lib/promise/try_seq.h:263:28,
          inlined from ‘grpc_core::promise_detail::PromiseLike<F, typename std::enable_if<(! std::is_void<typename std::invoke_result<Releaser>::type>::value), void>::type>::WrappedResult grpc_core::promise_detail::PromiseLike<F, typename std::enable_if<(! std::is_void<typename std::invoke_result<Releaser>::type>::value), void>::type>::operator()() [with F = grpc_core::promise_detail::TrySeq<grpc_core::CallFilters::PullClientToServerMessage()::<lambda()>, grpc_core::CallFilters::PullClientToServerMessage()::<lambda(bool)> >]’ at ./src/core/lib/promise/detail/promise_like.h:216:25,
          inlined from ‘grpc_core::Poll<typename grpc_core::promise_detail::WrappedFn<Fn, typename grpc_core::promise_detail::PromiseLike<F>::Result>::Result> grpc_core::Map<Promise, Fn>::operator()() [with Promise = grpc_core::promise_detail::TrySeq<grpc_core::CallFilters::PullClientToServerMessage()::<lambda()>, grpc_core::CallFilters::PullClientToServerMessage()::<lambda(bool)> >; Fn = grpc_core::MessageReceiver::MakeBatchOp<grpc_core::CallHandler>(const grpc_op&, grpc_core::CallHandler*)::<lambda()> mutable::<lambda(grpc_core::CallHandler::NextMessage)>]’ at ./src/core/lib/promise/map.h:152:25,
          inlined from ‘grpc_core::promise_detail::PromiseLike<F, typename std::enable_if<(! std::is_void<typename std::invoke_result<Releaser>::type>::value), void>::type>::WrappedResult grpc_core::promise_detail::PromiseLike<F, typename std::enable_if<(! std::is_void<typename std::invoke_result<Releaser>::type>::value), void>::type>::operator()() [with F = grpc_core::Map<grpc_core::promise_detail::TrySeq<grpc_core::CallFilters::PullClientToServerMessage()::<lambda()>, grpc_core::CallFilters::PullClientToServerMessage()::<lambda(bool)> >, grpc_core::MessageReceiver::MakeBatchOp<grpc_core::CallHandler>(const grpc_op&, grpc_core::CallHandler*)::<lambda()> mutable::<lambda(grpc_core::CallHandler::NextMessage)> >]’ at ./src/core/lib/promise/detail/promise_like.h:216:25,
          inlined from ‘grpc_core::Poll<grpc_core::StatusFlag> grpc_core::OpHandlerImpl<SetupResult, kOp>::operator()() [with SetupResult = grpc_core::MessageReceiver::MakeBatchOp<grpc_core::CallHandler>(const grpc_op&, grpc_core::CallHandler*)::<lambda()>; grpc_op_type kOp = GRPC_OP_RECV_MESSAGE]’ at ./src/core/lib/surface/call_utils.h:234:48:
      ./src/core/call/call_filters.h:1424:42: warning: ‘<unnamed>.grpc_core::CallFilters::MessageExecutor<grpc_core::CallFilters::push_client_to_server_message_, grpc_core::filters_detail::StackData::client_to_server_messages, grpc_core::CallState::FinishPullClientToServerMessage, const grpc_core::CallFilters::AddedStack*>::executor_.grpc_core::filters_detail::OperationExecutor<std::unique_ptr<grpc_core::Message, grpc_core::Arena::PooledDeleter> >::end_ops_’ may be used uninitialized [-Wmaybe-uninitialized]
       1424 |       : ops_(other.ops_), end_ops_(other.end_ops_) {
            |                                    ~~~~~~^~~~~~~~
      ./src/core/lib/promise/detail/promise_factory.h: In member function ‘grpc_core::Poll<grpc_core::StatusFlag> grpc_core::OpHandlerImpl<SetupResult, kOp>::operator()() [with SetupResult = grpc_core::MessageReceiver::MakeBatchOp<grpc_core::CallHandler>(const grpc_op&, grpc_core::CallHandler*)::<lambda()>; grpc_op_type kOp = GRPC_OP_RECV_MESSAGE]’:
      ./src/core/lib/promise/detail/promise_factory.h:211:11: note: ‘<anonymous>’ declared here
        211 |   return f();
            |          ~^~
      g++ -fno-strict-overflow -Wsign-compare -DNDEBUG -g -O3 -Wall -fPIC -D_WIN32_WINNT=1536 -DGRPC_XDS_USER_AGENT_NAME_SUFFIX=\"Python\" -DGRPC_XDS_USER_AGENT_VERSION_SUFFIX=\"1.79.0.dev0\" -DHAVE_CONFIG_H=1 -DGRPC_ENABLE_FORK_SUPPORT=1 -DGRPC_ENABLE_FORK_SUPPORT_DEFAULT=false -DGRPC_PYTHON_BUILD=1 -D__STDC_FORMAT_MACROS "-DPyMODINIT_FUNC=extern \"C\" __attribute__((visibility (\"default\"))) PyObject*" -DGRPC_POSIX_FORK_ALLOW_PTHREAD_ATFORK=1 -Isrc/python/grpcio -Iinclude -I. -Ithird_party/abseil-cpp -Ithird_party/address_sorting/include -Ithird_party/cares/cares/include -Ithird_party/cares -Ithird_party/cares/cares -Ithird_party/cares/cares/src/lib/include -Ithird_party/cares/cares/src/lib -Ithird_party/cares/config_linux -Ithird_party/re2 -Ithird_party/boringssl-with-bazel/src/include -Ithird_party/upb -Isrc/core/ext/upb-gen -Isrc/core/ext/upbdefs-gen -Ithird_party/utf8_range -Ithird_party/xxhash -Ithird_party/zlib -I/usr/local/google/home/ssreenithi/.pyenv/versions/3.12.0/envs/pyvenv_312/include -I/usr/local/google/home/ssreenithi/.pyenv/versions/3.12.0/include/python3.12 -c src/core/telemetry/context_list_entry.cc -o pyb/temp.linux-x86_64-cpython-312/src/core/telemetry/context_list_entry.o -std=c++17 -fvisibility=hidden -fno-wrapv -fno-exceptions -pthread
      g++ -fno-strict-overflow -Wsign-compare -DNDEBUG -g -O3 -Wall -fPIC -D_WIN32_WINNT=1536 -DGRPC_XDS_USER_AGENT_NAME_SUFFIX=\"Python\" -DGRPC_XDS_USER_AGENT_VERSION_SUFFIX=\"1.79.0.dev0\" -DHAVE_CONFIG_H=1 -DGRPC_ENABLE_FORK_SUPPORT=1 -DGRPC_ENABLE_FORK_SUPPORT_DEFAULT=false -DGRPC_PYTHON_BUILD=1 -D__STDC_FORMAT_MACROS "-DPyMODINIT_FUNC=extern \"C\" __attribute__((visibility (\"default\"))) PyObject*" -DGRPC_POSIX_FORK_ALLOW_PTHREAD_ATFORK=1 -Isrc/python/grpcio -Iinclude -I. -Ithird_party/abseil-cpp -Ithird_party/address_sorting/include -Ithird_party/cares/cares/include -Ithird_party/cares -Ithird_party/cares/cares -Ithird_party/cares/cares/src/lib/include -Ithird_party/cares/cares/src/lib -Ithird_party/cares/config_linux -Ithird_party/re2 -Ithird_party/boringssl-with-bazel/src/include -Ithird_party/upb -Isrc/core/ext/upb-gen -Isrc/core/ext/upbdefs-gen -Ithird_party/utf8_range -Ithird_party/xxhash -Ithird_party/zlib -I/usr/local/google/home/ssreenithi/.pyenv/versions/3.12.0/envs/pyvenv_312/include -I/usr/local/google/home/ssreenithi/.pyenv/versions/3.12.0/include/python3.12 -c src/core/server/server.cc -o pyb/temp.linux-x86_64-cpython-312/src/core/server/server.o -std=c++17 -fvisibility=hidden -fno-wrapv -fno-exceptions -pthread
      g++ -fno-strict-overflow -Wsign-compare -DNDEBUG -g -O3 -Wall -fPIC -D_WIN32_WINNT=1536 -DGRPC_XDS_USER_AGENT_NAME_SUFFIX=\"Python\" -DGRPC_XDS_USER_AGENT_VERSION_SUFFIX=\"1.79.0.dev0\" -DHAVE_CONFIG_H=1 -DGRPC_ENABLE_FORK_SUPPORT=1 -DGRPC_ENABLE_FORK_SUPPORT_DEFAULT=false -DGRPC_PYTHON_BUILD=1 -D__STDC_FORMAT_MACROS "-DPyMODINIT_FUNC=extern \"C\" __attribute__((visibility (\"default\"))) PyObject*" -DGRPC_POSIX_FORK_ALLOW_PTHREAD_ATFORK=1 -Isrc/python/grpcio -Iinclude -I. -Ithird_party/abseil-cpp -Ithird_party/address_sorting/include -Ithird_party/cares/cares/include -Ithird_party/cares -Ithird_party/cares/cares -Ithird_party/cares/cares/src/lib/include -Ithird_party/cares/cares/src/lib -Ithird_party/cares/config_linux -Ithird_party/re2 -Ithird_party/boringssl-with-bazel/src/include -Ithird_party/upb -Isrc/core/ext/upb-gen -Isrc/core/ext/upbdefs-gen -Ithird_party/utf8_range -Ithird_party/xxhash -Ithird_party/zlib -I/usr/local/google/home/ssreenithi/.pyenv/versions/3.12.0/envs/pyvenv_312/include -I/usr/local/google/home/ssreenithi/.pyenv/versions/3.12.0/include/python3.12 -c src/core/xds/grpc/xds_routing.cc -o pyb/temp.linux-x86_64-cpython-312/src/core/xds/grpc/xds_routing.o -std=c++17 -fvisibility=hidden -fno-wrapv -fno-exceptions -pthread
      In file included from ./src/core/lib/promise/activity.h:30,
                       from ./src/core/lib/resource_quota/memory_quota.h:39,
                       from ./src/core/lib/resource_quota/arena.h:39,
                       from ./src/core/util/chunked_vector.h:24,
                       from ./src/core/call/metadata_batch.h:41,
                       from ./src/core/ext/transport/chttp2/transport/hpack_encoder.h:30,
                       from src/core/ext/transport/chttp2/transport/hpack_encoder.cc:19:
      ./src/core/lib/promise/detail/promise_factory.h:210:5: warning: ‘always_inline’ function might not be inlinable unless also declared ‘inline’ [-Wattributes]
        210 |     PromiseFactoryImpl(Token, F&& f) {
            |     ^~~~~~~~~~~~~~~~~~
      ./src/core/lib/promise/detail/promise_factory.h:210:5: warning: ‘always_inline’ function might not be inlinable unless also declared ‘inline’ [-Wattributes]
      ./src/core/lib/promise/detail/promise_factory.h:210:5: warning: ‘always_inline’ function might not be inlinable unless also declared ‘inline’ [-Wattributes]
      ./src/core/lib/promise/detail/promise_factory.h:210:5: warning: ‘always_inline’ function might not be inlinable unless also declared ‘inline’ [-Wattributes]
      ./src/core/lib/promise/detail/promise_factory.h:210:5: warning: ‘always_inline’ function might not be inlinable unless also declared ‘inline’ [-Wattributes]
      ./src/core/lib/promise/detail/promise_factory.h:210:5: warning: ‘always_inline’ function might not be inlinable unless also declared ‘inline’ [-Wattributes]
      ./src/core/lib/promise/detail/promise_factory.h:210:5: warning: ‘always_inline’ function might not be inlinable unless also declared ‘inline’ [-Wattributes]
      g++ -fno-strict-overflow -Wsign-compare -DNDEBUG -g -O3 -Wall -fPIC -D_WIN32_WINNT=1536 -DGRPC_XDS_USER_AGENT_NAME_SUFFIX=\"Python\" -DGRPC_XDS_USER_AGENT_VERSION_SUFFIX=\"1.79.0.dev0\" -DHAVE_CONFIG_H=1 -DGRPC_ENABLE_FORK_SUPPORT=1 -DGRPC_ENABLE_FORK_SUPPORT_DEFAULT=false -DGRPC_PYTHON_BUILD=1 -D__STDC_FORMAT_MACROS "-DPyMODINIT_FUNC=extern \"C\" __attribute__((visibility (\"default\"))) PyObject*" -DGRPC_POSIX_FORK_ALLOW_PTHREAD_ATFORK=1 -Isrc/python/grpcio -Iinclude -I. -Ithird_party/abseil-cpp -Ithird_party/address_sorting/include -Ithird_party/cares/cares/include -Ithird_party/cares -Ithird_party/cares/cares -Ithird_party/cares/cares/src/lib/include -Ithird_party/cares/cares/src/lib -Ithird_party/cares/config_linux -Ithird_party/re2 -Ithird_party/boringssl-with-bazel/src/include -Ithird_party/upb -Isrc/core/ext/upb-gen -Isrc/core/ext/upbdefs-gen -Ithird_party/utf8_range -Ithird_party/xxhash -Ithird_party/zlib -I/usr/local/google/home/ssreenithi/.pyenv/versions/3.12.0/envs/pyvenv_312/include -I/usr/local/google/home/ssreenithi/.pyenv/versions/3.12.0/include/python3.12 -c src/core/telemetry/default_tcp_tracer.cc -o pyb/temp.linux-x86_64-cpython-312/src/core/telemetry/default_tcp_tracer.o -std=c++17 -fvisibility=hidden -fno-wrapv -fno-exceptions -pthread
      g++ -fno-strict-overflow -Wsign-compare -DNDEBUG -g -O3 -Wall -fPIC -D_WIN32_WINNT=1536 -DGRPC_XDS_USER_AGENT_NAME_SUFFIX=\"Python\" -DGRPC_XDS_USER_AGENT_VERSION_SUFFIX=\"1.79.0.dev0\" -DHAVE_CONFIG_H=1 -DGRPC_ENABLE_FORK_SUPPORT=1 -DGRPC_ENABLE_FORK_SUPPORT_DEFAULT=false -DGRPC_PYTHON_BUILD=1 -D__STDC_FORMAT_MACROS "-DPyMODINIT_FUNC=extern \"C\" __attribute__((visibility (\"default\"))) PyObject*" -DGRPC_POSIX_FORK_ALLOW_PTHREAD_ATFORK=1 -Isrc/python/grpcio -Iinclude -I. -Ithird_party/abseil-cpp -Ithird_party/address_sorting/include -Ithird_party/cares/cares/include -Ithird_party/cares -Ithird_party/cares/cares -Ithird_party/cares/cares/src/lib/include -Ithird_party/cares/cares/src/lib -Ithird_party/cares/config_linux -Ithird_party/re2 -Ithird_party/boringssl-with-bazel/src/include -Ithird_party/upb -Isrc/core/ext/upb-gen -Isrc/core/ext/upbdefs-gen -Ithird_party/utf8_range -Ithird_party/xxhash -Ithird_party/zlib -I/usr/local/google/home/ssreenithi/.pyenv/versions/3.12.0/envs/pyvenv_312/include -I/usr/local/google/home/ssreenithi/.pyenv/versions/3.12.0/include/python3.12 -c src/core/xds/grpc/xds_health_status.cc -o pyb/temp.linux-x86_64-cpython-312/src/core/xds/grpc/xds_health_status.o -std=c++17 -fvisibility=hidden -fno-wrapv -fno-exceptions -pthread
      In file included from ./src/core/lib/promise/activity.h:30,
                       from ./src/core/lib/resource_quota/memory_quota.h:39,
                       from ./src/core/lib/resource_quota/arena.h:39,
                       from ./src/core/lib/promise/arena_promise.h:28,
                       from ./src/core/credentials/transport/security_connector.h:36,
                       from ./src/core/credentials/transport/tls/ssl_utils.h:34,
                       from ./src/core/credentials/transport/tls/grpc_tls_certificate_distributor.h:30,
                       from ./src/core/xds/grpc/certificate_provider_store.h:29,
                       from ./src/core/xds/grpc/xds_bootstrap_grpc.h:32,
                       from src/core/xds/grpc/xds_matcher_parse.cc:21:
      ./src/core/lib/promise/detail/promise_factory.h:210:5: warning: ‘always_inline’ function might not be inlinable unless also declared ‘inline’ [-Wattributes]
        210 |     PromiseFactoryImpl(Token, F&& f) {
            |     ^~~~~~~~~~~~~~~~~~
      ./src/core/lib/promise/detail/promise_factory.h:210:5: warning: ‘always_inline’ function might not be inlinable unless also declared ‘inline’ [-Wattributes]
      ./src/core/lib/promise/detail/promise_factory.h:210:5: warning: ‘always_inline’ function might not be inlinable unless also declared ‘inline’ [-Wattributes]
      ./src/core/lib/promise/detail/promise_factory.h:210:5: warning: ‘always_inline’ function might not be inlinable unless also declared ‘inline’ [-Wattributes]
      ./src/core/lib/promise/detail/promise_factory.h:210:5: warning: ‘always_inline’ function might not be inlinable unless also declared ‘inline’ [-Wattributes]
      ./src/core/lib/promise/detail/promise_factory.h:210:5: warning: ‘always_inline’ function might not be inlinable unless also declared ‘inline’ [-Wattributes]
      ./src/core/lib/promise/detail/promise_factory.h:210:5: warning: ‘always_inline’ function might not be inlinable unless also declared ‘inline’ [-Wattributes]
      g++ -fno-strict-overflow -Wsign-compare -DNDEBUG -g -O3 -Wall -fPIC -D_WIN32_WINNT=1536 -DGRPC_XDS_USER_AGENT_NAME_SUFFIX=\"Python\" -DGRPC_XDS_USER_AGENT_VERSION_SUFFIX=\"1.79.0.dev0\" -DHAVE_CONFIG_H=1 -DGRPC_ENABLE_FORK_SUPPORT=1 -DGRPC_ENABLE_FORK_SUPPORT_DEFAULT=false -DGRPC_PYTHON_BUILD=1 -D__STDC_FORMAT_MACROS "-DPyMODINIT_FUNC=extern \"C\" __attribute__((visibility (\"default\"))) PyObject*" -DGRPC_POSIX_FORK_ALLOW_PTHREAD_ATFORK=1 -Isrc/python/grpcio -Iinclude -I. -Ithird_party/abseil-cpp -Ithird_party/address_sorting/include -Ithird_party/cares/cares/include -Ithird_party/cares -Ithird_party/cares/cares -Ithird_party/cares/cares/src/lib/include -Ithird_party/cares/cares/src/lib -Ithird_party/cares/config_linux -Ithird_party/re2 -Ithird_party/boringssl-with-bazel/src/include -Ithird_party/upb -Isrc/core/ext/upb-gen -Isrc/core/ext/upbdefs-gen -Ithird_party/utf8_range -Ithird_party/xxhash -Ithird_party/zlib -I/usr/local/google/home/ssreenithi/.pyenv/versions/3.12.0/envs/pyvenv_312/include -I/usr/local/google/home/ssreenithi/.pyenv/versions/3.12.0/include/python3.12 -c third_party/boringssl-with-bazel/src/ssl/ssl_session.cc -o pyb/temp.linux-x86_64-cpython-312/third_party/boringssl-with-bazel/src/ssl/ssl_session.o -std=c++17 -fvisibility=hidden -fno-wrapv -fno-exceptions -pthread
      g++ -fno-strict-overflow -Wsign-compare -DNDEBUG -g -O3 -Wall -fPIC -D_WIN32_WINNT=1536 -DGRPC_XDS_USER_AGENT_NAME_SUFFIX=\"Python\" -DGRPC_XDS_USER_AGENT_VERSION_SUFFIX=\"1.79.0.dev0\" -DHAVE_CONFIG_H=1 -DGRPC_ENABLE_FORK_SUPPORT=1 -DGRPC_ENABLE_FORK_SUPPORT_DEFAULT=false -DGRPC_PYTHON_BUILD=1 -D__STDC_FORMAT_MACROS "-DPyMODINIT_FUNC=extern \"C\" __attribute__((visibility (\"default\"))) PyObject*" -DGRPC_POSIX_FORK_ALLOW_PTHREAD_ATFORK=1 -Isrc/python/grpcio -Iinclude -I. -Ithird_party/abseil-cpp -Ithird_party/address_sorting/include -Ithird_party/cares/cares/include -Ithird_party/cares -Ithird_party/cares/cares -Ithird_party/cares/cares/src/lib/include -Ithird_party/cares/cares/src/lib -Ithird_party/cares/config_linux -Ithird_party/re2 -Ithird_party/boringssl-with-bazel/src/include -Ithird_party/upb -Isrc/core/ext/upb-gen -Isrc/core/ext/upbdefs-gen -Ithird_party/utf8_range -Ithird_party/xxhash -Ithird_party/zlib -I/usr/local/google/home/ssreenithi/.pyenv/versions/3.12.0/envs/pyvenv_312/include -I/usr/local/google/home/ssreenithi/.pyenv/versions/3.12.0/include/python3.12 -c third_party/re2/re2/unicode_casefold.cc -o pyb/temp.linux-x86_64-cpython-312/third_party/re2/re2/unicode_casefold.o -std=c++17 -fvisibility=hidden -fno-wrapv -fno-exceptions -pthread
      g++ -fno-strict-overflow -Wsign-compare -DNDEBUG -g -O3 -Wall -fPIC -D_WIN32_WINNT=1536 -DGRPC_XDS_USER_AGENT_NAME_SUFFIX=\"Python\" -DGRPC_XDS_USER_AGENT_VERSION_SUFFIX=\"1.79.0.dev0\" -DHAVE_CONFIG_H=1 -DGRPC_ENABLE_FORK_SUPPORT=1 -DGRPC_ENABLE_FORK_SUPPORT_DEFAULT=false -DGRPC_PYTHON_BUILD=1 -D__STDC_FORMAT_MACROS "-DPyMODINIT_FUNC=extern \"C\" __attribute__((visibility (\"default\"))) PyObject*" -DGRPC_POSIX_FORK_ALLOW_PTHREAD_ATFORK=1 -Isrc/python/grpcio -Iinclude -I. -Ithird_party/abseil-cpp -Ithird_party/address_sorting/include -Ithird_party/cares/cares/include -Ithird_party/cares -Ithird_party/cares/cares -Ithird_party/cares/cares/src/lib/include -Ithird_party/cares/cares/src/lib -Ithird_party/cares/config_linux -Ithird_party/re2 -Ithird_party/boringssl-with-bazel/src/include -Ithird_party/upb -Isrc/core/ext/upb-gen -Isrc/core/ext/upbdefs-gen -Ithird_party/utf8_range -Ithird_party/xxhash -Ithird_party/zlib -I/usr/local/google/home/ssreenithi/.pyenv/versions/3.12.0/envs/pyvenv_312/include -I/usr/local/google/home/ssreenithi/.pyenv/versions/3.12.0/include/python3.12 -c third_party/re2/re2/unicode_groups.cc -o pyb/temp.linux-x86_64-cpython-312/third_party/re2/re2/unicode_groups.o -std=c++17 -fvisibility=hidden -fno-wrapv -fno-exceptions -pthread
      In file included from ./src/core/lib/promise/activity.h:30,
                       from ./src/core/lib/resource_quota/memory_quota.h:39,
                       from ./src/core/ext/transport/chttp2/transport/flow_control.h:36,
                       from ./src/core/ext/transport/chttp2/transport/chttp2_transport.h:30,
                       from src/core/ext/transport/chttp2/transport/chttp2_transport.cc:17:
      ./src/core/lib/promise/detail/promise_factory.h:210:5: warning: ‘always_inline’ function might not be inlinable unless also declared ‘inline’ [-Wattributes]
        210 |     PromiseFactoryImpl(Token, F&& f) {
            |     ^~~~~~~~~~~~~~~~~~
      ./src/core/lib/promise/detail/promise_factory.h:210:5: warning: ‘always_inline’ function might not be inlinable unless also declared ‘inline’ [-Wattributes]
      ./src/core/lib/promise/detail/promise_factory.h:210:5: warning: ‘always_inline’ function might not be inlinable unless also declared ‘inline’ [-Wattributes]
      ./src/core/lib/promise/detail/promise_factory.h:210:5: warning: ‘always_inline’ function might not be inlinable unless also declared ‘inline’ [-Wattributes]
      ./src/core/lib/promise/detail/promise_factory.h:210:5: warning: ‘always_inline’ function might not be inlinable unless also declared ‘inline’ [-Wattributes]
      ./src/core/lib/promise/detail/promise_factory.h:210:5: warning: ‘always_inline’ function might not be inlinable unless also declared ‘inline’ [-Wattributes]
      ./src/core/lib/promise/detail/promise_factory.h:210:5: warning: ‘always_inline’ function might not be inlinable unless also declared ‘inline’ [-Wattributes]
      g++ -fno-strict-overflow -Wsign-compare -DNDEBUG -g -O3 -Wall -fPIC -D_WIN32_WINNT=1536 -DGRPC_XDS_USER_AGENT_NAME_SUFFIX=\"Python\" -DGRPC_XDS_USER_AGENT_VERSION_SUFFIX=\"1.79.0.dev0\" -DHAVE_CONFIG_H=1 -DGRPC_ENABLE_FORK_SUPPORT=1 -DGRPC_ENABLE_FORK_SUPPORT_DEFAULT=false -DGRPC_PYTHON_BUILD=1 -D__STDC_FORMAT_MACROS "-DPyMODINIT_FUNC=extern \"C\" __attribute__((visibility (\"default\"))) PyObject*" -DGRPC_POSIX_FORK_ALLOW_PTHREAD_ATFORK=1 -Isrc/python/grpcio -Iinclude -I. -Ithird_party/abseil-cpp -Ithird_party/address_sorting/include -Ithird_party/cares/cares/include -Ithird_party/cares -Ithird_party/cares/cares -Ithird_party/cares/cares/src/lib/include -Ithird_party/cares/cares/src/lib -Ithird_party/cares/config_linux -Ithird_party/re2 -Ithird_party/boringssl-with-bazel/src/include -Ithird_party/upb -Isrc/core/ext/upb-gen -Isrc/core/ext/upbdefs-gen -Ithird_party/utf8_range -Ithird_party/xxhash -Ithird_party/zlib -I/usr/local/google/home/ssreenithi/.pyenv/versions/3.12.0/envs/pyvenv_312/include -I/usr/local/google/home/ssreenithi/.pyenv/versions/3.12.0/include/python3.12 -c third_party/re2/re2/filtered_re2.cc -o pyb/temp.linux-x86_64-cpython-312/third_party/re2/re2/filtered_re2.o -std=c++17 -fvisibility=hidden -fno-wrapv -fno-exceptions -pthread
      g++ -fno-strict-overflow -Wsign-compare -DNDEBUG -g -O3 -Wall -fPIC -D_WIN32_WINNT=1536 -DGRPC_XDS_USER_AGENT_NAME_SUFFIX=\"Python\" -DGRPC_XDS_USER_AGENT_VERSION_SUFFIX=\"1.79.0.dev0\" -DHAVE_CONFIG_H=1 -DGRPC_ENABLE_FORK_SUPPORT=1 -DGRPC_ENABLE_FORK_SUPPORT_DEFAULT=false -DGRPC_PYTHON_BUILD=1 -D__STDC_FORMAT_MACROS "-DPyMODINIT_FUNC=extern \"C\" __attribute__((visibility (\"default\"))) PyObject*" -DGRPC_POSIX_FORK_ALLOW_PTHREAD_ATFORK=1 -Isrc/python/grpcio -Iinclude -I. -Ithird_party/abseil-cpp -Ithird_party/address_sorting/include -Ithird_party/cares/cares/include -Ithird_party/cares -Ithird_party/cares/cares -Ithird_party/cares/cares/src/lib/include -Ithird_party/cares/cares/src/lib -Ithird_party/cares/config_linux -Ithird_party/re2 -Ithird_party/boringssl-with-bazel/src/include -Ithird_party/upb -Isrc/core/ext/upb-gen -Isrc/core/ext/upbdefs-gen -Ithird_party/utf8_range -Ithird_party/xxhash -Ithird_party/zlib -I/usr/local/google/home/ssreenithi/.pyenv/versions/3.12.0/envs/pyvenv_312/include -I/usr/local/google/home/ssreenithi/.pyenv/versions/3.12.0/include/python3.12 -c third_party/re2/re2/prog.cc -o pyb/temp.linux-x86_64-cpython-312/third_party/re2/re2/prog.o -std=c++17 -fvisibility=hidden -fno-wrapv -fno-exceptions -pthread
      In file included from ./src/core/lib/promise/activity.h:30,
                       from ./src/core/call/call_state.h:23,
                       from ./src/core/call/call_filters.h:26,
                       from ./src/core/lib/surface/channel_init.h:31,
                       from ./src/core/config/core_configuration.h:29,
                       from ./src/core/ext/filters/stateful_session/stateful_session_service_config_parser.h:28,
                       from ./src/core/ext/filters/stateful_session/stateful_session_filter.h:25,
                       from src/core/ext/filters/stateful_session/stateful_session_filter.cc:17:
      ./src/core/lib/promise/detail/promise_factory.h:131:5: warning: ‘always_inline’ function might not be inlinable unless also declared ‘inline’ [-Wattributes]
        131 |     PromiseFactoryImpl(Token, F&& f, A&& arg) {
            |     ^~~~~~~~~~~~~~~~~~
      ./src/core/lib/promise/detail/promise_factory.h:210:5: warning: ‘always_inline’ function might not be inlinable unless also declared ‘inline’ [-Wattributes]
        210 |     PromiseFactoryImpl(Token, F&& f) {
            |     ^~~~~~~~~~~~~~~~~~
      ./src/core/lib/promise/detail/promise_factory.h:210:5: warning: ‘always_inline’ function might not be inlinable unless also declared ‘inline’ [-Wattributes]
      ./src/core/lib/promise/detail/promise_factory.h:210:5: warning: ‘always_inline’ function might not be inlinable unless also declared ‘inline’ [-Wattributes]
      ./src/core/lib/promise/detail/promise_factory.h:210:5: warning: ‘always_inline’ function might not be inlinable unless also declared ‘inline’ [-Wattributes]
      ./src/core/lib/promise/detail/promise_factory.h:210:5: warning: ‘always_inline’ function might not be inlinable unless also declared ‘inline’ [-Wattributes]
      ./src/core/lib/promise/detail/promise_factory.h:210:5: warning: ‘always_inline’ function might not be inlinable unless also declared ‘inline’ [-Wattributes]
      ./src/core/lib/promise/detail/promise_factory.h:210:5: warning: ‘always_inline’ function might not be inlinable unless also declared ‘inline’ [-Wattributes]
      ./src/core/lib/promise/detail/promise_factory.h:210:5: warning: ‘always_inline’ function might not be inlinable unless also declared ‘inline’ [-Wattributes]
      In file included from ./src/core/lib/promise/activity.h:30,
                       from ./src/core/lib/resource_quota/memory_quota.h:39,
                       from ./src/core/lib/resource_quota/arena.h:39,
                       from ./src/core/util/chunked_vector.h:24,
                       from ./src/core/call/metadata_batch.h:41,
                       from ./src/core/client_channel/client_channel_filter.h:32,
                       from src/core/client_channel/client_channel_filter.cc:17:
      ./src/core/lib/promise/detail/promise_factory.h:210:5: warning: ‘always_inline’ function might not be inlinable unless also declared ‘inline’ [-Wattributes]
        210 |     PromiseFactoryImpl(Token, F&& f) {
            |     ^~~~~~~~~~~~~~~~~~
      ./src/core/lib/promise/detail/promise_factory.h:210:5: warning: ‘always_inline’ function might not be inlinable unless also declared ‘inline’ [-Wattributes]
      ./src/core/lib/promise/detail/promise_factory.h:210:5: warning: ‘always_inline’ function might not be inlinable unless also declared ‘inline’ [-Wattributes]
      ./src/core/lib/promise/detail/promise_factory.h:210:5: warning: ‘always_inline’ function might not be inlinable unless also declared ‘inline’ [-Wattributes]
      ./src/core/lib/promise/detail/promise_factory.h:210:5: warning: ‘always_inline’ function might not be inlinable unless also declared ‘inline’ [-Wattributes]
      ./src/core/lib/promise/detail/promise_factory.h:210:5: warning: ‘always_inline’ function might not be inlinable unless also declared ‘inline’ [-Wattributes]
      ./src/core/lib/promise/detail/promise_factory.h:210:5: warning: ‘always_inline’ function might not be inlinable unless also declared ‘inline’ [-Wattributes]
      In file included from ./src/core/lib/promise/activity.h:30,
                       from ./src/core/call/call_state.h:23,
                       from ./src/core/call/call_filters.h:26,
                       from ./src/core/lib/surface/channel_init.h:31,
                       from ./src/core/config/core_configuration.h:29,
                       from ./src/core/handshaker/security/security_handshaker.h:25,
                       from src/core/handshaker/security/security_handshaker.cc:19:
      ./src/core/lib/promise/detail/promise_factory.h:210:5: warning: ‘always_inline’ function might not be inlinable unless also declared ‘inline’ [-Wattributes]
        210 |     PromiseFactoryImpl(Token, F&& f) {
            |     ^~~~~~~~~~~~~~~~~~
      ./src/core/lib/promise/detail/promise_factory.h:210:5: warning: ‘always_inline’ function might not be inlinable unless also declared ‘inline’ [-Wattributes]
      ./src/core/lib/promise/detail/promise_factory.h:210:5: warning: ‘always_inline’ function might not be inlinable unless also declared ‘inline’ [-Wattributes]
      ./src/core/lib/promise/detail/promise_factory.h:210:5: warning: ‘always_inline’ function might not be inlinable unless also declared ‘inline’ [-Wattributes]
      ./src/core/lib/promise/detail/promise_factory.h:210:5: warning: ‘always_inline’ function might not be inlinable unless also declared ‘inline’ [-Wattributes]
      ./src/core/lib/promise/detail/promise_factory.h:210:5: warning: ‘always_inline’ function might not be inlinable unless also declared ‘inline’ [-Wattributes]
      ./src/core/lib/promise/detail/promise_factory.h:210:5: warning: ‘always_inline’ function might not be inlinable unless also declared ‘inline’ [-Wattributes]
      In file included from third_party/abseil-cpp/absl/types/variant.h:26,
                       from third_party/abseil-cpp/absl/status/statusor.h:56,
                       from include/grpc/event_engine/event_engine.h:35,
                       from ./src/core/ext/transport/chttp2/transport/http2_client_transport.h:22:
      In member function ‘constexpr void std::__detail::__variant::_Variant_storage<false, _Types ...>::_M_reset() [with _Types = {grpc_core::Continue, absl::lts_20250512::Status}]’,
          inlined from ‘std::__detail::__variant::_Variant_storage<false, _Types ...>::~_Variant_storage() [with _Types = {grpc_core::Continue, absl::lts_20250512::Status}]’ at /usr/include/c++/15/variant:501:17,
          inlined from ‘std::__detail::__variant::_Copy_ctor_base<false, grpc_core::Continue, absl::lts_20250512::Status>::~_Copy_ctor_base()’ at /usr/include/c++/15/variant:576:12,
          inlined from ‘std::__detail::__variant::_Move_ctor_base<false, grpc_core::Continue, absl::lts_20250512::Status>::~_Move_ctor_base()’ at /usr/include/c++/15/variant:613:12,
          inlined from ‘std::__detail::__variant::_Copy_assign_base<false, grpc_core::Continue, absl::lts_20250512::Status>::~_Copy_assign_base()’ at /usr/include/c++/15/variant:651:12,
          inlined from ‘std::__detail::__variant::_Move_assign_base<false, grpc_core::Continue, absl::lts_20250512::Status>::~_Move_assign_base()’ at /usr/include/c++/15/variant:703:12,
          inlined from ‘std::__detail::__variant::_Variant_base<grpc_core::Continue, absl::lts_20250512::Status>::~_Variant_base()’ at /usr/include/c++/15/variant:757:12,
          inlined from ‘std::variant<_Types>::~variant() [with _Types = {grpc_core::Continue, absl::lts_20250512::Status}]’ at /usr/include/c++/15/variant:1490:28,
          inlined from ‘grpc_core::promise_detail::PromiseLike<F, typename std::enable_if<(! std::is_void<typename std::invoke_result<Releaser>::type>::value), void>::type>::WrappedResult grpc_core::promise_detail::PromiseLike<F, typename std::enable_if<(! std::is_void<typename std::invoke_result<Releaser>::type>::value), void>::type>::operator()() [with F = grpc_core::promise_detail::PromiseFactoryImpl<grpc_core::http2::Http2ClientTransport::FlowControlPeriodicUpdateLoop()::<lambda()>::<lambda()> >(std::enable_if_t<true, OnceToken>, grpc_core::http2::Http2ClientTransport::FlowControlPeriodicUpdateLoop()::<lambda()>::<lambda()>)::<lambda()>]’ at ./src/core/lib/promise/detail/promise_like.h:216:25,
          inlined from ‘grpc_core::Poll<typename Traits<typename grpc_core::promise_detail::OncePromiseFactory<typename Traits<typename grpc_core::promise_detail::OncePromiseFactory<typename Traits<typename grpc_core::promise_detail::PromiseLike<F>::Result>::UnwrappedType, F0>::Promise::Result>::UnwrappedType, F1>::Promise::Result>::WrappedType> grpc_core::promise_detail::SeqState<Traits, P, F0, F1>::PollOnce() [with Traits = grpc_core::promise_detail::TrySeqTraits; P = grpc_core::Sleep; F0 = grpc_core::http2::Http2ClientTransport::FlowControlPeriodicUpdateLoop()::<lambda()>::<lambda()>; F1 = grpc_core::http2::Http2ClientTransport::FlowControlPeriodicUpdateLoop()::<lambda()>::<lambda()>]’ at ./src/core/lib/promise/detail/seq_state.h:385:14,
          inlined from ‘auto grpc_core::promise_detail::TrySeq<P, Fs>::operator()() [with P = grpc_core::Sleep; Fs = {grpc_core::http2::Http2ClientTransport::FlowControlPeriodicUpdateLoop()::<lambda()>::<lambda()>, grpc_core::http2::Http2ClientTransport::FlowControlPeriodicUpdateLoop()::<lambda()>::<lambda()>}]’ at ./src/core/lib/promise/try_seq.h:263:28,
          inlined from ‘grpc_core::promise_detail::PromiseLike<F, typename std::enable_if<(! std::is_void<typename std::invoke_result<Releaser>::type>::value), void>::type>::WrappedResult grpc_core::promise_detail::PromiseLike<F, typename std::enable_if<(! std::is_void<typename std::invoke_result<Releaser>::type>::value), void>::type>::operator()() [with F = grpc_core::promise_detail::TrySeq<grpc_core::Sleep, grpc_core::http2::Http2ClientTransport::FlowControlPeriodicUpdateLoop()::<lambda()>::<lambda()>, grpc_core::http2::Http2ClientTransport::FlowControlPeriodicUpdateLoop()::<lambda()>::<lambda()> >]’ at ./src/core/lib/promise/detail/promise_like.h:216:25,
          inlined from ‘grpc_core::Poll<typename grpc_core::promise_detail::LoopTraits<typename decltype (declval<grpc_core::promise_detail::RepeatedPromiseFactory<void, F> >().Make())::Result>::Result> grpc_core::Loop<F, kYield>::operator()() [with F = grpc_core::http2::Http2ClientTransport::FlowControlPeriodicUpdateLoop()::<lambda()>; bool kYield = false]’ at ./src/core/lib/promise/loop.h:163:12,
          inlined from ‘grpc_core::Race<Promise>::Result grpc_core::Race<Promise>::operator()() [with Promise = grpc_core::Loop<grpc_core::http2::Http2ClientTransport::FlowControlPeriodicUpdateLoop()::<lambda()>, false>]’ at ./src/core/lib/promise/race.h:85:21,
          inlined from ‘grpc_core::Race<Promise, Promises ...>::Result grpc_core::Race<Promise, Promises ...>::operator()() [with Promise = grpc_core::Map<grpc_core::Latch<void>::Wait()::<lambda()>, grpc_core::http2::Http2ClientTransport::UntilTransportClosed<grpc_core::Loop<grpc_core::http2::Http2ClientTransport::FlowControlPeriodicUpdateLoop()::<lambda()>, false> >(grpc_core::Loop<grpc_core::http2::Http2ClientTransport::FlowControlPeriodicUpdateLoop()::<lambda()>, false>&&)::<lambda(grpc_core::Empty)> >; Promises = {grpc_core::Loop<grpc_core::http2::Http2ClientTransport::FlowControlPeriodicUpdateLoop()::<lambda()>, false>}]’ at ./src/core/lib/promise/race.h:47:20,
          inlined from ‘grpc_core::promise_detail::PromiseLike<F, typename std::enable_if<(! std::is_void<typename std::invoke_result<Releaser>::type>::value), void>::type>::WrappedResult grpc_core::promise_detail::PromiseLike<F, typename std::enable_if<(! std::is_void<typename std::invoke_result<Releaser>::type>::value), void>::type>::operator()() [with F = grpc_core::Race<grpc_core::Map<grpc_core::Latch<void>::Wait()::<lambda()>, grpc_core::http2::Http2ClientTransport::UntilTransportClosed<grpc_core::Loop<grpc_core::http2::Http2ClientTransport::FlowControlPeriodicUpdateLoop()::<lambda()>, false> >(grpc_core::Loop<grpc_core::http2::Http2ClientTransport::FlowControlPeriodicUpdateLoop()::<lambda()>, false>&&)::<lambda(grpc_core::Empty)> >, grpc_core::Loop<grpc_core::http2::Http2ClientTransport::FlowControlPeriodicUpdateLoop()::<lambda()>, false> >]’ at ./src/core/lib/promise/detail/promise_like.h:216:25,
          inlined from ‘bool grpc_core::Party::ParticipantImpl<SuppliedFactory, OnComplete>::PollParticipantPromise() [with SuppliedFactory = grpc_core::Race<grpc_core::Map<grpc_core::Latch<void>::Wait()::<lambda()>, grpc_core::http2::Http2ClientTransport::UntilTransportClosed<grpc_core::Loop<grpc_core::http2::Http2ClientTransport::FlowControlPeriodicUpdateLoop()::<lambda()>, false> >(grpc_core::Loop<grpc_core::http2::Http2ClientTransport::FlowControlPeriodicUpdateLoop()::<lambda()>, false>&&)::<lambda(grpc_core::Empty)> >, grpc_core::Loop<grpc_core::http2::Http2ClientTransport::FlowControlPeriodicUpdateLoop()::<lambda()>, false> >; OnComplete = grpc_core::http2::Http2ClientTransport::SpawnGuardedTransportParty<grpc_core::Race<grpc_core::Map<grpc_core::Latch<void>::Wait()::<lambda()>, grpc_core::http2::Http2ClientTransport::UntilTransportClosed<grpc_core::Loop<grpc_core::http2::Http2ClientTransport::FlowControlPeriodicUpdateLoop()::<lambda()>, false> >(grpc_core::Loop<grpc_core::http2::Http2ClientTransport::FlowControlPeriodicUpdateLoop()::<lambda()>, false>&&)::<lambda(grpc_core::Empty)> >, grpc_core::Loop<grpc_core::http2::Http2ClientTransport::FlowControlPeriodicUpdateLoop()::<lambda()>, false> > >(absl::lts_20250512::string_view, grpc_core::Race<grpc_core::Map<grpc_core::Latch<void>::Wait()::<lambda()>, grpc_core::http2::Http2ClientTransport::UntilTransportClosed<grpc_core::Loop<grpc_core::http2::Http2ClientTransport::FlowControlPeriodicUpdateLoop()::<lambda()>, false> >(grpc_core::Loop<grpc_core::http2::Http2ClientTransport::FlowControlPeriodicUpdateLoop()::<lambda()>, false>&&)::<lambda(grpc_core::Empty)> >, grpc_core::Loop<grpc_core::http2::Http2ClientTransport::FlowControlPeriodicUpdateLoop()::<lambda()>, false> >&&)::<lambda(absl::lts_20250512::Status)>]’ at ./src/core/lib/promise/party.h:454:12:
      /usr/include/c++/15/variant:491:30: warning: ‘SR.24405’ may be used uninitialized [-Wmaybe-uninitialized]
        491 |         std::__do_visit<void>([](auto&& __this_mem) mutable
            |         ~~~~~~~~~~~~~~~~~~~~~^~~~~~~~~~~~~~~~~~~~~~~~~~~~~~
        492 |           {
            |           ~
        493 |             std::_Destroy(std::__addressof(__this_mem));
            |             ~~~~~~~~~~~~~~~~~~~~~~~~~~~~~~~~~~~~~~~~~~~~
        494 |           }, __variant_cast<_Types...>(*this));
            |           ~~~~~~~~~~~~~~~~~~~~~~~~~~~~~~~~~~~~
      In file included from ./src/core/lib/promise/detail/promise_factory.h:24:
      ./src/core/lib/promise/detail/promise_like.h: In member function ‘bool grpc_core::Party::ParticipantImpl<SuppliedFactory, OnComplete>::PollParticipantPromise() [with SuppliedFactory = grpc_core::Race<grpc_core::Map<grpc_core::Latch<void>::Wait()::<lambda()>, grpc_core::http2::Http2ClientTransport::UntilTransportClosed<grpc_core::Loop<grpc_core::http2::Http2ClientTransport::FlowControlPeriodicUpdateLoop()::<lambda()>, false> >(grpc_core::Loop<grpc_core::http2::Http2ClientTransport::FlowControlPeriodicUpdateLoop()::<lambda()>, false>&&)::<lambda(grpc_core::Empty)> >, grpc_core::Loop<grpc_core::http2::Http2ClientTransport::FlowControlPeriodicUpdateLoop()::<lambda()>, false> >; OnComplete = grpc_core::http2::Http2ClientTransport::SpawnGuardedTransportParty<grpc_core::Race<grpc_core::Map<grpc_core::Latch<void>::Wait()::<lambda()>, grpc_core::http2::Http2ClientTransport::UntilTransportClosed<grpc_core::Loop<grpc_core::http2::Http2ClientTransport::FlowControlPeriodicUpdateLoop()::<lambda()>, false> >(grpc_core::Loop<grpc_core::http2::Http2ClientTransport::FlowControlPeriodicUpdateLoop()::<lambda()>, false>&&)::<lambda(grpc_core::Empty)> >, grpc_core::Loop<grpc_core::http2::Http2ClientTransport::FlowControlPeriodicUpdateLoop()::<lambda()>, false> > >(absl::lts_20250512::string_view, grpc_core::Race<grpc_core::Map<grpc_core::Latch<void>::Wait()::<lambda()>, grpc_core::http2::Http2ClientTransport::UntilTransportClosed<grpc_core::Loop<grpc_core::http2::Http2ClientTransport::FlowControlPeriodicUpdateLoop()::<lambda()>, false> >(grpc_core::Loop<grpc_core::http2::Http2ClientTransport::FlowControlPeriodicUpdateLoop()::<lambda()>, false>&&)::<lambda(grpc_core::Empty)> >, grpc_core::Loop<grpc_core::http2::Http2ClientTransport::FlowControlPeriodicUpdateLoop()::<lambda()>, false> >&&)::<lambda(absl::lts_20250512::Status)>]’:
      ./src/core/lib/promise/detail/promise_like.h:216:25: note: ‘SR.24405’ was declared here
        216 |     return WrapInPoll(f_());
            |                       ~~^~
      g++ -fno-strict-overflow -Wsign-compare -DNDEBUG -g -O3 -Wall -fPIC -D_WIN32_WINNT=1536 -DGRPC_XDS_USER_AGENT_NAME_SUFFIX=\"Python\" -DGRPC_XDS_USER_AGENT_VERSION_SUFFIX=\"1.79.0.dev0\" -DHAVE_CONFIG_H=1 -DGRPC_ENABLE_FORK_SUPPORT=1 -DGRPC_ENABLE_FORK_SUPPORT_DEFAULT=false -DGRPC_PYTHON_BUILD=1 -D__STDC_FORMAT_MACROS "-DPyMODINIT_FUNC=extern \"C\" __attribute__((visibility (\"default\"))) PyObject*" -DGRPC_POSIX_FORK_ALLOW_PTHREAD_ATFORK=1 -Isrc/python/grpcio -Iinclude -I. -Ithird_party/abseil-cpp -Ithird_party/address_sorting/include -Ithird_party/cares/cares/include -Ithird_party/cares -Ithird_party/cares/cares -Ithird_party/cares/cares/src/lib/include -Ithird_party/cares/cares/src/lib -Ithird_party/cares/config_linux -Ithird_party/re2 -Ithird_party/boringssl-with-bazel/src/include -Ithird_party/upb -Isrc/core/ext/upb-gen -Isrc/core/ext/upbdefs-gen -Ithird_party/utf8_range -Ithird_party/xxhash -Ithird_party/zlib -I/usr/local/google/home/ssreenithi/.pyenv/versions/3.12.0/envs/pyvenv_312/include -I/usr/local/google/home/ssreenithi/.pyenv/versions/3.12.0/include/python3.12 -c third_party/re2/re2/mimics_pcre.cc -o pyb/temp.linux-x86_64-cpython-312/third_party/re2/re2/mimics_pcre.o -std=c++17 -fvisibility=hidden -fno-wrapv -fno-exceptions -pthread
      g++ -fno-strict-overflow -Wsign-compare -DNDEBUG -g -O3 -Wall -fPIC -D_WIN32_WINNT=1536 -DGRPC_XDS_USER_AGENT_NAME_SUFFIX=\"Python\" -DGRPC_XDS_USER_AGENT_VERSION_SUFFIX=\"1.79.0.dev0\" -DHAVE_CONFIG_H=1 -DGRPC_ENABLE_FORK_SUPPORT=1 -DGRPC_ENABLE_FORK_SUPPORT_DEFAULT=false -DGRPC_PYTHON_BUILD=1 -D__STDC_FORMAT_MACROS "-DPyMODINIT_FUNC=extern \"C\" __attribute__((visibility (\"default\"))) PyObject*" -DGRPC_POSIX_FORK_ALLOW_PTHREAD_ATFORK=1 -Isrc/python/grpcio -Iinclude -I. -Ithird_party/abseil-cpp -Ithird_party/address_sorting/include -Ithird_party/cares/cares/include -Ithird_party/cares -Ithird_party/cares/cares -Ithird_party/cares/cares/src/lib/include -Ithird_party/cares/cares/src/lib -Ithird_party/cares/config_linux -Ithird_party/re2 -Ithird_party/boringssl-with-bazel/src/include -Ithird_party/upb -Isrc/core/ext/upb-gen -Isrc/core/ext/upbdefs-gen -Ithird_party/utf8_range -Ithird_party/xxhash -Ithird_party/zlib -I/usr/local/google/home/ssreenithi/.pyenv/versions/3.12.0/envs/pyvenv_312/include -I/usr/local/google/home/ssreenithi/.pyenv/versions/3.12.0/include/python3.12 -c src/core/client_channel/load_balanced_call_destination.cc -o pyb/temp.linux-x86_64-cpython-312/src/core/client_channel/load_balanced_call_destination.o -std=c++17 -fvisibility=hidden -fno-wrapv -fno-exceptions -pthread
      g++ -fno-strict-overflow -Wsign-compare -DNDEBUG -g -O3 -Wall -fPIC -D_WIN32_WINNT=1536 -DGRPC_XDS_USER_AGENT_NAME_SUFFIX=\"Python\" -DGRPC_XDS_USER_AGENT_VERSION_SUFFIX=\"1.79.0.dev0\" -DHAVE_CONFIG_H=1 -DGRPC_ENABLE_FORK_SUPPORT=1 -DGRPC_ENABLE_FORK_SUPPORT_DEFAULT=false -DGRPC_PYTHON_BUILD=1 -D__STDC_FORMAT_MACROS "-DPyMODINIT_FUNC=extern \"C\" __attribute__((visibility (\"default\"))) PyObject*" -DGRPC_POSIX_FORK_ALLOW_PTHREAD_ATFORK=1 -Isrc/python/grpcio -Iinclude -I. -Ithird_party/abseil-cpp -Ithird_party/address_sorting/include -Ithird_party/cares/cares/include -Ithird_party/cares -Ithird_party/cares/cares -Ithird_party/cares/cares/src/lib/include -Ithird_party/cares/cares/src/lib -Ithird_party/cares/config_linux -Ithird_party/re2 -Ithird_party/boringssl-with-bazel/src/include -Ithird_party/upb -Isrc/core/ext/upb-gen -Isrc/core/ext/upbdefs-gen -Ithird_party/utf8_range -Ithird_party/xxhash -Ithird_party/zlib -I/usr/local/google/home/ssreenithi/.pyenv/versions/3.12.0/envs/pyvenv_312/include -I/usr/local/google/home/ssreenithi/.pyenv/versions/3.12.0/include/python3.12 -c third_party/boringssl-with-bazel/src/ssl/handshake_server.cc -o pyb/temp.linux-x86_64-cpython-312/third_party/boringssl-with-bazel/src/ssl/handshake_server.o -std=c++17 -fvisibility=hidden -fno-wrapv -fno-exceptions -pthread
      In file included from ./src/core/lib/promise/activity.h:30,
                       from ./src/core/lib/resource_quota/memory_quota.h:39,
                       from ./src/core/lib/resource_quota/arena.h:39,
                       from ./src/core/lib/promise/arena_promise.h:28,
                       from ./src/core/credentials/transport/security_connector.h:36,
                       from ./src/core/credentials/transport/insecure/insecure_credentials.h:27,
                       from src/core/credentials/transport/insecure/insecure_credentials.cc:19:
      ./src/core/lib/promise/detail/promise_factory.h:210:5: warning: ‘always_inline’ function might not be inlinable unless also declared ‘inline’ [-Wattributes]
        210 |     PromiseFactoryImpl(Token, F&& f) {
            |     ^~~~~~~~~~~~~~~~~~
      ./src/core/lib/promise/detail/promise_factory.h:210:5: warning: ‘always_inline’ function might not be inlinable unless also declared ‘inline’ [-Wattributes]
      ./src/core/lib/promise/detail/promise_factory.h:210:5: warning: ‘always_inline’ function might not be inlinable unless also declared ‘inline’ [-Wattributes]
      ./src/core/lib/promise/detail/promise_factory.h:210:5: warning: ‘always_inline’ function might not be inlinable unless also declared ‘inline’ [-Wattributes]
      ./src/core/lib/promise/detail/promise_factory.h:210:5: warning: ‘always_inline’ function might not be inlinable unless also declared ‘inline’ [-Wattributes]
      ./src/core/lib/promise/detail/promise_factory.h:210:5: warning: ‘always_inline’ function might not be inlinable unless also declared ‘inline’ [-Wattributes]
      ./src/core/lib/promise/detail/promise_factory.h:210:5: warning: ‘always_inline’ function might not be inlinable unless also declared ‘inline’ [-Wattributes]
      In file included from ./src/core/lib/promise/activity.h:30,
                       from ./src/core/lib/resource_quota/memory_quota.h:39,
                       from ./src/core/lib/resource_quota/arena.h:39,
                       from ./src/core/call/call_arena_allocator.h:24,
                       from ./src/core/call/call_spine.h:20,
                       from ./src/core/call/call_destination.h:20,
                       from ./src/core/call/interception_chain.h:23,
                       from ./src/core/filter/filter_chain.h:24,
                       from ./src/core/xds/grpc/xds_http_filter.h:24,
                       from ./src/core/xds/grpc/xds_listener.h:36,
                       from ./src/core/resolver/xds/xds_config.h:29,
                       from src/core/resolver/xds/xds_config.cc:17:
      ./src/core/lib/promise/detail/promise_factory.h:210:5: warning: ‘always_inline’ function might not be inlinable unless also declared ‘inline’ [-Wattributes]
        210 |     PromiseFactoryImpl(Token, F&& f) {
            |     ^~~~~~~~~~~~~~~~~~
      ./src/core/lib/promise/detail/promise_factory.h:210:5: warning: ‘always_inline’ function might not be inlinable unless also declared ‘inline’ [-Wattributes]
      ./src/core/lib/promise/detail/promise_factory.h:210:5: warning: ‘always_inline’ function might not be inlinable unless also declared ‘inline’ [-Wattributes]
      ./src/core/lib/promise/detail/promise_factory.h:210:5: warning: ‘always_inline’ function might not be inlinable unless also declared ‘inline’ [-Wattributes]
      ./src/core/lib/promise/detail/promise_factory.h:210:5: warning: ‘always_inline’ function might not be inlinable unless also declared ‘inline’ [-Wattributes]
      ./src/core/lib/promise/detail/promise_factory.h:210:5: warning: ‘always_inline’ function might not be inlinable unless also declared ‘inline’ [-Wattributes]
      ./src/core/lib/promise/detail/promise_factory.h:210:5: warning: ‘always_inline’ function might not be inlinable unless also declared ‘inline’ [-Wattributes]
      In file included from ./src/core/lib/promise/activity.h:30,
                       from ./src/core/call/call_state.h:23,
                       from ./src/core/call/call_filters.h:26,
                       from ./src/core/lib/surface/channel_init.h:31,
                       from src/core/lib/surface/channel_init.cc:19:
      ./src/core/lib/promise/detail/promise_factory.h:210:5: warning: ‘always_inline’ function might not be inlinable unless also declared ‘inline’ [-Wattributes]
        210 |     PromiseFactoryImpl(Token, F&& f) {
            |     ^~~~~~~~~~~~~~~~~~
      ./src/core/lib/promise/detail/promise_factory.h:210:5: warning: ‘always_inline’ function might not be inlinable unless also declared ‘inline’ [-Wattributes]
      ./src/core/lib/promise/detail/promise_factory.h:210:5: warning: ‘always_inline’ function might not be inlinable unless also declared ‘inline’ [-Wattributes]
      ./src/core/lib/promise/detail/promise_factory.h:210:5: warning: ‘always_inline’ function might not be inlinable unless also declared ‘inline’ [-Wattributes]
      ./src/core/lib/promise/detail/promise_factory.h:210:5: warning: ‘always_inline’ function might not be inlinable unless also declared ‘inline’ [-Wattributes]
      ./src/core/lib/promise/detail/promise_factory.h:210:5: warning: ‘always_inline’ function might not be inlinable unless also declared ‘inline’ [-Wattributes]
      ./src/core/lib/promise/detail/promise_factory.h:210:5: warning: ‘always_inline’ function might not be inlinable unless also declared ‘inline’ [-Wattributes]
      g++ -fno-strict-overflow -Wsign-compare -DNDEBUG -g -O3 -Wall -fPIC -D_WIN32_WINNT=1536 -DGRPC_XDS_USER_AGENT_NAME_SUFFIX=\"Python\" -DGRPC_XDS_USER_AGENT_VERSION_SUFFIX=\"1.79.0.dev0\" -DHAVE_CONFIG_H=1 -DGRPC_ENABLE_FORK_SUPPORT=1 -DGRPC_ENABLE_FORK_SUPPORT_DEFAULT=false -DGRPC_PYTHON_BUILD=1 -D__STDC_FORMAT_MACROS "-DPyMODINIT_FUNC=extern \"C\" __attribute__((visibility (\"default\"))) PyObject*" -DGRPC_POSIX_FORK_ALLOW_PTHREAD_ATFORK=1 -Isrc/python/grpcio -Iinclude -I. -Ithird_party/abseil-cpp -Ithird_party/address_sorting/include -Ithird_party/cares/cares/include -Ithird_party/cares -Ithird_party/cares/cares -Ithird_party/cares/cares/src/lib/include -Ithird_party/cares/cares/src/lib -Ithird_party/cares/config_linux -Ithird_party/re2 -Ithird_party/boringssl-with-bazel/src/include -Ithird_party/upb -Isrc/core/ext/upb-gen -Isrc/core/ext/upbdefs-gen -Ithird_party/utf8_range -Ithird_party/xxhash -Ithird_party/zlib -I/usr/local/google/home/ssreenithi/.pyenv/versions/3.12.0/envs/pyvenv_312/include -I/usr/local/google/home/ssreenithi/.pyenv/versions/3.12.0/include/python3.12 -c src/core/credentials/call/external/file_external_account_credentials.cc -o pyb/temp.linux-x86_64-cpython-312/src/core/credentials/call/external/file_external_account_credentials.o -std=c++17 -fvisibility=hidden -fno-wrapv -fno-exceptions -pthread
      g++ -fno-strict-overflow -Wsign-compare -DNDEBUG -g -O3 -Wall -fPIC -D_WIN32_WINNT=1536 -DGRPC_XDS_USER_AGENT_NAME_SUFFIX=\"Python\" -DGRPC_XDS_USER_AGENT_VERSION_SUFFIX=\"1.79.0.dev0\" -DHAVE_CONFIG_H=1 -DGRPC_ENABLE_FORK_SUPPORT=1 -DGRPC_ENABLE_FORK_SUPPORT_DEFAULT=false -DGRPC_PYTHON_BUILD=1 -D__STDC_FORMAT_MACROS "-DPyMODINIT_FUNC=extern \"C\" __attribute__((visibility (\"default\"))) PyObject*" -DGRPC_POSIX_FORK_ALLOW_PTHREAD_ATFORK=1 -Isrc/python/grpcio -Iinclude -I. -Ithird_party/abseil-cpp -Ithird_party/address_sorting/include -Ithird_party/cares/cares/include -Ithird_party/cares -Ithird_party/cares/cares -Ithird_party/cares/cares/src/lib/include -Ithird_party/cares/cares/src/lib -Ithird_party/cares/config_linux -Ithird_party/re2 -Ithird_party/boringssl-with-bazel/src/include -Ithird_party/upb -Isrc/core/ext/upb-gen -Isrc/core/ext/upbdefs-gen -Ithird_party/utf8_range -Ithird_party/xxhash -Ithird_party/zlib -I/usr/local/google/home/ssreenithi/.pyenv/versions/3.12.0/envs/pyvenv_312/include -I/usr/local/google/home/ssreenithi/.pyenv/versions/3.12.0/include/python3.12 -c third_party/re2/re2/nfa.cc -o pyb/temp.linux-x86_64-cpython-312/third_party/re2/re2/nfa.o -std=c++17 -fvisibility=hidden -fno-wrapv -fno-exceptions -pthread
      g++ -fno-strict-overflow -Wsign-compare -DNDEBUG -g -O3 -Wall -fPIC -D_WIN32_WINNT=1536 -DGRPC_XDS_USER_AGENT_NAME_SUFFIX=\"Python\" -DGRPC_XDS_USER_AGENT_VERSION_SUFFIX=\"1.79.0.dev0\" -DHAVE_CONFIG_H=1 -DGRPC_ENABLE_FORK_SUPPORT=1 -DGRPC_ENABLE_FORK_SUPPORT_DEFAULT=false -DGRPC_PYTHON_BUILD=1 -D__STDC_FORMAT_MACROS "-DPyMODINIT_FUNC=extern \"C\" __attribute__((visibility (\"default\"))) PyObject*" -DGRPC_POSIX_FORK_ALLOW_PTHREAD_ATFORK=1 -Isrc/python/grpcio -Iinclude -I. -Ithird_party/abseil-cpp -Ithird_party/address_sorting/include -Ithird_party/cares/cares/include -Ithird_party/cares -Ithird_party/cares/cares -Ithird_party/cares/cares/src/lib/include -Ithird_party/cares/cares/src/lib -Ithird_party/cares/config_linux -Ithird_party/re2 -Ithird_party/boringssl-with-bazel/src/include -Ithird_party/upb -Isrc/core/ext/upb-gen -Isrc/core/ext/upbdefs-gen -Ithird_party/utf8_range -Ithird_party/xxhash -Ithird_party/zlib -I/usr/local/google/home/ssreenithi/.pyenv/versions/3.12.0/envs/pyvenv_312/include -I/usr/local/google/home/ssreenithi/.pyenv/versions/3.12.0/include/python3.12 -c src/core/xds/grpc/xds_http_fault_filter.cc -o pyb/temp.linux-x86_64-cpython-312/src/core/xds/grpc/xds_http_fault_filter.o -std=c++17 -fvisibility=hidden -fno-wrapv -fno-exceptions -pthread
      In member function ‘constexpr void std::__detail::__variant::_Variant_storage<false, _Types ...>::_M_reset() [with _Types = {grpc_core::Continue, absl::lts_20250512::Status}]’,
          inlined from ‘std::__detail::__variant::_Variant_storage<false, _Types ...>::~_Variant_storage() [with _Types = {grpc_core::Continue, absl::lts_20250512::Status}]’ at /usr/include/c++/15/variant:501:17,
          inlined from ‘std::__detail::__variant::_Copy_ctor_base<false, grpc_core::Continue, absl::lts_20250512::Status>::~_Copy_ctor_base()’ at /usr/include/c++/15/variant:576:12,
          inlined from ‘std::__detail::__variant::_Move_ctor_base<false, grpc_core::Continue, absl::lts_20250512::Status>::~_Move_ctor_base()’ at /usr/include/c++/15/variant:613:12,
          inlined from ‘std::__detail::__variant::_Copy_assign_base<false, grpc_core::Continue, absl::lts_20250512::Status>::~_Copy_assign_base()’ at /usr/include/c++/15/variant:651:12,
          inlined from ‘std::__detail::__variant::_Move_assign_base<false, grpc_core::Continue, absl::lts_20250512::Status>::~_Move_assign_base()’ at /usr/include/c++/15/variant:703:12,
          inlined from ‘std::__detail::__variant::_Variant_base<grpc_core::Continue, absl::lts_20250512::Status>::~_Variant_base()’ at /usr/include/c++/15/variant:757:12,
          inlined from ‘std::variant<_Types>::~variant() [with _Types = {grpc_core::Continue, absl::lts_20250512::Status}]’ at /usr/include/c++/15/variant:1490:28,
          inlined from ‘grpc_core::promise_detail::PromiseLike<F, typename std::enable_if<(! std::is_void<typename std::invoke_result<Releaser>::type>::value), void>::type>::WrappedResult grpc_core::promise_detail::PromiseLike<F, typename std::enable_if<(! std::is_void<typename std::invoke_result<Releaser>::type>::value), void>::type>::operator()() [with F = grpc_core::promise_detail::PromiseFactoryImpl<grpc_core::http2::Http2ClientTransport::ReadLoop()::<lambda()>::<lambda()> >(std::enable_if_t<true, OnceToken>, grpc_core::http2::Http2ClientTransport::ReadLoop()::<lambda()>::<lambda()>)::<lambda()>]’ at ./src/core/lib/promise/detail/promise_like.h:216:25,
          inlined from ‘grpc_core::Poll<typename Traits<typename grpc_core::promise_detail::OncePromiseFactory<typename Traits<typename grpc_core::promise_detail::PromiseLike<F>::Result>::UnwrappedType, F0>::Promise::Result>::WrappedType> grpc_core::promise_detail::SeqState<Traits, P, F0>::PollOnce() [with Traits = grpc_core::promise_detail::TrySeqTraits; P = grpc_core::promise_detail::TrySeq<grpc_core::Map<grpc_core::Map<grpc_core::If<bool, grpc_core::PromiseEndpoint::Read(size_t)::<lambda()>, grpc_core::PromiseEndpoint::Read(size_t)::<lambda()> >, grpc_core::PromiseEndpoint::ReadSlice(size_t)::<lambda(absl::lts_20250512::StatusOr<grpc_core::SliceBuffer>)> >, grpc_core::http2::Http2ClientTransport::EndpointReadSlice(size_t)::<lambda(absl::lts_20250512::StatusOr<grpc_core::Slice>)> >, grpc_core::http2::Http2ClientTransport::ReadAndProcessOneFrame()::<lambda(grpc_core::Slice)>, grpc_core::http2::Http2ClientTransport::ReadAndProcessOneFrame()::<lambda(grpc_core::Http2FrameHeader)>, grpc_core::http2::Http2ClientTransport::ReadAndProcessOneFrame()::<lambda()>, grpc_core::http2::Http2ClientTransport::ReadAndProcessOneFrame()::<lambda()> >; F0 = grpc_core::http2::Http2ClientTransport::ReadLoop()::<lambda()>::<lambda()>]’ at ./src/core/lib/promise/detail/seq_state.h:197:14,
          inlined from ‘auto grpc_core::promise_detail::TrySeq<P, Fs>::operator()() [with P = grpc_core::promise_detail::TrySeq<grpc_core::Map<grpc_core::Map<grpc_core::If<bool, grpc_core::PromiseEndpoint::Read(size_t)::<lambda()>, grpc_core::PromiseEndpoint::Read(size_t)::<lambda()> >, grpc_core::PromiseEndpoint::ReadSlice(size_t)::<lambda(absl::lts_20250512::StatusOr<grpc_core::SliceBuffer>)> >, grpc_core::http2::Http2ClientTransport::EndpointReadSlice(size_t)::<lambda(absl::lts_20250512::StatusOr<grpc_core::Slice>)> >, grpc_core::http2::Http2ClientTransport::ReadAndProcessOneFrame()::<lambda(grpc_core::Slice)>, grpc_core::http2::Http2ClientTransport::ReadAndProcessOneFrame()::<lambda(grpc_core::Http2FrameHeader)>, grpc_core::http2::Http2ClientTransport::ReadAndProcessOneFrame()::<lambda()>, grpc_core::http2::Http2ClientTransport::ReadAndProcessOneFrame()::<lambda()> >; Fs = {grpc_core::http2::Http2ClientTransport::ReadLoop()::<lambda()>::<lambda()>}]’ at ./src/core/lib/promise/try_seq.h:263:28,
          inlined from ‘grpc_core::promise_detail::PromiseLike<F, typename std::enable_if<(! std::is_void<typename std::invoke_result<Releaser>::type>::value), void>::type>::WrappedResult grpc_core::promise_detail::PromiseLike<F, typename std::enable_if<(! std::is_void<typename std::invoke_result<Releaser>::type>::value), void>::type>::operator()() [with F = grpc_core::promise_detail::TrySeq<grpc_core::promise_detail::TrySeq<grpc_core::Map<grpc_core::Map<grpc_core::If<bool, grpc_core::PromiseEndpoint::Read(size_t)::<lambda()>, grpc_core::PromiseEndpoint::Read(size_t)::<lambda()> >, grpc_core::PromiseEndpoint::ReadSlice(size_t)::<lambda(absl::lts_20250512::StatusOr<grpc_core::SliceBuffer>)> >, grpc_core::http2::Http2ClientTransport::EndpointReadSlice(size_t)::<lambda(absl::lts_20250512::StatusOr<grpc_core::Slice>)> >, grpc_core::http2::Http2ClientTransport::ReadAndProcessOneFrame()::<lambda(grpc_core::Slice)>, grpc_core::http2::Http2ClientTransport::ReadAndProcessOneFrame()::<lambda(grpc_core::Http2FrameHeader)>, grpc_core::http2::Http2ClientTransport::ReadAndProcessOneFrame()::<lambda()>, grpc_core::http2::Http2ClientTransport::ReadAndProcessOneFrame()::<lambda()> >, grpc_core::http2::Http2ClientTransport::ReadLoop()::<lambda()>::<lambda()> >]’ at ./src/core/lib/promise/detail/promise_like.h:216:25,
          inlined from ‘grpc_core::Poll<typename grpc_core::promise_detail::LoopTraits<typename decltype (declval<grpc_core::promise_detail::RepeatedPromiseFactory<void, F> >().Make())::Result>::Result> grpc_core::Loop<F, kYield>::operator()() [with F = grpc_core::http2::Http2ClientTransport::ReadLoop()::<lambda()>; bool kYield = false]’ at ./src/core/lib/promise/loop.h:163:12,
          inlined from ‘grpc_core::Race<Promise>::Result grpc_core::Race<Promise>::operator()() [with Promise = grpc_core::Loop<grpc_core::http2::Http2ClientTransport::ReadLoop()::<lambda()>, false>]’ at ./src/core/lib/promise/race.h:85:21,
          inlined from ‘grpc_core::Race<Promise, Promises ...>::Result grpc_core::Race<Promise, Promises ...>::operator()() [with Promise = grpc_core::Map<grpc_core::Latch<void>::Wait()::<lambda()>, grpc_core::http2::Http2ClientTransport::UntilTransportClosed<grpc_core::Loop<grpc_core::http2::Http2ClientTransport::ReadLoop()::<lambda()>, false> >(grpc_core::Loop<grpc_core::http2::Http2ClientTransport::ReadLoop()::<lambda()>, false>&&)::<lambda(grpc_core::Empty)> >; Promises = {grpc_core::Loop<grpc_core::http2::Http2ClientTransport::ReadLoop()::<lambda()>, false>}]’ at ./src/core/lib/promise/race.h:47:20,
          inlined from ‘grpc_core::promise_detail::PromiseLike<F, typename std::enable_if<(! std::is_void<typename std::invoke_result<Releaser>::type>::value), void>::type>::WrappedResult grpc_core::promise_detail::PromiseLike<F, typename std::enable_if<(! std::is_void<typename std::invoke_result<Releaser>::type>::value), void>::type>::operator()() [with F = grpc_core::Race<grpc_core::Map<grpc_core::Latch<void>::Wait()::<lambda()>, grpc_core::http2::Http2ClientTransport::UntilTransportClosed<grpc_core::Loop<grpc_core::http2::Http2ClientTransport::ReadLoop()::<lambda()>, false> >(grpc_core::Loop<grpc_core::http2::Http2ClientTransport::ReadLoop()::<lambda()>, false>&&)::<lambda(grpc_core::Empty)> >, grpc_core::Loop<grpc_core::http2::Http2ClientTransport::ReadLoop()::<lambda()>, false> >]’ at ./src/core/lib/promise/detail/promise_like.h:216:25,
          inlined from ‘bool grpc_core::Party::ParticipantImpl<SuppliedFactory, OnComplete>::PollParticipantPromise() [with SuppliedFactory = grpc_core::Race<grpc_core::Map<grpc_core::Latch<void>::Wait()::<lambda()>, grpc_core::http2::Http2ClientTransport::UntilTransportClosed<grpc_core::Loop<grpc_core::http2::Http2ClientTransport::ReadLoop()::<lambda()>, false> >(grpc_core::Loop<grpc_core::http2::Http2ClientTransport::ReadLoop()::<lambda()>, false>&&)::<lambda(grpc_core::Empty)> >, grpc_core::Loop<grpc_core::http2::Http2ClientTransport::ReadLoop()::<lambda()>, false> >; OnComplete = grpc_core::http2::Http2ClientTransport::SpawnGuardedTransportParty<grpc_core::Race<grpc_core::Map<grpc_core::Latch<void>::Wait()::<lambda()>, grpc_core::http2::Http2ClientTransport::UntilTransportClosed<grpc_core::Loop<grpc_core::http2::Http2ClientTransport::ReadLoop()::<lambda()>, false> >(grpc_core::Loop<grpc_core::http2::Http2ClientTransport::ReadLoop()::<lambda()>, false>&&)::<lambda(grpc_core::Empty)> >, grpc_core::Loop<grpc_core::http2::Http2ClientTransport::ReadLoop()::<lambda()>, false> > >(absl::lts_20250512::string_view, grpc_core::Race<grpc_core::Map<grpc_core::Latch<void>::Wait()::<lambda()>, grpc_core::http2::Http2ClientTransport::UntilTransportClosed<grpc_core::Loop<grpc_core::http2::Http2ClientTransport::ReadLoop()::<lambda()>, false> >(grpc_core::Loop<grpc_core::http2::Http2ClientTransport::ReadLoop()::<lambda()>, false>&&)::<lambda(grpc_core::Empty)> >, grpc_core::Loop<grpc_core::http2::Http2ClientTransport::ReadLoop()::<lambda()>, false> >&&)::<lambda(absl::lts_20250512::Status)>]’ at ./src/core/lib/promise/party.h:454:12:
      /usr/include/c++/15/variant:491:30: warning: ‘SR.24603’ may be used uninitialized [-Wmaybe-uninitialized]
        491 |         std::__do_visit<void>([](auto&& __this_mem) mutable
            |         ~~~~~~~~~~~~~~~~~~~~~^~~~~~~~~~~~~~~~~~~~~~~~~~~~~~
        492 |           {
            |           ~
        493 |             std::_Destroy(std::__addressof(__this_mem));
            |             ~~~~~~~~~~~~~~~~~~~~~~~~~~~~~~~~~~~~~~~~~~~~
        494 |           }, __variant_cast<_Types...>(*this));
            |           ~~~~~~~~~~~~~~~~~~~~~~~~~~~~~~~~~~~~
      ./src/core/lib/promise/detail/promise_like.h: In member function ‘bool grpc_core::Party::ParticipantImpl<SuppliedFactory, OnComplete>::PollParticipantPromise() [with SuppliedFactory = grpc_core::Race<grpc_core::Map<grpc_core::Latch<void>::Wait()::<lambda()>, grpc_core::http2::Http2ClientTransport::UntilTransportClosed<grpc_core::Loop<grpc_core::http2::Http2ClientTransport::ReadLoop()::<lambda()>, false> >(grpc_core::Loop<grpc_core::http2::Http2ClientTransport::ReadLoop()::<lambda()>, false>&&)::<lambda(grpc_core::Empty)> >, grpc_core::Loop<grpc_core::http2::Http2ClientTransport::ReadLoop()::<lambda()>, false> >; OnComplete = grpc_core::http2::Http2ClientTransport::SpawnGuardedTransportParty<grpc_core::Race<grpc_core::Map<grpc_core::Latch<void>::Wait()::<lambda()>, grpc_core::http2::Http2ClientTransport::UntilTransportClosed<grpc_core::Loop<grpc_core::http2::Http2ClientTransport::ReadLoop()::<lambda()>, false> >(grpc_core::Loop<grpc_core::http2::Http2ClientTransport::ReadLoop()::<lambda()>, false>&&)::<lambda(grpc_core::Empty)> >, grpc_core::Loop<grpc_core::http2::Http2ClientTransport::ReadLoop()::<lambda()>, false> > >(absl::lts_20250512::string_view, grpc_core::Race<grpc_core::Map<grpc_core::Latch<void>::Wait()::<lambda()>, grpc_core::http2::Http2ClientTransport::UntilTransportClosed<grpc_core::Loop<grpc_core::http2::Http2ClientTransport::ReadLoop()::<lambda()>, false> >(grpc_core::Loop<grpc_core::http2::Http2ClientTransport::ReadLoop()::<lambda()>, false>&&)::<lambda(grpc_core::Empty)> >, grpc_core::Loop<grpc_core::http2::Http2ClientTransport::ReadLoop()::<lambda()>, false> >&&)::<lambda(absl::lts_20250512::Status)>]’:
      ./src/core/lib/promise/detail/promise_like.h:216:25: note: ‘SR.24603’ was declared here
        216 |     return WrapInPoll(f_());
            |                       ~~^~
      In file included from ./src/core/lib/promise/activity.h:30,
                       from ./src/core/lib/resource_quota/memory_quota.h:39,
                       from ./src/core/lib/resource_quota/arena.h:39,
                       from ./src/core/lib/promise/arena_promise.h:28,
                       from ./src/core/credentials/transport/security_connector.h:36,
                       from ./src/core/credentials/transport/alts/alts_security_connector.h:26,
                       from src/core/credentials/transport/alts/alts_security_connector.cc:19:
      ./src/core/lib/promise/detail/promise_factory.h:210:5: warning: ‘always_inline’ function might not be inlinable unless also declared ‘inline’ [-Wattributes]
        210 |     PromiseFactoryImpl(Token, F&& f) {
            |     ^~~~~~~~~~~~~~~~~~
      ./src/core/lib/promise/detail/promise_factory.h:210:5: warning: ‘always_inline’ function might not be inlinable unless also declared ‘inline’ [-Wattributes]
      ./src/core/lib/promise/detail/promise_factory.h:210:5: warning: ‘always_inline’ function might not be inlinable unless also declared ‘inline’ [-Wattributes]
      ./src/core/lib/promise/detail/promise_factory.h:210:5: warning: ‘always_inline’ function might not be inlinable unless also declared ‘inline’ [-Wattributes]
      ./src/core/lib/promise/detail/promise_factory.h:210:5: warning: ‘always_inline’ function might not be inlinable unless also declared ‘inline’ [-Wattributes]
      ./src/core/lib/promise/detail/promise_factory.h:210:5: warning: ‘always_inline’ function might not be inlinable unless also declared ‘inline’ [-Wattributes]
      ./src/core/lib/promise/detail/promise_factory.h:210:5: warning: ‘always_inline’ function might not be inlinable unless also declared ‘inline’ [-Wattributes]
      In file included from ./src/core/lib/promise/activity.h:30,
                       from ./src/core/lib/resource_quota/memory_quota.h:39,
                       from ./src/core/lib/resource_quota/arena.h:39,
                       from ./src/core/lib/promise/arena_promise.h:28,
                       from ./src/core/credentials/transport/security_connector.h:36,
                       from ./src/core/credentials/call/call_credentials.h:31,
                       from src/core/credentials/call/jwt/jwt_verifier.cc:48:
      ./src/core/lib/promise/detail/promise_factory.h:210:5: warning: ‘always_inline’ function might not be inlinable unless also declared ‘inline’ [-Wattributes]
        210 |     PromiseFactoryImpl(Token, F&& f) {
            |     ^~~~~~~~~~~~~~~~~~
      ./src/core/lib/promise/detail/promise_factory.h:210:5: warning: ‘always_inline’ function might not be inlinable unless also declared ‘inline’ [-Wattributes]
      ./src/core/lib/promise/detail/promise_factory.h:210:5: warning: ‘always_inline’ function might not be inlinable unless also declared ‘inline’ [-Wattributes]
      ./src/core/lib/promise/detail/promise_factory.h:210:5: warning: ‘always_inline’ function might not be inlinable unless also declared ‘inline’ [-Wattributes]
      ./src/core/lib/promise/detail/promise_factory.h:210:5: warning: ‘always_inline’ function might not be inlinable unless also declared ‘inline’ [-Wattributes]
      ./src/core/lib/promise/detail/promise_factory.h:210:5: warning: ‘always_inline’ function might not be inlinable unless also declared ‘inline’ [-Wattributes]
      ./src/core/lib/promise/detail/promise_factory.h:210:5: warning: ‘always_inline’ function might not be inlinable unless also declared ‘inline’ [-Wattributes]
      In member function ‘constexpr void std::__detail::__variant::_Variant_storage<false, _Types ...>::_M_reset() [with _Types = {grpc_core::Continue, absl::lts_20250512::Status}]’,
          inlined from ‘std::__detail::__variant::_Variant_storage<false, _Types ...>::~_Variant_storage() [with _Types = {grpc_core::Continue, absl::lts_20250512::Status}]’ at /usr/include/c++/15/variant:501:17,
          inlined from ‘std::__detail::__variant::_Copy_ctor_base<false, grpc_core::Continue, absl::lts_20250512::Status>::~_Copy_ctor_base()’ at /usr/include/c++/15/variant:576:12,
          inlined from ‘std::__detail::__variant::_Move_ctor_base<false, grpc_core::Continue, absl::lts_20250512::Status>::~_Move_ctor_base()’ at /usr/include/c++/15/variant:613:12,
          inlined from ‘std::__detail::__variant::_Copy_assign_base<false, grpc_core::Continue, absl::lts_20250512::Status>::~_Copy_assign_base()’ at /usr/include/c++/15/variant:651:12,
          inlined from ‘std::__detail::__variant::_Move_assign_base<false, grpc_core::Continue, absl::lts_20250512::Status>::~_Move_assign_base()’ at /usr/include/c++/15/variant:703:12,
          inlined from ‘std::__detail::__variant::_Variant_base<grpc_core::Continue, absl::lts_20250512::Status>::~_Variant_base()’ at /usr/include/c++/15/variant:757:12,
          inlined from ‘std::variant<_Types>::~variant() [with _Types = {grpc_core::Continue, absl::lts_20250512::Status}]’ at /usr/include/c++/15/variant:1490:28,
          inlined from ‘grpc_core::promise_detail::PromiseLike<F, typename std::enable_if<(! std::is_void<typename std::invoke_result<Releaser>::type>::value), void>::type>::WrappedResult grpc_core::promise_detail::PromiseLike<F, typename std::enable_if<(! std::is_void<typename std::invoke_result<Releaser>::type>::value), void>::type>::operator()() [with F = grpc_core::promise_detail::PromiseFactoryImpl<grpc_core::http2::Http2ClientTransport::MultiplexerLoop()::<lambda()>::<lambda()> >(std::enable_if_t<true, OnceToken>, grpc_core::http2::Http2ClientTransport::MultiplexerLoop()::<lambda()>::<lambda()>)::<lambda()>]’ at ./src/core/lib/promise/detail/promise_like.h:216:25,
          inlined from ‘grpc_core::Poll<typename Traits<typename grpc_core::promise_detail::OncePromiseFactory<typename Traits<typename grpc_core::promise_detail::OncePromiseFactory<typename Traits<typename grpc_core::promise_detail::OncePromiseFactory<typename Traits<typename grpc_core::promise_detail::PromiseLike<F>::Result>::UnwrappedType, F0>::Promise::Result>::UnwrappedType, F1>::Promise::Result>::UnwrappedType, F2>::Promise::Result>::WrappedType> grpc_core::promise_detail::SeqState<Traits, P, F0, F1, F2>::PollOnce() [with Traits = grpc_core::promise_detail::TrySeqTraits; P = grpc_core::Map<grpc_core::promise_detail::TrySeq<grpc_core::If<bool, grpc_core::http2::WritableStreams<grpc_core::RefCountedPtr<grpc_core::http2::Stream> >::WaitForReady(bool)::<lambda()>, grpc_core::http2::WritableStreams<grpc_core::RefCountedPtr<grpc_core::http2::Stream> >::WaitForReady(bool)::<lambda()> >, grpc_core::http2::WritableStreams<grpc_core::RefCountedPtr<grpc_core::http2::Stream> >::WaitForReady(bool)::<lambda(std::vector<std::optional<grpc_core::http2::WritableStreams<grpc_core::RefCountedPtr<grpc_core::http2::Stream> >::StreamIDAndPriority>, std::allocator<std::optional<grpc_core::http2::WritableStreams<grpc_core::RefCountedPtr<grpc_core::http2::Stream> >::StreamIDAndPriority> > >)> >, grpc_core::http2::Http2ClientTransport::MultiplexerLoop()::<lambda()>::<lambda(absl::lts_20250512::StatusOr<grpc_core::Empty>)> >; F0 = grpc_core::http2::Http2ClientTransport::MultiplexerLoop()::<lambda()>::<lambda()>; F1 = grpc_core::http2::Http2ClientTransport::MultiplexerLoop()::<lambda()>::<lambda()>; F2 = grpc_core::http2::Http2ClientTransport::MultiplexerLoop()::<lambda()>::<lambda()>]’ at ./src/core/lib/promise/detail/seq_state.h:631:14,
          inlined from ‘auto grpc_core::promise_detail::TrySeq<P, Fs>::operator()() [with P = grpc_core::Map<grpc_core::promise_detail::TrySeq<grpc_core::If<bool, grpc_core::http2::WritableStreams<grpc_core::RefCountedPtr<grpc_core::http2::Stream> >::WaitForReady(bool)::<lambda()>, grpc_core::http2::WritableStreams<grpc_core::RefCountedPtr<grpc_core::http2::Stream> >::WaitForReady(bool)::<lambda()> >, grpc_core::http2::WritableStreams<grpc_core::RefCountedPtr<grpc_core::http2::Stream> >::WaitForReady(bool)::<lambda(std::vector<std::optional<grpc_core::http2::WritableStreams<grpc_core::RefCountedPtr<grpc_core::http2::Stream> >::StreamIDAndPriority>, std::allocator<std::optional<grpc_core::http2::WritableStreams<grpc_core::RefCountedPtr<grpc_core::http2::Stream> >::StreamIDAndPriority> > >)> >, grpc_core::http2::Http2ClientTransport::MultiplexerLoop()::<lambda()>::<lambda(absl::lts_20250512::StatusOr<grpc_core::Empty>)> >; Fs = {grpc_core::http2::Http2ClientTransport::MultiplexerLoop()::<lambda()>::<lambda()>, grpc_core::http2::Http2ClientTransport::MultiplexerLoop()::<lambda()>::<lambda()>, grpc_core::http2::Http2ClientTransport::MultiplexerLoop()::<lambda()>::<lambda()>}]’ at ./src/core/lib/promise/try_seq.h:263:28,
          inlined from ‘grpc_core::promise_detail::PromiseLike<F, typename std::enable_if<(! std::is_void<typename std::invoke_result<Releaser>::type>::value), void>::type>::WrappedResult grpc_core::promise_detail::PromiseLike<F, typename std::enable_if<(! std::is_void<typename std::invoke_result<Releaser>::type>::value), void>::type>::operator()() [with F = grpc_core::promise_detail::TrySeq<grpc_core::Map<grpc_core::promise_detail::TrySeq<grpc_core::If<bool, grpc_core::http2::WritableStreams<grpc_core::RefCountedPtr<grpc_core::http2::Stream> >::WaitForReady(bool)::<lambda()>, grpc_core::http2::WritableStreams<grpc_core::RefCountedPtr<grpc_core::http2::Stream> >::WaitForReady(bool)::<lambda()> >, grpc_core::http2::WritableStreams<grpc_core::RefCountedPtr<grpc_core::http2::Stream> >::WaitForReady(bool)::<lambda(std::vector<std::optional<grpc_core::http2::WritableStreams<grpc_core::RefCountedPtr<grpc_core::http2::Stream> >::StreamIDAndPriority>, std::allocator<std::optional<grpc_core::http2::WritableStreams<grpc_core::RefCountedPtr<grpc_core::http2::Stream> >::StreamIDAndPriority> > >)> >, grpc_core::http2::Http2ClientTransport::MultiplexerLoop()::<lambda()>::<lambda(absl::lts_20250512::StatusOr<grpc_core::Empty>)> >, grpc_core::http2::Http2ClientTransport::MultiplexerLoop()::<lambda()>::<lambda()>, grpc_core::http2::Http2ClientTransport::MultiplexerLoop()::<lambda()>::<lambda()>, grpc_core::http2::Http2ClientTransport::MultiplexerLoop()::<lambda()>::<lambda()> >]’ at ./src/core/lib/promise/detail/promise_like.h:216:25,
          inlined from ‘grpc_core::Poll<typename grpc_core::promise_detail::LoopTraits<typename decltype (declval<grpc_core::promise_detail::RepeatedPromiseFactory<void, F> >().Make())::Result>::Result> grpc_core::Loop<F, kYield>::operator()() [with F = grpc_core::http2::Http2ClientTransport::MultiplexerLoop()::<lambda()>; bool kYield = false]’ at ./src/core/lib/promise/loop.h:163:12,
          inlined from ‘grpc_core::Race<Promise>::Result grpc_core::Race<Promise>::operator()() [with Promise = grpc_core::Loop<grpc_core::http2::Http2ClientTransport::MultiplexerLoop()::<lambda()>, false>]’ at ./src/core/lib/promise/race.h:85:21,
          inlined from ‘grpc_core::Race<Promise, Promises ...>::Result grpc_core::Race<Promise, Promises ...>::operator()() [with Promise = grpc_core::Map<grpc_core::Latch<void>::Wait()::<lambda()>, grpc_core::http2::Http2ClientTransport::UntilTransportClosed<grpc_core::Loop<grpc_core::http2::Http2ClientTransport::MultiplexerLoop()::<lambda()>, false> >(grpc_core::Loop<grpc_core::http2::Http2ClientTransport::MultiplexerLoop()::<lambda()>, false>&&)::<lambda(grpc_core::Empty)> >; Promises = {grpc_core::Loop<grpc_core::http2::Http2ClientTransport::MultiplexerLoop()::<lambda()>, false>}]’ at ./src/core/lib/promise/race.h:47:20,
          inlined from ‘grpc_core::promise_detail::PromiseLike<F, typename std::enable_if<(! std::is_void<typename std::invoke_result<Releaser>::type>::value), void>::type>::WrappedResult grpc_core::promise_detail::PromiseLike<F, typename std::enable_if<(! std::is_void<typename std::invoke_result<Releaser>::type>::value), void>::type>::operator()() [with F = grpc_core::Race<grpc_core::Map<grpc_core::Latch<void>::Wait()::<lambda()>, grpc_core::http2::Http2ClientTransport::UntilTransportClosed<grpc_core::Loop<grpc_core::http2::Http2ClientTransport::MultiplexerLoop()::<lambda()>, false> >(grpc_core::Loop<grpc_core::http2::Http2ClientTransport::MultiplexerLoop()::<lambda()>, false>&&)::<lambda(grpc_core::Empty)> >, grpc_core::Loop<grpc_core::http2::Http2ClientTransport::MultiplexerLoop()::<lambda()>, false> >]’ at ./src/core/lib/promise/detail/promise_like.h:216:25,
          inlined from ‘bool grpc_core::Party::ParticipantImpl<SuppliedFactory, OnComplete>::PollParticipantPromise() [with SuppliedFactory = grpc_core::Race<grpc_core::Map<grpc_core::Latch<void>::Wait()::<lambda()>, grpc_core::http2::Http2ClientTransport::UntilTransportClosed<grpc_core::Loop<grpc_core::http2::Http2ClientTransport::MultiplexerLoop()::<lambda()>, false> >(grpc_core::Loop<grpc_core::http2::Http2ClientTransport::MultiplexerLoop()::<lambda()>, false>&&)::<lambda(grpc_core::Empty)> >, grpc_core::Loop<grpc_core::http2::Http2ClientTransport::MultiplexerLoop()::<lambda()>, false> >; OnComplete = grpc_core::http2::Http2ClientTransport::SpawnGuardedTransportParty<grpc_core::Race<grpc_core::Map<grpc_core::Latch<void>::Wait()::<lambda()>, grpc_core::http2::Http2ClientTransport::UntilTransportClosed<grpc_core::Loop<grpc_core::http2::Http2ClientTransport::MultiplexerLoop()::<lambda()>, false> >(grpc_core::Loop<grpc_core::http2::Http2ClientTransport::MultiplexerLoop()::<lambda()>, false>&&)::<lambda(grpc_core::Empty)> >, grpc_core::Loop<grpc_core::http2::Http2ClientTransport::MultiplexerLoop()::<lambda()>, false> > >(absl::lts_20250512::string_view, grpc_core::Race<grpc_core::Map<grpc_core::Latch<void>::Wait()::<lambda()>, grpc_core::http2::Http2ClientTransport::UntilTransportClosed<grpc_core::Loop<grpc_core::http2::Http2ClientTransport::MultiplexerLoop()::<lambda()>, false> >(grpc_core::Loop<grpc_core::http2::Http2ClientTransport::MultiplexerLoop()::<lambda()>, false>&&)::<lambda(grpc_core::Empty)> >, grpc_core::Loop<grpc_core::http2::Http2ClientTransport::MultiplexerLoop()::<lambda()>, false> >&&)::<lambda(absl::lts_20250512::Status)>]’ at ./src/core/lib/promise/party.h:454:12:
      /usr/include/c++/15/variant:491:30: warning: ‘SR.24758’ may be used uninitialized [-Wmaybe-uninitialized]
        491 |         std::__do_visit<void>([](auto&& __this_mem) mutable
            |         ~~~~~~~~~~~~~~~~~~~~~^~~~~~~~~~~~~~~~~~~~~~~~~~~~~~
        492 |           {
            |           ~
        493 |             std::_Destroy(std::__addressof(__this_mem));
            |             ~~~~~~~~~~~~~~~~~~~~~~~~~~~~~~~~~~~~~~~~~~~~
        494 |           }, __variant_cast<_Types...>(*this));
            |           ~~~~~~~~~~~~~~~~~~~~~~~~~~~~~~~~~~~~
      ./src/core/lib/promise/detail/promise_like.h: In member function ‘bool grpc_core::Party::ParticipantImpl<SuppliedFactory, OnComplete>::PollParticipantPromise() [with SuppliedFactory = grpc_core::Race<grpc_core::Map<grpc_core::Latch<void>::Wait()::<lambda()>, grpc_core::http2::Http2ClientTransport::UntilTransportClosed<grpc_core::Loop<grpc_core::http2::Http2ClientTransport::MultiplexerLoop()::<lambda()>, false> >(grpc_core::Loop<grpc_core::http2::Http2ClientTransport::MultiplexerLoop()::<lambda()>, false>&&)::<lambda(grpc_core::Empty)> >, grpc_core::Loop<grpc_core::http2::Http2ClientTransport::MultiplexerLoop()::<lambda()>, false> >; OnComplete = grpc_core::http2::Http2ClientTransport::SpawnGuardedTransportParty<grpc_core::Race<grpc_core::Map<grpc_core::Latch<void>::Wait()::<lambda()>, grpc_core::http2::Http2ClientTransport::UntilTransportClosed<grpc_core::Loop<grpc_core::http2::Http2ClientTransport::MultiplexerLoop()::<lambda()>, false> >(grpc_core::Loop<grpc_core::http2::Http2ClientTransport::MultiplexerLoop()::<lambda()>, false>&&)::<lambda(grpc_core::Empty)> >, grpc_core::Loop<grpc_core::http2::Http2ClientTransport::MultiplexerLoop()::<lambda()>, false> > >(absl::lts_20250512::string_view, grpc_core::Race<grpc_core::Map<grpc_core::Latch<void>::Wait()::<lambda()>, grpc_core::http2::Http2ClientTransport::UntilTransportClosed<grpc_core::Loop<grpc_core::http2::Http2ClientTransport::MultiplexerLoop()::<lambda()>, false> >(grpc_core::Loop<grpc_core::http2::Http2ClientTransport::MultiplexerLoop()::<lambda()>, false>&&)::<lambda(grpc_core::Empty)> >, grpc_core::Loop<grpc_core::http2::Http2ClientTransport::MultiplexerLoop()::<lambda()>, false> >&&)::<lambda(absl::lts_20250512::Status)>]’:
      ./src/core/lib/promise/detail/promise_like.h:216:25: note: ‘SR.24758’ was declared here
        216 |     return WrapInPoll(f_());
            |                       ~~^~
      g++ -fno-strict-overflow -Wsign-compare -DNDEBUG -g -O3 -Wall -fPIC -D_WIN32_WINNT=1536 -DGRPC_XDS_USER_AGENT_NAME_SUFFIX=\"Python\" -DGRPC_XDS_USER_AGENT_VERSION_SUFFIX=\"1.79.0.dev0\" -DHAVE_CONFIG_H=1 -DGRPC_ENABLE_FORK_SUPPORT=1 -DGRPC_ENABLE_FORK_SUPPORT_DEFAULT=false -DGRPC_PYTHON_BUILD=1 -D__STDC_FORMAT_MACROS "-DPyMODINIT_FUNC=extern \"C\" __attribute__((visibility (\"default\"))) PyObject*" -DGRPC_POSIX_FORK_ALLOW_PTHREAD_ATFORK=1 -Isrc/python/grpcio -Iinclude -I. -Ithird_party/abseil-cpp -Ithird_party/address_sorting/include -Ithird_party/cares/cares/include -Ithird_party/cares -Ithird_party/cares/cares -Ithird_party/cares/cares/src/lib/include -Ithird_party/cares/cares/src/lib -Ithird_party/cares/config_linux -Ithird_party/re2 -Ithird_party/boringssl-with-bazel/src/include -Ithird_party/upb -Isrc/core/ext/upb-gen -Isrc/core/ext/upbdefs-gen -Ithird_party/utf8_range -Ithird_party/xxhash -Ithird_party/zlib -I/usr/local/google/home/ssreenithi/.pyenv/versions/3.12.0/envs/pyvenv_312/include -I/usr/local/google/home/ssreenithi/.pyenv/versions/3.12.0/include/python3.12 -c src/core/xds/grpc/xds_metadata.cc -o pyb/temp.linux-x86_64-cpython-312/src/core/xds/grpc/xds_metadata.o -std=c++17 -fvisibility=hidden -fno-wrapv -fno-exceptions -pthread
      In file included from ./src/core/lib/promise/activity.h:30,
                       from ./src/core/lib/resource_quota/memory_quota.h:39,
                       from ./src/core/lib/resource_quota/arena.h:39,
                       from ./src/core/call/message.h:20,
                       from ./src/core/telemetry/call_tracer.h:29,
                       from ./src/core/telemetry/metrics.h:28,
                       from ./src/core/xds/grpc/xds_client_grpc.h:28,
                       from src/core/xds/grpc/xds_client_grpc.cc:17:
      ./src/core/lib/promise/detail/promise_factory.h:210:5: warning: ‘always_inline’ function might not be inlinable unless also declared ‘inline’ [-Wattributes]
        210 |     PromiseFactoryImpl(Token, F&& f) {
            |     ^~~~~~~~~~~~~~~~~~
      ./src/core/lib/promise/detail/promise_factory.h:210:5: warning: ‘always_inline’ function might not be inlinable unless also declared ‘inline’ [-Wattributes]
      ./src/core/lib/promise/detail/promise_factory.h:210:5: warning: ‘always_inline’ function might not be inlinable unless also declared ‘inline’ [-Wattributes]
      ./src/core/lib/promise/detail/promise_factory.h:210:5: warning: ‘always_inline’ function might not be inlinable unless also declared ‘inline’ [-Wattributes]
      ./src/core/lib/promise/detail/promise_factory.h:210:5: warning: ‘always_inline’ function might not be inlinable unless also declared ‘inline’ [-Wattributes]
      ./src/core/lib/promise/detail/promise_factory.h:210:5: warning: ‘always_inline’ function might not be inlinable unless also declared ‘inline’ [-Wattributes]
      ./src/core/lib/promise/detail/promise_factory.h:210:5: warning: ‘always_inline’ function might not be inlinable unless also declared ‘inline’ [-Wattributes]
      g++ -fno-strict-overflow -Wsign-compare -DNDEBUG -g -O3 -Wall -fPIC -D_WIN32_WINNT=1536 -DGRPC_XDS_USER_AGENT_NAME_SUFFIX=\"Python\" -DGRPC_XDS_USER_AGENT_VERSION_SUFFIX=\"1.79.0.dev0\" -DHAVE_CONFIG_H=1 -DGRPC_ENABLE_FORK_SUPPORT=1 -DGRPC_ENABLE_FORK_SUPPORT_DEFAULT=false -DGRPC_PYTHON_BUILD=1 -D__STDC_FORMAT_MACROS "-DPyMODINIT_FUNC=extern \"C\" __attribute__((visibility (\"default\"))) PyObject*" -DGRPC_POSIX_FORK_ALLOW_PTHREAD_ATFORK=1 -Isrc/python/grpcio -Iinclude -I. -Ithird_party/abseil-cpp -Ithird_party/address_sorting/include -Ithird_party/cares/cares/include -Ithird_party/cares -Ithird_party/cares/cares -Ithird_party/cares/cares/src/lib/include -Ithird_party/cares/cares/src/lib -Ithird_party/cares/config_linux -Ithird_party/re2 -Ithird_party/boringssl-with-bazel/src/include -Ithird_party/upb -Isrc/core/ext/upb-gen -Isrc/core/ext/upbdefs-gen -Ithird_party/utf8_range -Ithird_party/xxhash -Ithird_party/zlib -I/usr/local/google/home/ssreenithi/.pyenv/versions/3.12.0/envs/pyvenv_312/include -I/usr/local/google/home/ssreenithi/.pyenv/versions/3.12.0/include/python3.12 -c third_party/re2/re2/re2.cc -o pyb/temp.linux-x86_64-cpython-312/third_party/re2/re2/re2.o -std=c++17 -fvisibility=hidden -fno-wrapv -fno-exceptions -pthread
      In file included from ./src/core/lib/promise/activity.h:30,
                       from ./src/core/lib/resource_quota/memory_quota.h:39,
                       from ./src/core/lib/resource_quota/arena.h:39,
                       from ./src/core/call/call_arena_allocator.h:24,
                       from ./src/core/call/call_spine.h:20,
                       from ./src/core/call/call_destination.h:20,
                       from ./src/core/call/interception_chain.h:23,
                       from ./src/core/filter/filter_chain.h:24,
                       from ./src/core/xds/grpc/xds_http_filter.h:24,
                       from ./src/core/xds/grpc/xds_http_rbac_filter.h:28,
                       from src/core/xds/grpc/xds_http_rbac_filter.cc:17:
      ./src/core/lib/promise/detail/promise_factory.h:210:5: warning: ‘always_inline’ function might not be inlinable unless also declared ‘inline’ [-Wattributes]
        210 |     PromiseFactoryImpl(Token, F&& f) {
            |     ^~~~~~~~~~~~~~~~~~
      ./src/core/lib/promise/detail/promise_factory.h:210:5: warning: ‘always_inline’ function might not be inlinable unless also declared ‘inline’ [-Wattributes]
      ./src/core/lib/promise/detail/promise_factory.h:210:5: warning: ‘always_inline’ function might not be inlinable unless also declared ‘inline’ [-Wattributes]
      ./src/core/lib/promise/detail/promise_factory.h:210:5: warning: ‘always_inline’ function might not be inlinable unless also declared ‘inline’ [-Wattributes]
      ./src/core/lib/promise/detail/promise_factory.h:210:5: warning: ‘always_inline’ function might not be inlinable unless also declared ‘inline’ [-Wattributes]
      ./src/core/lib/promise/detail/promise_factory.h:210:5: warning: ‘always_inline’ function might not be inlinable unless also declared ‘inline’ [-Wattributes]
      ./src/core/lib/promise/detail/promise_factory.h:210:5: warning: ‘always_inline’ function might not be inlinable unless also declared ‘inline’ [-Wattributes]
      ./src/core/lib/promise/detail/promise_factory.h:210:5: warning: ‘always_inline’ function might not be inlinable unless also declared ‘inline’ [-Wattributes]
      In file included from ./src/core/lib/promise/activity.h:30,
                       from ./src/core/lib/resource_quota/memory_quota.h:39,
                       from ./src/core/lib/resource_quota/arena.h:39,
                       from ./src/core/call/call_arena_allocator.h:24,
                       from ./src/core/call/call_spine.h:20,
                       from ./src/core/call/call_destination.h:20,
                       from ./src/core/call/interception_chain.h:23,
                       from src/core/call/interception_chain.cc:15:
      ./src/core/lib/promise/detail/promise_factory.h:210:5: warning: ‘always_inline’ function might not be inlinable unless also declared ‘inline’ [-Wattributes]
        210 |     PromiseFactoryImpl(Token, F&& f) {
            |     ^~~~~~~~~~~~~~~~~~
      ./src/core/lib/promise/detail/promise_factory.h:210:5: warning: ‘always_inline’ function might not be inlinable unless also declared ‘inline’ [-Wattributes]
      ./src/core/lib/promise/detail/promise_factory.h:210:5: warning: ‘always_inline’ function might not be inlinable unless also declared ‘inline’ [-Wattributes]
      ./src/core/lib/promise/detail/promise_factory.h:210:5: warning: ‘always_inline’ function might not be inlinable unless also declared ‘inline’ [-Wattributes]
      ./src/core/lib/promise/detail/promise_factory.h:210:5: warning: ‘always_inline’ function might not be inlinable unless also declared ‘inline’ [-Wattributes]
      ./src/core/lib/promise/detail/promise_factory.h:210:5: warning: ‘always_inline’ function might not be inlinable unless also declared ‘inline’ [-Wattributes]
      ./src/core/lib/promise/detail/promise_factory.h:210:5: warning: ‘always_inline’ function might not be inlinable unless also declared ‘inline’ [-Wattributes]
      In file included from ./src/core/lib/promise/activity.h:30,
                       from ./src/core/call/call_state.h:23,
                       from ./src/core/call/call_filters.h:26,
                       from ./src/core/lib/surface/channel_init.h:31,
                       from ./src/core/config/core_configuration.h:29,
                       from ./src/core/client_channel/retry_service_config.h:28,
                       from src/core/client_channel/retry_service_config.cc:17:
      ./src/core/lib/promise/detail/promise_factory.h:210:5: warning: ‘always_inline’ function might not be inlinable unless also declared ‘inline’ [-Wattributes]
        210 |     PromiseFactoryImpl(Token, F&& f) {
            |     ^~~~~~~~~~~~~~~~~~
      ./src/core/lib/promise/detail/promise_factory.h:210:5: warning: ‘always_inline’ function might not be inlinable unless also declared ‘inline’ [-Wattributes]
      ./src/core/lib/promise/detail/promise_factory.h:210:5: warning: ‘always_inline’ function might not be inlinable unless also declared ‘inline’ [-Wattributes]
      ./src/core/lib/promise/detail/promise_factory.h:210:5: warning: ‘always_inline’ function might not be inlinable unless also declared ‘inline’ [-Wattributes]
      ./src/core/lib/promise/detail/promise_factory.h:210:5: warning: ‘always_inline’ function might not be inlinable unless also declared ‘inline’ [-Wattributes]
      ./src/core/lib/promise/detail/promise_factory.h:210:5: warning: ‘always_inline’ function might not be inlinable unless also declared ‘inline’ [-Wattributes]
      ./src/core/lib/promise/detail/promise_factory.h:210:5: warning: ‘always_inline’ function might not be inlinable unless also declared ‘inline’ [-Wattributes]
      g++ -fno-strict-overflow -Wsign-compare -DNDEBUG -g -O3 -Wall -fPIC -D_WIN32_WINNT=1536 -DGRPC_XDS_USER_AGENT_NAME_SUFFIX=\"Python\" -DGRPC_XDS_USER_AGENT_VERSION_SUFFIX=\"1.79.0.dev0\" -DHAVE_CONFIG_H=1 -DGRPC_ENABLE_FORK_SUPPORT=1 -DGRPC_ENABLE_FORK_SUPPORT_DEFAULT=false -DGRPC_PYTHON_BUILD=1 -D__STDC_FORMAT_MACROS "-DPyMODINIT_FUNC=extern \"C\" __attribute__((visibility (\"default\"))) PyObject*" -DGRPC_POSIX_FORK_ALLOW_PTHREAD_ATFORK=1 -Isrc/python/grpcio -Iinclude -I. -Ithird_party/abseil-cpp -Ithird_party/address_sorting/include -Ithird_party/cares/cares/include -Ithird_party/cares -Ithird_party/cares/cares -Ithird_party/cares/cares/src/lib/include -Ithird_party/cares/cares/src/lib -Ithird_party/cares/config_linux -Ithird_party/re2 -Ithird_party/boringssl-with-bazel/src/include -Ithird_party/upb -Isrc/core/ext/upb-gen -Isrc/core/ext/upbdefs-gen -Ithird_party/utf8_range -Ithird_party/xxhash -Ithird_party/zlib -I/usr/local/google/home/ssreenithi/.pyenv/versions/3.12.0/envs/pyvenv_312/include -I/usr/local/google/home/ssreenithi/.pyenv/versions/3.12.0/include/python3.12 -c src/core/load_balancing/rls/rls.cc -o pyb/temp.linux-x86_64-cpython-312/src/core/load_balancing/rls/rls.o -std=c++17 -fvisibility=hidden -fno-wrapv -fno-exceptions -pthread
      In file included from ./src/core/lib/promise/activity.h:30,
                       from ./src/core/lib/resource_quota/memory_quota.h:39,
                       from ./src/core/lib/resource_quota/arena.h:39,
                       from ./src/core/call/call_arena_allocator.h:24,
                       from ./src/core/call/call_spine.h:20,
                       from ./src/core/call/call_destination.h:20,
                       from ./src/core/client_channel/client_channel_internal.h:24,
                       from src/core/load_balancing/xds/xds_cluster_impl.cc:31:
      ./src/core/lib/promise/detail/promise_factory.h:210:5: warning: ‘always_inline’ function might not be inlinable unless also declared ‘inline’ [-Wattributes]
        210 |     PromiseFactoryImpl(Token, F&& f) {
            |     ^~~~~~~~~~~~~~~~~~
      ./src/core/lib/promise/detail/promise_factory.h:210:5: warning: ‘always_inline’ function might not be inlinable unless also declared ‘inline’ [-Wattributes]
      ./src/core/lib/promise/detail/promise_factory.h:210:5: warning: ‘always_inline’ function might not be inlinable unless also declared ‘inline’ [-Wattributes]
      ./src/core/lib/promise/detail/promise_factory.h:210:5: warning: ‘always_inline’ function might not be inlinable unless also declared ‘inline’ [-Wattributes]
      ./src/core/lib/promise/detail/promise_factory.h:210:5: warning: ‘always_inline’ function might not be inlinable unless also declared ‘inline’ [-Wattributes]
      ./src/core/lib/promise/detail/promise_factory.h:210:5: warning: ‘always_inline’ function might not be inlinable unless also declared ‘inline’ [-Wattributes]
      ./src/core/lib/promise/detail/promise_factory.h:210:5: warning: ‘always_inline’ function might not be inlinable unless also declared ‘inline’ [-Wattributes]
      In file included from third_party/abseil-cpp/absl/functional/any_invocable.h:43,
                       from third_party/abseil-cpp/absl/functional/internal/function_ref.h:22,
                       from third_party/abseil-cpp/absl/functional/function_ref.h:54,
                       from third_party/abseil-cpp/absl/hash/hash.h:88,
                       from third_party/abseil-cpp/absl/container/internal/hash_function_defaults.h:57,
                       from third_party/abseil-cpp/absl/container/hash_container_defaults.h:19,
                       from third_party/abseil-cpp/absl/container/flat_hash_map.h:43,
                       from ./src/core/lib/debug/trace_impl.h:24,
                       from ./src/core/lib/debug/trace_flags.h:22,
                       from ./src/core/lib/debug/trace.h:18,
                       from ./src/core/call/call_state.h:22:
      In function ‘void absl::lts_20250512::internal_any_invocable::LocalManagerTrivial(FunctionToCall, TypeErasedState*, TypeErasedState*)’,
          inlined from ‘absl::lts_20250512::internal_any_invocable::CoreImpl<SigIsNoexcept, ReturnType, P>::CoreImpl(absl::lts_20250512::internal_any_invocable::CoreImpl<SigIsNoexcept, ReturnType, P>&&) [with bool SigIsNoexcept = false; ReturnType = bool; P = {const grpc_core::ChannelArgs&}]’ at third_party/abseil-cpp/absl/functional/internal/any_invocable.h:460:11,
          inlined from ‘absl::lts_20250512::internal_any_invocable::Impl<bool(const grpc_core::ChannelArgs&) const>::Impl(absl::lts_20250512::internal_any_invocable::Impl<bool(const grpc_core::ChannelArgs&) const>&&)’ at third_party/abseil-cpp/absl/functional/internal/any_invocable.h:755:1,
          inlined from ‘absl::lts_20250512::AnyInvocable<Sig>::AnyInvocable(absl::lts_20250512::AnyInvocable<Sig>&&) [with Sig = bool(const grpc_core::ChannelArgs&) const]’ at third_party/abseil-cpp/absl/functional/any_invocable.h:183:3,
          inlined from ‘void std::__new_allocator<_Tp>::construct(_Up*, _Args&& ...) [with _Up = absl::lts_20250512::AnyInvocable<bool(const grpc_core::ChannelArgs&) const>; _Args = {absl::lts_20250512::AnyInvocable<bool(const grpc_core::ChannelArgs&) const>}; _Tp = absl::lts_20250512::AnyInvocable<bool(const grpc_core::ChannelArgs&) const>]’ at /usr/include/c++/15/bits/new_allocator.h:191:4,
          inlined from ‘static void std::allocator_traits<std::allocator<_Tp1> >::construct(allocator_type&, _Up*, _Args&& ...) [with _Up = absl::lts_20250512::AnyInvocable<bool(const grpc_core::ChannelArgs&) const>; _Args = {absl::lts_20250512::AnyInvocable<bool(const grpc_core::ChannelArgs&) const>}; _Tp = absl::lts_20250512::AnyInvocable<bool(const grpc_core::ChannelArgs&) const>]’ at /usr/include/c++/15/bits/alloc_traits.h:674:17,
          inlined from ‘std::vector<_Tp, _Alloc>::reference std::vector<_Tp, _Alloc>::emplace_back(_Args&& ...) [with _Args = {absl::lts_20250512::AnyInvocable<bool(const grpc_core::ChannelArgs&) const>}; _Tp = absl::lts_20250512::AnyInvocable<bool(const grpc_core::ChannelArgs&) const>; _Alloc = std::allocator<absl::lts_20250512::AnyInvocable<bool(const grpc_core::ChannelArgs&) const> >]’ at /usr/include/c++/15/bits/vector.tcc:117:30,
          inlined from ‘grpc_core::ChannelInit::FilterRegistration& grpc_core::ChannelInit::FilterRegistration::If(grpc_core::ChannelInit::InclusionPredicate)’ at src/core/lib/surface/channel_init.cc:100:27,
          inlined from ‘grpc_core::ChannelInit::FilterRegistration& grpc_core::ChannelInit::FilterRegistration::ExcludeFromMinimalStack()’ at src/core/lib/surface/channel_init.cc:127:12:
      third_party/abseil-cpp/absl/functional/internal/any_invocable.h:224:7: warning: ‘<unnamed>.absl::lts_20250512::AnyInvocable<__attribute__((const)) bool(const grpc_core::ChannelArgs&)>::<unnamed>.absl::lts_20250512::internal_any_invocable::Impl<__attribute__((const)) bool(const grpc_core::ChannelArgs&)>::<unnamed>.absl::lts_20250512::internal_any_invocable::CoreImpl<false, bool, const grpc_core::ChannelArgs&>::state_’ may be used uninitialized [-Wmaybe-uninitialized]
        224 |   *to = *from;
            |   ~~~~^~~~~~~
      src/core/lib/surface/channel_init.cc: In member function ‘grpc_core::ChannelInit::FilterRegistration& grpc_core::ChannelInit::FilterRegistration::ExcludeFromMinimalStack()’:
      src/core/lib/surface/channel_init.cc:127:13: note: ‘<anonymous>’ declared here
        127 |   return If([](const ChannelArgs& args) { return !args.WantMinimalStack(); });
            |             ^~~~~~~~~~~~~~~~~~~~~~~~~~~~~~~~~~~~~~~~~~~~~~~~~~~~~~~~~~~~~~~~
      In function ‘void absl::lts_20250512::internal_any_invocable::LocalManagerTrivial(FunctionToCall, TypeErasedState*, TypeErasedState*)’,
          inlined from ‘absl::lts_20250512::internal_any_invocable::CoreImpl<SigIsNoexcept, ReturnType, P>::CoreImpl(absl::lts_20250512::internal_any_invocable::CoreImpl<SigIsNoexcept, ReturnType, P>&&) [with bool SigIsNoexcept = false; ReturnType = bool; P = {const grpc_core::ChannelArgs&}]’ at third_party/abseil-cpp/absl/functional/internal/any_invocable.h:460:11,
          inlined from ‘absl::lts_20250512::internal_any_invocable::Impl<bool(const grpc_core::ChannelArgs&) const>::Impl(absl::lts_20250512::internal_any_invocable::Impl<bool(const grpc_core::ChannelArgs&) const>&&)’ at third_party/abseil-cpp/absl/functional/internal/any_invocable.h:755:1,
          inlined from ‘absl::lts_20250512::AnyInvocable<Sig>::AnyInvocable(absl::lts_20250512::AnyInvocable<Sig>&&) [with Sig = bool(const grpc_core::ChannelArgs&) const]’ at third_party/abseil-cpp/absl/functional/any_invocable.h:183:3,
          inlined from ‘void std::__new_allocator<_Tp>::construct(_Up*, _Args&& ...) [with _Up = absl::lts_20250512::AnyInvocable<bool(const grpc_core::ChannelArgs&) const>; _Args = {absl::lts_20250512::AnyInvocable<bool(const grpc_core::ChannelArgs&) const>}; _Tp = absl::lts_20250512::AnyInvocable<bool(const grpc_core::ChannelArgs&) const>]’ at /usr/include/c++/15/bits/new_allocator.h:191:4,
          inlined from ‘static void std::allocator_traits<std::allocator<_Tp1> >::construct(allocator_type&, _Up*, _Args&& ...) [with _Up = absl::lts_20250512::AnyInvocable<bool(const grpc_core::ChannelArgs&) const>; _Args = {absl::lts_20250512::AnyInvocable<bool(const grpc_core::ChannelArgs&) const>}; _Tp = absl::lts_20250512::AnyInvocable<bool(const grpc_core::ChannelArgs&) const>]’ at /usr/include/c++/15/bits/alloc_traits.h:674:17,
          inlined from ‘void std::vector<_Tp, _Alloc>::_M_realloc_append(_Args&& ...) [with _Args = {absl::lts_20250512::AnyInvocable<bool(const grpc_core::ChannelArgs&) const>}; _Tp = absl::lts_20250512::AnyInvocable<bool(const grpc_core::ChannelArgs&) const>; _Alloc = std::allocator<absl::lts_20250512::AnyInvocable<bool(const grpc_core::ChannelArgs&) const> >]’ at /usr/include/c++/15/bits/vector.tcc:586:26,
          inlined from ‘std::vector<_Tp, _Alloc>::reference std::vector<_Tp, _Alloc>::emplace_back(_Args&& ...) [with _Args = {absl::lts_20250512::AnyInvocable<bool(const grpc_core::ChannelArgs&) const>}; _Tp = absl::lts_20250512::AnyInvocable<bool(const grpc_core::ChannelArgs&) const>; _Alloc = std::allocator<absl::lts_20250512::AnyInvocable<bool(const grpc_core::ChannelArgs&) const> >]’ at /usr/include/c++/15/bits/vector.tcc:123:21,
          inlined from ‘grpc_core::ChannelInit::FilterRegistration& grpc_core::ChannelInit::FilterRegistration::If(grpc_core::ChannelInit::InclusionPredicate)’ at src/core/lib/surface/channel_init.cc:100:27,
          inlined from ‘grpc_core::ChannelInit::FilterRegistration& grpc_core::ChannelInit::FilterRegistration::ExcludeFromMinimalStack()’ at src/core/lib/surface/channel_init.cc:127:12:
      third_party/abseil-cpp/absl/functional/internal/any_invocable.h:224:7: warning: ‘<unnamed>.absl::lts_20250512::AnyInvocable<__attribute__((const)) bool(const grpc_core::ChannelArgs&)>::<unnamed>.absl::lts_20250512::internal_any_invocable::Impl<__attribute__((const)) bool(const grpc_core::ChannelArgs&)>::<unnamed>.absl::lts_20250512::internal_any_invocable::CoreImpl<false, bool, const grpc_core::ChannelArgs&>::state_’ may be used uninitialized [-Wmaybe-uninitialized]
        224 |   *to = *from;
            |   ~~~~^~~~~~~
      src/core/lib/surface/channel_init.cc: In member function ‘grpc_core::ChannelInit::FilterRegistration& grpc_core::ChannelInit::FilterRegistration::ExcludeFromMinimalStack()’:
      src/core/lib/surface/channel_init.cc:127:13: note: ‘<anonymous>’ declared here
        127 |   return If([](const ChannelArgs& args) { return !args.WantMinimalStack(); });
            |             ^~~~~~~~~~~~~~~~~~~~~~~~~~~~~~~~~~~~~~~~~~~~~~~~~~~~~~~~~~~~~~~~
      In file included from ./src/core/lib/promise/activity.h:30,
                       from ./src/core/lib/resource_quota/memory_quota.h:39,
                       from ./src/core/lib/resource_quota/arena.h:39,
                       from ./src/core/util/chunked_vector.h:24,
                       from ./src/core/call/metadata_batch.h:41,
                       from ./src/core/xds/grpc/xds_routing.h:30,
                       from src/core/xds/grpc/xds_routing.cc:19:
      ./src/core/lib/promise/detail/promise_factory.h:210:5: warning: ‘always_inline’ function might not be inlinable unless also declared ‘inline’ [-Wattributes]
        210 |     PromiseFactoryImpl(Token, F&& f) {
            |     ^~~~~~~~~~~~~~~~~~
      ./src/core/lib/promise/detail/promise_factory.h:210:5: warning: ‘always_inline’ function might not be inlinable unless also declared ‘inline’ [-Wattributes]
      ./src/core/lib/promise/detail/promise_factory.h:210:5: warning: ‘always_inline’ function might not be inlinable unless also declared ‘inline’ [-Wattributes]
      ./src/core/lib/promise/detail/promise_factory.h:210:5: warning: ‘always_inline’ function might not be inlinable unless also declared ‘inline’ [-Wattributes]
      ./src/core/lib/promise/detail/promise_factory.h:210:5: warning: ‘always_inline’ function might not be inlinable unless also declared ‘inline’ [-Wattributes]
      ./src/core/lib/promise/detail/promise_factory.h:210:5: warning: ‘always_inline’ function might not be inlinable unless also declared ‘inline’ [-Wattributes]
      ./src/core/lib/promise/detail/promise_factory.h:210:5: warning: ‘always_inline’ function might not be inlinable unless also declared ‘inline’ [-Wattributes]
      g++ -fno-strict-overflow -Wsign-compare -DNDEBUG -g -O3 -Wall -fPIC -D_WIN32_WINNT=1536 -DGRPC_XDS_USER_AGENT_NAME_SUFFIX=\"Python\" -DGRPC_XDS_USER_AGENT_VERSION_SUFFIX=\"1.79.0.dev0\" -DHAVE_CONFIG_H=1 -DGRPC_ENABLE_FORK_SUPPORT=1 -DGRPC_ENABLE_FORK_SUPPORT_DEFAULT=false -DGRPC_PYTHON_BUILD=1 -D__STDC_FORMAT_MACROS "-DPyMODINIT_FUNC=extern \"C\" __attribute__((visibility (\"default\"))) PyObject*" -DGRPC_POSIX_FORK_ALLOW_PTHREAD_ATFORK=1 -Isrc/python/grpcio -Iinclude -I. -Ithird_party/abseil-cpp -Ithird_party/address_sorting/include -Ithird_party/cares/cares/include -Ithird_party/cares -Ithird_party/cares/cares -Ithird_party/cares/cares/src/lib/include -Ithird_party/cares/cares/src/lib -Ithird_party/cares/config_linux -Ithird_party/re2 -Ithird_party/boringssl-with-bazel/src/include -Ithird_party/upb -Isrc/core/ext/upb-gen -Isrc/core/ext/upbdefs-gen -Ithird_party/utf8_range -Ithird_party/xxhash -Ithird_party/zlib -I/usr/local/google/home/ssreenithi/.pyenv/versions/3.12.0/envs/pyvenv_312/include -I/usr/local/google/home/ssreenithi/.pyenv/versions/3.12.0/include/python3.12 -c src/core/ext/filters/http/message_compress/compression_filter.cc -o pyb/temp.linux-x86_64-cpython-312/src/core/ext/filters/http/message_compress/compression_filter.o -std=c++17 -fvisibility=hidden -fno-wrapv -fno-exceptions -pthread
      In file included from src/core/client_channel/load_balanced_call_destination.cc:23:
      ./src/core/lib/promise/loop.h:214:31: warning: attribute ignored in declaration of ‘union grpc_core::Loop<F, kYield>::<unnamed>’ [-Wattributes]
        214 |   GPR_NO_UNIQUE_ADDRESS union {
            |                               ^
      ./src/core/lib/promise/loop.h:214:31: note: attribute for ‘union grpc_core::Loop<F, kYield>::<unnamed>’ must follow the ‘union’ keyword
      g++ -fno-strict-overflow -Wsign-compare -DNDEBUG -g -O3 -Wall -fPIC -D_WIN32_WINNT=1536 -DGRPC_XDS_USER_AGENT_NAME_SUFFIX=\"Python\" -DGRPC_XDS_USER_AGENT_VERSION_SUFFIX=\"1.79.0.dev0\" -DHAVE_CONFIG_H=1 -DGRPC_ENABLE_FORK_SUPPORT=1 -DGRPC_ENABLE_FORK_SUPPORT_DEFAULT=false -DGRPC_PYTHON_BUILD=1 -D__STDC_FORMAT_MACROS "-DPyMODINIT_FUNC=extern \"C\" __attribute__((visibility (\"default\"))) PyObject*" -DGRPC_POSIX_FORK_ALLOW_PTHREAD_ATFORK=1 -Isrc/python/grpcio -Iinclude -I. -Ithird_party/abseil-cpp -Ithird_party/address_sorting/include -Ithird_party/cares/cares/include -Ithird_party/cares -Ithird_party/cares/cares -Ithird_party/cares/cares/src/lib/include -Ithird_party/cares/cares/src/lib -Ithird_party/cares/config_linux -Ithird_party/re2 -Ithird_party/boringssl-with-bazel/src/include -Ithird_party/upb -Isrc/core/ext/upb-gen -Isrc/core/ext/upbdefs-gen -Ithird_party/utf8_range -Ithird_party/xxhash -Ithird_party/zlib -I/usr/local/google/home/ssreenithi/.pyenv/versions/3.12.0/envs/pyvenv_312/include -I/usr/local/google/home/ssreenithi/.pyenv/versions/3.12.0/include/python3.12 -c src/core/client_channel/retry_throttle.cc -o pyb/temp.linux-x86_64-cpython-312/src/core/client_channel/retry_throttle.o -std=c++17 -fvisibility=hidden -fno-wrapv -fno-exceptions -pthread
      g++ -fno-strict-overflow -Wsign-compare -DNDEBUG -g -O3 -Wall -fPIC -D_WIN32_WINNT=1536 -DGRPC_XDS_USER_AGENT_NAME_SUFFIX=\"Python\" -DGRPC_XDS_USER_AGENT_VERSION_SUFFIX=\"1.79.0.dev0\" -DHAVE_CONFIG_H=1 -DGRPC_ENABLE_FORK_SUPPORT=1 -DGRPC_ENABLE_FORK_SUPPORT_DEFAULT=false -DGRPC_PYTHON_BUILD=1 -D__STDC_FORMAT_MACROS "-DPyMODINIT_FUNC=extern \"C\" __attribute__((visibility (\"default\"))) PyObject*" -DGRPC_POSIX_FORK_ALLOW_PTHREAD_ATFORK=1 -Isrc/python/grpcio -Iinclude -I. -Ithird_party/abseil-cpp -Ithird_party/address_sorting/include -Ithird_party/cares/cares/include -Ithird_party/cares -Ithird_party/cares/cares -Ithird_party/cares/cares/src/lib/include -Ithird_party/cares/cares/src/lib -Ithird_party/cares/config_linux -Ithird_party/re2 -Ithird_party/boringssl-with-bazel/src/include -Ithird_party/upb -Isrc/core/ext/upb-gen -Isrc/core/ext/upbdefs-gen -Ithird_party/utf8_range -Ithird_party/xxhash -Ithird_party/zlib -I/usr/local/google/home/ssreenithi/.pyenv/versions/3.12.0/envs/pyvenv_312/include -I/usr/local/google/home/ssreenithi/.pyenv/versions/3.12.0/include/python3.12 -c src/core/xds/grpc/xds_metadata_parser.cc -o pyb/temp.linux-x86_64-cpython-312/src/core/xds/grpc/xds_metadata_parser.o -std=c++17 -fvisibility=hidden -fno-wrapv -fno-exceptions -pthread
      g++ -fno-strict-overflow -Wsign-compare -DNDEBUG -g -O3 -Wall -fPIC -D_WIN32_WINNT=1536 -DGRPC_XDS_USER_AGENT_NAME_SUFFIX=\"Python\" -DGRPC_XDS_USER_AGENT_VERSION_SUFFIX=\"1.79.0.dev0\" -DHAVE_CONFIG_H=1 -DGRPC_ENABLE_FORK_SUPPORT=1 -DGRPC_ENABLE_FORK_SUPPORT_DEFAULT=false -DGRPC_PYTHON_BUILD=1 -D__STDC_FORMAT_MACROS "-DPyMODINIT_FUNC=extern \"C\" __attribute__((visibility (\"default\"))) PyObject*" -DGRPC_POSIX_FORK_ALLOW_PTHREAD_ATFORK=1 -Isrc/python/grpcio -Iinclude -I. -Ithird_party/abseil-cpp -Ithird_party/address_sorting/include -Ithird_party/cares/cares/include -Ithird_party/cares -Ithird_party/cares/cares -Ithird_party/cares/cares/src/lib/include -Ithird_party/cares/cares/src/lib -Ithird_party/cares/config_linux -Ithird_party/re2 -Ithird_party/boringssl-with-bazel/src/include -Ithird_party/upb -Isrc/core/ext/upb-gen -Isrc/core/ext/upbdefs-gen -Ithird_party/utf8_range -Ithird_party/xxhash -Ithird_party/zlib -I/usr/local/google/home/ssreenithi/.pyenv/versions/3.12.0/envs/pyvenv_312/include -I/usr/local/google/home/ssreenithi/.pyenv/versions/3.12.0/include/python3.12 -c src/core/ext/filters/stateful_session/stateful_session_service_config_parser.cc -o pyb/temp.linux-x86_64-cpython-312/src/core/ext/filters/stateful_session/stateful_session_service_config_parser.o -std=c++17 -fvisibility=hidden -fno-wrapv -fno-exceptions -pthread
      In file included from ./src/core/lib/promise/activity.h:30,
                       from ./src/core/lib/resource_quota/memory_quota.h:39,
                       from ./src/core/lib/resource_quota/arena.h:39,
                       from ./src/core/lib/promise/arena_promise.h:28,
                       from ./src/core/credentials/transport/security_connector.h:36,
                       from ./src/core/credentials/call/call_credentials.h:31,
                       from ./src/core/credentials/call/oauth2/oauth2_credentials.h:33,
                       from ./src/core/credentials/call/external/external_account_credentials.h:29,
                       from ./src/core/credentials/call/external/file_external_account_credentials.h:26,
                       from src/core/credentials/call/external/file_external_account_credentials.cc:16:
      ./src/core/lib/promise/detail/promise_factory.h:210:5: warning: ‘always_inline’ function might not be inlinable unless also declared ‘inline’ [-Wattributes]
        210 |     PromiseFactoryImpl(Token, F&& f) {
            |     ^~~~~~~~~~~~~~~~~~
      ./src/core/lib/promise/detail/promise_factory.h:210:5: warning: ‘always_inline’ function might not be inlinable unless also declared ‘inline’ [-Wattributes]
      ./src/core/lib/promise/detail/promise_factory.h:210:5: warning: ‘always_inline’ function might not be inlinable unless also declared ‘inline’ [-Wattributes]
      ./src/core/lib/promise/detail/promise_factory.h:210:5: warning: ‘always_inline’ function might not be inlinable unless also declared ‘inline’ [-Wattributes]
      ./src/core/lib/promise/detail/promise_factory.h:210:5: warning: ‘always_inline’ function might not be inlinable unless also declared ‘inline’ [-Wattributes]
      ./src/core/lib/promise/detail/promise_factory.h:210:5: warning: ‘always_inline’ function might not be inlinable unless also declared ‘inline’ [-Wattributes]
      ./src/core/lib/promise/detail/promise_factory.h:210:5: warning: ‘always_inline’ function might not be inlinable unless also declared ‘inline’ [-Wattributes]
      In file included from ./src/core/lib/promise/activity.h:30,
                       from ./src/core/lib/resource_quota/memory_quota.h:39,
                       from ./src/core/lib/resource_quota/arena.h:39,
                       from ./src/core/call/call_arena_allocator.h:24,
                       from ./src/core/call/call_spine.h:20,
                       from ./src/core/call/call_destination.h:20,
                       from ./src/core/client_channel/load_balanced_call_destination.h:18,
                       from src/core/client_channel/load_balanced_call_destination.cc:15:
      ./src/core/lib/promise/detail/promise_factory.h:210:5: warning: ‘always_inline’ function might not be inlinable unless also declared ‘inline’ [-Wattributes]
        210 |     PromiseFactoryImpl(Token, F&& f) {
            |     ^~~~~~~~~~~~~~~~~~
      ./src/core/lib/promise/detail/promise_factory.h:210:5: warning: ‘always_inline’ function might not be inlinable unless also declared ‘inline’ [-Wattributes]
      ./src/core/lib/promise/detail/promise_factory.h:210:5: warning: ‘always_inline’ function might not be inlinable unless also declared ‘inline’ [-Wattributes]
      ./src/core/lib/promise/detail/promise_factory.h:210:5: warning: ‘always_inline’ function might not be inlinable unless also declared ‘inline’ [-Wattributes]
      ./src/core/lib/promise/detail/promise_factory.h:210:5: warning: ‘always_inline’ function might not be inlinable unless also declared ‘inline’ [-Wattributes]
      ./src/core/lib/promise/detail/promise_factory.h:210:5: warning: ‘always_inline’ function might not be inlinable unless also declared ‘inline’ [-Wattributes]
      ./src/core/lib/promise/detail/promise_factory.h:210:5: warning: ‘always_inline’ function might not be inlinable unless also declared ‘inline’ [-Wattributes]
      ./src/core/lib/promise/detail/promise_factory.h:210:5: warning: ‘always_inline’ function might not be inlinable unless also declared ‘inline’ [-Wattributes]
      ./src/core/lib/promise/detail/promise_factory.h:210:5: warning: ‘always_inline’ function might not be inlinable unless also declared ‘inline’ [-Wattributes]
      In file included from ./src/core/lib/promise/activity.h:30,
                       from ./src/core/lib/resource_quota/memory_quota.h:39,
                       from ./src/core/lib/resource_quota/arena.h:39,
                       from ./src/core/util/chunked_vector.h:24,
                       from ./src/core/call/metadata_batch.h:41,
                       from ./src/core/server/server.h:39,
                       from src/core/server/server.cc:17:
      ./src/core/lib/promise/detail/promise_factory.h:210:5: warning: ‘always_inline’ function might not be inlinable unless also declared ‘inline’ [-Wattributes]
        210 |     PromiseFactoryImpl(Token, F&& f) {
            |     ^~~~~~~~~~~~~~~~~~
      ./src/core/lib/promise/detail/promise_factory.h:210:5: warning: ‘always_inline’ function might not be inlinable unless also declared ‘inline’ [-Wattributes]
      ./src/core/lib/promise/detail/promise_factory.h:210:5: warning: ‘always_inline’ function might not be inlinable unless also declared ‘inline’ [-Wattributes]
      ./src/core/lib/promise/detail/promise_factory.h:210:5: warning: ‘always_inline’ function might not be inlinable unless also declared ‘inline’ [-Wattributes]
      ./src/core/lib/promise/detail/promise_factory.h:210:5: warning: ‘always_inline’ function might not be inlinable unless also declared ‘inline’ [-Wattributes]
      ./src/core/lib/promise/detail/promise_factory.h:210:5: warning: ‘always_inline’ function might not be inlinable unless also declared ‘inline’ [-Wattributes]
      ./src/core/lib/promise/detail/promise_factory.h:210:5: warning: ‘always_inline’ function might not be inlinable unless also declared ‘inline’ [-Wattributes]
      ./src/core/lib/promise/detail/promise_factory.h:210:5: warning: ‘always_inline’ function might not be inlinable unless also declared ‘inline’ [-Wattributes]
      ./src/core/lib/promise/detail/promise_factory.h:210:5: warning: ‘always_inline’ function might not be inlinable unless also declared ‘inline’ [-Wattributes]
      In file included from ./src/core/call/call_filters.h:26,
                       from ./src/core/call/call_spine.h:21,
                       from ./src/core/call/call_destination.h:20,
                       from ./src/core/lib/transport/transport.h:36,
                       from ./src/core/lib/channel/channel_stack.h:63,
                       from ./src/core/server/server.h:44:
      ./src/core/call/call_state.h: In static member function ‘static const char* grpc_core::CallState::ClientToServerPullStateString(ClientToServerPullState)’:
      ./src/core/call/call_state.h:161:3: warning: control reaches end of non-void function [-Wreturn-type]
        161 |   }
            |   ^
      ./src/core/call/call_state.h: In static member function ‘static const char* grpc_core::CallState::ClientToServerPushStateString(ClientToServerPushState)’:
      ./src/core/call/call_state.h:191:3: warning: control reaches end of non-void function [-Wreturn-type]
        191 |   }
            |   ^
      g++ -fno-strict-overflow -Wsign-compare -DNDEBUG -g -O3 -Wall -fPIC -D_WIN32_WINNT=1536 -DGRPC_XDS_USER_AGENT_NAME_SUFFIX=\"Python\" -DGRPC_XDS_USER_AGENT_VERSION_SUFFIX=\"1.79.0.dev0\" -DHAVE_CONFIG_H=1 -DGRPC_ENABLE_FORK_SUPPORT=1 -DGRPC_ENABLE_FORK_SUPPORT_DEFAULT=false -DGRPC_PYTHON_BUILD=1 -D__STDC_FORMAT_MACROS "-DPyMODINIT_FUNC=extern \"C\" __attribute__((visibility (\"default\"))) PyObject*" -DGRPC_POSIX_FORK_ALLOW_PTHREAD_ATFORK=1 -Isrc/python/grpcio -Iinclude -I. -Ithird_party/abseil-cpp -Ithird_party/address_sorting/include -Ithird_party/cares/cares/include -Ithird_party/cares -Ithird_party/cares/cares -Ithird_party/cares/cares/src/lib/include -Ithird_party/cares/cares/src/lib -Ithird_party/cares/config_linux -Ithird_party/re2 -Ithird_party/boringssl-with-bazel/src/include -Ithird_party/upb -Isrc/core/ext/upb-gen -Isrc/core/ext/upbdefs-gen -Ithird_party/utf8_range -Ithird_party/xxhash -Ithird_party/zlib -I/usr/local/google/home/ssreenithi/.pyenv/versions/3.12.0/envs/pyvenv_312/include -I/usr/local/google/home/ssreenithi/.pyenv/versions/3.12.0/include/python3.12 -c src/core/client_channel/subchannel.cc -o pyb/temp.linux-x86_64-cpython-312/src/core/client_channel/subchannel.o -std=c++17 -fvisibility=hidden -fno-wrapv -fno-exceptions -pthread
      g++ -fno-strict-overflow -Wsign-compare -DNDEBUG -g -O3 -Wall -fPIC -D_WIN32_WINNT=1536 -DGRPC_XDS_USER_AGENT_NAME_SUFFIX=\"Python\" -DGRPC_XDS_USER_AGENT_VERSION_SUFFIX=\"1.79.0.dev0\" -DHAVE_CONFIG_H=1 -DGRPC_ENABLE_FORK_SUPPORT=1 -DGRPC_ENABLE_FORK_SUPPORT_DEFAULT=false -DGRPC_PYTHON_BUILD=1 -D__STDC_FORMAT_MACROS "-DPyMODINIT_FUNC=extern \"C\" __attribute__((visibility (\"default\"))) PyObject*" -DGRPC_POSIX_FORK_ALLOW_PTHREAD_ATFORK=1 -Isrc/python/grpcio -Iinclude -I. -Ithird_party/abseil-cpp -Ithird_party/address_sorting/include -Ithird_party/cares/cares/include -Ithird_party/cares -Ithird_party/cares/cares -Ithird_party/cares/cares/src/lib/include -Ithird_party/cares/cares/src/lib -Ithird_party/cares/config_linux -Ithird_party/re2 -Ithird_party/boringssl-with-bazel/src/include -Ithird_party/upb -Isrc/core/ext/upb-gen -Isrc/core/ext/upbdefs-gen -Ithird_party/utf8_range -Ithird_party/xxhash -Ithird_party/zlib -I/usr/local/google/home/ssreenithi/.pyenv/versions/3.12.0/envs/pyvenv_312/include -I/usr/local/google/home/ssreenithi/.pyenv/versions/3.12.0/include/python3.12 -c src/core/call/message.cc -o pyb/temp.linux-x86_64-cpython-312/src/core/call/message.o -std=c++17 -fvisibility=hidden -fno-wrapv -fno-exceptions -pthread
      In file included from ./src/core/lib/promise/activity.h:30,
                       from ./src/core/lib/resource_quota/memory_quota.h:39,
                       from ./src/core/lib/resource_quota/arena.h:39,
                       from ./src/core/call/call_arena_allocator.h:24,
                       from ./src/core/call/call_spine.h:20,
                       from ./src/core/call/call_destination.h:20,
                       from ./src/core/call/interception_chain.h:23,
                       from ./src/core/filter/filter_chain.h:24,
                       from ./src/core/xds/grpc/xds_http_filter.h:24,
                       from ./src/core/xds/grpc/xds_http_fault_filter.h:28,
                       from src/core/xds/grpc/xds_http_fault_filter.cc:17:
      ./src/core/lib/promise/detail/promise_factory.h:210:5: warning: ‘always_inline’ function might not be inlinable unless also declared ‘inline’ [-Wattributes]
        210 |     PromiseFactoryImpl(Token, F&& f) {
            |     ^~~~~~~~~~~~~~~~~~
      ./src/core/lib/promise/detail/promise_factory.h:210:5: warning: ‘always_inline’ function might not be inlinable unless also declared ‘inline’ [-Wattributes]
      ./src/core/lib/promise/detail/promise_factory.h:210:5: warning: ‘always_inline’ function might not be inlinable unless also declared ‘inline’ [-Wattributes]
      ./src/core/lib/promise/detail/promise_factory.h:210:5: warning: ‘always_inline’ function might not be inlinable unless also declared ‘inline’ [-Wattributes]
      ./src/core/lib/promise/detail/promise_factory.h:210:5: warning: ‘always_inline’ function might not be inlinable unless also declared ‘inline’ [-Wattributes]
      ./src/core/lib/promise/detail/promise_factory.h:210:5: warning: ‘always_inline’ function might not be inlinable unless also declared ‘inline’ [-Wattributes]
      ./src/core/lib/promise/detail/promise_factory.h:210:5: warning: ‘always_inline’ function might not be inlinable unless also declared ‘inline’ [-Wattributes]
      ./src/core/lib/promise/detail/promise_factory.h:210:5: warning: ‘always_inline’ function might not be inlinable unless also declared ‘inline’ [-Wattributes]
      ./src/core/lib/promise/detail/promise_factory.h:210:5: warning: ‘always_inline’ function might not be inlinable unless also declared ‘inline’ [-Wattributes]
      g++ -fno-strict-overflow -Wsign-compare -DNDEBUG -g -O3 -Wall -fPIC -D_WIN32_WINNT=1536 -DGRPC_XDS_USER_AGENT_NAME_SUFFIX=\"Python\" -DGRPC_XDS_USER_AGENT_VERSION_SUFFIX=\"1.79.0.dev0\" -DHAVE_CONFIG_H=1 -DGRPC_ENABLE_FORK_SUPPORT=1 -DGRPC_ENABLE_FORK_SUPPORT_DEFAULT=false -DGRPC_PYTHON_BUILD=1 -D__STDC_FORMAT_MACROS "-DPyMODINIT_FUNC=extern \"C\" __attribute__((visibility (\"default\"))) PyObject*" -DGRPC_POSIX_FORK_ALLOW_PTHREAD_ATFORK=1 -Isrc/python/grpcio -Iinclude -I. -Ithird_party/abseil-cpp -Ithird_party/address_sorting/include -Ithird_party/cares/cares/include -Ithird_party/cares -Ithird_party/cares/cares -Ithird_party/cares/cares/src/lib/include -Ithird_party/cares/cares/src/lib -Ithird_party/cares/config_linux -Ithird_party/re2 -Ithird_party/boringssl-with-bazel/src/include -Ithird_party/upb -Isrc/core/ext/upb-gen -Isrc/core/ext/upbdefs-gen -Ithird_party/utf8_range -Ithird_party/xxhash -Ithird_party/zlib -I/usr/local/google/home/ssreenithi/.pyenv/versions/3.12.0/envs/pyvenv_312/include -I/usr/local/google/home/ssreenithi/.pyenv/versions/3.12.0/include/python3.12 -c src/core/xds/grpc/xds_server_grpc.cc -o pyb/temp.linux-x86_64-cpython-312/src/core/xds/grpc/xds_server_grpc.o -std=c++17 -fvisibility=hidden -fno-wrapv -fno-exceptions -pthread
      g++ -fno-strict-overflow -Wsign-compare -DNDEBUG -g -O3 -Wall -fPIC -D_WIN32_WINNT=1536 -DGRPC_XDS_USER_AGENT_NAME_SUFFIX=\"Python\" -DGRPC_XDS_USER_AGENT_VERSION_SUFFIX=\"1.79.0.dev0\" -DHAVE_CONFIG_H=1 -DGRPC_ENABLE_FORK_SUPPORT=1 -DGRPC_ENABLE_FORK_SUPPORT_DEFAULT=false -DGRPC_PYTHON_BUILD=1 -D__STDC_FORMAT_MACROS "-DPyMODINIT_FUNC=extern \"C\" __attribute__((visibility (\"default\"))) PyObject*" -DGRPC_POSIX_FORK_ALLOW_PTHREAD_ATFORK=1 -Isrc/python/grpcio -Iinclude -I. -Ithird_party/abseil-cpp -Ithird_party/address_sorting/include -Ithird_party/cares/cares/include -Ithird_party/cares -Ithird_party/cares/cares -Ithird_party/cares/cares/src/lib/include -Ithird_party/cares/cares/src/lib -Ithird_party/cares/config_linux -Ithird_party/re2 -Ithird_party/boringssl-with-bazel/src/include -Ithird_party/upb -Isrc/core/ext/upb-gen -Isrc/core/ext/upbdefs-gen -Ithird_party/utf8_range -Ithird_party/xxhash -Ithird_party/zlib -I/usr/local/google/home/ssreenithi/.pyenv/versions/3.12.0/envs/pyvenv_312/include -I/usr/local/google/home/ssreenithi/.pyenv/versions/3.12.0/include/python3.12 -c src/core/ext/transport/chttp2/transport/frame_rst_stream.cc -o pyb/temp.linux-x86_64-cpython-312/src/core/ext/transport/chttp2/transport/frame_rst_stream.o -std=c++17 -fvisibility=hidden -fno-wrapv -fno-exceptions -pthread
      g++ -fno-strict-overflow -Wsign-compare -DNDEBUG -g -O3 -Wall -fPIC -D_WIN32_WINNT=1536 -DGRPC_XDS_USER_AGENT_NAME_SUFFIX=\"Python\" -DGRPC_XDS_USER_AGENT_VERSION_SUFFIX=\"1.79.0.dev0\" -DHAVE_CONFIG_H=1 -DGRPC_ENABLE_FORK_SUPPORT=1 -DGRPC_ENABLE_FORK_SUPPORT_DEFAULT=false -DGRPC_PYTHON_BUILD=1 -D__STDC_FORMAT_MACROS "-DPyMODINIT_FUNC=extern \"C\" __attribute__((visibility (\"default\"))) PyObject*" -DGRPC_POSIX_FORK_ALLOW_PTHREAD_ATFORK=1 -Isrc/python/grpcio -Iinclude -I. -Ithird_party/abseil-cpp -Ithird_party/address_sorting/include -Ithird_party/cares/cares/include -Ithird_party/cares -Ithird_party/cares/cares -Ithird_party/cares/cares/src/lib/include -Ithird_party/cares/cares/src/lib -Ithird_party/cares/config_linux -Ithird_party/re2 -Ithird_party/boringssl-with-bazel/src/include -Ithird_party/upb -Isrc/core/ext/upb-gen -Isrc/core/ext/upbdefs-gen -Ithird_party/utf8_range -Ithird_party/xxhash -Ithird_party/zlib -I/usr/local/google/home/ssreenithi/.pyenv/versions/3.12.0/envs/pyvenv_312/include -I/usr/local/google/home/ssreenithi/.pyenv/versions/3.12.0/include/python3.12 -c src/core/ext/transport/chttp2/transport/hpack_encoder_table.cc -o pyb/temp.linux-x86_64-cpython-312/src/core/ext/transport/chttp2/transport/hpack_encoder_table.o -std=c++17 -fvisibility=hidden -fno-wrapv -fno-exceptions -pthread
      g++ -fno-strict-overflow -Wsign-compare -DNDEBUG -g -O3 -Wall -fPIC -D_WIN32_WINNT=1536 -DGRPC_XDS_USER_AGENT_NAME_SUFFIX=\"Python\" -DGRPC_XDS_USER_AGENT_VERSION_SUFFIX=\"1.79.0.dev0\" -DHAVE_CONFIG_H=1 -DGRPC_ENABLE_FORK_SUPPORT=1 -DGRPC_ENABLE_FORK_SUPPORT_DEFAULT=false -DGRPC_PYTHON_BUILD=1 -D__STDC_FORMAT_MACROS "-DPyMODINIT_FUNC=extern \"C\" __attribute__((visibility (\"default\"))) PyObject*" -DGRPC_POSIX_FORK_ALLOW_PTHREAD_ATFORK=1 -Isrc/python/grpcio -Iinclude -I. -Ithird_party/abseil-cpp -Ithird_party/address_sorting/include -Ithird_party/cares/cares/include -Ithird_party/cares -Ithird_party/cares/cares -Ithird_party/cares/cares/src/lib/include -Ithird_party/cares/cares/src/lib -Ithird_party/cares/config_linux -Ithird_party/re2 -Ithird_party/boringssl-with-bazel/src/include -Ithird_party/upb -Isrc/core/ext/upb-gen -Isrc/core/ext/upbdefs-gen -Ithird_party/utf8_range -Ithird_party/xxhash -Ithird_party/zlib -I/usr/local/google/home/ssreenithi/.pyenv/versions/3.12.0/envs/pyvenv_312/include -I/usr/local/google/home/ssreenithi/.pyenv/versions/3.12.0/include/python3.12 -c src/core/ext/transport/chttp2/transport/http2_settings.cc -o pyb/temp.linux-x86_64-cpython-312/src/core/ext/transport/chttp2/transport/http2_settings.o -std=c++17 -fvisibility=hidden -fno-wrapv -fno-exceptions -pthread
      g++ -fno-strict-overflow -Wsign-compare -DNDEBUG -g -O3 -Wall -fPIC -D_WIN32_WINNT=1536 -DGRPC_XDS_USER_AGENT_NAME_SUFFIX=\"Python\" -DGRPC_XDS_USER_AGENT_VERSION_SUFFIX=\"1.79.0.dev0\" -DHAVE_CONFIG_H=1 -DGRPC_ENABLE_FORK_SUPPORT=1 -DGRPC_ENABLE_FORK_SUPPORT_DEFAULT=false -DGRPC_PYTHON_BUILD=1 -D__STDC_FORMAT_MACROS "-DPyMODINIT_FUNC=extern \"C\" __attribute__((visibility (\"default\"))) PyObject*" -DGRPC_POSIX_FORK_ALLOW_PTHREAD_ATFORK=1 -Isrc/python/grpcio -Iinclude -I. -Ithird_party/abseil-cpp -Ithird_party/address_sorting/include -Ithird_party/cares/cares/include -Ithird_party/cares -Ithird_party/cares/cares -Ithird_party/cares/cares/src/lib/include -Ithird_party/cares/cares/src/lib -Ithird_party/cares/config_linux -Ithird_party/re2 -Ithird_party/boringssl-with-bazel/src/include -Ithird_party/upb -Isrc/core/ext/upb-gen -Isrc/core/ext/upbdefs-gen -Ithird_party/utf8_range -Ithird_party/xxhash -Ithird_party/zlib -I/usr/local/google/home/ssreenithi/.pyenv/versions/3.12.0/envs/pyvenv_312/include -I/usr/local/google/home/ssreenithi/.pyenv/versions/3.12.0/include/python3.12 -c src/core/xds/grpc/xds_cluster.cc -o pyb/temp.linux-x86_64-cpython-312/src/core/xds/grpc/xds_cluster.o -std=c++17 -fvisibility=hidden -fno-wrapv -fno-exceptions -pthread
      g++ -fno-strict-overflow -Wsign-compare -DNDEBUG -g -O3 -Wall -fPIC -D_WIN32_WINNT=1536 -DGRPC_XDS_USER_AGENT_NAME_SUFFIX=\"Python\" -DGRPC_XDS_USER_AGENT_VERSION_SUFFIX=\"1.79.0.dev0\" -DHAVE_CONFIG_H=1 -DGRPC_ENABLE_FORK_SUPPORT=1 -DGRPC_ENABLE_FORK_SUPPORT_DEFAULT=false -DGRPC_PYTHON_BUILD=1 -D__STDC_FORMAT_MACROS "-DPyMODINIT_FUNC=extern \"C\" __attribute__((visibility (\"default\"))) PyObject*" -DGRPC_POSIX_FORK_ALLOW_PTHREAD_ATFORK=1 -Isrc/python/grpcio -Iinclude -I. -Ithird_party/abseil-cpp -Ithird_party/address_sorting/include -Ithird_party/cares/cares/include -Ithird_party/cares -Ithird_party/cares/cares -Ithird_party/cares/cares/src/lib/include -Ithird_party/cares/cares/src/lib -Ithird_party/cares/config_linux -Ithird_party/re2 -Ithird_party/boringssl-with-bazel/src/include -Ithird_party/upb -Isrc/core/ext/upb-gen -Isrc/core/ext/upbdefs-gen -Ithird_party/utf8_range -Ithird_party/xxhash -Ithird_party/zlib -I/usr/local/google/home/ssreenithi/.pyenv/versions/3.12.0/envs/pyvenv_312/include -I/usr/local/google/home/ssreenithi/.pyenv/versions/3.12.0/include/python3.12 -c src/core/ext/transport/chttp2/transport/hpack_parse_result.cc -o pyb/temp.linux-x86_64-cpython-312/src/core/ext/transport/chttp2/transport/hpack_parse_result.o -std=c++17 -fvisibility=hidden -fno-wrapv -fno-exceptions -pthread
      g++ -fno-strict-overflow -Wsign-compare -DNDEBUG -g -O3 -Wall -fPIC -D_WIN32_WINNT=1536 -DGRPC_XDS_USER_AGENT_NAME_SUFFIX=\"Python\" -DGRPC_XDS_USER_AGENT_VERSION_SUFFIX=\"1.79.0.dev0\" -DHAVE_CONFIG_H=1 -DGRPC_ENABLE_FORK_SUPPORT=1 -DGRPC_ENABLE_FORK_SUPPORT_DEFAULT=false -DGRPC_PYTHON_BUILD=1 -D__STDC_FORMAT_MACROS "-DPyMODINIT_FUNC=extern \"C\" __attribute__((visibility (\"default\"))) PyObject*" -DGRPC_POSIX_FORK_ALLOW_PTHREAD_ATFORK=1 -Isrc/python/grpcio -Iinclude -I. -Ithird_party/abseil-cpp -Ithird_party/address_sorting/include -Ithird_party/cares/cares/include -Ithird_party/cares -Ithird_party/cares/cares -Ithird_party/cares/cares/src/lib/include -Ithird_party/cares/cares/src/lib -Ithird_party/cares/config_linux -Ithird_party/re2 -Ithird_party/boringssl-with-bazel/src/include -Ithird_party/upb -Isrc/core/ext/upb-gen -Isrc/core/ext/upbdefs-gen -Ithird_party/utf8_range -Ithird_party/xxhash -Ithird_party/zlib -I/usr/local/google/home/ssreenithi/.pyenv/versions/3.12.0/envs/pyvenv_312/include -I/usr/local/google/home/ssreenithi/.pyenv/versions/3.12.0/include/python3.12 -c src/core/load_balancing/xds/xds_cluster_manager.cc -o pyb/temp.linux-x86_64-cpython-312/src/core/load_balancing/xds/xds_cluster_manager.o -std=c++17 -fvisibility=hidden -fno-wrapv -fno-exceptions -pthread
      In file included from ./src/core/lib/promise/activity.h:30,
                       from ./src/core/lib/resource_quota/memory_quota.h:39,
                       from ./src/core/lib/resource_quota/arena.h:39,
                       from ./src/core/call/message.h:20,
                       from ./src/core/telemetry/call_tracer.h:29,
                       from ./src/core/telemetry/metrics.h:28,
                       from ./src/core/load_balancing/lb_policy.h:41,
                       from ./src/core/load_balancing/rls/rls.h:25,
                       from src/core/load_balancing/rls/rls.cc:23:
      ./src/core/lib/promise/detail/promise_factory.h:210:5: warning: ‘always_inline’ function might not be inlinable unless also declared ‘inline’ [-Wattributes]
        210 |     PromiseFactoryImpl(Token, F&& f) {
            |     ^~~~~~~~~~~~~~~~~~
      ./src/core/lib/promise/detail/promise_factory.h:210:5: warning: ‘always_inline’ function might not be inlinable unless also declared ‘inline’ [-Wattributes]
      ./src/core/lib/promise/detail/promise_factory.h:210:5: warning: ‘always_inline’ function might not be inlinable unless also declared ‘inline’ [-Wattributes]
      ./src/core/lib/promise/detail/promise_factory.h:210:5: warning: ‘always_inline’ function might not be inlinable unless also declared ‘inline’ [-Wattributes]
      ./src/core/lib/promise/detail/promise_factory.h:210:5: warning: ‘always_inline’ function might not be inlinable unless also declared ‘inline’ [-Wattributes]
      ./src/core/lib/promise/detail/promise_factory.h:210:5: warning: ‘always_inline’ function might not be inlinable unless also declared ‘inline’ [-Wattributes]
      ./src/core/lib/promise/detail/promise_factory.h:210:5: warning: ‘always_inline’ function might not be inlinable unless also declared ‘inline’ [-Wattributes]
      In file included from ./src/core/lib/promise/activity.h:30,
                       from ./src/core/lib/resource_quota/memory_quota.h:39,
                       from ./src/core/lib/resource_quota/arena.h:39,
                       from ./src/core/util/chunked_vector.h:24,
                       from ./src/core/call/metadata_batch.h:41,
                       from ./src/core/ext/filters/http/message_compress/compression_filter.h:30,
                       from src/core/ext/filters/http/message_compress/compression_filter.cc:15:
      ./src/core/lib/promise/detail/promise_factory.h:131:5: warning: ‘always_inline’ function might not be inlinable unless also declared ‘inline’ [-Wattributes]
        131 |     PromiseFactoryImpl(Token, F&& f, A&& arg) {
            |     ^~~~~~~~~~~~~~~~~~
      ./src/core/lib/promise/detail/promise_factory.h:131:5: warning: ‘always_inline’ function might not be inlinable unless also declared ‘inline’ [-Wattributes]
      ./src/core/lib/promise/detail/promise_factory.h:131:5: warning: ‘always_inline’ function might not be inlinable unless also declared ‘inline’ [-Wattributes]
      ./src/core/lib/promise/detail/promise_factory.h:131:5: warning: ‘always_inline’ function might not be inlinable unless also declared ‘inline’ [-Wattributes]
      ./src/core/lib/promise/detail/promise_factory.h:131:5: warning: ‘always_inline’ function might not be inlinable unless also declared ‘inline’ [-Wattributes]
      ./src/core/lib/promise/detail/promise_factory.h:131:5: warning: ‘always_inline’ function might not be inlinable unless also declared ‘inline’ [-Wattributes]
      ./src/core/lib/promise/detail/promise_factory.h:131:5: warning: ‘always_inline’ function might not be inlinable unless also declared ‘inline’ [-Wattributes]
      ./src/core/lib/promise/detail/promise_factory.h:131:5: warning: ‘always_inline’ function might not be inlinable unless also declared ‘inline’ [-Wattributes]
      ./src/core/lib/promise/detail/promise_factory.h:131:5: warning: ‘always_inline’ function might not be inlinable unless also declared ‘inline’ [-Wattributes]
      ./src/core/lib/promise/detail/promise_factory.h:131:5: warning: ‘always_inline’ function might not be inlinable unless also declared ‘inline’ [-Wattributes]
      ./src/core/lib/promise/detail/promise_factory.h:210:5: warning: ‘always_inline’ function might not be inlinable unless also declared ‘inline’ [-Wattributes]
        210 |     PromiseFactoryImpl(Token, F&& f) {
            |     ^~~~~~~~~~~~~~~~~~
      ./src/core/lib/promise/detail/promise_factory.h:210:5: warning: ‘always_inline’ function might not be inlinable unless also declared ‘inline’ [-Wattributes]
      ./src/core/lib/promise/detail/promise_factory.h:210:5: warning: ‘always_inline’ function might not be inlinable unless also declared ‘inline’ [-Wattributes]
      ./src/core/lib/promise/detail/promise_factory.h:210:5: warning: ‘always_inline’ function might not be inlinable unless also declared ‘inline’ [-Wattributes]
      ./src/core/lib/promise/detail/promise_factory.h:210:5: warning: ‘always_inline’ function might not be inlinable unless also declared ‘inline’ [-Wattributes]
      ./src/core/lib/promise/detail/promise_factory.h:210:5: warning: ‘always_inline’ function might not be inlinable unless also declared ‘inline’ [-Wattributes]
      ./src/core/lib/promise/detail/promise_factory.h:210:5: warning: ‘always_inline’ function might not be inlinable unless also declared ‘inline’ [-Wattributes]
      ./src/core/lib/promise/detail/promise_factory.h:210:5: warning: ‘always_inline’ function might not be inlinable unless also declared ‘inline’ [-Wattributes]
      g++ -fno-strict-overflow -Wsign-compare -DNDEBUG -g -O3 -Wall -fPIC -D_WIN32_WINNT=1536 -DGRPC_XDS_USER_AGENT_NAME_SUFFIX=\"Python\" -DGRPC_XDS_USER_AGENT_VERSION_SUFFIX=\"1.79.0.dev0\" -DHAVE_CONFIG_H=1 -DGRPC_ENABLE_FORK_SUPPORT=1 -DGRPC_ENABLE_FORK_SUPPORT_DEFAULT=false -DGRPC_PYTHON_BUILD=1 -D__STDC_FORMAT_MACROS "-DPyMODINIT_FUNC=extern \"C\" __attribute__((visibility (\"default\"))) PyObject*" -DGRPC_POSIX_FORK_ALLOW_PTHREAD_ATFORK=1 -Isrc/python/grpcio -Iinclude -I. -Ithird_party/abseil-cpp -Ithird_party/address_sorting/include -Ithird_party/cares/cares/include -Ithird_party/cares -Ithird_party/cares/cares -Ithird_party/cares/cares/src/lib/include -Ithird_party/cares/cares/src/lib -Ithird_party/cares/config_linux -Ithird_party/re2 -Ithird_party/boringssl-with-bazel/src/include -Ithird_party/upb -Isrc/core/ext/upb-gen -Isrc/core/ext/upbdefs-gen -Ithird_party/utf8_range -Ithird_party/xxhash -Ithird_party/zlib -I/usr/local/google/home/ssreenithi/.pyenv/versions/3.12.0/envs/pyvenv_312/include -I/usr/local/google/home/ssreenithi/.pyenv/versions/3.12.0/include/python3.12 -c src/core/ext/transport/chttp2/transport/http2_settings_manager.cc -o pyb/temp.linux-x86_64-cpython-312/src/core/ext/transport/chttp2/transport/http2_settings_manager.o -std=c++17 -fvisibility=hidden -fno-wrapv -fno-exceptions -pthread
      g++ -fno-strict-overflow -Wsign-compare -DNDEBUG -g -O3 -Wall -fPIC -D_WIN32_WINNT=1536 -DGRPC_XDS_USER_AGENT_NAME_SUFFIX=\"Python\" -DGRPC_XDS_USER_AGENT_VERSION_SUFFIX=\"1.79.0.dev0\" -DHAVE_CONFIG_H=1 -DGRPC_ENABLE_FORK_SUPPORT=1 -DGRPC_ENABLE_FORK_SUPPORT_DEFAULT=false -DGRPC_PYTHON_BUILD=1 -D__STDC_FORMAT_MACROS "-DPyMODINIT_FUNC=extern \"C\" __attribute__((visibility (\"default\"))) PyObject*" -DGRPC_POSIX_FORK_ALLOW_PTHREAD_ATFORK=1 -Isrc/python/grpcio -Iinclude -I. -Ithird_party/abseil-cpp -Ithird_party/address_sorting/include -Ithird_party/cares/cares/include -Ithird_party/cares -Ithird_party/cares/cares -Ithird_party/cares/cares/src/lib/include -Ithird_party/cares/cares/src/lib -Ithird_party/cares/config_linux -Ithird_party/re2 -Ithird_party/boringssl-with-bazel/src/include -Ithird_party/upb -Isrc/core/ext/upb-gen -Isrc/core/ext/upbdefs-gen -Ithird_party/utf8_range -Ithird_party/xxhash -Ithird_party/zlib -I/usr/local/google/home/ssreenithi/.pyenv/versions/3.12.0/envs/pyvenv_312/include -I/usr/local/google/home/ssreenithi/.pyenv/versions/3.12.0/include/python3.12 -c src/core/xds/grpc/xds_http_stateful_session_filter.cc -o pyb/temp.linux-x86_64-cpython-312/src/core/xds/grpc/xds_http_stateful_session_filter.o -std=c++17 -fvisibility=hidden -fno-wrapv -fno-exceptions -pthread
      In file included from ./src/core/lib/promise/activity.h:30,
                       from ./src/core/call/call_state.h:23,
                       from ./src/core/call/call_filters.h:26,
                       from ./src/core/lib/surface/channel_init.h:31,
                       from ./src/core/config/core_configuration.h:29,
                       from ./src/core/ext/filters/stateful_session/stateful_session_service_config_parser.h:28,
                       from src/core/ext/filters/stateful_session/stateful_session_service_config_parser.cc:17:
      ./src/core/lib/promise/detail/promise_factory.h:210:5: warning: ‘always_inline’ function might not be inlinable unless also declared ‘inline’ [-Wattributes]
        210 |     PromiseFactoryImpl(Token, F&& f) {
            |     ^~~~~~~~~~~~~~~~~~
      ./src/core/lib/promise/detail/promise_factory.h:210:5: warning: ‘always_inline’ function might not be inlinable unless also declared ‘inline’ [-Wattributes]
      ./src/core/lib/promise/detail/promise_factory.h:210:5: warning: ‘always_inline’ function might not be inlinable unless also declared ‘inline’ [-Wattributes]
      ./src/core/lib/promise/detail/promise_factory.h:210:5: warning: ‘always_inline’ function might not be inlinable unless also declared ‘inline’ [-Wattributes]
      ./src/core/lib/promise/detail/promise_factory.h:210:5: warning: ‘always_inline’ function might not be inlinable unless also declared ‘inline’ [-Wattributes]
      ./src/core/lib/promise/detail/promise_factory.h:210:5: warning: ‘always_inline’ function might not be inlinable unless also declared ‘inline’ [-Wattributes]
      ./src/core/lib/promise/detail/promise_factory.h:210:5: warning: ‘always_inline’ function might not be inlinable unless also declared ‘inline’ [-Wattributes]
      g++ -fno-strict-overflow -Wsign-compare -DNDEBUG -g -O3 -Wall -fPIC -D_WIN32_WINNT=1536 -DGRPC_XDS_USER_AGENT_NAME_SUFFIX=\"Python\" -DGRPC_XDS_USER_AGENT_VERSION_SUFFIX=\"1.79.0.dev0\" -DHAVE_CONFIG_H=1 -DGRPC_ENABLE_FORK_SUPPORT=1 -DGRPC_ENABLE_FORK_SUPPORT_DEFAULT=false -DGRPC_PYTHON_BUILD=1 -D__STDC_FORMAT_MACROS "-DPyMODINIT_FUNC=extern \"C\" __attribute__((visibility (\"default\"))) PyObject*" -DGRPC_POSIX_FORK_ALLOW_PTHREAD_ATFORK=1 -Isrc/python/grpcio -Iinclude -I. -Ithird_party/abseil-cpp -Ithird_party/address_sorting/include -Ithird_party/cares/cares/include -Ithird_party/cares -Ithird_party/cares/cares -Ithird_party/cares/cares/src/lib/include -Ithird_party/cares/cares/src/lib -Ithird_party/cares/config_linux -Ithird_party/re2 -Ithird_party/boringssl-with-bazel/src/include -Ithird_party/upb -Isrc/core/ext/upb-gen -Isrc/core/ext/upbdefs-gen -Ithird_party/utf8_range -Ithird_party/xxhash -Ithird_party/zlib -I/usr/local/google/home/ssreenithi/.pyenv/versions/3.12.0/envs/pyvenv_312/include -I/usr/local/google/home/ssreenithi/.pyenv/versions/3.12.0/include/python3.12 -c third_party/boringssl-with-bazel/src/crypto/fipsmodule/fips_shared_support.cc -o pyb/temp.linux-x86_64-cpython-312/third_party/boringssl-with-bazel/src/crypto/fipsmodule/fips_shared_support.o -std=c++17 -fvisibility=hidden -fno-wrapv -fno-exceptions -pthread
      g++ -fno-strict-overflow -Wsign-compare -DNDEBUG -g -O3 -Wall -fPIC -D_WIN32_WINNT=1536 -DGRPC_XDS_USER_AGENT_NAME_SUFFIX=\"Python\" -DGRPC_XDS_USER_AGENT_VERSION_SUFFIX=\"1.79.0.dev0\" -DHAVE_CONFIG_H=1 -DGRPC_ENABLE_FORK_SUPPORT=1 -DGRPC_ENABLE_FORK_SUPPORT_DEFAULT=false -DGRPC_PYTHON_BUILD=1 -D__STDC_FORMAT_MACROS "-DPyMODINIT_FUNC=extern \"C\" __attribute__((visibility (\"default\"))) PyObject*" -DGRPC_POSIX_FORK_ALLOW_PTHREAD_ATFORK=1 -Isrc/python/grpcio -Iinclude -I. -Ithird_party/abseil-cpp -Ithird_party/address_sorting/include -Ithird_party/cares/cares/include -Ithird_party/cares -Ithird_party/cares/cares -Ithird_party/cares/cares/src/lib/include -Ithird_party/cares/cares/src/lib -Ithird_party/cares/config_linux -Ithird_party/re2 -Ithird_party/boringssl-with-bazel/src/include -Ithird_party/upb -Isrc/core/ext/upb-gen -Isrc/core/ext/upbdefs-gen -Ithird_party/utf8_range -Ithird_party/xxhash -Ithird_party/zlib -I/usr/local/google/home/ssreenithi/.pyenv/versions/3.12.0/envs/pyvenv_312/include -I/usr/local/google/home/ssreenithi/.pyenv/versions/3.12.0/include/python3.12 -c third_party/boringssl-with-bazel/src/crypto/fuzzer_mode.cc -o pyb/temp.linux-x86_64-cpython-312/third_party/boringssl-with-bazel/src/crypto/fuzzer_mode.o -std=c++17 -fvisibility=hidden -fno-wrapv -fno-exceptions -pthread
      g++ -fno-strict-overflow -Wsign-compare -DNDEBUG -g -O3 -Wall -fPIC -D_WIN32_WINNT=1536 -DGRPC_XDS_USER_AGENT_NAME_SUFFIX=\"Python\" -DGRPC_XDS_USER_AGENT_VERSION_SUFFIX=\"1.79.0.dev0\" -DHAVE_CONFIG_H=1 -DGRPC_ENABLE_FORK_SUPPORT=1 -DGRPC_ENABLE_FORK_SUPPORT_DEFAULT=false -DGRPC_PYTHON_BUILD=1 -D__STDC_FORMAT_MACROS "-DPyMODINIT_FUNC=extern \"C\" __attribute__((visibility (\"default\"))) PyObject*" -DGRPC_POSIX_FORK_ALLOW_PTHREAD_ATFORK=1 -Isrc/python/grpcio -Iinclude -I. -Ithird_party/abseil-cpp -Ithird_party/address_sorting/include -Ithird_party/cares/cares/include -Ithird_party/cares -Ithird_party/cares/cares -Ithird_party/cares/cares/src/lib/include -Ithird_party/cares/cares/src/lib -Ithird_party/cares/config_linux -Ithird_party/re2 -Ithird_party/boringssl-with-bazel/src/include -Ithird_party/upb -Isrc/core/ext/upb-gen -Isrc/core/ext/upbdefs-gen -Ithird_party/utf8_range -Ithird_party/xxhash -Ithird_party/zlib -I/usr/local/google/home/ssreenithi/.pyenv/versions/3.12.0/envs/pyvenv_312/include -I/usr/local/google/home/ssreenithi/.pyenv/versions/3.12.0/include/python3.12 -c third_party/boringssl-with-bazel/src/crypto/hpke/hpke.cc -o pyb/temp.linux-x86_64-cpython-312/third_party/boringssl-with-bazel/src/crypto/hpke/hpke.o -std=c++17 -fvisibility=hidden -fno-wrapv -fno-exceptions -pthread
      gcc -fno-strict-overflow -Wsign-compare -DNDEBUG -g -O3 -Wall -fPIC -D_WIN32_WINNT=1536 -DGRPC_XDS_USER_AGENT_NAME_SUFFIX=\"Python\" -DGRPC_XDS_USER_AGENT_VERSION_SUFFIX=\"1.79.0.dev0\" -DHAVE_CONFIG_H=1 -DGRPC_ENABLE_FORK_SUPPORT=1 -DGRPC_ENABLE_FORK_SUPPORT_DEFAULT=false -DGRPC_PYTHON_BUILD=1 -D__STDC_FORMAT_MACROS "-DPyMODINIT_FUNC=extern \"C\" __attribute__((visibility (\"default\"))) PyObject*" -DGRPC_POSIX_FORK_ALLOW_PTHREAD_ATFORK=1 -Isrc/python/grpcio -Iinclude -I. -Ithird_party/abseil-cpp -Ithird_party/address_sorting/include -Ithird_party/cares/cares/include -Ithird_party/cares -Ithird_party/cares/cares -Ithird_party/cares/cares/src/lib/include -Ithird_party/cares/cares/src/lib -Ithird_party/cares/config_linux -Ithird_party/re2 -Ithird_party/boringssl-with-bazel/src/include -Ithird_party/upb -Isrc/core/ext/upb-gen -Isrc/core/ext/upbdefs-gen -Ithird_party/utf8_range -Ithird_party/xxhash -Ithird_party/zlib -I/usr/local/google/home/ssreenithi/.pyenv/versions/3.12.0/envs/pyvenv_312/include -I/usr/local/google/home/ssreenithi/.pyenv/versions/3.12.0/include/python3.12 -c third_party/boringssl-with-bazel/src/crypto/hrss/asm/poly_rq_mul.S -o pyb/temp.linux-x86_64-cpython-312/third_party/boringssl-with-bazel/src/crypto/hrss/asm/poly_rq_mul.o -std=c++17 -fvisibility=hidden -fno-wrapv -fno-exceptions -pthread
      g++ -fno-strict-overflow -Wsign-compare -DNDEBUG -g -O3 -Wall -fPIC -D_WIN32_WINNT=1536 -DGRPC_XDS_USER_AGENT_NAME_SUFFIX=\"Python\" -DGRPC_XDS_USER_AGENT_VERSION_SUFFIX=\"1.79.0.dev0\" -DHAVE_CONFIG_H=1 -DGRPC_ENABLE_FORK_SUPPORT=1 -DGRPC_ENABLE_FORK_SUPPORT_DEFAULT=false -DGRPC_PYTHON_BUILD=1 -D__STDC_FORMAT_MACROS "-DPyMODINIT_FUNC=extern \"C\" __attribute__((visibility (\"default\"))) PyObject*" -DGRPC_POSIX_FORK_ALLOW_PTHREAD_ATFORK=1 -Isrc/python/grpcio -Iinclude -I. -Ithird_party/abseil-cpp -Ithird_party/address_sorting/include -Ithird_party/cares/cares/include -Ithird_party/cares -Ithird_party/cares/cares -Ithird_party/cares/cares/src/lib/include -Ithird_party/cares/cares/src/lib -Ithird_party/cares/config_linux -Ithird_party/re2 -Ithird_party/boringssl-with-bazel/src/include -Ithird_party/upb -Isrc/core/ext/upb-gen -Isrc/core/ext/upbdefs-gen -Ithird_party/utf8_range -Ithird_party/xxhash -Ithird_party/zlib -I/usr/local/google/home/ssreenithi/.pyenv/versions/3.12.0/envs/pyvenv_312/include -I/usr/local/google/home/ssreenithi/.pyenv/versions/3.12.0/include/python3.12 -c src/core/ext/transport/chttp2/alpn/alpn.cc -o pyb/temp.linux-x86_64-cpython-312/src/core/ext/transport/chttp2/alpn/alpn.o -std=c++17 -fvisibility=hidden -fno-wrapv -fno-exceptions -pthread
      src/core/server/server.cc: In member function ‘grpc_call_error grpc_core::Server::QueueRequestedCall(size_t, RequestedCall*)’:
      src/core/server/server.cc:1661:37: warning: ‘rm’ may be used uninitialized [-Wmaybe-uninitialized]
       1661 |   rm->RequestCallWithPossiblePublish(cq_idx, rc);
            |   ~~~~~~~~~~~~~~~~~~~~~~~~~~~~~~~~~~^~~~~~~~~~~~
      src/core/server/server.cc:1652:28: note: ‘rm’ was declared here
       1652 |   RequestMatcherInterface* rm;
            |                            ^~
      In file included from ./src/core/lib/promise/activity.h:30,
                       from ./src/core/call/call_state.h:23,
                       from ./src/core/call/call_filters.h:26,
                       from ./src/core/lib/surface/channel_init.h:31,
                       from ./src/core/config/core_configuration.h:29,
                       from src/core/xds/grpc/xds_server_grpc.cc:26:
      ./src/core/lib/promise/detail/promise_factory.h:210:5: warning: ‘always_inline’ function might not be inlinable unless also declared ‘inline’ [-Wattributes]
        210 |     PromiseFactoryImpl(Token, F&& f) {
            |     ^~~~~~~~~~~~~~~~~~
      ./src/core/lib/promise/detail/promise_factory.h:210:5: warning: ‘always_inline’ function might not be inlinable unless also declared ‘inline’ [-Wattributes]
      ./src/core/lib/promise/detail/promise_factory.h:210:5: warning: ‘always_inline’ function might not be inlinable unless also declared ‘inline’ [-Wattributes]
      ./src/core/lib/promise/detail/promise_factory.h:210:5: warning: ‘always_inline’ function might not be inlinable unless also declared ‘inline’ [-Wattributes]
      ./src/core/lib/promise/detail/promise_factory.h:210:5: warning: ‘always_inline’ function might not be inlinable unless also declared ‘inline’ [-Wattributes]
      ./src/core/lib/promise/detail/promise_factory.h:210:5: warning: ‘always_inline’ function might not be inlinable unless also declared ‘inline’ [-Wattributes]
      ./src/core/lib/promise/detail/promise_factory.h:210:5: warning: ‘always_inline’ function might not be inlinable unless also declared ‘inline’ [-Wattributes]
      g++ -fno-strict-overflow -Wsign-compare -DNDEBUG -g -O3 -Wall -fPIC -D_WIN32_WINNT=1536 -DGRPC_XDS_USER_AGENT_NAME_SUFFIX=\"Python\" -DGRPC_XDS_USER_AGENT_VERSION_SUFFIX=\"1.79.0.dev0\" -DHAVE_CONFIG_H=1 -DGRPC_ENABLE_FORK_SUPPORT=1 -DGRPC_ENABLE_FORK_SUPPORT_DEFAULT=false -DGRPC_PYTHON_BUILD=1 -D__STDC_FORMAT_MACROS "-DPyMODINIT_FUNC=extern \"C\" __attribute__((visibility (\"default\"))) PyObject*" -DGRPC_POSIX_FORK_ALLOW_PTHREAD_ATFORK=1 -Isrc/python/grpcio -Iinclude -I. -Ithird_party/abseil-cpp -Ithird_party/address_sorting/include -Ithird_party/cares/cares/include -Ithird_party/cares -Ithird_party/cares/cares -Ithird_party/cares/cares/src/lib/include -Ithird_party/cares/cares/src/lib -Ithird_party/cares/config_linux -Ithird_party/re2 -Ithird_party/boringssl-with-bazel/src/include -Ithird_party/upb -Isrc/core/ext/upb-gen -Isrc/core/ext/upbdefs-gen -Ithird_party/utf8_range -Ithird_party/xxhash -Ithird_party/zlib -I/usr/local/google/home/ssreenithi/.pyenv/versions/3.12.0/envs/pyvenv_312/include -I/usr/local/google/home/ssreenithi/.pyenv/versions/3.12.0/include/python3.12 -c src/core/ext/transport/chttp2/transport/http2_stats_collector.cc -o pyb/temp.linux-x86_64-cpython-312/src/core/ext/transport/chttp2/transport/http2_stats_collector.o -std=c++17 -fvisibility=hidden -fno-wrapv -fno-exceptions -pthread
      In file included from ./src/core/lib/promise/activity.h:30,
                       from ./src/core/lib/resource_quota/memory_quota.h:39,
                       from ./src/core/lib/resource_quota/arena.h:39,
                       from ./src/core/util/chunked_vector.h:24,
                       from ./src/core/call/metadata_batch.h:41,
                       from ./src/core/client_channel/subchannel.h:29,
                       from src/core/client_channel/subchannel.cc:17:
      ./src/core/lib/promise/detail/promise_factory.h:210:5: warning: ‘always_inline’ function might not be inlinable unless also declared ‘inline’ [-Wattributes]
        210 |     PromiseFactoryImpl(Token, F&& f) {
            |     ^~~~~~~~~~~~~~~~~~
      ./src/core/lib/promise/detail/promise_factory.h:210:5: warning: ‘always_inline’ function might not be inlinable unless also declared ‘inline’ [-Wattributes]
      ./src/core/lib/promise/detail/promise_factory.h:210:5: warning: ‘always_inline’ function might not be inlinable unless also declared ‘inline’ [-Wattributes]
      ./src/core/lib/promise/detail/promise_factory.h:210:5: warning: ‘always_inline’ function might not be inlinable unless also declared ‘inline’ [-Wattributes]
      ./src/core/lib/promise/detail/promise_factory.h:210:5: warning: ‘always_inline’ function might not be inlinable unless also declared ‘inline’ [-Wattributes]
      ./src/core/lib/promise/detail/promise_factory.h:210:5: warning: ‘always_inline’ function might not be inlinable unless also declared ‘inline’ [-Wattributes]
      ./src/core/lib/promise/detail/promise_factory.h:210:5: warning: ‘always_inline’ function might not be inlinable unless also declared ‘inline’ [-Wattributes]
      g++ -fno-strict-overflow -Wsign-compare -DNDEBUG -g -O3 -Wall -fPIC -D_WIN32_WINNT=1536 -DGRPC_XDS_USER_AGENT_NAME_SUFFIX=\"Python\" -DGRPC_XDS_USER_AGENT_VERSION_SUFFIX=\"1.79.0.dev0\" -DHAVE_CONFIG_H=1 -DGRPC_ENABLE_FORK_SUPPORT=1 -DGRPC_ENABLE_FORK_SUPPORT_DEFAULT=false -DGRPC_PYTHON_BUILD=1 -D__STDC_FORMAT_MACROS "-DPyMODINIT_FUNC=extern \"C\" __attribute__((visibility (\"default\"))) PyObject*" -DGRPC_POSIX_FORK_ALLOW_PTHREAD_ATFORK=1 -Isrc/python/grpcio -Iinclude -I. -Ithird_party/abseil-cpp -Ithird_party/address_sorting/include -Ithird_party/cares/cares/include -Ithird_party/cares -Ithird_party/cares/cares -Ithird_party/cares/cares/src/lib/include -Ithird_party/cares/cares/src/lib -Ithird_party/cares/config_linux -Ithird_party/re2 -Ithird_party/boringssl-with-bazel/src/include -Ithird_party/upb -Isrc/core/ext/upb-gen -Isrc/core/ext/upbdefs-gen -Ithird_party/utf8_range -Ithird_party/xxhash -Ithird_party/zlib -I/usr/local/google/home/ssreenithi/.pyenv/versions/3.12.0/envs/pyvenv_312/include -I/usr/local/google/home/ssreenithi/.pyenv/versions/3.12.0/include/python3.12 -c src/core/ext/transport/chttp2/transport/http2_transport.cc -o pyb/temp.linux-x86_64-cpython-312/src/core/ext/transport/chttp2/transport/http2_transport.o -std=c++17 -fvisibility=hidden -fno-wrapv -fno-exceptions -pthread
      In file included from ./src/core/lib/promise/activity.h:30,
                       from ./src/core/lib/resource_quota/memory_quota.h:39,
                       from ./src/core/lib/resource_quota/arena.h:39,
                       from ./src/core/call/call_arena_allocator.h:24,
                       from ./src/core/call/call_spine.h:20,
                       from ./src/core/call/call_destination.h:20,
                       from ./src/core/lib/transport/transport.h:36,
                       from ./src/core/ext/transport/chttp2/transport/frame_rst_stream.h:29,
                       from src/core/ext/transport/chttp2/transport/frame_rst_stream.cc:19:
      ./src/core/lib/promise/detail/promise_factory.h:210:5: warning: ‘always_inline’ function might not be inlinable unless also declared ‘inline’ [-Wattributes]
        210 |     PromiseFactoryImpl(Token, F&& f) {
            |     ^~~~~~~~~~~~~~~~~~
      ./src/core/lib/promise/detail/promise_factory.h:210:5: warning: ‘always_inline’ function might not be inlinable unless also declared ‘inline’ [-Wattributes]
      ./src/core/lib/promise/detail/promise_factory.h:210:5: warning: ‘always_inline’ function might not be inlinable unless also declared ‘inline’ [-Wattributes]
      ./src/core/lib/promise/detail/promise_factory.h:210:5: warning: ‘always_inline’ function might not be inlinable unless also declared ‘inline’ [-Wattributes]
      ./src/core/lib/promise/detail/promise_factory.h:210:5: warning: ‘always_inline’ function might not be inlinable unless also declared ‘inline’ [-Wattributes]
      ./src/core/lib/promise/detail/promise_factory.h:210:5: warning: ‘always_inline’ function might not be inlinable unless also declared ‘inline’ [-Wattributes]
      ./src/core/lib/promise/detail/promise_factory.h:210:5: warning: ‘always_inline’ function might not be inlinable unless also declared ‘inline’ [-Wattributes]
      g++ -fno-strict-overflow -Wsign-compare -DNDEBUG -g -O3 -Wall -fPIC -D_WIN32_WINNT=1536 -DGRPC_XDS_USER_AGENT_NAME_SUFFIX=\"Python\" -DGRPC_XDS_USER_AGENT_VERSION_SUFFIX=\"1.79.0.dev0\" -DHAVE_CONFIG_H=1 -DGRPC_ENABLE_FORK_SUPPORT=1 -DGRPC_ENABLE_FORK_SUPPORT_DEFAULT=false -DGRPC_PYTHON_BUILD=1 -D__STDC_FORMAT_MACROS "-DPyMODINIT_FUNC=extern \"C\" __attribute__((visibility (\"default\"))) PyObject*" -DGRPC_POSIX_FORK_ALLOW_PTHREAD_ATFORK=1 -Isrc/python/grpcio -Iinclude -I. -Ithird_party/abseil-cpp -Ithird_party/address_sorting/include -Ithird_party/cares/cares/include -Ithird_party/cares -Ithird_party/cares/cares -Ithird_party/cares/cares/src/lib/include -Ithird_party/cares/cares/src/lib -Ithird_party/cares/config_linux -Ithird_party/re2 -Ithird_party/boringssl-with-bazel/src/include -Ithird_party/upb -Isrc/core/ext/upb-gen -Isrc/core/ext/upbdefs-gen -Ithird_party/utf8_range -Ithird_party/xxhash -Ithird_party/zlib -I/usr/local/google/home/ssreenithi/.pyenv/versions/3.12.0/envs/pyvenv_312/include -I/usr/local/google/home/ssreenithi/.pyenv/versions/3.12.0/include/python3.12 -c src/core/xds/grpc/xds_http_filter.cc -o pyb/temp.linux-x86_64-cpython-312/src/core/xds/grpc/xds_http_filter.o -std=c++17 -fvisibility=hidden -fno-wrapv -fno-exceptions -pthread
      In constructor ‘grpc_core::filters_detail::OperationExecutor<T>::OperationExecutor(grpc_core::filters_detail::OperationExecutor<T>&&) [with T = std::unique_ptr<grpc_core::Message, grpc_core::Arena::PooledDeleter>]’,
          inlined from ‘grpc_core::CallFilters::MessageExecutor<&grpc_core::CallFilters::push_client_to_server_message_, &grpc_core::filters_detail::StackData::client_to_server_messages, &grpc_core::CallState::FinishPullClientToServerMessage, const grpc_core::CallFilters::AddedStack*>::MessageExecutor(grpc_core::CallFilters::MessageExecutor<&grpc_core::CallFilters::push_client_to_server_message_, &grpc_core::filters_detail::StackData::client_to_server_messages, &grpc_core::CallState::FinishPullClientToServerMessage, const grpc_core::CallFilters::AddedStack*>&&)’ at ./src/core/call/call_filters.h:1886:9,
          inlined from ‘grpc_core::promise_detail::PromiseLike<F, typename std::enable_if<(! std::is_void<typename std::invoke_result<Releaser>::type>::value), void>::type>::PromiseLike(F&&) [with F = grpc_core::CallFilters::MessageExecutor<&grpc_core::CallFilters::push_client_to_server_message_, &grpc_core::filters_detail::StackData::client_to_server_messages, &grpc_core::CallState::FinishPullClientToServerMessage, const grpc_core::CallFilters::AddedStack*>]’ at ./src/core/lib/promise/detail/promise_like.h:214:9,
          inlined from ‘std::enable_if_t<((bool)grpc_core::promise_detail::IsVoidCallable<typename grpc_core::promise_detail::ResultOfT<F(), void>::T>::value), grpc_core::promise_detail::PromiseLike<decltype (declval<F>()())> > grpc_core::promise_detail::PromiseFactoryImpl(Token, F&&) [with Token = OnceToken; F = grpc_core::CallFilters::PullClientToServerMessage()::<lambda(bool)>::<lambda()>]’ at ./src/core/lib/promise/detail/promise_factory.h:211:12,
          inlined from ‘grpc_core::promise_detail::OncePromiseFactory<void, F>::Promise grpc_core::promise_detail::OncePromiseFactory<void, F>::Make() [with F = grpc_core::CallFilters::PullClientToServerMessage()::<lambda(bool)>::<lambda()>]’ at ./src/core/lib/promise/detail/promise_factory.h:250:57,
          inlined from ‘grpc_core::If<bool, T, F>::If(bool, T, F) [with T = grpc_core::CallFilters::PullClientToServerMessage()::<lambda(bool)>::<lambda()>; F = grpc_core::CallFilters::PullClientToServerMessage()::<lambda(bool)>::<lambda()>]’ at ./src/core/lib/promise/if.h:181:45,
          inlined from ‘grpc_core::CallFilters::PullClientToServerMessage()::<lambda(bool)>’ at ./src/core/call/call_filters.h:2019:16:
      ./src/core/call/call_filters.h:1424:20: warning: ‘<unnamed>.grpc_core::CallFilters::MessageExecutor<grpc_core::CallFilters::push_client_to_server_message_, grpc_core::filters_detail::StackData::client_to_server_messages, grpc_core::CallState::FinishPullClientToServerMessage, const grpc_core::CallFilters::AddedStack*>::executor_.grpc_core::filters_detail::OperationExecutor<std::unique_ptr<grpc_core::Message, grpc_core::Arena::PooledDeleter> >::ops_’ may be used uninitialized [-Wmaybe-uninitialized]
       1424 |       : ops_(other.ops_), end_ops_(other.end_ops_) {
            |              ~~~~~~^~~~
      ./src/core/lib/promise/detail/promise_factory.h: In lambda function:
      ./src/core/lib/promise/detail/promise_factory.h:211:11: note: ‘<anonymous>’ declared here
        211 |   return f();
            |          ~^~
      In constructor ‘grpc_core::filters_detail::OperationExecutor<T>::OperationExecutor(grpc_core::filters_detail::OperationExecutor<T>&&) [with T = std::unique_ptr<grpc_core::Message, grpc_core::Arena::PooledDeleter>]’,
          inlined from ‘grpc_core::CallFilters::MessageExecutor<&grpc_core::CallFilters::push_client_to_server_message_, &grpc_core::filters_detail::StackData::client_to_server_messages, &grpc_core::CallState::FinishPullClientToServerMessage, const grpc_core::CallFilters::AddedStack*>::MessageExecutor(grpc_core::CallFilters::MessageExecutor<&grpc_core::CallFilters::push_client_to_server_message_, &grpc_core::filters_detail::StackData::client_to_server_messages, &grpc_core::CallState::FinishPullClientToServerMessage, const grpc_core::CallFilters::AddedStack*>&&)’ at ./src/core/call/call_filters.h:1886:9,
          inlined from ‘grpc_core::promise_detail::PromiseLike<F, typename std::enable_if<(! std::is_void<typename std::invoke_result<Releaser>::type>::value), void>::type>::PromiseLike(F&&) [with F = grpc_core::CallFilters::MessageExecutor<&grpc_core::CallFilters::push_client_to_server_message_, &grpc_core::filters_detail::StackData::client_to_server_messages, &grpc_core::CallState::FinishPullClientToServerMessage, const grpc_core::CallFilters::AddedStack*>]’ at ./src/core/lib/promise/detail/promise_like.h:214:9,
          inlined from ‘std::enable_if_t<((bool)grpc_core::promise_detail::IsVoidCallable<typename grpc_core::promise_detail::ResultOfT<F(), void>::T>::value), grpc_core::promise_detail::PromiseLike<decltype (declval<F>()())> > grpc_core::promise_detail::PromiseFactoryImpl(Token, F&&) [with Token = OnceToken; F = grpc_core::CallFilters::PullClientToServerMessage()::<lambda(bool)>::<lambda()>]’ at ./src/core/lib/promise/detail/promise_factory.h:211:12,
          inlined from ‘grpc_core::promise_detail::OncePromiseFactory<void, F>::Promise grpc_core::promise_detail::OncePromiseFactory<void, F>::Make() [with F = grpc_core::CallFilters::PullClientToServerMessage()::<lambda(bool)>::<lambda()>]’ at ./src/core/lib/promise/detail/promise_factory.h:250:57,
          inlined from ‘grpc_core::If<bool, T, F>::If(bool, T, F) [with T = grpc_core::CallFilters::PullClientToServerMessage()::<lambda(bool)>::<lambda()>; F = grpc_core::CallFilters::PullClientToServerMessage()::<lambda(bool)>::<lambda()>]’ at ./src/core/lib/promise/if.h:181:45,
          inlined from ‘grpc_core::CallFilters::PullClientToServerMessage()::<lambda(bool)>’ at ./src/core/call/call_filters.h:2019:16:
      ./src/core/call/call_filters.h:1424:42: warning: ‘<unnamed>.grpc_core::CallFilters::MessageExecutor<grpc_core::CallFilters::push_client_to_server_message_, grpc_core::filters_detail::StackData::client_to_server_messages, grpc_core::CallState::FinishPullClientToServerMessage, const grpc_core::CallFilters::AddedStack*>::executor_.grpc_core::filters_detail::OperationExecutor<std::unique_ptr<grpc_core::Message, grpc_core::Arena::PooledDeleter> >::end_ops_’ may be used uninitialized [-Wmaybe-uninitialized]
       1424 |       : ops_(other.ops_), end_ops_(other.end_ops_) {
            |                                    ~~~~~~^~~~~~~~
      ./src/core/lib/promise/detail/promise_factory.h: In lambda function:
      ./src/core/lib/promise/detail/promise_factory.h:211:11: note: ‘<anonymous>’ declared here
        211 |   return f();
            |          ~^~
      In destructor ‘grpc_core::filters_detail::OperationExecutor<T>::~OperationExecutor() [with T = std::unique_ptr<grpc_core::Message, grpc_core::Arena::PooledDeleter>]’,
          inlined from ‘grpc_core::CallFilters::MessageExecutor<&grpc_core::CallFilters::push_client_to_server_message_, &grpc_core::filters_detail::StackData::client_to_server_messages, &grpc_core::CallState::FinishPullClientToServerMessage, const grpc_core::CallFilters::AddedStack*>::~MessageExecutor()’ at ./src/core/call/call_filters.h:1886:9,
          inlined from ‘grpc_core::promise_detail::PromiseLike<grpc_core::CallFilters::MessageExecutor<&grpc_core::CallFilters::push_client_to_server_message_, &grpc_core::filters_detail::StackData::client_to_server_messages, &grpc_core::CallState::FinishPullClientToServerMessage, const grpc_core::CallFilters::AddedStack*>, void>::~PromiseLike()’ at ./src/core/lib/promise/detail/promise_like.h:204:7,
          inlined from ‘void grpc_core::Destruct(T*) [with T = promise_detail::PromiseLike<CallFilters::MessageExecutor<&CallFilters::push_client_to_server_message_, &filters_detail::StackData::client_to_server_messages, &CallState::FinishPullClientToServerMessage, const CallFilters::AddedStack*>, void>]’ at ./src/core/util/construct_destruct.h:28:8,
          inlined from ‘grpc_core::If<bool, T, F>::~If() [with T = grpc_core::CallFilters::PullClientToServerMessage()::<lambda(bool)>::<lambda()>; F = grpc_core::CallFilters::PullClientToServerMessage()::<lambda(bool)>::<lambda()>]’ at ./src/core/lib/promise/if.h:188:15,
          inlined from ‘grpc_core::promise_detail::PromiseLike<grpc_core::If<bool, grpc_core::CallFilters::PullClientToServerMessage()::<lambda(bool)>::<lambda()>, grpc_core::CallFilters::PullClientToServerMessage()::<lambda(bool)>::<lambda()> >, void>::~PromiseLike()’ at ./src/core/lib/promise/detail/promise_like.h:204:7,
          inlined from ‘void grpc_core::Destruct(T*) [with T = promise_detail::PromiseLike<If<bool, CallFilters::PullClientToServerMessage()::<lambda(bool)>::<lambda()>, CallFilters::PullClientToServerMessage()::<lambda(bool)>::<lambda()> >, void>]’ at ./src/core/util/construct_destruct.h:28:8,
          inlined from ‘grpc_core::promise_detail::SeqState<Traits, P, F0>::~SeqState() [with Traits = grpc_core::promise_detail::TrySeqTraits; P = grpc_core::CallFilters::PullClientToServerMessage()::<lambda()>; F0 = grpc_core::CallFilters::PullClientToServerMessage()::<lambda(bool)>]’ at ./src/core/lib/promise/detail/seq_state.h:116:17,
          inlined from ‘grpc_core::promise_detail::TrySeq<grpc_core::CallFilters::PullClientToServerMessage()::<lambda()>, grpc_core::CallFilters::PullClientToServerMessage()::<lambda(bool)> >::~TrySeq()’ at ./src/core/lib/promise/try_seq.h:254:7,
          inlined from ‘grpc_core::promise_detail::PromiseLike<grpc_core::promise_detail::TrySeq<grpc_core::CallFilters::PullClientToServerMessage()::<lambda()>, grpc_core::CallFilters::PullClientToServerMessage()::<lambda(bool)> >, void>::~PromiseLike()’ at ./src/core/lib/promise/detail/promise_like.h:204:7,
          inlined from ‘grpc_core::Map<grpc_core::promise_detail::TrySeq<grpc_core::CallFilters::PullClientToServerMessage()::<lambda()>, grpc_core::CallFilters::PullClientToServerMessage()::<lambda(bool)> >, grpc_core::Server::MatchRequestAndMaybeReadFirstMessage(grpc_core::CallHandler, grpc_core::ClientMetadataHandle)::<lambda()> mutable::<lambda(grpc_core::ClientToServerNextMessage)> >::~Map()’ at ./src/core/lib/promise/map.h:134:7,
          inlined from ‘grpc_core::promise_detail::PromiseLike<grpc_core::Map<grpc_core::promise_detail::TrySeq<grpc_core::CallFilters::PullClientToServerMessage()::<lambda()>, grpc_core::CallFilters::PullClientToServerMessage()::<lambda(bool)> >, grpc_core::Server::MatchRequestAndMaybeReadFirstMessage(grpc_core::CallHandler, grpc_core::ClientMetadataHandle)::<lambda()> mutable::<lambda(grpc_core::ClientToServerNextMessage)> >, void>::~PromiseLike()’ at ./src/core/lib/promise/detail/promise_like.h:204:7,
          inlined from ‘void grpc_core::Destruct(T*) [with T = promise_detail::PromiseLike<Map<promise_detail::TrySeq<CallFilters::PullClientToServerMessage()::<lambda()>, CallFilters::PullClientToServerMessage()::<lambda(bool)> >, Server::MatchRequestAndMaybeReadFirstMessage(grpc_core::CallHandler, grpc_core::ClientMetadataHandle)::<lambda()> mutable::<lambda(ClientToServerNextMessage)> >, void>]’ at ./src/core/util/construct_destruct.h:28:8,
          inlined from ‘grpc_core::If<bool, T, F>::~If() [with T = grpc_core::Server::MatchRequestAndMaybeReadFirstMessage(grpc_core::CallHandler, grpc_core::ClientMetadataHandle)::<lambda()>; F = grpc_core::Server::MatchRequestAndMaybeReadFirstMessage(grpc_core::CallHandler, grpc_core::ClientMetadataHandle)::<lambda()>]’ at ./src/core/lib/promise/if.h:188:15,
          inlined from ‘grpc_core::promise_detail::TryJoin<R, Promises ...> grpc_core::TryJoin(Promises ...) [with R = absl::lts_20250512::StatusOr; Promises = {If<bool, Server::MatchRequestAndMaybeReadFirstMessage(grpc_core::CallHandler, grpc_core::ClientMetadataHandle)::<lambda()>, Server::MatchRequestAndMaybeReadFirstMessage(grpc_core::CallHandler, grpc_core::ClientMetadataHandle)::<lambda()> >, ArenaPromise<absl::lts_20250512::StatusOr<Server::RequestMatcherInterface::MatchResult> >, Server::MatchRequestAndMaybeReadFirstMessage(grpc_core::CallHandler, grpc_core::ClientMetadataHandle)::<lambda()>}]’ at ./src/core/lib/promise/try_join.h:253:26,
          inlined from ‘auto grpc_core::Server::MatchRequestAndMaybeReadFirstMessage(grpc_core::CallHandler, grpc_core::ClientMetadataHandle)’ at src/core/server/server.cc:1142:8:
      ./src/core/call/call_filters.h:1469:7: warning: ‘((grpc_core::filters_detail::OperationExecutor<std::unique_ptr<grpc_core::Message, grpc_core::Arena::PooledDeleter> >*)((char*)&<unnamed> + offsetof(grpc_core::If<bool, ._anon_771, ._anon_773>,grpc_core::If<bool, ._anon_771, ._anon_773>::<unnamed>) + 8))[1].grpc_core::filters_detail::OperationExecutor<std::unique_ptr<grpc_core::Message, grpc_core::Arena::PooledDeleter> >::promise_data_’ may be used uninitialized [-Wmaybe-uninitialized]
       1469 |   if (promise_data_ != nullptr) {
            |       ^~~~~~~~~~~~~
      In file included from src/core/server/server.cc:63:
      ./src/core/lib/promise/try_join.h: In member function ‘auto grpc_core::Server::MatchRequestAndMaybeReadFirstMessage(grpc_core::CallHandler, grpc_core::ClientMetadataHandle)’:
      ./src/core/lib/promise/try_join.h:253:26: note: ‘<anonymous>’ declared here
        253 |   return promise_detail::TryJoin<R, Promises...>(std::move(promises)...);
            |                          ^~~~~~~~~~~~~~~~~~~~~~~~~~~~~~~~~~~~~~~~~~~~~~~
      In destructor ‘grpc_core::filters_detail::OperationExecutor<T>::~OperationExecutor() [with T = std::unique_ptr<grpc_core::Message, grpc_core::Arena::PooledDeleter>]’,
          inlined from ‘grpc_core::CallFilters::MessageExecutor<&grpc_core::CallFilters::push_client_to_server_message_, &grpc_core::filters_detail::StackData::client_to_server_messages, &grpc_core::CallState::FinishPullClientToServerMessage, const grpc_core::CallFilters::AddedStack*>::~MessageExecutor()’ at ./src/core/call/call_filters.h:1886:9,
          inlined from ‘grpc_core::promise_detail::PromiseLike<grpc_core::CallFilters::MessageExecutor<&grpc_core::CallFilters::push_client_to_server_message_, &grpc_core::filters_detail::StackData::client_to_server_messages, &grpc_core::CallState::FinishPullClientToServerMessage, const grpc_core::CallFilters::AddedStack*>, void>::~PromiseLike()’ at ./src/core/lib/promise/detail/promise_like.h:204:7,
          inlined from ‘void grpc_core::Destruct(T*) [with T = promise_detail::PromiseLike<CallFilters::MessageExecutor<&CallFilters::push_client_to_server_message_, &filters_detail::StackData::client_to_server_messages, &CallState::FinishPullClientToServerMessage, const CallFilters::AddedStack*>, void>]’ at ./src/core/util/construct_destruct.h:28:8,
          inlined from ‘grpc_core::If<bool, T, F>::~If() [with T = grpc_core::CallFilters::PullClientToServerMessage()::<lambda(bool)>::<lambda()>; F = grpc_core::CallFilters::PullClientToServerMessage()::<lambda(bool)>::<lambda()>]’ at ./src/core/lib/promise/if.h:188:15,
          inlined from ‘grpc_core::promise_detail::PromiseLike<grpc_core::If<bool, grpc_core::CallFilters::PullClientToServerMessage()::<lambda(bool)>::<lambda()>, grpc_core::CallFilters::PullClientToServerMessage()::<lambda(bool)>::<lambda()> >, void>::~PromiseLike()’ at ./src/core/lib/promise/detail/promise_like.h:204:7,
          inlined from ‘void grpc_core::Destruct(T*) [with T = promise_detail::PromiseLike<If<bool, CallFilters::PullClientToServerMessage()::<lambda(bool)>::<lambda()>, CallFilters::PullClientToServerMessage()::<lambda(bool)>::<lambda()> >, void>]’ at ./src/core/util/construct_destruct.h:28:8,
          inlined from ‘grpc_core::promise_detail::SeqState<Traits, P, F0>::~SeqState() [with Traits = grpc_core::promise_detail::TrySeqTraits; P = grpc_core::CallFilters::PullClientToServerMessage()::<lambda()>; F0 = grpc_core::CallFilters::PullClientToServerMessage()::<lambda(bool)>]’ at ./src/core/lib/promise/detail/seq_state.h:116:17,
          inlined from ‘grpc_core::promise_detail::TrySeq<grpc_core::CallFilters::PullClientToServerMessage()::<lambda()>, grpc_core::CallFilters::PullClientToServerMessage()::<lambda(bool)> >::~TrySeq()’ at ./src/core/lib/promise/try_seq.h:254:7,
          inlined from ‘grpc_core::promise_detail::PromiseLike<grpc_core::promise_detail::TrySeq<grpc_core::CallFilters::PullClientToServerMessage()::<lambda()>, grpc_core::CallFilters::PullClientToServerMessage()::<lambda(bool)> >, void>::~PromiseLike()’ at ./src/core/lib/promise/detail/promise_like.h:204:7,
          inlined from ‘grpc_core::Map<grpc_core::promise_detail::TrySeq<grpc_core::CallFilters::PullClientToServerMessage()::<lambda()>, grpc_core::CallFilters::PullClientToServerMessage()::<lambda(bool)> >, grpc_core::Server::MatchRequestAndMaybeReadFirstMessage(grpc_core::CallHandler, grpc_core::ClientMetadataHandle)::<lambda()> mutable::<lambda(grpc_core::ClientToServerNextMessage)> >::~Map()’ at ./src/core/lib/promise/map.h:134:7,
          inlined from ‘grpc_core::promise_detail::PromiseLike<grpc_core::Map<grpc_core::promise_detail::TrySeq<grpc_core::CallFilters::PullClientToServerMessage()::<lambda()>, grpc_core::CallFilters::PullClientToServerMessage()::<lambda(bool)> >, grpc_core::Server::MatchRequestAndMaybeReadFirstMessage(grpc_core::CallHandler, grpc_core::ClientMetadataHandle)::<lambda()> mutable::<lambda(grpc_core::ClientToServerNextMessage)> >, void>::~PromiseLike()’ at ./src/core/lib/promise/detail/promise_like.h:204:7,
          inlined from ‘void grpc_core::Destruct(T*) [with T = promise_detail::PromiseLike<Map<promise_detail::TrySeq<CallFilters::PullClientToServerMessage()::<lambda()>, CallFilters::PullClientToServerMessage()::<lambda(bool)> >, Server::MatchRequestAndMaybeReadFirstMessage(grpc_core::CallHandler, grpc_core::ClientMetadataHandle)::<lambda()> mutable::<lambda(ClientToServerNextMessage)> >, void>]’ at ./src/core/util/construct_destruct.h:28:8,
          inlined from ‘grpc_core::If<bool, T, F>::~If() [with T = grpc_core::Server::MatchRequestAndMaybeReadFirstMessage(grpc_core::CallHandler, grpc_core::ClientMetadataHandle)::<lambda()>; F = grpc_core::Server::MatchRequestAndMaybeReadFirstMessage(grpc_core::CallHandler, grpc_core::ClientMetadataHandle)::<lambda()>]’ at ./src/core/lib/promise/if.h:188:15,
          inlined from ‘grpc_core::promise_detail::TryJoin<R, Promises ...> grpc_core::TryJoin(Promises ...) [with R = absl::lts_20250512::StatusOr; Promises = {If<bool, Server::MatchRequestAndMaybeReadFirstMessage(grpc_core::CallHandler, grpc_core::ClientMetadataHandle)::<lambda()>, Server::MatchRequestAndMaybeReadFirstMessage(grpc_core::CallHandler, grpc_core::ClientMetadataHandle)::<lambda()> >, ArenaPromise<absl::lts_20250512::StatusOr<Server::RequestMatcherInterface::MatchResult> >, Server::MatchRequestAndMaybeReadFirstMessage(grpc_core::CallHandler, grpc_core::ClientMetadataHandle)::<lambda()>}]’ at ./src/core/lib/promise/try_join.h:253:26,
          inlined from ‘auto grpc_core::Server::MatchRequestAndMaybeReadFirstMessage(grpc_core::CallHandler, grpc_core::ClientMetadataHandle)’ at src/core/server/server.cc:1142:8:
      ./src/core/call/call_filters.h:1470:9: warning: ‘((grpc_core::filters_detail::OperationExecutor<std::unique_ptr<grpc_core::Message, grpc_core::Arena::PooledDeleter> >*)((char*)&<unnamed> + offsetof(grpc_core::If<bool, ._anon_771, ._anon_773>,grpc_core::If<bool, ._anon_771, ._anon_773>::<unnamed>) + 8))[1].grpc_core::filters_detail::OperationExecutor<std::unique_ptr<grpc_core::Message, grpc_core::Arena::PooledDeleter> >::ops_’ may be used uninitialized [-Wmaybe-uninitialized]
       1470 |     if (ops_ != end_ops_) ops_->early_destroy(promise_data_);
            |         ^~~~
      ./src/core/lib/promise/try_join.h: In member function ‘auto grpc_core::Server::MatchRequestAndMaybeReadFirstMessage(grpc_core::CallHandler, grpc_core::ClientMetadataHandle)’:
      ./src/core/lib/promise/try_join.h:253:26: note: ‘<anonymous>’ declared here
        253 |   return promise_detail::TryJoin<R, Promises...>(std::move(promises)...);
            |                          ^~~~~~~~~~~~~~~~~~~~~~~~~~~~~~~~~~~~~~~~~~~~~~~
      In destructor ‘grpc_core::filters_detail::OperationExecutor<T>::~OperationExecutor() [with T = std::unique_ptr<grpc_core::Message, grpc_core::Arena::PooledDeleter>]’,
          inlined from ‘grpc_core::CallFilters::MessageExecutor<&grpc_core::CallFilters::push_client_to_server_message_, &grpc_core::filters_detail::StackData::client_to_server_messages, &grpc_core::CallState::FinishPullClientToServerMessage, const grpc_core::CallFilters::AddedStack*>::~MessageExecutor()’ at ./src/core/call/call_filters.h:1886:9,
          inlined from ‘grpc_core::promise_detail::PromiseLike<grpc_core::CallFilters::MessageExecutor<&grpc_core::CallFilters::push_client_to_server_message_, &grpc_core::filters_detail::StackData::client_to_server_messages, &grpc_core::CallState::FinishPullClientToServerMessage, const grpc_core::CallFilters::AddedStack*>, void>::~PromiseLike()’ at ./src/core/lib/promise/detail/promise_like.h:204:7,
          inlined from ‘void grpc_core::Destruct(T*) [with T = promise_detail::PromiseLike<CallFilters::MessageExecutor<&CallFilters::push_client_to_server_message_, &filters_detail::StackData::client_to_server_messages, &CallState::FinishPullClientToServerMessage, const CallFilters::AddedStack*>, void>]’ at ./src/core/util/construct_destruct.h:28:8,
          inlined from ‘grpc_core::If<bool, T, F>::~If() [with T = grpc_core::CallFilters::PullClientToServerMessage()::<lambda(bool)>::<lambda()>; F = grpc_core::CallFilters::PullClientToServerMessage()::<lambda(bool)>::<lambda()>]’ at ./src/core/lib/promise/if.h:188:15,
          inlined from ‘grpc_core::promise_detail::PromiseLike<grpc_core::If<bool, grpc_core::CallFilters::PullClientToServerMessage()::<lambda(bool)>::<lambda()>, grpc_core::CallFilters::PullClientToServerMessage()::<lambda(bool)>::<lambda()> >, void>::~PromiseLike()’ at ./src/core/lib/promise/detail/promise_like.h:204:7,
          inlined from ‘void grpc_core::Destruct(T*) [with T = promise_detail::PromiseLike<If<bool, CallFilters::PullClientToServerMessage()::<lambda(bool)>::<lambda()>, CallFilters::PullClientToServerMessage()::<lambda(bool)>::<lambda()> >, void>]’ at ./src/core/util/construct_destruct.h:28:8,
          inlined from ‘grpc_core::promise_detail::SeqState<Traits, P, F0>::~SeqState() [with Traits = grpc_core::promise_detail::TrySeqTraits; P = grpc_core::CallFilters::PullClientToServerMessage()::<lambda()>; F0 = grpc_core::CallFilters::PullClientToServerMessage()::<lambda(bool)>]’ at ./src/core/lib/promise/detail/seq_state.h:116:17,
          inlined from ‘grpc_core::promise_detail::TrySeq<grpc_core::CallFilters::PullClientToServerMessage()::<lambda()>, grpc_core::CallFilters::PullClientToServerMessage()::<lambda(bool)> >::~TrySeq()’ at ./src/core/lib/promise/try_seq.h:254:7,
          inlined from ‘grpc_core::promise_detail::PromiseLike<grpc_core::promise_detail::TrySeq<grpc_core::CallFilters::PullClientToServerMessage()::<lambda()>, grpc_core::CallFilters::PullClientToServerMessage()::<lambda(bool)> >, void>::~PromiseLike()’ at ./src/core/lib/promise/detail/promise_like.h:204:7,
          inlined from ‘grpc_core::Map<grpc_core::promise_detail::TrySeq<grpc_core::CallFilters::PullClientToServerMessage()::<lambda()>, grpc_core::CallFilters::PullClientToServerMessage()::<lambda(bool)> >, grpc_core::Server::MatchRequestAndMaybeReadFirstMessage(grpc_core::CallHandler, grpc_core::ClientMetadataHandle)::<lambda()> mutable::<lambda(grpc_core::ClientToServerNextMessage)> >::~Map()’ at ./src/core/lib/promise/map.h:134:7,
          inlined from ‘grpc_core::promise_detail::PromiseLike<grpc_core::Map<grpc_core::promise_detail::TrySeq<grpc_core::CallFilters::PullClientToServerMessage()::<lambda()>, grpc_core::CallFilters::PullClientToServerMessage()::<lambda(bool)> >, grpc_core::Server::MatchRequestAndMaybeReadFirstMessage(grpc_core::CallHandler, grpc_core::ClientMetadataHandle)::<lambda()> mutable::<lambda(grpc_core::ClientToServerNextMessage)> >, void>::~PromiseLike()’ at ./src/core/lib/promise/detail/promise_like.h:204:7,
          inlined from ‘void grpc_core::Destruct(T*) [with T = promise_detail::PromiseLike<Map<promise_detail::TrySeq<CallFilters::PullClientToServerMessage()::<lambda()>, CallFilters::PullClientToServerMessage()::<lambda(bool)> >, Server::MatchRequestAndMaybeReadFirstMessage(grpc_core::CallHandler, grpc_core::ClientMetadataHandle)::<lambda()> mutable::<lambda(ClientToServerNextMessage)> >, void>]’ at ./src/core/util/construct_destruct.h:28:8,
          inlined from ‘grpc_core::If<bool, T, F>::~If() [with T = grpc_core::Server::MatchRequestAndMaybeReadFirstMessage(grpc_core::CallHandler, grpc_core::ClientMetadataHandle)::<lambda()>; F = grpc_core::Server::MatchRequestAndMaybeReadFirstMessage(grpc_core::CallHandler, grpc_core::ClientMetadataHandle)::<lambda()>]’ at ./src/core/lib/promise/if.h:188:15,
          inlined from ‘grpc_core::promise_detail::TryJoin<R, Promises ...> grpc_core::TryJoin(Promises ...) [with R = absl::lts_20250512::StatusOr; Promises = {If<bool, Server::MatchRequestAndMaybeReadFirstMessage(grpc_core::CallHandler, grpc_core::ClientMetadataHandle)::<lambda()>, Server::MatchRequestAndMaybeReadFirstMessage(grpc_core::CallHandler, grpc_core::ClientMetadataHandle)::<lambda()> >, ArenaPromise<absl::lts_20250512::StatusOr<Server::RequestMatcherInterface::MatchResult> >, Server::MatchRequestAndMaybeReadFirstMessage(grpc_core::CallHandler, grpc_core::ClientMetadataHandle)::<lambda()>}]’ at ./src/core/lib/promise/try_join.h:253:26,
          inlined from ‘auto grpc_core::Server::MatchRequestAndMaybeReadFirstMessage(grpc_core::CallHandler, grpc_core::ClientMetadataHandle)’ at src/core/server/server.cc:1142:8:
      ./src/core/call/call_filters.h:1470:17: warning: ‘((grpc_core::filters_detail::OperationExecutor<std::unique_ptr<grpc_core::Message, grpc_core::Arena::PooledDeleter> >*)((char*)&<unnamed> + offsetof(grpc_core::If<bool, ._anon_771, ._anon_773>,grpc_core::If<bool, ._anon_771, ._anon_773>::<unnamed>) + 8))[1].grpc_core::filters_detail::OperationExecutor<std::unique_ptr<grpc_core::Message, grpc_core::Arena::PooledDeleter> >::end_ops_’ may be used uninitialized [-Wmaybe-uninitialized]
       1470 |     if (ops_ != end_ops_) ops_->early_destroy(promise_data_);
            |                 ^~~~~~~~
      ./src/core/lib/promise/try_join.h: In member function ‘auto grpc_core::Server::MatchRequestAndMaybeReadFirstMessage(grpc_core::CallHandler, grpc_core::ClientMetadataHandle)’:
      ./src/core/lib/promise/try_join.h:253:26: note: ‘<anonymous>’ declared here
        253 |   return promise_detail::TryJoin<R, Promises...>(std::move(promises)...);
            |                          ^~~~~~~~~~~~~~~~~~~~~~~~~~~~~~~~~~~~~~~~~~~~~~~
      In destructor ‘grpc_core::filters_detail::OperationExecutor<T>::~OperationExecutor() [with T = std::unique_ptr<grpc_core::Message, grpc_core::Arena::PooledDeleter>]’,
          inlined from ‘grpc_core::CallFilters::MessageExecutor<&grpc_core::CallFilters::push_client_to_server_message_, &grpc_core::filters_detail::StackData::client_to_server_messages, &grpc_core::CallState::FinishPullClientToServerMessage, const grpc_core::CallFilters::AddedStack*>::~MessageExecutor()’ at ./src/core/call/call_filters.h:1886:9,
          inlined from ‘grpc_core::promise_detail::PromiseLike<grpc_core::CallFilters::MessageExecutor<&grpc_core::CallFilters::push_client_to_server_message_, &grpc_core::filters_detail::StackData::client_to_server_messages, &grpc_core::CallState::FinishPullClientToServerMessage, const grpc_core::CallFilters::AddedStack*>, void>::~PromiseLike()’ at ./src/core/lib/promise/detail/promise_like.h:204:7,
          inlined from ‘void grpc_core::Destruct(T*) [with T = promise_detail::PromiseLike<CallFilters::MessageExecutor<&CallFilters::push_client_to_server_message_, &filters_detail::StackData::client_to_server_messages, &CallState::FinishPullClientToServerMessage, const CallFilters::AddedStack*>, void>]’ at ./src/core/util/construct_destruct.h:28:8,
          inlined from ‘grpc_core::If<bool, T, F>::~If() [with T = grpc_core::CallFilters::PullClientToServerMessage()::<lambda(bool)>::<lambda()>; F = grpc_core::CallFilters::PullClientToServerMessage()::<lambda(bool)>::<lambda()>]’ at ./src/core/lib/promise/if.h:188:15,
          inlined from ‘grpc_core::promise_detail::PromiseLike<grpc_core::If<bool, grpc_core::CallFilters::PullClientToServerMessage()::<lambda(bool)>::<lambda()>, grpc_core::CallFilters::PullClientToServerMessage()::<lambda(bool)>::<lambda()> >, void>::~PromiseLike()’ at ./src/core/lib/promise/detail/promise_like.h:204:7,
          inlined from ‘void grpc_core::Destruct(T*) [with T = promise_detail::PromiseLike<If<bool, CallFilters::PullClientToServerMessage()::<lambda(bool)>::<lambda()>, CallFilters::PullClientToServerMessage()::<lambda(bool)>::<lambda()> >, void>]’ at ./src/core/util/construct_destruct.h:28:8,
          inlined from ‘grpc_core::promise_detail::SeqState<Traits, P, F0>::~SeqState() [with Traits = grpc_core::promise_detail::TrySeqTraits; P = grpc_core::CallFilters::PullClientToServerMessage()::<lambda()>; F0 = grpc_core::CallFilters::PullClientToServerMessage()::<lambda(bool)>]’ at ./src/core/lib/promise/detail/seq_state.h:116:17,
          inlined from ‘grpc_core::promise_detail::TrySeq<grpc_core::CallFilters::PullClientToServerMessage()::<lambda()>, grpc_core::CallFilters::PullClientToServerMessage()::<lambda(bool)> >::~TrySeq()’ at ./src/core/lib/promise/try_seq.h:254:7,
          inlined from ‘grpc_core::promise_detail::PromiseLike<grpc_core::promise_detail::TrySeq<grpc_core::CallFilters::PullClientToServerMessage()::<lambda()>, grpc_core::CallFilters::PullClientToServerMessage()::<lambda(bool)> >, void>::~PromiseLike()’ at ./src/core/lib/promise/detail/promise_like.h:204:7,
          inlined from ‘grpc_core::Map<grpc_core::promise_detail::TrySeq<grpc_core::CallFilters::PullClientToServerMessage()::<lambda()>, grpc_core::CallFilters::PullClientToServerMessage()::<lambda(bool)> >, grpc_core::Server::MatchRequestAndMaybeReadFirstMessage(grpc_core::CallHandler, grpc_core::ClientMetadataHandle)::<lambda()> mutable::<lambda(grpc_core::ClientToServerNextMessage)> >::~Map()’ at ./src/core/lib/promise/map.h:134:7,
          inlined from ‘grpc_core::promise_detail::PromiseLike<grpc_core::Map<grpc_core::promise_detail::TrySeq<grpc_core::CallFilters::PullClientToServerMessage()::<lambda()>, grpc_core::CallFilters::PullClientToServerMessage()::<lambda(bool)> >, grpc_core::Server::MatchRequestAndMaybeReadFirstMessage(grpc_core::CallHandler, grpc_core::ClientMetadataHandle)::<lambda()> mutable::<lambda(grpc_core::ClientToServerNextMessage)> >, void>::~PromiseLike()’ at ./src/core/lib/promise/detail/promise_like.h:204:7,
          inlined from ‘void grpc_core::Destruct(T*) [with T = promise_detail::PromiseLike<Map<promise_detail::TrySeq<CallFilters::PullClientToServerMessage()::<lambda()>, CallFilters::PullClientToServerMessage()::<lambda(bool)> >, Server::MatchRequestAndMaybeReadFirstMessage(grpc_core::CallHandler, grpc_core::ClientMetadataHandle)::<lambda()> mutable::<lambda(ClientToServerNextMessage)> >, void>]’ at ./src/core/util/construct_destruct.h:28:8,
          inlined from ‘grpc_core::If<bool, T, F>::~If() [with T = grpc_core::Server::MatchRequestAndMaybeReadFirstMessage(grpc_core::CallHandler, grpc_core::ClientMetadataHandle)::<lambda()>; F = grpc_core::Server::MatchRequestAndMaybeReadFirstMessage(grpc_core::CallHandler, grpc_core::ClientMetadataHandle)::<lambda()>]’ at ./src/core/lib/promise/if.h:188:15,
          inlined from ‘auto grpc_core::Server::MatchRequestAndMaybeReadFirstMessage(grpc_core::CallHandler, grpc_core::ClientMetadataHandle)’ at src/core/server/server.cc:1138:33:
      ./src/core/call/call_filters.h:1469:7: warning: ‘((grpc_core::filters_detail::OperationExecutor<std::unique_ptr<grpc_core::Message, grpc_core::Arena::PooledDeleter> >*)((char*)&<unnamed> + offsetof(grpc_core::If<bool, ._anon_771, ._anon_773>,grpc_core::If<bool, ._anon_771, ._anon_773>::<unnamed>) + 8))[1].grpc_core::filters_detail::OperationExecutor<std::unique_ptr<grpc_core::Message, grpc_core::Arena::PooledDeleter> >::promise_data_’ may be used uninitialized [-Wmaybe-uninitialized]
       1469 |   if (promise_data_ != nullptr) {
            |       ^~~~~~~~~~~~~
      src/core/server/server.cc: In member function ‘auto grpc_core::Server::MatchRequestAndMaybeReadFirstMessage(grpc_core::CallHandler, grpc_core::ClientMetadataHandle)’:
      src/core/server/server.cc:1138:33: note: ‘<anonymous>’ declared here
       1138 |   return TryJoin<absl::StatusOr>(
            |          ~~~~~~~~~~~~~~~~~~~~~~~^
       1139 |       std::move(maybe_read_first_message), rm->MatchRequest(0),
            |       ~~~~~~~~~~~~~~~~~~~~~~~~~~~~~~~~~~~~~~~~~~~~~~~~~~~~~~~~~
       1140 |       [md = std::move(md)]() mutable {
            |       ~~~~~~~~~~~~~~~~~~~~~~~~~~~~~~~~
       1141 |         return ValueOrFailure<ClientMetadataHandle>(std::move(md));
            |         ~~~~~~~~~~~~~~~~~~~~~~~~~~~~~~~~~~~~~~~~~~~~~~~~~~~~~~~~~~~
       1142 |       });
            |       ~~
      In destructor ‘grpc_core::filters_detail::OperationExecutor<T>::~OperationExecutor() [with T = std::unique_ptr<grpc_core::Message, grpc_core::Arena::PooledDeleter>]’,
          inlined from ‘grpc_core::CallFilters::MessageExecutor<&grpc_core::CallFilters::push_client_to_server_message_, &grpc_core::filters_detail::StackData::client_to_server_messages, &grpc_core::CallState::FinishPullClientToServerMessage, const grpc_core::CallFilters::AddedStack*>::~MessageExecutor()’ at ./src/core/call/call_filters.h:1886:9,
          inlined from ‘grpc_core::promise_detail::PromiseLike<grpc_core::CallFilters::MessageExecutor<&grpc_core::CallFilters::push_client_to_server_message_, &grpc_core::filters_detail::StackData::client_to_server_messages, &grpc_core::CallState::FinishPullClientToServerMessage, const grpc_core::CallFilters::AddedStack*>, void>::~PromiseLike()’ at ./src/core/lib/promise/detail/promise_like.h:204:7,
          inlined from ‘void grpc_core::Destruct(T*) [with T = promise_detail::PromiseLike<CallFilters::MessageExecutor<&CallFilters::push_client_to_server_message_, &filters_detail::StackData::client_to_server_messages, &CallState::FinishPullClientToServerMessage, const CallFilters::AddedStack*>, void>]’ at ./src/core/util/construct_destruct.h:28:8,
          inlined from ‘grpc_core::If<bool, T, F>::~If() [with T = grpc_core::CallFilters::PullClientToServerMessage()::<lambda(bool)>::<lambda()>; F = grpc_core::CallFilters::PullClientToServerMessage()::<lambda(bool)>::<lambda()>]’ at ./src/core/lib/promise/if.h:188:15,
          inlined from ‘grpc_core::promise_detail::PromiseLike<grpc_core::If<bool, grpc_core::CallFilters::PullClientToServerMessage()::<lambda(bool)>::<lambda()>, grpc_core::CallFilters::PullClientToServerMessage()::<lambda(bool)>::<lambda()> >, void>::~PromiseLike()’ at ./src/core/lib/promise/detail/promise_like.h:204:7,
          inlined from ‘void grpc_core::Destruct(T*) [with T = promise_detail::PromiseLike<If<bool, CallFilters::PullClientToServerMessage()::<lambda(bool)>::<lambda()>, CallFilters::PullClientToServerMessage()::<lambda(bool)>::<lambda()> >, void>]’ at ./src/core/util/construct_destruct.h:28:8,
          inlined from ‘grpc_core::promise_detail::SeqState<Traits, P, F0>::~SeqState() [with Traits = grpc_core::promise_detail::TrySeqTraits; P = grpc_core::CallFilters::PullClientToServerMessage()::<lambda()>; F0 = grpc_core::CallFilters::PullClientToServerMessage()::<lambda(bool)>]’ at ./src/core/lib/promise/detail/seq_state.h:116:17,
          inlined from ‘grpc_core::promise_detail::TrySeq<grpc_core::CallFilters::PullClientToServerMessage()::<lambda()>, grpc_core::CallFilters::PullClientToServerMessage()::<lambda(bool)> >::~TrySeq()’ at ./src/core/lib/promise/try_seq.h:254:7,
          inlined from ‘grpc_core::promise_detail::PromiseLike<grpc_core::promise_detail::TrySeq<grpc_core::CallFilters::PullClientToServerMessage()::<lambda()>, grpc_core::CallFilters::PullClientToServerMessage()::<lambda(bool)> >, void>::~PromiseLike()’ at ./src/core/lib/promise/detail/promise_like.h:204:7,
          inlined from ‘grpc_core::Map<grpc_core::promise_detail::TrySeq<grpc_core::CallFilters::PullClientToServerMessage()::<lambda()>, grpc_core::CallFilters::PullClientToServerMessage()::<lambda(bool)> >, grpc_core::Server::MatchRequestAndMaybeReadFirstMessage(grpc_core::CallHandler, grpc_core::ClientMetadataHandle)::<lambda()> mutable::<lambda(grpc_core::ClientToServerNextMessage)> >::~Map()’ at ./src/core/lib/promise/map.h:134:7,
          inlined from ‘grpc_core::promise_detail::PromiseLike<grpc_core::Map<grpc_core::promise_detail::TrySeq<grpc_core::CallFilters::PullClientToServerMessage()::<lambda()>, grpc_core::CallFilters::PullClientToServerMessage()::<lambda(bool)> >, grpc_core::Server::MatchRequestAndMaybeReadFirstMessage(grpc_core::CallHandler, grpc_core::ClientMetadataHandle)::<lambda()> mutable::<lambda(grpc_core::ClientToServerNextMessage)> >, void>::~PromiseLike()’ at ./src/core/lib/promise/detail/promise_like.h:204:7,
          inlined from ‘void grpc_core::Destruct(T*) [with T = promise_detail::PromiseLike<Map<promise_detail::TrySeq<CallFilters::PullClientToServerMessage()::<lambda()>, CallFilters::PullClientToServerMessage()::<lambda(bool)> >, Server::MatchRequestAndMaybeReadFirstMessage(grpc_core::CallHandler, grpc_core::ClientMetadataHandle)::<lambda()> mutable::<lambda(ClientToServerNextMessage)> >, void>]’ at ./src/core/util/construct_destruct.h:28:8,
          inlined from ‘grpc_core::If<bool, T, F>::~If() [with T = grpc_core::Server::MatchRequestAndMaybeReadFirstMessage(grpc_core::CallHandler, grpc_core::ClientMetadataHandle)::<lambda()>; F = grpc_core::Server::MatchRequestAndMaybeReadFirstMessage(grpc_core::CallHandler, grpc_core::ClientMetadataHandle)::<lambda()>]’ at ./src/core/lib/promise/if.h:188:15,
          inlined from ‘auto grpc_core::Server::MatchRequestAndMaybeReadFirstMessage(grpc_core::CallHandler, grpc_core::ClientMetadataHandle)’ at src/core/server/server.cc:1138:33:
      ./src/core/call/call_filters.h:1470:9: warning: ‘((grpc_core::filters_detail::OperationExecutor<std::unique_ptr<grpc_core::Message, grpc_core::Arena::PooledDeleter> >*)((char*)&<unnamed> + offsetof(grpc_core::If<bool, ._anon_771, ._anon_773>,grpc_core::If<bool, ._anon_771, ._anon_773>::<unnamed>) + 8))[1].grpc_core::filters_detail::OperationExecutor<std::unique_ptr<grpc_core::Message, grpc_core::Arena::PooledDeleter> >::ops_’ may be used uninitialized [-Wmaybe-uninitialized]
       1470 |     if (ops_ != end_ops_) ops_->early_destroy(promise_data_);
            |         ^~~~
      src/core/server/server.cc: In member function ‘auto grpc_core::Server::MatchRequestAndMaybeReadFirstMessage(grpc_core::CallHandler, grpc_core::ClientMetadataHandle)’:
      src/core/server/server.cc:1138:33: note: ‘<anonymous>’ declared here
       1138 |   return TryJoin<absl::StatusOr>(
            |          ~~~~~~~~~~~~~~~~~~~~~~~^
       1139 |       std::move(maybe_read_first_message), rm->MatchRequest(0),
            |       ~~~~~~~~~~~~~~~~~~~~~~~~~~~~~~~~~~~~~~~~~~~~~~~~~~~~~~~~~
       1140 |       [md = std::move(md)]() mutable {
            |       ~~~~~~~~~~~~~~~~~~~~~~~~~~~~~~~~
       1141 |         return ValueOrFailure<ClientMetadataHandle>(std::move(md));
            |         ~~~~~~~~~~~~~~~~~~~~~~~~~~~~~~~~~~~~~~~~~~~~~~~~~~~~~~~~~~~
       1142 |       });
            |       ~~
      In destructor ‘grpc_core::filters_detail::OperationExecutor<T>::~OperationExecutor() [with T = std::unique_ptr<grpc_core::Message, grpc_core::Arena::PooledDeleter>]’,
          inlined from ‘grpc_core::CallFilters::MessageExecutor<&grpc_core::CallFilters::push_client_to_server_message_, &grpc_core::filters_detail::StackData::client_to_server_messages, &grpc_core::CallState::FinishPullClientToServerMessage, const grpc_core::CallFilters::AddedStack*>::~MessageExecutor()’ at ./src/core/call/call_filters.h:1886:9,
          inlined from ‘grpc_core::promise_detail::PromiseLike<grpc_core::CallFilters::MessageExecutor<&grpc_core::CallFilters::push_client_to_server_message_, &grpc_core::filters_detail::StackData::client_to_server_messages, &grpc_core::CallState::FinishPullClientToServerMessage, const grpc_core::CallFilters::AddedStack*>, void>::~PromiseLike()’ at ./src/core/lib/promise/detail/promise_like.h:204:7,
          inlined from ‘void grpc_core::Destruct(T*) [with T = promise_detail::PromiseLike<CallFilters::MessageExecutor<&CallFilters::push_client_to_server_message_, &filters_detail::StackData::client_to_server_messages, &CallState::FinishPullClientToServerMessage, const CallFilters::AddedStack*>, void>]’ at ./src/core/util/construct_destruct.h:28:8,
          inlined from ‘grpc_core::If<bool, T, F>::~If() [with T = grpc_core::CallFilters::PullClientToServerMessage()::<lambda(bool)>::<lambda()>; F = grpc_core::CallFilters::PullClientToServerMessage()::<lambda(bool)>::<lambda()>]’ at ./src/core/lib/promise/if.h:188:15,
          inlined from ‘grpc_core::promise_detail::PromiseLike<grpc_core::If<bool, grpc_core::CallFilters::PullClientToServerMessage()::<lambda(bool)>::<lambda()>, grpc_core::CallFilters::PullClientToServerMessage()::<lambda(bool)>::<lambda()> >, void>::~PromiseLike()’ at ./src/core/lib/promise/detail/promise_like.h:204:7,
          inlined from ‘void grpc_core::Destruct(T*) [with T = promise_detail::PromiseLike<If<bool, CallFilters::PullClientToServerMessage()::<lambda(bool)>::<lambda()>, CallFilters::PullClientToServerMessage()::<lambda(bool)>::<lambda()> >, void>]’ at ./src/core/util/construct_destruct.h:28:8,
          inlined from ‘grpc_core::promise_detail::SeqState<Traits, P, F0>::~SeqState() [with Traits = grpc_core::promise_detail::TrySeqTraits; P = grpc_core::CallFilters::PullClientToServerMessage()::<lambda()>; F0 = grpc_core::CallFilters::PullClientToServerMessage()::<lambda(bool)>]’ at ./src/core/lib/promise/detail/seq_state.h:116:17,
          inlined from ‘grpc_core::promise_detail::TrySeq<grpc_core::CallFilters::PullClientToServerMessage()::<lambda()>, grpc_core::CallFilters::PullClientToServerMessage()::<lambda(bool)> >::~TrySeq()’ at ./src/core/lib/promise/try_seq.h:254:7,
          inlined from ‘grpc_core::promise_detail::PromiseLike<grpc_core::promise_detail::TrySeq<grpc_core::CallFilters::PullClientToServerMessage()::<lambda()>, grpc_core::CallFilters::PullClientToServerMessage()::<lambda(bool)> >, void>::~PromiseLike()’ at ./src/core/lib/promise/detail/promise_like.h:204:7,
          inlined from ‘grpc_core::Map<grpc_core::promise_detail::TrySeq<grpc_core::CallFilters::PullClientToServerMessage()::<lambda()>, grpc_core::CallFilters::PullClientToServerMessage()::<lambda(bool)> >, grpc_core::Server::MatchRequestAndMaybeReadFirstMessage(grpc_core::CallHandler, grpc_core::ClientMetadataHandle)::<lambda()> mutable::<lambda(grpc_core::ClientToServerNextMessage)> >::~Map()’ at ./src/core/lib/promise/map.h:134:7,
          inlined from ‘grpc_core::promise_detail::PromiseLike<grpc_core::Map<grpc_core::promise_detail::TrySeq<grpc_core::CallFilters::PullClientToServerMessage()::<lambda()>, grpc_core::CallFilters::PullClientToServerMessage()::<lambda(bool)> >, grpc_core::Server::MatchRequestAndMaybeReadFirstMessage(grpc_core::CallHandler, grpc_core::ClientMetadataHandle)::<lambda()> mutable::<lambda(grpc_core::ClientToServerNextMessage)> >, void>::~PromiseLike()’ at ./src/core/lib/promise/detail/promise_like.h:204:7,
          inlined from ‘void grpc_core::Destruct(T*) [with T = promise_detail::PromiseLike<Map<promise_detail::TrySeq<CallFilters::PullClientToServerMessage()::<lambda()>, CallFilters::PullClientToServerMessage()::<lambda(bool)> >, Server::MatchRequestAndMaybeReadFirstMessage(grpc_core::CallHandler, grpc_core::ClientMetadataHandle)::<lambda()> mutable::<lambda(ClientToServerNextMessage)> >, void>]’ at ./src/core/util/construct_destruct.h:28:8,
          inlined from ‘grpc_core::If<bool, T, F>::~If() [with T = grpc_core::Server::MatchRequestAndMaybeReadFirstMessage(grpc_core::CallHandler, grpc_core::ClientMetadataHandle)::<lambda()>; F = grpc_core::Server::MatchRequestAndMaybeReadFirstMessage(grpc_core::CallHandler, grpc_core::ClientMetadataHandle)::<lambda()>]’ at ./src/core/lib/promise/if.h:188:15,
          inlined from ‘auto grpc_core::Server::MatchRequestAndMaybeReadFirstMessage(grpc_core::CallHandler, grpc_core::ClientMetadataHandle)’ at src/core/server/server.cc:1138:33:
      ./src/core/call/call_filters.h:1470:17: warning: ‘((grpc_core::filters_detail::OperationExecutor<std::unique_ptr<grpc_core::Message, grpc_core::Arena::PooledDeleter> >*)((char*)&<unnamed> + offsetof(grpc_core::If<bool, ._anon_771, ._anon_773>,grpc_core::If<bool, ._anon_771, ._anon_773>::<unnamed>) + 8))[1].grpc_core::filters_detail::OperationExecutor<std::unique_ptr<grpc_core::Message, grpc_core::Arena::PooledDeleter> >::end_ops_’ may be used uninitialized [-Wmaybe-uninitialized]
       1470 |     if (ops_ != end_ops_) ops_->early_destroy(promise_data_);
            |                 ^~~~~~~~
      src/core/server/server.cc: In member function ‘auto grpc_core::Server::MatchRequestAndMaybeReadFirstMessage(grpc_core::CallHandler, grpc_core::ClientMetadataHandle)’:
      src/core/server/server.cc:1138:33: note: ‘<anonymous>’ declared here
       1138 |   return TryJoin<absl::StatusOr>(
            |          ~~~~~~~~~~~~~~~~~~~~~~~^
       1139 |       std::move(maybe_read_first_message), rm->MatchRequest(0),
            |       ~~~~~~~~~~~~~~~~~~~~~~~~~~~~~~~~~~~~~~~~~~~~~~~~~~~~~~~~~
       1140 |       [md = std::move(md)]() mutable {
            |       ~~~~~~~~~~~~~~~~~~~~~~~~~~~~~~~~
       1141 |         return ValueOrFailure<ClientMetadataHandle>(std::move(md));
            |         ~~~~~~~~~~~~~~~~~~~~~~~~~~~~~~~~~~~~~~~~~~~~~~~~~~~~~~~~~~~
       1142 |       });
            |       ~~
      In file included from ./src/core/lib/promise/activity.h:30,
                       from ./src/core/lib/resource_quota/memory_quota.h:39,
                       from ./src/core/lib/resource_quota/arena.h:39,
                       from ./src/core/call/call_arena_allocator.h:24,
                       from ./src/core/call/call_spine.h:20,
                       from ./src/core/call/call_destination.h:20,
                       from ./src/core/client_channel/client_channel_internal.h:24,
                       from src/core/load_balancing/xds/xds_cluster_manager.cc:32:
      ./src/core/lib/promise/detail/promise_factory.h:210:5: warning: ‘always_inline’ function might not be inlinable unless also declared ‘inline’ [-Wattributes]
        210 |     PromiseFactoryImpl(Token, F&& f) {
            |     ^~~~~~~~~~~~~~~~~~
      ./src/core/lib/promise/detail/promise_factory.h:210:5: warning: ‘always_inline’ function might not be inlinable unless also declared ‘inline’ [-Wattributes]
      ./src/core/lib/promise/detail/promise_factory.h:210:5: warning: ‘always_inline’ function might not be inlinable unless also declared ‘inline’ [-Wattributes]
      ./src/core/lib/promise/detail/promise_factory.h:210:5: warning: ‘always_inline’ function might not be inlinable unless also declared ‘inline’ [-Wattributes]
      ./src/core/lib/promise/detail/promise_factory.h:210:5: warning: ‘always_inline’ function might not be inlinable unless also declared ‘inline’ [-Wattributes]
      ./src/core/lib/promise/detail/promise_factory.h:210:5: warning: ‘always_inline’ function might not be inlinable unless also declared ‘inline’ [-Wattributes]
      ./src/core/lib/promise/detail/promise_factory.h:210:5: warning: ‘always_inline’ function might not be inlinable unless also declared ‘inline’ [-Wattributes]
      g++ -fno-strict-overflow -Wsign-compare -DNDEBUG -g -O3 -Wall -fPIC -D_WIN32_WINNT=1536 -DGRPC_XDS_USER_AGENT_NAME_SUFFIX=\"Python\" -DGRPC_XDS_USER_AGENT_VERSION_SUFFIX=\"1.79.0.dev0\" -DHAVE_CONFIG_H=1 -DGRPC_ENABLE_FORK_SUPPORT=1 -DGRPC_ENABLE_FORK_SUPPORT_DEFAULT=false -DGRPC_PYTHON_BUILD=1 -D__STDC_FORMAT_MACROS "-DPyMODINIT_FUNC=extern \"C\" __attribute__((visibility (\"default\"))) PyObject*" -DGRPC_POSIX_FORK_ALLOW_PTHREAD_ATFORK=1 -Isrc/python/grpcio -Iinclude -I. -Ithird_party/abseil-cpp -Ithird_party/address_sorting/include -Ithird_party/cares/cares/include -Ithird_party/cares -Ithird_party/cares/cares -Ithird_party/cares/cares/src/lib/include -Ithird_party/cares/cares/src/lib -Ithird_party/cares/config_linux -Ithird_party/re2 -Ithird_party/boringssl-with-bazel/src/include -Ithird_party/upb -Isrc/core/ext/upb-gen -Isrc/core/ext/upbdefs-gen -Ithird_party/utf8_range -Ithird_party/xxhash -Ithird_party/zlib -I/usr/local/google/home/ssreenithi/.pyenv/versions/3.12.0/envs/pyvenv_312/include -I/usr/local/google/home/ssreenithi/.pyenv/versions/3.12.0/include/python3.12 -c src/core/xds/grpc/xds_cluster_parser.cc -o pyb/temp.linux-x86_64-cpython-312/src/core/xds/grpc/xds_cluster_parser.o -std=c++17 -fvisibility=hidden -fno-wrapv -fno-exceptions -pthread
      src/core/ext/transport/chttp2/transport/chttp2_transport.cc: In lambda function:
      src/core/ext/transport/chttp2/transport/chttp2_transport.cc:2740:16: warning: writing 8 bytes into a region of size 7 [-Wstringop-overflow=]
       2740 |           *p++ = 'p';
            |           ~~~~~^~~~~
      In file included from include/grpc/slice.h:22,
                       from ./src/core/ext/transport/chttp2/transport/chttp2_transport.h:22:
      include/grpc/impl/slice_type.h:71:15: note: at offset 25 into destination object ‘grpc_slice::grpc_slice_data::grpc_slice_inlined::bytes’ of size 23
         71 |       uint8_t bytes[GRPC_SLICE_INLINED_SIZE];
            |               ^~~~~
      src/core/ext/transport/chttp2/transport/chttp2_transport.cc:2748:16: warning: writing 4 bytes into a region of size 0 [-Wstringop-overflow=]
       2748 |           *p++ = 'o';
            |           ~~~~~^~~~~
      include/grpc/impl/slice_type.h:71:15: note: at offset 33 into destination object ‘grpc_slice::grpc_slice_data::grpc_slice_inlined::bytes’ of size 23
         71 |       uint8_t bytes[GRPC_SLICE_INLINED_SIZE];
            |               ^~~~~
      src/core/ext/transport/chttp2/transport/chttp2_transport.cc:2752:16: warning: writing 2 bytes into a region of size 0 [-Wstringop-overflow=]
       2752 |           *p++ = 'r';
            |           ~~~~~^~~~~
      include/grpc/impl/slice_type.h:71:15: note: at offset 37 into destination object ‘grpc_slice::grpc_slice_data::grpc_slice_inlined::bytes’ of size 23
         71 |       uint8_t bytes[GRPC_SLICE_INLINED_SIZE];
            |               ^~~~~
      src/core/ext/transport/chttp2/transport/chttp2_transport.cc:2754:16: warning: writing 1 byte into a region of size 0 [-Wstringop-overflow=]
       2754 |           *p++ = 'c';
            |           ~~~~~^~~~~
      include/grpc/impl/slice_type.h:71:15: note: at offset 30 into destination object ‘grpc_slice::grpc_slice_data::grpc_slice_inlined::bytes’ of size 23
         71 |       uint8_t bytes[GRPC_SLICE_INLINED_SIZE];
            |               ^~~~~
      In file included from ./src/core/lib/promise/activity.h:30,
                       from ./src/core/lib/resource_quota/memory_quota.h:39,
                       from ./src/core/lib/resource_quota/arena.h:39,
                       from ./src/core/call/call_arena_allocator.h:24,
                       from ./src/core/call/call_spine.h:20,
                       from ./src/core/call/call_destination.h:20,
                       from ./src/core/call/interception_chain.h:23,
                       from ./src/core/filter/filter_chain.h:24,
                       from ./src/core/xds/grpc/xds_http_filter.h:24,
                       from ./src/core/xds/grpc/xds_http_stateful_session_filter.h:28,
                       from src/core/xds/grpc/xds_http_stateful_session_filter.cc:17:
      ./src/core/lib/promise/detail/promise_factory.h:131:5: warning: ‘always_inline’ function might not be inlinable unless also declared ‘inline’ [-Wattributes]
        131 |     PromiseFactoryImpl(Token, F&& f, A&& arg) {
            |     ^~~~~~~~~~~~~~~~~~
      ./src/core/lib/promise/detail/promise_factory.h:210:5: warning: ‘always_inline’ function might not be inlinable unless also declared ‘inline’ [-Wattributes]
        210 |     PromiseFactoryImpl(Token, F&& f) {
            |     ^~~~~~~~~~~~~~~~~~
      ./src/core/lib/promise/detail/promise_factory.h:210:5: warning: ‘always_inline’ function might not be inlinable unless also declared ‘inline’ [-Wattributes]
      ./src/core/lib/promise/detail/promise_factory.h:210:5: warning: ‘always_inline’ function might not be inlinable unless also declared ‘inline’ [-Wattributes]
      ./src/core/lib/promise/detail/promise_factory.h:210:5: warning: ‘always_inline’ function might not be inlinable unless also declared ‘inline’ [-Wattributes]
      ./src/core/lib/promise/detail/promise_factory.h:210:5: warning: ‘always_inline’ function might not be inlinable unless also declared ‘inline’ [-Wattributes]
      ./src/core/lib/promise/detail/promise_factory.h:210:5: warning: ‘always_inline’ function might not be inlinable unless also declared ‘inline’ [-Wattributes]
      ./src/core/lib/promise/detail/promise_factory.h:210:5: warning: ‘always_inline’ function might not be inlinable unless also declared ‘inline’ [-Wattributes]
      ./src/core/lib/promise/detail/promise_factory.h:210:5: warning: ‘always_inline’ function might not be inlinable unless also declared ‘inline’ [-Wattributes]
      g++ -fno-strict-overflow -Wsign-compare -DNDEBUG -g -O3 -Wall -fPIC -D_WIN32_WINNT=1536 -DGRPC_XDS_USER_AGENT_NAME_SUFFIX=\"Python\" -DGRPC_XDS_USER_AGENT_VERSION_SUFFIX=\"1.79.0.dev0\" -DHAVE_CONFIG_H=1 -DGRPC_ENABLE_FORK_SUPPORT=1 -DGRPC_ENABLE_FORK_SUPPORT_DEFAULT=false -DGRPC_PYTHON_BUILD=1 -D__STDC_FORMAT_MACROS "-DPyMODINIT_FUNC=extern \"C\" __attribute__((visibility (\"default\"))) PyObject*" -DGRPC_POSIX_FORK_ALLOW_PTHREAD_ATFORK=1 -Isrc/python/grpcio -Iinclude -I. -Ithird_party/abseil-cpp -Ithird_party/address_sorting/include -Ithird_party/cares/cares/include -Ithird_party/cares -Ithird_party/cares/cares -Ithird_party/cares/cares/src/lib/include -Ithird_party/cares/cares/src/lib -Ithird_party/cares/config_linux -Ithird_party/re2 -Ithird_party/boringssl-with-bazel/src/include -Ithird_party/upb -Isrc/core/ext/upb-gen -Isrc/core/ext/upbdefs-gen -Ithird_party/utf8_range -Ithird_party/xxhash -Ithird_party/zlib -I/usr/local/google/home/ssreenithi/.pyenv/versions/3.12.0/envs/pyvenv_312/include -I/usr/local/google/home/ssreenithi/.pyenv/versions/3.12.0/include/python3.12 -c src/core/xds/grpc/xds_transport_grpc.cc -o pyb/temp.linux-x86_64-cpython-312/src/core/xds/grpc/xds_transport_grpc.o -std=c++17 -fvisibility=hidden -fno-wrapv -fno-exceptions -pthread
      g++ -fno-strict-overflow -Wsign-compare -DNDEBUG -g -O3 -Wall -fPIC -D_WIN32_WINNT=1536 -DGRPC_XDS_USER_AGENT_NAME_SUFFIX=\"Python\" -DGRPC_XDS_USER_AGENT_VERSION_SUFFIX=\"1.79.0.dev0\" -DHAVE_CONFIG_H=1 -DGRPC_ENABLE_FORK_SUPPORT=1 -DGRPC_ENABLE_FORK_SUPPORT_DEFAULT=false -DGRPC_PYTHON_BUILD=1 -D__STDC_FORMAT_MACROS "-DPyMODINIT_FUNC=extern \"C\" __attribute__((visibility (\"default\"))) PyObject*" -DGRPC_POSIX_FORK_ALLOW_PTHREAD_ATFORK=1 -Isrc/python/grpcio -Iinclude -I. -Ithird_party/abseil-cpp -Ithird_party/address_sorting/include -Ithird_party/cares/cares/include -Ithird_party/cares -Ithird_party/cares/cares -Ithird_party/cares/cares/src/lib/include -Ithird_party/cares/cares/src/lib -Ithird_party/cares/config_linux -Ithird_party/re2 -Ithird_party/boringssl-with-bazel/src/include -Ithird_party/upb -Isrc/core/ext/upb-gen -Isrc/core/ext/upbdefs-gen -Ithird_party/utf8_range -Ithird_party/xxhash -Ithird_party/zlib -I/usr/local/google/home/ssreenithi/.pyenv/versions/3.12.0/envs/pyvenv_312/include -I/usr/local/google/home/ssreenithi/.pyenv/versions/3.12.0/include/python3.12 -c src/core/handshaker/endpoint_info/endpoint_info_handshaker.cc -o pyb/temp.linux-x86_64-cpython-312/src/core/handshaker/endpoint_info/endpoint_info_handshaker.o -std=c++17 -fvisibility=hidden -fno-wrapv -fno-exceptions -pthread
      In file included from ./src/core/lib/promise/activity.h:30,
                       from ./src/core/lib/resource_quota/memory_quota.h:39,
                       from ./src/core/ext/transport/chttp2/transport/flow_control.h:36,
                       from ./src/core/ext/transport/chttp2/transport/http2_transport.h:26,
                       from src/core/ext/transport/chttp2/transport/http2_transport.cc:19:
      ./src/core/lib/promise/detail/promise_factory.h:210:5: warning: ‘always_inline’ function might not be inlinable unless also declared ‘inline’ [-Wattributes]
        210 |     PromiseFactoryImpl(Token, F&& f) {
            |     ^~~~~~~~~~~~~~~~~~
      ./src/core/lib/promise/detail/promise_factory.h:210:5: warning: ‘always_inline’ function might not be inlinable unless also declared ‘inline’ [-Wattributes]
      ./src/core/lib/promise/detail/promise_factory.h:210:5: warning: ‘always_inline’ function might not be inlinable unless also declared ‘inline’ [-Wattributes]
      ./src/core/lib/promise/detail/promise_factory.h:210:5: warning: ‘always_inline’ function might not be inlinable unless also declared ‘inline’ [-Wattributes]
      ./src/core/lib/promise/detail/promise_factory.h:210:5: warning: ‘always_inline’ function might not be inlinable unless also declared ‘inline’ [-Wattributes]
      ./src/core/lib/promise/detail/promise_factory.h:210:5: warning: ‘always_inline’ function might not be inlinable unless also declared ‘inline’ [-Wattributes]
      ./src/core/lib/promise/detail/promise_factory.h:210:5: warning: ‘always_inline’ function might not be inlinable unless also declared ‘inline’ [-Wattributes]
      ./src/core/lib/promise/detail/promise_factory.h:210:5: warning: ‘always_inline’ function might not be inlinable unless also declared ‘inline’ [-Wattributes]
      ./src/core/lib/promise/detail/promise_factory.h:210:5: warning: ‘always_inline’ function might not be inlinable unless also declared ‘inline’ [-Wattributes]
      ./src/core/lib/promise/detail/promise_factory.h:210:5: warning: ‘always_inline’ function might not be inlinable unless also declared ‘inline’ [-Wattributes]
      ./src/core/lib/promise/detail/promise_factory.h:210:5: warning: ‘always_inline’ function might not be inlinable unless also declared ‘inline’ [-Wattributes]
      In file included from ./src/core/lib/promise/activity.h:30,
                       from ./src/core/lib/resource_quota/memory_quota.h:39,
                       from ./src/core/lib/resource_quota/arena.h:39,
                       from ./src/core/call/call_arena_allocator.h:24,
                       from ./src/core/call/call_spine.h:20,
                       from ./src/core/call/call_destination.h:20,
                       from ./src/core/call/interception_chain.h:23,
                       from ./src/core/filter/filter_chain.h:24,
                       from ./src/core/xds/grpc/xds_http_filter.h:24,
                       from src/core/xds/grpc/xds_http_filter.cc:17:
      ./src/core/lib/promise/detail/promise_factory.h:210:5: warning: ‘always_inline’ function might not be inlinable unless also declared ‘inline’ [-Wattributes]
        210 |     PromiseFactoryImpl(Token, F&& f) {
            |     ^~~~~~~~~~~~~~~~~~
      ./src/core/lib/promise/detail/promise_factory.h:210:5: warning: ‘always_inline’ function might not be inlinable unless also declared ‘inline’ [-Wattributes]
      ./src/core/lib/promise/detail/promise_factory.h:210:5: warning: ‘always_inline’ function might not be inlinable unless also declared ‘inline’ [-Wattributes]
      ./src/core/lib/promise/detail/promise_factory.h:210:5: warning: ‘always_inline’ function might not be inlinable unless also declared ‘inline’ [-Wattributes]
      ./src/core/lib/promise/detail/promise_factory.h:210:5: warning: ‘always_inline’ function might not be inlinable unless also declared ‘inline’ [-Wattributes]
      ./src/core/lib/promise/detail/promise_factory.h:210:5: warning: ‘always_inline’ function might not be inlinable unless also declared ‘inline’ [-Wattributes]
      ./src/core/lib/promise/detail/promise_factory.h:210:5: warning: ‘always_inline’ function might not be inlinable unless also declared ‘inline’ [-Wattributes]
      g++ -fno-strict-overflow -Wsign-compare -DNDEBUG -g -O3 -Wall -fPIC -D_WIN32_WINNT=1536 -DGRPC_XDS_USER_AGENT_NAME_SUFFIX=\"Python\" -DGRPC_XDS_USER_AGENT_VERSION_SUFFIX=\"1.79.0.dev0\" -DHAVE_CONFIG_H=1 -DGRPC_ENABLE_FORK_SUPPORT=1 -DGRPC_ENABLE_FORK_SUPPORT_DEFAULT=false -DGRPC_PYTHON_BUILD=1 -D__STDC_FORMAT_MACROS "-DPyMODINIT_FUNC=extern \"C\" __attribute__((visibility (\"default\"))) PyObject*" -DGRPC_POSIX_FORK_ALLOW_PTHREAD_ATFORK=1 -Isrc/python/grpcio -Iinclude -I. -Ithird_party/abseil-cpp -Ithird_party/address_sorting/include -Ithird_party/cares/cares/include -Ithird_party/cares -Ithird_party/cares/cares -Ithird_party/cares/cares/src/lib/include -Ithird_party/cares/cares/src/lib -Ithird_party/cares/config_linux -Ithird_party/re2 -Ithird_party/boringssl-with-bazel/src/include -Ithird_party/upb -Isrc/core/ext/upb-gen -Isrc/core/ext/upbdefs-gen -Ithird_party/utf8_range -Ithird_party/xxhash -Ithird_party/zlib -I/usr/local/google/home/ssreenithi/.pyenv/versions/3.12.0/envs/pyvenv_312/include -I/usr/local/google/home/ssreenithi/.pyenv/versions/3.12.0/include/python3.12 -c src/core/load_balancing/xds/xds_override_host.cc -o pyb/temp.linux-x86_64-cpython-312/src/core/load_balancing/xds/xds_override_host.o -std=c++17 -fvisibility=hidden -fno-wrapv -fno-exceptions -pthread
      g++ -fno-strict-overflow -Wsign-compare -DNDEBUG -g -O3 -Wall -fPIC -D_WIN32_WINNT=1536 -DGRPC_XDS_USER_AGENT_NAME_SUFFIX=\"Python\" -DGRPC_XDS_USER_AGENT_VERSION_SUFFIX=\"1.79.0.dev0\" -DHAVE_CONFIG_H=1 -DGRPC_ENABLE_FORK_SUPPORT=1 -DGRPC_ENABLE_FORK_SUPPORT_DEFAULT=false -DGRPC_PYTHON_BUILD=1 -D__STDC_FORMAT_MACROS "-DPyMODINIT_FUNC=extern \"C\" __attribute__((visibility (\"default\"))) PyObject*" -DGRPC_POSIX_FORK_ALLOW_PTHREAD_ATFORK=1 -Isrc/python/grpcio -Iinclude -I. -Ithird_party/abseil-cpp -Ithird_party/address_sorting/include -Ithird_party/cares/cares/include -Ithird_party/cares -Ithird_party/cares/cares -Ithird_party/cares/cares/src/lib/include -Ithird_party/cares/cares/src/lib -Ithird_party/cares/config_linux -Ithird_party/re2 -Ithird_party/boringssl-with-bazel/src/include -Ithird_party/upb -Isrc/core/ext/upb-gen -Isrc/core/ext/upbdefs-gen -Ithird_party/utf8_range -Ithird_party/xxhash -Ithird_party/zlib -I/usr/local/google/home/ssreenithi/.pyenv/versions/3.12.0/envs/pyvenv_312/include -I/usr/local/google/home/ssreenithi/.pyenv/versions/3.12.0/include/python3.12 -c src/core/load_balancing/round_robin/round_robin.cc -o pyb/temp.linux-x86_64-cpython-312/src/core/load_balancing/round_robin/round_robin.o -std=c++17 -fvisibility=hidden -fno-wrapv -fno-exceptions -pthread
      g++ -fno-strict-overflow -Wsign-compare -DNDEBUG -g -O3 -Wall -fPIC -D_WIN32_WINNT=1536 -DGRPC_XDS_USER_AGENT_NAME_SUFFIX=\"Python\" -DGRPC_XDS_USER_AGENT_VERSION_SUFFIX=\"1.79.0.dev0\" -DHAVE_CONFIG_H=1 -DGRPC_ENABLE_FORK_SUPPORT=1 -DGRPC_ENABLE_FORK_SUPPORT_DEFAULT=false -DGRPC_PYTHON_BUILD=1 -D__STDC_FORMAT_MACROS "-DPyMODINIT_FUNC=extern \"C\" __attribute__((visibility (\"default\"))) PyObject*" -DGRPC_POSIX_FORK_ALLOW_PTHREAD_ATFORK=1 -Isrc/python/grpcio -Iinclude -I. -Ithird_party/abseil-cpp -Ithird_party/address_sorting/include -Ithird_party/cares/cares/include -Ithird_party/cares -Ithird_party/cares/cares -Ithird_party/cares/cares/src/lib/include -Ithird_party/cares/cares/src/lib -Ithird_party/cares/config_linux -Ithird_party/re2 -Ithird_party/boringssl-with-bazel/src/include -Ithird_party/upb -Isrc/core/ext/upb-gen -Isrc/core/ext/upbdefs-gen -Ithird_party/utf8_range -Ithird_party/xxhash -Ithird_party/zlib -I/usr/local/google/home/ssreenithi/.pyenv/versions/3.12.0/envs/pyvenv_312/include -I/usr/local/google/home/ssreenithi/.pyenv/versions/3.12.0/include/python3.12 -c src/core/server/server_call_tracer_filter.cc -o pyb/temp.linux-x86_64-cpython-312/src/core/server/server_call_tracer_filter.o -std=c++17 -fvisibility=hidden -fno-wrapv -fno-exceptions -pthread
      In file included from ./src/core/lib/promise/activity.h:30,
                       from ./src/core/call/call_state.h:23,
                       from ./src/core/call/call_filters.h:26,
                       from ./src/core/lib/surface/channel_init.h:31,
                       from ./src/core/config/core_configuration.h:29,
                       from src/core/xds/grpc/xds_cluster_parser.cc:42:
      ./src/core/lib/promise/detail/promise_factory.h:210:5: warning: ‘always_inline’ function might not be inlinable unless also declared ‘inline’ [-Wattributes]
        210 |     PromiseFactoryImpl(Token, F&& f) {
            |     ^~~~~~~~~~~~~~~~~~
      ./src/core/lib/promise/detail/promise_factory.h:210:5: warning: ‘always_inline’ function might not be inlinable unless also declared ‘inline’ [-Wattributes]
      ./src/core/lib/promise/detail/promise_factory.h:210:5: warning: ‘always_inline’ function might not be inlinable unless also declared ‘inline’ [-Wattributes]
      ./src/core/lib/promise/detail/promise_factory.h:210:5: warning: ‘always_inline’ function might not be inlinable unless also declared ‘inline’ [-Wattributes]
      ./src/core/lib/promise/detail/promise_factory.h:210:5: warning: ‘always_inline’ function might not be inlinable unless also declared ‘inline’ [-Wattributes]
      ./src/core/lib/promise/detail/promise_factory.h:210:5: warning: ‘always_inline’ function might not be inlinable unless also declared ‘inline’ [-Wattributes]
      ./src/core/lib/promise/detail/promise_factory.h:210:5: warning: ‘always_inline’ function might not be inlinable unless also declared ‘inline’ [-Wattributes]
      In file included from ./src/core/lib/promise/activity.h:30,
                       from ./src/core/call/call_state.h:23,
                       from ./src/core/call/call_filters.h:26,
                       from ./src/core/lib/surface/channel_init.h:31,
                       from ./src/core/config/core_configuration.h:29,
                       from ./src/core/handshaker/endpoint_info/endpoint_info_handshaker.h:22,
                       from src/core/handshaker/endpoint_info/endpoint_info_handshaker.cc:17:
      ./src/core/lib/promise/detail/promise_factory.h:210:5: warning: ‘always_inline’ function might not be inlinable unless also declared ‘inline’ [-Wattributes]
        210 |     PromiseFactoryImpl(Token, F&& f) {
            |     ^~~~~~~~~~~~~~~~~~
      ./src/core/lib/promise/detail/promise_factory.h:210:5: warning: ‘always_inline’ function might not be inlinable unless also declared ‘inline’ [-Wattributes]
      ./src/core/lib/promise/detail/promise_factory.h:210:5: warning: ‘always_inline’ function might not be inlinable unless also declared ‘inline’ [-Wattributes]
      ./src/core/lib/promise/detail/promise_factory.h:210:5: warning: ‘always_inline’ function might not be inlinable unless also declared ‘inline’ [-Wattributes]
      ./src/core/lib/promise/detail/promise_factory.h:210:5: warning: ‘always_inline’ function might not be inlinable unless also declared ‘inline’ [-Wattributes]
      ./src/core/lib/promise/detail/promise_factory.h:210:5: warning: ‘always_inline’ function might not be inlinable unless also declared ‘inline’ [-Wattributes]
      ./src/core/lib/promise/detail/promise_factory.h:210:5: warning: ‘always_inline’ function might not be inlinable unless also declared ‘inline’ [-Wattributes]
      g++ -fno-strict-overflow -Wsign-compare -DNDEBUG -g -O3 -Wall -fPIC -D_WIN32_WINNT=1536 -DGRPC_XDS_USER_AGENT_NAME_SUFFIX=\"Python\" -DGRPC_XDS_USER_AGENT_VERSION_SUFFIX=\"1.79.0.dev0\" -DHAVE_CONFIG_H=1 -DGRPC_ENABLE_FORK_SUPPORT=1 -DGRPC_ENABLE_FORK_SUPPORT_DEFAULT=false -DGRPC_PYTHON_BUILD=1 -D__STDC_FORMAT_MACROS "-DPyMODINIT_FUNC=extern \"C\" __attribute__((visibility (\"default\"))) PyObject*" -DGRPC_POSIX_FORK_ALLOW_PTHREAD_ATFORK=1 -Isrc/python/grpcio -Iinclude -I. -Ithird_party/abseil-cpp -Ithird_party/address_sorting/include -Ithird_party/cares/cares/include -Ithird_party/cares -Ithird_party/cares/cares -Ithird_party/cares/cares/src/lib/include -Ithird_party/cares/cares/src/lib -Ithird_party/cares/config_linux -Ithird_party/re2 -Ithird_party/boringssl-with-bazel/src/include -Ithird_party/upb -Isrc/core/ext/upb-gen -Isrc/core/ext/upbdefs-gen -Ithird_party/utf8_range -Ithird_party/xxhash -Ithird_party/zlib -I/usr/local/google/home/ssreenithi/.pyenv/versions/3.12.0/envs/pyvenv_312/include -I/usr/local/google/home/ssreenithi/.pyenv/versions/3.12.0/include/python3.12 -c src/core/xds/grpc/xds_lb_policy_registry.cc -o pyb/temp.linux-x86_64-cpython-312/src/core/xds/grpc/xds_lb_policy_registry.o -std=c++17 -fvisibility=hidden -fno-wrapv -fno-exceptions -pthread
      In file included from ./src/core/lib/promise/activity.h:30,
                       from ./src/core/lib/resource_quota/memory_quota.h:39,
                       from ./src/core/lib/resource_quota/arena.h:39,
                       from ./src/core/call/call_arena_allocator.h:24,
                       from ./src/core/lib/surface/channel.h:31,
                       from ./src/core/xds/grpc/xds_transport_grpc.h:33,
                       from src/core/xds/grpc/xds_transport_grpc.cc:17:
      ./src/core/lib/promise/detail/promise_factory.h:210:5: warning: ‘always_inline’ function might not be inlinable unless also declared ‘inline’ [-Wattributes]
        210 |     PromiseFactoryImpl(Token, F&& f) {
            |     ^~~~~~~~~~~~~~~~~~
      ./src/core/lib/promise/detail/promise_factory.h:210:5: warning: ‘always_inline’ function might not be inlinable unless also declared ‘inline’ [-Wattributes]
      ./src/core/lib/promise/detail/promise_factory.h:210:5: warning: ‘always_inline’ function might not be inlinable unless also declared ‘inline’ [-Wattributes]
      ./src/core/lib/promise/detail/promise_factory.h:210:5: warning: ‘always_inline’ function might not be inlinable unless also declared ‘inline’ [-Wattributes]
      ./src/core/lib/promise/detail/promise_factory.h:210:5: warning: ‘always_inline’ function might not be inlinable unless also declared ‘inline’ [-Wattributes]
      ./src/core/lib/promise/detail/promise_factory.h:210:5: warning: ‘always_inline’ function might not be inlinable unless also declared ‘inline’ [-Wattributes]
      ./src/core/lib/promise/detail/promise_factory.h:210:5: warning: ‘always_inline’ function might not be inlinable unless also declared ‘inline’ [-Wattributes]
      ./src/core/lib/promise/detail/promise_factory.h:210:5: warning: ‘always_inline’ function might not be inlinable unless also declared ‘inline’ [-Wattributes]
      g++ -fno-strict-overflow -Wsign-compare -DNDEBUG -g -O3 -Wall -fPIC -D_WIN32_WINNT=1536 -DGRPC_XDS_USER_AGENT_NAME_SUFFIX=\"Python\" -DGRPC_XDS_USER_AGENT_VERSION_SUFFIX=\"1.79.0.dev0\" -DHAVE_CONFIG_H=1 -DGRPC_ENABLE_FORK_SUPPORT=1 -DGRPC_ENABLE_FORK_SUPPORT_DEFAULT=false -DGRPC_PYTHON_BUILD=1 -D__STDC_FORMAT_MACROS "-DPyMODINIT_FUNC=extern \"C\" __attribute__((visibility (\"default\"))) PyObject*" -DGRPC_POSIX_FORK_ALLOW_PTHREAD_ATFORK=1 -Isrc/python/grpcio -Iinclude -I. -Ithird_party/abseil-cpp -Ithird_party/address_sorting/include -Ithird_party/cares/cares/include -Ithird_party/cares -Ithird_party/cares/cares -Ithird_party/cares/cares/src/lib/include -Ithird_party/cares/cares/src/lib -Ithird_party/cares/config_linux -Ithird_party/re2 -Ithird_party/boringssl-with-bazel/src/include -Ithird_party/upb -Isrc/core/ext/upb-gen -Isrc/core/ext/upbdefs-gen -Ithird_party/utf8_range -Ithird_party/xxhash -Ithird_party/zlib -I/usr/local/google/home/ssreenithi/.pyenv/versions/3.12.0/envs/pyvenv_312/include -I/usr/local/google/home/ssreenithi/.pyenv/versions/3.12.0/include/python3.12 -c src/core/handshaker/handshaker.cc -o pyb/temp.linux-x86_64-cpython-312/src/core/handshaker/handshaker.o -std=c++17 -fvisibility=hidden -fno-wrapv -fno-exceptions -pthread
      In file included from ./src/core/lib/promise/activity.h:30,
                       from ./src/core/lib/resource_quota/memory_quota.h:39,
                       from ./src/core/lib/resource_quota/arena.h:39,
                       from ./src/core/call/message.h:20,
                       from ./src/core/telemetry/call_tracer.h:29,
                       from ./src/core/telemetry/metrics.h:28,
                       from ./src/core/load_balancing/lb_policy.h:41,
                       from ./src/core/load_balancing/xds/xds_override_host.h:22,
                       from src/core/load_balancing/xds/xds_override_host.cc:17:
      ./src/core/lib/promise/detail/promise_factory.h:210:5: warning: ‘always_inline’ function might not be inlinable unless also declared ‘inline’ [-Wattributes]
        210 |     PromiseFactoryImpl(Token, F&& f) {
            |     ^~~~~~~~~~~~~~~~~~
      ./src/core/lib/promise/detail/promise_factory.h:210:5: warning: ‘always_inline’ function might not be inlinable unless also declared ‘inline’ [-Wattributes]
      ./src/core/lib/promise/detail/promise_factory.h:210:5: warning: ‘always_inline’ function might not be inlinable unless also declared ‘inline’ [-Wattributes]
      ./src/core/lib/promise/detail/promise_factory.h:210:5: warning: ‘always_inline’ function might not be inlinable unless also declared ‘inline’ [-Wattributes]
      ./src/core/lib/promise/detail/promise_factory.h:210:5: warning: ‘always_inline’ function might not be inlinable unless also declared ‘inline’ [-Wattributes]
      ./src/core/lib/promise/detail/promise_factory.h:210:5: warning: ‘always_inline’ function might not be inlinable unless also declared ‘inline’ [-Wattributes]
      ./src/core/lib/promise/detail/promise_factory.h:210:5: warning: ‘always_inline’ function might not be inlinable unless also declared ‘inline’ [-Wattributes]
      ./src/core/lib/promise/detail/promise_factory.h:210:5: warning: ‘always_inline’ function might not be inlinable unless also declared ‘inline’ [-Wattributes]
      In file included from ./src/core/lib/promise/activity.h:30,
                       from ./src/core/call/call_state.h:23,
                       from ./src/core/call/call_filters.h:26,
                       from ./src/core/lib/surface/channel_init.h:31,
                       from ./src/core/config/core_configuration.h:29,
                       from src/core/load_balancing/round_robin/round_robin.cc:30:
      ./src/core/lib/promise/detail/promise_factory.h:210:5: warning: ‘always_inline’ function might not be inlinable unless also declared ‘inline’ [-Wattributes]
        210 |     PromiseFactoryImpl(Token, F&& f) {
            |     ^~~~~~~~~~~~~~~~~~
      ./src/core/lib/promise/detail/promise_factory.h:210:5: warning: ‘always_inline’ function might not be inlinable unless also declared ‘inline’ [-Wattributes]
      ./src/core/lib/promise/detail/promise_factory.h:210:5: warning: ‘always_inline’ function might not be inlinable unless also declared ‘inline’ [-Wattributes]
      ./src/core/lib/promise/detail/promise_factory.h:210:5: warning: ‘always_inline’ function might not be inlinable unless also declared ‘inline’ [-Wattributes]
      ./src/core/lib/promise/detail/promise_factory.h:210:5: warning: ‘always_inline’ function might not be inlinable unless also declared ‘inline’ [-Wattributes]
      ./src/core/lib/promise/detail/promise_factory.h:210:5: warning: ‘always_inline’ function might not be inlinable unless also declared ‘inline’ [-Wattributes]
      ./src/core/lib/promise/detail/promise_factory.h:210:5: warning: ‘always_inline’ function might not be inlinable unless also declared ‘inline’ [-Wattributes]
      In file included from ./src/core/lib/promise/activity.h:30,
                       from ./src/core/lib/resource_quota/memory_quota.h:39,
                       from ./src/core/lib/resource_quota/arena.h:39,
                       from ./src/core/call/call_finalization.h:23,
                       from ./src/core/server/server_call_tracer_filter.h:23,
                       from src/core/server/server_call_tracer_filter.cc:17:
      ./src/core/lib/promise/detail/promise_factory.h:131:5: warning: ‘always_inline’ function might not be inlinable unless also declared ‘inline’ [-Wattributes]
        131 |     PromiseFactoryImpl(Token, F&& f, A&& arg) {
            |     ^~~~~~~~~~~~~~~~~~
      ./src/core/lib/promise/detail/promise_factory.h:210:5: warning: ‘always_inline’ function might not be inlinable unless also declared ‘inline’ [-Wattributes]
        210 |     PromiseFactoryImpl(Token, F&& f) {
            |     ^~~~~~~~~~~~~~~~~~
      ./src/core/lib/promise/detail/promise_factory.h:210:5: warning: ‘always_inline’ function might not be inlinable unless also declared ‘inline’ [-Wattributes]
      ./src/core/lib/promise/detail/promise_factory.h:210:5: warning: ‘always_inline’ function might not be inlinable unless also declared ‘inline’ [-Wattributes]
      ./src/core/lib/promise/detail/promise_factory.h:210:5: warning: ‘always_inline’ function might not be inlinable unless also declared ‘inline’ [-Wattributes]
      ./src/core/lib/promise/detail/promise_factory.h:210:5: warning: ‘always_inline’ function might not be inlinable unless also declared ‘inline’ [-Wattributes]
      ./src/core/lib/promise/detail/promise_factory.h:210:5: warning: ‘always_inline’ function might not be inlinable unless also declared ‘inline’ [-Wattributes]
      ./src/core/lib/promise/detail/promise_factory.h:210:5: warning: ‘always_inline’ function might not be inlinable unless also declared ‘inline’ [-Wattributes]
      ./src/core/lib/promise/detail/promise_factory.h:210:5: warning: ‘always_inline’ function might not be inlinable unless also declared ‘inline’ [-Wattributes]
      g++ -fno-strict-overflow -Wsign-compare -DNDEBUG -g -O3 -Wall -fPIC -D_WIN32_WINNT=1536 -DGRPC_XDS_USER_AGENT_NAME_SUFFIX=\"Python\" -DGRPC_XDS_USER_AGENT_VERSION_SUFFIX=\"1.79.0.dev0\" -DHAVE_CONFIG_H=1 -DGRPC_ENABLE_FORK_SUPPORT=1 -DGRPC_ENABLE_FORK_SUPPORT_DEFAULT=false -DGRPC_PYTHON_BUILD=1 -D__STDC_FORMAT_MACROS "-DPyMODINIT_FUNC=extern \"C\" __attribute__((visibility (\"default\"))) PyObject*" -DGRPC_POSIX_FORK_ALLOW_PTHREAD_ATFORK=1 -Isrc/python/grpcio -Iinclude -I. -Ithird_party/abseil-cpp -Ithird_party/address_sorting/include -Ithird_party/cares/cares/include -Ithird_party/cares -Ithird_party/cares/cares -Ithird_party/cares/cares/src/lib/include -Ithird_party/cares/cares/src/lib -Ithird_party/cares/config_linux -Ithird_party/re2 -Ithird_party/boringssl-with-bazel/src/include -Ithird_party/upb -Isrc/core/ext/upb-gen -Isrc/core/ext/upbdefs-gen -Ithird_party/utf8_range -Ithird_party/xxhash -Ithird_party/zlib -I/usr/local/google/home/ssreenithi/.pyenv/versions/3.12.0/envs/pyvenv_312/include -I/usr/local/google/home/ssreenithi/.pyenv/versions/3.12.0/include/python3.12 -c src/core/xds/xds_client/lrs_client.cc -o pyb/temp.linux-x86_64-cpython-312/src/core/xds/xds_client/lrs_client.o -std=c++17 -fvisibility=hidden -fno-wrapv -fno-exceptions -pthread
      g++ -fno-strict-overflow -Wsign-compare -DNDEBUG -g -O3 -Wall -fPIC -D_WIN32_WINNT=1536 -DGRPC_XDS_USER_AGENT_NAME_SUFFIX=\"Python\" -DGRPC_XDS_USER_AGENT_VERSION_SUFFIX=\"1.79.0.dev0\" -DHAVE_CONFIG_H=1 -DGRPC_ENABLE_FORK_SUPPORT=1 -DGRPC_ENABLE_FORK_SUPPORT_DEFAULT=false -DGRPC_PYTHON_BUILD=1 -D__STDC_FORMAT_MACROS "-DPyMODINIT_FUNC=extern \"C\" __attribute__((visibility (\"default\"))) PyObject*" -DGRPC_POSIX_FORK_ALLOW_PTHREAD_ATFORK=1 -Isrc/python/grpcio -Iinclude -I. -Ithird_party/abseil-cpp -Ithird_party/address_sorting/include -Ithird_party/cares/cares/include -Ithird_party/cares -Ithird_party/cares/cares -Ithird_party/cares/cares/src/lib/include -Ithird_party/cares/cares/src/lib -Ithird_party/cares/config_linux -Ithird_party/re2 -Ithird_party/boringssl-with-bazel/src/include -Ithird_party/upb -Isrc/core/ext/upb-gen -Isrc/core/ext/upbdefs-gen -Ithird_party/utf8_range -Ithird_party/xxhash -Ithird_party/zlib -I/usr/local/google/home/ssreenithi/.pyenv/versions/3.12.0/envs/pyvenv_312/include -I/usr/local/google/home/ssreenithi/.pyenv/versions/3.12.0/include/python3.12 -c src/core/handshaker/handshaker_registry.cc -o pyb/temp.linux-x86_64-cpython-312/src/core/handshaker/handshaker_registry.o -std=c++17 -fvisibility=hidden -fno-wrapv -fno-exceptions -pthread
      In file included from ./src/core/lib/promise/activity.h:30,
                       from ./src/core/call/call_state.h:23,
                       from ./src/core/call/call_filters.h:26,
                       from ./src/core/lib/surface/channel_init.h:31,
                       from ./src/core/config/core_configuration.h:29,
                       from src/core/xds/grpc/xds_lb_policy_registry.cc:35:
      ./src/core/lib/promise/detail/promise_factory.h:210:5: warning: ‘always_inline’ function might not be inlinable unless also declared ‘inline’ [-Wattributes]
        210 |     PromiseFactoryImpl(Token, F&& f) {
            |     ^~~~~~~~~~~~~~~~~~
      ./src/core/lib/promise/detail/promise_factory.h:210:5: warning: ‘always_inline’ function might not be inlinable unless also declared ‘inline’ [-Wattributes]
      ./src/core/lib/promise/detail/promise_factory.h:210:5: warning: ‘always_inline’ function might not be inlinable unless also declared ‘inline’ [-Wattributes]
      ./src/core/lib/promise/detail/promise_factory.h:210:5: warning: ‘always_inline’ function might not be inlinable unless also declared ‘inline’ [-Wattributes]
      ./src/core/lib/promise/detail/promise_factory.h:210:5: warning: ‘always_inline’ function might not be inlinable unless also declared ‘inline’ [-Wattributes]
      ./src/core/lib/promise/detail/promise_factory.h:210:5: warning: ‘always_inline’ function might not be inlinable unless also declared ‘inline’ [-Wattributes]
      ./src/core/lib/promise/detail/promise_factory.h:210:5: warning: ‘always_inline’ function might not be inlinable unless also declared ‘inline’ [-Wattributes]
      g++ -fno-strict-overflow -Wsign-compare -DNDEBUG -g -O3 -Wall -fPIC -D_WIN32_WINNT=1536 -DGRPC_XDS_USER_AGENT_NAME_SUFFIX=\"Python\" -DGRPC_XDS_USER_AGENT_VERSION_SUFFIX=\"1.79.0.dev0\" -DHAVE_CONFIG_H=1 -DGRPC_ENABLE_FORK_SUPPORT=1 -DGRPC_ENABLE_FORK_SUPPORT_DEFAULT=false -DGRPC_PYTHON_BUILD=1 -D__STDC_FORMAT_MACROS "-DPyMODINIT_FUNC=extern \"C\" __attribute__((visibility (\"default\"))) PyObject*" -DGRPC_POSIX_FORK_ALLOW_PTHREAD_ATFORK=1 -Isrc/python/grpcio -Iinclude -I. -Ithird_party/abseil-cpp -Ithird_party/address_sorting/include -Ithird_party/cares/cares/include -Ithird_party/cares -Ithird_party/cares/cares -Ithird_party/cares/cares/src/lib/include -Ithird_party/cares/cares/src/lib -Ithird_party/cares/config_linux -Ithird_party/re2 -Ithird_party/boringssl-with-bazel/src/include -Ithird_party/upb -Isrc/core/ext/upb-gen -Isrc/core/ext/upbdefs-gen -Ithird_party/utf8_range -Ithird_party/xxhash -Ithird_party/zlib -I/usr/local/google/home/ssreenithi/.pyenv/versions/3.12.0/envs/pyvenv_312/include -I/usr/local/google/home/ssreenithi/.pyenv/versions/3.12.0/include/python3.12 -c src/core/xds/grpc/xds_cluster_specifier_plugin.cc -o pyb/temp.linux-x86_64-cpython-312/src/core/xds/grpc/xds_cluster_specifier_plugin.o -std=c++17 -fvisibility=hidden -fno-wrapv -fno-exceptions -pthread
      g++ -fno-strict-overflow -Wsign-compare -DNDEBUG -g -O3 -Wall -fPIC -D_WIN32_WINNT=1536 -DGRPC_XDS_USER_AGENT_NAME_SUFFIX=\"Python\" -DGRPC_XDS_USER_AGENT_VERSION_SUFFIX=\"1.79.0.dev0\" -DHAVE_CONFIG_H=1 -DGRPC_ENABLE_FORK_SUPPORT=1 -DGRPC_ENABLE_FORK_SUPPORT_DEFAULT=false -DGRPC_PYTHON_BUILD=1 -D__STDC_FORMAT_MACROS "-DPyMODINIT_FUNC=extern \"C\" __attribute__((visibility (\"default\"))) PyObject*" -DGRPC_POSIX_FORK_ALLOW_PTHREAD_ATFORK=1 -Isrc/python/grpcio -Iinclude -I. -Ithird_party/abseil-cpp -Ithird_party/address_sorting/include -Ithird_party/cares/cares/include -Ithird_party/cares -Ithird_party/cares/cares -Ithird_party/cares/cares/src/lib/include -Ithird_party/cares/cares/src/lib -Ithird_party/cares/config_linux -Ithird_party/re2 -Ithird_party/boringssl-with-bazel/src/include -Ithird_party/upb -Isrc/core/ext/upb-gen -Isrc/core/ext/upbdefs-gen -Ithird_party/utf8_range -Ithird_party/xxhash -Ithird_party/zlib -I/usr/local/google/home/ssreenithi/.pyenv/versions/3.12.0/envs/pyvenv_312/include -I/usr/local/google/home/ssreenithi/.pyenv/versions/3.12.0/include/python3.12 -c src/core/load_balancing/weighted_round_robin/static_stride_scheduler.cc -o pyb/temp.linux-x86_64-cpython-312/src/core/load_balancing/weighted_round_robin/static_stride_scheduler.o -std=c++17 -fvisibility=hidden -fno-wrapv -fno-exceptions -pthread
      g++ -fno-strict-overflow -Wsign-compare -DNDEBUG -g -O3 -Wall -fPIC -D_WIN32_WINNT=1536 -DGRPC_XDS_USER_AGENT_NAME_SUFFIX=\"Python\" -DGRPC_XDS_USER_AGENT_VERSION_SUFFIX=\"1.79.0.dev0\" -DHAVE_CONFIG_H=1 -DGRPC_ENABLE_FORK_SUPPORT=1 -DGRPC_ENABLE_FORK_SUPPORT_DEFAULT=false -DGRPC_PYTHON_BUILD=1 -D__STDC_FORMAT_MACROS "-DPyMODINIT_FUNC=extern \"C\" __attribute__((visibility (\"default\"))) PyObject*" -DGRPC_POSIX_FORK_ALLOW_PTHREAD_ATFORK=1 -Isrc/python/grpcio -Iinclude -I. -Ithird_party/abseil-cpp -Ithird_party/address_sorting/include -Ithird_party/cares/cares/include -Ithird_party/cares -Ithird_party/cares/cares -Ithird_party/cares/cares/src/lib/include -Ithird_party/cares/cares/src/lib -Ithird_party/cares/config_linux -Ithird_party/re2 -Ithird_party/boringssl-with-bazel/src/include -Ithird_party/upb -Isrc/core/ext/upb-gen -Isrc/core/ext/upbdefs-gen -Ithird_party/utf8_range -Ithird_party/xxhash -Ithird_party/zlib -I/usr/local/google/home/ssreenithi/.pyenv/versions/3.12.0/envs/pyvenv_312/include -I/usr/local/google/home/ssreenithi/.pyenv/versions/3.12.0/include/python3.12 -c src/core/server/server_config_selector_filter.cc -o pyb/temp.linux-x86_64-cpython-312/src/core/server/server_config_selector_filter.o -std=c++17 -fvisibility=hidden -fno-wrapv -fno-exceptions -pthread
      g++ -fno-strict-overflow -Wsign-compare -DNDEBUG -g -O3 -Wall -fPIC -D_WIN32_WINNT=1536 -DGRPC_XDS_USER_AGENT_NAME_SUFFIX=\"Python\" -DGRPC_XDS_USER_AGENT_VERSION_SUFFIX=\"1.79.0.dev0\" -DHAVE_CONFIG_H=1 -DGRPC_ENABLE_FORK_SUPPORT=1 -DGRPC_ENABLE_FORK_SUPPORT_DEFAULT=false -DGRPC_PYTHON_BUILD=1 -D__STDC_FORMAT_MACROS "-DPyMODINIT_FUNC=extern \"C\" __attribute__((visibility (\"default\"))) PyObject*" -DGRPC_POSIX_FORK_ALLOW_PTHREAD_ATFORK=1 -Isrc/python/grpcio -Iinclude -I. -Ithird_party/abseil-cpp -Ithird_party/address_sorting/include -Ithird_party/cares/cares/include -Ithird_party/cares -Ithird_party/cares/cares -Ithird_party/cares/cares/src/lib/include -Ithird_party/cares/cares/src/lib -Ithird_party/cares/config_linux -Ithird_party/re2 -Ithird_party/boringssl-with-bazel/src/include -Ithird_party/upb -Isrc/core/ext/upb-gen -Isrc/core/ext/upbdefs-gen -Ithird_party/utf8_range -Ithird_party/xxhash -Ithird_party/zlib -I/usr/local/google/home/ssreenithi/.pyenv/versions/3.12.0/envs/pyvenv_312/include -I/usr/local/google/home/ssreenithi/.pyenv/versions/3.12.0/include/python3.12 -c src/core/load_balancing/xds/xds_wrr_locality.cc -o pyb/temp.linux-x86_64-cpython-312/src/core/load_balancing/xds/xds_wrr_locality.o -std=c++17 -fvisibility=hidden -fno-wrapv -fno-exceptions -pthread
      In file included from ./src/core/lib/promise/activity.h:30,
                       from ./src/core/lib/resource_quota/memory_quota.h:39,
                       from ./src/core/lib/resource_quota/arena.h:39,
                       from ./src/core/lib/promise/arena_promise.h:28,
                       from ./src/core/lib/channel/channel_stack.h:59,
                       from ./src/core/server/server_config_selector_filter.h:25,
                       from src/core/server/server_config_selector_filter.cc:15:
      ./src/core/lib/promise/detail/promise_factory.h:210:5: warning: ‘always_inline’ function might not be inlinable unless also declared ‘inline’ [-Wattributes]
        210 |     PromiseFactoryImpl(Token, F&& f) {
            |     ^~~~~~~~~~~~~~~~~~
      ./src/core/lib/promise/detail/promise_factory.h:210:5: warning: ‘always_inline’ function might not be inlinable unless also declared ‘inline’ [-Wattributes]
      ./src/core/lib/promise/detail/promise_factory.h:210:5: warning: ‘always_inline’ function might not be inlinable unless also declared ‘inline’ [-Wattributes]
      ./src/core/lib/promise/detail/promise_factory.h:210:5: warning: ‘always_inline’ function might not be inlinable unless also declared ‘inline’ [-Wattributes]
      ./src/core/lib/promise/detail/promise_factory.h:210:5: warning: ‘always_inline’ function might not be inlinable unless also declared ‘inline’ [-Wattributes]
      ./src/core/lib/promise/detail/promise_factory.h:210:5: warning: ‘always_inline’ function might not be inlinable unless also declared ‘inline’ [-Wattributes]
      ./src/core/lib/promise/detail/promise_factory.h:210:5: warning: ‘always_inline’ function might not be inlinable unless also declared ‘inline’ [-Wattributes]
      ./src/core/lib/promise/detail/promise_factory.h:210:5: warning: ‘always_inline’ function might not be inlinable unless also declared ‘inline’ [-Wattributes]
      g++ -fno-strict-overflow -Wsign-compare -DNDEBUG -g -O3 -Wall -fPIC -D_WIN32_WINNT=1536 -DGRPC_XDS_USER_AGENT_NAME_SUFFIX=\"Python\" -DGRPC_XDS_USER_AGENT_VERSION_SUFFIX=\"1.79.0.dev0\" -DHAVE_CONFIG_H=1 -DGRPC_ENABLE_FORK_SUPPORT=1 -DGRPC_ENABLE_FORK_SUPPORT_DEFAULT=false -DGRPC_PYTHON_BUILD=1 -D__STDC_FORMAT_MACROS "-DPyMODINIT_FUNC=extern \"C\" __attribute__((visibility (\"default\"))) PyObject*" -DGRPC_POSIX_FORK_ALLOW_PTHREAD_ATFORK=1 -Isrc/python/grpcio -Iinclude -I. -Ithird_party/abseil-cpp -Ithird_party/address_sorting/include -Ithird_party/cares/cares/include -Ithird_party/cares -Ithird_party/cares/cares -Ithird_party/cares/cares/src/lib/include -Ithird_party/cares/cares/src/lib -Ithird_party/cares/config_linux -Ithird_party/re2 -Ithird_party/boringssl-with-bazel/src/include -Ithird_party/upb -Isrc/core/ext/upb-gen -Isrc/core/ext/upbdefs-gen -Ithird_party/utf8_range -Ithird_party/xxhash -Ithird_party/zlib -I/usr/local/google/home/ssreenithi/.pyenv/versions/3.12.0/envs/pyvenv_312/include -I/usr/local/google/home/ssreenithi/.pyenv/versions/3.12.0/include/python3.12 -c src/core/xds/xds_client/xds_api.cc -o pyb/temp.linux-x86_64-cpython-312/src/core/xds/xds_client/xds_api.o -std=c++17 -fvisibility=hidden -fno-wrapv -fno-exceptions -pthread
      g++ -fno-strict-overflow -Wsign-compare -DNDEBUG -g -O3 -Wall -fPIC -D_WIN32_WINNT=1536 -DGRPC_XDS_USER_AGENT_NAME_SUFFIX=\"Python\" -DGRPC_XDS_USER_AGENT_VERSION_SUFFIX=\"1.79.0.dev0\" -DHAVE_CONFIG_H=1 -DGRPC_ENABLE_FORK_SUPPORT=1 -DGRPC_ENABLE_FORK_SUPPORT_DEFAULT=false -DGRPC_PYTHON_BUILD=1 -D__STDC_FORMAT_MACROS "-DPyMODINIT_FUNC=extern \"C\" __attribute__((visibility (\"default\"))) PyObject*" -DGRPC_POSIX_FORK_ALLOW_PTHREAD_ATFORK=1 -Isrc/python/grpcio -Iinclude -I. -Ithird_party/abseil-cpp -Ithird_party/address_sorting/include -Ithird_party/cares/cares/include -Ithird_party/cares -Ithird_party/cares/cares -Ithird_party/cares/cares/src/lib/include -Ithird_party/cares/cares/src/lib -Ithird_party/cares/config_linux -Ithird_party/re2 -Ithird_party/boringssl-with-bazel/src/include -Ithird_party/upb -Isrc/core/ext/upb-gen -Isrc/core/ext/upbdefs-gen -Ithird_party/utf8_range -Ithird_party/xxhash -Ithird_party/zlib -I/usr/local/google/home/ssreenithi/.pyenv/versions/3.12.0/envs/pyvenv_312/include -I/usr/local/google/home/ssreenithi/.pyenv/versions/3.12.0/include/python3.12 -c src/core/xds/grpc/xds_listener.cc -o pyb/temp.linux-x86_64-cpython-312/src/core/xds/grpc/xds_listener.o -std=c++17 -fvisibility=hidden -fno-wrapv -fno-exceptions -pthread
      g++ -fno-strict-overflow -Wsign-compare -DNDEBUG -g -O3 -Wall -fPIC -D_WIN32_WINNT=1536 -DGRPC_XDS_USER_AGENT_NAME_SUFFIX=\"Python\" -DGRPC_XDS_USER_AGENT_VERSION_SUFFIX=\"1.79.0.dev0\" -DHAVE_CONFIG_H=1 -DGRPC_ENABLE_FORK_SUPPORT=1 -DGRPC_ENABLE_FORK_SUPPORT_DEFAULT=false -DGRPC_PYTHON_BUILD=1 -D__STDC_FORMAT_MACROS "-DPyMODINIT_FUNC=extern \"C\" __attribute__((visibility (\"default\"))) PyObject*" -DGRPC_POSIX_FORK_ALLOW_PTHREAD_ATFORK=1 -Isrc/python/grpcio -Iinclude -I. -Ithird_party/abseil-cpp -Ithird_party/address_sorting/include -Ithird_party/cares/cares/include -Ithird_party/cares -Ithird_party/cares/cares -Ithird_party/cares/cares/src/lib/include -Ithird_party/cares/cares/src/lib -Ithird_party/cares/config_linux -Ithird_party/re2 -Ithird_party/boringssl-with-bazel/src/include -Ithird_party/upb -Isrc/core/ext/upb-gen -Isrc/core/ext/upbdefs-gen -Ithird_party/utf8_range -Ithird_party/xxhash -Ithird_party/zlib -I/usr/local/google/home/ssreenithi/.pyenv/versions/3.12.0/envs/pyvenv_312/include -I/usr/local/google/home/ssreenithi/.pyenv/versions/3.12.0/include/python3.12 -c src/core/server/xds_channel_stack_modifier.cc -o pyb/temp.linux-x86_64-cpython-312/src/core/server/xds_channel_stack_modifier.o -std=c++17 -fvisibility=hidden -fno-wrapv -fno-exceptions -pthread
      In file included from ./src/core/lib/promise/activity.h:30,
                       from ./src/core/call/call_state.h:23,
                       from ./src/core/call/call_filters.h:26,
                       from ./src/core/lib/surface/channel_init.h:31,
                       from ./src/core/config/core_configuration.h:29,
                       from src/core/load_balancing/xds/xds_wrr_locality.cc:28:
      ./src/core/lib/promise/detail/promise_factory.h:210:5: warning: ‘always_inline’ function might not be inlinable unless also declared ‘inline’ [-Wattributes]
        210 |     PromiseFactoryImpl(Token, F&& f) {
            |     ^~~~~~~~~~~~~~~~~~
      ./src/core/lib/promise/detail/promise_factory.h:210:5: warning: ‘always_inline’ function might not be inlinable unless also declared ‘inline’ [-Wattributes]
      ./src/core/lib/promise/detail/promise_factory.h:210:5: warning: ‘always_inline’ function might not be inlinable unless also declared ‘inline’ [-Wattributes]
      ./src/core/lib/promise/detail/promise_factory.h:210:5: warning: ‘always_inline’ function might not be inlinable unless also declared ‘inline’ [-Wattributes]
      ./src/core/lib/promise/detail/promise_factory.h:210:5: warning: ‘always_inline’ function might not be inlinable unless also declared ‘inline’ [-Wattributes]
      ./src/core/lib/promise/detail/promise_factory.h:210:5: warning: ‘always_inline’ function might not be inlinable unless also declared ‘inline’ [-Wattributes]
      ./src/core/lib/promise/detail/promise_factory.h:210:5: warning: ‘always_inline’ function might not be inlinable unless also declared ‘inline’ [-Wattributes]
      In file included from ./src/core/lib/promise/activity.h:30,
                       from ./src/core/lib/resource_quota/memory_quota.h:39,
                       from ./src/core/lib/resource_quota/arena.h:39,
                       from ./src/core/call/call_arena_allocator.h:24,
                       from ./src/core/call/call_spine.h:20,
                       from ./src/core/call/call_destination.h:20,
                       from ./src/core/call/interception_chain.h:23,
                       from ./src/core/filter/filter_chain.h:24,
                       from ./src/core/xds/grpc/xds_http_filter.h:24,
                       from ./src/core/xds/grpc/xds_listener.h:36,
                       from src/core/xds/grpc/xds_listener.cc:17:
      ./src/core/lib/promise/detail/promise_factory.h:210:5: warning: ‘always_inline’ function might not be inlinable unless also declared ‘inline’ [-Wattributes]
        210 |     PromiseFactoryImpl(Token, F&& f) {
            |     ^~~~~~~~~~~~~~~~~~
      ./src/core/lib/promise/detail/promise_factory.h:210:5: warning: ‘always_inline’ function might not be inlinable unless also declared ‘inline’ [-Wattributes]
      ./src/core/lib/promise/detail/promise_factory.h:210:5: warning: ‘always_inline’ function might not be inlinable unless also declared ‘inline’ [-Wattributes]
      ./src/core/lib/promise/detail/promise_factory.h:210:5: warning: ‘always_inline’ function might not be inlinable unless also declared ‘inline’ [-Wattributes]
      ./src/core/lib/promise/detail/promise_factory.h:210:5: warning: ‘always_inline’ function might not be inlinable unless also declared ‘inline’ [-Wattributes]
      ./src/core/lib/promise/detail/promise_factory.h:210:5: warning: ‘always_inline’ function might not be inlinable unless also declared ‘inline’ [-Wattributes]
      ./src/core/lib/promise/detail/promise_factory.h:210:5: warning: ‘always_inline’ function might not be inlinable unless also declared ‘inline’ [-Wattributes]
      In file included from ./src/core/lib/promise/activity.h:30,
                       from ./src/core/call/call_state.h:23,
                       from ./src/core/call/call_filters.h:26,
                       from ./src/core/lib/surface/channel_init.h:31,
                       from ./src/core/config/core_configuration.h:29,
                       from src/core/server/xds_channel_stack_modifier.cc:27:
      ./src/core/lib/promise/detail/promise_factory.h:210:5: warning: ‘always_inline’ function might not be inlinable unless also declared ‘inline’ [-Wattributes]
        210 |     PromiseFactoryImpl(Token, F&& f) {
            |     ^~~~~~~~~~~~~~~~~~
      ./src/core/lib/promise/detail/promise_factory.h:210:5: warning: ‘always_inline’ function might not be inlinable unless also declared ‘inline’ [-Wattributes]
      ./src/core/lib/promise/detail/promise_factory.h:210:5: warning: ‘always_inline’ function might not be inlinable unless also declared ‘inline’ [-Wattributes]
      ./src/core/lib/promise/detail/promise_factory.h:210:5: warning: ‘always_inline’ function might not be inlinable unless also declared ‘inline’ [-Wattributes]
      ./src/core/lib/promise/detail/promise_factory.h:210:5: warning: ‘always_inline’ function might not be inlinable unless also declared ‘inline’ [-Wattributes]
      ./src/core/lib/promise/detail/promise_factory.h:210:5: warning: ‘always_inline’ function might not be inlinable unless also declared ‘inline’ [-Wattributes]
      ./src/core/lib/promise/detail/promise_factory.h:210:5: warning: ‘always_inline’ function might not be inlinable unless also declared ‘inline’ [-Wattributes]
      g++ -fno-strict-overflow -Wsign-compare -DNDEBUG -g -O3 -Wall -fPIC -D_WIN32_WINNT=1536 -DGRPC_XDS_USER_AGENT_NAME_SUFFIX=\"Python\" -DGRPC_XDS_USER_AGENT_VERSION_SUFFIX=\"1.79.0.dev0\" -DHAVE_CONFIG_H=1 -DGRPC_ENABLE_FORK_SUPPORT=1 -DGRPC_ENABLE_FORK_SUPPORT_DEFAULT=false -DGRPC_PYTHON_BUILD=1 -D__STDC_FORMAT_MACROS "-DPyMODINIT_FUNC=extern \"C\" __attribute__((visibility (\"default\"))) PyObject*" -DGRPC_POSIX_FORK_ALLOW_PTHREAD_ATFORK=1 -Isrc/python/grpcio -Iinclude -I. -Ithird_party/abseil-cpp -Ithird_party/address_sorting/include -Ithird_party/cares/cares/include -Ithird_party/cares -Ithird_party/cares/cares -Ithird_party/cares/cares/src/lib/include -Ithird_party/cares/cares/src/lib -Ithird_party/cares/config_linux -Ithird_party/re2 -Ithird_party/boringssl-with-bazel/src/include -Ithird_party/upb -Isrc/core/ext/upb-gen -Isrc/core/ext/upbdefs-gen -Ithird_party/utf8_range -Ithird_party/xxhash -Ithird_party/zlib -I/usr/local/google/home/ssreenithi/.pyenv/versions/3.12.0/envs/pyvenv_312/include -I/usr/local/google/home/ssreenithi/.pyenv/versions/3.12.0/include/python3.12 -c src/core/xds/grpc/xds_listener_parser.cc -o pyb/temp.linux-x86_64-cpython-312/src/core/xds/grpc/xds_listener_parser.o -std=c++17 -fvisibility=hidden -fno-wrapv -fno-exceptions -pthread
      In file included from ./src/core/lib/promise/activity.h:30,
                       from ./src/core/lib/resource_quota/memory_quota.h:39,
                       from ./src/core/lib/resource_quota/arena.h:39,
                       from ./src/core/lib/promise/arena_promise.h:28,
                       from ./src/core/credentials/transport/security_connector.h:36,
                       from ./src/core/credentials/transport/tls/ssl_utils.h:34,
                       from ./src/core/credentials/transport/tls/grpc_tls_certificate_distributor.h:30,
                       from ./src/core/xds/grpc/certificate_provider_store.h:29,
                       from ./src/core/xds/grpc/xds_bootstrap_grpc.h:32,
                       from ./src/core/xds/grpc/xds_listener_parser.h:23,
                       from src/core/xds/grpc/xds_listener_parser.cc:17:
      ./src/core/lib/promise/detail/promise_factory.h:210:5: warning: ‘always_inline’ function might not be inlinable unless also declared ‘inline’ [-Wattributes]
        210 |     PromiseFactoryImpl(Token, F&& f) {
            |     ^~~~~~~~~~~~~~~~~~
      ./src/core/lib/promise/detail/promise_factory.h:210:5: warning: ‘always_inline’ function might not be inlinable unless also declared ‘inline’ [-Wattributes]
      ./src/core/lib/promise/detail/promise_factory.h:210:5: warning: ‘always_inline’ function might not be inlinable unless also declared ‘inline’ [-Wattributes]
      ./src/core/lib/promise/detail/promise_factory.h:210:5: warning: ‘always_inline’ function might not be inlinable unless also declared ‘inline’ [-Wattributes]
      ./src/core/lib/promise/detail/promise_factory.h:210:5: warning: ‘always_inline’ function might not be inlinable unless also declared ‘inline’ [-Wattributes]
      ./src/core/lib/promise/detail/promise_factory.h:210:5: warning: ‘always_inline’ function might not be inlinable unless also declared ‘inline’ [-Wattributes]
      ./src/core/lib/promise/detail/promise_factory.h:210:5: warning: ‘always_inline’ function might not be inlinable unless also declared ‘inline’ [-Wattributes]
      creating None/tmp/tmpr974tiwo
      gcc -fno-strict-overflow -Wsign-compare -DNDEBUG -g -O3 -Wall -fPIC -I/usr/local/google/home/ssreenithi/.pyenv/versions/3.12.0/envs/pyvenv_312/include -I/usr/local/google/home/ssreenithi/.pyenv/versions/3.12.0/include/python3.12 -c /tmp/tmpr974tiwo/a.c -o None/tmp/tmpr974tiwo/a.o
      Traceback (most recent call last):
        File "/tmp/pip-build-env-k2th8zuk/overlay/lib/python3.12/site-packages/setuptools/_distutils/spawn.py", line 83, in spawn
          subprocess.check_call(cmd, env=_inject_macos_ver(env))
        File "/usr/local/google/home/ssreenithi/.pyenv/versions/3.12.0/lib/python3.12/subprocess.py", line 413, in check_call
          raise CalledProcessError(retcode, cmd)
      subprocess.CalledProcessError: Command '['/usr/bin/g++', '-fno-strict-overflow', '-Wsign-compare', '-DNDEBUG', '-g', '-O3', '-Wall', '-fPIC', '-D_WIN32_WINNT=1536', '-DGRPC_XDS_USER_AGENT_NAME_SUFFIX="Python"', '-DGRPC_XDS_USER_AGENT_VERSION_SUFFIX="1.79.0.dev0"', '-DHAVE_CONFIG_H=1', '-DGRPC_ENABLE_FORK_SUPPORT=1', '-DGRPC_ENABLE_FORK_SUPPORT_DEFAULT=false', '-DGRPC_PYTHON_BUILD=1', '-D__STDC_FORMAT_MACROS', '-DPyMODINIT_FUNC=extern "C" __attribute__((visibility ("default"))) PyObject*', '-DGRPC_POSIX_FORK_ALLOW_PTHREAD_ATFORK=1', '-Isrc/python/grpcio', '-Iinclude', '-I.', '-Ithird_party/abseil-cpp', '-Ithird_party/address_sorting/include', '-Ithird_party/cares/cares/include', '-Ithird_party/cares', '-Ithird_party/cares/cares', '-Ithird_party/cares/cares/src/lib/include', '-Ithird_party/cares/cares/src/lib', '-Ithird_party/cares/config_linux', '-Ithird_party/re2', '-Ithird_party/boringssl-with-bazel/src/include', '-Ithird_party/upb', '-Isrc/core/ext/upb-gen', '-Isrc/core/ext/upbdefs-gen', '-Ithird_party/utf8_range', '-Ithird_party/xxhash', '-Ithird_party/zlib', '-I/usr/local/google/home/ssreenithi/.pyenv/versions/3.12.0/envs/pyvenv_312/include', '-I/usr/local/google/home/ssreenithi/.pyenv/versions/3.12.0/include/python3.12', '-c', 'src/python/grpcio/grpc/_cython/cygrpc.cpp', '-o', 'pyb/temp.linux-x86_64-cpython-312/src/python/grpcio/grpc/_cython/cygrpc.o', '-std=c++17', '-fvisibility=hidden', '-fno-wrapv', '-fno-exceptions', '-pthread']' returned non-zero exit status 1.
      
      The above exception was the direct cause of the following exception:
      
      Traceback (most recent call last):
        File "/tmp/pip-build-env-k2th8zuk/overlay/lib/python3.12/site-packages/setuptools/_distutils/compilers/C/unix.py", line 217, in _compile
          self.spawn(
        File "/usr/local/google/home/ssreenithi/my_forks/grpc/src/python/grpcio/_spawn_patch.py", line 66, in _commandfile_spawn
          _classic_spawn(self, command, **kwargs)
        File "/tmp/pip-build-env-k2th8zuk/overlay/lib/python3.12/site-packages/setuptools/_distutils/compilers/C/base.py", line 1151, in spawn
          spawn(cmd, **kwargs)
        File "/tmp/pip-build-env-k2th8zuk/overlay/lib/python3.12/site-packages/setuptools/_distutils/spawn.py", line 89, in spawn
          raise DistutilsExecError(
      distutils.errors.DistutilsExecError: command '/usr/bin/g++' failed with exit code 1
      
      During handling of the above exception, another exception occurred:
      
      Traceback (most recent call last):
        File "/usr/local/google/home/ssreenithi/my_forks/grpc/src/python/grpcio/commands.py", line 347, in build_extensions
          build_ext.build_ext.build_extensions(self)
        File "/tmp/pip-build-env-k2th8zuk/overlay/lib/python3.12/site-packages/setuptools/_distutils/command/build_ext.py", line 483, in build_extensions
          self._build_extensions_serial()
        File "/tmp/pip-build-env-k2th8zuk/overlay/lib/python3.12/site-packages/setuptools/_distutils/command/build_ext.py", line 509, in _build_extensions_serial
          self.build_extension(ext)
        File "/tmp/pip-build-env-k2th8zuk/overlay/lib/python3.12/site-packages/setuptools/command/build_ext.py", line 262, in build_extension
          _build_ext.build_extension(self, ext)
        File "/tmp/pip-build-env-k2th8zuk/overlay/lib/python3.12/site-packages/Cython/Distutils/build_ext.py", line 136, in build_extension
          super().build_extension(ext)
        File "/tmp/pip-build-env-k2th8zuk/overlay/lib/python3.12/site-packages/setuptools/_distutils/command/build_ext.py", line 564, in build_extension
          objects = self.compiler.compile(
                    ^^^^^^^^^^^^^^^^^^^^^^
        File "/usr/local/google/home/ssreenithi/my_forks/grpc/src/python/grpcio/_parallel_compile_patch.py", line 70, in _parallel_compile
          multiprocessing.pool.ThreadPool(BUILD_EXT_COMPILER_JOBS).map(
        File "/usr/local/google/home/ssreenithi/.pyenv/versions/3.12.0/lib/python3.12/multiprocessing/pool.py", line 367, in map
          return self._map_async(func, iterable, mapstar, chunksize).get()
                 ^^^^^^^^^^^^^^^^^^^^^^^^^^^^^^^^^^^^^^^^^^^^^^^^^^^^^^^^^
        File "/usr/local/google/home/ssreenithi/.pyenv/versions/3.12.0/lib/python3.12/multiprocessing/pool.py", line 774, in get
          raise self._value
        File "/usr/local/google/home/ssreenithi/.pyenv/versions/3.12.0/lib/python3.12/multiprocessing/pool.py", line 125, in worker
          result = (True, func(*args, **kwds))
                          ^^^^^^^^^^^^^^^^^^^
        File "/usr/local/google/home/ssreenithi/.pyenv/versions/3.12.0/lib/python3.12/multiprocessing/pool.py", line 48, in mapstar
          return list(map(*args))
                 ^^^^^^^^^^^^^^^^
        File "/usr/local/google/home/ssreenithi/my_forks/grpc/src/python/grpcio/_parallel_compile_patch.py", line 65, in _compile_single_file
          self._compile(obj, src, ext, cc_args, extra_postargs, pp_opts)
        File "/usr/local/google/home/ssreenithi/my_forks/grpc/src/python/grpcio/commands.py", line 329, in new_compile
          return old_compile(obj, src, ext, cc_args, extra_postargs, pp_opts)
                 ^^^^^^^^^^^^^^^^^^^^^^^^^^^^^^^^^^^^^^^^^^^^^^^^^^^^^^^^^^^^
        File "/tmp/pip-build-env-k2th8zuk/overlay/lib/python3.12/site-packages/setuptools/_distutils/compilers/C/unix.py", line 223, in _compile
          raise CompileError(msg)
      distutils.compilers.C.errors.CompileError: command '/usr/bin/g++' failed with exit code 1
      
      During handling of the above exception, another exception occurred:
      
      Traceback (most recent call last):
        File "/usr/local/google/home/ssreenithi/.pyenv/versions/3.12.0/envs/pyvenv_312/lib/python3.12/site-packages/pip/_vendor/pyproject_hooks/_in_process/_in_process.py", line 353, in <module>
          main()
        File "/usr/local/google/home/ssreenithi/.pyenv/versions/3.12.0/envs/pyvenv_312/lib/python3.12/site-packages/pip/_vendor/pyproject_hooks/_in_process/_in_process.py", line 335, in main
          json_out['return_val'] = hook(**hook_input['kwargs'])
                                   ^^^^^^^^^^^^^^^^^^^^^^^^^^^^
        File "/usr/local/google/home/ssreenithi/.pyenv/versions/3.12.0/envs/pyvenv_312/lib/python3.12/site-packages/pip/_vendor/pyproject_hooks/_in_process/_in_process.py", line 251, in build_wheel
          return _build_backend().build_wheel(wheel_directory, config_settings,
                 ^^^^^^^^^^^^^^^^^^^^^^^^^^^^^^^^^^^^^^^^^^^^^^^^^^^^^^^^^^^^^^
        File "/tmp/pip-build-env-k2th8zuk/overlay/lib/python3.12/site-packages/setuptools/build_meta.py", line 441, in build_wheel
          return _build(['bdist_wheel', '--dist-info-dir', str(metadata_directory)])
                 ^^^^^^^^^^^^^^^^^^^^^^^^^^^^^^^^^^^^^^^^^^^^^^^^^^^^^^^^^^^^^^^^^^^
        File "/tmp/pip-build-env-k2th8zuk/overlay/lib/python3.12/site-packages/setuptools/build_meta.py", line 429, in _build
          return self._build_with_temp_dir(
                 ^^^^^^^^^^^^^^^^^^^^^^^^^^
        File "/tmp/pip-build-env-k2th8zuk/overlay/lib/python3.12/site-packages/setuptools/build_meta.py", line 410, in _build_with_temp_dir
          self.run_setup()
        File "/tmp/pip-build-env-k2th8zuk/overlay/lib/python3.12/site-packages/setuptools/build_meta.py", line 317, in run_setup
          exec(code, locals())
        File "<string>", line 596, in <module>
        File "/tmp/pip-build-env-k2th8zuk/overlay/lib/python3.12/site-packages/setuptools/__init__.py", line 117, in setup
          return distutils.core.setup(**attrs)  # type: ignore[return-value]
                 ^^^^^^^^^^^^^^^^^^^^^^^^^^^^^
        File "/tmp/pip-build-env-k2th8zuk/overlay/lib/python3.12/site-packages/setuptools/_distutils/core.py", line 186, in setup
          return run_commands(dist)
                 ^^^^^^^^^^^^^^^^^^
        File "/tmp/pip-build-env-k2th8zuk/overlay/lib/python3.12/site-packages/setuptools/_distutils/core.py", line 202, in run_commands
          dist.run_commands()
        File "/tmp/pip-build-env-k2th8zuk/overlay/lib/python3.12/site-packages/setuptools/_distutils/dist.py", line 1000, in run_commands
          self.run_command(cmd)
        File "/tmp/pip-build-env-k2th8zuk/overlay/lib/python3.12/site-packages/setuptools/dist.py", line 1107, in run_command
          super().run_command(command)
        File "/tmp/pip-build-env-k2th8zuk/overlay/lib/python3.12/site-packages/setuptools/_distutils/dist.py", line 1019, in run_command
          cmd_obj.run()
        File "/tmp/pip-build-env-k2th8zuk/overlay/lib/python3.12/site-packages/setuptools/command/bdist_wheel.py", line 370, in run
          self.run_command("build")
        File "/tmp/pip-build-env-k2th8zuk/overlay/lib/python3.12/site-packages/setuptools/_distutils/cmd.py", line 341, in run_command
          self.distribution.run_command(command)
        File "/tmp/pip-build-env-k2th8zuk/overlay/lib/python3.12/site-packages/setuptools/dist.py", line 1107, in run_command
          super().run_command(command)
        File "/tmp/pip-build-env-k2th8zuk/overlay/lib/python3.12/site-packages/setuptools/_distutils/dist.py", line 1019, in run_command
          cmd_obj.run()
        File "/tmp/pip-build-env-k2th8zuk/overlay/lib/python3.12/site-packages/setuptools/_distutils/command/build.py", line 135, in run
          self.run_command(cmd_name)
        File "/tmp/pip-build-env-k2th8zuk/overlay/lib/python3.12/site-packages/setuptools/_distutils/cmd.py", line 341, in run_command
          self.distribution.run_command(command)
        File "/tmp/pip-build-env-k2th8zuk/overlay/lib/python3.12/site-packages/setuptools/dist.py", line 1107, in run_command
          super().run_command(command)
        File "/tmp/pip-build-env-k2th8zuk/overlay/lib/python3.12/site-packages/setuptools/_distutils/dist.py", line 1019, in run_command
          cmd_obj.run()
        File "/tmp/pip-build-env-k2th8zuk/overlay/lib/python3.12/site-packages/setuptools/command/build_ext.py", line 97, in run
          _build_ext.run(self)
        File "/tmp/pip-build-env-k2th8zuk/overlay/lib/python3.12/site-packages/setuptools/_distutils/command/build_ext.py", line 367, in run
          self.build_extensions()
        File "/usr/local/google/home/ssreenithi/my_forks/grpc/src/python/grpcio/commands.py", line 351, in build_extensions
          raise CommandError(
      commands.CommandError: Failed `build_ext` step:
      Traceback (most recent call last):
        File "/tmp/pip-build-env-k2th8zuk/overlay/lib/python3.12/site-packages/setuptools/_distutils/spawn.py", line 83, in spawn
          subprocess.check_call(cmd, env=_inject_macos_ver(env))
        File "/usr/local/google/home/ssreenithi/.pyenv/versions/3.12.0/lib/python3.12/subprocess.py", line 413, in check_call
          raise CalledProcessError(retcode, cmd)
      subprocess.CalledProcessError: Command '['/usr/bin/g++', '-fno-strict-overflow', '-Wsign-compare', '-DNDEBUG', '-g', '-O3', '-Wall', '-fPIC', '-D_WIN32_WINNT=1536', '-DGRPC_XDS_USER_AGENT_NAME_SUFFIX="Python"', '-DGRPC_XDS_USER_AGENT_VERSION_SUFFIX="1.79.0.dev0"', '-DHAVE_CONFIG_H=1', '-DGRPC_ENABLE_FORK_SUPPORT=1', '-DGRPC_ENABLE_FORK_SUPPORT_DEFAULT=false', '-DGRPC_PYTHON_BUILD=1', '-D__STDC_FORMAT_MACROS', '-DPyMODINIT_FUNC=extern "C" __attribute__((visibility ("default"))) PyObject*', '-DGRPC_POSIX_FORK_ALLOW_PTHREAD_ATFORK=1', '-Isrc/python/grpcio', '-Iinclude', '-I.', '-Ithird_party/abseil-cpp', '-Ithird_party/address_sorting/include', '-Ithird_party/cares/cares/include', '-Ithird_party/cares', '-Ithird_party/cares/cares', '-Ithird_party/cares/cares/src/lib/include', '-Ithird_party/cares/cares/src/lib', '-Ithird_party/cares/config_linux', '-Ithird_party/re2', '-Ithird_party/boringssl-with-bazel/src/include', '-Ithird_party/upb', '-Isrc/core/ext/upb-gen', '-Isrc/core/ext/upbdefs-gen', '-Ithird_party/utf8_range', '-Ithird_party/xxhash', '-Ithird_party/zlib', '-I/usr/local/google/home/ssreenithi/.pyenv/versions/3.12.0/envs/pyvenv_312/include', '-I/usr/local/google/home/ssreenithi/.pyenv/versions/3.12.0/include/python3.12', '-c', 'src/python/grpcio/grpc/_cython/cygrpc.cpp', '-o', 'pyb/temp.linux-x86_64-cpython-312/src/python/grpcio/grpc/_cython/cygrpc.o', '-std=c++17', '-fvisibility=hidden', '-fno-wrapv', '-fno-exceptions', '-pthread']' returned non-zero exit status 1.
      
      The above exception was the direct cause of the following exception:
      
      Traceback (most recent call last):
        File "/tmp/pip-build-env-k2th8zuk/overlay/lib/python3.12/site-packages/setuptools/_distutils/compilers/C/unix.py", line 217, in _compile
          self.spawn(
        File "/usr/local/google/home/ssreenithi/my_forks/grpc/src/python/grpcio/_spawn_patch.py", line 66, in _commandfile_spawn
          _classic_spawn(self, command, **kwargs)
        File "/tmp/pip-build-env-k2th8zuk/overlay/lib/python3.12/site-packages/setuptools/_distutils/compilers/C/base.py", line 1151, in spawn
          spawn(cmd, **kwargs)
        File "/tmp/pip-build-env-k2th8zuk/overlay/lib/python3.12/site-packages/setuptools/_distutils/spawn.py", line 89, in spawn
          raise DistutilsExecError(
      distutils.errors.DistutilsExecError: command '/usr/bin/g++' failed with exit code 1
      
      During handling of the above exception, another exception occurred:
      
      Traceback (most recent call last):
        File "/usr/local/google/home/ssreenithi/my_forks/grpc/src/python/grpcio/commands.py", line 347, in build_extensions
          build_ext.build_ext.build_extensions(self)
        File "/tmp/pip-build-env-k2th8zuk/overlay/lib/python3.12/site-packages/setuptools/_distutils/command/build_ext.py", line 483, in build_extensions
          self._build_extensions_serial()
        File "/tmp/pip-build-env-k2th8zuk/overlay/lib/python3.12/site-packages/setuptools/_distutils/command/build_ext.py", line 509, in _build_extensions_serial
          self.build_extension(ext)
        File "/tmp/pip-build-env-k2th8zuk/overlay/lib/python3.12/site-packages/setuptools/command/build_ext.py", line 262, in build_extension
          _build_ext.build_extension(self, ext)
        File "/tmp/pip-build-env-k2th8zuk/overlay/lib/python3.12/site-packages/Cython/Distutils/build_ext.py", line 136, in build_extension
          super().build_extension(ext)
        File "/tmp/pip-build-env-k2th8zuk/overlay/lib/python3.12/site-packages/setuptools/_distutils/command/build_ext.py", line 564, in build_extension
          objects = self.compiler.compile(
                    ^^^^^^^^^^^^^^^^^^^^^^
        File "/usr/local/google/home/ssreenithi/my_forks/grpc/src/python/grpcio/_parallel_compile_patch.py", line 70, in _parallel_compile
          multiprocessing.pool.ThreadPool(BUILD_EXT_COMPILER_JOBS).map(
        File "/usr/local/google/home/ssreenithi/.pyenv/versions/3.12.0/lib/python3.12/multiprocessing/pool.py", line 367, in map
          return self._map_async(func, iterable, mapstar, chunksize).get()
                 ^^^^^^^^^^^^^^^^^^^^^^^^^^^^^^^^^^^^^^^^^^^^^^^^^^^^^^^^^
        File "/usr/local/google/home/ssreenithi/.pyenv/versions/3.12.0/lib/python3.12/multiprocessing/pool.py", line 774, in get
          raise self._value
        File "/usr/local/google/home/ssreenithi/.pyenv/versions/3.12.0/lib/python3.12/multiprocessing/pool.py", line 125, in worker
          result = (True, func(*args, **kwds))
                          ^^^^^^^^^^^^^^^^^^^
        File "/usr/local/google/home/ssreenithi/.pyenv/versions/3.12.0/lib/python3.12/multiprocessing/pool.py", line 48, in mapstar
          return list(map(*args))
                 ^^^^^^^^^^^^^^^^
        File "/usr/local/google/home/ssreenithi/my_forks/grpc/src/python/grpcio/_parallel_compile_patch.py", line 65, in _compile_single_file
          self._compile(obj, src, ext, cc_args, extra_postargs, pp_opts)
        File "/usr/local/google/home/ssreenithi/my_forks/grpc/src/python/grpcio/commands.py", line 329, in new_compile
          return old_compile(obj, src, ext, cc_args, extra_postargs, pp_opts)
                 ^^^^^^^^^^^^^^^^^^^^^^^^^^^^^^^^^^^^^^^^^^^^^^^^^^^^^^^^^^^^
        File "/tmp/pip-build-env-k2th8zuk/overlay/lib/python3.12/site-packages/setuptools/_distutils/compilers/C/unix.py", line 223, in _compile
          raise CompileError(msg)
      distutils.compilers.C.errors.CompileError: command '/usr/bin/g++' failed with exit code 1
      
      [end of output]
  
  note: This error originates from a subprocess, and is likely not a problem with pip.
  ERROR: Failed building wheel for grpcio
Failed to build grpcio
ERROR: Could not build wheels for grpcio, which is required to install pyproject.toml-based projects

[notice] A new release of pip is available: 23.2.1 -> 26.0.1
[notice] To update, run: python -m pip install --upgrade pip
*** gpkg: This tool is configured to use Corp Airlock for package installs: http://go/corp-airlock
*** gpkg: If Corp Airlock is breaking your workflow please report at: http://go/corp-airlock-feedback
*** gpkg: Exceptions are available: http://go/corp-airlock#request-exception
