I0428 14:18:47.167345 1503736 promise_based_filter.cc:713] CLI[message_size:0x7fffd8001190] ReceiveMessage.OnComplete st=FORWARDED_BATCH status=OK
I0428 14:18:47.167350 1503738 channel_stack.cc:297] OP[server_call_tracer:0x7fffb8004658]:  RECV_MESSAGE
I0428 14:18:47.167362 1503736 promise_based_filter.cc:1031] CLI[message_size:0x7fffd8001190] ClientCallData.PollContext.Run has_promise=true sent_initial_state=FORWARDED recv_trailing_state=FORWARDED captured={}
I0428 14:18:47.167377 1503736 promise_based_filter.cc:507] CLI[message_size:0x7fffd8001190] SendMessage.WakeInsideCombiner st=IDLE
I0428 14:18:47.167389 1503736 promise_based_filter.cc:811] CLI[message_size:0x7fffd8001190] ReceiveMessage.WakeInsideCombiner st=BATCH_COMPLETED push?=no next?=no allow_push_to_pipe=yes
I0428 14:18:47.167410 1503736 promise_based_filter.cc:901] CLI[message_size:0x7fffd8001190] ReceiveMessage.WakeInsideCombiner next complete: got message new_state=PULLED_FROM_PIPE
I0428 14:18:47.167425 1503736 promise_based_filter.cc:917] CLI[message_size:0x7fffd8001190] ReceiveMessage.WakeInsideCombiner push complete
I0428 14:18:47.167436 1503736 promise_based_filter.cc:1115] CLI[message_size:0x7fffd8001190] ClientCallData.PollContext.Run: before calling poll; has_promise=true sent_initial_state=FORWARDED recv_trailing_state=FORWARDED captured={}
I0428 14:18:47.167448 1503736 promise_based_filter.cc:1756] CLI[message_size:0x7fffd8001190] ClientCallData.PollTrailingMetadata has_promise=true sent_initial_state=FORWARDED recv_trailing_state=FORWARDED captured={}
I0428 14:18:47.167460 1503736 promise_based_filter.cc:1119] CLI[message_size:0x7fffd8001190] ClientCallData.PollContext.Run: poll=<<pending>>; has_promise=true sent_initial_state=FORWARDED recv_trailing_state=FORWARDED captured={}
I0428 14:18:47.167704 1503736 promise_based_filter.cc:1031] CLI[compression:0x7fffd80011c0] ClientCallData.PollContext.Run has_promise=true sent_initial_state=FORWARDED recv_trailing_state=FORWARDED captured={} recv_initial_metadata=RESPONDED
I0428 14:18:47.167727 1503736 promise_based_filter.cc:507] CLI[compression:0x7fffd80011c0] SendMessage.WakeInsideCombiner st=IDLE
I0428 14:18:47.167737 1503736 promise_based_filter.cc:811] CLI[compression:0x7fffd80011c0] ReceiveMessage.WakeInsideCombiner st=IDLE push?=no next?=no allow_push_to_pipe=yes
I0428 14:18:47.167752 1503736 promise_based_filter.cc:1115] CLI[compression:0x7fffd80011c0] ClientCallData.PollContext.Run: before calling poll; has_promise=true sent_initial_state=FORWARDED recv_trailing_state=FORWARDED captured={} recv_initial_metadata=RESPONDED
I0428 14:18:47.167764 1503736 promise_based_filter.cc:1756] CLI[compression:0x7fffd80011c0] ClientCallData.PollTrailingMetadata has_promise=true sent_initial_state=FORWARDED recv_trailing_state=FORWARDED captured={} recv_initial_metadata=RESPONDED
I0428 14:18:47.167777 1503736 promise_based_filter.cc:1119] CLI[compression:0x7fffd80011c0] ClientCallData.PollContext.Run: poll=<<pending>>; has_promise=true sent_initial_state=FORWARDED recv_trailing_state=FORWARDED captured={} recv_initial_metadata=RESPONDED
I0428 14:18:47.167791 1503736 promise_based_filter.cc:1031] CLI[http-client:0x7fffd80011a8] ClientCallData.PollContext.Run has_promise=true sent_initial_state=FORWARDED recv_trailing_state=FORWARDED captured={} recv_initial_metadata=RESPONDED
I0428 14:18:47.167804 1503736 promise_based_filter.cc:1115] CLI[http-client:0x7fffd80011a8] ClientCallData.PollContext.Run: before calling poll; has_promise=true sent_initial_state=FORWARDED recv_trailing_state=FORWARDED captured={} recv_initial_metadata=RESPONDED
I0428 14:18:47.167817 1503736 promise_based_filter.cc:1756] CLI[http-client:0x7fffd80011a8] ClientCallData.PollTrailingMetadata has_promise=true sent_initial_state=FORWARDED recv_trailing_state=FORWARDED captured={} recv_initial_metadata=RESPONDED
I0428 14:18:47.167828 1503736 promise_based_filter.cc:1119] CLI[http-client:0x7fffd80011a8] ClientCallData.PollContext.Run: poll=<<pending>>; has_promise=true sent_initial_state=FORWARDED recv_trailing_state=FORWARDED captured={} recv_initial_metadata=RESPONDED
I0428 14:18:47.167842 1503736 promise_based_filter.cc:1031] CLI[compression:0x7fffd80011c0] ClientCallData.PollContext.Run has_promise=true sent_initial_state=FORWARDED recv_trailing_state=FORWARDED captured={} recv_initial_metadata=RESPONDED
I0428 14:18:47.167853 1503736 promise_based_filter.cc:507] CLI[compression:0x7fffd80011c0] SendMessage.WakeInsideCombiner st=IDLE
I0428 14:18:47.167865 1503736 promise_based_filter.cc:811] CLI[compression:0x7fffd80011c0] ReceiveMessage.WakeInsideCombiner st=IDLE push?=no next?=no allow_push_to_pipe=yes
I0428 14:18:47.167878 1503736 promise_based_filter.cc:1115] CLI[compression:0x7fffd80011c0] ClientCallData.PollContext.Run: before calling poll; has_promise=true sent_initial_state=FORWARDED recv_trailing_state=FORWARDED captured={} recv_initial_metadata=RESPONDED
I0428 14:18:47.167890 1503736 promise_based_filter.cc:1756] CLI[compression:0x7fffd80011c0] ClientCallData.PollTrailingMetadata has_promise=true sent_initial_state=FORWARDED recv_trailing_state=FORWARDED captured={} recv_initial_metadata=RESPONDED
I0428 14:18:47.167902 1503736 promise_based_filter.cc:1119] CLI[compression:0x7fffd80011c0] ClientCallData.PollContext.Run: poll=<<pending>>; has_promise=true sent_initial_state=FORWARDED recv_trailing_state=FORWARDED captured={} recv_initial_metadata=RESPONDED
I0428 14:18:47.167915 1503736 promise_based_filter.cc:1031] CLI[message_size:0x7fffd8001190] ClientCallData.PollContext.Run has_promise=true sent_initial_state=FORWARDED recv_trailing_state=FORWARDED captured={}
I0428 14:18:47.167927 1503736 promise_based_filter.cc:507] CLI[message_size:0x7fffd8001190] SendMessage.WakeInsideCombiner st=IDLE
I0428 14:18:47.167938 1503736 promise_based_filter.cc:811] CLI[message_size:0x7fffd8001190] ReceiveMessage.WakeInsideCombiner st=IDLE push?=no next?=no allow_push_to_pipe=yes
I0428 14:18:47.167951 1503736 promise_based_filter.cc:1115] CLI[message_size:0x7fffd8001190] ClientCallData.PollContext.Run: before calling poll; has_promise=true sent_initial_state=FORWARDED recv_trailing_state=FORWARDED captured={}
I0428 14:18:47.167963 1503736 promise_based_filter.cc:1756] CLI[message_size:0x7fffd8001190] ClientCallData.PollTrailingMetadata has_promise=true sent_initial_state=FORWARDED recv_trailing_state=FORWARDED captured={}
I0428 14:18:47.167974 1503736 promise_based_filter.cc:1119] CLI[message_size:0x7fffd8001190] ClientCallData.PollContext.Run: poll=<<pending>>; has_promise=true sent_initial_state=FORWARDED recv_trailing_state=FORWARDED captured={}
I0428 14:18:47.167987 1503736 filter_stack_call.cc:296] OP[client_idle:0x7fffec1a0770]:  SEND_MESSAGE:flags=0x00000000:len=81
I0428 14:18:47.168007 1503736 promise_based_filter.cc:1412] CLI[client_idle:0x7fffec1a0770] StartBatch has_promise=true sent_initial_state=FORWARDED recv_trailing_state=FORWARDED captured={}
I0428 14:18:47.168020 1503736 promise_based_filter.cc:325] FLUSHER:forward batch:  SEND_MESSAGE:flags=0x00000000:len=81
I0428 14:18:47.168032 1503736 channel_stack.cc:297] OP[client_idle:0x7fffec1a0770]:  SEND_MESSAGE:flags=0x00000000:len=81
I0428 14:18:47.168045 1503736 dynamic_filters.cc:76] OP[retry_filter:0x7fffbc000fd0]:  SEND_MESSAGE:flags=0x00000000:len=81
I0428 14:18:47.168059 1503736 client_channel_filter.cc:2593] chand=0x7fffec197270 lb_call=0x7fffbc002660: batch started from above:  SEND_MESSAGE:flags=0x00000000:len=81, call_attempt_tracer_=0
I0428 14:18:47.168076 1503736 subchannel.cc:333] OP[authority:0x7fffd8001160]:  SEND_MESSAGE:flags=0x00000000:len=81
I0428 14:18:47.168089 1503736 promise_based_filter.cc:1412] CLI[authority:0x7fffd8001160] StartBatch has_promise=true sent_initial_state=FORWARDED recv_trailing_state=FORWARDED captured={}
I0428 14:18:47.168101 1503736 promise_based_filter.cc:325] FLUSHER:forward batch:  SEND_MESSAGE:flags=0x00000000:len=81
I0428 14:18:47.168111 1503736 channel_stack.cc:297] OP[authority:0x7fffd8001160]:  SEND_MESSAGE:flags=0x00000000:len=81
I0428 14:18:47.168124 1503736 promise_based_filter.cc:1412] CLI[client-auth-filter:0x7fffd8001178] StartBatch has_promise=true sent_initial_state=FORWARDED recv_trailing_state=FORWARDED captured={}
I0428 14:18:47.168137 1503736 promise_based_filter.cc:325] FLUSHER:forward batch:  SEND_MESSAGE:flags=0x00000000:len=81
I0428 14:18:47.168147 1503736 channel_stack.cc:297] OP[client-auth-filter:0x7fffd8001178]:  SEND_MESSAGE:flags=0x00000000:len=81
I0428 14:18:47.168160 1503736 promise_based_filter.cc:1412] CLI[message_size:0x7fffd8001190] StartBatch has_promise=true sent_initial_state=FORWARDED recv_trailing_state=FORWARDED captured={}
I0428 14:18:47.168171 1503736 promise_based_filter.cc:365] CLI[message_size:0x7fffd8001190] SendMessage.StartOp st=IDLE
I0428 14:18:47.168182 1503736 promise_based_filter.cc:1031] CLI[message_size:0x7fffd8001190] ClientCallData.PollContext.Run has_promise=true sent_initial_state=FORWARDED recv_trailing_state=FORWARDED captured={send_message}
I0428 14:18:47.168195 1503736 promise_based_filter.cc:507] CLI[message_size:0x7fffd8001190] SendMessage.WakeInsideCombiner st=GOT_BATCH
I0428 14:18:47.168216 1503736 promise_based_filter.cc:554] CLI[message_size:0x7fffd8001190] SendMessage.WakeInsideCombiner next complete, result.has_value=true
I0428 14:18:47.168230 1503736 promise_based_filter.cc:811] CLI[message_size:0x7fffd8001190] ReceiveMessage.WakeInsideCombiner st=IDLE push?=no next?=no allow_push_to_pipe=yes
I0428 14:18:47.168244 1503736 promise_based_filter.cc:1115] CLI[message_size:0x7fffd8001190] ClientCallData.PollContext.Run: before calling poll; has_promise=true sent_initial_state=FORWARDED recv_trailing_state=FORWARDED captured={}
I0428 14:18:47.168256 1503736 promise_based_filter.cc:1756] CLI[message_size:0x7fffd8001190] ClientCallData.PollTrailingMetadata has_promise=true sent_initial_state=FORWARDED recv_trailing_state=FORWARDED captured={}
I0428 14:18:47.168268 1503736 promise_based_filter.cc:1119] CLI[message_size:0x7fffd8001190] ClientCallData.PollContext.Run: poll=<<pending>>; has_promise=true sent_initial_state=FORWARDED recv_trailing_state=FORWARDED captured={}
I0428 14:18:47.168281 1503736 promise_based_filter.cc:325] FLUSHER:forward batch:  SEND_MESSAGE:flags=0x00000000:len=81
I0428 14:18:47.168293 1503736 channel_stack.cc:297] OP[message_size:0x7fffd8001190]:  SEND_MESSAGE:flags=0x00000000:len=81
I0428 14:18:47.168306 1503736 promise_based_filter.cc:1412] CLI[http-client:0x7fffd80011a8] StartBatch has_promise=true sent_initial_state=FORWARDED recv_trailing_state=FORWARDED captured={} recv_initial_metadata=RESPONDED
I0428 14:18:47.168323 1503736 promise_based_filter.cc:325] FLUSHER:forward batch:  SEND_MESSAGE:flags=0x00000000:len=81
I0428 14:18:47.168334 1503736 channel_stack.cc:297] OP[http-client:0x7fffd80011a8]:  SEND_MESSAGE:flags=0x00000000:len=81
I0428 14:18:47.168347 1503736 promise_based_filter.cc:1412] CLI[compression:0x7fffd80011c0] StartBatch has_promise=true sent_initial_state=FORWARDED recv_trailing_state=FORWARDED captured={} recv_initial_metadata=RESPONDED
I0428 14:18:47.168359 1503736 promise_based_filter.cc:365] CLI[compression:0x7fffd80011c0] SendMessage.StartOp st=IDLE
I0428 14:18:47.168370 1503736 promise_based_filter.cc:1031] CLI[compression:0x7fffd80011c0] ClientCallData.PollContext.Run has_promise=true sent_initial_state=FORWARDED recv_trailing_state=FORWARDED captured={send_message} recv_initial_metadata=RESPONDED
I0428 14:18:47.168382 1503736 promise_based_filter.cc:507] CLI[compression:0x7fffd80011c0] SendMessage.WakeInsideCombiner st=GOT_BATCH
I0428 14:18:47.168400 1503736 promise_based_filter.cc:554] CLI[compression:0x7fffd80011c0] SendMessage.WakeInsideCombiner next complete, result.has_value=true
I0428 14:18:47.168413 1503736 promise_based_filter.cc:811] CLI[compression:0x7fffd80011c0] ReceiveMessage.WakeInsideCombiner st=IDLE push?=no next?=no allow_push_to_pipe=yes
I0428 14:18:47.168427 1503736 promise_based_filter.cc:1115] CLI[compression:0x7fffd80011c0] ClientCallData.PollContext.Run: before calling poll; has_promise=true sent_initial_state=FORWARDED recv_trailing_state=FORWARDED captured={} recv_initial_metadata=RESPONDED
I0428 14:18:47.168439 1503736 promise_based_filter.cc:1756] CLI[compression:0x7fffd80011c0] ClientCallData.PollTrailingMetadata has_promise=true sent_initial_state=FORWARDED recv_trailing_state=FORWARDED captured={} recv_initial_metadata=RESPONDED
I0428 14:18:47.168451 1503736 promise_based_filter.cc:1119] CLI[compression:0x7fffd80011c0] ClientCallData.PollContext.Run: poll=<<pending>>; has_promise=true sent_initial_state=FORWARDED recv_trailing_state=FORWARDED captured={} recv_initial_metadata=RESPONDED
I0428 14:18:47.168464 1503736 promise_based_filter.cc:325] FLUSHER:forward batch:  SEND_MESSAGE:flags=0x00000000:len=81
I0428 14:18:47.168476 1503736 channel_stack.cc:297] OP[compression:0x7fffd80011c0]:  SEND_MESSAGE:flags=0x00000000:len=81
I0428 14:18:47.168492 1503736 promise_based_filter.cc:1031] CLI[message_size:0x7fffd8001190] ClientCallData.PollContext.Run has_promise=true sent_initial_state=FORWARDED recv_trailing_state=FORWARDED captured={}
I0428 14:18:47.168505 1503736 promise_based_filter.cc:507] CLI[message_size:0x7fffd8001190] SendMessage.WakeInsideCombiner st=FORWARDED_BATCH
I0428 14:18:47.168517 1503736 promise_based_filter.cc:811] CLI[message_size:0x7fffd8001190] ReceiveMessage.WakeInsideCombiner st=IDLE push?=no next?=no allow_push_to_pipe=yes
I0428 14:18:47.168531 1503736 promise_based_filter.cc:1115] CLI[message_size:0x7fffd8001190] ClientCallData.PollContext.Run: before calling poll; has_promise=true sent_initial_state=FORWARDED recv_trailing_state=FORWARDED captured={}
I0428 14:18:47.168542 1503736 promise_based_filter.cc:1756] CLI[message_size:0x7fffd8001190] ClientCallData.PollTrailingMetadata has_promise=true sent_initial_state=FORWARDED recv_trailing_state=FORWARDED captured={}
I0428 14:18:47.168554 1503736 promise_based_filter.cc:1119] CLI[message_size:0x7fffd8001190] ClientCallData.PollContext.Run: poll=<<pending>>; has_promise=true sent_initial_state=FORWARDED recv_trailing_state=FORWARDED captured={}
I0428 14:18:47.168569 1503736 promise_based_filter.cc:1031] CLI[compression:0x7fffd80011c0] ClientCallData.PollContext.Run has_promise=true sent_initial_state=FORWARDED recv_trailing_state=FORWARDED captured={} recv_initial_metadata=RESPONDED
I0428 14:18:47.168584 1503736 promise_based_filter.cc:507] CLI[compression:0x7fffd80011c0] SendMessage.WakeInsideCombiner st=FORWARDED_BATCH
I0428 14:18:47.168596 1503736 promise_based_filter.cc:811] CLI[compression:0x7fffd80011c0] ReceiveMessage.WakeInsideCombiner st=IDLE push?=no next?=no allow_push_to_pipe=yes
I0428 14:18:47.168610 1503736 promise_based_filter.cc:1115] CLI[compression:0x7fffd80011c0] ClientCallData.PollContext.Run: before calling poll; has_promise=true sent_initial_state=FORWARDED recv_trailing_state=FORWARDED captured={} recv_initial_metadata=RESPONDED
I0428 14:18:47.168622 1503736 promise_based_filter.cc:1756] CLI[compression:0x7fffd80011c0] ClientCallData.PollTrailingMetadata has_promise=true sent_initial_state=FORWARDED recv_trailing_state=FORWARDED captured={} recv_initial_metadata=RESPONDED
I0428 14:18:47.168633 1503736 promise_based_filter.cc:1119] CLI[compression:0x7fffd80011c0] ClientCallData.PollContext.Run: poll=<<pending>>; has_promise=true sent_initial_state=FORWARDED recv_trailing_state=FORWARDED captured={} recv_initial_metadata=RESPONDED
I0428 14:18:47.168777 1503736 promise_based_filter.cc:437] CLI[compression:0x7fffd80011c0] SendMessage.OnComplete st=FORWARDED_BATCH status=OK
I0428 14:18:47.168799 1503736 promise_based_filter.cc:1031] CLI[compression:0x7fffd80011c0] ClientCallData.PollContext.Run has_promise=true sent_initial_state=FORWARDED recv_trailing_state=FORWARDED captured={} recv_initial_metadata=RESPONDED
I0428 14:18:47.168809 1503736 promise_based_filter.cc:507] CLI[compression:0x7fffd80011c0] SendMessage.WakeInsideCombiner st=BATCH_COMPLETED status=OK
I0428 14:18:47.168819 1503736 promise_based_filter.cc:811] CLI[compression:0x7fffd80011c0] ReceiveMessage.WakeInsideCombiner st=IDLE push?=no next?=no allow_push_to_pipe=yes
I0428 14:18:47.168833 1503736 promise_based_filter.cc:1115] CLI[compression:0x7fffd80011c0] ClientCallData.PollContext.Run: before calling poll; has_promise=true sent_initial_state=FORWARDED recv_trailing_state=FORWARDED captured={} recv_initial_metadata=RESPONDED
I0428 14:18:47.168927 1503744 promise_based_filter.cc:713] SVR[compression:0x7fffb8004628] ReceiveMessage.OnComplete st=FORWARDED_BATCH status=OK
I0428 14:18:47.267435 1503736 promise_based_filter.cc:1756] CLI[compression:0x7fffd80011c0] ClientCallData.PollTrailingMetadata has_promise=true sent_initial_state=FORWARDED recv_trailing_state=FORWARDED captured={} recv_initial_metadata=RESPONDED
I0428 14:18:47.267462 1503744 promise_based_filter.cc:2427] SVR[compression:0x7fffb8004628]: WakeInsideCombiner have_promise=true recv_initial_state=COMPLETE send_trailing_state=INITIAL captured={} send_initial_metadata=FORWARDED
I0428 14:18:47.267489 1503736 promise_based_filter.cc:1119] CLI[compression:0x7fffd80011c0] ClientCallData.PollContext.Run: poll=<<pending>>; has_promise=true sent_initial_state=FORWARDED recv_trailing_state=FORWARDED captured={} recv_initial_metadata=RESPONDED
I0428 14:18:47.267504 1503744 promise_based_filter.cc:507] SVR[compression:0x7fffb8004628] SendMessage.WakeInsideCombiner st=IDLE
I0428 14:18:47.267523 1503744 promise_based_filter.cc:2469] SVR[compression:0x7fffb8004628]: After send_message WakeInsideCombiner have_promise=true recv_initial_state=COMPLETE send_trailing_state=INITIAL captured={} send_initial_metadata=FORWARDED is_idle=true is_forwarded=false
I0428 14:18:47.267528 1503736 promise_based_filter.cc:437] CLI[message_size:0x7fffd8001190] SendMessage.OnComplete st=FORWARDED_BATCH status=OK
I0428 14:18:47.267543 1503744 promise_based_filter.cc:811] SVR[compression:0x7fffb8004628] ReceiveMessage.WakeInsideCombiner st=BATCH_COMPLETED push?=no next?=no allow_push_to_pipe=yes
I0428 14:18:47.267555 1503736 promise_based_filter.cc:1031] CLI[message_size:0x7fffd8001190] ClientCallData.PollContext.Run has_promise=true sent_initial_state=FORWARDED recv_trailing_state=FORWARDED captured={}
I0428 14:18:47.267569 1503736 promise_based_filter.cc:507] CLI[message_size:0x7fffd8001190] SendMessage.WakeInsideCombiner st=BATCH_COMPLETED status=OK
I0428 14:18:47.267580 1503744 promise_based_filter.cc:901] SVR[compression:0x7fffb8004628] ReceiveMessage.WakeInsideCombiner next complete: got message new_state=PULLED_FROM_PIPE
I0428 14:18:47.267582 1503736 promise_based_filter.cc:811] CLI[message_size:0x7fffd8001190] ReceiveMessage.WakeInsideCombiner st=IDLE push?=no next?=no allow_push_to_pipe=yes
I0428 14:18:47.267601 1503744 promise_based_filter.cc:917] SVR[compression:0x7fffb8004628] ReceiveMessage.WakeInsideCombiner push complete
I0428 14:18:47.267612 1503736 promise_based_filter.cc:1115] CLI[message_size:0x7fffd8001190] ClientCallData.PollContext.Run: before calling poll; has_promise=true sent_initial_state=FORWARDED recv_trailing_state=FORWARDED captured={}
I0428 14:18:47.267627 1503744 promise_based_filter.cc:2315] SVR[compression:0x7fffb8004628] PollTrailingMetadata: INITIAL
I0428 14:18:47.267634 1503736 promise_based_filter.cc:1756] CLI[message_size:0x7fffd8001190] ClientCallData.PollTrailingMetadata has_promise=true sent_initial_state=FORWARDED recv_trailing_state=FORWARDED captured={}
I0428 14:18:47.267642 1503744 promise_based_filter.cc:2494] SVR[compression:0x7fffb8004628]: WakeInsideCombiner poll=<<pending>>; send_initial_metadata=FORWARDED send_trailing_metadata=INITIAL
I0428 14:18:47.267646 1503736 promise_based_filter.cc:1119] CLI[message_size:0x7fffd8001190] ClientCallData.PollContext.Run: poll=<<pending>>; has_promise=true sent_initial_state=FORWARDED recv_trailing_state=FORWARDED captured={}
I0428 14:18:47.267663 1503744 promise_based_filter.cc:713] SVR[message_size:0x7fffb80045f8] ReceiveMessage.OnComplete st=FORWARDED_BATCH status=OK
I0428 14:18:47.267678 1503744 promise_based_filter.cc:2427] SVR[message_size:0x7fffb80045f8]: WakeInsideCombiner have_promise=true recv_initial_state=COMPLETE send_trailing_state=INITIAL captured={}
I0428 14:18:47.267690 1503744 promise_based_filter.cc:507] SVR[message_size:0x7fffb80045f8] SendMessage.WakeInsideCombiner st=IDLE
I0428 14:18:47.267703 1503744 promise_based_filter.cc:2469] SVR[message_size:0x7fffb80045f8]: After send_message WakeInsideCombiner have_promise=true recv_initial_state=COMPLETE send_trailing_state=INITIAL captured={} is_idle=true is_forwarded=false
I0428 14:18:47.267716 1503744 promise_based_filter.cc:811] SVR[message_size:0x7fffb80045f8] ReceiveMessage.WakeInsideCombiner st=BATCH_COMPLETED push?=no next?=no allow_push_to_pipe=yes
I0428 14:18:47.267715 1503736 filter_stack_call.cc:296] OP[client_idle:0x7fffec1a0770]:  RECV_MESSAGE
I0428 14:18:47.267739 1503744 promise_based_filter.cc:901] SVR[message_size:0x7fffb80045f8] ReceiveMessage.WakeInsideCombiner next complete: got message new_state=PULLED_FROM_PIPE
I0428 14:18:47.267744 1503736 promise_based_filter.cc:1412] CLI[client_idle:0x7fffec1a0770] StartBatch has_promise=true sent_initial_state=FORWARDED recv_trailing_state=FORWARDED captured={}
I0428 14:18:47.267753 1503744 promise_based_filter.cc:917] SVR[message_size:0x7fffb80045f8] ReceiveMessage.WakeInsideCombiner push complete
I0428 14:18:47.267760 1503736 promise_based_filter.cc:325] FLUSHER:forward batch:  RECV_MESSAGE
I0428 14:18:47.267764 1503744 promise_based_filter.cc:2315] SVR[message_size:0x7fffb80045f8] PollTrailingMetadata: INITIAL
I0428 14:18:47.267770 1503736 channel_stack.cc:297] OP[client_idle:0x7fffec1a0770]:  RECV_MESSAGE
I0428 14:18:47.267776 1503744 promise_based_filter.cc:2494] SVR[message_size:0x7fffb80045f8]: WakeInsideCombiner poll=<<pending>>; send_initial_metadata=null send_trailing_metadata=INITIAL
I0428 14:18:47.267783 1503736 dynamic_filters.cc:76] OP[retry_filter:0x7fffbc000fd0]:  RECV_MESSAGE
I0428 14:18:47.267796 1503736 client_channel_filter.cc:2593] chand=0x7fffec197270 lb_call=0x7fffbc002660: batch started from above:  RECV_MESSAGE, call_attempt_tracer_=0
I0428 14:18:47.267812 1503744 promise_based_filter.cc:2427] SVR[compression:0x7fffb8004628]: WakeInsideCombiner have_promise=true recv_initial_state=COMPLETE send_trailing_state=INITIAL captured={} send_initial_metadata=FORWARDED
I0428 14:18:47.267816 1503736 subchannel.cc:333] OP[authority:0x7fffd8001160]:  RECV_MESSAGE
I0428 14:18:47.267828 1503744 promise_based_filter.cc:507] SVR[compression:0x7fffb8004628] SendMessage.WakeInsideCombiner st=IDLE
I0428 14:18:47.267838 1503736 promise_based_filter.cc:1412] CLI[authority:0x7fffd8001160] StartBatch has_promise=true sent_initial_state=FORWARDED recv_trailing_state=FORWARDED captured={}
I0428 14:18:47.267845 1503744 promise_based_filter.cc:2469] SVR[compression:0x7fffb8004628]: After send_message WakeInsideCombiner have_promise=true recv_initial_state=COMPLETE send_trailing_state=INITIAL captured={} send_initial_metadata=FORWARDED is_idle=true is_forwarded=false
I0428 14:18:47.267856 1503736 promise_based_filter.cc:325] FLUSHER:forward batch:  RECV_MESSAGE
I0428 14:18:47.267870 1503744 promise_based_filter.cc:811] SVR[compression:0x7fffb8004628] ReceiveMessage.WakeInsideCombiner st=IDLE push?=no next?=no allow_push_to_pipe=yes
I0428 14:18:47.267870 1503732 xds_server.cc:141] ADS[0x55555833d1c0:Default Balancer]: reactor 0x7fffdc002210: OnReadDone(true)
I0428 14:18:47.267881 1503736 channel_stack.cc:297] OP[authority:0x7fffd8001160]:  RECV_MESSAGE
I0428 14:18:47.267897 1503744 promise_based_filter.cc:2315] SVR[compression:0x7fffb8004628] PollTrailingMetadata: INITIAL
I0428 14:18:47.267937 1503736 promise_based_filter.cc:1412] CLI[client-auth-filter:0x7fffd8001178] StartBatch has_promise=true sent_initial_state=FORWARDED recv_trailing_state=FORWARDED captured={}
I0428 14:18:47.267955 1503744 promise_based_filter.cc:2494] SVR[compression:0x7fffb8004628]: WakeInsideCombiner poll=<<pending>>; send_initial_metadata=FORWARDED send_trailing_metadata=INITIAL
I0428 14:18:47.267970 1503736 promise_based_filter.cc:325] FLUSHER:forward batch:  RECV_MESSAGE
I0428 14:18:47.267980 1503744 promise_based_filter.cc:2427] SVR[message_size:0x7fffb80045f8]: WakeInsideCombiner have_promise=true recv_initial_state=COMPLETE send_trailing_state=INITIAL captured={}
I0428 14:18:47.267985 1503736 channel_stack.cc:297] OP[client-auth-filter:0x7fffd8001178]:  RECV_MESSAGE
I0428 14:18:47.267994 1503744 promise_based_filter.cc:507] SVR[message_size:0x7fffb80045f8] SendMessage.WakeInsideCombiner st=IDLE
I0428 14:18:47.268006 1503736 promise_based_filter.cc:1412] CLI[message_size:0x7fffd8001190] StartBatch has_promise=true sent_initial_state=FORWARDED recv_trailing_state=FORWARDED captured={}
I0428 14:18:47.268016 1503744 promise_based_filter.cc:2469] SVR[message_size:0x7fffb80045f8]: After send_message WakeInsideCombiner have_promise=true recv_initial_state=COMPLETE send_trailing_state=INITIAL captured={} is_idle=true is_forwarded=false
I0428 14:18:47.268025 1503736 promise_based_filter.cc:638] CLI[message_size:0x7fffd8001190] ReceiveMessage.StartOp st=IDLE
I0428 14:18:47.268034 1503744 promise_based_filter.cc:811] SVR[message_size:0x7fffb80045f8] ReceiveMessage.WakeInsideCombiner st=IDLE push?=no next?=no allow_push_to_pipe=yes
I0428 14:18:47.267921 1503732 xds_server.cc:151] ADS[0x55555833d1c0:Default Balancer]: reactor 0x7fffdc002210: Received request for type type.googleapis.com/envoy.config.listener.v3.Listener with content goo.gle/debugonly    
version_info: "2"
resource_names: "server.example.com"
type_url: "type.googleapis.com/envoy.config.listener.v3.Listener"
response_nonce: "1"

I0428 14:18:47.268051 1503744 promise_based_filter.cc:2315] SVR[message_size:0x7fffb80045f8] PollTrailingMetadata: INITIAL
I0428 14:18:47.268067 1503732 xds_server.cc:174] ADS[0x55555833d1c0:Default Balancer]: reactor 0x7fffdc002210: client ACKed resource_type=type.googleapis.com/envoy.config.listener.v3.Listener version=2
I0428 14:18:47.268047 1503736 promise_based_filter.cc:1031] CLI[message_size:0x7fffd8001190] ClientCallData.PollContext.Run has_promise=true sent_initial_state=FORWARDED recv_trailing_state=FORWARDED captured={}
I0428 14:18:47.268074 1503744 promise_based_filter.cc:2494] SVR[message_size:0x7fffb80045f8]: WakeInsideCombiner poll=<<pending>>; send_initial_metadata=null send_trailing_metadata=INITIAL
I0428 14:18:47.268098 1503732 xds_server.cc:252] ADS[0x55555833d1c0:Default Balancer]: reactor 0x7fffdc002210: MaybeStartWrite(type.googleapis.com/envoy.config.listener.v3.Listener)
I0428 14:18:47.268102 1503736 promise_based_filter.cc:507] CLI[message_size:0x7fffd8001190] SendMessage.WakeInsideCombiner st=IDLE
I0428 14:18:47.268129 1503732 xds_server.cc:258] ADS[0x55555833d1c0:Default Balancer]: reactor 0x7fffdc002210: Constructing response
I0428 14:18:47.268146 1503736 promise_based_filter.cc:811] CLI[message_size:0x7fffd8001190] ReceiveMessage.WakeInsideCombiner st=FORWARDED_BATCH push?=no next?=no allow_push_to_pipe=yes
I0428 14:18:47.268160 1503732 xds_server.cc:295] ADS[0x55555833d1c0:Default Balancer]: reactor 0x7fffdc002210: no resources to send for type=type.googleapis.com/envoy.config.listener.v3.Listener
I0428 14:18:47.268169 1503736 promise_based_filter.cc:1115] CLI[message_size:0x7fffd8001190] ClientCallData.PollContext.Run: before calling poll; has_promise=true sent_initial_state=FORWARDED recv_trailing_state=FORWARDED captured={}
I0428 14:18:47.268184 1503732 filter_stack_call.cc:296] OP[server:0x7fffb80045e0]:  RECV_MESSAGE
I0428 14:18:47.268206 1503732 channel_stack.cc:297] OP[server:0x7fffb80045e0]:  RECV_MESSAGE
I0428 14:18:47.268189 1503736 promise_based_filter.cc:1756] CLI[message_size:0x7fffd8001190] ClientCallData.PollTrailingMetadata has_promise=true sent_initial_state=FORWARDED recv_trailing_state=FORWARDED captured={}
I0428 14:18:47.268222 1503732 promise_based_filter.cc:2054] SVR[message_size:0x7fffb80045f8] StartBatch: have_promise=true recv_initial_state=COMPLETE send_trailing_state=INITIAL captured={}
I0428 14:18:47.268239 1503736 promise_based_filter.cc:1119] CLI[message_size:0x7fffd8001190] ClientCallData.PollContext.Run: poll=<<pending>>; has_promise=true sent_initial_state=FORWARDED recv_trailing_state=FORWARDED captured={}
I0428 14:18:47.268247 1503732 promise_based_filter.cc:638] SVR[message_size:0x7fffb80045f8] ReceiveMessage.StartOp st=IDLE
I0428 14:18:47.268266 1503736 promise_based_filter.cc:325] FLUSHER:forward batch:  RECV_MESSAGE
I0428 14:18:47.268272 1503732 promise_based_filter.cc:2427] SVR[message_size:0x7fffb80045f8]: WakeInsideCombiner have_promise=true recv_initial_state=COMPLETE send_trailing_state=INITIAL captured={}
I0428 14:18:47.268282 1503736 channel_stack.cc:297] OP[message_size:0x7fffd8001190]:  RECV_MESSAGE
I0428 14:18:47.268288 1503732 promise_based_filter.cc:507] SVR[message_size:0x7fffb80045f8] SendMessage.WakeInsideCombiner st=IDLE
I0428 14:18:47.268305 1503736 promise_based_filter.cc:1412] CLI[http-client:0x7fffd80011a8] StartBatch has_promise=true sent_initial_state=FORWARDED recv_trailing_state=FORWARDED captured={} recv_initial_metadata=RESPONDED
I0428 14:18:47.268313 1503732 promise_based_filter.cc:2469] SVR[message_size:0x7fffb80045f8]: After send_message WakeInsideCombiner have_promise=true recv_initial_state=COMPLETE send_trailing_state=INITIAL captured={} is_idle=true is_forwarded=false
I0428 14:18:47.268338 1503736 promise_based_filter.cc:325] FLUSHER:forward batch:  RECV_MESSAGE
I0428 14:18:47.268344 1503732 promise_based_filter.cc:811] SVR[message_size:0x7fffb80045f8] ReceiveMessage.WakeInsideCombiner st=FORWARDED_BATCH push?=no next?=no allow_push_to_pipe=yes
I0428 14:18:47.268354 1503736 channel_stack.cc:297] OP[http-client:0x7fffd80011a8]:  RECV_MESSAGE
I0428 14:18:47.268361 1503732 promise_based_filter.cc:2315] SVR[message_size:0x7fffb80045f8] PollTrailingMetadata: INITIAL
I0428 14:18:47.268377 1503736 promise_based_filter.cc:1412] CLI[compression:0x7fffd80011c0] StartBatch has_promise=true sent_initial_state=FORWARDED recv_trailing_state=FORWARDED captured={} recv_initial_metadata=RESPONDED
I0428 14:18:47.268384 1503732 promise_based_filter.cc:2494] SVR[message_size:0x7fffb80045f8]: WakeInsideCombiner poll=<<pending>>; send_initial_metadata=null send_trailing_metadata=INITIAL
I0428 14:18:47.268400 1503736 promise_based_filter.cc:638] CLI[compression:0x7fffd80011c0] ReceiveMessage.StartOp st=IDLE
I0428 14:18:47.268408 1503732 promise_based_filter.cc:325] FLUSHER:forward batch:  RECV_MESSAGE
I0428 14:18:47.268421 1503736 promise_based_filter.cc:1031] CLI[compression:0x7fffd80011c0] ClientCallData.PollContext.Run has_promise=true sent_initial_state=FORWARDED recv_trailing_state=FORWARDED captured={} recv_initial_metadata=RESPONDED
I0428 14:18:47.268427 1503732 channel_stack.cc:297] OP[message_size:0x7fffb80045f8]:  RECV_MESSAGE
I0428 14:18:47.268443 1503736 promise_based_filter.cc:507] CLI[compression:0x7fffd80011c0] SendMessage.WakeInsideCombiner st=IDLE
I0428 14:18:47.268450 1503732 promise_based_filter.cc:2054] SVR[http-server:0x7fffb8004610] StartBatch: have_promise=true recv_initial_state=COMPLETE send_trailing_state=INITIAL captured={} send_initial_metadata=FORWARDED
I0428 14:18:47.268472 1503732 promise_based_filter.cc:325] FLUSHER:forward batch:  RECV_MESSAGE
I0428 14:18:47.268484 1503732 channel_stack.cc:297] OP[http-server:0x7fffb8004610]:  RECV_MESSAGE
I0428 14:18:47.268464 1503736 promise_based_filter.cc:811] CLI[compression:0x7fffd80011c0] ReceiveMessage.WakeInsideCombiner st=FORWARDED_BATCH push?=no next?=no allow_push_to_pipe=yes
I0428 14:18:47.268496 1503732 promise_based_filter.cc:2054] SVR[compression:0x7fffb8004628] StartBatch: have_promise=true recv_initial_state=COMPLETE send_trailing_state=INITIAL captured={} send_initial_metadata=FORWARDED
I0428 14:18:47.268512 1503736 promise_based_filter.cc:1115] CLI[compression:0x7fffd80011c0] ClientCallData.PollContext.Run: before calling poll; has_promise=true sent_initial_state=FORWARDED recv_trailing_state=FORWARDED captured={} recv_initial_metadata=RESPONDED
I0428 14:18:47.268519 1503732 promise_based_filter.cc:638] SVR[compression:0x7fffb8004628] ReceiveMessage.StartOp st=IDLE
I0428 14:18:47.268537 1503736 promise_based_filter.cc:1756] CLI[compression:0x7fffd80011c0] ClientCallData.PollTrailingMetadata has_promise=true sent_initial_state=FORWARDED recv_trailing_state=FORWARDED captured={} recv_initial_metadata=RESPONDED
I0428 14:18:47.268543 1503732 promise_based_filter.cc:2427] SVR[compression:0x7fffb8004628]: WakeInsideCombiner have_promise=true recv_initial_state=COMPLETE send_trailing_state=INITIAL captured={} send_initial_metadata=FORWARDED
I0428 14:18:47.268559 1503736 promise_based_filter.cc:1119] CLI[compression:0x7fffd80011c0] ClientCallData.PollContext.Run: poll=<<pending>>; has_promise=true sent_initial_state=FORWARDED recv_trailing_state=FORWARDED captured={} recv_initial_metadata=RESPONDED
I0428 14:18:47.268570 1503732 promise_based_filter.cc:507] SVR[compression:0x7fffb8004628] SendMessage.WakeInsideCombiner st=IDLE
I0428 14:18:47.268579 1503736 promise_based_filter.cc:325] FLUSHER:forward batch:  RECV_MESSAGE
I0428 14:18:47.268584 1503732 promise_based_filter.cc:2469] SVR[compression:0x7fffb8004628]: After send_message WakeInsideCombiner have_promise=true recv_initial_state=COMPLETE send_trailing_state=INITIAL captured={} send_initial_metadata=FORWARDED is_idle=true is_forwarded=false
I0428 14:18:47.268601 1503736 channel_stack.cc:297] OP[compression:0x7fffd80011c0]:  RECV_MESSAGE
I0428 14:18:47.268609 1503732 promise_based_filter.cc:811] SVR[compression:0x7fffb8004628] ReceiveMessage.WakeInsideCombiner st=FORWARDED_BATCH push?=no next?=no allow_push_to_pipe=yes
I0428 14:18:47.268631 1503732 promise_based_filter.cc:2315] SVR[compression:0x7fffb8004628] PollTrailingMetadata: INITIAL
I0428 14:18:47.268643 1503736 promise_based_filter.cc:1031] CLI[compression:0x7fffd80011c0] ClientCallData.PollContext.Run has_promise=true sent_initial_state=FORWARDED recv_trailing_state=FORWARDED captured={} recv_initial_metadata=RESPONDED
I0428 14:18:47.268661 1503732 promise_based_filter.cc:2494] SVR[compression:0x7fffb8004628]: WakeInsideCombiner poll=<<pending>>; send_initial_metadata=FORWARDED send_trailing_metadata=INITIAL
I0428 14:18:47.268681 1503736 promise_based_filter.cc:507] CLI[compression:0x7fffd80011c0] SendMessage.WakeInsideCombiner st=IDLE
I0428 14:18:47.268693 1503732 promise_based_filter.cc:325] FLUSHER:forward batch:  RECV_MESSAGE
I0428 14:18:47.268706 1503732 channel_stack.cc:297] OP[compression:0x7fffb8004628]:  RECV_MESSAGE
I0428 14:18:47.268700 1503736 promise_based_filter.cc:811] CLI[compression:0x7fffd80011c0] ReceiveMessage.WakeInsideCombiner st=FORWARDED_BATCH push?=no next?=no allow_push_to_pipe=yes
I0428 14:18:47.268720 1503732 promise_based_filter.cc:2054] SVR[server-auth:0x7fffb8004640] StartBatch: have_promise=true recv_initial_state=COMPLETE send_trailing_state=INITIAL captured={}
I0428 14:18:47.268739 1503736 promise_based_filter.cc:1115] CLI[compression:0x7fffd80011c0] ClientCallData.PollContext.Run: before calling poll; has_promise=true sent_initial_state=FORWARDED recv_trailing_state=FORWARDED captured={} recv_initial_metadata=RESPONDED
I0428 14:18:47.268746 1503732 promise_based_filter.cc:325] FLUSHER:forward batch:  RECV_MESSAGE
I0428 14:18:47.268763 1503736 promise_based_filter.cc:1756] CLI[compression:0x7fffd80011c0] ClientCallData.PollTrailingMetadata has_promise=true sent_initial_state=FORWARDED recv_trailing_state=FORWARDED captured={} recv_initial_metadata=RESPONDED
I0428 14:18:47.268769 1503732 channel_stack.cc:297] OP[server-auth:0x7fffb8004640]:  RECV_MESSAGE
I0428 14:18:47.268785 1503736 promise_based_filter.cc:1119] CLI[compression:0x7fffd80011c0] ClientCallData.PollContext.Run: poll=<<pending>>; has_promise=true sent_initial_state=FORWARDED recv_trailing_state=FORWARDED captured={} recv_initial_metadata=RESPONDED
I0428 14:18:47.268791 1503732 promise_based_filter.cc:2054] SVR[server_call_tracer:0x7fffb8004658] StartBatch: have_promise=true recv_initial_state=COMPLETE send_trailing_state=INITIAL captured={} send_initial_metadata=FORWARDED
I0428 14:18:47.268811 1503736 promise_based_filter.cc:1031] CLI[message_size:0x7fffd8001190] ClientCallData.PollContext.Run has_promise=true sent_initial_state=FORWARDED recv_trailing_state=FORWARDED captured={}
I0428 14:18:47.268815 1503732 promise_based_filter.cc:325] FLUSHER:forward batch:  RECV_MESSAGE
I0428 14:18:47.268831 1503736 promise_based_filter.cc:507] CLI[message_size:0x7fffd8001190] SendMessage.WakeInsideCombiner st=IDLE
I0428 14:18:47.268838 1503732 channel_stack.cc:297] OP[server_call_tracer:0x7fffb8004658]:  RECV_MESSAGE
I0428 14:18:47.268852 1503736 promise_based_filter.cc:811] CLI[message_size:0x7fffd8001190] ReceiveMessage.WakeInsideCombiner st=FORWARDED_BATCH push?=no next?=no allow_push_to_pipe=yes
I0428 14:18:47.268873 1503736 promise_based_filter.cc:1115] CLI[message_size:0x7fffd8001190] ClientCallData.PollContext.Run: before calling poll; has_promise=true sent_initial_state=FORWARDED recv_trailing_state=FORWARDED captured={}
I0428 14:18:47.268891 1503736 promise_based_filter.cc:1756] CLI[message_size:0x7fffd8001190] ClientCallData.PollTrailingMetadata has_promise=true sent_initial_state=FORWARDED recv_trailing_state=FORWARDED captured={}
I0428 14:18:47.268908 1503736 promise_based_filter.cc:1119] CLI[message_size:0x7fffd8001190] ClientCallData.PollContext.Run: poll=<<pending>>; has_promise=true sent_initial_state=FORWARDED recv_trailing_state=FORWARDED captured={}
I0428 14:18:47.268928 1503736 filter_stack_call.cc:296] OP[client_idle:0x7fffec1a0770]:  SEND_MESSAGE:flags=0x00000000:len=67
I0428 14:18:47.268957 1503736 promise_based_filter.cc:1412] CLI[client_idle:0x7fffec1a0770] StartBatch has_promise=true sent_initial_state=FORWARDED recv_trailing_state=FORWARDED captured={}
I0428 14:18:47.268976 1503736 promise_based_filter.cc:325] FLUSHER:forward batch:  SEND_MESSAGE:flags=0x00000000:len=67
I0428 14:18:47.268992 1503736 channel_stack.cc:297] OP[client_idle:0x7fffec1a0770]:  SEND_MESSAGE:flags=0x00000000:len=67
I0428 14:18:47.269011 1503736 dynamic_filters.cc:76] OP[retry_filter:0x7fffbc000fd0]:  SEND_MESSAGE:flags=0x00000000:len=67
I0428 14:18:47.269032 1503736 client_channel_filter.cc:2593] chand=0x7fffec197270 lb_call=0x7fffbc002660: batch started from above:  SEND_MESSAGE:flags=0x00000000:len=67, call_attempt_tracer_=0
I0428 14:18:47.269056 1503736 subchannel.cc:333] OP[authority:0x7fffd8001160]:  SEND_MESSAGE:flags=0x00000000:len=67
I0428 14:18:47.269075 1503736 promise_based_filter.cc:1412] CLI[authority:0x7fffd8001160] StartBatch has_promise=true sent_initial_state=FORWARDED recv_trailing_state=FORWARDED captured={}
I0428 14:18:47.269094 1503736 promise_based_filter.cc:325] FLUSHER:forward batch:  SEND_MESSAGE:flags=0x00000000:len=67
I0428 14:18:47.269110 1503736 channel_stack.cc:297] OP[authority:0x7fffd8001160]:  SEND_MESSAGE:flags=0x00000000:len=67
I0428 14:18:47.269129 1503736 promise_based_filter.cc:1412] CLI[client-auth-filter:0x7fffd8001178] StartBatch has_promise=true sent_initial_state=FORWARDED recv_trailing_state=FORWARDED captured={}
I0428 14:18:47.269148 1503736 promise_based_filter.cc:325] FLUSHER:forward batch:  SEND_MESSAGE:flags=0x00000000:len=67
I0428 14:18:47.269164 1503736 channel_stack.cc:297] OP[client-auth-filter:0x7fffd8001178]:  SEND_MESSAGE:flags=0x00000000:len=67
I0428 14:18:47.269185 1503736 promise_based_filter.cc:1412] CLI[message_size:0x7fffd8001190] StartBatch has_promise=true sent_initial_state=FORWARDED recv_trailing_state=FORWARDED captured={}
I0428 14:18:47.269202 1503736 promise_based_filter.cc:365] CLI[message_size:0x7fffd8001190] SendMessage.StartOp st=IDLE
I0428 14:18:47.269219 1503736 promise_based_filter.cc:1031] CLI[message_size:0x7fffd8001190] ClientCallData.PollContext.Run has_promise=true sent_initial_state=FORWARDED recv_trailing_state=FORWARDED captured={send_message}
I0428 14:18:47.269238 1503736 promise_based_filter.cc:507] CLI[message_size:0x7fffd8001190] SendMessage.WakeInsideCombiner st=GOT_BATCH
I0428 14:18:47.269264 1503736 promise_based_filter.cc:554] CLI[message_size:0x7fffd8001190] SendMessage.WakeInsideCombiner next complete, result.has_value=true
I0428 14:18:47.269278 1503736 promise_based_filter.cc:811] CLI[message_size:0x7fffd8001190] ReceiveMessage.WakeInsideCombiner st=FORWARDED_BATCH push?=no next?=no allow_push_to_pipe=yes
I0428 14:18:47.269293 1503736 promise_based_filter.cc:1115] CLI[message_size:0x7fffd8001190] ClientCallData.PollContext.Run: before calling poll; has_promise=true sent_initial_state=FORWARDED recv_trailing_state=FORWARDED captured={}
I0428 14:18:47.269305 1503736 promise_based_filter.cc:1756] CLI[message_size:0x7fffd8001190] ClientCallData.PollTrailingMetadata has_promise=true sent_initial_state=FORWARDED recv_trailing_state=FORWARDED captured={}
I0428 14:18:47.269316 1503736 promise_based_filter.cc:1119] CLI[message_size:0x7fffd8001190] ClientCallData.PollContext.Run: poll=<<pending>>; has_promise=true sent_initial_state=FORWARDED recv_trailing_state=FORWARDED captured={}
I0428 14:18:47.269338 1503736 promise_based_filter.cc:325] FLUSHER:forward batch:  SEND_MESSAGE:flags=0x00000000:len=67
I0428 14:18:47.269351 1503736 channel_stack.cc:297] OP[message_size:0x7fffd8001190]:  SEND_MESSAGE:flags=0x00000000:len=67
I0428 14:18:47.269365 1503736 promise_based_filter.cc:1412] CLI[http-client:0x7fffd80011a8] StartBatch has_promise=true sent_initial_state=FORWARDED recv_trailing_state=FORWARDED captured={} recv_initial_metadata=RESPONDED
I0428 14:18:47.269378 1503736 promise_based_filter.cc:325] FLUSHER:forward batch:  SEND_MESSAGE:flags=0x00000000:len=67
I0428 14:18:47.269389 1503736 channel_stack.cc:297] OP[http-client:0x7fffd80011a8]:  SEND_MESSAGE:flags=0x00000000:len=67
I0428 14:18:47.269401 1503736 promise_based_filter.cc:1412] CLI[compression:0x7fffd80011c0] StartBatch has_promise=true sent_initial_state=FORWARDED recv_trailing_state=FORWARDED captured={} recv_initial_metadata=RESPONDED
I0428 14:18:47.269414 1503736 promise_based_filter.cc:365] CLI[compression:0x7fffd80011c0] SendMessage.StartOp st=IDLE
I0428 14:18:47.269426 1503736 promise_based_filter.cc:1031] CLI[compression:0x7fffd80011c0] ClientCallData.PollContext.Run has_promise=true sent_initial_state=FORWARDED recv_trailing_state=FORWARDED captured={send_message} recv_initial_metadata=RESPONDED
I0428 14:18:47.269439 1503736 promise_based_filter.cc:507] CLI[compression:0x7fffd80011c0] SendMessage.WakeInsideCombiner st=GOT_BATCH
I0428 14:18:47.269457 1503736 promise_based_filter.cc:554] CLI[compression:0x7fffd80011c0] SendMessage.WakeInsideCombiner next complete, result.has_value=true
I0428 14:18:47.269471 1503736 promise_based_filter.cc:811] CLI[compression:0x7fffd80011c0] ReceiveMessage.WakeInsideCombiner st=FORWARDED_BATCH push?=no next?=no allow_push_to_pipe=yes
I0428 14:18:47.269485 1503736 promise_based_filter.cc:1115] CLI[compression:0x7fffd80011c0] ClientCallData.PollContext.Run: before calling poll; has_promise=true sent_initial_state=FORWARDED recv_trailing_state=FORWARDED captured={} recv_initial_metadata=RESPONDED
I0428 14:18:47.269499 1503736 promise_based_filter.cc:1756] CLI[compression:0x7fffd80011c0] ClientCallData.PollTrailingMetadata has_promise=true sent_initial_state=FORWARDED recv_trailing_state=FORWARDED captured={} recv_initial_metadata=RESPONDED
I0428 14:18:47.269511 1503736 promise_based_filter.cc:1119] CLI[compression:0x7fffd80011c0] ClientCallData.PollContext.Run: poll=<<pending>>; has_promise=true sent_initial_state=FORWARDED recv_trailing_state=FORWARDED captured={} recv_initial_metadata=RESPONDED
I0428 14:18:47.269525 1503736 promise_based_filter.cc:325] FLUSHER:forward batch:  SEND_MESSAGE:flags=0x00000000:len=67
I0428 14:18:47.269537 1503736 channel_stack.cc:297] OP[compression:0x7fffd80011c0]:  SEND_MESSAGE:flags=0x00000000:len=67
I0428 14:18:47.269554 1503736 promise_based_filter.cc:1031] CLI[message_size:0x7fffd8001190] ClientCallData.PollContext.Run has_promise=true sent_initial_state=FORWARDED recv_trailing_state=FORWARDED captured={}
I0428 14:18:47.269566 1503736 promise_based_filter.cc:507] CLI[message_size:0x7fffd8001190] SendMessage.WakeInsideCombiner st=FORWARDED_BATCH
I0428 14:18:47.269579 1503736 promise_based_filter.cc:811] CLI[message_size:0x7fffd8001190] ReceiveMessage.WakeInsideCombiner st=FORWARDED_BATCH push?=no next?=no allow_push_to_pipe=yes
I0428 14:18:47.269593 1503736 promise_based_filter.cc:1115] CLI[message_size:0x7fffd8001190] ClientCallData.PollContext.Run: before calling poll; has_promise=true sent_initial_state=FORWARDED recv_trailing_state=FORWARDED captured={}
I0428 14:18:47.269604 1503736 promise_based_filter.cc:1756] CLI[message_size:0x7fffd8001190] ClientCallData.PollTrailingMetadata has_promise=true sent_initial_state=FORWARDED recv_trailing_state=FORWARDED captured={}
I0428 14:18:47.269616 1503736 promise_based_filter.cc:1119] CLI[message_size:0x7fffd8001190] ClientCallData.PollContext.Run: poll=<<pending>>; has_promise=true sent_initial_state=FORWARDED recv_trailing_state=FORWARDED captured={}
I0428 14:18:47.269630 1503736 promise_based_filter.cc:1031] CLI[compression:0x7fffd80011c0] ClientCallData.PollContext.Run has_promise=true sent_initial_state=FORWARDED recv_trailing_state=FORWARDED captured={} recv_initial_metadata=RESPONDED
I0428 14:18:47.269642 1503736 promise_based_filter.cc:507] CLI[compression:0x7fffd80011c0] SendMessage.WakeInsideCombiner st=FORWARDED_BATCH
I0428 14:18:47.269654 1503736 promise_based_filter.cc:811] CLI[compression:0x7fffd80011c0] ReceiveMessage.WakeInsideCombiner st=FORWARDED_BATCH push?=no next?=no allow_push_to_pipe=yes
I0428 14:18:47.269668 1503736 promise_based_filter.cc:1115] CLI[compression:0x7fffd80011c0] ClientCallData.PollContext.Run: before calling poll; has_promise=true sent_initial_state=FORWARDED recv_trailing_state=FORWARDED captured={} recv_initial_metadata=RESPONDED
I0428 14:18:47.269680 1503736 promise_based_filter.cc:1756] CLI[compression:0x7fffd80011c0] ClientCallData.PollTrailingMetadata has_promise=true sent_initial_state=FORWARDED recv_trailing_state=FORWARDED captured={} recv_initial_metadata=RESPONDED
I0428 14:18:47.269692 1503736 promise_based_filter.cc:1119] CLI[compression:0x7fffd80011c0] ClientCallData.PollContext.Run: poll=<<pending>>; has_promise=true sent_initial_state=FORWARDED recv_trailing_state=FORWARDED captured={} recv_initial_metadata=RESPONDED
I0428 14:18:47.269895 1503736 promise_based_filter.cc:437] CLI[compression:0x7fffd80011c0] SendMessage.OnComplete st=FORWARDED_BATCH status=OK
I0428 14:18:47.269917 1503736 promise_based_filter.cc:1031] CLI[compression:0x7fffd80011c0] ClientCallData.PollContext.Run has_promise=true sent_initial_state=FORWARDED recv_trailing_state=FORWARDED captured={} recv_initial_metadata=RESPONDED
I0428 14:18:47.269931 1503736 promise_based_filter.cc:507] CLI[compression:0x7fffd80011c0] SendMessage.WakeInsideCombiner st=BATCH_COMPLETED status=OK
I0428 14:18:47.269944 1503736 promise_based_filter.cc:811] CLI[compression:0x7fffd80011c0] ReceiveMessage.WakeInsideCombiner st=FORWARDED_BATCH push?=no next?=no allow_push_to_pipe=yes
I0428 14:18:47.269959 1503736 promise_based_filter.cc:1115] CLI[compression:0x7fffd80011c0] ClientCallData.PollContext.Run: before calling poll; has_promise=true sent_initial_state=FORWARDED recv_trailing_state=FORWARDED captured={} recv_initial_metadata=RESPONDED
I0428 14:18:47.269972 1503736 promise_based_filter.cc:1756] CLI[compression:0x7fffd80011c0] ClientCallData.PollTrailingMetadata has_promise=true sent_initial_state=FORWARDED recv_trailing_state=FORWARDED captured={} recv_initial_metadata=RESPONDED
I0428 14:18:47.269984 1503736 promise_based_filter.cc:1119] CLI[compression:0x7fffd80011c0] ClientCallData.PollContext.Run: poll=<<pending>>; has_promise=true sent_initial_state=FORWARDED recv_trailing_state=FORWARDED captured={} recv_initial_metadata=RESPONDED
I0428 14:18:47.269999 1503736 promise_based_filter.cc:437] CLI[message_size:0x7fffd8001190] SendMessage.OnComplete st=FORWARDED_BATCH status=OK
I0428 14:18:47.270011 1503736 promise_based_filter.cc:1031] CLI[message_size:0x7fffd8001190] ClientCallData.PollContext.Run has_promise=true sent_initial_state=FORWARDED recv_trailing_state=FORWARDED captured={}
I0428 14:18:47.270006 1503743 promise_based_filter.cc:713] SVR[compression:0x7fffb8004628] ReceiveMessage.OnComplete st=FORWARDED_BATCH status=OK
I0428 14:18:47.270023 1503736 promise_based_filter.cc:507] CLI[message_size:0x7fffd8001190] SendMessage.WakeInsideCombiner st=BATCH_COMPLETED status=OK
I0428 14:18:47.270042 1503743 promise_based_filter.cc:2427] SVR[compression:0x7fffb8004628]: WakeInsideCombiner have_promise=true recv_initial_state=COMPLETE send_trailing_state=INITIAL captured={} send_initial_metadata=FORWARDED
I0428 14:18:47.270051 1503736 promise_based_filter.cc:811] CLI[message_size:0x7fffd8001190] ReceiveMessage.WakeInsideCombiner st=FORWARDED_BATCH push?=no next?=no allow_push_to_pipe=yes
I0428 14:18:47.270062 1503743 promise_based_filter.cc:507] SVR[compression:0x7fffb8004628] SendMessage.WakeInsideCombiner st=IDLE
I0428 14:18:47.270066 1503736 promise_based_filter.cc:1115] CLI[message_size:0x7fffd8001190] ClientCallData.PollContext.Run: before calling poll; has_promise=true sent_initial_state=FORWARDED recv_trailing_state=FORWARDED captured={}
I0428 14:18:47.270077 1503743 promise_based_filter.cc:2469] SVR[compression:0x7fffb8004628]: After send_message WakeInsideCombiner have_promise=true recv_initial_state=COMPLETE send_trailing_state=INITIAL captured={} send_initial_metadata=FORWARDED is_idle=true is_forwarded=false
