   ~/Workspace/grpc                                                                          rishesh@rishesh-mac  14:18:45   
❯  source /usr/local/google/home/rishesh/Workspace/grpc/.venv-ci-black/bin/activate
   ~/Workspace/grpc                                                      .venv-ci-black    rishesh@rishesh-mac  14:18:45   
❯  /usr/local/google/home/rishesh/.vscode-server/extensions/vadimcn.vscode-lldb-1.11.5/adapter/codelldb terminal-agent --connect=35099 
W0428 14:18:47.079749 1503457 log.cc:110] Log level DEBUG is not suitable for production. Prefer WARNING or ERROR. However if you see this message in a debug environment or test environment it is safe to ignore this message.
I0428 14:18:47.079840 1503457 test_config.cc:152] test slowdown factor: sanitizer=1, fixture=1, poller=1, total=1
I0428 14:18:47.079967 1503457 config.cc:256] gRPC experiments enabled: call_tracer_in_transport, call_tracer_send_initial_metadata_is_an_annotation, chaotic_good_connect_deadline, chaotic_good_framing_layer, error_flatten, event_engine_callback_cq, event_engine_client, event_engine_dns, event_engine_dns_non_client_channel, event_engine_for_all_other_endpoints, event_engine_fork, event_engine_listener, event_engine_poller_for_python, max_inflight_pings_strict_limit, metadata_publish_to_app_tag, monitoring_experiment, pick_first_ready_to_connecting, sleep_use_non_owning_waker, subchannel_wrapper_cleanup_on_orphan, xds_channel_filter_chain_per_route
E0428 14:18:47.080225 1503457 trace.cc:86] Unknown tracer: call_spine
E0428 14:18:47.080260 1503457 trace.cc:86] Unknown tracer: promise_filter
E0428 14:18:47.080302 1503457 trace.cc:86] Unknown tracer: filter_stack_call
I0428 14:18:47.080317 1503457 trace.cc:91] gRPC Tracers: ext_proc_filter, channel
[==========] Running 1 test from 1 test suite.
[----------] Global test environment set-up.
[----------] 1 test from XdsTest/XdsExtProcEnd2endTest
[ RUN      ] XdsTest/XdsExtProcEnd2endTest.MessageFailureHook/V3
I0428 14:18:47.084186 1503457 lb_policy_registry.cc:45] registering LB policy factory for "priority_experimental"
I0428 14:18:47.084225 1503457 lb_policy_registry.cc:45] registering LB policy factory for "outlier_detection_experimental"
I0428 14:18:47.084239 1503457 lb_policy_registry.cc:45] registering LB policy factory for "weighted_target_experimental"
I0428 14:18:47.084252 1503457 lb_policy_registry.cc:45] registering LB policy factory for "pick_first"
I0428 14:18:47.084264 1503457 lb_policy_registry.cc:45] registering LB policy factory for "round_robin"
I0428 14:18:47.084276 1503457 lb_policy_registry.cc:45] registering LB policy factory for "ring_hash_experimental"
I0428 14:18:47.084288 1503457 lb_policy_registry.cc:45] registering LB policy factory for "weighted_round_robin"
I0428 14:18:47.084326 1503457 lb_policy_registry.cc:45] registering LB policy factory for "grpclb"
I0428 14:18:47.084365 1503457 dns_resolver_plugin.cc:45] Using EventEngine dns resolver
I0428 14:18:47.084390 1503457 lb_policy_registry.cc:45] registering LB policy factory for "rls_experimental"
I0428 14:18:47.084444 1503457 lb_policy_registry.cc:45] registering LB policy factory for "xds_cluster_manager_experimental"
I0428 14:18:47.084461 1503457 lb_policy_registry.cc:45] registering LB policy factory for "xds_cluster_impl_experimental"
I0428 14:18:47.084472 1503457 lb_policy_registry.cc:45] registering LB policy factory for "cds_experimental"
I0428 14:18:47.084485 1503457 lb_policy_registry.cc:45] registering LB policy factory for "xds_override_host_experimental"
I0428 14:18:47.084496 1503457 lb_policy_registry.cc:45] registering LB policy factory for "xds_wrr_locality_experimental"
I0428 14:18:47.084511 1503457 certificate_provider_registry.cc:34] registering certificate provider factory for "file_watcher"
I0428 14:18:47.089694 1503457 xds_end2end_test_lib.cc:157] starting Balancer server on port 25482
I0428 14:18:47.090071 1503757 server_builder.cc:410] Callback server.
I0428 14:18:47.091034 1503457 xds_end2end_test_lib.cc:169] Balancer server startup complete
I0428 14:18:47.101977 1503457 xds_server.cc:50] ADS[0x55555833d1c0:Default Balancer]: Updating type.googleapis.com/envoy.config.listener.v3.Listener resource server.example.com; resource_type_version now 1
I0428 14:18:47.105459 1503457 xds_server.cc:50] ADS[0x55555833d1c0:Default Balancer]: Updating type.googleapis.com/envoy.config.cluster.v3.Cluster resource cluster_name; resource_type_version now 1
I0428 14:18:47.107171 1503457 xds_end2end_test_lib.cc:157] starting Backend server on port 24109
I0428 14:18:47.107592 1503773 server_builder.cc:403] Synchronous server. Num CQs: 1, Min pollers: 1, Max Pollers: 2, CQ timeout (msec): 10000
I0428 14:18:47.108966 1503457 xds_end2end_test_lib.cc:169] Backend server startup complete
I0428 14:18:47.110534 1503457 xds_server.cc:50] ADS[0x55555833d1c0:Default Balancer]: Updating type.googleapis.com/envoy.config.listener.v3.Listener resource server.example.com; resource_type_version now 2
I0428 14:18:47.110608 1503457 xds_server.cc:50] ADS[0x55555833d1c0:Default Balancer]: Updating type.googleapis.com/envoy.config.cluster.v3.Cluster resource ext_proc_cluster; resource_type_version now 2
I0428 14:18:47.111135 1503457 xds_server.cc:50] ADS[0x55555833d1c0:Default Balancer]: Updating type.googleapis.com/envoy.config.endpoint.v3.ClusterLoadAssignment resource eds_service_name; resource_type_version now 1
I0428 14:18:47.111266 1503457 filter_stack_call.cc:296] OP[client_idle:0x555558386960]:  SEND_INITIAL_METADATA{:path: /grpc.testing.EchoTestService/Echo, grpc-timeout: @6143ms, GrpcRegisteredMethod: 0x1, WaitForReady: false} SEND_MESSAGE:flags=0x00000000:len=24 SEND_TRAILING_METADATA{} RECV_INITIAL_METADATA RECV_MESSAGE RECV_TRAILING_METADATA
I0428 14:18:47.111335 1503457 promise_based_filter.cc:1412] CLI[client_idle:0x555558386960] StartBatch has_promise=false sent_initial_state=INITIAL recv_trailing_state=INITIAL captured={}
I0428 14:18:47.111355 1503457 promise_based_filter.cc:1695] CLI[client_idle:0x555558386960] ClientCallData.MakeNextPromise has_promise=false sent_initial_state=QUEUED recv_trailing_state=QUEUED captured={send_initial_metadata}
I0428 14:18:47.111373 1503457 promise_based_filter.cc:1031] CLI[client_idle:0x555558386960] ClientCallData.PollContext.Run has_promise=true sent_initial_state=QUEUED recv_trailing_state=QUEUED captured={send_initial_metadata}
I0428 14:18:47.111385 1503457 promise_based_filter.cc:1115] CLI[client_idle:0x555558386960] ClientCallData.PollContext.Run: before calling poll; has_promise=true sent_initial_state=QUEUED recv_trailing_state=QUEUED captured={send_initial_metadata}
I0428 14:18:47.111398 1503457 promise_based_filter.cc:1756] CLI[client_idle:0x555558386960] ClientCallData.PollTrailingMetadata has_promise=true sent_initial_state=QUEUED recv_trailing_state=QUEUED captured={send_initial_metadata}
I0428 14:18:47.111411 1503457 promise_based_filter.cc:1119] CLI[client_idle:0x555558386960] ClientCallData.PollContext.Run: poll=<<pending>>; has_promise=true sent_initial_state=FORWARDED recv_trailing_state=FORWARDED captured={}
I0428 14:18:47.111431 1503457 promise_based_filter.cc:325] FLUSHER:forward batch:  SEND_INITIAL_METADATA{:path: /grpc.testing.EchoTestService/Echo, grpc-timeout: @6143ms, GrpcRegisteredMethod: 0x1, WaitForReady: false} SEND_MESSAGE:flags=0x00000000:len=24 SEND_TRAILING_METADATA{} RECV_INITIAL_METADATA RECV_MESSAGE RECV_TRAILING_METADATA
I0428 14:18:47.111459 1503457 channel_stack.cc:297] OP[client_idle:0x555558386960]:  SEND_INITIAL_METADATA{:path: /grpc.testing.EchoTestService/Echo, grpc-timeout: @6143ms, GrpcRegisteredMethod: 0x1, WaitForReady: false} SEND_MESSAGE:flags=0x00000000:len=24 SEND_TRAILING_METADATA{} RECV_INITIAL_METADATA RECV_MESSAGE RECV_TRAILING_METADATA
I0428 14:18:47.121156 1503734 filter_stack_call.cc:296] OP[client_idle:0x7fffec1a0770]:  SEND_INITIAL_METADATA{:path: /envoy.service.discovery.v3.AggregatedDiscoveryService/StreamAggregatedResources, GrpcRegisteredMethod: 0x1, WaitForReady: true (explicit)} RECV_INITIAL_METADATA
I0428 14:18:47.121231 1503734 promise_based_filter.cc:1412] CLI[client_idle:0x7fffec1a0770] StartBatch has_promise=false sent_initial_state=INITIAL recv_trailing_state=INITIAL captured={}
I0428 14:18:47.121253 1503734 promise_based_filter.cc:1695] CLI[client_idle:0x7fffec1a0770] ClientCallData.MakeNextPromise has_promise=false sent_initial_state=QUEUED recv_trailing_state=INITIAL captured={send_initial_metadata}
I0428 14:18:47.121270 1503734 promise_based_filter.cc:1031] CLI[client_idle:0x7fffec1a0770] ClientCallData.PollContext.Run has_promise=true sent_initial_state=QUEUED recv_trailing_state=INITIAL captured={send_initial_metadata}
I0428 14:18:47.121284 1503734 promise_based_filter.cc:1115] CLI[client_idle:0x7fffec1a0770] ClientCallData.PollContext.Run: before calling poll; has_promise=true sent_initial_state=QUEUED recv_trailing_state=INITIAL captured={send_initial_metadata}
I0428 14:18:47.121295 1503734 promise_based_filter.cc:1756] CLI[client_idle:0x7fffec1a0770] ClientCallData.PollTrailingMetadata has_promise=true sent_initial_state=QUEUED recv_trailing_state=INITIAL captured={send_initial_metadata}
I0428 14:18:47.121307 1503734 promise_based_filter.cc:1119] CLI[client_idle:0x7fffec1a0770] ClientCallData.PollContext.Run: poll=<<pending>>; has_promise=true sent_initial_state=FORWARDED recv_trailing_state=INITIAL captured={}
I0428 14:18:47.121322 1503734 promise_based_filter.cc:325] FLUSHER:forward batch:  SEND_INITIAL_METADATA{:path: /envoy.service.discovery.v3.AggregatedDiscoveryService/StreamAggregatedResources, GrpcRegisteredMethod: 0x1, WaitForReady: true (explicit)} RECV_INITIAL_METADATA
I0428 14:18:47.121346 1503734 channel_stack.cc:297] OP[client_idle:0x7fffec1a0770]:  SEND_INITIAL_METADATA{:path: /envoy.service.discovery.v3.AggregatedDiscoveryService/StreamAggregatedResources, GrpcRegisteredMethod: 0x1, WaitForReady: true (explicit)} RECV_INITIAL_METADATA
I0428 14:18:47.122447 1503744 dynamic_filters.cc:76] OP[retry_filter:0x7fffbc000fd0]:  SEND_INITIAL_METADATA{:path: /envoy.service.discovery.v3.AggregatedDiscoveryService/StreamAggregatedResources, GrpcRegisteredMethod: 0x1, WaitForReady: true (explicit)} RECV_INITIAL_METADATA
I0428 14:18:47.122540 1503744 client_channel_filter.cc:2593] chand=0x7fffec197270 lb_call=0x7fffbc002660: batch started from above:  SEND_INITIAL_METADATA{:path: /envoy.service.discovery.v3.AggregatedDiscoveryService/StreamAggregatedResources, GrpcRegisteredMethod: 0x1, WaitForReady: true (explicit)} RECV_INITIAL_METADATA, call_attempt_tracer_=0
I0428 14:18:47.124194 1503739 subchannel.cc:333] OP[authority:0x7fffd8001160]:  SEND_INITIAL_METADATA{:path: /envoy.service.discovery.v3.AggregatedDiscoveryService/StreamAggregatedResources, GrpcRegisteredMethod: 0x1, WaitForReady: true (explicit)} RECV_INITIAL_METADATA
I0428 14:18:47.124253 1503739 promise_based_filter.cc:1412] CLI[authority:0x7fffd8001160] StartBatch has_promise=false sent_initial_state=INITIAL recv_trailing_state=INITIAL captured={}
I0428 14:18:47.124275 1503739 promise_based_filter.cc:1695] CLI[authority:0x7fffd8001160] ClientCallData.MakeNextPromise has_promise=false sent_initial_state=QUEUED recv_trailing_state=INITIAL captured={send_initial_metadata}
I0428 14:18:47.124296 1503739 promise_based_filter.cc:1031] CLI[authority:0x7fffd8001160] ClientCallData.PollContext.Run has_promise=true sent_initial_state=QUEUED recv_trailing_state=INITIAL captured={send_initial_metadata}
I0428 14:18:47.124310 1503739 promise_based_filter.cc:1115] CLI[authority:0x7fffd8001160] ClientCallData.PollContext.Run: before calling poll; has_promise=true sent_initial_state=QUEUED recv_trailing_state=INITIAL captured={send_initial_metadata}
I0428 14:18:47.124323 1503739 promise_based_filter.cc:1756] CLI[authority:0x7fffd8001160] ClientCallData.PollTrailingMetadata has_promise=true sent_initial_state=QUEUED recv_trailing_state=INITIAL captured={send_initial_metadata}
I0428 14:18:47.124337 1503739 promise_based_filter.cc:1119] CLI[authority:0x7fffd8001160] ClientCallData.PollContext.Run: poll=<<pending>>; has_promise=true sent_initial_state=FORWARDED recv_trailing_state=INITIAL captured={}
I0428 14:18:47.124352 1503739 promise_based_filter.cc:325] FLUSHER:forward batch:  SEND_INITIAL_METADATA{:authority: localhost:25482, :path: /envoy.service.discovery.v3.AggregatedDiscoveryService/StreamAggregatedResources, GrpcRegisteredMethod: 0x1, WaitForReady: true (explicit)} RECV_INITIAL_METADATA
I0428 14:18:47.124383 1503739 channel_stack.cc:297] OP[authority:0x7fffd8001160]:  SEND_INITIAL_METADATA{:authority: localhost:25482, :path: /envoy.service.discovery.v3.AggregatedDiscoveryService/StreamAggregatedResources, GrpcRegisteredMethod: 0x1, WaitForReady: true (explicit)} RECV_INITIAL_METADATA
I0428 14:18:47.124408 1503739 promise_based_filter.cc:1412] CLI[client-auth-filter:0x7fffd8001178] StartBatch has_promise=false sent_initial_state=INITIAL recv_trailing_state=INITIAL captured={}
I0428 14:18:47.124430 1503739 promise_based_filter.cc:1031] CLI[client-auth-filter:0x7fffd8001178] ClientCallData.PollContext.Run has_promise=true sent_initial_state=QUEUED recv_trailing_state=INITIAL captured={send_initial_metadata}
I0428 14:18:47.124443 1503739 promise_based_filter.cc:1115] CLI[client-auth-filter:0x7fffd8001178] ClientCallData.PollContext.Run: before calling poll; has_promise=true sent_initial_state=QUEUED recv_trailing_state=INITIAL captured={send_initial_metadata}
I0428 14:18:47.124464 1503739 promise_based_filter.cc:1695] CLI[client-auth-filter:0x7fffd8001178] ClientCallData.MakeNextPromise has_promise=true sent_initial_state=QUEUED recv_trailing_state=INITIAL captured={send_initial_metadata}
I0428 14:18:47.124478 1503739 promise_based_filter.cc:1756] CLI[client-auth-filter:0x7fffd8001178] ClientCallData.PollTrailingMetadata has_promise=true sent_initial_state=QUEUED recv_trailing_state=INITIAL captured={send_initial_metadata}
I0428 14:18:47.124490 1503739 promise_based_filter.cc:1119] CLI[client-auth-filter:0x7fffd8001178] ClientCallData.PollContext.Run: poll=<<pending>>; has_promise=true sent_initial_state=FORWARDED recv_trailing_state=INITIAL captured={}
I0428 14:18:47.124503 1503739 promise_based_filter.cc:325] FLUSHER:forward batch:  SEND_INITIAL_METADATA{:authority: localhost:25482, :path: /envoy.service.discovery.v3.AggregatedDiscoveryService/StreamAggregatedResources, GrpcRegisteredMethod: 0x1, WaitForReady: true (explicit)} RECV_INITIAL_METADATA
I0428 14:18:47.124526 1503739 channel_stack.cc:297] OP[client-auth-filter:0x7fffd8001178]:  SEND_INITIAL_METADATA{:authority: localhost:25482, :path: /envoy.service.discovery.v3.AggregatedDiscoveryService/StreamAggregatedResources, GrpcRegisteredMethod: 0x1, WaitForReady: true (explicit)} RECV_INITIAL_METADATA
I0428 14:18:47.124550 1503739 promise_based_filter.cc:1412] CLI[message_size:0x7fffd8001190] StartBatch has_promise=false sent_initial_state=INITIAL recv_trailing_state=INITIAL captured={}
I0428 14:18:47.124566 1503739 promise_based_filter.cc:1695] CLI[message_size:0x7fffd8001190] ClientCallData.MakeNextPromise has_promise=false sent_initial_state=QUEUED recv_trailing_state=INITIAL captured={send_initial_metadata}
I0428 14:18:47.124579 1503739 promise_based_filter.cc:391] CLI[message_size:0x7fffd8001190] SendMessage.GotPipe st=INITIAL
I0428 14:18:47.124594 1503739 promise_based_filter.cc:678] CLI[message_size:0x7fffd8001190] ReceiveMessage.GotPipe st=INITIAL
I0428 14:18:47.124607 1503739 promise_based_filter.cc:1031] CLI[message_size:0x7fffd8001190] ClientCallData.PollContext.Run has_promise=true sent_initial_state=QUEUED recv_trailing_state=INITIAL captured={send_initial_metadata}
I0428 14:18:47.124620 1503739 promise_based_filter.cc:507] CLI[message_size:0x7fffd8001190] SendMessage.WakeInsideCombiner st=IDLE
I0428 14:18:47.124632 1503739 promise_based_filter.cc:811] CLI[message_size:0x7fffd8001190] ReceiveMessage.WakeInsideCombiner st=IDLE push?=no next?=no allow_push_to_pipe=yes
I0428 14:18:47.124720 1503739 promise_based_filter.cc:1115] CLI[message_size:0x7fffd8001190] ClientCallData.PollContext.Run: before calling poll; has_promise=true sent_initial_state=QUEUED recv_trailing_state=INITIAL captured={send_initial_metadata}
I0428 14:18:47.124734 1503739 promise_based_filter.cc:1756] CLI[message_size:0x7fffd8001190] ClientCallData.PollTrailingMetadata has_promise=true sent_initial_state=QUEUED recv_trailing_state=INITIAL captured={send_initial_metadata}
I0428 14:18:47.124746 1503739 promise_based_filter.cc:1119] CLI[message_size:0x7fffd8001190] ClientCallData.PollContext.Run: poll=<<pending>>; has_promise=true sent_initial_state=FORWARDED recv_trailing_state=INITIAL captured={}
I0428 14:18:47.124759 1503739 promise_based_filter.cc:325] FLUSHER:forward batch:  SEND_INITIAL_METADATA{:authority: localhost:25482, :path: /envoy.service.discovery.v3.AggregatedDiscoveryService/StreamAggregatedResources, GrpcRegisteredMethod: 0x1, WaitForReady: true (explicit)} RECV_INITIAL_METADATA
I0428 14:18:47.124784 1503739 channel_stack.cc:297] OP[message_size:0x7fffd8001190]:  SEND_INITIAL_METADATA{:authority: localhost:25482, :path: /envoy.service.discovery.v3.AggregatedDiscoveryService/StreamAggregatedResources, GrpcRegisteredMethod: 0x1, WaitForReady: true (explicit)} RECV_INITIAL_METADATA
I0428 14:18:47.124808 1503739 promise_based_filter.cc:1412] CLI[http-client:0x7fffd80011a8] StartBatch has_promise=false sent_initial_state=INITIAL recv_trailing_state=INITIAL captured={} recv_initial_metadata=INITIAL
I0428 14:18:47.124827 1503739 promise_based_filter.cc:1695] CLI[http-client:0x7fffd80011a8] ClientCallData.MakeNextPromise has_promise=false sent_initial_state=QUEUED recv_trailing_state=INITIAL captured={send_initial_metadata} recv_initial_metadata=HOOKED_WAITING_FOR_PIPE
I0428 14:18:47.124843 1503739 promise_based_filter.cc:1031] CLI[http-client:0x7fffd80011a8] ClientCallData.PollContext.Run has_promise=true sent_initial_state=QUEUED recv_trailing_state=INITIAL captured={send_initial_metadata} recv_initial_metadata=HOOKED_AND_GOT_PIPE
I0428 14:18:47.124856 1503739 promise_based_filter.cc:1115] CLI[http-client:0x7fffd80011a8] ClientCallData.PollContext.Run: before calling poll; has_promise=true sent_initial_state=QUEUED recv_trailing_state=INITIAL captured={send_initial_metadata} recv_initial_metadata=HOOKED_AND_GOT_PIPE
I0428 14:18:47.124869 1503739 promise_based_filter.cc:1756] CLI[http-client:0x7fffd80011a8] ClientCallData.PollTrailingMetadata has_promise=true sent_initial_state=QUEUED recv_trailing_state=INITIAL captured={send_initial_metadata} recv_initial_metadata=HOOKED_AND_GOT_PIPE
I0428 14:18:47.124882 1503739 promise_based_filter.cc:1119] CLI[http-client:0x7fffd80011a8] ClientCallData.PollContext.Run: poll=<<pending>>; has_promise=true sent_initial_state=FORWARDED recv_trailing_state=INITIAL captured={} recv_initial_metadata=HOOKED_AND_GOT_PIPE
I0428 14:18:47.124895 1503739 promise_based_filter.cc:325] FLUSHER:forward batch:  SEND_INITIAL_METADATA{user-agent: grpc-c/53.0.0 (linux; chttp2), :authority: localhost:25482, :path: /envoy.service.discovery.v3.AggregatedDiscoveryService/StreamAggregatedResources, GrpcRegisteredMethod: 0x1, WaitForReady: true (explicit), te: trailers, content-type: application/grpc, :scheme: http, :method: POST} RECV_INITIAL_METADATA
I0428 14:18:47.124928 1503739 channel_stack.cc:297] OP[http-client:0x7fffd80011a8]:  SEND_INITIAL_METADATA{user-agent: grpc-c/53.0.0 (linux; chttp2), :authority: localhost:25482, :path: /envoy.service.discovery.v3.AggregatedDiscoveryService/StreamAggregatedResources, GrpcRegisteredMethod: 0x1, WaitForReady: true (explicit), te: trailers, content-type: application/grpc, :scheme: http, :method: POST} RECV_INITIAL_METADATA
I0428 14:18:47.124959 1503739 promise_based_filter.cc:1412] CLI[compression:0x7fffd80011c0] StartBatch has_promise=false sent_initial_state=INITIAL recv_trailing_state=INITIAL captured={} recv_initial_metadata=INITIAL
I0428 14:18:47.124977 1503739 promise_based_filter.cc:1695] CLI[compression:0x7fffd80011c0] ClientCallData.MakeNextPromise has_promise=false sent_initial_state=QUEUED recv_trailing_state=INITIAL captured={send_initial_metadata} recv_initial_metadata=HOOKED_WAITING_FOR_PIPE
I0428 14:18:47.124990 1503739 promise_based_filter.cc:391] CLI[compression:0x7fffd80011c0] SendMessage.GotPipe st=INITIAL
I0428 14:18:47.125002 1503739 promise_based_filter.cc:678] CLI[compression:0x7fffd80011c0] ReceiveMessage.GotPipe st=INITIAL
I0428 14:18:47.125014 1503739 promise_based_filter.cc:1031] CLI[compression:0x7fffd80011c0] ClientCallData.PollContext.Run has_promise=true sent_initial_state=QUEUED recv_trailing_state=INITIAL captured={send_initial_metadata} recv_initial_metadata=HOOKED_AND_GOT_PIPE
I0428 14:18:47.125027 1503739 promise_based_filter.cc:507] CLI[compression:0x7fffd80011c0] SendMessage.WakeInsideCombiner st=IDLE
I0428 14:18:47.125042 1503739 promise_based_filter.cc:811] CLI[compression:0x7fffd80011c0] ReceiveMessage.WakeInsideCombiner st=IDLE push?=no next?=no allow_push_to_pipe=no
I0428 14:18:47.125055 1503739 promise_based_filter.cc:1115] CLI[compression:0x7fffd80011c0] ClientCallData.PollContext.Run: before calling poll; has_promise=true sent_initial_state=QUEUED recv_trailing_state=INITIAL captured={send_initial_metadata} recv_initial_metadata=HOOKED_AND_GOT_PIPE
I0428 14:18:47.125068 1503739 promise_based_filter.cc:1756] CLI[compression:0x7fffd80011c0] ClientCallData.PollTrailingMetadata has_promise=true sent_initial_state=QUEUED recv_trailing_state=INITIAL captured={send_initial_metadata} recv_initial_metadata=HOOKED_AND_GOT_PIPE
I0428 14:18:47.125080 1503739 promise_based_filter.cc:1119] CLI[compression:0x7fffd80011c0] ClientCallData.PollContext.Run: poll=<<pending>>; has_promise=true sent_initial_state=FORWARDED recv_trailing_state=INITIAL captured={} recv_initial_metadata=HOOKED_AND_GOT_PIPE
I0428 14:18:47.125093 1503739 promise_based_filter.cc:325] FLUSHER:forward batch:  SEND_INITIAL_METADATA{user-agent: grpc-c/53.0.0 (linux; chttp2), :authority: localhost:25482, :path: /envoy.service.discovery.v3.AggregatedDiscoveryService/StreamAggregatedResources, GrpcRegisteredMethod: 0x1, WaitForReady: true (explicit), grpc-accept-encoding: identity, deflate, gzip, te: trailers, content-type: application/grpc, :scheme: http, :method: POST} RECV_INITIAL_METADATA
I0428 14:18:47.125129 1503739 channel_stack.cc:297] OP[compression:0x7fffd80011c0]:  SEND_INITIAL_METADATA{user-agent: grpc-c/53.0.0 (linux; chttp2), :authority: localhost:25482, :path: /envoy.service.discovery.v3.AggregatedDiscoveryService/StreamAggregatedResources, GrpcRegisteredMethod: 0x1, WaitForReady: true (explicit), grpc-accept-encoding: identity, deflate, gzip, te: trailers, content-type: application/grpc, :scheme: http, :method: POST} RECV_INITIAL_METADATA
I0428 14:18:47.125166 1503739 filter_stack_call.cc:296] OP[client_idle:0x7fffec1a0770]:  RECV_TRAILING_METADATA
I0428 14:18:47.125179 1503739 promise_based_filter.cc:1412] CLI[client_idle:0x7fffec1a0770] StartBatch has_promise=true sent_initial_state=FORWARDED recv_trailing_state=INITIAL captured={}
I0428 14:18:47.125192 1503739 promise_based_filter.cc:325] FLUSHER:forward batch:  RECV_TRAILING_METADATA
I0428 14:18:47.125202 1503739 channel_stack.cc:297] OP[client_idle:0x7fffec1a0770]:  RECV_TRAILING_METADATA
I0428 14:18:47.125214 1503739 dynamic_filters.cc:76] OP[retry_filter:0x7fffbc000fd0]:  RECV_TRAILING_METADATA
I0428 14:18:47.125232 1503739 client_channel_filter.cc:2593] chand=0x7fffec197270 lb_call=0x7fffbc002660: batch started from above:  RECV_TRAILING_METADATA, call_attempt_tracer_=0
I0428 14:18:47.125247 1503739 subchannel.cc:333] OP[authority:0x7fffd8001160]:  RECV_TRAILING_METADATA
I0428 14:18:47.125259 1503739 promise_based_filter.cc:1412] CLI[authority:0x7fffd8001160] StartBatch has_promise=true sent_initial_state=FORWARDED recv_trailing_state=INITIAL captured={}
I0428 14:18:47.125272 1503739 promise_based_filter.cc:325] FLUSHER:forward batch:  RECV_TRAILING_METADATA
I0428 14:18:47.125281 1503739 channel_stack.cc:297] OP[authority:0x7fffd8001160]:  RECV_TRAILING_METADATA
I0428 14:18:47.125292 1503739 promise_based_filter.cc:1412] CLI[client-auth-filter:0x7fffd8001178] StartBatch has_promise=true sent_initial_state=FORWARDED recv_trailing_state=INITIAL captured={}
I0428 14:18:47.125304 1503739 promise_based_filter.cc:325] FLUSHER:forward batch:  RECV_TRAILING_METADATA
I0428 14:18:47.125314 1503739 channel_stack.cc:297] OP[client-auth-filter:0x7fffd8001178]:  RECV_TRAILING_METADATA
I0428 14:18:47.125325 1503739 promise_based_filter.cc:1412] CLI[message_size:0x7fffd8001190] StartBatch has_promise=true sent_initial_state=FORWARDED recv_trailing_state=INITIAL captured={}
I0428 14:18:47.125337 1503739 promise_based_filter.cc:325] FLUSHER:forward batch:  RECV_TRAILING_METADATA
I0428 14:18:47.125346 1503739 channel_stack.cc:297] OP[message_size:0x7fffd8001190]:  RECV_TRAILING_METADATA
I0428 14:18:47.125364 1503739 promise_based_filter.cc:1412] CLI[http-client:0x7fffd80011a8] StartBatch has_promise=true sent_initial_state=FORWARDED recv_trailing_state=INITIAL captured={} recv_initial_metadata=HOOKED_AND_GOT_PIPE
I0428 14:18:47.125376 1503739 promise_based_filter.cc:325] FLUSHER:forward batch:  RECV_TRAILING_METADATA
I0428 14:18:47.125384 1503739 channel_stack.cc:297] OP[http-client:0x7fffd80011a8]:  RECV_TRAILING_METADATA
I0428 14:18:47.125396 1503739 promise_based_filter.cc:1412] CLI[compression:0x7fffd80011c0] StartBatch has_promise=true sent_initial_state=FORWARDED recv_trailing_state=INITIAL captured={} recv_initial_metadata=HOOKED_AND_GOT_PIPE
I0428 14:18:47.125408 1503739 promise_based_filter.cc:325] FLUSHER:forward batch:  RECV_TRAILING_METADATA
I0428 14:18:47.125418 1503739 channel_stack.cc:297] OP[compression:0x7fffd80011c0]:  RECV_TRAILING_METADATA
I0428 14:18:47.125431 1503739 filter_stack_call.cc:296] OP[client_idle:0x7fffec1a0770]:  SEND_MESSAGE:flags=0x00000000:len=243
I0428 14:18:47.125448 1503739 promise_based_filter.cc:1412] CLI[client_idle:0x7fffec1a0770] StartBatch has_promise=true sent_initial_state=FORWARDED recv_trailing_state=FORWARDED captured={}
I0428 14:18:47.125460 1503739 promise_based_filter.cc:325] FLUSHER:forward batch:  SEND_MESSAGE:flags=0x00000000:len=243
I0428 14:18:47.125471 1503739 channel_stack.cc:297] OP[client_idle:0x7fffec1a0770]:  SEND_MESSAGE:flags=0x00000000:len=243
I0428 14:18:47.125484 1503739 dynamic_filters.cc:76] OP[retry_filter:0x7fffbc000fd0]:  SEND_MESSAGE:flags=0x00000000:len=243
I0428 14:18:47.125502 1503739 client_channel_filter.cc:2593] chand=0x7fffec197270 lb_call=0x7fffbc002660: batch started from above:  SEND_MESSAGE:flags=0x00000000:len=243, call_attempt_tracer_=0
I0428 14:18:47.125517 1503739 subchannel.cc:333] OP[authority:0x7fffd8001160]:  SEND_MESSAGE:flags=0x00000000:len=243
I0428 14:18:47.125533 1503739 promise_based_filter.cc:1412] CLI[authority:0x7fffd8001160] StartBatch has_promise=true sent_initial_state=FORWARDED recv_trailing_state=FORWARDED captured={}
I0428 14:18:47.125545 1503739 promise_based_filter.cc:325] FLUSHER:forward batch:  SEND_MESSAGE:flags=0x00000000:len=243
I0428 14:18:47.125555 1503739 channel_stack.cc:297] OP[authority:0x7fffd8001160]:  SEND_MESSAGE:flags=0x00000000:len=243
I0428 14:18:47.125568 1503739 promise_based_filter.cc:1412] CLI[client-auth-filter:0x7fffd8001178] StartBatch has_promise=true sent_initial_state=FORWARDED recv_trailing_state=FORWARDED captured={}
I0428 14:18:47.125580 1503739 promise_based_filter.cc:325] FLUSHER:forward batch:  SEND_MESSAGE:flags=0x00000000:len=243
I0428 14:18:47.125591 1503739 channel_stack.cc:297] OP[client-auth-filter:0x7fffd8001178]:  SEND_MESSAGE:flags=0x00000000:len=243
I0428 14:18:47.125604 1503739 promise_based_filter.cc:1412] CLI[message_size:0x7fffd8001190] StartBatch has_promise=true sent_initial_state=FORWARDED recv_trailing_state=FORWARDED captured={}
I0428 14:18:47.125616 1503739 promise_based_filter.cc:365] CLI[message_size:0x7fffd8001190] SendMessage.StartOp st=IDLE
I0428 14:18:47.125627 1503739 promise_based_filter.cc:1031] CLI[message_size:0x7fffd8001190] ClientCallData.PollContext.Run has_promise=true sent_initial_state=FORWARDED recv_trailing_state=FORWARDED captured={send_message}
I0428 14:18:47.125640 1503739 promise_based_filter.cc:507] CLI[message_size:0x7fffd8001190] SendMessage.WakeInsideCombiner st=GOT_BATCH
I0428 14:18:47.125665 1503739 promise_based_filter.cc:554] CLI[message_size:0x7fffd8001190] SendMessage.WakeInsideCombiner next complete, result.has_value=true
I0428 14:18:47.125679 1503739 promise_based_filter.cc:811] CLI[message_size:0x7fffd8001190] ReceiveMessage.WakeInsideCombiner st=IDLE push?=no next?=no allow_push_to_pipe=yes
I0428 14:18:47.125693 1503739 promise_based_filter.cc:1115] CLI[message_size:0x7fffd8001190] ClientCallData.PollContext.Run: before calling poll; has_promise=true sent_initial_state=FORWARDED recv_trailing_state=FORWARDED captured={}
I0428 14:18:47.125705 1503739 promise_based_filter.cc:1756] CLI[message_size:0x7fffd8001190] ClientCallData.PollTrailingMetadata has_promise=true sent_initial_state=FORWARDED recv_trailing_state=FORWARDED captured={}
I0428 14:18:47.125716 1503739 promise_based_filter.cc:1119] CLI[message_size:0x7fffd8001190] ClientCallData.PollContext.Run: poll=<<pending>>; has_promise=true sent_initial_state=FORWARDED recv_trailing_state=FORWARDED captured={}
I0428 14:18:47.125730 1503739 promise_based_filter.cc:325] FLUSHER:forward batch:  SEND_MESSAGE:flags=0x00000000:len=243
I0428 14:18:47.125742 1503739 channel_stack.cc:297] OP[message_size:0x7fffd8001190]:  SEND_MESSAGE:flags=0x00000000:len=243
I0428 14:18:47.125755 1503739 promise_based_filter.cc:1412] CLI[http-client:0x7fffd80011a8] StartBatch has_promise=true sent_initial_state=FORWARDED recv_trailing_state=FORWARDED captured={} recv_initial_metadata=HOOKED_AND_GOT_PIPE
I0428 14:18:47.125767 1503739 promise_based_filter.cc:325] FLUSHER:forward batch:  SEND_MESSAGE:flags=0x00000000:len=243
I0428 14:18:47.125778 1503739 channel_stack.cc:297] OP[http-client:0x7fffd80011a8]:  SEND_MESSAGE:flags=0x00000000:len=243
I0428 14:18:47.125791 1503739 promise_based_filter.cc:1412] CLI[compression:0x7fffd80011c0] StartBatch has_promise=true sent_initial_state=FORWARDED recv_trailing_state=FORWARDED captured={} recv_initial_metadata=HOOKED_AND_GOT_PIPE
I0428 14:18:47.125803 1503739 promise_based_filter.cc:365] CLI[compression:0x7fffd80011c0] SendMessage.StartOp st=IDLE
I0428 14:18:47.125814 1503739 promise_based_filter.cc:1031] CLI[compression:0x7fffd80011c0] ClientCallData.PollContext.Run has_promise=true sent_initial_state=FORWARDED recv_trailing_state=FORWARDED captured={send_message} recv_initial_metadata=HOOKED_AND_GOT_PIPE
I0428 14:18:47.125826 1503739 promise_based_filter.cc:507] CLI[compression:0x7fffd80011c0] SendMessage.WakeInsideCombiner st=GOT_BATCH
I0428 14:18:47.125843 1503739 promise_based_filter.cc:554] CLI[compression:0x7fffd80011c0] SendMessage.WakeInsideCombiner next complete, result.has_value=true
I0428 14:18:47.125856 1503739 promise_based_filter.cc:811] CLI[compression:0x7fffd80011c0] ReceiveMessage.WakeInsideCombiner st=IDLE push?=no next?=no allow_push_to_pipe=no
I0428 14:18:47.125870 1503739 promise_based_filter.cc:1115] CLI[compression:0x7fffd80011c0] ClientCallData.PollContext.Run: before calling poll; has_promise=true sent_initial_state=FORWARDED recv_trailing_state=FORWARDED captured={} recv_initial_metadata=HOOKED_AND_GOT_PIPE
I0428 14:18:47.125882 1503739 promise_based_filter.cc:1756] CLI[compression:0x7fffd80011c0] ClientCallData.PollTrailingMetadata has_promise=true sent_initial_state=FORWARDED recv_trailing_state=FORWARDED captured={} recv_initial_metadata=HOOKED_AND_GOT_PIPE
I0428 14:18:47.125894 1503739 promise_based_filter.cc:1119] CLI[compression:0x7fffd80011c0] ClientCallData.PollContext.Run: poll=<<pending>>; has_promise=true sent_initial_state=FORWARDED recv_trailing_state=FORWARDED captured={} recv_initial_metadata=HOOKED_AND_GOT_PIPE
I0428 14:18:47.125908 1503739 promise_based_filter.cc:325] FLUSHER:forward batch:  SEND_MESSAGE:flags=0x00000000:len=243
I0428 14:18:47.125920 1503739 channel_stack.cc:297] OP[compression:0x7fffd80011c0]:  SEND_MESSAGE:flags=0x00000000:len=243
I0428 14:18:47.125935 1503739 filter_stack_call.cc:296] OP[client_idle:0x7fffec1a0770]:  RECV_MESSAGE
I0428 14:18:47.125947 1503739 promise_based_filter.cc:1412] CLI[client_idle:0x7fffec1a0770] StartBatch has_promise=true sent_initial_state=FORWARDED recv_trailing_state=FORWARDED captured={}
I0428 14:18:47.125959 1503739 promise_based_filter.cc:325] FLUSHER:forward batch:  RECV_MESSAGE
I0428 14:18:47.125969 1503739 channel_stack.cc:297] OP[client_idle:0x7fffec1a0770]:  RECV_MESSAGE
I0428 14:18:47.125980 1503739 dynamic_filters.cc:76] OP[retry_filter:0x7fffbc000fd0]:  RECV_MESSAGE
I0428 14:18:47.125994 1503739 client_channel_filter.cc:2593] chand=0x7fffec197270 lb_call=0x7fffbc002660: batch started from above:  RECV_MESSAGE, call_attempt_tracer_=0
I0428 14:18:47.126008 1503739 subchannel.cc:333] OP[authority:0x7fffd8001160]:  RECV_MESSAGE
I0428 14:18:47.126019 1503739 promise_based_filter.cc:1412] CLI[authority:0x7fffd8001160] StartBatch has_promise=true sent_initial_state=FORWARDED recv_trailing_state=FORWARDED captured={}
I0428 14:18:47.126031 1503739 promise_based_filter.cc:325] FLUSHER:forward batch:  RECV_MESSAGE
I0428 14:18:47.126041 1503739 channel_stack.cc:297] OP[authority:0x7fffd8001160]:  RECV_MESSAGE
I0428 14:18:47.126052 1503739 promise_based_filter.cc:1412] CLI[client-auth-filter:0x7fffd8001178] StartBatch has_promise=true sent_initial_state=FORWARDED recv_trailing_state=FORWARDED captured={}
I0428 14:18:47.126064 1503739 promise_based_filter.cc:325] FLUSHER:forward batch:  RECV_MESSAGE
I0428 14:18:47.126074 1503739 channel_stack.cc:297] OP[client-auth-filter:0x7fffd8001178]:  RECV_MESSAGE
I0428 14:18:47.126085 1503739 promise_based_filter.cc:1412] CLI[message_size:0x7fffd8001190] StartBatch has_promise=true sent_initial_state=FORWARDED recv_trailing_state=FORWARDED captured={}
I0428 14:18:47.126097 1503739 promise_based_filter.cc:638] CLI[message_size:0x7fffd8001190] ReceiveMessage.StartOp st=IDLE
I0428 14:18:47.126108 1503739 promise_based_filter.cc:1031] CLI[message_size:0x7fffd8001190] ClientCallData.PollContext.Run has_promise=true sent_initial_state=FORWARDED recv_trailing_state=FORWARDED captured={}
I0428 14:18:47.126120 1503739 promise_based_filter.cc:507] CLI[message_size:0x7fffd8001190] SendMessage.WakeInsideCombiner st=FORWARDED_BATCH
I0428 14:18:47.126132 1503739 promise_based_filter.cc:811] CLI[message_size:0x7fffd8001190] ReceiveMessage.WakeInsideCombiner st=FORWARDED_BATCH push?=no next?=no allow_push_to_pipe=yes
I0428 14:18:47.126145 1503739 promise_based_filter.cc:1115] CLI[message_size:0x7fffd8001190] ClientCallData.PollContext.Run: before calling poll; has_promise=true sent_initial_state=FORWARDED recv_trailing_state=FORWARDED captured={}
I0428 14:18:47.126157 1503739 promise_based_filter.cc:1756] CLI[message_size:0x7fffd8001190] ClientCallData.PollTrailingMetadata has_promise=true sent_initial_state=FORWARDED recv_trailing_state=FORWARDED captured={}
I0428 14:18:47.126169 1503739 promise_based_filter.cc:1119] CLI[message_size:0x7fffd8001190] ClientCallData.PollContext.Run: poll=<<pending>>; has_promise=true sent_initial_state=FORWARDED recv_trailing_state=FORWARDED captured={}
I0428 14:18:47.126182 1503739 promise_based_filter.cc:325] FLUSHER:forward batch:  RECV_MESSAGE
I0428 14:18:47.126192 1503739 channel_stack.cc:297] OP[message_size:0x7fffd8001190]:  RECV_MESSAGE
I0428 14:18:47.126203 1503739 promise_based_filter.cc:1412] CLI[http-client:0x7fffd80011a8] StartBatch has_promise=true sent_initial_state=FORWARDED recv_trailing_state=FORWARDED captured={} recv_initial_metadata=HOOKED_AND_GOT_PIPE
I0428 14:18:47.126215 1503739 promise_based_filter.cc:325] FLUSHER:forward batch:  RECV_MESSAGE
I0428 14:18:47.126225 1503739 channel_stack.cc:297] OP[http-client:0x7fffd80011a8]:  RECV_MESSAGE
I0428 14:18:47.126236 1503739 promise_based_filter.cc:1412] CLI[compression:0x7fffd80011c0] StartBatch has_promise=true sent_initial_state=FORWARDED recv_trailing_state=FORWARDED captured={} recv_initial_metadata=HOOKED_AND_GOT_PIPE
I0428 14:18:47.126248 1503739 promise_based_filter.cc:638] CLI[compression:0x7fffd80011c0] ReceiveMessage.StartOp st=IDLE
I0428 14:18:47.126259 1503739 promise_based_filter.cc:1031] CLI[compression:0x7fffd80011c0] ClientCallData.PollContext.Run has_promise=true sent_initial_state=FORWARDED recv_trailing_state=FORWARDED captured={} recv_initial_metadata=HOOKED_AND_GOT_PIPE
I0428 14:18:47.126271 1503739 promise_based_filter.cc:507] CLI[compression:0x7fffd80011c0] SendMessage.WakeInsideCombiner st=FORWARDED_BATCH
I0428 14:18:47.126283 1503739 promise_based_filter.cc:811] CLI[compression:0x7fffd80011c0] ReceiveMessage.WakeInsideCombiner st=FORWARDED_BATCH push?=no next?=no allow_push_to_pipe=no
I0428 14:18:47.126297 1503739 promise_based_filter.cc:1115] CLI[compression:0x7fffd80011c0] ClientCallData.PollContext.Run: before calling poll; has_promise=true sent_initial_state=FORWARDED recv_trailing_state=FORWARDED captured={} recv_initial_metadata=HOOKED_AND_GOT_PIPE
I0428 14:18:47.126309 1503739 promise_based_filter.cc:1756] CLI[compression:0x7fffd80011c0] ClientCallData.PollTrailingMetadata has_promise=true sent_initial_state=FORWARDED recv_trailing_state=FORWARDED captured={} recv_initial_metadata=HOOKED_AND_GOT_PIPE
I0428 14:18:47.126321 1503739 promise_based_filter.cc:1119] CLI[compression:0x7fffd80011c0] ClientCallData.PollContext.Run: poll=<<pending>>; has_promise=true sent_initial_state=FORWARDED recv_trailing_state=FORWARDED captured={} recv_initial_metadata=HOOKED_AND_GOT_PIPE
I0428 14:18:47.126334 1503739 promise_based_filter.cc:325] FLUSHER:forward batch:  RECV_MESSAGE
I0428 14:18:47.126343 1503739 channel_stack.cc:297] OP[compression:0x7fffd80011c0]:  RECV_MESSAGE
I0428 14:18:47.126360 1503739 promise_based_filter.cc:1031] CLI[message_size:0x7fffd8001190] ClientCallData.PollContext.Run has_promise=true sent_initial_state=FORWARDED recv_trailing_state=FORWARDED captured={}
I0428 14:18:47.126373 1503739 promise_based_filter.cc:507] CLI[message_size:0x7fffd8001190] SendMessage.WakeInsideCombiner st=FORWARDED_BATCH
I0428 14:18:47.126382 1503739 promise_based_filter.cc:811] CLI[message_size:0x7fffd8001190] ReceiveMessage.WakeInsideCombiner st=FORWARDED_BATCH push?=no next?=no allow_push_to_pipe=yes
I0428 14:18:47.126396 1503739 promise_based_filter.cc:1115] CLI[message_size:0x7fffd8001190] ClientCallData.PollContext.Run: before calling poll; has_promise=true sent_initial_state=FORWARDED recv_trailing_state=FORWARDED captured={}
I0428 14:18:47.126406 1503739 promise_based_filter.cc:1756] CLI[message_size:0x7fffd8001190] ClientCallData.PollTrailingMetadata has_promise=true sent_initial_state=FORWARDED recv_trailing_state=FORWARDED captured={}
I0428 14:18:47.126423 1503739 promise_based_filter.cc:1119] CLI[message_size:0x7fffd8001190] ClientCallData.PollContext.Run: poll=<<pending>>; has_promise=true sent_initial_state=FORWARDED recv_trailing_state=FORWARDED captured={}
I0428 14:18:47.126445 1503739 promise_based_filter.cc:1031] CLI[compression:0x7fffd80011c0] ClientCallData.PollContext.Run has_promise=true sent_initial_state=FORWARDED recv_trailing_state=FORWARDED captured={} recv_initial_metadata=HOOKED_AND_GOT_PIPE
I0428 14:18:47.126463 1503739 promise_based_filter.cc:507] CLI[compression:0x7fffd80011c0] SendMessage.WakeInsideCombiner st=FORWARDED_BATCH
I0428 14:18:47.126480 1503739 promise_based_filter.cc:811] CLI[compression:0x7fffd80011c0] ReceiveMessage.WakeInsideCombiner st=FORWARDED_BATCH push?=no next?=no allow_push_to_pipe=no
I0428 14:18:47.126500 1503739 promise_based_filter.cc:1115] CLI[compression:0x7fffd80011c0] ClientCallData.PollContext.Run: before calling poll; has_promise=true sent_initial_state=FORWARDED recv_trailing_state=FORWARDED captured={} recv_initial_metadata=HOOKED_AND_GOT_PIPE
I0428 14:18:47.126519 1503739 promise_based_filter.cc:1756] CLI[compression:0x7fffd80011c0] ClientCallData.PollTrailingMetadata has_promise=true sent_initial_state=FORWARDED recv_trailing_state=FORWARDED captured={} recv_initial_metadata=HOOKED_AND_GOT_PIPE
I0428 14:18:47.126537 1503739 promise_based_filter.cc:1119] CLI[compression:0x7fffd80011c0] ClientCallData.PollContext.Run: poll=<<pending>>; has_promise=true sent_initial_state=FORWARDED recv_trailing_state=FORWARDED captured={} recv_initial_metadata=HOOKED_AND_GOT_PIPE
I0428 14:18:47.126688 1503739 promise_based_filter.cc:437] CLI[compression:0x7fffd80011c0] SendMessage.OnComplete st=FORWARDED_BATCH status=OK
I0428 14:18:47.126719 1503739 promise_based_filter.cc:1031] CLI[compression:0x7fffd80011c0] ClientCallData.PollContext.Run has_promise=true sent_initial_state=FORWARDED recv_trailing_state=FORWARDED captured={} recv_initial_metadata=HOOKED_AND_GOT_PIPE
I0428 14:18:47.126737 1503739 promise_based_filter.cc:507] CLI[compression:0x7fffd80011c0] SendMessage.WakeInsideCombiner st=BATCH_COMPLETED status=OK
I0428 14:18:47.126756 1503739 promise_based_filter.cc:811] CLI[compression:0x7fffd80011c0] ReceiveMessage.WakeInsideCombiner st=FORWARDED_BATCH push?=no next?=no allow_push_to_pipe=no
I0428 14:18:47.126778 1503739 promise_based_filter.cc:1115] CLI[compression:0x7fffd80011c0] ClientCallData.PollContext.Run: before calling poll; has_promise=true sent_initial_state=FORWARDED recv_trailing_state=FORWARDED captured={} recv_initial_metadata=HOOKED_AND_GOT_PIPE
I0428 14:18:47.126797 1503739 promise_based_filter.cc:1756] CLI[compression:0x7fffd80011c0] ClientCallData.PollTrailingMetadata has_promise=true sent_initial_state=FORWARDED recv_trailing_state=FORWARDED captured={} recv_initial_metadata=HOOKED_AND_GOT_PIPE
I0428 14:18:47.126815 1503739 promise_based_filter.cc:1119] CLI[compression:0x7fffd80011c0] ClientCallData.PollContext.Run: poll=<<pending>>; has_promise=true sent_initial_state=FORWARDED recv_trailing_state=FORWARDED captured={} recv_initial_metadata=HOOKED_AND_GOT_PIPE
I0428 14:18:47.126838 1503739 promise_based_filter.cc:437] CLI[message_size:0x7fffd8001190] SendMessage.OnComplete st=FORWARDED_BATCH status=OK
I0428 14:18:47.126858 1503739 promise_based_filter.cc:1031] CLI[message_size:0x7fffd8001190] ClientCallData.PollContext.Run has_promise=true sent_initial_state=FORWARDED recv_trailing_state=FORWARDED captured={}
I0428 14:18:47.126876 1503739 promise_based_filter.cc:507] CLI[message_size:0x7fffd8001190] SendMessage.WakeInsideCombiner st=BATCH_COMPLETED status=OK
I0428 14:18:47.126895 1503739 promise_based_filter.cc:811] CLI[message_size:0x7fffd8001190] ReceiveMessage.WakeInsideCombiner st=FORWARDED_BATCH push?=no next?=no allow_push_to_pipe=yes
I0428 14:18:47.126917 1503739 promise_based_filter.cc:1115] CLI[message_size:0x7fffd8001190] ClientCallData.PollContext.Run: before calling poll; has_promise=true sent_initial_state=FORWARDED recv_trailing_state=FORWARDED captured={}
I0428 14:18:47.126935 1503739 promise_based_filter.cc:1756] CLI[message_size:0x7fffd8001190] ClientCallData.PollTrailingMetadata has_promise=true sent_initial_state=FORWARDED recv_trailing_state=FORWARDED captured={}
I0428 14:18:47.126933 1503746 filter_stack_call.cc:296] OP[server:0x7fffb80045e0]:  RECV_INITIAL_METADATA
I0428 14:18:47.126985 1503746 channel_stack.cc:297] OP[server:0x7fffb80045e0]:  RECV_INITIAL_METADATA
I0428 14:18:47.126953 1503739 promise_based_filter.cc:1119] CLI[message_size:0x7fffd8001190] ClientCallData.PollContext.Run: poll=<<pending>>; has_promise=true sent_initial_state=FORWARDED recv_trailing_state=FORWARDED captured={}
I0428 14:18:47.127005 1503746 promise_based_filter.cc:2054] SVR[message_size:0x7fffb80045f8] StartBatch: have_promise=false recv_initial_state=INITIAL send_trailing_state=INITIAL captured={}
I0428 14:18:47.127028 1503746 promise_based_filter.cc:325] FLUSHER:forward batch:  RECV_INITIAL_METADATA
I0428 14:18:47.127043 1503746 channel_stack.cc:297] OP[message_size:0x7fffb80045f8]:  RECV_INITIAL_METADATA
I0428 14:18:47.127048 1503739 promise_based_filter.cc:1031] CLI[compression:0x7fffd80011c0] ClientCallData.PollContext.Run has_promise=true sent_initial_state=FORWARDED recv_trailing_state=FORWARDED captured={} recv_initial_metadata=HOOKED_AND_GOT_PIPE
I0428 14:18:47.127061 1503746 promise_based_filter.cc:2054] SVR[http-server:0x7fffb8004610] StartBatch: have_promise=false recv_initial_state=INITIAL send_trailing_state=INITIAL captured={} send_initial_metadata=INITIAL
I0428 14:18:47.127074 1503739 promise_based_filter.cc:507] CLI[compression:0x7fffd80011c0] SendMessage.WakeInsideCombiner st=IDLE
I0428 14:18:47.127097 1503739 promise_based_filter.cc:811] CLI[compression:0x7fffd80011c0] ReceiveMessage.WakeInsideCombiner st=FORWARDED_BATCH push?=no next?=no allow_push_to_pipe=no
I0428 14:18:47.127079 1503746 promise_based_filter.cc:325] FLUSHER:forward batch:  RECV_INITIAL_METADATA
I0428 14:18:47.127122 1503739 promise_based_filter.cc:1115] CLI[compression:0x7fffd80011c0] ClientCallData.PollContext.Run: before calling poll; has_promise=true sent_initial_state=FORWARDED recv_trailing_state=FORWARDED captured={} recv_initial_metadata=HOOKED_AND_GOT_PIPE
I0428 14:18:47.127133 1503746 channel_stack.cc:297] OP[http-server:0x7fffb8004610]:  RECV_INITIAL_METADATA
I0428 14:18:47.127143 1503739 promise_based_filter.cc:1756] CLI[compression:0x7fffd80011c0] ClientCallData.PollTrailingMetadata has_promise=true sent_initial_state=FORWARDED recv_trailing_state=FORWARDED captured={} recv_initial_metadata=HOOKED_AND_GOT_PIPE
I0428 14:18:47.127150 1503746 promise_based_filter.cc:2054] SVR[compression:0x7fffb8004628] StartBatch: have_promise=false recv_initial_state=INITIAL send_trailing_state=INITIAL captured={} send_initial_metadata=INITIAL
I0428 14:18:47.127162 1503739 promise_based_filter.cc:1119] CLI[compression:0x7fffd80011c0] ClientCallData.PollContext.Run: poll=<<pending>>; has_promise=true sent_initial_state=FORWARDED recv_trailing_state=FORWARDED captured={} recv_initial_metadata=HOOKED_AND_GOT_PIPE
I0428 14:18:47.127168 1503746 promise_based_filter.cc:325] FLUSHER:forward batch:  RECV_INITIAL_METADATA
I0428 14:18:47.127188 1503739 promise_based_filter.cc:1031] CLI[message_size:0x7fffd8001190] ClientCallData.PollContext.Run has_promise=true sent_initial_state=FORWARDED recv_trailing_state=FORWARDED captured={}
I0428 14:18:47.127195 1503746 channel_stack.cc:297] OP[compression:0x7fffb8004628]:  RECV_INITIAL_METADATA
I0428 14:18:47.127206 1503739 promise_based_filter.cc:507] CLI[message_size:0x7fffd8001190] SendMessage.WakeInsideCombiner st=IDLE
I0428 14:18:47.127212 1503746 promise_based_filter.cc:2054] SVR[server-auth:0x7fffb8004640] StartBatch: have_promise=false recv_initial_state=INITIAL send_trailing_state=INITIAL captured={}
I0428 14:18:47.127223 1503739 promise_based_filter.cc:811] CLI[message_size:0x7fffd8001190] ReceiveMessage.WakeInsideCombiner st=FORWARDED_BATCH push?=no next?=no allow_push_to_pipe=yes
I0428 14:18:47.127231 1503746 promise_based_filter.cc:325] FLUSHER:forward batch:  RECV_INITIAL_METADATA
I0428 14:18:47.127247 1503739 promise_based_filter.cc:1115] CLI[message_size:0x7fffd8001190] ClientCallData.PollContext.Run: before calling poll; has_promise=true sent_initial_state=FORWARDED recv_trailing_state=FORWARDED captured={}
I0428 14:18:47.127258 1503746 channel_stack.cc:297] OP[server-auth:0x7fffb8004640]:  RECV_INITIAL_METADATA
I0428 14:18:47.127264 1503739 promise_based_filter.cc:1756] CLI[message_size:0x7fffd8001190] ClientCallData.PollTrailingMetadata has_promise=true sent_initial_state=FORWARDED recv_trailing_state=FORWARDED captured={}
I0428 14:18:47.127279 1503746 promise_based_filter.cc:2054] SVR[server_call_tracer:0x7fffb8004658] StartBatch: have_promise=false recv_initial_state=INITIAL send_trailing_state=INITIAL captured={} send_initial_metadata=INITIAL
I0428 14:18:47.127295 1503739 promise_based_filter.cc:1119] CLI[message_size:0x7fffd8001190] ClientCallData.PollContext.Run: poll=<<pending>>; has_promise=true sent_initial_state=FORWARDED recv_trailing_state=FORWARDED captured={}
I0428 14:18:47.127301 1503746 promise_based_filter.cc:325] FLUSHER:forward batch:  RECV_INITIAL_METADATA
I0428 14:18:47.127329 1503746 channel_stack.cc:297] OP[server_call_tracer:0x7fffb8004658]:  RECV_INITIAL_METADATA
I0428 14:18:47.127378 1503746 promise_based_filter.cc:2363] SVR[server_call_tracer:0x7fffb8004658]: RecvInitialMetadataReady OK
I0428 14:18:47.127409 1503746 promise_based_filter.cc:2427] SVR[server_call_tracer:0x7fffb8004658]: WakeInsideCombiner have_promise=true recv_initial_state=COMPLETE send_trailing_state=INITIAL captured={} send_initial_metadata=GOT_PIPE
I0428 14:18:47.127429 1503746 promise_based_filter.cc:2315] SVR[server_call_tracer:0x7fffb8004658] PollTrailingMetadata: INITIAL
I0428 14:18:47.127447 1503746 promise_based_filter.cc:2494] SVR[server_call_tracer:0x7fffb8004658]: WakeInsideCombiner poll=<<pending>>; send_initial_metadata=GOT_PIPE send_trailing_metadata=INITIAL
I0428 14:18:47.127470 1503746 promise_based_filter.cc:2363] SVR[server-auth:0x7fffb8004640]: RecvInitialMetadataReady OK
I0428 14:18:47.127495 1503746 promise_based_filter.cc:2427] SVR[server-auth:0x7fffb8004640]: WakeInsideCombiner have_promise=true recv_initial_state=COMPLETE send_trailing_state=INITIAL captured={}
I0428 14:18:47.127538 1503746 promise_based_filter.cc:2315] SVR[server-auth:0x7fffb8004640] PollTrailingMetadata: INITIAL
I0428 14:18:47.127553 1503746 promise_based_filter.cc:2494] SVR[server-auth:0x7fffb8004640]: WakeInsideCombiner poll=<<pending>>; send_initial_metadata=null send_trailing_metadata=INITIAL
I0428 14:18:47.127575 1503746 promise_based_filter.cc:2363] SVR[compression:0x7fffb8004628]: RecvInitialMetadataReady OK
I0428 14:18:47.127669 1503746 promise_based_filter.cc:391] SVR[compression:0x7fffb8004628] SendMessage.GotPipe st=INITIAL
I0428 14:18:47.127694 1503746 promise_based_filter.cc:678] SVR[compression:0x7fffb8004628] ReceiveMessage.GotPipe st=INITIAL
I0428 14:18:47.127708 1503746 promise_based_filter.cc:2427] SVR[compression:0x7fffb8004628]: WakeInsideCombiner have_promise=true recv_initial_state=COMPLETE send_trailing_state=INITIAL captured={} send_initial_metadata=GOT_PIPE
I0428 14:18:47.127723 1503746 promise_based_filter.cc:507] SVR[compression:0x7fffb8004628] SendMessage.WakeInsideCombiner st=IDLE
I0428 14:18:47.127741 1503746 promise_based_filter.cc:2469] SVR[compression:0x7fffb8004628]: After send_message WakeInsideCombiner have_promise=true recv_initial_state=COMPLETE send_trailing_state=INITIAL captured={} send_initial_metadata=GOT_PIPE is_idle=true is_forwarded=false
I0428 14:18:47.127760 1503746 promise_based_filter.cc:811] SVR[compression:0x7fffb8004628] ReceiveMessage.WakeInsideCombiner st=IDLE push?=no next?=no allow_push_to_pipe=yes
I0428 14:18:47.127775 1503746 promise_based_filter.cc:2315] SVR[compression:0x7fffb8004628] PollTrailingMetadata: INITIAL
I0428 14:18:47.127786 1503746 promise_based_filter.cc:2494] SVR[compression:0x7fffb8004628]: WakeInsideCombiner poll=<<pending>>; send_initial_metadata=GOT_PIPE send_trailing_metadata=INITIAL
I0428 14:18:47.127804 1503746 promise_based_filter.cc:2363] SVR[http-server:0x7fffb8004610]: RecvInitialMetadataReady OK
I0428 14:18:47.127826 1503746 promise_based_filter.cc:2427] SVR[http-server:0x7fffb8004610]: WakeInsideCombiner have_promise=true recv_initial_state=COMPLETE send_trailing_state=INITIAL captured={} send_initial_metadata=GOT_PIPE
I0428 14:18:47.127840 1503746 promise_based_filter.cc:2315] SVR[http-server:0x7fffb8004610] PollTrailingMetadata: INITIAL
I0428 14:18:47.127851 1503746 promise_based_filter.cc:2494] SVR[http-server:0x7fffb8004610]: WakeInsideCombiner poll=<<pending>>; send_initial_metadata=GOT_PIPE send_trailing_metadata=INITIAL
I0428 14:18:47.127865 1503746 promise_based_filter.cc:2363] SVR[message_size:0x7fffb80045f8]: RecvInitialMetadataReady OK
I0428 14:18:47.127880 1503746 promise_based_filter.cc:391] SVR[message_size:0x7fffb80045f8] SendMessage.GotPipe st=INITIAL
I0428 14:18:47.127891 1503746 promise_based_filter.cc:678] SVR[message_size:0x7fffb80045f8] ReceiveMessage.GotPipe st=INITIAL
I0428 14:18:47.127903 1503746 promise_based_filter.cc:2427] SVR[message_size:0x7fffb80045f8]: WakeInsideCombiner have_promise=true recv_initial_state=COMPLETE send_trailing_state=INITIAL captured={}
I0428 14:18:47.127916 1503746 promise_based_filter.cc:507] SVR[message_size:0x7fffb80045f8] SendMessage.WakeInsideCombiner st=IDLE
I0428 14:18:47.127927 1503746 promise_based_filter.cc:2469] SVR[message_size:0x7fffb80045f8]: After send_message WakeInsideCombiner have_promise=true recv_initial_state=COMPLETE send_trailing_state=INITIAL captured={} is_idle=true is_forwarded=false
I0428 14:18:47.127941 1503746 promise_based_filter.cc:811] SVR[message_size:0x7fffb80045f8] ReceiveMessage.WakeInsideCombiner st=IDLE push?=no next?=no allow_push_to_pipe=yes
I0428 14:18:47.127956 1503746 promise_based_filter.cc:2315] SVR[message_size:0x7fffb80045f8] PollTrailingMetadata: INITIAL
I0428 14:18:47.127967 1503746 promise_based_filter.cc:2494] SVR[message_size:0x7fffb80045f8]: WakeInsideCombiner poll=<<pending>>; send_initial_metadata=null send_trailing_metadata=INITIAL
I0428 14:18:47.128069 1503737 filter_stack_call.cc:296] OP[server:0x7fffb80045e0]:  RECV_TRAILING_METADATA
I0428 14:18:47.128119 1503737 channel_stack.cc:297] OP[server:0x7fffb80045e0]:  RECV_TRAILING_METADATA
I0428 14:18:47.128139 1503737 promise_based_filter.cc:2054] SVR[message_size:0x7fffb80045f8] StartBatch: have_promise=true recv_initial_state=COMPLETE send_trailing_state=INITIAL captured={}
I0428 14:18:47.128157 1503737 promise_based_filter.cc:325] FLUSHER:forward batch:  RECV_TRAILING_METADATA
I0428 14:18:47.128169 1503737 channel_stack.cc:297] OP[message_size:0x7fffb80045f8]:  RECV_TRAILING_METADATA
I0428 14:18:47.128183 1503737 promise_based_filter.cc:2054] SVR[http-server:0x7fffb8004610] StartBatch: have_promise=true recv_initial_state=COMPLETE send_trailing_state=INITIAL captured={} send_initial_metadata=GOT_PIPE
I0428 14:18:47.128197 1503737 promise_based_filter.cc:325] FLUSHER:forward batch:  RECV_TRAILING_METADATA
I0428 14:18:47.128206 1503737 channel_stack.cc:297] OP[http-server:0x7fffb8004610]:  RECV_TRAILING_METADATA
I0428 14:18:47.128218 1503737 promise_based_filter.cc:2054] SVR[compression:0x7fffb8004628] StartBatch: have_promise=true recv_initial_state=COMPLETE send_trailing_state=INITIAL captured={} send_initial_metadata=GOT_PIPE
I0428 14:18:47.128230 1503737 promise_based_filter.cc:325] FLUSHER:forward batch:  RECV_TRAILING_METADATA
I0428 14:18:47.128240 1503737 channel_stack.cc:297] OP[compression:0x7fffb8004628]:  RECV_TRAILING_METADATA
I0428 14:18:47.128251 1503737 promise_based_filter.cc:2054] SVR[server-auth:0x7fffb8004640] StartBatch: have_promise=true recv_initial_state=COMPLETE send_trailing_state=INITIAL captured={}
I0428 14:18:47.128263 1503737 promise_based_filter.cc:325] FLUSHER:forward batch:  RECV_TRAILING_METADATA
I0428 14:18:47.128276 1503737 channel_stack.cc:297] OP[server-auth:0x7fffb8004640]:  RECV_TRAILING_METADATA
I0428 14:18:47.128289 1503737 promise_based_filter.cc:2054] SVR[server_call_tracer:0x7fffb8004658] StartBatch: have_promise=true recv_initial_state=COMPLETE send_trailing_state=INITIAL captured={} send_initial_metadata=GOT_PIPE
I0428 14:18:47.128301 1503737 promise_based_filter.cc:325] FLUSHER:forward batch:  RECV_TRAILING_METADATA
I0428 14:18:47.128311 1503737 channel_stack.cc:297] OP[server_call_tracer:0x7fffb8004658]:  RECV_TRAILING_METADATA
I0428 14:18:47.128332 1503737 xds_server.cc:91] ADS[0x55555833d1c0:Default Balancer]: reactor 0x7fffdc002210: StreamAggregatedResources starts
I0428 14:18:47.128358 1503737 filter_stack_call.cc:296] OP[server:0x7fffb80045e0]:  RECV_MESSAGE
I0428 14:18:47.128373 1503737 channel_stack.cc:297] OP[server:0x7fffb80045e0]:  RECV_MESSAGE
I0428 14:18:47.128385 1503737 promise_based_filter.cc:2054] SVR[message_size:0x7fffb80045f8] StartBatch: have_promise=true recv_initial_state=COMPLETE send_trailing_state=INITIAL captured={}
I0428 14:18:47.128397 1503737 promise_based_filter.cc:638] SVR[message_size:0x7fffb80045f8] ReceiveMessage.StartOp st=IDLE
I0428 14:18:47.128410 1503737 promise_based_filter.cc:2427] SVR[message_size:0x7fffb80045f8]: WakeInsideCombiner have_promise=true recv_initial_state=COMPLETE send_trailing_state=INITIAL captured={}
I0428 14:18:47.128422 1503737 promise_based_filter.cc:507] SVR[message_size:0x7fffb80045f8] SendMessage.WakeInsideCombiner st=IDLE
I0428 14:18:47.128435 1503737 promise_based_filter.cc:2469] SVR[message_size:0x7fffb80045f8]: After send_message WakeInsideCombiner have_promise=true recv_initial_state=COMPLETE send_trailing_state=INITIAL captured={} is_idle=true is_forwarded=false
I0428 14:18:47.128450 1503737 promise_based_filter.cc:811] SVR[message_size:0x7fffb80045f8] ReceiveMessage.WakeInsideCombiner st=FORWARDED_BATCH push?=no next?=no allow_push_to_pipe=yes
I0428 14:18:47.128465 1503737 promise_based_filter.cc:2315] SVR[message_size:0x7fffb80045f8] PollTrailingMetadata: INITIAL
I0428 14:18:47.128476 1503737 promise_based_filter.cc:2494] SVR[message_size:0x7fffb80045f8]: WakeInsideCombiner poll=<<pending>>; send_initial_metadata=null send_trailing_metadata=INITIAL
I0428 14:18:47.128490 1503737 promise_based_filter.cc:325] FLUSHER:forward batch:  RECV_MESSAGE
I0428 14:18:47.128500 1503737 channel_stack.cc:297] OP[message_size:0x7fffb80045f8]:  RECV_MESSAGE
I0428 14:18:47.128512 1503737 promise_based_filter.cc:2054] SVR[http-server:0x7fffb8004610] StartBatch: have_promise=true recv_initial_state=COMPLETE send_trailing_state=INITIAL captured={} send_initial_metadata=GOT_PIPE
I0428 14:18:47.128524 1503737 promise_based_filter.cc:325] FLUSHER:forward batch:  RECV_MESSAGE
I0428 14:18:47.128534 1503737 channel_stack.cc:297] OP[http-server:0x7fffb8004610]:  RECV_MESSAGE
I0428 14:18:47.128546 1503737 promise_based_filter.cc:2054] SVR[compression:0x7fffb8004628] StartBatch: have_promise=true recv_initial_state=COMPLETE send_trailing_state=INITIAL captured={} send_initial_metadata=GOT_PIPE
I0428 14:18:47.128558 1503737 promise_based_filter.cc:638] SVR[compression:0x7fffb8004628] ReceiveMessage.StartOp st=IDLE
I0428 14:18:47.128569 1503737 promise_based_filter.cc:2427] SVR[compression:0x7fffb8004628]: WakeInsideCombiner have_promise=true recv_initial_state=COMPLETE send_trailing_state=INITIAL captured={} send_initial_metadata=GOT_PIPE
I0428 14:18:47.128583 1503737 promise_based_filter.cc:507] SVR[compression:0x7fffb8004628] SendMessage.WakeInsideCombiner st=IDLE
I0428 14:18:47.128595 1503737 promise_based_filter.cc:2469] SVR[compression:0x7fffb8004628]: After send_message WakeInsideCombiner have_promise=true recv_initial_state=COMPLETE send_trailing_state=INITIAL captured={} send_initial_metadata=GOT_PIPE is_idle=true is_forwarded=false
I0428 14:18:47.128610 1503737 promise_based_filter.cc:811] SVR[compression:0x7fffb8004628] ReceiveMessage.WakeInsideCombiner st=FORWARDED_BATCH push?=no next?=no allow_push_to_pipe=yes
I0428 14:18:47.128631 1503737 promise_based_filter.cc:2315] SVR[compression:0x7fffb8004628] PollTrailingMetadata: INITIAL
I0428 14:18:47.128657 1503737 promise_based_filter.cc:2494] SVR[compression:0x7fffb8004628]: WakeInsideCombiner poll=<<pending>>; send_initial_metadata=GOT_PIPE send_trailing_metadata=INITIAL
I0428 14:18:47.128671 1503737 promise_based_filter.cc:325] FLUSHER:forward batch:  RECV_MESSAGE
I0428 14:18:47.128681 1503737 channel_stack.cc:297] OP[compression:0x7fffb8004628]:  RECV_MESSAGE
I0428 14:18:47.128693 1503737 promise_based_filter.cc:2054] SVR[server-auth:0x7fffb8004640] StartBatch: have_promise=true recv_initial_state=COMPLETE send_trailing_state=INITIAL captured={}
I0428 14:18:47.128705 1503737 promise_based_filter.cc:325] FLUSHER:forward batch:  RECV_MESSAGE
I0428 14:18:47.128715 1503737 channel_stack.cc:297] OP[server-auth:0x7fffb8004640]:  RECV_MESSAGE
I0428 14:18:47.128727 1503737 promise_based_filter.cc:2054] SVR[server_call_tracer:0x7fffb8004658] StartBatch: have_promise=true recv_initial_state=COMPLETE send_trailing_state=INITIAL captured={} send_initial_metadata=GOT_PIPE
I0428 14:18:47.128740 1503737 promise_based_filter.cc:325] FLUSHER:forward batch:  RECV_MESSAGE
I0428 14:18:47.128750 1503737 channel_stack.cc:297] OP[server_call_tracer:0x7fffb8004658]:  RECV_MESSAGE
I0428 14:18:47.128770 1503737 promise_based_filter.cc:713] SVR[compression:0x7fffb8004628] ReceiveMessage.OnComplete st=FORWARDED_BATCH status=OK
I0428 14:18:47.128785 1503737 promise_based_filter.cc:2427] SVR[compression:0x7fffb8004628]: WakeInsideCombiner have_promise=true recv_initial_state=COMPLETE send_trailing_state=INITIAL captured={} send_initial_metadata=GOT_PIPE
I0428 14:18:47.128797 1503737 promise_based_filter.cc:507] SVR[compression:0x7fffb8004628] SendMessage.WakeInsideCombiner st=IDLE
I0428 14:18:47.128809 1503737 promise_based_filter.cc:2469] SVR[compression:0x7fffb8004628]: After send_message WakeInsideCombiner have_promise=true recv_initial_state=COMPLETE send_trailing_state=INITIAL captured={} send_initial_metadata=GOT_PIPE is_idle=true is_forwarded=false
I0428 14:18:47.128824 1503737 promise_based_filter.cc:811] SVR[compression:0x7fffb8004628] ReceiveMessage.WakeInsideCombiner st=BATCH_COMPLETED push?=no next?=no allow_push_to_pipe=yes
I0428 14:18:47.128852 1503737 promise_based_filter.cc:901] SVR[compression:0x7fffb8004628] ReceiveMessage.WakeInsideCombiner next complete: got message new_state=PULLED_FROM_PIPE
I0428 14:18:47.128866 1503737 promise_based_filter.cc:917] SVR[compression:0x7fffb8004628] ReceiveMessage.WakeInsideCombiner push complete
I0428 14:18:47.128878 1503737 promise_based_filter.cc:2315] SVR[compression:0x7fffb8004628] PollTrailingMetadata: INITIAL
I0428 14:18:47.128890 1503737 promise_based_filter.cc:2494] SVR[compression:0x7fffb8004628]: WakeInsideCombiner poll=<<pending>>; send_initial_metadata=GOT_PIPE send_trailing_metadata=INITIAL
I0428 14:18:47.128905 1503737 promise_based_filter.cc:713] SVR[message_size:0x7fffb80045f8] ReceiveMessage.OnComplete st=FORWARDED_BATCH status=OK
I0428 14:18:47.128918 1503737 promise_based_filter.cc:2427] SVR[message_size:0x7fffb80045f8]: WakeInsideCombiner have_promise=true recv_initial_state=COMPLETE send_trailing_state=INITIAL captured={}
I0428 14:18:47.128930 1503737 promise_based_filter.cc:507] SVR[message_size:0x7fffb80045f8] SendMessage.WakeInsideCombiner st=IDLE
I0428 14:18:47.128942 1503737 promise_based_filter.cc:2469] SVR[message_size:0x7fffb80045f8]: After send_message WakeInsideCombiner have_promise=true recv_initial_state=COMPLETE send_trailing_state=INITIAL captured={} is_idle=true is_forwarded=false
I0428 14:18:47.128956 1503737 promise_based_filter.cc:811] SVR[message_size:0x7fffb80045f8] ReceiveMessage.WakeInsideCombiner st=BATCH_COMPLETED push?=no next?=no allow_push_to_pipe=yes
I0428 14:18:47.128976 1503737 promise_based_filter.cc:901] SVR[message_size:0x7fffb80045f8] ReceiveMessage.WakeInsideCombiner next complete: got message new_state=PULLED_FROM_PIPE
I0428 14:18:47.128990 1503737 promise_based_filter.cc:917] SVR[message_size:0x7fffb80045f8] ReceiveMessage.WakeInsideCombiner push complete
I0428 14:18:47.129001 1503737 promise_based_filter.cc:2315] SVR[message_size:0x7fffb80045f8] PollTrailingMetadata: INITIAL
I0428 14:18:47.129013 1503737 promise_based_filter.cc:2494] SVR[message_size:0x7fffb80045f8]: WakeInsideCombiner poll=<<pending>>; send_initial_metadata=null send_trailing_metadata=INITIAL
I0428 14:18:47.129042 1503737 promise_based_filter.cc:2427] SVR[compression:0x7fffb8004628]: WakeInsideCombiner have_promise=true recv_initial_state=COMPLETE send_trailing_state=INITIAL captured={} send_initial_metadata=GOT_PIPE
I0428 14:18:47.129056 1503737 promise_based_filter.cc:507] SVR[compression:0x7fffb8004628] SendMessage.WakeInsideCombiner st=IDLE
I0428 14:18:47.129068 1503737 promise_based_filter.cc:2469] SVR[compression:0x7fffb8004628]: After send_message WakeInsideCombiner have_promise=true recv_initial_state=COMPLETE send_trailing_state=INITIAL captured={} send_initial_metadata=GOT_PIPE is_idle=true is_forwarded=false
I0428 14:18:47.129083 1503737 promise_based_filter.cc:811] SVR[compression:0x7fffb8004628] ReceiveMessage.WakeInsideCombiner st=IDLE push?=no next?=no allow_push_to_pipe=yes
I0428 14:18:47.129097 1503737 promise_based_filter.cc:2315] SVR[compression:0x7fffb8004628] PollTrailingMetadata: INITIAL
I0428 14:18:47.129108 1503737 promise_based_filter.cc:2494] SVR[compression:0x7fffb8004628]: WakeInsideCombiner poll=<<pending>>; send_initial_metadata=GOT_PIPE send_trailing_metadata=INITIAL
I0428 14:18:47.129122 1503737 promise_based_filter.cc:2427] SVR[message_size:0x7fffb80045f8]: WakeInsideCombiner have_promise=true recv_initial_state=COMPLETE send_trailing_state=INITIAL captured={}
I0428 14:18:47.129108 1503738 xds_server.cc:141] ADS[0x55555833d1c0:Default Balancer]: reactor 0x7fffdc002210: OnReadDone(true)
I0428 14:18:47.129134 1503737 promise_based_filter.cc:507] SVR[message_size:0x7fffb80045f8] SendMessage.WakeInsideCombiner st=IDLE
I0428 14:18:47.129179 1503737 promise_based_filter.cc:2469] SVR[message_size:0x7fffb80045f8]: After send_message WakeInsideCombiner have_promise=true recv_initial_state=COMPLETE send_trailing_state=INITIAL captured={} is_idle=true is_forwarded=false
I0428 14:18:47.129196 1503737 promise_based_filter.cc:811] SVR[message_size:0x7fffb80045f8] ReceiveMessage.WakeInsideCombiner st=IDLE push?=no next?=no allow_push_to_pipe=yes
I0428 14:18:47.129213 1503737 promise_based_filter.cc:2315] SVR[message_size:0x7fffb80045f8] PollTrailingMetadata: INITIAL
I0428 14:18:47.129225 1503737 promise_based_filter.cc:2494] SVR[message_size:0x7fffb80045f8]: WakeInsideCombiner poll=<<pending>>; send_initial_metadata=null send_trailing_metadata=INITIAL
I0428 14:18:47.129176 1503738 xds_server.cc:151] ADS[0x55555833d1c0:Default Balancer]: reactor 0x7fffdc002210: Received request for type type.googleapis.com/envoy.config.listener.v3.Listener with content goo.gle/debugonly    
node {
  id: "xds_end2end_test"
  cluster: "test"
  metadata {
    fields {
      key: "foo"
      value {
        string_value: "bar"
      }
    }
  }
  locality {
    region: "corp"
    zone: "svl"
    sub_zone: "mp3"
  }
  user_agent_name: "gRPC C-core linux"
  user_agent_version: "C-core 53.0.0"
  client_features: "envoy.lb.does_not_support_overprovisioning"
  client_features: "xds.config.resource-in-sotw"
}
resource_names: "server.example.com"
type_url: "type.googleapis.com/envoy.config.listener.v3.Listener"

I0428 14:18:47.134759 1503738 xds_server.cc:217] ADS[0x55555833d1c0:Default Balancer]: reactor 0x7fffdc002210: subscribe to resource type type.googleapis.com/envoy.config.listener.v3.Listener name server.example.com
I0428 14:18:47.134784 1503738 xds_server.cc:252] ADS[0x55555833d1c0:Default Balancer]: reactor 0x7fffdc002210: MaybeStartWrite(type.googleapis.com/envoy.config.listener.v3.Listener)
I0428 14:18:47.134797 1503738 xds_server.cc:258] ADS[0x55555833d1c0:Default Balancer]: reactor 0x7fffdc002210: Constructing response
I0428 14:18:47.134810 1503738 xds_server.cc:273] ADS[0x55555833d1c0:Default Balancer]: reactor 0x7fffdc002210: Sending update for: server.example.com
I0428 14:18:47.134827 1503738 xds_server.cc:306] ADS[0x55555833d1c0:Default Balancer]: reactor 0x7fffdc002210: sending response: goo.gle/debugonly    
version_info: "2"
resources {
  [type.googleapis.com/envoy.config.listener.v3.Listener] {
    name: "server.example.com"
    api_listener {
      api_listener {
        [type.googleapis.com/envoy.extensions.filters.network.http_connection_manager.v3.HttpConnectionManager] {
          route_config {
            name: "route_config_name"
            virtual_hosts {
              domains: "*"
              routes {
                match {
                  prefix: ""
                }
                route {
                  cluster: "cluster_name"
                }
              }
            }
          }
          http_filters {
            name: "ext_proc_instance"
            typed_config {
              [type.googleapis.com/envoy.extensions.filters.http.ext_proc.v3.ExternalProcessor] {
                grpc_service {
                  google_grpc {
                    target_uri: "dns:server.example.com"
                    channel_credentials_plugin {
                      [type.googleapis.com/envoy.extensions.grpc_service.channel_credentials.google_default.v3.GoogleDefaultCredentials] {
                      }
                    }
                    call_credentials_plugin {
                      [type.googleapis.com/envoy.extensions.grpc_service.call_credentials.access_token.v3.AccessTokenCredentials] {
                        token: "foo"
                      }
                    }
                  }
                }
                processing_mode {
                  request_header_mode: SEND
                  response_header_mode: SEND
                }
              }
            }
          }
          http_filters {
            name: "router"
            typed_config {
              [type.googleapis.com/envoy.extensions.filters.http.router.v3.Router] {
              }
            }
          }
        }
      }
    }
  }
}
type_url: "type.googleapis.com/envoy.config.listener.v3.Listener"
nonce: "1"

I0428 14:18:47.165160 1503738 filter_stack_call.cc:296] OP[server:0x7fffb80045e0]:  SEND_INITIAL_METADATA{} SEND_MESSAGE:flags=0x00000000:len=760
I0428 14:18:47.165208 1503738 channel_stack.cc:297] OP[server:0x7fffb80045e0]:  SEND_INITIAL_METADATA{} SEND_MESSAGE:flags=0x00000000:len=760
I0428 14:18:47.165228 1503738 promise_based_filter.cc:2054] SVR[message_size:0x7fffb80045f8] StartBatch: have_promise=true recv_initial_state=COMPLETE send_trailing_state=INITIAL captured={}
I0428 14:18:47.165245 1503738 promise_based_filter.cc:365] SVR[message_size:0x7fffb80045f8] SendMessage.StartOp st=IDLE
I0428 14:18:47.165260 1503738 promise_based_filter.cc:2427] SVR[message_size:0x7fffb80045f8]: WakeInsideCombiner have_promise=true recv_initial_state=COMPLETE send_trailing_state=INITIAL captured={send_message}
I0428 14:18:47.165274 1503738 promise_based_filter.cc:507] SVR[message_size:0x7fffb80045f8] SendMessage.WakeInsideCombiner st=GOT_BATCH
I0428 14:18:47.165302 1503738 promise_based_filter.cc:554] SVR[message_size:0x7fffb80045f8] SendMessage.WakeInsideCombiner next complete, result.has_value=true
I0428 14:18:47.165318 1503738 promise_based_filter.cc:2469] SVR[message_size:0x7fffb80045f8]: After send_message WakeInsideCombiner have_promise=true recv_initial_state=COMPLETE send_trailing_state=INITIAL captured={} is_idle=true is_forwarded=true
I0428 14:18:47.165340 1503738 promise_based_filter.cc:811] SVR[message_size:0x7fffb80045f8] ReceiveMessage.WakeInsideCombiner st=IDLE push?=no next?=no allow_push_to_pipe=yes
I0428 14:18:47.165356 1503738 promise_based_filter.cc:2315] SVR[message_size:0x7fffb80045f8] PollTrailingMetadata: INITIAL
I0428 14:18:47.165368 1503738 promise_based_filter.cc:2494] SVR[message_size:0x7fffb80045f8]: WakeInsideCombiner poll=<<pending>>; send_initial_metadata=null send_trailing_metadata=INITIAL
I0428 14:18:47.165386 1503738 promise_based_filter.cc:325] FLUSHER:forward batch:  SEND_INITIAL_METADATA{} SEND_MESSAGE:flags=0x00000000:len=760
I0428 14:18:47.165401 1503738 channel_stack.cc:297] OP[message_size:0x7fffb80045f8]:  SEND_INITIAL_METADATA{} SEND_MESSAGE:flags=0x00000000:len=760
I0428 14:18:47.165417 1503738 promise_based_filter.cc:2054] SVR[http-server:0x7fffb8004610] StartBatch: have_promise=true recv_initial_state=COMPLETE send_trailing_state=INITIAL captured={} send_initial_metadata=GOT_PIPE
I0428 14:18:47.165428 1503738 promise_based_filter.cc:2427] SVR[http-server:0x7fffb8004610]: WakeInsideCombiner have_promise=true recv_initial_state=COMPLETE send_trailing_state=INITIAL captured={} send_initial_metadata=QUEUED_AND_GOT_PIPE
I0428 14:18:47.165446 1503738 promise_based_filter.cc:2452] SVR[http-server:0x7fffb8004610]: WakeInsideCombiner: metadata_push pending
I0428 14:18:47.165455 1503738 promise_based_filter.cc:2315] SVR[http-server:0x7fffb8004610] PollTrailingMetadata: INITIAL
I0428 14:18:47.165468 1503738 promise_based_filter.cc:2494] SVR[http-server:0x7fffb8004610]: WakeInsideCombiner poll=<<pending>>; send_initial_metadata=QUEUED_AND_PUSHED_TO_PIPE send_trailing_metadata=INITIAL
I0428 14:18:47.165487 1503738 promise_based_filter.cc:2512] SVR[http-server:0x7fffb8004610]: WakeInsideCombiner send_initial_metadata poll=:status: 200, content-type: application/grpc
I0428 14:18:47.165509 1503738 promise_based_filter.cc:325] FLUSHER:forward batch:  SEND_INITIAL_METADATA{:status: 200, content-type: application/grpc} SEND_MESSAGE:flags=0x00000000:len=760
I0428 14:18:47.165527 1503738 channel_stack.cc:297] OP[http-server:0x7fffb8004610]:  SEND_INITIAL_METADATA{:status: 200, content-type: application/grpc} SEND_MESSAGE:flags=0x00000000:len=760
I0428 14:18:47.165546 1503738 promise_based_filter.cc:2054] SVR[compression:0x7fffb8004628] StartBatch: have_promise=true recv_initial_state=COMPLETE send_trailing_state=INITIAL captured={} send_initial_metadata=GOT_PIPE
I0428 14:18:47.165559 1503738 promise_based_filter.cc:365] SVR[compression:0x7fffb8004628] SendMessage.StartOp st=IDLE
I0428 14:18:47.165571 1503738 promise_based_filter.cc:2427] SVR[compression:0x7fffb8004628]: WakeInsideCombiner have_promise=true recv_initial_state=COMPLETE send_trailing_state=INITIAL captured={send_message} send_initial_metadata=QUEUED_AND_GOT_PIPE
I0428 14:18:47.165585 1503738 promise_based_filter.cc:2452] SVR[compression:0x7fffb8004628]: WakeInsideCombiner: metadata_push pending
I0428 14:18:47.165597 1503738 promise_based_filter.cc:507] SVR[compression:0x7fffb8004628] SendMessage.WakeInsideCombiner st=GOT_BATCH
I0428 14:18:47.165608 1503738 promise_based_filter.cc:2469] SVR[compression:0x7fffb8004628]: After send_message WakeInsideCombiner have_promise=true recv_initial_state=COMPLETE send_trailing_state=INITIAL captured={send_message} send_initial_metadata=QUEUED_AND_PUSHED_TO_PIPE is_idle=false is_forwarded=false
I0428 14:18:47.165623 1503738 promise_based_filter.cc:811] SVR[compression:0x7fffb8004628] ReceiveMessage.WakeInsideCombiner st=IDLE push?=no next?=no allow_push_to_pipe=yes
I0428 14:18:47.165638 1503738 promise_based_filter.cc:2315] SVR[compression:0x7fffb8004628] PollTrailingMetadata: INITIAL
I0428 14:18:47.165649 1503738 promise_based_filter.cc:2494] SVR[compression:0x7fffb8004628]: WakeInsideCombiner poll=<<pending>>; send_initial_metadata=QUEUED_AND_PUSHED_TO_PIPE send_trailing_metadata=INITIAL
I0428 14:18:47.165667 1503738 promise_based_filter.cc:2512] SVR[compression:0x7fffb8004628]: WakeInsideCombiner send_initial_metadata poll=:status: 200, grpc-accept-encoding: identity, deflate, gzip, content-type: application/grpc
I0428 14:18:47.165691 1503738 promise_based_filter.cc:2427] SVR[compression:0x7fffb8004628]: WakeInsideCombiner have_promise=true recv_initial_state=COMPLETE send_trailing_state=INITIAL captured={send_message} send_initial_metadata=FORWARDED
I0428 14:18:47.165705 1503738 promise_based_filter.cc:2448] SVR[compression:0x7fffb8004628]: WakeInsideCombiner: metadata_push done
I0428 14:18:47.165717 1503738 promise_based_filter.cc:507] SVR[compression:0x7fffb8004628] SendMessage.WakeInsideCombiner st=GOT_BATCH
I0428 14:18:47.165736 1503738 promise_based_filter.cc:554] SVR[compression:0x7fffb8004628] SendMessage.WakeInsideCombiner next complete, result.has_value=true
I0428 14:18:47.165750 1503738 promise_based_filter.cc:2469] SVR[compression:0x7fffb8004628]: After send_message WakeInsideCombiner have_promise=true recv_initial_state=COMPLETE send_trailing_state=INITIAL captured={} send_initial_metadata=FORWARDED is_idle=true is_forwarded=true
I0428 14:18:47.165766 1503738 promise_based_filter.cc:811] SVR[compression:0x7fffb8004628] ReceiveMessage.WakeInsideCombiner st=IDLE push?=no next?=no allow_push_to_pipe=yes
I0428 14:18:47.165780 1503738 promise_based_filter.cc:2315] SVR[compression:0x7fffb8004628] PollTrailingMetadata: INITIAL
I0428 14:18:47.165792 1503738 promise_based_filter.cc:2494] SVR[compression:0x7fffb8004628]: WakeInsideCombiner poll=<<pending>>; send_initial_metadata=FORWARDED send_trailing_metadata=INITIAL
I0428 14:18:47.165806 1503738 promise_based_filter.cc:325] FLUSHER:forward batch:  SEND_INITIAL_METADATA{:status: 200, grpc-accept-encoding: identity, deflate, gzip, content-type: application/grpc} SEND_MESSAGE:flags=0x00000000:len=760
I0428 14:18:47.165826 1503738 channel_stack.cc:297] OP[compression:0x7fffb8004628]:  SEND_INITIAL_METADATA{:status: 200, grpc-accept-encoding: identity, deflate, gzip, content-type: application/grpc} SEND_MESSAGE:flags=0x00000000:len=760
I0428 14:18:47.165848 1503738 promise_based_filter.cc:2054] SVR[server-auth:0x7fffb8004640] StartBatch: have_promise=true recv_initial_state=COMPLETE send_trailing_state=INITIAL captured={}
I0428 14:18:47.165860 1503738 promise_based_filter.cc:325] FLUSHER:forward batch:  SEND_INITIAL_METADATA{:status: 200, grpc-accept-encoding: identity, deflate, gzip, content-type: application/grpc} SEND_MESSAGE:flags=0x00000000:len=760
I0428 14:18:47.165879 1503738 channel_stack.cc:297] OP[server-auth:0x7fffb8004640]:  SEND_INITIAL_METADATA{:status: 200, grpc-accept-encoding: identity, deflate, gzip, content-type: application/grpc} SEND_MESSAGE:flags=0x00000000:len=760
I0428 14:18:47.165900 1503738 promise_based_filter.cc:2054] SVR[server_call_tracer:0x7fffb8004658] StartBatch: have_promise=true recv_initial_state=COMPLETE send_trailing_state=INITIAL captured={} send_initial_metadata=GOT_PIPE
I0428 14:18:47.165913 1503738 promise_based_filter.cc:2427] SVR[server_call_tracer:0x7fffb8004658]: WakeInsideCombiner have_promise=true recv_initial_state=COMPLETE send_trailing_state=INITIAL captured={} send_initial_metadata=QUEUED_AND_GOT_PIPE
I0428 14:18:47.165927 1503738 promise_based_filter.cc:2452] SVR[server_call_tracer:0x7fffb8004658]: WakeInsideCombiner: metadata_push pending
I0428 14:18:47.165938 1503738 promise_based_filter.cc:2315] SVR[server_call_tracer:0x7fffb8004658] PollTrailingMetadata: INITIAL
I0428 14:18:47.165950 1503738 promise_based_filter.cc:2494] SVR[server_call_tracer:0x7fffb8004658]: WakeInsideCombiner poll=<<pending>>; send_initial_metadata=QUEUED_AND_PUSHED_TO_PIPE send_trailing_metadata=INITIAL
I0428 14:18:47.165967 1503738 promise_based_filter.cc:2512] SVR[server_call_tracer:0x7fffb8004658]: WakeInsideCombiner send_initial_metadata poll=:status: 200, grpc-accept-encoding: identity, deflate, gzip, content-type: application/grpc
I0428 14:18:47.165987 1503738 promise_based_filter.cc:325] FLUSHER:forward batch:  SEND_INITIAL_METADATA{:status: 200, grpc-accept-encoding: identity, deflate, gzip, content-type: application/grpc} SEND_MESSAGE:flags=0x00000000:len=760
I0428 14:18:47.166007 1503738 channel_stack.cc:297] OP[server_call_tracer:0x7fffb8004658]:  SEND_INITIAL_METADATA{:status: 200, grpc-accept-encoding: identity, deflate, gzip, content-type: application/grpc} SEND_MESSAGE:flags=0x00000000:len=760
I0428 14:18:47.166032 1503738 promise_based_filter.cc:2427] SVR[message_size:0x7fffb80045f8]: WakeInsideCombiner have_promise=true recv_initial_state=COMPLETE send_trailing_state=INITIAL captured={}
I0428 14:18:47.166045 1503738 promise_based_filter.cc:507] SVR[message_size:0x7fffb80045f8] SendMessage.WakeInsideCombiner st=FORWARDED_BATCH
I0428 14:18:47.166058 1503738 promise_based_filter.cc:2469] SVR[message_size:0x7fffb80045f8]: After send_message WakeInsideCombiner have_promise=true recv_initial_state=COMPLETE send_trailing_state=INITIAL captured={} is_idle=true is_forwarded=true
I0428 14:18:47.166072 1503738 promise_based_filter.cc:811] SVR[message_size:0x7fffb80045f8] ReceiveMessage.WakeInsideCombiner st=IDLE push?=no next?=no allow_push_to_pipe=yes
I0428 14:18:47.166086 1503738 promise_based_filter.cc:2315] SVR[message_size:0x7fffb80045f8] PollTrailingMetadata: INITIAL
I0428 14:18:47.166097 1503738 promise_based_filter.cc:2494] SVR[message_size:0x7fffb80045f8]: WakeInsideCombiner poll=<<pending>>; send_initial_metadata=null send_trailing_metadata=INITIAL
I0428 14:18:47.166111 1503738 promise_based_filter.cc:2427] SVR[http-server:0x7fffb8004610]: WakeInsideCombiner have_promise=true recv_initial_state=COMPLETE send_trailing_state=INITIAL captured={} send_initial_metadata=FORWARDED
I0428 14:18:47.166124 1503738 promise_based_filter.cc:2448] SVR[http-server:0x7fffb8004610]: WakeInsideCombiner: metadata_push done
I0428 14:18:47.166135 1503738 promise_based_filter.cc:2315] SVR[http-server:0x7fffb8004610] PollTrailingMetadata: INITIAL
I0428 14:18:47.166146 1503738 promise_based_filter.cc:2494] SVR[http-server:0x7fffb8004610]: WakeInsideCombiner poll=<<pending>>; send_initial_metadata=FORWARDED send_trailing_metadata=INITIAL
I0428 14:18:47.166161 1503738 promise_based_filter.cc:2427] SVR[compression:0x7fffb8004628]: WakeInsideCombiner have_promise=true recv_initial_state=COMPLETE send_trailing_state=INITIAL captured={} send_initial_metadata=FORWARDED
I0428 14:18:47.166173 1503738 promise_based_filter.cc:507] SVR[compression:0x7fffb8004628] SendMessage.WakeInsideCombiner st=FORWARDED_BATCH
I0428 14:18:47.166185 1503738 promise_based_filter.cc:2469] SVR[compression:0x7fffb8004628]: After send_message WakeInsideCombiner have_promise=true recv_initial_state=COMPLETE send_trailing_state=INITIAL captured={} send_initial_metadata=FORWARDED is_idle=true is_forwarded=true
I0428 14:18:47.166200 1503738 promise_based_filter.cc:811] SVR[compression:0x7fffb8004628] ReceiveMessage.WakeInsideCombiner st=IDLE push?=no next?=no allow_push_to_pipe=yes
I0428 14:18:47.166214 1503738 promise_based_filter.cc:2315] SVR[compression:0x7fffb8004628] PollTrailingMetadata: INITIAL
I0428 14:18:47.166225 1503738 promise_based_filter.cc:2494] SVR[compression:0x7fffb8004628]: WakeInsideCombiner poll=<<pending>>; send_initial_metadata=FORWARDED send_trailing_metadata=INITIAL
I0428 14:18:47.166239 1503738 promise_based_filter.cc:2427] SVR[server_call_tracer:0x7fffb8004658]: WakeInsideCombiner have_promise=true recv_initial_state=COMPLETE send_trailing_state=INITIAL captured={} send_initial_metadata=FORWARDED
I0428 14:18:47.166252 1503738 promise_based_filter.cc:2448] SVR[server_call_tracer:0x7fffb8004658]: WakeInsideCombiner: metadata_push done
I0428 14:18:47.166261 1503738 promise_based_filter.cc:2315] SVR[server_call_tracer:0x7fffb8004658] PollTrailingMetadata: INITIAL
I0428 14:18:47.166272 1503738 promise_based_filter.cc:2494] SVR[server_call_tracer:0x7fffb8004658]: WakeInsideCombiner poll=<<pending>>; send_initial_metadata=FORWARDED send_trailing_metadata=INITIAL
I0428 14:18:47.166392 1503738 promise_based_filter.cc:437] SVR[compression:0x7fffb8004628] SendMessage.OnComplete st=FORWARDED_BATCH status=OK
I0428 14:18:47.166414 1503738 promise_based_filter.cc:2427] SVR[compression:0x7fffb8004628]: WakeInsideCombiner have_promise=true recv_initial_state=COMPLETE send_trailing_state=INITIAL captured={} send_initial_metadata=FORWARDED
I0428 14:18:47.166432 1503738 promise_based_filter.cc:507] SVR[compression:0x7fffb8004628] SendMessage.WakeInsideCombiner st=BATCH_COMPLETED status=OK
I0428 14:18:47.166446 1503738 promise_based_filter.cc:2469] SVR[compression:0x7fffb8004628]: After send_message WakeInsideCombiner have_promise=true recv_initial_state=COMPLETE send_trailing_state=INITIAL captured={} send_initial_metadata=FORWARDED is_idle=true is_forwarded=false
I0428 14:18:47.166462 1503738 promise_based_filter.cc:811] SVR[compression:0x7fffb8004628] ReceiveMessage.WakeInsideCombiner st=IDLE push?=no next?=no allow_push_to_pipe=yes
I0428 14:18:47.166476 1503738 promise_based_filter.cc:2315] SVR[compression:0x7fffb8004628] PollTrailingMetadata: INITIAL
I0428 14:18:47.166488 1503738 promise_based_filter.cc:2494] SVR[compression:0x7fffb8004628]: WakeInsideCombiner poll=<<pending>>; send_initial_metadata=FORWARDED send_trailing_metadata=INITIAL
I0428 14:18:47.166503 1503738 promise_based_filter.cc:437] SVR[message_size:0x7fffb80045f8] SendMessage.OnComplete st=FORWARDED_BATCH status=OK
I0428 14:18:47.166516 1503738 promise_based_filter.cc:2427] SVR[message_size:0x7fffb80045f8]: WakeInsideCombiner have_promise=true recv_initial_state=COMPLETE send_trailing_state=INITIAL captured={}
I0428 14:18:47.166528 1503738 promise_based_filter.cc:507] SVR[message_size:0x7fffb80045f8] SendMessage.WakeInsideCombiner st=BATCH_COMPLETED status=OK
I0428 14:18:47.166540 1503738 promise_based_filter.cc:2469] SVR[message_size:0x7fffb80045f8]: After send_message WakeInsideCombiner have_promise=true recv_initial_state=COMPLETE send_trailing_state=INITIAL captured={} is_idle=true is_forwarded=false
I0428 14:18:47.166554 1503738 promise_based_filter.cc:811] SVR[message_size:0x7fffb80045f8] ReceiveMessage.WakeInsideCombiner st=IDLE push?=no next?=no allow_push_to_pipe=yes
I0428 14:18:47.166568 1503738 promise_based_filter.cc:2315] SVR[message_size:0x7fffb80045f8] PollTrailingMetadata: INITIAL
I0428 14:18:47.166579 1503738 promise_based_filter.cc:2494] SVR[message_size:0x7fffb80045f8]: WakeInsideCombiner poll=<<pending>>; send_initial_metadata=null send_trailing_metadata=INITIAL
I0428 14:18:47.166616 1503738 promise_based_filter.cc:2427] SVR[compression:0x7fffb8004628]: WakeInsideCombiner have_promise=true recv_initial_state=COMPLETE send_trailing_state=INITIAL captured={} send_initial_metadata=FORWARDED
I0428 14:18:47.166630 1503738 promise_based_filter.cc:507] SVR[compression:0x7fffb8004628] SendMessage.WakeInsideCombiner st=IDLE
I0428 14:18:47.166643 1503738 promise_based_filter.cc:2469] SVR[compression:0x7fffb8004628]: After send_message WakeInsideCombiner have_promise=true recv_initial_state=COMPLETE send_trailing_state=INITIAL captured={} send_initial_metadata=FORWARDED is_idle=true is_forwarded=false
I0428 14:18:47.166607 1503736 promise_based_filter.cc:1612] CLI[compression:0x7fffd80011c0] ClientCallData.RecvInitialMetadataReady has_promise=true sent_initial_state=FORWARDED recv_trailing_state=FORWARDED captured={} recv_initial_metadata=HOOKED_AND_GOT_PIPE error:OK md:PeerString: ipv6:%5B::1%5D:25482, :status: 200, grpc-accept-encoding: identity, deflate, gzip, content-type: application/grpc, GrpcStatusFromWire: true
I0428 14:18:47.166654 1503743 xds_server.cc:313] ADS[0x55555833d1c0:Default Balancer]: reactor 0x7fffdc002210: OnWriteDone(true)
I0428 14:18:47.166658 1503738 promise_based_filter.cc:811] SVR[compression:0x7fffb8004628] ReceiveMessage.WakeInsideCombiner st=IDLE push?=no next?=no allow_push_to_pipe=yes
I0428 14:18:47.166683 1503736 promise_based_filter.cc:1031] CLI[compression:0x7fffd80011c0] ClientCallData.PollContext.Run has_promise=true sent_initial_state=FORWARDED recv_trailing_state=FORWARDED captured={} recv_initial_metadata=COMPLETE_AND_GOT_PIPE
I0428 14:18:47.166713 1503738 promise_based_filter.cc:2315] SVR[compression:0x7fffb8004628] PollTrailingMetadata: INITIAL
I0428 14:18:47.166729 1503736 promise_based_filter.cc:507] CLI[compression:0x7fffd80011c0] SendMessage.WakeInsideCombiner st=IDLE
I0428 14:18:47.166737 1503738 promise_based_filter.cc:2494] SVR[compression:0x7fffb8004628]: WakeInsideCombiner poll=<<pending>>; send_initial_metadata=FORWARDED send_trailing_metadata=INITIAL
I0428 14:18:47.166745 1503736 promise_based_filter.cc:811] CLI[compression:0x7fffd80011c0] ReceiveMessage.WakeInsideCombiner st=FORWARDED_BATCH push?=no next?=no allow_push_to_pipe=no
I0428 14:18:47.166753 1503738 promise_based_filter.cc:2427] SVR[message_size:0x7fffb80045f8]: WakeInsideCombiner have_promise=true recv_initial_state=COMPLETE send_trailing_state=INITIAL captured={}
I0428 14:18:47.166764 1503738 promise_based_filter.cc:507] SVR[message_size:0x7fffb80045f8] SendMessage.WakeInsideCombiner st=IDLE
I0428 14:18:47.166764 1503736 promise_based_filter.cc:1115] CLI[compression:0x7fffd80011c0] ClientCallData.PollContext.Run: before calling poll; has_promise=true sent_initial_state=FORWARDED recv_trailing_state=FORWARDED captured={} recv_initial_metadata=COMPLETE_AND_PUSHED_TO_PIPE
I0428 14:18:47.166779 1503738 promise_based_filter.cc:2469] SVR[message_size:0x7fffb80045f8]: After send_message WakeInsideCombiner have_promise=true recv_initial_state=COMPLETE send_trailing_state=INITIAL captured={} is_idle=true is_forwarded=false
I0428 14:18:47.166790 1503736 promise_based_filter.cc:1756] CLI[compression:0x7fffd80011c0] ClientCallData.PollTrailingMetadata has_promise=true sent_initial_state=FORWARDED recv_trailing_state=FORWARDED captured={} recv_initial_metadata=COMPLETE_AND_PUSHED_TO_PIPE
I0428 14:18:47.166792 1503738 promise_based_filter.cc:811] SVR[message_size:0x7fffb80045f8] ReceiveMessage.WakeInsideCombiner st=IDLE push?=no next?=no allow_push_to_pipe=yes
I0428 14:18:47.166806 1503736 promise_based_filter.cc:1119] CLI[compression:0x7fffd80011c0] ClientCallData.PollContext.Run: poll=<<pending>>; has_promise=true sent_initial_state=FORWARDED recv_trailing_state=FORWARDED captured={} recv_initial_metadata=COMPLETE_AND_PUSHED_TO_PIPE
I0428 14:18:47.166815 1503738 promise_based_filter.cc:2315] SVR[message_size:0x7fffb80045f8] PollTrailingMetadata: INITIAL
I0428 14:18:47.166823 1503736 promise_based_filter.cc:1031] CLI[compression:0x7fffd80011c0] ClientCallData.PollContext.Run has_promise=true sent_initial_state=FORWARDED recv_trailing_state=FORWARDED captured={} recv_initial_metadata=COMPLETE_AND_PUSHED_TO_PIPE
I0428 14:18:47.166827 1503738 promise_based_filter.cc:2494] SVR[message_size:0x7fffb80045f8]: WakeInsideCombiner poll=<<pending>>; send_initial_metadata=null send_trailing_metadata=INITIAL
I0428 14:18:47.166842 1503736 promise_based_filter.cc:507] CLI[compression:0x7fffd80011c0] SendMessage.WakeInsideCombiner st=IDLE
I0428 14:18:47.166861 1503736 promise_based_filter.cc:811] CLI[compression:0x7fffd80011c0] ReceiveMessage.WakeInsideCombiner st=FORWARDED_BATCH push?=no next?=no allow_push_to_pipe=no
I0428 14:18:47.166869 1503738 filter_stack_call.cc:296] OP[server:0x7fffb80045e0]:  RECV_MESSAGE
I0428 14:18:47.166882 1503738 channel_stack.cc:297] OP[server:0x7fffb80045e0]:  RECV_MESSAGE
I0428 14:18:47.166884 1503736 promise_based_filter.cc:1115] CLI[compression:0x7fffd80011c0] ClientCallData.PollContext.Run: before calling poll; has_promise=true sent_initial_state=FORWARDED recv_trailing_state=FORWARDED captured={} recv_initial_metadata=RESPONDED
I0428 14:18:47.166895 1503738 promise_based_filter.cc:2054] SVR[message_size:0x7fffb80045f8] StartBatch: have_promise=true recv_initial_state=COMPLETE send_trailing_state=INITIAL captured={}
I0428 14:18:47.166898 1503736 promise_based_filter.cc:1756] CLI[compression:0x7fffd80011c0] ClientCallData.PollTrailingMetadata has_promise=true sent_initial_state=FORWARDED recv_trailing_state=FORWARDED captured={} recv_initial_metadata=RESPONDED
I0428 14:18:47.166910 1503738 promise_based_filter.cc:638] SVR[message_size:0x7fffb80045f8] ReceiveMessage.StartOp st=IDLE
I0428 14:18:47.166917 1503736 promise_based_filter.cc:1119] CLI[compression:0x7fffd80011c0] ClientCallData.PollContext.Run: poll=<<pending>>; has_promise=true sent_initial_state=FORWARDED recv_trailing_state=FORWARDED captured={} recv_initial_metadata=RESPONDED
I0428 14:18:47.166919 1503738 promise_based_filter.cc:2427] SVR[message_size:0x7fffb80045f8]: WakeInsideCombiner have_promise=true recv_initial_state=COMPLETE send_trailing_state=INITIAL captured={}
I0428 14:18:47.166943 1503738 promise_based_filter.cc:507] SVR[message_size:0x7fffb80045f8] SendMessage.WakeInsideCombiner st=IDLE
I0428 14:18:47.166936 1503736 promise_based_filter.cc:1612] CLI[http-client:0x7fffd80011a8] ClientCallData.RecvInitialMetadataReady has_promise=true sent_initial_state=FORWARDED recv_trailing_state=FORWARDED captured={} recv_initial_metadata=HOOKED_AND_GOT_PIPE error:OK md:PeerString: ipv6:%5B::1%5D:25482, :status: 200, grpc-accept-encoding: identity, deflate, gzip, content-type: application/grpc, GrpcStatusFromWire: true
I0428 14:18:47.166955 1503738 promise_based_filter.cc:2469] SVR[message_size:0x7fffb80045f8]: After send_message WakeInsideCombiner have_promise=true recv_initial_state=COMPLETE send_trailing_state=INITIAL captured={} is_idle=true is_forwarded=false
I0428 14:18:47.166971 1503736 promise_based_filter.cc:1031] CLI[http-client:0x7fffd80011a8] ClientCallData.PollContext.Run has_promise=true sent_initial_state=FORWARDED recv_trailing_state=FORWARDED captured={} recv_initial_metadata=COMPLETE_AND_GOT_PIPE
I0428 14:18:47.166979 1503738 promise_based_filter.cc:811] SVR[message_size:0x7fffb80045f8] ReceiveMessage.WakeInsideCombiner st=FORWARDED_BATCH push?=no next?=no allow_push_to_pipe=yes
I0428 14:18:47.166987 1503736 promise_based_filter.cc:1115] CLI[http-client:0x7fffd80011a8] ClientCallData.PollContext.Run: before calling poll; has_promise=true sent_initial_state=FORWARDED recv_trailing_state=FORWARDED captured={} recv_initial_metadata=COMPLETE_AND_PUSHED_TO_PIPE
I0428 14:18:47.166994 1503738 promise_based_filter.cc:2315] SVR[message_size:0x7fffb80045f8] PollTrailingMetadata: INITIAL
I0428 14:18:47.167004 1503736 promise_based_filter.cc:1756] CLI[http-client:0x7fffd80011a8] ClientCallData.PollTrailingMetadata has_promise=true sent_initial_state=FORWARDED recv_trailing_state=FORWARDED captured={} recv_initial_metadata=COMPLETE_AND_PUSHED_TO_PIPE
I0428 14:18:47.167012 1503738 promise_based_filter.cc:2494] SVR[message_size:0x7fffb80045f8]: WakeInsideCombiner poll=<<pending>>; send_initial_metadata=null send_trailing_metadata=INITIAL
I0428 14:18:47.167015 1503736 promise_based_filter.cc:1119] CLI[http-client:0x7fffd80011a8] ClientCallData.PollContext.Run: poll=<<pending>>; has_promise=true sent_initial_state=FORWARDED recv_trailing_state=FORWARDED captured={} recv_initial_metadata=COMPLETE_AND_PUSHED_TO_PIPE
I0428 14:18:47.167029 1503738 promise_based_filter.cc:325] FLUSHER:forward batch:  RECV_MESSAGE
I0428 14:18:47.167041 1503736 promise_based_filter.cc:1031] CLI[http-client:0x7fffd80011a8] ClientCallData.PollContext.Run has_promise=true sent_initial_state=FORWARDED recv_trailing_state=FORWARDED captured={} recv_initial_metadata=COMPLETE_AND_PUSHED_TO_PIPE
I0428 14:18:47.167047 1503738 channel_stack.cc:297] OP[message_size:0x7fffb80045f8]:  RECV_MESSAGE
I0428 14:18:47.167058 1503738 promise_based_filter.cc:2054] SVR[http-server:0x7fffb8004610] StartBatch: have_promise=true recv_initial_state=COMPLETE send_trailing_state=INITIAL captured={} send_initial_metadata=FORWARDED
I0428 14:18:47.167061 1503736 promise_based_filter.cc:1115] CLI[http-client:0x7fffd80011a8] ClientCallData.PollContext.Run: before calling poll; has_promise=true sent_initial_state=FORWARDED recv_trailing_state=FORWARDED captured={} recv_initial_metadata=RESPONDED
I0428 14:18:47.167074 1503738 promise_based_filter.cc:325] FLUSHER:forward batch:  RECV_MESSAGE
I0428 14:18:47.167085 1503736 promise_based_filter.cc:1756] CLI[http-client:0x7fffd80011a8] ClientCallData.PollTrailingMetadata has_promise=true sent_initial_state=FORWARDED recv_trailing_state=FORWARDED captured={} recv_initial_metadata=RESPONDED
I0428 14:18:47.167093 1503738 channel_stack.cc:297] OP[http-server:0x7fffb8004610]:  RECV_MESSAGE
I0428 14:18:47.167101 1503736 promise_based_filter.cc:1119] CLI[http-client:0x7fffd80011a8] ClientCallData.PollContext.Run: poll=<<pending>>; has_promise=true sent_initial_state=FORWARDED recv_trailing_state=FORWARDED captured={} recv_initial_metadata=RESPONDED
I0428 14:18:47.167106 1503738 promise_based_filter.cc:2054] SVR[compression:0x7fffb8004628] StartBatch: have_promise=true recv_initial_state=COMPLETE send_trailing_state=INITIAL captured={} send_initial_metadata=FORWARDED
I0428 14:18:47.167128 1503738 promise_based_filter.cc:638] SVR[compression:0x7fffb8004628] ReceiveMessage.StartOp st=IDLE
I0428 14:18:47.167140 1503738 promise_based_filter.cc:2427] SVR[compression:0x7fffb8004628]: WakeInsideCombiner have_promise=true recv_initial_state=COMPLETE send_trailing_state=INITIAL captured={} send_initial_metadata=FORWARDED
I0428 14:18:47.167153 1503738 promise_based_filter.cc:507] SVR[compression:0x7fffb8004628] SendMessage.WakeInsideCombiner st=IDLE
I0428 14:18:47.167150 1503736 promise_based_filter.cc:713] CLI[compression:0x7fffd80011c0] ReceiveMessage.OnComplete st=FORWARDED_BATCH status=OK
I0428 14:18:47.167167 1503738 promise_based_filter.cc:2469] SVR[compression:0x7fffb8004628]: After send_message WakeInsideCombiner have_promise=true recv_initial_state=COMPLETE send_trailing_state=INITIAL captured={} send_initial_metadata=FORWARDED is_idle=true is_forwarded=false
I0428 14:18:47.167187 1503736 promise_based_filter.cc:1031] CLI[compression:0x7fffd80011c0] ClientCallData.PollContext.Run has_promise=true sent_initial_state=FORWARDED recv_trailing_state=FORWARDED captured={} recv_initial_metadata=RESPONDED
I0428 14:18:47.167191 1503738 promise_based_filter.cc:811] SVR[compression:0x7fffb8004628] ReceiveMessage.WakeInsideCombiner st=FORWARDED_BATCH push?=no next?=no allow_push_to_pipe=yes
I0428 14:18:47.167201 1503736 promise_based_filter.cc:507] CLI[compression:0x7fffd80011c0] SendMessage.WakeInsideCombiner st=IDLE
I0428 14:18:47.167204 1503738 promise_based_filter.cc:2315] SVR[compression:0x7fffb8004628] PollTrailingMetadata: INITIAL
I0428 14:18:47.167214 1503736 promise_based_filter.cc:811] CLI[compression:0x7fffd80011c0] ReceiveMessage.WakeInsideCombiner st=BATCH_COMPLETED push?=no next?=no allow_push_to_pipe=yes
I0428 14:18:47.167221 1503738 promise_based_filter.cc:2494] SVR[compression:0x7fffb8004628]: WakeInsideCombiner poll=<<pending>>; send_initial_metadata=FORWARDED send_trailing_metadata=INITIAL
I0428 14:18:47.167236 1503738 promise_based_filter.cc:325] FLUSHER:forward batch:  RECV_MESSAGE
I0428 14:18:47.167239 1503736 promise_based_filter.cc:901] CLI[compression:0x7fffd80011c0] ReceiveMessage.WakeInsideCombiner next complete: got message new_state=PULLED_FROM_PIPE
I0428 14:18:47.167246 1503738 channel_stack.cc:297] OP[compression:0x7fffb8004628]:  RECV_MESSAGE
I0428 14:18:47.167257 1503736 promise_based_filter.cc:917] CLI[compression:0x7fffd80011c0] ReceiveMessage.WakeInsideCombiner push complete
I0428 14:18:47.167267 1503738 promise_based_filter.cc:2054] SVR[server-auth:0x7fffb8004640] StartBatch: have_promise=true recv_initial_state=COMPLETE send_trailing_state=INITIAL captured={}
I0428 14:18:47.167278 1503736 promise_based_filter.cc:1115] CLI[compression:0x7fffd80011c0] ClientCallData.PollContext.Run: before calling poll; has_promise=true sent_initial_state=FORWARDED recv_trailing_state=FORWARDED captured={} recv_initial_metadata=RESPONDED
I0428 14:18:47.167284 1503738 promise_based_filter.cc:325] FLUSHER:forward batch:  RECV_MESSAGE
I0428 14:18:47.167294 1503736 promise_based_filter.cc:1756] CLI[compression:0x7fffd80011c0] ClientCallData.PollTrailingMetadata has_promise=true sent_initial_state=FORWARDED recv_trailing_state=FORWARDED captured={} recv_initial_metadata=RESPONDED
I0428 14:18:47.167302 1503738 channel_stack.cc:297] OP[server-auth:0x7fffb8004640]:  RECV_MESSAGE
I0428 14:18:47.167314 1503738 promise_based_filter.cc:2054] SVR[server_call_tracer:0x7fffb8004658] StartBatch: have_promise=true recv_initial_state=COMPLETE send_trailing_state=INITIAL captured={} send_initial_metadata=FORWARDED
I0428 14:18:47.167307 1503736 promise_based_filter.cc:1119] CLI[compression:0x7fffd80011c0] ClientCallData.PollContext.Run: poll=<<pending>>; has_promise=true sent_initial_state=FORWARDED recv_trailing_state=FORWARDED captured={} recv_initial_metadata=RESPONDED
I0428 14:18:47.167332 1503738 promise_based_filter.cc:325] FLUSHER:forward batch:  RECV_MESSAGE
I0428 14:18:47.167345 1503736 promise_based_filter.cc:713] CLI[message_size:0x7fffd8001190] ReceiveMessage.OnComplete st=FORWARDED_BATCH status=OK
I0428 14:18:47.167350 1503738 channel_stack.cc:297] OP[server_call_tracer:0x7fffb8004658]:  RECV_MESSAGE
I0428 14:18:47.167362 1503736 promise_based_filter.cc:1031] CLI[message_size:0x7fffd8001190] ClientCallData.PollContext.Run has_promise=true sent_initial_state=FORWARDED recv_trailing_state=FORWARDED captured={}
I0428 14:18:47.167377 1503736 promise_based_filter.cc:507] CLI[message_size:0x7fffd8001190] SendMessage.WakeInsideCombiner st=IDLE
I0428 14:18:47.167389 1503736 promise_based_filter.cc:811] CLI[message_size:0x7fffd8001190] ReceiveMessage.WakeInsideCombiner st=BATCH_COMPLETED push?=no next?=no allow_push_to_pipe=yes
I0428 14:18:47.167410 1503736 promise_based_filter.cc:901] CLI[message_size:0x7fffd8001190] ReceiveMessage.WakeInsideCombiner next complete: got message new_state=PULLED_FROM_PIPE
I0428 14:18:47.167425 1503736 promise_based_filter.cc:917] CLI[message_size:0x7fffd8001190] ReceiveMessage.WakeInsideCombiner push complete
I0428 14:18:47.167436 1503736 promise_based_filter.cc:1115] CLI[message_size:0x7fffd8001190] ClientCallData.PollContext.Run: before calling poll; has_promise=true sent_initial_state=FORWARDED recv_trailing_state=FORWARDED captured={}
I0428 14:18:47.167448 1503736 promise_based_filter.cc:1756] CLI[message_size:0x7fffd8001190] ClientCallData.PollTrailingMetadata has_promise=true sent_initial_state=FORWARDED recv_trailing_state=FORWARDED captured={}
I0428 14:18:47.167460 1503736 promise_based_filter.cc:1119] CLI[message_size:0x7fffd8001190] ClientCallData.PollContext.Run: poll=<<pending>>; has_promise=true sent_initial_state=FORWARDED recv_trailing_state=FORWARDED captured={}
I0428 14:18:47.167704 1503736 promise_based_filter.cc:1031] CLI[compression:0x7fffd80011c0] ClientCallData.PollContext.Run has_promise=true sent_initial_state=FORWARDED recv_trailing_state=FORWARDED captured={} recv_initial_metadata=RESPONDED
I0428 14:18:47.167727 1503736 promise_based_filter.cc:507] CLI[compression:0x7fffd80011c0] SendMessage.WakeInsideCombiner st=IDLE
I0428 14:18:47.167737 1503736 promise_based_filter.cc:811] CLI[compression:0x7fffd80011c0] ReceiveMessage.WakeInsideCombiner st=IDLE push?=no next?=no allow_push_to_pipe=yes
I0428 14:18:47.167752 1503736 promise_based_filter.cc:1115] CLI[compression:0x7fffd80011c0] ClientCallData.PollContext.Run: before calling poll; has_promise=true sent_initial_state=FORWARDED recv_trailing_state=FORWARDED captured={} recv_initial_metadata=RESPONDED
I0428 14:18:47.167764 1503736 promise_based_filter.cc:1756] CLI[compression:0x7fffd80011c0] ClientCallData.PollTrailingMetadata has_promise=true sent_initial_state=FORWARDED recv_trailing_state=FORWARDED captured={} recv_initial_metadata=RESPONDED
I0428 14:18:47.167777 1503736 promise_based_filter.cc:1119] CLI[compression:0x7fffd80011c0] ClientCallData.PollContext.Run: poll=<<pending>>; has_promise=true sent_initial_state=FORWARDED recv_trailing_state=FORWARDED captured={} recv_initial_metadata=RESPONDED
I0428 14:18:47.167791 1503736 promise_based_filter.cc:1031] CLI[http-client:0x7fffd80011a8] ClientCallData.PollContext.Run has_promise=true sent_initial_state=FORWARDED recv_trailing_state=FORWARDED captured={} recv_initial_metadata=RESPONDED
I0428 14:18:47.167804 1503736 promise_based_filter.cc:1115] CLI[http-client:0x7fffd80011a8] ClientCallData.PollContext.Run: before calling poll; has_promise=true sent_initial_state=FORWARDED recv_trailing_state=FORWARDED captured={} recv_initial_metadata=RESPONDED
I0428 14:18:47.167817 1503736 promise_based_filter.cc:1756] CLI[http-client:0x7fffd80011a8] ClientCallData.PollTrailingMetadata has_promise=true sent_initial_state=FORWARDED recv_trailing_state=FORWARDED captured={} recv_initial_metadata=RESPONDED
I0428 14:18:47.167828 1503736 promise_based_filter.cc:1119] CLI[http-client:0x7fffd80011a8] ClientCallData.PollContext.Run: poll=<<pending>>; has_promise=true sent_initial_state=FORWARDED recv_trailing_state=FORWARDED captured={} recv_initial_metadata=RESPONDED
I0428 14:18:47.167842 1503736 promise_based_filter.cc:1031] CLI[compression:0x7fffd80011c0] ClientCallData.PollContext.Run has_promise=true sent_initial_state=FORWARDED recv_trailing_state=FORWARDED captured={} recv_initial_metadata=RESPONDED
I0428 14:18:47.167853 1503736 promise_based_filter.cc:507] CLI[compression:0x7fffd80011c0] SendMessage.WakeInsideCombiner st=IDLE
I0428 14:18:47.167865 1503736 promise_based_filter.cc:811] CLI[compression:0x7fffd80011c0] ReceiveMessage.WakeInsideCombiner st=IDLE push?=no next?=no allow_push_to_pipe=yes
I0428 14:18:47.167878 1503736 promise_based_filter.cc:1115] CLI[compression:0x7fffd80011c0] ClientCallData.PollContext.Run: before calling poll; has_promise=true sent_initial_state=FORWARDED recv_trailing_state=FORWARDED captured={} recv_initial_metadata=RESPONDED
I0428 14:18:47.167890 1503736 promise_based_filter.cc:1756] CLI[compression:0x7fffd80011c0] ClientCallData.PollTrailingMetadata has_promise=true sent_initial_state=FORWARDED recv_trailing_state=FORWARDED captured={} recv_initial_metadata=RESPONDED
I0428 14:18:47.167902 1503736 promise_based_filter.cc:1119] CLI[compression:0x7fffd80011c0] ClientCallData.PollContext.Run: poll=<<pending>>; has_promise=true sent_initial_state=FORWARDED recv_trailing_state=FORWARDED captured={} recv_initial_metadata=RESPONDED
I0428 14:18:47.167915 1503736 promise_based_filter.cc:1031] CLI[message_size:0x7fffd8001190] ClientCallData.PollContext.Run has_promise=true sent_initial_state=FORWARDED recv_trailing_state=FORWARDED captured={}
I0428 14:18:47.167927 1503736 promise_based_filter.cc:507] CLI[message_size:0x7fffd8001190] SendMessage.WakeInsideCombiner st=IDLE
I0428 14:18:47.167938 1503736 promise_based_filter.cc:811] CLI[message_size:0x7fffd8001190] ReceiveMessage.WakeInsideCombiner st=IDLE push?=no next?=no allow_push_to_pipe=yes
I0428 14:18:47.167951 1503736 promise_based_filter.cc:1115] CLI[message_size:0x7fffd8001190] ClientCallData.PollContext.Run: before calling poll; has_promise=true sent_initial_state=FORWARDED recv_trailing_state=FORWARDED captured={}
I0428 14:18:47.167963 1503736 promise_based_filter.cc:1756] CLI[message_size:0x7fffd8001190] ClientCallData.PollTrailingMetadata has_promise=true sent_initial_state=FORWARDED recv_trailing_state=FORWARDED captured={}
I0428 14:18:47.167974 1503736 promise_based_filter.cc:1119] CLI[message_size:0x7fffd8001190] ClientCallData.PollContext.Run: poll=<<pending>>; has_promise=true sent_initial_state=FORWARDED recv_trailing_state=FORWARDED captured={}
I0428 14:18:47.167987 1503736 filter_stack_call.cc:296] OP[client_idle:0x7fffec1a0770]:  SEND_MESSAGE:flags=0x00000000:len=81
I0428 14:18:47.168007 1503736 promise_based_filter.cc:1412] CLI[client_idle:0x7fffec1a0770] StartBatch has_promise=true sent_initial_state=FORWARDED recv_trailing_state=FORWARDED captured={}
I0428 14:18:47.168020 1503736 promise_based_filter.cc:325] FLUSHER:forward batch:  SEND_MESSAGE:flags=0x00000000:len=81
I0428 14:18:47.168032 1503736 channel_stack.cc:297] OP[client_idle:0x7fffec1a0770]:  SEND_MESSAGE:flags=0x00000000:len=81
I0428 14:18:47.168045 1503736 dynamic_filters.cc:76] OP[retry_filter:0x7fffbc000fd0]:  SEND_MESSAGE:flags=0x00000000:len=81
I0428 14:18:47.168059 1503736 client_channel_filter.cc:2593] chand=0x7fffec197270 lb_call=0x7fffbc002660: batch started from above:  SEND_MESSAGE:flags=0x00000000:len=81, call_attempt_tracer_=0
I0428 14:18:47.168076 1503736 subchannel.cc:333] OP[authority:0x7fffd8001160]:  SEND_MESSAGE:flags=0x00000000:len=81
I0428 14:18:47.168089 1503736 promise_based_filter.cc:1412] CLI[authority:0x7fffd8001160] StartBatch has_promise=true sent_initial_state=FORWARDED recv_trailing_state=FORWARDED captured={}
I0428 14:18:47.168101 1503736 promise_based_filter.cc:325] FLUSHER:forward batch:  SEND_MESSAGE:flags=0x00000000:len=81
I0428 14:18:47.168111 1503736 channel_stack.cc:297] OP[authority:0x7fffd8001160]:  SEND_MESSAGE:flags=0x00000000:len=81
I0428 14:18:47.168124 1503736 promise_based_filter.cc:1412] CLI[client-auth-filter:0x7fffd8001178] StartBatch has_promise=true sent_initial_state=FORWARDED recv_trailing_state=FORWARDED captured={}
I0428 14:18:47.168137 1503736 promise_based_filter.cc:325] FLUSHER:forward batch:  SEND_MESSAGE:flags=0x00000000:len=81
I0428 14:18:47.168147 1503736 channel_stack.cc:297] OP[client-auth-filter:0x7fffd8001178]:  SEND_MESSAGE:flags=0x00000000:len=81
I0428 14:18:47.168160 1503736 promise_based_filter.cc:1412] CLI[message_size:0x7fffd8001190] StartBatch has_promise=true sent_initial_state=FORWARDED recv_trailing_state=FORWARDED captured={}
I0428 14:18:47.168171 1503736 promise_based_filter.cc:365] CLI[message_size:0x7fffd8001190] SendMessage.StartOp st=IDLE
I0428 14:18:47.168182 1503736 promise_based_filter.cc:1031] CLI[message_size:0x7fffd8001190] ClientCallData.PollContext.Run has_promise=true sent_initial_state=FORWARDED recv_trailing_state=FORWARDED captured={send_message}
I0428 14:18:47.168195 1503736 promise_based_filter.cc:507] CLI[message_size:0x7fffd8001190] SendMessage.WakeInsideCombiner st=GOT_BATCH
I0428 14:18:47.168216 1503736 promise_based_filter.cc:554] CLI[message_size:0x7fffd8001190] SendMessage.WakeInsideCombiner next complete, result.has_value=true
I0428 14:18:47.168230 1503736 promise_based_filter.cc:811] CLI[message_size:0x7fffd8001190] ReceiveMessage.WakeInsideCombiner st=IDLE push?=no next?=no allow_push_to_pipe=yes
I0428 14:18:47.168244 1503736 promise_based_filter.cc:1115] CLI[message_size:0x7fffd8001190] ClientCallData.PollContext.Run: before calling poll; has_promise=true sent_initial_state=FORWARDED recv_trailing_state=FORWARDED captured={}
I0428 14:18:47.168256 1503736 promise_based_filter.cc:1756] CLI[message_size:0x7fffd8001190] ClientCallData.PollTrailingMetadata has_promise=true sent_initial_state=FORWARDED recv_trailing_state=FORWARDED captured={}
I0428 14:18:47.168268 1503736 promise_based_filter.cc:1119] CLI[message_size:0x7fffd8001190] ClientCallData.PollContext.Run: poll=<<pending>>; has_promise=true sent_initial_state=FORWARDED recv_trailing_state=FORWARDED captured={}
I0428 14:18:47.168281 1503736 promise_based_filter.cc:325] FLUSHER:forward batch:  SEND_MESSAGE:flags=0x00000000:len=81
I0428 14:18:47.168293 1503736 channel_stack.cc:297] OP[message_size:0x7fffd8001190]:  SEND_MESSAGE:flags=0x00000000:len=81
I0428 14:18:47.168306 1503736 promise_based_filter.cc:1412] CLI[http-client:0x7fffd80011a8] StartBatch has_promise=true sent_initial_state=FORWARDED recv_trailing_state=FORWARDED captured={} recv_initial_metadata=RESPONDED
I0428 14:18:47.168323 1503736 promise_based_filter.cc:325] FLUSHER:forward batch:  SEND_MESSAGE:flags=0x00000000:len=81
I0428 14:18:47.168334 1503736 channel_stack.cc:297] OP[http-client:0x7fffd80011a8]:  SEND_MESSAGE:flags=0x00000000:len=81
I0428 14:18:47.168347 1503736 promise_based_filter.cc:1412] CLI[compression:0x7fffd80011c0] StartBatch has_promise=true sent_initial_state=FORWARDED recv_trailing_state=FORWARDED captured={} recv_initial_metadata=RESPONDED
I0428 14:18:47.168359 1503736 promise_based_filter.cc:365] CLI[compression:0x7fffd80011c0] SendMessage.StartOp st=IDLE
I0428 14:18:47.168370 1503736 promise_based_filter.cc:1031] CLI[compression:0x7fffd80011c0] ClientCallData.PollContext.Run has_promise=true sent_initial_state=FORWARDED recv_trailing_state=FORWARDED captured={send_message} recv_initial_metadata=RESPONDED
I0428 14:18:47.168382 1503736 promise_based_filter.cc:507] CLI[compression:0x7fffd80011c0] SendMessage.WakeInsideCombiner st=GOT_BATCH
I0428 14:18:47.168400 1503736 promise_based_filter.cc:554] CLI[compression:0x7fffd80011c0] SendMessage.WakeInsideCombiner next complete, result.has_value=true
I0428 14:18:47.168413 1503736 promise_based_filter.cc:811] CLI[compression:0x7fffd80011c0] ReceiveMessage.WakeInsideCombiner st=IDLE push?=no next?=no allow_push_to_pipe=yes
I0428 14:18:47.168427 1503736 promise_based_filter.cc:1115] CLI[compression:0x7fffd80011c0] ClientCallData.PollContext.Run: before calling poll; has_promise=true sent_initial_state=FORWARDED recv_trailing_state=FORWARDED captured={} recv_initial_metadata=RESPONDED
I0428 14:18:47.168439 1503736 promise_based_filter.cc:1756] CLI[compression:0x7fffd80011c0] ClientCallData.PollTrailingMetadata has_promise=true sent_initial_state=FORWARDED recv_trailing_state=FORWARDED captured={} recv_initial_metadata=RESPONDED
I0428 14:18:47.168451 1503736 promise_based_filter.cc:1119] CLI[compression:0x7fffd80011c0] ClientCallData.PollContext.Run: poll=<<pending>>; has_promise=true sent_initial_state=FORWARDED recv_trailing_state=FORWARDED captured={} recv_initial_metadata=RESPONDED
I0428 14:18:47.168464 1503736 promise_based_filter.cc:325] FLUSHER:forward batch:  SEND_MESSAGE:flags=0x00000000:len=81
I0428 14:18:47.168476 1503736 channel_stack.cc:297] OP[compression:0x7fffd80011c0]:  SEND_MESSAGE:flags=0x00000000:len=81
I0428 14:18:47.168492 1503736 promise_based_filter.cc:1031] CLI[message_size:0x7fffd8001190] ClientCallData.PollContext.Run has_promise=true sent_initial_state=FORWARDED recv_trailing_state=FORWARDED captured={}
I0428 14:18:47.168505 1503736 promise_based_filter.cc:507] CLI[message_size:0x7fffd8001190] SendMessage.WakeInsideCombiner st=FORWARDED_BATCH
I0428 14:18:47.168517 1503736 promise_based_filter.cc:811] CLI[message_size:0x7fffd8001190] ReceiveMessage.WakeInsideCombiner st=IDLE push?=no next?=no allow_push_to_pipe=yes
I0428 14:18:47.168531 1503736 promise_based_filter.cc:1115] CLI[message_size:0x7fffd8001190] ClientCallData.PollContext.Run: before calling poll; has_promise=true sent_initial_state=FORWARDED recv_trailing_state=FORWARDED captured={}
I0428 14:18:47.168542 1503736 promise_based_filter.cc:1756] CLI[message_size:0x7fffd8001190] ClientCallData.PollTrailingMetadata has_promise=true sent_initial_state=FORWARDED recv_trailing_state=FORWARDED captured={}
I0428 14:18:47.168554 1503736 promise_based_filter.cc:1119] CLI[message_size:0x7fffd8001190] ClientCallData.PollContext.Run: poll=<<pending>>; has_promise=true sent_initial_state=FORWARDED recv_trailing_state=FORWARDED captured={}
I0428 14:18:47.168569 1503736 promise_based_filter.cc:1031] CLI[compression:0x7fffd80011c0] ClientCallData.PollContext.Run has_promise=true sent_initial_state=FORWARDED recv_trailing_state=FORWARDED captured={} recv_initial_metadata=RESPONDED
I0428 14:18:47.168584 1503736 promise_based_filter.cc:507] CLI[compression:0x7fffd80011c0] SendMessage.WakeInsideCombiner st=FORWARDED_BATCH
I0428 14:18:47.168596 1503736 promise_based_filter.cc:811] CLI[compression:0x7fffd80011c0] ReceiveMessage.WakeInsideCombiner st=IDLE push?=no next?=no allow_push_to_pipe=yes
I0428 14:18:47.168610 1503736 promise_based_filter.cc:1115] CLI[compression:0x7fffd80011c0] ClientCallData.PollContext.Run: before calling poll; has_promise=true sent_initial_state=FORWARDED recv_trailing_state=FORWARDED captured={} recv_initial_metadata=RESPONDED
I0428 14:18:47.168622 1503736 promise_based_filter.cc:1756] CLI[compression:0x7fffd80011c0] ClientCallData.PollTrailingMetadata has_promise=true sent_initial_state=FORWARDED recv_trailing_state=FORWARDED captured={} recv_initial_metadata=RESPONDED
I0428 14:18:47.168633 1503736 promise_based_filter.cc:1119] CLI[compression:0x7fffd80011c0] ClientCallData.PollContext.Run: poll=<<pending>>; has_promise=true sent_initial_state=FORWARDED recv_trailing_state=FORWARDED captured={} recv_initial_metadata=RESPONDED
I0428 14:18:47.168777 1503736 promise_based_filter.cc:437] CLI[compression:0x7fffd80011c0] SendMessage.OnComplete st=FORWARDED_BATCH status=OK
I0428 14:18:47.168799 1503736 promise_based_filter.cc:1031] CLI[compression:0x7fffd80011c0] ClientCallData.PollContext.Run has_promise=true sent_initial_state=FORWARDED recv_trailing_state=FORWARDED captured={} recv_initial_metadata=RESPONDED
I0428 14:18:47.168809 1503736 promise_based_filter.cc:507] CLI[compression:0x7fffd80011c0] SendMessage.WakeInsideCombiner st=BATCH_COMPLETED status=OK
I0428 14:18:47.168819 1503736 promise_based_filter.cc:811] CLI[compression:0x7fffd80011c0] ReceiveMessage.WakeInsideCombiner st=IDLE push?=no next?=no allow_push_to_pipe=yes
I0428 14:18:47.168833 1503736 promise_based_filter.cc:1115] CLI[compression:0x7fffd80011c0] ClientCallData.PollContext.Run: before calling poll; has_promise=true sent_initial_state=FORWARDED recv_trailing_state=FORWARDED captured={} recv_initial_metadata=RESPONDED
I0428 14:18:47.168927 1503744 promise_based_filter.cc:713] SVR[compression:0x7fffb8004628] ReceiveMessage.OnComplete st=FORWARDED_BATCH status=OK
I0428 14:18:47.267435 1503736 promise_based_filter.cc:1756] CLI[compression:0x7fffd80011c0] ClientCallData.PollTrailingMetadata has_promise=true sent_initial_state=FORWARDED recv_trailing_state=FORWARDED captured={} recv_initial_metadata=RESPONDED
I0428 14:18:47.267462 1503744 promise_based_filter.cc:2427] SVR[compression:0x7fffb8004628]: WakeInsideCombiner have_promise=true recv_initial_state=COMPLETE send_trailing_state=INITIAL captured={} send_initial_metadata=FORWARDED
I0428 14:18:47.267489 1503736 promise_based_filter.cc:1119] CLI[compression:0x7fffd80011c0] ClientCallData.PollContext.Run: poll=<<pending>>; has_promise=true sent_initial_state=FORWARDED recv_trailing_state=FORWARDED captured={} recv_initial_metadata=RESPONDED
I0428 14:18:47.267504 1503744 promise_based_filter.cc:507] SVR[compression:0x7fffb8004628] SendMessage.WakeInsideCombiner st=IDLE
I0428 14:18:47.267523 1503744 promise_based_filter.cc:2469] SVR[compression:0x7fffb8004628]: After send_message WakeInsideCombiner have_promise=true recv_initial_state=COMPLETE send_trailing_state=INITIAL captured={} send_initial_metadata=FORWARDED is_idle=true is_forwarded=false
I0428 14:18:47.267528 1503736 promise_based_filter.cc:437] CLI[message_size:0x7fffd8001190] SendMessage.OnComplete st=FORWARDED_BATCH status=OK
I0428 14:18:47.267543 1503744 promise_based_filter.cc:811] SVR[compression:0x7fffb8004628] ReceiveMessage.WakeInsideCombiner st=BATCH_COMPLETED push?=no next?=no allow_push_to_pipe=yes
I0428 14:18:47.267555 1503736 promise_based_filter.cc:1031] CLI[message_size:0x7fffd8001190] ClientCallData.PollContext.Run has_promise=true sent_initial_state=FORWARDED recv_trailing_state=FORWARDED captured={}
I0428 14:18:47.267569 1503736 promise_based_filter.cc:507] CLI[message_size:0x7fffd8001190] SendMessage.WakeInsideCombiner st=BATCH_COMPLETED status=OK
I0428 14:18:47.267580 1503744 promise_based_filter.cc:901] SVR[compression:0x7fffb8004628] ReceiveMessage.WakeInsideCombiner next complete: got message new_state=PULLED_FROM_PIPE
I0428 14:18:47.267582 1503736 promise_based_filter.cc:811] CLI[message_size:0x7fffd8001190] ReceiveMessage.WakeInsideCombiner st=IDLE push?=no next?=no allow_push_to_pipe=yes
I0428 14:18:47.267601 1503744 promise_based_filter.cc:917] SVR[compression:0x7fffb8004628] ReceiveMessage.WakeInsideCombiner push complete
I0428 14:18:47.267612 1503736 promise_based_filter.cc:1115] CLI[message_size:0x7fffd8001190] ClientCallData.PollContext.Run: before calling poll; has_promise=true sent_initial_state=FORWARDED recv_trailing_state=FORWARDED captured={}
I0428 14:18:47.267627 1503744 promise_based_filter.cc:2315] SVR[compression:0x7fffb8004628] PollTrailingMetadata: INITIAL
I0428 14:18:47.267634 1503736 promise_based_filter.cc:1756] CLI[message_size:0x7fffd8001190] ClientCallData.PollTrailingMetadata has_promise=true sent_initial_state=FORWARDED recv_trailing_state=FORWARDED captured={}
I0428 14:18:47.267642 1503744 promise_based_filter.cc:2494] SVR[compression:0x7fffb8004628]: WakeInsideCombiner poll=<<pending>>; send_initial_metadata=FORWARDED send_trailing_metadata=INITIAL
I0428 14:18:47.267646 1503736 promise_based_filter.cc:1119] CLI[message_size:0x7fffd8001190] ClientCallData.PollContext.Run: poll=<<pending>>; has_promise=true sent_initial_state=FORWARDED recv_trailing_state=FORWARDED captured={}
I0428 14:18:47.267663 1503744 promise_based_filter.cc:713] SVR[message_size:0x7fffb80045f8] ReceiveMessage.OnComplete st=FORWARDED_BATCH status=OK
I0428 14:18:47.267678 1503744 promise_based_filter.cc:2427] SVR[message_size:0x7fffb80045f8]: WakeInsideCombiner have_promise=true recv_initial_state=COMPLETE send_trailing_state=INITIAL captured={}
I0428 14:18:47.267690 1503744 promise_based_filter.cc:507] SVR[message_size:0x7fffb80045f8] SendMessage.WakeInsideCombiner st=IDLE
I0428 14:18:47.267703 1503744 promise_based_filter.cc:2469] SVR[message_size:0x7fffb80045f8]: After send_message WakeInsideCombiner have_promise=true recv_initial_state=COMPLETE send_trailing_state=INITIAL captured={} is_idle=true is_forwarded=false
I0428 14:18:47.267716 1503744 promise_based_filter.cc:811] SVR[message_size:0x7fffb80045f8] ReceiveMessage.WakeInsideCombiner st=BATCH_COMPLETED push?=no next?=no allow_push_to_pipe=yes
I0428 14:18:47.267715 1503736 filter_stack_call.cc:296] OP[client_idle:0x7fffec1a0770]:  RECV_MESSAGE
I0428 14:18:47.267739 1503744 promise_based_filter.cc:901] SVR[message_size:0x7fffb80045f8] ReceiveMessage.WakeInsideCombiner next complete: got message new_state=PULLED_FROM_PIPE
I0428 14:18:47.267744 1503736 promise_based_filter.cc:1412] CLI[client_idle:0x7fffec1a0770] StartBatch has_promise=true sent_initial_state=FORWARDED recv_trailing_state=FORWARDED captured={}
I0428 14:18:47.267753 1503744 promise_based_filter.cc:917] SVR[message_size:0x7fffb80045f8] ReceiveMessage.WakeInsideCombiner push complete
I0428 14:18:47.267760 1503736 promise_based_filter.cc:325] FLUSHER:forward batch:  RECV_MESSAGE
I0428 14:18:47.267764 1503744 promise_based_filter.cc:2315] SVR[message_size:0x7fffb80045f8] PollTrailingMetadata: INITIAL
I0428 14:18:47.267770 1503736 channel_stack.cc:297] OP[client_idle:0x7fffec1a0770]:  RECV_MESSAGE
I0428 14:18:47.267776 1503744 promise_based_filter.cc:2494] SVR[message_size:0x7fffb80045f8]: WakeInsideCombiner poll=<<pending>>; send_initial_metadata=null send_trailing_metadata=INITIAL
I0428 14:18:47.267783 1503736 dynamic_filters.cc:76] OP[retry_filter:0x7fffbc000fd0]:  RECV_MESSAGE
I0428 14:18:47.267796 1503736 client_channel_filter.cc:2593] chand=0x7fffec197270 lb_call=0x7fffbc002660: batch started from above:  RECV_MESSAGE, call_attempt_tracer_=0
I0428 14:18:47.267812 1503744 promise_based_filter.cc:2427] SVR[compression:0x7fffb8004628]: WakeInsideCombiner have_promise=true recv_initial_state=COMPLETE send_trailing_state=INITIAL captured={} send_initial_metadata=FORWARDED
I0428 14:18:47.267816 1503736 subchannel.cc:333] OP[authority:0x7fffd8001160]:  RECV_MESSAGE
I0428 14:18:47.267828 1503744 promise_based_filter.cc:507] SVR[compression:0x7fffb8004628] SendMessage.WakeInsideCombiner st=IDLE
I0428 14:18:47.267838 1503736 promise_based_filter.cc:1412] CLI[authority:0x7fffd8001160] StartBatch has_promise=true sent_initial_state=FORWARDED recv_trailing_state=FORWARDED captured={}
I0428 14:18:47.267845 1503744 promise_based_filter.cc:2469] SVR[compression:0x7fffb8004628]: After send_message WakeInsideCombiner have_promise=true recv_initial_state=COMPLETE send_trailing_state=INITIAL captured={} send_initial_metadata=FORWARDED is_idle=true is_forwarded=false
I0428 14:18:47.267856 1503736 promise_based_filter.cc:325] FLUSHER:forward batch:  RECV_MESSAGE
I0428 14:18:47.267870 1503744 promise_based_filter.cc:811] SVR[compression:0x7fffb8004628] ReceiveMessage.WakeInsideCombiner st=IDLE push?=no next?=no allow_push_to_pipe=yes
I0428 14:18:47.267870 1503732 xds_server.cc:141] ADS[0x55555833d1c0:Default Balancer]: reactor 0x7fffdc002210: OnReadDone(true)
I0428 14:18:47.267881 1503736 channel_stack.cc:297] OP[authority:0x7fffd8001160]:  RECV_MESSAGE
I0428 14:18:47.267897 1503744 promise_based_filter.cc:2315] SVR[compression:0x7fffb8004628] PollTrailingMetadata: INITIAL
I0428 14:18:47.267937 1503736 promise_based_filter.cc:1412] CLI[client-auth-filter:0x7fffd8001178] StartBatch has_promise=true sent_initial_state=FORWARDED recv_trailing_state=FORWARDED captured={}
I0428 14:18:47.267955 1503744 promise_based_filter.cc:2494] SVR[compression:0x7fffb8004628]: WakeInsideCombiner poll=<<pending>>; send_initial_metadata=FORWARDED send_trailing_metadata=INITIAL
I0428 14:18:47.267970 1503736 promise_based_filter.cc:325] FLUSHER:forward batch:  RECV_MESSAGE
I0428 14:18:47.267980 1503744 promise_based_filter.cc:2427] SVR[message_size:0x7fffb80045f8]: WakeInsideCombiner have_promise=true recv_initial_state=COMPLETE send_trailing_state=INITIAL captured={}
I0428 14:18:47.267985 1503736 channel_stack.cc:297] OP[client-auth-filter:0x7fffd8001178]:  RECV_MESSAGE
I0428 14:18:47.267994 1503744 promise_based_filter.cc:507] SVR[message_size:0x7fffb80045f8] SendMessage.WakeInsideCombiner st=IDLE
I0428 14:18:47.268006 1503736 promise_based_filter.cc:1412] CLI[message_size:0x7fffd8001190] StartBatch has_promise=true sent_initial_state=FORWARDED recv_trailing_state=FORWARDED captured={}
I0428 14:18:47.268016 1503744 promise_based_filter.cc:2469] SVR[message_size:0x7fffb80045f8]: After send_message WakeInsideCombiner have_promise=true recv_initial_state=COMPLETE send_trailing_state=INITIAL captured={} is_idle=true is_forwarded=false
I0428 14:18:47.268025 1503736 promise_based_filter.cc:638] CLI[message_size:0x7fffd8001190] ReceiveMessage.StartOp st=IDLE
I0428 14:18:47.268034 1503744 promise_based_filter.cc:811] SVR[message_size:0x7fffb80045f8] ReceiveMessage.WakeInsideCombiner st=IDLE push?=no next?=no allow_push_to_pipe=yes
I0428 14:18:47.267921 1503732 xds_server.cc:151] ADS[0x55555833d1c0:Default Balancer]: reactor 0x7fffdc002210: Received request for type type.googleapis.com/envoy.config.listener.v3.Listener with content goo.gle/debugonly    
version_info: "2"
resource_names: "server.example.com"
type_url: "type.googleapis.com/envoy.config.listener.v3.Listener"
response_nonce: "1"

I0428 14:18:47.268051 1503744 promise_based_filter.cc:2315] SVR[message_size:0x7fffb80045f8] PollTrailingMetadata: INITIAL
I0428 14:18:47.268067 1503732 xds_server.cc:174] ADS[0x55555833d1c0:Default Balancer]: reactor 0x7fffdc002210: client ACKed resource_type=type.googleapis.com/envoy.config.listener.v3.Listener version=2
I0428 14:18:47.268047 1503736 promise_based_filter.cc:1031] CLI[message_size:0x7fffd8001190] ClientCallData.PollContext.Run has_promise=true sent_initial_state=FORWARDED recv_trailing_state=FORWARDED captured={}
I0428 14:18:47.268074 1503744 promise_based_filter.cc:2494] SVR[message_size:0x7fffb80045f8]: WakeInsideCombiner poll=<<pending>>; send_initial_metadata=null send_trailing_metadata=INITIAL
I0428 14:18:47.268098 1503732 xds_server.cc:252] ADS[0x55555833d1c0:Default Balancer]: reactor 0x7fffdc002210: MaybeStartWrite(type.googleapis.com/envoy.config.listener.v3.Listener)
I0428 14:18:47.268102 1503736 promise_based_filter.cc:507] CLI[message_size:0x7fffd8001190] SendMessage.WakeInsideCombiner st=IDLE
I0428 14:18:47.268129 1503732 xds_server.cc:258] ADS[0x55555833d1c0:Default Balancer]: reactor 0x7fffdc002210: Constructing response
I0428 14:18:47.268146 1503736 promise_based_filter.cc:811] CLI[message_size:0x7fffd8001190] ReceiveMessage.WakeInsideCombiner st=FORWARDED_BATCH push?=no next?=no allow_push_to_pipe=yes
I0428 14:18:47.268160 1503732 xds_server.cc:295] ADS[0x55555833d1c0:Default Balancer]: reactor 0x7fffdc002210: no resources to send for type=type.googleapis.com/envoy.config.listener.v3.Listener
I0428 14:18:47.268169 1503736 promise_based_filter.cc:1115] CLI[message_size:0x7fffd8001190] ClientCallData.PollContext.Run: before calling poll; has_promise=true sent_initial_state=FORWARDED recv_trailing_state=FORWARDED captured={}
I0428 14:18:47.268184 1503732 filter_stack_call.cc:296] OP[server:0x7fffb80045e0]:  RECV_MESSAGE
I0428 14:18:47.268206 1503732 channel_stack.cc:297] OP[server:0x7fffb80045e0]:  RECV_MESSAGE
I0428 14:18:47.268189 1503736 promise_based_filter.cc:1756] CLI[message_size:0x7fffd8001190] ClientCallData.PollTrailingMetadata has_promise=true sent_initial_state=FORWARDED recv_trailing_state=FORWARDED captured={}
I0428 14:18:47.268222 1503732 promise_based_filter.cc:2054] SVR[message_size:0x7fffb80045f8] StartBatch: have_promise=true recv_initial_state=COMPLETE send_trailing_state=INITIAL captured={}
I0428 14:18:47.268239 1503736 promise_based_filter.cc:1119] CLI[message_size:0x7fffd8001190] ClientCallData.PollContext.Run: poll=<<pending>>; has_promise=true sent_initial_state=FORWARDED recv_trailing_state=FORWARDED captured={}
I0428 14:18:47.268247 1503732 promise_based_filter.cc:638] SVR[message_size:0x7fffb80045f8] ReceiveMessage.StartOp st=IDLE
I0428 14:18:47.268266 1503736 promise_based_filter.cc:325] FLUSHER:forward batch:  RECV_MESSAGE
I0428 14:18:47.268272 1503732 promise_based_filter.cc:2427] SVR[message_size:0x7fffb80045f8]: WakeInsideCombiner have_promise=true recv_initial_state=COMPLETE send_trailing_state=INITIAL captured={}
I0428 14:18:47.268282 1503736 channel_stack.cc:297] OP[message_size:0x7fffd8001190]:  RECV_MESSAGE
I0428 14:18:47.268288 1503732 promise_based_filter.cc:507] SVR[message_size:0x7fffb80045f8] SendMessage.WakeInsideCombiner st=IDLE
I0428 14:18:47.268305 1503736 promise_based_filter.cc:1412] CLI[http-client:0x7fffd80011a8] StartBatch has_promise=true sent_initial_state=FORWARDED recv_trailing_state=FORWARDED captured={} recv_initial_metadata=RESPONDED
I0428 14:18:47.268313 1503732 promise_based_filter.cc:2469] SVR[message_size:0x7fffb80045f8]: After send_message WakeInsideCombiner have_promise=true recv_initial_state=COMPLETE send_trailing_state=INITIAL captured={} is_idle=true is_forwarded=false
I0428 14:18:47.268338 1503736 promise_based_filter.cc:325] FLUSHER:forward batch:  RECV_MESSAGE
I0428 14:18:47.268344 1503732 promise_based_filter.cc:811] SVR[message_size:0x7fffb80045f8] ReceiveMessage.WakeInsideCombiner st=FORWARDED_BATCH push?=no next?=no allow_push_to_pipe=yes
I0428 14:18:47.268354 1503736 channel_stack.cc:297] OP[http-client:0x7fffd80011a8]:  RECV_MESSAGE
I0428 14:18:47.268361 1503732 promise_based_filter.cc:2315] SVR[message_size:0x7fffb80045f8] PollTrailingMetadata: INITIAL
I0428 14:18:47.268377 1503736 promise_based_filter.cc:1412] CLI[compression:0x7fffd80011c0] StartBatch has_promise=true sent_initial_state=FORWARDED recv_trailing_state=FORWARDED captured={} recv_initial_metadata=RESPONDED
I0428 14:18:47.268384 1503732 promise_based_filter.cc:2494] SVR[message_size:0x7fffb80045f8]: WakeInsideCombiner poll=<<pending>>; send_initial_metadata=null send_trailing_metadata=INITIAL
I0428 14:18:47.268400 1503736 promise_based_filter.cc:638] CLI[compression:0x7fffd80011c0] ReceiveMessage.StartOp st=IDLE
I0428 14:18:47.268408 1503732 promise_based_filter.cc:325] FLUSHER:forward batch:  RECV_MESSAGE
I0428 14:18:47.268421 1503736 promise_based_filter.cc:1031] CLI[compression:0x7fffd80011c0] ClientCallData.PollContext.Run has_promise=true sent_initial_state=FORWARDED recv_trailing_state=FORWARDED captured={} recv_initial_metadata=RESPONDED
I0428 14:18:47.268427 1503732 channel_stack.cc:297] OP[message_size:0x7fffb80045f8]:  RECV_MESSAGE
I0428 14:18:47.268443 1503736 promise_based_filter.cc:507] CLI[compression:0x7fffd80011c0] SendMessage.WakeInsideCombiner st=IDLE
I0428 14:18:47.268450 1503732 promise_based_filter.cc:2054] SVR[http-server:0x7fffb8004610] StartBatch: have_promise=true recv_initial_state=COMPLETE send_trailing_state=INITIAL captured={} send_initial_metadata=FORWARDED
I0428 14:18:47.268472 1503732 promise_based_filter.cc:325] FLUSHER:forward batch:  RECV_MESSAGE
I0428 14:18:47.268484 1503732 channel_stack.cc:297] OP[http-server:0x7fffb8004610]:  RECV_MESSAGE
I0428 14:18:47.268464 1503736 promise_based_filter.cc:811] CLI[compression:0x7fffd80011c0] ReceiveMessage.WakeInsideCombiner st=FORWARDED_BATCH push?=no next?=no allow_push_to_pipe=yes
I0428 14:18:47.268496 1503732 promise_based_filter.cc:2054] SVR[compression:0x7fffb8004628] StartBatch: have_promise=true recv_initial_state=COMPLETE send_trailing_state=INITIAL captured={} send_initial_metadata=FORWARDED
I0428 14:18:47.268512 1503736 promise_based_filter.cc:1115] CLI[compression:0x7fffd80011c0] ClientCallData.PollContext.Run: before calling poll; has_promise=true sent_initial_state=FORWARDED recv_trailing_state=FORWARDED captured={} recv_initial_metadata=RESPONDED
I0428 14:18:47.268519 1503732 promise_based_filter.cc:638] SVR[compression:0x7fffb8004628] ReceiveMessage.StartOp st=IDLE
I0428 14:18:47.268537 1503736 promise_based_filter.cc:1756] CLI[compression:0x7fffd80011c0] ClientCallData.PollTrailingMetadata has_promise=true sent_initial_state=FORWARDED recv_trailing_state=FORWARDED captured={} recv_initial_metadata=RESPONDED
I0428 14:18:47.268543 1503732 promise_based_filter.cc:2427] SVR[compression:0x7fffb8004628]: WakeInsideCombiner have_promise=true recv_initial_state=COMPLETE send_trailing_state=INITIAL captured={} send_initial_metadata=FORWARDED
I0428 14:18:47.268559 1503736 promise_based_filter.cc:1119] CLI[compression:0x7fffd80011c0] ClientCallData.PollContext.Run: poll=<<pending>>; has_promise=true sent_initial_state=FORWARDED recv_trailing_state=FORWARDED captured={} recv_initial_metadata=RESPONDED
I0428 14:18:47.268570 1503732 promise_based_filter.cc:507] SVR[compression:0x7fffb8004628] SendMessage.WakeInsideCombiner st=IDLE
I0428 14:18:47.268579 1503736 promise_based_filter.cc:325] FLUSHER:forward batch:  RECV_MESSAGE
I0428 14:18:47.268584 1503732 promise_based_filter.cc:2469] SVR[compression:0x7fffb8004628]: After send_message WakeInsideCombiner have_promise=true recv_initial_state=COMPLETE send_trailing_state=INITIAL captured={} send_initial_metadata=FORWARDED is_idle=true is_forwarded=false
I0428 14:18:47.268601 1503736 channel_stack.cc:297] OP[compression:0x7fffd80011c0]:  RECV_MESSAGE
I0428 14:18:47.268609 1503732 promise_based_filter.cc:811] SVR[compression:0x7fffb8004628] ReceiveMessage.WakeInsideCombiner st=FORWARDED_BATCH push?=no next?=no allow_push_to_pipe=yes
I0428 14:18:47.268631 1503732 promise_based_filter.cc:2315] SVR[compression:0x7fffb8004628] PollTrailingMetadata: INITIAL
I0428 14:18:47.268643 1503736 promise_based_filter.cc:1031] CLI[compression:0x7fffd80011c0] ClientCallData.PollContext.Run has_promise=true sent_initial_state=FORWARDED recv_trailing_state=FORWARDED captured={} recv_initial_metadata=RESPONDED
I0428 14:18:47.268661 1503732 promise_based_filter.cc:2494] SVR[compression:0x7fffb8004628]: WakeInsideCombiner poll=<<pending>>; send_initial_metadata=FORWARDED send_trailing_metadata=INITIAL
I0428 14:18:47.268681 1503736 promise_based_filter.cc:507] CLI[compression:0x7fffd80011c0] SendMessage.WakeInsideCombiner st=IDLE
I0428 14:18:47.268693 1503732 promise_based_filter.cc:325] FLUSHER:forward batch:  RECV_MESSAGE
I0428 14:18:47.268706 1503732 channel_stack.cc:297] OP[compression:0x7fffb8004628]:  RECV_MESSAGE
I0428 14:18:47.268700 1503736 promise_based_filter.cc:811] CLI[compression:0x7fffd80011c0] ReceiveMessage.WakeInsideCombiner st=FORWARDED_BATCH push?=no next?=no allow_push_to_pipe=yes
I0428 14:18:47.268720 1503732 promise_based_filter.cc:2054] SVR[server-auth:0x7fffb8004640] StartBatch: have_promise=true recv_initial_state=COMPLETE send_trailing_state=INITIAL captured={}
I0428 14:18:47.268739 1503736 promise_based_filter.cc:1115] CLI[compression:0x7fffd80011c0] ClientCallData.PollContext.Run: before calling poll; has_promise=true sent_initial_state=FORWARDED recv_trailing_state=FORWARDED captured={} recv_initial_metadata=RESPONDED
I0428 14:18:47.268746 1503732 promise_based_filter.cc:325] FLUSHER:forward batch:  RECV_MESSAGE
I0428 14:18:47.268763 1503736 promise_based_filter.cc:1756] CLI[compression:0x7fffd80011c0] ClientCallData.PollTrailingMetadata has_promise=true sent_initial_state=FORWARDED recv_trailing_state=FORWARDED captured={} recv_initial_metadata=RESPONDED
I0428 14:18:47.268769 1503732 channel_stack.cc:297] OP[server-auth:0x7fffb8004640]:  RECV_MESSAGE
I0428 14:18:47.268785 1503736 promise_based_filter.cc:1119] CLI[compression:0x7fffd80011c0] ClientCallData.PollContext.Run: poll=<<pending>>; has_promise=true sent_initial_state=FORWARDED recv_trailing_state=FORWARDED captured={} recv_initial_metadata=RESPONDED
I0428 14:18:47.268791 1503732 promise_based_filter.cc:2054] SVR[server_call_tracer:0x7fffb8004658] StartBatch: have_promise=true recv_initial_state=COMPLETE send_trailing_state=INITIAL captured={} send_initial_metadata=FORWARDED
I0428 14:18:47.268811 1503736 promise_based_filter.cc:1031] CLI[message_size:0x7fffd8001190] ClientCallData.PollContext.Run has_promise=true sent_initial_state=FORWARDED recv_trailing_state=FORWARDED captured={}
I0428 14:18:47.268815 1503732 promise_based_filter.cc:325] FLUSHER:forward batch:  RECV_MESSAGE
I0428 14:18:47.268831 1503736 promise_based_filter.cc:507] CLI[message_size:0x7fffd8001190] SendMessage.WakeInsideCombiner st=IDLE
I0428 14:18:47.268838 1503732 channel_stack.cc:297] OP[server_call_tracer:0x7fffb8004658]:  RECV_MESSAGE
I0428 14:18:47.268852 1503736 promise_based_filter.cc:811] CLI[message_size:0x7fffd8001190] ReceiveMessage.WakeInsideCombiner st=FORWARDED_BATCH push?=no next?=no allow_push_to_pipe=yes
I0428 14:18:47.268873 1503736 promise_based_filter.cc:1115] CLI[message_size:0x7fffd8001190] ClientCallData.PollContext.Run: before calling poll; has_promise=true sent_initial_state=FORWARDED recv_trailing_state=FORWARDED captured={}
I0428 14:18:47.268891 1503736 promise_based_filter.cc:1756] CLI[message_size:0x7fffd8001190] ClientCallData.PollTrailingMetadata has_promise=true sent_initial_state=FORWARDED recv_trailing_state=FORWARDED captured={}
I0428 14:18:47.268908 1503736 promise_based_filter.cc:1119] CLI[message_size:0x7fffd8001190] ClientCallData.PollContext.Run: poll=<<pending>>; has_promise=true sent_initial_state=FORWARDED recv_trailing_state=FORWARDED captured={}
I0428 14:18:47.268928 1503736 filter_stack_call.cc:296] OP[client_idle:0x7fffec1a0770]:  SEND_MESSAGE:flags=0x00000000:len=67
I0428 14:18:47.268957 1503736 promise_based_filter.cc:1412] CLI[client_idle:0x7fffec1a0770] StartBatch has_promise=true sent_initial_state=FORWARDED recv_trailing_state=FORWARDED captured={}
I0428 14:18:47.268976 1503736 promise_based_filter.cc:325] FLUSHER:forward batch:  SEND_MESSAGE:flags=0x00000000:len=67
I0428 14:18:47.268992 1503736 channel_stack.cc:297] OP[client_idle:0x7fffec1a0770]:  SEND_MESSAGE:flags=0x00000000:len=67
I0428 14:18:47.269011 1503736 dynamic_filters.cc:76] OP[retry_filter:0x7fffbc000fd0]:  SEND_MESSAGE:flags=0x00000000:len=67
I0428 14:18:47.269032 1503736 client_channel_filter.cc:2593] chand=0x7fffec197270 lb_call=0x7fffbc002660: batch started from above:  SEND_MESSAGE:flags=0x00000000:len=67, call_attempt_tracer_=0
I0428 14:18:47.269056 1503736 subchannel.cc:333] OP[authority:0x7fffd8001160]:  SEND_MESSAGE:flags=0x00000000:len=67
I0428 14:18:47.269075 1503736 promise_based_filter.cc:1412] CLI[authority:0x7fffd8001160] StartBatch has_promise=true sent_initial_state=FORWARDED recv_trailing_state=FORWARDED captured={}
I0428 14:18:47.269094 1503736 promise_based_filter.cc:325] FLUSHER:forward batch:  SEND_MESSAGE:flags=0x00000000:len=67
I0428 14:18:47.269110 1503736 channel_stack.cc:297] OP[authority:0x7fffd8001160]:  SEND_MESSAGE:flags=0x00000000:len=67
I0428 14:18:47.269129 1503736 promise_based_filter.cc:1412] CLI[client-auth-filter:0x7fffd8001178] StartBatch has_promise=true sent_initial_state=FORWARDED recv_trailing_state=FORWARDED captured={}
I0428 14:18:47.269148 1503736 promise_based_filter.cc:325] FLUSHER:forward batch:  SEND_MESSAGE:flags=0x00000000:len=67
I0428 14:18:47.269164 1503736 channel_stack.cc:297] OP[client-auth-filter:0x7fffd8001178]:  SEND_MESSAGE:flags=0x00000000:len=67
I0428 14:18:47.269185 1503736 promise_based_filter.cc:1412] CLI[message_size:0x7fffd8001190] StartBatch has_promise=true sent_initial_state=FORWARDED recv_trailing_state=FORWARDED captured={}
I0428 14:18:47.269202 1503736 promise_based_filter.cc:365] CLI[message_size:0x7fffd8001190] SendMessage.StartOp st=IDLE
I0428 14:18:47.269219 1503736 promise_based_filter.cc:1031] CLI[message_size:0x7fffd8001190] ClientCallData.PollContext.Run has_promise=true sent_initial_state=FORWARDED recv_trailing_state=FORWARDED captured={send_message}
I0428 14:18:47.269238 1503736 promise_based_filter.cc:507] CLI[message_size:0x7fffd8001190] SendMessage.WakeInsideCombiner st=GOT_BATCH
I0428 14:18:47.269264 1503736 promise_based_filter.cc:554] CLI[message_size:0x7fffd8001190] SendMessage.WakeInsideCombiner next complete, result.has_value=true
I0428 14:18:47.269278 1503736 promise_based_filter.cc:811] CLI[message_size:0x7fffd8001190] ReceiveMessage.WakeInsideCombiner st=FORWARDED_BATCH push?=no next?=no allow_push_to_pipe=yes
I0428 14:18:47.269293 1503736 promise_based_filter.cc:1115] CLI[message_size:0x7fffd8001190] ClientCallData.PollContext.Run: before calling poll; has_promise=true sent_initial_state=FORWARDED recv_trailing_state=FORWARDED captured={}
I0428 14:18:47.269305 1503736 promise_based_filter.cc:1756] CLI[message_size:0x7fffd8001190] ClientCallData.PollTrailingMetadata has_promise=true sent_initial_state=FORWARDED recv_trailing_state=FORWARDED captured={}
I0428 14:18:47.269316 1503736 promise_based_filter.cc:1119] CLI[message_size:0x7fffd8001190] ClientCallData.PollContext.Run: poll=<<pending>>; has_promise=true sent_initial_state=FORWARDED recv_trailing_state=FORWARDED captured={}
I0428 14:18:47.269338 1503736 promise_based_filter.cc:325] FLUSHER:forward batch:  SEND_MESSAGE:flags=0x00000000:len=67
I0428 14:18:47.269351 1503736 channel_stack.cc:297] OP[message_size:0x7fffd8001190]:  SEND_MESSAGE:flags=0x00000000:len=67
I0428 14:18:47.269365 1503736 promise_based_filter.cc:1412] CLI[http-client:0x7fffd80011a8] StartBatch has_promise=true sent_initial_state=FORWARDED recv_trailing_state=FORWARDED captured={} recv_initial_metadata=RESPONDED
I0428 14:18:47.269378 1503736 promise_based_filter.cc:325] FLUSHER:forward batch:  SEND_MESSAGE:flags=0x00000000:len=67
I0428 14:18:47.269389 1503736 channel_stack.cc:297] OP[http-client:0x7fffd80011a8]:  SEND_MESSAGE:flags=0x00000000:len=67
I0428 14:18:47.269401 1503736 promise_based_filter.cc:1412] CLI[compression:0x7fffd80011c0] StartBatch has_promise=true sent_initial_state=FORWARDED recv_trailing_state=FORWARDED captured={} recv_initial_metadata=RESPONDED
I0428 14:18:47.269414 1503736 promise_based_filter.cc:365] CLI[compression:0x7fffd80011c0] SendMessage.StartOp st=IDLE
I0428 14:18:47.269426 1503736 promise_based_filter.cc:1031] CLI[compression:0x7fffd80011c0] ClientCallData.PollContext.Run has_promise=true sent_initial_state=FORWARDED recv_trailing_state=FORWARDED captured={send_message} recv_initial_metadata=RESPONDED
I0428 14:18:47.269439 1503736 promise_based_filter.cc:507] CLI[compression:0x7fffd80011c0] SendMessage.WakeInsideCombiner st=GOT_BATCH
I0428 14:18:47.269457 1503736 promise_based_filter.cc:554] CLI[compression:0x7fffd80011c0] SendMessage.WakeInsideCombiner next complete, result.has_value=true
I0428 14:18:47.269471 1503736 promise_based_filter.cc:811] CLI[compression:0x7fffd80011c0] ReceiveMessage.WakeInsideCombiner st=FORWARDED_BATCH push?=no next?=no allow_push_to_pipe=yes
I0428 14:18:47.269485 1503736 promise_based_filter.cc:1115] CLI[compression:0x7fffd80011c0] ClientCallData.PollContext.Run: before calling poll; has_promise=true sent_initial_state=FORWARDED recv_trailing_state=FORWARDED captured={} recv_initial_metadata=RESPONDED
I0428 14:18:47.269499 1503736 promise_based_filter.cc:1756] CLI[compression:0x7fffd80011c0] ClientCallData.PollTrailingMetadata has_promise=true sent_initial_state=FORWARDED recv_trailing_state=FORWARDED captured={} recv_initial_metadata=RESPONDED
I0428 14:18:47.269511 1503736 promise_based_filter.cc:1119] CLI[compression:0x7fffd80011c0] ClientCallData.PollContext.Run: poll=<<pending>>; has_promise=true sent_initial_state=FORWARDED recv_trailing_state=FORWARDED captured={} recv_initial_metadata=RESPONDED
I0428 14:18:47.269525 1503736 promise_based_filter.cc:325] FLUSHER:forward batch:  SEND_MESSAGE:flags=0x00000000:len=67
I0428 14:18:47.269537 1503736 channel_stack.cc:297] OP[compression:0x7fffd80011c0]:  SEND_MESSAGE:flags=0x00000000:len=67
I0428 14:18:47.269554 1503736 promise_based_filter.cc:1031] CLI[message_size:0x7fffd8001190] ClientCallData.PollContext.Run has_promise=true sent_initial_state=FORWARDED recv_trailing_state=FORWARDED captured={}
I0428 14:18:47.269566 1503736 promise_based_filter.cc:507] CLI[message_size:0x7fffd8001190] SendMessage.WakeInsideCombiner st=FORWARDED_BATCH
I0428 14:18:47.269579 1503736 promise_based_filter.cc:811] CLI[message_size:0x7fffd8001190] ReceiveMessage.WakeInsideCombiner st=FORWARDED_BATCH push?=no next?=no allow_push_to_pipe=yes
I0428 14:18:47.269593 1503736 promise_based_filter.cc:1115] CLI[message_size:0x7fffd8001190] ClientCallData.PollContext.Run: before calling poll; has_promise=true sent_initial_state=FORWARDED recv_trailing_state=FORWARDED captured={}
I0428 14:18:47.269604 1503736 promise_based_filter.cc:1756] CLI[message_size:0x7fffd8001190] ClientCallData.PollTrailingMetadata has_promise=true sent_initial_state=FORWARDED recv_trailing_state=FORWARDED captured={}
I0428 14:18:47.269616 1503736 promise_based_filter.cc:1119] CLI[message_size:0x7fffd8001190] ClientCallData.PollContext.Run: poll=<<pending>>; has_promise=true sent_initial_state=FORWARDED recv_trailing_state=FORWARDED captured={}
I0428 14:18:47.269630 1503736 promise_based_filter.cc:1031] CLI[compression:0x7fffd80011c0] ClientCallData.PollContext.Run has_promise=true sent_initial_state=FORWARDED recv_trailing_state=FORWARDED captured={} recv_initial_metadata=RESPONDED
I0428 14:18:47.269642 1503736 promise_based_filter.cc:507] CLI[compression:0x7fffd80011c0] SendMessage.WakeInsideCombiner st=FORWARDED_BATCH
I0428 14:18:47.269654 1503736 promise_based_filter.cc:811] CLI[compression:0x7fffd80011c0] ReceiveMessage.WakeInsideCombiner st=FORWARDED_BATCH push?=no next?=no allow_push_to_pipe=yes
I0428 14:18:47.269668 1503736 promise_based_filter.cc:1115] CLI[compression:0x7fffd80011c0] ClientCallData.PollContext.Run: before calling poll; has_promise=true sent_initial_state=FORWARDED recv_trailing_state=FORWARDED captured={} recv_initial_metadata=RESPONDED
I0428 14:18:47.269680 1503736 promise_based_filter.cc:1756] CLI[compression:0x7fffd80011c0] ClientCallData.PollTrailingMetadata has_promise=true sent_initial_state=FORWARDED recv_trailing_state=FORWARDED captured={} recv_initial_metadata=RESPONDED
I0428 14:18:47.269692 1503736 promise_based_filter.cc:1119] CLI[compression:0x7fffd80011c0] ClientCallData.PollContext.Run: poll=<<pending>>; has_promise=true sent_initial_state=FORWARDED recv_trailing_state=FORWARDED captured={} recv_initial_metadata=RESPONDED
I0428 14:18:47.269895 1503736 promise_based_filter.cc:437] CLI[compression:0x7fffd80011c0] SendMessage.OnComplete st=FORWARDED_BATCH status=OK
I0428 14:18:47.269917 1503736 promise_based_filter.cc:1031] CLI[compression:0x7fffd80011c0] ClientCallData.PollContext.Run has_promise=true sent_initial_state=FORWARDED recv_trailing_state=FORWARDED captured={} recv_initial_metadata=RESPONDED
I0428 14:18:47.269931 1503736 promise_based_filter.cc:507] CLI[compression:0x7fffd80011c0] SendMessage.WakeInsideCombiner st=BATCH_COMPLETED status=OK
I0428 14:18:47.269944 1503736 promise_based_filter.cc:811] CLI[compression:0x7fffd80011c0] ReceiveMessage.WakeInsideCombiner st=FORWARDED_BATCH push?=no next?=no allow_push_to_pipe=yes
I0428 14:18:47.269959 1503736 promise_based_filter.cc:1115] CLI[compression:0x7fffd80011c0] ClientCallData.PollContext.Run: before calling poll; has_promise=true sent_initial_state=FORWARDED recv_trailing_state=FORWARDED captured={} recv_initial_metadata=RESPONDED
I0428 14:18:47.269972 1503736 promise_based_filter.cc:1756] CLI[compression:0x7fffd80011c0] ClientCallData.PollTrailingMetadata has_promise=true sent_initial_state=FORWARDED recv_trailing_state=FORWARDED captured={} recv_initial_metadata=RESPONDED
I0428 14:18:47.269984 1503736 promise_based_filter.cc:1119] CLI[compression:0x7fffd80011c0] ClientCallData.PollContext.Run: poll=<<pending>>; has_promise=true sent_initial_state=FORWARDED recv_trailing_state=FORWARDED captured={} recv_initial_metadata=RESPONDED
I0428 14:18:47.269999 1503736 promise_based_filter.cc:437] CLI[message_size:0x7fffd8001190] SendMessage.OnComplete st=FORWARDED_BATCH status=OK
I0428 14:18:47.270011 1503736 promise_based_filter.cc:1031] CLI[message_size:0x7fffd8001190] ClientCallData.PollContext.Run has_promise=true sent_initial_state=FORWARDED recv_trailing_state=FORWARDED captured={}
I0428 14:18:47.270006 1503743 promise_based_filter.cc:713] SVR[compression:0x7fffb8004628] ReceiveMessage.OnComplete st=FORWARDED_BATCH status=OK
I0428 14:18:47.270023 1503736 promise_based_filter.cc:507] CLI[message_size:0x7fffd8001190] SendMessage.WakeInsideCombiner st=BATCH_COMPLETED status=OK
I0428 14:18:47.270042 1503743 promise_based_filter.cc:2427] SVR[compression:0x7fffb8004628]: WakeInsideCombiner have_promise=true recv_initial_state=COMPLETE send_trailing_state=INITIAL captured={} send_initial_metadata=FORWARDED
I0428 14:18:47.270051 1503736 promise_based_filter.cc:811] CLI[message_size:0x7fffd8001190] ReceiveMessage.WakeInsideCombiner st=FORWARDED_BATCH push?=no next?=no allow_push_to_pipe=yes
I0428 14:18:47.270062 1503743 promise_based_filter.cc:507] SVR[compression:0x7fffb8004628] SendMessage.WakeInsideCombiner st=IDLE
I0428 14:18:47.270066 1503736 promise_based_filter.cc:1115] CLI[message_size:0x7fffd8001190] ClientCallData.PollContext.Run: before calling poll; has_promise=true sent_initial_state=FORWARDED recv_trailing_state=FORWARDED captured={}
I0428 14:18:47.270077 1503743 promise_based_filter.cc:2469] SVR[compression:0x7fffb8004628]: After send_message WakeInsideCombiner have_promise=true recv_initial_state=COMPLETE send_trailing_state=INITIAL captured={} send_initial_metadata=FORWARDED is_idle=true is_forwarded=false
I0428 14:18:47.270086 1503736 promise_based_filter.cc:1756] CLI[message_size:0x7fffd8001190] ClientCallData.PollTrailingMetadata has_promise=true sent_initial_state=FORWARDED recv_trailing_state=FORWARDED captured={}
I0428 14:18:47.270093 1503743 promise_based_filter.cc:811] SVR[compression:0x7fffb8004628] ReceiveMessage.WakeInsideCombiner st=BATCH_COMPLETED push?=no next?=no allow_push_to_pipe=yes
I0428 14:18:47.270099 1503736 promise_based_filter.cc:1119] CLI[message_size:0x7fffd8001190] ClientCallData.PollContext.Run: poll=<<pending>>; has_promise=true sent_initial_state=FORWARDED recv_trailing_state=FORWARDED captured={}
I0428 14:18:47.270120 1503743 promise_based_filter.cc:901] SVR[compression:0x7fffb8004628] ReceiveMessage.WakeInsideCombiner next complete: got message new_state=PULLED_FROM_PIPE
I0428 14:18:47.270139 1503743 promise_based_filter.cc:917] SVR[compression:0x7fffb8004628] ReceiveMessage.WakeInsideCombiner push complete
I0428 14:18:47.270140 1503736 promise_based_filter.cc:1031] CLI[compression:0x7fffd80011c0] ClientCallData.PollContext.Run has_promise=true sent_initial_state=FORWARDED recv_trailing_state=FORWARDED captured={} recv_initial_metadata=RESPONDED
I0428 14:18:47.270152 1503743 promise_based_filter.cc:2315] SVR[compression:0x7fffb8004628] PollTrailingMetadata: INITIAL
I0428 14:18:47.270157 1503736 promise_based_filter.cc:507] CLI[compression:0x7fffd80011c0] SendMessage.WakeInsideCombiner st=IDLE
I0428 14:18:47.270164 1503743 promise_based_filter.cc:2494] SVR[compression:0x7fffb8004628]: WakeInsideCombiner poll=<<pending>>; send_initial_metadata=FORWARDED send_trailing_metadata=INITIAL
I0428 14:18:47.270171 1503736 promise_based_filter.cc:811] CLI[compression:0x7fffd80011c0] ReceiveMessage.WakeInsideCombiner st=FORWARDED_BATCH push?=no next?=no allow_push_to_pipe=yes
I0428 14:18:47.270180 1503743 promise_based_filter.cc:713] SVR[message_size:0x7fffb80045f8] ReceiveMessage.OnComplete st=FORWARDED_BATCH status=OK
I0428 14:18:47.270185 1503736 promise_based_filter.cc:1115] CLI[compression:0x7fffd80011c0] ClientCallData.PollContext.Run: before calling poll; has_promise=true sent_initial_state=FORWARDED recv_trailing_state=FORWARDED captured={} recv_initial_metadata=RESPONDED
I0428 14:18:47.270193 1503743 promise_based_filter.cc:2427] SVR[message_size:0x7fffb80045f8]: WakeInsideCombiner have_promise=true recv_initial_state=COMPLETE send_trailing_state=INITIAL captured={}
I0428 14:18:47.270198 1503736 promise_based_filter.cc:1756] CLI[compression:0x7fffd80011c0] ClientCallData.PollTrailingMetadata has_promise=true sent_initial_state=FORWARDED recv_trailing_state=FORWARDED captured={} recv_initial_metadata=RESPONDED
I0428 14:18:47.270204 1503743 promise_based_filter.cc:507] SVR[message_size:0x7fffb80045f8] SendMessage.WakeInsideCombiner st=IDLE
I0428 14:18:47.270208 1503736 promise_based_filter.cc:1119] CLI[compression:0x7fffd80011c0] ClientCallData.PollContext.Run: poll=<<pending>>; has_promise=true sent_initial_state=FORWARDED recv_trailing_state=FORWARDED captured={} recv_initial_metadata=RESPONDED
I0428 14:18:47.270239 1503736 promise_based_filter.cc:1031] CLI[message_size:0x7fffd8001190] ClientCallData.PollContext.Run has_promise=true sent_initial_state=FORWARDED recv_trailing_state=FORWARDED captured={}
I0428 14:18:47.270220 1503743 promise_based_filter.cc:2469] SVR[message_size:0x7fffb80045f8]: After send_message WakeInsideCombiner have_promise=true recv_initial_state=COMPLETE send_trailing_state=INITIAL captured={} is_idle=true is_forwarded=false
I0428 14:18:47.270252 1503736 promise_based_filter.cc:507] CLI[message_size:0x7fffd8001190] SendMessage.WakeInsideCombiner st=IDLE
I0428 14:18:47.270263 1503743 promise_based_filter.cc:811] SVR[message_size:0x7fffb80045f8] ReceiveMessage.WakeInsideCombiner st=BATCH_COMPLETED push?=no next?=no allow_push_to_pipe=yes
I0428 14:18:47.270274 1503736 promise_based_filter.cc:811] CLI[message_size:0x7fffd8001190] ReceiveMessage.WakeInsideCombiner st=FORWARDED_BATCH push?=no next?=no allow_push_to_pipe=yes
I0428 14:18:47.270284 1503743 promise_based_filter.cc:901] SVR[message_size:0x7fffb80045f8] ReceiveMessage.WakeInsideCombiner next complete: got message new_state=PULLED_FROM_PIPE
I0428 14:18:47.270288 1503736 promise_based_filter.cc:1115] CLI[message_size:0x7fffd8001190] ClientCallData.PollContext.Run: before calling poll; has_promise=true sent_initial_state=FORWARDED recv_trailing_state=FORWARDED captured={}
I0428 14:18:47.270299 1503743 promise_based_filter.cc:917] SVR[message_size:0x7fffb80045f8] ReceiveMessage.WakeInsideCombiner push complete
I0428 14:18:47.270308 1503736 promise_based_filter.cc:1756] CLI[message_size:0x7fffd8001190] ClientCallData.PollTrailingMetadata has_promise=true sent_initial_state=FORWARDED recv_trailing_state=FORWARDED captured={}
I0428 14:18:47.270316 1503743 promise_based_filter.cc:2315] SVR[message_size:0x7fffb80045f8] PollTrailingMetadata: INITIAL
I0428 14:18:47.270321 1503736 promise_based_filter.cc:1119] CLI[message_size:0x7fffd8001190] ClientCallData.PollContext.Run: poll=<<pending>>; has_promise=true sent_initial_state=FORWARDED recv_trailing_state=FORWARDED captured={}
I0428 14:18:47.270328 1503743 promise_based_filter.cc:2494] SVR[message_size:0x7fffb80045f8]: WakeInsideCombiner poll=<<pending>>; send_initial_metadata=null send_trailing_metadata=INITIAL
I0428 14:18:47.270366 1503743 promise_based_filter.cc:2427] SVR[compression:0x7fffb8004628]: WakeInsideCombiner have_promise=true recv_initial_state=COMPLETE send_trailing_state=INITIAL captured={} send_initial_metadata=FORWARDED
I0428 14:18:47.270380 1503743 promise_based_filter.cc:507] SVR[compression:0x7fffb8004628] SendMessage.WakeInsideCombiner st=IDLE
I0428 14:18:47.270392 1503743 promise_based_filter.cc:2469] SVR[compression:0x7fffb8004628]: After send_message WakeInsideCombiner have_promise=true recv_initial_state=COMPLETE send_trailing_state=INITIAL captured={} send_initial_metadata=FORWARDED is_idle=true is_forwarded=false
I0428 14:18:47.270407 1503743 promise_based_filter.cc:811] SVR[compression:0x7fffb8004628] ReceiveMessage.WakeInsideCombiner st=IDLE push?=no next?=no allow_push_to_pipe=yes
I0428 14:18:47.270420 1503743 promise_based_filter.cc:2315] SVR[compression:0x7fffb8004628] PollTrailingMetadata: INITIAL
I0428 14:18:47.270432 1503743 promise_based_filter.cc:2494] SVR[compression:0x7fffb8004628]: WakeInsideCombiner poll=<<pending>>; send_initial_metadata=FORWARDED send_trailing_metadata=INITIAL
I0428 14:18:47.270420 1503733 xds_server.cc:141] ADS[0x55555833d1c0:Default Balancer]: reactor 0x7fffdc002210: OnReadDone(true)
I0428 14:18:47.270446 1503743 promise_based_filter.cc:2427] SVR[message_size:0x7fffb80045f8]: WakeInsideCombiner have_promise=true recv_initial_state=COMPLETE send_trailing_state=INITIAL captured={}
I0428 14:18:47.270488 1503743 promise_based_filter.cc:507] SVR[message_size:0x7fffb80045f8] SendMessage.WakeInsideCombiner st=IDLE
I0428 14:18:47.270501 1503743 promise_based_filter.cc:2469] SVR[message_size:0x7fffb80045f8]: After send_message WakeInsideCombiner have_promise=true recv_initial_state=COMPLETE send_trailing_state=INITIAL captured={} is_idle=true is_forwarded=false
I0428 14:18:47.270471 1503733 xds_server.cc:151] ADS[0x55555833d1c0:Default Balancer]: reactor 0x7fffdc002210: Received request for type type.googleapis.com/envoy.config.cluster.v3.Cluster with content goo.gle/debugonly    
resource_names: "cluster_name"
type_url: "type.googleapis.com/envoy.config.cluster.v3.Cluster"

I0428 14:18:47.270518 1503743 promise_based_filter.cc:811] SVR[message_size:0x7fffb80045f8] ReceiveMessage.WakeInsideCombiner st=IDLE push?=no next?=no allow_push_to_pipe=yes
I0428 14:18:47.270540 1503743 promise_based_filter.cc:2315] SVR[message_size:0x7fffb80045f8] PollTrailingMetadata: INITIAL
I0428 14:18:47.270543 1503733 xds_server.cc:217] ADS[0x55555833d1c0:Default Balancer]: reactor 0x7fffdc002210: subscribe to resource type type.googleapis.com/envoy.config.cluster.v3.Cluster name cluster_name
I0428 14:18:47.270551 1503743 promise_based_filter.cc:2494] SVR[message_size:0x7fffb80045f8]: WakeInsideCombiner poll=<<pending>>; send_initial_metadata=null send_trailing_metadata=INITIAL
I0428 14:18:47.270568 1503733 xds_server.cc:252] ADS[0x55555833d1c0:Default Balancer]: reactor 0x7fffdc002210: MaybeStartWrite(type.googleapis.com/envoy.config.cluster.v3.Cluster)
I0428 14:18:47.270581 1503733 xds_server.cc:258] ADS[0x55555833d1c0:Default Balancer]: reactor 0x7fffdc002210: Constructing response
I0428 14:18:47.270597 1503733 xds_server.cc:273] ADS[0x55555833d1c0:Default Balancer]: reactor 0x7fffdc002210: Sending update for: cluster_name
I0428 14:18:47.270614 1503733 xds_server.cc:306] ADS[0x55555833d1c0:Default Balancer]: reactor 0x7fffdc002210: sending response: goo.gle/debugonly    
version_info: "2"
resources {
  [type.googleapis.com/envoy.config.cluster.v3.Cluster] {
    name: "cluster_name"
    type: EDS
    eds_cluster_config {
      eds_config {
        self {
        }
      }
      service_name: "eds_service_name"
    }
  }
}
type_url: "type.googleapis.com/envoy.config.cluster.v3.Cluster"
nonce: "1"

I0428 14:18:47.276063 1503733 filter_stack_call.cc:296] OP[server:0x7fffb80045e0]:  SEND_MESSAGE:flags=0x00000000:len=156
I0428 14:18:47.276105 1503733 channel_stack.cc:297] OP[server:0x7fffb80045e0]:  SEND_MESSAGE:flags=0x00000000:len=156
I0428 14:18:47.276121 1503733 promise_based_filter.cc:2054] SVR[message_size:0x7fffb80045f8] StartBatch: have_promise=true recv_initial_state=COMPLETE send_trailing_state=INITIAL captured={}
I0428 14:18:47.276137 1503733 promise_based_filter.cc:365] SVR[message_size:0x7fffb80045f8] SendMessage.StartOp st=IDLE
I0428 14:18:47.276150 1503733 promise_based_filter.cc:2427] SVR[message_size:0x7fffb80045f8]: WakeInsideCombiner have_promise=true recv_initial_state=COMPLETE send_trailing_state=INITIAL captured={send_message}
I0428 14:18:47.276163 1503733 promise_based_filter.cc:507] SVR[message_size:0x7fffb80045f8] SendMessage.WakeInsideCombiner st=GOT_BATCH
I0428 14:18:47.276188 1503733 promise_based_filter.cc:554] SVR[message_size:0x7fffb80045f8] SendMessage.WakeInsideCombiner next complete, result.has_value=true
I0428 14:18:47.276203 1503733 promise_based_filter.cc:2469] SVR[message_size:0x7fffb80045f8]: After send_message WakeInsideCombiner have_promise=true recv_initial_state=COMPLETE send_trailing_state=INITIAL captured={} is_idle=true is_forwarded=true
I0428 14:18:47.276219 1503733 promise_based_filter.cc:811] SVR[message_size:0x7fffb80045f8] ReceiveMessage.WakeInsideCombiner st=IDLE push?=no next?=no allow_push_to_pipe=yes
I0428 14:18:47.276234 1503733 promise_based_filter.cc:2315] SVR[message_size:0x7fffb80045f8] PollTrailingMetadata: INITIAL
I0428 14:18:47.276246 1503733 promise_based_filter.cc:2494] SVR[message_size:0x7fffb80045f8]: WakeInsideCombiner poll=<<pending>>; send_initial_metadata=null send_trailing_metadata=INITIAL
I0428 14:18:47.276261 1503733 promise_based_filter.cc:325] FLUSHER:forward batch:  SEND_MESSAGE:flags=0x00000000:len=156
I0428 14:18:47.276280 1503733 channel_stack.cc:297] OP[message_size:0x7fffb80045f8]:  SEND_MESSAGE:flags=0x00000000:len=156
I0428 14:18:47.276294 1503733 promise_based_filter.cc:2054] SVR[http-server:0x7fffb8004610] StartBatch: have_promise=true recv_initial_state=COMPLETE send_trailing_state=INITIAL captured={} send_initial_metadata=FORWARDED
I0428 14:18:47.276312 1503733 promise_based_filter.cc:325] FLUSHER:forward batch:  SEND_MESSAGE:flags=0x00000000:len=156
I0428 14:18:47.276324 1503733 channel_stack.cc:297] OP[http-server:0x7fffb8004610]:  SEND_MESSAGE:flags=0x00000000:len=156
I0428 14:18:47.276337 1503733 promise_based_filter.cc:2054] SVR[compression:0x7fffb8004628] StartBatch: have_promise=true recv_initial_state=COMPLETE send_trailing_state=INITIAL captured={} send_initial_metadata=FORWARDED
I0428 14:18:47.276350 1503733 promise_based_filter.cc:365] SVR[compression:0x7fffb8004628] SendMessage.StartOp st=IDLE
I0428 14:18:47.276361 1503733 promise_based_filter.cc:2427] SVR[compression:0x7fffb8004628]: WakeInsideCombiner have_promise=true recv_initial_state=COMPLETE send_trailing_state=INITIAL captured={send_message} send_initial_metadata=FORWARDED
I0428 14:18:47.276374 1503733 promise_based_filter.cc:507] SVR[compression:0x7fffb8004628] SendMessage.WakeInsideCombiner st=GOT_BATCH
I0428 14:18:47.276393 1503733 promise_based_filter.cc:554] SVR[compression:0x7fffb8004628] SendMessage.WakeInsideCombiner next complete, result.has_value=true
I0428 14:18:47.276406 1503733 promise_based_filter.cc:2469] SVR[compression:0x7fffb8004628]: After send_message WakeInsideCombiner have_promise=true recv_initial_state=COMPLETE send_trailing_state=INITIAL captured={} send_initial_metadata=FORWARDED is_idle=true is_forwarded=true
I0428 14:18:47.276422 1503733 promise_based_filter.cc:811] SVR[compression:0x7fffb8004628] ReceiveMessage.WakeInsideCombiner st=IDLE push?=no next?=no allow_push_to_pipe=yes
I0428 14:18:47.276436 1503733 promise_based_filter.cc:2315] SVR[compression:0x7fffb8004628] PollTrailingMetadata: INITIAL
I0428 14:18:47.276448 1503733 promise_based_filter.cc:2494] SVR[compression:0x7fffb8004628]: WakeInsideCombiner poll=<<pending>>; send_initial_metadata=FORWARDED send_trailing_metadata=INITIAL
I0428 14:18:47.276462 1503733 promise_based_filter.cc:325] FLUSHER:forward batch:  SEND_MESSAGE:flags=0x00000000:len=156
I0428 14:18:47.276474 1503733 channel_stack.cc:297] OP[compression:0x7fffb8004628]:  SEND_MESSAGE:flags=0x00000000:len=156
I0428 14:18:47.276488 1503733 promise_based_filter.cc:2054] SVR[server-auth:0x7fffb8004640] StartBatch: have_promise=true recv_initial_state=COMPLETE send_trailing_state=INITIAL captured={}
I0428 14:18:47.276500 1503733 promise_based_filter.cc:325] FLUSHER:forward batch:  SEND_MESSAGE:flags=0x00000000:len=156
I0428 14:18:47.276511 1503733 channel_stack.cc:297] OP[server-auth:0x7fffb8004640]:  SEND_MESSAGE:flags=0x00000000:len=156
I0428 14:18:47.276527 1503733 promise_based_filter.cc:2054] SVR[server_call_tracer:0x7fffb8004658] StartBatch: have_promise=true recv_initial_state=COMPLETE send_trailing_state=INITIAL captured={} send_initial_metadata=FORWARDED
I0428 14:18:47.276539 1503733 promise_based_filter.cc:325] FLUSHER:forward batch:  SEND_MESSAGE:flags=0x00000000:len=156
I0428 14:18:47.276551 1503733 channel_stack.cc:297] OP[server_call_tracer:0x7fffb8004658]:  SEND_MESSAGE:flags=0x00000000:len=156
I0428 14:18:47.276568 1503733 promise_based_filter.cc:2427] SVR[message_size:0x7fffb80045f8]: WakeInsideCombiner have_promise=true recv_initial_state=COMPLETE send_trailing_state=INITIAL captured={}
I0428 14:18:47.276580 1503733 promise_based_filter.cc:507] SVR[message_size:0x7fffb80045f8] SendMessage.WakeInsideCombiner st=FORWARDED_BATCH
I0428 14:18:47.276593 1503733 promise_based_filter.cc:2469] SVR[message_size:0x7fffb80045f8]: After send_message WakeInsideCombiner have_promise=true recv_initial_state=COMPLETE send_trailing_state=INITIAL captured={} is_idle=true is_forwarded=true
I0428 14:18:47.276607 1503733 promise_based_filter.cc:811] SVR[message_size:0x7fffb80045f8] ReceiveMessage.WakeInsideCombiner st=IDLE push?=no next?=no allow_push_to_pipe=yes
I0428 14:18:47.276621 1503733 promise_based_filter.cc:2315] SVR[message_size:0x7fffb80045f8] PollTrailingMetadata: INITIAL
I0428 14:18:47.276632 1503733 promise_based_filter.cc:2494] SVR[message_size:0x7fffb80045f8]: WakeInsideCombiner poll=<<pending>>; send_initial_metadata=null send_trailing_metadata=INITIAL
I0428 14:18:47.276717 1503733 promise_based_filter.cc:2427] SVR[compression:0x7fffb8004628]: WakeInsideCombiner have_promise=true recv_initial_state=COMPLETE send_trailing_state=INITIAL captured={} send_initial_metadata=FORWARDED
I0428 14:18:47.276733 1503733 promise_based_filter.cc:507] SVR[compression:0x7fffb8004628] SendMessage.WakeInsideCombiner st=FORWARDED_BATCH
I0428 14:18:47.276746 1503733 promise_based_filter.cc:2469] SVR[compression:0x7fffb8004628]: After send_message WakeInsideCombiner have_promise=true recv_initial_state=COMPLETE send_trailing_state=INITIAL captured={} send_initial_metadata=FORWARDED is_idle=true is_forwarded=true
I0428 14:18:47.276762 1503733 promise_based_filter.cc:811] SVR[compression:0x7fffb8004628] ReceiveMessage.WakeInsideCombiner st=IDLE push?=no next?=no allow_push_to_pipe=yes
I0428 14:18:47.276780 1503733 promise_based_filter.cc:2315] SVR[compression:0x7fffb8004628] PollTrailingMetadata: INITIAL
I0428 14:18:47.276793 1503733 promise_based_filter.cc:2494] SVR[compression:0x7fffb8004628]: WakeInsideCombiner poll=<<pending>>; send_initial_metadata=FORWARDED send_trailing_metadata=INITIAL
I0428 14:18:47.276879 1503733 promise_based_filter.cc:437] SVR[compression:0x7fffb8004628] SendMessage.OnComplete st=FORWARDED_BATCH status=OK
I0428 14:18:47.276899 1503733 promise_based_filter.cc:2427] SVR[compression:0x7fffb8004628]: WakeInsideCombiner have_promise=true recv_initial_state=COMPLETE send_trailing_state=INITIAL captured={} send_initial_metadata=FORWARDED
I0428 14:18:47.276911 1503733 promise_based_filter.cc:507] SVR[compression:0x7fffb8004628] SendMessage.WakeInsideCombiner st=BATCH_COMPLETED status=OK
I0428 14:18:47.276925 1503733 promise_based_filter.cc:2469] SVR[compression:0x7fffb8004628]: After send_message WakeInsideCombiner have_promise=true recv_initial_state=COMPLETE send_trailing_state=INITIAL captured={} send_initial_metadata=FORWARDED is_idle=true is_forwarded=false
I0428 14:18:47.276941 1503733 promise_based_filter.cc:811] SVR[compression:0x7fffb8004628] ReceiveMessage.WakeInsideCombiner st=IDLE push?=no next?=no allow_push_to_pipe=yes
I0428 14:18:47.276955 1503733 promise_based_filter.cc:2315] SVR[compression:0x7fffb8004628] PollTrailingMetadata: INITIAL
I0428 14:18:47.276966 1503733 promise_based_filter.cc:2494] SVR[compression:0x7fffb8004628]: WakeInsideCombiner poll=<<pending>>; send_initial_metadata=FORWARDED send_trailing_metadata=INITIAL
I0428 14:18:47.276982 1503733 promise_based_filter.cc:437] SVR[message_size:0x7fffb80045f8] SendMessage.OnComplete st=FORWARDED_BATCH status=OK
I0428 14:18:47.276995 1503733 promise_based_filter.cc:2427] SVR[message_size:0x7fffb80045f8]: WakeInsideCombiner have_promise=true recv_initial_state=COMPLETE send_trailing_state=INITIAL captured={}
I0428 14:18:47.277006 1503733 promise_based_filter.cc:507] SVR[message_size:0x7fffb80045f8] SendMessage.WakeInsideCombiner st=BATCH_COMPLETED status=OK
I0428 14:18:47.277019 1503733 promise_based_filter.cc:2469] SVR[message_size:0x7fffb80045f8]: After send_message WakeInsideCombiner have_promise=true recv_initial_state=COMPLETE send_trailing_state=INITIAL captured={} is_idle=true is_forwarded=false
I0428 14:18:47.277019 1503744 promise_based_filter.cc:713] CLI[compression:0x7fffd80011c0] ReceiveMessage.OnComplete st=FORWARDED_BATCH status=OK
I0428 14:18:47.277061 1503744 promise_based_filter.cc:1031] CLI[compression:0x7fffd80011c0] ClientCallData.PollContext.Run has_promise=true sent_initial_state=FORWARDED recv_trailing_state=FORWARDED captured={} recv_initial_metadata=RESPONDED
I0428 14:18:47.277033 1503733 promise_based_filter.cc:811] SVR[message_size:0x7fffb80045f8] ReceiveMessage.WakeInsideCombiner st=IDLE push?=no next?=no allow_push_to_pipe=yes
I0428 14:18:47.277078 1503744 promise_based_filter.cc:507] CLI[compression:0x7fffd80011c0] SendMessage.WakeInsideCombiner st=IDLE
I0428 14:18:47.277087 1503733 promise_based_filter.cc:2315] SVR[message_size:0x7fffb80045f8] PollTrailingMetadata: INITIAL
I0428 14:18:47.277092 1503744 promise_based_filter.cc:811] CLI[compression:0x7fffd80011c0] ReceiveMessage.WakeInsideCombiner st=BATCH_COMPLETED push?=no next?=no allow_push_to_pipe=yes
I0428 14:18:47.277101 1503733 promise_based_filter.cc:2494] SVR[message_size:0x7fffb80045f8]: WakeInsideCombiner poll=<<pending>>; send_initial_metadata=null send_trailing_metadata=INITIAL
I0428 14:18:47.277120 1503744 promise_based_filter.cc:901] CLI[compression:0x7fffd80011c0] ReceiveMessage.WakeInsideCombiner next complete: got message new_state=PULLED_FROM_PIPE
I0428 14:18:47.277132 1503733 promise_based_filter.cc:2427] SVR[compression:0x7fffb8004628]: WakeInsideCombiner have_promise=true recv_initial_state=COMPLETE send_trailing_state=INITIAL captured={} send_initial_metadata=FORWARDED
I0428 14:18:47.277147 1503733 promise_based_filter.cc:507] SVR[compression:0x7fffb8004628] SendMessage.WakeInsideCombiner st=IDLE
I0428 14:18:47.277164 1503733 promise_based_filter.cc:2469] SVR[compression:0x7fffb8004628]: After send_message WakeInsideCombiner have_promise=true recv_initial_state=COMPLETE send_trailing_state=INITIAL captured={} send_initial_metadata=FORWARDED is_idle=true is_forwarded=false
I0428 14:18:47.277136 1503744 promise_based_filter.cc:917] CLI[compression:0x7fffd80011c0] ReceiveMessage.WakeInsideCombiner push complete
I0428 14:18:47.277179 1503733 promise_based_filter.cc:811] SVR[compression:0x7fffb8004628] ReceiveMessage.WakeInsideCombiner st=IDLE push?=no next?=no allow_push_to_pipe=yes
I0428 14:18:47.277189 1503744 promise_based_filter.cc:1115] CLI[compression:0x7fffd80011c0] ClientCallData.PollContext.Run: before calling poll; has_promise=true sent_initial_state=FORWARDED recv_trailing_state=FORWARDED captured={} recv_initial_metadata=RESPONDED
I0428 14:18:47.277194 1503733 promise_based_filter.cc:2315] SVR[compression:0x7fffb8004628] PollTrailingMetadata: INITIAL
I0428 14:18:47.277208 1503744 promise_based_filter.cc:1756] CLI[compression:0x7fffd80011c0] ClientCallData.PollTrailingMetadata has_promise=true sent_initial_state=FORWARDED recv_trailing_state=FORWARDED captured={} recv_initial_metadata=RESPONDED
I0428 14:18:47.277171 1503742 xds_server.cc:313] ADS[0x55555833d1c0:Default Balancer]: reactor 0x7fffdc002210: OnWriteDone(true)
I0428 14:18:47.277217 1503733 promise_based_filter.cc:2494] SVR[compression:0x7fffb8004628]: WakeInsideCombiner poll=<<pending>>; send_initial_metadata=FORWARDED send_trailing_metadata=INITIAL
I0428 14:18:47.277220 1503744 promise_based_filter.cc:1119] CLI[compression:0x7fffd80011c0] ClientCallData.PollContext.Run: poll=<<pending>>; has_promise=true sent_initial_state=FORWARDED recv_trailing_state=FORWARDED captured={} recv_initial_metadata=RESPONDED
I0428 14:18:47.277247 1503733 promise_based_filter.cc:2427] SVR[message_size:0x7fffb80045f8]: WakeInsideCombiner have_promise=true recv_initial_state=COMPLETE send_trailing_state=INITIAL captured={}
I0428 14:18:47.277261 1503733 promise_based_filter.cc:507] SVR[message_size:0x7fffb80045f8] SendMessage.WakeInsideCombiner st=IDLE
I0428 14:18:47.277258 1503744 promise_based_filter.cc:713] CLI[message_size:0x7fffd8001190] ReceiveMessage.OnComplete st=FORWARDED_BATCH status=OK
I0428 14:18:47.277278 1503733 promise_based_filter.cc:2469] SVR[message_size:0x7fffb80045f8]: After send_message WakeInsideCombiner have_promise=true recv_initial_state=COMPLETE send_trailing_state=INITIAL captured={} is_idle=true is_forwarded=false
I0428 14:18:47.277289 1503744 promise_based_filter.cc:1031] CLI[message_size:0x7fffd8001190] ClientCallData.PollContext.Run has_promise=true sent_initial_state=FORWARDED recv_trailing_state=FORWARDED captured={}
I0428 14:18:47.277294 1503733 promise_based_filter.cc:811] SVR[message_size:0x7fffb80045f8] ReceiveMessage.WakeInsideCombiner st=IDLE push?=no next?=no allow_push_to_pipe=yes
I0428 14:18:47.277303 1503744 promise_based_filter.cc:507] CLI[message_size:0x7fffd8001190] SendMessage.WakeInsideCombiner st=IDLE
I0428 14:18:47.277308 1503733 promise_based_filter.cc:2315] SVR[message_size:0x7fffb80045f8] PollTrailingMetadata: INITIAL
I0428 14:18:47.277315 1503744 promise_based_filter.cc:811] CLI[message_size:0x7fffd8001190] ReceiveMessage.WakeInsideCombiner st=BATCH_COMPLETED push?=no next?=no allow_push_to_pipe=yes
I0428 14:18:47.277319 1503733 promise_based_filter.cc:2494] SVR[message_size:0x7fffb80045f8]: WakeInsideCombiner poll=<<pending>>; send_initial_metadata=null send_trailing_metadata=INITIAL
I0428 14:18:47.277340 1503744 promise_based_filter.cc:901] CLI[message_size:0x7fffd8001190] ReceiveMessage.WakeInsideCombiner next complete: got message new_state=PULLED_FROM_PIPE
I0428 14:18:47.277349 1503733 filter_stack_call.cc:296] OP[server:0x7fffb80045e0]:  RECV_MESSAGE
I0428 14:18:47.277354 1503744 promise_based_filter.cc:917] CLI[message_size:0x7fffd8001190] ReceiveMessage.WakeInsideCombiner push complete
I0428 14:18:47.277368 1503733 channel_stack.cc:297] OP[server:0x7fffb80045e0]:  RECV_MESSAGE
I0428 14:18:47.277379 1503744 promise_based_filter.cc:1115] CLI[message_size:0x7fffd8001190] ClientCallData.PollContext.Run: before calling poll; has_promise=true sent_initial_state=FORWARDED recv_trailing_state=FORWARDED captured={}
I0428 14:18:47.277387 1503733 promise_based_filter.cc:2054] SVR[message_size:0x7fffb80045f8] StartBatch: have_promise=true recv_initial_state=COMPLETE send_trailing_state=INITIAL captured={}
I0428 14:18:47.277393 1503744 promise_based_filter.cc:1756] CLI[message_size:0x7fffd8001190] ClientCallData.PollTrailingMetadata has_promise=true sent_initial_state=FORWARDED recv_trailing_state=FORWARDED captured={}
I0428 14:18:47.277400 1503733 promise_based_filter.cc:638] SVR[message_size:0x7fffb80045f8] ReceiveMessage.StartOp st=IDLE
I0428 14:18:47.277405 1503744 promise_based_filter.cc:1119] CLI[message_size:0x7fffd8001190] ClientCallData.PollContext.Run: poll=<<pending>>; has_promise=true sent_initial_state=FORWARDED recv_trailing_state=FORWARDED captured={}
I0428 14:18:47.277412 1503733 promise_based_filter.cc:2427] SVR[message_size:0x7fffb80045f8]: WakeInsideCombiner have_promise=true recv_initial_state=COMPLETE send_trailing_state=INITIAL captured={}
I0428 14:18:47.277424 1503733 promise_based_filter.cc:507] SVR[message_size:0x7fffb80045f8] SendMessage.WakeInsideCombiner st=IDLE
I0428 14:18:47.277436 1503733 promise_based_filter.cc:2469] SVR[message_size:0x7fffb80045f8]: After send_message WakeInsideCombiner have_promise=true recv_initial_state=COMPLETE send_trailing_state=INITIAL captured={} is_idle=true is_forwarded=false
I0428 14:18:47.277450 1503733 promise_based_filter.cc:811] SVR[message_size:0x7fffb80045f8] ReceiveMessage.WakeInsideCombiner st=FORWARDED_BATCH push?=no next?=no allow_push_to_pipe=yes
I0428 14:18:47.277464 1503733 promise_based_filter.cc:2315] SVR[message_size:0x7fffb80045f8] PollTrailingMetadata: INITIAL
I0428 14:18:47.277475 1503733 promise_based_filter.cc:2494] SVR[message_size:0x7fffb80045f8]: WakeInsideCombiner poll=<<pending>>; send_initial_metadata=null send_trailing_metadata=INITIAL
I0428 14:18:47.277488 1503733 promise_based_filter.cc:325] FLUSHER:forward batch:  RECV_MESSAGE
I0428 14:18:47.277498 1503733 channel_stack.cc:297] OP[message_size:0x7fffb80045f8]:  RECV_MESSAGE
I0428 14:18:47.277510 1503733 promise_based_filter.cc:2054] SVR[http-server:0x7fffb8004610] StartBatch: have_promise=true recv_initial_state=COMPLETE send_trailing_state=INITIAL captured={} send_initial_metadata=FORWARDED
I0428 14:18:47.277530 1503733 promise_based_filter.cc:325] FLUSHER:forward batch:  RECV_MESSAGE
I0428 14:18:47.277540 1503733 channel_stack.cc:297] OP[http-server:0x7fffb8004610]:  RECV_MESSAGE
I0428 14:18:47.277552 1503733 promise_based_filter.cc:2054] SVR[compression:0x7fffb8004628] StartBatch: have_promise=true recv_initial_state=COMPLETE send_trailing_state=INITIAL captured={} send_initial_metadata=FORWARDED
I0428 14:18:47.277564 1503733 promise_based_filter.cc:638] SVR[compression:0x7fffb8004628] ReceiveMessage.StartOp st=IDLE
I0428 14:18:47.277575 1503733 promise_based_filter.cc:2427] SVR[compression:0x7fffb8004628]: WakeInsideCombiner have_promise=true recv_initial_state=COMPLETE send_trailing_state=INITIAL captured={} send_initial_metadata=FORWARDED
I0428 14:18:47.277587 1503733 promise_based_filter.cc:507] SVR[compression:0x7fffb8004628] SendMessage.WakeInsideCombiner st=IDLE
I0428 14:18:47.277583 1503744 promise_based_filter.cc:1031] CLI[compression:0x7fffd80011c0] ClientCallData.PollContext.Run has_promise=true sent_initial_state=FORWARDED recv_trailing_state=FORWARDED captured={} recv_initial_metadata=RESPONDED
I0428 14:18:47.277600 1503733 promise_based_filter.cc:2469] SVR[compression:0x7fffb8004628]: After send_message WakeInsideCombiner have_promise=true recv_initial_state=COMPLETE send_trailing_state=INITIAL captured={} send_initial_metadata=FORWARDED is_idle=true is_forwarded=false
I0428 14:18:47.277623 1503744 promise_based_filter.cc:507] CLI[compression:0x7fffd80011c0] SendMessage.WakeInsideCombiner st=IDLE
I0428 14:18:47.277632 1503733 promise_based_filter.cc:811] SVR[compression:0x7fffb8004628] ReceiveMessage.WakeInsideCombiner st=FORWARDED_BATCH push?=no next?=no allow_push_to_pipe=yes
I0428 14:18:47.277639 1503744 promise_based_filter.cc:811] CLI[compression:0x7fffd80011c0] ReceiveMessage.WakeInsideCombiner st=IDLE push?=no next?=no allow_push_to_pipe=yes
I0428 14:18:47.277648 1503733 promise_based_filter.cc:2315] SVR[compression:0x7fffb8004628] PollTrailingMetadata: INITIAL
I0428 14:18:47.277655 1503744 promise_based_filter.cc:1115] CLI[compression:0x7fffd80011c0] ClientCallData.PollContext.Run: before calling poll; has_promise=true sent_initial_state=FORWARDED recv_trailing_state=FORWARDED captured={} recv_initial_metadata=RESPONDED
I0428 14:18:47.277660 1503733 promise_based_filter.cc:2494] SVR[compression:0x7fffb8004628]: WakeInsideCombiner poll=<<pending>>; send_initial_metadata=FORWARDED send_trailing_metadata=INITIAL
I0428 14:18:47.277670 1503744 promise_based_filter.cc:1756] CLI[compression:0x7fffd80011c0] ClientCallData.PollTrailingMetadata has_promise=true sent_initial_state=FORWARDED recv_trailing_state=FORWARDED captured={} recv_initial_metadata=RESPONDED
I0428 14:18:47.277676 1503733 promise_based_filter.cc:325] FLUSHER:forward batch:  RECV_MESSAGE
I0428 14:18:47.277682 1503744 promise_based_filter.cc:1119] CLI[compression:0x7fffd80011c0] ClientCallData.PollContext.Run: poll=<<pending>>; has_promise=true sent_initial_state=FORWARDED recv_trailing_state=FORWARDED captured={} recv_initial_metadata=RESPONDED
I0428 14:18:47.277684 1503733 channel_stack.cc:297] OP[compression:0x7fffb8004628]:  RECV_MESSAGE
I0428 14:18:47.277701 1503744 promise_based_filter.cc:1031] CLI[message_size:0x7fffd8001190] ClientCallData.PollContext.Run has_promise=true sent_initial_state=FORWARDED recv_trailing_state=FORWARDED captured={}
I0428 14:18:47.277708 1503733 promise_based_filter.cc:2054] SVR[server-auth:0x7fffb8004640] StartBatch: have_promise=true recv_initial_state=COMPLETE send_trailing_state=INITIAL captured={}
I0428 14:18:47.277714 1503744 promise_based_filter.cc:507] CLI[message_size:0x7fffd8001190] SendMessage.WakeInsideCombiner st=IDLE
I0428 14:18:47.277721 1503733 promise_based_filter.cc:325] FLUSHER:forward batch:  RECV_MESSAGE
I0428 14:18:47.277725 1503744 promise_based_filter.cc:811] CLI[message_size:0x7fffd8001190] ReceiveMessage.WakeInsideCombiner st=IDLE push?=no next?=no allow_push_to_pipe=yes
I0428 14:18:47.277731 1503733 channel_stack.cc:297] OP[server-auth:0x7fffb8004640]:  RECV_MESSAGE
I0428 14:18:47.277742 1503744 promise_based_filter.cc:1115] CLI[message_size:0x7fffd8001190] ClientCallData.PollContext.Run: before calling poll; has_promise=true sent_initial_state=FORWARDED recv_trailing_state=FORWARDED captured={}
I0428 14:18:47.277753 1503733 promise_based_filter.cc:2054] SVR[server_call_tracer:0x7fffb8004658] StartBatch: have_promise=true recv_initial_state=COMPLETE send_trailing_state=INITIAL captured={} send_initial_metadata=FORWARDED
I0428 14:18:47.277768 1503744 promise_based_filter.cc:1756] CLI[message_size:0x7fffd8001190] ClientCallData.PollTrailingMetadata has_promise=true sent_initial_state=FORWARDED recv_trailing_state=FORWARDED captured={}
I0428 14:18:47.277776 1503733 promise_based_filter.cc:325] FLUSHER:forward batch:  RECV_MESSAGE
I0428 14:18:47.277783 1503744 promise_based_filter.cc:1119] CLI[message_size:0x7fffd8001190] ClientCallData.PollContext.Run: poll=<<pending>>; has_promise=true sent_initial_state=FORWARDED recv_trailing_state=FORWARDED captured={}
I0428 14:18:47.277788 1503733 channel_stack.cc:297] OP[server_call_tracer:0x7fffb8004658]:  RECV_MESSAGE
I0428 14:18:47.277799 1503744 filter_stack_call.cc:296] OP[client_idle:0x7fffec1a0770]:  SEND_MESSAGE:flags=0x00000000:len=73
I0428 14:18:47.277820 1503744 promise_based_filter.cc:1412] CLI[client_idle:0x7fffec1a0770] StartBatch has_promise=true sent_initial_state=FORWARDED recv_trailing_state=FORWARDED captured={}
I0428 14:18:47.277834 1503744 promise_based_filter.cc:325] FLUSHER:forward batch:  SEND_MESSAGE:flags=0x00000000:len=73
I0428 14:18:47.277846 1503744 channel_stack.cc:297] OP[client_idle:0x7fffec1a0770]:  SEND_MESSAGE:flags=0x00000000:len=73
I0428 14:18:47.277860 1503744 dynamic_filters.cc:76] OP[retry_filter:0x7fffbc000fd0]:  SEND_MESSAGE:flags=0x00000000:len=73
I0428 14:18:47.277875 1503744 client_channel_filter.cc:2593] chand=0x7fffec197270 lb_call=0x7fffbc002660: batch started from above:  SEND_MESSAGE:flags=0x00000000:len=73, call_attempt_tracer_=0
I0428 14:18:47.277891 1503744 subchannel.cc:333] OP[authority:0x7fffd8001160]:  SEND_MESSAGE:flags=0x00000000:len=73
I0428 14:18:47.277904 1503744 promise_based_filter.cc:1412] CLI[authority:0x7fffd8001160] StartBatch has_promise=true sent_initial_state=FORWARDED recv_trailing_state=FORWARDED captured={}
I0428 14:18:47.277916 1503744 promise_based_filter.cc:325] FLUSHER:forward batch:  SEND_MESSAGE:flags=0x00000000:len=73
I0428 14:18:47.277927 1503744 channel_stack.cc:297] OP[authority:0x7fffd8001160]:  SEND_MESSAGE:flags=0x00000000:len=73
I0428 14:18:47.277940 1503744 promise_based_filter.cc:1412] CLI[client-auth-filter:0x7fffd8001178] StartBatch has_promise=true sent_initial_state=FORWARDED recv_trailing_state=FORWARDED captured={}
I0428 14:18:47.277952 1503744 promise_based_filter.cc:325] FLUSHER:forward batch:  SEND_MESSAGE:flags=0x00000000:len=73
I0428 14:18:47.277963 1503744 channel_stack.cc:297] OP[client-auth-filter:0x7fffd8001178]:  SEND_MESSAGE:flags=0x00000000:len=73
I0428 14:18:47.277976 1503744 promise_based_filter.cc:1412] CLI[message_size:0x7fffd8001190] StartBatch has_promise=true sent_initial_state=FORWARDED recv_trailing_state=FORWARDED captured={}
I0428 14:18:47.277987 1503744 promise_based_filter.cc:365] CLI[message_size:0x7fffd8001190] SendMessage.StartOp st=IDLE
I0428 14:18:47.277999 1503744 promise_based_filter.cc:1031] CLI[message_size:0x7fffd8001190] ClientCallData.PollContext.Run has_promise=true sent_initial_state=FORWARDED recv_trailing_state=FORWARDED captured={send_message}
I0428 14:18:47.278012 1503744 promise_based_filter.cc:507] CLI[message_size:0x7fffd8001190] SendMessage.WakeInsideCombiner st=GOT_BATCH
I0428 14:18:47.278033 1503744 promise_based_filter.cc:554] CLI[message_size:0x7fffd8001190] SendMessage.WakeInsideCombiner next complete, result.has_value=true
I0428 14:18:47.278048 1503744 promise_based_filter.cc:811] CLI[message_size:0x7fffd8001190] ReceiveMessage.WakeInsideCombiner st=IDLE push?=no next?=no allow_push_to_pipe=yes
I0428 14:18:47.278062 1503744 promise_based_filter.cc:1115] CLI[message_size:0x7fffd8001190] ClientCallData.PollContext.Run: before calling poll; has_promise=true sent_initial_state=FORWARDED recv_trailing_state=FORWARDED captured={}
I0428 14:18:47.278074 1503744 promise_based_filter.cc:1756] CLI[message_size:0x7fffd8001190] ClientCallData.PollTrailingMetadata has_promise=true sent_initial_state=FORWARDED recv_trailing_state=FORWARDED captured={}
I0428 14:18:47.278086 1503744 promise_based_filter.cc:1119] CLI[message_size:0x7fffd8001190] ClientCallData.PollContext.Run: poll=<<pending>>; has_promise=true sent_initial_state=FORWARDED recv_trailing_state=FORWARDED captured={}
I0428 14:18:47.278100 1503744 promise_based_filter.cc:325] FLUSHER:forward batch:  SEND_MESSAGE:flags=0x00000000:len=73
I0428 14:18:47.278112 1503744 channel_stack.cc:297] OP[message_size:0x7fffd8001190]:  SEND_MESSAGE:flags=0x00000000:len=73
I0428 14:18:47.278125 1503744 promise_based_filter.cc:1412] CLI[http-client:0x7fffd80011a8] StartBatch has_promise=true sent_initial_state=FORWARDED recv_trailing_state=FORWARDED captured={} recv_initial_metadata=RESPONDED
I0428 14:18:47.278138 1503744 promise_based_filter.cc:325] FLUSHER:forward batch:  SEND_MESSAGE:flags=0x00000000:len=73
I0428 14:18:47.278149 1503744 channel_stack.cc:297] OP[http-client:0x7fffd80011a8]:  SEND_MESSAGE:flags=0x00000000:len=73
I0428 14:18:47.278162 1503744 promise_based_filter.cc:1412] CLI[compression:0x7fffd80011c0] StartBatch has_promise=true sent_initial_state=FORWARDED recv_trailing_state=FORWARDED captured={} recv_initial_metadata=RESPONDED
I0428 14:18:47.278174 1503744 promise_based_filter.cc:365] CLI[compression:0x7fffd80011c0] SendMessage.StartOp st=IDLE
I0428 14:18:47.278185 1503744 promise_based_filter.cc:1031] CLI[compression:0x7fffd80011c0] ClientCallData.PollContext.Run has_promise=true sent_initial_state=FORWARDED recv_trailing_state=FORWARDED captured={send_message} recv_initial_metadata=RESPONDED
I0428 14:18:47.278198 1503744 promise_based_filter.cc:507] CLI[compression:0x7fffd80011c0] SendMessage.WakeInsideCombiner st=GOT_BATCH
I0428 14:18:47.278216 1503744 promise_based_filter.cc:554] CLI[compression:0x7fffd80011c0] SendMessage.WakeInsideCombiner next complete, result.has_value=true
I0428 14:18:47.278229 1503744 promise_based_filter.cc:811] CLI[compression:0x7fffd80011c0] ReceiveMessage.WakeInsideCombiner st=IDLE push?=no next?=no allow_push_to_pipe=yes
I0428 14:18:47.278246 1503744 promise_based_filter.cc:1115] CLI[compression:0x7fffd80011c0] ClientCallData.PollContext.Run: before calling poll; has_promise=true sent_initial_state=FORWARDED recv_trailing_state=FORWARDED captured={} recv_initial_metadata=RESPONDED
I0428 14:18:47.278260 1503744 promise_based_filter.cc:1756] CLI[compression:0x7fffd80011c0] ClientCallData.PollTrailingMetadata has_promise=true sent_initial_state=FORWARDED recv_trailing_state=FORWARDED captured={} recv_initial_metadata=RESPONDED
I0428 14:18:47.278274 1503744 promise_based_filter.cc:1119] CLI[compression:0x7fffd80011c0] ClientCallData.PollContext.Run: poll=<<pending>>; has_promise=true sent_initial_state=FORWARDED recv_trailing_state=FORWARDED captured={} recv_initial_metadata=RESPONDED
I0428 14:18:47.278288 1503744 promise_based_filter.cc:325] FLUSHER:forward batch:  SEND_MESSAGE:flags=0x00000000:len=73
I0428 14:18:47.278300 1503744 channel_stack.cc:297] OP[compression:0x7fffd80011c0]:  SEND_MESSAGE:flags=0x00000000:len=73
I0428 14:18:47.278316 1503744 filter_stack_call.cc:296] OP[client_idle:0x7fffec1a0770]:  RECV_MESSAGE
I0428 14:18:47.278329 1503744 promise_based_filter.cc:1412] CLI[client_idle:0x7fffec1a0770] StartBatch has_promise=true sent_initial_state=FORWARDED recv_trailing_state=FORWARDED captured={}
I0428 14:18:47.278341 1503744 promise_based_filter.cc:325] FLUSHER:forward batch:  RECV_MESSAGE
I0428 14:18:47.278351 1503744 channel_stack.cc:297] OP[client_idle:0x7fffec1a0770]:  RECV_MESSAGE
I0428 14:18:47.278362 1503744 dynamic_filters.cc:76] OP[retry_filter:0x7fffbc000fd0]:  RECV_MESSAGE
I0428 14:18:47.278373 1503744 client_channel_filter.cc:2593] chand=0x7fffec197270 lb_call=0x7fffbc002660: batch started from above:  RECV_MESSAGE, call_attempt_tracer_=0
I0428 14:18:47.278386 1503744 subchannel.cc:333] OP[authority:0x7fffd8001160]:  RECV_MESSAGE
I0428 14:18:47.278397 1503744 promise_based_filter.cc:1412] CLI[authority:0x7fffd8001160] StartBatch has_promise=true sent_initial_state=FORWARDED recv_trailing_state=FORWARDED captured={}
I0428 14:18:47.278409 1503744 promise_based_filter.cc:325] FLUSHER:forward batch:  RECV_MESSAGE
I0428 14:18:47.278419 1503744 channel_stack.cc:297] OP[authority:0x7fffd8001160]:  RECV_MESSAGE
I0428 14:18:47.278430 1503744 promise_based_filter.cc:1412] CLI[client-auth-filter:0x7fffd8001178] StartBatch has_promise=true sent_initial_state=FORWARDED recv_trailing_state=FORWARDED captured={}
I0428 14:18:47.278442 1503744 promise_based_filter.cc:325] FLUSHER:forward batch:  RECV_MESSAGE
I0428 14:18:47.278451 1503744 channel_stack.cc:297] OP[client-auth-filter:0x7fffd8001178]:  RECV_MESSAGE
I0428 14:18:47.278462 1503744 promise_based_filter.cc:1412] CLI[message_size:0x7fffd8001190] StartBatch has_promise=true sent_initial_state=FORWARDED recv_trailing_state=FORWARDED captured={}
I0428 14:18:47.278474 1503744 promise_based_filter.cc:638] CLI[message_size:0x7fffd8001190] ReceiveMessage.StartOp st=IDLE
I0428 14:18:47.278485 1503744 promise_based_filter.cc:1031] CLI[message_size:0x7fffd8001190] ClientCallData.PollContext.Run has_promise=true sent_initial_state=FORWARDED recv_trailing_state=FORWARDED captured={}
I0428 14:18:47.278496 1503744 promise_based_filter.cc:507] CLI[message_size:0x7fffd8001190] SendMessage.WakeInsideCombiner st=FORWARDED_BATCH
I0428 14:18:47.278508 1503744 promise_based_filter.cc:811] CLI[message_size:0x7fffd8001190] ReceiveMessage.WakeInsideCombiner st=FORWARDED_BATCH push?=no next?=no allow_push_to_pipe=yes
I0428 14:18:47.278526 1503744 promise_based_filter.cc:1115] CLI[message_size:0x7fffd8001190] ClientCallData.PollContext.Run: before calling poll; has_promise=true sent_initial_state=FORWARDED recv_trailing_state=FORWARDED captured={}
I0428 14:18:47.278538 1503744 promise_based_filter.cc:1756] CLI[message_size:0x7fffd8001190] ClientCallData.PollTrailingMetadata has_promise=true sent_initial_state=FORWARDED recv_trailing_state=FORWARDED captured={}
I0428 14:18:47.278550 1503744 promise_based_filter.cc:1119] CLI[message_size:0x7fffd8001190] ClientCallData.PollContext.Run: poll=<<pending>>; has_promise=true sent_initial_state=FORWARDED recv_trailing_state=FORWARDED captured={}
I0428 14:18:47.278563 1503744 promise_based_filter.cc:325] FLUSHER:forward batch:  RECV_MESSAGE
I0428 14:18:47.278573 1503744 channel_stack.cc:297] OP[message_size:0x7fffd8001190]:  RECV_MESSAGE
I0428 14:18:47.278584 1503744 promise_based_filter.cc:1412] CLI[http-client:0x7fffd80011a8] StartBatch has_promise=true sent_initial_state=FORWARDED recv_trailing_state=FORWARDED captured={} recv_initial_metadata=RESPONDED
I0428 14:18:47.278597 1503744 promise_based_filter.cc:325] FLUSHER:forward batch:  RECV_MESSAGE
I0428 14:18:47.278607 1503744 channel_stack.cc:297] OP[http-client:0x7fffd80011a8]:  RECV_MESSAGE
I0428 14:18:47.278618 1503744 promise_based_filter.cc:1412] CLI[compression:0x7fffd80011c0] StartBatch has_promise=true sent_initial_state=FORWARDED recv_trailing_state=FORWARDED captured={} recv_initial_metadata=RESPONDED
I0428 14:18:47.278630 1503744 promise_based_filter.cc:638] CLI[compression:0x7fffd80011c0] ReceiveMessage.StartOp st=IDLE
I0428 14:18:47.278641 1503744 promise_based_filter.cc:1031] CLI[compression:0x7fffd80011c0] ClientCallData.PollContext.Run has_promise=true sent_initial_state=FORWARDED recv_trailing_state=FORWARDED captured={} recv_initial_metadata=RESPONDED
I0428 14:18:47.278653 1503744 promise_based_filter.cc:507] CLI[compression:0x7fffd80011c0] SendMessage.WakeInsideCombiner st=FORWARDED_BATCH
I0428 14:18:47.278665 1503744 promise_based_filter.cc:811] CLI[compression:0x7fffd80011c0] ReceiveMessage.WakeInsideCombiner st=FORWARDED_BATCH push?=no next?=no allow_push_to_pipe=yes
I0428 14:18:47.278678 1503744 promise_based_filter.cc:1115] CLI[compression:0x7fffd80011c0] ClientCallData.PollContext.Run: before calling poll; has_promise=true sent_initial_state=FORWARDED recv_trailing_state=FORWARDED captured={} recv_initial_metadata=RESPONDED
I0428 14:18:47.278690 1503744 promise_based_filter.cc:1756] CLI[compression:0x7fffd80011c0] ClientCallData.PollTrailingMetadata has_promise=true sent_initial_state=FORWARDED recv_trailing_state=FORWARDED captured={} recv_initial_metadata=RESPONDED
I0428 14:18:47.278702 1503744 promise_based_filter.cc:1119] CLI[compression:0x7fffd80011c0] ClientCallData.PollContext.Run: poll=<<pending>>; has_promise=true sent_initial_state=FORWARDED recv_trailing_state=FORWARDED captured={} recv_initial_metadata=RESPONDED
I0428 14:18:47.278715 1503744 promise_based_filter.cc:325] FLUSHER:forward batch:  RECV_MESSAGE
I0428 14:18:47.278725 1503744 channel_stack.cc:297] OP[compression:0x7fffd80011c0]:  RECV_MESSAGE
I0428 14:18:47.278739 1503744 promise_based_filter.cc:1031] CLI[message_size:0x7fffd8001190] ClientCallData.PollContext.Run has_promise=true sent_initial_state=FORWARDED recv_trailing_state=FORWARDED captured={}
I0428 14:18:47.278751 1503744 promise_based_filter.cc:507] CLI[message_size:0x7fffd8001190] SendMessage.WakeInsideCombiner st=FORWARDED_BATCH
I0428 14:18:47.278763 1503744 promise_based_filter.cc:811] CLI[message_size:0x7fffd8001190] ReceiveMessage.WakeInsideCombiner st=FORWARDED_BATCH push?=no next?=no allow_push_to_pipe=yes
I0428 14:18:47.278776 1503744 promise_based_filter.cc:1115] CLI[message_size:0x7fffd8001190] ClientCallData.PollContext.Run: before calling poll; has_promise=true sent_initial_state=FORWARDED recv_trailing_state=FORWARDED captured={}
I0428 14:18:47.278788 1503744 promise_based_filter.cc:1756] CLI[message_size:0x7fffd8001190] ClientCallData.PollTrailingMetadata has_promise=true sent_initial_state=FORWARDED recv_trailing_state=FORWARDED captured={}
I0428 14:18:47.278799 1503744 promise_based_filter.cc:1119] CLI[message_size:0x7fffd8001190] ClientCallData.PollContext.Run: poll=<<pending>>; has_promise=true sent_initial_state=FORWARDED recv_trailing_state=FORWARDED captured={}
I0428 14:18:47.278813 1503744 promise_based_filter.cc:1031] CLI[compression:0x7fffd80011c0] ClientCallData.PollContext.Run has_promise=true sent_initial_state=FORWARDED recv_trailing_state=FORWARDED captured={} recv_initial_metadata=RESPONDED
I0428 14:18:47.278825 1503744 promise_based_filter.cc:507] CLI[compression:0x7fffd80011c0] SendMessage.WakeInsideCombiner st=FORWARDED_BATCH
I0428 14:18:47.278836 1503744 promise_based_filter.cc:811] CLI[compression:0x7fffd80011c0] ReceiveMessage.WakeInsideCombiner st=FORWARDED_BATCH push?=no next?=no allow_push_to_pipe=yes
I0428 14:18:47.278850 1503744 promise_based_filter.cc:1115] CLI[compression:0x7fffd80011c0] ClientCallData.PollContext.Run: before calling poll; has_promise=true sent_initial_state=FORWARDED recv_trailing_state=FORWARDED captured={} recv_initial_metadata=RESPONDED
I0428 14:18:47.278862 1503744 promise_based_filter.cc:1756] CLI[compression:0x7fffd80011c0] ClientCallData.PollTrailingMetadata has_promise=true sent_initial_state=FORWARDED recv_trailing_state=FORWARDED captured={} recv_initial_metadata=RESPONDED
I0428 14:18:47.278874 1503744 promise_based_filter.cc:1119] CLI[compression:0x7fffd80011c0] ClientCallData.PollContext.Run: poll=<<pending>>; has_promise=true sent_initial_state=FORWARDED recv_trailing_state=FORWARDED captured={} recv_initial_metadata=RESPONDED
I0428 14:18:47.278943 1503744 promise_based_filter.cc:437] CLI[compression:0x7fffd80011c0] SendMessage.OnComplete st=FORWARDED_BATCH status=OK
I0428 14:18:47.278962 1503744 promise_based_filter.cc:1031] CLI[compression:0x7fffd80011c0] ClientCallData.PollContext.Run has_promise=true sent_initial_state=FORWARDED recv_trailing_state=FORWARDED captured={} recv_initial_metadata=RESPONDED
I0428 14:18:47.278972 1503744 promise_based_filter.cc:507] CLI[compression:0x7fffd80011c0] SendMessage.WakeInsideCombiner st=BATCH_COMPLETED status=OK
I0428 14:18:47.278982 1503744 promise_based_filter.cc:811] CLI[compression:0x7fffd80011c0] ReceiveMessage.WakeInsideCombiner st=FORWARDED_BATCH push?=no next?=no allow_push_to_pipe=yes
I0428 14:18:47.278996 1503744 promise_based_filter.cc:1115] CLI[compression:0x7fffd80011c0] ClientCallData.PollContext.Run: before calling poll; has_promise=true sent_initial_state=FORWARDED recv_trailing_state=FORWARDED captured={} recv_initial_metadata=RESPONDED
I0428 14:18:47.279009 1503744 promise_based_filter.cc:1756] CLI[compression:0x7fffd80011c0] ClientCallData.PollTrailingMetadata has_promise=true sent_initial_state=FORWARDED recv_trailing_state=FORWARDED captured={} recv_initial_metadata=RESPONDED
I0428 14:18:47.279021 1503744 promise_based_filter.cc:1119] CLI[compression:0x7fffd80011c0] ClientCallData.PollContext.Run: poll=<<pending>>; has_promise=true sent_initial_state=FORWARDED recv_trailing_state=FORWARDED captured={} recv_initial_metadata=RESPONDED
I0428 14:18:47.279036 1503744 promise_based_filter.cc:437] CLI[message_size:0x7fffd8001190] SendMessage.OnComplete st=FORWARDED_BATCH status=OK
I0428 14:18:47.279048 1503744 promise_based_filter.cc:1031] CLI[message_size:0x7fffd8001190] ClientCallData.PollContext.Run has_promise=true sent_initial_state=FORWARDED recv_trailing_state=FORWARDED captured={}
I0428 14:18:47.279062 1503744 promise_based_filter.cc:507] CLI[message_size:0x7fffd8001190] SendMessage.WakeInsideCombiner st=BATCH_COMPLETED status=OK
I0428 14:18:47.279073 1503744 promise_based_filter.cc:811] CLI[message_size:0x7fffd8001190] ReceiveMessage.WakeInsideCombiner st=FORWARDED_BATCH push?=no next?=no allow_push_to_pipe=yes
I0428 14:18:47.279068 1503738 promise_based_filter.cc:713] SVR[compression:0x7fffb8004628] ReceiveMessage.OnComplete st=FORWARDED_BATCH status=OK
I0428 14:18:47.279087 1503744 promise_based_filter.cc:1115] CLI[message_size:0x7fffd8001190] ClientCallData.PollContext.Run: before calling poll; has_promise=true sent_initial_state=FORWARDED recv_trailing_state=FORWARDED captured={}
I0428 14:18:47.279107 1503738 promise_based_filter.cc:2427] SVR[compression:0x7fffb8004628]: WakeInsideCombiner have_promise=true recv_initial_state=COMPLETE send_trailing_state=INITIAL captured={} send_initial_metadata=FORWARDED
I0428 14:18:47.279117 1503744 promise_based_filter.cc:1756] CLI[message_size:0x7fffd8001190] ClientCallData.PollTrailingMetadata has_promise=true sent_initial_state=FORWARDED recv_trailing_state=FORWARDED captured={}
I0428 14:18:47.279123 1503738 promise_based_filter.cc:507] SVR[compression:0x7fffb8004628] SendMessage.WakeInsideCombiner st=IDLE
I0428 14:18:47.279129 1503744 promise_based_filter.cc:1119] CLI[message_size:0x7fffd8001190] ClientCallData.PollContext.Run: poll=<<pending>>; has_promise=true sent_initial_state=FORWARDED recv_trailing_state=FORWARDED captured={}
I0428 14:18:47.279136 1503738 promise_based_filter.cc:2469] SVR[compression:0x7fffb8004628]: After send_message WakeInsideCombiner have_promise=true recv_initial_state=COMPLETE send_trailing_state=INITIAL captured={} send_initial_metadata=FORWARDED is_idle=true is_forwarded=false
I0428 14:18:47.279153 1503738 promise_based_filter.cc:811] SVR[compression:0x7fffb8004628] ReceiveMessage.WakeInsideCombiner st=BATCH_COMPLETED push?=no next?=no allow_push_to_pipe=yes
I0428 14:18:47.279164 1503744 promise_based_filter.cc:1031] CLI[compression:0x7fffd80011c0] ClientCallData.PollContext.Run has_promise=true sent_initial_state=FORWARDED recv_trailing_state=FORWARDED captured={} recv_initial_metadata=RESPONDED
I0428 14:18:47.279177 1503744 promise_based_filter.cc:507] CLI[compression:0x7fffd80011c0] SendMessage.WakeInsideCombiner st=IDLE
I0428 14:18:47.279183 1503738 promise_based_filter.cc:901] SVR[compression:0x7fffb8004628] ReceiveMessage.WakeInsideCombiner next complete: got message new_state=PULLED_FROM_PIPE
I0428 14:18:47.279186 1503744 promise_based_filter.cc:811] CLI[compression:0x7fffd80011c0] ReceiveMessage.WakeInsideCombiner st=FORWARDED_BATCH push?=no next?=no allow_push_to_pipe=yes
I0428 14:18:47.279203 1503738 promise_based_filter.cc:917] SVR[compression:0x7fffb8004628] ReceiveMessage.WakeInsideCombiner push complete
I0428 14:18:47.279215 1503744 promise_based_filter.cc:1115] CLI[compression:0x7fffd80011c0] ClientCallData.PollContext.Run: before calling poll; has_promise=true sent_initial_state=FORWARDED recv_trailing_state=FORWARDED captured={} recv_initial_metadata=RESPONDED
I0428 14:18:47.279224 1503738 promise_based_filter.cc:2315] SVR[compression:0x7fffb8004628] PollTrailingMetadata: INITIAL
I0428 14:18:47.279226 1503744 promise_based_filter.cc:1756] CLI[compression:0x7fffd80011c0] ClientCallData.PollTrailingMetadata has_promise=true sent_initial_state=FORWARDED recv_trailing_state=FORWARDED captured={} recv_initial_metadata=RESPONDED
I0428 14:18:47.279235 1503738 promise_based_filter.cc:2494] SVR[compression:0x7fffb8004628]: WakeInsideCombiner poll=<<pending>>; send_initial_metadata=FORWARDED send_trailing_metadata=INITIAL
I0428 14:18:47.279248 1503744 promise_based_filter.cc:1119] CLI[compression:0x7fffd80011c0] ClientCallData.PollContext.Run: poll=<<pending>>; has_promise=true sent_initial_state=FORWARDED recv_trailing_state=FORWARDED captured={} recv_initial_metadata=RESPONDED
I0428 14:18:47.279260 1503738 promise_based_filter.cc:713] SVR[message_size:0x7fffb80045f8] ReceiveMessage.OnComplete st=FORWARDED_BATCH status=OK
I0428 14:18:47.279261 1503744 promise_based_filter.cc:1031] CLI[message_size:0x7fffd8001190] ClientCallData.PollContext.Run has_promise=true sent_initial_state=FORWARDED recv_trailing_state=FORWARDED captured={}
I0428 14:18:47.279272 1503738 promise_based_filter.cc:2427] SVR[message_size:0x7fffb80045f8]: WakeInsideCombiner have_promise=true recv_initial_state=COMPLETE send_trailing_state=INITIAL captured={}
I0428 14:18:47.279285 1503744 promise_based_filter.cc:507] CLI[message_size:0x7fffd8001190] SendMessage.WakeInsideCombiner st=IDLE
I0428 14:18:47.279293 1503738 promise_based_filter.cc:507] SVR[message_size:0x7fffb80045f8] SendMessage.WakeInsideCombiner st=IDLE
I0428 14:18:47.279297 1503744 promise_based_filter.cc:811] CLI[message_size:0x7fffd8001190] ReceiveMessage.WakeInsideCombiner st=FORWARDED_BATCH push?=no next?=no allow_push_to_pipe=yes
I0428 14:18:47.279306 1503738 promise_based_filter.cc:2469] SVR[message_size:0x7fffb80045f8]: After send_message WakeInsideCombiner have_promise=true recv_initial_state=COMPLETE send_trailing_state=INITIAL captured={} is_idle=true is_forwarded=false
I0428 14:18:47.279311 1503744 promise_based_filter.cc:1115] CLI[message_size:0x7fffd8001190] ClientCallData.PollContext.Run: before calling poll; has_promise=true sent_initial_state=FORWARDED recv_trailing_state=FORWARDED captured={}
I0428 14:18:47.279321 1503738 promise_based_filter.cc:811] SVR[message_size:0x7fffb80045f8] ReceiveMessage.WakeInsideCombiner st=BATCH_COMPLETED push?=no next?=no allow_push_to_pipe=yes
I0428 14:18:47.279332 1503744 promise_based_filter.cc:1756] CLI[message_size:0x7fffd8001190] ClientCallData.PollTrailingMetadata has_promise=true sent_initial_state=FORWARDED recv_trailing_state=FORWARDED captured={}
I0428 14:18:47.279349 1503738 promise_based_filter.cc:901] SVR[message_size:0x7fffb80045f8] ReceiveMessage.WakeInsideCombiner next complete: got message new_state=PULLED_FROM_PIPE
I0428 14:18:47.279351 1503744 promise_based_filter.cc:1119] CLI[message_size:0x7fffd8001190] ClientCallData.PollContext.Run: poll=<<pending>>; has_promise=true sent_initial_state=FORWARDED recv_trailing_state=FORWARDED captured={}
I0428 14:18:47.279366 1503738 promise_based_filter.cc:917] SVR[message_size:0x7fffb80045f8] ReceiveMessage.WakeInsideCombiner push complete
I0428 14:18:47.279379 1503744 filter_stack_call.cc:296] OP[client_idle:0x7fffec1a0770]:  SEND_MESSAGE:flags=0x00000000:len=86
I0428 14:18:47.279387 1503738 promise_based_filter.cc:2315] SVR[message_size:0x7fffb80045f8] PollTrailingMetadata: INITIAL
I0428 14:18:47.279399 1503744 promise_based_filter.cc:1412] CLI[client_idle:0x7fffec1a0770] StartBatch has_promise=true sent_initial_state=FORWARDED recv_trailing_state=FORWARDED captured={}
I0428 14:18:47.279407 1503738 promise_based_filter.cc:2494] SVR[message_size:0x7fffb80045f8]: WakeInsideCombiner poll=<<pending>>; send_initial_metadata=null send_trailing_metadata=INITIAL
I0428 14:18:47.279412 1503744 promise_based_filter.cc:325] FLUSHER:forward batch:  SEND_MESSAGE:flags=0x00000000:len=86
I0428 14:18:47.279432 1503744 channel_stack.cc:297] OP[client_idle:0x7fffec1a0770]:  SEND_MESSAGE:flags=0x00000000:len=86
I0428 14:18:47.279436 1503738 promise_based_filter.cc:2427] SVR[compression:0x7fffb8004628]: WakeInsideCombiner have_promise=true recv_initial_state=COMPLETE send_trailing_state=INITIAL captured={} send_initial_metadata=FORWARDED
I0428 14:18:47.279450 1503744 dynamic_filters.cc:76] OP[retry_filter:0x7fffbc000fd0]:  SEND_MESSAGE:flags=0x00000000:len=86
I0428 14:18:47.279458 1503738 promise_based_filter.cc:507] SVR[compression:0x7fffb8004628] SendMessage.WakeInsideCombiner st=IDLE
I0428 14:18:47.279463 1503744 client_channel_filter.cc:2593] chand=0x7fffec197270 lb_call=0x7fffbc002660: batch started from above:  SEND_MESSAGE:flags=0x00000000:len=86, call_attempt_tracer_=0
I0428 14:18:47.279471 1503738 promise_based_filter.cc:2469] SVR[compression:0x7fffb8004628]: After send_message WakeInsideCombiner have_promise=true recv_initial_state=COMPLETE send_trailing_state=INITIAL captured={} send_initial_metadata=FORWARDED is_idle=true is_forwarded=false
I0428 14:18:47.279478 1503744 subchannel.cc:333] OP[authority:0x7fffd8001160]:  SEND_MESSAGE:flags=0x00000000:len=86
I0428 14:18:47.279487 1503738 promise_based_filter.cc:811] SVR[compression:0x7fffb8004628] ReceiveMessage.WakeInsideCombiner st=IDLE push?=no next?=no allow_push_to_pipe=yes
I0428 14:18:47.279492 1503744 promise_based_filter.cc:1412] CLI[authority:0x7fffd8001160] StartBatch has_promise=true sent_initial_state=FORWARDED recv_trailing_state=FORWARDED captured={}
I0428 14:18:47.279504 1503738 promise_based_filter.cc:2315] SVR[compression:0x7fffb8004628] PollTrailingMetadata: INITIAL
I0428 14:18:47.279517 1503744 promise_based_filter.cc:325] FLUSHER:forward batch:  SEND_MESSAGE:flags=0x00000000:len=86
I0428 14:18:47.279490 1503746 xds_server.cc:141] ADS[0x55555833d1c0:Default Balancer]: reactor 0x7fffdc002210: OnReadDone(true)
I0428 14:18:47.279527 1503738 promise_based_filter.cc:2494] SVR[compression:0x7fffb8004628]: WakeInsideCombiner poll=<<pending>>; send_initial_metadata=FORWARDED send_trailing_metadata=INITIAL
I0428 14:18:47.279576 1503738 promise_based_filter.cc:2427] SVR[message_size:0x7fffb80045f8]: WakeInsideCombiner have_promise=true recv_initial_state=COMPLETE send_trailing_state=INITIAL captured={}
I0428 14:18:47.279529 1503744 channel_stack.cc:297] OP[authority:0x7fffd8001160]:  SEND_MESSAGE:flags=0x00000000:len=86
I0428 14:18:47.279595 1503738 promise_based_filter.cc:507] SVR[message_size:0x7fffb80045f8] SendMessage.WakeInsideCombiner st=IDLE
I0428 14:18:47.279607 1503744 promise_based_filter.cc:1412] CLI[client-auth-filter:0x7fffd8001178] StartBatch has_promise=true sent_initial_state=FORWARDED recv_trailing_state=FORWARDED captured={}
I0428 14:18:47.279614 1503738 promise_based_filter.cc:2469] SVR[message_size:0x7fffb80045f8]: After send_message WakeInsideCombiner have_promise=true recv_initial_state=COMPLETE send_trailing_state=INITIAL captured={} is_idle=true is_forwarded=false
I0428 14:18:47.279624 1503744 promise_based_filter.cc:325] FLUSHER:forward batch:  SEND_MESSAGE:flags=0x00000000:len=86
I0428 14:18:47.279557 1503746 xds_server.cc:151] ADS[0x55555833d1c0:Default Balancer]: reactor 0x7fffdc002210: Received request for type type.googleapis.com/envoy.config.cluster.v3.Cluster with content goo.gle/debugonly    
version_info: "2"
resource_names: "cluster_name"
type_url: "type.googleapis.com/envoy.config.cluster.v3.Cluster"
response_nonce: "1"

I0428 14:18:47.279631 1503738 promise_based_filter.cc:811] SVR[message_size:0x7fffb80045f8] ReceiveMessage.WakeInsideCombiner st=IDLE push?=no next?=no allow_push_to_pipe=yes
I0428 14:18:47.279654 1503746 xds_server.cc:174] ADS[0x55555833d1c0:Default Balancer]: reactor 0x7fffdc002210: client ACKed resource_type=type.googleapis.com/envoy.config.cluster.v3.Cluster version=2
I0428 14:18:47.279639 1503744 channel_stack.cc:297] OP[client-auth-filter:0x7fffd8001178]:  SEND_MESSAGE:flags=0x00000000:len=86
I0428 14:18:47.279661 1503738 promise_based_filter.cc:2315] SVR[message_size:0x7fffb80045f8] PollTrailingMetadata: INITIAL
I0428 14:18:47.279683 1503746 xds_server.cc:252] ADS[0x55555833d1c0:Default Balancer]: reactor 0x7fffdc002210: MaybeStartWrite(type.googleapis.com/envoy.config.cluster.v3.Cluster)
I0428 14:18:47.279691 1503738 promise_based_filter.cc:2494] SVR[message_size:0x7fffb80045f8]: WakeInsideCombiner poll=<<pending>>; send_initial_metadata=null send_trailing_metadata=INITIAL
I0428 14:18:47.279699 1503746 xds_server.cc:258] ADS[0x55555833d1c0:Default Balancer]: reactor 0x7fffdc002210: Constructing response
I0428 14:18:47.279683 1503744 promise_based_filter.cc:1412] CLI[message_size:0x7fffd8001190] StartBatch has_promise=true sent_initial_state=FORWARDED recv_trailing_state=FORWARDED captured={}
I0428 14:18:47.279716 1503746 xds_server.cc:295] ADS[0x55555833d1c0:Default Balancer]: reactor 0x7fffdc002210: no resources to send for type=type.googleapis.com/envoy.config.cluster.v3.Cluster
I0428 14:18:47.279717 1503744 promise_based_filter.cc:365] CLI[message_size:0x7fffd8001190] SendMessage.StartOp st=IDLE
I0428 14:18:47.279739 1503746 filter_stack_call.cc:296] OP[server:0x7fffb80045e0]:  RECV_MESSAGE
I0428 14:18:47.279741 1503744 promise_based_filter.cc:1031] CLI[message_size:0x7fffd8001190] ClientCallData.PollContext.Run has_promise=true sent_initial_state=FORWARDED recv_trailing_state=FORWARDED captured={send_message}
I0428 14:18:47.279757 1503746 channel_stack.cc:297] OP[server:0x7fffb80045e0]:  RECV_MESSAGE
I0428 14:18:47.279767 1503744 promise_based_filter.cc:507] CLI[message_size:0x7fffd8001190] SendMessage.WakeInsideCombiner st=GOT_BATCH
I0428 14:18:47.279776 1503746 promise_based_filter.cc:2054] SVR[message_size:0x7fffb80045f8] StartBatch: have_promise=true recv_initial_state=COMPLETE send_trailing_state=INITIAL captured={}
I0428 14:18:47.279788 1503744 promise_based_filter.cc:554] CLI[message_size:0x7fffd8001190] SendMessage.WakeInsideCombiner next complete, result.has_value=true
I0428 14:18:47.279793 1503746 promise_based_filter.cc:638] SVR[message_size:0x7fffb80045f8] ReceiveMessage.StartOp st=IDLE
I0428 14:18:47.279805 1503744 promise_based_filter.cc:811] CLI[message_size:0x7fffd8001190] ReceiveMessage.WakeInsideCombiner st=FORWARDED_BATCH push?=no next?=no allow_push_to_pipe=yes
I0428 14:18:47.279813 1503746 promise_based_filter.cc:2427] SVR[message_size:0x7fffb80045f8]: WakeInsideCombiner have_promise=true recv_initial_state=COMPLETE send_trailing_state=INITIAL captured={}
I0428 14:18:47.279820 1503744 promise_based_filter.cc:1115] CLI[message_size:0x7fffd8001190] ClientCallData.PollContext.Run: before calling poll; has_promise=true sent_initial_state=FORWARDED recv_trailing_state=FORWARDED captured={}
I0428 14:18:47.279826 1503746 promise_based_filter.cc:507] SVR[message_size:0x7fffb80045f8] SendMessage.WakeInsideCombiner st=IDLE
I0428 14:18:47.279832 1503744 promise_based_filter.cc:1756] CLI[message_size:0x7fffd8001190] ClientCallData.PollTrailingMetadata has_promise=true sent_initial_state=FORWARDED recv_trailing_state=FORWARDED captured={}
I0428 14:18:47.279839 1503746 promise_based_filter.cc:2469] SVR[message_size:0x7fffb80045f8]: After send_message WakeInsideCombiner have_promise=true recv_initial_state=COMPLETE send_trailing_state=INITIAL captured={} is_idle=true is_forwarded=false
I0428 14:18:47.279844 1503744 promise_based_filter.cc:1119] CLI[message_size:0x7fffd8001190] ClientCallData.PollContext.Run: poll=<<pending>>; has_promise=true sent_initial_state=FORWARDED recv_trailing_state=FORWARDED captured={}
I0428 14:18:47.279855 1503746 promise_based_filter.cc:811] SVR[message_size:0x7fffb80045f8] ReceiveMessage.WakeInsideCombiner st=FORWARDED_BATCH push?=no next?=no allow_push_to_pipe=yes
I0428 14:18:47.279868 1503744 promise_based_filter.cc:325] FLUSHER:forward batch:  SEND_MESSAGE:flags=0x00000000:len=86
I0428 14:18:47.279872 1503746 promise_based_filter.cc:2315] SVR[message_size:0x7fffb80045f8] PollTrailingMetadata: INITIAL
I0428 14:18:47.279883 1503744 channel_stack.cc:297] OP[message_size:0x7fffd8001190]:  SEND_MESSAGE:flags=0x00000000:len=86
I0428 14:18:47.279896 1503746 promise_based_filter.cc:2494] SVR[message_size:0x7fffb80045f8]: WakeInsideCombiner poll=<<pending>>; send_initial_metadata=null send_trailing_metadata=INITIAL
I0428 14:18:47.279910 1503744 promise_based_filter.cc:1412] CLI[http-client:0x7fffd80011a8] StartBatch has_promise=true sent_initial_state=FORWARDED recv_trailing_state=FORWARDED captured={} recv_initial_metadata=RESPONDED
I0428 14:18:47.279919 1503746 promise_based_filter.cc:325] FLUSHER:forward batch:  RECV_MESSAGE
I0428 14:18:47.279924 1503744 promise_based_filter.cc:325] FLUSHER:forward batch:  SEND_MESSAGE:flags=0x00000000:len=86
I0428 14:18:47.279930 1503746 channel_stack.cc:297] OP[message_size:0x7fffb80045f8]:  RECV_MESSAGE
I0428 14:18:47.279936 1503744 channel_stack.cc:297] OP[http-client:0x7fffd80011a8]:  SEND_MESSAGE:flags=0x00000000:len=86
I0428 14:18:47.279943 1503746 promise_based_filter.cc:2054] SVR[http-server:0x7fffb8004610] StartBatch: have_promise=true recv_initial_state=COMPLETE send_trailing_state=INITIAL captured={} send_initial_metadata=FORWARDED
I0428 14:18:47.279949 1503744 promise_based_filter.cc:1412] CLI[compression:0x7fffd80011c0] StartBatch has_promise=true sent_initial_state=FORWARDED recv_trailing_state=FORWARDED captured={} recv_initial_metadata=RESPONDED
I0428 14:18:47.279957 1503746 promise_based_filter.cc:325] FLUSHER:forward batch:  RECV_MESSAGE
I0428 14:18:47.279961 1503744 promise_based_filter.cc:365] CLI[compression:0x7fffd80011c0] SendMessage.StartOp st=IDLE
I0428 14:18:47.279966 1503746 channel_stack.cc:297] OP[http-server:0x7fffb8004610]:  RECV_MESSAGE
I0428 14:18:47.279973 1503744 promise_based_filter.cc:1031] CLI[compression:0x7fffd80011c0] ClientCallData.PollContext.Run has_promise=true sent_initial_state=FORWARDED recv_trailing_state=FORWARDED captured={send_message} recv_initial_metadata=RESPONDED
I0428 14:18:47.279978 1503746 promise_based_filter.cc:2054] SVR[compression:0x7fffb8004628] StartBatch: have_promise=true recv_initial_state=COMPLETE send_trailing_state=INITIAL captured={} send_initial_metadata=FORWARDED
I0428 14:18:47.426648 1503744 promise_based_filter.cc:507] CLI[compression:0x7fffd80011c0] SendMessage.WakeInsideCombiner st=GOT_BATCH
I0428 14:18:47.426687 1503746 promise_based_filter.cc:638] SVR[compression:0x7fffb8004628] ReceiveMessage.StartOp st=IDLE
I0428 14:18:47.426715 1503744 promise_based_filter.cc:554] CLI[compression:0x7fffd80011c0] SendMessage.WakeInsideCombiner next complete, result.has_value=true
I0428 14:18:47.426724 1503746 promise_based_filter.cc:2427] SVR[compression:0x7fffb8004628]: WakeInsideCombiner have_promise=true recv_initial_state=COMPLETE send_trailing_state=INITIAL captured={} send_initial_metadata=FORWARDED
I0428 14:18:47.426732 1503744 promise_based_filter.cc:811] CLI[compression:0x7fffd80011c0] ReceiveMessage.WakeInsideCombiner st=FORWARDED_BATCH push?=no next?=no allow_push_to_pipe=yes
I0428 14:18:47.426749 1503746 promise_based_filter.cc:507] SVR[compression:0x7fffb8004628] SendMessage.WakeInsideCombiner st=IDLE
I0428 14:18:47.426763 1503744 promise_based_filter.cc:1115] CLI[compression:0x7fffd80011c0] ClientCallData.PollContext.Run: before calling poll; has_promise=true sent_initial_state=FORWARDED recv_trailing_state=FORWARDED captured={} recv_initial_metadata=RESPONDED
I0428 14:18:47.426772 1503746 promise_based_filter.cc:2469] SVR[compression:0x7fffb8004628]: After send_message WakeInsideCombiner have_promise=true recv_initial_state=COMPLETE send_trailing_state=INITIAL captured={} send_initial_metadata=FORWARDED is_idle=true is_forwarded=false
I0428 14:18:47.426781 1503744 promise_based_filter.cc:1756] CLI[compression:0x7fffd80011c0] ClientCallData.PollTrailingMetadata has_promise=true sent_initial_state=FORWARDED recv_trailing_state=FORWARDED captured={} recv_initial_metadata=RESPONDED
I0428 14:18:47.426793 1503746 promise_based_filter.cc:811] SVR[compression:0x7fffb8004628] ReceiveMessage.WakeInsideCombiner st=FORWARDED_BATCH push?=no next?=no allow_push_to_pipe=yes
I0428 14:18:47.426802 1503744 promise_based_filter.cc:1119] CLI[compression:0x7fffd80011c0] ClientCallData.PollContext.Run: poll=<<pending>>; has_promise=true sent_initial_state=FORWARDED recv_trailing_state=FORWARDED captured={} recv_initial_metadata=RESPONDED
I0428 14:18:47.426810 1503746 promise_based_filter.cc:2315] SVR[compression:0x7fffb8004628] PollTrailingMetadata: INITIAL
I0428 14:18:47.426823 1503746 promise_based_filter.cc:2494] SVR[compression:0x7fffb8004628]: WakeInsideCombiner poll=<<pending>>; send_initial_metadata=FORWARDED send_trailing_metadata=INITIAL
I0428 14:18:47.426822 1503744 promise_based_filter.cc:325] FLUSHER:forward batch:  SEND_MESSAGE:flags=0x00000000:len=86
I0428 14:18:47.426839 1503746 promise_based_filter.cc:325] FLUSHER:forward batch:  RECV_MESSAGE
I0428 14:18:47.426845 1503744 channel_stack.cc:297] OP[compression:0x7fffd80011c0]:  SEND_MESSAGE:flags=0x00000000:len=86
I0428 14:18:47.426858 1503746 channel_stack.cc:297] OP[compression:0x7fffb8004628]:  RECV_MESSAGE
I0428 14:18:47.426879 1503744 promise_based_filter.cc:1031] CLI[message_size:0x7fffd8001190] ClientCallData.PollContext.Run has_promise=true sent_initial_state=FORWARDED recv_trailing_state=FORWARDED captured={}
I0428 14:18:47.426878 1503746 promise_based_filter.cc:2054] SVR[server-auth:0x7fffb8004640] StartBatch: have_promise=true recv_initial_state=COMPLETE send_trailing_state=INITIAL captured={}
I0428 14:18:47.426896 1503744 promise_based_filter.cc:507] CLI[message_size:0x7fffd8001190] SendMessage.WakeInsideCombiner st=FORWARDED_BATCH
I0428 14:18:47.426909 1503746 promise_based_filter.cc:325] FLUSHER:forward batch:  RECV_MESSAGE
I0428 14:18:47.426919 1503744 promise_based_filter.cc:811] CLI[message_size:0x7fffd8001190] ReceiveMessage.WakeInsideCombiner st=FORWARDED_BATCH push?=no next?=no allow_push_to_pipe=yes
I0428 14:18:47.426923 1503746 channel_stack.cc:297] OP[server-auth:0x7fffb8004640]:  RECV_MESSAGE
I0428 14:18:47.426934 1503744 promise_based_filter.cc:1115] CLI[message_size:0x7fffd8001190] ClientCallData.PollContext.Run: before calling poll; has_promise=true sent_initial_state=FORWARDED recv_trailing_state=FORWARDED captured={}
I0428 14:18:47.426949 1503746 promise_based_filter.cc:2054] SVR[server_call_tracer:0x7fffb8004658] StartBatch: have_promise=true recv_initial_state=COMPLETE send_trailing_state=INITIAL captured={} send_initial_metadata=FORWARDED
I0428 14:18:47.426955 1503744 promise_based_filter.cc:1756] CLI[message_size:0x7fffd8001190] ClientCallData.PollTrailingMetadata has_promise=true sent_initial_state=FORWARDED recv_trailing_state=FORWARDED captured={}
I0428 14:18:47.426973 1503746 promise_based_filter.cc:325] FLUSHER:forward batch:  RECV_MESSAGE
I0428 14:18:47.426982 1503744 promise_based_filter.cc:1119] CLI[message_size:0x7fffd8001190] ClientCallData.PollContext.Run: poll=<<pending>>; has_promise=true sent_initial_state=FORWARDED recv_trailing_state=FORWARDED captured={}
I0428 14:18:47.426986 1503746 channel_stack.cc:297] OP[server_call_tracer:0x7fffb8004658]:  RECV_MESSAGE
I0428 14:18:47.426999 1503744 promise_based_filter.cc:1031] CLI[compression:0x7fffd80011c0] ClientCallData.PollContext.Run has_promise=true sent_initial_state=FORWARDED recv_trailing_state=FORWARDED captured={} recv_initial_metadata=RESPONDED
I0428 14:18:47.427012 1503744 promise_based_filter.cc:507] CLI[compression:0x7fffd80011c0] SendMessage.WakeInsideCombiner st=FORWARDED_BATCH
I0428 14:18:47.427024 1503744 promise_based_filter.cc:811] CLI[compression:0x7fffd80011c0] ReceiveMessage.WakeInsideCombiner st=FORWARDED_BATCH push?=no next?=no allow_push_to_pipe=yes
I0428 14:18:47.427038 1503744 promise_based_filter.cc:1115] CLI[compression:0x7fffd80011c0] ClientCallData.PollContext.Run: before calling poll; has_promise=true sent_initial_state=FORWARDED recv_trailing_state=FORWARDED captured={} recv_initial_metadata=RESPONDED
I0428 14:18:47.427051 1503744 promise_based_filter.cc:1756] CLI[compression:0x7fffd80011c0] ClientCallData.PollTrailingMetadata has_promise=true sent_initial_state=FORWARDED recv_trailing_state=FORWARDED captured={} recv_initial_metadata=RESPONDED
I0428 14:18:47.427063 1503744 promise_based_filter.cc:1119] CLI[compression:0x7fffd80011c0] ClientCallData.PollContext.Run: poll=<<pending>>; has_promise=true sent_initial_state=FORWARDED recv_trailing_state=FORWARDED captured={} recv_initial_metadata=RESPONDED
I0428 14:18:47.427159 1503744 promise_based_filter.cc:437] CLI[compression:0x7fffd80011c0] SendMessage.OnComplete st=FORWARDED_BATCH status=OK
I0428 14:18:47.427180 1503744 promise_based_filter.cc:1031] CLI[compression:0x7fffd80011c0] ClientCallData.PollContext.Run has_promise=true sent_initial_state=FORWARDED recv_trailing_state=FORWARDED captured={} recv_initial_metadata=RESPONDED
I0428 14:18:47.427190 1503744 promise_based_filter.cc:507] CLI[compression:0x7fffd80011c0] SendMessage.WakeInsideCombiner st=BATCH_COMPLETED status=OK
I0428 14:18:47.427203 1503744 promise_based_filter.cc:811] CLI[compression:0x7fffd80011c0] ReceiveMessage.WakeInsideCombiner st=FORWARDED_BATCH push?=no next?=no allow_push_to_pipe=yes
I0428 14:18:47.427219 1503744 promise_based_filter.cc:1115] CLI[compression:0x7fffd80011c0] ClientCallData.PollContext.Run: before calling poll; has_promise=true sent_initial_state=FORWARDED recv_trailing_state=FORWARDED captured={} recv_initial_metadata=RESPONDED
I0428 14:18:47.427232 1503744 promise_based_filter.cc:1756] CLI[compression:0x7fffd80011c0] ClientCallData.PollTrailingMetadata has_promise=true sent_initial_state=FORWARDED recv_trailing_state=FORWARDED captured={} recv_initial_metadata=RESPONDED
I0428 14:18:47.427245 1503744 promise_based_filter.cc:1119] CLI[compression:0x7fffd80011c0] ClientCallData.PollContext.Run: poll=<<pending>>; has_promise=true sent_initial_state=FORWARDED recv_trailing_state=FORWARDED captured={} recv_initial_metadata=RESPONDED
I0428 14:18:47.427272 1503744 promise_based_filter.cc:437] CLI[message_size:0x7fffd8001190] SendMessage.OnComplete st=FORWARDED_BATCH status=OK
I0428 14:18:47.427286 1503744 promise_based_filter.cc:1031] CLI[message_size:0x7fffd8001190] ClientCallData.PollContext.Run has_promise=true sent_initial_state=FORWARDED recv_trailing_state=FORWARDED captured={}
I0428 14:18:47.427298 1503744 promise_based_filter.cc:507] CLI[message_size:0x7fffd8001190] SendMessage.WakeInsideCombiner st=BATCH_COMPLETED status=OK
I0428 14:18:47.427309 1503744 promise_based_filter.cc:811] CLI[message_size:0x7fffd8001190] ReceiveMessage.WakeInsideCombiner st=FORWARDED_BATCH push?=no next?=no allow_push_to_pipe=yes
I0428 14:18:47.427322 1503744 promise_based_filter.cc:1115] CLI[message_size:0x7fffd8001190] ClientCallData.PollContext.Run: before calling poll; has_promise=true sent_initial_state=FORWARDED recv_trailing_state=FORWARDED captured={}
I0428 14:18:47.427335 1503744 promise_based_filter.cc:1756] CLI[message_size:0x7fffd8001190] ClientCallData.PollTrailingMetadata has_promise=true sent_initial_state=FORWARDED recv_trailing_state=FORWARDED captured={}
I0428 14:18:47.427314 1503737 promise_based_filter.cc:713] SVR[compression:0x7fffb8004628] ReceiveMessage.OnComplete st=FORWARDED_BATCH status=OK
I0428 14:18:47.427350 1503744 promise_based_filter.cc:1119] CLI[message_size:0x7fffd8001190] ClientCallData.PollContext.Run: poll=<<pending>>; has_promise=true sent_initial_state=FORWARDED recv_trailing_state=FORWARDED captured={}
I0428 14:18:47.427374 1503737 promise_based_filter.cc:2427] SVR[compression:0x7fffb8004628]: WakeInsideCombiner have_promise=true recv_initial_state=COMPLETE send_trailing_state=INITIAL captured={} send_initial_metadata=FORWARDED
I0428 14:18:47.427396 1503737 promise_based_filter.cc:507] SVR[compression:0x7fffb8004628] SendMessage.WakeInsideCombiner st=IDLE
I0428 14:18:47.427417 1503744 promise_based_filter.cc:1031] CLI[compression:0x7fffd80011c0] ClientCallData.PollContext.Run has_promise=true sent_initial_state=FORWARDED recv_trailing_state=FORWARDED captured={} recv_initial_metadata=RESPONDED
I0428 14:18:47.427431 1503737 promise_based_filter.cc:2469] SVR[compression:0x7fffb8004628]: After send_message WakeInsideCombiner have_promise=true recv_initial_state=COMPLETE send_trailing_state=INITIAL captured={} send_initial_metadata=FORWARDED is_idle=true is_forwarded=false
I0428 14:18:47.427443 1503744 promise_based_filter.cc:507] CLI[compression:0x7fffd80011c0] SendMessage.WakeInsideCombiner st=IDLE
I0428 14:18:47.427454 1503737 promise_based_filter.cc:811] SVR[compression:0x7fffb8004628] ReceiveMessage.WakeInsideCombiner st=BATCH_COMPLETED push?=no next?=no allow_push_to_pipe=yes
I0428 14:18:47.427464 1503744 promise_based_filter.cc:811] CLI[compression:0x7fffd80011c0] ReceiveMessage.WakeInsideCombiner st=FORWARDED_BATCH push?=no next?=no allow_push_to_pipe=yes
I0428 14:18:47.427478 1503744 promise_based_filter.cc:1115] CLI[compression:0x7fffd80011c0] ClientCallData.PollContext.Run: before calling poll; has_promise=true sent_initial_state=FORWARDED recv_trailing_state=FORWARDED captured={} recv_initial_metadata=RESPONDED
I0428 14:18:47.427485 1503737 promise_based_filter.cc:901] SVR[compression:0x7fffb8004628] ReceiveMessage.WakeInsideCombiner next complete: got message new_state=PULLED_FROM_PIPE
I0428 14:18:47.427491 1503744 promise_based_filter.cc:1756] CLI[compression:0x7fffd80011c0] ClientCallData.PollTrailingMetadata has_promise=true sent_initial_state=FORWARDED recv_trailing_state=FORWARDED captured={} recv_initial_metadata=RESPONDED
I0428 14:18:47.427503 1503737 promise_based_filter.cc:917] SVR[compression:0x7fffb8004628] ReceiveMessage.WakeInsideCombiner push complete
I0428 14:18:47.427515 1503744 promise_based_filter.cc:1119] CLI[compression:0x7fffd80011c0] ClientCallData.PollContext.Run: poll=<<pending>>; has_promise=true sent_initial_state=FORWARDED recv_trailing_state=FORWARDED captured={} recv_initial_metadata=RESPONDED
I0428 14:18:47.427529 1503737 promise_based_filter.cc:2315] SVR[compression:0x7fffb8004628] PollTrailingMetadata: INITIAL
I0428 14:18:47.427541 1503744 promise_based_filter.cc:1031] CLI[message_size:0x7fffd8001190] ClientCallData.PollContext.Run has_promise=true sent_initial_state=FORWARDED recv_trailing_state=FORWARDED captured={}
I0428 14:18:47.427554 1503737 promise_based_filter.cc:2494] SVR[compression:0x7fffb8004628]: WakeInsideCombiner poll=<<pending>>; send_initial_metadata=FORWARDED send_trailing_metadata=INITIAL
I0428 14:18:47.427565 1503744 promise_based_filter.cc:507] CLI[message_size:0x7fffd8001190] SendMessage.WakeInsideCombiner st=IDLE
I0428 14:18:47.427584 1503744 promise_based_filter.cc:811] CLI[message_size:0x7fffd8001190] ReceiveMessage.WakeInsideCombiner st=FORWARDED_BATCH push?=no next?=no allow_push_to_pipe=yes
I0428 14:18:47.427600 1503744 promise_based_filter.cc:1115] CLI[message_size:0x7fffd8001190] ClientCallData.PollContext.Run: before calling poll; has_promise=true sent_initial_state=FORWARDED recv_trailing_state=FORWARDED captured={}
I0428 14:18:47.427580 1503737 promise_based_filter.cc:713] SVR[message_size:0x7fffb80045f8] ReceiveMessage.OnComplete st=FORWARDED_BATCH status=OK
I0428 14:18:47.427614 1503744 promise_based_filter.cc:1756] CLI[message_size:0x7fffd8001190] ClientCallData.PollTrailingMetadata has_promise=true sent_initial_state=FORWARDED recv_trailing_state=FORWARDED captured={}
I0428 14:18:47.427632 1503737 promise_based_filter.cc:2427] SVR[message_size:0x7fffb80045f8]: WakeInsideCombiner have_promise=true recv_initial_state=COMPLETE send_trailing_state=INITIAL captured={}
I0428 14:18:47.427639 1503744 promise_based_filter.cc:1119] CLI[message_size:0x7fffd8001190] ClientCallData.PollContext.Run: poll=<<pending>>; has_promise=true sent_initial_state=FORWARDED recv_trailing_state=FORWARDED captured={}
I0428 14:18:47.427654 1503737 promise_based_filter.cc:507] SVR[message_size:0x7fffb80045f8] SendMessage.WakeInsideCombiner st=IDLE
I0428 14:18:47.427672 1503737 promise_based_filter.cc:2469] SVR[message_size:0x7fffb80045f8]: After send_message WakeInsideCombiner have_promise=true recv_initial_state=COMPLETE send_trailing_state=INITIAL captured={} is_idle=true is_forwarded=false
I0428 14:18:47.427687 1503737 promise_based_filter.cc:811] SVR[message_size:0x7fffb80045f8] ReceiveMessage.WakeInsideCombiner st=BATCH_COMPLETED push?=no next?=no allow_push_to_pipe=yes
I0428 14:18:47.427713 1503737 promise_based_filter.cc:901] SVR[message_size:0x7fffb80045f8] ReceiveMessage.WakeInsideCombiner next complete: got message new_state=PULLED_FROM_PIPE
I0428 14:18:47.427730 1503737 promise_based_filter.cc:917] SVR[message_size:0x7fffb80045f8] ReceiveMessage.WakeInsideCombiner push complete
I0428 14:18:47.427741 1503737 promise_based_filter.cc:2315] SVR[message_size:0x7fffb80045f8] PollTrailingMetadata: INITIAL
I0428 14:18:47.427752 1503737 promise_based_filter.cc:2494] SVR[message_size:0x7fffb80045f8]: WakeInsideCombiner poll=<<pending>>; send_initial_metadata=null send_trailing_metadata=INITIAL
I0428 14:18:47.427785 1503737 promise_based_filter.cc:2427] SVR[compression:0x7fffb8004628]: WakeInsideCombiner have_promise=true recv_initial_state=COMPLETE send_trailing_state=INITIAL captured={} send_initial_metadata=FORWARDED
I0428 14:18:47.427799 1503737 promise_based_filter.cc:507] SVR[compression:0x7fffb8004628] SendMessage.WakeInsideCombiner st=IDLE
I0428 14:18:47.427812 1503737 promise_based_filter.cc:2469] SVR[compression:0x7fffb8004628]: After send_message WakeInsideCombiner have_promise=true recv_initial_state=COMPLETE send_trailing_state=INITIAL captured={} send_initial_metadata=FORWARDED is_idle=true is_forwarded=false
I0428 14:18:47.427827 1503737 promise_based_filter.cc:811] SVR[compression:0x7fffb8004628] ReceiveMessage.WakeInsideCombiner st=IDLE push?=no next?=no allow_push_to_pipe=yes
I0428 14:18:47.427841 1503737 promise_based_filter.cc:2315] SVR[compression:0x7fffb8004628] PollTrailingMetadata: INITIAL
I0428 14:18:47.427851 1503737 promise_based_filter.cc:2494] SVR[compression:0x7fffb8004628]: WakeInsideCombiner poll=<<pending>>; send_initial_metadata=FORWARDED send_trailing_metadata=INITIAL
I0428 14:18:47.427833 1503748 xds_server.cc:141] ADS[0x55555833d1c0:Default Balancer]: reactor 0x7fffdc002210: OnReadDone(true)
I0428 14:18:47.427867 1503737 promise_based_filter.cc:2427] SVR[message_size:0x7fffb80045f8]: WakeInsideCombiner have_promise=true recv_initial_state=COMPLETE send_trailing_state=INITIAL captured={}
I0428 14:18:47.427888 1503737 promise_based_filter.cc:507] SVR[message_size:0x7fffb80045f8] SendMessage.WakeInsideCombiner st=IDLE
I0428 14:18:47.427901 1503737 promise_based_filter.cc:2469] SVR[message_size:0x7fffb80045f8]: After send_message WakeInsideCombiner have_promise=true recv_initial_state=COMPLETE send_trailing_state=INITIAL captured={} is_idle=true is_forwarded=false
I0428 14:18:47.427915 1503737 promise_based_filter.cc:811] SVR[message_size:0x7fffb80045f8] ReceiveMessage.WakeInsideCombiner st=IDLE push?=no next?=no allow_push_to_pipe=yes
I0428 14:18:47.427878 1503748 xds_server.cc:151] ADS[0x55555833d1c0:Default Balancer]: reactor 0x7fffdc002210: Received request for type type.googleapis.com/envoy.config.endpoint.v3.ClusterLoadAssignment with content goo.gle/debugonly    
resource_names: "eds_service_name"
type_url: "type.googleapis.com/envoy.config.endpoint.v3.ClusterLoadAssignment"

I0428 14:18:47.427929 1503737 promise_based_filter.cc:2315] SVR[message_size:0x7fffb80045f8] PollTrailingMetadata: INITIAL
I0428 14:18:47.427953 1503737 promise_based_filter.cc:2494] SVR[message_size:0x7fffb80045f8]: WakeInsideCombiner poll=<<pending>>; send_initial_metadata=null send_trailing_metadata=INITIAL
I0428 14:18:47.427958 1503748 xds_server.cc:217] ADS[0x55555833d1c0:Default Balancer]: reactor 0x7fffdc002210: subscribe to resource type type.googleapis.com/envoy.config.endpoint.v3.ClusterLoadAssignment name eds_service_name
I0428 14:18:47.427976 1503748 xds_server.cc:252] ADS[0x55555833d1c0:Default Balancer]: reactor 0x7fffdc002210: MaybeStartWrite(type.googleapis.com/envoy.config.endpoint.v3.ClusterLoadAssignment)
I0428 14:18:47.427990 1503748 xds_server.cc:258] ADS[0x55555833d1c0:Default Balancer]: reactor 0x7fffdc002210: Constructing response
I0428 14:18:47.428000 1503748 xds_server.cc:273] ADS[0x55555833d1c0:Default Balancer]: reactor 0x7fffdc002210: Sending update for: eds_service_name
I0428 14:18:47.428019 1503748 xds_server.cc:306] ADS[0x55555833d1c0:Default Balancer]: reactor 0x7fffdc002210: sending response: goo.gle/debugonly    
version_info: "1"
resources {
  [type.googleapis.com/envoy.config.endpoint.v3.ClusterLoadAssignment] {
    cluster_name: "eds_service_name"
    endpoints {
      locality {
        region: "xds_default_locality_region"
        zone: "xds_default_locality_zone"
        sub_zone: "locality0"
      }
      lb_endpoints {
        endpoint {
          address {
            socket_address {
              address: "127.0.0.1"
              port_value: 24109
            }
          }
        }
        load_balancing_weight {
          value: 1
        }
      }
      load_balancing_weight {
        value: 3
      }
    }
  }
}
type_url: "type.googleapis.com/envoy.config.endpoint.v3.ClusterLoadAssignment"
nonce: "1"

I0428 14:18:47.428709 1503748 filter_stack_call.cc:296] OP[server:0x7fffb80045e0]:  SEND_MESSAGE:flags=0x00000000:len=267
I0428 14:18:47.428737 1503748 channel_stack.cc:297] OP[server:0x7fffb80045e0]:  SEND_MESSAGE:flags=0x00000000:len=267
I0428 14:18:47.428755 1503748 promise_based_filter.cc:2054] SVR[message_size:0x7fffb80045f8] StartBatch: have_promise=true recv_initial_state=COMPLETE send_trailing_state=INITIAL captured={}
I0428 14:18:47.428769 1503748 promise_based_filter.cc:365] SVR[message_size:0x7fffb80045f8] SendMessage.StartOp st=IDLE
I0428 14:18:47.428782 1503748 promise_based_filter.cc:2427] SVR[message_size:0x7fffb80045f8]: WakeInsideCombiner have_promise=true recv_initial_state=COMPLETE send_trailing_state=INITIAL captured={send_message}
I0428 14:18:47.428794 1503748 promise_based_filter.cc:507] SVR[message_size:0x7fffb80045f8] SendMessage.WakeInsideCombiner st=GOT_BATCH
I0428 14:18:47.428818 1503748 promise_based_filter.cc:554] SVR[message_size:0x7fffb80045f8] SendMessage.WakeInsideCombiner next complete, result.has_value=true
I0428 14:18:47.428833 1503748 promise_based_filter.cc:2469] SVR[message_size:0x7fffb80045f8]: After send_message WakeInsideCombiner have_promise=true recv_initial_state=COMPLETE send_trailing_state=INITIAL captured={} is_idle=true is_forwarded=true
I0428 14:18:47.428847 1503748 promise_based_filter.cc:811] SVR[message_size:0x7fffb80045f8] ReceiveMessage.WakeInsideCombiner st=IDLE push?=no next?=no allow_push_to_pipe=yes
I0428 14:18:47.428862 1503748 promise_based_filter.cc:2315] SVR[message_size:0x7fffb80045f8] PollTrailingMetadata: INITIAL
I0428 14:18:47.428874 1503748 promise_based_filter.cc:2494] SVR[message_size:0x7fffb80045f8]: WakeInsideCombiner poll=<<pending>>; send_initial_metadata=null send_trailing_metadata=INITIAL
I0428 14:18:47.428890 1503748 promise_based_filter.cc:325] FLUSHER:forward batch:  SEND_MESSAGE:flags=0x00000000:len=267
I0428 14:18:47.428902 1503748 channel_stack.cc:297] OP[message_size:0x7fffb80045f8]:  SEND_MESSAGE:flags=0x00000000:len=267
I0428 14:18:47.428915 1503748 promise_based_filter.cc:2054] SVR[http-server:0x7fffb8004610] StartBatch: have_promise=true recv_initial_state=COMPLETE send_trailing_state=INITIAL captured={} send_initial_metadata=FORWARDED
I0428 14:18:47.428929 1503748 promise_based_filter.cc:325] FLUSHER:forward batch:  SEND_MESSAGE:flags=0x00000000:len=267
I0428 14:18:47.428940 1503748 channel_stack.cc:297] OP[http-server:0x7fffb8004610]:  SEND_MESSAGE:flags=0x00000000:len=267
I0428 14:18:47.428953 1503748 promise_based_filter.cc:2054] SVR[compression:0x7fffb8004628] StartBatch: have_promise=true recv_initial_state=COMPLETE send_trailing_state=INITIAL captured={} send_initial_metadata=FORWARDED
I0428 14:18:47.428965 1503748 promise_based_filter.cc:365] SVR[compression:0x7fffb8004628] SendMessage.StartOp st=IDLE
I0428 14:18:47.428976 1503748 promise_based_filter.cc:2427] SVR[compression:0x7fffb8004628]: WakeInsideCombiner have_promise=true recv_initial_state=COMPLETE send_trailing_state=INITIAL captured={send_message} send_initial_metadata=FORWARDED
I0428 14:18:47.428988 1503748 promise_based_filter.cc:507] SVR[compression:0x7fffb8004628] SendMessage.WakeInsideCombiner st=GOT_BATCH
I0428 14:18:47.429010 1503748 promise_based_filter.cc:554] SVR[compression:0x7fffb8004628] SendMessage.WakeInsideCombiner next complete, result.has_value=true
I0428 14:18:47.429024 1503748 promise_based_filter.cc:2469] SVR[compression:0x7fffb8004628]: After send_message WakeInsideCombiner have_promise=true recv_initial_state=COMPLETE send_trailing_state=INITIAL captured={} send_initial_metadata=FORWARDED is_idle=true is_forwarded=true
I0428 14:18:47.429038 1503748 promise_based_filter.cc:811] SVR[compression:0x7fffb8004628] ReceiveMessage.WakeInsideCombiner st=IDLE push?=no next?=no allow_push_to_pipe=yes
I0428 14:18:47.429052 1503748 promise_based_filter.cc:2315] SVR[compression:0x7fffb8004628] PollTrailingMetadata: INITIAL
I0428 14:18:47.429063 1503748 promise_based_filter.cc:2494] SVR[compression:0x7fffb8004628]: WakeInsideCombiner poll=<<pending>>; send_initial_metadata=FORWARDED send_trailing_metadata=INITIAL
I0428 14:18:47.429077 1503748 promise_based_filter.cc:325] FLUSHER:forward batch:  SEND_MESSAGE:flags=0x00000000:len=267
I0428 14:18:47.429089 1503748 channel_stack.cc:297] OP[compression:0x7fffb8004628]:  SEND_MESSAGE:flags=0x00000000:len=267
I0428 14:18:47.429102 1503748 promise_based_filter.cc:2054] SVR[server-auth:0x7fffb8004640] StartBatch: have_promise=true recv_initial_state=COMPLETE send_trailing_state=INITIAL captured={}
I0428 14:18:47.429115 1503748 promise_based_filter.cc:325] FLUSHER:forward batch:  SEND_MESSAGE:flags=0x00000000:len=267
I0428 14:18:47.429126 1503748 channel_stack.cc:297] OP[server-auth:0x7fffb8004640]:  SEND_MESSAGE:flags=0x00000000:len=267
I0428 14:18:47.429138 1503748 promise_based_filter.cc:2054] SVR[server_call_tracer:0x7fffb8004658] StartBatch: have_promise=true recv_initial_state=COMPLETE send_trailing_state=INITIAL captured={} send_initial_metadata=FORWARDED
I0428 14:18:47.429151 1503748 promise_based_filter.cc:325] FLUSHER:forward batch:  SEND_MESSAGE:flags=0x00000000:len=267
I0428 14:18:47.429162 1503748 channel_stack.cc:297] OP[server_call_tracer:0x7fffb8004658]:  SEND_MESSAGE:flags=0x00000000:len=267
I0428 14:18:47.429178 1503748 promise_based_filter.cc:2427] SVR[message_size:0x7fffb80045f8]: WakeInsideCombiner have_promise=true recv_initial_state=COMPLETE send_trailing_state=INITIAL captured={}
I0428 14:18:47.429191 1503748 promise_based_filter.cc:507] SVR[message_size:0x7fffb80045f8] SendMessage.WakeInsideCombiner st=FORWARDED_BATCH
I0428 14:18:47.429203 1503748 promise_based_filter.cc:2469] SVR[message_size:0x7fffb80045f8]: After send_message WakeInsideCombiner have_promise=true recv_initial_state=COMPLETE send_trailing_state=INITIAL captured={} is_idle=true is_forwarded=true
I0428 14:18:47.429217 1503748 promise_based_filter.cc:811] SVR[message_size:0x7fffb80045f8] ReceiveMessage.WakeInsideCombiner st=IDLE push?=no next?=no allow_push_to_pipe=yes
I0428 14:18:47.429231 1503748 promise_based_filter.cc:2315] SVR[message_size:0x7fffb80045f8] PollTrailingMetadata: INITIAL
I0428 14:18:47.429242 1503748 promise_based_filter.cc:2494] SVR[message_size:0x7fffb80045f8]: WakeInsideCombiner poll=<<pending>>; send_initial_metadata=null send_trailing_metadata=INITIAL
I0428 14:18:47.429256 1503748 promise_based_filter.cc:2427] SVR[compression:0x7fffb8004628]: WakeInsideCombiner have_promise=true recv_initial_state=COMPLETE send_trailing_state=INITIAL captured={} send_initial_metadata=FORWARDED
I0428 14:18:47.429273 1503748 promise_based_filter.cc:507] SVR[compression:0x7fffb8004628] SendMessage.WakeInsideCombiner st=FORWARDED_BATCH
I0428 14:18:47.429285 1503748 promise_based_filter.cc:2469] SVR[compression:0x7fffb8004628]: After send_message WakeInsideCombiner have_promise=true recv_initial_state=COMPLETE send_trailing_state=INITIAL captured={} send_initial_metadata=FORWARDED is_idle=true is_forwarded=true
I0428 14:18:47.429300 1503748 promise_based_filter.cc:811] SVR[compression:0x7fffb8004628] ReceiveMessage.WakeInsideCombiner st=IDLE push?=no next?=no allow_push_to_pipe=yes
I0428 14:18:47.429314 1503748 promise_based_filter.cc:2315] SVR[compression:0x7fffb8004628] PollTrailingMetadata: INITIAL
I0428 14:18:47.429325 1503748 promise_based_filter.cc:2494] SVR[compression:0x7fffb8004628]: WakeInsideCombiner poll=<<pending>>; send_initial_metadata=FORWARDED send_trailing_metadata=INITIAL
I0428 14:18:47.429396 1503748 promise_based_filter.cc:437] SVR[compression:0x7fffb8004628] SendMessage.OnComplete st=FORWARDED_BATCH status=OK
I0428 14:18:47.429415 1503748 promise_based_filter.cc:2427] SVR[compression:0x7fffb8004628]: WakeInsideCombiner have_promise=true recv_initial_state=COMPLETE send_trailing_state=INITIAL captured={} send_initial_metadata=FORWARDED
I0428 14:18:47.429428 1503748 promise_based_filter.cc:507] SVR[compression:0x7fffb8004628] SendMessage.WakeInsideCombiner st=BATCH_COMPLETED status=OK
I0428 14:18:47.429441 1503748 promise_based_filter.cc:2469] SVR[compression:0x7fffb8004628]: After send_message WakeInsideCombiner have_promise=true recv_initial_state=COMPLETE send_trailing_state=INITIAL captured={} send_initial_metadata=FORWARDED is_idle=true is_forwarded=false
I0428 14:18:47.429457 1503748 promise_based_filter.cc:811] SVR[compression:0x7fffb8004628] ReceiveMessage.WakeInsideCombiner st=IDLE push?=no next?=no allow_push_to_pipe=yes
I0428 14:18:47.429471 1503748 promise_based_filter.cc:2315] SVR[compression:0x7fffb8004628] PollTrailingMetadata: INITIAL
I0428 14:18:47.429483 1503748 promise_based_filter.cc:2494] SVR[compression:0x7fffb8004628]: WakeInsideCombiner poll=<<pending>>; send_initial_metadata=FORWARDED send_trailing_metadata=INITIAL
I0428 14:18:47.429499 1503748 promise_based_filter.cc:437] SVR[message_size:0x7fffb80045f8] SendMessage.OnComplete st=FORWARDED_BATCH status=OK
I0428 14:18:47.429514 1503748 promise_based_filter.cc:2427] SVR[message_size:0x7fffb80045f8]: WakeInsideCombiner have_promise=true recv_initial_state=COMPLETE send_trailing_state=INITIAL captured={}
I0428 14:18:47.429527 1503748 promise_based_filter.cc:507] SVR[message_size:0x7fffb80045f8] SendMessage.WakeInsideCombiner st=BATCH_COMPLETED status=OK
I0428 14:18:47.429540 1503748 promise_based_filter.cc:2469] SVR[message_size:0x7fffb80045f8]: After send_message WakeInsideCombiner have_promise=true recv_initial_state=COMPLETE send_trailing_state=INITIAL captured={} is_idle=true is_forwarded=false
I0428 14:18:47.429554 1503748 promise_based_filter.cc:811] SVR[message_size:0x7fffb80045f8] ReceiveMessage.WakeInsideCombiner st=IDLE push?=no next?=no allow_push_to_pipe=yes
I0428 14:18:47.429571 1503748 promise_based_filter.cc:2315] SVR[message_size:0x7fffb80045f8] PollTrailingMetadata: INITIAL
I0428 14:18:47.429585 1503748 promise_based_filter.cc:2494] SVR[message_size:0x7fffb80045f8]: WakeInsideCombiner poll=<<pending>>; send_initial_metadata=null send_trailing_metadata=INITIAL
I0428 14:18:47.429541 1503736 promise_based_filter.cc:713] CLI[compression:0x7fffd80011c0] ReceiveMessage.OnComplete st=FORWARDED_BATCH status=OK
I0428 14:18:47.429616 1503748 promise_based_filter.cc:2427] SVR[compression:0x7fffb8004628]: WakeInsideCombiner have_promise=true recv_initial_state=COMPLETE send_trailing_state=INITIAL captured={} send_initial_metadata=FORWARDED
I0428 14:18:47.429616 1503736 promise_based_filter.cc:1031] CLI[compression:0x7fffd80011c0] ClientCallData.PollContext.Run has_promise=true sent_initial_state=FORWARDED recv_trailing_state=FORWARDED captured={} recv_initial_metadata=RESPONDED
I0428 14:18:47.429645 1503736 promise_based_filter.cc:507] CLI[compression:0x7fffd80011c0] SendMessage.WakeInsideCombiner st=IDLE
I0428 14:18:47.429632 1503748 promise_based_filter.cc:507] SVR[compression:0x7fffb8004628] SendMessage.WakeInsideCombiner st=IDLE
I0428 14:18:47.429662 1503736 promise_based_filter.cc:811] CLI[compression:0x7fffd80011c0] ReceiveMessage.WakeInsideCombiner st=BATCH_COMPLETED push?=no next?=no allow_push_to_pipe=yes
I0428 14:18:47.429672 1503748 promise_based_filter.cc:2469] SVR[compression:0x7fffb8004628]: After send_message WakeInsideCombiner have_promise=true recv_initial_state=COMPLETE send_trailing_state=INITIAL captured={} send_initial_metadata=FORWARDED is_idle=true is_forwarded=false
I0428 14:18:47.429671 1503733 xds_server.cc:313] ADS[0x55555833d1c0:Default Balancer]: reactor 0x7fffdc002210: OnWriteDone(true)
I0428 14:18:47.429688 1503748 promise_based_filter.cc:811] SVR[compression:0x7fffb8004628] ReceiveMessage.WakeInsideCombiner st=IDLE push?=no next?=no allow_push_to_pipe=yes
I0428 14:18:47.429724 1503748 promise_based_filter.cc:2315] SVR[compression:0x7fffb8004628] PollTrailingMetadata: INITIAL
I0428 14:18:47.429690 1503736 promise_based_filter.cc:901] CLI[compression:0x7fffd80011c0] ReceiveMessage.WakeInsideCombiner next complete: got message new_state=PULLED_FROM_PIPE
I0428 14:18:47.429738 1503748 promise_based_filter.cc:2494] SVR[compression:0x7fffb8004628]: WakeInsideCombiner poll=<<pending>>; send_initial_metadata=FORWARDED send_trailing_metadata=INITIAL
I0428 14:18:47.429751 1503736 promise_based_filter.cc:917] CLI[compression:0x7fffd80011c0] ReceiveMessage.WakeInsideCombiner push complete
I0428 14:18:47.429761 1503748 promise_based_filter.cc:2427] SVR[message_size:0x7fffb80045f8]: WakeInsideCombiner have_promise=true recv_initial_state=COMPLETE send_trailing_state=INITIAL captured={}
I0428 14:18:47.429773 1503736 promise_based_filter.cc:1115] CLI[compression:0x7fffd80011c0] ClientCallData.PollContext.Run: before calling poll; has_promise=true sent_initial_state=FORWARDED recv_trailing_state=FORWARDED captured={} recv_initial_metadata=RESPONDED
I0428 14:18:47.429778 1503748 promise_based_filter.cc:507] SVR[message_size:0x7fffb80045f8] SendMessage.WakeInsideCombiner st=IDLE
I0428 14:18:47.429798 1503736 promise_based_filter.cc:1756] CLI[compression:0x7fffd80011c0] ClientCallData.PollTrailingMetadata has_promise=true sent_initial_state=FORWARDED recv_trailing_state=FORWARDED captured={} recv_initial_metadata=RESPONDED
I0428 14:18:47.429806 1503748 promise_based_filter.cc:2469] SVR[message_size:0x7fffb80045f8]: After send_message WakeInsideCombiner have_promise=true recv_initial_state=COMPLETE send_trailing_state=INITIAL captured={} is_idle=true is_forwarded=false
I0428 14:18:47.429813 1503736 promise_based_filter.cc:1119] CLI[compression:0x7fffd80011c0] ClientCallData.PollContext.Run: poll=<<pending>>; has_promise=true sent_initial_state=FORWARDED recv_trailing_state=FORWARDED captured={} recv_initial_metadata=RESPONDED
I0428 14:18:47.429821 1503748 promise_based_filter.cc:811] SVR[message_size:0x7fffb80045f8] ReceiveMessage.WakeInsideCombiner st=IDLE push?=no next?=no allow_push_to_pipe=yes
I0428 14:18:47.429831 1503736 promise_based_filter.cc:713] CLI[message_size:0x7fffd8001190] ReceiveMessage.OnComplete st=FORWARDED_BATCH status=OK
I0428 14:18:47.429835 1503748 promise_based_filter.cc:2315] SVR[message_size:0x7fffb80045f8] PollTrailingMetadata: INITIAL
I0428 14:18:47.429849 1503736 promise_based_filter.cc:1031] CLI[message_size:0x7fffd8001190] ClientCallData.PollContext.Run has_promise=true sent_initial_state=FORWARDED recv_trailing_state=FORWARDED captured={}
I0428 14:18:47.429855 1503748 promise_based_filter.cc:2494] SVR[message_size:0x7fffb80045f8]: WakeInsideCombiner poll=<<pending>>; send_initial_metadata=null send_trailing_metadata=INITIAL
I0428 14:18:47.429862 1503736 promise_based_filter.cc:507] CLI[message_size:0x7fffd8001190] SendMessage.WakeInsideCombiner st=IDLE
I0428 14:18:47.429875 1503736 promise_based_filter.cc:811] CLI[message_size:0x7fffd8001190] ReceiveMessage.WakeInsideCombiner st=BATCH_COMPLETED push?=no next?=no allow_push_to_pipe=yes
I0428 14:18:47.429876 1503748 filter_stack_call.cc:296] OP[server:0x7fffb80045e0]:  RECV_MESSAGE
I0428 14:18:47.429900 1503736 promise_based_filter.cc:901] CLI[message_size:0x7fffd8001190] ReceiveMessage.WakeInsideCombiner next complete: got message new_state=PULLED_FROM_PIPE
I0428 14:18:47.429901 1503748 channel_stack.cc:297] OP[server:0x7fffb80045e0]:  RECV_MESSAGE
I0428 14:18:47.429917 1503736 promise_based_filter.cc:917] CLI[message_size:0x7fffd8001190] ReceiveMessage.WakeInsideCombiner push complete
I0428 14:18:47.429926 1503748 promise_based_filter.cc:2054] SVR[message_size:0x7fffb80045f8] StartBatch: have_promise=true recv_initial_state=COMPLETE send_trailing_state=INITIAL captured={}
I0428 14:18:47.429935 1503736 promise_based_filter.cc:1115] CLI[message_size:0x7fffd8001190] ClientCallData.PollContext.Run: before calling poll; has_promise=true sent_initial_state=FORWARDED recv_trailing_state=FORWARDED captured={}
I0428 14:18:47.429941 1503748 promise_based_filter.cc:638] SVR[message_size:0x7fffb80045f8] ReceiveMessage.StartOp st=IDLE
I0428 14:18:47.429952 1503736 promise_based_filter.cc:1756] CLI[message_size:0x7fffd8001190] ClientCallData.PollTrailingMetadata has_promise=true sent_initial_state=FORWARDED recv_trailing_state=FORWARDED captured={}
I0428 14:18:47.429966 1503748 promise_based_filter.cc:2427] SVR[message_size:0x7fffb80045f8]: WakeInsideCombiner have_promise=true recv_initial_state=COMPLETE send_trailing_state=INITIAL captured={}
I0428 14:18:47.429973 1503736 promise_based_filter.cc:1119] CLI[message_size:0x7fffd8001190] ClientCallData.PollContext.Run: poll=<<pending>>; has_promise=true sent_initial_state=FORWARDED recv_trailing_state=FORWARDED captured={}
I0428 14:18:47.429980 1503748 promise_based_filter.cc:507] SVR[message_size:0x7fffb80045f8] SendMessage.WakeInsideCombiner st=IDLE
I0428 14:18:47.429992 1503748 promise_based_filter.cc:2469] SVR[message_size:0x7fffb80045f8]: After send_message WakeInsideCombiner have_promise=true recv_initial_state=COMPLETE send_trailing_state=INITIAL captured={} is_idle=true is_forwarded=false
I0428 14:18:47.430006 1503748 promise_based_filter.cc:811] SVR[message_size:0x7fffb80045f8] ReceiveMessage.WakeInsideCombiner st=FORWARDED_BATCH push?=no next?=no allow_push_to_pipe=yes
I0428 14:18:47.430020 1503748 promise_based_filter.cc:2315] SVR[message_size:0x7fffb80045f8] PollTrailingMetadata: INITIAL
I0428 14:18:47.430031 1503748 promise_based_filter.cc:2494] SVR[message_size:0x7fffb80045f8]: WakeInsideCombiner poll=<<pending>>; send_initial_metadata=null send_trailing_metadata=INITIAL
I0428 14:18:47.430044 1503748 promise_based_filter.cc:325] FLUSHER:forward batch:  RECV_MESSAGE
I0428 14:18:47.430055 1503748 channel_stack.cc:297] OP[message_size:0x7fffb80045f8]:  RECV_MESSAGE
I0428 14:18:47.430066 1503748 promise_based_filter.cc:2054] SVR[http-server:0x7fffb8004610] StartBatch: have_promise=true recv_initial_state=COMPLETE send_trailing_state=INITIAL captured={} send_initial_metadata=FORWARDED
I0428 14:18:47.430078 1503748 promise_based_filter.cc:325] FLUSHER:forward batch:  RECV_MESSAGE
I0428 14:18:47.430088 1503748 channel_stack.cc:297] OP[http-server:0x7fffb8004610]:  RECV_MESSAGE
I0428 14:18:47.430099 1503748 promise_based_filter.cc:2054] SVR[compression:0x7fffb8004628] StartBatch: have_promise=true recv_initial_state=COMPLETE send_trailing_state=INITIAL captured={} send_initial_metadata=FORWARDED
I0428 14:18:47.430112 1503748 promise_based_filter.cc:638] SVR[compression:0x7fffb8004628] ReceiveMessage.StartOp st=IDLE
I0428 14:18:47.430123 1503748 promise_based_filter.cc:2427] SVR[compression:0x7fffb8004628]: WakeInsideCombiner have_promise=true recv_initial_state=COMPLETE send_trailing_state=INITIAL captured={} send_initial_metadata=FORWARDED
I0428 14:18:47.430135 1503748 promise_based_filter.cc:507] SVR[compression:0x7fffb8004628] SendMessage.WakeInsideCombiner st=IDLE
I0428 14:18:47.430142 1503736 promise_based_filter.cc:1031] CLI[compression:0x7fffd80011c0] ClientCallData.PollContext.Run has_promise=true sent_initial_state=FORWARDED recv_trailing_state=FORWARDED captured={} recv_initial_metadata=RESPONDED
I0428 14:18:47.430146 1503748 promise_based_filter.cc:2469] SVR[compression:0x7fffb8004628]: After send_message WakeInsideCombiner have_promise=true recv_initial_state=COMPLETE send_trailing_state=INITIAL captured={} send_initial_metadata=FORWARDED is_idle=true is_forwarded=false
I0428 14:18:47.430166 1503736 promise_based_filter.cc:507] CLI[compression:0x7fffd80011c0] SendMessage.WakeInsideCombiner st=IDLE
I0428 14:18:47.430178 1503748 promise_based_filter.cc:811] SVR[compression:0x7fffb8004628] ReceiveMessage.WakeInsideCombiner st=FORWARDED_BATCH push?=no next?=no allow_push_to_pipe=yes
I0428 14:18:47.430191 1503736 promise_based_filter.cc:811] CLI[compression:0x7fffd80011c0] ReceiveMessage.WakeInsideCombiner st=IDLE push?=no next?=no allow_push_to_pipe=yes
I0428 14:18:47.430201 1503748 promise_based_filter.cc:2315] SVR[compression:0x7fffb8004628] PollTrailingMetadata: INITIAL
I0428 14:18:47.430207 1503736 promise_based_filter.cc:1115] CLI[compression:0x7fffd80011c0] ClientCallData.PollContext.Run: before calling poll; has_promise=true sent_initial_state=FORWARDED recv_trailing_state=FORWARDED captured={} recv_initial_metadata=RESPONDED
I0428 14:18:47.430213 1503748 promise_based_filter.cc:2494] SVR[compression:0x7fffb8004628]: WakeInsideCombiner poll=<<pending>>; send_initial_metadata=FORWARDED send_trailing_metadata=INITIAL
I0428 14:18:47.430222 1503736 promise_based_filter.cc:1756] CLI[compression:0x7fffd80011c0] ClientCallData.PollTrailingMetadata has_promise=true sent_initial_state=FORWARDED recv_trailing_state=FORWARDED captured={} recv_initial_metadata=RESPONDED
I0428 14:18:47.430227 1503748 promise_based_filter.cc:325] FLUSHER:forward batch:  RECV_MESSAGE
I0428 14:18:47.430237 1503736 promise_based_filter.cc:1119] CLI[compression:0x7fffd80011c0] ClientCallData.PollContext.Run: poll=<<pending>>; has_promise=true sent_initial_state=FORWARDED recv_trailing_state=FORWARDED captured={} recv_initial_metadata=RESPONDED
I0428 14:18:47.430249 1503748 channel_stack.cc:297] OP[compression:0x7fffb8004628]:  RECV_MESSAGE
I0428 14:18:47.430262 1503736 promise_based_filter.cc:1031] CLI[message_size:0x7fffd8001190] ClientCallData.PollContext.Run has_promise=true sent_initial_state=FORWARDED recv_trailing_state=FORWARDED captured={}
I0428 14:18:47.430273 1503748 promise_based_filter.cc:2054] SVR[server-auth:0x7fffb8004640] StartBatch: have_promise=true recv_initial_state=COMPLETE send_trailing_state=INITIAL captured={}
I0428 14:18:47.430281 1503736 promise_based_filter.cc:507] CLI[message_size:0x7fffd8001190] SendMessage.WakeInsideCombiner st=IDLE
I0428 14:18:47.430287 1503748 promise_based_filter.cc:325] FLUSHER:forward batch:  RECV_MESSAGE
I0428 14:18:47.430304 1503748 channel_stack.cc:297] OP[server-auth:0x7fffb8004640]:  RECV_MESSAGE
I0428 14:18:47.430295 1503736 promise_based_filter.cc:811] CLI[message_size:0x7fffd8001190] ReceiveMessage.WakeInsideCombiner st=IDLE push?=no next?=no allow_push_to_pipe=yes
I0428 14:18:47.430319 1503748 promise_based_filter.cc:2054] SVR[server_call_tracer:0x7fffb8004658] StartBatch: have_promise=true recv_initial_state=COMPLETE send_trailing_state=INITIAL captured={} send_initial_metadata=FORWARDED
I0428 14:18:47.430329 1503736 promise_based_filter.cc:1115] CLI[message_size:0x7fffd8001190] ClientCallData.PollContext.Run: before calling poll; has_promise=true sent_initial_state=FORWARDED recv_trailing_state=FORWARDED captured={}
I0428 14:18:47.430341 1503748 promise_based_filter.cc:325] FLUSHER:forward batch:  RECV_MESSAGE
I0428 14:18:47.430349 1503736 promise_based_filter.cc:1756] CLI[message_size:0x7fffd8001190] ClientCallData.PollTrailingMetadata has_promise=true sent_initial_state=FORWARDED recv_trailing_state=FORWARDED captured={}
I0428 14:18:47.430361 1503748 channel_stack.cc:297] OP[server_call_tracer:0x7fffb8004658]:  RECV_MESSAGE
I0428 14:18:47.430370 1503736 promise_based_filter.cc:1119] CLI[message_size:0x7fffd8001190] ClientCallData.PollContext.Run: poll=<<pending>>; has_promise=true sent_initial_state=FORWARDED recv_trailing_state=FORWARDED captured={}
I0428 14:18:47.430385 1503736 filter_stack_call.cc:296] OP[client_idle:0x7fffec1a0770]:  SEND_MESSAGE:flags=0x00000000:len=92
I0428 14:18:47.430404 1503736 promise_based_filter.cc:1412] CLI[client_idle:0x7fffec1a0770] StartBatch has_promise=true sent_initial_state=FORWARDED recv_trailing_state=FORWARDED captured={}
I0428 14:18:47.430418 1503736 promise_based_filter.cc:325] FLUSHER:forward batch:  SEND_MESSAGE:flags=0x00000000:len=92
I0428 14:18:47.430431 1503736 channel_stack.cc:297] OP[client_idle:0x7fffec1a0770]:  SEND_MESSAGE:flags=0x00000000:len=92
I0428 14:18:47.430445 1503736 dynamic_filters.cc:76] OP[retry_filter:0x7fffbc000fd0]:  SEND_MESSAGE:flags=0x00000000:len=92
I0428 14:18:47.430460 1503736 client_channel_filter.cc:2593] chand=0x7fffec197270 lb_call=0x7fffbc002660: batch started from above:  SEND_MESSAGE:flags=0x00000000:len=92, call_attempt_tracer_=0
I0428 14:18:47.430476 1503736 subchannel.cc:333] OP[authority:0x7fffd8001160]:  SEND_MESSAGE:flags=0x00000000:len=92
I0428 14:18:47.430489 1503736 promise_based_filter.cc:1412] CLI[authority:0x7fffd8001160] StartBatch has_promise=true sent_initial_state=FORWARDED recv_trailing_state=FORWARDED captured={}
I0428 14:18:47.430502 1503736 promise_based_filter.cc:325] FLUSHER:forward batch:  SEND_MESSAGE:flags=0x00000000:len=92
I0428 14:18:47.430512 1503736 channel_stack.cc:297] OP[authority:0x7fffd8001160]:  SEND_MESSAGE:flags=0x00000000:len=92
I0428 14:18:47.430525 1503736 promise_based_filter.cc:1412] CLI[client-auth-filter:0x7fffd8001178] StartBatch has_promise=true sent_initial_state=FORWARDED recv_trailing_state=FORWARDED captured={}
I0428 14:18:47.430537 1503736 promise_based_filter.cc:325] FLUSHER:forward batch:  SEND_MESSAGE:flags=0x00000000:len=92
I0428 14:18:47.430548 1503736 channel_stack.cc:297] OP[client-auth-filter:0x7fffd8001178]:  SEND_MESSAGE:flags=0x00000000:len=92
I0428 14:18:47.430561 1503736 promise_based_filter.cc:1412] CLI[message_size:0x7fffd8001190] StartBatch has_promise=true sent_initial_state=FORWARDED recv_trailing_state=FORWARDED captured={}
I0428 14:18:47.430572 1503736 promise_based_filter.cc:365] CLI[message_size:0x7fffd8001190] SendMessage.StartOp st=IDLE
I0428 14:18:47.430584 1503736 promise_based_filter.cc:1031] CLI[message_size:0x7fffd8001190] ClientCallData.PollContext.Run has_promise=true sent_initial_state=FORWARDED recv_trailing_state=FORWARDED captured={send_message}
I0428 14:18:47.430599 1503736 promise_based_filter.cc:507] CLI[message_size:0x7fffd8001190] SendMessage.WakeInsideCombiner st=GOT_BATCH
I0428 14:18:47.430620 1503736 promise_based_filter.cc:554] CLI[message_size:0x7fffd8001190] SendMessage.WakeInsideCombiner next complete, result.has_value=true
I0428 14:18:47.430634 1503736 promise_based_filter.cc:811] CLI[message_size:0x7fffd8001190] ReceiveMessage.WakeInsideCombiner st=IDLE push?=no next?=no allow_push_to_pipe=yes
I0428 14:18:47.430648 1503736 promise_based_filter.cc:1115] CLI[message_size:0x7fffd8001190] ClientCallData.PollContext.Run: before calling poll; has_promise=true sent_initial_state=FORWARDED recv_trailing_state=FORWARDED captured={}
I0428 14:18:47.430660 1503736 promise_based_filter.cc:1756] CLI[message_size:0x7fffd8001190] ClientCallData.PollTrailingMetadata has_promise=true sent_initial_state=FORWARDED recv_trailing_state=FORWARDED captured={}
I0428 14:18:47.430671 1503736 promise_based_filter.cc:1119] CLI[message_size:0x7fffd8001190] ClientCallData.PollContext.Run: poll=<<pending>>; has_promise=true sent_initial_state=FORWARDED recv_trailing_state=FORWARDED captured={}
I0428 14:18:47.430685 1503736 promise_based_filter.cc:325] FLUSHER:forward batch:  SEND_MESSAGE:flags=0x00000000:len=92
I0428 14:18:47.430697 1503736 channel_stack.cc:297] OP[message_size:0x7fffd8001190]:  SEND_MESSAGE:flags=0x00000000:len=92
I0428 14:18:47.430709 1503736 promise_based_filter.cc:1412] CLI[http-client:0x7fffd80011a8] StartBatch has_promise=true sent_initial_state=FORWARDED recv_trailing_state=FORWARDED captured={} recv_initial_metadata=RESPONDED
I0428 14:18:47.430722 1503736 promise_based_filter.cc:325] FLUSHER:forward batch:  SEND_MESSAGE:flags=0x00000000:len=92
I0428 14:18:47.430733 1503736 channel_stack.cc:297] OP[http-client:0x7fffd80011a8]:  SEND_MESSAGE:flags=0x00000000:len=92
I0428 14:18:47.430745 1503736 promise_based_filter.cc:1412] CLI[compression:0x7fffd80011c0] StartBatch has_promise=true sent_initial_state=FORWARDED recv_trailing_state=FORWARDED captured={} recv_initial_metadata=RESPONDED
I0428 14:18:47.430757 1503736 promise_based_filter.cc:365] CLI[compression:0x7fffd80011c0] SendMessage.StartOp st=IDLE
I0428 14:18:47.430770 1503736 promise_based_filter.cc:1031] CLI[compression:0x7fffd80011c0] ClientCallData.PollContext.Run has_promise=true sent_initial_state=FORWARDED recv_trailing_state=FORWARDED captured={send_message} recv_initial_metadata=RESPONDED
I0428 14:18:47.430791 1503736 promise_based_filter.cc:507] CLI[compression:0x7fffd80011c0] SendMessage.WakeInsideCombiner st=GOT_BATCH
I0428 14:18:47.430816 1503736 promise_based_filter.cc:554] CLI[compression:0x7fffd80011c0] SendMessage.WakeInsideCombiner next complete, result.has_value=true
I0428 14:18:47.430835 1503736 promise_based_filter.cc:811] CLI[compression:0x7fffd80011c0] ReceiveMessage.WakeInsideCombiner st=IDLE push?=no next?=no allow_push_to_pipe=yes
I0428 14:18:47.430855 1503736 promise_based_filter.cc:1115] CLI[compression:0x7fffd80011c0] ClientCallData.PollContext.Run: before calling poll; has_promise=true sent_initial_state=FORWARDED recv_trailing_state=FORWARDED captured={} recv_initial_metadata=RESPONDED
I0428 14:18:47.430868 1503736 promise_based_filter.cc:1756] CLI[compression:0x7fffd80011c0] ClientCallData.PollTrailingMetadata has_promise=true sent_initial_state=FORWARDED recv_trailing_state=FORWARDED captured={} recv_initial_metadata=RESPONDED
I0428 14:18:47.430880 1503736 promise_based_filter.cc:1119] CLI[compression:0x7fffd80011c0] ClientCallData.PollContext.Run: poll=<<pending>>; has_promise=true sent_initial_state=FORWARDED recv_trailing_state=FORWARDED captured={} recv_initial_metadata=RESPONDED
I0428 14:18:47.430894 1503736 promise_based_filter.cc:325] FLUSHER:forward batch:  SEND_MESSAGE:flags=0x00000000:len=92
I0428 14:18:47.430906 1503736 channel_stack.cc:297] OP[compression:0x7fffd80011c0]:  SEND_MESSAGE:flags=0x00000000:len=92
I0428 14:18:47.430924 1503736 promise_based_filter.cc:1031] CLI[message_size:0x7fffd8001190] ClientCallData.PollContext.Run has_promise=true sent_initial_state=FORWARDED recv_trailing_state=FORWARDED captured={}
I0428 14:18:47.430936 1503736 promise_based_filter.cc:507] CLI[message_size:0x7fffd8001190] SendMessage.WakeInsideCombiner st=FORWARDED_BATCH
I0428 14:18:47.430948 1503736 promise_based_filter.cc:811] CLI[message_size:0x7fffd8001190] ReceiveMessage.WakeInsideCombiner st=IDLE push?=no next?=no allow_push_to_pipe=yes
I0428 14:18:47.430962 1503736 promise_based_filter.cc:1115] CLI[message_size:0x7fffd8001190] ClientCallData.PollContext.Run: before calling poll; has_promise=true sent_initial_state=FORWARDED recv_trailing_state=FORWARDED captured={}
I0428 14:18:47.430973 1503736 promise_based_filter.cc:1756] CLI[message_size:0x7fffd8001190] ClientCallData.PollTrailingMetadata has_promise=true sent_initial_state=FORWARDED recv_trailing_state=FORWARDED captured={}
I0428 14:18:47.430985 1503736 promise_based_filter.cc:1119] CLI[message_size:0x7fffd8001190] ClientCallData.PollContext.Run: poll=<<pending>>; has_promise=true sent_initial_state=FORWARDED recv_trailing_state=FORWARDED captured={}
I0428 14:18:47.430998 1503736 promise_based_filter.cc:1031] CLI[compression:0x7fffd80011c0] ClientCallData.PollContext.Run has_promise=true sent_initial_state=FORWARDED recv_trailing_state=FORWARDED captured={} recv_initial_metadata=RESPONDED
I0428 14:18:47.431009 1503736 promise_based_filter.cc:507] CLI[compression:0x7fffd80011c0] SendMessage.WakeInsideCombiner st=FORWARDED_BATCH
I0428 14:18:47.431021 1503736 promise_based_filter.cc:811] CLI[compression:0x7fffd80011c0] ReceiveMessage.WakeInsideCombiner st=IDLE push?=no next?=no allow_push_to_pipe=yes
I0428 14:18:47.431034 1503736 promise_based_filter.cc:1115] CLI[compression:0x7fffd80011c0] ClientCallData.PollContext.Run: before calling poll; has_promise=true sent_initial_state=FORWARDED recv_trailing_state=FORWARDED captured={} recv_initial_metadata=RESPONDED
I0428 14:18:47.431046 1503736 promise_based_filter.cc:1756] CLI[compression:0x7fffd80011c0] ClientCallData.PollTrailingMetadata has_promise=true sent_initial_state=FORWARDED recv_trailing_state=FORWARDED captured={} recv_initial_metadata=RESPONDED
I0428 14:18:47.431057 1503736 promise_based_filter.cc:1119] CLI[compression:0x7fffd80011c0] ClientCallData.PollContext.Run: poll=<<pending>>; has_promise=true sent_initial_state=FORWARDED recv_trailing_state=FORWARDED captured={} recv_initial_metadata=RESPONDED
I0428 14:18:47.431125 1503736 promise_based_filter.cc:437] CLI[compression:0x7fffd80011c0] SendMessage.OnComplete st=FORWARDED_BATCH status=OK
I0428 14:18:47.431149 1503736 promise_based_filter.cc:1031] CLI[compression:0x7fffd80011c0] ClientCallData.PollContext.Run has_promise=true sent_initial_state=FORWARDED recv_trailing_state=FORWARDED captured={} recv_initial_metadata=RESPONDED
I0428 14:18:47.431161 1503736 promise_based_filter.cc:507] CLI[compression:0x7fffd80011c0] SendMessage.WakeInsideCombiner st=BATCH_COMPLETED status=OK
I0428 14:18:47.431173 1503736 promise_based_filter.cc:811] CLI[compression:0x7fffd80011c0] ReceiveMessage.WakeInsideCombiner st=IDLE push?=no next?=no allow_push_to_pipe=yes
I0428 14:18:47.431187 1503736 promise_based_filter.cc:1115] CLI[compression:0x7fffd80011c0] ClientCallData.PollContext.Run: before calling poll; has_promise=true sent_initial_state=FORWARDED recv_trailing_state=FORWARDED captured={} recv_initial_metadata=RESPONDED
I0428 14:18:47.431200 1503736 promise_based_filter.cc:1756] CLI[compression:0x7fffd80011c0] ClientCallData.PollTrailingMetadata has_promise=true sent_initial_state=FORWARDED recv_trailing_state=FORWARDED captured={} recv_initial_metadata=RESPONDED
I0428 14:18:47.431212 1503736 promise_based_filter.cc:1119] CLI[compression:0x7fffd80011c0] ClientCallData.PollContext.Run: poll=<<pending>>; has_promise=true sent_initial_state=FORWARDED recv_trailing_state=FORWARDED captured={} recv_initial_metadata=RESPONDED
I0428 14:18:47.431226 1503736 promise_based_filter.cc:437] CLI[message_size:0x7fffd8001190] SendMessage.OnComplete st=FORWARDED_BATCH status=OK
I0428 14:18:47.431239 1503736 promise_based_filter.cc:1031] CLI[message_size:0x7fffd8001190] ClientCallData.PollContext.Run has_promise=true sent_initial_state=FORWARDED recv_trailing_state=FORWARDED captured={}
I0428 14:18:47.431250 1503736 promise_based_filter.cc:507] CLI[message_size:0x7fffd8001190] SendMessage.WakeInsideCombiner st=BATCH_COMPLETED status=OK
I0428 14:18:47.431262 1503736 promise_based_filter.cc:811] CLI[message_size:0x7fffd8001190] ReceiveMessage.WakeInsideCombiner st=IDLE push?=no next?=no allow_push_to_pipe=yes
I0428 14:18:47.431254 1503732 promise_based_filter.cc:713] SVR[compression:0x7fffb8004628] ReceiveMessage.OnComplete st=FORWARDED_BATCH status=OK
I0428 14:18:47.431276 1503736 promise_based_filter.cc:1115] CLI[message_size:0x7fffd8001190] ClientCallData.PollContext.Run: before calling poll; has_promise=true sent_initial_state=FORWARDED recv_trailing_state=FORWARDED captured={}
I0428 14:18:47.431301 1503732 promise_based_filter.cc:2427] SVR[compression:0x7fffb8004628]: WakeInsideCombiner have_promise=true recv_initial_state=COMPLETE send_trailing_state=INITIAL captured={} send_initial_metadata=FORWARDED
I0428 14:18:47.431317 1503736 promise_based_filter.cc:1756] CLI[message_size:0x7fffd8001190] ClientCallData.PollTrailingMetadata has_promise=true sent_initial_state=FORWARDED recv_trailing_state=FORWARDED captured={}
I0428 14:18:47.431326 1503732 promise_based_filter.cc:507] SVR[compression:0x7fffb8004628] SendMessage.WakeInsideCombiner st=IDLE
I0428 14:18:47.431334 1503736 promise_based_filter.cc:1119] CLI[message_size:0x7fffd8001190] ClientCallData.PollContext.Run: poll=<<pending>>; has_promise=true sent_initial_state=FORWARDED recv_trailing_state=FORWARDED captured={}
I0428 14:18:47.431338 1503732 promise_based_filter.cc:2469] SVR[compression:0x7fffb8004628]: After send_message WakeInsideCombiner have_promise=true recv_initial_state=COMPLETE send_trailing_state=INITIAL captured={} send_initial_metadata=FORWARDED is_idle=true is_forwarded=false
I0428 14:18:47.431352 1503732 promise_based_filter.cc:811] SVR[compression:0x7fffb8004628] ReceiveMessage.WakeInsideCombiner st=BATCH_COMPLETED push?=no next?=no allow_push_to_pipe=yes
I0428 14:18:47.431357 1503736 promise_based_filter.cc:1031] CLI[compression:0x7fffd80011c0] ClientCallData.PollContext.Run has_promise=true sent_initial_state=FORWARDED recv_trailing_state=FORWARDED captured={} recv_initial_metadata=RESPONDED
I0428 14:18:47.431379 1503736 promise_based_filter.cc:507] CLI[compression:0x7fffd80011c0] SendMessage.WakeInsideCombiner st=IDLE
I0428 14:18:47.431383 1503732 promise_based_filter.cc:901] SVR[compression:0x7fffb8004628] ReceiveMessage.WakeInsideCombiner next complete: got message new_state=PULLED_FROM_PIPE
I0428 14:18:47.431392 1503736 promise_based_filter.cc:811] CLI[compression:0x7fffd80011c0] ReceiveMessage.WakeInsideCombiner st=IDLE push?=no next?=no allow_push_to_pipe=yes
I0428 14:18:47.431402 1503732 promise_based_filter.cc:917] SVR[compression:0x7fffb8004628] ReceiveMessage.WakeInsideCombiner push complete
I0428 14:18:47.431407 1503736 promise_based_filter.cc:1115] CLI[compression:0x7fffd80011c0] ClientCallData.PollContext.Run: before calling poll; has_promise=true sent_initial_state=FORWARDED recv_trailing_state=FORWARDED captured={} recv_initial_metadata=RESPONDED
I0428 14:18:47.431416 1503732 promise_based_filter.cc:2315] SVR[compression:0x7fffb8004628] PollTrailingMetadata: INITIAL
I0428 14:18:47.431428 1503732 promise_based_filter.cc:2494] SVR[compression:0x7fffb8004628]: WakeInsideCombiner poll=<<pending>>; send_initial_metadata=FORWARDED send_trailing_metadata=INITIAL
I0428 14:18:47.431423 1503736 promise_based_filter.cc:1756] CLI[compression:0x7fffd80011c0] ClientCallData.PollTrailingMetadata has_promise=true sent_initial_state=FORWARDED recv_trailing_state=FORWARDED captured={} recv_initial_metadata=RESPONDED
I0428 14:18:47.431448 1503732 promise_based_filter.cc:713] SVR[message_size:0x7fffb80045f8] ReceiveMessage.OnComplete st=FORWARDED_BATCH status=OK
I0428 14:18:47.431460 1503736 promise_based_filter.cc:1119] CLI[compression:0x7fffd80011c0] ClientCallData.PollContext.Run: poll=<<pending>>; has_promise=true sent_initial_state=FORWARDED recv_trailing_state=FORWARDED captured={} recv_initial_metadata=RESPONDED
I0428 14:18:47.431490 1503736 promise_based_filter.cc:1031] CLI[message_size:0x7fffd8001190] ClientCallData.PollContext.Run has_promise=true sent_initial_state=FORWARDED recv_trailing_state=FORWARDED captured={}
I0428 14:18:47.431468 1503732 promise_based_filter.cc:2427] SVR[message_size:0x7fffb80045f8]: WakeInsideCombiner have_promise=true recv_initial_state=COMPLETE send_trailing_state=INITIAL captured={}
I0428 14:18:47.431511 1503736 promise_based_filter.cc:507] CLI[message_size:0x7fffd8001190] SendMessage.WakeInsideCombiner st=IDLE
I0428 14:18:47.431520 1503732 promise_based_filter.cc:507] SVR[message_size:0x7fffb80045f8] SendMessage.WakeInsideCombiner st=IDLE
I0428 14:18:47.431525 1503736 promise_based_filter.cc:811] CLI[message_size:0x7fffd8001190] ReceiveMessage.WakeInsideCombiner st=IDLE push?=no next?=no allow_push_to_pipe=yes
I0428 14:18:47.431535 1503732 promise_based_filter.cc:2469] SVR[message_size:0x7fffb80045f8]: After send_message WakeInsideCombiner have_promise=true recv_initial_state=COMPLETE send_trailing_state=INITIAL captured={} is_idle=true is_forwarded=false
I0428 14:18:47.431504 1503743 dynamic_filters.cc:76] OP[ext_proc:0x7fffc8001190]:  SEND_INITIAL_METADATA{:path: /grpc.testing.EchoTestService/Echo, grpc-timeout: @6143ms, GrpcRegisteredMethod: 0x1, WaitForReady: false} SEND_MESSAGE:flags=0x00000000:len=24 SEND_TRAILING_METADATA{} RECV_INITIAL_METADATA RECV_MESSAGE RECV_TRAILING_METADATA
I0428 14:18:47.431538 1503736 promise_based_filter.cc:1115] CLI[message_size:0x7fffd8001190] ClientCallData.PollContext.Run: before calling poll; has_promise=true sent_initial_state=FORWARDED recv_trailing_state=FORWARDED captured={}
I0428 14:18:47.431553 1503732 promise_based_filter.cc:811] SVR[message_size:0x7fffb80045f8] ReceiveMessage.WakeInsideCombiner st=BATCH_COMPLETED push?=no next?=no allow_push_to_pipe=yes
I0428 14:18:47.431643 1503732 promise_based_filter.cc:901] SVR[message_size:0x7fffb80045f8] ReceiveMessage.WakeInsideCombiner next complete: got message new_state=PULLED_FROM_PIPE
I0428 14:18:47.431656 1503736 promise_based_filter.cc:1756] CLI[message_size:0x7fffd8001190] ClientCallData.PollTrailingMetadata has_promise=true sent_initial_state=FORWARDED recv_trailing_state=FORWARDED captured={}
I0428 14:18:47.431642 1503743 promise_based_filter.cc:1412] CLI[ext_proc:0x7fffc8001190] StartBatch has_promise=false sent_initial_state=INITIAL recv_trailing_state=INITIAL captured={} recv_initial_metadata=INITIAL
I0428 14:18:47.431662 1503732 promise_based_filter.cc:917] SVR[message_size:0x7fffb80045f8] ReceiveMessage.WakeInsideCombiner push complete
I0428 14:18:47.431688 1503743 promise_based_filter.cc:365] CLI[ext_proc:0x7fffc8001190] SendMessage.StartOp st=INITIAL
I0428 14:18:47.431674 1503736 promise_based_filter.cc:1119] CLI[message_size:0x7fffd8001190] ClientCallData.PollContext.Run: poll=<<pending>>; has_promise=true sent_initial_state=FORWARDED recv_trailing_state=FORWARDED captured={}
I0428 14:18:47.431702 1503743 promise_based_filter.cc:638] CLI[ext_proc:0x7fffc8001190] ReceiveMessage.StartOp st=INITIAL
I0428 14:18:47.431699 1503732 promise_based_filter.cc:2315] SVR[message_size:0x7fffb80045f8] PollTrailingMetadata: INITIAL
I0428 14:18:47.431712 1503736 filter_stack_call.cc:296] OP[client_idle:0x7fffec1a0770]:  RECV_MESSAGE
I0428 14:18:47.431719 1503732 promise_based_filter.cc:2494] SVR[message_size:0x7fffb80045f8]: WakeInsideCombiner poll=<<pending>>; send_initial_metadata=null send_trailing_metadata=INITIAL
I0428 14:18:47.431727 1503736 promise_based_filter.cc:1412] CLI[client_idle:0x7fffec1a0770] StartBatch has_promise=true sent_initial_state=FORWARDED recv_trailing_state=FORWARDED captured={}
I0428 14:18:47.431740 1503736 promise_based_filter.cc:325] FLUSHER:forward batch:  RECV_MESSAGE
I0428 14:18:47.431737 1503743 ext_proc_filter.cc:221] ExtProc: InterceptCall promise chain start
I0428 14:18:47.431750 1503736 channel_stack.cc:297] OP[client_idle:0x7fffec1a0770]:  RECV_MESSAGE
I0428 14:18:47.431755 1503732 promise_based_filter.cc:2427] SVR[compression:0x7fffb8004628]: WakeInsideCombiner have_promise=true recv_initial_state=COMPLETE send_trailing_state=INITIAL captured={} send_initial_metadata=FORWARDED
I0428 14:18:47.431762 1503736 dynamic_filters.cc:76] OP[retry_filter:0x7fffbc000fd0]:  RECV_MESSAGE
I0428 14:18:47.431770 1503732 promise_based_filter.cc:507] SVR[compression:0x7fffb8004628] SendMessage.WakeInsideCombiner st=IDLE
I0428 14:18:47.431776 1503736 client_channel_filter.cc:2593] chand=0x7fffec197270 lb_call=0x7fffbc002660: batch started from above:  RECV_MESSAGE, call_attempt_tracer_=0
I0428 14:18:47.431784 1503732 promise_based_filter.cc:2469] SVR[compression:0x7fffb8004628]: After send_message WakeInsideCombiner have_promise=true recv_initial_state=COMPLETE send_trailing_state=INITIAL captured={} send_initial_metadata=FORWARDED is_idle=true is_forwarded=false
I0428 14:18:47.431759 1503743 ext_proc_filter.cc:226] ExtProc: Client initial metadata received:
:path: /grpc.testing.EchoTestService/Echo, grpc-timeout: @6143ms, GrpcRegisteredMethod: 0x1, WaitForReady: false
I0428 14:18:47.431801 1503732 promise_based_filter.cc:811] SVR[compression:0x7fffb8004628] ReceiveMessage.WakeInsideCombiner st=IDLE push?=no next?=no allow_push_to_pipe=yes
I0428 14:18:47.431794 1503736 subchannel.cc:333] OP[authority:0x7fffd8001160]:  RECV_MESSAGE
I0428 14:18:47.431802 1503744 xds_server.cc:141] ADS[0x55555833d1c0:Default Balancer]: reactor 0x7fffdc002210: OnReadDone(true)
I0428 14:18:47.431824 1503736 promise_based_filter.cc:1412] CLI[authority:0x7fffd8001160] StartBatch has_promise=true sent_initial_state=FORWARDED recv_trailing_state=FORWARDED captured={}
I0428 14:18:47.431836 1503743 ext_proc_filter.cc:237] ExtProc: server_to_client task started
I0428 14:18:47.431818 1503732 promise_based_filter.cc:2315] SVR[compression:0x7fffb8004628] PollTrailingMetadata: INITIAL
I0428 14:18:47.431850 1503736 promise_based_filter.cc:325] FLUSHER:forward batch:  RECV_MESSAGE
I0428 14:18:47.431866 1503743 promise_based_filter.cc:1031] CLI[ext_proc:0x7fffc8001190] ClientCallData.PollContext.Run has_promise=true sent_initial_state=QUEUED recv_trailing_state=QUEUED captured={send_initial_metadata,send_message} recv_initial_metadata=HOOKED_WAITING_FOR_PIPE
I0428 14:18:47.431862 1503732 promise_based_filter.cc:2494] SVR[compression:0x7fffb8004628]: WakeInsideCombiner poll=<<pending>>; send_initial_metadata=FORWARDED send_trailing_metadata=INITIAL
I0428 14:18:47.431879 1503736 channel_stack.cc:297] OP[authority:0x7fffd8001160]:  RECV_MESSAGE
I0428 14:18:47.431843 1503744 xds_server.cc:151] ADS[0x55555833d1c0:Default Balancer]: reactor 0x7fffdc002210: Received request for type type.googleapis.com/envoy.config.endpoint.v3.ClusterLoadAssignment with content goo.gle/debugonly    
version_info: "1"
resource_names: "eds_service_name"
type_url: "type.googleapis.com/envoy.config.endpoint.v3.ClusterLoadAssignment"
response_nonce: "1"

I0428 14:18:47.431903 1503736 promise_based_filter.cc:1412] CLI[client-auth-filter:0x7fffd8001178] StartBatch has_promise=true sent_initial_state=FORWARDED recv_trailing_state=FORWARDED captured={}
I0428 14:18:47.431915 1503744 xds_server.cc:174] ADS[0x55555833d1c0:Default Balancer]: reactor 0x7fffdc002210: client ACKed resource_type=type.googleapis.com/envoy.config.endpoint.v3.ClusterLoadAssignment version=1
I0428 14:18:47.431926 1503736 promise_based_filter.cc:325] FLUSHER:forward batch:  RECV_MESSAGE
I0428 14:18:47.431896 1503732 promise_based_filter.cc:2427] SVR[message_size:0x7fffb80045f8]: WakeInsideCombiner have_promise=true recv_initial_state=COMPLETE send_trailing_state=INITIAL captured={}
I0428 14:18:47.431948 1503744 xds_server.cc:252] ADS[0x55555833d1c0:Default Balancer]: reactor 0x7fffdc002210: MaybeStartWrite(type.googleapis.com/envoy.config.endpoint.v3.ClusterLoadAssignment)
I0428 14:18:47.431886 1503743 promise_based_filter.cc:507] CLI[ext_proc:0x7fffc8001190] SendMessage.WakeInsideCombiner st=GOT_BATCH_NO_PIPE
I0428 14:18:47.431945 1503736 channel_stack.cc:297] OP[client-auth-filter:0x7fffd8001178]:  RECV_MESSAGE
I0428 14:18:47.431961 1503732 promise_based_filter.cc:507] SVR[message_size:0x7fffb80045f8] SendMessage.WakeInsideCombiner st=IDLE
I0428 14:18:47.431982 1503743 promise_based_filter.cc:811] CLI[ext_proc:0x7fffc8001190] ReceiveMessage.WakeInsideCombiner st=FORWARDED_BATCH_NO_PIPE push?=no next?=no allow_push_to_pipe=no
I0428 14:18:47.432005 1503732 promise_based_filter.cc:2469] SVR[message_size:0x7fffb80045f8]: After send_message WakeInsideCombiner have_promise=true recv_initial_state=COMPLETE send_trailing_state=INITIAL captured={} is_idle=true is_forwarded=false
I0428 14:18:47.431966 1503744 xds_server.cc:258] ADS[0x55555833d1c0:Default Balancer]: reactor 0x7fffdc002210: Constructing response
I0428 14:18:47.432025 1503732 promise_based_filter.cc:811] SVR[message_size:0x7fffb80045f8] ReceiveMessage.WakeInsideCombiner st=IDLE push?=no next?=no allow_push_to_pipe=yes
I0428 14:18:47.432014 1503743 promise_based_filter.cc:1115] CLI[ext_proc:0x7fffc8001190] ClientCallData.PollContext.Run: before calling poll; has_promise=true sent_initial_state=QUEUED recv_trailing_state=QUEUED captured={send_initial_metadata,send_message} recv_initial_metadata=HOOKED_WAITING_FOR_PIPE
I0428 14:18:47.431995 1503736 promise_based_filter.cc:1412] CLI[message_size:0x7fffd8001190] StartBatch has_promise=true sent_initial_state=FORWARDED recv_trailing_state=FORWARDED captured={}
I0428 14:18:47.432039 1503744 xds_server.cc:289] ADS[0x55555833d1c0:Default Balancer]: reactor 0x7fffdc002210: client does not need update for: eds_service_name
I0428 14:18:47.432044 1503732 promise_based_filter.cc:2315] SVR[message_size:0x7fffb80045f8] PollTrailingMetadata: INITIAL
I0428 14:18:47.432113 1503736 promise_based_filter.cc:638] CLI[message_size:0x7fffd8001190] ReceiveMessage.StartOp st=IDLE
I0428 14:18:47.432111 1503732 promise_based_filter.cc:2494] SVR[message_size:0x7fffb80045f8]: WakeInsideCombiner poll=<<pending>>; send_initial_metadata=null send_trailing_metadata=INITIAL
I0428 14:18:47.432128 1503736 promise_based_filter.cc:1031] CLI[message_size:0x7fffd8001190] ClientCallData.PollContext.Run has_promise=true sent_initial_state=FORWARDED recv_trailing_state=FORWARDED captured={}
I0428 14:18:47.432145 1503736 promise_based_filter.cc:507] CLI[message_size:0x7fffd8001190] SendMessage.WakeInsideCombiner st=IDLE
I0428 14:18:47.432166 1503744 xds_server.cc:295] ADS[0x55555833d1c0:Default Balancer]: reactor 0x7fffdc002210: no resources to send for type=type.googleapis.com/envoy.config.endpoint.v3.ClusterLoadAssignment
I0428 14:18:47.432162 1503736 promise_based_filter.cc:811] CLI[message_size:0x7fffd8001190] ReceiveMessage.WakeInsideCombiner st=FORWARDED_BATCH push?=no next?=no allow_push_to_pipe=yes
I0428 14:18:47.432178 1503743 promise_based_filter.cc:1695] CLI[ext_proc:0x7fffc8001190] ClientCallData.MakeNextPromise has_promise=true sent_initial_state=QUEUED recv_trailing_state=QUEUED captured={send_initial_metadata,send_message} recv_initial_metadata=HOOKED_WAITING_FOR_PIPE
I0428 14:18:47.432195 1503736 promise_based_filter.cc:1115] CLI[message_size:0x7fffd8001190] ClientCallData.PollContext.Run: before calling poll; has_promise=true sent_initial_state=FORWARDED recv_trailing_state=FORWARDED captured={}
I0428 14:18:47.432208 1503743 promise_based_filter.cc:391] CLI[ext_proc:0x7fffc8001190] SendMessage.GotPipe st=GOT_BATCH_NO_PIPE
I0428 14:18:47.432190 1503744 filter_stack_call.cc:296] OP[server:0x7fffb80045e0]:  RECV_MESSAGE
I0428 14:18:47.432224 1503743 promise_based_filter.cc:678] CLI[ext_proc:0x7fffc8001190] ReceiveMessage.GotPipe st=FORWARDED_BATCH_NO_PIPE
I0428 14:18:47.432224 1503736 promise_based_filter.cc:1756] CLI[message_size:0x7fffd8001190] ClientCallData.PollTrailingMetadata has_promise=true sent_initial_state=FORWARDED recv_trailing_state=FORWARDED captured={}
I0428 14:18:47.432239 1503743 promise_based_filter.cc:1756] CLI[ext_proc:0x7fffc8001190] ClientCallData.PollTrailingMetadata has_promise=true sent_initial_state=QUEUED recv_trailing_state=QUEUED captured={send_initial_metadata,send_message} recv_initial_metadata=HOOKED_AND_GOT_PIPE
I0428 14:18:47.432231 1503744 channel_stack.cc:297] OP[server:0x7fffb80045e0]:  RECV_MESSAGE
I0428 14:18:47.432256 1503743 promise_based_filter.cc:1119] CLI[ext_proc:0x7fffc8001190] ClientCallData.PollContext.Run: poll=<<pending>>; has_promise=true sent_initial_state=FORWARDED recv_trailing_state=FORWARDED captured={send_message} recv_initial_metadata=HOOKED_AND_GOT_PIPE
I0428 14:18:47.432265 1503744 promise_based_filter.cc:2054] SVR[message_size:0x7fffb80045f8] StartBatch: have_promise=true recv_initial_state=COMPLETE send_trailing_state=INITIAL captured={}
I0428 14:18:47.432248 1503736 promise_based_filter.cc:1119] CLI[message_size:0x7fffd8001190] ClientCallData.PollContext.Run: poll=<<pending>>; has_promise=true sent_initial_state=FORWARDED recv_trailing_state=FORWARDED captured={}
I0428 14:18:47.432281 1503744 promise_based_filter.cc:638] SVR[message_size:0x7fffb80045f8] ReceiveMessage.StartOp st=IDLE
I0428 14:18:47.432278 1503743 promise_based_filter.cc:1031] CLI[ext_proc:0x7fffc8001190] ClientCallData.PollContext.Run has_promise=true sent_initial_state=FORWARDED recv_trailing_state=FORWARDED captured={send_message} recv_initial_metadata=HOOKED_AND_GOT_PIPE
I0428 14:18:47.432292 1503744 promise_based_filter.cc:2427] SVR[message_size:0x7fffb80045f8]: WakeInsideCombiner have_promise=true recv_initial_state=COMPLETE send_trailing_state=INITIAL captured={}
I0428 14:18:47.432308 1503743 promise_based_filter.cc:507] CLI[ext_proc:0x7fffc8001190] SendMessage.WakeInsideCombiner st=GOT_BATCH
I0428 14:18:47.432316 1503744 promise_based_filter.cc:507] SVR[message_size:0x7fffb80045f8] SendMessage.WakeInsideCombiner st=IDLE
I0428 14:18:47.432293 1503736 promise_based_filter.cc:325] FLUSHER:forward batch:  RECV_MESSAGE
I0428 14:18:47.432332 1503744 promise_based_filter.cc:2469] SVR[message_size:0x7fffb80045f8]: After send_message WakeInsideCombiner have_promise=true recv_initial_state=COMPLETE send_trailing_state=INITIAL captured={} is_idle=true is_forwarded=false
I0428 14:18:47.432340 1503736 channel_stack.cc:297] OP[message_size:0x7fffd8001190]:  RECV_MESSAGE
I0428 14:18:47.432348 1503744 promise_based_filter.cc:811] SVR[message_size:0x7fffb80045f8] ReceiveMessage.WakeInsideCombiner st=FORWARDED_BATCH push?=no next?=no allow_push_to_pipe=yes
I0428 14:18:47.432353 1503736 promise_based_filter.cc:1412] CLI[http-client:0x7fffd80011a8] StartBatch has_promise=true sent_initial_state=FORWARDED recv_trailing_state=FORWARDED captured={} recv_initial_metadata=RESPONDED
I0428 14:18:47.432365 1503743 ext_proc_filter.cc:194] ExtProc: ClientToServer message received:
24b
I0428 14:18:47.432377 1503736 promise_based_filter.cc:325] FLUSHER:forward batch:  RECV_MESSAGE
I0428 14:18:47.432365 1503744 promise_based_filter.cc:2315] SVR[message_size:0x7fffb80045f8] PollTrailingMetadata: INITIAL
I0428 14:18:47.432387 1503736 channel_stack.cc:297] OP[http-client:0x7fffd80011a8]:  RECV_MESSAGE
I0428 14:18:47.432393 1503744 promise_based_filter.cc:2494] SVR[message_size:0x7fffb80045f8]: WakeInsideCombiner poll=<<pending>>; send_initial_metadata=null send_trailing_metadata=INITIAL
I0428 14:18:47.432402 1503736 promise_based_filter.cc:1412] CLI[compression:0x7fffd80011c0] StartBatch has_promise=true sent_initial_state=FORWARDED recv_trailing_state=FORWARDED captured={} recv_initial_metadata=RESPONDED
I0428 14:18:47.432389 1503743 ext_proc_filter.cc:200] ExtProc: message modifier status: INVALID_ARGUMENT: injected error
I0428 14:18:47.432410 1503744 promise_based_filter.cc:325] FLUSHER:forward batch:  RECV_MESSAGE
I0428 14:18:47.432413 1503736 promise_based_filter.cc:638] CLI[compression:0x7fffd80011c0] ReceiveMessage.StartOp st=IDLE
I0428 14:18:47.432420 1503744 channel_stack.cc:297] OP[message_size:0x7fffb80045f8]:  RECV_MESSAGE
I0428 14:18:47.432425 1503736 promise_based_filter.cc:1031] CLI[compression:0x7fffd80011c0] ClientCallData.PollContext.Run has_promise=true sent_initial_state=FORWARDED recv_trailing_state=FORWARDED captured={} recv_initial_metadata=RESPONDED
I0428 14:18:47.432435 1503744 promise_based_filter.cc:2054] SVR[http-server:0x7fffb8004610] StartBatch: have_promise=true recv_initial_state=COMPLETE send_trailing_state=INITIAL captured={} send_initial_metadata=FORWARDED
I0428 14:18:47.432432 1503743 call_spine.h:316] !!!! Parent call cancelled. Propagating cancellation to child call, call_spine: 0x7fffc8002810
I0428 14:18:47.432440 1503736 promise_based_filter.cc:507] CLI[compression:0x7fffd80011c0] SendMessage.WakeInsideCombiner st=IDLE
I0428 14:18:47.432466 1503743 call_spine.h:318] !!!! child call propagate: 0x7fffc8002ad0
I0428 14:18:47.432451 1503744 promise_based_filter.cc:325] FLUSHER:forward batch:  RECV_MESSAGE
I0428 14:18:47.432477 1503736 promise_based_filter.cc:811] CLI[compression:0x7fffd80011c0] ReceiveMessage.WakeInsideCombiner st=FORWARDED_BATCH push?=no next?=no allow_push_to_pipe=yes
I0428 14:18:47.432490 1503744 channel_stack.cc:297] OP[http-server:0x7fffb8004610]:  RECV_MESSAGE
I0428 14:18:47.432502 1503736 promise_based_filter.cc:1115] CLI[compression:0x7fffd80011c0] ClientCallData.PollContext.Run: before calling poll; has_promise=true sent_initial_state=FORWARDED recv_trailing_state=FORWARDED captured={} recv_initial_metadata=RESPONDED
I0428 14:18:47.432508 1503744 promise_based_filter.cc:2054] SVR[compression:0x7fffb8004628] StartBatch: have_promise=true recv_initial_state=COMPLETE send_trailing_state=INITIAL captured={} send_initial_metadata=FORWARDED
I0428 14:18:47.432516 1503736 promise_based_filter.cc:1756] CLI[compression:0x7fffd80011c0] ClientCallData.PollTrailingMetadata has_promise=true sent_initial_state=FORWARDED recv_trailing_state=FORWARDED captured={} recv_initial_metadata=RESPONDED
I0428 14:18:47.432520 1503744 promise_based_filter.cc:638] SVR[compression:0x7fffb8004628] ReceiveMessage.StartOp st=IDLE
I0428 14:18:47.432534 1503736 promise_based_filter.cc:1119] CLI[compression:0x7fffd80011c0] ClientCallData.PollContext.Run: poll=<<pending>>; has_promise=true sent_initial_state=FORWARDED recv_trailing_state=FORWARDED captured={} recv_initial_metadata=RESPONDED
I0428 14:18:47.432517 1503743 ext_proc_filter.cc:160] ExtProc: ServerToClient initial metadata received, present: false
I0428 14:18:47.432551 1503736 promise_based_filter.cc:325] FLUSHER:forward batch:  RECV_MESSAGE
I0428 14:18:47.432543 1503744 promise_based_filter.cc:2427] SVR[compression:0x7fffb8004628]: WakeInsideCombiner have_promise=true recv_initial_state=COMPLETE send_trailing_state=INITIAL captured={} send_initial_metadata=FORWARDED
I0428 14:18:47.432561 1503743 ext_proc_filter.cc:183] ExtProc: ServerToClient initial metadata not present, skipping to trailing
I0428 14:18:47.432564 1503736 channel_stack.cc:297] OP[compression:0x7fffd80011c0]:  RECV_MESSAGE
I0428 14:18:47.432579 1503744 promise_based_filter.cc:507] SVR[compression:0x7fffb8004628] SendMessage.WakeInsideCombiner st=IDLE
I0428 14:18:47.433045 1503744 promise_based_filter.cc:2469] SVR[compression:0x7fffb8004628]: After send_message WakeInsideCombiner have_promise=true recv_initial_state=COMPLETE send_trailing_state=INITIAL captured={} send_initial_metadata=FORWARDED is_idle=true is_forwarded=false
I0428 14:18:47.432602 1503743 ext_proc_filter.cc:145] ExtProc: ServerTrailingMetadata received:
grpc-status: CANCELLED, GrpcCallWasCancelled: true
I0428 14:18:47.433064 1503744 promise_based_filter.cc:811] SVR[compression:0x7fffb8004628] ReceiveMessage.WakeInsideCombiner st=FORWARDED_BATCH push?=no next?=no allow_push_to_pipe=yes
I0428 14:18:47.433080 1503744 promise_based_filter.cc:2315] SVR[compression:0x7fffb8004628] PollTrailingMetadata: INITIAL
I0428 14:18:47.433092 1503744 promise_based_filter.cc:2494] SVR[compression:0x7fffb8004628]: WakeInsideCombiner poll=<<pending>>; send_initial_metadata=FORWARDED send_trailing_metadata=INITIAL
I0428 14:18:47.433108 1503744 promise_based_filter.cc:325] FLUSHER:forward batch:  RECV_MESSAGE
I0428 14:18:47.433118 1503744 channel_stack.cc:297] OP[compression:0x7fffb8004628]:  RECV_MESSAGE
I0428 14:18:47.433108 1503743 promise_based_filter.cc:811] CLI[ext_proc:0x7fffc8001190] ReceiveMessage.WakeInsideCombiner st=FORWARDED_BATCH push?=no next?=no allow_push_to_pipe=no
I0428 14:18:47.433131 1503744 promise_based_filter.cc:2054] SVR[server-auth:0x7fffb8004640] StartBatch: have_promise=true recv_initial_state=COMPLETE send_trailing_state=INITIAL captured={}
I0428 14:18:47.433148 1503743 promise_based_filter.cc:1115] CLI[ext_proc:0x7fffc8001190] ClientCallData.PollContext.Run: before calling poll; has_promise=true sent_initial_state=FORWARDED recv_trailing_state=FORWARDED captured={send_message} recv_initial_metadata=HOOKED_AND_GOT_PIPE
I0428 14:18:47.433170 1503744 promise_based_filter.cc:325] FLUSHER:forward batch:  RECV_MESSAGE
I0428 14:18:47.433192 1503744 channel_stack.cc:297] OP[server-auth:0x7fffb8004640]:  RECV_MESSAGE
I0428 14:18:47.433184 1503743 promise_based_filter.cc:1119] CLI[ext_proc:0x7fffc8001190] ClientCallData.PollContext.Run: poll=grpc-message: injected error, grpc-status: INVALID_ARGUMENT, GrpcCallWasCancelled: true; has_promise=true sent_initial_state=FORWARDED recv_trailing_state=FORWARDED captured={send_message} recv_initial_metadata=HOOKED_AND_GOT_PIPE
I0428 14:18:47.433205 1503744 promise_based_filter.cc:2054] SVR[server_call_tracer:0x7fffb8004658] StartBatch: have_promise=true recv_initial_state=COMPLETE send_trailing_state=INITIAL captured={} send_initial_metadata=FORWARDED
I0428 14:18:47.433221 1503744 promise_based_filter.cc:325] FLUSHER:forward batch:  RECV_MESSAGE
I0428 14:18:47.433231 1503744 channel_stack.cc:297] OP[server_call_tracer:0x7fffb8004658]:  RECV_MESSAGE
I0428 14:18:47.433225 1503743 promise_based_filter.cc:466] CLI[ext_proc:0x7fffc8001190] SendMessage.Done st=PUSHED_TO_PIPE md=grpc-message: injected error, grpc-status: INVALID_ARGUMENT, GrpcCallWasCancelled: true
I0428 14:18:47.433264 1503743 promise_based_filter.cc:753] CLI[ext_proc:0x7fffc8001190] ReceiveMessage.Done st=FORWARDED_BATCH md=grpc-message: injected error, grpc-status: INVALID_ARGUMENT, GrpcCallWasCancelled: true
I0428 14:18:47.433289 1503743 promise_based_filter.cc:1211] CLI[ext_proc:0x7fffc8001190] ClientCallData.PollContext.Run: cancelling stream, send_initial_state_=FORWARDED
I0428 14:18:47.433309 1503743 promise_based_filter.cc:325] FLUSHER:forward batch:  CANCEL:INVALID_ARGUMENT:injected error
I0428 14:18:47.433324 1503743 channel_stack.cc:297] OP[ext_proc:0x7fffc8001190]:  CANCEL:INVALID_ARGUMENT:injected error
I0428 14:18:47.433339 1503743 promise_based_filter.cc:1412] CLI[cluster_selection_filter:0x7fffc80011a8] StartBatch has_promise=false sent_initial_state=INITIAL recv_trailing_state=INITIAL captured={} recv_initial_metadata=INITIAL
I0428 14:18:47.433353 1503743 promise_based_filter.cc:1534] CLI[cluster_selection_filter:0x7fffc80011a8] Cancel error=INVALID_ARGUMENT: injected error
I0428 14:18:47.433366 1503743 promise_based_filter.cc:1031] CLI[cluster_selection_filter:0x7fffc80011a8] ClientCallData.PollContext.Run has_promise=false sent_initial_state=CANCELLED recv_trailing_state=INITIAL captured={} recv_initial_metadata=INITIAL
I0428 14:18:47.433378 1503743 promise_based_filter.cc:325] FLUSHER:forward batch:  CANCEL:INVALID_ARGUMENT:injected error
I0428 14:18:47.433390 1503743 channel_stack.cc:297] OP[cluster_selection_filter:0x7fffc80011a8]:  CANCEL:INVALID_ARGUMENT:injected error
I0428 14:18:47.433427 1503743 promise_based_filter.cc:1805] CLI[client_idle:0x555558386960] ClientCallData.RecvTrailingMetadataReady recv_trailing_state=FORWARDED error=INVALID_ARGUMENT: injected error md=
I0428 14:18:47.433452 1503743 promise_based_filter.cc:1031] CLI[client_idle:0x555558386960] ClientCallData.PollContext.Run has_promise=true sent_initial_state=FORWARDED recv_trailing_state=COMPLETE captured={}
I0428 14:18:47.433465 1503743 promise_based_filter.cc:1115] CLI[client_idle:0x555558386960] ClientCallData.PollContext.Run: before calling poll; has_promise=true sent_initial_state=FORWARDED recv_trailing_state=COMPLETE captured={}
I0428 14:18:47.433475 1503743 promise_based_filter.cc:1756] CLI[client_idle:0x555558386960] ClientCallData.PollTrailingMetadata has_promise=true sent_initial_state=FORWARDED recv_trailing_state=COMPLETE captured={}
I0428 14:18:47.433485 1503743 promise_based_filter.cc:1119] CLI[client_idle:0x555558386960] ClientCallData.PollContext.Run: poll=GrpcStatusContext: INVALID_ARGUMENT:injected error, grpc-message: injected error, grpc-status: INVALID_ARGUMENT; has_promise=true sent_initial_state=FORWARDED recv_trailing_state=COMPLETE captured={}
I0428 14:18:47.433597 1503743 promise_based_filter.cc:1031] CLI[ext_proc:0x7fffc8001190] ClientCallData.PollContext.Run has_promise=false sent_initial_state=FORWARDED recv_trailing_state=CANCELLED captured={send_message} recv_initial_metadata=HOOKED_AND_GOT_PIPE
I0428 14:18:47.433617 1503743 promise_based_filter.cc:507] CLI[ext_proc:0x7fffc8001190] SendMessage.WakeInsideCombiner st=CANCELLED_BUT_NOT_YET_POLLED
I0428 14:18:47.433631 1503743 promise_based_filter.cc:811] CLI[ext_proc:0x7fffc8001190] ReceiveMessage.WakeInsideCombiner st=CANCELLED push?=no next?=no allow_push_to_pipe=no
I0428 14:18:47.433647 1503743 filter_stack_call.cc:296] OP[client_idle:0x555558386960]:  CANCEL:INVALID_ARGUMENT:injected error
I0428 14:18:47.433661 1503743 promise_based_filter.cc:1412] CLI[client_idle:0x555558386960] StartBatch has_promise=false sent_initial_state=FORWARDED recv_trailing_state=RESPONDED captured={}
I0428 14:18:47.433673 1503743 promise_based_filter.cc:1534] CLI[client_idle:0x555558386960] Cancel error=INVALID_ARGUMENT: injected error
I0428 14:18:47.433685 1503743 promise_based_filter.cc:1031] CLI[client_idle:0x555558386960] ClientCallData.PollContext.Run has_promise=false sent_initial_state=CANCELLED recv_trailing_state=RESPONDED captured={}
I0428 14:18:47.433696 1503743 promise_based_filter.cc:325] FLUSHER:forward batch:  CANCEL:INVALID_ARGUMENT:injected error
I0428 14:18:47.433708 1503743 channel_stack.cc:297] OP[client_idle:0x555558386960]:  CANCEL:INVALID_ARGUMENT:injected error
I0428 14:18:47.433721 1503743 dynamic_filters.cc:76] OP[ext_proc:0x7fffc8001190]:  CANCEL:INVALID_ARGUMENT:injected error
I0428 14:18:47.433734 1503743 promise_based_filter.cc:1412] CLI[ext_proc:0x7fffc8001190] StartBatch has_promise=false sent_initial_state=FORWARDED recv_trailing_state=CANCELLED captured={send_message} recv_initial_metadata=HOOKED_AND_GOT_PIPE
I0428 14:18:47.433746 1503743 promise_based_filter.cc:1534] CLI[ext_proc:0x7fffc8001190] Cancel error=INVALID_ARGUMENT: injected error
I0428 14:18:47.433760 1503743 promise_based_filter.cc:466] CLI[ext_proc:0x7fffc8001190] SendMessage.Done st=CANCELLED md=grpc-message: injected error, grpc-status: INVALID_ARGUMENT
I0428 14:18:47.433786 1503743 promise_based_filter.cc:753] CLI[ext_proc:0x7fffc8001190] ReceiveMessage.Done st=CANCELLED md=grpc-message: injected error, grpc-status: INVALID_ARGUMENT
I0428 14:18:47.433806 1503743 promise_based_filter.cc:1031] CLI[ext_proc:0x7fffc8001190] ClientCallData.PollContext.Run has_promise=false sent_initial_state=CANCELLED recv_trailing_state=CANCELLED captured={send_message} recv_initial_metadata=HOOKED_AND_GOT_PIPE
I0428 14:18:47.433819 1503743 promise_based_filter.cc:507] CLI[ext_proc:0x7fffc8001190] SendMessage.WakeInsideCombiner st=CANCELLED
I0428 14:18:47.433831 1503743 promise_based_filter.cc:811] CLI[ext_proc:0x7fffc8001190] ReceiveMessage.WakeInsideCombiner st=CANCELLED push?=no next?=no allow_push_to_pipe=no
I0428 14:18:47.433845 1503743 promise_based_filter.cc:325] FLUSHER:forward batch:  CANCEL:INVALID_ARGUMENT:injected error
I0428 14:18:47.433856 1503743 channel_stack.cc:297] OP[ext_proc:0x7fffc8001190]:  CANCEL:INVALID_ARGUMENT:injected error
I0428 14:18:47.433869 1503743 promise_based_filter.cc:1412] CLI[cluster_selection_filter:0x7fffc80011a8] StartBatch has_promise=false sent_initial_state=CANCELLED recv_trailing_state=INITIAL captured={} recv_initial_metadata=INITIAL
I0428 14:18:47.433881 1503743 promise_based_filter.cc:1534] CLI[cluster_selection_filter:0x7fffc80011a8] Cancel error=INVALID_ARGUMENT: injected error
I0428 14:18:47.433892 1503743 promise_based_filter.cc:1031] CLI[cluster_selection_filter:0x7fffc80011a8] ClientCallData.PollContext.Run has_promise=false sent_initial_state=CANCELLED recv_trailing_state=INITIAL captured={} recv_initial_metadata=INITIAL
I0428 14:18:47.433904 1503743 promise_based_filter.cc:325] FLUSHER:forward batch:  CANCEL:INVALID_ARGUMENT:injected error
I0428 14:18:47.433915 1503743 channel_stack.cc:297] OP[cluster_selection_filter:0x7fffc80011a8]:  CANCEL:INVALID_ARGUMENT:injected error