I0428 14:18:47.429875 1503736 promise_based_filter.cc:811] CLI[message_size:0x7fffd8001190] ReceiveMessage.WakeInsideCombiner st=BATCH_COMPLETED push?=no next?=no allow_push_to_pipe=yes
I0428 14:18:47.429876 1503748 filter_stack_call.cc:296] OP[server:0x7fffb80045e0]:  RECV_MESSAGE
I0428 14:18:47.429900 1503736 promise_based_filter.cc:901] CLI[message_size:0x7fffd8001190] ReceiveMessage.WakeInsideCombiner next complete: got message new_state=PULLED_FROM_PIPE
I0428 14:18:47.429901 1503748 channel_stack.cc:297] OP[server:0x7fffb80045e0]:  RECV_MESSAGE
I0428 14:18:47.429917 1503736 promise_based_filter.cc:917] CLI[message_size:0x7fffd8001190] ReceiveMessage.WakeInsideCombiner push complete
I0428 14:18:47.429926 1503748 promise_based_filter.cc:2054] SVR[message_size:0x7fffb80045f8] StartBatch: have_promise=true recv_initial_state=COMPLETE send_trailing_state=INITIAL captured={}
I0428 14:18:47.429935 1503736 promise_based_filter.cc:1115] CLI[message_size:0x7fffd8001190] ClientCallData.PollContext.Run: before calling poll; has_promise=true sent_initial_state=FORWARDED recv_trailing_state=FORWARDED captured={}
I0428 14:18:47.429941 1503748 promise_based_filter.cc:638] SVR[message_size:0x7fffb80045f8] ReceiveMessage.StartOp st=IDLE
I0428 14:18:47.429952 1503736 promise_based_filter.cc:1756] CLI[message_size:0x7fffd8001190] ClientCallData.PollTrailingMetadata has_promise=true sent_initial_state=FORWARDED recv_trailing_state=FORWARDED captured={}
I0428 14:18:47.429966 1503748 promise_based_filter.cc:2427] SVR[message_size:0x7fffb80045f8]: WakeInsideCombiner have_promise=true recv_initial_state=COMPLETE send_trailing_state=INITIAL captured={}
I0428 14:18:47.429973 1503736 promise_based_filter.cc:1119] CLI[message_size:0x7fffd8001190] ClientCallData.PollContext.Run: poll=<<pending>>; has_promise=true sent_initial_state=FORWARDED recv_trailing_state=FORWARDED captured={}
I0428 14:18:47.429980 1503748 promise_based_filter.cc:507] SVR[message_size:0x7fffb80045f8] SendMessage.WakeInsideCombiner st=IDLE
I0428 14:18:47.429992 1503748 promise_based_filter.cc:2469] SVR[message_size:0x7fffb80045f8]: After send_message WakeInsideCombiner have_promise=true recv_initial_state=COMPLETE send_trailing_state=INITIAL captured={} is_idle=true is_forwarded=false
I0428 14:18:47.430006 1503748 promise_based_filter.cc:811] SVR[message_size:0x7fffb80045f8] ReceiveMessage.WakeInsideCombiner st=FORWARDED_BATCH push?=no next?=no allow_push_to_pipe=yes
I0428 14:18:47.430020 1503748 promise_based_filter.cc:2315] SVR[message_size:0x7fffb80045f8] PollTrailingMetadata: INITIAL
I0428 14:18:47.430031 1503748 promise_based_filter.cc:2494] SVR[message_size:0x7fffb80045f8]: WakeInsideCombiner poll=<<pending>>; send_initial_metadata=null send_trailing_metadata=INITIAL
I0428 14:18:47.430044 1503748 promise_based_filter.cc:325] FLUSHER:forward batch:  RECV_MESSAGE
I0428 14:18:47.430055 1503748 channel_stack.cc:297] OP[message_size:0x7fffb80045f8]:  RECV_MESSAGE
I0428 14:18:47.430066 1503748 promise_based_filter.cc:2054] SVR[http-server:0x7fffb8004610] StartBatch: have_promise=true recv_initial_state=COMPLETE send_trailing_state=INITIAL captured={} send_initial_metadata=FORWARDED
I0428 14:18:47.430078 1503748 promise_based_filter.cc:325] FLUSHER:forward batch:  RECV_MESSAGE
I0428 14:18:47.430088 1503748 channel_stack.cc:297] OP[http-server:0x7fffb8004610]:  RECV_MESSAGE
I0428 14:18:47.430099 1503748 promise_based_filter.cc:2054] SVR[compression:0x7fffb8004628] StartBatch: have_promise=true recv_initial_state=COMPLETE send_trailing_state=INITIAL captured={} send_initial_metadata=FORWARDED
I0428 14:18:47.430112 1503748 promise_based_filter.cc:638] SVR[compression:0x7fffb8004628] ReceiveMessage.StartOp st=IDLE
I0428 14:18:47.430123 1503748 promise_based_filter.cc:2427] SVR[compression:0x7fffb8004628]: WakeInsideCombiner have_promise=true recv_initial_state=COMPLETE send_trailing_state=INITIAL captured={} send_initial_metadata=FORWARDED
I0428 14:18:47.430135 1503748 promise_based_filter.cc:507] SVR[compression:0x7fffb8004628] SendMessage.WakeInsideCombiner st=IDLE
I0428 14:18:47.430142 1503736 promise_based_filter.cc:1031] CLI[compression:0x7fffd80011c0] ClientCallData.PollContext.Run has_promise=true sent_initial_state=FORWARDED recv_trailing_state=FORWARDED captured={} recv_initial_metadata=RESPONDED
I0428 14:18:47.430146 1503748 promise_based_filter.cc:2469] SVR[compression:0x7fffb8004628]: After send_message WakeInsideCombiner have_promise=true recv_initial_state=COMPLETE send_trailing_state=INITIAL captured={} send_initial_metadata=FORWARDED is_idle=true is_forwarded=false
I0428 14:18:47.430166 1503736 promise_based_filter.cc:507] CLI[compression:0x7fffd80011c0] SendMessage.WakeInsideCombiner st=IDLE
I0428 14:18:47.430178 1503748 promise_based_filter.cc:811] SVR[compression:0x7fffb8004628] ReceiveMessage.WakeInsideCombiner st=FORWARDED_BATCH push?=no next?=no allow_push_to_pipe=yes
I0428 14:18:47.430191 1503736 promise_based_filter.cc:811] CLI[compression:0x7fffd80011c0] ReceiveMessage.WakeInsideCombiner st=IDLE push?=no next?=no allow_push_to_pipe=yes
I0428 14:18:47.430201 1503748 promise_based_filter.cc:2315] SVR[compression:0x7fffb8004628] PollTrailingMetadata: INITIAL
I0428 14:18:47.430207 1503736 promise_based_filter.cc:1115] CLI[compression:0x7fffd80011c0] ClientCallData.PollContext.Run: before calling poll; has_promise=true sent_initial_state=FORWARDED recv_trailing_state=FORWARDED captured={} recv_initial_metadata=RESPONDED
I0428 14:18:47.430213 1503748 promise_based_filter.cc:2494] SVR[compression:0x7fffb8004628]: WakeInsideCombiner poll=<<pending>>; send_initial_metadata=FORWARDED send_trailing_metadata=INITIAL
I0428 14:18:47.430222 1503736 promise_based_filter.cc:1756] CLI[compression:0x7fffd80011c0] ClientCallData.PollTrailingMetadata has_promise=true sent_initial_state=FORWARDED recv_trailing_state=FORWARDED captured={} recv_initial_metadata=RESPONDED
I0428 14:18:47.430227 1503748 promise_based_filter.cc:325] FLUSHER:forward batch:  RECV_MESSAGE
I0428 14:18:47.430237 1503736 promise_based_filter.cc:1119] CLI[compression:0x7fffd80011c0] ClientCallData.PollContext.Run: poll=<<pending>>; has_promise=true sent_initial_state=FORWARDED recv_trailing_state=FORWARDED captured={} recv_initial_metadata=RESPONDED
I0428 14:18:47.430249 1503748 channel_stack.cc:297] OP[compression:0x7fffb8004628]:  RECV_MESSAGE
I0428 14:18:47.430262 1503736 promise_based_filter.cc:1031] CLI[message_size:0x7fffd8001190] ClientCallData.PollContext.Run has_promise=true sent_initial_state=FORWARDED recv_trailing_state=FORWARDED captured={}
I0428 14:18:47.430273 1503748 promise_based_filter.cc:2054] SVR[server-auth:0x7fffb8004640] StartBatch: have_promise=true recv_initial_state=COMPLETE send_trailing_state=INITIAL captured={}
I0428 14:18:47.430281 1503736 promise_based_filter.cc:507] CLI[message_size:0x7fffd8001190] SendMessage.WakeInsideCombiner st=IDLE
I0428 14:18:47.430287 1503748 promise_based_filter.cc:325] FLUSHER:forward batch:  RECV_MESSAGE
I0428 14:18:47.430304 1503748 channel_stack.cc:297] OP[server-auth:0x7fffb8004640]:  RECV_MESSAGE
I0428 14:18:47.430295 1503736 promise_based_filter.cc:811] CLI[message_size:0x7fffd8001190] ReceiveMessage.WakeInsideCombiner st=IDLE push?=no next?=no allow_push_to_pipe=yes
I0428 14:18:47.430319 1503748 promise_based_filter.cc:2054] SVR[server_call_tracer:0x7fffb8004658] StartBatch: have_promise=true recv_initial_state=COMPLETE send_trailing_state=INITIAL captured={} send_initial_metadata=FORWARDED
I0428 14:18:47.430329 1503736 promise_based_filter.cc:1115] CLI[message_size:0x7fffd8001190] ClientCallData.PollContext.Run: before calling poll; has_promise=true sent_initial_state=FORWARDED recv_trailing_state=FORWARDED captured={}
I0428 14:18:47.430341 1503748 promise_based_filter.cc:325] FLUSHER:forward batch:  RECV_MESSAGE
I0428 14:18:47.430349 1503736 promise_based_filter.cc:1756] CLI[message_size:0x7fffd8001190] ClientCallData.PollTrailingMetadata has_promise=true sent_initial_state=FORWARDED recv_trailing_state=FORWARDED captured={}
I0428 14:18:47.430361 1503748 channel_stack.cc:297] OP[server_call_tracer:0x7fffb8004658]:  RECV_MESSAGE
I0428 14:18:47.430370 1503736 promise_based_filter.cc:1119] CLI[message_size:0x7fffd8001190] ClientCallData.PollContext.Run: poll=<<pending>>; has_promise=true sent_initial_state=FORWARDED recv_trailing_state=FORWARDED captured={}
I0428 14:18:47.430385 1503736 filter_stack_call.cc:296] OP[client_idle:0x7fffec1a0770]:  SEND_MESSAGE:flags=0x00000000:len=92
I0428 14:18:47.430404 1503736 promise_based_filter.cc:1412] CLI[client_idle:0x7fffec1a0770] StartBatch has_promise=true sent_initial_state=FORWARDED recv_trailing_state=FORWARDED captured={}
I0428 14:18:47.430418 1503736 promise_based_filter.cc:325] FLUSHER:forward batch:  SEND_MESSAGE:flags=0x00000000:len=92
I0428 14:18:47.430431 1503736 channel_stack.cc:297] OP[client_idle:0x7fffec1a0770]:  SEND_MESSAGE:flags=0x00000000:len=92
I0428 14:18:47.430445 1503736 dynamic_filters.cc:76] OP[retry_filter:0x7fffbc000fd0]:  SEND_MESSAGE:flags=0x00000000:len=92
I0428 14:18:47.430460 1503736 client_channel_filter.cc:2593] chand=0x7fffec197270 lb_call=0x7fffbc002660: batch started from above:  SEND_MESSAGE:flags=0x00000000:len=92, call_attempt_tracer_=0
I0428 14:18:47.430476 1503736 subchannel.cc:333] OP[authority:0x7fffd8001160]:  SEND_MESSAGE:flags=0x00000000:len=92
I0428 14:18:47.430489 1503736 promise_based_filter.cc:1412] CLI[authority:0x7fffd8001160] StartBatch has_promise=true sent_initial_state=FORWARDED recv_trailing_state=FORWARDED captured={}
I0428 14:18:47.430502 1503736 promise_based_filter.cc:325] FLUSHER:forward batch:  SEND_MESSAGE:flags=0x00000000:len=92
I0428 14:18:47.430512 1503736 channel_stack.cc:297] OP[authority:0x7fffd8001160]:  SEND_MESSAGE:flags=0x00000000:len=92
I0428 14:18:47.430525 1503736 promise_based_filter.cc:1412] CLI[client-auth-filter:0x7fffd8001178] StartBatch has_promise=true sent_initial_state=FORWARDED recv_trailing_state=FORWARDED captured={}
I0428 14:18:47.430537 1503736 promise_based_filter.cc:325] FLUSHER:forward batch:  SEND_MESSAGE:flags=0x00000000:len=92
I0428 14:18:47.430548 1503736 channel_stack.cc:297] OP[client-auth-filter:0x7fffd8001178]:  SEND_MESSAGE:flags=0x00000000:len=92
I0428 14:18:47.430561 1503736 promise_based_filter.cc:1412] CLI[message_size:0x7fffd8001190] StartBatch has_promise=true sent_initial_state=FORWARDED recv_trailing_state=FORWARDED captured={}
I0428 14:18:47.430572 1503736 promise_based_filter.cc:365] CLI[message_size:0x7fffd8001190] SendMessage.StartOp st=IDLE
I0428 14:18:47.430584 1503736 promise_based_filter.cc:1031] CLI[message_size:0x7fffd8001190] ClientCallData.PollContext.Run has_promise=true sent_initial_state=FORWARDED recv_trailing_state=FORWARDED captured={send_message}
I0428 14:18:47.430599 1503736 promise_based_filter.cc:507] CLI[message_size:0x7fffd8001190] SendMessage.WakeInsideCombiner st=GOT_BATCH
I0428 14:18:47.430620 1503736 promise_based_filter.cc:554] CLI[message_size:0x7fffd8001190] SendMessage.WakeInsideCombiner next complete, result.has_value=true
I0428 14:18:47.430634 1503736 promise_based_filter.cc:811] CLI[message_size:0x7fffd8001190] ReceiveMessage.WakeInsideCombiner st=IDLE push?=no next?=no allow_push_to_pipe=yes
I0428 14:18:47.430648 1503736 promise_based_filter.cc:1115] CLI[message_size:0x7fffd8001190] ClientCallData.PollContext.Run: before calling poll; has_promise=true sent_initial_state=FORWARDED recv_trailing_state=FORWARDED captured={}
I0428 14:18:47.430660 1503736 promise_based_filter.cc:1756] CLI[message_size:0x7fffd8001190] ClientCallData.PollTrailingMetadata has_promise=true sent_initial_state=FORWARDED recv_trailing_state=FORWARDED captured={}
I0428 14:18:47.430671 1503736 promise_based_filter.cc:1119] CLI[message_size:0x7fffd8001190] ClientCallData.PollContext.Run: poll=<<pending>>; has_promise=true sent_initial_state=FORWARDED recv_trailing_state=FORWARDED captured={}
I0428 14:18:47.430685 1503736 promise_based_filter.cc:325] FLUSHER:forward batch:  SEND_MESSAGE:flags=0x00000000:len=92
I0428 14:18:47.430697 1503736 channel_stack.cc:297] OP[message_size:0x7fffd8001190]:  SEND_MESSAGE:flags=0x00000000:len=92
I0428 14:18:47.430709 1503736 promise_based_filter.cc:1412] CLI[http-client:0x7fffd80011a8] StartBatch has_promise=true sent_initial_state=FORWARDED recv_trailing_state=FORWARDED captured={} recv_initial_metadata=RESPONDED
I0428 14:18:47.430722 1503736 promise_based_filter.cc:325] FLUSHER:forward batch:  SEND_MESSAGE:flags=0x00000000:len=92
I0428 14:18:47.430733 1503736 channel_stack.cc:297] OP[http-client:0x7fffd80011a8]:  SEND_MESSAGE:flags=0x00000000:len=92
I0428 14:18:47.430745 1503736 promise_based_filter.cc:1412] CLI[compression:0x7fffd80011c0] StartBatch has_promise=true sent_initial_state=FORWARDED recv_trailing_state=FORWARDED captured={} recv_initial_metadata=RESPONDED
I0428 14:18:47.430757 1503736 promise_based_filter.cc:365] CLI[compression:0x7fffd80011c0] SendMessage.StartOp st=IDLE
I0428 14:18:47.430770 1503736 promise_based_filter.cc:1031] CLI[compression:0x7fffd80011c0] ClientCallData.PollContext.Run has_promise=true sent_initial_state=FORWARDED recv_trailing_state=FORWARDED captured={send_message} recv_initial_metadata=RESPONDED
I0428 14:18:47.430791 1503736 promise_based_filter.cc:507] CLI[compression:0x7fffd80011c0] SendMessage.WakeInsideCombiner st=GOT_BATCH
I0428 14:18:47.430816 1503736 promise_based_filter.cc:554] CLI[compression:0x7fffd80011c0] SendMessage.WakeInsideCombiner next complete, result.has_value=true
I0428 14:18:47.430835 1503736 promise_based_filter.cc:811] CLI[compression:0x7fffd80011c0] ReceiveMessage.WakeInsideCombiner st=IDLE push?=no next?=no allow_push_to_pipe=yes
I0428 14:18:47.430855 1503736 promise_based_filter.cc:1115] CLI[compression:0x7fffd80011c0] ClientCallData.PollContext.Run: before calling poll; has_promise=true sent_initial_state=FORWARDED recv_trailing_state=FORWARDED captured={} recv_initial_metadata=RESPONDED
I0428 14:18:47.430868 1503736 promise_based_filter.cc:1756] CLI[compression:0x7fffd80011c0] ClientCallData.PollTrailingMetadata has_promise=true sent_initial_state=FORWARDED recv_trailing_state=FORWARDED captured={} recv_initial_metadata=RESPONDED
I0428 14:18:47.430880 1503736 promise_based_filter.cc:1119] CLI[compression:0x7fffd80011c0] ClientCallData.PollContext.Run: poll=<<pending>>; has_promise=true sent_initial_state=FORWARDED recv_trailing_state=FORWARDED captured={} recv_initial_metadata=RESPONDED
I0428 14:18:47.430894 1503736 promise_based_filter.cc:325] FLUSHER:forward batch:  SEND_MESSAGE:flags=0x00000000:len=92
I0428 14:18:47.430906 1503736 channel_stack.cc:297] OP[compression:0x7fffd80011c0]:  SEND_MESSAGE:flags=0x00000000:len=92
I0428 14:18:47.430924 1503736 promise_based_filter.cc:1031] CLI[message_size:0x7fffd8001190] ClientCallData.PollContext.Run has_promise=true sent_initial_state=FORWARDED recv_trailing_state=FORWARDED captured={}
I0428 14:18:47.430936 1503736 promise_based_filter.cc:507] CLI[message_size:0x7fffd8001190] SendMessage.WakeInsideCombiner st=FORWARDED_BATCH
I0428 14:18:47.430948 1503736 promise_based_filter.cc:811] CLI[message_size:0x7fffd8001190] ReceiveMessage.WakeInsideCombiner st=IDLE push?=no next?=no allow_push_to_pipe=yes
I0428 14:18:47.430962 1503736 promise_based_filter.cc:1115] CLI[message_size:0x7fffd8001190] ClientCallData.PollContext.Run: before calling poll; has_promise=true sent_initial_state=FORWARDED recv_trailing_state=FORWARDED captured={}
I0428 14:18:47.430973 1503736 promise_based_filter.cc:1756] CLI[message_size:0x7fffd8001190] ClientCallData.PollTrailingMetadata has_promise=true sent_initial_state=FORWARDED recv_trailing_state=FORWARDED captured={}
I0428 14:18:47.430985 1503736 promise_based_filter.cc:1119] CLI[message_size:0x7fffd8001190] ClientCallData.PollContext.Run: poll=<<pending>>; has_promise=true sent_initial_state=FORWARDED recv_trailing_state=FORWARDED captured={}
I0428 14:18:47.430998 1503736 promise_based_filter.cc:1031] CLI[compression:0x7fffd80011c0] ClientCallData.PollContext.Run has_promise=true sent_initial_state=FORWARDED recv_trailing_state=FORWARDED captured={} recv_initial_metadata=RESPONDED
I0428 14:18:47.431009 1503736 promise_based_filter.cc:507] CLI[compression:0x7fffd80011c0] SendMessage.WakeInsideCombiner st=FORWARDED_BATCH
I0428 14:18:47.431021 1503736 promise_based_filter.cc:811] CLI[compression:0x7fffd80011c0] ReceiveMessage.WakeInsideCombiner st=IDLE push?=no next?=no allow_push_to_pipe=yes
I0428 14:18:47.431034 1503736 promise_based_filter.cc:1115] CLI[compression:0x7fffd80011c0] ClientCallData.PollContext.Run: before calling poll; has_promise=true sent_initial_state=FORWARDED recv_trailing_state=FORWARDED captured={} recv_initial_metadata=RESPONDED
I0428 14:18:47.431046 1503736 promise_based_filter.cc:1756] CLI[compression:0x7fffd80011c0] ClientCallData.PollTrailingMetadata has_promise=true sent_initial_state=FORWARDED recv_trailing_state=FORWARDED captured={} recv_initial_metadata=RESPONDED
I0428 14:18:47.431057 1503736 promise_based_filter.cc:1119] CLI[compression:0x7fffd80011c0] ClientCallData.PollContext.Run: poll=<<pending>>; has_promise=true sent_initial_state=FORWARDED recv_trailing_state=FORWARDED captured={} recv_initial_metadata=RESPONDED
I0428 14:18:47.431125 1503736 promise_based_filter.cc:437] CLI[compression:0x7fffd80011c0] SendMessage.OnComplete st=FORWARDED_BATCH status=OK
I0428 14:18:47.431149 1503736 promise_based_filter.cc:1031] CLI[compression:0x7fffd80011c0] ClientCallData.PollContext.Run has_promise=true sent_initial_state=FORWARDED recv_trailing_state=FORWARDED captured={} recv_initial_metadata=RESPONDED
I0428 14:18:47.431161 1503736 promise_based_filter.cc:507] CLI[compression:0x7fffd80011c0] SendMessage.WakeInsideCombiner st=BATCH_COMPLETED status=OK
I0428 14:18:47.431173 1503736 promise_based_filter.cc:811] CLI[compression:0x7fffd80011c0] ReceiveMessage.WakeInsideCombiner st=IDLE push?=no next?=no allow_push_to_pipe=yes
I0428 14:18:47.431187 1503736 promise_based_filter.cc:1115] CLI[compression:0x7fffd80011c0] ClientCallData.PollContext.Run: before calling poll; has_promise=true sent_initial_state=FORWARDED recv_trailing_state=FORWARDED captured={} recv_initial_metadata=RESPONDED
I0428 14:18:47.431200 1503736 promise_based_filter.cc:1756] CLI[compression:0x7fffd80011c0] ClientCallData.PollTrailingMetadata has_promise=true sent_initial_state=FORWARDED recv_trailing_state=FORWARDED captured={} recv_initial_metadata=RESPONDED
I0428 14:18:47.431212 1503736 promise_based_filter.cc:1119] CLI[compression:0x7fffd80011c0] ClientCallData.PollContext.Run: poll=<<pending>>; has_promise=true sent_initial_state=FORWARDED recv_trailing_state=FORWARDED captured={} recv_initial_metadata=RESPONDED
I0428 14:18:47.431226 1503736 promise_based_filter.cc:437] CLI[message_size:0x7fffd8001190] SendMessage.OnComplete st=FORWARDED_BATCH status=OK
I0428 14:18:47.431239 1503736 promise_based_filter.cc:1031] CLI[message_size:0x7fffd8001190] ClientCallData.PollContext.Run has_promise=true sent_initial_state=FORWARDED recv_trailing_state=FORWARDED captured={}
I0428 14:18:47.431250 1503736 promise_based_filter.cc:507] CLI[message_size:0x7fffd8001190] SendMessage.WakeInsideCombiner st=BATCH_COMPLETED status=OK
I0428 14:18:47.431262 1503736 promise_based_filter.cc:811] CLI[message_size:0x7fffd8001190] ReceiveMessage.WakeInsideCombiner st=IDLE push?=no next?=no allow_push_to_pipe=yes
I0428 14:18:47.431254 1503732 promise_based_filter.cc:713] SVR[compression:0x7fffb8004628] ReceiveMessage.OnComplete st=FORWARDED_BATCH status=OK
I0428 14:18:47.431276 1503736 promise_based_filter.cc:1115] CLI[message_size:0x7fffd8001190] ClientCallData.PollContext.Run: before calling poll; has_promise=true sent_initial_state=FORWARDED recv_trailing_state=FORWARDED captured={}
I0428 14:18:47.431301 1503732 promise_based_filter.cc:2427] SVR[compression:0x7fffb8004628]: WakeInsideCombiner have_promise=true recv_initial_state=COMPLETE send_trailing_state=INITIAL captured={} send_initial_metadata=FORWARDED
I0428 14:18:47.431317 1503736 promise_based_filter.cc:1756] CLI[message_size:0x7fffd8001190] ClientCallData.PollTrailingMetadata has_promise=true sent_initial_state=FORWARDED recv_trailing_state=FORWARDED captured={}
I0428 14:18:47.431326 1503732 promise_based_filter.cc:507] SVR[compression:0x7fffb8004628] SendMessage.WakeInsideCombiner st=IDLE
I0428 14:18:47.431334 1503736 promise_based_filter.cc:1119] CLI[message_size:0x7fffd8001190] ClientCallData.PollContext.Run: poll=<<pending>>; has_promise=true sent_initial_state=FORWARDED recv_trailing_state=FORWARDED captured={}
I0428 14:18:47.431338 1503732 promise_based_filter.cc:2469] SVR[compression:0x7fffb8004628]: After send_message WakeInsideCombiner have_promise=true recv_initial_state=COMPLETE send_trailing_state=INITIAL captured={} send_initial_metadata=FORWARDED is_idle=true is_forwarded=false
I0428 14:18:47.431352 1503732 promise_based_filter.cc:811] SVR[compression:0x7fffb8004628] ReceiveMessage.WakeInsideCombiner st=BATCH_COMPLETED push?=no next?=no allow_push_to_pipe=yes
I0428 14:18:47.431357 1503736 promise_based_filter.cc:1031] CLI[compression:0x7fffd80011c0] ClientCallData.PollContext.Run has_promise=true sent_initial_state=FORWARDED recv_trailing_state=FORWARDED captured={} recv_initial_metadata=RESPONDED
I0428 14:18:47.431379 1503736 promise_based_filter.cc:507] CLI[compression:0x7fffd80011c0] SendMessage.WakeInsideCombiner st=IDLE
I0428 14:18:47.431383 1503732 promise_based_filter.cc:901] SVR[compression:0x7fffb8004628] ReceiveMessage.WakeInsideCombiner next complete: got message new_state=PULLED_FROM_PIPE
I0428 14:18:47.431392 1503736 promise_based_filter.cc:811] CLI[compression:0x7fffd80011c0] ReceiveMessage.WakeInsideCombiner st=IDLE push?=no next?=no allow_push_to_pipe=yes
I0428 14:18:47.431402 1503732 promise_based_filter.cc:917] SVR[compression:0x7fffb8004628] ReceiveMessage.WakeInsideCombiner push complete
I0428 14:18:47.431407 1503736 promise_based_filter.cc:1115] CLI[compression:0x7fffd80011c0] ClientCallData.PollContext.Run: before calling poll; has_promise=true sent_initial_state=FORWARDED recv_trailing_state=FORWARDED captured={} recv_initial_metadata=RESPONDED
I0428 14:18:47.431416 1503732 promise_based_filter.cc:2315] SVR[compression:0x7fffb8004628] PollTrailingMetadata: INITIAL
I0428 14:18:47.431428 1503732 promise_based_filter.cc:2494] SVR[compression:0x7fffb8004628]: WakeInsideCombiner poll=<<pending>>; send_initial_metadata=FORWARDED send_trailing_metadata=INITIAL
I0428 14:18:47.431423 1503736 promise_based_filter.cc:1756] CLI[compression:0x7fffd80011c0] ClientCallData.PollTrailingMetadata has_promise=true sent_initial_state=FORWARDED recv_trailing_state=FORWARDED captured={} recv_initial_metadata=RESPONDED
I0428 14:18:47.431448 1503732 promise_based_filter.cc:713] SVR[message_size:0x7fffb80045f8] ReceiveMessage.OnComplete st=FORWARDED_BATCH status=OK
I0428 14:18:47.431460 1503736 promise_based_filter.cc:1119] CLI[compression:0x7fffd80011c0] ClientCallData.PollContext.Run: poll=<<pending>>; has_promise=true sent_initial_state=FORWARDED recv_trailing_state=FORWARDED captured={} recv_initial_metadata=RESPONDED
I0428 14:18:47.431490 1503736 promise_based_filter.cc:1031] CLI[message_size:0x7fffd8001190] ClientCallData.PollContext.Run has_promise=true sent_initial_state=FORWARDED recv_trailing_state=FORWARDED captured={}
I0428 14:18:47.431468 1503732 promise_based_filter.cc:2427] SVR[message_size:0x7fffb80045f8]: WakeInsideCombiner have_promise=true recv_initial_state=COMPLETE send_trailing_state=INITIAL captured={}
I0428 14:18:47.431511 1503736 promise_based_filter.cc:507] CLI[message_size:0x7fffd8001190] SendMessage.WakeInsideCombiner st=IDLE
I0428 14:18:47.431520 1503732 promise_based_filter.cc:507] SVR[message_size:0x7fffb80045f8] SendMessage.WakeInsideCombiner st=IDLE
I0428 14:18:47.431525 1503736 promise_based_filter.cc:811] CLI[message_size:0x7fffd8001190] ReceiveMessage.WakeInsideCombiner st=IDLE push?=no next?=no allow_push_to_pipe=yes
I0428 14:18:47.431535 1503732 promise_based_filter.cc:2469] SVR[message_size:0x7fffb80045f8]: After send_message WakeInsideCombiner have_promise=true recv_initial_state=COMPLETE send_trailing_state=INITIAL captured={} is_idle=true is_forwarded=false
I0428 14:18:47.431504 1503743 dynamic_filters.cc:76] OP[ext_proc:0x7fffc8001190]:  SEND_INITIAL_METADATA{:path: /grpc.testing.EchoTestService/Echo, grpc-timeout: @6143ms, GrpcRegisteredMethod: 0x1, WaitForReady: false} SEND_MESSAGE:flags=0x00000000:len=24 SEND_TRAILING_METADATA{} RECV_INITIAL_METADATA RECV_MESSAGE RECV_TRAILING_METADATA
I0428 14:18:47.431538 1503736 promise_based_filter.cc:1115] CLI[message_size:0x7fffd8001190] ClientCallData.PollContext.Run: before calling poll; has_promise=true sent_initial_state=FORWARDED recv_trailing_state=FORWARDED captured={}
I0428 14:18:47.431553 1503732 promise_based_filter.cc:811] SVR[message_size:0x7fffb80045f8] ReceiveMessage.WakeInsideCombiner st=BATCH_COMPLETED push?=no next?=no allow_push_to_pipe=yes
I0428 14:18:47.431643 1503732 promise_based_filter.cc:901] SVR[message_size:0x7fffb80045f8] ReceiveMessage.WakeInsideCombiner next complete: got message new_state=PULLED_FROM_PIPE
I0428 14:18:47.431656 1503736 promise_based_filter.cc:1756] CLI[message_size:0x7fffd8001190] ClientCallData.PollTrailingMetadata has_promise=true sent_initial_state=FORWARDED recv_trailing_state=FORWARDED captured={}
I0428 14:18:47.431642 1503743 promise_based_filter.cc:1412] CLI[ext_proc:0x7fffc8001190] StartBatch has_promise=false sent_initial_state=INITIAL recv_trailing_state=INITIAL captured={} recv_initial_metadata=INITIAL
I0428 14:18:47.431662 1503732 promise_based_filter.cc:917] SVR[message_size:0x7fffb80045f8] ReceiveMessage.WakeInsideCombiner push complete
I0428 14:18:47.431688 1503743 promise_based_filter.cc:365] CLI[ext_proc:0x7fffc8001190] SendMessage.StartOp st=INITIAL
I0428 14:18:47.431674 1503736 promise_based_filter.cc:1119] CLI[message_size:0x7fffd8001190] ClientCallData.PollContext.Run: poll=<<pending>>; has_promise=true sent_initial_state=FORWARDED recv_trailing_state=FORWARDED captured={}
I0428 14:18:47.431702 1503743 promise_based_filter.cc:638] CLI[ext_proc:0x7fffc8001190] ReceiveMessage.StartOp st=INITIAL
I0428 14:18:47.431699 1503732 promise_based_filter.cc:2315] SVR[message_size:0x7fffb80045f8] PollTrailingMetadata: INITIAL
I0428 14:18:47.431712 1503736 filter_stack_call.cc:296] OP[client_idle:0x7fffec1a0770]:  RECV_MESSAGE
I0428 14:18:47.431719 1503732 promise_based_filter.cc:2494] SVR[message_size:0x7fffb80045f8]: WakeInsideCombiner poll=<<pending>>; send_initial_metadata=null send_trailing_metadata=INITIAL
I0428 14:18:47.431727 1503736 promise_based_filter.cc:1412] CLI[client_idle:0x7fffec1a0770] StartBatch has_promise=true sent_initial_state=FORWARDED recv_trailing_state=FORWARDED captured={}
I0428 14:18:47.431740 1503736 promise_based_filter.cc:325] FLUSHER:forward batch:  RECV_MESSAGE
I0428 14:18:47.431737 1503743 ext_proc_filter.cc:221] ExtProc: InterceptCall promise chain start
I0428 14:18:47.431750 1503736 channel_stack.cc:297] OP[client_idle:0x7fffec1a0770]:  RECV_MESSAGE
I0428 14:18:47.431755 1503732 promise_based_filter.cc:2427] SVR[compression:0x7fffb8004628]: WakeInsideCombiner have_promise=true recv_initial_state=COMPLETE send_trailing_state=INITIAL captured={} send_initial_metadata=FORWARDED
I0428 14:18:47.431762 1503736 dynamic_filters.cc:76] OP[retry_filter:0x7fffbc000fd0]:  RECV_MESSAGE
I0428 14:18:47.431770 1503732 promise_based_filter.cc:507] SVR[compression:0x7fffb8004628] SendMessage.WakeInsideCombiner st=IDLE
I0428 14:18:47.431776 1503736 client_channel_filter.cc:2593] chand=0x7fffec197270 lb_call=0x7fffbc002660: batch started from above:  RECV_MESSAGE, call_attempt_tracer_=0
I0428 14:18:47.431784 1503732 promise_based_filter.cc:2469] SVR[compression:0x7fffb8004628]: After send_message WakeInsideCombiner have_promise=true recv_initial_state=COMPLETE send_trailing_state=INITIAL captured={} send_initial_metadata=FORWARDED is_idle=true is_forwarded=false
I0428 14:18:47.431759 1503743 ext_proc_filter.cc:226] ExtProc: Client initial metadata received:
:path: /grpc.testing.EchoTestService/Echo, grpc-timeout: @6143ms, GrpcRegisteredMethod: 0x1, WaitForReady: false
I0428 14:18:47.431801 1503732 promise_based_filter.cc:811] SVR[compression:0x7fffb8004628] ReceiveMessage.WakeInsideCombiner st=IDLE push?=no next?=no allow_push_to_pipe=yes
I0428 14:18:47.431794 1503736 subchannel.cc:333] OP[authority:0x7fffd8001160]:  RECV_MESSAGE
I0428 14:18:47.431802 1503744 xds_server.cc:141] ADS[0x55555833d1c0:Default Balancer]: reactor 0x7fffdc002210: OnReadDone(true)
I0428 14:18:47.431824 1503736 promise_based_filter.cc:1412] CLI[authority:0x7fffd8001160] StartBatch has_promise=true sent_initial_state=FORWARDED recv_trailing_state=FORWARDED captured={}
I0428 14:18:47.431836 1503743 ext_proc_filter.cc:237] ExtProc: server_to_client task started
I0428 14:18:47.431818 1503732 promise_based_filter.cc:2315] SVR[compression:0x7fffb8004628] PollTrailingMetadata: INITIAL
I0428 14:18:47.431850 1503736 promise_based_filter.cc:325] FLUSHER:forward batch:  RECV_MESSAGE
I0428 14:18:47.431866 1503743 promise_based_filter.cc:1031] CLI[ext_proc:0x7fffc8001190] ClientCallData.PollContext.Run has_promise=true sent_initial_state=QUEUED recv_trailing_state=QUEUED captured={send_initial_metadata,send_message} recv_initial_metadata=HOOKED_WAITING_FOR_PIPE
I0428 14:18:47.431862 1503732 promise_based_filter.cc:2494] SVR[compression:0x7fffb8004628]: WakeInsideCombiner poll=<<pending>>; send_initial_metadata=FORWARDED send_trailing_metadata=INITIAL
I0428 14:18:47.431879 1503736 channel_stack.cc:297] OP[authority:0x7fffd8001160]:  RECV_MESSAGE
I0428 14:18:47.431843 1503744 xds_server.cc:151] ADS[0x55555833d1c0:Default Balancer]: reactor 0x7fffdc002210: Received request for type type.googleapis.com/envoy.config.endpoint.v3.ClusterLoadAssignment with content goo.gle/debugonly    
version_info: "1"
resource_names: "eds_service_name"
type_url: "type.googleapis.com/envoy.config.endpoint.v3.ClusterLoadAssignment"
response_nonce: "1"

I0428 14:18:47.431903 1503736 promise_based_filter.cc:1412] CLI[client-auth-filter:0x7fffd8001178] StartBatch has_promise=true sent_initial_state=FORWARDED recv_trailing_state=FORWARDED captured={}
I0428 14:18:47.431915 1503744 xds_server.cc:174] ADS[0x55555833d1c0:Default Balancer]: reactor 0x7fffdc002210: client ACKed resource_type=type.googleapis.com/envoy.config.endpoint.v3.ClusterLoadAssignment version=1
I0428 14:18:47.431926 1503736 promise_based_filter.cc:325] FLUSHER:forward batch:  RECV_MESSAGE
I0428 14:18:47.431896 1503732 promise_based_filter.cc:2427] SVR[message_size:0x7fffb80045f8]: WakeInsideCombiner have_promise=true recv_initial_state=COMPLETE send_trailing_state=INITIAL captured={}
I0428 14:18:47.431948 1503744 xds_server.cc:252] ADS[0x55555833d1c0:Default Balancer]: reactor 0x7fffdc002210: MaybeStartWrite(type.googleapis.com/envoy.config.endpoint.v3.ClusterLoadAssignment)
I0428 14:18:47.431886 1503743 promise_based_filter.cc:507] CLI[ext_proc:0x7fffc8001190] SendMessage.WakeInsideCombiner st=GOT_BATCH_NO_PIPE
I0428 14:18:47.431945 1503736 channel_stack.cc:297] OP[client-auth-filter:0x7fffd8001178]:  RECV_MESSAGE
I0428 14:18:47.431961 1503732 promise_based_filter.cc:507] SVR[message_size:0x7fffb80045f8] SendMessage.WakeInsideCombiner st=IDLE
I0428 14:18:47.431982 1503743 promise_based_filter.cc:811] CLI[ext_proc:0x7fffc8001190] ReceiveMessage.WakeInsideCombiner st=FORWARDED_BATCH_NO_PIPE push?=no next?=no allow_push_to_pipe=no
I0428 14:18:47.432005 1503732 promise_based_filter.cc:2469] SVR[message_size:0x7fffb80045f8]: After send_message WakeInsideCombiner have_promise=true recv_initial_state=COMPLETE send_trailing_state=INITIAL captured={} is_idle=true is_forwarded=false
I0428 14:18:47.431966 1503744 xds_server.cc:258] ADS[0x55555833d1c0:Default Balancer]: reactor 0x7fffdc002210: Constructing response
I0428 14:18:47.432025 1503732 promise_based_filter.cc:811] SVR[message_size:0x7fffb80045f8] ReceiveMessage.WakeInsideCombiner st=IDLE push?=no next?=no allow_push_to_pipe=yes
I0428 14:18:47.432014 1503743 promise_based_filter.cc:1115] CLI[ext_proc:0x7fffc8001190] ClientCallData.PollContext.Run: before calling poll; has_promise=true sent_initial_state=QUEUED recv_trailing_state=QUEUED captured={send_initial_metadata,send_message} recv_initial_metadata=HOOKED_WAITING_FOR_PIPE
I0428 14:18:47.431995 1503736 promise_based_filter.cc:1412] CLI[message_size:0x7fffd8001190] StartBatch has_promise=true sent_initial_state=FORWARDED recv_trailing_state=FORWARDED captured={}
I0428 14:18:47.432039 1503744 xds_server.cc:289] ADS[0x55555833d1c0:Default Balancer]: reactor 0x7fffdc002210: client does not need update for: eds_service_name
I0428 14:18:47.432044 1503732 promise_based_filter.cc:2315] SVR[message_size:0x7fffb80045f8] PollTrailingMetadata: INITIAL
I0428 14:18:47.432113 1503736 promise_based_filter.cc:638] CLI[message_size:0x7fffd8001190] ReceiveMessage.StartOp st=IDLE
I0428 14:18:47.432111 1503732 promise_based_filter.cc:2494] SVR[message_size:0x7fffb80045f8]: WakeInsideCombiner poll=<<pending>>; send_initial_metadata=null send_trailing_metadata=INITIAL
I0428 14:18:47.432128 1503736 promise_based_filter.cc:1031] CLI[message_size:0x7fffd8001190] ClientCallData.PollContext.Run has_promise=true sent_initial_state=FORWARDED recv_trailing_state=FORWARDED captured={}
I0428 14:18:47.432145 1503736 promise_based_filter.cc:507] CLI[message_size:0x7fffd8001190] SendMessage.WakeInsideCombiner st=IDLE
I0428 14:18:47.432166 1503744 xds_server.cc:295] ADS[0x55555833d1c0:Default Balancer]: reactor 0x7fffdc002210: no resources to send for type=type.googleapis.com/envoy.config.endpoint.v3.ClusterLoadAssignment
I0428 14:18:47.432162 1503736 promise_based_filter.cc:811] CLI[message_size:0x7fffd8001190] ReceiveMessage.WakeInsideCombiner st=FORWARDED_BATCH push?=no next?=no allow_push_to_pipe=yes
I0428 14:18:47.432178 1503743 promise_based_filter.cc:1695] CLI[ext_proc:0x7fffc8001190] ClientCallData.MakeNextPromise has_promise=true sent_initial_state=QUEUED recv_trailing_state=QUEUED captured={send_initial_metadata,send_message} recv_initial_metadata=HOOKED_WAITING_FOR_PIPE
I0428 14:18:47.432195 1503736 promise_based_filter.cc:1115] CLI[message_size:0x7fffd8001190] ClientCallData.PollContext.Run: before calling poll; has_promise=true sent_initial_state=FORWARDED recv_trailing_state=FORWARDED captured={}
I0428 14:18:47.432208 1503743 promise_based_filter.cc:391] CLI[ext_proc:0x7fffc8001190] SendMessage.GotPipe st=GOT_BATCH_NO_PIPE
I0428 14:18:47.432190 1503744 filter_stack_call.cc:296] OP[server:0x7fffb80045e0]:  RECV_MESSAGE
I0428 14:18:47.432224 1503743 promise_based_filter.cc:678] CLI[ext_proc:0x7fffc8001190] ReceiveMessage.GotPipe st=FORWARDED_BATCH_NO_PIPE
I0428 14:18:47.432224 1503736 promise_based_filter.cc:1756] CLI[message_size:0x7fffd8001190] ClientCallData.PollTrailingMetadata has_promise=true sent_initial_state=FORWARDED recv_trailing_state=FORWARDED captured={}
I0428 14:18:47.432239 1503743 promise_based_filter.cc:1756] CLI[ext_proc:0x7fffc8001190] ClientCallData.PollTrailingMetadata has_promise=true sent_initial_state=QUEUED recv_trailing_state=QUEUED captured={send_initial_metadata,send_message} recv_initial_metadata=HOOKED_AND_GOT_PIPE
I0428 14:18:47.432231 1503744 channel_stack.cc:297] OP[server:0x7fffb80045e0]:  RECV_MESSAGE
I0428 14:18:47.432256 1503743 promise_based_filter.cc:1119] CLI[ext_proc:0x7fffc8001190] ClientCallData.PollContext.Run: poll=<<pending>>; has_promise=true sent_initial_state=FORWARDED recv_trailing_state=FORWARDED captured={send_message} recv_initial_metadata=HOOKED_AND_GOT_PIPE
I0428 14:18:47.432265 1503744 promise_based_filter.cc:2054] SVR[message_size:0x7fffb80045f8] StartBatch: have_promise=true recv_initial_state=COMPLETE send_trailing_state=INITIAL captured={}
I0428 14:18:47.432248 1503736 promise_based_filter.cc:1119] CLI[message_size:0x7fffd8001190] ClientCallData.PollContext.Run: poll=<<pending>>; has_promise=true sent_initial_state=FORWARDED recv_trailing_state=FORWARDED captured={}
I0428 14:18:47.432281 1503744 promise_based_filter.cc:638] SVR[message_size:0x7fffb80045f8] ReceiveMessage.StartOp st=IDLE
I0428 14:18:47.432278 1503743 promise_based_filter.cc:1031] CLI[ext_proc:0x7fffc8001190] ClientCallData.PollContext.Run has_promise=true sent_initial_state=FORWARDED recv_trailing_state=FORWARDED captured={send_message} recv_initial_metadata=HOOKED_AND_GOT_PIPE
I0428 14:18:47.432292 1503744 promise_based_filter.cc:2427] SVR[message_size:0x7fffb80045f8]: WakeInsideCombiner have_promise=true recv_initial_state=COMPLETE send_trailing_state=INITIAL captured={}
I0428 14:18:47.432308 1503743 promise_based_filter.cc:507] CLI[ext_proc:0x7fffc8001190] SendMessage.WakeInsideCombiner st=GOT_BATCH
I0428 14:18:47.432316 1503744 promise_based_filter.cc:507] SVR[message_size:0x7fffb80045f8] SendMessage.WakeInsideCombiner st=IDLE
I0428 14:18:47.432293 1503736 promise_based_filter.cc:325] FLUSHER:forward batch:  RECV_MESSAGE
I0428 14:18:47.432332 1503744 promise_based_filter.cc:2469] SVR[message_size:0x7fffb80045f8]: After send_message WakeInsideCombiner have_promise=true recv_initial_state=COMPLETE send_trailing_state=INITIAL captured={} is_idle=true is_forwarded=false
I0428 14:18:47.432340 1503736 channel_stack.cc:297] OP[message_size:0x7fffd8001190]:  RECV_MESSAGE
I0428 14:18:47.432348 1503744 promise_based_filter.cc:811] SVR[message_size:0x7fffb80045f8] ReceiveMessage.WakeInsideCombiner st=FORWARDED_BATCH push?=no next?=no allow_push_to_pipe=yes
I0428 14:18:47.432353 1503736 promise_based_filter.cc:1412] CLI[http-client:0x7fffd80011a8] StartBatch has_promise=true sent_initial_state=FORWARDED recv_trailing_state=FORWARDED captured={} recv_initial_metadata=RESPONDED
I0428 14:18:47.432365 1503743 ext_proc_filter.cc:194] ExtProc: ClientToServer message received:
24b
I0428 14:18:47.432377 1503736 promise_based_filter.cc:325] FLUSHER:forward batch:  RECV_MESSAGE
I0428 14:18:47.432365 1503744 promise_based_filter.cc:2315] SVR[message_size:0x7fffb80045f8] PollTrailingMetadata: INITIAL
I0428 14:18:47.432387 1503736 channel_stack.cc:297] OP[http-client:0x7fffd80011a8]:  RECV_MESSAGE
I0428 14:18:47.432393 1503744 promise_based_filter.cc:2494] SVR[message_size:0x7fffb80045f8]: WakeInsideCombiner poll=<<pending>>; send_initial_metadata=null send_trailing_metadata=INITIAL
I0428 14:18:47.432402 1503736 promise_based_filter.cc:1412] CLI[compression:0x7fffd80011c0] StartBatch has_promise=true sent_initial_state=FORWARDED recv_trailing_state=FORWARDED captured={} recv_initial_metadata=RESPONDED
I0428 14:18:47.432389 1503743 ext_proc_filter.cc:200] ExtProc: message modifier status: INVALID_ARGUMENT: injected error
I0428 14:18:47.432410 1503744 promise_based_filter.cc:325] FLUSHER:forward batch:  RECV_MESSAGE
I0428 14:18:47.432413 1503736 promise_based_filter.cc:638] CLI[compression:0x7fffd80011c0] ReceiveMessage.StartOp st=IDLE
I0428 14:18:47.432420 1503744 channel_stack.cc:297] OP[message_size:0x7fffb80045f8]:  RECV_MESSAGE
I0428 14:18:47.432425 1503736 promise_based_filter.cc:1031] CLI[compression:0x7fffd80011c0] ClientCallData.PollContext.Run has_promise=true sent_initial_state=FORWARDED recv_trailing_state=FORWARDED captured={} recv_initial_metadata=RESPONDED
I0428 14:18:47.432435 1503744 promise_based_filter.cc:2054] SVR[http-server:0x7fffb8004610] StartBatch: have_promise=true recv_initial_state=COMPLETE send_trailing_state=INITIAL captured={} send_initial_metadata=FORWARDED
I0428 14:18:47.432432 1503743 call_spine.h:316] !!!! Parent call cancelled. Propagating cancellation to child call, call_spine: 0x7fffc8002810
I0428 14:18:47.432440 1503736 promise_based_filter.cc:507] CLI[compression:0x7fffd80011c0] SendMessage.WakeInsideCombiner st=IDLE
I0428 14:18:47.432466 1503743 call_spine.h:318] !!!! child call propagate: 0x7fffc8002ad0
I0428 14:18:47.432451 1503744 promise_based_filter.cc:325] FLUSHER:forward batch:  RECV_MESSAGE
I0428 14:18:47.432477 1503736 promise_based_filter.cc:811] CLI[compression:0x7fffd80011c0] ReceiveMessage.WakeInsideCombiner st=FORWARDED_BATCH push?=no next?=no allow_push_to_pipe=yes
I0428 14:18:47.432490 1503744 channel_stack.cc:297] OP[http-server:0x7fffb8004610]:  RECV_MESSAGE
I0428 14:18:47.432502 1503736 promise_based_filter.cc:1115] CLI[compression:0x7fffd80011c0] ClientCallData.PollContext.Run: before calling poll; has_promise=true sent_initial_state=FORWARDED recv_trailing_state=FORWARDED captured={} recv_initial_metadata=RESPONDED
I0428 14:18:47.432508 1503744 promise_based_filter.cc:2054] SVR[compression:0x7fffb8004628] StartBatch: have_promise=true recv_initial_state=COMPLETE send_trailing_state=INITIAL captured={} send_initial_metadata=FORWARDED
I0428 14:18:47.432516 1503736 promise_based_filter.cc:1756] CLI[compression:0x7fffd80011c0] ClientCallData.PollTrailingMetadata has_promise=true sent_initial_state=FORWARDED recv_trailing_state=FORWARDED captured={} recv_initial_metadata=RESPONDED
I0428 14:18:47.432520 1503744 promise_based_filter.cc:638] SVR[compression:0x7fffb8004628] ReceiveMessage.StartOp st=IDLE
I0428 14:18:47.432534 1503736 promise_based_filter.cc:1119] CLI[compression:0x7fffd80011c0] ClientCallData.PollContext.Run: poll=<<pending>>; has_promise=true sent_initial_state=FORWARDED recv_trailing_state=FORWARDED captured={} recv_initial_metadata=RESPONDED
I0428 14:18:47.432517 1503743 ext_proc_filter.cc:160] ExtProc: ServerToClient initial metadata received, present: false
I0428 14:18:47.432551 1503736 promise_based_filter.cc:325] FLUSHER:forward batch:  RECV_MESSAGE
I0428 14:18:47.432543 1503744 promise_based_filter.cc:2427] SVR[compression:0x7fffb8004628]: WakeInsideCombiner have_promise=true recv_initial_state=COMPLETE send_trailing_state=INITIAL captured={} send_initial_metadata=FORWARDED
I0428 14:18:47.432561 1503743 ext_proc_filter.cc:183] ExtProc: ServerToClient initial metadata not present, skipping to trailing
I0428 14:18:47.432564 1503736 channel_stack.cc:297] OP[compression:0x7fffd80011c0]:  RECV_MESSAGE
I0428 14:18:47.432579 1503744 promise_based_filter.cc:507] SVR[compression:0x7fffb8004628] SendMessage.WakeInsideCombiner st=IDLE
I0428 14:18:47.433045 1503744 promise_based_filter.cc:2469] SVR[compression:0x7fffb8004628]: After send_message WakeInsideCombiner have_promise=true recv_initial_state=COMPLETE send_trailing_state=INITIAL captured={} send_initial_metadata=FORWARDED is_idle=true is_forwarded=false
I0428 14:18:47.432602 1503743 ext_proc_filter.cc:145] ExtProc: ServerTrailingMetadata received:
grpc-status: CANCELLED, GrpcCallWasCancelled: true
I0428 14:18:47.433064 1503744 promise_based_filter.cc:811] SVR[compression:0x7fffb8004628] ReceiveMessage.WakeInsideCombiner st=FORWARDED_BATCH push?=no next?=no allow_push_to_pipe=yes
I0428 14:18:47.433080 1503744 promise_based_filter.cc:2315] SVR[compression:0x7fffb8004628] PollTrailingMetadata: INITIAL
I0428 14:18:47.433092 1503744 promise_based_filter.cc:2494] SVR[compression:0x7fffb8004628]: WakeInsideCombiner poll=<<pending>>; send_initial_metadata=FORWARDED send_trailing_metadata=INITIAL
I0428 14:18:47.433108 1503744 promise_based_filter.cc:325] FLUSHER:forward batch:  RECV_MESSAGE
I0428 14:18:47.433118 1503744 channel_stack.cc:297] OP[compression:0x7fffb8004628]:  RECV_MESSAGE
I0428 14:18:47.433108 1503743 promise_based_filter.cc:811] CLI[ext_proc:0x7fffc8001190] ReceiveMessage.WakeInsideCombiner st=FORWARDED_BATCH push?=no next?=no allow_push_to_pipe=no
I0428 14:18:47.433131 1503744 promise_based_filter.cc:2054] SVR[server-auth:0x7fffb8004640] StartBatch: have_promise=true recv_initial_state=COMPLETE send_trailing_state=INITIAL captured={}
I0428 14:18:47.433148 1503743 promise_based_filter.cc:1115] CLI[ext_proc:0x7fffc8001190] ClientCallData.PollContext.Run: before calling poll; has_promise=true sent_initial_state=FORWARDED recv_trailing_state=FORWARDED captured={send_message} recv_initial_metadata=HOOKED_AND_GOT_PIPE
I0428 14:18:47.433170 1503744 promise_based_filter.cc:325] FLUSHER:forward batch:  RECV_MESSAGE
I0428 14:18:47.433192 1503744 channel_stack.cc:297] OP[server-auth:0x7fffb8004640]:  RECV_MESSAGE
I0428 14:18:47.433184 1503743 promise_based_filter.cc:1119] CLI[ext_proc:0x7fffc8001190] ClientCallData.PollContext.Run: poll=grpc-message: injected error, grpc-status: INVALID_ARGUMENT, GrpcCallWasCancelled: true; has_promise=true sent_initial_state=FORWARDED recv_trailing_state=FORWARDED captured={send_message} recv_initial_metadata=HOOKED_AND_GOT_PIPE
I0428 14:18:47.433205 1503744 promise_based_filter.cc:2054] SVR[server_call_tracer:0x7fffb8004658] StartBatch: have_promise=true recv_initial_state=COMPLETE send_trailing_state=INITIAL captured={} send_initial_metadata=FORWARDED
I0428 14:18:47.433221 1503744 promise_based_filter.cc:325] FLUSHER:forward batch:  RECV_MESSAGE
I0428 14:18:47.433231 1503744 channel_stack.cc:297] OP[server_call_tracer:0x7fffb8004658]:  RECV_MESSAGE
I0428 14:18:47.433225 1503743 promise_based_filter.cc:466] CLI[ext_proc:0x7fffc8001190] SendMessage.Done st=PUSHED_TO_PIPE md=grpc-message: injected error, grpc-status: INVALID_ARGUMENT, GrpcCallWasCancelled: true
I0428 14:18:47.433264 1503743 promise_based_filter.cc:753] CLI[ext_proc:0x7fffc8001190] ReceiveMessage.Done st=FORWARDED_BATCH md=grpc-message: injected error, grpc-status: INVALID_ARGUMENT, GrpcCallWasCancelled: true
I0428 14:18:47.433289 1503743 promise_based_filter.cc:1211] CLI[ext_proc:0x7fffc8001190] ClientCallData.PollContext.Run: cancelling stream, send_initial_state_=FORWARDED
I0428 14:18:47.433309 1503743 promise_based_filter.cc:325] FLUSHER:forward batch:  CANCEL:INVALID_ARGUMENT:injected error
I0428 14:18:47.433324 1503743 channel_stack.cc:297] OP[ext_proc:0x7fffc8001190]:  CANCEL:INVALID_ARGUMENT:injected error
I0428 14:18:47.433339 1503743 promise_based_filter.cc:1412] CLI[cluster_selection_filter:0x7fffc80011a8] StartBatch has_promise=false sent_initial_state=INITIAL recv_trailing_state=INITIAL captured={} recv_initial_metadata=INITIAL
I0428 14:18:47.433353 1503743 promise_based_filter.cc:1534] CLI[cluster_selection_filter:0x7fffc80011a8] Cancel error=INVALID_ARGUMENT: injected error
I0428 14:18:47.433366 1503743 promise_based_filter.cc:1031] CLI[cluster_selection_filter:0x7fffc80011a8] ClientCallData.PollContext.Run has_promise=false sent_initial_state=CANCELLED recv_trailing_state=INITIAL captured={} recv_initial_metadata=INITIAL
I0428 14:18:47.433378 1503743 promise_based_filter.cc:325] FLUSHER:forward batch:  CANCEL:INVALID_ARGUMENT:injected error
I0428 14:18:47.433390 1503743 channel_stack.cc:297] OP[cluster_selection_filter:0x7fffc80011a8]:  CANCEL:INVALID_ARGUMENT:injected error
I0428 14:18:47.433427 1503743 promise_based_filter.cc:1805] CLI[client_idle:0x555558386960] ClientCallData.RecvTrailingMetadataReady recv_trailing_state=FORWARDED error=INVALID_ARGUMENT: injected error md=
I0428 14:18:47.433452 1503743 promise_based_filter.cc:1031] CLI[client_idle:0x555558386960] ClientCallData.PollContext.Run has_promise=true sent_initial_state=FORWARDED recv_trailing_state=COMPLETE captured={}
I0428 14:18:47.433465 1503743 promise_based_filter.cc:1115] CLI[client_idle:0x555558386960] ClientCallData.PollContext.Run: before calling poll; has_promise=true sent_initial_state=FORWARDED recv_trailing_state=COMPLETE captured={}
I0428 14:18:47.433475 1503743 promise_based_filter.cc:1756] CLI[client_idle:0x555558386960] ClientCallData.PollTrailingMetadata has_promise=true sent_initial_state=FORWARDED recv_trailing_state=COMPLETE captured={}
I0428 14:18:47.433485 1503743 promise_based_filter.cc:1119] CLI[client_idle:0x555558386960] ClientCallData.PollContext.Run: poll=GrpcStatusContext: INVALID_ARGUMENT:injected error, grpc-message: injected error, grpc-status: INVALID_ARGUMENT; has_promise=true sent_initial_state=FORWARDED recv_trailing_state=COMPLETE captured={}
I0428 14:18:47.433597 1503743 promise_based_filter.cc:1031] CLI[ext_proc:0x7fffc8001190] ClientCallData.PollContext.Run has_promise=false sent_initial_state=FORWARDED recv_trailing_state=CANCELLED captured={send_message} recv_initial_metadata=HOOKED_AND_GOT_PIPE
I0428 14:18:47.433617 1503743 promise_based_filter.cc:507] CLI[ext_proc:0x7fffc8001190] SendMessage.WakeInsideCombiner st=CANCELLED_BUT_NOT_YET_POLLED
I0428 14:18:47.433631 1503743 promise_based_filter.cc:811] CLI[ext_proc:0x7fffc8001190] ReceiveMessage.WakeInsideCombiner st=CANCELLED push?=no next?=no allow_push_to_pipe=no
I0428 14:18:47.433647 1503743 filter_stack_call.cc:296] OP[client_idle:0x555558386960]:  CANCEL:INVALID_ARGUMENT:injected error
I0428 14:18:47.433661 1503743 promise_based_filter.cc:1412] CLI[client_idle:0x555558386960] StartBatch has_promise=false sent_initial_state=FORWARDED recv_trailing_state=RESPONDED captured={}
I0428 14:18:47.433673 1503743 promise_based_filter.cc:1534] CLI[client_idle:0x555558386960] Cancel error=INVALID_ARGUMENT: injected error
I0428 14:18:47.433685 1503743 promise_based_filter.cc:1031] CLI[client_idle:0x555558386960] ClientCallData.PollContext.Run has_promise=false sent_initial_state=CANCELLED recv_trailing_state=RESPONDED captured={}
I0428 14:18:47.433696 1503743 promise_based_filter.cc:325] FLUSHER:forward batch:  CANCEL:INVALID_ARGUMENT:injected error
I0428 14:18:47.433708 1503743 channel_stack.cc:297] OP[client_idle:0x555558386960]:  CANCEL:INVALID_ARGUMENT:injected error
I0428 14:18:47.433721 1503743 dynamic_filters.cc:76] OP[ext_proc:0x7fffc8001190]:  CANCEL:INVALID_ARGUMENT:injected error
I0428 14:18:47.433734 1503743 promise_based_filter.cc:1412] CLI[ext_proc:0x7fffc8001190] StartBatch has_promise=false sent_initial_state=FORWARDED recv_trailing_state=CANCELLED captured={send_message} recv_initial_metadata=HOOKED_AND_GOT_PIPE
I0428 14:18:47.433746 1503743 promise_based_filter.cc:1534] CLI[ext_proc:0x7fffc8001190] Cancel error=INVALID_ARGUMENT: injected error
