I0428 14:18:47.127669 1503746 promise_based_filter.cc:391] SVR[compression:0x7fffb8004628] SendMessage.GotPipe st=INITIAL
I0428 14:18:47.127694 1503746 promise_based_filter.cc:678] SVR[compression:0x7fffb8004628] ReceiveMessage.GotPipe st=INITIAL
I0428 14:18:47.127708 1503746 promise_based_filter.cc:2427] SVR[compression:0x7fffb8004628]: WakeInsideCombiner have_promise=true recv_initial_state=COMPLETE send_trailing_state=INITIAL captured={} send_initial_metadata=GOT_PIPE
I0428 14:18:47.127723 1503746 promise_based_filter.cc:507] SVR[compression:0x7fffb8004628] SendMessage.WakeInsideCombiner st=IDLE
I0428 14:18:47.127741 1503746 promise_based_filter.cc:2469] SVR[compression:0x7fffb8004628]: After send_message WakeInsideCombiner have_promise=true recv_initial_state=COMPLETE send_trailing_state=INITIAL captured={} send_initial_metadata=GOT_PIPE is_idle=true is_forwarded=false
I0428 14:18:47.127760 1503746 promise_based_filter.cc:811] SVR[compression:0x7fffb8004628] ReceiveMessage.WakeInsideCombiner st=IDLE push?=no next?=no allow_push_to_pipe=yes
I0428 14:18:47.127775 1503746 promise_based_filter.cc:2315] SVR[compression:0x7fffb8004628] PollTrailingMetadata: INITIAL
I0428 14:18:47.127786 1503746 promise_based_filter.cc:2494] SVR[compression:0x7fffb8004628]: WakeInsideCombiner poll=<<pending>>; send_initial_metadata=GOT_PIPE send_trailing_metadata=INITIAL
I0428 14:18:47.127804 1503746 promise_based_filter.cc:2363] SVR[http-server:0x7fffb8004610]: RecvInitialMetadataReady OK
I0428 14:18:47.127826 1503746 promise_based_filter.cc:2427] SVR[http-server:0x7fffb8004610]: WakeInsideCombiner have_promise=true recv_initial_state=COMPLETE send_trailing_state=INITIAL captured={} send_initial_metadata=GOT_PIPE
I0428 14:18:47.127840 1503746 promise_based_filter.cc:2315] SVR[http-server:0x7fffb8004610] PollTrailingMetadata: INITIAL
I0428 14:18:47.127851 1503746 promise_based_filter.cc:2494] SVR[http-server:0x7fffb8004610]: WakeInsideCombiner poll=<<pending>>; send_initial_metadata=GOT_PIPE send_trailing_metadata=INITIAL
I0428 14:18:47.127865 1503746 promise_based_filter.cc:2363] SVR[message_size:0x7fffb80045f8]: RecvInitialMetadataReady OK
I0428 14:18:47.127880 1503746 promise_based_filter.cc:391] SVR[message_size:0x7fffb80045f8] SendMessage.GotPipe st=INITIAL
I0428 14:18:47.127891 1503746 promise_based_filter.cc:678] SVR[message_size:0x7fffb80045f8] ReceiveMessage.GotPipe st=INITIAL
I0428 14:18:47.127903 1503746 promise_based_filter.cc:2427] SVR[message_size:0x7fffb80045f8]: WakeInsideCombiner have_promise=true recv_initial_state=COMPLETE send_trailing_state=INITIAL captured={}
I0428 14:18:47.127916 1503746 promise_based_filter.cc:507] SVR[message_size:0x7fffb80045f8] SendMessage.WakeInsideCombiner st=IDLE
I0428 14:18:47.127927 1503746 promise_based_filter.cc:2469] SVR[message_size:0x7fffb80045f8]: After send_message WakeInsideCombiner have_promise=true recv_initial_state=COMPLETE send_trailing_state=INITIAL captured={} is_idle=true is_forwarded=false
I0428 14:18:47.127941 1503746 promise_based_filter.cc:811] SVR[message_size:0x7fffb80045f8] ReceiveMessage.WakeInsideCombiner st=IDLE push?=no next?=no allow_push_to_pipe=yes
I0428 14:18:47.127956 1503746 promise_based_filter.cc:2315] SVR[message_size:0x7fffb80045f8] PollTrailingMetadata: INITIAL
I0428 14:18:47.127967 1503746 promise_based_filter.cc:2494] SVR[message_size:0x7fffb80045f8]: WakeInsideCombiner poll=<<pending>>; send_initial_metadata=null send_trailing_metadata=INITIAL
I0428 14:18:47.128069 1503737 filter_stack_call.cc:296] OP[server:0x7fffb80045e0]:  RECV_TRAILING_METADATA
I0428 14:18:47.128119 1503737 channel_stack.cc:297] OP[server:0x7fffb80045e0]:  RECV_TRAILING_METADATA
I0428 14:18:47.128139 1503737 promise_based_filter.cc:2054] SVR[message_size:0x7fffb80045f8] StartBatch: have_promise=true recv_initial_state=COMPLETE send_trailing_state=INITIAL captured={}
I0428 14:18:47.128157 1503737 promise_based_filter.cc:325] FLUSHER:forward batch:  RECV_TRAILING_METADATA
I0428 14:18:47.128169 1503737 channel_stack.cc:297] OP[message_size:0x7fffb80045f8]:  RECV_TRAILING_METADATA
I0428 14:18:47.128183 1503737 promise_based_filter.cc:2054] SVR[http-server:0x7fffb8004610] StartBatch: have_promise=true recv_initial_state=COMPLETE send_trailing_state=INITIAL captured={} send_initial_metadata=GOT_PIPE
I0428 14:18:47.128197 1503737 promise_based_filter.cc:325] FLUSHER:forward batch:  RECV_TRAILING_METADATA
I0428 14:18:47.128206 1503737 channel_stack.cc:297] OP[http-server:0x7fffb8004610]:  RECV_TRAILING_METADATA
I0428 14:18:47.128218 1503737 promise_based_filter.cc:2054] SVR[compression:0x7fffb8004628] StartBatch: have_promise=true recv_initial_state=COMPLETE send_trailing_state=INITIAL captured={} send_initial_metadata=GOT_PIPE
I0428 14:18:47.128230 1503737 promise_based_filter.cc:325] FLUSHER:forward batch:  RECV_TRAILING_METADATA
I0428 14:18:47.128240 1503737 channel_stack.cc:297] OP[compression:0x7fffb8004628]:  RECV_TRAILING_METADATA
I0428 14:18:47.128251 1503737 promise_based_filter.cc:2054] SVR[server-auth:0x7fffb8004640] StartBatch: have_promise=true recv_initial_state=COMPLETE send_trailing_state=INITIAL captured={}
I0428 14:18:47.128263 1503737 promise_based_filter.cc:325] FLUSHER:forward batch:  RECV_TRAILING_METADATA
I0428 14:18:47.128276 1503737 channel_stack.cc:297] OP[server-auth:0x7fffb8004640]:  RECV_TRAILING_METADATA
I0428 14:18:47.128289 1503737 promise_based_filter.cc:2054] SVR[server_call_tracer:0x7fffb8004658] StartBatch: have_promise=true recv_initial_state=COMPLETE send_trailing_state=INITIAL captured={} send_initial_metadata=GOT_PIPE
I0428 14:18:47.128301 1503737 promise_based_filter.cc:325] FLUSHER:forward batch:  RECV_TRAILING_METADATA
I0428 14:18:47.128311 1503737 channel_stack.cc:297] OP[server_call_tracer:0x7fffb8004658]:  RECV_TRAILING_METADATA
I0428 14:18:47.128332 1503737 xds_server.cc:91] ADS[0x55555833d1c0:Default Balancer]: reactor 0x7fffdc002210: StreamAggregatedResources starts
I0428 14:18:47.128358 1503737 filter_stack_call.cc:296] OP[server:0x7fffb80045e0]:  RECV_MESSAGE
I0428 14:18:47.128373 1503737 channel_stack.cc:297] OP[server:0x7fffb80045e0]:  RECV_MESSAGE
I0428 14:18:47.128385 1503737 promise_based_filter.cc:2054] SVR[message_size:0x7fffb80045f8] StartBatch: have_promise=true recv_initial_state=COMPLETE send_trailing_state=INITIAL captured={}
I0428 14:18:47.128397 1503737 promise_based_filter.cc:638] SVR[message_size:0x7fffb80045f8] ReceiveMessage.StartOp st=IDLE
I0428 14:18:47.128410 1503737 promise_based_filter.cc:2427] SVR[message_size:0x7fffb80045f8]: WakeInsideCombiner have_promise=true recv_initial_state=COMPLETE send_trailing_state=INITIAL captured={}
I0428 14:18:47.128422 1503737 promise_based_filter.cc:507] SVR[message_size:0x7fffb80045f8] SendMessage.WakeInsideCombiner st=IDLE
I0428 14:18:47.128435 1503737 promise_based_filter.cc:2469] SVR[message_size:0x7fffb80045f8]: After send_message WakeInsideCombiner have_promise=true recv_initial_state=COMPLETE send_trailing_state=INITIAL captured={} is_idle=true is_forwarded=false
I0428 14:18:47.128450 1503737 promise_based_filter.cc:811] SVR[message_size:0x7fffb80045f8] ReceiveMessage.WakeInsideCombiner st=FORWARDED_BATCH push?=no next?=no allow_push_to_pipe=yes
I0428 14:18:47.128465 1503737 promise_based_filter.cc:2315] SVR[message_size:0x7fffb80045f8] PollTrailingMetadata: INITIAL
I0428 14:18:47.128476 1503737 promise_based_filter.cc:2494] SVR[message_size:0x7fffb80045f8]: WakeInsideCombiner poll=<<pending>>; send_initial_metadata=null send_trailing_metadata=INITIAL
I0428 14:18:47.128490 1503737 promise_based_filter.cc:325] FLUSHER:forward batch:  RECV_MESSAGE
I0428 14:18:47.128500 1503737 channel_stack.cc:297] OP[message_size:0x7fffb80045f8]:  RECV_MESSAGE
I0428 14:18:47.128512 1503737 promise_based_filter.cc:2054] SVR[http-server:0x7fffb8004610] StartBatch: have_promise=true recv_initial_state=COMPLETE send_trailing_state=INITIAL captured={} send_initial_metadata=GOT_PIPE
I0428 14:18:47.128524 1503737 promise_based_filter.cc:325] FLUSHER:forward batch:  RECV_MESSAGE
I0428 14:18:47.128534 1503737 channel_stack.cc:297] OP[http-server:0x7fffb8004610]:  RECV_MESSAGE
I0428 14:18:47.128546 1503737 promise_based_filter.cc:2054] SVR[compression:0x7fffb8004628] StartBatch: have_promise=true recv_initial_state=COMPLETE send_trailing_state=INITIAL captured={} send_initial_metadata=GOT_PIPE
I0428 14:18:47.128558 1503737 promise_based_filter.cc:638] SVR[compression:0x7fffb8004628] ReceiveMessage.StartOp st=IDLE
I0428 14:18:47.128569 1503737 promise_based_filter.cc:2427] SVR[compression:0x7fffb8004628]: WakeInsideCombiner have_promise=true recv_initial_state=COMPLETE send_trailing_state=INITIAL captured={} send_initial_metadata=GOT_PIPE
I0428 14:18:47.128583 1503737 promise_based_filter.cc:507] SVR[compression:0x7fffb8004628] SendMessage.WakeInsideCombiner st=IDLE
I0428 14:18:47.128595 1503737 promise_based_filter.cc:2469] SVR[compression:0x7fffb8004628]: After send_message WakeInsideCombiner have_promise=true recv_initial_state=COMPLETE send_trailing_state=INITIAL captured={} send_initial_metadata=GOT_PIPE is_idle=true is_forwarded=false
I0428 14:18:47.128610 1503737 promise_based_filter.cc:811] SVR[compression:0x7fffb8004628] ReceiveMessage.WakeInsideCombiner st=FORWARDED_BATCH push?=no next?=no allow_push_to_pipe=yes
I0428 14:18:47.128631 1503737 promise_based_filter.cc:2315] SVR[compression:0x7fffb8004628] PollTrailingMetadata: INITIAL
I0428 14:18:47.128657 1503737 promise_based_filter.cc:2494] SVR[compression:0x7fffb8004628]: WakeInsideCombiner poll=<<pending>>; send_initial_metadata=GOT_PIPE send_trailing_metadata=INITIAL
I0428 14:18:47.128671 1503737 promise_based_filter.cc:325] FLUSHER:forward batch:  RECV_MESSAGE
I0428 14:18:47.128681 1503737 channel_stack.cc:297] OP[compression:0x7fffb8004628]:  RECV_MESSAGE
I0428 14:18:47.128693 1503737 promise_based_filter.cc:2054] SVR[server-auth:0x7fffb8004640] StartBatch: have_promise=true recv_initial_state=COMPLETE send_trailing_state=INITIAL captured={}
I0428 14:18:47.128705 1503737 promise_based_filter.cc:325] FLUSHER:forward batch:  RECV_MESSAGE
I0428 14:18:47.128715 1503737 channel_stack.cc:297] OP[server-auth:0x7fffb8004640]:  RECV_MESSAGE
I0428 14:18:47.128727 1503737 promise_based_filter.cc:2054] SVR[server_call_tracer:0x7fffb8004658] StartBatch: have_promise=true recv_initial_state=COMPLETE send_trailing_state=INITIAL captured={} send_initial_metadata=GOT_PIPE
I0428 14:18:47.128740 1503737 promise_based_filter.cc:325] FLUSHER:forward batch:  RECV_MESSAGE
I0428 14:18:47.128750 1503737 channel_stack.cc:297] OP[server_call_tracer:0x7fffb8004658]:  RECV_MESSAGE
I0428 14:18:47.128770 1503737 promise_based_filter.cc:713] SVR[compression:0x7fffb8004628] ReceiveMessage.OnComplete st=FORWARDED_BATCH status=OK
I0428 14:18:47.128785 1503737 promise_based_filter.cc:2427] SVR[compression:0x7fffb8004628]: WakeInsideCombiner have_promise=true recv_initial_state=COMPLETE send_trailing_state=INITIAL captured={} send_initial_metadata=GOT_PIPE
I0428 14:18:47.128797 1503737 promise_based_filter.cc:507] SVR[compression:0x7fffb8004628] SendMessage.WakeInsideCombiner st=IDLE
I0428 14:18:47.128809 1503737 promise_based_filter.cc:2469] SVR[compression:0x7fffb8004628]: After send_message WakeInsideCombiner have_promise=true recv_initial_state=COMPLETE send_trailing_state=INITIAL captured={} send_initial_metadata=GOT_PIPE is_idle=true is_forwarded=false
I0428 14:18:47.128824 1503737 promise_based_filter.cc:811] SVR[compression:0x7fffb8004628] ReceiveMessage.WakeInsideCombiner st=BATCH_COMPLETED push?=no next?=no allow_push_to_pipe=yes
I0428 14:18:47.128852 1503737 promise_based_filter.cc:901] SVR[compression:0x7fffb8004628] ReceiveMessage.WakeInsideCombiner next complete: got message new_state=PULLED_FROM_PIPE
I0428 14:18:47.128866 1503737 promise_based_filter.cc:917] SVR[compression:0x7fffb8004628] ReceiveMessage.WakeInsideCombiner push complete
I0428 14:18:47.128878 1503737 promise_based_filter.cc:2315] SVR[compression:0x7fffb8004628] PollTrailingMetadata: INITIAL
I0428 14:18:47.128890 1503737 promise_based_filter.cc:2494] SVR[compression:0x7fffb8004628]: WakeInsideCombiner poll=<<pending>>; send_initial_metadata=GOT_PIPE send_trailing_metadata=INITIAL
I0428 14:18:47.128905 1503737 promise_based_filter.cc:713] SVR[message_size:0x7fffb80045f8] ReceiveMessage.OnComplete st=FORWARDED_BATCH status=OK
I0428 14:18:47.128918 1503737 promise_based_filter.cc:2427] SVR[message_size:0x7fffb80045f8]: WakeInsideCombiner have_promise=true recv_initial_state=COMPLETE send_trailing_state=INITIAL captured={}
I0428 14:18:47.128930 1503737 promise_based_filter.cc:507] SVR[message_size:0x7fffb80045f8] SendMessage.WakeInsideCombiner st=IDLE
I0428 14:18:47.128942 1503737 promise_based_filter.cc:2469] SVR[message_size:0x7fffb80045f8]: After send_message WakeInsideCombiner have_promise=true recv_initial_state=COMPLETE send_trailing_state=INITIAL captured={} is_idle=true is_forwarded=false
I0428 14:18:47.128956 1503737 promise_based_filter.cc:811] SVR[message_size:0x7fffb80045f8] ReceiveMessage.WakeInsideCombiner st=BATCH_COMPLETED push?=no next?=no allow_push_to_pipe=yes
I0428 14:18:47.128976 1503737 promise_based_filter.cc:901] SVR[message_size:0x7fffb80045f8] ReceiveMessage.WakeInsideCombiner next complete: got message new_state=PULLED_FROM_PIPE
I0428 14:18:47.128990 1503737 promise_based_filter.cc:917] SVR[message_size:0x7fffb80045f8] ReceiveMessage.WakeInsideCombiner push complete
I0428 14:18:47.129001 1503737 promise_based_filter.cc:2315] SVR[message_size:0x7fffb80045f8] PollTrailingMetadata: INITIAL
I0428 14:18:47.129013 1503737 promise_based_filter.cc:2494] SVR[message_size:0x7fffb80045f8]: WakeInsideCombiner poll=<<pending>>; send_initial_metadata=null send_trailing_metadata=INITIAL
I0428 14:18:47.129042 1503737 promise_based_filter.cc:2427] SVR[compression:0x7fffb8004628]: WakeInsideCombiner have_promise=true recv_initial_state=COMPLETE send_trailing_state=INITIAL captured={} send_initial_metadata=GOT_PIPE
I0428 14:18:47.129056 1503737 promise_based_filter.cc:507] SVR[compression:0x7fffb8004628] SendMessage.WakeInsideCombiner st=IDLE
I0428 14:18:47.129068 1503737 promise_based_filter.cc:2469] SVR[compression:0x7fffb8004628]: After send_message WakeInsideCombiner have_promise=true recv_initial_state=COMPLETE send_trailing_state=INITIAL captured={} send_initial_metadata=GOT_PIPE is_idle=true is_forwarded=false
I0428 14:18:47.129083 1503737 promise_based_filter.cc:811] SVR[compression:0x7fffb8004628] ReceiveMessage.WakeInsideCombiner st=IDLE push?=no next?=no allow_push_to_pipe=yes
I0428 14:18:47.129097 1503737 promise_based_filter.cc:2315] SVR[compression:0x7fffb8004628] PollTrailingMetadata: INITIAL
I0428 14:18:47.129108 1503737 promise_based_filter.cc:2494] SVR[compression:0x7fffb8004628]: WakeInsideCombiner poll=<<pending>>; send_initial_metadata=GOT_PIPE send_trailing_metadata=INITIAL
I0428 14:18:47.129122 1503737 promise_based_filter.cc:2427] SVR[message_size:0x7fffb80045f8]: WakeInsideCombiner have_promise=true recv_initial_state=COMPLETE send_trailing_state=INITIAL captured={}
I0428 14:18:47.129108 1503738 xds_server.cc:141] ADS[0x55555833d1c0:Default Balancer]: reactor 0x7fffdc002210: OnReadDone(true)
I0428 14:18:47.129134 1503737 promise_based_filter.cc:507] SVR[message_size:0x7fffb80045f8] SendMessage.WakeInsideCombiner st=IDLE
I0428 14:18:47.129179 1503737 promise_based_filter.cc:2469] SVR[message_size:0x7fffb80045f8]: After send_message WakeInsideCombiner have_promise=true recv_initial_state=COMPLETE send_trailing_state=INITIAL captured={} is_idle=true is_forwarded=false
I0428 14:18:47.129196 1503737 promise_based_filter.cc:811] SVR[message_size:0x7fffb80045f8] ReceiveMessage.WakeInsideCombiner st=IDLE push?=no next?=no allow_push_to_pipe=yes
I0428 14:18:47.129213 1503737 promise_based_filter.cc:2315] SVR[message_size:0x7fffb80045f8] PollTrailingMetadata: INITIAL
I0428 14:18:47.129225 1503737 promise_based_filter.cc:2494] SVR[message_size:0x7fffb80045f8]: WakeInsideCombiner poll=<<pending>>; send_initial_metadata=null send_trailing_metadata=INITIAL
I0428 14:18:47.129176 1503738 xds_server.cc:151] ADS[0x55555833d1c0:Default Balancer]: reactor 0x7fffdc002210: Received request for type type.googleapis.com/envoy.config.listener.v3.Listener with content goo.gle/debugonly    
node {
  id: "xds_end2end_test"
  cluster: "test"
  metadata {
    fields {
      key: "foo"
      value {
        string_value: "bar"
      }
    }
  }
  locality {
    region: "corp"
    zone: "svl"
    sub_zone: "mp3"
  }
  user_agent_name: "gRPC C-core linux"
  user_agent_version: "C-core 53.0.0"
  client_features: "envoy.lb.does_not_support_overprovisioning"
  client_features: "xds.config.resource-in-sotw"
}
resource_names: "server.example.com"
type_url: "type.googleapis.com/envoy.config.listener.v3.Listener"

I0428 14:18:47.134759 1503738 xds_server.cc:217] ADS[0x55555833d1c0:Default Balancer]: reactor 0x7fffdc002210: subscribe to resource type type.googleapis.com/envoy.config.listener.v3.Listener name server.example.com
I0428 14:18:47.134784 1503738 xds_server.cc:252] ADS[0x55555833d1c0:Default Balancer]: reactor 0x7fffdc002210: MaybeStartWrite(type.googleapis.com/envoy.config.listener.v3.Listener)
I0428 14:18:47.134797 1503738 xds_server.cc:258] ADS[0x55555833d1c0:Default Balancer]: reactor 0x7fffdc002210: Constructing response
I0428 14:18:47.134810 1503738 xds_server.cc:273] ADS[0x55555833d1c0:Default Balancer]: reactor 0x7fffdc002210: Sending update for: server.example.com
I0428 14:18:47.134827 1503738 xds_server.cc:306] ADS[0x55555833d1c0:Default Balancer]: reactor 0x7fffdc002210: sending response: goo.gle/debugonly    
version_info: "2"
resources {
  [type.googleapis.com/envoy.config.listener.v3.Listener] {
    name: "server.example.com"
    api_listener {
      api_listener {
        [type.googleapis.com/envoy.extensions.filters.network.http_connection_manager.v3.HttpConnectionManager] {
          route_config {
            name: "route_config_name"
            virtual_hosts {
              domains: "*"
              routes {
                match {
                  prefix: ""
                }
                route {
                  cluster: "cluster_name"
                }
              }
            }
          }
          http_filters {
            name: "ext_proc_instance"
            typed_config {
              [type.googleapis.com/envoy.extensions.filters.http.ext_proc.v3.ExternalProcessor] {
                grpc_service {
                  google_grpc {
                    target_uri: "dns:server.example.com"
                    channel_credentials_plugin {
                      [type.googleapis.com/envoy.extensions.grpc_service.channel_credentials.google_default.v3.GoogleDefaultCredentials] {
                      }
                    }
                    call_credentials_plugin {
                      [type.googleapis.com/envoy.extensions.grpc_service.call_credentials.access_token.v3.AccessTokenCredentials] {
                        token: "foo"
                      }
                    }
                  }
                }
                processing_mode {
                  request_header_mode: SEND
                  response_header_mode: SEND
                }
              }
            }
          }
          http_filters {
            name: "router"
            typed_config {
              [type.googleapis.com/envoy.extensions.filters.http.router.v3.Router] {
              }
            }
          }
        }
      }
    }
  }
}
type_url: "type.googleapis.com/envoy.config.listener.v3.Listener"
nonce: "1"

I0428 14:18:47.165160 1503738 filter_stack_call.cc:296] OP[server:0x7fffb80045e0]:  SEND_INITIAL_METADATA{} SEND_MESSAGE:flags=0x00000000:len=760
I0428 14:18:47.165208 1503738 channel_stack.cc:297] OP[server:0x7fffb80045e0]:  SEND_INITIAL_METADATA{} SEND_MESSAGE:flags=0x00000000:len=760
I0428 14:18:47.165228 1503738 promise_based_filter.cc:2054] SVR[message_size:0x7fffb80045f8] StartBatch: have_promise=true recv_initial_state=COMPLETE send_trailing_state=INITIAL captured={}
I0428 14:18:47.165245 1503738 promise_based_filter.cc:365] SVR[message_size:0x7fffb80045f8] SendMessage.StartOp st=IDLE
I0428 14:18:47.165260 1503738 promise_based_filter.cc:2427] SVR[message_size:0x7fffb80045f8]: WakeInsideCombiner have_promise=true recv_initial_state=COMPLETE send_trailing_state=INITIAL captured={send_message}
I0428 14:18:47.165274 1503738 promise_based_filter.cc:507] SVR[message_size:0x7fffb80045f8] SendMessage.WakeInsideCombiner st=GOT_BATCH
I0428 14:18:47.165302 1503738 promise_based_filter.cc:554] SVR[message_size:0x7fffb80045f8] SendMessage.WakeInsideCombiner next complete, result.has_value=true
I0428 14:18:47.165318 1503738 promise_based_filter.cc:2469] SVR[message_size:0x7fffb80045f8]: After send_message WakeInsideCombiner have_promise=true recv_initial_state=COMPLETE send_trailing_state=INITIAL captured={} is_idle=true is_forwarded=true
I0428 14:18:47.165340 1503738 promise_based_filter.cc:811] SVR[message_size:0x7fffb80045f8] ReceiveMessage.WakeInsideCombiner st=IDLE push?=no next?=no allow_push_to_pipe=yes
I0428 14:18:47.165356 1503738 promise_based_filter.cc:2315] SVR[message_size:0x7fffb80045f8] PollTrailingMetadata: INITIAL
I0428 14:18:47.165368 1503738 promise_based_filter.cc:2494] SVR[message_size:0x7fffb80045f8]: WakeInsideCombiner poll=<<pending>>; send_initial_metadata=null send_trailing_metadata=INITIAL
I0428 14:18:47.165386 1503738 promise_based_filter.cc:325] FLUSHER:forward batch:  SEND_INITIAL_METADATA{} SEND_MESSAGE:flags=0x00000000:len=760
I0428 14:18:47.165401 1503738 channel_stack.cc:297] OP[message_size:0x7fffb80045f8]:  SEND_INITIAL_METADATA{} SEND_MESSAGE:flags=0x00000000:len=760
I0428 14:18:47.165417 1503738 promise_based_filter.cc:2054] SVR[http-server:0x7fffb8004610] StartBatch: have_promise=true recv_initial_state=COMPLETE send_trailing_state=INITIAL captured={} send_initial_metadata=GOT_PIPE
I0428 14:18:47.165428 1503738 promise_based_filter.cc:2427] SVR[http-server:0x7fffb8004610]: WakeInsideCombiner have_promise=true recv_initial_state=COMPLETE send_trailing_state=INITIAL captured={} send_initial_metadata=QUEUED_AND_GOT_PIPE
I0428 14:18:47.165446 1503738 promise_based_filter.cc:2452] SVR[http-server:0x7fffb8004610]: WakeInsideCombiner: metadata_push pending
I0428 14:18:47.165455 1503738 promise_based_filter.cc:2315] SVR[http-server:0x7fffb8004610] PollTrailingMetadata: INITIAL
I0428 14:18:47.165468 1503738 promise_based_filter.cc:2494] SVR[http-server:0x7fffb8004610]: WakeInsideCombiner poll=<<pending>>; send_initial_metadata=QUEUED_AND_PUSHED_TO_PIPE send_trailing_metadata=INITIAL
I0428 14:18:47.165487 1503738 promise_based_filter.cc:2512] SVR[http-server:0x7fffb8004610]: WakeInsideCombiner send_initial_metadata poll=:status: 200, content-type: application/grpc
I0428 14:18:47.165509 1503738 promise_based_filter.cc:325] FLUSHER:forward batch:  SEND_INITIAL_METADATA{:status: 200, content-type: application/grpc} SEND_MESSAGE:flags=0x00000000:len=760
I0428 14:18:47.165527 1503738 channel_stack.cc:297] OP[http-server:0x7fffb8004610]:  SEND_INITIAL_METADATA{:status: 200, content-type: application/grpc} SEND_MESSAGE:flags=0x00000000:len=760
I0428 14:18:47.165546 1503738 promise_based_filter.cc:2054] SVR[compression:0x7fffb8004628] StartBatch: have_promise=true recv_initial_state=COMPLETE send_trailing_state=INITIAL captured={} send_initial_metadata=GOT_PIPE
I0428 14:18:47.165559 1503738 promise_based_filter.cc:365] SVR[compression:0x7fffb8004628] SendMessage.StartOp st=IDLE
I0428 14:18:47.165571 1503738 promise_based_filter.cc:2427] SVR[compression:0x7fffb8004628]: WakeInsideCombiner have_promise=true recv_initial_state=COMPLETE send_trailing_state=INITIAL captured={send_message} send_initial_metadata=QUEUED_AND_GOT_PIPE
I0428 14:18:47.165585 1503738 promise_based_filter.cc:2452] SVR[compression:0x7fffb8004628]: WakeInsideCombiner: metadata_push pending
I0428 14:18:47.165597 1503738 promise_based_filter.cc:507] SVR[compression:0x7fffb8004628] SendMessage.WakeInsideCombiner st=GOT_BATCH
I0428 14:18:47.165608 1503738 promise_based_filter.cc:2469] SVR[compression:0x7fffb8004628]: After send_message WakeInsideCombiner have_promise=true recv_initial_state=COMPLETE send_trailing_state=INITIAL captured={send_message} send_initial_metadata=QUEUED_AND_PUSHED_TO_PIPE is_idle=false is_forwarded=false
I0428 14:18:47.165623 1503738 promise_based_filter.cc:811] SVR[compression:0x7fffb8004628] ReceiveMessage.WakeInsideCombiner st=IDLE push?=no next?=no allow_push_to_pipe=yes
I0428 14:18:47.165638 1503738 promise_based_filter.cc:2315] SVR[compression:0x7fffb8004628] PollTrailingMetadata: INITIAL
I0428 14:18:47.165649 1503738 promise_based_filter.cc:2494] SVR[compression:0x7fffb8004628]: WakeInsideCombiner poll=<<pending>>; send_initial_metadata=QUEUED_AND_PUSHED_TO_PIPE send_trailing_metadata=INITIAL
I0428 14:18:47.165667 1503738 promise_based_filter.cc:2512] SVR[compression:0x7fffb8004628]: WakeInsideCombiner send_initial_metadata poll=:status: 200, grpc-accept-encoding: identity, deflate, gzip, content-type: application/grpc
I0428 14:18:47.165691 1503738 promise_based_filter.cc:2427] SVR[compression:0x7fffb8004628]: WakeInsideCombiner have_promise=true recv_initial_state=COMPLETE send_trailing_state=INITIAL captured={send_message} send_initial_metadata=FORWARDED
I0428 14:18:47.165705 1503738 promise_based_filter.cc:2448] SVR[compression:0x7fffb8004628]: WakeInsideCombiner: metadata_push done
I0428 14:18:47.165717 1503738 promise_based_filter.cc:507] SVR[compression:0x7fffb8004628] SendMessage.WakeInsideCombiner st=GOT_BATCH
I0428 14:18:47.165736 1503738 promise_based_filter.cc:554] SVR[compression:0x7fffb8004628] SendMessage.WakeInsideCombiner next complete, result.has_value=true
I0428 14:18:47.165750 1503738 promise_based_filter.cc:2469] SVR[compression:0x7fffb8004628]: After send_message WakeInsideCombiner have_promise=true recv_initial_state=COMPLETE send_trailing_state=INITIAL captured={} send_initial_metadata=FORWARDED is_idle=true is_forwarded=true
I0428 14:18:47.165766 1503738 promise_based_filter.cc:811] SVR[compression:0x7fffb8004628] ReceiveMessage.WakeInsideCombiner st=IDLE push?=no next?=no allow_push_to_pipe=yes
I0428 14:18:47.165780 1503738 promise_based_filter.cc:2315] SVR[compression:0x7fffb8004628] PollTrailingMetadata: INITIAL
I0428 14:18:47.165792 1503738 promise_based_filter.cc:2494] SVR[compression:0x7fffb8004628]: WakeInsideCombiner poll=<<pending>>; send_initial_metadata=FORWARDED send_trailing_metadata=INITIAL
I0428 14:18:47.165806 1503738 promise_based_filter.cc:325] FLUSHER:forward batch:  SEND_INITIAL_METADATA{:status: 200, grpc-accept-encoding: identity, deflate, gzip, content-type: application/grpc} SEND_MESSAGE:flags=0x00000000:len=760
I0428 14:18:47.165826 1503738 channel_stack.cc:297] OP[compression:0x7fffb8004628]:  SEND_INITIAL_METADATA{:status: 200, grpc-accept-encoding: identity, deflate, gzip, content-type: application/grpc} SEND_MESSAGE:flags=0x00000000:len=760
I0428 14:18:47.165848 1503738 promise_based_filter.cc:2054] SVR[server-auth:0x7fffb8004640] StartBatch: have_promise=true recv_initial_state=COMPLETE send_trailing_state=INITIAL captured={}
I0428 14:18:47.165860 1503738 promise_based_filter.cc:325] FLUSHER:forward batch:  SEND_INITIAL_METADATA{:status: 200, grpc-accept-encoding: identity, deflate, gzip, content-type: application/grpc} SEND_MESSAGE:flags=0x00000000:len=760
I0428 14:18:47.165879 1503738 channel_stack.cc:297] OP[server-auth:0x7fffb8004640]:  SEND_INITIAL_METADATA{:status: 200, grpc-accept-encoding: identity, deflate, gzip, content-type: application/grpc} SEND_MESSAGE:flags=0x00000000:len=760
I0428 14:18:47.165900 1503738 promise_based_filter.cc:2054] SVR[server_call_tracer:0x7fffb8004658] StartBatch: have_promise=true recv_initial_state=COMPLETE send_trailing_state=INITIAL captured={} send_initial_metadata=GOT_PIPE
I0428 14:18:47.165913 1503738 promise_based_filter.cc:2427] SVR[server_call_tracer:0x7fffb8004658]: WakeInsideCombiner have_promise=true recv_initial_state=COMPLETE send_trailing_state=INITIAL captured={} send_initial_metadata=QUEUED_AND_GOT_PIPE
I0428 14:18:47.165927 1503738 promise_based_filter.cc:2452] SVR[server_call_tracer:0x7fffb8004658]: WakeInsideCombiner: metadata_push pending
I0428 14:18:47.165938 1503738 promise_based_filter.cc:2315] SVR[server_call_tracer:0x7fffb8004658] PollTrailingMetadata: INITIAL
I0428 14:18:47.165950 1503738 promise_based_filter.cc:2494] SVR[server_call_tracer:0x7fffb8004658]: WakeInsideCombiner poll=<<pending>>; send_initial_metadata=QUEUED_AND_PUSHED_TO_PIPE send_trailing_metadata=INITIAL
I0428 14:18:47.165967 1503738 promise_based_filter.cc:2512] SVR[server_call_tracer:0x7fffb8004658]: WakeInsideCombiner send_initial_metadata poll=:status: 200, grpc-accept-encoding: identity, deflate, gzip, content-type: application/grpc
I0428 14:18:47.165987 1503738 promise_based_filter.cc:325] FLUSHER:forward batch:  SEND_INITIAL_METADATA{:status: 200, grpc-accept-encoding: identity, deflate, gzip, content-type: application/grpc} SEND_MESSAGE:flags=0x00000000:len=760
I0428 14:18:47.166007 1503738 channel_stack.cc:297] OP[server_call_tracer:0x7fffb8004658]:  SEND_INITIAL_METADATA{:status: 200, grpc-accept-encoding: identity, deflate, gzip, content-type: application/grpc} SEND_MESSAGE:flags=0x00000000:len=760
I0428 14:18:47.166032 1503738 promise_based_filter.cc:2427] SVR[message_size:0x7fffb80045f8]: WakeInsideCombiner have_promise=true recv_initial_state=COMPLETE send_trailing_state=INITIAL captured={}
I0428 14:18:47.166045 1503738 promise_based_filter.cc:507] SVR[message_size:0x7fffb80045f8] SendMessage.WakeInsideCombiner st=FORWARDED_BATCH
I0428 14:18:47.166058 1503738 promise_based_filter.cc:2469] SVR[message_size:0x7fffb80045f8]: After send_message WakeInsideCombiner have_promise=true recv_initial_state=COMPLETE send_trailing_state=INITIAL captured={} is_idle=true is_forwarded=true
I0428 14:18:47.166072 1503738 promise_based_filter.cc:811] SVR[message_size:0x7fffb80045f8] ReceiveMessage.WakeInsideCombiner st=IDLE push?=no next?=no allow_push_to_pipe=yes
I0428 14:18:47.166086 1503738 promise_based_filter.cc:2315] SVR[message_size:0x7fffb80045f8] PollTrailingMetadata: INITIAL
I0428 14:18:47.166097 1503738 promise_based_filter.cc:2494] SVR[message_size:0x7fffb80045f8]: WakeInsideCombiner poll=<<pending>>; send_initial_metadata=null send_trailing_metadata=INITIAL
I0428 14:18:47.166111 1503738 promise_based_filter.cc:2427] SVR[http-server:0x7fffb8004610]: WakeInsideCombiner have_promise=true recv_initial_state=COMPLETE send_trailing_state=INITIAL captured={} send_initial_metadata=FORWARDED
I0428 14:18:47.166124 1503738 promise_based_filter.cc:2448] SVR[http-server:0x7fffb8004610]: WakeInsideCombiner: metadata_push done
I0428 14:18:47.166135 1503738 promise_based_filter.cc:2315] SVR[http-server:0x7fffb8004610] PollTrailingMetadata: INITIAL
I0428 14:18:47.166146 1503738 promise_based_filter.cc:2494] SVR[http-server:0x7fffb8004610]: WakeInsideCombiner poll=<<pending>>; send_initial_metadata=FORWARDED send_trailing_metadata=INITIAL
I0428 14:18:47.166161 1503738 promise_based_filter.cc:2427] SVR[compression:0x7fffb8004628]: WakeInsideCombiner have_promise=true recv_initial_state=COMPLETE send_trailing_state=INITIAL captured={} send_initial_metadata=FORWARDED
I0428 14:18:47.166173 1503738 promise_based_filter.cc:507] SVR[compression:0x7fffb8004628] SendMessage.WakeInsideCombiner st=FORWARDED_BATCH
I0428 14:18:47.166185 1503738 promise_based_filter.cc:2469] SVR[compression:0x7fffb8004628]: After send_message WakeInsideCombiner have_promise=true recv_initial_state=COMPLETE send_trailing_state=INITIAL captured={} send_initial_metadata=FORWARDED is_idle=true is_forwarded=true
I0428 14:18:47.166200 1503738 promise_based_filter.cc:811] SVR[compression:0x7fffb8004628] ReceiveMessage.WakeInsideCombiner st=IDLE push?=no next?=no allow_push_to_pipe=yes
I0428 14:18:47.166214 1503738 promise_based_filter.cc:2315] SVR[compression:0x7fffb8004628] PollTrailingMetadata: INITIAL
I0428 14:18:47.166225 1503738 promise_based_filter.cc:2494] SVR[compression:0x7fffb8004628]: WakeInsideCombiner poll=<<pending>>; send_initial_metadata=FORWARDED send_trailing_metadata=INITIAL
I0428 14:18:47.166239 1503738 promise_based_filter.cc:2427] SVR[server_call_tracer:0x7fffb8004658]: WakeInsideCombiner have_promise=true recv_initial_state=COMPLETE send_trailing_state=INITIAL captured={} send_initial_metadata=FORWARDED
I0428 14:18:47.166252 1503738 promise_based_filter.cc:2448] SVR[server_call_tracer:0x7fffb8004658]: WakeInsideCombiner: metadata_push done
I0428 14:18:47.166261 1503738 promise_based_filter.cc:2315] SVR[server_call_tracer:0x7fffb8004658] PollTrailingMetadata: INITIAL
I0428 14:18:47.166272 1503738 promise_based_filter.cc:2494] SVR[server_call_tracer:0x7fffb8004658]: WakeInsideCombiner poll=<<pending>>; send_initial_metadata=FORWARDED send_trailing_metadata=INITIAL
I0428 14:18:47.166392 1503738 promise_based_filter.cc:437] SVR[compression:0x7fffb8004628] SendMessage.OnComplete st=FORWARDED_BATCH status=OK
I0428 14:18:47.166414 1503738 promise_based_filter.cc:2427] SVR[compression:0x7fffb8004628]: WakeInsideCombiner have_promise=true recv_initial_state=COMPLETE send_trailing_state=INITIAL captured={} send_initial_metadata=FORWARDED
I0428 14:18:47.166432 1503738 promise_based_filter.cc:507] SVR[compression:0x7fffb8004628] SendMessage.WakeInsideCombiner st=BATCH_COMPLETED status=OK
I0428 14:18:47.166446 1503738 promise_based_filter.cc:2469] SVR[compression:0x7fffb8004628]: After send_message WakeInsideCombiner have_promise=true recv_initial_state=COMPLETE send_trailing_state=INITIAL captured={} send_initial_metadata=FORWARDED is_idle=true is_forwarded=false
I0428 14:18:47.166462 1503738 promise_based_filter.cc:811] SVR[compression:0x7fffb8004628] ReceiveMessage.WakeInsideCombiner st=IDLE push?=no next?=no allow_push_to_pipe=yes
I0428 14:18:47.166476 1503738 promise_based_filter.cc:2315] SVR[compression:0x7fffb8004628] PollTrailingMetadata: INITIAL
I0428 14:18:47.166488 1503738 promise_based_filter.cc:2494] SVR[compression:0x7fffb8004628]: WakeInsideCombiner poll=<<pending>>; send_initial_metadata=FORWARDED send_trailing_metadata=INITIAL
I0428 14:18:47.166503 1503738 promise_based_filter.cc:437] SVR[message_size:0x7fffb80045f8] SendMessage.OnComplete st=FORWARDED_BATCH status=OK
I0428 14:18:47.166516 1503738 promise_based_filter.cc:2427] SVR[message_size:0x7fffb80045f8]: WakeInsideCombiner have_promise=true recv_initial_state=COMPLETE send_trailing_state=INITIAL captured={}
I0428 14:18:47.166528 1503738 promise_based_filter.cc:507] SVR[message_size:0x7fffb80045f8] SendMessage.WakeInsideCombiner st=BATCH_COMPLETED status=OK
I0428 14:18:47.166540 1503738 promise_based_filter.cc:2469] SVR[message_size:0x7fffb80045f8]: After send_message WakeInsideCombiner have_promise=true recv_initial_state=COMPLETE send_trailing_state=INITIAL captured={} is_idle=true is_forwarded=false
I0428 14:18:47.166554 1503738 promise_based_filter.cc:811] SVR[message_size:0x7fffb80045f8] ReceiveMessage.WakeInsideCombiner st=IDLE push?=no next?=no allow_push_to_pipe=yes
I0428 14:18:47.166568 1503738 promise_based_filter.cc:2315] SVR[message_size:0x7fffb80045f8] PollTrailingMetadata: INITIAL
I0428 14:18:47.166579 1503738 promise_based_filter.cc:2494] SVR[message_size:0x7fffb80045f8]: WakeInsideCombiner poll=<<pending>>; send_initial_metadata=null send_trailing_metadata=INITIAL
I0428 14:18:47.166616 1503738 promise_based_filter.cc:2427] SVR[compression:0x7fffb8004628]: WakeInsideCombiner have_promise=true recv_initial_state=COMPLETE send_trailing_state=INITIAL captured={} send_initial_metadata=FORWARDED
I0428 14:18:47.166630 1503738 promise_based_filter.cc:507] SVR[compression:0x7fffb8004628] SendMessage.WakeInsideCombiner st=IDLE
I0428 14:18:47.166643 1503738 promise_based_filter.cc:2469] SVR[compression:0x7fffb8004628]: After send_message WakeInsideCombiner have_promise=true recv_initial_state=COMPLETE send_trailing_state=INITIAL captured={} send_initial_metadata=FORWARDED is_idle=true is_forwarded=false
I0428 14:18:47.166607 1503736 promise_based_filter.cc:1612] CLI[compression:0x7fffd80011c0] ClientCallData.RecvInitialMetadataReady has_promise=true sent_initial_state=FORWARDED recv_trailing_state=FORWARDED captured={} recv_initial_metadata=HOOKED_AND_GOT_PIPE error:OK md:PeerString: ipv6:%5B::1%5D:25482, :status: 200, grpc-accept-encoding: identity, deflate, gzip, content-type: application/grpc, GrpcStatusFromWire: true
I0428 14:18:47.166654 1503743 xds_server.cc:313] ADS[0x55555833d1c0:Default Balancer]: reactor 0x7fffdc002210: OnWriteDone(true)
I0428 14:18:47.166658 1503738 promise_based_filter.cc:811] SVR[compression:0x7fffb8004628] ReceiveMessage.WakeInsideCombiner st=IDLE push?=no next?=no allow_push_to_pipe=yes
I0428 14:18:47.166683 1503736 promise_based_filter.cc:1031] CLI[compression:0x7fffd80011c0] ClientCallData.PollContext.Run has_promise=true sent_initial_state=FORWARDED recv_trailing_state=FORWARDED captured={} recv_initial_metadata=COMPLETE_AND_GOT_PIPE
I0428 14:18:47.166713 1503738 promise_based_filter.cc:2315] SVR[compression:0x7fffb8004628] PollTrailingMetadata: INITIAL
I0428 14:18:47.166729 1503736 promise_based_filter.cc:507] CLI[compression:0x7fffd80011c0] SendMessage.WakeInsideCombiner st=IDLE
I0428 14:18:47.166737 1503738 promise_based_filter.cc:2494] SVR[compression:0x7fffb8004628]: WakeInsideCombiner poll=<<pending>>; send_initial_metadata=FORWARDED send_trailing_metadata=INITIAL
I0428 14:18:47.166745 1503736 promise_based_filter.cc:811] CLI[compression:0x7fffd80011c0] ReceiveMessage.WakeInsideCombiner st=FORWARDED_BATCH push?=no next?=no allow_push_to_pipe=no
I0428 14:18:47.166753 1503738 promise_based_filter.cc:2427] SVR[message_size:0x7fffb80045f8]: WakeInsideCombiner have_promise=true recv_initial_state=COMPLETE send_trailing_state=INITIAL captured={}
I0428 14:18:47.166764 1503738 promise_based_filter.cc:507] SVR[message_size:0x7fffb80045f8] SendMessage.WakeInsideCombiner st=IDLE
I0428 14:18:47.166764 1503736 promise_based_filter.cc:1115] CLI[compression:0x7fffd80011c0] ClientCallData.PollContext.Run: before calling poll; has_promise=true sent_initial_state=FORWARDED recv_trailing_state=FORWARDED captured={} recv_initial_metadata=COMPLETE_AND_PUSHED_TO_PIPE
I0428 14:18:47.166779 1503738 promise_based_filter.cc:2469] SVR[message_size:0x7fffb80045f8]: After send_message WakeInsideCombiner have_promise=true recv_initial_state=COMPLETE send_trailing_state=INITIAL captured={} is_idle=true is_forwarded=false
I0428 14:18:47.166790 1503736 promise_based_filter.cc:1756] CLI[compression:0x7fffd80011c0] ClientCallData.PollTrailingMetadata has_promise=true sent_initial_state=FORWARDED recv_trailing_state=FORWARDED captured={} recv_initial_metadata=COMPLETE_AND_PUSHED_TO_PIPE
I0428 14:18:47.166792 1503738 promise_based_filter.cc:811] SVR[message_size:0x7fffb80045f8] ReceiveMessage.WakeInsideCombiner st=IDLE push?=no next?=no allow_push_to_pipe=yes
I0428 14:18:47.166806 1503736 promise_based_filter.cc:1119] CLI[compression:0x7fffd80011c0] ClientCallData.PollContext.Run: poll=<<pending>>; has_promise=true sent_initial_state=FORWARDED recv_trailing_state=FORWARDED captured={} recv_initial_metadata=COMPLETE_AND_PUSHED_TO_PIPE
I0428 14:18:47.166815 1503738 promise_based_filter.cc:2315] SVR[message_size:0x7fffb80045f8] PollTrailingMetadata: INITIAL
I0428 14:18:47.166823 1503736 promise_based_filter.cc:1031] CLI[compression:0x7fffd80011c0] ClientCallData.PollContext.Run has_promise=true sent_initial_state=FORWARDED recv_trailing_state=FORWARDED captured={} recv_initial_metadata=COMPLETE_AND_PUSHED_TO_PIPE
I0428 14:18:47.166827 1503738 promise_based_filter.cc:2494] SVR[message_size:0x7fffb80045f8]: WakeInsideCombiner poll=<<pending>>; send_initial_metadata=null send_trailing_metadata=INITIAL
I0428 14:18:47.166842 1503736 promise_based_filter.cc:507] CLI[compression:0x7fffd80011c0] SendMessage.WakeInsideCombiner st=IDLE
I0428 14:18:47.166861 1503736 promise_based_filter.cc:811] CLI[compression:0x7fffd80011c0] ReceiveMessage.WakeInsideCombiner st=FORWARDED_BATCH push?=no next?=no allow_push_to_pipe=no
I0428 14:18:47.166869 1503738 filter_stack_call.cc:296] OP[server:0x7fffb80045e0]:  RECV_MESSAGE
I0428 14:18:47.166882 1503738 channel_stack.cc:297] OP[server:0x7fffb80045e0]:  RECV_MESSAGE
I0428 14:18:47.166884 1503736 promise_based_filter.cc:1115] CLI[compression:0x7fffd80011c0] ClientCallData.PollContext.Run: before calling poll; has_promise=true sent_initial_state=FORWARDED recv_trailing_state=FORWARDED captured={} recv_initial_metadata=RESPONDED
I0428 14:18:47.166895 1503738 promise_based_filter.cc:2054] SVR[message_size:0x7fffb80045f8] StartBatch: have_promise=true recv_initial_state=COMPLETE send_trailing_state=INITIAL captured={}
I0428 14:18:47.166898 1503736 promise_based_filter.cc:1756] CLI[compression:0x7fffd80011c0] ClientCallData.PollTrailingMetadata has_promise=true sent_initial_state=FORWARDED recv_trailing_state=FORWARDED captured={} recv_initial_metadata=RESPONDED
I0428 14:18:47.166910 1503738 promise_based_filter.cc:638] SVR[message_size:0x7fffb80045f8] ReceiveMessage.StartOp st=IDLE
I0428 14:18:47.166917 1503736 promise_based_filter.cc:1119] CLI[compression:0x7fffd80011c0] ClientCallData.PollContext.Run: poll=<<pending>>; has_promise=true sent_initial_state=FORWARDED recv_trailing_state=FORWARDED captured={} recv_initial_metadata=RESPONDED
I0428 14:18:47.166919 1503738 promise_based_filter.cc:2427] SVR[message_size:0x7fffb80045f8]: WakeInsideCombiner have_promise=true recv_initial_state=COMPLETE send_trailing_state=INITIAL captured={}
I0428 14:18:47.166943 1503738 promise_based_filter.cc:507] SVR[message_size:0x7fffb80045f8] SendMessage.WakeInsideCombiner st=IDLE
I0428 14:18:47.166936 1503736 promise_based_filter.cc:1612] CLI[http-client:0x7fffd80011a8] ClientCallData.RecvInitialMetadataReady has_promise=true sent_initial_state=FORWARDED recv_trailing_state=FORWARDED captured={} recv_initial_metadata=HOOKED_AND_GOT_PIPE error:OK md:PeerString: ipv6:%5B::1%5D:25482, :status: 200, grpc-accept-encoding: identity, deflate, gzip, content-type: application/grpc, GrpcStatusFromWire: true
I0428 14:18:47.166955 1503738 promise_based_filter.cc:2469] SVR[message_size:0x7fffb80045f8]: After send_message WakeInsideCombiner have_promise=true recv_initial_state=COMPLETE send_trailing_state=INITIAL captured={} is_idle=true is_forwarded=false
I0428 14:18:47.166971 1503736 promise_based_filter.cc:1031] CLI[http-client:0x7fffd80011a8] ClientCallData.PollContext.Run has_promise=true sent_initial_state=FORWARDED recv_trailing_state=FORWARDED captured={} recv_initial_metadata=COMPLETE_AND_GOT_PIPE
I0428 14:18:47.166979 1503738 promise_based_filter.cc:811] SVR[message_size:0x7fffb80045f8] ReceiveMessage.WakeInsideCombiner st=FORWARDED_BATCH push?=no next?=no allow_push_to_pipe=yes
I0428 14:18:47.166987 1503736 promise_based_filter.cc:1115] CLI[http-client:0x7fffd80011a8] ClientCallData.PollContext.Run: before calling poll; has_promise=true sent_initial_state=FORWARDED recv_trailing_state=FORWARDED captured={} recv_initial_metadata=COMPLETE_AND_PUSHED_TO_PIPE
I0428 14:18:47.166994 1503738 promise_based_filter.cc:2315] SVR[message_size:0x7fffb80045f8] PollTrailingMetadata: INITIAL
I0428 14:18:47.167004 1503736 promise_based_filter.cc:1756] CLI[http-client:0x7fffd80011a8] ClientCallData.PollTrailingMetadata has_promise=true sent_initial_state=FORWARDED recv_trailing_state=FORWARDED captured={} recv_initial_metadata=COMPLETE_AND_PUSHED_TO_PIPE
I0428 14:18:47.167012 1503738 promise_based_filter.cc:2494] SVR[message_size:0x7fffb80045f8]: WakeInsideCombiner poll=<<pending>>; send_initial_metadata=null send_trailing_metadata=INITIAL
I0428 14:18:47.167015 1503736 promise_based_filter.cc:1119] CLI[http-client:0x7fffd80011a8] ClientCallData.PollContext.Run: poll=<<pending>>; has_promise=true sent_initial_state=FORWARDED recv_trailing_state=FORWARDED captured={} recv_initial_metadata=COMPLETE_AND_PUSHED_TO_PIPE
I0428 14:18:47.167029 1503738 promise_based_filter.cc:325] FLUSHER:forward batch:  RECV_MESSAGE
I0428 14:18:47.167041 1503736 promise_based_filter.cc:1031] CLI[http-client:0x7fffd80011a8] ClientCallData.PollContext.Run has_promise=true sent_initial_state=FORWARDED recv_trailing_state=FORWARDED captured={} recv_initial_metadata=COMPLETE_AND_PUSHED_TO_PIPE
I0428 14:18:47.167047 1503738 channel_stack.cc:297] OP[message_size:0x7fffb80045f8]:  RECV_MESSAGE
I0428 14:18:47.167058 1503738 promise_based_filter.cc:2054] SVR[http-server:0x7fffb8004610] StartBatch: have_promise=true recv_initial_state=COMPLETE send_trailing_state=INITIAL captured={} send_initial_metadata=FORWARDED
I0428 14:18:47.167061 1503736 promise_based_filter.cc:1115] CLI[http-client:0x7fffd80011a8] ClientCallData.PollContext.Run: before calling poll; has_promise=true sent_initial_state=FORWARDED recv_trailing_state=FORWARDED captured={} recv_initial_metadata=RESPONDED
I0428 14:18:47.167074 1503738 promise_based_filter.cc:325] FLUSHER:forward batch:  RECV_MESSAGE
I0428 14:18:47.167085 1503736 promise_based_filter.cc:1756] CLI[http-client:0x7fffd80011a8] ClientCallData.PollTrailingMetadata has_promise=true sent_initial_state=FORWARDED recv_trailing_state=FORWARDED captured={} recv_initial_metadata=RESPONDED
I0428 14:18:47.167093 1503738 channel_stack.cc:297] OP[http-server:0x7fffb8004610]:  RECV_MESSAGE
I0428 14:18:47.167101 1503736 promise_based_filter.cc:1119] CLI[http-client:0x7fffd80011a8] ClientCallData.PollContext.Run: poll=<<pending>>; has_promise=true sent_initial_state=FORWARDED recv_trailing_state=FORWARDED captured={} recv_initial_metadata=RESPONDED
I0428 14:18:47.167106 1503738 promise_based_filter.cc:2054] SVR[compression:0x7fffb8004628] StartBatch: have_promise=true recv_initial_state=COMPLETE send_trailing_state=INITIAL captured={} send_initial_metadata=FORWARDED
I0428 14:18:47.167128 1503738 promise_based_filter.cc:638] SVR[compression:0x7fffb8004628] ReceiveMessage.StartOp st=IDLE
I0428 14:18:47.167140 1503738 promise_based_filter.cc:2427] SVR[compression:0x7fffb8004628]: WakeInsideCombiner have_promise=true recv_initial_state=COMPLETE send_trailing_state=INITIAL captured={} send_initial_metadata=FORWARDED
I0428 14:18:47.167153 1503738 promise_based_filter.cc:507] SVR[compression:0x7fffb8004628] SendMessage.WakeInsideCombiner st=IDLE
I0428 14:18:47.167150 1503736 promise_based_filter.cc:713] CLI[compression:0x7fffd80011c0] ReceiveMessage.OnComplete st=FORWARDED_BATCH status=OK
I0428 14:18:47.167167 1503738 promise_based_filter.cc:2469] SVR[compression:0x7fffb8004628]: After send_message WakeInsideCombiner have_promise=true recv_initial_state=COMPLETE send_trailing_state=INITIAL captured={} send_initial_metadata=FORWARDED is_idle=true is_forwarded=false
I0428 14:18:47.167187 1503736 promise_based_filter.cc:1031] CLI[compression:0x7fffd80011c0] ClientCallData.PollContext.Run has_promise=true sent_initial_state=FORWARDED recv_trailing_state=FORWARDED captured={} recv_initial_metadata=RESPONDED
I0428 14:18:47.167191 1503738 promise_based_filter.cc:811] SVR[compression:0x7fffb8004628] ReceiveMessage.WakeInsideCombiner st=FORWARDED_BATCH push?=no next?=no allow_push_to_pipe=yes
I0428 14:18:47.167201 1503736 promise_based_filter.cc:507] CLI[compression:0x7fffd80011c0] SendMessage.WakeInsideCombiner st=IDLE
I0428 14:18:47.167204 1503738 promise_based_filter.cc:2315] SVR[compression:0x7fffb8004628] PollTrailingMetadata: INITIAL
I0428 14:18:47.167214 1503736 promise_based_filter.cc:811] CLI[compression:0x7fffd80011c0] ReceiveMessage.WakeInsideCombiner st=BATCH_COMPLETED push?=no next?=no allow_push_to_pipe=yes
I0428 14:18:47.167221 1503738 promise_based_filter.cc:2494] SVR[compression:0x7fffb8004628]: WakeInsideCombiner poll=<<pending>>; send_initial_metadata=FORWARDED send_trailing_metadata=INITIAL
I0428 14:18:47.167236 1503738 promise_based_filter.cc:325] FLUSHER:forward batch:  RECV_MESSAGE
I0428 14:18:47.167239 1503736 promise_based_filter.cc:901] CLI[compression:0x7fffd80011c0] ReceiveMessage.WakeInsideCombiner next complete: got message new_state=PULLED_FROM_PIPE
I0428 14:18:47.167246 1503738 channel_stack.cc:297] OP[compression:0x7fffb8004628]:  RECV_MESSAGE
I0428 14:18:47.167257 1503736 promise_based_filter.cc:917] CLI[compression:0x7fffd80011c0] ReceiveMessage.WakeInsideCombiner push complete
I0428 14:18:47.167267 1503738 promise_based_filter.cc:2054] SVR[server-auth:0x7fffb8004640] StartBatch: have_promise=true recv_initial_state=COMPLETE send_trailing_state=INITIAL captured={}
I0428 14:18:47.167278 1503736 promise_based_filter.cc:1115] CLI[compression:0x7fffd80011c0] ClientCallData.PollContext.Run: before calling poll; has_promise=true sent_initial_state=FORWARDED recv_trailing_state=FORWARDED captured={} recv_initial_metadata=RESPONDED
I0428 14:18:47.167284 1503738 promise_based_filter.cc:325] FLUSHER:forward batch:  RECV_MESSAGE
I0428 14:18:47.167294 1503736 promise_based_filter.cc:1756] CLI[compression:0x7fffd80011c0] ClientCallData.PollTrailingMetadata has_promise=true sent_initial_state=FORWARDED recv_trailing_state=FORWARDED captured={} recv_initial_metadata=RESPONDED
I0428 14:18:47.167302 1503738 channel_stack.cc:297] OP[server-auth:0x7fffb8004640]:  RECV_MESSAGE
I0428 14:18:47.167314 1503738 promise_based_filter.cc:2054] SVR[server_call_tracer:0x7fffb8004658] StartBatch: have_promise=true recv_initial_state=COMPLETE send_trailing_state=INITIAL captured={} send_initial_metadata=FORWARDED
I0428 14:18:47.167307 1503736 promise_based_filter.cc:1119] CLI[compression:0x7fffd80011c0] ClientCallData.PollContext.Run: poll=<<pending>>; has_promise=true sent_initial_state=FORWARDED recv_trailing_state=FORWARDED captured={} recv_initial_metadata=RESPONDED
I0428 14:18:47.167332 1503738 promise_based_filter.cc:325] FLUSHER:forward batch:  RECV_MESSAGE
