I0428 14:18:47.270086 1503736 promise_based_filter.cc:1756] CLI[message_size:0x7fffd8001190] ClientCallData.PollTrailingMetadata has_promise=true sent_initial_state=FORWARDED recv_trailing_state=FORWARDED captured={}
I0428 14:18:47.270093 1503743 promise_based_filter.cc:811] SVR[compression:0x7fffb8004628] ReceiveMessage.WakeInsideCombiner st=BATCH_COMPLETED push?=no next?=no allow_push_to_pipe=yes
I0428 14:18:47.270099 1503736 promise_based_filter.cc:1119] CLI[message_size:0x7fffd8001190] ClientCallData.PollContext.Run: poll=<<pending>>; has_promise=true sent_initial_state=FORWARDED recv_trailing_state=FORWARDED captured={}
I0428 14:18:47.270120 1503743 promise_based_filter.cc:901] SVR[compression:0x7fffb8004628] ReceiveMessage.WakeInsideCombiner next complete: got message new_state=PULLED_FROM_PIPE
I0428 14:18:47.270139 1503743 promise_based_filter.cc:917] SVR[compression:0x7fffb8004628] ReceiveMessage.WakeInsideCombiner push complete
I0428 14:18:47.270140 1503736 promise_based_filter.cc:1031] CLI[compression:0x7fffd80011c0] ClientCallData.PollContext.Run has_promise=true sent_initial_state=FORWARDED recv_trailing_state=FORWARDED captured={} recv_initial_metadata=RESPONDED
I0428 14:18:47.270152 1503743 promise_based_filter.cc:2315] SVR[compression:0x7fffb8004628] PollTrailingMetadata: INITIAL
I0428 14:18:47.270157 1503736 promise_based_filter.cc:507] CLI[compression:0x7fffd80011c0] SendMessage.WakeInsideCombiner st=IDLE
I0428 14:18:47.270164 1503743 promise_based_filter.cc:2494] SVR[compression:0x7fffb8004628]: WakeInsideCombiner poll=<<pending>>; send_initial_metadata=FORWARDED send_trailing_metadata=INITIAL
I0428 14:18:47.270171 1503736 promise_based_filter.cc:811] CLI[compression:0x7fffd80011c0] ReceiveMessage.WakeInsideCombiner st=FORWARDED_BATCH push?=no next?=no allow_push_to_pipe=yes
I0428 14:18:47.270180 1503743 promise_based_filter.cc:713] SVR[message_size:0x7fffb80045f8] ReceiveMessage.OnComplete st=FORWARDED_BATCH status=OK
I0428 14:18:47.270185 1503736 promise_based_filter.cc:1115] CLI[compression:0x7fffd80011c0] ClientCallData.PollContext.Run: before calling poll; has_promise=true sent_initial_state=FORWARDED recv_trailing_state=FORWARDED captured={} recv_initial_metadata=RESPONDED
I0428 14:18:47.270193 1503743 promise_based_filter.cc:2427] SVR[message_size:0x7fffb80045f8]: WakeInsideCombiner have_promise=true recv_initial_state=COMPLETE send_trailing_state=INITIAL captured={}
I0428 14:18:47.270198 1503736 promise_based_filter.cc:1756] CLI[compression:0x7fffd80011c0] ClientCallData.PollTrailingMetadata has_promise=true sent_initial_state=FORWARDED recv_trailing_state=FORWARDED captured={} recv_initial_metadata=RESPONDED
I0428 14:18:47.270204 1503743 promise_based_filter.cc:507] SVR[message_size:0x7fffb80045f8] SendMessage.WakeInsideCombiner st=IDLE
I0428 14:18:47.270208 1503736 promise_based_filter.cc:1119] CLI[compression:0x7fffd80011c0] ClientCallData.PollContext.Run: poll=<<pending>>; has_promise=true sent_initial_state=FORWARDED recv_trailing_state=FORWARDED captured={} recv_initial_metadata=RESPONDED
I0428 14:18:47.270239 1503736 promise_based_filter.cc:1031] CLI[message_size:0x7fffd8001190] ClientCallData.PollContext.Run has_promise=true sent_initial_state=FORWARDED recv_trailing_state=FORWARDED captured={}
I0428 14:18:47.270220 1503743 promise_based_filter.cc:2469] SVR[message_size:0x7fffb80045f8]: After send_message WakeInsideCombiner have_promise=true recv_initial_state=COMPLETE send_trailing_state=INITIAL captured={} is_idle=true is_forwarded=false
I0428 14:18:47.270252 1503736 promise_based_filter.cc:507] CLI[message_size:0x7fffd8001190] SendMessage.WakeInsideCombiner st=IDLE
I0428 14:18:47.270263 1503743 promise_based_filter.cc:811] SVR[message_size:0x7fffb80045f8] ReceiveMessage.WakeInsideCombiner st=BATCH_COMPLETED push?=no next?=no allow_push_to_pipe=yes
I0428 14:18:47.270274 1503736 promise_based_filter.cc:811] CLI[message_size:0x7fffd8001190] ReceiveMessage.WakeInsideCombiner st=FORWARDED_BATCH push?=no next?=no allow_push_to_pipe=yes
I0428 14:18:47.270284 1503743 promise_based_filter.cc:901] SVR[message_size:0x7fffb80045f8] ReceiveMessage.WakeInsideCombiner next complete: got message new_state=PULLED_FROM_PIPE
I0428 14:18:47.270288 1503736 promise_based_filter.cc:1115] CLI[message_size:0x7fffd8001190] ClientCallData.PollContext.Run: before calling poll; has_promise=true sent_initial_state=FORWARDED recv_trailing_state=FORWARDED captured={}
I0428 14:18:47.270299 1503743 promise_based_filter.cc:917] SVR[message_size:0x7fffb80045f8] ReceiveMessage.WakeInsideCombiner push complete
I0428 14:18:47.270308 1503736 promise_based_filter.cc:1756] CLI[message_size:0x7fffd8001190] ClientCallData.PollTrailingMetadata has_promise=true sent_initial_state=FORWARDED recv_trailing_state=FORWARDED captured={}
I0428 14:18:47.270316 1503743 promise_based_filter.cc:2315] SVR[message_size:0x7fffb80045f8] PollTrailingMetadata: INITIAL
I0428 14:18:47.270321 1503736 promise_based_filter.cc:1119] CLI[message_size:0x7fffd8001190] ClientCallData.PollContext.Run: poll=<<pending>>; has_promise=true sent_initial_state=FORWARDED recv_trailing_state=FORWARDED captured={}
I0428 14:18:47.270328 1503743 promise_based_filter.cc:2494] SVR[message_size:0x7fffb80045f8]: WakeInsideCombiner poll=<<pending>>; send_initial_metadata=null send_trailing_metadata=INITIAL
I0428 14:18:47.270366 1503743 promise_based_filter.cc:2427] SVR[compression:0x7fffb8004628]: WakeInsideCombiner have_promise=true recv_initial_state=COMPLETE send_trailing_state=INITIAL captured={} send_initial_metadata=FORWARDED
I0428 14:18:47.270380 1503743 promise_based_filter.cc:507] SVR[compression:0x7fffb8004628] SendMessage.WakeInsideCombiner st=IDLE
I0428 14:18:47.270392 1503743 promise_based_filter.cc:2469] SVR[compression:0x7fffb8004628]: After send_message WakeInsideCombiner have_promise=true recv_initial_state=COMPLETE send_trailing_state=INITIAL captured={} send_initial_metadata=FORWARDED is_idle=true is_forwarded=false
I0428 14:18:47.270407 1503743 promise_based_filter.cc:811] SVR[compression:0x7fffb8004628] ReceiveMessage.WakeInsideCombiner st=IDLE push?=no next?=no allow_push_to_pipe=yes
I0428 14:18:47.270420 1503743 promise_based_filter.cc:2315] SVR[compression:0x7fffb8004628] PollTrailingMetadata: INITIAL
I0428 14:18:47.270432 1503743 promise_based_filter.cc:2494] SVR[compression:0x7fffb8004628]: WakeInsideCombiner poll=<<pending>>; send_initial_metadata=FORWARDED send_trailing_metadata=INITIAL
I0428 14:18:47.270420 1503733 xds_server.cc:141] ADS[0x55555833d1c0:Default Balancer]: reactor 0x7fffdc002210: OnReadDone(true)
I0428 14:18:47.270446 1503743 promise_based_filter.cc:2427] SVR[message_size:0x7fffb80045f8]: WakeInsideCombiner have_promise=true recv_initial_state=COMPLETE send_trailing_state=INITIAL captured={}
I0428 14:18:47.270488 1503743 promise_based_filter.cc:507] SVR[message_size:0x7fffb80045f8] SendMessage.WakeInsideCombiner st=IDLE
I0428 14:18:47.270501 1503743 promise_based_filter.cc:2469] SVR[message_size:0x7fffb80045f8]: After send_message WakeInsideCombiner have_promise=true recv_initial_state=COMPLETE send_trailing_state=INITIAL captured={} is_idle=true is_forwarded=false
I0428 14:18:47.270471 1503733 xds_server.cc:151] ADS[0x55555833d1c0:Default Balancer]: reactor 0x7fffdc002210: Received request for type type.googleapis.com/envoy.config.cluster.v3.Cluster with content goo.gle/debugonly    
resource_names: "cluster_name"
type_url: "type.googleapis.com/envoy.config.cluster.v3.Cluster"

I0428 14:18:47.270518 1503743 promise_based_filter.cc:811] SVR[message_size:0x7fffb80045f8] ReceiveMessage.WakeInsideCombiner st=IDLE push?=no next?=no allow_push_to_pipe=yes
I0428 14:18:47.270540 1503743 promise_based_filter.cc:2315] SVR[message_size:0x7fffb80045f8] PollTrailingMetadata: INITIAL
I0428 14:18:47.270543 1503733 xds_server.cc:217] ADS[0x55555833d1c0:Default Balancer]: reactor 0x7fffdc002210: subscribe to resource type type.googleapis.com/envoy.config.cluster.v3.Cluster name cluster_name
I0428 14:18:47.270551 1503743 promise_based_filter.cc:2494] SVR[message_size:0x7fffb80045f8]: WakeInsideCombiner poll=<<pending>>; send_initial_metadata=null send_trailing_metadata=INITIAL
I0428 14:18:47.270568 1503733 xds_server.cc:252] ADS[0x55555833d1c0:Default Balancer]: reactor 0x7fffdc002210: MaybeStartWrite(type.googleapis.com/envoy.config.cluster.v3.Cluster)
I0428 14:18:47.270581 1503733 xds_server.cc:258] ADS[0x55555833d1c0:Default Balancer]: reactor 0x7fffdc002210: Constructing response
I0428 14:18:47.270597 1503733 xds_server.cc:273] ADS[0x55555833d1c0:Default Balancer]: reactor 0x7fffdc002210: Sending update for: cluster_name
I0428 14:18:47.270614 1503733 xds_server.cc:306] ADS[0x55555833d1c0:Default Balancer]: reactor 0x7fffdc002210: sending response: goo.gle/debugonly    
version_info: "2"
resources {
  [type.googleapis.com/envoy.config.cluster.v3.Cluster] {
    name: "cluster_name"
    type: EDS
    eds_cluster_config {
      eds_config {
        self {
        }
      }
      service_name: "eds_service_name"
    }
  }
}
type_url: "type.googleapis.com/envoy.config.cluster.v3.Cluster"
nonce: "1"

I0428 14:18:47.276063 1503733 filter_stack_call.cc:296] OP[server:0x7fffb80045e0]:  SEND_MESSAGE:flags=0x00000000:len=156
I0428 14:18:47.276105 1503733 channel_stack.cc:297] OP[server:0x7fffb80045e0]:  SEND_MESSAGE:flags=0x00000000:len=156
I0428 14:18:47.276121 1503733 promise_based_filter.cc:2054] SVR[message_size:0x7fffb80045f8] StartBatch: have_promise=true recv_initial_state=COMPLETE send_trailing_state=INITIAL captured={}
I0428 14:18:47.276137 1503733 promise_based_filter.cc:365] SVR[message_size:0x7fffb80045f8] SendMessage.StartOp st=IDLE
I0428 14:18:47.276150 1503733 promise_based_filter.cc:2427] SVR[message_size:0x7fffb80045f8]: WakeInsideCombiner have_promise=true recv_initial_state=COMPLETE send_trailing_state=INITIAL captured={send_message}
I0428 14:18:47.276163 1503733 promise_based_filter.cc:507] SVR[message_size:0x7fffb80045f8] SendMessage.WakeInsideCombiner st=GOT_BATCH
I0428 14:18:47.276188 1503733 promise_based_filter.cc:554] SVR[message_size:0x7fffb80045f8] SendMessage.WakeInsideCombiner next complete, result.has_value=true
I0428 14:18:47.276203 1503733 promise_based_filter.cc:2469] SVR[message_size:0x7fffb80045f8]: After send_message WakeInsideCombiner have_promise=true recv_initial_state=COMPLETE send_trailing_state=INITIAL captured={} is_idle=true is_forwarded=true
I0428 14:18:47.276219 1503733 promise_based_filter.cc:811] SVR[message_size:0x7fffb80045f8] ReceiveMessage.WakeInsideCombiner st=IDLE push?=no next?=no allow_push_to_pipe=yes
I0428 14:18:47.276234 1503733 promise_based_filter.cc:2315] SVR[message_size:0x7fffb80045f8] PollTrailingMetadata: INITIAL
I0428 14:18:47.276246 1503733 promise_based_filter.cc:2494] SVR[message_size:0x7fffb80045f8]: WakeInsideCombiner poll=<<pending>>; send_initial_metadata=null send_trailing_metadata=INITIAL
I0428 14:18:47.276261 1503733 promise_based_filter.cc:325] FLUSHER:forward batch:  SEND_MESSAGE:flags=0x00000000:len=156
I0428 14:18:47.276280 1503733 channel_stack.cc:297] OP[message_size:0x7fffb80045f8]:  SEND_MESSAGE:flags=0x00000000:len=156
I0428 14:18:47.276294 1503733 promise_based_filter.cc:2054] SVR[http-server:0x7fffb8004610] StartBatch: have_promise=true recv_initial_state=COMPLETE send_trailing_state=INITIAL captured={} send_initial_metadata=FORWARDED
I0428 14:18:47.276312 1503733 promise_based_filter.cc:325] FLUSHER:forward batch:  SEND_MESSAGE:flags=0x00000000:len=156
I0428 14:18:47.276324 1503733 channel_stack.cc:297] OP[http-server:0x7fffb8004610]:  SEND_MESSAGE:flags=0x00000000:len=156
I0428 14:18:47.276337 1503733 promise_based_filter.cc:2054] SVR[compression:0x7fffb8004628] StartBatch: have_promise=true recv_initial_state=COMPLETE send_trailing_state=INITIAL captured={} send_initial_metadata=FORWARDED
I0428 14:18:47.276350 1503733 promise_based_filter.cc:365] SVR[compression:0x7fffb8004628] SendMessage.StartOp st=IDLE
I0428 14:18:47.276361 1503733 promise_based_filter.cc:2427] SVR[compression:0x7fffb8004628]: WakeInsideCombiner have_promise=true recv_initial_state=COMPLETE send_trailing_state=INITIAL captured={send_message} send_initial_metadata=FORWARDED
I0428 14:18:47.276374 1503733 promise_based_filter.cc:507] SVR[compression:0x7fffb8004628] SendMessage.WakeInsideCombiner st=GOT_BATCH
I0428 14:18:47.276393 1503733 promise_based_filter.cc:554] SVR[compression:0x7fffb8004628] SendMessage.WakeInsideCombiner next complete, result.has_value=true
I0428 14:18:47.276406 1503733 promise_based_filter.cc:2469] SVR[compression:0x7fffb8004628]: After send_message WakeInsideCombiner have_promise=true recv_initial_state=COMPLETE send_trailing_state=INITIAL captured={} send_initial_metadata=FORWARDED is_idle=true is_forwarded=true
I0428 14:18:47.276422 1503733 promise_based_filter.cc:811] SVR[compression:0x7fffb8004628] ReceiveMessage.WakeInsideCombiner st=IDLE push?=no next?=no allow_push_to_pipe=yes
I0428 14:18:47.276436 1503733 promise_based_filter.cc:2315] SVR[compression:0x7fffb8004628] PollTrailingMetadata: INITIAL
I0428 14:18:47.276448 1503733 promise_based_filter.cc:2494] SVR[compression:0x7fffb8004628]: WakeInsideCombiner poll=<<pending>>; send_initial_metadata=FORWARDED send_trailing_metadata=INITIAL
I0428 14:18:47.276462 1503733 promise_based_filter.cc:325] FLUSHER:forward batch:  SEND_MESSAGE:flags=0x00000000:len=156
I0428 14:18:47.276474 1503733 channel_stack.cc:297] OP[compression:0x7fffb8004628]:  SEND_MESSAGE:flags=0x00000000:len=156
I0428 14:18:47.276488 1503733 promise_based_filter.cc:2054] SVR[server-auth:0x7fffb8004640] StartBatch: have_promise=true recv_initial_state=COMPLETE send_trailing_state=INITIAL captured={}
I0428 14:18:47.276500 1503733 promise_based_filter.cc:325] FLUSHER:forward batch:  SEND_MESSAGE:flags=0x00000000:len=156
I0428 14:18:47.276511 1503733 channel_stack.cc:297] OP[server-auth:0x7fffb8004640]:  SEND_MESSAGE:flags=0x00000000:len=156
I0428 14:18:47.276527 1503733 promise_based_filter.cc:2054] SVR[server_call_tracer:0x7fffb8004658] StartBatch: have_promise=true recv_initial_state=COMPLETE send_trailing_state=INITIAL captured={} send_initial_metadata=FORWARDED
I0428 14:18:47.276539 1503733 promise_based_filter.cc:325] FLUSHER:forward batch:  SEND_MESSAGE:flags=0x00000000:len=156
I0428 14:18:47.276551 1503733 channel_stack.cc:297] OP[server_call_tracer:0x7fffb8004658]:  SEND_MESSAGE:flags=0x00000000:len=156
I0428 14:18:47.276568 1503733 promise_based_filter.cc:2427] SVR[message_size:0x7fffb80045f8]: WakeInsideCombiner have_promise=true recv_initial_state=COMPLETE send_trailing_state=INITIAL captured={}
I0428 14:18:47.276580 1503733 promise_based_filter.cc:507] SVR[message_size:0x7fffb80045f8] SendMessage.WakeInsideCombiner st=FORWARDED_BATCH
I0428 14:18:47.276593 1503733 promise_based_filter.cc:2469] SVR[message_size:0x7fffb80045f8]: After send_message WakeInsideCombiner have_promise=true recv_initial_state=COMPLETE send_trailing_state=INITIAL captured={} is_idle=true is_forwarded=true
I0428 14:18:47.276607 1503733 promise_based_filter.cc:811] SVR[message_size:0x7fffb80045f8] ReceiveMessage.WakeInsideCombiner st=IDLE push?=no next?=no allow_push_to_pipe=yes
I0428 14:18:47.276621 1503733 promise_based_filter.cc:2315] SVR[message_size:0x7fffb80045f8] PollTrailingMetadata: INITIAL
I0428 14:18:47.276632 1503733 promise_based_filter.cc:2494] SVR[message_size:0x7fffb80045f8]: WakeInsideCombiner poll=<<pending>>; send_initial_metadata=null send_trailing_metadata=INITIAL
I0428 14:18:47.276717 1503733 promise_based_filter.cc:2427] SVR[compression:0x7fffb8004628]: WakeInsideCombiner have_promise=true recv_initial_state=COMPLETE send_trailing_state=INITIAL captured={} send_initial_metadata=FORWARDED
I0428 14:18:47.276733 1503733 promise_based_filter.cc:507] SVR[compression:0x7fffb8004628] SendMessage.WakeInsideCombiner st=FORWARDED_BATCH
I0428 14:18:47.276746 1503733 promise_based_filter.cc:2469] SVR[compression:0x7fffb8004628]: After send_message WakeInsideCombiner have_promise=true recv_initial_state=COMPLETE send_trailing_state=INITIAL captured={} send_initial_metadata=FORWARDED is_idle=true is_forwarded=true
I0428 14:18:47.276762 1503733 promise_based_filter.cc:811] SVR[compression:0x7fffb8004628] ReceiveMessage.WakeInsideCombiner st=IDLE push?=no next?=no allow_push_to_pipe=yes
I0428 14:18:47.276780 1503733 promise_based_filter.cc:2315] SVR[compression:0x7fffb8004628] PollTrailingMetadata: INITIAL
I0428 14:18:47.276793 1503733 promise_based_filter.cc:2494] SVR[compression:0x7fffb8004628]: WakeInsideCombiner poll=<<pending>>; send_initial_metadata=FORWARDED send_trailing_metadata=INITIAL
I0428 14:18:47.276879 1503733 promise_based_filter.cc:437] SVR[compression:0x7fffb8004628] SendMessage.OnComplete st=FORWARDED_BATCH status=OK
I0428 14:18:47.276899 1503733 promise_based_filter.cc:2427] SVR[compression:0x7fffb8004628]: WakeInsideCombiner have_promise=true recv_initial_state=COMPLETE send_trailing_state=INITIAL captured={} send_initial_metadata=FORWARDED
I0428 14:18:47.276911 1503733 promise_based_filter.cc:507] SVR[compression:0x7fffb8004628] SendMessage.WakeInsideCombiner st=BATCH_COMPLETED status=OK
I0428 14:18:47.276925 1503733 promise_based_filter.cc:2469] SVR[compression:0x7fffb8004628]: After send_message WakeInsideCombiner have_promise=true recv_initial_state=COMPLETE send_trailing_state=INITIAL captured={} send_initial_metadata=FORWARDED is_idle=true is_forwarded=false
I0428 14:18:47.276941 1503733 promise_based_filter.cc:811] SVR[compression:0x7fffb8004628] ReceiveMessage.WakeInsideCombiner st=IDLE push?=no next?=no allow_push_to_pipe=yes
I0428 14:18:47.276955 1503733 promise_based_filter.cc:2315] SVR[compression:0x7fffb8004628] PollTrailingMetadata: INITIAL
I0428 14:18:47.276966 1503733 promise_based_filter.cc:2494] SVR[compression:0x7fffb8004628]: WakeInsideCombiner poll=<<pending>>; send_initial_metadata=FORWARDED send_trailing_metadata=INITIAL
I0428 14:18:47.276982 1503733 promise_based_filter.cc:437] SVR[message_size:0x7fffb80045f8] SendMessage.OnComplete st=FORWARDED_BATCH status=OK
I0428 14:18:47.276995 1503733 promise_based_filter.cc:2427] SVR[message_size:0x7fffb80045f8]: WakeInsideCombiner have_promise=true recv_initial_state=COMPLETE send_trailing_state=INITIAL captured={}
I0428 14:18:47.277006 1503733 promise_based_filter.cc:507] SVR[message_size:0x7fffb80045f8] SendMessage.WakeInsideCombiner st=BATCH_COMPLETED status=OK
I0428 14:18:47.277019 1503733 promise_based_filter.cc:2469] SVR[message_size:0x7fffb80045f8]: After send_message WakeInsideCombiner have_promise=true recv_initial_state=COMPLETE send_trailing_state=INITIAL captured={} is_idle=true is_forwarded=false
I0428 14:18:47.277019 1503744 promise_based_filter.cc:713] CLI[compression:0x7fffd80011c0] ReceiveMessage.OnComplete st=FORWARDED_BATCH status=OK
I0428 14:18:47.277061 1503744 promise_based_filter.cc:1031] CLI[compression:0x7fffd80011c0] ClientCallData.PollContext.Run has_promise=true sent_initial_state=FORWARDED recv_trailing_state=FORWARDED captured={} recv_initial_metadata=RESPONDED
I0428 14:18:47.277033 1503733 promise_based_filter.cc:811] SVR[message_size:0x7fffb80045f8] ReceiveMessage.WakeInsideCombiner st=IDLE push?=no next?=no allow_push_to_pipe=yes
I0428 14:18:47.277078 1503744 promise_based_filter.cc:507] CLI[compression:0x7fffd80011c0] SendMessage.WakeInsideCombiner st=IDLE
I0428 14:18:47.277087 1503733 promise_based_filter.cc:2315] SVR[message_size:0x7fffb80045f8] PollTrailingMetadata: INITIAL
I0428 14:18:47.277092 1503744 promise_based_filter.cc:811] CLI[compression:0x7fffd80011c0] ReceiveMessage.WakeInsideCombiner st=BATCH_COMPLETED push?=no next?=no allow_push_to_pipe=yes
I0428 14:18:47.277101 1503733 promise_based_filter.cc:2494] SVR[message_size:0x7fffb80045f8]: WakeInsideCombiner poll=<<pending>>; send_initial_metadata=null send_trailing_metadata=INITIAL
I0428 14:18:47.277120 1503744 promise_based_filter.cc:901] CLI[compression:0x7fffd80011c0] ReceiveMessage.WakeInsideCombiner next complete: got message new_state=PULLED_FROM_PIPE
I0428 14:18:47.277132 1503733 promise_based_filter.cc:2427] SVR[compression:0x7fffb8004628]: WakeInsideCombiner have_promise=true recv_initial_state=COMPLETE send_trailing_state=INITIAL captured={} send_initial_metadata=FORWARDED
I0428 14:18:47.277147 1503733 promise_based_filter.cc:507] SVR[compression:0x7fffb8004628] SendMessage.WakeInsideCombiner st=IDLE
I0428 14:18:47.277164 1503733 promise_based_filter.cc:2469] SVR[compression:0x7fffb8004628]: After send_message WakeInsideCombiner have_promise=true recv_initial_state=COMPLETE send_trailing_state=INITIAL captured={} send_initial_metadata=FORWARDED is_idle=true is_forwarded=false
I0428 14:18:47.277136 1503744 promise_based_filter.cc:917] CLI[compression:0x7fffd80011c0] ReceiveMessage.WakeInsideCombiner push complete
I0428 14:18:47.277179 1503733 promise_based_filter.cc:811] SVR[compression:0x7fffb8004628] ReceiveMessage.WakeInsideCombiner st=IDLE push?=no next?=no allow_push_to_pipe=yes
I0428 14:18:47.277189 1503744 promise_based_filter.cc:1115] CLI[compression:0x7fffd80011c0] ClientCallData.PollContext.Run: before calling poll; has_promise=true sent_initial_state=FORWARDED recv_trailing_state=FORWARDED captured={} recv_initial_metadata=RESPONDED
I0428 14:18:47.277194 1503733 promise_based_filter.cc:2315] SVR[compression:0x7fffb8004628] PollTrailingMetadata: INITIAL
I0428 14:18:47.277208 1503744 promise_based_filter.cc:1756] CLI[compression:0x7fffd80011c0] ClientCallData.PollTrailingMetadata has_promise=true sent_initial_state=FORWARDED recv_trailing_state=FORWARDED captured={} recv_initial_metadata=RESPONDED
I0428 14:18:47.277171 1503742 xds_server.cc:313] ADS[0x55555833d1c0:Default Balancer]: reactor 0x7fffdc002210: OnWriteDone(true)
I0428 14:18:47.277217 1503733 promise_based_filter.cc:2494] SVR[compression:0x7fffb8004628]: WakeInsideCombiner poll=<<pending>>; send_initial_metadata=FORWARDED send_trailing_metadata=INITIAL
I0428 14:18:47.277220 1503744 promise_based_filter.cc:1119] CLI[compression:0x7fffd80011c0] ClientCallData.PollContext.Run: poll=<<pending>>; has_promise=true sent_initial_state=FORWARDED recv_trailing_state=FORWARDED captured={} recv_initial_metadata=RESPONDED
I0428 14:18:47.277247 1503733 promise_based_filter.cc:2427] SVR[message_size:0x7fffb80045f8]: WakeInsideCombiner have_promise=true recv_initial_state=COMPLETE send_trailing_state=INITIAL captured={}
I0428 14:18:47.277261 1503733 promise_based_filter.cc:507] SVR[message_size:0x7fffb80045f8] SendMessage.WakeInsideCombiner st=IDLE
I0428 14:18:47.277258 1503744 promise_based_filter.cc:713] CLI[message_size:0x7fffd8001190] ReceiveMessage.OnComplete st=FORWARDED_BATCH status=OK
I0428 14:18:47.277278 1503733 promise_based_filter.cc:2469] SVR[message_size:0x7fffb80045f8]: After send_message WakeInsideCombiner have_promise=true recv_initial_state=COMPLETE send_trailing_state=INITIAL captured={} is_idle=true is_forwarded=false
I0428 14:18:47.277289 1503744 promise_based_filter.cc:1031] CLI[message_size:0x7fffd8001190] ClientCallData.PollContext.Run has_promise=true sent_initial_state=FORWARDED recv_trailing_state=FORWARDED captured={}
I0428 14:18:47.277294 1503733 promise_based_filter.cc:811] SVR[message_size:0x7fffb80045f8] ReceiveMessage.WakeInsideCombiner st=IDLE push?=no next?=no allow_push_to_pipe=yes
I0428 14:18:47.277303 1503744 promise_based_filter.cc:507] CLI[message_size:0x7fffd8001190] SendMessage.WakeInsideCombiner st=IDLE
I0428 14:18:47.277308 1503733 promise_based_filter.cc:2315] SVR[message_size:0x7fffb80045f8] PollTrailingMetadata: INITIAL
I0428 14:18:47.277315 1503744 promise_based_filter.cc:811] CLI[message_size:0x7fffd8001190] ReceiveMessage.WakeInsideCombiner st=BATCH_COMPLETED push?=no next?=no allow_push_to_pipe=yes
I0428 14:18:47.277319 1503733 promise_based_filter.cc:2494] SVR[message_size:0x7fffb80045f8]: WakeInsideCombiner poll=<<pending>>; send_initial_metadata=null send_trailing_metadata=INITIAL
I0428 14:18:47.277340 1503744 promise_based_filter.cc:901] CLI[message_size:0x7fffd8001190] ReceiveMessage.WakeInsideCombiner next complete: got message new_state=PULLED_FROM_PIPE
I0428 14:18:47.277349 1503733 filter_stack_call.cc:296] OP[server:0x7fffb80045e0]:  RECV_MESSAGE
I0428 14:18:47.277354 1503744 promise_based_filter.cc:917] CLI[message_size:0x7fffd8001190] ReceiveMessage.WakeInsideCombiner push complete
I0428 14:18:47.277368 1503733 channel_stack.cc:297] OP[server:0x7fffb80045e0]:  RECV_MESSAGE
I0428 14:18:47.277379 1503744 promise_based_filter.cc:1115] CLI[message_size:0x7fffd8001190] ClientCallData.PollContext.Run: before calling poll; has_promise=true sent_initial_state=FORWARDED recv_trailing_state=FORWARDED captured={}
I0428 14:18:47.277387 1503733 promise_based_filter.cc:2054] SVR[message_size:0x7fffb80045f8] StartBatch: have_promise=true recv_initial_state=COMPLETE send_trailing_state=INITIAL captured={}
I0428 14:18:47.277393 1503744 promise_based_filter.cc:1756] CLI[message_size:0x7fffd8001190] ClientCallData.PollTrailingMetadata has_promise=true sent_initial_state=FORWARDED recv_trailing_state=FORWARDED captured={}
I0428 14:18:47.277400 1503733 promise_based_filter.cc:638] SVR[message_size:0x7fffb80045f8] ReceiveMessage.StartOp st=IDLE
I0428 14:18:47.277405 1503744 promise_based_filter.cc:1119] CLI[message_size:0x7fffd8001190] ClientCallData.PollContext.Run: poll=<<pending>>; has_promise=true sent_initial_state=FORWARDED recv_trailing_state=FORWARDED captured={}
I0428 14:18:47.277412 1503733 promise_based_filter.cc:2427] SVR[message_size:0x7fffb80045f8]: WakeInsideCombiner have_promise=true recv_initial_state=COMPLETE send_trailing_state=INITIAL captured={}
I0428 14:18:47.277424 1503733 promise_based_filter.cc:507] SVR[message_size:0x7fffb80045f8] SendMessage.WakeInsideCombiner st=IDLE
I0428 14:18:47.277436 1503733 promise_based_filter.cc:2469] SVR[message_size:0x7fffb80045f8]: After send_message WakeInsideCombiner have_promise=true recv_initial_state=COMPLETE send_trailing_state=INITIAL captured={} is_idle=true is_forwarded=false
I0428 14:18:47.277450 1503733 promise_based_filter.cc:811] SVR[message_size:0x7fffb80045f8] ReceiveMessage.WakeInsideCombiner st=FORWARDED_BATCH push?=no next?=no allow_push_to_pipe=yes
I0428 14:18:47.277464 1503733 promise_based_filter.cc:2315] SVR[message_size:0x7fffb80045f8] PollTrailingMetadata: INITIAL
I0428 14:18:47.277475 1503733 promise_based_filter.cc:2494] SVR[message_size:0x7fffb80045f8]: WakeInsideCombiner poll=<<pending>>; send_initial_metadata=null send_trailing_metadata=INITIAL
I0428 14:18:47.277488 1503733 promise_based_filter.cc:325] FLUSHER:forward batch:  RECV_MESSAGE
I0428 14:18:47.277498 1503733 channel_stack.cc:297] OP[message_size:0x7fffb80045f8]:  RECV_MESSAGE
I0428 14:18:47.277510 1503733 promise_based_filter.cc:2054] SVR[http-server:0x7fffb8004610] StartBatch: have_promise=true recv_initial_state=COMPLETE send_trailing_state=INITIAL captured={} send_initial_metadata=FORWARDED
I0428 14:18:47.277530 1503733 promise_based_filter.cc:325] FLUSHER:forward batch:  RECV_MESSAGE
I0428 14:18:47.277540 1503733 channel_stack.cc:297] OP[http-server:0x7fffb8004610]:  RECV_MESSAGE
I0428 14:18:47.277552 1503733 promise_based_filter.cc:2054] SVR[compression:0x7fffb8004628] StartBatch: have_promise=true recv_initial_state=COMPLETE send_trailing_state=INITIAL captured={} send_initial_metadata=FORWARDED
I0428 14:18:47.277564 1503733 promise_based_filter.cc:638] SVR[compression:0x7fffb8004628] ReceiveMessage.StartOp st=IDLE
I0428 14:18:47.277575 1503733 promise_based_filter.cc:2427] SVR[compression:0x7fffb8004628]: WakeInsideCombiner have_promise=true recv_initial_state=COMPLETE send_trailing_state=INITIAL captured={} send_initial_metadata=FORWARDED
I0428 14:18:47.277587 1503733 promise_based_filter.cc:507] SVR[compression:0x7fffb8004628] SendMessage.WakeInsideCombiner st=IDLE
I0428 14:18:47.277583 1503744 promise_based_filter.cc:1031] CLI[compression:0x7fffd80011c0] ClientCallData.PollContext.Run has_promise=true sent_initial_state=FORWARDED recv_trailing_state=FORWARDED captured={} recv_initial_metadata=RESPONDED
I0428 14:18:47.277600 1503733 promise_based_filter.cc:2469] SVR[compression:0x7fffb8004628]: After send_message WakeInsideCombiner have_promise=true recv_initial_state=COMPLETE send_trailing_state=INITIAL captured={} send_initial_metadata=FORWARDED is_idle=true is_forwarded=false
I0428 14:18:47.277623 1503744 promise_based_filter.cc:507] CLI[compression:0x7fffd80011c0] SendMessage.WakeInsideCombiner st=IDLE
I0428 14:18:47.277632 1503733 promise_based_filter.cc:811] SVR[compression:0x7fffb8004628] ReceiveMessage.WakeInsideCombiner st=FORWARDED_BATCH push?=no next?=no allow_push_to_pipe=yes
I0428 14:18:47.277639 1503744 promise_based_filter.cc:811] CLI[compression:0x7fffd80011c0] ReceiveMessage.WakeInsideCombiner st=IDLE push?=no next?=no allow_push_to_pipe=yes
I0428 14:18:47.277648 1503733 promise_based_filter.cc:2315] SVR[compression:0x7fffb8004628] PollTrailingMetadata: INITIAL
I0428 14:18:47.277655 1503744 promise_based_filter.cc:1115] CLI[compression:0x7fffd80011c0] ClientCallData.PollContext.Run: before calling poll; has_promise=true sent_initial_state=FORWARDED recv_trailing_state=FORWARDED captured={} recv_initial_metadata=RESPONDED
I0428 14:18:47.277660 1503733 promise_based_filter.cc:2494] SVR[compression:0x7fffb8004628]: WakeInsideCombiner poll=<<pending>>; send_initial_metadata=FORWARDED send_trailing_metadata=INITIAL
I0428 14:18:47.277670 1503744 promise_based_filter.cc:1756] CLI[compression:0x7fffd80011c0] ClientCallData.PollTrailingMetadata has_promise=true sent_initial_state=FORWARDED recv_trailing_state=FORWARDED captured={} recv_initial_metadata=RESPONDED
I0428 14:18:47.277676 1503733 promise_based_filter.cc:325] FLUSHER:forward batch:  RECV_MESSAGE
I0428 14:18:47.277682 1503744 promise_based_filter.cc:1119] CLI[compression:0x7fffd80011c0] ClientCallData.PollContext.Run: poll=<<pending>>; has_promise=true sent_initial_state=FORWARDED recv_trailing_state=FORWARDED captured={} recv_initial_metadata=RESPONDED
I0428 14:18:47.277684 1503733 channel_stack.cc:297] OP[compression:0x7fffb8004628]:  RECV_MESSAGE
I0428 14:18:47.277701 1503744 promise_based_filter.cc:1031] CLI[message_size:0x7fffd8001190] ClientCallData.PollContext.Run has_promise=true sent_initial_state=FORWARDED recv_trailing_state=FORWARDED captured={}
I0428 14:18:47.277708 1503733 promise_based_filter.cc:2054] SVR[server-auth:0x7fffb8004640] StartBatch: have_promise=true recv_initial_state=COMPLETE send_trailing_state=INITIAL captured={}
I0428 14:18:47.277714 1503744 promise_based_filter.cc:507] CLI[message_size:0x7fffd8001190] SendMessage.WakeInsideCombiner st=IDLE
I0428 14:18:47.277721 1503733 promise_based_filter.cc:325] FLUSHER:forward batch:  RECV_MESSAGE
I0428 14:18:47.277725 1503744 promise_based_filter.cc:811] CLI[message_size:0x7fffd8001190] ReceiveMessage.WakeInsideCombiner st=IDLE push?=no next?=no allow_push_to_pipe=yes
I0428 14:18:47.277731 1503733 channel_stack.cc:297] OP[server-auth:0x7fffb8004640]:  RECV_MESSAGE
I0428 14:18:47.277742 1503744 promise_based_filter.cc:1115] CLI[message_size:0x7fffd8001190] ClientCallData.PollContext.Run: before calling poll; has_promise=true sent_initial_state=FORWARDED recv_trailing_state=FORWARDED captured={}
I0428 14:18:47.277753 1503733 promise_based_filter.cc:2054] SVR[server_call_tracer:0x7fffb8004658] StartBatch: have_promise=true recv_initial_state=COMPLETE send_trailing_state=INITIAL captured={} send_initial_metadata=FORWARDED
I0428 14:18:47.277768 1503744 promise_based_filter.cc:1756] CLI[message_size:0x7fffd8001190] ClientCallData.PollTrailingMetadata has_promise=true sent_initial_state=FORWARDED recv_trailing_state=FORWARDED captured={}
I0428 14:18:47.277776 1503733 promise_based_filter.cc:325] FLUSHER:forward batch:  RECV_MESSAGE
I0428 14:18:47.277783 1503744 promise_based_filter.cc:1119] CLI[message_size:0x7fffd8001190] ClientCallData.PollContext.Run: poll=<<pending>>; has_promise=true sent_initial_state=FORWARDED recv_trailing_state=FORWARDED captured={}
I0428 14:18:47.277788 1503733 channel_stack.cc:297] OP[server_call_tracer:0x7fffb8004658]:  RECV_MESSAGE
I0428 14:18:47.277799 1503744 filter_stack_call.cc:296] OP[client_idle:0x7fffec1a0770]:  SEND_MESSAGE:flags=0x00000000:len=73
I0428 14:18:47.277820 1503744 promise_based_filter.cc:1412] CLI[client_idle:0x7fffec1a0770] StartBatch has_promise=true sent_initial_state=FORWARDED recv_trailing_state=FORWARDED captured={}
I0428 14:18:47.277834 1503744 promise_based_filter.cc:325] FLUSHER:forward batch:  SEND_MESSAGE:flags=0x00000000:len=73
I0428 14:18:47.277846 1503744 channel_stack.cc:297] OP[client_idle:0x7fffec1a0770]:  SEND_MESSAGE:flags=0x00000000:len=73
I0428 14:18:47.277860 1503744 dynamic_filters.cc:76] OP[retry_filter:0x7fffbc000fd0]:  SEND_MESSAGE:flags=0x00000000:len=73
I0428 14:18:47.277875 1503744 client_channel_filter.cc:2593] chand=0x7fffec197270 lb_call=0x7fffbc002660: batch started from above:  SEND_MESSAGE:flags=0x00000000:len=73, call_attempt_tracer_=0
I0428 14:18:47.277891 1503744 subchannel.cc:333] OP[authority:0x7fffd8001160]:  SEND_MESSAGE:flags=0x00000000:len=73
I0428 14:18:47.277904 1503744 promise_based_filter.cc:1412] CLI[authority:0x7fffd8001160] StartBatch has_promise=true sent_initial_state=FORWARDED recv_trailing_state=FORWARDED captured={}
I0428 14:18:47.277916 1503744 promise_based_filter.cc:325] FLUSHER:forward batch:  SEND_MESSAGE:flags=0x00000000:len=73
I0428 14:18:47.277927 1503744 channel_stack.cc:297] OP[authority:0x7fffd8001160]:  SEND_MESSAGE:flags=0x00000000:len=73
I0428 14:18:47.277940 1503744 promise_based_filter.cc:1412] CLI[client-auth-filter:0x7fffd8001178] StartBatch has_promise=true sent_initial_state=FORWARDED recv_trailing_state=FORWARDED captured={}
I0428 14:18:47.277952 1503744 promise_based_filter.cc:325] FLUSHER:forward batch:  SEND_MESSAGE:flags=0x00000000:len=73
I0428 14:18:47.277963 1503744 channel_stack.cc:297] OP[client-auth-filter:0x7fffd8001178]:  SEND_MESSAGE:flags=0x00000000:len=73
I0428 14:18:47.277976 1503744 promise_based_filter.cc:1412] CLI[message_size:0x7fffd8001190] StartBatch has_promise=true sent_initial_state=FORWARDED recv_trailing_state=FORWARDED captured={}
I0428 14:18:47.277987 1503744 promise_based_filter.cc:365] CLI[message_size:0x7fffd8001190] SendMessage.StartOp st=IDLE
I0428 14:18:47.277999 1503744 promise_based_filter.cc:1031] CLI[message_size:0x7fffd8001190] ClientCallData.PollContext.Run has_promise=true sent_initial_state=FORWARDED recv_trailing_state=FORWARDED captured={send_message}
I0428 14:18:47.278012 1503744 promise_based_filter.cc:507] CLI[message_size:0x7fffd8001190] SendMessage.WakeInsideCombiner st=GOT_BATCH
I0428 14:18:47.278033 1503744 promise_based_filter.cc:554] CLI[message_size:0x7fffd8001190] SendMessage.WakeInsideCombiner next complete, result.has_value=true
I0428 14:18:47.278048 1503744 promise_based_filter.cc:811] CLI[message_size:0x7fffd8001190] ReceiveMessage.WakeInsideCombiner st=IDLE push?=no next?=no allow_push_to_pipe=yes
I0428 14:18:47.278062 1503744 promise_based_filter.cc:1115] CLI[message_size:0x7fffd8001190] ClientCallData.PollContext.Run: before calling poll; has_promise=true sent_initial_state=FORWARDED recv_trailing_state=FORWARDED captured={}
I0428 14:18:47.278074 1503744 promise_based_filter.cc:1756] CLI[message_size:0x7fffd8001190] ClientCallData.PollTrailingMetadata has_promise=true sent_initial_state=FORWARDED recv_trailing_state=FORWARDED captured={}
I0428 14:18:47.278086 1503744 promise_based_filter.cc:1119] CLI[message_size:0x7fffd8001190] ClientCallData.PollContext.Run: poll=<<pending>>; has_promise=true sent_initial_state=FORWARDED recv_trailing_state=FORWARDED captured={}
I0428 14:18:47.278100 1503744 promise_based_filter.cc:325] FLUSHER:forward batch:  SEND_MESSAGE:flags=0x00000000:len=73
I0428 14:18:47.278112 1503744 channel_stack.cc:297] OP[message_size:0x7fffd8001190]:  SEND_MESSAGE:flags=0x00000000:len=73
I0428 14:18:47.278125 1503744 promise_based_filter.cc:1412] CLI[http-client:0x7fffd80011a8] StartBatch has_promise=true sent_initial_state=FORWARDED recv_trailing_state=FORWARDED captured={} recv_initial_metadata=RESPONDED
I0428 14:18:47.278138 1503744 promise_based_filter.cc:325] FLUSHER:forward batch:  SEND_MESSAGE:flags=0x00000000:len=73
I0428 14:18:47.278149 1503744 channel_stack.cc:297] OP[http-client:0x7fffd80011a8]:  SEND_MESSAGE:flags=0x00000000:len=73
I0428 14:18:47.278162 1503744 promise_based_filter.cc:1412] CLI[compression:0x7fffd80011c0] StartBatch has_promise=true sent_initial_state=FORWARDED recv_trailing_state=FORWARDED captured={} recv_initial_metadata=RESPONDED
I0428 14:18:47.278174 1503744 promise_based_filter.cc:365] CLI[compression:0x7fffd80011c0] SendMessage.StartOp st=IDLE
I0428 14:18:47.278185 1503744 promise_based_filter.cc:1031] CLI[compression:0x7fffd80011c0] ClientCallData.PollContext.Run has_promise=true sent_initial_state=FORWARDED recv_trailing_state=FORWARDED captured={send_message} recv_initial_metadata=RESPONDED
I0428 14:18:47.278198 1503744 promise_based_filter.cc:507] CLI[compression:0x7fffd80011c0] SendMessage.WakeInsideCombiner st=GOT_BATCH
I0428 14:18:47.278216 1503744 promise_based_filter.cc:554] CLI[compression:0x7fffd80011c0] SendMessage.WakeInsideCombiner next complete, result.has_value=true
I0428 14:18:47.278229 1503744 promise_based_filter.cc:811] CLI[compression:0x7fffd80011c0] ReceiveMessage.WakeInsideCombiner st=IDLE push?=no next?=no allow_push_to_pipe=yes
I0428 14:18:47.278246 1503744 promise_based_filter.cc:1115] CLI[compression:0x7fffd80011c0] ClientCallData.PollContext.Run: before calling poll; has_promise=true sent_initial_state=FORWARDED recv_trailing_state=FORWARDED captured={} recv_initial_metadata=RESPONDED
I0428 14:18:47.278260 1503744 promise_based_filter.cc:1756] CLI[compression:0x7fffd80011c0] ClientCallData.PollTrailingMetadata has_promise=true sent_initial_state=FORWARDED recv_trailing_state=FORWARDED captured={} recv_initial_metadata=RESPONDED
I0428 14:18:47.278274 1503744 promise_based_filter.cc:1119] CLI[compression:0x7fffd80011c0] ClientCallData.PollContext.Run: poll=<<pending>>; has_promise=true sent_initial_state=FORWARDED recv_trailing_state=FORWARDED captured={} recv_initial_metadata=RESPONDED
I0428 14:18:47.278288 1503744 promise_based_filter.cc:325] FLUSHER:forward batch:  SEND_MESSAGE:flags=0x00000000:len=73
I0428 14:18:47.278300 1503744 channel_stack.cc:297] OP[compression:0x7fffd80011c0]:  SEND_MESSAGE:flags=0x00000000:len=73
I0428 14:18:47.278316 1503744 filter_stack_call.cc:296] OP[client_idle:0x7fffec1a0770]:  RECV_MESSAGE
I0428 14:18:47.278329 1503744 promise_based_filter.cc:1412] CLI[client_idle:0x7fffec1a0770] StartBatch has_promise=true sent_initial_state=FORWARDED recv_trailing_state=FORWARDED captured={}
I0428 14:18:47.278341 1503744 promise_based_filter.cc:325] FLUSHER:forward batch:  RECV_MESSAGE
I0428 14:18:47.278351 1503744 channel_stack.cc:297] OP[client_idle:0x7fffec1a0770]:  RECV_MESSAGE
I0428 14:18:47.278362 1503744 dynamic_filters.cc:76] OP[retry_filter:0x7fffbc000fd0]:  RECV_MESSAGE
I0428 14:18:47.278373 1503744 client_channel_filter.cc:2593] chand=0x7fffec197270 lb_call=0x7fffbc002660: batch started from above:  RECV_MESSAGE, call_attempt_tracer_=0
I0428 14:18:47.278386 1503744 subchannel.cc:333] OP[authority:0x7fffd8001160]:  RECV_MESSAGE
I0428 14:18:47.278397 1503744 promise_based_filter.cc:1412] CLI[authority:0x7fffd8001160] StartBatch has_promise=true sent_initial_state=FORWARDED recv_trailing_state=FORWARDED captured={}
I0428 14:18:47.278409 1503744 promise_based_filter.cc:325] FLUSHER:forward batch:  RECV_MESSAGE
I0428 14:18:47.278419 1503744 channel_stack.cc:297] OP[authority:0x7fffd8001160]:  RECV_MESSAGE
I0428 14:18:47.278430 1503744 promise_based_filter.cc:1412] CLI[client-auth-filter:0x7fffd8001178] StartBatch has_promise=true sent_initial_state=FORWARDED recv_trailing_state=FORWARDED captured={}
I0428 14:18:47.278442 1503744 promise_based_filter.cc:325] FLUSHER:forward batch:  RECV_MESSAGE
I0428 14:18:47.278451 1503744 channel_stack.cc:297] OP[client-auth-filter:0x7fffd8001178]:  RECV_MESSAGE
I0428 14:18:47.278462 1503744 promise_based_filter.cc:1412] CLI[message_size:0x7fffd8001190] StartBatch has_promise=true sent_initial_state=FORWARDED recv_trailing_state=FORWARDED captured={}
I0428 14:18:47.278474 1503744 promise_based_filter.cc:638] CLI[message_size:0x7fffd8001190] ReceiveMessage.StartOp st=IDLE
I0428 14:18:47.278485 1503744 promise_based_filter.cc:1031] CLI[message_size:0x7fffd8001190] ClientCallData.PollContext.Run has_promise=true sent_initial_state=FORWARDED recv_trailing_state=FORWARDED captured={}
I0428 14:18:47.278496 1503744 promise_based_filter.cc:507] CLI[message_size:0x7fffd8001190] SendMessage.WakeInsideCombiner st=FORWARDED_BATCH
I0428 14:18:47.278508 1503744 promise_based_filter.cc:811] CLI[message_size:0x7fffd8001190] ReceiveMessage.WakeInsideCombiner st=FORWARDED_BATCH push?=no next?=no allow_push_to_pipe=yes
I0428 14:18:47.278526 1503744 promise_based_filter.cc:1115] CLI[message_size:0x7fffd8001190] ClientCallData.PollContext.Run: before calling poll; has_promise=true sent_initial_state=FORWARDED recv_trailing_state=FORWARDED captured={}
I0428 14:18:47.278538 1503744 promise_based_filter.cc:1756] CLI[message_size:0x7fffd8001190] ClientCallData.PollTrailingMetadata has_promise=true sent_initial_state=FORWARDED recv_trailing_state=FORWARDED captured={}
I0428 14:18:47.278550 1503744 promise_based_filter.cc:1119] CLI[message_size:0x7fffd8001190] ClientCallData.PollContext.Run: poll=<<pending>>; has_promise=true sent_initial_state=FORWARDED recv_trailing_state=FORWARDED captured={}
I0428 14:18:47.278563 1503744 promise_based_filter.cc:325] FLUSHER:forward batch:  RECV_MESSAGE
I0428 14:18:47.278573 1503744 channel_stack.cc:297] OP[message_size:0x7fffd8001190]:  RECV_MESSAGE
I0428 14:18:47.278584 1503744 promise_based_filter.cc:1412] CLI[http-client:0x7fffd80011a8] StartBatch has_promise=true sent_initial_state=FORWARDED recv_trailing_state=FORWARDED captured={} recv_initial_metadata=RESPONDED
I0428 14:18:47.278597 1503744 promise_based_filter.cc:325] FLUSHER:forward batch:  RECV_MESSAGE
I0428 14:18:47.278607 1503744 channel_stack.cc:297] OP[http-client:0x7fffd80011a8]:  RECV_MESSAGE
I0428 14:18:47.278618 1503744 promise_based_filter.cc:1412] CLI[compression:0x7fffd80011c0] StartBatch has_promise=true sent_initial_state=FORWARDED recv_trailing_state=FORWARDED captured={} recv_initial_metadata=RESPONDED
I0428 14:18:47.278630 1503744 promise_based_filter.cc:638] CLI[compression:0x7fffd80011c0] ReceiveMessage.StartOp st=IDLE
I0428 14:18:47.278641 1503744 promise_based_filter.cc:1031] CLI[compression:0x7fffd80011c0] ClientCallData.PollContext.Run has_promise=true sent_initial_state=FORWARDED recv_trailing_state=FORWARDED captured={} recv_initial_metadata=RESPONDED
I0428 14:18:47.278653 1503744 promise_based_filter.cc:507] CLI[compression:0x7fffd80011c0] SendMessage.WakeInsideCombiner st=FORWARDED_BATCH
I0428 14:18:47.278665 1503744 promise_based_filter.cc:811] CLI[compression:0x7fffd80011c0] ReceiveMessage.WakeInsideCombiner st=FORWARDED_BATCH push?=no next?=no allow_push_to_pipe=yes
I0428 14:18:47.278678 1503744 promise_based_filter.cc:1115] CLI[compression:0x7fffd80011c0] ClientCallData.PollContext.Run: before calling poll; has_promise=true sent_initial_state=FORWARDED recv_trailing_state=FORWARDED captured={} recv_initial_metadata=RESPONDED
I0428 14:18:47.278690 1503744 promise_based_filter.cc:1756] CLI[compression:0x7fffd80011c0] ClientCallData.PollTrailingMetadata has_promise=true sent_initial_state=FORWARDED recv_trailing_state=FORWARDED captured={} recv_initial_metadata=RESPONDED
I0428 14:18:47.278702 1503744 promise_based_filter.cc:1119] CLI[compression:0x7fffd80011c0] ClientCallData.PollContext.Run: poll=<<pending>>; has_promise=true sent_initial_state=FORWARDED recv_trailing_state=FORWARDED captured={} recv_initial_metadata=RESPONDED
I0428 14:18:47.278715 1503744 promise_based_filter.cc:325] FLUSHER:forward batch:  RECV_MESSAGE
I0428 14:18:47.278725 1503744 channel_stack.cc:297] OP[compression:0x7fffd80011c0]:  RECV_MESSAGE
I0428 14:18:47.278739 1503744 promise_based_filter.cc:1031] CLI[message_size:0x7fffd8001190] ClientCallData.PollContext.Run has_promise=true sent_initial_state=FORWARDED recv_trailing_state=FORWARDED captured={}
I0428 14:18:47.278751 1503744 promise_based_filter.cc:507] CLI[message_size:0x7fffd8001190] SendMessage.WakeInsideCombiner st=FORWARDED_BATCH
I0428 14:18:47.278763 1503744 promise_based_filter.cc:811] CLI[message_size:0x7fffd8001190] ReceiveMessage.WakeInsideCombiner st=FORWARDED_BATCH push?=no next?=no allow_push_to_pipe=yes
I0428 14:18:47.278776 1503744 promise_based_filter.cc:1115] CLI[message_size:0x7fffd8001190] ClientCallData.PollContext.Run: before calling poll; has_promise=true sent_initial_state=FORWARDED recv_trailing_state=FORWARDED captured={}
I0428 14:18:47.278788 1503744 promise_based_filter.cc:1756] CLI[message_size:0x7fffd8001190] ClientCallData.PollTrailingMetadata has_promise=true sent_initial_state=FORWARDED recv_trailing_state=FORWARDED captured={}
I0428 14:18:47.278799 1503744 promise_based_filter.cc:1119] CLI[message_size:0x7fffd8001190] ClientCallData.PollContext.Run: poll=<<pending>>; has_promise=true sent_initial_state=FORWARDED recv_trailing_state=FORWARDED captured={}
I0428 14:18:47.278813 1503744 promise_based_filter.cc:1031] CLI[compression:0x7fffd80011c0] ClientCallData.PollContext.Run has_promise=true sent_initial_state=FORWARDED recv_trailing_state=FORWARDED captured={} recv_initial_metadata=RESPONDED
I0428 14:18:47.278825 1503744 promise_based_filter.cc:507] CLI[compression:0x7fffd80011c0] SendMessage.WakeInsideCombiner st=FORWARDED_BATCH
I0428 14:18:47.278836 1503744 promise_based_filter.cc:811] CLI[compression:0x7fffd80011c0] ReceiveMessage.WakeInsideCombiner st=FORWARDED_BATCH push?=no next?=no allow_push_to_pipe=yes
I0428 14:18:47.278850 1503744 promise_based_filter.cc:1115] CLI[compression:0x7fffd80011c0] ClientCallData.PollContext.Run: before calling poll; has_promise=true sent_initial_state=FORWARDED recv_trailing_state=FORWARDED captured={} recv_initial_metadata=RESPONDED
I0428 14:18:47.278862 1503744 promise_based_filter.cc:1756] CLI[compression:0x7fffd80011c0] ClientCallData.PollTrailingMetadata has_promise=true sent_initial_state=FORWARDED recv_trailing_state=FORWARDED captured={} recv_initial_metadata=RESPONDED
I0428 14:18:47.278874 1503744 promise_based_filter.cc:1119] CLI[compression:0x7fffd80011c0] ClientCallData.PollContext.Run: poll=<<pending>>; has_promise=true sent_initial_state=FORWARDED recv_trailing_state=FORWARDED captured={} recv_initial_metadata=RESPONDED
I0428 14:18:47.278943 1503744 promise_based_filter.cc:437] CLI[compression:0x7fffd80011c0] SendMessage.OnComplete st=FORWARDED_BATCH status=OK
I0428 14:18:47.278962 1503744 promise_based_filter.cc:1031] CLI[compression:0x7fffd80011c0] ClientCallData.PollContext.Run has_promise=true sent_initial_state=FORWARDED recv_trailing_state=FORWARDED captured={} recv_initial_metadata=RESPONDED
I0428 14:18:47.278972 1503744 promise_based_filter.cc:507] CLI[compression:0x7fffd80011c0] SendMessage.WakeInsideCombiner st=BATCH_COMPLETED status=OK
I0428 14:18:47.278982 1503744 promise_based_filter.cc:811] CLI[compression:0x7fffd80011c0] ReceiveMessage.WakeInsideCombiner st=FORWARDED_BATCH push?=no next?=no allow_push_to_pipe=yes
I0428 14:18:47.278996 1503744 promise_based_filter.cc:1115] CLI[compression:0x7fffd80011c0] ClientCallData.PollContext.Run: before calling poll; has_promise=true sent_initial_state=FORWARDED recv_trailing_state=FORWARDED captured={} recv_initial_metadata=RESPONDED
I0428 14:18:47.279009 1503744 promise_based_filter.cc:1756] CLI[compression:0x7fffd80011c0] ClientCallData.PollTrailingMetadata has_promise=true sent_initial_state=FORWARDED recv_trailing_state=FORWARDED captured={} recv_initial_metadata=RESPONDED
I0428 14:18:47.279021 1503744 promise_based_filter.cc:1119] CLI[compression:0x7fffd80011c0] ClientCallData.PollContext.Run: poll=<<pending>>; has_promise=true sent_initial_state=FORWARDED recv_trailing_state=FORWARDED captured={} recv_initial_metadata=RESPONDED
I0428 14:18:47.279036 1503744 promise_based_filter.cc:437] CLI[message_size:0x7fffd8001190] SendMessage.OnComplete st=FORWARDED_BATCH status=OK
I0428 14:18:47.279048 1503744 promise_based_filter.cc:1031] CLI[message_size:0x7fffd8001190] ClientCallData.PollContext.Run has_promise=true sent_initial_state=FORWARDED recv_trailing_state=FORWARDED captured={}
I0428 14:18:47.279062 1503744 promise_based_filter.cc:507] CLI[message_size:0x7fffd8001190] SendMessage.WakeInsideCombiner st=BATCH_COMPLETED status=OK
I0428 14:18:47.279073 1503744 promise_based_filter.cc:811] CLI[message_size:0x7fffd8001190] ReceiveMessage.WakeInsideCombiner st=FORWARDED_BATCH push?=no next?=no allow_push_to_pipe=yes
I0428 14:18:47.279068 1503738 promise_based_filter.cc:713] SVR[compression:0x7fffb8004628] ReceiveMessage.OnComplete st=FORWARDED_BATCH status=OK
I0428 14:18:47.279087 1503744 promise_based_filter.cc:1115] CLI[message_size:0x7fffd8001190] ClientCallData.PollContext.Run: before calling poll; has_promise=true sent_initial_state=FORWARDED recv_trailing_state=FORWARDED captured={}
I0428 14:18:47.279107 1503738 promise_based_filter.cc:2427] SVR[compression:0x7fffb8004628]: WakeInsideCombiner have_promise=true recv_initial_state=COMPLETE send_trailing_state=INITIAL captured={} send_initial_metadata=FORWARDED
I0428 14:18:47.279117 1503744 promise_based_filter.cc:1756] CLI[message_size:0x7fffd8001190] ClientCallData.PollTrailingMetadata has_promise=true sent_initial_state=FORWARDED recv_trailing_state=FORWARDED captured={}
I0428 14:18:47.279123 1503738 promise_based_filter.cc:507] SVR[compression:0x7fffb8004628] SendMessage.WakeInsideCombiner st=IDLE
