package io.grpc.examples.helloworld

import io.grpc.CallOptions
import io.grpc.CallOptions.DEFAULT
import io.grpc.Channel
import io.grpc.Metadata
import io.grpc.ServerServiceDefinition
import io.grpc.ServerServiceDefinition.builder
import io.grpc.Status
import io.grpc.Status.UNIMPLEMENTED
import io.grpc.StatusException
import io.grpc.examples.helloworld.GreeterGrpc.getServiceDescriptor
import io.grpc.kotlin.AbstractCoroutineServerImpl
import io.grpc.kotlin.AbstractCoroutineStub
import io.grpc.kotlin.ClientCalls.bidiStreamingRpc
import io.grpc.kotlin.ClientCalls.clientStreamingRpc
import io.grpc.kotlin.ClientCalls.serverStreamingRpc
import io.grpc.kotlin.ClientCalls.unaryRpc
import io.grpc.kotlin.ServerCalls.bidiStreamingServerMethodDefinition
import io.grpc.kotlin.ServerCalls.clientStreamingServerMethodDefinition
import io.grpc.kotlin.ServerCalls.serverStreamingServerMethodDefinition
import io.grpc.kotlin.ServerCalls.unaryServerMethodDefinition
import io.grpc.kotlin.StubFor
import kotlin.coroutines.CoroutineContext
import kotlin.coroutines.EmptyCoroutineContext
import kotlin.jvm.JvmOverloads
import kotlinx.coroutines.flow.Flow

/**
 * Holder for Kotlin coroutine-based client and server APIs for helloworld.Greeter.
 */
object GreeterGrpcKt {
  /**
   * A stub for issuing RPCs to a(n) helloworld.Greeter service as suspending coroutines.
   */
  @StubFor(GreeterGrpc::class)
  class GreeterCoroutineStub @JvmOverloads constructor(
    channel: Channel,
    callOptions: CallOptions = DEFAULT
  ) : AbstractCoroutineStub<GreeterCoroutineStub>(channel, callOptions) {
    override fun build(channel: Channel, callOptions: CallOptions): GreeterCoroutineStub =
        GreeterCoroutineStub(channel, callOptions)

    /**
     * Executes this RPC and returns the response message, suspending until the RPC completes
     * with [`Status.OK`][Status].  If the RPC completes with another status, a corresponding
     * [StatusException] is thrown.  If this coroutine is cancelled, the RPC is also cancelled
     * with the corresponding exception as a cause.
     *
     * @param request The request message to send to the server.
     *
     * @return The single response from the server.
     */
    suspend fun sayHello(request: HelloRequest, headers: Metadata = Metadata()): HelloReply =
        unaryRpc(
      channel,
      GreeterGrpc.getSayHelloMethod(),
      request,
      callOptions,
      headers
    )
    /**
     * Executes this RPC and returns the response message, suspending until the RPC completes
     * with [`Status.OK`][Status].  If the RPC completes with another status, a corresponding
     * [StatusException] is thrown.  If this coroutine is cancelled, the RPC is also cancelled
     * with the corresponding exception as a cause.
     *
     * This function collects the [Flow] of requests.  If the server terminates the RPC
     * for any reason before collection of requests is complete, the collection of requests
     * will be cancelled.  If the collection of requests completes exceptionally for any other
     * reason, the RPC will be cancelled for that reason and this method will throw that
     * exception.
     *
     * @param requests A [Flow] of request messages.
     *
     * @return The single response from the server.
     */
    suspend fun clientStreamSayHello(requests: Flow<HelloRequest>, headers: Metadata = Metadata()):
        HelloReply = clientStreamingRpc(
      channel,
      GreeterGrpc.getClientStreamSayHelloMethod(),
      requests,
      callOptions,
      headers
    )
    /**
     * Returns a [Flow] that, when collected, executes this RPC and emits responses from the
     * server as they arrive.  That flow finishes normally if the server closes its response with
     * [`Status.OK`][Status], and fails by throwing a [StatusException] otherwise.  If
     * collecting the flow downstream fails exceptionally (including via cancellation), the RPC
     * is cancelled with that exception as a cause.
     *
     * @param request The request message to send to the server.
     *
     * @return A flow that, when collected, emits the responses from the server.
     */
    fun serverStreamSayHello(request: MultiHelloRequest, headers: Metadata = Metadata()):
        Flow<HelloReply> = serverStreamingRpc(
      channel,
      GreeterGrpc.getServerStreamSayHelloMethod(),
      request,
      callOptions,
      headers
    )
    /**
     * Returns a [Flow] that, when collected, executes this RPC and emits responses from the
     * server as they arrive.  That flow finishes normally if the server closes its response with
     * [`Status.OK`][Status], and fails by throwing a [StatusException] otherwise.  If
     * collecting the flow downstream fails exceptionally (including via cancellation), the RPC
     * is cancelled with that exception as a cause.
     *
     * The [Flow] of requests is collected once each time the [Flow] of responses is
     * collected. If collection of the [Flow] of responses completes normally or
     * exceptionally before collection of `requests` completes, the collection of
     * `requests` is cancelled.  If the collection of `requests` completes
     * exceptionally for any other reason, then the collection of the [Flow] of responses
     * completes exceptionally for the same reason and the RPC is cancelled with that reason.
     *
     * @param requests A [Flow] of request messages.
     *
     * @return A flow that, when collected, emits the responses from the server.
     */
    fun bidiStreamSayHello(requests: Flow<HelloRequest>, headers: Metadata = Metadata()):
        Flow<HelloReply> = bidiStreamingRpc(
      channel,
      GreeterGrpc.getBidiStreamSayHelloMethod(),
      requests,
      callOptions,
      headers
    )}

  /**
   * Skeletal implementation of the helloworld.Greeter service based on Kotlin coroutines.
   */
  abstract class GreeterCoroutineImplBase(
    coroutineContext: CoroutineContext = EmptyCoroutineContext
  ) : AbstractCoroutineServerImpl(coroutineContext) {
    /**
     * Returns the response to an RPC for helloworld.Greeter.SayHello.
     *
     * If this method fails with a [StatusException], the RPC will fail with the corresponding
     * [Status].  If this method fails with a [java.util.concurrent.CancellationException], the RPC
     * will fail
     * with status `Status.CANCELLED`.  If this method fails for any other reason, the RPC will
     * fail with `Status.UNKNOWN` with the exception as a cause.
     *
     * @param request The request from the client.
     */
    open suspend fun sayHello(request: HelloRequest): HelloReply = throw
        StatusException(UNIMPLEMENTED.withDescription("Method helloworld.Greeter.SayHello is unimplemented"))

    /**
     * Returns the response to an RPC for helloworld.Greeter.ClientStreamSayHello.
     *
     * If this method fails with a [StatusException], the RPC will fail with the corresponding
     * [Status].  If this method fails with a [java.util.concurrent.CancellationException], the RPC
     * will fail
     * with status `Status.CANCELLED`.  If this method fails for any other reason, the RPC will
     * fail with `Status.UNKNOWN` with the exception as a cause.
     *
     * @param requests A [Flow] of requests from the client.  This flow can be
     *        collected only once and throws [java.lang.IllegalStateException] on attempts to
     * collect
     *        it more than once.
     */
    open suspend fun clientStreamSayHello(requests: Flow<HelloRequest>): HelloReply = throw
        StatusException(UNIMPLEMENTED.withDescription("Method helloworld.Greeter.ClientStreamSayHello is unimplemented"))

    /**
     * Returns a [Flow] of responses to an RPC for helloworld.Greeter.ServerStreamSayHello.
     *
     * If creating or collecting the returned flow fails with a [StatusException], the RPC
     * will fail with the corresponding [Status].  If it fails with a
     * [java.util.concurrent.CancellationException], the RPC will fail with status
     * `Status.CANCELLED`.  If creating
     * or collecting the returned flow fails for any other reason, the RPC will fail with
     * `Status.UNKNOWN` with the exception as a cause.
     *
     * @param request The request from the client.
     */
    open fun serverStreamSayHello(request: MultiHelloRequest): Flow<HelloReply> = throw
        StatusException(UNIMPLEMENTED.withDescription("Method helloworld.Greeter.ServerStreamSayHello is unimplemented"))

    /**
     * Returns a [Flow] of responses to an RPC for helloworld.Greeter.BidiStreamSayHello.
     *
     * If creating or collecting the returned flow fails with a [StatusException], the RPC
     * will fail with the corresponding [Status].  If it fails with a
     * [java.util.concurrent.CancellationException], the RPC will fail with status
     * `Status.CANCELLED`.  If creating
     * or collecting the returned flow fails for any other reason, the RPC will fail with
     * `Status.UNKNOWN` with the exception as a cause.
     *
     * @param requests A [Flow] of requests from the client.  This flow can be
     *        collected only once and throws [java.lang.IllegalStateException] on attempts to
     * collect
     *        it more than once.
     */
    open fun bidiStreamSayHello(requests: Flow<HelloRequest>): Flow<HelloReply> = throw
        StatusException(UNIMPLEMENTED.withDescription("Method helloworld.Greeter.BidiStreamSayHello is unimplemented"))

    final override fun bindService(): ServerServiceDefinition = builder(getServiceDescriptor())
      .addMethod(unaryServerMethodDefinition(
      scope = this,
      descriptor = GreeterGrpc.getSayHelloMethod(),
      implementation = ::sayHello
    ))
      .addMethod(clientStreamingServerMethodDefinition(
      scope = this,
      descriptor = GreeterGrpc.getClientStreamSayHelloMethod(),
      implementation = ::clientStreamSayHello
    ))
      .addMethod(serverStreamingServerMethodDefinition(
      scope = this,
      descriptor = GreeterGrpc.getServerStreamSayHelloMethod(),
      implementation = ::serverStreamSayHello
    ))
      .addMethod(bidiStreamingServerMethodDefinition(
      scope = this,
      descriptor = GreeterGrpc.getBidiStreamSayHelloMethod(),
      implementation = ::bidiStreamSayHello
    )).build()
  }
}
